Wed Jun 24 17:37:06 2026: Job 1782293821 started running.
Wed Jun 24 17:37:06 2026: Job Parameters:
Wed Jun 24 17:37:06 2026: Input file: 1782293821.zip
Wed Jun 24 17:37:06 2026: Input type: STRUCTURE
Wed Jun 24 17:37:06 2026: Labels file: 1782293821.lab
Wed Jun 24 17:37:06 2026: CLUMPP repeats: 2000
Wed Jun 24 17:37:06 2026: CLUMPP search method: LargeKGreedy 
Wed Jun 24 17:37:06 2026: MCL cluster size threshold: 0.1 (default)
Wed Jun 24 17:37:06 2026: Extracting file: "1782293821.zip".
Wed Jun 24 17:37:06 2026: Sorting input files by K
Wed Jun 24 17:37:07 2026: Working on K=4
Wed Jun 24 17:37:07 2026: Executing CLUMPP for K=4.
Wed Jun 24 17:37:17 2026: Clustering K=4 with mcl.
Wed Jun 24 17:37:17 2026: cutoff used: 0.61
Wed Jun 24 17:37:17 2026: Executing CLUMPP for major cluster.
Wed Jun 24 17:37:22 2026: Calculating major cluster LnProb mean and standard deviation.
Wed Jun 24 17:37:22 2026: LnProb mean: -146145.166666667
Wed Jun 24 17:37:22 2026: LnProb standard deviation: 1068.18465788147
Wed Jun 24 17:37:22 2026: Executing CLUMPP for minor clusters.
Wed Jun 24 17:37:24 2026: Calculating MinorCluster1 LnProb mean and standard deviation.
Wed Jun 24 17:37:24 2026: LnProb mean: -145030.6
Wed Jun 24 17:37:24 2026: LnProb standard deviation: 0.848528137432089
Wed Jun 24 17:37:24 2026: Working on K=5
Wed Jun 24 17:37:24 2026: Executing CLUMPP for K=5.
Wed Jun 24 17:37:42 2026: Clustering K=5 with mcl.
Wed Jun 24 17:37:42 2026: no cutoff was used
Wed Jun 24 17:37:42 2026: Executing CLUMPP for major cluster.
Wed Jun 24 17:37:59 2026: Calculating major cluster LnProb mean and standard deviation.
Wed Jun 24 17:37:59 2026: LnProb mean: -139779.66
Wed Jun 24 17:37:59 2026: LnProb standard deviation: 1.11489909856543
Wed Jun 24 17:37:59 2026: Working on K=6
Wed Jun 24 17:37:59 2026: Executing CLUMPP for K=6.
Wed Jun 24 17:38:23 2026: Clustering K=6 with mcl.
Wed Jun 24 17:38:23 2026: no cutoff was used
Wed Jun 24 17:38:23 2026: Executing CLUMPP for major cluster.
Wed Jun 24 17:38:47 2026: Calculating major cluster LnProb mean and standard deviation.
Wed Jun 24 17:38:47 2026: LnProb mean: -136404.32
Wed Jun 24 17:38:47 2026: LnProb standard deviation: 0.925742944877431
Wed Jun 24 17:38:47 2026: Working on K=7
Wed Jun 24 17:38:47 2026: Executing CLUMPP for K=7.
Wed Jun 24 17:39:22 2026: Clustering K=7 with mcl.
Wed Jun 24 17:39:22 2026: cutoff used: 0.64
Wed Jun 24 17:39:22 2026: Executing CLUMPP for major cluster.
Wed Jun 24 17:40:02 2026: Calculating major cluster LnProb mean and standard deviation.
Wed Jun 24 17:40:02 2026: LnProb mean: -135670.96
Wed Jun 24 17:40:02 2026: LnProb standard deviation: 375.354423178952
Wed Jun 24 17:40:02 2026: Ordering clusters by size for K=4
Wed Jun 24 17:40:02 2026: Calling distruct for K=4.MajorCluster
Wed Jun 24 17:40:03 2026: Calculating best Average Distance between K=4 and K=5..
Wed Jun 24 17:40:08 2026: Calling distruct for K=5.MajorCluster
Wed Jun 24 17:40:10 2026: Calculating best Average Distance between K=5 and K=6..
Wed Jun 24 17:40:44 2026: Calling distruct for K=6.MajorCluster
Wed Jun 24 17:40:46 2026: Calculating best Average Distance between K=6 and K=7..
Wed Jun 24 17:45:52 2026: Calling distruct for K=7.MajorCluster
Wed Jun 24 17:45:54 2026: Calculating best Average Distance between large cluster and K=4.MinorCluster1..
Wed Jun 24 17:45:55 2026: Calling distruct for K=4.MinorCluster1
Wed Jun 24 17:45:57 2026: Creating job summary PDF
Wed Jun 24 17:45:57 2026: Creating job summary PDF for K=4
Wed Jun 24 17:45:57 2026: Creating job summary PDF for K=5
Wed Jun 24 17:45:57 2026: Creating job summary PDF for K=6
Wed Jun 24 17:45:57 2026: Creating job summary PDF for K=7
Wed Jun 24 17:45:57 2026: Creating job zip file
