Wed Jun 24 17:49:48 2026: Job 1782294585 started running.
Wed Jun 24 17:49:48 2026: Job Parameters:
Wed Jun 24 17:49:48 2026: Input file: 1782294585.zip
Wed Jun 24 17:49:48 2026: Input type: STRUCTURE
Wed Jun 24 17:49:48 2026: Labels file: 1782294585.lab
Wed Jun 24 17:49:48 2026: CLUMPP repeats: 2000
Wed Jun 24 17:49:48 2026: CLUMPP search method: LargeKGreedy 
Wed Jun 24 17:49:48 2026: MCL cluster size threshold: 0.1 (default)
Wed Jun 24 17:49:48 2026: Extracting file: "1782294585.zip".
Wed Jun 24 17:49:48 2026: Sorting input files by K
Wed Jun 24 17:49:48 2026: Working on K=4
Wed Jun 24 17:49:48 2026: Executing CLUMPP for K=4.
Wed Jun 24 17:49:56 2026: Clustering K=4 with mcl.
Wed Jun 24 17:49:56 2026: cutoff used: 0.50
Wed Jun 24 17:49:56 2026: Executing CLUMPP for major cluster.
Wed Jun 24 17:50:04 2026: Calculating major cluster LnProb mean and standard deviation.
Wed Jun 24 17:50:04 2026: LnProb mean: -144719.8
Wed Jun 24 17:50:04 2026: LnProb standard deviation: 0.678232998314815
Wed Jun 24 17:50:04 2026: Executing CLUMPP for minor clusters.
Wed Jun 24 17:50:05 2026: Calculating MinorCluster1 LnProb mean and standard deviation.
Wed Jun 24 17:50:05 2026: LnProb mean: -147908.9
Wed Jun 24 17:50:05 2026: LnProb standard deviation: 0
Wed Jun 24 17:50:05 2026: Working on K=5
Wed Jun 24 17:50:05 2026: Executing CLUMPP for K=5.
Wed Jun 24 17:50:26 2026: Clustering K=5 with mcl.
Wed Jun 24 17:50:26 2026: cutoff used: 0.61
Wed Jun 24 17:50:26 2026: Executing CLUMPP for major cluster.
Wed Jun 24 17:50:47 2026: Calculating major cluster LnProb mean and standard deviation.
Wed Jun 24 17:50:47 2026: LnProb mean: -139674.6
Wed Jun 24 17:50:47 2026: LnProb standard deviation: 375.883532493777
Wed Jun 24 17:50:47 2026: Working on K=6
Wed Jun 24 17:50:47 2026: Executing CLUMPP for K=6.
Wed Jun 24 17:51:16 2026: Clustering K=6 with mcl.
Wed Jun 24 17:51:16 2026: no cutoff was used
Wed Jun 24 17:51:16 2026: Executing CLUMPP for major cluster.
Wed Jun 24 17:51:45 2026: Calculating major cluster LnProb mean and standard deviation.
Wed Jun 24 17:51:45 2026: LnProb mean: -136136.3
Wed Jun 24 17:51:45 2026: LnProb standard deviation: 0.324037034928027
Wed Jun 24 17:51:45 2026: Working on K=7
Wed Jun 24 17:51:46 2026: Executing CLUMPP for K=7.
Wed Jun 24 17:52:25 2026: Clustering K=7 with mcl.
Wed Jun 24 17:52:25 2026: no cutoff was used
Wed Jun 24 17:52:25 2026: Executing CLUMPP for major cluster.
Wed Jun 24 17:53:04 2026: Calculating major cluster LnProb mean and standard deviation.
Wed Jun 24 17:53:04 2026: LnProb mean: -135226.32
Wed Jun 24 17:53:04 2026: LnProb standard deviation: 0.79498427656891
Wed Jun 24 17:53:04 2026: Ordering clusters by size for K=4
Wed Jun 24 17:53:04 2026: Calling distruct for K=4.MajorCluster
Wed Jun 24 17:53:06 2026: Calculating best Average Distance between K=4 and K=5..
Wed Jun 24 17:53:10 2026: Calling distruct for K=5.MajorCluster
Wed Jun 24 17:53:12 2026: Calculating best Average Distance between K=5 and K=6..
Wed Jun 24 17:53:42 2026: Calling distruct for K=6.MajorCluster
Wed Jun 24 17:53:44 2026: Calculating best Average Distance between K=6 and K=7..
Wed Jun 24 17:58:14 2026: Calling distruct for K=7.MajorCluster
Wed Jun 24 17:58:16 2026: Calculating best Average Distance between large cluster and K=4.MinorCluster1..
Wed Jun 24 17:58:17 2026: Calling distruct for K=4.MinorCluster1
Wed Jun 24 17:58:18 2026: Creating job summary PDF
Wed Jun 24 17:58:18 2026: Creating job summary PDF for K=4
Wed Jun 24 17:58:18 2026: Creating job summary PDF for K=5
Wed Jun 24 17:58:18 2026: Creating job summary PDF for K=6
Wed Jun 24 17:58:18 2026: Creating job summary PDF for K=7
Wed Jun 24 17:58:18 2026: Creating job zip file
