1        1   (5)      1  : 0.9910 0.0090
2        2   (5)      1  : 0.9640 0.0360
3        3   (5)      1  : 0.9930 0.0070
4        4   (0)      1  : 0.9900 0.0100
5        5   (0)      1  : 0.9734 0.0266
6        6   (0)      1  : 0.9880 0.0120
7        7   (0)      1  : 0.9780 0.0220
8        8   (5)      1  : 0.9910 0.0090
9        9   (0)      1  : 0.9930 0.0070
10       10   (0)      1  : 0.9820 0.0180
11       11   (0)      1  : 0.9900 0.0100
12       12   (0)      1  : 0.9810 0.0190
13       13   (0)      1  : 0.9832 0.0168
14       14   (0)      1  : 0.9910 0.0090
15       15   (0)      1  : 0.9920 0.0080
16       16   (0)      1  : 0.9930 0.0070
17       17   (0)      1  : 0.9940 0.0060
18       18   (0)      1  : 0.9860 0.0140
19       19   (0)      1  : 0.9700 0.0300
20       20   (0)      1  : 0.9744 0.0256
21       21   (0)      1  : 0.9870 0.0130
22       22   (0)      1  : 0.9950 0.0050
23       23   (0)      1  : 0.9930 0.0070
24       24   (0)      1  : 0.9850 0.0150
25       25   (0)      1  : 0.9766 0.0234
26       26   (0)      1  : 0.9830 0.0170
27       27   (5)      1  : 0.9870 0.0130
28       28   (0)      1  : 0.9940 0.0060
29       29   (0)      1  : 0.9920 0.0080
30       30   (0)      1  : 0.9840 0.0160
31       31   (0)      1  : 0.9930 0.0070
32       32   (0)      1  : 0.9780 0.0220
33       33   (0)      1  : 0.9930 0.0070
34       34   (0)      1  : 0.9940 0.0060
35       35   (0)      1  : 0.9870 0.0130
36       36   (0)      1  : 0.9880 0.0120
37       37   (0)      1  : 0.9830 0.0170
38       38   (0)      1  : 0.9810 0.0190
39       39   (0)      1  : 0.9752 0.0248
40       40   (0)      1  : 0.9880 0.0120
41       41   (0)      1  : 0.9900 0.0100
42       42   (0)      1  : 0.9940 0.0060
43       43   (0)      1  : 0.9930 0.0070
44       44   (0)      1  : 0.9950 0.0050
45       45   (5)      1  : 0.9850 0.0150
46       46   (0)      1  : 0.9950 0.0050
47       47   (0)      1  : 0.9950 0.0050
48       48   (0)      1  : 0.9920 0.0080
49       49   (0)      1  : 0.9850 0.0150
50       50   (0)      1  : 0.9920 0.0080
51       51   (0)      1  : 0.9840 0.0160
52       52   (0)      1  : 0.9480 0.0520
53       53   (0)      1  : 0.9910 0.0090
54       54   (0)      1  : 0.9940 0.0060
55       55   (0)      1  : 0.9930 0.0070
56       56   (0)      1  : 0.9920 0.0080
57       57  (10)      1  : 0.9850 0.0150
58       58   (5)      1  : 0.9900 0.0100
59       59   (0)      1  : 0.9870 0.0130
60       60   (0)      1  : 0.9930 0.0070
61       61   (0)      1  : 0.9910 0.0090
62       62   (0)      1  : 0.9910 0.0090
63       63   (0)      1  : 0.9900 0.0100
64       64   (0)      1  : 0.9930 0.0070
65       65   (0)      1  : 0.9410 0.0590
66       66   (0)      1  : 0.9922 0.0078
67       67   (5)      1  : 0.9720 0.0280
68       68   (0)      1  : 0.9890 0.0110
69       69   (0)      1  : 0.9940 0.0060
70       70   (0)      1  : 0.9900 0.0100
71       71   (5)      1  : 0.9890 0.0110
72       72   (0)      1  : 0.9760 0.0240
73       73   (5)      1  : 0.9930 0.0070
74       74  (10)      1  : 0.9850 0.0150
75       75  (10)      1  : 0.9680 0.0320
76       76   (0)      1  : 0.9910 0.0090
77       77  (10)      1  : 0.9890 0.0110
78       78   (0)      1  : 0.9830 0.0170
79       79   (5)      1  : 0.9930 0.0070
80       80   (0)      1  : 0.9930 0.0070
81       81   (0)      1  : 0.9920 0.0080
82       82   (0)      1  : 0.9930 0.0070
83       83   (0)      1  : 0.9910 0.0090
84       84   (0)      1  : 0.9678 0.0322
85       85   (0)      1  : 0.9930 0.0070
86       86   (5)      1  : 0.9910 0.0090
87       87   (0)      1  : 0.9930 0.0070
88       88   (0)      1  : 0.9794 0.0206
89       89   (0)      1  : 0.9488 0.0512
90       90   (0)      1  : 0.9920 0.0080
91       91   (0)      1  : 0.9900 0.0100
92       92   (0)      1  : 0.9916 0.0084
93       93   (0)      1  : 0.9930 0.0070
94       94   (5)      1  : 0.9740 0.0260
95       95   (0)      1  : 0.9890 0.0110
96       96   (5)      1  : 0.9910 0.0090
97       97   (0)      1  : 0.9940 0.0060
98       98   (0)      1  : 0.9860 0.0140
99       99   (5)      1  : 0.9880 0.0120
100      100   (5)      1  : 0.9940 0.0060
101      101   (0)      2  : 0.9880 0.0120
102      102   (0)      2  : 0.9890 0.0110
103      103   (0)      2  : 0.9780 0.0220
104      104   (0)      2  : 0.9760 0.0240
105      105   (0)      2  : 0.9900 0.0100
106      106   (0)      2  : 0.9910 0.0090
107      107   (0)      2  : 0.9386 0.0614
108      108   (0)      2  : 0.9930 0.0070
109      109   (0)      2  : 0.9860 0.0140
110      110   (0)      2  : 0.9900 0.0100
111      111   (0)      2  : 0.9886 0.0114
112      112   (0)      2  : 0.9920 0.0080
113      113   (0)      2  : 0.9890 0.0110
114      114   (0)      2  : 0.9850 0.0150
115      115   (0)      2  : 0.9870 0.0130
116      116   (0)      2  : 0.9900 0.0100
117      117   (0)      2  : 0.9910 0.0090
118      118   (0)      2  : 0.9918 0.0082
119      119   (0)      2  : 0.9940 0.0060
120      120   (0)      2  : 0.9930 0.0070
121      121   (0)      2  : 0.9840 0.0160
122      122   (0)      2  : 0.9856 0.0144
123      123   (0)      2  : 0.9770 0.0230
124      124   (0)      2  : 0.9798 0.0202
125      125   (0)      2  : 0.9930 0.0070
126      126   (0)      2  : 0.9880 0.0120
127      127   (0)      2  : 0.9756 0.0244
128      128   (0)      2  : 0.9940 0.0060
129      129   (0)      2  : 0.9930 0.0070
130      130   (0)      2  : 0.9950 0.0050
131      131   (0)      2  : 0.9828 0.0172
132      132   (0)      2  : 0.9910 0.0090
133      133   (0)      2  : 0.9900 0.0100
134      134   (0)      2  : 0.9900 0.0100
135      135   (0)      2  : 0.9900 0.0100
136      136   (0)      2  : 0.9480 0.0520
137      137   (0)      2  : 0.9870 0.0130
138      138   (0)      2  : 0.9780 0.0220
139      139   (0)      2  : 0.9730 0.0270
140      140   (0)      2  : 0.9780 0.0220
141      141   (0)      2  : 0.9920 0.0080
142      142   (0)      2  : 0.9940 0.0060
143      143   (0)      2  : 0.9940 0.0060
144      144   (0)      2  : 0.9900 0.0100
145      145   (0)      2  : 0.9934 0.0066
146      146   (0)      2  : 0.9910 0.0090
147      147   (0)      2  : 0.9780 0.0220
148      148   (0)      2  : 0.9860 0.0140
149      149   (0)      2  : 0.9940 0.0060
150      150   (0)      2  : 0.9880 0.0120
151      151   (0)      2  : 0.9600 0.0400
152      152   (0)      2  : 0.9910 0.0090
153      153   (0)      2  : 0.9870 0.0130
154      154   (0)      2  : 0.9940 0.0060
155      155   (0)      2  : 0.9940 0.0060
156      156   (0)      2  : 0.9940 0.0060
157      157   (0)      2  : 0.9860 0.0140
158      158   (0)      2  : 0.9690 0.0310
159      159   (0)      2  : 0.9880 0.0120
160      160   (0)      2  : 0.9930 0.0070
161      161   (0)      2  : 0.9940 0.0060
162      162   (0)      2  : 0.9858 0.0142
163      163   (0)      2  : 0.9920 0.0080
164      164   (0)      2  : 0.9880 0.0120
165      165   (0)      2  : 0.9930 0.0070
166      166   (0)      2  : 0.9870 0.0130
167      167   (0)      2  : 0.9900 0.0100
168      168   (0)      2  : 0.9930 0.0070
169      169   (0)      2  : 0.9870 0.0130
170      170   (0)      2  : 0.9854 0.0146
171      171   (0)      2  : 0.9888 0.0112
172      172   (0)      2  : 0.9890 0.0110
173      173   (0)      2  : 0.9800 0.0200
174      174   (0)      2  : 0.9870 0.0130
175      175   (0)      2  : 0.9950 0.0050
176      176   (0)      2  : 0.9930 0.0070
177      177   (0)      2  : 0.9742 0.0258
178      178   (0)      2  : 0.9870 0.0130
179      179   (0)      2  : 0.9960 0.0040
180      180   (0)      2  : 0.9930 0.0070
181      181   (0)      2  : 0.9870 0.0130
182      182   (0)      2  : 0.9940 0.0060
183      183   (0)      2  : 0.9940 0.0060
184      184   (0)      2  : 0.9950 0.0050
185      185   (0)      2  : 0.9820 0.0180
186      186   (0)      2  : 0.9920 0.0080
187      187   (0)      2  : 0.9930 0.0070
188      188   (0)      2  : 0.9868 0.0132
189      189   (0)      2  : 0.9860 0.0140
190      190   (0)      2  : 0.9890 0.0110
191      191   (0)      2  : 0.9822 0.0178
192      192   (0)      2  : 0.9930 0.0070
193      193   (0)      2  : 0.9850 0.0150
194      194   (0)      2  : 0.9900 0.0100
195      195   (0)      2  : 0.9930 0.0070
196      196   (0)      2  : 0.9920 0.0080
197      197   (0)      2  : 0.9930 0.0070
198      198   (0)      2  : 0.9640 0.0360
199      199   (0)      2  : 0.9910 0.0090
200      200   (0)      2  : 0.9446 0.0554
201      201   (0)      2  : 0.9870 0.0130
202      202   (0)      2  : 0.9910 0.0090
203      203   (0)      2  : 0.9290 0.0710
204      204   (0)      2  : 0.9920 0.0080
205      205   (0)      2  : 0.9940 0.0060
206      206   (0)      2  : 0.9940 0.0060
207      207   (0)      2  : 0.9880 0.0120
208      208   (0)      2  : 0.9760 0.0240
209      209   (0)      2  : 0.9920 0.0080
210      210   (0)      2  : 0.9670 0.0330
211      211   (0)      2  : 0.9502 0.0498
212      212   (0)      2  : 0.9910 0.0090
213      213   (0)      2  : 0.9930 0.0070
214      214   (0)      2  : 0.9900 0.0100
215      215   (0)      2  : 0.9830 0.0170
216      216   (0)      2  : 0.9910 0.0090
217      217   (0)      2  : 0.9790 0.0210
218      218   (0)      2  : 0.9910 0.0090
219      219   (0)      2  : 0.9850 0.0150
220      220   (0)      2  : 0.9850 0.0150
221      221   (0)      2  : 0.9940 0.0060
222      222   (0)      2  : 0.9660 0.0340
223      223   (0)      2  : 0.9930 0.0070
224      224   (0)      2  : 0.9710 0.0290
225      225   (0)      2  : 0.9880 0.0120
226      226   (0)      2  : 0.9910 0.0090
227      227   (0)      2  : 0.9720 0.0280
228      228   (0)      2  : 0.9910 0.0090
229      229   (0)      2  : 0.9930 0.0070
230      230   (0)      2  : 0.9930 0.0070
231      231   (0)      2  : 0.9950 0.0050
232      232   (0)      2  : 0.9940 0.0060
233      233   (0)      2  : 0.9940 0.0060
234      234   (0)      2  : 0.9890 0.0110
235      235   (0)      2  : 0.9890 0.0110
236      236   (0)      2  : 0.9890 0.0110
237      237   (0)      2  : 0.9880 0.0120
238      238   (0)      2  : 0.9930 0.0070
239      239   (0)      2  : 0.9900 0.0100
240      240   (0)      2  : 0.9880 0.0120
241      241   (0)      2  : 0.9780 0.0220
242      242   (0)      2  : 0.9920 0.0080
243      243   (0)      2  : 0.9940 0.0060
244      244   (0)      2  : 0.9940 0.0060
245      245   (0)      2  : 0.9908 0.0092
246      246   (0)      2  : 0.9920 0.0080
247      247   (0)      2  : 0.9868 0.0132
248      248   (0)      2  : 0.9896 0.0104
249      249   (0)      2  : 0.9684 0.0316
250      250   (0)      2  : 0.9920 0.0080
251      251   (0)      2  : 0.9896 0.0104
252      252   (0)      2  : 0.9940 0.0060
253      253   (0)      2  : 0.9920 0.0080
254      254   (0)      2  : 0.9910 0.0090
255      255   (0)      2  : 0.9870 0.0130
256      256   (0)      2  : 0.9814 0.0186
257      257   (0)      2  : 0.9840 0.0160
258      258   (0)      2  : 0.9940 0.0060
259      259   (0)      2  : 0.9940 0.0060
260      260   (0)      2  : 0.9920 0.0080
261      261   (0)      2  : 0.9920 0.0080
262      262   (0)      2  : 0.9930 0.0070
263      263   (0)      2  : 0.9920 0.0080
264      264   (0)      2  : 0.9810 0.0190
265      265   (0)      2  : 0.9950 0.0050
266      266   (0)      2  : 0.9810 0.0190
267      267   (0)      2  : 0.9840 0.0160
268      268   (0)      2  : 0.9750 0.0250
269      269   (0)      2  : 0.9810 0.0190
270      270   (0)      2  : 0.9928 0.0072
271      271   (0)      2  : 0.9870 0.0130
272      272   (0)      2  : 0.9840 0.0160
273      273   (0)      2  : 0.9570 0.0430
274      274   (0)      2  : 0.9620 0.0380
275      275   (0)      2  : 0.9800 0.0200
276      276   (0)      2  : 0.9920 0.0080
277      277   (0)      2  : 0.9842 0.0158
278      278   (0)      2  : 0.9930 0.0070
279      279   (0)      2  : 0.9816 0.0184
280      280   (0)      2  : 0.9860 0.0140
281      281   (0)      2  : 0.9940 0.0060
282      282   (0)      2  : 0.9680 0.0320
283      283   (0)      2  : 0.9750 0.0250
284      284   (0)      2  : 0.9850 0.0150
285      285   (0)      2  : 0.9900 0.0100
286      286   (0)      2  : 0.9910 0.0090
287      287   (0)      2  : 0.9870 0.0130
288      288   (0)      2  : 0.9780 0.0220
289      289   (0)      2  : 0.9690 0.0310
290      290   (0)      2  : 0.9914 0.0086
291      291   (0)      2  : 0.9920 0.0080
292      292   (0)      2  : 0.9930 0.0070
293      293   (0)      2  : 0.9930 0.0070
294      294   (0)      2  : 0.9948 0.0052
295      295   (0)      2  : 0.9940 0.0060
296      296   (0)      2  : 0.9940 0.0060
297      297   (0)      2  : 0.9890 0.0110
298      298   (0)      2  : 0.9930 0.0070
299      299   (0)      2  : 0.9930 0.0070
300      300   (0)      2  : 0.9930 0.0070
301      301   (0)      2  : 0.9830 0.0170
302      302   (0)      2  : 0.9920 0.0080
303      303   (0)      2  : 0.9950 0.0050
304      304   (0)      2  : 0.9158 0.0842
305      305   (0)      2  : 0.9110 0.0890
306      306   (0)      2  : 0.9870 0.0130
307      307   (0)      2  : 0.9860 0.0140
308      308   (0)      2  : 0.9820 0.0180
309      309   (0)      2  : 0.9910 0.0090
310      310   (0)      2  : 0.9850 0.0150
311      311   (0)      2  : 0.9930 0.0070
312      312   (0)      2  : 0.9890 0.0110
313      313   (0)      2  : 0.9820 0.0180
314      314   (0)      2  : 0.9908 0.0092
315      315   (0)      2  : 0.9940 0.0060
316      316   (0)      2  : 0.9786 0.0214
317      317   (0)      2  : 0.9880 0.0120
318      318   (0)      2  : 0.9930 0.0070
319      319   (0)      2  : 0.9930 0.0070
320      320   (0)      2  : 0.9544 0.0456
321      321   (0)      2  : 0.9920 0.0080
322      322   (0)      2  : 0.9750 0.0250
323      323   (0)      2  : 0.9930 0.0070
324      324   (0)      2  : 0.9940 0.0060
325      325   (0)      2  : 0.9950 0.0050
326      326   (0)      2  : 0.9910 0.0090
327      327   (0)      2  : 0.9794 0.0206
328      328   (0)      2  : 0.9950 0.0050
329      329   (0)      2  : 0.9910 0.0090
330      330   (0)      2  : 0.9960 0.0040
331      331   (0)      2  : 0.9890 0.0110
332      332   (0)      2  : 0.9880 0.0120
333      333   (0)      2  : 0.9900 0.0100
334      334   (0)      2  : 0.9860 0.0140
335      335   (0)      2  : 0.9940 0.0060
336      336   (0)      2  : 0.9900 0.0100
337      337   (0)      2  : 0.9880 0.0120
338      338   (0)      2  : 0.9920 0.0080
339      339   (0)      2  : 0.9920 0.0080
340      340   (0)      2  : 0.9070 0.0930
341      341   (0)      2  : 0.9478 0.0522
342      342   (0)      2  : 0.9910 0.0090
343      343   (0)      2  : 0.9890 0.0110
344      344   (0)      2  : 0.9620 0.0380
345      345   (0)      2  : 0.9870 0.0130
346      346   (0)      2  : 0.9920 0.0080
347      347   (0)      2  : 0.9880 0.0120
348      348   (0)      2  : 0.9860 0.0140
349      349   (0)      2  : 0.9200 0.0800
350      350   (0)      2  : 0.9440 0.0560
351      351   (0)      2  : 0.9832 0.0168
352      352   (0)      2  : 0.9930 0.0070
353      353   (0)      2  : 0.9910 0.0090
354      354   (0)      2  : 0.9860 0.0140
355      355   (0)      2  : 0.9910 0.0090
356      356   (0)      2  : 0.9890 0.0110
357      357   (0)      2  : 0.9910 0.0090
358      358   (0)      2  : 0.9578 0.0422
359      359   (0)      2  : 0.9796 0.0204
360      360   (0)      2  : 0.9332 0.0668
361      361   (0)      2  : 0.9880 0.0120
362      362   (0)      2  : 0.9940 0.0060
363      363   (0)      2  : 0.9750 0.0250
364      364   (0)      2  : 0.9880 0.0120
365      365   (0)      2  : 0.9860 0.0140
366      366   (0)      2  : 0.9878 0.0122
367      367   (0)      2  : 0.9820 0.0180
368      368   (0)      2  : 0.9930 0.0070
369      369   (0)      2  : 0.9900 0.0100
370      370   (0)      2  : 0.9850 0.0150
371      371   (0)      2  : 0.9940 0.0060
372      372   (0)      2  : 0.9930 0.0070
373      373   (0)      2  : 0.9950 0.0050
374      374   (0)      2  : 0.9620 0.0380
375      375   (0)      2  : 0.9900 0.0100
376      376   (0)      2  : 0.9910 0.0090
377      377   (0)      2  : 0.9440 0.0560
378      378   (0)      2  : 0.9920 0.0080
379      379   (0)      2  : 0.9940 0.0060
380      380   (0)      2  : 0.9940 0.0060
381      381   (0)      2  : 0.9800 0.0200
382      382   (0)      2  : 0.9920 0.0080
383      383   (0)      2  : 0.9950 0.0050
384      384   (0)      2  : 0.9950 0.0050
385      385   (0)      2  : 0.9798 0.0202
386      386   (0)      2  : 0.9912 0.0088
387      387   (0)      2  : 0.9880 0.0120
388      388   (0)      2  : 0.9480 0.0520
389      389   (0)      2  : 0.9910 0.0090
390      390   (0)      2  : 0.9920 0.0080
391      391   (0)      2  : 0.9950 0.0050
392      392   (0)      2  : 0.9932 0.0068
393      393   (0)      2  : 0.9890 0.0110
394      394   (0)      2  : 0.9630 0.0370
395      395   (0)      2  : 0.9880 0.0120
396      396   (0)      2  : 0.9820 0.0180
397      397   (0)      2  : 0.9940 0.0060
398      398   (0)      2  : 0.9840 0.0160
399      399   (0)      2  : 0.9910 0.0090
400      400   (0)      2  : 0.9950 0.0050
401      401   (0)      2  : 0.9900 0.0100
402      402   (0)      2  : 0.9940 0.0060
403      403   (0)      2  : 0.9920 0.0080
404      404   (0)      2  : 0.9920 0.0080
405      405   (0)      2  : 0.9880 0.0120
406      406   (0)      2  : 0.9950 0.0050
407      407   (0)      2  : 0.9890 0.0110
408      408   (0)      2  : 0.9930 0.0070
409      409   (0)      2  : 0.9900 0.0100
410      410   (0)      2  : 0.9920 0.0080
411      411   (0)      2  : 0.9920 0.0080
412      412   (0)      2  : 0.9930 0.0070
413      413   (0)      2  : 0.9910 0.0090
414      414   (0)      2  : 0.9806 0.0194
415      415   (0)      2  : 0.9912 0.0088
416      416   (0)      2  : 0.9930 0.0070
417      417   (0)      2  : 0.9940 0.0060
418      418   (0)      2  : 0.9432 0.0568
419      419   (0)      2  : 0.9940 0.0060
420      420   (0)      2  : 0.9900 0.0100
421      421   (0)      2  : 0.9910 0.0090
422      422   (0)      2  : 0.9910 0.0090
423      423   (0)      2  : 0.9910 0.0090
424      424   (0)      2  : 0.9810 0.0190
425      425   (0)      2  : 0.9920 0.0080
426      426   (0)      2  : 0.9850 0.0150
427      427   (0)      2  : 0.9868 0.0132
428      428   (0)      2  : 0.9890 0.0110
429      429   (0)      2  : 0.9920 0.0080
430      430   (0)      2  : 0.9930 0.0070
431      431   (0)      2  : 0.9880 0.0120
432      432   (0)      2  : 0.9920 0.0080
433      433   (0)      2  : 0.9940 0.0060
434      434   (0)      2  : 0.9850 0.0150
435      435   (0)      2  : 0.9950 0.0050
436      436   (0)      2  : 0.9770 0.0230
437      437   (0)      2  : 0.9930 0.0070
438      438   (0)      2  : 0.9870 0.0130
439      439   (0)      2  : 0.9890 0.0110
440      440   (0)      2  : 0.9940 0.0060
441      441   (0)      2  : 0.9920 0.0080
442      442   (0)      2  : 0.9740 0.0260
443      443   (0)      2  : 0.9772 0.0228
444      444   (0)      2  : 0.9920 0.0080
445      445   (0)      2  : 0.9940 0.0060
446      446   (0)      2  : 0.9900 0.0100
447      447   (0)      2  : 0.9950 0.0050
448      448   (0)      2  : 0.9880 0.0120
449      449   (0)      2  : 0.9950 0.0050
450      450   (0)      2  : 0.9750 0.0250
451      451   (0)      2  : 0.9670 0.0330
452      452   (0)      2  : 0.8600 0.1400
453      453   (0)      2  : 0.9870 0.0130
454      454   (0)      2  : 0.9784 0.0216
455      455   (0)      2  : 0.9900 0.0100
456      456   (0)      2  : 0.9936 0.0064
457      457   (0)      2  : 0.9800 0.0200
458      458   (0)      2  : 0.9890 0.0110
459      459   (0)      2  : 0.9890 0.0110
460      460   (0)      2  : 0.9930 0.0070
461      461   (0)      2  : 0.9720 0.0280
462      462   (0)      2  : 0.9940 0.0060
463      463   (0)      2  : 0.9940 0.0060
464      464   (0)      2  : 0.9870 0.0130
465      465   (0)      2  : 0.9860 0.0140
466      466   (0)      2  : 0.9950 0.0050
467      467   (0)      2  : 0.9910 0.0090
468      468   (0)      2  : 0.9930 0.0070
469      469   (0)      2  : 0.9930 0.0070
470      470   (0)      2  : 0.9310 0.0690
471      471   (0)      2  : 0.9900 0.0100
472      472   (0)      2  : 0.9830 0.0170
473      473   (0)      2  : 0.9850 0.0150
474      474   (0)      2  : 0.9950 0.0050
475      475   (0)      2  : 0.9908 0.0092
476      476   (0)      2  : 0.9950 0.0050
477      477   (0)      2  : 0.9680 0.0320
478      478   (0)      2  : 0.9880 0.0120
479      479   (0)      2  : 0.9950 0.0050
480      480   (0)      2  : 0.9880 0.0120
481      481   (0)      2  : 0.9712 0.0288
482      482   (0)      2  : 0.9940 0.0060
483      483   (0)      2  : 0.9848 0.0152
484      484   (0)      2  : 0.9932 0.0068
485      485   (0)      2  : 0.9920 0.0080
486      486   (0)      2  : 0.9890 0.0110
487      487   (0)      2  : 0.9930 0.0070
488      488   (0)      2  : 0.9900 0.0100
489      489   (0)      2  : 0.9850 0.0150
490      490   (0)      2  : 0.9900 0.0100
491      491   (0)      2  : 0.9930 0.0070
492      492   (0)      2  : 0.9750 0.0250
493      493   (0)      2  : 0.9760 0.0240
494      494   (0)      2  : 0.9490 0.0510
495      495   (0)      2  : 0.9890 0.0110
496      496   (0)      2  : 0.9710 0.0290
497      497   (0)      2  : 0.9890 0.0110
498      498   (0)      2  : 0.9908 0.0092
499      499   (0)      2  : 0.9930 0.0070
500      500   (0)      2  : 0.9880 0.0120
501      501   (0)      3  : 0.9780 0.0220
502      502   (0)      3  : 0.9030 0.0970
503      503   (0)      3  : 0.7534 0.2466
504      504   (0)      3  : 0.9030 0.0970
505      505   (0)      3  : 0.9270 0.0730
506      506   (0)      3  : 0.9530 0.0470
507      507   (0)      3  : 0.9050 0.0950
508      508   (0)      3  : 0.9730 0.0270
509      509   (0)      3  : 0.8992 0.1008
510      510   (0)      3  : 0.8880 0.1120
511      511   (0)      3  : 0.9204 0.0796
512      512   (0)      3  : 0.9428 0.0572
513      513   (0)      3  : 0.9810 0.0190
514      514   (0)      3  : 0.9530 0.0470
515      515   (0)      3  : 0.8058 0.1942
516      516   (0)      3  : 0.9206 0.0794
517      517   (0)      3  : 0.9068 0.0932
518      518   (0)      3  : 0.9490 0.0510
519      519   (0)      3  : 0.9426 0.0574
520      520   (0)      3  : 0.9184 0.0816
521      521   (0)      3  : 0.9660 0.0340
522      522   (0)      3  : 0.8354 0.1646
523      523   (0)      3  : 0.9820 0.0180
524      524   (0)      3  : 0.9920 0.0080
525      525   (0)      3  : 0.7860 0.2140
526      526   (0)      3  : 0.9880 0.0120
527      527   (0)      3  : 0.9580 0.0420
528      528   (0)      3  : 0.8854 0.1146
529      529   (0)      3  : 0.7818 0.2182
530      530   (0)      3  : 0.8474 0.1526
531      531   (0)      3  : 0.8624 0.1376
532      532   (0)      3  : 0.9268 0.0732
533      533   (0)      3  : 0.9730 0.0270
534      534   (0)      3  : 0.9290 0.0710
535      535   (0)      3  : 0.9170 0.0830
536      536   (0)      3  : 0.9690 0.0310
537      537   (0)      3  : 0.8870 0.1130
538      538   (0)      3  : 0.9900 0.0100
539      539   (0)      3  : 0.9020 0.0980
540      540   (0)      3  : 0.9860 0.0140
541      541   (0)      3  : 0.9780 0.0220
542      542   (0)      3  : 0.9860 0.0140
543      543   (0)      3  : 0.9880 0.0120
544      544   (0)      3  : 0.9900 0.0100
545      545   (0)      3  : 0.6620 0.3380
546      546   (0)      3  : 0.8704 0.1296
547      547   (0)      3  : 0.9940 0.0060
548      548   (0)      3  : 0.7340 0.2660
549      549   (0)      3  : 0.9200 0.0800
550      550   (0)      3  : 0.9810 0.0190
551      551   (0)      3  : 0.8720 0.1280
552      552   (0)      3  : 0.7246 0.2754
553      553   (0)      3  : 0.9762 0.0238
554      554   (0)      3  : 0.9166 0.0834
555      555   (0)      3  : 0.8970 0.1030
556      556   (0)      3  : 0.9870 0.0130
557      557   (0)      3  : 0.9732 0.0268
558      558   (0)      3  : 0.9240 0.0760
559      559   (0)      3  : 0.9490 0.0510
560      560   (0)      3  : 0.7856 0.2144
561      561   (0)      3  : 0.9920 0.0080
562      562   (0)      3  : 0.9910 0.0090
563      563   (0)      3  : 0.9828 0.0172
564      564   (0)      3  : 0.9900 0.0100
565      565   (0)      3  : 0.8630 0.1370
566      566   (0)      3  : 0.9920 0.0080
567      567   (0)      3  : 0.9710 0.0290
568      568   (0)      3  : 0.9530 0.0470
569      569   (0)      3  : 0.9780 0.0220
570      570   (0)      3  : 0.9900 0.0100
571      571   (0)      3  : 0.8700 0.1300
572      572   (0)      3  : 0.9870 0.0130
573      573   (0)      3  : 0.9820 0.0180
574      574   (0)      3  : 0.9010 0.0990
575      575   (0)      3  : 0.9890 0.0110
576      576   (0)      3  : 0.9490 0.0510
577      577   (0)      3  : 0.8120 0.1880
578      578   (0)      3  : 0.8122 0.1878
579      579   (0)      3  : 0.8930 0.1070
580      580   (0)      3  : 0.9230 0.0770
581      581   (0)      3  : 0.9636 0.0364
582      582   (0)      3  : 0.9030 0.0970
583      583   (0)      3  : 0.8020 0.1980
584      584   (0)      3  : 0.9850 0.0150
585      585   (0)      3  : 0.9580 0.0420
586      586   (0)      3  : 0.9320 0.0680
587      587   (0)      3  : 0.9240 0.0760
588      588   (0)      3  : 0.9118 0.0882
589      589   (0)      3  : 0.7850 0.2150
590      590   (0)      3  : 0.8832 0.1168
591      591   (0)      3  : 0.9770 0.0230
592      592   (0)      3  : 0.9294 0.0706
593      593   (0)      3  : 0.9510 0.0490
594      594   (0)      3  : 0.9070 0.0930
595      595   (0)      3  : 0.9610 0.0390
596      596   (0)      3  : 0.9890 0.0110
597      597   (0)      3  : 0.8494 0.1506
598      598   (0)      3  : 0.8154 0.1846
599      599   (0)      3  : 0.9722 0.0278
600      600   (0)      3  : 0.9030 0.0970
601      601   (0)      4  : 0.7546 0.2454
602      602   (0)      4  : 0.6184 0.3816
603      603   (0)      4  : 0.9150 0.0850
604      604   (0)      4  : 0.6720 0.3280
605      605   (0)      4  : 0.8758 0.1242
606      606   (0)      4  : 0.5960 0.4040
607      607   (0)      4  : 0.9812 0.0188
608      608   (0)      4  : 0.6448 0.3552
609      609   (0)      4  : 0.9248 0.0752
610      610   (0)      4  : 0.6422 0.3578
611      611   (0)      4  : 0.7136 0.2864
612      612   (0)      4  : 0.8212 0.1788
613      613   (0)      4  : 0.8110 0.1890
614      614   (0)      4  : 0.8338 0.1662
615      615   (0)      4  : 0.7590 0.2410
616      616   (0)      4  : 0.6868 0.3132
617      617   (0)      4  : 0.8468 0.1532
618      618   (0)      4  : 0.7730 0.2270
619      619   (0)      4  : 0.8060 0.1940
620      620   (0)      4  : 0.9800 0.0200
621      621   (0)      4  : 0.6980 0.3020
622      622   (0)      4  : 0.7390 0.2610
623      623   (0)      4  : 0.9780 0.0220
624      624   (0)      4  : 0.7764 0.2236
625      625   (0)      4  : 0.7490 0.2510
626      626   (0)      4  : 0.7254 0.2746
627      627   (0)      4  : 0.9290 0.0710
628      628   (0)      4  : 0.7680 0.2320
629      629   (0)      4  : 0.8038 0.1962
630      630   (0)      4  : 0.7440 0.2560
631      631   (0)      4  : 0.7890 0.2110
632      632   (0)      4  : 0.7720 0.2280
633      633   (0)      4  : 0.7390 0.2610
634      634   (0)      4  : 0.5890 0.4110
635      635   (0)      4  : 0.6940 0.3060
636      636   (0)      4  : 0.8866 0.1134
637      637   (0)      4  : 0.7290 0.2710
638      638   (0)      4  : 0.9682 0.0318
639      639   (0)      4  : 0.4650 0.5350
640      640   (0)      4  : 0.6706 0.3294
641      641   (0)      4  : 0.8160 0.1840
642      642   (0)      4  : 0.6552 0.3448
643      643   (0)      4  : 0.5210 0.4790
644      644   (0)      4  : 0.7670 0.2330
645      645   (0)      4  : 0.7266 0.2734
646      646   (0)      4  : 0.7470 0.2530
647      647   (0)      4  : 0.8530 0.1470
648      648   (0)      4  : 0.8320 0.1680
649      649   (0)      4  : 0.6590 0.3410
650      650   (0)      4  : 0.8680 0.1320
651      651   (0)      4  : 0.8034 0.1966
652      652   (0)      4  : 0.7918 0.2082
653      653   (0)      4  : 0.9730 0.0270
654      654   (0)      4  : 0.6698 0.3302
655      655   (0)      4  : 0.6750 0.3250
656      656   (0)      4  : 0.6772 0.3228
657      657   (0)      4  : 0.8190 0.1810
658      658   (0)      4  : 0.7740 0.2260
659      659   (0)      4  : 0.9550 0.0450
660      660   (0)      4  : 0.8930 0.1070
661      661   (0)      4  : 0.7692 0.2308
662      662   (0)      4  : 0.7000 0.3000
663      663   (0)      4  : 0.8790 0.1210
664      664   (0)      4  : 0.7130 0.2870
665      665   (0)      4  : 0.9820 0.0180
666      666   (0)      4  : 0.9320 0.0680
667      667   (0)      4  : 0.8952 0.1048
668      668   (0)      4  : 0.6984 0.3016
669      669   (0)      4  : 0.8812 0.1188
670      670   (0)      4  : 0.7850 0.2150
671      671   (0)      4  : 0.5996 0.4004
672      672   (0)      4  : 0.7380 0.2620
673      673   (0)      4  : 0.9160 0.0840
674      674   (0)      4  : 0.6616 0.3384
675      675   (0)      4  : 0.8700 0.1300
676      676   (0)      4  : 0.8210 0.1790
677      677   (0)      4  : 0.9700 0.0300
678      678   (0)      4  : 0.6280 0.3720
679      679   (0)      4  : 0.7104 0.2896
680      680   (0)      4  : 0.8450 0.1550
681      681   (0)      4  : 0.9780 0.0220
682      682   (0)      4  : 0.6940 0.3060
683      683   (0)      4  : 0.6330 0.3670
684      684   (0)      4  : 0.8060 0.1940
685      685   (0)      4  : 0.9130 0.0870
686      686   (0)      4  : 0.8090 0.1910
687      687   (0)      4  : 0.6150 0.3850
688      688   (0)      4  : 0.7720 0.2280
689      689   (0)      4  : 0.7460 0.2540
690      690   (0)      4  : 0.7500 0.2500
691      691   (0)      4  : 0.9280 0.0720
692      692   (0)      4  : 0.7002 0.2998
693      693   (0)      4  : 0.7070 0.2930
694      694   (0)      4  : 0.7270 0.2730
695      695   (0)      4  : 0.8430 0.1570
696      696   (0)      4  : 0.6790 0.3210
697      697   (0)      4  : 0.8970 0.1030
698      698   (0)      4  : 0.9740 0.0260
699      699   (0)      4  : 0.9380 0.0620
700      700   (0)      4  : 0.7298 0.2702
701      701   (0)      5  : 0.4380 0.5620
702      702   (0)      5  : 0.4400 0.5600
703      703   (0)      5  : 0.6150 0.3850
704      704   (0)      5  : 0.5320 0.4680
705      705   (0)      5  : 0.5130 0.4870
706      706   (0)      5  : 0.6070 0.3930
707      707   (0)      5  : 0.5744 0.4256
708      708   (0)      5  : 0.4568 0.5432
709      709   (0)      5  : 0.3838 0.6162
710      710   (0)      5  : 0.5406 0.4594
711      711   (0)      5  : 0.4878 0.5122
712      712   (0)      5  : 0.4320 0.5680
713      713   (0)      5  : 0.4900 0.5100
714      714   (0)      5  : 0.5980 0.4020
715      715   (0)      5  : 0.4930 0.5070
716      716   (0)      5  : 0.5550 0.4450
717      717   (0)      5  : 0.3930 0.6070
718      718   (0)      5  : 0.5140 0.4860
719      719   (0)      5  : 0.5496 0.4504
720      720   (0)      5  : 0.4710 0.5290
721      721   (0)      5  : 0.4118 0.5882
722      722   (0)      5  : 0.6146 0.3854
723      723   (0)      5  : 0.4710 0.5290
724      724   (0)      5  : 0.5310 0.4690
725      725   (0)      5  : 0.5378 0.4622
726      726   (0)      5  : 0.5820 0.4180
727      727   (0)      5  : 0.4470 0.5530
728      728   (0)      5  : 0.3920 0.6080
729      729   (0)      5  : 0.4160 0.5840
730      730   (0)      5  : 0.4490 0.5510
731      731   (0)      5  : 0.5112 0.4888
732      732   (0)      5  : 0.4670 0.5330
733      733   (0)      5  : 0.4406 0.5594
734      734   (0)      5  : 0.4790 0.5210
735      735   (0)      5  : 0.3420 0.6580
736      736   (0)      5  : 0.4620 0.5380
737      737   (0)      5  : 0.5420 0.4580
738      738   (0)      5  : 0.5546 0.4454
739      739   (0)      5  : 0.4816 0.5184
740      740   (0)      5  : 0.4550 0.5450
741      741   (0)      5  : 0.4750 0.5250
742      742   (0)      5  : 0.5434 0.4566
743      743   (0)      5  : 0.5684 0.4316
744      744   (0)      5  : 0.4650 0.5350
745      745   (0)      5  : 0.5366 0.4634
746      746   (0)      5  : 0.5220 0.4780
747      747   (0)      5  : 0.3990 0.6010
748      748   (0)      5  : 0.5050 0.4950
749      749   (0)      5  : 0.5050 0.4950
750      750   (0)      5  : 0.5610 0.4390
751      751   (0)      5  : 0.5992 0.4008
752      752   (0)      5  : 0.5630 0.4370
753      753   (0)      5  : 0.5292 0.4708
754      754   (0)      5  : 0.3800 0.6200
755      755   (0)      5  : 0.3912 0.6088
756      756   (0)      5  : 0.5870 0.4130
757      757   (0)      5  : 0.6020 0.3980
758      758   (0)      5  : 0.4910 0.5090
759      759   (0)      5  : 0.4800 0.5200
760      760   (0)      5  : 0.4310 0.5690
761      761   (0)      5  : 0.4468 0.5532
762      762   (0)      5  : 0.5670 0.4330
763      763   (0)      5  : 0.3820 0.6180
764      764   (0)      5  : 0.4272 0.5728
765      765   (0)      5  : 0.5116 0.4884
766      766   (0)      5  : 0.4230 0.5770
767      767   (0)      5  : 0.5390 0.4610
768      768   (0)      5  : 0.3670 0.6330
769      769   (0)      5  : 0.4610 0.5390
770      770   (0)      5  : 0.6280 0.3720
771      771   (0)      5  : 0.4210 0.5790
772      772   (0)      5  : 0.4190 0.5810
773      773   (0)      5  : 0.5506 0.4494
774      774   (0)      5  : 0.5174 0.4826
775      775   (0)      5  : 0.3688 0.6312
776      776   (0)      5  : 0.6180 0.3820
777      777   (0)      5  : 0.5750 0.4250
778      778   (0)      5  : 0.4008 0.5992
779      779   (0)      5  : 0.4880 0.5120
780      780   (0)      5  : 0.5222 0.4778
781      781   (0)      5  : 0.6288 0.3712
782      782   (0)      5  : 0.5530 0.4470
783      783   (0)      5  : 0.6130 0.3870
784      784   (0)      5  : 0.5834 0.4166
785      785   (0)      5  : 0.5220 0.4780
786      786   (0)      5  : 0.4174 0.5826
787      787   (0)      5  : 0.5700 0.4300
788      788   (0)      5  : 0.6426 0.3574
789      789   (0)      5  : 0.4480 0.5520
790      790   (0)      5  : 0.4382 0.5618
791      791   (0)      5  : 0.4050 0.5950
792      792   (0)      5  : 0.4530 0.5470
793      793   (0)      5  : 0.5780 0.4220
794      794   (0)      5  : 0.5020 0.4980
795      795   (0)      5  : 0.5300 0.4700
796      796   (0)      5  : 0.5238 0.4762
797      797   (0)      5  : 0.3410 0.6590
798      798   (0)      5  : 0.5600 0.4400
799      799   (0)      5  : 0.6660 0.3340
800      800   (0)      5  : 0.4220 0.5780
801      801   (0)      6  : 0.4420 0.5580
802      802   (0)      6  : 0.2340 0.7660
803      803   (0)      6  : 0.1620 0.8380
804      804   (0)      6  : 0.2490 0.7510
805      805   (0)      6  : 0.2120 0.7880
806      806   (0)      6  : 0.2036 0.7964
807      807   (0)      6  : 0.2710 0.7290
808      808   (0)      6  : 0.1828 0.8172
809      809   (0)      6  : 0.3744 0.6256
810      810   (0)      6  : 0.2560 0.7440
811      811   (0)      6  : 0.0720 0.9280
812      812   (0)      6  : 0.2420 0.7580
813      813   (0)      6  : 0.2858 0.7142
814      814   (0)      6  : 0.1938 0.8062
815      815   (0)      6  : 0.2140 0.7860
816      816   (0)      6  : 0.1160 0.8840
817      817   (0)      6  : 0.3170 0.6830
818      818   (0)      6  : 0.3320 0.6680
819      819   (0)      6  : 0.1680 0.8320
820      820   (0)      6  : 0.1370 0.8630
821      821   (0)      6  : 0.2850 0.7150
822      822   (0)      6  : 0.2638 0.7362
823      823   (0)      6  : 0.1876 0.8124
824      824   (0)      6  : 0.3286 0.6714
825      825   (0)      6  : 0.3970 0.6030
826      826   (0)      6  : 0.4538 0.5462
827      827   (0)      6  : 0.2308 0.7692
828      828   (0)      6  : 0.2290 0.7710
829      829   (0)      6  : 0.2630 0.7370
830      830   (0)      6  : 0.0510 0.9490
831      831   (0)      6  : 0.2240 0.7760
832      832   (0)      6  : 0.0730 0.9270
833      833   (0)      6  : 0.1910 0.8090
834      834   (0)      6  : 0.2730 0.7270
835      835   (0)      6  : 0.1510 0.8490
836      836   (0)      6  : 0.1130 0.8870
837      837   (0)      6  : 0.3622 0.6378
838      838   (0)      6  : 0.3790 0.6210
839      839   (0)      6  : 0.1920 0.8080
840      840   (0)      6  : 0.2120 0.7880
841      841   (0)      6  : 0.1958 0.8042
842      842   (0)      6  : 0.2090 0.7910
843      843   (0)      6  : 0.2510 0.7490
844      844   (0)      6  : 0.3360 0.6640
845      845   (0)      6  : 0.4910 0.5090
846      846   (0)      6  : 0.1390 0.8610
847      847   (0)      6  : 0.2970 0.7030
848      848   (0)      6  : 0.3374 0.6626
849      849   (0)      6  : 0.2690 0.7310
850      850   (0)      6  : 0.2624 0.7376
851      851   (0)      6  : 0.1660 0.8340
852      852   (0)      6  : 0.1280 0.8720
853      853   (0)      6  : 0.2076 0.7924
854      854   (0)      6  : 0.3590 0.6410
855      855   (0)      6  : 0.1590 0.8410
856      856   (0)      6  : 0.0510 0.9490
857      857   (0)      6  : 0.1926 0.8074
858      858   (0)      6  : 0.1132 0.8868
859      859   (0)      6  : 0.2770 0.7230
860      860   (0)      6  : 0.2910 0.7090
861      861   (0)      6  : 0.1910 0.8090
862      862   (0)      6  : 0.2420 0.7580
863      863   (0)      6  : 0.2300 0.7700
864      864   (0)      6  : 0.2090 0.7910
865      865   (0)      6  : 0.1710 0.8290
866      866   (0)      6  : 0.2942 0.7058
867      867   (0)      6  : 0.2436 0.7564
868      868   (0)      6  : 0.0350 0.9650
869      869   (0)      6  : 0.2420 0.7580
870      870   (0)      6  : 0.2330 0.7670
871      871   (0)      6  : 0.1930 0.8070
872      872   (0)      6  : 0.0740 0.9260
873      873   (0)      6  : 0.2770 0.7230
874      874   (0)      6  : 0.2160 0.7840
875      875   (0)      6  : 0.1740 0.8260
876      876   (0)      6  : 0.4600 0.5400
877      877   (0)      6  : 0.1814 0.8186
878      878   (0)      6  : 0.1580 0.8420
879      879   (0)      6  : 0.3340 0.6660
880      880   (0)      6  : 0.3580 0.6420
881      881   (0)      6  : 0.2220 0.7780
882      882   (0)      6  : 0.3000 0.7000
883      883   (0)      6  : 0.0576 0.9424
884      884   (0)      6  : 0.3920 0.6080
885      885   (0)      6  : 0.3360 0.6640
886      886   (0)      6  : 0.1720 0.8280
887      887   (0)      6  : 0.1700 0.8300
888      888   (0)      6  : 0.2190 0.7810
889      889   (0)      6  : 0.1242 0.8758
890      890   (0)      6  : 0.1472 0.8528
891      891   (0)      6  : 0.2240 0.7760
892      892   (0)      6  : 0.2402 0.7598
893      893   (0)      6  : 0.2676 0.7324
894      894   (0)      6  : 0.2250 0.7750
895      895   (0)      6  : 0.0852 0.9148
896      896   (0)      6  : 0.3742 0.6258
897      897   (0)      6  : 0.2580 0.7420
898      898   (0)      6  : 0.2340 0.7660
899      899   (0)      6  : 0.2770 0.7230
900      900   (0)      6  : 0.0050 0.9950
901      901   (0)      7  : 0.1974 0.8026
902      902   (0)      7  : 0.0974 0.9026
903      903   (0)      7  : 0.1210 0.8790
904      904   (0)      7  : 0.0370 0.9630
905      905   (0)      7  : 0.0580 0.9420
906      906   (0)      7  : 0.2690 0.7310
907      907   (0)      7  : 0.0500 0.9500
908      908   (0)      7  : 0.1230 0.8770
909      909   (0)      7  : 0.2416 0.7584
910      910   (0)      7  : 0.0080 0.9920
911      911   (0)      7  : 0.1092 0.8908
912      912   (0)      7  : 0.0500 0.9500
913      913   (0)      7  : 0.2100 0.7900
914      914   (0)      7  : 0.1614 0.8386
915      915   (0)      7  : 0.0696 0.9304
916      916   (0)      7  : 0.2940 0.7060
917      917   (0)      7  : 0.1432 0.8568
918      918   (0)      7  : 0.1208 0.8792
919      919   (0)      7  : 0.2972 0.7028
920      920   (0)      7  : 0.0300 0.9700
921      921   (0)      7  : 0.0056 0.9944
922      922   (0)      7  : 0.3000 0.7000
923      923   (0)      7  : 0.1440 0.8560
924      924   (0)      7  : 0.1220 0.8780
925      925   (0)      7  : 0.1920 0.8080
926      926   (0)      7  : 0.1030 0.8970
927      927   (0)      7  : 0.1138 0.8862
928      928   (0)      7  : 0.2520 0.7480
929      929   (0)      7  : 0.0420 0.9580
930      930   (0)      7  : 0.1558 0.8442
931      931   (0)      7  : 0.0552 0.9448
932      932   (0)      7  : 0.0470 0.9530
933      933   (0)      7  : 0.1334 0.8666
934      934   (0)      7  : 0.0970 0.9030
935      935   (0)      7  : 0.0402 0.9598
936      936   (0)      7  : 0.2550 0.7450
937      937   (0)      7  : 0.0560 0.9440
938      938   (0)      7  : 0.2070 0.7930
939      939   (0)      7  : 0.1690 0.8310
940      940   (0)      7  : 0.1686 0.8314
941      941   (0)      7  : 0.0380 0.9620
942      942   (0)      7  : 0.0070 0.9930
943      943   (0)      7  : 0.2510 0.7490
944      944   (0)      7  : 0.1014 0.8986
945      945   (0)      7  : 0.1720 0.8280
946      946   (0)      7  : 0.0852 0.9148
947      947   (0)      7  : 0.1040 0.8960
948      948   (0)      7  : 0.1834 0.8166
949      949   (0)      7  : 0.0070 0.9930
950      950   (0)      7  : 0.0710 0.9290
951      951   (0)      7  : 0.1680 0.8320
952      952   (0)      7  : 0.1422 0.8578
953      953   (0)      7  : 0.3760 0.6240
954      954   (0)      7  : 0.0840 0.9160
955      955   (0)      7  : 0.0580 0.9420
956      956   (0)      7  : 0.1650 0.8350
957      957   (0)      7  : 0.2120 0.7880
958      958   (0)      7  : 0.1440 0.8560
959      959   (0)      7  : 0.2250 0.7750
960      960   (0)      7  : 0.0380 0.9620
961      961   (0)      7  : 0.0670 0.9330
962      962   (0)      7  : 0.1490 0.8510
963      963   (0)      7  : 0.0080 0.9920
964      964   (0)      7  : 0.0480 0.9520
965      965   (0)      7  : 0.0770 0.9230
966      966   (0)      7  : 0.1940 0.8060
967      967   (0)      7  : 0.0110 0.9890
968      968   (0)      7  : 0.1086 0.8914
969      969   (0)      7  : 0.1420 0.8580
970      970   (0)      7  : 0.1470 0.8530
971      971   (0)      7  : 0.2234 0.7766
972      972   (0)      7  : 0.1452 0.8548
973      973   (0)      7  : 0.1980 0.8020
974      974   (0)      7  : 0.1770 0.8230
975      975   (0)      7  : 0.0600 0.9400
976      976   (0)      7  : 0.0500 0.9500
977      977   (0)      7  : 0.1530 0.8470
978      978   (0)      7  : 0.1282 0.8718
979      979   (0)      7  : 0.3084 0.6916
980      980   (0)      7  : 0.0430 0.9570
981      981   (0)      7  : 0.0940 0.9060
982      982   (0)      7  : 0.1120 0.8880
983      983   (0)      7  : 0.0970 0.9030
984      984   (0)      7  : 0.0718 0.9282
985      985   (0)      7  : 0.1210 0.8790
986      986   (0)      7  : 0.1220 0.8780
987      987   (0)      7  : 0.2190 0.7810
988      988   (0)      7  : 0.0060 0.9940
989      989   (0)      7  : 0.1052 0.8948
990      990   (0)      7  : 0.2080 0.7920
991      991   (0)      7  : 0.0410 0.9590
992      992   (0)      7  : 0.0298 0.9702
993      993   (0)      7  : 0.2500 0.7500
994      994   (0)      7  : 0.0330 0.9670
995      995   (0)      7  : 0.0610 0.9390
996      996   (0)      7  : 0.0760 0.9240
997      997   (0)      7  : 0.0454 0.9546
998      998   (0)      7  : 0.2530 0.7470
999      999   (0)      7  : 0.0430 0.9570
1000     1000   (0)      7  : 0.0760 0.9240
1001     1001   (5)      8  : 0.0110 0.9890
1002     1002   (0)      8  : 0.0130 0.9870
1003     1003   (0)      8  : 0.0060 0.9940
1004     1004   (0)      8  : 0.0298 0.9702
1005     1005   (0)      8  : 0.0070 0.9930
1006     1006   (0)      8  : 0.0080 0.9920
1007     1007   (0)      8  : 0.0050 0.9950
1008     1008   (0)      8  : 0.0090 0.9910
1009     1009   (0)      8  : 0.0070 0.9930
1010     1010   (0)      8  : 0.0080 0.9920
1011     1011   (0)      8  : 0.0050 0.9950
1012     1012   (0)      8  : 0.0060 0.9940
1013     1013   (0)      8  : 0.0110 0.9890
1014     1014   (5)      8  : 0.0050 0.9950
1015     1015   (0)      8  : 0.0070 0.9930
1016     1016   (0)      8  : 0.0060 0.9940
1017     1017   (0)      8  : 0.0078 0.9922
1018     1018   (0)      8  : 0.0080 0.9920
1019     1019   (0)      8  : 0.0090 0.9910
1020     1020   (0)      8  : 0.0060 0.9940
1021     1021   (0)      8  : 0.0050 0.9950
1022     1022   (0)      8  : 0.0080 0.9920
1023     1023   (0)      8  : 0.0060 0.9940
1024     1024   (0)      8  : 0.0050 0.9950
1025     1025   (0)      8  : 0.0050 0.9950
1026     1026   (0)      8  : 0.0060 0.9940
1027     1027   (0)      8  : 0.0060 0.9940
1028     1028   (0)      8  : 0.0060 0.9940
1029     1029   (0)      9  : 0.0080 0.9920
1030     1030   (0)      9  : 0.0060 0.9940
1031     1031   (0)      9  : 0.0050 0.9950
1032     1032   (0)      9  : 0.0150 0.9850
1033     1033   (0)      9  : 0.0060 0.9940
1034     1034   (0)      9  : 0.0060 0.9940
1035     1035   (0)      9  : 0.0060 0.9940
1036     1036   (0)      9  : 0.0060 0.9940
1037     1037   (0)      9  : 0.0080 0.9920
1038     1038   (0)      9  : 0.0060 0.9940
1039     1039   (0)      9  : 0.0070 0.9930
1040     1040   (0)      9  : 0.0110 0.9890
1041     1041   (0)      9  : 0.0120 0.9880
1042     1042   (0)      9  : 0.0070 0.9930
1043     1043   (0)      9  : 0.0050 0.9950
1044     1044   (0)      9  : 0.0090 0.9910
1045     1045   (0)      9  : 0.0054 0.9946
1046     1046   (0)      9  : 0.0050 0.9950
1047     1047   (0)      9  : 0.0072 0.9928
1048     1048   (0)      9  : 0.0060 0.9940
1049     1049   (0)      9  : 0.0070 0.9930
1050     1050   (0)      9  : 0.0060 0.9940
1051     1051   (0)      9  : 0.0048 0.9952
1052     1052   (0)      9  : 0.0240 0.9760
1053     1053   (0)      9  : 0.0070 0.9930
1054     1054   (0)      9  : 0.0060 0.9940
1055     1055   (0)      9  : 0.0070 0.9930
1056     1056   (0)      9  : 0.0040 0.9960
1057     1057   (0)      9  : 0.0060 0.9940
1058     1058   (0)      9  : 0.0060 0.9940
1059     1059   (0)      9  : 0.0050 0.9950
1060     1060   (0)      9  : 0.0100 0.9900
1061     1061   (0)      9  : 0.0110 0.9890
1062     1062   (0)      9  : 0.0080 0.9920
1063     1063   (0)      9  : 0.0150 0.9850
1064     1064   (0)      9  : 0.0050 0.9950
1065     1065   (0)      9  : 0.0050 0.9950
1066     1066   (0)      9  : 0.0050 0.9950
1067     1067   (0)      9  : 0.0050 0.9950
1068     1068   (0)      9  : 0.0050 0.9950
1069     1069   (0)      9  : 0.0070 0.9930
1070     1070   (0)      9  : 0.0070 0.9930
1071     1071   (0)      9  : 0.0050 0.9950
1072     1072   (0)      9  : 0.0060 0.9940
1073     1073   (0)      9  : 0.0070 0.9930
1074     1074   (0)      9  : 0.0050 0.9950
1075     1075   (0)      9  : 0.0240 0.9760
1076     1076   (0)      9  : 0.0078 0.9922
1077     1077   (0)      9  : 0.0120 0.9880
1078     1078   (0)      9  : 0.0070 0.9930
1079     1079   (0)      9  : 0.0060 0.9940
1080     1080   (0)      9  : 0.0060 0.9940
1081     1081   (0)      9  : 0.0110 0.9890
1082     1082   (0)      9  : 0.0060 0.9940
1083     1083   (0)      9  : 0.0070 0.9930
1084     1084   (0)      9  : 0.0090 0.9910
1085     1085   (0)      9  : 0.0050 0.9950
1086     1086   (0)      9  : 0.0070 0.9930
1087     1087   (0)      9  : 0.0080 0.9920
1088     1088   (0)      9  : 0.0060 0.9940
1089     1089   (0)      9  : 0.0050 0.9950
1090     1090   (0)      9  : 0.0050 0.9950
1091     1091   (0)      9  : 0.0050 0.9950
1092     1092   (0)      9  : 0.0100 0.9900
1093     1093   (0)      9  : 0.0090 0.9910
1094     1094   (0)      9  : 0.0050 0.9950
1095     1095   (0)      9  : 0.0050 0.9950
1096     1096   (0)      9  : 0.0060 0.9940
1097     1097   (0)      9  : 0.0050 0.9950
1098     1098   (0)      9  : 0.0110 0.9890
1099     1099   (0)      9  : 0.0090 0.9910
1100     1100   (0)      9  : 0.0090 0.9910
1101     1101   (0)      9  : 0.0080 0.9920
1102     1102   (0)      9  : 0.0100 0.9900
1103     1103   (0)      9  : 0.0060 0.9940
1104     1104   (0)      9  : 0.0090 0.9910
1105     1105   (0)      9  : 0.0090 0.9910
1106     1106   (0)      9  : 0.0070 0.9930
1107     1107   (0)      9  : 0.0090 0.9910
1108     1108   (0)      9  : 0.0080 0.9920
1109     1109   (0)      9  : 0.0070 0.9930
1110     1110   (0)      9  : 0.0060 0.9940
1111     1111   (0)      9  : 0.0080 0.9920
1112     1112   (0)      9  : 0.0120 0.9880
1113     1113   (0)      9  : 0.0060 0.9940
1114     1114   (0)      9  : 0.0070 0.9930
1115     1115   (0)      9  : 0.0070 0.9930
1116     1116   (0)      9  : 0.0068 0.9932
1117     1117   (0)      9  : 0.0050 0.9950
1118     1118   (0)      9  : 0.0100 0.9900
1119     1119   (0)      9  : 0.0050 0.9950
1120     1120   (0)      9  : 0.0100 0.9900
1121     1121   (0)      9  : 0.0050 0.9950
1122     1122   (0)      9  : 0.0110 0.9890
1123     1123   (0)      9  : 0.0050 0.9950
1124     1124   (0)      9  : 0.0060 0.9940
1125     1125   (0)      9  : 0.0070 0.9930
1126     1126   (0)      9  : 0.0070 0.9930
1127     1127   (0)      9  : 0.0094 0.9906
1128     1128   (0)      9  : 0.0130 0.9870
1129     1129   (0)      9  : 0.0100 0.9900
1130     1130   (0)      9  : 0.0060 0.9940
1131     1131   (0)      9  : 0.0050 0.9950
1132     1132   (0)      9  : 0.0080 0.9920
1133     1133   (0)      9  : 0.0060 0.9940
1134     1134   (0)      9  : 0.0070 0.9930
1135     1135   (0)      9  : 0.0060 0.9940
1136     1136   (0)      9  : 0.0060 0.9940
1137     1137   (0)      9  : 0.0070 0.9930
1138     1138   (0)      9  : 0.0050 0.9950
1139     1139   (0)      9  : 0.0140 0.9860
1140     1140   (0)      9  : 0.0050 0.9950
1141     1141   (0)      9  : 0.0080 0.9920
1142     1142   (0)      9  : 0.0050 0.9950
1143     1143   (0)      9  : 0.0060 0.9940
1144     1144   (0)      9  : 0.0060 0.9940
1145     1145   (0)      9  : 0.0080 0.9920
1146     1146   (0)      9  : 0.0060 0.9940
1147     1147   (0)      9  : 0.0058 0.9942
1148     1148   (0)      9  : 0.0070 0.9930
1149     1149   (0)      9  : 0.0060 0.9940
1150     1150   (0)      9  : 0.0090 0.9910
1151     1151   (0)      9  : 0.0070 0.9930
1152     1152   (0)      9  : 0.0090 0.9910
1153     1153   (0)      9  : 0.0060 0.9940
1154     1154   (0)      9  : 0.0090 0.9910
1155     1155   (0)      9  : 0.0050 0.9950
1156     1156   (0)      9  : 0.0050 0.9950
1157     1157   (0)      9  : 0.0100 0.9900
1158     1158   (0)      9  : 0.0080 0.9920
1159     1159   (0)      9  : 0.0062 0.9938
1160     1160   (0)      9  : 0.0070 0.9930
1161     1161   (0)      9  : 0.0060 0.9940
1162     1162   (0)      9  : 0.0050 0.9950
1163     1163   (0)      9  : 0.0060 0.9940
1164     1164   (0)      9  : 0.0080 0.9920
1165     1165   (0)      9  : 0.0120 0.9880
1166     1166   (0)      9  : 0.0110 0.9890
1167     1167   (0)      9  : 0.0060 0.9940
1168     1168   (0)      9  : 0.0100 0.9900
1169     1169   (0)      9  : 0.0070 0.9930
1170     1170   (0)      9  : 0.0050 0.9950
1171     1171   (0)      9  : 0.0060 0.9940
1172     1172   (0)      9  : 0.0060 0.9940
1173     1173   (0)      9  : 0.0050 0.9950
1174     1174   (0)      9  : 0.0060 0.9940
1175     1175   (0)      9  : 0.0060 0.9940
1176     1176   (0)      9  : 0.0070 0.9930
1177     1177   (0)      9  : 0.0070 0.9930
1178     1178   (0)      9  : 0.0100 0.9900
1179     1179   (0)      9  : 0.0070 0.9930
1180     1180   (0)      9  : 0.0070 0.9930
1181     1181   (0)      9  : 0.0060 0.9940
1182     1182   (0)      9  : 0.0078 0.9922
1183     1183   (0)      9  : 0.0070 0.9930
1184     1184   (0)      9  : 0.0070 0.9930
1185     1185   (0)      9  : 0.0110 0.9890
1186     1186   (0)      9  : 0.0060 0.9940
1187     1187   (0)      9  : 0.0060 0.9940
1188     1188   (0)      9  : 0.0050 0.9950
1189     1189   (0)      9  : 0.0100 0.9900
1190     1190   (0)      9  : 0.0070 0.9930
1191     1191   (0)      9  : 0.0060 0.9940
1192     1192   (0)      9  : 0.0060 0.9940
1193     1193   (0)      9  : 0.0050 0.9950
1194     1194   (0)      9  : 0.0070 0.9930
1195     1195   (0)      9  : 0.0060 0.9940
1196     1196   (0)      9  : 0.0070 0.9930
1197     1197   (0)      9  : 0.0100 0.9900
1198     1198   (0)      9  : 0.0070 0.9930
1199     1199   (0)      9  : 0.0060 0.9940
1200     1200   (0)      9  : 0.0178 0.9822
1201     1201   (0)      9  : 0.0070 0.9930
1202     1202   (0)      9  : 0.0080 0.9920
1203     1203   (0)      9  : 0.0090 0.9910
1204     1204   (0)      9  : 0.0080 0.9920
1205     1205   (0)      9  : 0.0070 0.9930
1206     1206   (0)      9  : 0.0180 0.9820
1207     1207   (0)      9  : 0.0090 0.9910
1208     1208   (0)      9  : 0.0060 0.9940
1209     1209   (0)      9  : 0.0070 0.9930
1210     1210   (0)      9  : 0.0060 0.9940
1211     1211   (0)      9  : 0.0070 0.9930
1212     1212   (0)      9  : 0.0080 0.9920
1213     1213   (0)      9  : 0.0070 0.9930
1214     1214   (0)      9  : 0.0070 0.9930
1215     1215   (0)      9  : 0.0070 0.9930
1216     1216   (0)      9  : 0.0100 0.9900
1217     1217   (0)      9  : 0.0090 0.9910
1218     1218   (0)      9  : 0.0060 0.9940
1219     1219   (0)      9  : 0.0050 0.9950
1220     1220   (0)      9  : 0.0060 0.9940
1221     1221   (0)      9  : 0.0040 0.9960
1222     1222   (0)      9  : 0.0100 0.9900
1223     1223   (0)      9  : 0.0050 0.9950
1224     1224   (0)      9  : 0.0060 0.9940
1225     1225   (0)      9  : 0.0050 0.9950
1226     1226   (0)      9  : 0.0070 0.9930
1227     1227   (0)      9  : 0.0100 0.9900
1228     1228   (0)      9  : 0.0050 0.9950
1229     1229   (0)      9  : 0.0080 0.9920
1230     1230   (0)      9  : 0.0060 0.9940
1231     1231   (0)      9  : 0.0060 0.9940
1232     1232   (0)      9  : 0.0070 0.9930
1233     1233   (0)      9  : 0.0100 0.9900
1234     1234   (0)      9  : 0.0050 0.9950
1235     1235   (0)      9  : 0.0070 0.9930
1236     1236   (0)      9  : 0.0110 0.9890
1237     1237   (0)      9  : 0.0050 0.9950
1238     1238   (0)      9  : 0.0092 0.9908
1239     1239   (0)      9  : 0.0060 0.9940
1240     1240   (0)      9  : 0.0050 0.9950
1241     1241   (0)      9  : 0.0088 0.9912
1242     1242   (0)      9  : 0.0090 0.9910
1243     1243   (0)      9  : 0.0050 0.9950
1244     1244   (0)      9  : 0.0050 0.9950
1245     1245   (0)      9  : 0.0090 0.9910
1246     1246   (0)      9  : 0.0050 0.9950
1247     1247   (0)      9  : 0.0070 0.9930
1248     1248   (0)      9  : 0.0060 0.9940
1249     1249   (0)      9  : 0.0060 0.9940
1250     1250   (0)      9  : 0.0070 0.9930
1251     1251   (0)      9  : 0.0050 0.9950
1252     1252   (0)      9  : 0.0060 0.9940
1253     1253   (0)      9  : 0.0090 0.9910
1254     1254   (0)      9  : 0.0080 0.9920
1255     1255   (0)      9  : 0.0050 0.9950
1256     1256   (0)      9  : 0.0060 0.9940
1257     1257   (0)      9  : 0.0060 0.9940
1258     1258   (0)      9  : 0.0060 0.9940
1259     1259   (0)      9  : 0.0060 0.9940
1260     1260   (0)      9  : 0.0080 0.9920
1261     1261   (0)      9  : 0.0090 0.9910
1262     1262   (0)      9  : 0.0070 0.9930
1263     1263   (0)      9  : 0.0130 0.9870
1264     1264   (0)      9  : 0.0060 0.9940
1265     1265   (0)      9  : 0.0070 0.9930
1266     1266   (0)      9  : 0.0050 0.9950
1267     1267   (0)      9  : 0.0050 0.9950
1268     1268   (0)      9  : 0.0138 0.9862
1269     1269   (0)      9  : 0.0090 0.9910
1270     1270   (0)      9  : 0.0150 0.9850
1271     1271   (0)      9  : 0.0100 0.9900
1272     1272   (0)      9  : 0.0070 0.9930
1273     1273   (0)      9  : 0.0050 0.9950
1274     1274   (0)      9  : 0.0070 0.9930
1275     1275   (0)      9  : 0.0080 0.9920
1276     1276   (0)      9  : 0.0070 0.9930
1277     1277   (0)      9  : 0.0060 0.9940
1278     1278   (0)      9  : 0.0060 0.9940
1279     1279   (0)      9  : 0.0080 0.9920
1280     1280   (0)      9  : 0.0070 0.9930
1281     1281   (0)      9  : 0.0100 0.9900
1282     1282   (0)      9  : 0.0150 0.9850
1283     1283   (0)      9  : 0.0070 0.9930
1284     1284   (0)      9  : 0.0100 0.9900
1285     1285   (0)      9  : 0.0120 0.9880
1286     1286   (0)      9  : 0.0070 0.9930
1287     1287   (0)      9  : 0.0060 0.9940
1288     1288   (0)      9  : 0.0130 0.9870
1289     1289   (0)      9  : 0.0050 0.9950
1290     1290   (0)      9  : 0.0050 0.9950
1291     1291   (0)      9  : 0.0060 0.9940
1292     1292   (0)      9  : 0.0060 0.9940
1293     1293   (0)      9  : 0.0050 0.9950
1294     1294   (0)      9  : 0.0070 0.9930
1295     1295   (0)      9  : 0.0052 0.9948
1296     1296   (0)      9  : 0.0050 0.9950
1297     1297   (0)      9  : 0.0072 0.9928
1298     1298   (0)      9  : 0.0060 0.9940
1299     1299   (0)      9  : 0.0070 0.9930
1300     1300   (0)      9  : 0.0070 0.9930
1301     1301   (0)      9  : 0.0070 0.9930
1302     1302   (0)      9  : 0.0070 0.9930
1303     1303   (0)      9  : 0.0140 0.9860
1304     1304   (0)      9  : 0.0060 0.9940
1305     1305   (0)      9  : 0.0060 0.9940
1306     1306   (0)      9  : 0.0070 0.9930
1307     1307   (0)      9  : 0.0090 0.9910
1308     1308   (0)      9  : 0.0090 0.9910
1309     1309   (0)      9  : 0.0080 0.9920
1310     1310   (0)      9  : 0.0080 0.9920
1311     1311   (0)      9  : 0.0070 0.9930
1312     1312   (0)      9  : 0.0050 0.9950
1313     1313   (0)      9  : 0.0060 0.9940
1314     1314   (0)      9  : 0.0060 0.9940
1315     1315   (0)      9  : 0.0060 0.9940
1316     1316   (0)      9  : 0.0090 0.9910
1317     1317   (0)      9  : 0.0050 0.9950
1318     1318   (0)      9  : 0.0050 0.9950
1319     1319   (0)      9  : 0.0050 0.9950
1320     1320   (0)      9  : 0.0060 0.9940
1321     1321   (0)      9  : 0.0060 0.9940
1322     1322   (0)      9  : 0.0090 0.9910
1323     1323   (0)      9  : 0.0106 0.9894
1324     1324   (0)      9  : 0.0070 0.9930
1325     1325   (0)      9  : 0.0090 0.9910
1326     1326   (0)      9  : 0.0070 0.9930
1327     1327   (0)      9  : 0.0050 0.9950
1328     1328   (0)      9  : 0.0052 0.9948
1329     1329   (0)      9  : 0.0088 0.9912
1330     1330   (0)      9  : 0.0080 0.9920
1331     1331   (0)      9  : 0.0080 0.9920
1332     1332   (0)      9  : 0.0050 0.9950
1333     1333   (0)      9  : 0.0050 0.9950
1334     1334   (0)      9  : 0.0070 0.9930
1335     1335   (0)      9  : 0.0080 0.9920
1336     1336   (0)      9  : 0.0050 0.9950
1337     1337   (0)      9  : 0.0070 0.9930
1338     1338   (0)      9  : 0.0060 0.9940
1339     1339   (0)      9  : 0.0120 0.9880
1340     1340   (0)      9  : 0.0090 0.9910
1341     1341   (0)      9  : 0.0080 0.9920
1342     1342   (0)      9  : 0.0072 0.9928
1343     1343   (0)      9  : 0.0080 0.9920
1344     1344   (0)      9  : 0.0110 0.9890
1345     1345   (0)      9  : 0.0050 0.9950
1346     1346   (0)      9  : 0.0090 0.9910
1347     1347   (0)      9  : 0.0070 0.9930
1348     1348   (0)      9  : 0.0100 0.9900
1349     1349   (0)      9  : 0.0060 0.9940
1350     1350   (0)      9  : 0.0050 0.9950
1351     1351   (0)      9  : 0.0100 0.9900
1352     1352   (0)      9  : 0.0050 0.9950
1353     1353   (0)      9  : 0.0070 0.9930
1354     1354   (0)      9  : 0.0180 0.9820
1355     1355   (0)      9  : 0.0050 0.9950
1356     1356   (0)      9  : 0.0050 0.9950
1357     1357   (0)      9  : 0.0050 0.9950
1358     1358   (0)      9  : 0.0070 0.9930
1359     1359   (0)      9  : 0.0080 0.9920
1360     1360   (0)      9  : 0.0100 0.9900
1361     1361   (0)      9  : 0.0060 0.9940
1362     1362   (0)      9  : 0.0070 0.9930
1363     1363   (0)      9  : 0.0070 0.9930
1364     1364   (0)      9  : 0.0080 0.9920
1365     1365   (0)      9  : 0.0060 0.9940
1366     1366   (0)      9  : 0.0060 0.9940
1367     1367   (0)      9  : 0.0096 0.9904
1368     1368   (0)      9  : 0.0090 0.9910
1369     1369   (0)      9  : 0.0060 0.9940
1370     1370   (0)      9  : 0.0060 0.9940
1371     1371   (0)      9  : 0.0100 0.9900
1372     1372   (0)      9  : 0.0070 0.9930
1373     1373   (0)      9  : 0.0070 0.9930
1374     1374   (0)      9  : 0.0050 0.9950
1375     1375   (0)      9  : 0.0060 0.9940
1376     1376   (0)      9  : 0.0060 0.9940
1377     1377   (0)      9  : 0.0060 0.9940
1378     1378   (0)      9  : 0.0060 0.9940
1379     1379   (0)      9  : 0.0060 0.9940
1380     1380   (0)      9  : 0.0060 0.9940
1381     1381   (0)      9  : 0.0070 0.9930
1382     1382   (0)      9  : 0.0050 0.9950
1383     1383   (0)      9  : 0.0060 0.9940
1384     1384   (0)      9  : 0.0060 0.9940
1385     1385   (0)      9  : 0.0058 0.9942
1386     1386   (0)      9  : 0.0060 0.9940
1387     1387   (0)      9  : 0.0050 0.9950
1388     1388   (0)      9  : 0.0060 0.9940
1389     1389   (0)      9  : 0.0080 0.9920
1390     1390   (0)      9  : 0.0070 0.9930
1391     1391   (0)      9  : 0.0240 0.9760
1392     1392   (0)      9  : 0.0120 0.9880
1393     1393   (0)      9  : 0.0070 0.9930
1394     1394   (0)      9  : 0.0040 0.9960
1395     1395   (0)      9  : 0.0060 0.9940
1396     1396   (0)      9  : 0.0100 0.9900
1397     1397   (0)      9  : 0.0060 0.9940
1398     1398   (0)      9  : 0.0090 0.9910
1399     1399   (0)      9  : 0.0070 0.9930
1400     1400   (0)      9  : 0.0070 0.9930
1401     1401   (0)      9  : 0.0050 0.9950
1402     1402   (0)      9  : 0.0060 0.9940
1403     1403   (0)      9  : 0.0070 0.9930
1404     1404   (0)      9  : 0.0156 0.9844
1405     1405   (0)      9  : 0.0060 0.9940
1406     1406   (0)      9  : 0.0090 0.9910
1407     1407   (0)      9  : 0.0070 0.9930
1408     1408   (0)      9  : 0.0070 0.9930
1409     1409   (0)      9  : 0.0060 0.9940
1410     1410   (0)      9  : 0.0090 0.9910
1411     1411   (0)      9  : 0.0070 0.9930
1412     1412   (0)      9  : 0.0080 0.9920
1413     1413   (0)      9  : 0.0050 0.9950
1414     1414   (0)      9  : 0.0070 0.9930
1415     1415   (0)      9  : 0.0050 0.9950
1416     1416   (0)      9  : 0.0060 0.9940
1417     1417   (0)      9  : 0.0080 0.9920
1418     1418   (0)      9  : 0.0050 0.9950
1419     1419   (0)      9  : 0.0120 0.9880
1420     1420   (0)      9  : 0.0060 0.9940
1421     1421   (0)      9  : 0.0096 0.9904
1422     1422   (0)      9  : 0.0060 0.9940
1423     1423   (0)      9  : 0.0080 0.9920
1424     1424   (0)      9  : 0.0060 0.9940
1425     1425   (0)      9  : 0.0180 0.9820
1426     1426   (0)      9  : 0.0112 0.9888
1427     1427   (0)      9  : 0.0060 0.9940
1428     1428   (0)      9  : 0.0050 0.9950
1429     1429   (0)      9  : 0.0060 0.9940
1430     1430   (0)      9  : 0.0070 0.9930
1431     1431   (0)      9  : 0.0060 0.9940
1432     1432   (0)      9  : 0.0080 0.9920
1433     1433   (0)      9  : 0.0110 0.9890
1434     1434   (0)      9  : 0.0110 0.9890
1435     1435   (0)      9  : 0.0080 0.9920
1436     1436   (0)      9  : 0.0050 0.9950
1437     1437   (0)      9  : 0.0060 0.9940
1438     1438   (0)      9  : 0.0120 0.9880
1439     1439   (0)      9  : 0.0070 0.9930
1440     1440   (0)      9  : 0.0070 0.9930
1441     1441   (0)      9  : 0.0070 0.9930
1442     1442   (0)      9  : 0.0060 0.9940
1443     1443   (0)      9  : 0.0060 0.9940
1444     1444   (0)      9  : 0.0100 0.9900
1445     1445   (0)      9  : 0.0050 0.9950
1446     1446   (0)      9  : 0.0080 0.9920
1447     1447   (0)      9  : 0.0060 0.9940
1448     1448   (0)      9  : 0.0060 0.9940
1449     1449   (0)      9  : 0.0060 0.9940
1450     1450   (0)      9  : 0.0050 0.9950
1451     1451   (0)      9  : 0.0070 0.9930
1452     1452   (0)      9  : 0.0050 0.9950
1453     1453   (0)      9  : 0.0090 0.9910
1454     1454   (0)      9  : 0.0070 0.9930
1455     1455   (0)      9  : 0.0080 0.9920
1456     1456   (0)      9  : 0.0110 0.9890
1457     1457   (0)      9  : 0.0060 0.9940
1458     1458   (0)      9  : 0.0070 0.9930
1459     1459   (0)      9  : 0.0070 0.9930
1460     1460   (0)      9  : 0.0050 0.9950
1461     1461   (0)      9  : 0.0080 0.9920
1462     1462   (0)      9  : 0.0090 0.9910
1463     1463   (0)      9  : 0.0060 0.9940
1464     1464   (0)      9  : 0.0090 0.9910
1465     1465   (0)      9  : 0.0070 0.9930
1466     1466   (0)      9  : 0.0050 0.9950
1467     1467   (0)      9  : 0.0070 0.9930
1468     1468   (0)      9  : 0.0112 0.9888
1469     1469   (0)      9  : 0.0060 0.9940
1470     1470   (0)      9  : 0.0060 0.9940
1471     1471   (0)      9  : 0.0050 0.9950
1472     1472   (0)      9  : 0.0050 0.9950
1473     1473   (0)      9  : 0.0060 0.9940
1474     1474   (0)      9  : 0.0160 0.9840
1475     1475   (0)      9  : 0.0120 0.9880
1476     1476   (0)      9  : 0.0050 0.9950
1477     1477   (0)      9  : 0.0090 0.9910
1478     1478   (0)      9  : 0.0080 0.9920
1479     1479   (0)      9  : 0.0060 0.9940
1480     1480   (0)      9  : 0.0090 0.9910
1481     1481   (0)      9  : 0.0050 0.9950
1482     1482   (0)      9  : 0.0100 0.9900
1483     1483   (0)      9  : 0.0060 0.9940
1484     1484   (0)      9  : 0.0040 0.9960
1485     1485   (0)      9  : 0.0060 0.9940
1486     1486   (0)      9  : 0.0050 0.9950
1487     1487   (0)      9  : 0.0080 0.9920
1488     1488   (0)      9  : 0.0050 0.9950
1489     1489   (0)      9  : 0.0060 0.9940
1490     1490   (0)      9  : 0.0050 0.9950
1491     1491   (0)      9  : 0.0060 0.9940
1492     1492   (0)      9  : 0.0060 0.9940
1493     1493   (0)      9  : 0.0130 0.9870
1494     1494   (0)      9  : 0.0080 0.9920
1495     1495   (0)      9  : 0.0090 0.9910
1496     1496   (0)      9  : 0.0050 0.9950
1497     1497   (0)      9  : 0.0100 0.9900
1498     1498   (0)      9  : 0.0138 0.9862
1499     1499   (0)      9  : 0.0060 0.9940
1500     1500   (0)      9  : 0.0060 0.9940
