Wed Jun 24 18:04:08 2026: Job 1782295439 started running.
Wed Jun 24 18:04:08 2026: Job Parameters:
Wed Jun 24 18:04:08 2026: Input file: 1782295439.zip
Wed Jun 24 18:04:08 2026: Input type: STRUCTURE
Wed Jun 24 18:04:08 2026: Labels file: 1782295439.lab
Wed Jun 24 18:04:08 2026: CLUMPP repeats: 2000
Wed Jun 24 18:04:08 2026: CLUMPP search method: LargeKGreedy 
Wed Jun 24 18:04:08 2026: MCL cluster size threshold: 0.1 (default)
Wed Jun 24 18:04:08 2026: Extracting file: "1782295439.zip".
Wed Jun 24 18:04:08 2026: Sorting input files by K
Wed Jun 24 18:04:10 2026: Working on K=4
Wed Jun 24 18:04:10 2026: Executing CLUMPP for K=4.
Wed Jun 24 18:04:34 2026: Clustering K=4 with mcl.
Wed Jun 24 18:04:34 2026: cutoff used: 0.64
Wed Jun 24 18:04:34 2026: Executing CLUMPP for major cluster.
Wed Jun 24 18:04:43 2026: Calculating major cluster LnProb mean and standard deviation.
Wed Jun 24 18:04:43 2026: LnProb mean: -258541.9
Wed Jun 24 18:04:43 2026: LnProb standard deviation: 324.502126341272
Wed Jun 24 18:04:43 2026: Executing CLUMPP for minor clusters.
Wed Jun 24 18:04:47 2026: Calculating MinorCluster1 LnProb mean and standard deviation.
Wed Jun 24 18:04:47 2026: LnProb mean: -257734.1
Wed Jun 24 18:04:47 2026: LnProb standard deviation: 0.989949493657051
Wed Jun 24 18:04:47 2026: Working on K=5
Wed Jun 24 18:04:47 2026: Executing CLUMPP for K=5.
Wed Jun 24 18:05:22 2026: Clustering K=5 with mcl.
Wed Jun 24 18:05:22 2026: cutoff used: 0.65
Wed Jun 24 18:05:22 2026: Executing CLUMPP for major cluster.
Wed Jun 24 18:05:34 2026: Calculating major cluster LnProb mean and standard deviation.
Wed Jun 24 18:05:34 2026: LnProb mean: -249844.666666667
Wed Jun 24 18:05:34 2026: LnProb standard deviation: 8.11439050905287
Wed Jun 24 18:05:34 2026: Executing CLUMPP for minor clusters.
Wed Jun 24 18:05:40 2026: Calculating MinorCluster1 LnProb mean and standard deviation.
Wed Jun 24 18:05:40 2026: LnProb mean: -250911.2
Wed Jun 24 18:05:40 2026: LnProb standard deviation: 0.565685424961586
Wed Jun 24 18:05:40 2026: Working on K=6
Wed Jun 24 18:05:40 2026: Executing CLUMPP for K=6.
Wed Jun 24 18:06:29 2026: Clustering K=6 with mcl.
Wed Jun 24 18:06:29 2026: no cutoff was used
Wed Jun 24 18:06:29 2026: Executing CLUMPP for major cluster.
Wed Jun 24 18:07:17 2026: Calculating major cluster LnProb mean and standard deviation.
Wed Jun 24 18:07:17 2026: LnProb mean: -244659.8
Wed Jun 24 18:07:17 2026: LnProb standard deviation: 3.34065861770341
Wed Jun 24 18:07:17 2026: Working on K=7
Wed Jun 24 18:07:17 2026: Executing CLUMPP for K=7.
Wed Jun 24 18:08:22 2026: Clustering K=7 with mcl.
Wed Jun 24 18:08:22 2026: cutoff used: 0.71
Wed Jun 24 18:08:22 2026: Executing CLUMPP for major cluster.
Wed Jun 24 18:09:27 2026: Calculating major cluster LnProb mean and standard deviation.
Wed Jun 24 18:09:27 2026: LnProb mean: -244100.58
Wed Jun 24 18:09:27 2026: LnProb standard deviation: 320.068987876051
Wed Jun 24 18:09:27 2026: Ordering clusters by size for K=4
Wed Jun 24 18:09:27 2026: Calling distruct for K=4.MajorCluster
Wed Jun 24 18:09:29 2026: Calculating best Average Distance between K=4 and K=5..
Wed Jun 24 18:09:36 2026: Calling distruct for K=5.MajorCluster
Wed Jun 24 18:09:38 2026: Calculating best Average Distance between K=5 and K=6..
Wed Jun 24 18:10:26 2026: Calling distruct for K=6.MajorCluster
Wed Jun 24 18:10:28 2026: Calculating best Average Distance between K=6 and K=7..
Wed Jun 24 18:18:09 2026: Calling distruct for K=7.MajorCluster
Wed Jun 24 18:18:10 2026: Calculating best Average Distance between large cluster and K=4.MinorCluster1..
Wed Jun 24 18:18:12 2026: Calling distruct for K=4.MinorCluster1
Wed Jun 24 18:18:13 2026: Calculating best Average Distance between large cluster and K=5.MinorCluster1..
Wed Jun 24 18:18:18 2026: Calling distruct for K=5.MinorCluster1
Wed Jun 24 18:18:19 2026: Creating job summary PDF
Wed Jun 24 18:18:19 2026: Creating job summary PDF for K=4
Wed Jun 24 18:18:19 2026: Creating job summary PDF for K=5
Wed Jun 24 18:18:19 2026: Creating job summary PDF for K=6
Wed Jun 24 18:18:19 2026: Creating job summary PDF for K=7
Wed Jun 24 18:18:19 2026: Creating job zip file
