   1        1   (5)      1 :  0.0150 0.9850 
   2        2   (5)      1 :  0.0300 0.9700 
   3        3   (5)      1 :  0.0100 0.9900 
   4        4   (0)      1 :  0.0070 0.9930 
   5        5   (0)      1 :  0.0368 0.9632 
   6        6   (0)      1 :  0.0130 0.9870 
   7        7   (0)      1 :  0.0790 0.9210 
   8        8   (5)      1 :  0.0080 0.9920 
   9        9   (0)      1 :  0.0080 0.9920 
  10       10   (0)      1 :  0.0310 0.9690 
  11       11   (0)      1 :  0.0190 0.9810 
  12       12   (0)      1 :  0.0184 0.9816 
  13       13   (0)      1 :  0.0100 0.9900 
  14       14   (0)      1 :  0.0140 0.9860 
  15       15   (0)      1 :  0.0100 0.9900 
  16       16   (0)      1 :  0.0070 0.9930 
  17       17   (0)      1 :  0.0080 0.9920 
  18       18   (0)      1 :  0.0200 0.9800 
  19       19   (0)      1 :  0.0080 0.9920 
  20       20   (0)      1 :  0.0340 0.9660 
  21       21   (0)      1 :  0.0080 0.9920 
  22       22   (0)      1 :  0.0070 0.9930 
  23       23   (0)      1 :  0.0070 0.9930 
  24       24   (0)      1 :  0.0090 0.9910 
  25       25   (0)      1 :  0.0310 0.9690 
  26       26   (0)      1 :  0.0110 0.9890 
  27       27   (5)      1 :  0.0510 0.9490 
  28       28   (0)      1 :  0.0130 0.9870 
  29       29   (0)      1 :  0.0080 0.9920 
  30       30   (0)      1 :  0.0526 0.9474 
  31       31   (0)      1 :  0.0090 0.9910 
  32       32   (0)      1 :  0.0140 0.9860 
  33       33   (0)      1 :  0.0070 0.9930 
  34       34   (0)      1 :  0.0070 0.9930 
  35       35   (0)      1 :  0.0270 0.9730 
  36       36   (0)      1 :  0.0190 0.9810 
  37       37   (0)      1 :  0.0190 0.9810 
  38       38   (0)      1 :  0.0112 0.9888 
  39       39   (0)      1 :  0.0408 0.9592 
  40       40   (0)      1 :  0.0120 0.9880 
  41       41   (0)      1 :  0.0120 0.9880 
  42       42   (0)      1 :  0.0070 0.9930 
  43       43   (0)      1 :  0.0130 0.9870 
  44       44   (0)      1 :  0.0070 0.9930 
  45       45   (5)      1 :  0.0190 0.9810 
  46       46   (0)      1 :  0.0080 0.9920 
  47       47   (0)      1 :  0.0170 0.9830 
  48       48   (0)      1 :  0.0160 0.9840 
  49       49   (0)      1 :  0.0130 0.9870 
  50       50   (0)      1 :  0.0130 0.9870 
  51       51   (0)      1 :  0.0150 0.9850 
  52       52   (0)      1 :  0.0340 0.9660 
  53       53   (0)      1 :  0.0114 0.9886 
  54       54   (0)      1 :  0.0170 0.9830 
  55       55   (0)      1 :  0.0140 0.9860 
  56       56   (0)      1 :  0.0090 0.9910 
  57       57  (10)      1 :  0.0100 0.9900 
  58       58   (5)      1 :  0.0170 0.9830 
  59       59   (0)      1 :  0.0130 0.9870 
  60       60   (0)      1 :  0.0100 0.9900 
  61       61   (0)      1 :  0.0140 0.9860 
  62       62   (0)      1 :  0.0180 0.9820 
  63       63   (0)      1 :  0.0208 0.9792 
  64       64   (0)      1 :  0.0130 0.9870 
  65       65   (0)      1 :  0.0290 0.9710 
  66       66   (0)      1 :  0.0090 0.9910 
  67       67   (5)      1 :  0.0130 0.9870 
  68       68   (0)      1 :  0.0248 0.9752 
  69       69   (0)      1 :  0.0210 0.9790 
  70       70   (0)      1 :  0.0170 0.9830 
  71       71   (5)      1 :  0.0170 0.9830 
  72       72   (0)      1 :  0.0160 0.9840 
  73       73   (5)      1 :  0.0120 0.9880 
  74       74  (10)      1 :  0.0160 0.9840 
  75       75  (10)      1 :  0.0120 0.9880 
  76       76   (0)      1 :  0.0090 0.9910 
  77       77  (10)      1 :  0.0100 0.9900 
  78       78   (0)      1 :  0.0150 0.9850 
  79       79   (5)      1 :  0.0240 0.9760 
  80       80   (0)      1 :  0.0080 0.9920 
  81       81   (0)      1 :  0.0080 0.9920 
  82       82   (0)      1 :  0.0080 0.9920 
  83       83   (0)      1 :  0.0150 0.9850 
  84       84   (0)      1 :  0.0160 0.9840 
  85       85   (0)      1 :  0.0080 0.9920 
  86       86   (5)      1 :  0.0110 0.9890 
  87       87   (0)      1 :  0.0100 0.9900 
  88       88   (0)      1 :  0.0520 0.9480 
  89       89   (0)      1 :  0.0120 0.9880 
  90       90   (0)      1 :  0.0150 0.9850 
  91       91   (0)      1 :  0.0150 0.9850 
  92       92   (0)      1 :  0.0150 0.9850 
  93       93   (0)      1 :  0.0090 0.9910 
  94       94   (5)      1 :  0.0100 0.9900 
  95       95   (0)      1 :  0.0110 0.9890 
  96       96   (5)      1 :  0.0090 0.9910 
  97       97   (0)      1 :  0.0180 0.9820 
  98       98   (0)      1 :  0.0140 0.9860 
  99       99   (5)      1 :  0.0100 0.9900 
 100      100   (5)      1 :  0.0080 0.9920 
 101      101   (0)      2 :  0.0110 0.9890 
 102      102   (0)      2 :  0.0530 0.9470 
 103      103   (0)      2 :  0.0140 0.9860 
 104      104   (0)      2 :  0.0270 0.9730 
 105      105   (0)      2 :  0.0140 0.9860 
 106      106   (0)      2 :  0.0160 0.9840 
 107      107   (0)      2 :  0.0110 0.9890 
 108      108   (0)      2 :  0.0080 0.9920 
 109      109   (0)      2 :  0.0100 0.9900 
 110      110   (0)      2 :  0.0100 0.9900 
 111      111   (0)      2 :  0.0140 0.9860 
 112      112   (0)      2 :  0.0098 0.9902 
 113      113   (0)      2 :  0.0190 0.9810 
 114      114   (0)      2 :  0.0130 0.9870 
 115      115   (0)      2 :  0.0130 0.9870 
 116      116   (0)      2 :  0.0340 0.9660 
 117      117   (0)      2 :  0.0070 0.9930 
 118      118   (0)      2 :  0.0070 0.9930 
 119      119   (0)      2 :  0.0170 0.9830 
 120      120   (0)      2 :  0.0100 0.9900 
 121      121   (0)      2 :  0.0230 0.9770 
 122      122   (0)      2 :  0.0100 0.9900 
 123      123   (0)      2 :  0.0070 0.9930 
 124      124   (0)      2 :  0.0148 0.9852 
 125      125   (0)      2 :  0.0080 0.9920 
 126      126   (0)      2 :  0.0150 0.9850 
 127      127   (0)      2 :  0.0158 0.9842 
 128      128   (0)      2 :  0.0080 0.9920 
 129      129   (0)      2 :  0.0100 0.9900 
 130      130   (0)      2 :  0.0092 0.9908 
 131      131   (0)      2 :  0.0110 0.9890 
 132      132   (0)      2 :  0.0180 0.9820 
 133      133   (0)      2 :  0.0080 0.9920 
 134      134   (0)      2 :  0.0100 0.9900 
 135      135   (0)      2 :  0.0110 0.9890 
 136      136   (0)      2 :  0.0092 0.9908 
 137      137   (0)      2 :  0.0120 0.9880 
 138      138   (0)      2 :  0.0080 0.9920 
 139      139   (0)      2 :  0.0090 0.9910 
 140      140   (0)      2 :  0.0080 0.9920 
 141      141   (0)      2 :  0.0150 0.9850 
 142      142   (0)      2 :  0.0170 0.9830 
 143      143   (0)      2 :  0.0090 0.9910 
 144      144   (0)      2 :  0.0110 0.9890 
 145      145   (0)      2 :  0.0140 0.9860 
 146      146   (0)      2 :  0.0246 0.9754 
 147      147   (0)      2 :  0.0070 0.9930 
 148      148   (0)      2 :  0.0080 0.9920 
 149      149   (0)      2 :  0.0220 0.9780 
 150      150   (0)      2 :  0.0150 0.9850 
 151      151   (0)      2 :  0.0210 0.9790 
 152      152   (0)      2 :  0.0130 0.9870 
 153      153   (0)      2 :  0.0130 0.9870 
 154      154   (0)      2 :  0.0150 0.9850 
 155      155   (0)      2 :  0.0130 0.9870 
 156      156   (0)      2 :  0.0080 0.9920 
 157      157   (0)      2 :  0.0130 0.9870 
 158      158   (0)      2 :  0.0070 0.9930 
 159      159   (0)      2 :  0.0110 0.9890 
 160      160   (0)      2 :  0.0120 0.9880 
 161      161   (0)      2 :  0.0080 0.9920 
 162      162   (0)      2 :  0.0150 0.9850 
 163      163   (0)      2 :  0.0090 0.9910 
 164      164   (0)      2 :  0.0090 0.9910 
 165      165   (0)      2 :  0.0100 0.9900 
 166      166   (0)      2 :  0.0110 0.9890 
 167      167   (0)      2 :  0.0080 0.9920 
 168      168   (0)      2 :  0.0250 0.9750 
 169      169   (0)      2 :  0.0140 0.9860 
 170      170   (0)      2 :  0.0080 0.9920 
 171      171   (0)      2 :  0.0180 0.9820 
 172      172   (0)      2 :  0.0160 0.9840 
 173      173   (0)      2 :  0.0230 0.9770 
 174      174   (0)      2 :  0.0200 0.9800 
 175      175   (0)      2 :  0.0120 0.9880 
 176      176   (0)      2 :  0.0602 0.9398 
 177      177   (0)      2 :  0.0110 0.9890 
 178      178   (0)      2 :  0.0130 0.9870 
 179      179   (0)      2 :  0.0150 0.9850 
 180      180   (0)      2 :  0.0100 0.9900 
 181      181   (0)      2 :  0.0140 0.9860 
 182      182   (0)      2 :  0.0130 0.9870 
 183      183   (0)      2 :  0.0060 0.9940 
 184      184   (0)      2 :  0.0100 0.9900 
 185      185   (0)      2 :  0.0080 0.9920 
 186      186   (0)      2 :  0.0646 0.9354 
 187      187   (0)      2 :  0.0170 0.9830 
 188      188   (0)      2 :  0.0140 0.9860 
 189      189   (0)      2 :  0.0080 0.9920 
 190      190   (0)      2 :  0.0410 0.9590 
 191      191   (0)      2 :  0.0622 0.9378 
 192      192   (0)      2 :  0.0200 0.9800 
 193      193   (0)      2 :  0.0100 0.9900 
 194      194   (0)      2 :  0.0080 0.9920 
 195      195   (0)      2 :  0.0080 0.9920 
 196      196   (0)      2 :  0.0090 0.9910 
 197      197   (0)      2 :  0.0120 0.9880 
 198      198   (0)      2 :  0.0130 0.9870 
 199      199   (0)      2 :  0.0150 0.9850 
 200      200   (0)      2 :  0.0342 0.9658 
 201      201   (0)      2 :  0.0116 0.9884 
 202      202   (0)      2 :  0.0130 0.9870 
 203      203   (0)      2 :  0.0130 0.9870 
 204      204   (0)      2 :  0.0170 0.9830 
 205      205   (0)      2 :  0.0380 0.9620 
 206      206   (0)      2 :  0.0070 0.9930 
 207      207   (0)      2 :  0.0110 0.9890 
 208      208   (0)      2 :  0.0180 0.9820 
 209      209   (0)      2 :  0.0080 0.9920 
 210      210   (0)      2 :  0.0130 0.9870 
 211      211   (0)      2 :  0.1070 0.8930 
 212      212   (0)      2 :  0.0220 0.9780 
 213      213   (0)      2 :  0.0120 0.9880 
 214      214   (0)      2 :  0.0080 0.9920 
 215      215   (0)      2 :  0.0130 0.9870 
 216      216   (0)      2 :  0.0140 0.9860 
 217      217   (0)      2 :  0.0080 0.9920 
 218      218   (0)      2 :  0.0170 0.9830 
 219      219   (0)      2 :  0.0062 0.9938 
 220      220   (0)      2 :  0.0144 0.9856 
 221      221   (0)      2 :  0.0250 0.9750 
 222      222   (0)      2 :  0.0100 0.9900 
 223      223   (0)      2 :  0.0070 0.9930 
 224      224   (0)      2 :  0.0100 0.9900 
 225      225   (0)      2 :  0.0122 0.9878 
 226      226   (0)      2 :  0.0300 0.9700 
 227      227   (0)      2 :  0.0110 0.9890 
 228      228   (0)      2 :  0.0120 0.9880 
 229      229   (0)      2 :  0.0260 0.9740 
 230      230   (0)      2 :  0.0200 0.9800 
 231      231   (0)      2 :  0.0120 0.9880 
 232      232   (0)      2 :  0.0082 0.9918 
 233      233   (0)      2 :  0.0174 0.9826 
 234      234   (0)      2 :  0.0120 0.9880 
 235      235   (0)      2 :  0.0174 0.9826 
 236      236   (0)      2 :  0.0250 0.9750 
 237      237   (0)      2 :  0.0120 0.9880 
 238      238   (0)      2 :  0.0150 0.9850 
 239      239   (0)      2 :  0.0130 0.9870 
 240      240   (0)      2 :  0.0110 0.9890 
 241      241   (0)      2 :  0.0110 0.9890 
 242      242   (0)      2 :  0.0080 0.9920 
 243      243   (0)      2 :  0.0110 0.9890 
 244      244   (0)      2 :  0.0100 0.9900 
 245      245   (0)      2 :  0.0250 0.9750 
 246      246   (0)      2 :  0.0120 0.9880 
 247      247   (0)      2 :  0.0090 0.9910 
 248      248   (0)      2 :  0.0080 0.9920 
 249      249   (0)      2 :  0.0180 0.9820 
 250      250   (0)      2 :  0.0110 0.9890 
 251      251   (0)      2 :  0.0080 0.9920 
 252      252   (0)      2 :  0.0536 0.9464 
 253      253   (0)      2 :  0.0090 0.9910 
 254      254   (0)      2 :  0.0110 0.9890 
 255      255   (0)      2 :  0.0218 0.9782 
 256      256   (0)      2 :  0.0110 0.9890 
 257      257   (0)      2 :  0.0164 0.9836 
 258      258   (0)      2 :  0.0160 0.9840 
 259      259   (0)      2 :  0.0094 0.9906 
 260      260   (0)      2 :  0.0196 0.9804 
 261      261   (0)      2 :  0.0090 0.9910 
 262      262   (0)      2 :  0.0250 0.9750 
 263      263   (0)      2 :  0.0070 0.9930 
 264      264   (0)      2 :  0.0100 0.9900 
 265      265   (0)      2 :  0.0220 0.9780 
 266      266   (0)      2 :  0.0190 0.9810 
 267      267   (0)      2 :  0.0090 0.9910 
 268      268   (0)      2 :  0.0070 0.9930 
 269      269   (0)      2 :  0.0204 0.9796 
 270      270   (0)      2 :  0.0210 0.9790 
 271      271   (0)      2 :  0.0400 0.9600 
 272      272   (0)      2 :  0.0090 0.9910 
 273      273   (0)      2 :  0.0100 0.9900 
 274      274   (0)      2 :  0.0080 0.9920 
 275      275   (0)      2 :  0.0660 0.9340 
 276      276   (0)      2 :  0.0060 0.9940 
 277      277   (0)      2 :  0.0110 0.9890 
 278      278   (0)      2 :  0.0110 0.9890 
 279      279   (0)      2 :  0.0080 0.9920 
 280      280   (0)      2 :  0.0090 0.9910 
 281      281   (0)      2 :  0.0070 0.9930 
 282      282   (0)      2 :  0.0070 0.9930 
 283      283   (0)      2 :  0.0200 0.9800 
 284      284   (0)      2 :  0.0070 0.9930 
 285      285   (0)      2 :  0.0080 0.9920 
 286      286   (0)      2 :  0.0660 0.9340 
 287      287   (0)      2 :  0.0270 0.9730 
 288      288   (0)      2 :  0.0130 0.9870 
 289      289   (0)      2 :  0.0100 0.9900 
 290      290   (0)      2 :  0.0144 0.9856 
 291      291   (0)      2 :  0.0130 0.9870 
 292      292   (0)      2 :  0.0090 0.9910 
 293      293   (0)      2 :  0.0110 0.9890 
 294      294   (0)      2 :  0.0106 0.9894 
 295      295   (0)      2 :  0.0100 0.9900 
 296      296   (0)      2 :  0.0160 0.9840 
 297      297   (0)      2 :  0.0090 0.9910 
 298      298   (0)      2 :  0.0310 0.9690 
 299      299   (0)      2 :  0.0140 0.9860 
 300      300   (0)      2 :  0.0100 0.9900 
 301      301   (0)      2 :  0.0110 0.9890 
 302      302   (0)      2 :  0.0080 0.9920 
 303      303   (0)      2 :  0.0130 0.9870 
 304      304   (0)      2 :  0.0100 0.9900 
 305      305   (0)      2 :  0.0090 0.9910 
 306      306   (0)      2 :  0.0090 0.9910 
 307      307   (0)      2 :  0.0140 0.9860 
 308      308   (0)      2 :  0.0140 0.9860 
 309      309   (0)      2 :  0.0180 0.9820 
 310      310   (0)      2 :  0.0080 0.9920 
 311      311   (0)      2 :  0.0120 0.9880 
 312      312   (0)      2 :  0.0150 0.9850 
 313      313   (0)      2 :  0.0250 0.9750 
 314      314   (0)      2 :  0.0112 0.9888 
 315      315   (0)      2 :  0.0090 0.9910 
 316      316   (0)      2 :  0.0096 0.9904 
 317      317   (0)      2 :  0.0120 0.9880 
 318      318   (0)      2 :  0.0080 0.9920 
 319      319   (0)      2 :  0.0300 0.9700 
 320      320   (0)      2 :  0.0130 0.9870 
 321      321   (0)      2 :  0.0210 0.9790 
 322      322   (0)      2 :  0.0120 0.9880 
 323      323   (0)      2 :  0.0170 0.9830 
 324      324   (0)      2 :  0.0280 0.9720 
 325      325   (0)      2 :  0.0130 0.9870 
 326      326   (0)      2 :  0.0050 0.9950 
 327      327   (0)      2 :  0.0100 0.9900 
 328      328   (0)      2 :  0.0190 0.9810 
 329      329   (0)      2 :  0.0160 0.9840 
 330      330   (0)      2 :  0.0070 0.9930 
 331      331   (0)      2 :  0.0170 0.9830 
 332      332   (0)      2 :  0.0134 0.9866 
 333      333   (0)      2 :  0.0080 0.9920 
 334      334   (0)      2 :  0.0090 0.9910 
 335      335   (0)      2 :  0.0334 0.9666 
 336      336   (0)      2 :  0.0210 0.9790 
 337      337   (0)      2 :  0.0110 0.9890 
 338      338   (0)      2 :  0.0080 0.9920 
 339      339   (0)      2 :  0.0100 0.9900 
 340      340   (0)      2 :  0.0130 0.9870 
 341      341   (0)      2 :  0.0230 0.9770 
 342      342   (0)      2 :  0.0090 0.9910 
 343      343   (0)      2 :  0.0100 0.9900 
 344      344   (0)      2 :  0.0100 0.9900 
 345      345   (0)      2 :  0.0180 0.9820 
 346      346   (0)      2 :  0.0278 0.9722 
 347      347   (0)      2 :  0.0070 0.9930 
 348      348   (0)      2 :  0.0110 0.9890 
 349      349   (0)      2 :  0.0220 0.9780 
 350      350   (0)      2 :  0.0230 0.9770 
 351      351   (0)      2 :  0.0180 0.9820 
 352      352   (0)      2 :  0.0080 0.9920 
 353      353   (0)      2 :  0.0150 0.9850 
 354      354   (0)      2 :  0.0120 0.9880 
 355      355   (0)      2 :  0.0130 0.9870 
 356      356   (0)      2 :  0.0070 0.9930 
 357      357   (0)      2 :  0.0290 0.9710 
 358      358   (0)      2 :  0.0196 0.9804 
 359      359   (0)      2 :  0.0280 0.9720 
 360      360   (0)      2 :  0.0060 0.9940 
 361      361   (0)      2 :  0.0100 0.9900 
 362      362   (0)      2 :  0.0230 0.9770 
 363      363   (0)      2 :  0.0080 0.9920 
 364      364   (0)      2 :  0.0110 0.9890 
 365      365   (0)      2 :  0.0080 0.9920 
 366      366   (0)      2 :  0.0070 0.9930 
 367      367   (0)      2 :  0.0130 0.9870 
 368      368   (0)      2 :  0.0130 0.9870 
 369      369   (0)      2 :  0.0070 0.9930 
 370      370   (0)      2 :  0.0578 0.9422 
 371      371   (0)      2 :  0.0820 0.9180 
 372      372   (0)      2 :  0.0112 0.9888 
 373      373   (0)      2 :  0.0660 0.9340 
 374      374   (0)      2 :  0.0100 0.9900 
 375      375   (0)      2 :  0.0110 0.9890 
 376      376   (0)      2 :  0.0162 0.9838 
 377      377   (0)      2 :  0.0380 0.9620 
 378      378   (0)      2 :  0.0090 0.9910 
 379      379   (0)      2 :  0.0210 0.9790 
 380      380   (0)      2 :  0.0090 0.9910 
 381      381   (0)      2 :  0.0088 0.9912 
 382      382   (0)      2 :  0.0140 0.9860 
 383      383   (0)      2 :  0.0090 0.9910 
 384      384   (0)      2 :  0.0160 0.9840 
 385      385   (0)      2 :  0.0210 0.9790 
 386      386   (0)      2 :  0.0070 0.9930 
 387      387   (0)      2 :  0.0170 0.9830 
 388      388   (0)      2 :  0.0070 0.9930 
 389      389   (0)      2 :  0.0140 0.9860 
 390      390   (0)      2 :  0.0140 0.9860 
 391      391   (0)      2 :  0.0334 0.9666 
 392      392   (0)      2 :  0.0080 0.9920 
 393      393   (0)      2 :  0.0110 0.9890 
 394      394   (0)      2 :  0.0190 0.9810 
 395      395   (0)      2 :  0.0110 0.9890 
 396      396   (0)      2 :  0.0318 0.9682 
 397      397   (0)      2 :  0.0330 0.9670 
 398      398   (0)      2 :  0.0130 0.9870 
 399      399   (0)      2 :  0.0130 0.9870 
 400      400   (0)      2 :  0.0290 0.9710 
 401      401   (0)      2 :  0.0210 0.9790 
 402      402   (0)      2 :  0.0094 0.9906 
 403      403   (0)      2 :  0.0222 0.9778 
 404      404   (0)      2 :  0.0178 0.9822 
 405      405   (0)      2 :  0.0130 0.9870 
 406      406   (0)      2 :  0.0140 0.9860 
 407      407   (0)      2 :  0.0080 0.9920 
 408      408   (0)      2 :  0.0480 0.9520 
 409      409   (0)      2 :  0.0336 0.9664 
 410      410   (0)      2 :  0.0080 0.9920 
 411      411   (0)      2 :  0.0080 0.9920 
 412      412   (0)      2 :  0.0180 0.9820 
 413      413   (0)      2 :  0.0280 0.9720 
 414      414   (0)      2 :  0.0110 0.9890 
 415      415   (0)      2 :  0.0100 0.9900 
 416      416   (0)      2 :  0.0260 0.9740 
 417      417   (0)      2 :  0.0140 0.9860 
 418      418   (0)      2 :  0.0120 0.9880 
 419      419   (0)      2 :  0.0090 0.9910 
 420      420   (0)      2 :  0.0210 0.9790 
 421      421   (0)      2 :  0.0100 0.9900 
 422      422   (0)      2 :  0.0090 0.9910 
 423      423   (0)      2 :  0.0090 0.9910 
 424      424   (0)      2 :  0.0490 0.9510 
 425      425   (0)      2 :  0.0180 0.9820 
 426      426   (0)      2 :  0.0440 0.9560 
 427      427   (0)      2 :  0.0182 0.9818 
 428      428   (0)      2 :  0.0110 0.9890 
 429      429   (0)      2 :  0.0310 0.9690 
 430      430   (0)      2 :  0.0080 0.9920 
 431      431   (0)      2 :  0.0190 0.9810 
 432      432   (0)      2 :  0.0090 0.9910 
 433      433   (0)      2 :  0.0060 0.9940 
 434      434   (0)      2 :  0.0070 0.9930 
 435      435   (0)      2 :  0.0180 0.9820 
 436      436   (0)      2 :  0.0290 0.9710 
 437      437   (0)      2 :  0.0100 0.9900 
 438      438   (0)      2 :  0.0110 0.9890 
 439      439   (0)      2 :  0.0100 0.9900 
 440      440   (0)      2 :  0.0140 0.9860 
 441      441   (0)      2 :  0.0090 0.9910 
 442      442   (0)      2 :  0.0140 0.9860 
 443      443   (0)      2 :  0.0110 0.9890 
 444      444   (0)      2 :  0.0130 0.9870 
 445      445   (0)      2 :  0.0100 0.9900 
 446      446   (0)      2 :  0.0380 0.9620 
 447      447   (0)      2 :  0.0140 0.9860 
 448      448   (0)      2 :  0.0100 0.9900 
 449      449   (0)      2 :  0.0120 0.9880 
 450      450   (0)      2 :  0.0078 0.9922 
 451      451   (0)      2 :  0.0160 0.9840 
 452      452   (0)      2 :  0.0280 0.9720 
 453      453   (0)      2 :  0.0080 0.9920 
 454      454   (0)      2 :  0.0140 0.9860 
 455      455   (0)      2 :  0.0140 0.9860 
 456      456   (0)      2 :  0.0110 0.9890 
 457      457   (0)      2 :  0.0070 0.9930 
 458      458   (0)      2 :  0.0150 0.9850 
 459      459   (0)      2 :  0.0194 0.9806 
 460      460   (0)      2 :  0.0110 0.9890 
 461      461   (0)      2 :  0.0090 0.9910 
 462      462   (0)      2 :  0.0110 0.9890 
 463      463   (0)      2 :  0.0218 0.9782 
 464      464   (0)      2 :  0.0060 0.9940 
 465      465   (0)      2 :  0.0222 0.9778 
 466      466   (0)      2 :  0.0200 0.9800 
 467      467   (0)      2 :  0.0080 0.9920 
 468      468   (0)      2 :  0.0350 0.9650 
 469      469   (0)      2 :  0.0060 0.9940 
 470      470   (0)      2 :  0.0740 0.9260 
 471      471   (0)      2 :  0.0090 0.9910 
 472      472   (0)      2 :  0.0108 0.9892 
 473      473   (0)      2 :  0.0200 0.9800 
 474      474   (0)      2 :  0.0070 0.9930 
 475      475   (0)      2 :  0.0814 0.9186 
 476      476   (0)      2 :  0.0268 0.9732 
 477      477   (0)      2 :  0.0082 0.9918 
 478      478   (0)      2 :  0.0180 0.9820 
 479      479   (0)      2 :  0.0130 0.9870 
 480      480   (0)      2 :  0.0080 0.9920 
 481      481   (0)      2 :  0.0140 0.9860 
 482      482   (0)      2 :  0.0220 0.9780 
 483      483   (0)      2 :  0.0150 0.9850 
 484      484   (0)      2 :  0.0090 0.9910 
 485      485   (0)      2 :  0.0300 0.9700 
 486      486   (0)      2 :  0.0100 0.9900 
 487      487   (0)      2 :  0.0200 0.9800 
 488      488   (0)      2 :  0.0080 0.9920 
 489      489   (0)      2 :  0.0100 0.9900 
 490      490   (0)      2 :  0.0080 0.9920 
 491      491   (0)      2 :  0.0150 0.9850 
 492      492   (0)      2 :  0.0190 0.9810 
 493      493   (0)      2 :  0.0160 0.9840 
 494      494   (0)      2 :  0.0150 0.9850 
 495      495   (0)      2 :  0.0110 0.9890 
 496      496   (0)      2 :  0.0080 0.9920 
 497      497   (0)      2 :  0.0120 0.9880 
 498      498   (0)      2 :  0.0080 0.9920 
 499      499   (0)      2 :  0.0150 0.9850 
 500      500   (0)      2 :  0.0110 0.9890 
 501      501   (0)      3 :  0.1030 0.8970 
 502      502   (0)      3 :  0.1192 0.8808 
 503      503   (0)      3 :  0.3040 0.6960 
 504      504   (0)      3 :  0.2348 0.7652 
 505      505   (0)      3 :  0.0250 0.9750 
 506      506   (0)      3 :  0.0130 0.9870 
 507      507   (0)      3 :  0.0664 0.9336 
 508      508   (0)      3 :  0.1866 0.8134 
 509      509   (0)      3 :  0.0808 0.9192 
 510      510   (0)      3 :  0.1544 0.8456 
 511      511   (0)      3 :  0.0828 0.9172 
 512      512   (0)      3 :  0.0750 0.9250 
 513      513   (0)      3 :  0.0740 0.9260 
 514      514   (0)      3 :  0.0140 0.9860 
 515      515   (0)      3 :  0.0704 0.9296 
 516      516   (0)      3 :  0.0300 0.9700 
 517      517   (0)      3 :  0.0230 0.9770 
 518      518   (0)      3 :  0.0090 0.9910 
 519      519   (0)      3 :  0.0200 0.9800 
 520      520   (0)      3 :  0.0380 0.9620 
 521      521   (0)      3 :  0.3172 0.6828 
 522      522   (0)      3 :  0.0122 0.9878 
 523      523   (0)      3 :  0.1120 0.8880 
 524      524   (0)      3 :  0.0470 0.9530 
 525      525   (0)      3 :  0.1420 0.8580 
 526      526   (0)      3 :  0.0150 0.9850 
 527      527   (0)      3 :  0.1160 0.8840 
 528      528   (0)      3 :  0.1320 0.8680 
 529      529   (0)      3 :  0.0860 0.9140 
 530      530   (0)      3 :  0.0786 0.9214 
 531      531   (0)      3 :  0.0280 0.9720 
 532      532   (0)      3 :  0.3102 0.6898 
 533      533   (0)      3 :  0.0652 0.9348 
 534      534   (0)      3 :  0.0250 0.9750 
 535      535   (0)      3 :  0.1384 0.8616 
 536      536   (0)      3 :  0.0770 0.9230 
 537      537   (0)      3 :  0.0130 0.9870 
 538      538   (0)      3 :  0.0180 0.9820 
 539      539   (0)      3 :  0.2280 0.7720 
 540      540   (0)      3 :  0.1408 0.8592 
 541      541   (0)      3 :  0.0650 0.9350 
 542      542   (0)      3 :  0.1202 0.8798 
 543      543   (0)      3 :  0.2176 0.7824 
 544      544   (0)      3 :  0.0140 0.9860 
 545      545   (0)      3 :  0.1228 0.8772 
 546      546   (0)      3 :  0.0388 0.9612 
 547      547   (0)      3 :  0.1190 0.8810 
 548      548   (0)      3 :  0.0590 0.9410 
 549      549   (0)      3 :  0.0120 0.9880 
 550      550   (0)      3 :  0.0090 0.9910 
 551      551   (0)      3 :  0.0760 0.9240 
 552      552   (0)      3 :  0.0130 0.9870 
 553      553   (0)      3 :  0.0230 0.9770 
 554      554   (0)      3 :  0.0520 0.9480 
 555      555   (0)      3 :  0.1442 0.8558 
 556      556   (0)      3 :  0.0820 0.9180 
 557      557   (0)      3 :  0.0210 0.9790 
 558      558   (0)      3 :  0.1440 0.8560 
 559      559   (0)      3 :  0.0188 0.9812 
 560      560   (0)      3 :  0.0700 0.9300 
 561      561   (0)      3 :  0.1418 0.8582 
 562      562   (0)      3 :  0.2540 0.7460 
 563      563   (0)      3 :  0.1474 0.8526 
 564      564   (0)      3 :  0.1436 0.8564 
 565      565   (0)      3 :  0.0070 0.9930 
 566      566   (0)      3 :  0.0080 0.9920 
 567      567   (0)      3 :  0.0944 0.9056 
 568      568   (0)      3 :  0.0520 0.9480 
 569      569   (0)      3 :  0.2144 0.7856 
 570      570   (0)      3 :  0.0200 0.9800 
 571      571   (0)      3 :  0.0272 0.9728 
 572      572   (0)      3 :  0.0470 0.9530 
 573      573   (0)      3 :  0.0200 0.9800 
 574      574   (0)      3 :  0.0230 0.9770 
 575      575   (0)      3 :  0.1674 0.8326 
 576      576   (0)      3 :  0.0090 0.9910 
 577      577   (0)      3 :  0.1040 0.8960 
 578      578   (0)      3 :  0.0758 0.9242 
 579      579   (0)      3 :  0.0270 0.9730 
 580      580   (0)      3 :  0.1694 0.8306 
 581      581   (0)      3 :  0.1082 0.8918 
 582      582   (0)      3 :  0.0640 0.9360 
 583      583   (0)      3 :  0.1528 0.8472 
 584      584   (0)      3 :  0.2250 0.7750 
 585      585   (0)      3 :  0.0250 0.9750 
 586      586   (0)      3 :  0.0344 0.9656 
 587      587   (0)      3 :  0.0922 0.9078 
 588      588   (0)      3 :  0.0586 0.9414 
 589      589   (0)      3 :  0.0090 0.9910 
 590      590   (0)      3 :  0.0130 0.9870 
 591      591   (0)      3 :  0.0070 0.9930 
 592      592   (0)      3 :  0.3610 0.6390 
 593      593   (0)      3 :  0.1468 0.8532 
 594      594   (0)      3 :  0.0350 0.9650 
 595      595   (0)      3 :  0.2710 0.7290 
 596      596   (0)      3 :  0.0660 0.9340 
 597      597   (0)      3 :  0.3300 0.6700 
 598      598   (0)      3 :  0.1450 0.8550 
 599      599   (0)      3 :  0.1400 0.8600 
 600      600   (0)      3 :  0.0158 0.9842 
 601      601   (0)      4 :  0.0750 0.9250 
 602      602   (0)      4 :  0.0240 0.9760 
 603      603   (0)      4 :  0.4370 0.5630 
 604      604   (0)      4 :  0.1522 0.8478 
 605      605   (0)      4 :  0.1108 0.8892 
 606      606   (0)      4 :  0.0350 0.9650 
 607      607   (0)      4 :  0.2682 0.7318 
 608      608   (0)      4 :  0.3290 0.6710 
 609      609   (0)      4 :  0.3264 0.6736 
 610      610   (0)      4 :  0.3250 0.6750 
 611      611   (0)      4 :  0.1392 0.8608 
 612      612   (0)      4 :  0.3660 0.6340 
 613      613   (0)      4 :  0.2740 0.7260 
 614      614   (0)      4 :  0.2816 0.7184 
 615      615   (0)      4 :  0.0170 0.9830 
 616      616   (0)      4 :  0.1000 0.9000 
 617      617   (0)      4 :  0.2882 0.7118 
 618      618   (0)      4 :  0.2000 0.8000 
 619      619   (0)      4 :  0.1358 0.8642 
 620      620   (0)      4 :  0.1740 0.8260 
 621      621   (0)      4 :  0.3370 0.6630 
 622      622   (0)      4 :  0.1140 0.8860 
 623      623   (0)      4 :  0.3010 0.6990 
 624      624   (0)      4 :  0.2940 0.7060 
 625      625   (0)      4 :  0.2940 0.7060 
 626      626   (0)      4 :  0.0480 0.9520 
 627      627   (0)      4 :  0.2360 0.7640 
 628      628   (0)      4 :  0.4300 0.5700 
 629      629   (0)      4 :  0.2570 0.7430 
 630      630   (0)      4 :  0.5210 0.4790 
 631      631   (0)      4 :  0.3060 0.6940 
 632      632   (0)      4 :  0.1778 0.8222 
 633      633   (0)      4 :  0.1568 0.8432 
 634      634   (0)      4 :  0.1200 0.8800 
 635      635   (0)      4 :  0.2110 0.7890 
 636      636   (0)      4 :  0.1570 0.8430 
 637      637   (0)      4 :  0.2700 0.7300 
 638      638   (0)      4 :  0.0272 0.9728 
 639      639   (0)      4 :  0.3888 0.6112 
 640      640   (0)      4 :  0.1290 0.8710 
 641      641   (0)      4 :  0.4250 0.5750 
 642      642   (0)      4 :  0.2640 0.7360 
 643      643   (0)      4 :  0.3550 0.6450 
 644      644   (0)      4 :  0.1558 0.8442 
 645      645   (0)      4 :  0.1128 0.8872 
 646      646   (0)      4 :  0.4010 0.5990 
 647      647   (0)      4 :  0.4358 0.5642 
 648      648   (0)      4 :  0.2192 0.7808 
 649      649   (0)      4 :  0.0950 0.9050 
 650      650   (0)      4 :  0.4680 0.5320 
 651      651   (0)      4 :  0.2100 0.7900 
 652      652   (0)      4 :  0.1048 0.8952 
 653      653   (0)      4 :  0.1092 0.8908 
 654      654   (0)      4 :  0.3826 0.6174 
 655      655   (0)      4 :  0.3730 0.6270 
 656      656   (0)      4 :  0.1168 0.8832 
 657      657   (0)      4 :  0.1530 0.8470 
 658      658   (0)      4 :  0.2974 0.7026 
 659      659   (0)      4 :  0.2220 0.7780 
 660      660   (0)      4 :  0.2490 0.7510 
 661      661   (0)      4 :  0.0638 0.9362 
 662      662   (0)      4 :  0.1190 0.8810 
 663      663   (0)      4 :  0.0910 0.9090 
 664      664   (0)      4 :  0.4252 0.5748 
 665      665   (0)      4 :  0.2882 0.7118 
 666      666   (0)      4 :  0.2850 0.7150 
 667      667   (0)      4 :  0.4000 0.6000 
 668      668   (0)      4 :  0.3260 0.6740 
 669      669   (0)      4 :  0.5230 0.4770 
 670      670   (0)      4 :  0.1940 0.8060 
 671      671   (0)      4 :  0.4370 0.5630 
 672      672   (0)      4 :  0.2180 0.7820 
 673      673   (0)      4 :  0.4528 0.5472 
 674      674   (0)      4 :  0.0940 0.9060 
 675      675   (0)      4 :  0.2400 0.7600 
 676      676   (0)      4 :  0.2262 0.7738 
 677      677   (0)      4 :  0.2706 0.7294 
 678      678   (0)      4 :  0.0580 0.9420 
 679      679   (0)      4 :  0.2734 0.7266 
 680      680   (0)      4 :  0.2146 0.7854 
 681      681   (0)      4 :  0.2930 0.7070 
 682      682   (0)      4 :  0.0180 0.9820 
 683      683   (0)      4 :  0.4660 0.5340 
 684      684   (0)      4 :  0.3668 0.6332 
 685      685   (0)      4 :  0.3330 0.6670 
 686      686   (0)      4 :  0.1828 0.8172 
 687      687   (0)      4 :  0.2878 0.7122 
 688      688   (0)      4 :  0.2720 0.7280 
 689      689   (0)      4 :  0.0350 0.9650 
 690      690   (0)      4 :  0.3210 0.6790 
 691      691   (0)      4 :  0.0430 0.9570 
 692      692   (0)      4 :  0.1610 0.8390 
 693      693   (0)      4 :  0.2404 0.7596 
 694      694   (0)      4 :  0.2390 0.7610 
 695      695   (0)      4 :  0.2472 0.7528 
 696      696   (0)      4 :  0.2736 0.7264 
 697      697   (0)      4 :  0.2860 0.7140 
 698      698   (0)      4 :  0.1720 0.8280 
 699      699   (0)      4 :  0.1040 0.8960 
 700      700   (0)      4 :  0.1420 0.8580 
 701      701   (5)      5 :  0.3890 0.6110 
 702      702   (0)      5 :  0.6130 0.3870 
 703      703   (0)      5 :  0.4760 0.5240 
 704      704   (5)      5 :  0.5516 0.4484 
 705      705   (5)      5 :  0.5668 0.4332 
 706      706   (0)      5 :  0.6766 0.3234 
 707      707   (0)      6 :  0.5744 0.4256 
 708      708   (0)      6 :  0.5220 0.4780 
 709      709   (0)      6 :  0.4560 0.5440 
 710      710   (0)      6 :  0.3482 0.6518 
 711      711   (0)      6 :  0.4242 0.5758 
 712      712   (0)      6 :  0.3260 0.6740 
 713      713   (0)      6 :  0.6108 0.3892 
 714      714   (0)      6 :  0.3886 0.6114 
 715      715   (0)      6 :  0.4216 0.5784 
 716      716   (0)      6 :  0.5810 0.4190 
 717      717   (0)      6 :  0.3680 0.6320 
 718      718   (0)      6 :  0.5140 0.4860 
 719      719   (0)      6 :  0.4270 0.5730 
 720      720   (0)      6 :  0.5714 0.4286 
 721      721   (0)      6 :  0.4950 0.5050 
 722      722   (0)      6 :  0.5190 0.4810 
 723      723   (0)      6 :  0.5520 0.4480 
 724      724   (0)      6 :  0.4950 0.5050 
 725      725   (0)      6 :  0.4160 0.5840 
 726      726   (0)      6 :  0.5490 0.4510 
 727      727   (0)      6 :  0.3828 0.6172 
 728      728   (0)      6 :  0.4778 0.5222 
 729      729   (0)      6 :  0.3670 0.6330 
 730      730   (0)      6 :  0.4692 0.5308 
 731      731   (0)      6 :  0.5164 0.4836 
 732      732   (0)      6 :  0.5820 0.4180 
 733      733   (0)      6 :  0.4290 0.5710 
 734      734   (0)      6 :  0.4730 0.5270 
 735      735   (0)      6 :  0.5130 0.4870 
 736      736   (0)      6 :  0.6426 0.3574 
 737      737   (0)      6 :  0.3318 0.6682 
 738      738   (0)      6 :  0.6530 0.3470 
 739      739   (0)      6 :  0.4160 0.5840 
 740      740   (0)      6 :  0.3970 0.6030 
 741      741   (0)      6 :  0.5450 0.4550 
 742      742   (0)      6 :  0.4530 0.5470 
 743      743   (0)      6 :  0.6672 0.3328 
 744      744   (0)      6 :  0.4910 0.5090 
 745      745   (0)      6 :  0.2780 0.7220 
 746      746   (0)      6 :  0.6050 0.3950 
 747      747   (0)      6 :  0.6430 0.3570 
 748      748   (0)      6 :  0.5160 0.4840 
 749      749   (0)      6 :  0.4900 0.5100 
 750      750   (0)      6 :  0.6224 0.3776 
 751      751   (0)      6 :  0.6550 0.3450 
 752      752   (0)      6 :  0.6480 0.3520 
 753      753   (0)      6 :  0.5096 0.4904 
 754      754   (0)      6 :  0.3440 0.6560 
 755      755   (0)      6 :  0.3546 0.6454 
 756      756   (0)      6 :  0.4360 0.5640 
 757      757   (0)      6 :  0.4582 0.5418 
 758      758   (0)      6 :  0.2390 0.7610 
 759      759   (0)      6 :  0.4874 0.5126 
 760      760   (0)      6 :  0.5600 0.4400 
 761      761   (0)      6 :  0.4488 0.5512 
 762      762   (0)      6 :  0.4690 0.5310 
 763      763   (0)      6 :  0.4828 0.5172 
 764      764   (0)      6 :  0.5722 0.4278 
 765      765   (0)      6 :  0.6140 0.3860 
 766      766   (0)      6 :  0.5600 0.4400 
 767      767   (0)      6 :  0.4560 0.5440 
 768      768   (0)      6 :  0.5480 0.4520 
 769      769   (0)      6 :  0.4510 0.5490 
 770      770   (0)      6 :  0.5266 0.4734 
 771      771   (0)      6 :  0.5000 0.5000 
 772      772   (0)      6 :  0.1584 0.8416 
 773      773   (0)      6 :  0.5192 0.4808 
 774      774   (0)      6 :  0.6340 0.3660 
 775      775   (0)      6 :  0.4824 0.5176 
 776      776   (0)      6 :  0.4948 0.5052 
 777      777   (0)      6 :  0.5008 0.4992 
 778      778   (0)      6 :  0.5180 0.4820 
 779      779   (0)      6 :  0.3350 0.6650 
 780      780   (0)      6 :  0.4270 0.5730 
 781      781   (0)      6 :  0.5144 0.4856 
 782      782   (0)      6 :  0.4422 0.5578 
 783      783   (0)      6 :  0.4704 0.5296 
 784      784   (0)      6 :  0.4950 0.5050 
 785      785   (0)      6 :  0.4820 0.5180 
 786      786   (0)      6 :  0.4520 0.5480 
 787      787   (0)      6 :  0.4530 0.5470 
 788      788   (0)      6 :  0.4196 0.5804 
 789      789   (0)      6 :  0.1154 0.8846 
 790      790   (0)      6 :  0.5640 0.4360 
 791      791   (0)      6 :  0.4430 0.5570 
 792      792   (0)      6 :  0.3872 0.6128 
 793      793   (0)      6 :  0.4720 0.5280 
 794      794   (0)      6 :  0.3360 0.6640 
 795      795   (0)      6 :  0.5612 0.4388 
 796      796   (0)      6 :  0.3888 0.6112 
 797      797   (0)      6 :  0.4896 0.5104 
 798      798   (0)      6 :  0.5334 0.4666 
 799      799   (0)      6 :  0.4720 0.5280 
 800      800   (0)      6 :  0.4830 0.5170 
 801      801   (0)      6 :  0.5600 0.4400 
 802      802   (0)      6 :  0.5310 0.4690 
 803      803   (0)      6 :  0.4544 0.5456 
 804      804   (0)      6 :  0.5690 0.4310 
 805      805   (0)      6 :  0.4716 0.5284 
 806      806   (0)      6 :  0.5936 0.4064 
 807      807   (0)      7 :  0.8666 0.1334 
 808      808   (0)      7 :  0.7620 0.2380 
 809      809   (0)      8 :  0.6560 0.3440 
 810      810   (0)      8 :  0.9382 0.0618 
 811      811   (0)      8 :  0.6616 0.3384 
 812      812   (0)      8 :  0.7930 0.2070 
 813      813   (0)      8 :  0.8026 0.1974 
 814      814   (0)      8 :  0.7078 0.2922 
 815      815   (0)      8 :  0.6010 0.3990 
 816      816   (0)      8 :  0.7100 0.2900 
 817      817   (0)      8 :  0.9170 0.0830 
 818      818   (0)      8 :  0.6450 0.3550 
 819      819   (0)      8 :  0.7470 0.2530 
 820      820   (0)      8 :  0.8250 0.1750 
 821      821   (0)      8 :  0.7720 0.2280 
 822      822   (0)      8 :  0.7580 0.2420 
 823      823   (0)      8 :  0.9238 0.0762 
 824      824   (0)      8 :  0.7330 0.2670 
 825      825   (0)      8 :  0.6032 0.3968 
 826      826   (0)      8 :  0.7480 0.2520 
 827      827   (0)      8 :  0.7650 0.2350 
 828      828   (0)      8 :  0.8470 0.1530 
 829      829   (0)      8 :  0.7460 0.2540 
 830      830   (0)      8 :  0.8190 0.1810 
 831      831   (0)      8 :  0.6720 0.3280 
 832      832   (0)      8 :  0.7330 0.2670 
 833      833   (0)      8 :  0.8090 0.1910 
 834      834   (0)      8 :  0.8000 0.2000 
 835      835   (0)      8 :  0.6410 0.3590 
 836      836   (0)      8 :  0.6150 0.3850 
 837      837   (0)      8 :  0.8182 0.1818 
 838      838   (0)      8 :  0.5750 0.4250 
 839      839   (0)      8 :  0.7650 0.2350 
 840      840   (0)      8 :  0.8104 0.1896 
 841      841   (0)      8 :  0.9566 0.0434 
 842      842   (0)      8 :  0.4550 0.5450 
 843      843   (0)      8 :  0.7660 0.2340 
 844      844   (0)      8 :  0.9370 0.0630 
 845      845   (0)      8 :  0.6232 0.3768 
 846      846   (0)      8 :  0.6330 0.3670 
 847      847   (0)      8 :  0.7940 0.2060 
 848      848   (0)      8 :  0.7964 0.2036 
 849      849   (0)      8 :  0.7910 0.2090 
 850      850   (0)      8 :  0.6414 0.3586 
 851      851   (0)      8 :  0.7198 0.2802 
 852      852   (0)      8 :  0.5270 0.4730 
 853      853   (0)      8 :  0.9560 0.0440 
 854      854   (0)      8 :  0.6010 0.3990 
 855      855   (0)      8 :  0.6260 0.3740 
 856      856   (0)      8 :  0.7320 0.2680 
 857      857   (0)      8 :  0.7610 0.2390 
 858      858   (0)      8 :  0.6830 0.3170 
 859      859   (0)      8 :  0.8328 0.1672 
 860      860   (0)      8 :  0.8650 0.1350 
 861      861   (0)      8 :  0.7444 0.2556 
 862      862   (0)      8 :  0.8060 0.1940 
 863      863   (0)      8 :  0.7610 0.2390 
 864      864   (0)      8 :  0.7840 0.2160 
 865      865   (0)      8 :  0.7128 0.2872 
 866      866   (0)      8 :  0.9740 0.0260 
 867      867   (0)      8 :  0.8380 0.1620 
 868      868   (0)      8 :  0.6350 0.3650 
 869      869   (0)      8 :  0.7680 0.2320 
 870      870   (0)      8 :  0.6450 0.3550 
 871      871   (0)      8 :  0.8870 0.1130 
 872      872   (0)      8 :  0.7730 0.2270 
 873      873   (0)      8 :  0.6620 0.3380 
 874      874   (0)      8 :  0.9730 0.0270 
 875      875   (0)      8 :  0.6060 0.3940 
 876      876   (0)      8 :  0.5914 0.4086 
 877      877   (0)      8 :  0.7660 0.2340 
 878      878   (0)      8 :  0.5730 0.4270 
 879      879   (0)      8 :  0.7330 0.2670 
 880      880   (0)      8 :  0.8410 0.1590 
 881      881   (0)      8 :  0.7460 0.2540 
 882      882   (0)      8 :  0.9558 0.0442 
 883      883   (0)      8 :  0.8210 0.1790 
 884      884   (0)      8 :  0.6190 0.3810 
 885      885   (0)      8 :  0.6178 0.3822 
 886      886   (0)      8 :  0.6896 0.3104 
 887      887   (0)      8 :  0.9840 0.0160 
 888      888   (0)      8 :  0.9232 0.0768 
 889      889   (0)      8 :  0.7460 0.2540 
 890      890   (0)      8 :  0.6940 0.3060 
 891      891   (0)      8 :  0.5522 0.4478 
 892      892   (0)      8 :  0.7020 0.2980 
 893      893   (0)      8 :  0.7838 0.2162 
 894      894   (0)      8 :  0.8410 0.1590 
 895      895   (0)      8 :  0.6278 0.3722 
 896      896   (0)      8 :  0.9528 0.0472 
 897      897   (0)      8 :  0.5850 0.4150 
 898      898   (0)      8 :  0.6710 0.3290 
 899      899   (0)      8 :  0.5540 0.4460 
 900      900   (0)      8 :  0.7000 0.3000 
 901      901   (0)      8 :  0.6260 0.3740 
 902      902   (0)      8 :  0.7916 0.2084 
 903      903   (0)      8 :  0.7414 0.2586 
 904      904   (0)      8 :  0.6970 0.3030 
 905      905   (0)      8 :  0.7448 0.2552 
 906      906   (0)      8 :  0.9442 0.0558 
 907      907   (0)      8 :  0.7540 0.2460 
 908      908   (0)      8 :  0.6528 0.3472 
 909      909  (10)      9 :  0.8960 0.1040 
 910      910   (5)      9 :  0.9822 0.0178 
 911      911   (5)      9 :  0.5810 0.4190 
 912      912   (5)      9 :  0.9900 0.0100 
 913      913  (10)      9 :  0.7520 0.2480 
 914      914   (5)      9 :  0.5400 0.4600 
 915      915  (10)      9 :  0.8600 0.1400 
 916      916   (0)      9 :  0.9378 0.0622 
 917      917   (0)      9 :  0.9136 0.0864 
 918      918   (0)      9 :  0.9910 0.0090 
 919      919   (0)      9 :  0.9420 0.0580 
 920      920   (0)      9 :  0.8172 0.1828 
 921      921   (0)      9 :  0.9800 0.0200 
 922      922   (0)      9 :  0.8360 0.1640 
 923      923   (0)      9 :  0.8650 0.1350 
 924      924   (0)      9 :  0.8070 0.1930 
 925      925   (0)      9 :  0.7720 0.2280 
 926      926   (0)      9 :  0.5896 0.4104 
 927      927   (0)      9 :  0.9742 0.0258 
 928      928   (5)      9 :  0.9720 0.0280 
 929      929   (0)      9 :  0.8120 0.1880 
 930      930   (0)      9 :  0.7590 0.2410 
 931      931   (5)      9 :  0.9230 0.0770 
 932      932   (5)      9 :  0.9710 0.0290 
 933      933   (0)      9 :  0.8082 0.1918 
 934      934   (0)      9 :  0.9102 0.0898 
 935      935   (0)      9 :  0.9650 0.0350 
 936      936   (0)      9 :  0.9880 0.0120 
 937      937   (0)      9 :  0.9920 0.0080 
 938      938   (0)      9 :  0.9930 0.0070 
 939      939   (0)      9 :  0.9930 0.0070 
 940      940   (0)      9 :  0.9808 0.0192 
 941      941   (0)      9 :  0.8250 0.1750 
 942      942   (0)      9 :  0.9224 0.0776 
 943      943   (0)      9 :  0.9530 0.0470 
 944      944   (0)      9 :  0.9120 0.0880 
 945      945   (0)      9 :  0.7630 0.2370 
 946      946   (0)      9 :  0.9870 0.0130 
 947      947   (0)      9 :  0.8166 0.1834 
 948      948   (0)      9 :  0.8230 0.1770 
 949      949   (0)      9 :  0.9800 0.0200 
 950      950   (0)      9 :  0.8770 0.1230 
 951      951   (0)     10 :  0.7890 0.2110 
 952      952   (0)     10 :  0.7760 0.2240 
 953      953   (0)     10 :  0.8738 0.1262 
 954      954   (0)     10 :  0.9880 0.0120 
 955      955   (0)     10 :  0.8250 0.1750 
 956      956   (0)     10 :  0.9910 0.0090 
 957      957   (0)     10 :  0.8450 0.1550 
 958      958   (0)     10 :  0.9840 0.0160 
 959      959   (0)     10 :  0.9292 0.0708 
 960      960   (0)     10 :  0.9190 0.0810 
 961      961   (0)     10 :  0.8290 0.1710 
 962      962   (0)     10 :  0.8502 0.1498 
 963      963   (0)     10 :  0.8600 0.1400 
 964      964   (0)     10 :  0.9880 0.0120 
 965      965   (0)     10 :  0.9434 0.0566 
 966      966   (0)     10 :  0.9910 0.0090 
 967      967   (0)     10 :  0.9800 0.0200 
 968      968   (0)     10 :  0.8628 0.1372 
 969      969   (0)     10 :  0.9268 0.0732 
 970      970   (0)     10 :  0.9278 0.0722 
 971      971   (0)     10 :  0.9650 0.0350 
 972      972   (0)     10 :  0.9720 0.0280 
 973      973   (0)     10 :  0.9910 0.0090 
 974      974   (0)     10 :  0.9540 0.0460 
 975      975   (0)     10 :  0.9860 0.0140 
 976      976   (0)     10 :  0.8000 0.2000 
 977      977   (0)     10 :  0.6698 0.3302 
 978      978   (0)     10 :  0.9928 0.0072 
 979      979   (0)     10 :  0.8260 0.1740 
 980      980   (0)     10 :  0.9030 0.0970 
 981      981   (0)     10 :  0.9880 0.0120 
 982      982   (0)     10 :  0.9450 0.0550 
 983      983   (0)     10 :  0.9500 0.0500 
 984      984   (0)     10 :  0.6382 0.3618 
 985      985   (0)     10 :  0.8760 0.1240 
 986      986   (0)     10 :  0.9018 0.0982 
 987      987   (0)     10 :  0.9030 0.0970 
 988      988   (0)     10 :  0.9070 0.0930 
 989      989   (0)     10 :  0.9680 0.0320 
 990      990   (0)     10 :  0.8702 0.1298 
 991      991   (0)     10 :  0.9910 0.0090 
 992      992   (0)     10 :  0.9580 0.0420 
 993      993   (0)     10 :  0.9680 0.0320 
 994      994   (0)     10 :  0.9818 0.0182 
 995      995   (0)     10 :  0.9240 0.0760 
 996      996   (0)     10 :  0.9860 0.0140 
 997      997   (0)     10 :  0.9322 0.0678 
 998      998   (0)     10 :  0.9260 0.0740 
 999      999   (0)     10 :  0.9830 0.0170 
1000     1000   (0)     10 :  0.9620 0.0380 
1001     1001   (0)     10 :  0.9920 0.0080 
1002     1002   (0)     10 :  0.9200 0.0800 
1003     1003   (0)     10 :  0.6524 0.3476 
1004     1004   (0)     10 :  0.9216 0.0784 
1005     1005   (0)     10 :  0.8940 0.1060 
1006     1006   (0)     10 :  0.7658 0.2342 
1007     1007   (0)     10 :  0.9120 0.0880 
1008     1008   (0)     10 :  0.7816 0.2184 
1009     1009   (0)     10 :  0.9010 0.0990 
1010     1010   (0)     10 :  0.9790 0.0210 
1011     1011   (0)     10 :  0.8366 0.1634 
1012     1012   (0)     10 :  0.9106 0.0894 
1013     1013   (0)     10 :  0.8730 0.1270 
1014     1014   (0)     10 :  0.9278 0.0722 
1015     1015   (0)     10 :  0.9850 0.0150 
1016     1016   (0)     10 :  0.8642 0.1358 
1017     1017   (0)     10 :  0.7654 0.2346 
1018     1018   (0)     10 :  0.9890 0.0110 
1019     1019   (0)     10 :  0.8430 0.1570 
1020     1020   (0)     10 :  0.7800 0.2200 
1021     1021   (0)     10 :  0.7280 0.2720 
1022     1022   (0)     10 :  0.9086 0.0914 
1023     1023   (0)     10 :  0.9880 0.0120 
1024     1024   (0)     10 :  0.7320 0.2680 
1025     1025   (0)     10 :  0.8580 0.1420 
1026     1026   (0)     10 :  0.9640 0.0360 
1027     1027   (0)     10 :  0.9898 0.0102 
1028     1028   (0)     10 :  0.7628 0.2372 
1029     1029   (0)     10 :  0.9480 0.0520 
1030     1030   (0)     10 :  0.8740 0.1260 
1031     1031   (0)     10 :  0.8804 0.1196 
1032     1032   (0)     10 :  0.7986 0.2014 
1033     1033   (0)     10 :  0.7972 0.2028 
1034     1034   (0)     10 :  0.9170 0.0830 
1035     1035   (0)     10 :  0.9722 0.0278 
1036     1036   (0)     10 :  0.9570 0.0430 
1037     1037   (0)     10 :  0.9776 0.0224 
1038     1038   (0)     10 :  0.9910 0.0090 
1039     1039   (0)     10 :  0.6504 0.3496 
1040     1040   (0)     10 :  0.9100 0.0900 
1041     1041   (0)     10 :  0.9650 0.0350 
1042     1042   (0)     10 :  0.8430 0.1570 
1043     1043   (0)     10 :  0.7122 0.2878 
1044     1044   (0)     10 :  0.9158 0.0842 
1045     1045   (0)     10 :  0.8440 0.1560 
1046     1046   (0)     10 :  0.7060 0.2940 
1047     1047   (0)     10 :  0.9350 0.0650 
1048     1048   (0)     10 :  0.8456 0.1544 
1049     1049   (0)     10 :  0.8106 0.1894 
1050     1050   (0)     10 :  0.9910 0.0090 
1051     1051   (0)     11 :  0.9530 0.0470 
1052     1052  (10)     11 :  0.9820 0.0180 
1053     1053  (10)     11 :  0.9870 0.0130 
1054     1054   (5)     11 :  0.9930 0.0070 
1055     1055   (5)     11 :  0.9910 0.0090 
1056     1056   (0)     11 :  0.9930 0.0070 
1057     1057   (5)     11 :  0.9910 0.0090 
1058     1058   (5)     11 :  0.9900 0.0100 
1059     1059   (0)     11 :  0.9940 0.0060 
1060     1060   (0)     11 :  0.9930 0.0070 
1061     1061   (0)     11 :  0.9930 0.0070 
1062     1062   (0)     11 :  0.9930 0.0070 
1063     1063   (0)     11 :  0.9920 0.0080 
1064     1064   (5)     11 :  0.9930 0.0070 
1065     1065   (5)     11 :  0.9660 0.0340 
1066     1066  (10)     11 :  0.9850 0.0150 
1067     1067   (0)     11 :  0.9930 0.0070 
1068     1068   (5)     11 :  0.9740 0.0260 
1069     1069   (5)     11 :  0.9890 0.0110 
1070     1070   (0)     11 :  0.9940 0.0060 
1071     1071   (5)     11 :  0.9920 0.0080 
1072     1072   (0)     11 :  0.9870 0.0130 
1073     1073   (5)     11 :  0.9940 0.0060 
1074     1074   (0)     11 :  0.9928 0.0072 
1075     1075   (0)     11 :  0.9880 0.0120 
1076     1076   (0)     11 :  0.9780 0.0220 
1077     1077   (0)     11 :  0.9926 0.0074 
1078     1078   (0)     11 :  0.9910 0.0090 
1079     1079   (0)     11 :  0.9870 0.0130 
1080     1080   (0)     11 :  0.9760 0.0240 
1081     1081   (0)     11 :  0.9820 0.0180 
1082     1082   (0)     11 :  0.9780 0.0220 
1083     1083   (0)     11 :  0.9920 0.0080 
1084     1084   (0)     11 :  0.9852 0.0148 
1085     1085   (0)     11 :  0.9820 0.0180 
1086     1086   (0)     11 :  0.9940 0.0060 
1087     1087   (0)     11 :  0.9840 0.0160 
1088     1088   (0)     11 :  0.9930 0.0070 
1089     1089   (5)     11 :  0.9900 0.0100 
1090     1090   (5)     11 :  0.9900 0.0100 
1091     1091   (0)     11 :  0.9890 0.0110 
1092     1092  (15)     11 :  0.9830 0.0170 
1093     1093  (10)     11 :  0.9940 0.0060 
1094     1094  (10)     11 :  0.9910 0.0090 
1095     1095  (10)     11 :  0.9878 0.0122 
1096     1096   (5)     11 :  0.9860 0.0140 
1097     1097   (5)     11 :  0.9930 0.0070 
1098     1098   (5)     11 :  0.9920 0.0080 
1099     1099   (5)     11 :  0.9920 0.0080 
1100     1100   (5)     11 :  0.9890 0.0110 
1101     1101   (5)     11 :  0.9890 0.0110 
1102     1102  (15)     11 :  0.9740 0.0260 
1103     1103   (5)     11 :  0.9710 0.0290 
1104     1104   (5)     11 :  0.9940 0.0060 
1105     1105  (15)     11 :  0.9900 0.0100 
1106     1106   (5)     11 :  0.9468 0.0532 
1107     1107   (5)     11 :  0.9310 0.0690 
1108     1108   (5)     11 :  0.9900 0.0100 
1109     1109   (5)     11 :  0.9930 0.0070 
1110     1110  (10)     11 :  0.9870 0.0130 
1111     1111   (5)     11 :  0.9900 0.0100 
1112     1112   (5)     11 :  0.9880 0.0120 
1113     1113  (10)     11 :  0.9900 0.0100 
1114     1114  (10)     11 :  0.9900 0.0100 
1115     1115  (10)     11 :  0.9640 0.0360 
1116     1116  (10)     11 :  0.9622 0.0378 
1117     1117   (5)     11 :  0.9920 0.0080 
1118     1118  (10)     11 :  0.9860 0.0140 
1119     1119   (0)     11 :  0.9940 0.0060 
1120     1120   (5)     11 :  0.9920 0.0080 
1121     1121   (0)     11 :  0.9940 0.0060 
1122     1122   (0)     11 :  0.9940 0.0060 
1123     1123   (0)     11 :  0.9742 0.0258 
1124     1124   (0)     11 :  0.9850 0.0150 
1125     1125   (0)     11 :  0.9930 0.0070 
1126     1126   (0)     11 :  0.9700 0.0300 
1127     1127   (0)     11 :  0.9890 0.0110 
1128     1128  (10)     11 :  0.9720 0.0280 
1129     1129  (10)     11 :  0.6966 0.3034 
1130     1130   (0)     11 :  0.9700 0.0300 
1131     1131   (5)     11 :  0.9308 0.0692 
1132     1132   (0)     11 :  0.9880 0.0120 
1133     1133   (5)     11 :  0.9560 0.0440 
1134     1134   (5)     11 :  0.9930 0.0070 
1135     1135   (5)     11 :  0.9910 0.0090 
1136     1136  (10)     11 :  0.9940 0.0060 
1137     1137   (0)     11 :  0.9920 0.0080 
1138     1138   (0)     11 :  0.9930 0.0070 
1139     1139   (0)     11 :  0.9026 0.0974 
1140     1140   (0)     11 :  0.9920 0.0080 
1141     1141   (0)     11 :  0.9866 0.0134 
1142     1142   (0)     11 :  0.9930 0.0070 
1143     1143   (0)     11 :  0.9930 0.0070 
1144     1144   (0)     11 :  0.9860 0.0140 
1145     1145   (0)     11 :  0.9920 0.0080 
1146     1146   (0)     11 :  0.9890 0.0110 
1147     1147   (0)     11 :  0.9900 0.0100 
1148     1148   (0)     11 :  0.9510 0.0490 
1149     1149   (0)     11 :  0.9810 0.0190 
1150     1150   (0)     11 :  0.9860 0.0140 
1151     1151   (0)     11 :  0.9910 0.0090 
1152     1152   (0)     11 :  0.9692 0.0308 
1153     1153   (0)     11 :  0.9920 0.0080 
1154     1154   (5)     11 :  0.9860 0.0140 
1155     1155   (0)     11 :  0.9890 0.0110 
1156     1156   (5)     11 :  0.7204 0.2796 
1157     1157   (0)     11 :  0.9910 0.0090 
1158     1158   (0)     11 :  0.9610 0.0390 
1159     1159   (0)     11 :  0.9860 0.0140 
1160     1160   (0)     11 :  0.9876 0.0124 
1161     1161   (0)     11 :  0.9920 0.0080 
1162     1162   (0)     11 :  0.9920 0.0080 
1163     1163   (0)     11 :  0.9800 0.0200 
1164     1164   (0)     11 :  0.9930 0.0070 
1165     1165   (0)     11 :  0.9890 0.0110 
1166     1166   (0)     11 :  0.9930 0.0070 
1167     1167   (0)     11 :  0.9304 0.0696 
1168     1168   (0)     11 :  0.9930 0.0070 
1169     1169   (0)     11 :  0.9820 0.0180 
1170     1170   (5)     11 :  0.9910 0.0090 
1171     1171   (0)     11 :  0.9800 0.0200 
1172     1172   (0)     11 :  0.9880 0.0120 
1173     1173   (0)     11 :  0.9840 0.0160 
1174     1174  (10)     11 :  0.9900 0.0100 
1175     1175   (0)     11 :  0.9920 0.0080 
1176     1176   (0)     11 :  0.9930 0.0070 
1177     1177   (0)     11 :  0.9900 0.0100 
1178     1178  (10)     11 :  0.9900 0.0100 
1179     1179   (5)     11 :  0.9930 0.0070 
1180     1180   (0)     11 :  0.9908 0.0092 
1181     1181   (5)     11 :  0.9910 0.0090 
1182     1182   (5)     11 :  0.9940 0.0060 
1183     1183  (10)     11 :  0.9870 0.0130 
1184     1184   (0)     11 :  0.9930 0.0070 
1185     1185   (5)     11 :  0.9870 0.0130 
1186     1186  (10)     11 :  0.9910 0.0090 
1187     1187   (0)     11 :  0.9622 0.0378 
1188     1188   (0)     11 :  0.9476 0.0524 
1189     1189   (0)     11 :  0.9920 0.0080 
1190     1190   (0)     11 :  0.9890 0.0110 
1191     1191   (0)     11 :  0.9930 0.0070 
1192     1192   (0)     11 :  0.9842 0.0158 
1193     1193   (0)     11 :  0.9930 0.0070 
1194     1194   (0)     11 :  0.9920 0.0080 
1195     1195   (0)     11 :  0.9930 0.0070 
1196     1196   (5)     11 :  0.9840 0.0160 
1197     1197   (0)     11 :  0.9940 0.0060 
1198     1198   (0)     11 :  0.9930 0.0070 
1199     1199   (0)     11 :  0.9920 0.0080 
1200     1200   (5)     11 :  0.9810 0.0190 
1201     1201   (0)     11 :  0.9900 0.0100 
1202     1202   (0)     11 :  0.9740 0.0260 
1203     1203   (0)     11 :  0.9920 0.0080 
1204     1204   (0)     11 :  0.9920 0.0080 
1205     1205   (0)     11 :  0.9920 0.0080 
1206     1206   (0)     11 :  0.9880 0.0120 
1207     1207   (0)     11 :  0.9688 0.0312 
1208     1208   (0)     11 :  0.9920 0.0080 
1209     1209   (0)     11 :  0.9920 0.0080 
1210     1210   (0)     11 :  0.9810 0.0190 
1211     1211   (0)     11 :  0.9900 0.0100 
1212     1212   (0)     11 :  0.9940 0.0060 
1213     1213   (0)     11 :  0.9910 0.0090 
1214     1214   (0)     11 :  0.9930 0.0070 
1215     1215   (0)     11 :  0.9940 0.0060 
1216     1216   (0)     11 :  0.9930 0.0070 
1217     1217   (0)     11 :  0.9930 0.0070 
1218     1218   (0)     11 :  0.9850 0.0150 
1219     1219   (0)     11 :  0.9880 0.0120 
1220     1220   (0)     11 :  0.9920 0.0080 
1221     1221  (10)     11 :  0.9830 0.0170 
1222     1222   (5)     11 :  0.9920 0.0080 
1223     1223  (10)     11 :  0.9910 0.0090 
1224     1224   (5)     11 :  0.8890 0.1110 
1225     1225  (10)     11 :  0.9920 0.0080 
1226     1226  (10)     11 :  0.9910 0.0090 
1227     1227   (0)     11 :  0.9850 0.0150 
1228     1228   (5)     11 :  0.9666 0.0334 
1229     1229   (5)     11 :  0.9610 0.0390 
1230     1230  (10)     11 :  0.9880 0.0120 
1231     1231   (0)     11 :  0.9920 0.0080 
1232     1232   (0)     11 :  0.9880 0.0120 
1233     1233   (0)     11 :  0.9910 0.0090 
1234     1234   (0)     11 :  0.9880 0.0120 
1235     1235   (0)     11 :  0.9640 0.0360 
1236     1236   (0)     11 :  0.9160 0.0840 
1237     1237   (0)     11 :  0.9150 0.0850 
1238     1238   (0)     11 :  0.9920 0.0080 
1239     1239   (0)     11 :  0.9930 0.0070 
1240     1240   (5)     11 :  0.8484 0.1516 
1241     1241   (0)     11 :  0.8630 0.1370 
1242     1242   (0)     11 :  0.9930 0.0070 
1243     1243  (10)     11 :  0.9740 0.0260 
1244     1244   (5)     11 :  0.9880 0.0120 
1245     1245   (0)     11 :  0.9940 0.0060 
1246     1246   (5)     11 :  0.9348 0.0652 
1247     1247   (5)     11 :  0.9890 0.0110 
1248     1248   (0)     11 :  0.9930 0.0070 
1249     1249   (0)     11 :  0.9650 0.0350 
1250     1250   (0)     11 :  0.9880 0.0120 
1251     1251   (0)     11 :  0.9450 0.0550 
1252     1252   (0)     11 :  0.9930 0.0070 
1253     1253   (0)     11 :  0.9810 0.0190 
1254     1254   (0)     11 :  0.9930 0.0070 
1255     1255   (0)     11 :  0.9940 0.0060 
1256     1256   (0)     11 :  0.9930 0.0070 
1257     1257   (0)     11 :  0.9900 0.0100 
1258     1258   (0)     11 :  0.9766 0.0234 
1259     1259   (0)     11 :  0.9910 0.0090 
1260     1260   (0)     11 :  0.9908 0.0092 
1261     1261   (0)     11 :  0.9900 0.0100 
1262     1262   (0)     11 :  0.9910 0.0090 
1263     1263   (0)     11 :  0.9850 0.0150 
1264     1264   (0)     11 :  0.9910 0.0090 
1265     1265   (0)     11 :  0.9920 0.0080 
1266     1266   (0)     11 :  0.9920 0.0080 
1267     1267   (0)     11 :  0.9930 0.0070 
1268     1268   (0)     11 :  0.9940 0.0060 
1269     1269   (0)     11 :  0.9910 0.0090 
1270     1270   (0)     11 :  0.9930 0.0070 
1271     1271   (0)     11 :  0.9830 0.0170 
1272     1272   (0)     11 :  0.9730 0.0270 
1273     1273   (0)     11 :  0.9930 0.0070 
1274     1274   (0)     11 :  0.9520 0.0480 
1275     1275   (0)     11 :  0.9930 0.0070 
1276     1276   (0)     11 :  0.9920 0.0080 
1277     1277   (0)     11 :  0.9920 0.0080 
1278     1278   (0)     11 :  0.9870 0.0130 
1279     1279   (0)     11 :  0.9750 0.0250 
1280     1280   (0)     11 :  0.9930 0.0070 
1281     1281   (0)     11 :  0.9850 0.0150 
1282     1282   (0)     11 :  0.9920 0.0080 
1283     1283   (0)     11 :  0.9730 0.0270 
1284     1284   (0)     11 :  0.9910 0.0090 
1285     1285   (0)     11 :  0.9900 0.0100 
1286     1286   (0)     11 :  0.9900 0.0100 
1287     1287   (0)     11 :  0.9900 0.0100 
1288     1288   (0)     11 :  0.9930 0.0070 
1289     1289   (0)     11 :  0.9930 0.0070 
1290     1290   (0)     11 :  0.9930 0.0070 
1291     1291   (0)     12 :  0.9910 0.0090 
1292     1292   (0)     12 :  0.9030 0.0970 
1293     1293   (0)     12 :  0.9880 0.0120 
1294     1294   (0)     12 :  0.9858 0.0142 
1295     1295   (0)     12 :  0.9818 0.0182 
1296     1296   (0)     12 :  0.9900 0.0100 
1297     1297   (0)     12 :  0.9930 0.0070 
1298     1298   (0)     12 :  0.9820 0.0180 
1299     1299   (0)     12 :  0.9830 0.0170 
1300     1300   (0)     12 :  0.9884 0.0116 
1301     1301   (0)     12 :  0.9940 0.0060 
1302     1302   (0)     12 :  0.9910 0.0090 
1303     1303   (0)     12 :  0.9538 0.0462 
1304     1304   (0)     12 :  0.9920 0.0080 
1305     1305   (0)     12 :  0.9900 0.0100 
1306     1306   (0)     12 :  0.9894 0.0106 
1307     1307   (0)     12 :  0.9910 0.0090 
1308     1308   (0)     12 :  0.9700 0.0300 
1309     1309   (0)     12 :  0.9940 0.0060 
1310     1310   (0)     12 :  0.9930 0.0070 
1311     1311   (0)     12 :  0.9770 0.0230 
1312     1312   (0)     12 :  0.9260 0.0740 
1313     1313   (0)     12 :  0.9920 0.0080 
1314     1314   (0)     12 :  0.9920 0.0080 
1315     1315   (0)     12 :  0.9940 0.0060 
1316     1316   (0)     12 :  0.9750 0.0250 
1317     1317   (0)     12 :  0.9860 0.0140 
1318     1318   (0)     12 :  0.9940 0.0060 
1319     1319   (0)     12 :  0.9910 0.0090 
1320     1320   (0)     12 :  0.9748 0.0252 
1321     1321   (0)     12 :  0.9900 0.0100 
1322     1322   (0)     12 :  0.9850 0.0150 
1323     1323   (0)     12 :  0.9930 0.0070 
1324     1324   (0)     12 :  0.9840 0.0160 
1325     1325   (0)     12 :  0.9930 0.0070 
1326     1326   (0)     12 :  0.9890 0.0110 
1327     1327   (0)     12 :  0.9690 0.0310 
1328     1328   (0)     12 :  0.9900 0.0100 
1329     1329   (0)     12 :  0.9890 0.0110 
1330     1330   (0)     12 :  0.9910 0.0090 
1331     1331   (0)     12 :  0.9920 0.0080 
1332     1332   (0)     12 :  0.9940 0.0060 
1333     1333   (0)     12 :  0.9900 0.0100 
1334     1334   (0)     12 :  0.9950 0.0050 
1335     1335   (0)     12 :  0.9870 0.0130 
1336     1336   (0)     12 :  0.9760 0.0240 
1337     1337   (0)     12 :  0.9900 0.0100 
1338     1338   (0)     12 :  0.9850 0.0150 
1339     1339   (0)     12 :  0.9900 0.0100 
1340     1340   (0)     12 :  0.9920 0.0080 
1341     1341   (0)     12 :  0.9870 0.0130 
1342     1342   (0)     12 :  0.9820 0.0180 
1343     1343   (0)     12 :  0.9900 0.0100 
1344     1344   (0)     12 :  0.9920 0.0080 
1345     1345   (0)     12 :  0.9800 0.0200 
1346     1346   (0)     12 :  0.9930 0.0070 
1347     1347   (0)     12 :  0.9850 0.0150 
1348     1348   (0)     12 :  0.9920 0.0080 
1349     1349   (0)     12 :  0.9900 0.0100 
1350     1350   (0)     12 :  0.9900 0.0100 
1351     1351   (0)     12 :  0.9900 0.0100 
1352     1352   (0)     12 :  0.9870 0.0130 
1353     1353   (0)     12 :  0.9920 0.0080 
1354     1354   (0)     12 :  0.9940 0.0060 
1355     1355   (0)     12 :  0.9930 0.0070 
1356     1356   (0)     12 :  0.9920 0.0080 
1357     1357   (0)     12 :  0.9920 0.0080 
1358     1358   (0)     12 :  0.9910 0.0090 
1359     1359   (0)     12 :  0.9920 0.0080 
1360     1360   (0)     12 :  0.9910 0.0090 
1361     1361   (0)     12 :  0.9802 0.0198 
1362     1362   (0)     12 :  0.9930 0.0070 
1363     1363   (0)     12 :  0.9890 0.0110 
1364     1364   (0)     12 :  0.9900 0.0100 
1365     1365   (0)     12 :  0.9930 0.0070 
1366     1366   (0)     12 :  0.9610 0.0390 
1367     1367   (0)     12 :  0.9880 0.0120 
1368     1368   (0)     12 :  0.9840 0.0160 
1369     1369   (0)     12 :  0.9870 0.0130 
1370     1370   (0)     12 :  0.9920 0.0080 
1371     1371   (0)     12 :  0.9870 0.0130 
1372     1372   (0)     12 :  0.9670 0.0330 
1373     1373   (0)     12 :  0.9650 0.0350 
1374     1374   (0)     12 :  0.9930 0.0070 
1375     1375   (0)     12 :  0.9770 0.0230 
1376     1376   (0)     12 :  0.9910 0.0090 
1377     1377   (0)     12 :  0.9880 0.0120 
1378     1378   (0)     12 :  0.9820 0.0180 
1379     1379   (0)     12 :  0.9920 0.0080 
1380     1380   (0)     12 :  0.9890 0.0110 
1381     1381   (0)     12 :  0.9860 0.0140 
1382     1382   (0)     12 :  0.9910 0.0090 
1383     1383   (0)     12 :  0.9910 0.0090 
1384     1384   (0)     12 :  0.9920 0.0080 
1385     1385   (0)     12 :  0.9850 0.0150 
1386     1386   (0)     12 :  0.9550 0.0450 
1387     1387   (0)     12 :  0.9910 0.0090 
1388     1388   (0)     12 :  0.9358 0.0642 
1389     1389   (0)     12 :  0.9920 0.0080 
1390     1390   (0)     12 :  0.9930 0.0070 
1391     1391   (0)     12 :  0.9940 0.0060 
1392     1392   (0)     12 :  0.9910 0.0090 
1393     1393   (0)     12 :  0.9790 0.0210 
1394     1394   (0)     12 :  0.9830 0.0170 
1395     1395   (0)     12 :  0.9930 0.0070 
1396     1396   (0)     12 :  0.9910 0.0090 
1397     1397   (0)     12 :  0.9910 0.0090 
1398     1398   (0)     12 :  0.9820 0.0180 
1399     1399   (0)     12 :  0.9820 0.0180 
1400     1400   (0)     12 :  0.9880 0.0120 
1401     1401   (0)     12 :  0.9920 0.0080 
1402     1402   (0)     12 :  0.9850 0.0150 
1403     1403   (0)     12 :  0.9850 0.0150 
1404     1404   (0)     12 :  0.9810 0.0190 
1405     1405   (0)     12 :  0.9870 0.0130 
1406     1406   (0)     12 :  0.9886 0.0114 
1407     1407   (0)     12 :  0.9720 0.0280 
1408     1408   (0)     12 :  0.9930 0.0070 
1409     1409   (0)     12 :  0.9850 0.0150 
1410     1410   (0)     12 :  0.9870 0.0130 
1411     1411   (0)     12 :  0.9910 0.0090 
1412     1412   (0)     12 :  0.9920 0.0080 
1413     1413   (0)     12 :  0.9930 0.0070 
1414     1414   (0)     12 :  0.9920 0.0080 
1415     1415   (0)     12 :  0.9900 0.0100 
1416     1416   (0)     12 :  0.9890 0.0110 
1417     1417   (0)     12 :  0.9920 0.0080 
1418     1418   (0)     12 :  0.9910 0.0090 
1419     1419   (0)     12 :  0.9920 0.0080 
1420     1420   (0)     12 :  0.9940 0.0060 
1421     1421   (0)     12 :  0.9900 0.0100 
1422     1422   (0)     12 :  0.9770 0.0230 
1423     1423   (0)     12 :  0.9910 0.0090 
1424     1424   (0)     12 :  0.9930 0.0070 
1425     1425   (0)     12 :  0.9930 0.0070 
1426     1426   (0)     12 :  0.9840 0.0160 
1427     1427   (0)     12 :  0.9810 0.0190 
1428     1428   (0)     12 :  0.9930 0.0070 
1429     1429   (0)     12 :  0.9900 0.0100 
1430     1430   (0)     12 :  0.9900 0.0100 
1431     1431   (0)     12 :  0.9890 0.0110 
1432     1432   (0)     12 :  0.9910 0.0090 
1433     1433   (0)     12 :  0.9920 0.0080 
1434     1434   (0)     12 :  0.9910 0.0090 
1435     1435   (0)     12 :  0.9940 0.0060 
1436     1436   (0)     12 :  0.9930 0.0070 
1437     1437   (0)     12 :  0.9900 0.0100 
1438     1438   (0)     12 :  0.9730 0.0270 
1439     1439   (0)     12 :  0.9920 0.0080 
1440     1440   (0)     12 :  0.9850 0.0150 
1441     1441   (0)     12 :  0.9890 0.0110 
1442     1442   (0)     12 :  0.9910 0.0090 
1443     1443   (0)     12 :  0.9820 0.0180 
1444     1444   (0)     12 :  0.9492 0.0508 
1445     1445   (0)     12 :  0.9900 0.0100 
1446     1446   (0)     12 :  0.9870 0.0130 
1447     1447   (0)     12 :  0.9870 0.0130 
1448     1448   (0)     12 :  0.9848 0.0152 
1449     1449   (0)     12 :  0.9830 0.0170 
1450     1450   (0)     12 :  0.9880 0.0120 
1451     1451   (0)     12 :  0.9900 0.0100 
1452     1452   (0)     12 :  0.9900 0.0100 
1453     1453   (0)     12 :  0.9870 0.0130 
1454     1454   (0)     12 :  0.9770 0.0230 
1455     1455   (0)     12 :  0.9760 0.0240 
1456     1456   (0)     12 :  0.9860 0.0140 
1457     1457   (0)     12 :  0.9860 0.0140 
1458     1458   (0)     12 :  0.9880 0.0120 
1459     1459   (0)     12 :  0.9910 0.0090 
1460     1460   (0)     12 :  0.9920 0.0080 
1461     1461   (0)     12 :  0.9640 0.0360 
1462     1462   (0)     12 :  0.9748 0.0252 
1463     1463   (0)     12 :  0.9910 0.0090 
1464     1464   (0)     12 :  0.9910 0.0090 
1465     1465   (0)     12 :  0.9580 0.0420 
1466     1466   (0)     12 :  0.9622 0.0378 
1467     1467   (0)     12 :  0.9930 0.0070 
1468     1468   (0)     12 :  0.9640 0.0360 
1469     1469   (0)     12 :  0.9920 0.0080 
1470     1470   (0)     12 :  0.9900 0.0100 
1471     1471   (0)     12 :  0.9840 0.0160 
1472     1472   (0)     12 :  0.9930 0.0070 
1473     1473   (0)     12 :  0.9862 0.0138 
1474     1474   (0)     12 :  0.9900 0.0100 
1475     1475   (0)     12 :  0.9814 0.0186 
1476     1476   (0)     12 :  0.9390 0.0610 
1477     1477   (0)     12 :  0.9920 0.0080 
1478     1478   (0)     12 :  0.9850 0.0150 
1479     1479   (0)     12 :  0.9880 0.0120 
1480     1480   (0)     12 :  0.9880 0.0120 
1481     1481   (0)     12 :  0.9860 0.0140 
1482     1482   (0)     12 :  0.9920 0.0080 
1483     1483   (0)     12 :  0.9880 0.0120 
1484     1484   (0)     12 :  0.9900 0.0100 
1485     1485   (0)     12 :  0.9640 0.0360 
1486     1486   (0)     12 :  0.9910 0.0090 
1487     1487   (0)     12 :  0.9930 0.0070 
1488     1488   (0)     12 :  0.9910 0.0090 
1489     1489   (0)     12 :  0.9910 0.0090 
1490     1490   (0)     12 :  0.9730 0.0270 
1491     1491   (0)     12 :  0.9870 0.0130 
1492     1492   (0)     12 :  0.9914 0.0086 
1493     1493   (0)     12 :  0.9890 0.0110 
1494     1494   (0)     12 :  0.9880 0.0120 
1495     1495   (0)     12 :  0.9920 0.0080 
1496     1496   (0)     12 :  0.9900 0.0100 
1497     1497   (0)     12 :  0.9930 0.0070 
1498     1498   (0)     12 :  0.9940 0.0060 
1499     1499   (0)     12 :  0.9920 0.0080 
1500     1500   (0)     12 :  0.9930 0.0070 
1501     1501   (0)     12 :  0.9920 0.0080 
1502     1502   (0)     12 :  0.9900 0.0100 
1503     1503   (0)     12 :  0.9860 0.0140 
1504     1504   (0)     12 :  0.9930 0.0070 
1505     1505   (0)     12 :  0.9930 0.0070 
1506     1506   (0)     12 :  0.9890 0.0110 
1507     1507   (0)     12 :  0.9920 0.0080 
1508     1508   (0)     12 :  0.9880 0.0120 
1509     1509   (0)     12 :  0.9850 0.0150 
1510     1510   (0)     12 :  0.9850 0.0150 
1511     1511   (0)     12 :  0.9710 0.0290 
1512     1512   (0)     12 :  0.9920 0.0080 
1513     1513   (0)     12 :  0.9740 0.0260 
1514     1514   (0)     12 :  0.9930 0.0070 
1515     1515   (0)     12 :  0.9920 0.0080 
1516     1516   (0)     12 :  0.9940 0.0060 
1517     1517   (0)     12 :  0.9910 0.0090 
1518     1518   (0)     12 :  0.9058 0.0942 
1519     1519   (0)     12 :  0.9910 0.0090 
1520     1520   (0)     12 :  0.9870 0.0130 
1521     1521   (0)     12 :  0.9930 0.0070 
1522     1522   (0)     12 :  0.9710 0.0290 
1523     1523   (0)     12 :  0.9890 0.0110 
1524     1524   (0)     12 :  0.9890 0.0110 
1525     1525   (0)     12 :  0.9860 0.0140 
1526     1526   (0)     12 :  0.9910 0.0090 
1527     1527   (0)     12 :  0.9900 0.0100 
1528     1528   (0)     12 :  0.9940 0.0060 
1529     1529   (0)     12 :  0.9900 0.0100 
1530     1530   (0)     12 :  0.9920 0.0080 
1531     1531   (0)     12 :  0.9880 0.0120 
1532     1532   (0)     12 :  0.9930 0.0070 
1533     1533   (0)     12 :  0.9780 0.0220 
1534     1534   (0)     12 :  0.9940 0.0060 
1535     1535   (0)     12 :  0.9850 0.0150 
1536     1536   (0)     12 :  0.9800 0.0200 
1537     1537   (0)     12 :  0.9870 0.0130 
1538     1538   (0)     12 :  0.9920 0.0080 
1539     1539   (0)     12 :  0.9910 0.0090 
1540     1540   (0)     12 :  0.9870 0.0130 
1541     1541   (0)     12 :  0.9910 0.0090 
1542     1542   (0)     12 :  0.9860 0.0140 
1543     1543   (0)     12 :  0.9900 0.0100 
1544     1544   (0)     12 :  0.9910 0.0090 
1545     1545   (0)     12 :  0.9880 0.0120 
1546     1546   (0)     12 :  0.9890 0.0110 
1547     1547   (0)     12 :  0.9870 0.0130 
1548     1548   (0)     12 :  0.9830 0.0170 
1549     1549   (0)     12 :  0.9840 0.0160 
1550     1550   (0)     12 :  0.9810 0.0190 
