1        1   (5)      1  : 0.9900 0.0100
2        2   (5)      1  : 0.9710 0.0290
3        3   (5)      1  : 0.9920 0.0080
4        4   (0)      1  : 0.9880 0.0120
5        5   (0)      1  : 0.9730 0.0270
6        6   (0)      1  : 0.9900 0.0100
7        7   (0)      1  : 0.9810 0.0190
8        8   (5)      1  : 0.9900 0.0100
9        9   (0)      1  : 0.9920 0.0080
10       10   (0)      1  : 0.9820 0.0180
11       11   (0)      1  : 0.9900 0.0100
12       12   (0)      1  : 0.9810 0.0190
13       13   (0)      1  : 0.9840 0.0160
14       14   (0)      1  : 0.9900 0.0100
15       15   (0)      1  : 0.9900 0.0100
16       16   (0)      1  : 0.9930 0.0070
17       17   (0)      1  : 0.9940 0.0060
18       18   (0)      1  : 0.9850 0.0150
19       19   (0)      1  : 0.9760 0.0240
20       20   (0)      1  : 0.9770 0.0230
21       21   (0)      1  : 0.9890 0.0110
22       22   (0)      1  : 0.9940 0.0060
23       23   (0)      1  : 0.9930 0.0070
24       24   (0)      1  : 0.9830 0.0170
25       25   (0)      1  : 0.9782 0.0218
26       26   (0)      1  : 0.9800 0.0200
27       27   (5)      1  : 0.9860 0.0140
28       28   (0)      1  : 0.9940 0.0060
29       29   (0)      1  : 0.9920 0.0080
30       30   (0)      1  : 0.9800 0.0200
31       31   (0)      1  : 0.9930 0.0070
32       32   (0)      1  : 0.9830 0.0170
33       33   (0)      1  : 0.9920 0.0080
34       34   (0)      1  : 0.9930 0.0070
35       35   (0)      1  : 0.9830 0.0170
36       36   (0)      1  : 0.9830 0.0170
37       37   (0)      1  : 0.9840 0.0160
38       38   (0)      1  : 0.9820 0.0180
39       39   (0)      1  : 0.9780 0.0220
40       40   (0)      1  : 0.9864 0.0136
41       41   (0)      1  : 0.9890 0.0110
42       42   (0)      1  : 0.9940 0.0060
43       43   (0)      1  : 0.9920 0.0080
44       44   (0)      1  : 0.9940 0.0060
45       45   (5)      1  : 0.9830 0.0170
46       46   (0)      1  : 0.9950 0.0050
47       47   (0)      1  : 0.9940 0.0060
48       48   (0)      1  : 0.9920 0.0080
49       49   (0)      1  : 0.9676 0.0324
50       50   (0)      1  : 0.9910 0.0090
51       51   (0)      1  : 0.9850 0.0150
52       52   (0)      1  : 0.9318 0.0682
53       53   (0)      1  : 0.9902 0.0098
54       54   (0)      1  : 0.9940 0.0060
55       55   (0)      1  : 0.9920 0.0080
56       56   (0)      1  : 0.9920 0.0080
57       57  (10)      1  : 0.9850 0.0150
58       58   (5)      1  : 0.9880 0.0120
59       59   (0)      1  : 0.9880 0.0120
60       60   (0)      1  : 0.9930 0.0070
61       61   (0)      1  : 0.9900 0.0100
62       62   (0)      1  : 0.9920 0.0080
63       63   (0)      1  : 0.9900 0.0100
64       64   (0)      1  : 0.9920 0.0080
65       65   (0)      1  : 0.9562 0.0438
66       66   (0)      1  : 0.9910 0.0090
67       67   (5)      1  : 0.9750 0.0250
68       68   (0)      1  : 0.9892 0.0108
69       69   (0)      1  : 0.9940 0.0060
70       70   (0)      1  : 0.9900 0.0100
71       71   (5)      1  : 0.9870 0.0130
72       72   (0)      1  : 0.9800 0.0200
73       73   (5)      1  : 0.9930 0.0070
74       74  (10)      1  : 0.9840 0.0160
75       75  (10)      1  : 0.9620 0.0380
76       76   (0)      1  : 0.9904 0.0096
77       77  (10)      1  : 0.9880 0.0120
78       78   (0)      1  : 0.9790 0.0210
79       79   (5)      1  : 0.9920 0.0080
80       80   (0)      1  : 0.9930 0.0070
81       81   (0)      1  : 0.9910 0.0090
82       82   (0)      1  : 0.9920 0.0080
83       83   (0)      1  : 0.9900 0.0100
84       84   (0)      1  : 0.9850 0.0150
85       85   (0)      1  : 0.9930 0.0070
86       86   (5)      1  : 0.9900 0.0100
87       87   (0)      1  : 0.9920 0.0080
88       88   (0)      1  : 0.9780 0.0220
89       89   (0)      1  : 0.9470 0.0530
90       90   (0)      1  : 0.9910 0.0090
91       91   (0)      1  : 0.9880 0.0120
92       92   (0)      1  : 0.9910 0.0090
93       93   (0)      1  : 0.9920 0.0080
94       94   (5)      1  : 0.9632 0.0368
95       95   (0)      1  : 0.9880 0.0120
96       96   (5)      1  : 0.9900 0.0100
97       97   (0)      1  : 0.9940 0.0060
98       98   (0)      1  : 0.9860 0.0140
99       99   (5)      1  : 0.9880 0.0120
100      100   (5)      1  : 0.9930 0.0070
101      101   (0)      2  : 0.9800 0.0200
102      102   (0)      2  : 0.9920 0.0080
103      103   (0)      2  : 0.9440 0.0560
104      104   (0)      2  : 0.9880 0.0120
105      105   (0)      2  : 0.9828 0.0172
106      106   (0)      2  : 0.9720 0.0280
107      107   (0)      2  : 0.9950 0.0050
108      108   (0)      2  : 0.9880 0.0120
109      109   (0)      2  : 0.9882 0.0118
110      110   (0)      2  : 0.9750 0.0250
111      111   (0)      2  : 0.9900 0.0100
112      112   (0)      2  : 0.9890 0.0110
113      113   (0)      2  : 0.9900 0.0100
114      114   (0)      2  : 0.9940 0.0060
115      115   (0)      2  : 0.9910 0.0090
116      116   (0)      2  : 0.9870 0.0130
117      117   (0)      2  : 0.9904 0.0096
118      118   (0)      2  : 0.9900 0.0100
119      119   (0)      2  : 0.9890 0.0110
120      120   (0)      2  : 0.9910 0.0090
121      121   (0)      2  : 0.9940 0.0060
122      122   (0)      2  : 0.9730 0.0270
123      123   (0)      2  : 0.9930 0.0070
124      124   (0)      2  : 0.9860 0.0140
125      125   (0)      2  : 0.9910 0.0090
126      126   (0)      2  : 0.9870 0.0130
127      127   (0)      2  : 0.9900 0.0100
128      128   (0)      2  : 0.9890 0.0110
129      129   (0)      2  : 0.9650 0.0350
130      130   (0)      2  : 0.9920 0.0080
131      131   (0)      2  : 0.9790 0.0210
132      132   (0)      2  : 0.9910 0.0090
133      133   (0)      2  : 0.9900 0.0100
134      134   (0)      2  : 0.9910 0.0090
135      135   (0)      2  : 0.9890 0.0110
136      136   (0)      2  : 0.9830 0.0170
137      137   (0)      2  : 0.9680 0.0320
138      138   (0)      2  : 0.9950 0.0050
139      139   (0)      2  : 0.9940 0.0060
140      140   (0)      2  : 0.9910 0.0090
141      141   (0)      2  : 0.9920 0.0080
142      142   (0)      2  : 0.9930 0.0070
143      143   (0)      2  : 0.9910 0.0090
144      144   (0)      2  : 0.9870 0.0130
145      145   (0)      2  : 0.9920 0.0080
146      146   (0)      2  : 0.9890 0.0110
147      147   (0)      2  : 0.9790 0.0210
148      148   (0)      2  : 0.9940 0.0060
149      149   (0)      2  : 0.9890 0.0110
150      150   (0)      2  : 0.9930 0.0070
151      151   (0)      2  : 0.9940 0.0060
152      152   (0)      2  : 0.9810 0.0190
153      153   (0)      2  : 0.9920 0.0080
154      154   (0)      2  : 0.9940 0.0060
155      155   (0)      2  : 0.9864 0.0136
156      156   (0)      2  : 0.9890 0.0110
157      157   (0)      2  : 0.9950 0.0050
158      158   (0)      2  : 0.9910 0.0090
159      159   (0)      2  : 0.9890 0.0110
160      160   (0)      2  : 0.9920 0.0080
161      161   (0)      2  : 0.9906 0.0094
162      162   (0)      2  : 0.9920 0.0080
163      163   (0)      2  : 0.9620 0.0380
164      164   (0)      2  : 0.9870 0.0130
165      165   (0)      2  : 0.9930 0.0070
166      166   (0)      2  : 0.9910 0.0090
167      167   (0)      2  : 0.9930 0.0070
168      168   (0)      2  : 0.9720 0.0280
169      169   (0)      2  : 0.9870 0.0130
170      170   (0)      2  : 0.9890 0.0110
171      171   (0)      2  : 0.9880 0.0120
172      172   (0)      2  : 0.9940 0.0060
173      173   (0)      2  : 0.9910 0.0090
174      174   (0)      2  : 0.9910 0.0090
175      175   (0)      2  : 0.9830 0.0170
176      176   (0)      2  : 0.9890 0.0110
177      177   (0)      2  : 0.9890 0.0110
178      178   (0)      2  : 0.9930 0.0070
179      179   (0)      2  : 0.9940 0.0060
180      180   (0)      2  : 0.9860 0.0140
181      181   (0)      2  : 0.9890 0.0110
182      182   (0)      2  : 0.9850 0.0150
183      183   (0)      2  : 0.9900 0.0100
184      184   (0)      2  : 0.9940 0.0060
185      185   (0)      2  : 0.9930 0.0070
186      186   (0)      2  : 0.9860 0.0140
187      187   (0)      2  : 0.9920 0.0080
188      188   (0)      2  : 0.9930 0.0070
189      189   (0)      2  : 0.9720 0.0280
190      190   (0)      2  : 0.9900 0.0100
191      191   (0)      2  : 0.9810 0.0190
192      192   (0)      2  : 0.9842 0.0158
193      193   (0)      2  : 0.9780 0.0220
194      194   (0)      2  : 0.9930 0.0070
195      195   (0)      2  : 0.9910 0.0090
196      196   (0)      2  : 0.9910 0.0090
197      197   (0)      2  : 0.9920 0.0080
198      198   (0)      2  : 0.9920 0.0080
199      199   (0)      2  : 0.9910 0.0090
200      200   (0)      2  : 0.9820 0.0180
201      201   (0)      2  : 0.9880 0.0120
202      202   (0)      2  : 0.9880 0.0120
203      203   (0)      2  : 0.9880 0.0120
204      204   (0)      2  : 0.9920 0.0080
205      205   (0)      2  : 0.9950 0.0050
206      206   (0)      2  : 0.9170 0.0830
207      207   (0)      2  : 0.9830 0.0170
208      208   (0)      2  : 0.9940 0.0060
209      209   (0)      2  : 0.9752 0.0248
210      210   (0)      2  : 0.9730 0.0270
211      211   (0)      2  : 0.9742 0.0258
212      212   (0)      2  : 0.9900 0.0100
213      213   (0)      2  : 0.9800 0.0200
214      214   (0)      2  : 0.9900 0.0100
215      215   (0)      2  : 0.9930 0.0070
216      216   (0)      2  : 0.9830 0.0170
217      217   (0)      2  : 0.9910 0.0090
218      218   (0)      2  : 0.9930 0.0070
219      219   (0)      2  : 0.9900 0.0100
220      220   (0)      2  : 0.9910 0.0090
221      221   (0)      2  : 0.9870 0.0130
222      222   (0)      2  : 0.9890 0.0110
223      223   (0)      2  : 0.9880 0.0120
224      224   (0)      2  : 0.9888 0.0112
225      225   (0)      2  : 0.9900 0.0100
226      226   (0)      2  : 0.9840 0.0160
227      227   (0)      2  : 0.9940 0.0060
228      228   (0)      2  : 0.9910 0.0090
229      229   (0)      2  : 0.9960 0.0040
230      230   (0)      2  : 0.9930 0.0070
231      231   (0)      2  : 0.9920 0.0080
232      232   (0)      2  : 0.9350 0.0650
233      233   (0)      2  : 0.9940 0.0060
234      234   (0)      2  : 0.9910 0.0090
235      235   (0)      2  : 0.9950 0.0050
236      236   (0)      2  : 0.9810 0.0190
237      237   (0)      2  : 0.9890 0.0110
238      238   (0)      2  : 0.9880 0.0120
239      239   (0)      2  : 0.9850 0.0150
240      240   (0)      2  : 0.9930 0.0070
241      241   (0)      2  : 0.9670 0.0330
242      242   (0)      2  : 0.9940 0.0060
243      243   (0)      2  : 0.9940 0.0060
244      244   (0)      2  : 0.9940 0.0060
245      245   (0)      2  : 0.9810 0.0190
246      246   (0)      2  : 0.9840 0.0160
247      247   (0)      2  : 0.9940 0.0060
248      248   (0)      2  : 0.9910 0.0090
249      249   (0)      2  : 0.9890 0.0110
250      250   (0)      2  : 0.9910 0.0090
251      251   (0)      2  : 0.9930 0.0070
252      252   (0)      2  : 0.9442 0.0558
253      253   (0)      2  : 0.9820 0.0180
254      254   (0)      2  : 0.9876 0.0124
255      255   (0)      2  : 0.9710 0.0290
256      256   (0)      2  : 0.9900 0.0100
257      257   (0)      2  : 0.9910 0.0090
258      258   (0)      2  : 0.9910 0.0090
259      259   (0)      2  : 0.9870 0.0130
260      260   (0)      2  : 0.9840 0.0160
261      261   (0)      2  : 0.9390 0.0610
262      262   (0)      2  : 0.9830 0.0170
263      263   (0)      2  : 0.9840 0.0160
264      264   (0)      2  : 0.9930 0.0070
265      265   (0)      2  : 0.9950 0.0050
266      266   (0)      2  : 0.9910 0.0090
267      267   (0)      2  : 0.9910 0.0090
268      268   (0)      2  : 0.9860 0.0140
269      269   (0)      2  : 0.9930 0.0070
270      270   (0)      2  : 0.9740 0.0260
271      271   (0)      2  : 0.9520 0.0480
272      272   (0)      2  : 0.9860 0.0140
273      273   (0)      2  : 0.9880 0.0120
274      274   (0)      2  : 0.9870 0.0130
275      275   (0)      2  : 0.9878 0.0122
276      276   (0)      2  : 0.9890 0.0110
277      277   (0)      2  : 0.9920 0.0080
278      278   (0)      2  : 0.9900 0.0100
279      279   (0)      2  : 0.9920 0.0080
280      280   (0)      2  : 0.9860 0.0140
281      281   (0)      2  : 0.9940 0.0060
282      282   (0)      2  : 0.9880 0.0120
283      283   (0)      2  : 0.9900 0.0100
284      284   (0)      2  : 0.9942 0.0058
285      285   (0)      2  : 0.9870 0.0130
286      286   (0)      2  : 0.9870 0.0130
287      287   (0)      2  : 0.9920 0.0080
288      288   (0)      2  : 0.9940 0.0060
289      289   (0)      2  : 0.9960 0.0040
290      290   (0)      2  : 0.9868 0.0132
291      291   (0)      2  : 0.9870 0.0130
292      292   (0)      2  : 0.9884 0.0116
293      293   (0)      2  : 0.9540 0.0460
294      294   (0)      2  : 0.9910 0.0090
295      295   (0)      2  : 0.9870 0.0130
296      296   (0)      2  : 0.9930 0.0070
297      297   (0)      2  : 0.9672 0.0328
298      298   (0)      2  : 0.9930 0.0070
299      299   (0)      2  : 0.9930 0.0070
300      300   (0)      2  : 0.9930 0.0070
301      301   (0)      2  : 0.9910 0.0090
302      302   (0)      2  : 0.9830 0.0170
303      303   (0)      2  : 0.9802 0.0198
304      304   (0)      2  : 0.9870 0.0130
305      305   (0)      2  : 0.9880 0.0120
306      306   (0)      2  : 0.9930 0.0070
307      307   (0)      2  : 0.9900 0.0100
308      308   (0)      2  : 0.9920 0.0080
309      309   (0)      2  : 0.9840 0.0160
310      310   (0)      2  : 0.9930 0.0070
311      311   (0)      2  : 0.9884 0.0116
312      312   (0)      2  : 0.9940 0.0060
313      313   (0)      2  : 0.9860 0.0140
314      314   (0)      2  : 0.9590 0.0410
315      315   (0)      2  : 0.9940 0.0060
316      316   (0)      2  : 0.9890 0.0110
317      317   (0)      2  : 0.9850 0.0150
318      318   (0)      2  : 0.9850 0.0150
319      319   (0)      2  : 0.9910 0.0090
320      320   (0)      2  : 0.9880 0.0120
321      321   (0)      2  : 0.9850 0.0150
322      322   (0)      2  : 0.9408 0.0592
323      323   (0)      2  : 0.9910 0.0090
324      324   (0)      2  : 0.9940 0.0060
325      325   (0)      2  : 0.9920 0.0080
326      326   (0)      2  : 0.9890 0.0110
327      327   (0)      2  : 0.9900 0.0100
328      328   (0)      2  : 0.9920 0.0080
329      329   (0)      2  : 0.9930 0.0070
330      330   (0)      2  : 0.9950 0.0050
331      331   (0)      2  : 0.9920 0.0080
332      332   (0)      2  : 0.9860 0.0140
333      333   (0)      2  : 0.9906 0.0094
334      334   (0)      2  : 0.9940 0.0060
335      335   (0)      2  : 0.9910 0.0090
336      336   (0)      2  : 0.9842 0.0158
337      337   (0)      2  : 0.9860 0.0140
338      338   (0)      2  : 0.9910 0.0090
339      339   (0)      2  : 0.9910 0.0090
340      340   (0)      2  : 0.9940 0.0060
341      341   (0)      2  : 0.9830 0.0170
342      342   (0)      2  : 0.9920 0.0080
343      343   (0)      2  : 0.9510 0.0490
344      344   (0)      2  : 0.9846 0.0154
345      345   (0)      2  : 0.9870 0.0130
346      346   (0)      2  : 0.9700 0.0300
347      347   (0)      2  : 0.9910 0.0090
348      348   (0)      2  : 0.9820 0.0180
349      349   (0)      2  : 0.9860 0.0140
350      350   (0)      2  : 0.9870 0.0130
351      351   (0)      2  : 0.9920 0.0080
352      352   (0)      2  : 0.9920 0.0080
353      353   (0)      2  : 0.9890 0.0110
354      354   (0)      2  : 0.9820 0.0180
355      355   (0)      2  : 0.9890 0.0110
356      356   (0)      2  : 0.9900 0.0100
357      357   (0)      2  : 0.9890 0.0110
358      358   (0)      2  : 0.9870 0.0130
359      359   (0)      2  : 0.9930 0.0070
360      360   (0)      2  : 0.9858 0.0142
361      361   (0)      2  : 0.9648 0.0352
362      362   (0)      2  : 0.9920 0.0080
363      363   (0)      2  : 0.9800 0.0200
364      364   (0)      2  : 0.9750 0.0250
365      365   (0)      2  : 0.9840 0.0160
366      366   (0)      2  : 0.9820 0.0180
367      367   (0)      2  : 0.9840 0.0160
368      368   (0)      2  : 0.9618 0.0382
369      369   (0)      2  : 0.9920 0.0080
370      370   (0)      2  : 0.9910 0.0090
371      371   (0)      2  : 0.9760 0.0240
372      372   (0)      2  : 0.9910 0.0090
373      373   (0)      2  : 0.9950 0.0050
374      374   (0)      2  : 0.9420 0.0580
375      375   (0)      2  : 0.9690 0.0310
376      376   (0)      2  : 0.9298 0.0702
377      377   (0)      2  : 0.9820 0.0180
378      378   (0)      2  : 0.9920 0.0080
379      379   (0)      2  : 0.9650 0.0350
380      380   (0)      2  : 0.9890 0.0110
381      381   (0)      2  : 0.9940 0.0060
382      382   (0)      2  : 0.9940 0.0060
383      383   (0)      2  : 0.9920 0.0080
384      384   (0)      2  : 0.9800 0.0200
385      385   (0)      2  : 0.9800 0.0200
386      386   (0)      2  : 0.9920 0.0080
387      387   (0)      2  : 0.9850 0.0150
388      388   (0)      2  : 0.9810 0.0190
389      389   (0)      2  : 0.9940 0.0060
390      390   (0)      2  : 0.9880 0.0120
391      391   (0)      2  : 0.9564 0.0436
392      392   (0)      2  : 0.9940 0.0060
393      393   (0)      2  : 0.9620 0.0380
394      394   (0)      2  : 0.9960 0.0040
395      395   (0)      2  : 0.9910 0.0090
396      396   (0)      2  : 0.9890 0.0110
397      397   (0)      2  : 0.9430 0.0570
398      398   (0)      2  : 0.9910 0.0090
399      399   (0)      2  : 0.9840 0.0160
400      400   (0)      2  : 0.9360 0.0640
401      401   (0)      2  : 0.9900 0.0100
402      402   (0)      2  : 0.9940 0.0060
403      403   (0)      2  : 0.9910 0.0090
404      404   (0)      2  : 0.9810 0.0190
405      405   (0)      2  : 0.9900 0.0100
406      406   (0)      2  : 0.9940 0.0060
407      407   (0)      2  : 0.9930 0.0070
408      408   (0)      2  : 0.9930 0.0070
409      409   (0)      2  : 0.9560 0.0440
410      410   (0)      2  : 0.9930 0.0070
411      411   (0)      2  : 0.9930 0.0070
412      412   (0)      2  : 0.9940 0.0060
413      413   (0)      2  : 0.9850 0.0150
414      414   (0)      2  : 0.9866 0.0134
415      415   (0)      2  : 0.9650 0.0350
416      416   (0)      2  : 0.9890 0.0110
417      417   (0)      2  : 0.9940 0.0060
418      418   (0)      2  : 0.9900 0.0100
419      419   (0)      2  : 0.9880 0.0120
420      420   (0)      2  : 0.9710 0.0290
421      421   (0)      2  : 0.9830 0.0170
422      422   (0)      2  : 0.9896 0.0104
423      423   (0)      2  : 0.9770 0.0230
424      424   (0)      2  : 0.9920 0.0080
425      425   (0)      2  : 0.9910 0.0090
426      426   (0)      2  : 0.9940 0.0060
427      427   (0)      2  : 0.9790 0.0210
428      428   (0)      2  : 0.9868 0.0132
429      429   (0)      2  : 0.9850 0.0150
430      430   (0)      2  : 0.9800 0.0200
431      431   (0)      2  : 0.9930 0.0070
432      432   (0)      2  : 0.9930 0.0070
433      433   (0)      2  : 0.9910 0.0090
434      434   (0)      2  : 0.9940 0.0060
435      435   (0)      2  : 0.9400 0.0600
436      436   (0)      2  : 0.9960 0.0040
437      437   (0)      2  : 0.9890 0.0110
438      438   (0)      2  : 0.9798 0.0202
439      439   (0)      2  : 0.9900 0.0100
440      440   (0)      2  : 0.9890 0.0110
441      441   (0)      2  : 0.9910 0.0090
442      442   (0)      2  : 0.9890 0.0110
443      443   (0)      2  : 0.9900 0.0100
444      444   (0)      2  : 0.9890 0.0110
445      445   (0)      2  : 0.9868 0.0132
446      446   (0)      2  : 0.9920 0.0080
447      447   (0)      2  : 0.9880 0.0120
448      448   (0)      2  : 0.9900 0.0100
449      449   (0)      2  : 0.9900 0.0100
450      450   (0)      2  : 0.9930 0.0070
451      451   (0)      2  : 0.9808 0.0192
452      452   (0)      2  : 0.9616 0.0384
453      453   (0)      2  : 0.9910 0.0090
454      454   (0)      2  : 0.9890 0.0110
455      455   (0)      2  : 0.9860 0.0140
456      456   (0)      2  : 0.9930 0.0070
457      457   (0)      2  : 0.9880 0.0120
458      458   (0)      2  : 0.9890 0.0110
459      459   (0)      2  : 0.9570 0.0430
460      460   (0)      2  : 0.9950 0.0050
461      461   (0)      2  : 0.9930 0.0070
462      462   (0)      2  : 0.9770 0.0230
463      463   (0)      2  : 0.9890 0.0110
464      464   (0)      2  : 0.9660 0.0340
465      465   (0)      2  : 0.9928 0.0072
466      466   (0)      2  : 0.9858 0.0142
467      467   (0)      2  : 0.9840 0.0160
468      468   (0)      2  : 0.9870 0.0130
469      469   (0)      2  : 0.9226 0.0774
470      470   (0)      2  : 0.9890 0.0110
471      471   (0)      2  : 0.9840 0.0160
472      472   (0)      2  : 0.9726 0.0274
473      473   (0)      2  : 0.9920 0.0080
474      474   (0)      2  : 0.9930 0.0070
475      475   (0)      2  : 0.9780 0.0220
476      476   (0)      2  : 0.9930 0.0070
477      477   (0)      2  : 0.9940 0.0060
478      478   (0)      2  : 0.9940 0.0060
479      479   (0)      2  : 0.9900 0.0100
480      480   (0)      2  : 0.9930 0.0070
481      481   (0)      2  : 0.9890 0.0110
482      482   (0)      2  : 0.9900 0.0100
483      483   (0)      2  : 0.9940 0.0060
484      484   (0)      2  : 0.9890 0.0110
485      485   (0)      2  : 0.9920 0.0080
486      486   (0)      2  : 0.9730 0.0270
487      487   (0)      2  : 0.9480 0.0520
488      488   (0)      2  : 0.9870 0.0130
489      489   (0)      2  : 0.9950 0.0050
490      490   (0)      2  : 0.9870 0.0130
491      491   (0)      2  : 0.9810 0.0190
492      492   (0)      2  : 0.9850 0.0150
493      493   (0)      2  : 0.9920 0.0080
494      494   (0)      2  : 0.9900 0.0100
495      495   (0)      2  : 0.9860 0.0140
496      496   (0)      2  : 0.9940 0.0060
497      497   (0)      2  : 0.9940 0.0060
498      498   (0)      2  : 0.9910 0.0090
499      499   (0)      2  : 0.9910 0.0090
500      500   (0)      2  : 0.9870 0.0130
501      501   (0)      3  : 0.9676 0.0324
502      502   (0)      3  : 0.9780 0.0220
503      503   (0)      3  : 0.9850 0.0150
504      504   (0)      3  : 0.9030 0.0970
505      505   (0)      3  : 0.9890 0.0110
506      506   (0)      3  : 0.8428 0.1572
507      507   (0)      3  : 0.8770 0.1230
508      508   (0)      3  : 0.9014 0.0986
509      509   (0)      3  : 0.8346 0.1654
510      510   (0)      3  : 0.9838 0.0162
511      511   (0)      3  : 0.8852 0.1148
512      512   (0)      3  : 0.8830 0.1170
513      513   (0)      3  : 0.9292 0.0708
514      514   (0)      3  : 0.9810 0.0190
515      515   (0)      3  : 0.9390 0.0610
516      516   (0)      3  : 0.8870 0.1130
517      517   (0)      3  : 0.9044 0.0956
518      518   (0)      3  : 0.9180 0.0820
519      519   (0)      3  : 0.9078 0.0922
520      520   (0)      3  : 0.7250 0.2750
521      521   (0)      3  : 0.9900 0.0100
522      522   (0)      3  : 0.8720 0.1280
523      523   (0)      3  : 0.9480 0.0520
524      524   (0)      3  : 0.9720 0.0280
525      525   (0)      3  : 0.8160 0.1840
526      526   (0)      3  : 0.9240 0.0760
527      527   (0)      3  : 0.8748 0.1252
528      528   (0)      3  : 0.8694 0.1306
529      529   (0)      3  : 0.9780 0.0220
530      530   (0)      3  : 0.9116 0.0884
531      531   (0)      3  : 0.7750 0.2250
532      532   (0)      3  : 0.8458 0.1542
533      533   (0)      3  : 0.7560 0.2440
534      534   (0)      3  : 0.8678 0.1322
535      535   (0)      3  : 0.9910 0.0090
536      536   (0)      3  : 0.9590 0.0410
537      537   (0)      3  : 0.7500 0.2500
538      538   (0)      3  : 0.8040 0.1960
539      539   (0)      3  : 0.8770 0.1230
540      540   (0)      3  : 0.8870 0.1130
541      541   (0)      3  : 0.8546 0.1454
542      542   (0)      3  : 0.7384 0.2616
543      543   (0)      3  : 0.9400 0.0600
544      544   (0)      3  : 0.9750 0.0250
545      545   (0)      3  : 0.9730 0.0270
546      546   (0)      3  : 0.9850 0.0150
547      547   (0)      3  : 0.9818 0.0182
548      548   (0)      3  : 0.9052 0.0948
549      549   (0)      3  : 0.9840 0.0160
550      550   (0)      3  : 0.8194 0.1806
551      551   (0)      3  : 0.8600 0.1400
552      552   (0)      3  : 0.9720 0.0280
553      553   (0)      3  : 0.8102 0.1898
554      554   (0)      3  : 0.8620 0.1380
555      555   (0)      3  : 0.9800 0.0200
556      556   (0)      3  : 0.8618 0.1382
557      557   (0)      3  : 0.9578 0.0422
558      558   (0)      3  : 0.9930 0.0070
559      559   (0)      3  : 0.9686 0.0314
560      560   (0)      3  : 0.9270 0.0730
561      561   (0)      3  : 0.9008 0.0992
562      562   (0)      3  : 0.9342 0.0658
563      563   (0)      3  : 0.8558 0.1442
564      564   (0)      3  : 0.9720 0.0280
565      565   (0)      3  : 0.8280 0.1720
566      566   (0)      3  : 0.9490 0.0510
567      567   (0)      3  : 0.8470 0.1530
568      568   (0)      3  : 0.8208 0.1792
569      569   (0)      3  : 0.8830 0.1170
570      570   (0)      3  : 0.8880 0.1120
571      571   (0)      3  : 0.8210 0.1790
572      572   (0)      3  : 0.8670 0.1330
573      573   (0)      3  : 0.9798 0.0202
574      574   (0)      3  : 0.9504 0.0496
575      575   (0)      3  : 0.9770 0.0230
576      576   (0)      3  : 0.8298 0.1702
577      577   (0)      3  : 0.9400 0.0600
578      578   (0)      3  : 0.9930 0.0070
579      579   (0)      3  : 0.9490 0.0510
580      580   (0)      3  : 0.9910 0.0090
581      581   (0)      3  : 0.9250 0.0750
582      582   (0)      3  : 0.9630 0.0370
583      583   (0)      3  : 0.9860 0.0140
584      584   (0)      3  : 0.6980 0.3020
585      585   (0)      3  : 0.9900 0.0100
586      586   (0)      3  : 0.8710 0.1290
587      587   (0)      3  : 0.7440 0.2560
588      588   (0)      3  : 0.9254 0.0746
589      589   (0)      3  : 0.9350 0.0650
590      590   (0)      3  : 0.9940 0.0060
591      591   (0)      3  : 0.8390 0.1610
592      592   (0)      3  : 0.9740 0.0260
593      593   (0)      3  : 0.9534 0.0466
594      594   (0)      3  : 0.9880 0.0120
595      595   (0)      3  : 0.9190 0.0810
596      596   (0)      3  : 0.9520 0.0480
597      597   (0)      3  : 0.8590 0.1410
598      598   (0)      3  : 0.8530 0.1470
599      599   (0)      3  : 0.8890 0.1110
600      600   (0)      3  : 0.9700 0.0300
601      601   (0)      4  : 0.7050 0.2950
602      602   (0)      4  : 0.8080 0.1920
603      603   (0)      4  : 0.7480 0.2520
604      604   (0)      4  : 0.7790 0.2210
605      605   (0)      4  : 0.8800 0.1200
606      606   (0)      4  : 0.6310 0.3690
607      607   (0)      4  : 0.8970 0.1030
608      608   (0)      4  : 0.8250 0.1750
609      609   (0)      4  : 0.6968 0.3032
610      610   (0)      4  : 0.8884 0.1116
611      611   (0)      4  : 0.9196 0.0804
612      612   (0)      4  : 0.8810 0.1190
613      613   (0)      4  : 0.9700 0.0300
614      614   (0)      4  : 0.8348 0.1652
615      615   (0)      4  : 0.7400 0.2600
616      616   (0)      4  : 0.8950 0.1050
617      617   (0)      4  : 0.6390 0.3610
618      618   (0)      4  : 0.6828 0.3172
619      619   (0)      4  : 0.9342 0.0658
620      620   (0)      4  : 0.6932 0.3068
621      621   (0)      4  : 0.8290 0.1710
622      622   (0)      4  : 0.5420 0.4580
623      623   (0)      4  : 0.8172 0.1828
624      624   (0)      4  : 0.8692 0.1308
625      625   (0)      4  : 0.9106 0.0894
626      626   (0)      4  : 0.7674 0.2326
627      627   (0)      4  : 0.7970 0.2030
628      628   (0)      4  : 0.6934 0.3066
629      629   (0)      4  : 0.8190 0.1810
630      630   (0)      4  : 0.8110 0.1890
631      631   (0)      4  : 0.7800 0.2200
632      632   (0)      4  : 0.8560 0.1440
633      633   (0)      4  : 0.7070 0.2930
634      634   (0)      4  : 0.7440 0.2560
635      635   (0)      4  : 0.8360 0.1640
636      636   (0)      4  : 0.6416 0.3584
637      637   (0)      4  : 0.6850 0.3150
638      638   (0)      4  : 0.8658 0.1342
639      639   (0)      4  : 0.5810 0.4190
640      640   (0)      4  : 0.7200 0.2800
641      641   (0)      4  : 0.6258 0.3742
642      642   (0)      4  : 0.8340 0.1660
643      643   (0)      4  : 0.9904 0.0096
644      644   (0)      4  : 0.4930 0.5070
645      645   (0)      4  : 0.7120 0.2880
646      646   (0)      4  : 0.8100 0.1900
647      647   (0)      4  : 0.7630 0.2370
648      648   (0)      4  : 0.6574 0.3426
649      649   (0)      4  : 0.7988 0.2012
650      650   (0)      4  : 0.8820 0.1180
651      651   (0)      4  : 0.7992 0.2008
652      652   (0)      4  : 0.7890 0.2110
653      653   (0)      4  : 0.7250 0.2750
654      654   (0)      4  : 0.8050 0.1950
655      655   (0)      4  : 0.7440 0.2560
656      656   (0)      4  : 0.4560 0.5440
657      657   (0)      4  : 0.9312 0.0688
658      658   (0)      4  : 0.5960 0.4040
659      659   (0)      4  : 0.9320 0.0680
660      660   (0)      4  : 0.6910 0.3090
661      661   (0)      4  : 0.8716 0.1284
662      662   (0)      4  : 0.8726 0.1274
663      663   (0)      4  : 0.7462 0.2538
664      664   (0)      4  : 0.8010 0.1990
665      665   (0)      4  : 0.5432 0.4568
666      666   (0)      4  : 0.7950 0.2050
667      667   (0)      4  : 0.9270 0.0730
668      668   (0)      4  : 0.6480 0.3520
669      669   (0)      4  : 0.9060 0.0940
670      670   (0)      4  : 0.6700 0.3300
671      671   (0)      4  : 0.7820 0.2180
672      672   (0)      4  : 0.8180 0.1820
673      673   (0)      4  : 0.6450 0.3550
674      674   (0)      4  : 0.6580 0.3420
675      675   (0)      4  : 0.9186 0.0814
676      676   (0)      4  : 0.7060 0.2940
677      677   (0)      4  : 0.7338 0.2662
678      678   (0)      4  : 0.8996 0.1004
679      679   (0)      4  : 0.6992 0.3008
680      680   (0)      4  : 0.9610 0.0390
681      681   (0)      4  : 0.6610 0.3390
682      682   (0)      4  : 0.7530 0.2470
683      683   (0)      4  : 0.8790 0.1210
684      684   (0)      4  : 0.9790 0.0210
685      685   (0)      4  : 0.7630 0.2370
686      686   (0)      4  : 0.8276 0.1724
687      687   (0)      4  : 0.6730 0.3270
688      688   (0)      4  : 0.7840 0.2160
689      689   (0)      4  : 0.7710 0.2290
690      690   (0)      4  : 0.8980 0.1020
691      691   (0)      4  : 0.8348 0.1652
692      692   (0)      4  : 0.7094 0.2906
693      693   (0)      4  : 0.7050 0.2950
694      694   (0)      4  : 0.9500 0.0500
695      695   (0)      4  : 0.6720 0.3280
696      696   (0)      4  : 0.7860 0.2140
697      697   (0)      4  : 0.6400 0.3600
698      698   (0)      4  : 0.7980 0.2020
699      699   (0)      4  : 0.8370 0.1630
700      700   (0)      4  : 0.7740 0.2260
701      701   (0)      5  : 0.5120 0.4880
702      702   (0)      5  : 0.4884 0.5116
703      703   (0)      5  : 0.5614 0.4386
704      704   (0)      5  : 0.6936 0.3064
705      705   (0)      5  : 0.6096 0.3904
706      706   (0)      5  : 0.5960 0.4040
707      707   (0)      5  : 0.5570 0.4430
708      708   (0)      5  : 0.4526 0.5474
709      709   (0)      5  : 0.4474 0.5526
710      710   (0)      5  : 0.5060 0.4940
711      711   (0)      5  : 0.5540 0.4460
712      712   (0)      5  : 0.4084 0.5916
713      713   (0)      5  : 0.6110 0.3890
714      714   (0)      5  : 0.5640 0.4360
715      715   (0)      5  : 0.4450 0.5550
716      716   (0)      5  : 0.3720 0.6280
717      717   (0)      5  : 0.4340 0.5660
718      718   (0)      5  : 0.4360 0.5640
719      719   (0)      5  : 0.3480 0.6520
720      720   (0)      5  : 0.6538 0.3462
721      721   (0)      5  : 0.4150 0.5850
722      722   (0)      5  : 0.6570 0.3430
723      723   (0)      5  : 0.5270 0.4730
724      724   (0)      5  : 0.4840 0.5160
725      725   (0)      5  : 0.4702 0.5298
726      726   (0)      5  : 0.3370 0.6630
727      727   (0)      5  : 0.4736 0.5264
728      728   (0)      5  : 0.4572 0.5428
729      729   (0)      5  : 0.5660 0.4340
730      730   (0)      5  : 0.5750 0.4250
731      731   (0)      5  : 0.4292 0.5708
732      732   (0)      5  : 0.3970 0.6030
733      733   (0)      5  : 0.6540 0.3460
734      734   (0)      5  : 0.5470 0.4530
735      735   (0)      5  : 0.5230 0.4770
736      736   (0)      5  : 0.4560 0.5440
737      737   (0)      5  : 0.3860 0.6140
738      738   (0)      5  : 0.4242 0.5758
739      739   (0)      5  : 0.6640 0.3360
740      740   (0)      5  : 0.5138 0.4862
741      741   (0)      5  : 0.3980 0.6020
742      742   (0)      5  : 0.4110 0.5890
743      743   (0)      5  : 0.5330 0.4670
744      744   (0)      5  : 0.5870 0.4130
745      745   (0)      5  : 0.4410 0.5590
746      746   (0)      5  : 0.5040 0.4960
747      747   (0)      5  : 0.5110 0.4890
748      748   (0)      5  : 0.6132 0.3868
749      749   (0)      5  : 0.3820 0.6180
750      750   (0)      5  : 0.6006 0.3994
751      751   (0)      5  : 0.4240 0.5760
752      752   (0)      5  : 0.5230 0.4770
753      753   (0)      5  : 0.5120 0.4880
754      754   (0)      5  : 0.5890 0.4110
755      755   (0)      5  : 0.4950 0.5050
756      756   (0)      5  : 0.5354 0.4646
757      757   (0)      5  : 0.5260 0.4740
758      758   (0)      5  : 0.5940 0.4060
759      759   (0)      5  : 0.5530 0.4470
760      760   (0)      5  : 0.4614 0.5386
761      761   (0)      5  : 0.5500 0.4500
762      762   (0)      5  : 0.5874 0.4126
763      763   (0)      5  : 0.5160 0.4840
764      764   (0)      5  : 0.6210 0.3790
765      765   (0)      5  : 0.5390 0.4610
766      766   (0)      5  : 0.4202 0.5798
767      767   (0)      5  : 0.5270 0.4730
768      768   (0)      5  : 0.6070 0.3930
769      769   (0)      5  : 0.5070 0.4930
770      770   (0)      5  : 0.6100 0.3900
771      771   (0)      5  : 0.5290 0.4710
772      772   (0)      5  : 0.4780 0.5220
773      773   (0)      5  : 0.5390 0.4610
774      774   (0)      5  : 0.4784 0.5216
775      775   (0)      5  : 0.4850 0.5150
776      776   (0)      5  : 0.5768 0.4232
777      777   (0)      5  : 0.4810 0.5190
778      778   (0)      5  : 0.3216 0.6784
779      779   (0)      5  : 0.6500 0.3500
780      780   (0)      5  : 0.6110 0.3890
781      781   (0)      5  : 0.4960 0.5040
782      782   (0)      5  : 0.5390 0.4610
783      783   (0)      5  : 0.5182 0.4818
784      784   (0)      5  : 0.5080 0.4920
785      785   (0)      5  : 0.4264 0.5736
786      786   (0)      5  : 0.5180 0.4820
787      787   (0)      5  : 0.5378 0.4622
788      788   (0)      5  : 0.4288 0.5712
789      789   (0)      5  : 0.4990 0.5010
790      790   (0)      5  : 0.5240 0.4760
791      791   (0)      5  : 0.4820 0.5180
792      792   (0)      5  : 0.5440 0.4560
793      793   (0)      5  : 0.5310 0.4690
794      794   (0)      5  : 0.5360 0.4640
795      795   (0)      5  : 0.4788 0.5212
796      796   (0)      5  : 0.5448 0.4552
797      797   (0)      5  : 0.4560 0.5440
798      798   (0)      5  : 0.5310 0.4690
799      799   (0)      5  : 0.5634 0.4366
800      800   (0)      5  : 0.6220 0.3780
801      801   (0)      6  : 0.2920 0.7080
802      802   (0)      6  : 0.1870 0.8130
803      803   (0)      6  : 0.3810 0.6190
804      804   (0)      6  : 0.3090 0.6910
805      805   (0)      6  : 0.1010 0.8990
806      806   (0)      6  : 0.2800 0.7200
807      807   (0)      6  : 0.2442 0.7558
808      808   (0)      6  : 0.2696 0.7304
809      809   (0)      6  : 0.2340 0.7660
810      810   (0)      6  : 0.2790 0.7210
811      811   (0)      6  : 0.1100 0.8900
812      812   (0)      6  : 0.3590 0.6410
813      813   (0)      6  : 0.3030 0.6970
814      814   (0)      6  : 0.2032 0.7968
815      815   (0)      6  : 0.2100 0.7900
816      816   (0)      6  : 0.2250 0.7750
817      817   (0)      6  : 0.1600 0.8400
818      818   (0)      6  : 0.3300 0.6700
819      819   (0)      6  : 0.2240 0.7760
820      820   (0)      6  : 0.0940 0.9060
821      821   (0)      6  : 0.1080 0.8920
822      822   (0)      6  : 0.2360 0.7640
823      823   (0)      6  : 0.3082 0.6918
824      824   (0)      6  : 0.1760 0.8240
825      825   (0)      6  : 0.2026 0.7974
826      826   (0)      6  : 0.4570 0.5430
827      827   (0)      6  : 0.1732 0.8268
828      828   (0)      6  : 0.3000 0.7000
829      829   (0)      6  : 0.2762 0.7238
830      830   (0)      6  : 0.3150 0.6850
831      831   (0)      6  : 0.2320 0.7680
832      832   (0)      6  : 0.4450 0.5550
833      833   (0)      6  : 0.1360 0.8640
834      834   (0)      6  : 0.2930 0.7070
835      835   (0)      6  : 0.1238 0.8762
836      836   (0)      6  : 0.3440 0.6560
837      837   (0)      6  : 0.1670 0.8330
838      838   (0)      6  : 0.0666 0.9334
839      839   (0)      6  : 0.2536 0.7464
840      840   (0)      6  : 0.2138 0.7862
841      841   (0)      6  : 0.5110 0.4890
842      842   (0)      6  : 0.4360 0.5640
843      843   (0)      6  : 0.4100 0.5900
844      844   (0)      6  : 0.1978 0.8022
845      845   (0)      6  : 0.5034 0.4966
846      846   (0)      6  : 0.3420 0.6580
847      847   (0)      6  : 0.1510 0.8490
848      848   (0)      6  : 0.1540 0.8460
849      849   (0)      6  : 0.2462 0.7538
850      850   (0)      6  : 0.1520 0.8480
851      851   (0)      6  : 0.2360 0.7640
852      852   (0)      6  : 0.2452 0.7548
853      853   (0)      6  : 0.2768 0.7232
854      854   (0)      6  : 0.4280 0.5720
855      855   (0)      6  : 0.1360 0.8640
856      856   (0)      6  : 0.2040 0.7960
857      857   (0)      6  : 0.3550 0.6450
858      858   (0)      6  : 0.3052 0.6948
859      859   (0)      6  : 0.1110 0.8890
860      860   (0)      6  : 0.2202 0.7798
861      861   (0)      6  : 0.2690 0.7310
862      862   (0)      6  : 0.2668 0.7332
863      863   (0)      6  : 0.2230 0.7770
864      864   (0)      6  : 0.3550 0.6450
865      865   (0)      6  : 0.2960 0.7040
866      866   (0)      6  : 0.3200 0.6800
867      867   (0)      6  : 0.2640 0.7360
868      868   (0)      6  : 0.2506 0.7494
869      869   (0)      6  : 0.1194 0.8806
870      870   (0)      6  : 0.0406 0.9594
871      871   (0)      6  : 0.2820 0.7180
872      872   (0)      6  : 0.2130 0.7870
873      873   (0)      6  : 0.1820 0.8180
874      874   (0)      6  : 0.3400 0.6600
875      875   (0)      6  : 0.5210 0.4790
876      876   (0)      6  : 0.1344 0.8656
877      877   (0)      6  : 0.2498 0.7502
878      878   (0)      6  : 0.2672 0.7328
879      879   (0)      6  : 0.2590 0.7410
880      880   (0)      6  : 0.0702 0.9298
881      881   (0)      6  : 0.3480 0.6520
882      882   (0)      6  : 0.2970 0.7030
883      883   (0)      6  : 0.3720 0.6280
884      884   (0)      6  : 0.2300 0.7700
885      885   (0)      6  : 0.4570 0.5430
886      886   (0)      6  : 0.2030 0.7970
887      887   (0)      6  : 0.2890 0.7110
888      888   (0)      6  : 0.2746 0.7254
889      889   (0)      6  : 0.2790 0.7210
890      890   (0)      6  : 0.1910 0.8090
891      891   (0)      6  : 0.1806 0.8194
892      892   (0)      6  : 0.2260 0.7740
893      893   (0)      6  : 0.2370 0.7630
894      894   (0)      6  : 0.3360 0.6640
895      895   (0)      6  : 0.1650 0.8350
896      896   (0)      6  : 0.2800 0.7200
897      897   (0)      6  : 0.3234 0.6766
898      898   (0)      6  : 0.2670 0.7330
899      899   (0)      6  : 0.3190 0.6810
900      900   (0)      6  : 0.3250 0.6750
901      901   (0)      7  : 0.2520 0.7480
902      902   (0)      7  : 0.0290 0.9710
903      903   (0)      7  : 0.1430 0.8570
904      904   (0)      7  : 0.2018 0.7982
905      905   (0)      7  : 0.0710 0.9290
906      906   (0)      7  : 0.2740 0.7260
907      907   (0)      7  : 0.0100 0.9900
908      908   (0)      7  : 0.1620 0.8380
909      909   (0)      7  : 0.2320 0.7680
910      910   (0)      7  : 0.1480 0.8520
911      911   (0)      7  : 0.0810 0.9190
912      912   (0)      7  : 0.0500 0.9500
913      913   (0)      7  : 0.0778 0.9222
914      914   (0)      7  : 0.0280 0.9720
915      915   (0)      7  : 0.1870 0.8130
916      916   (0)      7  : 0.0790 0.9210
917      917   (0)      7  : 0.1524 0.8476
918      918   (0)      7  : 0.1658 0.8342
919      919   (0)      7  : 0.1528 0.8472
920      920   (0)      7  : 0.0370 0.9630
921      921   (0)      7  : 0.1100 0.8900
922      922   (0)      7  : 0.0604 0.9396
923      923   (0)      7  : 0.2290 0.7710
924      924   (0)      7  : 0.1290 0.8710
925      925   (0)      7  : 0.1420 0.8580
926      926   (0)      7  : 0.1230 0.8770
927      927   (0)      7  : 0.1026 0.8974
928      928   (0)      7  : 0.1820 0.8180
929      929   (0)      7  : 0.2278 0.7722
930      930   (0)      7  : 0.1346 0.8654
931      931   (0)      7  : 0.1858 0.8142
932      932   (0)      7  : 0.2950 0.7050
933      933   (0)      7  : 0.0110 0.9890
934      934   (0)      7  : 0.1270 0.8730
935      935   (0)      7  : 0.1680 0.8320
936      936   (0)      7  : 0.1220 0.8780
937      937   (0)      7  : 0.2370 0.7630
938      938   (0)      7  : 0.2390 0.7610
939      939   (0)      7  : 0.1538 0.8462
940      940   (0)      7  : 0.2750 0.7250
941      941   (0)      7  : 0.1930 0.8070
942      942   (0)      7  : 0.0650 0.9350
943      943   (0)      7  : 0.0920 0.9080
944      944   (0)      7  : 0.2980 0.7020
945      945   (0)      7  : 0.2500 0.7500
946      946   (0)      7  : 0.1140 0.8860
947      947   (0)      7  : 0.1510 0.8490
948      948   (0)      7  : 0.0100 0.9900
949      949   (0)      7  : 0.0090 0.9910
950      950   (0)      7  : 0.1036 0.8964
951      951   (0)      7  : 0.2730 0.7270
952      952   (0)      7  : 0.0430 0.9570
953      953   (0)      7  : 0.0100 0.9900
954      954   (0)      7  : 0.1378 0.8622
955      955   (0)      7  : 0.1080 0.8920
956      956   (0)      7  : 0.1320 0.8680
957      957   (0)      7  : 0.1300 0.8700
958      958   (0)      7  : 0.0496 0.9504
959      959   (0)      7  : 0.1980 0.8020
960      960   (0)      7  : 0.0550 0.9450
961      961   (0)      7  : 0.1140 0.8860
962      962   (0)      7  : 0.1470 0.8530
963      963   (0)      7  : 0.0110 0.9890
964      964   (0)      7  : 0.0070 0.9930
965      965   (0)      7  : 0.1290 0.8710
966      966   (0)      7  : 0.0890 0.9110
967      967   (0)      7  : 0.0880 0.9120
968      968   (0)      7  : 0.0110 0.9890
969      969   (0)      7  : 0.1350 0.8650
970      970   (0)      7  : 0.1150 0.8850
971      971   (0)      7  : 0.1520 0.8480
972      972   (0)      7  : 0.2070 0.7930
973      973   (0)      7  : 0.1000 0.9000
974      974   (0)      7  : 0.1440 0.8560
975      975   (0)      7  : 0.1160 0.8840
976      976   (0)      7  : 0.1830 0.8170
977      977   (0)      7  : 0.0070 0.9930
978      978   (0)      7  : 0.0200 0.9800
979      979   (0)      7  : 0.1280 0.8720
980      980   (0)      7  : 0.0646 0.9354
981      981   (0)      7  : 0.2570 0.7430
982      982   (0)      7  : 0.0748 0.9252
983      983   (0)      7  : 0.2110 0.7890
984      984   (0)      7  : 0.0976 0.9024
985      985   (0)      7  : 0.0630 0.9370
986      986   (0)      7  : 0.1464 0.8536
987      987   (0)      7  : 0.1520 0.8480
988      988   (0)      7  : 0.0070 0.9930
989      989   (0)      7  : 0.1170 0.8830
990      990   (0)      7  : 0.2550 0.7450
991      991   (0)      7  : 0.1930 0.8070
992      992   (0)      7  : 0.2920 0.7080
993      993   (0)      7  : 0.0590 0.9410
994      994   (0)      7  : 0.0550 0.9450
995      995   (0)      7  : 0.2270 0.7730
996      996   (0)      7  : 0.1610 0.8390
997      997   (0)      7  : 0.1450 0.8550
998      998   (0)      7  : 0.1100 0.8900
999      999   (0)      7  : 0.1650 0.8350
1000     1000   (0)      7  : 0.2410 0.7590
1001     1001   (5)      8  : 0.0120 0.9880
1002     1002   (0)      8  : 0.0140 0.9860
1003     1003   (0)      8  : 0.0070 0.9930
1004     1004   (0)      8  : 0.0170 0.9830
1005     1005   (0)      8  : 0.0080 0.9920
1006     1006   (0)      8  : 0.0090 0.9910
1007     1007   (0)      8  : 0.0060 0.9940
1008     1008   (0)      8  : 0.0090 0.9910
1009     1009   (0)      8  : 0.0080 0.9920
1010     1010   (0)      8  : 0.0080 0.9920
1011     1011   (0)      8  : 0.0050 0.9950
1012     1012   (0)      8  : 0.0070 0.9930
1013     1013   (0)      8  : 0.0110 0.9890
1014     1014   (5)      8  : 0.0050 0.9950
1015     1015   (0)      8  : 0.0070 0.9930
1016     1016   (0)      8  : 0.0060 0.9940
1017     1017   (0)      8  : 0.0080 0.9920
1018     1018   (0)      8  : 0.0090 0.9910
1019     1019   (0)      8  : 0.0100 0.9900
1020     1020   (0)      8  : 0.0060 0.9940
1021     1021   (0)      8  : 0.0050 0.9950
1022     1022   (0)      8  : 0.0100 0.9900
1023     1023   (0)      8  : 0.0060 0.9940
1024     1024   (0)      8  : 0.0050 0.9950
1025     1025   (0)      8  : 0.0050 0.9950
1026     1026   (0)      8  : 0.0060 0.9940
1027     1027   (0)      8  : 0.0060 0.9940
1028     1028   (0)      8  : 0.0060 0.9940
1029     1029   (0)      9  : 0.0050 0.9950
1030     1030   (0)      9  : 0.0100 0.9900
1031     1031   (0)      9  : 0.0110 0.9890
1032     1032   (0)      9  : 0.0060 0.9940
1033     1033   (0)      9  : 0.0080 0.9920
1034     1034   (0)      9  : 0.0070 0.9930
1035     1035   (0)      9  : 0.0110 0.9890
1036     1036   (0)      9  : 0.0170 0.9830
1037     1037   (0)      9  : 0.0070 0.9930
1038     1038   (0)      9  : 0.0080 0.9920
1039     1039   (0)      9  : 0.0080 0.9920
1040     1040   (0)      9  : 0.0070 0.9930
1041     1041   (0)      9  : 0.0084 0.9916
1042     1042   (0)      9  : 0.0080 0.9920
1043     1043   (0)      9  : 0.0070 0.9930
1044     1044   (0)      9  : 0.0050 0.9950
1045     1045   (0)      9  : 0.0280 0.9720
1046     1046   (0)      9  : 0.0060 0.9940
1047     1047   (0)      9  : 0.0040 0.9960
1048     1048   (0)      9  : 0.0060 0.9940
1049     1049   (0)      9  : 0.0080 0.9920
1050     1050   (0)      9  : 0.0070 0.9930
1051     1051   (0)      9  : 0.0050 0.9950
1052     1052   (0)      9  : 0.0060 0.9940
1053     1053   (0)      9  : 0.0060 0.9940
1054     1054   (0)      9  : 0.0070 0.9930
1055     1055   (0)      9  : 0.0070 0.9930
1056     1056   (0)      9  : 0.0080 0.9920
1057     1057   (0)      9  : 0.0080 0.9920
1058     1058   (0)      9  : 0.0060 0.9940
1059     1059   (0)      9  : 0.0060 0.9940
1060     1060   (0)      9  : 0.0070 0.9930
1061     1061   (0)      9  : 0.0070 0.9930
1062     1062   (0)      9  : 0.0060 0.9940
1063     1063   (0)      9  : 0.0090 0.9910
1064     1064   (0)      9  : 0.0090 0.9910
1065     1065   (0)      9  : 0.0090 0.9910
1066     1066   (0)      9  : 0.0090 0.9910
1067     1067   (0)      9  : 0.0080 0.9920
1068     1068   (0)      9  : 0.0060 0.9940
1069     1069   (0)      9  : 0.0070 0.9930
1070     1070   (0)      9  : 0.0090 0.9910
1071     1071   (0)      9  : 0.0080 0.9920
1072     1072   (0)      9  : 0.0066 0.9934
1073     1073   (0)      9  : 0.0060 0.9940
1074     1074   (0)      9  : 0.0070 0.9930
1075     1075   (0)      9  : 0.0080 0.9920
1076     1076   (0)      9  : 0.0070 0.9930
1077     1077   (0)      9  : 0.0050 0.9950
1078     1078   (0)      9  : 0.0070 0.9930
1079     1079   (0)      9  : 0.0064 0.9936
1080     1080   (0)      9  : 0.0070 0.9930
1081     1081   (0)      9  : 0.0070 0.9930
1082     1082   (0)      9  : 0.0060 0.9940
1083     1083   (0)      9  : 0.0110 0.9890
1084     1084   (0)      9  : 0.0060 0.9940
1085     1085   (0)      9  : 0.0060 0.9940
1086     1086   (0)      9  : 0.0060 0.9940
1087     1087   (0)      9  : 0.0070 0.9930
1088     1088   (0)      9  : 0.0070 0.9930
1089     1089   (0)      9  : 0.0060 0.9940
1090     1090   (0)      9  : 0.0042 0.9958
1091     1091   (0)      9  : 0.0060 0.9940
1092     1092   (0)      9  : 0.0080 0.9920
1093     1093   (0)      9  : 0.0050 0.9950
1094     1094   (0)      9  : 0.0080 0.9920
1095     1095   (0)      9  : 0.0090 0.9910
1096     1096   (0)      9  : 0.0060 0.9940
1097     1097   (0)      9  : 0.0120 0.9880
1098     1098   (0)      9  : 0.0050 0.9950
1099     1099   (0)      9  : 0.0080 0.9920
1100     1100   (0)      9  : 0.0090 0.9910
1101     1101   (0)      9  : 0.0070 0.9930
1102     1102   (0)      9  : 0.0170 0.9830
1103     1103   (0)      9  : 0.0050 0.9950
1104     1104   (0)      9  : 0.0100 0.9900
1105     1105   (0)      9  : 0.0080 0.9920
1106     1106   (0)      9  : 0.0050 0.9950
1107     1107   (0)      9  : 0.0130 0.9870
1108     1108   (0)      9  : 0.0070 0.9930
1109     1109   (0)      9  : 0.0070 0.9930
1110     1110   (0)      9  : 0.0060 0.9940
1111     1111   (0)      9  : 0.0060 0.9940
1112     1112   (0)      9  : 0.0060 0.9940
1113     1113   (0)      9  : 0.0080 0.9920
1114     1114   (0)      9  : 0.0050 0.9950
1115     1115   (0)      9  : 0.0092 0.9908
1116     1116   (0)      9  : 0.0090 0.9910
1117     1117   (0)      9  : 0.0110 0.9890
1118     1118   (0)      9  : 0.0090 0.9910
1119     1119   (0)      9  : 0.0150 0.9850
1120     1120   (0)      9  : 0.0060 0.9940
1121     1121   (0)      9  : 0.0070 0.9930
1122     1122   (0)      9  : 0.0070 0.9930
1123     1123   (0)      9  : 0.0080 0.9920
1124     1124   (0)      9  : 0.0090 0.9910
1125     1125   (0)      9  : 0.0100 0.9900
1126     1126   (0)      9  : 0.0070 0.9930
1127     1127   (0)      9  : 0.0080 0.9920
1128     1128   (0)      9  : 0.0120 0.9880
1129     1129   (0)      9  : 0.0080 0.9920
1130     1130   (0)      9  : 0.0052 0.9948
1131     1131   (0)      9  : 0.0050 0.9950
1132     1132   (0)      9  : 0.0070 0.9930
1133     1133   (0)      9  : 0.0080 0.9920
1134     1134   (0)      9  : 0.0050 0.9950
1135     1135   (0)      9  : 0.0070 0.9930
1136     1136   (0)      9  : 0.0090 0.9910
1137     1137   (0)      9  : 0.0070 0.9930
1138     1138   (0)      9  : 0.0070 0.9930
1139     1139   (0)      9  : 0.0120 0.9880
1140     1140   (0)      9  : 0.0140 0.9860
1141     1141   (0)      9  : 0.0060 0.9940
1142     1142   (0)      9  : 0.0090 0.9910
1143     1143   (0)      9  : 0.0070 0.9930
1144     1144   (0)      9  : 0.0070 0.9930
1145     1145   (0)      9  : 0.0060 0.9940
1146     1146   (0)      9  : 0.0060 0.9940
1147     1147   (0)      9  : 0.0190 0.9810
1148     1148   (0)      9  : 0.0060 0.9940
1149     1149   (0)      9  : 0.0050 0.9950
1150     1150   (0)      9  : 0.0070 0.9930
1151     1151   (0)      9  : 0.0090 0.9910
1152     1152   (0)      9  : 0.0090 0.9910
1153     1153   (0)      9  : 0.0070 0.9930
1154     1154   (0)      9  : 0.0050 0.9950
1155     1155   (0)      9  : 0.0050 0.9950
1156     1156   (0)      9  : 0.0060 0.9940
1157     1157   (0)      9  : 0.0090 0.9910
1158     1158   (0)      9  : 0.0060 0.9940
1159     1159   (0)      9  : 0.0060 0.9940
1160     1160   (0)      9  : 0.0060 0.9940
1161     1161   (0)      9  : 0.0090 0.9910
1162     1162   (0)      9  : 0.0060 0.9940
1163     1163   (0)      9  : 0.0060 0.9940
1164     1164   (0)      9  : 0.0050 0.9950
1165     1165   (0)      9  : 0.0072 0.9928
1166     1166   (0)      9  : 0.0070 0.9930
1167     1167   (0)      9  : 0.0050 0.9950
1168     1168   (0)      9  : 0.0050 0.9950
1169     1169   (0)      9  : 0.0090 0.9910
1170     1170   (0)      9  : 0.0080 0.9920
1171     1171   (0)      9  : 0.0050 0.9950
1172     1172   (0)      9  : 0.0070 0.9930
1173     1173   (0)      9  : 0.0070 0.9930
1174     1174   (0)      9  : 0.0060 0.9940
1175     1175   (0)      9  : 0.0070 0.9930
1176     1176   (0)      9  : 0.0080 0.9920
1177     1177   (0)      9  : 0.0050 0.9950
1178     1178   (0)      9  : 0.0120 0.9880
1179     1179   (0)      9  : 0.0050 0.9950
1180     1180   (0)      9  : 0.0130 0.9870
1181     1181   (0)      9  : 0.0050 0.9950
1182     1182   (0)      9  : 0.0070 0.9930
1183     1183   (0)      9  : 0.0242 0.9758
1184     1184   (0)      9  : 0.0070 0.9930
1185     1185   (0)      9  : 0.0080 0.9920
1186     1186   (0)      9  : 0.0090 0.9910
1187     1187   (0)      9  : 0.0060 0.9940
1188     1188   (0)      9  : 0.0050 0.9950
1189     1189   (0)      9  : 0.0060 0.9940
1190     1190   (0)      9  : 0.0050 0.9950
1191     1191   (0)      9  : 0.0050 0.9950
1192     1192   (0)      9  : 0.0100 0.9900
1193     1193   (0)      9  : 0.0050 0.9950
1194     1194   (0)      9  : 0.0090 0.9910
1195     1195   (0)      9  : 0.0090 0.9910
1196     1196   (0)      9  : 0.0120 0.9880
1197     1197   (0)      9  : 0.0050 0.9950
1198     1198   (0)      9  : 0.0050 0.9950
1199     1199   (0)      9  : 0.0050 0.9950
1200     1200   (0)      9  : 0.0080 0.9920
1201     1201   (0)      9  : 0.0050 0.9950
1202     1202   (0)      9  : 0.0080 0.9920
1203     1203   (0)      9  : 0.0050 0.9950
1204     1204   (0)      9  : 0.0050 0.9950
1205     1205   (0)      9  : 0.0070 0.9930
1206     1206   (0)      9  : 0.0060 0.9940
1207     1207   (0)      9  : 0.0060 0.9940
1208     1208   (0)      9  : 0.0060 0.9940
1209     1209   (0)      9  : 0.0070 0.9930
1210     1210   (0)      9  : 0.0060 0.9940
1211     1211   (0)      9  : 0.0070 0.9930
1212     1212   (0)      9  : 0.0050 0.9950
1213     1213   (0)      9  : 0.0060 0.9940
1214     1214   (0)      9  : 0.0050 0.9950
1215     1215   (0)      9  : 0.0060 0.9940
1216     1216   (0)      9  : 0.0080 0.9920
1217     1217   (0)      9  : 0.0060 0.9940
1218     1218   (0)      9  : 0.0070 0.9930
1219     1219   (0)      9  : 0.0060 0.9940
1220     1220   (0)      9  : 0.0070 0.9930
1221     1221   (0)      9  : 0.0070 0.9930
1222     1222   (0)      9  : 0.0050 0.9950
1223     1223   (0)      9  : 0.0100 0.9900
1224     1224   (0)      9  : 0.0050 0.9950
1225     1225   (0)      9  : 0.0120 0.9880
1226     1226   (0)      9  : 0.0080 0.9920
1227     1227   (0)      9  : 0.0070 0.9930
1228     1228   (0)      9  : 0.0080 0.9920
1229     1229   (0)      9  : 0.0050 0.9950
1230     1230   (0)      9  : 0.0060 0.9940
1231     1231   (0)      9  : 0.0080 0.9920
1232     1232   (0)      9  : 0.0090 0.9910
1233     1233   (0)      9  : 0.0090 0.9910
1234     1234   (0)      9  : 0.0060 0.9940
1235     1235   (0)      9  : 0.0070 0.9930
1236     1236   (0)      9  : 0.0070 0.9930
1237     1237   (0)      9  : 0.0140 0.9860
1238     1238   (0)      9  : 0.0070 0.9930
1239     1239   (0)      9  : 0.0070 0.9930
1240     1240   (0)      9  : 0.0080 0.9920
1241     1241   (0)      9  : 0.0078 0.9922
1242     1242   (0)      9  : 0.0080 0.9920
1243     1243   (0)      9  : 0.0200 0.9800
1244     1244   (0)      9  : 0.0110 0.9890
1245     1245   (0)      9  : 0.0060 0.9940
1246     1246   (0)      9  : 0.0060 0.9940
1247     1247   (0)      9  : 0.0070 0.9930
1248     1248   (0)      9  : 0.0100 0.9900
1249     1249   (0)      9  : 0.0070 0.9930
1250     1250   (0)      9  : 0.0070 0.9930
1251     1251   (0)      9  : 0.0090 0.9910
1252     1252   (0)      9  : 0.0080 0.9920
1253     1253   (0)      9  : 0.0090 0.9910
1254     1254   (0)      9  : 0.0070 0.9930
1255     1255   (0)      9  : 0.0404 0.9596
1256     1256   (0)      9  : 0.0080 0.9920
1257     1257   (0)      9  : 0.0080 0.9920
1258     1258   (0)      9  : 0.0060 0.9940
1259     1259   (0)      9  : 0.0060 0.9940
1260     1260   (0)      9  : 0.0060 0.9940
1261     1261   (0)      9  : 0.0050 0.9950
1262     1262   (0)      9  : 0.0070 0.9930
1263     1263   (0)      9  : 0.0060 0.9940
1264     1264   (0)      9  : 0.0150 0.9850
1265     1265   (0)      9  : 0.0070 0.9930
1266     1266   (0)      9  : 0.0090 0.9910
1267     1267   (0)      9  : 0.0060 0.9940
1268     1268   (0)      9  : 0.0090 0.9910
1269     1269   (0)      9  : 0.0060 0.9940
1270     1270   (0)      9  : 0.0080 0.9920
1271     1271   (0)      9  : 0.0060 0.9940
1272     1272   (0)      9  : 0.0050 0.9950
1273     1273   (0)      9  : 0.0060 0.9940
1274     1274   (0)      9  : 0.0070 0.9930
1275     1275   (0)      9  : 0.0060 0.9940
1276     1276   (0)      9  : 0.0090 0.9910
1277     1277   (0)      9  : 0.0050 0.9950
1278     1278   (0)      9  : 0.0060 0.9940
1279     1279   (0)      9  : 0.0060 0.9940
1280     1280   (0)      9  : 0.0110 0.9890
1281     1281   (0)      9  : 0.0070 0.9930
1282     1282   (0)      9  : 0.0070 0.9930
1283     1283   (0)      9  : 0.0070 0.9930
1284     1284   (0)      9  : 0.0050 0.9950
1285     1285   (0)      9  : 0.0090 0.9910
1286     1286   (0)      9  : 0.0050 0.9950
1287     1287   (0)      9  : 0.0090 0.9910
1288     1288   (0)      9  : 0.0080 0.9920
1289     1289   (0)      9  : 0.0080 0.9920
1290     1290   (0)      9  : 0.0080 0.9920
1291     1291   (0)      9  : 0.0090 0.9910
1292     1292   (0)      9  : 0.0100 0.9900
1293     1293   (0)      9  : 0.0080 0.9920
1294     1294   (0)      9  : 0.0060 0.9940
1295     1295   (0)      9  : 0.0110 0.9890
1296     1296   (0)      9  : 0.0080 0.9920
1297     1297   (0)      9  : 0.0110 0.9890
1298     1298   (0)      9  : 0.0060 0.9940
1299     1299   (0)      9  : 0.0080 0.9920
1300     1300   (0)      9  : 0.0050 0.9950
1301     1301   (0)      9  : 0.0050 0.9950
1302     1302   (0)      9  : 0.0260 0.9740
1303     1303   (0)      9  : 0.0070 0.9930
1304     1304   (0)      9  : 0.0060 0.9940
1305     1305   (0)      9  : 0.0060 0.9940
1306     1306   (0)      9  : 0.0060 0.9940
1307     1307   (0)      9  : 0.0060 0.9940
1308     1308   (0)      9  : 0.0070 0.9930
1309     1309   (0)      9  : 0.0050 0.9950
1310     1310   (0)      9  : 0.0070 0.9930
1311     1311   (0)      9  : 0.0140 0.9860
1312     1312   (0)      9  : 0.0060 0.9940
1313     1313   (0)      9  : 0.0070 0.9930
1314     1314   (0)      9  : 0.0050 0.9950
1315     1315   (0)      9  : 0.0060 0.9940
1316     1316   (0)      9  : 0.0070 0.9930
1317     1317   (0)      9  : 0.0120 0.9880
1318     1318   (0)      9  : 0.0050 0.9950
1319     1319   (0)      9  : 0.0060 0.9940
1320     1320   (0)      9  : 0.0070 0.9930
1321     1321   (0)      9  : 0.0060 0.9940
1322     1322   (0)      9  : 0.0120 0.9880
1323     1323   (0)      9  : 0.0050 0.9950
1324     1324   (0)      9  : 0.0070 0.9930
1325     1325   (0)      9  : 0.0060 0.9940
1326     1326   (0)      9  : 0.0070 0.9930
1327     1327   (0)      9  : 0.0070 0.9930
1328     1328   (0)      9  : 0.0060 0.9940
1329     1329   (0)      9  : 0.0060 0.9940
1330     1330   (0)      9  : 0.0070 0.9930
1331     1331   (0)      9  : 0.0050 0.9950
1332     1332   (0)      9  : 0.0050 0.9950
1333     1333   (0)      9  : 0.0060 0.9940
1334     1334   (0)      9  : 0.0060 0.9940
1335     1335   (0)      9  : 0.0050 0.9950
1336     1336   (0)      9  : 0.0070 0.9930
1337     1337   (0)      9  : 0.0050 0.9950
1338     1338   (0)      9  : 0.0110 0.9890
1339     1339   (0)      9  : 0.0060 0.9940
1340     1340   (0)      9  : 0.0070 0.9930
1341     1341   (0)      9  : 0.0060 0.9940
1342     1342   (0)      9  : 0.0090 0.9910
1343     1343   (0)      9  : 0.0060 0.9940
1344     1344   (0)      9  : 0.0060 0.9940
1345     1345   (0)      9  : 0.0050 0.9950
1346     1346   (0)      9  : 0.0060 0.9940
1347     1347   (0)      9  : 0.0080 0.9920
1348     1348   (0)      9  : 0.0080 0.9920
1349     1349   (0)      9  : 0.0060 0.9940
1350     1350   (0)      9  : 0.0092 0.9908
1351     1351   (0)      9  : 0.0060 0.9940
1352     1352   (0)      9  : 0.0080 0.9920
1353     1353   (0)      9  : 0.0160 0.9840
1354     1354   (0)      9  : 0.0050 0.9950
1355     1355   (0)      9  : 0.0130 0.9870
1356     1356   (0)      9  : 0.0050 0.9950
1357     1357   (0)      9  : 0.0140 0.9860
1358     1358   (0)      9  : 0.0060 0.9940
1359     1359   (0)      9  : 0.0090 0.9910
1360     1360   (0)      9  : 0.0060 0.9940
1361     1361   (0)      9  : 0.0070 0.9930
1362     1362   (0)      9  : 0.0090 0.9910
1363     1363   (0)      9  : 0.0080 0.9920
1364     1364   (0)      9  : 0.0184 0.9816
1365     1365   (0)      9  : 0.0060 0.9940
1366     1366   (0)      9  : 0.0070 0.9930
1367     1367   (0)      9  : 0.0090 0.9910
1368     1368   (0)      9  : 0.0060 0.9940
1369     1369   (0)      9  : 0.0050 0.9950
1370     1370   (0)      9  : 0.0050 0.9950
1371     1371   (0)      9  : 0.0060 0.9940
1372     1372   (0)      9  : 0.0060 0.9940
1373     1373   (0)      9  : 0.0090 0.9910
1374     1374   (0)      9  : 0.0100 0.9900
1375     1375   (0)      9  : 0.0080 0.9920
1376     1376   (0)      9  : 0.0130 0.9870
1377     1377   (0)      9  : 0.0080 0.9920
1378     1378   (0)      9  : 0.0110 0.9890
1379     1379   (0)      9  : 0.0080 0.9920
1380     1380   (0)      9  : 0.0050 0.9950
1381     1381   (0)      9  : 0.0060 0.9940
1382     1382   (0)      9  : 0.0060 0.9940
1383     1383   (0)      9  : 0.0080 0.9920
1384     1384   (0)      9  : 0.0060 0.9940
1385     1385   (0)      9  : 0.0060 0.9940
1386     1386   (0)      9  : 0.0060 0.9940
1387     1387   (0)      9  : 0.0080 0.9920
1388     1388   (0)      9  : 0.0100 0.9900
1389     1389   (0)      9  : 0.0050 0.9950
1390     1390   (0)      9  : 0.0170 0.9830
1391     1391   (0)      9  : 0.0060 0.9940
1392     1392   (0)      9  : 0.0050 0.9950
1393     1393   (0)      9  : 0.0050 0.9950
1394     1394   (0)      9  : 0.0130 0.9870
1395     1395   (0)      9  : 0.0090 0.9910
1396     1396   (0)      9  : 0.0050 0.9950
1397     1397   (0)      9  : 0.0070 0.9930
1398     1398   (0)      9  : 0.0070 0.9930
1399     1399   (0)      9  : 0.0090 0.9910
1400     1400   (0)      9  : 0.0080 0.9920
1401     1401   (0)      9  : 0.0050 0.9950
1402     1402   (0)      9  : 0.0070 0.9930
1403     1403   (0)      9  : 0.0090 0.9910
1404     1404   (0)      9  : 0.0050 0.9950
1405     1405   (0)      9  : 0.0128 0.9872
1406     1406   (0)      9  : 0.0110 0.9890
1407     1407   (0)      9  : 0.0080 0.9920
1408     1408   (0)      9  : 0.0070 0.9930
1409     1409   (0)      9  : 0.0100 0.9900
1410     1410   (0)      9  : 0.0060 0.9940
1411     1411   (0)      9  : 0.0110 0.9890
1412     1412   (0)      9  : 0.0060 0.9940
1413     1413   (0)      9  : 0.0090 0.9910
1414     1414   (0)      9  : 0.0050 0.9950
1415     1415   (0)      9  : 0.0050 0.9950
1416     1416   (0)      9  : 0.0060 0.9940
1417     1417   (0)      9  : 0.0060 0.9940
1418     1418   (0)      9  : 0.0050 0.9950
1419     1419   (0)      9  : 0.0210 0.9790
1420     1420   (0)      9  : 0.0070 0.9930
1421     1421   (0)      9  : 0.0100 0.9900
1422     1422   (0)      9  : 0.0060 0.9940
1423     1423   (0)      9  : 0.0070 0.9930
1424     1424   (0)      9  : 0.0140 0.9860
1425     1425   (0)      9  : 0.0060 0.9940
1426     1426   (0)      9  : 0.0070 0.9930
1427     1427   (0)      9  : 0.0080 0.9920
1428     1428   (0)      9  : 0.0080 0.9920
1429     1429   (0)      9  : 0.0060 0.9940
1430     1430   (0)      9  : 0.0050 0.9950
1431     1431   (0)      9  : 0.0050 0.9950
1432     1432   (0)      9  : 0.0076 0.9924
1433     1433   (0)      9  : 0.0070 0.9930
1434     1434   (0)      9  : 0.0070 0.9930
1435     1435   (0)      9  : 0.0050 0.9950
1436     1436   (0)      9  : 0.0050 0.9950
1437     1437   (0)      9  : 0.0120 0.9880
1438     1438   (0)      9  : 0.0052 0.9948
1439     1439   (0)      9  : 0.0070 0.9930
1440     1440   (0)      9  : 0.0070 0.9930
1441     1441   (0)      9  : 0.0060 0.9940
1442     1442   (0)      9  : 0.0070 0.9930
1443     1443   (0)      9  : 0.0130 0.9870
1444     1444   (0)      9  : 0.0070 0.9930
1445     1445   (0)      9  : 0.0070 0.9930
1446     1446   (0)      9  : 0.0070 0.9930
1447     1447   (0)      9  : 0.0070 0.9930
1448     1448   (0)      9  : 0.0060 0.9940
1449     1449   (0)      9  : 0.0080 0.9920
1450     1450   (0)      9  : 0.0060 0.9940
1451     1451   (0)      9  : 0.0050 0.9950
1452     1452   (0)      9  : 0.0090 0.9910
1453     1453   (0)      9  : 0.0080 0.9920
1454     1454   (0)      9  : 0.0050 0.9950
1455     1455   (0)      9  : 0.0080 0.9920
1456     1456   (0)      9  : 0.0078 0.9922
1457     1457   (0)      9  : 0.0050 0.9950
1458     1458   (0)      9  : 0.0070 0.9930
1459     1459   (0)      9  : 0.0100 0.9900
1460     1460   (0)      9  : 0.0090 0.9910
1461     1461   (0)      9  : 0.0070 0.9930
1462     1462   (0)      9  : 0.0060 0.9940
1463     1463   (0)      9  : 0.0080 0.9920
1464     1464   (0)      9  : 0.0130 0.9870
1465     1465   (0)      9  : 0.0240 0.9760
1466     1466   (0)      9  : 0.0070 0.9930
1467     1467   (0)      9  : 0.0060 0.9940
1468     1468   (0)      9  : 0.0050 0.9950
1469     1469   (0)      9  : 0.0070 0.9930
1470     1470   (0)      9  : 0.0060 0.9940
1471     1471   (0)      9  : 0.0050 0.9950
1472     1472   (0)      9  : 0.0200 0.9800
1473     1473   (0)      9  : 0.0150 0.9850
1474     1474   (0)      9  : 0.0050 0.9950
1475     1475   (0)      9  : 0.0080 0.9920
1476     1476   (0)      9  : 0.0060 0.9940
1477     1477   (0)      9  : 0.0060 0.9940
1478     1478   (0)      9  : 0.0100 0.9900
1479     1479   (0)      9  : 0.0080 0.9920
1480     1480   (0)      9  : 0.0060 0.9940
1481     1481   (0)      9  : 0.0080 0.9920
1482     1482   (0)      9  : 0.0060 0.9940
1483     1483   (0)      9  : 0.0100 0.9900
1484     1484   (0)      9  : 0.0060 0.9940
1485     1485   (0)      9  : 0.0080 0.9920
1486     1486   (0)      9  : 0.0060 0.9940
1487     1487   (0)      9  : 0.0130 0.9870
1488     1488   (0)      9  : 0.0060 0.9940
1489     1489   (0)      9  : 0.0050 0.9950
1490     1490   (0)      9  : 0.0070 0.9930
1491     1491   (0)      9  : 0.0060 0.9940
1492     1492   (0)      9  : 0.0060 0.9940
1493     1493   (0)      9  : 0.0070 0.9930
1494     1494   (0)      9  : 0.0060 0.9940
1495     1495   (0)      9  : 0.0070 0.9930
1496     1496   (0)      9  : 0.0080 0.9920
1497     1497   (0)      9  : 0.0090 0.9910
1498     1498   (0)      9  : 0.0060 0.9940
1499     1499   (0)      9  : 0.0050 0.9950
1500     1500   (0)      9  : 0.0050 0.9950
