1        1   (5)      1  : 0.9845 0.0068 0.0058 0.0030
2        2   (5)      1  : 0.9650 0.0077 0.0215 0.0057
3        3   (5)      1  : 0.9903 0.0040 0.0027 0.0030
4        4   (0)      1  : 0.9922 0.0038 0.0020 0.0020
5        5   (0)      1  : 0.9172 0.0543 0.0078 0.0208
6        6   (0)      1  : 0.9883 0.0045 0.0047 0.0025
7        7   (0)      1  : 0.8940 0.0067 0.0365 0.0627
8        8   (5)      1  : 0.9925 0.0030 0.0025 0.0020
9        9   (0)      1  : 0.9925 0.0020 0.0027 0.0027
10       10   (0)      1  : 0.9615 0.0047 0.0257 0.0080
11       11   (0)      1  : 0.9842 0.0040 0.0058 0.0060
12       12   (0)      1  : 0.9810 0.0048 0.0068 0.0075
13       13   (0)      1  : 0.9903 0.0030 0.0037 0.0030
14       14   (0)      1  : 0.9863 0.0045 0.0062 0.0030
15       15   (0)      1  : 0.9875 0.0045 0.0050 0.0030
16       16   (0)      1  : 0.9922 0.0037 0.0020 0.0020
17       17   (0)      1  : 0.9932 0.0020 0.0028 0.0020
18       18   (0)      1  : 0.9758 0.0125 0.0060 0.0057
19       19   (0)      1  : 0.9910 0.0043 0.0023 0.0025
20       20   (0)      1  : 0.9553 0.0145 0.0140 0.0162
21       21   (0)      1  : 0.9930 0.0020 0.0030 0.0020
22       22   (0)      1  : 0.9930 0.0030 0.0020 0.0020
23       23   (0)      1  : 0.9930 0.0030 0.0020 0.0020
24       24   (0)      1  : 0.9890 0.0052 0.0027 0.0030
25       25   (0)      1  : 0.9623 0.0047 0.0100 0.0230
26       26   (0)      1  : 0.9903 0.0030 0.0032 0.0035
27       27   (5)      1  : 0.9582 0.0147 0.0115 0.0155
28       28   (0)      1  : 0.9835 0.0083 0.0038 0.0045
29       29   (0)      1  : 0.9913 0.0037 0.0030 0.0020
30       30   (0)      1  : 0.9682 0.0088 0.0138 0.0093
31       31   (0)      1  : 0.9905 0.0040 0.0025 0.0030
32       32   (0)      1  : 0.9665 0.0245 0.0050 0.0040
33       33   (0)      1  : 0.9930 0.0030 0.0020 0.0020
34       34   (0)      1  : 0.9927 0.0033 0.0020 0.0020
35       35   (0)      1  : 0.9672 0.0175 0.0065 0.0088
36       36   (0)      1  : 0.9770 0.0168 0.0025 0.0038
37       37   (0)      1  : 0.9757 0.0053 0.0058 0.0133
38       38   (0)      1  : 0.9885 0.0030 0.0050 0.0035
39       39   (0)      1  : 0.9727 0.0075 0.0150 0.0048
40       40   (0)      1  : 0.9878 0.0057 0.0035 0.0030
41       41   (0)      1  : 0.9888 0.0040 0.0035 0.0037
42       42   (0)      1  : 0.9940 0.0020 0.0020 0.0020
43       43   (0)      1  : 0.9890 0.0035 0.0040 0.0035
44       44   (0)      1  : 0.9940 0.0020 0.0020 0.0020
45       45   (5)      1  : 0.9830 0.0050 0.0075 0.0045
46       46   (0)      1  : 0.9925 0.0030 0.0025 0.0020
47       47   (0)      1  : 0.9848 0.0057 0.0060 0.0035
48       48   (0)      1  : 0.9848 0.0055 0.0057 0.0040
49       49   (0)      1  : 0.9827 0.0033 0.0110 0.0030
50       50   (0)      1  : 0.9900 0.0030 0.0040 0.0030
51       51   (0)      1  : 0.9862 0.0030 0.0053 0.0055
52       52   (0)      1  : 0.9645 0.0080 0.0113 0.0163
53       53   (0)      1  : 0.9815 0.0060 0.0045 0.0080
54       54   (0)      1  : 0.9863 0.0040 0.0060 0.0037
55       55   (0)      1  : 0.9882 0.0030 0.0043 0.0045
56       56   (0)      1  : 0.9905 0.0040 0.0025 0.0030
57       57  (10)      1  : 0.9882 0.0057 0.0030 0.0030
58       58   (5)      1  : 0.9842 0.0060 0.0062 0.0035
59       59   (0)      1  : 0.9875 0.0037 0.0050 0.0037
60       60   (0)      1  : 0.9910 0.0027 0.0037 0.0025
61       61   (0)      1  : 0.9868 0.0045 0.0040 0.0047
62       62   (0)      1  : 0.9660 0.0045 0.0263 0.0033
63       63   (0)      1  : 0.9842 0.0048 0.0058 0.0053
64       64   (0)      1  : 0.9885 0.0035 0.0050 0.0030
65       65   (0)      1  : 0.9670 0.0115 0.0135 0.0080
66       66   (0)      1  : 0.9847 0.0103 0.0030 0.0020
67       67   (5)      1  : 0.9810 0.0090 0.0048 0.0053
68       68   (0)      1  : 0.9730 0.0078 0.0103 0.0090
69       69   (0)      1  : 0.9813 0.0027 0.0057 0.0102
70       70   (0)      1  : 0.9850 0.0052 0.0057 0.0040
71       71   (5)      1  : 0.9797 0.0105 0.0040 0.0058
72       72   (0)      1  : 0.9840 0.0042 0.0055 0.0062
73       73   (5)      1  : 0.9878 0.0055 0.0035 0.0033
74       74  (10)      1  : 0.9820 0.0053 0.0070 0.0058
75       75  (10)      1  : 0.9875 0.0033 0.0043 0.0050
76       76   (0)      1  : 0.9750 0.0190 0.0025 0.0035
77       77  (10)      1  : 0.9885 0.0053 0.0033 0.0030
78       78   (0)      1  : 0.9760 0.0135 0.0060 0.0045
79       79   (5)      1  : 0.9855 0.0045 0.0060 0.0040
80       80   (0)      1  : 0.9927 0.0028 0.0020 0.0025
81       81   (0)      1  : 0.9920 0.0027 0.0025 0.0027
82       82   (0)      1  : 0.9935 0.0020 0.0020 0.0025
83       83   (0)      1  : 0.9815 0.0085 0.0050 0.0050
84       84   (0)      1  : 0.9820 0.0050 0.0100 0.0030
85       85   (0)      1  : 0.9922 0.0025 0.0030 0.0023
86       86   (5)      1  : 0.9913 0.0027 0.0030 0.0030
87       87   (0)      1  : 0.9900 0.0037 0.0030 0.0032
88       88   (0)      1  : 0.8887 0.0958 0.0095 0.0060
89       89   (0)      1  : 0.9825 0.0102 0.0042 0.0030
90       90   (0)      1  : 0.9770 0.0132 0.0052 0.0045
91       91   (0)      1  : 0.9867 0.0045 0.0058 0.0030
92       92   (0)      1  : 0.9728 0.0112 0.0067 0.0092
93       93   (0)      1  : 0.9927 0.0025 0.0028 0.0020
94       94   (5)      1  : 0.9848 0.0082 0.0035 0.0035
95       95   (0)      1  : 0.9900 0.0030 0.0050 0.0020
96       96   (5)      1  : 0.9920 0.0020 0.0030 0.0030
97       97   (0)      1  : 0.9838 0.0055 0.0057 0.0050
98       98   (0)      1  : 0.9870 0.0050 0.0040 0.0040
99       99   (5)      1  : 0.9903 0.0037 0.0030 0.0030
100      100   (5)      1  : 0.9930 0.0027 0.0020 0.0022
101      101   (5)      2  : 0.5947 0.0040 0.0160 0.3853
102      102   (0)      2  : 0.3964 0.0430 0.2602 0.3004
103      103   (0)      2  : 0.5733 0.0090 0.0660 0.3518
104      104   (5)      2  : 0.5284 0.0200 0.4189 0.0327
105      105   (5)      2  : 0.4118 0.0045 0.5690 0.0148
106      106   (0)      2  : 0.4173 0.0185 0.1944 0.3698
107      107   (0)      3  : 0.0327 0.0862 0.7320 0.1490
108      108   (0)      3  : 0.1552 0.2856 0.1812 0.3781
109      109  (10)      4  : 0.0030 0.0095 0.9827 0.0047
110      110   (5)      4  : 0.0037 0.0070 0.9818 0.0075
111      111   (5)      4  : 0.0160 0.0075 0.9738 0.0027
112      112   (5)      4  : 0.0020 0.0062 0.9845 0.0073
113      113  (10)      4  : 0.0045 0.0085 0.9833 0.0037
114      114   (5)      4  : 0.0313 0.0068 0.9600 0.0020
115      115  (10)      4  : 0.0035 0.0048 0.9888 0.0030
116      116   (0)      4  : 0.0085 0.0185 0.9195 0.0535
117      117   (0)      4  : 0.0070 0.0075 0.9810 0.0045
118      118   (0)      4  : 0.0025 0.0038 0.9870 0.0068
119      119   (0)      4  : 0.0110 0.0092 0.9753 0.0045
120      120   (0)      4  : 0.0468 0.0090 0.9402 0.0040
121      121   (0)      4  : 0.0038 0.0035 0.9872 0.0055
122      122   (0)      4  : 0.0035 0.0050 0.9885 0.0030
123      123   (0)      4  : 0.0045 0.0155 0.9748 0.0053
124      124   (0)      4  : 0.0050 0.0102 0.9817 0.0030
125      125   (0)      4  : 0.0045 0.0052 0.9878 0.0025
126      126   (0)      4  : 0.0202 0.0060 0.9718 0.0020
127      127   (0)      4  : 0.0062 0.0065 0.9720 0.0153
128      128   (5)      4  : 0.0095 0.0037 0.9688 0.0180
129      129   (0)      4  : 0.0035 0.0048 0.9790 0.0127
130      130   (0)      4  : 0.0410 0.0135 0.9312 0.0143
131      131   (5)      4  : 0.0133 0.0053 0.9780 0.0035
132      132   (5)      4  : 0.0073 0.0045 0.9775 0.0107
133      133   (0)      4  : 0.1125 0.0232 0.8570 0.0072
134      134   (0)      4  : 0.0460 0.0062 0.9400 0.0077
135      135   (0)      4  : 0.0112 0.0872 0.8921 0.0095
136      136   (0)      4  : 0.0030 0.0040 0.9835 0.0095
137      137   (0)      4  : 0.0020 0.0065 0.8255 0.1660
138      138   (0)      4  : 0.0020 0.0060 0.9817 0.0103
139      139   (0)      4  : 0.0020 0.0030 0.9430 0.0520
140      140   (0)      4  : 0.0050 0.0143 0.9750 0.0058
141      141   (0)      4  : 0.0210 0.0068 0.8457 0.1265
142      142   (0)      4  : 0.0075 0.3436 0.4792 0.1697
143      143   (0)      4  : 0.0125 0.0052 0.9730 0.0092
144      144   (0)      4  : 0.1190 0.0083 0.2966 0.5762
145      145   (0)      4  : 0.1745 0.3023 0.3458 0.1773
146      146   (0)      4  : 0.0030 0.0043 0.0565 0.9362
147      147   (0)      4  : 0.0233 0.0073 0.7965 0.1730
148      148   (0)      4  : 0.0648 0.2156 0.4017 0.3179
149      149   (0)      4  : 0.0030 0.0773 0.9112 0.0085
150      150   (0)      4  : 0.0043 0.0588 0.9247 0.0123
151      151  (10)      5  : 0.0025 0.0140 0.9417 0.0418
152      152   (0)      5  : 0.0113 0.1448 0.0448 0.7992
153      153   (0)      5  : 0.0280 0.0033 0.9415 0.0272
154      154   (0)      5  : 0.0037 0.0082 0.8025 0.1855
155      155   (0)      5  : 0.0050 0.1025 0.0110 0.8815
156      156   (5)      5  : 0.0030 0.6366 0.0690 0.2914
157      157   (0)      5  : 0.0027 0.0122 0.9281 0.0570
158      158   (0)      5  : 0.0037 0.0055 0.5262 0.4645
159      159   (0)      5  : 0.0020 0.0043 0.0043 0.9895
160      160   (0)      5  : 0.0310 0.2400 0.7172 0.0118
161      161   (0)      5  : 0.0028 0.0265 0.1331 0.8376
162      162   (0)      5  : 0.0027 0.0040 0.2026 0.7907
163      163   (0)      5  : 0.0020 0.0140 0.0400 0.9440
164      164   (0)      5  : 0.0035 0.0070 0.0088 0.9807
165      165   (5)      5  : 0.0067 0.0070 0.2578 0.7285
166      166   (0)      5  : 0.0045 0.0060 0.4838 0.5057
167      167   (0)      5  : 0.0035 0.0045 0.0072 0.9848
168      168   (0)      5  : 0.0020 0.0030 0.0035 0.9915
169      169   (0)      5  : 0.0035 0.0105 0.4027 0.5833
170      170   (0)      5  : 0.0018 0.0020 0.0085 0.9878
171      171   (0)      5  : 0.0025 0.0072 0.6214 0.3689
172      172   (5)      5  : 0.0030 0.0065 0.0128 0.9777
173      173   (5)      5  : 0.0047 0.0067 0.0083 0.9803
174      174   (5)      5  : 0.0065 0.0360 0.8678 0.0897
175      175   (0)      5  : 0.0168 0.0340 0.2670 0.6823
176      176   (0)      5  : 0.0022 0.0372 0.6952 0.2653
177      177   (0)      5  : 0.0027 0.0147 0.4530 0.5295
178      178   (0)      5  : 0.0158 0.0215 0.2300 0.7328
179      179   (0)      5  : 0.0020 0.0043 0.5257 0.4680
180      180   (0)      5  : 0.0040 0.0037 0.0100 0.9822
181      181   (0)      5  : 0.0035 0.0040 0.0062 0.9862
182      182   (0)      5  : 0.0020 0.0042 0.0102 0.9835
183      183   (0)      5  : 0.0027 0.0055 0.5252 0.4665
184      184   (0)      5  : 0.0037 0.0103 0.9175 0.0685
185      185   (0)      5  : 0.0037 0.0258 0.0057 0.9647
186      186   (0)      5  : 0.0030 0.0027 0.0050 0.9893
187      187   (5)      5  : 0.0040 0.0118 0.0273 0.9570
188      188   (0)      5  : 0.0070 0.0055 0.6650 0.3225
189      189   (0)      5  : 0.0025 0.0085 0.4765 0.5125
190      190   (0)      5  : 0.0033 0.0043 0.9665 0.0260
191      191   (0)      5  : 0.0035 0.0098 0.2504 0.7364
192      192   (0)      5  : 0.0030 0.0037 0.9808 0.0125
193      193   (5)      5  : 0.0020 0.0030 0.0070 0.9880
194      194   (5)      5  : 0.0073 0.0110 0.5567 0.4251
195      195   (5)      5  : 0.0020 0.0048 0.0110 0.9822
196      196   (5)      5  : 0.0030 0.0038 0.0108 0.9825
197      197   (5)      5  : 0.0070 0.0067 0.2561 0.7301
198      198   (5)      5  : 0.0157 0.0052 0.4052 0.5738
199      199   (0)      5  : 0.0045 0.0620 0.9145 0.0190
200      200   (5)      5  : 0.0020 0.0048 0.0742 0.9190
201      201   (0)      5  : 0.0030 0.9245 0.0262 0.0462
202      202   (0)      5  : 0.0195 0.2715 0.7005 0.0085
203      203   (0)      5  : 0.0025 0.0093 0.3853 0.6029
204      204   (0)      5  : 0.0020 0.0035 0.0085 0.9860
205      205   (0)      5  : 0.0058 0.0783 0.0208 0.8952
206      206   (0)      5  : 0.0028 0.0095 0.8107 0.1771
207      207   (0)      5  : 0.0027 0.0042 0.9287 0.0643
208      208   (0)      5  : 0.0057 0.0647 0.2392 0.6903
209      209   (0)      5  : 0.0020 0.0080 0.0055 0.9845
210      210   (0)      5  : 0.0033 0.0083 0.4447 0.5438
211      211   (0)      5  : 0.0032 0.3705 0.2077 0.4185
212      212   (0)      5  : 0.0047 0.9830 0.0055 0.0067
213      213   (0)      5  : 0.0017 0.0042 0.0062 0.9878
214      214   (0)      5  : 0.0020 0.0085 0.0115 0.9780
215      215   (0)      5  : 0.0028 0.0145 0.5096 0.4732
216      216   (0)      5  : 0.0040 0.1960 0.2965 0.5035
217      217   (0)      5  : 0.0025 0.0073 0.5470 0.4432
218      218   (0)      5  : 0.0127 0.0770 0.4084 0.5019
219      219   (0)      5  : 0.0030 0.0075 0.0050 0.9845
220      220   (0)      5  : 0.0030 0.0273 0.0298 0.9400
221      221   (0)      5  : 0.0020 0.0035 0.0050 0.9895
222      222   (0)      5  : 0.0020 0.0030 0.0137 0.9813
223      223   (0)      5  : 0.0167 0.0170 0.1600 0.8063
224      224   (0)      5  : 0.0043 0.0367 0.0545 0.9045
225      225   (0)      5  : 0.0035 0.0105 0.0120 0.9740
226      226   (0)      5  : 0.0020 0.0190 0.0123 0.9667
227      227   (0)      5  : 0.0037 0.0345 0.5151 0.4466
228      228   (0)      5  : 0.0030 0.0048 0.1781 0.8142
229      229   (0)      5  : 0.0050 0.0072 0.0157 0.9720
230      230   (0)      5  : 0.0038 0.0403 0.4273 0.5287
231      231   (0)      5  : 0.0030 0.1379 0.2460 0.6131
232      232   (0)      5  : 0.0030 0.0055 0.0277 0.9638
233      233   (0)      5  : 0.0030 0.0065 0.0495 0.9410
234      234   (0)      5  : 0.0030 0.0045 0.0080 0.9845
235      235   (0)      5  : 0.0020 0.0037 0.0088 0.9855
236      236   (0)      5  : 0.0035 0.0040 0.0040 0.9885
237      237   (0)      5  : 0.0030 0.0067 0.4075 0.5827
238      238   (0)      5  : 0.0025 0.0140 0.0445 0.9390
239      239   (0)      5  : 0.0030 0.0135 0.8661 0.1174
240      240   (0)      5  : 0.0020 0.0107 0.5338 0.4535
241      241   (0)      5  : 0.0030 0.0127 0.4823 0.5019
242      242   (0)      5  : 0.0035 0.0035 0.0048 0.9882
243      243  (10)      5  : 0.0145 0.1273 0.3080 0.5503
244      244   (0)      5  : 0.0020 0.0030 0.0043 0.9907
245      245   (0)      5  : 0.0020 0.0040 0.9752 0.0188
246      246   (0)      5  : 0.0030 0.0197 0.0055 0.9718
247      247   (0)      5  : 0.0030 0.0033 0.0033 0.9905
248      248   (0)      5  : 0.0065 0.0173 0.0093 0.9670
249      249   (0)      5  : 0.0020 0.0045 0.0082 0.9853
250      250   (0)      5  : 0.0030 0.0745 0.0235 0.8990
251      251   (0)      5  : 0.0018 0.0020 0.0083 0.9880
252      252   (0)      5  : 0.0017 0.0030 0.0535 0.9418
253      253   (0)      5  : 0.0050 0.0062 0.0077 0.9810
254      254   (0)      5  : 0.0020 0.0030 0.0618 0.9332
255      255   (0)      5  : 0.0020 0.0037 0.4493 0.5450
256      256   (0)      6  : 0.0138 0.0073 0.9725 0.0065
257      257  (10)      6  : 0.0050 0.0038 0.9825 0.0088
258      258  (10)      6  : 0.0043 0.0413 0.9205 0.0340
259      259   (5)      6  : 0.0040 0.0040 0.0340 0.9580
260      260   (5)      6  : 0.0027 0.0037 0.9565 0.0370
261      261   (0)      6  : 0.0020 0.0040 0.0035 0.9905
262      262   (5)      6  : 0.0020 0.0030 0.0040 0.9910
263      263   (5)      6  : 0.0020 0.0030 0.0045 0.9905
264      264   (0)      6  : 0.0020 0.0030 0.0153 0.9797
265      265   (0)      6  : 0.0020 0.0055 0.1142 0.8782
266      266   (0)      6  : 0.0020 0.0055 0.1140 0.8785
267      267   (0)      6  : 0.0030 0.1395 0.6144 0.2432
268      268   (0)      6  : 0.0020 0.0048 0.0125 0.9807
269      269   (5)      6  : 0.0020 0.0053 0.9715 0.0213
270      270   (5)      6  : 0.0075 0.0043 0.9785 0.0098
271      271  (10)      6  : 0.0050 0.0255 0.7095 0.2600
272      272   (0)      6  : 0.0020 0.0075 0.0125 0.9780
273      273   (5)      6  : 0.0060 0.0167 0.0040 0.9733
274      274   (5)      6  : 0.0030 0.0077 0.7158 0.2735
275      275   (0)      6  : 0.0020 0.0055 0.0045 0.9880
276      276   (5)      6  : 0.0020 0.0348 0.0223 0.9410
277      277   (0)      6  : 0.0090 0.0097 0.9236 0.0577
278      278   (5)      6  : 0.0020 0.0030 0.0075 0.9875
279      279   (0)      6  : 0.0020 0.0045 0.8219 0.1716
280      280   (0)      6  : 0.0030 0.0028 0.0050 0.9892
281      281   (0)      6  : 0.0040 0.0038 0.0055 0.9867
282      282   (0)      6  : 0.0020 0.0040 0.0040 0.9900
283      283   (0)      6  : 0.0035 0.0275 0.6410 0.3280
284      284   (0)      6  : 0.0030 0.0030 0.0030 0.9910
285      285   (0)      6  : 0.0045 0.0030 0.0055 0.9870
286      286   (0)      6  : 0.0030 0.0030 0.0040 0.9900
287      287   (0)      6  : 0.0050 0.0048 0.0033 0.9870
288      288   (0)      6  : 0.0020 0.0030 0.0067 0.9883
289      289   (0)      6  : 0.0045 0.0218 0.8880 0.0857
290      290   (0)      6  : 0.0053 0.0083 0.9650 0.0215
291      291   (0)      6  : 0.0020 0.0032 0.9850 0.0097
292      292   (0)      6  : 0.0067 0.0072 0.8923 0.0937
293      293   (0)      6  : 0.0020 0.0030 0.9828 0.0123
294      294   (5)      6  : 0.0057 0.0107 0.2622 0.7212
295      295   (5)      6  : 0.0030 0.0040 0.0045 0.9885
296      296   (0)      6  : 0.0035 0.0055 0.5698 0.4212
297      297  (15)      6  : 0.0055 0.0075 0.9740 0.0130
298      298  (10)      6  : 0.0020 0.0040 0.0172 0.9768
299      299  (10)      6  : 0.0022 0.0072 0.9583 0.0322
300      300  (10)      6  : 0.0035 0.0235 0.9133 0.0597
301      301   (5)      6  : 0.0035 0.0237 0.3551 0.6177
302      302   (5)      6  : 0.0020 0.0130 0.9795 0.0055
303      303   (5)      6  : 0.0025 0.0055 0.9855 0.0065
304      304   (5)      6  : 0.0020 0.0048 0.0043 0.9890
305      305   (5)      6  : 0.0045 0.0435 0.7554 0.1965
306      306   (5)      6  : 0.0027 0.0158 0.9748 0.0068
307      307  (15)      6  : 0.0103 0.0305 0.9402 0.0190
308      308   (5)      6  : 0.0093 0.0083 0.9755 0.0070
309      309   (5)      6  : 0.0020 0.0050 0.9835 0.0095
310      310  (15)      6  : 0.0030 0.0077 0.9818 0.0075
311      311   (5)      6  : 0.0153 0.0470 0.9147 0.0230
312      312   (5)      6  : 0.0465 0.0337 0.8985 0.0212
313      313   (5)      6  : 0.0030 0.0157 0.8923 0.0890
314      314   (5)      6  : 0.0020 0.0035 0.0043 0.9902
315      315  (10)      6  : 0.0035 0.0058 0.4545 0.5363
316      316   (5)      6  : 0.0030 0.0060 0.0210 0.9700
317      317   (5)      6  : 0.0033 0.0070 0.5377 0.4520
318      318  (10)      6  : 0.0030 0.0130 0.0175 0.9665
319      319  (10)      6  : 0.0035 0.0227 0.9013 0.0725
320      320  (10)      6  : 0.0093 0.0075 0.9720 0.0112
321      321  (10)      6  : 0.0172 0.0287 0.9408 0.0133
322      322   (5)      6  : 0.0020 0.0158 0.9030 0.0793
323      323  (10)      6  : 0.0035 0.0170 0.9677 0.0118
324      324   (0)      6  : 0.0020 0.0032 0.0077 0.9870
325      325   (5)      6  : 0.0020 0.0030 0.0078 0.9872
326      326   (0)      6  : 0.0020 0.0042 0.9723 0.0215
327      327   (0)      6  : 0.0020 0.0022 0.7570 0.2388
328      328   (0)      6  : 0.0020 0.0048 0.9855 0.0077
329      329   (0)      6  : 0.0065 0.0030 0.8678 0.1227
330      330   (0)      6  : 0.0020 0.0123 0.9800 0.0058
331      331   (0)      6  : 0.0118 0.0040 0.7189 0.2653
332      332   (0)      6  : 0.0035 0.0095 0.9745 0.0125
333      333  (10)      6  : 0.0020 0.0030 0.9868 0.0083
334      334  (10)      6  : 0.0092 0.9630 0.0165 0.0112
335      335   (0)      6  : 0.0193 0.0230 0.9525 0.0053
336      336   (5)      6  : 0.0455 0.3432 0.5511 0.0602
337      337   (0)      6  : 0.0027 0.0072 0.9840 0.0060
338      338   (5)      6  : 0.0160 0.0195 0.9533 0.0112
339      339   (5)      6  : 0.0020 0.0093 0.0175 0.9712
340      340   (5)      6  : 0.0060 0.0093 0.4040 0.5807
341      341  (10)      6  : 0.0020 0.0045 0.9700 0.0235
342      342   (0)      6  : 0.0030 0.0100 0.5487 0.4383
343      343   (0)      6  : 0.0020 0.0050 0.9630 0.0300
344      344   (0)      6  : 0.0475 0.5955 0.3500 0.0070
345      345   (0)      6  : 0.0028 0.0073 0.4985 0.4915
346      346   (0)      6  : 0.0050 0.1047 0.2698 0.6205
347      347   (0)      6  : 0.0025 0.0055 0.1829 0.8091
348      348   (0)      6  : 0.0020 0.0063 0.0222 0.9695
349      349   (0)      6  : 0.0035 0.0203 0.9663 0.0100
350      350   (0)      6  : 0.0020 0.0063 0.0188 0.9730
351      351   (0)      6  : 0.0025 0.0058 0.9877 0.0040
352      352   (0)      6  : 0.0030 0.0072 0.9785 0.0112
353      353   (0)      6  : 0.0130 0.5479 0.3804 0.0587
354      354   (0)      6  : 0.0058 0.8042 0.1745 0.0155
355      355   (0)      6  : 0.0067 0.9246 0.0505 0.0182
356      356   (0)      6  : 0.0030 0.0163 0.0100 0.9708
357      357   (0)      6  : 0.0080 0.0080 0.9760 0.0080
358      358   (0)      6  : 0.0020 0.0033 0.9690 0.0258
359      359   (5)      6  : 0.0047 0.0095 0.9715 0.0142
360      360   (0)      6  : 0.0030 0.1131 0.3151 0.5688
361      361   (5)      6  : 0.2242 0.4413 0.3252 0.0092
362      362   (0)      6  : 0.0030 0.0205 0.6291 0.3474
363      363   (0)      6  : 0.0105 0.3423 0.0285 0.6187
364      364   (0)      6  : 0.0050 0.0508 0.9380 0.0063
365      365   (0)      6  : 0.0055 0.0842 0.8286 0.0817
366      366   (0)      6  : 0.0020 0.0053 0.0198 0.9730
367      367   (0)      6  : 0.0027 0.0052 0.0425 0.9495
368      368   (0)      6  : 0.0080 0.0275 0.9373 0.0272
369      369   (0)      6  : 0.0020 0.0045 0.9870 0.0065
370      370   (0)      6  : 0.0038 0.0230 0.2303 0.7429
371      371   (0)      6  : 0.0027 0.0060 0.3376 0.6536
372      372   (0)      6  : 0.0057 0.6318 0.0860 0.2764
373      373   (0)      6  : 0.0020 0.0053 0.1058 0.8869
374      374   (0)      6  : 0.0037 0.0067 0.9817 0.0078
375      375   (5)      6  : 0.0030 0.0102 0.9758 0.0110
376      376   (0)      6  : 0.0075 0.0103 0.9555 0.0268
377      377   (0)      6  : 0.0040 0.0510 0.9283 0.0167
378      378   (0)      6  : 0.0033 0.0040 0.9655 0.0273
379      379  (10)      6  : 0.0030 0.0090 0.9296 0.0585
380      380   (0)      6  : 0.0020 0.0030 0.9888 0.0063
381      381   (0)      6  : 0.0020 0.0055 0.1884 0.8041
382      382   (0)      6  : 0.0020 0.0040 0.9848 0.0092
383      383  (10)      6  : 0.0038 0.0238 0.8765 0.0960
384      384   (5)      6  : 0.0020 0.0163 0.9782 0.0035
385      385   (0)      6  : 0.0020 0.0053 0.9830 0.0097
386      386   (5)      6  : 0.0030 0.0043 0.5337 0.4590
387      387   (5)      6  : 0.0020 0.0035 0.0668 0.9277
388      388  (10)      6  : 0.0037 0.0152 0.6555 0.3255
389      389   (0)      6  : 0.0020 0.0040 0.9360 0.0580
390      390   (5)      6  : 0.0045 0.0070 0.9700 0.0185
391      391  (10)      6  : 0.0030 0.0072 0.0145 0.9753
392      392   (0)      6  : 0.0050 0.0057 0.9850 0.0042
393      393   (0)      6  : 0.0208 0.0153 0.9457 0.0183
394      394   (0)      6  : 0.0030 0.0372 0.8661 0.0937
395      395   (0)      6  : 0.0035 0.0200 0.9532 0.0233
396      396   (0)      6  : 0.0040 0.0060 0.3206 0.6694
397      397   (0)      6  : 0.0100 0.0045 0.5017 0.4838
398      398   (0)      6  : 0.0020 0.0080 0.3103 0.6797
399      399   (0)      6  : 0.0020 0.0030 0.0035 0.9915
400      400   (0)      6  : 0.0020 0.0030 0.0045 0.9905
401      401   (5)      6  : 0.0070 0.0335 0.9112 0.0483
402      402   (0)      6  : 0.0020 0.0035 0.0092 0.9852
403      403   (0)      6  : 0.0080 0.0075 0.0872 0.8973
404      404   (0)      6  : 0.0028 0.0063 0.7214 0.2696
405      405   (5)      6  : 0.0057 0.0115 0.9698 0.0130
406      406   (0)      6  : 0.0028 0.0045 0.9797 0.0130
407      407   (0)      6  : 0.0118 0.0710 0.8940 0.0232
408      408   (0)      6  : 0.0020 0.0035 0.0048 0.9898
409      409   (0)      6  : 0.0020 0.1273 0.3337 0.5370
410      410   (0)      6  : 0.0035 0.0065 0.3572 0.6328
411      411   (0)      6  : 0.0040 0.0065 0.4339 0.5556
412      412   (0)      6  : 0.0075 0.0082 0.9755 0.0087
413      413   (0)      6  : 0.0025 0.0032 0.5664 0.4278
414      414   (0)      6  : 0.0022 0.0082 0.0120 0.9775
415      415   (0)      6  : 0.0207 0.0352 0.8695 0.0745
416      416   (0)      6  : 0.0025 0.0190 0.0882 0.8903
417      417   (0)      6  : 0.0020 0.0030 0.0157 0.9793
418      418   (0)      6  : 0.0030 0.0072 0.5705 0.4193
419      419   (0)      6  : 0.0020 0.0035 0.0053 0.9892
420      420   (0)      6  : 0.0017 0.0030 0.9890 0.0062
421      421   (0)      6  : 0.0020 0.0030 0.0198 0.9752
422      422   (0)      6  : 0.0020 0.0055 0.9563 0.0363
423      423   (0)      6  : 0.0042 0.0045 0.9845 0.0067
424      424   (0)      6  : 0.0035 0.0037 0.4708 0.5220
425      425   (0)      6  : 0.0020 0.0030 0.5008 0.4942
426      426  (10)      6  : 0.0048 0.0122 0.5135 0.4695
427      427   (5)      6  : 0.0027 0.4246 0.3131 0.2595
428      428  (10)      6  : 0.0030 0.0057 0.9745 0.0167
429      429   (5)      6  : 0.1148 0.0330 0.8375 0.0148
430      430  (10)      6  : 0.0023 0.0050 0.0273 0.9655
431      431  (10)      6  : 0.0027 0.0057 0.9810 0.0105
432      432   (0)      6  : 0.0030 0.0040 0.0045 0.9885
433      433   (5)      6  : 0.0057 0.0107 0.6438 0.3397
434      434   (5)      6  : 0.0230 0.0365 0.9042 0.0363
435      435  (10)      6  : 0.0035 0.0040 0.9702 0.0223
436      436   (0)      6  : 0.0020 0.0040 0.0060 0.9880
437      437   (0)      6  : 0.0035 0.0037 0.4805 0.5122
438      438   (0)      6  : 0.0025 0.0030 0.5010 0.4935
439      439   (0)      6  : 0.0025 0.0035 0.4245 0.5695
440      440   (0)      6  : 0.0125 0.0065 0.9668 0.0142
441      441   (0)      6  : 0.0423 0.3857 0.5635 0.0085
442      442   (0)      6  : 0.0295 0.0045 0.9533 0.0128
443      443   (0)      6  : 0.0025 0.0100 0.6492 0.3383
444      444   (0)      6  : 0.0020 0.0063 0.9697 0.0220
445      445   (5)      6  : 0.0098 0.7654 0.2133 0.0115
446      446   (0)      6  : 0.0080 0.8493 0.1370 0.0057
447      447   (0)      6  : 0.0025 0.0375 0.9450 0.0150
448      448  (10)      6  : 0.0125 0.1700 0.8055 0.0120
449      449   (5)      6  : 0.0040 0.0118 0.9647 0.0195
450      450   (0)      6  : 0.0020 0.0043 0.9755 0.0182
451      451   (5)      6  : 0.0067 0.9608 0.0247 0.0077
452      452   (5)      6  : 0.0030 0.0090 0.9375 0.0505
453      453   (0)      6  : 0.0020 0.0045 0.9740 0.0195
454      454   (0)      6  : 0.0382 0.0057 0.7228 0.2332
455      455   (0)      6  : 0.0038 0.0085 0.8742 0.1136
456      456   (0)      6  : 0.0065 0.4098 0.5657 0.0180
457      457   (0)      6  : 0.0020 0.0465 0.2428 0.7087
458      458   (0)      6  : 0.0048 0.0073 0.9742 0.0138
459      459   (0)      6  : 0.0020 0.0030 0.9825 0.0125
460      460   (0)      6  : 0.0020 0.0190 0.0652 0.9138
461      461   (0)      6  : 0.0020 0.0053 0.9482 0.0445
462      462   (0)      6  : 0.0030 0.0052 0.9440 0.0477
463      463   (0)      6  : 0.0045 0.0037 0.0087 0.9830
464      464   (0)      6  : 0.0025 0.0065 0.4031 0.5879
465      465   (0)      6  : 0.0032 0.0208 0.3679 0.6081
466      466   (0)      6  : 0.0025 0.0095 0.2744 0.7136
467      467   (0)      6  : 0.0020 0.0025 0.0048 0.9907
468      468   (0)      6  : 0.0032 0.0040 0.0067 0.9860
469      469   (0)      6  : 0.0020 0.0025 0.0048 0.9907
470      470   (0)      6  : 0.0020 0.0035 0.0123 0.9822
471      471   (0)      6  : 0.0020 0.0030 0.0043 0.9908
472      472   (0)      6  : 0.0020 0.0030 0.0053 0.9897
473      473   (0)      6  : 0.0020 0.0030 0.0210 0.9740
474      474   (0)      6  : 0.0027 0.0270 0.8833 0.0869
475      475   (0)      6  : 0.0020 0.0217 0.0127 0.9635
476      476   (0)      6  : 0.0050 0.0030 0.9687 0.0233
477      477   (0)      6  : 0.0063 0.0048 0.9847 0.0043
478      478   (0)      6  : 0.0020 0.0043 0.2609 0.7329
479      479   (0)      6  : 0.0065 0.0135 0.0048 0.9752
480      480   (0)      6  : 0.0020 0.0043 0.4510 0.5428
481      481   (0)      6  : 0.0020 0.0125 0.0093 0.9762
482      482   (0)      6  : 0.0020 0.0105 0.0120 0.9755
483      483   (0)      6  : 0.0037 0.0335 0.7780 0.1847
484      484   (0)      6  : 0.0058 0.0095 0.9592 0.0255
485      485   (0)      6  : 0.0020 0.0055 0.9790 0.0135
486      486   (0)      6  : 0.0038 0.0055 0.9750 0.0158
487      487   (0)      6  : 0.0020 0.0020 0.0030 0.9930
488      488   (0)      6  : 0.0073 0.0095 0.9720 0.0113
489      489   (0)      6  : 0.0030 0.0040 0.3806 0.6124
490      490   (0)      6  : 0.0022 0.0037 0.9795 0.0145
491      491   (0)      6  : 0.0030 0.0172 0.9617 0.0180
492      492   (0)      6  : 0.0047 0.0100 0.6337 0.3516
493      493   (0)      6  : 0.0025 0.0065 0.9505 0.0405
494      494   (0)      6  : 0.0020 0.0290 0.9587 0.0103
495      495   (0)      6  : 0.0020 0.0035 0.0053 0.9892
496      496   (5)      7  : 0.0262 0.3231 0.5800 0.0707
497      497   (0)      7  : 0.0035 0.7566 0.2312 0.0087
498      498   (0)      7  : 0.0052 0.6884 0.2891 0.0172
499      499   (0)      7  : 0.0035 0.9038 0.0827 0.0100
500      500   (0)      7  : 0.0037 0.0740 0.9090 0.0132
501      501   (0)      7  : 0.0936 0.3429 0.5583 0.0053
502      502   (0)      7  : 0.0050 0.5553 0.3945 0.0452
503      503   (0)      7  : 0.0258 0.1410 0.8100 0.0233
504      504   (0)      7  : 0.0030 0.8320 0.1080 0.0570
505      505   (0)      7  : 0.0030 0.0030 0.4722 0.5217
506      506   (0)      7  : 0.0070 0.0523 0.9284 0.0123
507      507   (0)      7  : 0.0045 0.3019 0.6176 0.0760
508      508   (0)      7  : 0.0035 0.0092 0.9573 0.0300
509      509   (0)      7  : 0.0040 0.7739 0.1944 0.0277
510      510   (0)      7  : 0.0050 0.6369 0.2499 0.1083
511      511   (0)      7  : 0.0020 0.0035 0.5603 0.4342
512      512   (0)      7  : 0.0030 0.4062 0.4778 0.1130
513      513   (0)      7  : 0.0295 0.2946 0.6222 0.0538
514      514   (0)      7  : 0.0030 0.0100 0.9653 0.0217
515      515   (0)      7  : 0.0110 0.1916 0.7171 0.0802
516      516   (0)      7  : 0.0100 0.0333 0.4965 0.4602
517      517   (0)      7  : 0.0052 0.3906 0.3989 0.2052
518      518   (0)      7  : 0.0038 0.8622 0.1150 0.0190
519      519   (0)      7  : 0.0045 0.8823 0.0910 0.0222
520      520   (0)      7  : 0.0403 0.0075 0.9398 0.0125
521      521   (0)      7  : 0.0048 0.3696 0.4256 0.2001
522      522   (0)      7  : 0.0030 0.6517 0.1800 0.1653
523      523   (0)      7  : 0.0050 0.9722 0.0188 0.0040
524      524   (0)      7  : 0.0057 0.4010 0.5700 0.0232
525      525   (0)      7  : 0.0120 0.3873 0.5609 0.0397
526      526   (0)      7  : 0.0410 0.0142 0.9373 0.0075
527      527  (10)      7  : 0.0032 0.0052 0.8878 0.1037
528      528   (5)      7  : 0.0117 0.4229 0.0697 0.4956
529      529   (0)      7  : 0.0057 0.9850 0.0050 0.0043
530      530   (0)      7  : 0.0048 0.9227 0.0658 0.0068
531      531   (0)      7  : 0.0060 0.9380 0.0490 0.0070
532      532   (0)      7  : 0.0047 0.9258 0.0547 0.0148
533      533   (0)      7  : 0.0073 0.9632 0.0248 0.0048
534      534   (0)      7  : 0.0022 0.9023 0.0895 0.0060
535      535   (0)      7  : 0.0090 0.8840 0.0940 0.0130
536      536   (0)      7  : 0.0063 0.7610 0.2263 0.0065
537      537   (0)      7  : 0.0020 0.9730 0.0150 0.0100
538      538   (5)      7  : 0.0060 0.6193 0.2649 0.1098
539      539   (0)      7  : 0.0037 0.9860 0.0072 0.0030
540      540   (0)      7  : 0.0020 0.6726 0.3089 0.0165
541      541   (0)      7  : 0.0030 0.7883 0.1797 0.0290
542      542   (0)      7  : 0.0175 0.5469 0.3424 0.0933
543      543   (0)      7  : 0.0030 0.9322 0.0603 0.0045
544      544   (5)      7  : 0.0035 0.8585 0.0348 0.1032
545      545   (0)      7  : 0.0115 0.8960 0.0830 0.0095
546      546   (0)      7  : 0.0035 0.9773 0.0070 0.0122
547      547   (0)      7  : 0.0020 0.9878 0.0065 0.0037
548      548   (0)      7  : 0.0040 0.9748 0.0112 0.0100
549      549   (0)      7  : 0.0027 0.0075 0.9615 0.0282
550      550   (0)      7  : 0.0027 0.1579 0.8081 0.0312
551      551   (5)      7  : 0.0065 0.4971 0.4187 0.0777
552      552   (5)      7  : 0.0038 0.9820 0.0075 0.0068
553      553   (0)      7  : 0.0037 0.9008 0.0565 0.0390
554      554   (0)      7  : 0.0027 0.9720 0.0187 0.0065
555      555   (0)      7  : 0.0070 0.9250 0.0162 0.0517
556      556   (0)      7  : 0.0020 0.9188 0.0633 0.0160
557      557   (0)      7  : 0.0110 0.2512 0.2907 0.4471
558      558   (0)      7  : 0.0082 0.9315 0.0460 0.0142
559      559   (0)      7  : 0.0045 0.5877 0.2816 0.1263
560      560   (0)      7  : 0.0020 0.6717 0.2641 0.0623
561      561   (0)      7  : 0.0027 0.8528 0.0550 0.0895
562      562   (0)      7  : 0.0027 0.7718 0.2000 0.0255
563      563   (0)      7  : 0.0050 0.5035 0.4460 0.0455
564      564   (0)      8  : 0.0040 0.5814 0.0573 0.3574
565      565   (0)      8  : 0.0037 0.8353 0.0400 0.1210
566      566   (0)      8  : 0.0163 0.2623 0.7124 0.0090
567      567   (0)      8  : 0.0072 0.9103 0.0575 0.0250
568      568   (0)      8  : 0.0038 0.9268 0.0235 0.0460
569      569   (0)      8  : 0.0020 0.9680 0.0217 0.0082
570      570   (0)      8  : 0.0030 0.9018 0.0385 0.0567
571      571   (0)      8  : 0.0145 0.9465 0.0280 0.0110
572      572   (0)      8  : 0.0045 0.9537 0.0308 0.0110
573      573   (0)      8  : 0.0047 0.8370 0.0477 0.1105
574      574   (0)      8  : 0.0027 0.9720 0.0167 0.0085
575      575   (0)      8  : 0.0070 0.9688 0.0100 0.0143
576      576   (0)      8  : 0.0045 0.7458 0.2450 0.0047
577      577   (0)      8  : 0.0035 0.8858 0.0862 0.0245
578      578   (0)      8  : 0.0070 0.9788 0.0070 0.0072
579      579   (0)      8  : 0.0023 0.9645 0.0195 0.0137
580      580   (0)      8  : 0.0020 0.9857 0.0060 0.0063
581      581   (0)      8  : 0.0073 0.9007 0.0773 0.0148
582      582   (0)      8  : 0.0030 0.9667 0.0243 0.0060
583      583   (0)      8  : 0.0020 0.9840 0.0093 0.0048
584      584   (0)      8  : 0.0030 0.9510 0.0120 0.0340
585      585   (0)      8  : 0.0030 0.9872 0.0050 0.0048
586      586   (0)      8  : 0.0025 0.9820 0.0085 0.0070
587      587   (0)      8  : 0.0020 0.9812 0.0098 0.0070
588      588   (0)      8  : 0.0027 0.9840 0.0090 0.0042
589      589   (0)      8  : 0.0095 0.9702 0.0115 0.0088
590      590   (0)      8  : 0.0040 0.9035 0.0858 0.0068
591      591   (0)      8  : 0.0097 0.9612 0.0147 0.0142
592      592   (0)      8  : 0.0377 0.9553 0.0045 0.0025
593      593   (0)      8  : 0.0045 0.9780 0.0065 0.0110
594      594   (0)      8  : 0.0052 0.9580 0.0255 0.0113
595      595   (0)      9  : 0.0045 0.9775 0.0122 0.0057
596      596   (0)      9  : 0.0058 0.9795 0.0048 0.0100
597      597   (0)      9  : 0.0040 0.9802 0.0063 0.0095
598      598   (0)      9  : 0.0027 0.9627 0.0152 0.0192
599      599   (0)      9  : 0.0030 0.9875 0.0050 0.0045
600      600   (0)      9  : 0.0125 0.9678 0.0120 0.0077
601      601   (0)      9  : 0.0160 0.9733 0.0050 0.0057
602      602   (0)      9  : 0.0415 0.9470 0.0067 0.0047
603      603   (0)      9  : 0.0190 0.9637 0.0100 0.0073
604      604   (0)      9  : 0.0037 0.9860 0.0062 0.0040
605      605   (0)      9  : 0.0033 0.9895 0.0048 0.0025
606      606   (0)      9  : 0.0030 0.9895 0.0035 0.0040
607      607   (0)      9  : 0.0027 0.9712 0.0138 0.0123
608      608   (0)      9  : 0.0040 0.9805 0.0072 0.0083
609      609   (0)      9  : 0.0110 0.7502 0.2303 0.0085
610      610  (10)      9  : 0.0047 0.9803 0.0090 0.0060
611      611   (0)      9  : 0.0043 0.9795 0.0063 0.0100
612      612   (0)      9  : 0.0215 0.9130 0.0395 0.0260
613      613   (0)      9  : 0.0030 0.9620 0.0225 0.0125
614      614   (0)      9  : 0.0040 0.9843 0.0045 0.0072
615      615   (5)      9  : 0.0043 0.9852 0.0037 0.0067
616      616   (0)      9  : 0.0035 0.9735 0.0125 0.0105
617      617   (0)      9  : 0.0030 0.9847 0.0050 0.0073
618      618   (0)      9  : 0.0303 0.9535 0.0078 0.0085
619      619   (0)      9  : 0.0110 0.9783 0.0077 0.0030
620      620   (0)      9  : 0.0030 0.9820 0.0085 0.0065
621      621   (0)      9  : 0.0043 0.9895 0.0030 0.0033
622      622   (5)      9  : 0.0020 0.9887 0.0060 0.0033
623      623   (0)      9  : 0.0083 0.9675 0.0127 0.0115
624      624   (0)      9  : 0.0048 0.9720 0.0125 0.0108
625      625   (0)      9  : 0.0037 0.9795 0.0100 0.0067
626      626   (0)      9  : 0.0080 0.9400 0.0248 0.0272
627      627   (0)      9  : 0.0032 0.9733 0.0192 0.0042
628      628   (0)      9  : 0.0030 0.9320 0.0490 0.0160
629      629   (0)      9  : 0.0032 0.9423 0.0495 0.0050
630      630   (0)      9  : 0.0020 0.9758 0.0117 0.0105
631      631   (0)      9  : 0.0027 0.9875 0.0062 0.0035
632      632   (5)      9  : 0.0040 0.9750 0.0125 0.0085
633      633   (0)      9  : 0.0030 0.9825 0.0065 0.0080
634      634   (0)      9  : 0.0077 0.9785 0.0097 0.0040
635      635   (0)      9  : 0.0020 0.9833 0.0075 0.0072
636      636   (5)      9  : 0.0655 0.9140 0.0147 0.0057
637      637   (5)      9  : 0.0030 0.9878 0.0062 0.0030
638      638  (10)      9  : 0.0050 0.9832 0.0045 0.0073
639      639   (5)      9  : 0.0030 0.9903 0.0037 0.0030
640      640   (5)      9  : 0.0020 0.9907 0.0038 0.0035
641      641   (5)      9  : 0.0050 0.9815 0.0095 0.0040
642      642   (5)      9  : 0.0057 0.9428 0.0215 0.0300
643      643   (5)      9  : 0.0035 0.9850 0.0070 0.0045
644      644  (10)      9  : 0.0037 0.8873 0.0567 0.0523
645      645   (5)      9  : 0.0082 0.9303 0.0237 0.0377
646      646   (5)      9  : 0.0037 0.9823 0.0097 0.0043
647      647   (5)      9  : 0.0047 0.8355 0.0285 0.1312
648      648   (5)     10  : 0.0182 0.2437 0.2425 0.4955
649      649   (0)     10  : 0.0332 0.2905 0.2468 0.4295
650      650   (0)     10  : 0.0073 0.3015 0.2665 0.4247
651      651   (0)     10  : 0.0033 0.0685 0.0728 0.8554
652      652   (0)     10  : 0.0347 0.0465 0.2447 0.6741
653      653   (0)     10  : 0.0070 0.2985 0.2385 0.4560
654      654   (0)     10  : 0.0030 0.2230 0.2542 0.5198
655      655   (0)     10  : 0.1127 0.2310 0.2532 0.4031
656      656   (0)     10  : 0.0600 0.3122 0.2132 0.4145
657      657   (0)     10  : 0.1082 0.2330 0.2497 0.4090
658      658   (0)     10  : 0.0042 0.2552 0.2502 0.4903
659      659   (0)     10  : 0.0037 0.2012 0.2547 0.5403
660      660   (0)     10  : 0.1342 0.2345 0.2543 0.3770
661      661   (5)     10  : 0.0035 0.2475 0.2577 0.4912
662      662   (0)     10  : 0.0112 0.2270 0.4887 0.2731
663      663   (0)     10  : 0.0112 0.2780 0.2392 0.4715
664      664   (0)     10  : 0.0182 0.1755 0.2575 0.5488
665      665   (0)     10  : 0.0485 0.2828 0.2380 0.4307
666      666   (0)     10  : 0.0305 0.2737 0.2455 0.4503
667      667   (0)     10  : 0.0168 0.2460 0.2465 0.4907
668      668   (0)     10  : 0.0062 0.2540 0.2452 0.4945
669      669   (0)     10  : 0.0323 0.2665 0.2587 0.4425
670      670   (0)     10  : 0.0045 0.2515 0.2507 0.4932
671      671   (0)     10  : 0.0037 0.2465 0.2493 0.5005
672      672   (0)     10  : 0.0035 0.2200 0.2498 0.5268
673      673   (0)     10  : 0.0045 0.2422 0.2550 0.4983
674      674   (0)     10  : 0.0318 0.3208 0.1334 0.5140
675      675   (0)     10  : 0.0050 0.2362 0.2560 0.5028
676      676   (5)     11  : 0.0047 0.9868 0.0040 0.0045
677      677   (0)     11  : 0.0092 0.9835 0.0043 0.0030
678      678   (0)     11  : 0.0040 0.9882 0.0030 0.0048
679      679   (0)     11  : 0.0037 0.9893 0.0037 0.0033
680      680   (5)     11  : 0.0040 0.9885 0.0043 0.0033
681      681   (0)     11  : 0.0095 0.9818 0.0050 0.0037
682      682   (0)     11  : 0.0535 0.9348 0.0063 0.0055
683      683   (0)     11  : 0.0057 0.9838 0.0063 0.0043
684      684   (0)     11  : 0.0120 0.9795 0.0040 0.0045
685      685   (0)     11  : 0.1663 0.8262 0.0045 0.0030
686      686   (0)     11  : 0.0038 0.9895 0.0038 0.0030
687      687   (0)     11  : 0.0208 0.9742 0.0030 0.0020
688      688   (5)     11  : 0.0142 0.9745 0.0077 0.0035
689      689   (0)     11  : 0.0092 0.9813 0.0040 0.0055
690      690   (0)     11  : 0.0045 0.9868 0.0047 0.0040
691      691   (0)     11  : 0.0030 0.9903 0.0030 0.0037
692      692   (0)     11  : 0.0320 0.9605 0.0037 0.0037
693      693   (0)     11  : 0.0030 0.9922 0.0020 0.0028
694      694   (0)     11  : 0.0055 0.9782 0.0088 0.0075
695      695   (0)     11  : 0.0345 0.9565 0.0032 0.0057
696      696   (0)     11  : 0.0043 0.9850 0.0053 0.0055
697      697   (0)     11  : 0.0027 0.9875 0.0050 0.0047
698      698   (0)     11  : 0.0050 0.9833 0.0062 0.0055
699      699   (0)     11  : 0.0423 0.9510 0.0030 0.0038
700      700   (0)     11  : 0.0030 0.9900 0.0040 0.0030
701      701   (0)     11  : 0.0048 0.9890 0.0033 0.0030
702      702   (0)     11  : 0.0050 0.9870 0.0048 0.0033
703      703   (0)     12  : 0.0027 0.9890 0.0042 0.0040
704      704   (0)     12  : 0.0030 0.9855 0.0060 0.0055
705      705   (0)     12  : 0.0040 0.9762 0.0103 0.0095
706      706   (0)     12  : 0.0038 0.9852 0.0053 0.0058
707      707   (0)     12  : 0.0105 0.9547 0.0260 0.0088
708      708   (0)     12  : 0.0055 0.9565 0.0245 0.0135
709      709   (0)     12  : 0.0060 0.9712 0.0193 0.0035
710      710   (0)     12  : 0.0020 0.9870 0.0048 0.0063
711      711   (0)     12  : 0.0020 0.9870 0.0058 0.0053
712      712   (0)     12  : 0.0020 0.9702 0.0090 0.0188
713      713   (0)     12  : 0.0025 0.9608 0.0155 0.0212
714      714   (0)     12  : 0.0040 0.9860 0.0057 0.0043
715      715   (0)     12  : 0.0035 0.9803 0.0065 0.0097
716      716   (0)     12  : 0.0027 0.9793 0.0077 0.0102
717      717   (0)     12  : 0.0037 0.9810 0.0077 0.0075
718      718   (0)     12  : 0.0025 0.9825 0.0053 0.0098
719      719   (0)     12  : 0.0495 0.9365 0.0067 0.0072
720      720   (0)     12  : 0.0227 0.9535 0.0120 0.0118
721      721   (0)     12  : 0.0077 0.8588 0.1010 0.0325
722      722   (0)     12  : 0.0030 0.9605 0.0185 0.0180
723      723   (0)     12  : 0.0063 0.9765 0.0048 0.0125
724      724   (0)     12  : 0.0090 0.8905 0.0100 0.0905
725      725   (5)     12  : 0.0037 0.9745 0.0082 0.0135
726      726   (0)     12  : 0.0043 0.9845 0.0058 0.0055
727      727   (0)     12  : 0.0093 0.9782 0.0070 0.0055
728      728   (0)     12  : 0.0055 0.9492 0.0280 0.0173
729      729   (0)     12  : 0.0038 0.9647 0.0092 0.0223
730      730   (0)     12  : 0.0082 0.9793 0.0060 0.0065
731      731   (0)     12  : 0.0048 0.9643 0.0085 0.0225
732      732   (0)     12  : 0.0030 0.9845 0.0045 0.0080
733      733   (5)     12  : 0.0030 0.9765 0.0060 0.0145
734      734   (0)     12  : 0.0030 0.9830 0.0060 0.0080
735      735   (0)     12  : 0.0050 0.9765 0.0098 0.0088
736      736   (0)     12  : 0.0033 0.9855 0.0055 0.0058
737      737   (0)     12  : 0.0068 0.9750 0.0097 0.0085
738      738   (0)     12  : 0.0048 0.9682 0.0105 0.0165
739      739   (5)     12  : 0.0060 0.9712 0.0128 0.0100
740      740   (5)     12  : 0.0073 0.9732 0.0088 0.0108
741      741   (5)     12  : 0.0070 0.9728 0.0088 0.0115
742      742   (5)     12  : 0.0107 0.9733 0.0090 0.0070
