   1        1   (5)      1 :  0.0090 0.9910 
   2        2   (5)      1 :  0.0320 0.9680 
   3        3   (5)      1 :  0.0080 0.9920 
   4        4   (0)      1 :  0.0110 0.9890 
   5        5   (0)      1 :  0.0270 0.9730 
   6        6   (0)      1 :  0.0110 0.9890 
   7        7   (0)      1 :  0.0270 0.9730 
   8        8   (5)      1 :  0.0090 0.9910 
   9        9   (0)      1 :  0.0080 0.9920 
  10       10   (0)      1 :  0.0180 0.9820 
  11       11   (0)      1 :  0.0100 0.9900 
  12       12   (0)      1 :  0.0250 0.9750 
  13       13   (0)      1 :  0.0160 0.9840 
  14       14   (0)      1 :  0.0100 0.9900 
  15       15   (0)      1 :  0.0080 0.9920 
  16       16   (0)      1 :  0.0070 0.9930 
  17       17   (0)      1 :  0.0060 0.9940 
  18       18   (0)      1 :  0.0150 0.9850 
  19       19   (0)      1 :  0.0308 0.9692 
  20       20   (0)      1 :  0.0250 0.9750 
  21       21   (0)      1 :  0.0120 0.9880 
  22       22   (0)      1 :  0.0060 0.9940 
  23       23   (0)      1 :  0.0070 0.9930 
  24       24   (0)      1 :  0.0170 0.9830 
  25       25   (0)      1 :  0.0250 0.9750 
  26       26   (0)      1 :  0.0190 0.9810 
  27       27   (5)      1 :  0.0168 0.9832 
  28       28   (0)      1 :  0.0060 0.9940 
  29       29   (0)      1 :  0.0080 0.9920 
  30       30   (0)      1 :  0.0270 0.9730 
  31       31   (0)      1 :  0.0070 0.9930 
  32       32   (0)      1 :  0.0182 0.9818 
  33       33   (0)      1 :  0.0080 0.9920 
  34       34   (0)      1 :  0.0070 0.9930 
  35       35   (0)      1 :  0.0158 0.9842 
  36       36   (0)      1 :  0.0194 0.9806 
  37       37   (0)      1 :  0.0170 0.9830 
  38       38   (0)      1 :  0.0190 0.9810 
  39       39   (0)      1 :  0.0180 0.9820 
  40       40   (0)      1 :  0.0130 0.9870 
  41       41   (0)      1 :  0.0100 0.9900 
  42       42   (0)      1 :  0.0100 0.9900 
  43       43   (0)      1 :  0.0070 0.9930 
  44       44   (0)      1 :  0.0050 0.9950 
  45       45   (5)      1 :  0.0160 0.9840 
  46       46   (0)      1 :  0.0050 0.9950 
  47       47   (0)      1 :  0.0060 0.9940 
  48       48   (0)      1 :  0.0090 0.9910 
  49       49   (0)      1 :  0.0168 0.9832 
  50       50   (0)      1 :  0.0088 0.9912 
  51       51   (0)      1 :  0.0170 0.9830 
  52       52   (0)      1 :  0.0650 0.9350 
  53       53   (0)      1 :  0.0090 0.9910 
  54       54   (0)      1 :  0.0060 0.9940 
  55       55   (0)      1 :  0.0080 0.9920 
  56       56   (0)      1 :  0.0080 0.9920 
  57       57  (10)      1 :  0.0150 0.9850 
  58       58   (5)      1 :  0.0110 0.9890 
  59       59   (0)      1 :  0.0120 0.9880 
  60       60   (0)      1 :  0.0070 0.9930 
  61       61   (0)      1 :  0.0100 0.9900 
  62       62   (0)      1 :  0.0080 0.9920 
  63       63   (0)      1 :  0.0090 0.9910 
  64       64   (0)      1 :  0.0070 0.9930 
  65       65   (0)      1 :  0.0532 0.9468 
  66       66   (0)      1 :  0.0080 0.9920 
  67       67   (5)      1 :  0.0320 0.9680 
  68       68   (0)      1 :  0.0100 0.9900 
  69       69   (0)      1 :  0.0070 0.9930 
  70       70   (0)      1 :  0.0090 0.9910 
  71       71   (5)      1 :  0.0130 0.9870 
  72       72   (0)      1 :  0.0210 0.9790 
  73       73   (5)      1 :  0.0070 0.9930 
  74       74  (10)      1 :  0.0160 0.9840 
  75       75  (10)      1 :  0.0280 0.9720 
  76       76   (0)      1 :  0.0090 0.9910 
  77       77  (10)      1 :  0.0110 0.9890 
  78       78   (0)      1 :  0.0180 0.9820 
  79       79   (5)      1 :  0.0080 0.9920 
  80       80   (0)      1 :  0.0070 0.9930 
  81       81   (0)      1 :  0.0080 0.9920 
  82       82   (0)      1 :  0.0080 0.9920 
  83       83   (0)      1 :  0.0100 0.9900 
  84       84   (0)      1 :  0.0154 0.9846 
  85       85   (0)      1 :  0.0070 0.9930 
  86       86   (5)      1 :  0.0096 0.9904 
  87       87   (0)      1 :  0.0080 0.9920 
  88       88   (0)      1 :  0.0230 0.9770 
  89       89   (0)      1 :  0.0540 0.9460 
  90       90   (0)      1 :  0.0080 0.9920 
  91       91   (0)      1 :  0.0110 0.9890 
  92       92   (0)      1 :  0.0090 0.9910 
  93       93   (0)      1 :  0.0080 0.9920 
  94       94   (5)      1 :  0.0290 0.9710 
  95       95   (0)      1 :  0.0120 0.9880 
  96       96   (5)      1 :  0.0090 0.9910 
  97       97   (0)      1 :  0.0060 0.9940 
  98       98   (0)      1 :  0.0140 0.9860 
  99       99   (5)      1 :  0.0120 0.9880 
 100      100   (5)      1 :  0.0070 0.9930 
 101      101   (0)      2 :  0.0340 0.9660 
 102      102   (0)      2 :  0.0150 0.9850 
 103      103   (0)      2 :  0.0110 0.9890 
 104      104   (0)      2 :  0.0130 0.9870 
 105      105   (0)      2 :  0.0060 0.9940 
 106      106   (0)      2 :  0.0070 0.9930 
 107      107   (0)      2 :  0.0050 0.9950 
 108      108   (0)      2 :  0.0140 0.9860 
 109      109   (0)      2 :  0.0100 0.9900 
 110      110   (0)      2 :  0.0090 0.9910 
 111      111   (0)      2 :  0.0060 0.9940 
 112      112   (0)      2 :  0.0164 0.9836 
 113      113   (0)      2 :  0.0108 0.9892 
 114      114   (0)      2 :  0.0060 0.9940 
 115      115   (0)      2 :  0.0090 0.9910 
 116      116   (0)      2 :  0.0172 0.9828 
 117      117   (0)      2 :  0.0070 0.9930 
 118      118   (0)      2 :  0.0110 0.9890 
 119      119   (0)      2 :  0.0076 0.9924 
 120      120   (0)      2 :  0.0070 0.9930 
 121      121   (0)      2 :  0.0190 0.9810 
 122      122   (0)      2 :  0.0100 0.9900 
 123      123   (0)      2 :  0.0100 0.9900 
 124      124   (0)      2 :  0.0060 0.9940 
 125      125   (0)      2 :  0.0120 0.9880 
 126      126   (0)      2 :  0.0080 0.9920 
 127      127   (0)      2 :  0.0070 0.9930 
 128      128   (0)      2 :  0.0070 0.9930 
 129      129   (0)      2 :  0.0070 0.9930 
 130      130   (0)      2 :  0.0184 0.9816 
 131      131   (0)      2 :  0.0100 0.9900 
 132      132   (0)      2 :  0.0100 0.9900 
 133      133   (0)      2 :  0.0110 0.9890 
 134      134   (0)      2 :  0.0150 0.9850 
 135      135   (0)      2 :  0.0050 0.9950 
 136      136   (0)      2 :  0.0110 0.9890 
 137      137   (0)      2 :  0.1630 0.8370 
 138      138   (0)      2 :  0.0110 0.9890 
 139      139   (0)      2 :  0.0080 0.9920 
 140      140   (0)      2 :  0.0080 0.9920 
 141      141   (0)      2 :  0.0190 0.9810 
 142      142   (0)      2 :  0.0370 0.9630 
 143      143   (0)      2 :  0.0480 0.9520 
 144      144   (0)      2 :  0.0090 0.9910 
 145      145   (0)      2 :  0.0080 0.9920 
 146      146   (0)      2 :  0.0080 0.9920 
 147      147   (0)      2 :  0.0180 0.9820 
 148      148   (0)      2 :  0.0090 0.9910 
 149      149   (0)      2 :  0.0070 0.9930 
 150      150   (0)      2 :  0.0090 0.9910 
 151      151   (0)      2 :  0.0090 0.9910 
 152      152   (0)      2 :  0.0080 0.9920 
 153      153   (0)      2 :  0.0050 0.9950 
 154      154   (0)      2 :  0.0060 0.9940 
 155      155   (0)      2 :  0.0120 0.9880 
 156      156   (0)      2 :  0.0070 0.9930 
 157      157   (0)      2 :  0.0170 0.9830 
 158      158   (0)      2 :  0.0070 0.9930 
 159      159   (0)      2 :  0.0090 0.9910 
 160      160   (0)      2 :  0.0218 0.9782 
 161      161   (0)      2 :  0.0230 0.9770 
 162      162   (0)      2 :  0.0120 0.9880 
 163      163   (0)      2 :  0.0104 0.9896 
 164      164   (0)      2 :  0.0130 0.9870 
 165      165   (0)      2 :  0.0100 0.9900 
 166      166   (0)      2 :  0.0210 0.9790 
 167      167   (0)      2 :  0.0132 0.9868 
 168      168   (0)      2 :  0.0080 0.9920 
 169      169   (0)      2 :  0.0090 0.9910 
 170      170   (0)      2 :  0.0200 0.9800 
 171      171   (0)      2 :  0.0180 0.9820 
 172      172   (0)      2 :  0.0110 0.9890 
 173      173   (0)      2 :  0.0110 0.9890 
 174      174   (0)      2 :  0.0080 0.9920 
 175      175   (0)      2 :  0.0050 0.9950 
 176      176   (0)      2 :  0.0210 0.9790 
 177      177   (0)      2 :  0.0170 0.9830 
 178      178   (0)      2 :  0.0050 0.9950 
 179      179   (0)      2 :  0.0200 0.9800 
 180      180   (0)      2 :  0.0110 0.9890 
 181      181   (0)      2 :  0.0140 0.9860 
 182      182   (0)      2 :  0.0080 0.9920 
 183      183   (0)      2 :  0.0100 0.9900 
 184      184   (0)      2 :  0.0080 0.9920 
 185      185   (0)      2 :  0.0070 0.9930 
 186      186   (0)      2 :  0.0080 0.9920 
 187      187   (0)      2 :  0.0200 0.9800 
 188      188   (0)      2 :  0.0060 0.9940 
 189      189   (0)      2 :  0.0460 0.9540 
 190      190   (0)      2 :  0.0100 0.9900 
 191      191   (0)      2 :  0.0240 0.9760 
 192      192   (0)      2 :  0.0120 0.9880 
 193      193   (0)      2 :  0.0170 0.9830 
 194      194   (0)      2 :  0.0100 0.9900 
 195      195   (0)      2 :  0.0320 0.9680 
 196      196   (0)      2 :  0.0408 0.9592 
 197      197   (0)      2 :  0.0162 0.9838 
 198      198   (0)      2 :  0.0100 0.9900 
 199      199   (0)      2 :  0.0980 0.9020 
 200      200   (0)      2 :  0.0080 0.9920 
 201      201   (0)      2 :  0.0070 0.9930 
 202      202   (0)      2 :  0.0070 0.9930 
 203      203   (0)      2 :  0.0150 0.9850 
 204      204   (0)      2 :  0.0060 0.9940 
 205      205   (0)      2 :  0.0140 0.9860 
 206      206   (0)      2 :  0.0376 0.9624 
 207      207   (0)      2 :  0.0250 0.9750 
 208      208   (0)      2 :  0.0080 0.9920 
 209      209   (0)      2 :  0.0060 0.9940 
 210      210   (0)      2 :  0.0060 0.9940 
 211      211   (0)      2 :  0.0086 0.9914 
 212      212   (0)      2 :  0.0336 0.9664 
 213      213   (0)      2 :  0.0140 0.9860 
 214      214   (0)      2 :  0.0050 0.9950 
 215      215   (0)      2 :  0.0928 0.9072 
 216      216   (0)      2 :  0.0070 0.9930 
 217      217   (0)      2 :  0.0060 0.9940 
 218      218   (0)      2 :  0.0080 0.9920 
 219      219   (0)      2 :  0.0742 0.9258 
 220      220   (0)      2 :  0.0310 0.9690 
 221      221   (0)      2 :  0.0080 0.9920 
 222      222   (0)      2 :  0.0120 0.9880 
 223      223   (0)      2 :  0.0110 0.9890 
 224      224   (0)      2 :  0.0100 0.9900 
 225      225   (0)      2 :  0.0100 0.9900 
 226      226   (0)      2 :  0.0140 0.9860 
 227      227   (0)      2 :  0.0120 0.9880 
 228      228   (0)      2 :  0.0160 0.9840 
 229      229   (0)      2 :  0.0184 0.9816 
 230      230   (0)      2 :  0.0120 0.9880 
 231      231   (0)      2 :  0.0290 0.9710 
 232      232   (0)      2 :  0.0140 0.9860 
 233      233   (0)      2 :  0.0180 0.9820 
 234      234   (0)      2 :  0.0090 0.9910 
 235      235   (0)      2 :  0.0160 0.9840 
 236      236   (0)      2 :  0.0080 0.9920 
 237      237   (0)      2 :  0.0050 0.9950 
 238      238   (0)      2 :  0.0130 0.9870 
 239      239   (0)      2 :  0.0070 0.9930 
 240      240   (0)      2 :  0.0290 0.9710 
 241      241   (0)      2 :  0.0070 0.9930 
 242      242   (0)      2 :  0.0144 0.9856 
 243      243   (0)      2 :  0.0150 0.9850 
 244      244   (0)      2 :  0.0070 0.9930 
 245      245   (0)      2 :  0.0070 0.9930 
 246      246   (0)      2 :  0.0100 0.9900 
 247      247   (0)      2 :  0.0040 0.9960 
 248      248   (0)      2 :  0.0120 0.9880 
 249      249   (0)      2 :  0.0240 0.9760 
 250      250   (0)      2 :  0.0170 0.9830 
 251      251   (0)      2 :  0.0180 0.9820 
 252      252   (0)      2 :  0.0050 0.9950 
 253      253   (0)      2 :  0.0100 0.9900 
 254      254   (0)      2 :  0.0160 0.9840 
 255      255   (0)      2 :  0.0112 0.9888 
 256      256   (0)      2 :  0.0258 0.9742 
 257      257   (0)      2 :  0.0070 0.9930 
 258      258   (0)      2 :  0.0250 0.9750 
 259      259   (0)      2 :  0.0200 0.9800 
 260      260   (0)      2 :  0.0090 0.9910 
 261      261   (0)      2 :  0.0190 0.9810 
 262      262   (0)      2 :  0.0060 0.9940 
 263      263   (0)      2 :  0.0074 0.9926 
 264      264   (0)      2 :  0.0120 0.9880 
 265      265   (0)      2 :  0.0740 0.9260 
 266      266   (0)      2 :  0.0080 0.9920 
 267      267   (0)      2 :  0.0060 0.9940 
 268      268   (0)      2 :  0.0130 0.9870 
 269      269   (0)      2 :  0.0090 0.9910 
 270      270   (0)      2 :  0.0090 0.9910 
 271      271   (0)      2 :  0.0120 0.9880 
 272      272   (0)      2 :  0.0290 0.9710 
 273      273   (0)      2 :  0.0060 0.9940 
 274      274   (0)      2 :  0.0080 0.9920 
 275      275   (0)      2 :  0.0154 0.9846 
 276      276   (0)      2 :  0.0090 0.9910 
 277      277   (0)      2 :  0.0140 0.9860 
 278      278   (0)      2 :  0.0080 0.9920 
 279      279   (0)      2 :  0.0110 0.9890 
 280      280   (0)      2 :  0.0268 0.9732 
 281      281   (0)      2 :  0.0090 0.9910 
 282      282   (0)      2 :  0.0060 0.9940 
 283      283   (0)      2 :  0.0070 0.9930 
 284      284   (0)      2 :  0.0090 0.9910 
 285      285   (0)      2 :  0.0120 0.9880 
 286      286   (0)      2 :  0.0070 0.9930 
 287      287   (0)      2 :  0.0076 0.9924 
 288      288   (0)      2 :  0.0060 0.9940 
 289      289   (0)      2 :  0.0120 0.9880 
 290      290   (0)      2 :  0.0080 0.9920 
 291      291   (0)      2 :  0.0080 0.9920 
 292      292   (0)      2 :  0.0886 0.9114 
 293      293   (0)      2 :  0.0068 0.9932 
 294      294   (0)      2 :  0.0080 0.9920 
 295      295   (0)      2 :  0.0230 0.9770 
 296      296   (0)      2 :  0.0220 0.9780 
 297      297   (0)      2 :  0.0090 0.9910 
 298      298   (0)      2 :  0.0110 0.9890 
 299      299   (0)      2 :  0.0300 0.9700 
 300      300   (0)      2 :  0.0350 0.9650 
 301      301   (0)      2 :  0.0410 0.9590 
 302      302   (0)      2 :  0.0190 0.9810 
 303      303   (0)      2 :  0.0100 0.9900 
 304      304   (0)      2 :  0.0070 0.9930 
 305      305   (0)      2 :  0.0250 0.9750 
 306      306   (0)      2 :  0.0060 0.9940 
 307      307   (0)      2 :  0.0090 0.9910 
 308      308   (0)      2 :  0.0420 0.9580 
 309      309   (0)      2 :  0.0050 0.9950 
 310      310   (0)      2 :  0.0080 0.9920 
 311      311   (0)      2 :  0.0070 0.9930 
 312      312   (0)      2 :  0.0210 0.9790 
 313      313   (0)      2 :  0.0100 0.9900 
 314      314   (0)      2 :  0.0602 0.9398 
 315      315   (0)      2 :  0.0210 0.9790 
 316      316   (0)      2 :  0.0090 0.9910 
 317      317   (0)      2 :  0.0110 0.9890 
 318      318   (0)      2 :  0.0110 0.9890 
 319      319   (0)      2 :  0.0170 0.9830 
 320      320   (0)      2 :  0.0060 0.9940 
 321      321   (0)      2 :  0.0060 0.9940 
 322      322   (0)      2 :  0.0200 0.9800 
 323      323   (0)      2 :  0.0090 0.9910 
 324      324   (0)      2 :  0.0500 0.9500 
 325      325   (0)      2 :  0.0080 0.9920 
 326      326   (0)      2 :  0.0140 0.9860 
 327      327   (0)      2 :  0.0220 0.9780 
 328      328   (0)      2 :  0.0140 0.9860 
 329      329   (0)      2 :  0.0100 0.9900 
 330      330   (0)      2 :  0.0320 0.9680 
 331      331   (0)      2 :  0.0090 0.9910 
 332      332   (0)      2 :  0.0060 0.9940 
 333      333   (0)      2 :  0.0290 0.9710 
 334      334   (0)      2 :  0.0070 0.9930 
 335      335   (0)      2 :  0.0060 0.9940 
 336      336   (0)      2 :  0.0330 0.9670 
 337      337   (0)      2 :  0.0090 0.9910 
 338      338   (0)      2 :  0.0070 0.9930 
 339      339   (0)      2 :  0.0090 0.9910 
 340      340   (0)      2 :  0.0060 0.9940 
 341      341   (0)      2 :  0.0350 0.9650 
 342      342   (0)      2 :  0.0090 0.9910 
 343      343   (0)      2 :  0.0070 0.9930 
 344      344   (0)      2 :  0.0110 0.9890 
 345      345   (0)      2 :  0.0110 0.9890 
 346      346   (0)      2 :  0.0138 0.9862 
 347      347   (0)      2 :  0.0070 0.9930 
 348      348   (0)      2 :  0.0160 0.9840 
 349      349   (0)      2 :  0.0060 0.9940 
 350      350   (0)      2 :  0.0110 0.9890 
 351      351   (0)      2 :  0.0076 0.9924 
 352      352   (0)      2 :  0.0170 0.9830 
 353      353   (0)      2 :  0.0100 0.9900 
 354      354   (0)      2 :  0.0330 0.9670 
 355      355   (0)      2 :  0.0080 0.9920 
 356      356   (0)      2 :  0.0092 0.9908 
 357      357   (0)      2 :  0.0090 0.9910 
 358      358   (0)      2 :  0.0330 0.9670 
 359      359   (0)      2 :  0.0070 0.9930 
 360      360   (0)      2 :  0.0080 0.9920 
 361      361   (0)      2 :  0.0140 0.9860 
 362      362   (0)      2 :  0.0100 0.9900 
 363      363   (0)      2 :  0.0050 0.9950 
 364      364   (0)      2 :  0.0100 0.9900 
 365      365   (0)      2 :  0.0088 0.9912 
 366      366   (0)      2 :  0.0132 0.9868 
 367      367   (0)      2 :  0.0070 0.9930 
 368      368   (0)      2 :  0.0070 0.9930 
 369      369   (0)      2 :  0.0070 0.9930 
 370      370   (0)      2 :  0.0120 0.9880 
 371      371   (0)      2 :  0.0070 0.9930 
 372      372   (0)      2 :  0.0100 0.9900 
 373      373   (0)      2 :  0.0140 0.9860 
 374      374   (0)      2 :  0.0070 0.9930 
 375      375   (0)      2 :  0.0170 0.9830 
 376      376   (0)      2 :  0.0264 0.9736 
 377      377   (0)      2 :  0.0070 0.9930 
 378      378   (0)      2 :  0.0160 0.9840 
 379      379   (0)      2 :  0.0070 0.9930 
 380      380   (0)      2 :  0.0090 0.9910 
 381      381   (0)      2 :  0.1330 0.8670 
 382      382   (0)      2 :  0.0080 0.9920 
 383      383   (0)      2 :  0.0070 0.9930 
 384      384   (0)      2 :  0.0454 0.9546 
 385      385   (0)      2 :  0.0080 0.9920 
 386      386   (0)      2 :  0.0140 0.9860 
 387      387   (0)      2 :  0.0120 0.9880 
 388      388   (0)      2 :  0.0170 0.9830 
 389      389   (0)      2 :  0.0070 0.9930 
 390      390   (0)      2 :  0.0060 0.9940 
 391      391   (0)      2 :  0.0646 0.9354 
 392      392   (0)      2 :  0.0080 0.9920 
 393      393   (0)      2 :  0.0100 0.9900 
 394      394   (0)      2 :  0.0110 0.9890 
 395      395   (0)      2 :  0.0060 0.9940 
 396      396   (0)      2 :  0.0110 0.9890 
 397      397   (0)      2 :  0.0078 0.9922 
 398      398   (0)      2 :  0.0080 0.9920 
 399      399   (0)      2 :  0.0080 0.9920 
 400      400   (0)      2 :  0.0270 0.9730 
 401      401   (0)      2 :  0.0110 0.9890 
 402      402   (0)      2 :  0.0080 0.9920 
 403      403   (0)      2 :  0.0120 0.9880 
 404      404   (0)      2 :  0.0110 0.9890 
 405      405   (0)      2 :  0.0100 0.9900 
 406      406   (0)      2 :  0.0092 0.9908 
 407      407   (0)      2 :  0.0560 0.9440 
 408      408   (0)      2 :  0.0090 0.9910 
 409      409   (0)      2 :  0.0150 0.9850 
 410      410   (0)      2 :  0.0080 0.9920 
 411      411   (0)      2 :  0.0130 0.9870 
 412      412   (0)      2 :  0.0100 0.9900 
 413      413   (0)      2 :  0.0070 0.9930 
 414      414   (0)      2 :  0.0260 0.9740 
 415      415   (0)      2 :  0.0050 0.9950 
 416      416   (0)      2 :  0.0060 0.9940 
 417      417   (0)      2 :  0.1000 0.9000 
 418      418   (0)      2 :  0.0152 0.9848 
 419      419   (0)      2 :  0.0104 0.9896 
 420      420   (0)      2 :  0.0090 0.9910 
 421      421   (0)      2 :  0.0100 0.9900 
 422      422   (0)      2 :  0.0100 0.9900 
 423      423   (0)      2 :  0.0060 0.9940 
 424      424   (0)      2 :  0.0070 0.9930 
 425      425   (0)      2 :  0.0050 0.9950 
 426      426   (0)      2 :  0.0080 0.9920 
 427      427   (0)      2 :  0.0130 0.9870 
 428      428   (0)      2 :  0.0080 0.9920 
 429      429   (0)      2 :  0.0120 0.9880 
 430      430   (0)      2 :  0.0050 0.9950 
 431      431   (0)      2 :  0.0160 0.9840 
 432      432   (0)      2 :  0.0110 0.9890 
 433      433   (0)      2 :  0.0090 0.9910 
 434      434   (0)      2 :  0.0170 0.9830 
 435      435   (0)      2 :  0.0100 0.9900 
 436      436   (0)      2 :  0.0120 0.9880 
 437      437   (0)      2 :  0.0194 0.9806 
 438      438   (0)      2 :  0.0260 0.9740 
 439      439   (0)      2 :  0.0150 0.9850 
 440      440   (0)      2 :  0.0120 0.9880 
 441      441   (0)      2 :  0.0700 0.9300 
 442      442   (0)      2 :  0.0170 0.9830 
 443      443   (0)      2 :  0.0050 0.9950 
 444      444   (0)      2 :  0.0080 0.9920 
 445      445   (0)      2 :  0.0090 0.9910 
 446      446   (0)      2 :  0.0070 0.9930 
 447      447   (0)      2 :  0.0830 0.9170 
 448      448   (0)      2 :  0.0200 0.9800 
 449      449   (0)      2 :  0.0082 0.9918 
 450      450   (0)      2 :  0.0050 0.9950 
 451      451   (0)      2 :  0.0070 0.9930 
 452      452   (0)      2 :  0.0160 0.9840 
 453      453   (0)      2 :  0.0060 0.9940 
 454      454   (0)      2 :  0.0120 0.9880 
 455      455   (0)      2 :  0.0100 0.9900 
 456      456   (0)      2 :  0.0120 0.9880 
 457      457   (0)      2 :  0.0110 0.9890 
 458      458   (0)      2 :  0.0090 0.9910 
 459      459   (0)      2 :  0.0162 0.9838 
 460      460   (0)      2 :  0.0150 0.9850 
 461      461   (0)      2 :  0.0160 0.9840 
 462      462   (0)      2 :  0.0120 0.9880 
 463      463   (0)      2 :  0.0070 0.9930 
 464      464   (0)      2 :  0.0080 0.9920 
 465      465   (0)      2 :  0.0080 0.9920 
 466      466   (0)      2 :  0.0050 0.9950 
 467      467   (0)      2 :  0.0070 0.9930 
 468      468   (0)      2 :  0.0530 0.9470 
 469      469   (0)      2 :  0.0060 0.9940 
 470      470   (0)      2 :  0.0476 0.9524 
 471      471   (0)      2 :  0.0070 0.9930 
 472      472   (0)      2 :  0.0060 0.9940 
 473      473   (0)      2 :  0.0060 0.9940 
 474      474   (0)      2 :  0.0110 0.9890 
 475      475   (0)      2 :  0.0200 0.9800 
 476      476   (0)      2 :  0.0090 0.9910 
 477      477   (0)      2 :  0.0100 0.9900 
 478      478   (0)      2 :  0.0230 0.9770 
 479      479   (0)      2 :  0.0850 0.9150 
 480      480   (0)      2 :  0.0100 0.9900 
 481      481   (0)      2 :  0.0070 0.9930 
 482      482   (0)      2 :  0.0070 0.9930 
 483      483   (0)      2 :  0.0100 0.9900 
 484      484   (0)      2 :  0.0100 0.9900 
 485      485   (0)      2 :  0.0136 0.9864 
 486      486   (0)      2 :  0.0200 0.9800 
 487      487   (0)      2 :  0.0090 0.9910 
 488      488   (0)      2 :  0.0112 0.9888 
 489      489   (0)      2 :  0.0180 0.9820 
 490      490   (0)      2 :  0.0090 0.9910 
 491      491   (0)      2 :  0.0070 0.9930 
 492      492   (0)      2 :  0.0330 0.9670 
 493      493   (0)      2 :  0.0250 0.9750 
 494      494   (0)      2 :  0.0130 0.9870 
 495      495   (0)      2 :  0.0160 0.9840 
 496      496   (0)      2 :  0.0100 0.9900 
 497      497   (0)      2 :  0.0110 0.9890 
 498      498   (0)      2 :  0.0342 0.9658 
 499      499   (0)      2 :  0.0070 0.9930 
 500      500   (0)      2 :  0.0120 0.9880 
 501      501   (0)      3 :  0.2020 0.7980 
 502      502   (0)      3 :  0.0140 0.9860 
 503      503   (0)      3 :  0.0150 0.9850 
 504      504   (0)      3 :  0.0790 0.9210 
 505      505   (0)      3 :  0.0800 0.9200 
 506      506   (0)      3 :  0.0514 0.9486 
 507      507   (0)      3 :  0.1230 0.8770 
 508      508   (0)      3 :  0.0580 0.9420 
 509      509   (0)      3 :  0.1560 0.8440 
 510      510   (0)      3 :  0.0210 0.9790 
 511      511   (0)      3 :  0.1592 0.8408 
 512      512   (0)      3 :  0.0914 0.9086 
 513      513   (0)      3 :  0.0580 0.9420 
 514      514   (0)      3 :  0.1590 0.8410 
 515      515   (0)      3 :  0.0216 0.9784 
 516      516   (0)      3 :  0.0140 0.9860 
 517      517   (0)      3 :  0.0242 0.9758 
 518      518   (0)      3 :  0.1990 0.8010 
 519      519   (0)      3 :  0.0750 0.9250 
 520      520   (0)      3 :  0.0524 0.9476 
 521      521   (0)      3 :  0.0290 0.9710 
 522      522   (0)      3 :  0.1090 0.8910 
 523      523   (0)      3 :  0.0980 0.9020 
 524      524   (0)      3 :  0.0260 0.9740 
 525      525   (0)      3 :  0.0360 0.9640 
 526      526   (0)      3 :  0.0340 0.9660 
 527      527   (0)      3 :  0.2690 0.7310 
 528      528   (0)      3 :  0.2150 0.7850 
 529      529   (0)      3 :  0.1490 0.8510 
 530      530   (0)      3 :  0.0530 0.9470 
 531      531   (0)      3 :  0.0800 0.9200 
 532      532   (0)      3 :  0.1096 0.8904 
 533      533   (0)      3 :  0.0190 0.9810 
 534      534   (0)      3 :  0.1550 0.8450 
 535      535   (0)      3 :  0.2638 0.7362 
 536      536   (0)      3 :  0.0254 0.9746 
 537      537   (0)      3 :  0.0720 0.9280 
 538      538   (0)      3 :  0.0130 0.9870 
 539      539   (0)      3 :  0.0234 0.9766 
 540      540   (0)      3 :  0.1350 0.8650 
 541      541   (0)      3 :  0.0080 0.9920 
 542      542   (0)      3 :  0.1310 0.8690 
 543      543   (0)      3 :  0.1756 0.8244 
 544      544   (0)      3 :  0.1100 0.8900 
 545      545   (0)      3 :  0.0100 0.9900 
 546      546   (0)      3 :  0.0088 0.9912 
 547      547   (0)      3 :  0.0810 0.9190 
 548      548   (0)      3 :  0.0948 0.9052 
 549      549   (0)      3 :  0.1390 0.8610 
 550      550   (0)      3 :  0.0710 0.9290 
 551      551   (0)      3 :  0.0120 0.9880 
 552      552   (0)      3 :  0.0560 0.9440 
 553      553   (0)      3 :  0.2050 0.7950 
 554      554   (0)      3 :  0.0150 0.9850 
 555      555   (0)      3 :  0.0090 0.9910 
 556      556   (0)      3 :  0.1958 0.8042 
 557      557   (0)      3 :  0.1964 0.8036 
 558      558   (0)      3 :  0.0636 0.9364 
 559      559   (0)      3 :  0.1730 0.8270 
 560      560   (0)      3 :  0.0574 0.9426 
 561      561   (0)      3 :  0.0550 0.9450 
 562      562   (0)      3 :  0.2110 0.7890 
 563      563   (0)      3 :  0.1324 0.8676 
 564      564   (0)      3 :  0.1888 0.8112 
 565      565   (0)      3 :  0.0100 0.9900 
 566      566   (0)      3 :  0.0400 0.9600 
 567      567   (0)      3 :  0.2068 0.7932 
 568      568   (0)      3 :  0.1320 0.8680 
 569      569   (0)      3 :  0.0202 0.9798 
 570      570   (0)      3 :  0.0250 0.9750 
 571      571   (0)      3 :  0.0170 0.9830 
 572      572   (0)      3 :  0.0260 0.9740 
 573      573   (0)      3 :  0.3050 0.6950 
 574      574   (0)      3 :  0.0286 0.9714 
 575      575   (0)      3 :  0.0320 0.9680 
 576      576   (0)      3 :  0.1520 0.8480 
 577      577   (0)      3 :  0.0894 0.9106 
 578      578   (0)      3 :  0.0728 0.9272 
 579      579   (0)      3 :  0.0180 0.9820 
 580      580   (0)      3 :  0.2102 0.7898 
 581      581   (0)      3 :  0.1814 0.8186 
 582      582   (0)      3 :  0.0810 0.9190 
 583      583   (0)      3 :  0.0200 0.9800 
 584      584   (0)      3 :  0.1430 0.8570 
 585      585   (0)      3 :  0.1890 0.8110 
 586      586   (0)      3 :  0.0150 0.9850 
 587      587   (0)      3 :  0.2100 0.7900 
 588      588   (0)      3 :  0.0140 0.9860 
 589      589   (0)      3 :  0.2670 0.7330 
 590      590   (0)      3 :  0.0730 0.9270 
 591      591   (0)      3 :  0.1070 0.8930 
 592      592   (0)      3 :  0.0298 0.9702 
 593      593   (0)      3 :  0.1830 0.8170 
 594      594   (0)      3 :  0.0590 0.9410 
 595      595   (0)      3 :  0.0900 0.9100 
 596      596   (0)      3 :  0.0650 0.9350 
 597      597   (0)      3 :  0.0220 0.9780 
 598      598   (0)      3 :  0.2004 0.7996 
 599      599   (0)      3 :  0.0150 0.9850 
 600      600   (0)      3 :  0.1862 0.8138 
 601      601   (0)      4 :  0.2440 0.7560 
 602      602   (0)      4 :  0.1880 0.8120 
 603      603   (0)      4 :  0.0240 0.9760 
 604      604   (0)      4 :  0.1902 0.8098 
 605      605   (0)      4 :  0.1170 0.8830 
 606      606   (0)      4 :  0.3136 0.6864 
 607      607   (0)      4 :  0.3290 0.6710 
 608      608   (0)      4 :  0.3296 0.6704 
 609      609   (0)      4 :  0.2066 0.7934 
 610      610   (0)      4 :  0.0150 0.9850 
 611      611   (0)      4 :  0.2540 0.7460 
 612      612   (0)      4 :  0.0570 0.9430 
 613      613   (0)      4 :  0.2440 0.7560 
 614      614   (0)      4 :  0.2450 0.7550 
 615      615   (0)      4 :  0.1056 0.8944 
 616      616   (0)      4 :  0.1620 0.8380 
 617      617   (0)      4 :  0.1976 0.8024 
 618      618   (0)      4 :  0.3770 0.6230 
 619      619   (0)      4 :  0.2670 0.7330 
 620      620   (0)      4 :  0.2934 0.7066 
 621      621   (0)      4 :  0.1594 0.8406 
 622      622   (0)      4 :  0.2370 0.7630 
 623      623   (0)      4 :  0.3790 0.6210 
 624      624   (0)      4 :  0.0976 0.9024 
 625      625   (0)      4 :  0.3720 0.6280 
 626      626   (0)      4 :  0.2356 0.7644 
 627      627   (0)      4 :  0.2650 0.7350 
 628      628   (0)      4 :  0.2070 0.7930 
 629      629   (0)      4 :  0.0910 0.9090 
 630      630   (0)      4 :  0.2810 0.7190 
 631      631   (0)      4 :  0.2230 0.7770 
 632      632   (0)      4 :  0.1930 0.8070 
 633      633   (0)      4 :  0.1510 0.8490 
 634      634   (0)      4 :  0.0090 0.9910 
 635      635   (0)      4 :  0.1430 0.8570 
 636      636   (0)      4 :  0.1042 0.8958 
 637      637   (0)      4 :  0.3350 0.6650 
 638      638   (0)      4 :  0.1548 0.8452 
 639      639   (0)      4 :  0.2868 0.7132 
 640      640   (0)      4 :  0.1800 0.8200 
 641      641   (0)      4 :  0.3150 0.6850 
 642      642   (0)      4 :  0.0250 0.9750 
 643      643   (0)      4 :  0.1840 0.8160 
 644      644   (0)      4 :  0.3400 0.6600 
 645      645   (0)      4 :  0.2990 0.7010 
 646      646   (0)      4 :  0.2640 0.7360 
 647      647   (0)      4 :  0.0748 0.9252 
 648      648   (0)      4 :  0.2630 0.7370 
 649      649   (0)      4 :  0.3140 0.6860 
 650      650   (0)      4 :  0.1442 0.8558 
 651      651   (0)      4 :  0.2416 0.7584 
 652      652   (0)      4 :  0.2360 0.7640 
 653      653   (0)      4 :  0.1368 0.8632 
 654      654   (0)      4 :  0.3530 0.6470 
 655      655   (0)      4 :  0.2914 0.7086 
 656      656   (0)      4 :  0.3010 0.6990 
 657      657   (0)      4 :  0.4570 0.5430 
 658      658   (0)      4 :  0.3640 0.6360 
 659      659   (0)      4 :  0.0282 0.9718 
 660      660   (0)      4 :  0.2930 0.7070 
 661      661   (0)      4 :  0.3820 0.6180 
 662      662   (0)      4 :  0.2820 0.7180 
 663      663   (0)      4 :  0.2818 0.7182 
 664      664   (0)      4 :  0.2990 0.7010 
 665      665   (0)      4 :  0.0320 0.9680 
 666      666   (0)      4 :  0.3256 0.6744 
 667      667   (0)      4 :  0.3010 0.6990 
 668      668   (0)      4 :  0.2980 0.7020 
 669      669   (0)      4 :  0.1270 0.8730 
 670      670   (0)      4 :  0.2640 0.7360 
 671      671   (0)      4 :  0.2940 0.7060 
 672      672   (0)      4 :  0.4440 0.5560 
 673      673   (0)      4 :  0.1508 0.8492 
 674      674   (0)      4 :  0.2738 0.7262 
 675      675   (0)      4 :  0.3380 0.6620 
 676      676   (0)      4 :  0.0240 0.9760 
 677      677   (0)      4 :  0.0508 0.9492 
 678      678   (0)      4 :  0.1652 0.8348 
 679      679   (0)      4 :  0.3402 0.6598 
 680      680   (0)      4 :  0.1870 0.8130 
 681      681   (0)      4 :  0.3062 0.6938 
 682      682   (0)      4 :  0.1100 0.8900 
 683      683   (0)      4 :  0.2450 0.7550 
 684      684   (0)      4 :  0.2150 0.7850 
 685      685   (0)      4 :  0.3104 0.6896 
 686      686   (0)      4 :  0.0220 0.9780 
 687      687   (0)      4 :  0.2636 0.7364 
 688      688   (0)      4 :  0.2540 0.7460 
 689      689   (0)      4 :  0.3090 0.6910 
 690      690   (0)      4 :  0.0958 0.9042 
 691      691   (0)      4 :  0.2530 0.7470 
 692      692   (0)      4 :  0.3094 0.6906 
 693      693   (0)      4 :  0.3060 0.6940 
 694      694   (0)      4 :  0.2880 0.7120 
 695      695   (0)      4 :  0.1410 0.8590 
 696      696   (0)      4 :  0.3140 0.6860 
 697      697   (0)      4 :  0.2926 0.7074 
 698      698   (0)      4 :  0.3448 0.6552 
 699      699   (0)      4 :  0.0650 0.9350 
 700      700   (0)      4 :  0.1840 0.8160 
 701      701   (0)      5 :  0.5230 0.4770 
 702      702   (0)      5 :  0.3904 0.6096 
 703      703   (0)      5 :  0.5160 0.4840 
 704      704   (0)      5 :  0.5254 0.4746 
 705      705   (0)      5 :  0.6086 0.3914 
 706      706   (0)      5 :  0.5000 0.5000 
 707      707   (0)      5 :  0.5540 0.4460 
 708      708   (0)      5 :  0.4320 0.5680 
 709      709   (0)      5 :  0.3190 0.6810 
 710      710   (0)      5 :  0.5270 0.4730 
 711      711   (0)      5 :  0.4362 0.5638 
 712      712   (0)      5 :  0.5020 0.4980 
 713      713   (0)      5 :  0.5688 0.4312 
 714      714   (0)      5 :  0.5680 0.4320 
 715      715   (0)      5 :  0.7352 0.2648 
 716      716   (0)      5 :  0.4390 0.5610 
 717      717   (0)      5 :  0.5520 0.4480 
 718      718   (0)      5 :  0.5374 0.4626 
 719      719   (0)      5 :  0.5870 0.4130 
 720      720   (0)      5 :  0.6090 0.3910 
 721      721   (0)      5 :  0.6370 0.3630 
 722      722   (0)      5 :  0.4432 0.5568 
 723      723   (0)      5 :  0.4720 0.5280 
 724      724   (0)      5 :  0.4508 0.5492 
 725      725   (0)      5 :  0.4258 0.5742 
 726      726   (0)      5 :  0.4370 0.5630 
 727      727   (0)      5 :  0.6616 0.3384 
 728      728   (0)      5 :  0.4950 0.5050 
 729      729   (0)      5 :  0.4850 0.5150 
 730      730   (0)      5 :  0.5260 0.4740 
 731      731   (0)      5 :  0.4540 0.5460 
 732      732   (0)      5 :  0.4536 0.5464 
 733      733   (0)      5 :  0.5522 0.4478 
 734      734   (0)      5 :  0.4800 0.5200 
 735      735   (0)      5 :  0.5530 0.4470 
 736      736   (0)      5 :  0.4200 0.5800 
 737      737   (0)      5 :  0.3492 0.6508 
 738      738   (0)      5 :  0.5370 0.4630 
 739      739   (0)      5 :  0.4264 0.5736 
 740      740   (0)      5 :  0.4810 0.5190 
 741      741   (0)      5 :  0.4548 0.5452 
 742      742   (0)      5 :  0.4820 0.5180 
 743      743   (0)      5 :  0.4060 0.5940 
 744      744   (0)      5 :  0.5184 0.4816 
 745      745   (0)      5 :  0.5688 0.4312 
 746      746   (0)      5 :  0.5620 0.4380 
 747      747   (0)      5 :  0.4590 0.5410 
 748      748   (0)      5 :  0.4330 0.5670 
 749      749   (0)      5 :  0.5640 0.4360 
 750      750   (0)      5 :  0.5380 0.4620 
 751      751   (0)      5 :  0.6002 0.3998 
 752      752   (0)      5 :  0.4790 0.5210 
 753      753   (0)      5 :  0.6570 0.3430 
 754      754   (0)      5 :  0.4424 0.5576 
 755      755   (0)      5 :  0.6110 0.3890 
 756      756   (0)      5 :  0.5050 0.4950 
 757      757   (0)      5 :  0.4390 0.5610 
 758      758   (0)      5 :  0.3770 0.6230 
 759      759   (0)      5 :  0.5748 0.4252 
 760      760   (0)      5 :  0.5316 0.4684 
 761      761   (0)      5 :  0.4720 0.5280 
 762      762   (0)      5 :  0.5720 0.4280 
 763      763   (0)      5 :  0.5860 0.4140 
 764      764   (0)      5 :  0.3758 0.6242 
 765      765   (0)      5 :  0.4310 0.5690 
 766      766   (0)      5 :  0.5280 0.4720 
 767      767   (0)      5 :  0.3410 0.6590 
 768      768   (0)      5 :  0.3810 0.6190 
 769      769   (0)      5 :  0.4210 0.5790 
 770      770   (0)      5 :  0.5520 0.4480 
 771      771   (0)      5 :  0.5870 0.4130 
 772      772   (0)      5 :  0.6182 0.3818 
 773      773   (0)      5 :  0.4200 0.5800 
 774      774   (0)      5 :  0.4690 0.5310 
 775      775   (0)      5 :  0.5434 0.4566 
 776      776   (0)      5 :  0.5210 0.4790 
 777      777   (0)      5 :  0.4780 0.5220 
 778      778   (0)      5 :  0.5440 0.4560 
 779      779   (0)      5 :  0.5400 0.4600 
 780      780   (0)      5 :  0.5680 0.4320 
 781      781   (0)      5 :  0.5410 0.4590 
 782      782   (0)      5 :  0.4640 0.5360 
 783      783   (0)      5 :  0.6290 0.3710 
 784      784   (0)      5 :  0.5530 0.4470 
 785      785   (0)      5 :  0.5450 0.4550 
 786      786   (0)      5 :  0.5246 0.4754 
 787      787   (0)      5 :  0.4308 0.5692 
 788      788   (0)      5 :  0.5400 0.4600 
 789      789   (0)      5 :  0.4370 0.5630 
 790      790   (0)      5 :  0.4870 0.5130 
 791      791   (0)      5 :  0.4544 0.5456 
 792      792   (0)      5 :  0.5440 0.4560 
 793      793   (0)      5 :  0.4620 0.5380 
 794      794   (0)      5 :  0.5910 0.4090 
 795      795   (0)      5 :  0.4700 0.5300 
 796      796   (0)      5 :  0.5504 0.4496 
 797      797   (0)      5 :  0.5094 0.4906 
 798      798   (0)      5 :  0.4278 0.5722 
 799      799   (0)      5 :  0.4246 0.5754 
 800      800   (0)      5 :  0.3990 0.6010 
 801      801   (0)      6 :  0.7670 0.2330 
 802      802   (0)      6 :  0.7400 0.2600 
 803      803   (0)      6 :  0.9804 0.0196 
 804      804   (0)      6 :  0.6480 0.3520 
 805      805   (0)      6 :  0.8220 0.1780 
 806      806   (0)      6 :  0.6970 0.3030 
 807      807   (0)      6 :  0.6610 0.3390 
 808      808   (0)      6 :  0.8860 0.1140 
 809      809   (0)      6 :  0.8530 0.1470 
 810      810   (0)      6 :  0.7580 0.2420 
 811      811   (0)      6 :  0.6380 0.3620 
 812      812   (0)      6 :  0.7860 0.2140 
 813      813   (0)      6 :  0.7520 0.2480 
 814      814   (0)      6 :  0.6660 0.3340 
 815      815   (0)      6 :  0.7000 0.3000 
 816      816   (0)      6 :  0.8920 0.1080 
 817      817   (0)      6 :  0.7970 0.2030 
 818      818   (0)      6 :  0.7704 0.2296 
 819      819   (0)      6 :  0.8366 0.1634 
 820      820   (0)      6 :  0.6660 0.3340 
 821      821   (0)      6 :  0.8120 0.1880 
 822      822   (0)      6 :  0.8796 0.1204 
 823      823   (0)      6 :  0.8548 0.1452 
 824      824   (0)      6 :  0.6738 0.3262 
 825      825   (0)      6 :  0.8090 0.1910 
 826      826   (0)      6 :  0.9170 0.0830 
 827      827   (0)      6 :  0.7330 0.2670 
 828      828   (0)      6 :  0.8280 0.1720 
 829      829   (0)      6 :  0.6580 0.3420 
 830      830   (0)      6 :  0.6800 0.3200 
 831      831   (0)      6 :  0.8520 0.1480 
 832      832   (0)      6 :  0.6514 0.3486 
 833      833   (0)      6 :  0.8920 0.1080 
 834      834   (0)      6 :  0.7700 0.2300 
 835      835   (0)      6 :  0.7310 0.2690 
 836      836   (0)      6 :  0.7800 0.2200 
 837      837   (0)      6 :  0.8680 0.1320 
 838      838   (0)      6 :  0.8730 0.1270 
 839      839   (0)      6 :  0.7676 0.2324 
 840      840   (0)      6 :  0.7880 0.2120 
 841      841   (0)      6 :  0.7516 0.2484 
 842      842   (0)      6 :  0.8608 0.1392 
 843      843   (0)      6 :  0.8206 0.1794 
 844      844   (0)      6 :  0.7610 0.2390 
 845      845   (0)      6 :  0.7382 0.2618 
 846      846   (0)      6 :  0.7850 0.2150 
 847      847   (0)      6 :  0.7560 0.2440 
 848      848   (0)      6 :  0.7590 0.2410 
 849      849   (0)      6 :  0.9070 0.0930 
 850      850   (0)      6 :  0.5500 0.4500 
 851      851   (0)      6 :  0.7610 0.2390 
 852      852   (0)      6 :  0.6290 0.3710 
 853      853   (0)      6 :  0.6500 0.3500 
 854      854   (0)      6 :  0.6780 0.3220 
 855      855   (0)      6 :  0.8680 0.1320 
 856      856   (0)      6 :  0.8518 0.1482 
 857      857   (0)      6 :  0.5610 0.4390 
 858      858   (0)      6 :  0.7506 0.2494 
 859      859   (0)      6 :  0.6870 0.3130 
 860      860   (0)      6 :  0.7730 0.2270 
 861      861   (0)      6 :  0.7940 0.2060 
 862      862   (0)      6 :  0.6740 0.3260 
 863      863   (0)      6 :  0.6354 0.3646 
 864      864   (0)      6 :  0.8230 0.1770 
 865      865   (0)      6 :  0.6290 0.3710 
 866      866   (0)      6 :  0.5948 0.4052 
 867      867   (0)      6 :  0.7150 0.2850 
 868      868   (0)      6 :  0.6060 0.3940 
 869      869   (0)      6 :  0.7918 0.2082 
 870      870   (0)      6 :  0.8560 0.1440 
 871      871   (0)      6 :  0.7850 0.2150 
 872      872   (0)      6 :  0.7120 0.2880 
 873      873   (0)      6 :  0.8110 0.1890 
 874      874   (0)      6 :  0.6156 0.3844 
 875      875   (0)      6 :  0.8818 0.1182 
 876      876   (0)      6 :  0.6250 0.3750 
 877      877   (0)      6 :  0.9624 0.0376 
 878      878   (0)      6 :  0.6794 0.3206 
 879      879   (0)      6 :  0.7750 0.2250 
 880      880   (0)      6 :  0.7390 0.2610 
 881      881   (0)      6 :  0.7092 0.2908 
 882      882   (0)      6 :  0.7650 0.2350 
 883      883   (0)      6 :  0.6576 0.3424 
 884      884   (0)      6 :  0.7930 0.2070 
 885      885   (0)      6 :  0.7170 0.2830 
 886      886   (0)      6 :  0.7130 0.2870 
 887      887   (0)      6 :  0.7870 0.2130 
 888      888   (0)      6 :  0.6260 0.3740 
 889      889   (0)      6 :  0.4710 0.5290 
 890      890   (0)      6 :  0.6700 0.3300 
 891      891   (0)      6 :  0.8936 0.1064 
 892      892   (0)      6 :  0.6498 0.3502 
 893      893   (0)      6 :  0.7666 0.2334 
 894      894   (0)      6 :  0.7530 0.2470 
 895      895   (0)      6 :  0.7080 0.2920 
 896      896   (0)      6 :  0.6892 0.3108 
 897      897   (0)      6 :  0.7770 0.2230 
 898      898   (0)      6 :  0.7350 0.2650 
 899      899   (0)      6 :  0.6160 0.3840 
 900      900   (0)      6 :  0.7780 0.2220 
 901      901   (0)      7 :  0.8910 0.1090 
 902      902   (0)      7 :  0.8642 0.1358 
 903      903   (0)      7 :  0.8240 0.1760 
 904      904   (0)      7 :  0.8400 0.1600 
 905      905   (0)      7 :  0.7980 0.2020 
 906      906   (0)      7 :  0.8090 0.1910 
 907      907   (0)      7 :  0.9120 0.0880 
 908      908   (0)      7 :  0.7976 0.2024 
 909      909   (0)      7 :  0.8970 0.1030 
 910      910   (0)      7 :  0.9580 0.0420 
 911      911   (0)      7 :  0.9830 0.0170 
 912      912   (0)      7 :  0.8600 0.1400 
 913      913   (0)      7 :  0.7118 0.2882 
 914      914   (0)      7 :  0.9930 0.0070 
 915      915   (0)      7 :  0.8868 0.1132 
 916      916   (0)      7 :  0.7900 0.2100 
 917      917   (0)      7 :  0.9110 0.0890 
 918      918   (0)      7 :  0.9940 0.0060 
 919      919   (0)      7 :  0.9780 0.0220 
 920      920   (0)      7 :  0.7570 0.2430 
 921      921   (0)      7 :  0.7904 0.2096 
 922      922   (0)      7 :  0.8958 0.1042 
 923      923   (0)      7 :  0.9310 0.0690 
 924      924   (0)      7 :  0.8310 0.1690 
 925      925   (0)      7 :  0.8340 0.1660 
 926      926   (0)      7 :  0.9800 0.0200 
 927      927   (0)      7 :  0.9430 0.0570 
 928      928   (0)      7 :  0.8590 0.1410 
 929      929   (0)      7 :  0.9900 0.0100 
 930      930   (0)      7 :  0.8080 0.1920 
 931      931   (0)      7 :  0.9220 0.0780 
 932      932   (0)      7 :  0.8300 0.1700 
 933      933   (0)      7 :  0.8600 0.1400 
 934      934   (0)      7 :  0.9920 0.0080 
 935      935   (0)      7 :  0.8610 0.1390 
 936      936   (0)      7 :  0.7148 0.2852 
 937      937   (0)      7 :  0.9490 0.0510 
 938      938   (0)      7 :  0.8770 0.1230 
 939      939   (0)      7 :  0.8560 0.1440 
 940      940   (0)      7 :  0.9860 0.0140 
 941      941   (0)      7 :  0.8430 0.1570 
 942      942   (0)      7 :  0.9492 0.0508 
 943      943   (0)      7 :  0.9940 0.0060 
 944      944   (0)      7 :  0.9890 0.0110 
 945      945   (0)      7 :  0.9160 0.0840 
 946      946   (0)      7 :  0.9080 0.0920 
 947      947   (0)      7 :  0.8236 0.1764 
 948      948   (0)      7 :  0.8930 0.1070 
 949      949   (0)      7 :  0.9894 0.0106 
 950      950   (0)      7 :  0.8330 0.1670 
 951      951   (0)      7 :  0.9710 0.0290 
 952      952   (0)      7 :  0.9470 0.0530 
 953      953   (0)      7 :  0.8580 0.1420 
 954      954   (0)      7 :  0.6940 0.3060 
 955      955   (0)      7 :  0.8220 0.1780 
 956      956   (0)      7 :  0.9530 0.0470 
 957      957   (0)      7 :  0.9020 0.0980 
 958      958   (0)      7 :  0.8500 0.1500 
 959      959   (0)      7 :  0.8470 0.1530 
 960      960   (0)      7 :  0.9180 0.0820 
 961      961   (0)      7 :  0.7820 0.2180 
 962      962   (0)      7 :  0.7510 0.2490 
 963      963   (0)      7 :  0.9244 0.0756 
 964      964   (0)      7 :  0.9658 0.0342 
 965      965   (0)      7 :  0.8200 0.1800 
 966      966   (0)      7 :  0.8152 0.1848 
 967      967   (0)      7 :  0.9240 0.0760 
 968      968   (0)      7 :  0.9560 0.0440 
 969      969   (0)      7 :  0.9670 0.0330 
 970      970   (0)      7 :  0.6590 0.3410 
 971      971   (0)      7 :  0.9920 0.0080 
 972      972   (0)      7 :  0.7604 0.2396 
 973      973   (0)      7 :  0.8360 0.1640 
 974      974   (0)      7 :  0.9030 0.0970 
 975      975   (0)      7 :  0.8780 0.1220 
 976      976   (0)      7 :  0.9950 0.0050 
 977      977   (0)      7 :  0.8912 0.1088 
 978      978   (0)      7 :  0.8600 0.1400 
 979      979   (0)      7 :  0.9930 0.0070 
 980      980   (0)      7 :  0.8620 0.1380 
 981      981   (0)      7 :  0.8828 0.1172 
 982      982   (0)      7 :  0.7300 0.2700 
 983      983   (0)      7 :  0.8900 0.1100 
 984      984   (0)      7 :  0.8860 0.1140 
 985      985   (0)      7 :  0.9420 0.0580 
 986      986   (0)      7 :  0.7900 0.2100 
 987      987   (0)      7 :  0.8050 0.1950 
 988      988   (0)      7 :  0.8128 0.1872 
 989      989   (0)      7 :  0.8840 0.1160 
 990      990   (0)      7 :  0.8490 0.1510 
 991      991   (0)      7 :  0.8772 0.1228 
 992      992   (0)      7 :  0.8330 0.1670 
 993      993   (0)      7 :  0.8780 0.1220 
 994      994   (0)      7 :  0.8510 0.1490 
 995      995   (0)      7 :  0.9010 0.0990 
 996      996   (0)      7 :  0.8180 0.1820 
 997      997   (0)      7 :  0.9890 0.0110 
 998      998   (0)      7 :  0.9260 0.0740 
 999      999   (0)      7 :  0.7756 0.2244 
1000     1000   (0)      7 :  0.6630 0.3370 
1001     1001   (5)      8 :  0.9890 0.0110 
1002     1002   (0)      8 :  0.9860 0.0140 
1003     1003   (0)      8 :  0.9940 0.0060 
1004     1004   (0)      8 :  0.9640 0.0360 
1005     1005   (0)      8 :  0.9930 0.0070 
1006     1006   (0)      8 :  0.9920 0.0080 
1007     1007   (0)      8 :  0.9940 0.0060 
1008     1008   (0)      8 :  0.9900 0.0100 
1009     1009   (0)      8 :  0.9930 0.0070 
1010     1010   (0)      8 :  0.9920 0.0080 
1011     1011   (0)      8 :  0.9950 0.0050 
1012     1012   (0)      8 :  0.9930 0.0070 
1013     1013   (0)      8 :  0.9884 0.0116 
1014     1014   (5)      8 :  0.9950 0.0050 
1015     1015   (0)      8 :  0.9940 0.0060 
1016     1016   (0)      8 :  0.9940 0.0060 
1017     1017   (0)      8 :  0.9920 0.0080 
1018     1018   (0)      8 :  0.9910 0.0090 
1019     1019   (0)      8 :  0.9900 0.0100 
1020     1020   (0)      8 :  0.9940 0.0060 
1021     1021   (0)      8 :  0.9950 0.0050 
1022     1022   (0)      8 :  0.9904 0.0096 
1023     1023   (0)      8 :  0.9940 0.0060 
1024     1024   (0)      8 :  0.9950 0.0050 
1025     1025   (0)      8 :  0.9950 0.0050 
1026     1026   (0)      8 :  0.9940 0.0060 
1027     1027   (0)      8 :  0.9940 0.0060 
1028     1028   (0)      8 :  0.9940 0.0060 
1029     1029   (0)      9 :  0.9922 0.0078 
1030     1030   (0)      9 :  0.9920 0.0080 
1031     1031   (0)      9 :  0.9930 0.0070 
1032     1032   (0)      9 :  0.9910 0.0090 
1033     1033   (0)      9 :  0.9940 0.0060 
1034     1034   (0)      9 :  0.9940 0.0060 
1035     1035   (0)      9 :  0.9930 0.0070 
1036     1036   (0)      9 :  0.9940 0.0060 
1037     1037   (0)      9 :  0.9920 0.0080 
1038     1038   (0)      9 :  0.9940 0.0060 
1039     1039   (0)      9 :  0.9950 0.0050 
1040     1040   (0)      9 :  0.9880 0.0120 
1041     1041   (0)      9 :  0.9950 0.0050 
1042     1042   (0)      9 :  0.9950 0.0050 
1043     1043   (0)      9 :  0.9930 0.0070 
1044     1044   (0)      9 :  0.9950 0.0050 
1045     1045   (0)      9 :  0.9930 0.0070 
1046     1046   (0)      9 :  0.9950 0.0050 
1047     1047   (0)      9 :  0.9930 0.0070 
1048     1048   (0)      9 :  0.9940 0.0060 
1049     1049   (0)      9 :  0.9910 0.0090 
1050     1050   (0)      9 :  0.9920 0.0080 
1051     1051   (0)      9 :  0.9910 0.0090 
1052     1052   (0)      9 :  0.9950 0.0050 
1053     1053   (0)      9 :  0.9930 0.0070 
1054     1054   (0)      9 :  0.9920 0.0080 
1055     1055   (0)      9 :  0.9920 0.0080 
1056     1056   (0)      9 :  0.9940 0.0060 
1057     1057   (0)      9 :  0.9930 0.0070 
1058     1058   (0)      9 :  0.9950 0.0050 
1059     1059   (0)      9 :  0.9930 0.0070 
1060     1060   (0)      9 :  0.9940 0.0060 
1061     1061   (0)      9 :  0.9930 0.0070 
1062     1062   (0)      9 :  0.9950 0.0050 
1063     1063   (0)      9 :  0.9920 0.0080 
1064     1064   (0)      9 :  0.9940 0.0060 
1065     1065   (0)      9 :  0.9900 0.0100 
1066     1066   (0)      9 :  0.9940 0.0060 
1067     1067   (0)      9 :  0.9900 0.0100 
1068     1068   (0)      9 :  0.9940 0.0060 
1069     1069   (0)      9 :  0.9930 0.0070 
1070     1070   (0)      9 :  0.9920 0.0080 
1071     1071   (0)      9 :  0.9940 0.0060 
1072     1072   (0)      9 :  0.9930 0.0070 
1073     1073   (0)      9 :  0.9940 0.0060 
1074     1074   (0)      9 :  0.9930 0.0070 
1075     1075   (0)      9 :  0.9940 0.0060 
1076     1076   (0)      9 :  0.9930 0.0070 
1077     1077   (0)      9 :  0.9940 0.0060 
1078     1078   (0)      9 :  0.9940 0.0060 
1079     1079   (0)      9 :  0.9950 0.0050 
1080     1080   (0)      9 :  0.9910 0.0090 
1081     1081   (0)      9 :  0.9430 0.0570 
1082     1082   (0)      9 :  0.9940 0.0060 
1083     1083   (0)      9 :  0.9950 0.0050 
1084     1084   (0)      9 :  0.9920 0.0080 
1085     1085   (0)      9 :  0.9930 0.0070 
1086     1086   (0)      9 :  0.9940 0.0060 
1087     1087   (0)      9 :  0.9950 0.0050 
1088     1088   (0)      9 :  0.9922 0.0078 
1089     1089   (0)      9 :  0.9942 0.0058 
1090     1090   (0)      9 :  0.9910 0.0090 
1091     1091   (0)      9 :  0.9950 0.0050 
1092     1092   (0)      9 :  0.9940 0.0060 
1093     1093   (0)      9 :  0.9930 0.0070 
1094     1094   (0)      9 :  0.9940 0.0060 
1095     1095   (0)      9 :  0.9930 0.0070 
1096     1096   (0)      9 :  0.9910 0.0090 
1097     1097   (0)      9 :  0.9950 0.0050 
1098     1098   (0)      9 :  0.9930 0.0070 
1099     1099   (0)      9 :  0.9950 0.0050 
1100     1100   (0)      9 :  0.9950 0.0050 
1101     1101   (0)      9 :  0.9892 0.0108 
1102     1102   (0)      9 :  0.9940 0.0060 
1103     1103   (0)      9 :  0.9950 0.0050 
1104     1104   (0)      9 :  0.9940 0.0060 
1105     1105   (0)      9 :  0.9900 0.0100 
1106     1106   (0)      9 :  0.9910 0.0090 
1107     1107   (0)      9 :  0.9920 0.0080 
1108     1108   (0)      9 :  0.9930 0.0070 
1109     1109   (0)      9 :  0.9930 0.0070 
1110     1110   (0)      9 :  0.9940 0.0060 
1111     1111   (0)      9 :  0.9930 0.0070 
1112     1112   (0)      9 :  0.9920 0.0080 
1113     1113   (0)      9 :  0.9930 0.0070 
1114     1114   (0)      9 :  0.9910 0.0090 
1115     1115   (0)      9 :  0.9950 0.0050 
1116     1116   (0)      9 :  0.9930 0.0070 
1117     1117   (0)      9 :  0.9930 0.0070 
1118     1118   (0)      9 :  0.9910 0.0090 
1119     1119   (0)      9 :  0.9918 0.0082 
1120     1120   (0)      9 :  0.9770 0.0230 
1121     1121   (0)      9 :  0.9950 0.0050 
1122     1122   (0)      9 :  0.9950 0.0050 
1123     1123   (0)      9 :  0.9940 0.0060 
1124     1124   (0)      9 :  0.9950 0.0050 
1125     1125   (0)      9 :  0.9930 0.0070 
1126     1126   (0)      9 :  0.9950 0.0050 
1127     1127   (0)      9 :  0.9930 0.0070 
1128     1128   (0)      9 :  0.9920 0.0080 
1129     1129   (0)      9 :  0.9910 0.0090 
1130     1130   (0)      9 :  0.9920 0.0080 
1131     1131   (0)      9 :  0.9870 0.0130 
1132     1132   (0)      9 :  0.9870 0.0130 
1133     1133   (0)      9 :  0.9920 0.0080 
1134     1134   (0)      9 :  0.9950 0.0050 
1135     1135   (0)      9 :  0.9940 0.0060 
1136     1136   (0)      9 :  0.9940 0.0060 
1137     1137   (0)      9 :  0.9920 0.0080 
1138     1138   (0)      9 :  0.9900 0.0100 
1139     1139   (0)      9 :  0.9950 0.0050 
1140     1140   (0)      9 :  0.9940 0.0060 
1141     1141   (0)      9 :  0.9930 0.0070 
1142     1142   (0)      9 :  0.9930 0.0070 
1143     1143   (0)      9 :  0.9950 0.0050 
1144     1144   (0)      9 :  0.9950 0.0050 
1145     1145   (0)      9 :  0.9920 0.0080 
1146     1146   (0)      9 :  0.9840 0.0160 
1147     1147   (0)      9 :  0.9940 0.0060 
1148     1148   (0)      9 :  0.9930 0.0070 
1149     1149   (0)      9 :  0.9940 0.0060 
1150     1150   (0)      9 :  0.9950 0.0050 
1151     1151   (0)      9 :  0.9920 0.0080 
1152     1152   (0)      9 :  0.9950 0.0050 
1153     1153   (0)      9 :  0.9880 0.0120 
1154     1154   (0)      9 :  0.9950 0.0050 
1155     1155   (0)      9 :  0.9930 0.0070 
1156     1156   (0)      9 :  0.9950 0.0050 
1157     1157   (0)      9 :  0.9930 0.0070 
1158     1158   (0)      9 :  0.9950 0.0050 
1159     1159   (0)      9 :  0.9940 0.0060 
1160     1160   (0)      9 :  0.9940 0.0060 
1161     1161   (0)      9 :  0.9940 0.0060 
1162     1162   (0)      9 :  0.9930 0.0070 
1163     1163   (0)      9 :  0.9950 0.0050 
1164     1164   (0)      9 :  0.9950 0.0050 
1165     1165   (0)      9 :  0.9898 0.0102 
1166     1166   (0)      9 :  0.9940 0.0060 
1167     1167   (0)      9 :  0.9910 0.0090 
1168     1168   (0)      9 :  0.9940 0.0060 
1169     1169   (0)      9 :  0.9940 0.0060 
1170     1170   (0)      9 :  0.9940 0.0060 
1171     1171   (0)      9 :  0.9930 0.0070 
1172     1172   (0)      9 :  0.9930 0.0070 
1173     1173   (0)      9 :  0.9950 0.0050 
1174     1174   (0)      9 :  0.9940 0.0060 
1175     1175   (0)      9 :  0.9890 0.0110 
1176     1176   (0)      9 :  0.9910 0.0090 
1177     1177   (0)      9 :  0.9930 0.0070 
1178     1178   (0)      9 :  0.9930 0.0070 
1179     1179   (0)      9 :  0.9920 0.0080 
1180     1180   (0)      9 :  0.9940 0.0060 
1181     1181   (0)      9 :  0.9830 0.0170 
1182     1182   (0)      9 :  0.9940 0.0060 
1183     1183   (0)      9 :  0.9940 0.0060 
1184     1184   (0)      9 :  0.9950 0.0050 
1185     1185   (0)      9 :  0.9910 0.0090 
1186     1186   (0)      9 :  0.9830 0.0170 
1187     1187   (0)      9 :  0.9940 0.0060 
1188     1188   (0)      9 :  0.9920 0.0080 
1189     1189   (0)      9 :  0.9930 0.0070 
1190     1190   (0)      9 :  0.9930 0.0070 
1191     1191   (0)      9 :  0.9900 0.0100 
1192     1192   (0)      9 :  0.9860 0.0140 
1193     1193   (0)      9 :  0.9920 0.0080 
1194     1194   (0)      9 :  0.9940 0.0060 
1195     1195   (0)      9 :  0.9940 0.0060 
1196     1196   (0)      9 :  0.9930 0.0070 
1197     1197   (0)      9 :  0.9880 0.0120 
1198     1198   (0)      9 :  0.9930 0.0070 
1199     1199   (0)      9 :  0.9930 0.0070 
1200     1200   (0)      9 :  0.9930 0.0070 
1201     1201   (0)      9 :  0.9930 0.0070 
1202     1202   (0)      9 :  0.9940 0.0060 
1203     1203   (0)      9 :  0.9900 0.0100 
1204     1204   (0)      9 :  0.9940 0.0060 
1205     1205   (0)      9 :  0.9940 0.0060 
1206     1206   (0)      9 :  0.9930 0.0070 
1207     1207   (0)      9 :  0.9950 0.0050 
1208     1208   (0)      9 :  0.9950 0.0050 
1209     1209   (0)      9 :  0.9950 0.0050 
1210     1210   (0)      9 :  0.9860 0.0140 
1211     1211   (0)      9 :  0.9950 0.0050 
1212     1212   (0)      9 :  0.9940 0.0060 
1213     1213   (0)      9 :  0.9940 0.0060 
1214     1214   (0)      9 :  0.9890 0.0110 
1215     1215   (0)      9 :  0.9940 0.0060 
1216     1216   (0)      9 :  0.9940 0.0060 
1217     1217   (0)      9 :  0.9920 0.0080 
1218     1218   (0)      9 :  0.9800 0.0200 
1219     1219   (0)      9 :  0.9850 0.0150 
1220     1220   (0)      9 :  0.9940 0.0060 
1221     1221   (0)      9 :  0.9920 0.0080 
1222     1222   (0)      9 :  0.9900 0.0100 
1223     1223   (0)      9 :  0.9920 0.0080 
1224     1224   (0)      9 :  0.9920 0.0080 
1225     1225   (0)      9 :  0.9940 0.0060 
1226     1226   (0)      9 :  0.9940 0.0060 
1227     1227   (0)      9 :  0.9930 0.0070 
1228     1228   (0)      9 :  0.9942 0.0058 
1229     1229   (0)      9 :  0.9860 0.0140 
1230     1230   (0)      9 :  0.9940 0.0060 
1231     1231   (0)      9 :  0.9928 0.0072 
1232     1232   (0)      9 :  0.9930 0.0070 
1233     1233   (0)      9 :  0.9950 0.0050 
1234     1234   (0)      9 :  0.9926 0.0074 
1235     1235   (0)      9 :  0.9920 0.0080 
1236     1236   (0)      9 :  0.9950 0.0050 
1237     1237   (0)      9 :  0.9940 0.0060 
1238     1238   (0)      9 :  0.9940 0.0060 
1239     1239   (0)      9 :  0.9940 0.0060 
1240     1240   (0)      9 :  0.9930 0.0070 
1241     1241   (0)      9 :  0.9900 0.0100 
1242     1242   (0)      9 :  0.9950 0.0050 
1243     1243   (0)      9 :  0.9930 0.0070 
1244     1244   (0)      9 :  0.9940 0.0060 
1245     1245   (0)      9 :  0.9910 0.0090 
1246     1246   (0)      9 :  0.9930 0.0070 
1247     1247   (0)      9 :  0.9940 0.0060 
1248     1248   (0)      9 :  0.9910 0.0090 
1249     1249   (0)      9 :  0.9930 0.0070 
1250     1250   (0)      9 :  0.9930 0.0070 
1251     1251   (0)      9 :  0.9940 0.0060 
1252     1252   (0)      9 :  0.9930 0.0070 
1253     1253   (0)      9 :  0.9864 0.0136 
1254     1254   (0)      9 :  0.9850 0.0150 
1255     1255   (0)      9 :  0.9920 0.0080 
1256     1256   (0)      9 :  0.9930 0.0070 
1257     1257   (0)      9 :  0.9920 0.0080 
1258     1258   (0)      9 :  0.9920 0.0080 
1259     1259   (0)      9 :  0.9930 0.0070 
1260     1260   (0)      9 :  0.9810 0.0190 
1261     1261   (0)      9 :  0.9880 0.0120 
1262     1262   (0)      9 :  0.9944 0.0056 
1263     1263   (0)      9 :  0.9940 0.0060 
1264     1264   (0)      9 :  0.9940 0.0060 
1265     1265   (0)      9 :  0.9930 0.0070 
1266     1266   (0)      9 :  0.9950 0.0050 
1267     1267   (0)      9 :  0.9940 0.0060 
1268     1268   (0)      9 :  0.9910 0.0090 
1269     1269   (0)      9 :  0.9790 0.0210 
1270     1270   (0)      9 :  0.9930 0.0070 
1271     1271   (0)      9 :  0.9940 0.0060 
1272     1272   (0)      9 :  0.9916 0.0084 
1273     1273   (0)      9 :  0.9940 0.0060 
1274     1274   (0)      9 :  0.9930 0.0070 
1275     1275   (0)      9 :  0.9932 0.0068 
1276     1276   (0)      9 :  0.9910 0.0090 
1277     1277   (0)      9 :  0.9950 0.0050 
1278     1278   (0)      9 :  0.9950 0.0050 
1279     1279   (0)      9 :  0.9940 0.0060 
1280     1280   (0)      9 :  0.9930 0.0070 
1281     1281   (0)      9 :  0.9936 0.0064 
1282     1282   (0)      9 :  0.9910 0.0090 
1283     1283   (0)      9 :  0.9950 0.0050 
1284     1284   (0)      9 :  0.9920 0.0080 
1285     1285   (0)      9 :  0.9940 0.0060 
1286     1286   (0)      9 :  0.9806 0.0194 
1287     1287   (0)      9 :  0.9920 0.0080 
1288     1288   (0)      9 :  0.9942 0.0058 
1289     1289   (0)      9 :  0.9930 0.0070 
1290     1290   (0)      9 :  0.9940 0.0060 
1291     1291   (0)      9 :  0.9930 0.0070 
1292     1292   (0)      9 :  0.9950 0.0050 
1293     1293   (0)      9 :  0.9920 0.0080 
1294     1294   (0)      9 :  0.9930 0.0070 
1295     1295   (0)      9 :  0.9940 0.0060 
1296     1296   (0)      9 :  0.9940 0.0060 
1297     1297   (0)      9 :  0.9940 0.0060 
1298     1298   (0)      9 :  0.9910 0.0090 
1299     1299   (0)      9 :  0.9910 0.0090 
1300     1300   (0)      9 :  0.9900 0.0100 
1301     1301   (0)      9 :  0.9930 0.0070 
1302     1302   (0)      9 :  0.9930 0.0070 
1303     1303   (0)      9 :  0.9940 0.0060 
1304     1304   (0)      9 :  0.9950 0.0050 
1305     1305   (0)      9 :  0.9922 0.0078 
1306     1306   (0)      9 :  0.9918 0.0082 
1307     1307   (0)      9 :  0.9950 0.0050 
1308     1308   (0)      9 :  0.9930 0.0070 
1309     1309   (0)      9 :  0.9900 0.0100 
1310     1310   (0)      9 :  0.9940 0.0060 
1311     1311   (0)      9 :  0.9930 0.0070 
1312     1312   (0)      9 :  0.9940 0.0060 
1313     1313   (0)      9 :  0.9940 0.0060 
1314     1314   (0)      9 :  0.9920 0.0080 
1315     1315   (0)      9 :  0.9870 0.0130 
1316     1316   (0)      9 :  0.9910 0.0090 
1317     1317   (0)      9 :  0.9950 0.0050 
1318     1318   (0)      9 :  0.9750 0.0250 
1319     1319   (0)      9 :  0.9930 0.0070 
1320     1320   (0)      9 :  0.9920 0.0080 
1321     1321   (0)      9 :  0.9900 0.0100 
1322     1322   (0)      9 :  0.9930 0.0070 
1323     1323   (0)      9 :  0.9940 0.0060 
1324     1324   (0)      9 :  0.9950 0.0050 
1325     1325   (0)      9 :  0.9930 0.0070 
1326     1326   (0)      9 :  0.9940 0.0060 
1327     1327   (0)      9 :  0.9920 0.0080 
1328     1328   (0)      9 :  0.9928 0.0072 
1329     1329   (0)      9 :  0.9940 0.0060 
1330     1330   (0)      9 :  0.9920 0.0080 
1331     1331   (0)      9 :  0.9920 0.0080 
1332     1332   (0)      9 :  0.9940 0.0060 
1333     1333   (0)      9 :  0.9904 0.0096 
1334     1334   (0)      9 :  0.9852 0.0148 
1335     1335   (0)      9 :  0.9940 0.0060 
1336     1336   (0)      9 :  0.9950 0.0050 
1337     1337   (0)      9 :  0.9960 0.0040 
1338     1338   (0)      9 :  0.9950 0.0050 
1339     1339   (0)      9 :  0.9930 0.0070 
1340     1340   (0)      9 :  0.9940 0.0060 
1341     1341   (0)      9 :  0.9930 0.0070 
1342     1342   (0)      9 :  0.9940 0.0060 
1343     1343   (0)      9 :  0.9938 0.0062 
1344     1344   (0)      9 :  0.9960 0.0040 
1345     1345   (0)      9 :  0.9940 0.0060 
1346     1346   (0)      9 :  0.9940 0.0060 
1347     1347   (0)      9 :  0.9940 0.0060 
1348     1348   (0)      9 :  0.9922 0.0078 
1349     1349   (0)      9 :  0.9930 0.0070 
1350     1350   (0)      9 :  0.9900 0.0100 
1351     1351   (0)      9 :  0.9930 0.0070 
1352     1352   (0)      9 :  0.9940 0.0060 
1353     1353   (0)      9 :  0.9920 0.0080 
1354     1354   (0)      9 :  0.9930 0.0070 
1355     1355   (0)      9 :  0.9920 0.0080 
1356     1356   (0)      9 :  0.9920 0.0080 
1357     1357   (0)      9 :  0.9890 0.0110 
1358     1358   (0)      9 :  0.9920 0.0080 
1359     1359   (0)      9 :  0.9920 0.0080 
1360     1360   (0)      9 :  0.9910 0.0090 
1361     1361   (0)      9 :  0.9940 0.0060 
1362     1362   (0)      9 :  0.9940 0.0060 
1363     1363   (0)      9 :  0.9930 0.0070 
1364     1364   (0)      9 :  0.9940 0.0060 
1365     1365   (0)      9 :  0.9930 0.0070 
1366     1366   (0)      9 :  0.9920 0.0080 
1367     1367   (0)      9 :  0.9940 0.0060 
1368     1368   (0)      9 :  0.9920 0.0080 
1369     1369   (0)      9 :  0.9940 0.0060 
1370     1370   (0)      9 :  0.9940 0.0060 
1371     1371   (0)      9 :  0.9940 0.0060 
1372     1372   (0)      9 :  0.9940 0.0060 
1373     1373   (0)      9 :  0.9920 0.0080 
1374     1374   (0)      9 :  0.9950 0.0050 
1375     1375   (0)      9 :  0.9930 0.0070 
1376     1376   (0)      9 :  0.9930 0.0070 
1377     1377   (0)      9 :  0.9930 0.0070 
1378     1378   (0)      9 :  0.9910 0.0090 
1379     1379   (0)      9 :  0.9930 0.0070 
1380     1380   (0)      9 :  0.9940 0.0060 
1381     1381   (0)      9 :  0.9930 0.0070 
1382     1382   (0)      9 :  0.9940 0.0060 
1383     1383   (0)      9 :  0.9950 0.0050 
1384     1384   (0)      9 :  0.9930 0.0070 
1385     1385   (0)      9 :  0.9940 0.0060 
1386     1386   (0)      9 :  0.9940 0.0060 
1387     1387   (0)      9 :  0.9940 0.0060 
1388     1388   (0)      9 :  0.9930 0.0070 
1389     1389   (0)      9 :  0.9872 0.0128 
1390     1390   (0)      9 :  0.9940 0.0060 
1391     1391   (0)      9 :  0.9930 0.0070 
1392     1392   (0)      9 :  0.9890 0.0110 
1393     1393   (0)      9 :  0.9930 0.0070 
1394     1394   (0)      9 :  0.9930 0.0070 
1395     1395   (0)      9 :  0.9940 0.0060 
1396     1396   (0)      9 :  0.9930 0.0070 
1397     1397   (0)      9 :  0.9910 0.0090 
1398     1398   (0)      9 :  0.9940 0.0060 
1399     1399   (0)      9 :  0.9920 0.0080 
1400     1400   (0)      9 :  0.9940 0.0060 
1401     1401   (0)      9 :  0.9880 0.0120 
1402     1402   (0)      9 :  0.9940 0.0060 
1403     1403   (0)      9 :  0.9880 0.0120 
1404     1404   (0)      9 :  0.9680 0.0320 
1405     1405   (0)      9 :  0.9920 0.0080 
1406     1406   (0)      9 :  0.9900 0.0100 
1407     1407   (0)      9 :  0.9930 0.0070 
1408     1408   (0)      9 :  0.9910 0.0090 
1409     1409   (0)      9 :  0.9940 0.0060 
1410     1410   (0)      9 :  0.9920 0.0080 
1411     1411   (0)      9 :  0.9940 0.0060 
1412     1412   (0)      9 :  0.9940 0.0060 
1413     1413   (0)      9 :  0.9910 0.0090 
1414     1414   (0)      9 :  0.9910 0.0090 
1415     1415   (0)      9 :  0.9950 0.0050 
1416     1416   (0)      9 :  0.9900 0.0100 
1417     1417   (0)      9 :  0.9950 0.0050 
1418     1418   (0)      9 :  0.9920 0.0080 
1419     1419   (0)      9 :  0.9930 0.0070 
1420     1420   (0)      9 :  0.9950 0.0050 
1421     1421   (0)      9 :  0.9910 0.0090 
1422     1422   (0)      9 :  0.9930 0.0070 
1423     1423   (0)      9 :  0.9940 0.0060 
1424     1424   (0)      9 :  0.9910 0.0090 
1425     1425   (0)      9 :  0.9916 0.0084 
1426     1426   (0)      9 :  0.9950 0.0050 
1427     1427   (0)      9 :  0.9900 0.0100 
1428     1428   (0)      9 :  0.9932 0.0068 
1429     1429   (0)      9 :  0.9930 0.0070 
1430     1430   (0)      9 :  0.9960 0.0040 
1431     1431   (0)      9 :  0.9930 0.0070 
1432     1432   (0)      9 :  0.9910 0.0090 
1433     1433   (0)      9 :  0.9950 0.0050 
1434     1434   (0)      9 :  0.9940 0.0060 
1435     1435   (0)      9 :  0.9930 0.0070 
1436     1436   (0)      9 :  0.9920 0.0080 
1437     1437   (0)      9 :  0.9910 0.0090 
1438     1438   (0)      9 :  0.9900 0.0100 
1439     1439   (0)      9 :  0.9920 0.0080 
1440     1440   (0)      9 :  0.9950 0.0050 
1441     1441   (0)      9 :  0.9900 0.0100 
1442     1442   (0)      9 :  0.9870 0.0130 
1443     1443   (0)      9 :  0.9942 0.0058 
1444     1444   (0)      9 :  0.9930 0.0070 
1445     1445   (0)      9 :  0.9950 0.0050 
1446     1446   (0)      9 :  0.9934 0.0066 
1447     1447   (0)      9 :  0.9930 0.0070 
1448     1448   (0)      9 :  0.9950 0.0050 
1449     1449   (0)      9 :  0.9910 0.0090 
1450     1450   (0)      9 :  0.9940 0.0060 
1451     1451   (0)      9 :  0.9930 0.0070 
1452     1452   (0)      9 :  0.9930 0.0070 
1453     1453   (0)      9 :  0.9860 0.0140 
1454     1454   (0)      9 :  0.9900 0.0100 
1455     1455   (0)      9 :  0.9920 0.0080 
1456     1456   (0)      9 :  0.9930 0.0070 
1457     1457   (0)      9 :  0.9880 0.0120 
1458     1458   (0)      9 :  0.9940 0.0060 
1459     1459   (0)      9 :  0.9940 0.0060 
1460     1460   (0)      9 :  0.9910 0.0090 
1461     1461   (0)      9 :  0.9920 0.0080 
1462     1462   (0)      9 :  0.9880 0.0120 
1463     1463   (0)      9 :  0.9850 0.0150 
1464     1464   (0)      9 :  0.9930 0.0070 
1465     1465   (0)      9 :  0.9940 0.0060 
1466     1466   (0)      9 :  0.9940 0.0060 
1467     1467   (0)      9 :  0.9880 0.0120 
1468     1468   (0)      9 :  0.9930 0.0070 
1469     1469   (0)      9 :  0.9940 0.0060 
1470     1470   (0)      9 :  0.9910 0.0090 
1471     1471   (0)      9 :  0.9940 0.0060 
1472     1472   (0)      9 :  0.9930 0.0070 
1473     1473   (0)      9 :  0.9930 0.0070 
1474     1474   (0)      9 :  0.9940 0.0060 
1475     1475   (0)      9 :  0.9930 0.0070 
1476     1476   (0)      9 :  0.9950 0.0050 
1477     1477   (0)      9 :  0.9930 0.0070 
1478     1478   (0)      9 :  0.9930 0.0070 
1479     1479   (0)      9 :  0.9870 0.0130 
1480     1480   (0)      9 :  0.9790 0.0210 
1481     1481   (0)      9 :  0.9950 0.0050 
1482     1482   (0)      9 :  0.9930 0.0070 
1483     1483   (0)      9 :  0.9920 0.0080 
1484     1484   (0)      9 :  0.9930 0.0070 
1485     1485   (0)      9 :  0.9950 0.0050 
1486     1486   (0)      9 :  0.9940 0.0060 
1487     1487   (0)      9 :  0.9890 0.0110 
1488     1488   (0)      9 :  0.9930 0.0070 
1489     1489   (0)      9 :  0.9940 0.0060 
1490     1490   (0)      9 :  0.9940 0.0060 
1491     1491   (0)      9 :  0.9950 0.0050 
1492     1492   (0)      9 :  0.9910 0.0090 
1493     1493   (0)      9 :  0.9870 0.0130 
1494     1494   (0)      9 :  0.9930 0.0070 
1495     1495   (0)      9 :  0.9900 0.0100 
1496     1496   (0)      9 :  0.9940 0.0060 
1497     1497   (0)      9 :  0.9838 0.0162 
1498     1498   (0)      9 :  0.9940 0.0060 
1499     1499   (0)      9 :  0.9930 0.0070 
1500     1500   (0)      9 :  0.9940 0.0060 
