  1        1   (5)      1 :  0.9958 0.0042 
  2        2   (5)      1 :  0.9884 0.0116 
  3        3   (5)      1 :  0.9970 0.0030 
  4        4   (0)      1 :  0.9980 0.0020 
  5        5   (0)      1 :  0.9800 0.0200 
  6        6   (0)      1 :  0.9960 0.0040 
  7        7   (0)      1 :  0.9140 0.0860 
  8        8   (5)      1 :  0.9980 0.0020 
  9        9   (0)      1 :  0.9974 0.0026 
 10       10   (0)      1 :  0.9842 0.0158 
 11       11   (0)      1 :  0.9930 0.0070 
 12       12   (0)      1 :  0.9920 0.0080 
 13       13   (0)      1 :  0.9970 0.0030 
 14       14   (0)      1 :  0.9958 0.0042 
 15       15   (0)      1 :  0.9960 0.0040 
 16       16   (0)      1 :  0.9980 0.0020 
 17       17   (0)      1 :  0.9974 0.0026 
 18       18   (0)      1 :  0.9930 0.0070 
 19       19   (0)      1 :  0.9980 0.0020 
 20       20   (0)      1 :  0.9816 0.0184 
 21       21   (0)      1 :  0.9980 0.0020 
 22       22   (0)      1 :  0.9980 0.0020 
 23       23   (0)      1 :  0.9980 0.0020 
 24       24   (0)      1 :  0.9970 0.0030 
 25       25   (0)      1 :  0.9816 0.0184 
 26       26   (0)      1 :  0.9970 0.0030 
 27       27   (5)      1 :  0.9820 0.0180 
 28       28   (0)      1 :  0.9954 0.0046 
 29       29   (0)      1 :  0.9980 0.0020 
 30       30   (0)      1 :  0.9870 0.0130 
 31       31   (0)      1 :  0.9970 0.0030 
 32       32   (0)      1 :  0.9958 0.0042 
 33       33   (0)      1 :  0.9980 0.0020 
 34       34   (0)      1 :  0.9980 0.0020 
 35       35   (0)      1 :  0.9870 0.0130 
 36       36   (0)      1 :  0.9960 0.0040 
 37       37   (0)      1 :  0.9910 0.0090 
 38       38   (0)      1 :  0.9960 0.0040 
 39       39   (0)      1 :  0.9880 0.0120 
 40       40   (0)      1 :  0.9964 0.0036 
 41       41   (0)      1 :  0.9960 0.0040 
 42       42   (0)      1 :  0.9980 0.0020 
 43       43   (0)      1 :  0.9960 0.0040 
 44       44   (0)      1 :  0.9980 0.0020 
 45       45   (5)      1 :  0.9940 0.0060 
 46       46   (0)      1 :  0.9980 0.0020 
 47       47   (0)      1 :  0.9950 0.0050 
 48       48   (0)      1 :  0.9950 0.0050 
 49       49   (0)      1 :  0.9950 0.0050 
 50       50   (0)      1 :  0.9960 0.0040 
 51       51   (0)      1 :  0.9940 0.0060 
 52       52   (0)      1 :  0.9840 0.0160 
 53       53   (0)      1 :  0.9940 0.0060 
 54       54   (0)      1 :  0.9950 0.0050 
 55       55   (0)      1 :  0.9950 0.0050 
 56       56   (0)      1 :  0.9970 0.0030 
 57       57  (10)      1 :  0.9970 0.0030 
 58       58   (5)      1 :  0.9950 0.0050 
 59       59   (0)      1 :  0.9960 0.0040 
 60       60   (0)      1 :  0.9970 0.0030 
 61       61   (0)      1 :  0.9960 0.0040 
 62       62   (0)      1 :  0.9930 0.0070 
 63       63   (0)      1 :  0.9940 0.0060 
 64       64   (0)      1 :  0.9960 0.0040 
 65       65   (0)      1 :  0.9880 0.0120 
 66       66   (0)      1 :  0.9970 0.0030 
 67       67   (5)      1 :  0.9950 0.0050 
 68       68   (0)      1 :  0.9888 0.0112 
 69       69   (0)      1 :  0.9920 0.0080 
 70       70   (0)      1 :  0.9952 0.0048 
 71       71   (5)      1 :  0.9942 0.0058 
 72       72   (0)      1 :  0.9940 0.0060 
 73       73   (5)      1 :  0.9960 0.0040 
 74       74  (10)      1 :  0.9930 0.0070 
 75       75  (10)      1 :  0.9960 0.0040 
 76       76   (0)      1 :  0.9970 0.0030 
 77       77  (10)      1 :  0.9970 0.0030 
 78       78   (0)      1 :  0.9950 0.0050 
 79       79   (5)      1 :  0.9940 0.0060 
 80       80   (0)      1 :  0.9970 0.0030 
 81       81   (0)      1 :  0.9970 0.0030 
 82       82   (0)      1 :  0.9980 0.0020 
 83       83   (0)      1 :  0.9950 0.0050 
 84       84   (0)      1 :  0.9930 0.0070 
 85       85   (0)      1 :  0.9970 0.0030 
 86       86   (5)      1 :  0.9970 0.0030 
 87       87   (0)      1 :  0.9970 0.0030 
 88       88   (0)      1 :  0.9880 0.0120 
 89       89   (0)      1 :  0.9962 0.0038 
 90       90   (0)      1 :  0.9950 0.0050 
 91       91   (0)      1 :  0.9960 0.0040 
 92       92   (0)      1 :  0.9890 0.0110 
 93       93   (0)      1 :  0.9970 0.0030 
 94       94   (5)      1 :  0.9970 0.0030 
 95       95   (0)      1 :  0.9970 0.0030 
 96       96   (5)      1 :  0.9970 0.0030 
 97       97   (0)      1 :  0.9932 0.0068 
 98       98   (0)      1 :  0.9958 0.0042 
 99       99   (5)      1 :  0.9970 0.0030 
100      100   (5)      1 :  0.9980 0.0020 
101      101   (5)      2 :  0.6170 0.3830 
102      102   (0)      2 :  0.4160 0.5840 
103      103   (0)      2 :  0.5622 0.4378 
104      104   (5)      2 :  0.5550 0.4450 
105      105   (5)      2 :  0.4650 0.5350 
106      106   (0)      2 :  0.4190 0.5810 
107      107   (0)      3 :  0.0182 0.9818 
108      108   (0)      3 :  0.2140 0.7860 
109      109  (10)      4 :  0.0108 0.9892 
110      110   (5)      4 :  0.0060 0.9940 
111      111   (5)      4 :  0.3456 0.6544 
112      112   (5)      4 :  0.0030 0.9970 
113      113  (10)      4 :  0.0882 0.9118 
114      114   (5)      4 :  0.4364 0.5636 
115      115  (10)      4 :  0.0230 0.9770 
116      116   (0)      4 :  0.0080 0.9920 
117      117   (0)      4 :  0.0120 0.9880 
118      118   (0)      4 :  0.0030 0.9970 
119      119   (0)      4 :  0.0360 0.9640 
120      120   (0)      4 :  0.1078 0.8922 
121      121   (0)      4 :  0.0138 0.9862 
122      122   (0)      4 :  0.0430 0.9570 
123      123   (0)      4 :  0.0208 0.9792 
124      124   (0)      4 :  0.0580 0.9420 
125      125   (0)      4 :  0.0800 0.9200 
126      126   (0)      4 :  0.3652 0.6348 
127      127   (0)      4 :  0.0060 0.9940 
128      128   (5)      4 :  0.0150 0.9850 
129      129   (0)      4 :  0.0294 0.9706 
130      130   (0)      4 :  0.1830 0.8170 
131      131   (5)      4 :  0.0342 0.9658 
132      132   (5)      4 :  0.0100 0.9900 
133      133   (0)      4 :  0.2150 0.7850 
134      134   (0)      4 :  0.0660 0.9340 
135      135   (0)      4 :  0.0250 0.9750 
136      136   (0)      4 :  0.0030 0.9970 
137      137   (0)      4 :  0.0020 0.9980 
138      138   (0)      4 :  0.0030 0.9970 
139      139   (0)      4 :  0.0020 0.9980 
140      140   (0)      4 :  0.0090 0.9910 
141      141   (0)      4 :  0.0310 0.9690 
142      142   (0)      4 :  0.0390 0.9610 
143      143   (0)      4 :  0.0170 0.9830 
144      144   (0)      4 :  0.0880 0.9120 
145      145   (0)      4 :  0.2270 0.7730 
146      146   (0)      4 :  0.0030 0.9970 
147      147   (0)      4 :  0.0314 0.9686 
148      148   (0)      4 :  0.0810 0.9190 
149      149   (0)      4 :  0.0200 0.9800 
150      150   (0)      4 :  0.0190 0.9810 
151      151  (10)      5 :  0.0020 0.9980 
152      152   (0)      5 :  0.0060 0.9940 
153      153   (0)      5 :  0.0400 0.9600 
154      154   (0)      5 :  0.0030 0.9970 
155      155   (0)      5 :  0.0060 0.9940 
156      156   (5)      5 :  0.0040 0.9960 
157      157   (0)      5 :  0.0030 0.9970 
158      158   (0)      5 :  0.0040 0.9960 
159      159   (0)      5 :  0.0020 0.9980 
160      160   (0)      5 :  0.0492 0.9508 
161      161   (0)      5 :  0.0398 0.9602 
162      162   (0)      5 :  0.0020 0.9980 
163      163   (0)      5 :  0.0020 0.9980 
164      164   (0)      5 :  0.0040 0.9960 
165      165   (5)      5 :  0.0020 0.9980 
166      166   (0)      5 :  0.0040 0.9960 
167      167   (0)      5 :  0.0050 0.9950 
168      168   (0)      5 :  0.0020 0.9980 
169      169   (0)      5 :  0.0030 0.9970 
170      170   (0)      5 :  0.0020 0.9980 
171      171   (0)      5 :  0.0030 0.9970 
172      172   (5)      5 :  0.0030 0.9970 
173      173   (5)      5 :  0.0090 0.9910 
174      174   (5)      5 :  0.0100 0.9900 
175      175   (0)      5 :  0.0060 0.9940 
176      176   (0)      5 :  0.0020 0.9980 
177      177   (0)      5 :  0.0020 0.9980 
178      178   (0)      5 :  0.0050 0.9950 
179      179   (0)      5 :  0.0020 0.9980 
180      180   (0)      5 :  0.0046 0.9954 
181      181   (0)      5 :  0.0050 0.9950 
182      182   (0)      5 :  0.0020 0.9980 
183      183   (0)      5 :  0.0020 0.9980 
184      184   (0)      5 :  0.0040 0.9960 
185      185   (0)      5 :  0.0050 0.9950 
186      186   (0)      5 :  0.0030 0.9970 
187      187   (5)      5 :  0.0050 0.9950 
188      188   (0)      5 :  0.0050 0.9950 
189      189   (0)      5 :  0.0020 0.9980 
190      190   (0)      5 :  0.0040 0.9960 
191      191   (0)      5 :  0.0030 0.9970 
192      192   (0)      5 :  0.0030 0.9970 
193      193   (5)      5 :  0.0020 0.9980 
194      194   (5)      5 :  0.0040 0.9960 
195      195   (5)      5 :  0.0030 0.9970 
196      196   (5)      5 :  0.0040 0.9960 
197      197   (5)      5 :  0.0050 0.9950 
198      198   (5)      5 :  0.0070 0.9930 
199      199   (0)      5 :  0.0160 0.9840 
200      200   (5)      5 :  0.0020 0.9980 
201      201   (0)      5 :  0.2090 0.7910 
202      202   (0)      5 :  0.1314 0.8686 
203      203   (0)      5 :  0.0020 0.9980 
204      204   (0)      5 :  0.0020 0.9980 
205      205   (0)      5 :  0.0040 0.9960 
206      206   (0)      5 :  0.0020 0.9980 
207      207   (0)      5 :  0.0020 0.9980 
208      208   (0)      5 :  0.0040 0.9960 
209      209   (0)      5 :  0.0020 0.9980 
210      210   (0)      5 :  0.0030 0.9970 
211      211   (0)      5 :  0.0040 0.9960 
212      212   (0)      5 :  0.4858 0.5142 
213      213   (0)      5 :  0.0020 0.9980 
214      214   (0)      5 :  0.0020 0.9980 
215      215   (0)      5 :  0.0030 0.9970 
216      216   (0)      5 :  0.0040 0.9960 
217      217   (0)      5 :  0.0030 0.9970 
218      218   (0)      5 :  0.0160 0.9840 
219      219   (0)      5 :  0.0040 0.9960 
220      220   (0)      5 :  0.0030 0.9970 
221      221   (0)      5 :  0.0020 0.9980 
222      222   (0)      5 :  0.0020 0.9980 
223      223   (0)      5 :  0.0050 0.9950 
224      224   (0)      5 :  0.0040 0.9960 
225      225   (0)      5 :  0.0030 0.9970 
226      226   (0)      5 :  0.0020 0.9980 
227      227   (0)      5 :  0.0030 0.9970 
228      228   (0)      5 :  0.0030 0.9970 
229      229   (0)      5 :  0.0040 0.9960 
230      230   (0)      5 :  0.0040 0.9960 
231      231   (0)      5 :  0.3148 0.6852 
232      232   (0)      5 :  0.0030 0.9970 
233      233   (0)      5 :  0.0030 0.9970 
234      234   (0)      5 :  0.0030 0.9970 
235      235   (0)      5 :  0.0020 0.9980 
236      236   (0)      5 :  0.0040 0.9960 
237      237   (0)      5 :  0.0030 0.9970 
238      238   (0)      5 :  0.0020 0.9980 
239      239   (0)      5 :  0.0020 0.9980 
240      240   (0)      5 :  0.0020 0.9980 
241      241   (0)      5 :  0.0030 0.9970 
242      242   (0)      5 :  0.0040 0.9960 
243      243  (10)      5 :  0.0180 0.9820 
244      244   (0)      5 :  0.0030 0.9970 
245      245   (0)      5 :  0.0020 0.9980 
246      246   (0)      5 :  0.0040 0.9960 
247      247   (0)      5 :  0.0050 0.9950 
248      248   (0)      5 :  0.0060 0.9940 
249      249   (0)      5 :  0.0020 0.9980 
250      250   (0)      5 :  0.0030 0.9970 
251      251   (0)      5 :  0.0020 0.9980 
252      252   (0)      5 :  0.0020 0.9980 
253      253   (0)      5 :  0.0090 0.9910 
254      254   (0)      5 :  0.0020 0.9980 
255      255   (0)      5 :  0.0020 0.9980 
256      256   (0)      6 :  0.0240 0.9760 
257      257  (10)      6 :  0.0070 0.9930 
258      258  (10)      6 :  0.0050 0.9950 
259      259   (5)      6 :  0.0020 0.9980 
260      260   (5)      6 :  0.0030 0.9970 
261      261   (0)      6 :  0.0020 0.9980 
262      262   (5)      6 :  0.0030 0.9970 
263      263   (5)      6 :  0.0030 0.9970 
264      264   (0)      6 :  0.0020 0.9980 
265      265   (0)      6 :  0.0020 0.9980 
266      266   (0)      6 :  0.0020 0.9980 
267      267   (0)      6 :  0.0090 0.9910 
268      268   (0)      6 :  0.0020 0.9980 
269      269   (5)      6 :  0.0020 0.9980 
270      270   (5)      6 :  0.0100 0.9900 
271      271  (10)      6 :  0.0050 0.9950 
272      272   (0)      6 :  0.0020 0.9980 
273      273   (5)      6 :  0.0100 0.9900 
274      274   (5)      6 :  0.0030 0.9970 
275      275   (0)      6 :  0.0020 0.9980 
276      276   (5)      6 :  0.0020 0.9980 
277      277   (0)      6 :  0.0070 0.9930 
278      278   (5)      6 :  0.0020 0.9980 
279      279   (0)      6 :  0.0020 0.9980 
280      280   (0)      6 :  0.0036 0.9964 
281      281   (0)      6 :  0.0060 0.9940 
282      282   (0)      6 :  0.0020 0.9980 
283      283   (0)      6 :  0.0030 0.9970 
284      284   (0)      6 :  0.0040 0.9960 
285      285   (0)      6 :  0.0070 0.9930 
286      286   (0)      6 :  0.0050 0.9950 
287      287   (0)      6 :  0.0080 0.9920 
288      288   (0)      6 :  0.0020 0.9980 
289      289   (0)      6 :  0.0050 0.9950 
290      290   (0)      6 :  0.0060 0.9940 
291      291   (0)      6 :  0.0020 0.9980 
292      292   (0)      6 :  0.0060 0.9940 
293      293   (0)      6 :  0.0020 0.9980 
294      294   (5)      6 :  0.0030 0.9970 
295      295   (5)      6 :  0.0030 0.9970 
296      296   (0)      6 :  0.0030 0.9970 
297      297  (15)      6 :  0.0060 0.9940 
298      298  (10)      6 :  0.0020 0.9980 
299      299  (10)      6 :  0.0020 0.9980 
300      300  (10)      6 :  0.0040 0.9960 
301      301   (5)      6 :  0.0030 0.9970 
302      302   (5)      6 :  0.0020 0.9980 
303      303   (5)      6 :  0.0030 0.9970 
304      304   (5)      6 :  0.0020 0.9980 
305      305   (5)      6 :  0.0060 0.9940 
306      306   (5)      6 :  0.0040 0.9960 
307      307  (15)      6 :  0.0110 0.9890 
308      308   (5)      6 :  0.0272 0.9728 
309      309   (5)      6 :  0.0020 0.9980 
310      310  (15)      6 :  0.0030 0.9970 
311      311   (5)      6 :  0.0194 0.9806 
312      312   (5)      6 :  0.0538 0.9462 
313      313   (5)      6 :  0.0030 0.9970 
314      314   (5)      6 :  0.0020 0.9980 
315      315  (10)      6 :  0.0030 0.9970 
316      316   (5)      6 :  0.0030 0.9970 
317      317   (5)      6 :  0.0030 0.9970 
318      318  (10)      6 :  0.0030 0.9970 
319      319  (10)      6 :  0.0030 0.9970 
320      320  (10)      6 :  0.0130 0.9870 
321      321  (10)      6 :  0.0430 0.9570 
322      322   (5)      6 :  0.0020 0.9980 
323      323  (10)      6 :  0.0060 0.9940 
324      324   (0)      6 :  0.0020 0.9980 
325      325   (5)      6 :  0.0020 0.9980 
326      326   (0)      6 :  0.0020 0.9980 
327      327   (0)      6 :  0.0020 0.9980 
328      328   (0)      6 :  0.0030 0.9970 
329      329   (0)      6 :  0.0060 0.9940 
330      330   (0)      6 :  0.0020 0.9980 
331      331   (0)      6 :  0.0250 0.9750 
332      332   (0)      6 :  0.0050 0.9950 
333      333  (10)      6 :  0.0030 0.9970 
334      334  (10)      6 :  0.2890 0.7110 
335      335   (0)      6 :  0.0728 0.9272 
336      336   (5)      6 :  0.1828 0.8172 
337      337   (0)      6 :  0.0042 0.9958 
338      338   (5)      6 :  0.0200 0.9800 
339      339   (5)      6 :  0.0020 0.9980 
340      340   (5)      6 :  0.0030 0.9970 
341      341  (10)      6 :  0.0020 0.9980 
342      342   (0)      6 :  0.0020 0.9980 
343      343   (0)      6 :  0.0020 0.9980 
344      344   (0)      6 :  0.3658 0.6342 
345      345   (0)      6 :  0.0020 0.9980 
346      346   (0)      6 :  0.0040 0.9960 
347      347   (0)      6 :  0.0020 0.9980 
348      348   (0)      6 :  0.0020 0.9980 
349      349   (0)      6 :  0.0050 0.9950 
350      350   (0)      6 :  0.0020 0.9980 
351      351   (0)      6 :  0.0040 0.9960 
352      352   (0)      6 :  0.0040 0.9960 
353      353   (0)      6 :  0.0414 0.9586 
354      354   (0)      6 :  0.0220 0.9780 
355      355   (0)      6 :  0.0220 0.9780 
356      356   (0)      6 :  0.0030 0.9970 
357      357   (0)      6 :  0.0126 0.9874 
358      358   (0)      6 :  0.0020 0.9980 
359      359   (5)      6 :  0.0050 0.9950 
360      360   (0)      6 :  0.0030 0.9970 
361      361   (5)      6 :  0.4886 0.5114 
362      362   (0)      6 :  0.0020 0.9980 
363      363   (0)      6 :  0.1424 0.8576 
364      364   (0)      6 :  0.0070 0.9930 
365      365   (0)      6 :  0.0110 0.9890 
366      366   (0)      6 :  0.0020 0.9980 
367      367   (0)      6 :  0.0020 0.9980 
368      368   (0)      6 :  0.0220 0.9780 
369      369   (0)      6 :  0.0020 0.9980 
370      370   (0)      6 :  0.0030 0.9970 
371      371   (0)      6 :  0.0020 0.9980 
372      372   (0)      6 :  0.2080 0.7920 
373      373   (0)      6 :  0.0020 0.9980 
374      374   (0)      6 :  0.0060 0.9940 
375      375   (5)      6 :  0.0030 0.9970 
376      376   (0)      6 :  0.0090 0.9910 
377      377   (0)      6 :  0.0040 0.9960 
378      378   (0)      6 :  0.0040 0.9960 
379      379  (10)      6 :  0.0030 0.9970 
380      380   (0)      6 :  0.0030 0.9970 
381      381   (0)      6 :  0.0020 0.9980 
382      382   (0)      6 :  0.0030 0.9970 
383      383  (10)      6 :  0.0050 0.9950 
384      384   (5)      6 :  0.0020 0.9980 
385      385   (0)      6 :  0.0030 0.9970 
386      386   (5)      6 :  0.0030 0.9970 
387      387   (5)      6 :  0.0020 0.9980 
388      388  (10)      6 :  0.0030 0.9970 
389      389   (0)      6 :  0.0020 0.9980 
390      390   (5)      6 :  0.0050 0.9950 
391      391  (10)      6 :  0.0020 0.9980 
392      392   (0)      6 :  0.0060 0.9940 
393      393   (0)      6 :  0.0280 0.9720 
394      394   (0)      6 :  0.0030 0.9970 
395      395   (0)      6 :  0.0050 0.9950 
396      396   (0)      6 :  0.0020 0.9980 
397      397   (0)      6 :  0.0040 0.9960 
398      398   (0)      6 :  0.0020 0.9980 
399      399   (0)      6 :  0.0020 0.9980 
400      400   (0)      6 :  0.0020 0.9980 
401      401   (5)      6 :  0.0050 0.9950 
402      402   (0)      6 :  0.0020 0.9980 
403      403   (0)      6 :  0.0030 0.9970 
404      404   (0)      6 :  0.0028 0.9972 
405      405   (5)      6 :  0.0050 0.9950 
406      406   (0)      6 :  0.0030 0.9970 
407      407   (0)      6 :  0.0070 0.9930 
408      408   (0)      6 :  0.0020 0.9980 
409      409   (0)      6 :  0.0020 0.9980 
410      410   (0)      6 :  0.0020 0.9980 
411      411   (0)      6 :  0.0040 0.9960 
412      412   (0)      6 :  0.0090 0.9910 
413      413   (0)      6 :  0.0020 0.9980 
414      414   (0)      6 :  0.0020 0.9980 
415      415   (0)      6 :  0.0070 0.9930 
416      416   (0)      6 :  0.0026 0.9974 
417      417   (0)      6 :  0.0020 0.9980 
418      418   (0)      6 :  0.0030 0.9970 
419      419   (0)      6 :  0.0020 0.9980 
420      420   (0)      6 :  0.0020 0.9980 
421      421   (0)      6 :  0.0020 0.9980 
422      422   (0)      6 :  0.0020 0.9980 
423      423   (0)      6 :  0.0050 0.9950 
424      424   (0)      6 :  0.0030 0.9970 
425      425   (0)      6 :  0.0020 0.9980 
426      426  (10)      6 :  0.0040 0.9960 
427      427   (5)      6 :  0.0030 0.9970 
428      428  (10)      6 :  0.0040 0.9960 
429      429   (5)      6 :  0.1242 0.8758 
430      430  (10)      6 :  0.0022 0.9978 
431      431  (10)      6 :  0.0030 0.9970 
432      432   (0)      6 :  0.0040 0.9960 
433      433   (5)      6 :  0.0040 0.9960 
434      434   (5)      6 :  0.0316 0.9684 
435      435  (10)      6 :  0.0040 0.9960 
436      436   (0)      6 :  0.0020 0.9980 
437      437   (0)      6 :  0.0030 0.9970 
438      438   (0)      6 :  0.0026 0.9974 
439      439   (0)      6 :  0.0030 0.9970 
440      440   (0)      6 :  0.0374 0.9626 
441      441   (0)      6 :  0.2174 0.7826 
442      442   (0)      6 :  0.0870 0.9130 
443      443   (0)      6 :  0.0020 0.9980 
444      444   (0)      6 :  0.0020 0.9980 
445      445   (5)      6 :  0.3858 0.6142 
446      446   (0)      6 :  0.3604 0.6396 
447      447   (0)      6 :  0.0020 0.9980 
448      448  (10)      6 :  0.0190 0.9810 
449      449   (5)      6 :  0.0030 0.9970 
450      450   (0)      6 :  0.0020 0.9980 
451      451   (5)      6 :  0.3060 0.6940 
452      452   (5)      6 :  0.0032 0.9968 
453      453   (0)      6 :  0.0020 0.9980 
454      454   (0)      6 :  0.0162 0.9838 
455      455   (0)      6 :  0.0040 0.9960 
456      456   (0)      6 :  0.0590 0.9410 
457      457   (0)      6 :  0.0020 0.9980 
458      458   (0)      6 :  0.0060 0.9940 
459      459   (0)      6 :  0.0020 0.9980 
460      460   (0)      6 :  0.0020 0.9980 
461      461   (0)      6 :  0.0020 0.9980 
462      462   (0)      6 :  0.0030 0.9970 
463      463   (0)      6 :  0.0060 0.9940 
464      464   (0)      6 :  0.0020 0.9980 
465      465   (0)      6 :  0.0030 0.9970 
466      466   (0)      6 :  0.0020 0.9980 
467      467   (0)      6 :  0.0030 0.9970 
468      468   (0)      6 :  0.0040 0.9960 
469      469   (0)      6 :  0.0030 0.9970 
470      470   (0)      6 :  0.0020 0.9980 
471      471   (0)      6 :  0.0020 0.9980 
472      472   (0)      6 :  0.0020 0.9980 
473      473   (0)      6 :  0.0020 0.9980 
474      474   (0)      6 :  0.0050 0.9950 
475      475   (0)      6 :  0.0020 0.9980 
476      476   (0)      6 :  0.0128 0.9872 
477      477   (0)      6 :  0.0110 0.9890 
478      478   (0)      6 :  0.0020 0.9980 
479      479   (0)      6 :  0.0116 0.9884 
480      480   (0)      6 :  0.0020 0.9980 
481      481   (0)      6 :  0.0020 0.9980 
482      482   (0)      6 :  0.0020 0.9980 
483      483   (0)      6 :  0.0040 0.9960 
484      484   (0)      6 :  0.0080 0.9920 
485      485   (0)      6 :  0.0020 0.9980 
486      486   (0)      6 :  0.0040 0.9960 
487      487   (0)      6 :  0.0020 0.9980 
488      488   (0)      6 :  0.0100 0.9900 
489      489   (0)      6 :  0.0028 0.9972 
490      490   (0)      6 :  0.0030 0.9970 
491      491   (0)      6 :  0.0030 0.9970 
492      492   (0)      6 :  0.0030 0.9970 
493      493   (0)      6 :  0.0020 0.9980 
494      494   (0)      6 :  0.0020 0.9980 
495      495   (0)      6 :  0.0020 0.9980 
