  1        1   (5)      1 :  0.0280 0.9720 
  2        2   (5)      1 :  0.0570 0.9430 
  3        3   (5)      1 :  0.0210 0.9790 
  4        4   (0)      1 :  0.0300 0.9700 
  5        5   (0)      1 :  0.0650 0.9350 
  6        6   (0)      1 :  0.0270 0.9730 
  7        7   (0)      1 :  0.0520 0.9480 
  8        8   (5)      1 :  0.0290 0.9710 
  9        9   (0)      1 :  0.0230 0.9770 
 10       10   (0)      1 :  0.0500 0.9500 
 11       11   (0)      1 :  0.0270 0.9730 
 12       12   (0)      1 :  0.0518 0.9482 
 13       13   (0)      1 :  0.0500 0.9500 
 14       14   (0)      1 :  0.0290 0.9710 
 15       15   (0)      1 :  0.0300 0.9700 
 16       16   (0)      1 :  0.0220 0.9780 
 17       17   (0)      1 :  0.0190 0.9810 
 18       18   (0)      1 :  0.0406 0.9594 
 19       19   (0)      1 :  0.0610 0.9390 
 20       20   (0)      1 :  0.0586 0.9414 
 21       21   (0)      1 :  0.0300 0.9700 
 22       22   (0)      1 :  0.0160 0.9840 
 23       23   (0)      1 :  0.0210 0.9790 
 24       24   (0)      1 :  0.0380 0.9620 
 25       25   (0)      1 :  0.0652 0.9348 
 26       26   (0)      1 :  0.0440 0.9560 
 27       27   (5)      1 :  0.0406 0.9594 
 28       28   (0)      1 :  0.0160 0.9840 
 29       29   (0)      1 :  0.0240 0.9760 
 30       30   (0)      1 :  0.0664 0.9336 
 31       31   (0)      1 :  0.0210 0.9790 
 32       32   (0)      1 :  0.0540 0.9460 
 33       33   (0)      1 :  0.0240 0.9760 
 34       34   (0)      1 :  0.0200 0.9800 
 35       35   (0)      1 :  0.0420 0.9580 
 36       36   (0)      1 :  0.0338 0.9662 
 37       37   (0)      1 :  0.0412 0.9588 
 38       38   (0)      1 :  0.0438 0.9562 
 39       39   (0)      1 :  0.0394 0.9606 
 40       40   (0)      1 :  0.0390 0.9610 
 41       41   (0)      1 :  0.0250 0.9750 
 42       42   (0)      1 :  0.0180 0.9820 
 43       43   (0)      1 :  0.0220 0.9780 
 44       44   (0)      1 :  0.0170 0.9830 
 45       45   (5)      1 :  0.0490 0.9510 
 46       46   (0)      1 :  0.0150 0.9850 
 47       47   (0)      1 :  0.0170 0.9830 
 48       48   (0)      1 :  0.0256 0.9744 
 49       49   (0)      1 :  0.0652 0.9348 
 50       50   (0)      1 :  0.0270 0.9730 
 51       51   (0)      1 :  0.0440 0.9560 
 52       52   (0)      1 :  0.1290 0.8710 
 53       53   (0)      1 :  0.0300 0.9700 
 54       54   (0)      1 :  0.0170 0.9830 
 55       55   (0)      1 :  0.0230 0.9770 
 56       56   (0)      1 :  0.0220 0.9780 
 57       57  (10)      1 :  0.0390 0.9610 
 58       58   (5)      1 :  0.0290 0.9710 
 59       59   (0)      1 :  0.0400 0.9600 
 60       60   (0)      1 :  0.0214 0.9786 
 61       61   (0)      1 :  0.0300 0.9700 
 62       62   (0)      1 :  0.0270 0.9730 
 63       63   (0)      1 :  0.0280 0.9720 
 64       64   (0)      1 :  0.0210 0.9790 
 65       65   (0)      1 :  0.0860 0.9140 
 66       66   (0)      1 :  0.0250 0.9750 
 67       67   (5)      1 :  0.0690 0.9310 
 68       68   (0)      1 :  0.0300 0.9700 
 69       69   (0)      1 :  0.0180 0.9820 
 70       70   (0)      1 :  0.0300 0.9700 
 71       71   (5)      1 :  0.0300 0.9700 
 72       72   (0)      1 :  0.0614 0.9386 
 73       73   (5)      1 :  0.0220 0.9780 
 74       74  (10)      1 :  0.0428 0.9572 
 75       75  (10)      1 :  0.0850 0.9150 
 76       76   (0)      1 :  0.0280 0.9720 
 77       77  (10)      1 :  0.0370 0.9630 
 78       78   (0)      1 :  0.0380 0.9620 
 79       79   (5)      1 :  0.0220 0.9780 
 80       80   (0)      1 :  0.0230 0.9770 
 81       81   (0)      1 :  0.0280 0.9720 
 82       82   (0)      1 :  0.0240 0.9760 
 83       83   (0)      1 :  0.0254 0.9746 
 84       84   (0)      1 :  0.0510 0.9490 
 85       85   (0)      1 :  0.0200 0.9800 
 86       86   (5)      1 :  0.0290 0.9710 
 87       87   (0)      1 :  0.0230 0.9770 
 88       88   (0)      1 :  0.0750 0.9250 
 89       89   (0)      1 :  0.0930 0.9070 
 90       90   (0)      1 :  0.0256 0.9744 
 91       91   (0)      1 :  0.0300 0.9700 
 92       92   (0)      1 :  0.0250 0.9750 
 93       93   (0)      1 :  0.0190 0.9810 
 94       94   (5)      1 :  0.0524 0.9476 
 95       95   (0)      1 :  0.0310 0.9690 
 96       96   (5)      1 :  0.0240 0.9760 
 97       97   (0)      1 :  0.0190 0.9810 
 98       98   (0)      1 :  0.0330 0.9670 
 99       99   (5)      1 :  0.0336 0.9664 
100      100   (5)      1 :  0.0220 0.9780 
101      101   (0)      2 :  0.1140 0.8860 
102      102   (0)      2 :  0.1900 0.8100 
103      103   (0)      2 :  0.0332 0.9668 
104      104   (0)      2 :  0.0610 0.9390 
105      105   (0)      2 :  0.1542 0.8458 
106      106   (0)      2 :  0.0880 0.9120 
107      107   (0)      2 :  0.1190 0.8810 
108      108   (0)      2 :  0.1520 0.8480 
109      109   (0)      2 :  0.1760 0.8240 
110      110   (0)      2 :  0.1560 0.8440 
111      111   (0)      2 :  0.1042 0.8958 
112      112   (0)      2 :  0.0462 0.9538 
113      113   (0)      2 :  0.1174 0.8826 
114      114   (0)      2 :  0.1256 0.8744 
115      115   (0)      2 :  0.0230 0.9770 
116      116   (0)      2 :  0.0626 0.9374 
117      117   (0)      2 :  0.0200 0.9800 
118      118   (0)      2 :  0.1620 0.8380 
119      119   (0)      2 :  0.0408 0.9592 
120      120   (0)      2 :  0.0200 0.9800 
121      121   (0)      2 :  0.1208 0.8792 
122      122   (0)      2 :  0.0750 0.9250 
123      123   (0)      2 :  0.0460 0.9540 
124      124   (0)      2 :  0.1550 0.8450 
125      125   (0)      2 :  0.0706 0.9294 
126      126   (0)      2 :  0.0600 0.9400 
127      127   (0)      2 :  0.1154 0.8846 
128      128   (0)      2 :  0.0990 0.9010 
129      129   (0)      2 :  0.1802 0.8198 
130      130   (0)      2 :  0.0750 0.9250 
131      131   (0)      2 :  0.0744 0.9256 
132      132   (0)      2 :  0.0360 0.9640 
133      133   (0)      2 :  0.0270 0.9730 
134      134   (0)      2 :  0.1148 0.8852 
135      135   (0)      2 :  0.0690 0.9310 
136      136   (0)      2 :  0.0220 0.9780 
137      137   (0)      2 :  0.2300 0.7700 
138      138   (0)      2 :  0.2682 0.7318 
139      139   (0)      2 :  0.0520 0.9480 
140      140   (0)      2 :  0.0180 0.9820 
141      141   (0)      2 :  0.1536 0.8464 
142      142   (0)      2 :  0.1462 0.8538 
143      143   (0)      2 :  0.1070 0.8930 
144      144   (0)      2 :  0.0380 0.9620 
145      145   (0)      2 :  0.1028 0.8972 
146      146   (0)      2 :  0.0430 0.9570 
147      147   (0)      2 :  0.0390 0.9610 
148      148   (0)      2 :  0.1918 0.8082 
149      149   (0)      2 :  0.0736 0.9264 
150      150   (0)      2 :  0.2690 0.7310 
151      151   (0)      2 :  0.0260 0.9740 
152      152   (0)      2 :  0.0400 0.9600 
153      153   (0)      2 :  0.1650 0.8350 
154      154   (0)      2 :  0.0300 0.9700 
155      155   (0)      2 :  0.0760 0.9240 
156      156   (0)      2 :  0.1744 0.8256 
157      157   (0)      2 :  0.0676 0.9324 
158      158   (0)      2 :  0.0370 0.9630 
159      159   (0)      2 :  0.0560 0.9440 
160      160   (0)      2 :  0.0558 0.9442 
161      161   (0)      2 :  0.0860 0.9140 
162      162   (0)      2 :  0.1870 0.8130 
163      163   (0)      2 :  0.1176 0.8824 
164      164   (0)      2 :  0.1000 0.9000 
165      165   (0)      2 :  0.1006 0.8994 
166      166   (0)      2 :  0.0240 0.9760 
167      167   (0)      2 :  0.1970 0.8030 
168      168   (0)      2 :  0.1412 0.8588 
169      169   (0)      2 :  0.4120 0.5880 
170      170   (0)      2 :  0.0650 0.9350 
171      171   (0)      2 :  0.2970 0.7030 
172      172   (0)      2 :  0.3748 0.6252 
173      173   (0)      2 :  0.1670 0.8330 
174      174   (0)      2 :  0.2780 0.7220 
175      175   (0)      2 :  0.1130 0.8870 
176      176   (0)      2 :  0.0860 0.9140 
177      177   (0)      2 :  0.0828 0.9172 
178      178   (0)      2 :  0.0990 0.9010 
179      179   (0)      2 :  0.2000 0.8000 
180      180   (0)      2 :  0.0736 0.9264 
181      181   (0)      2 :  0.0400 0.9600 
182      182   (0)      2 :  0.0410 0.9590 
183      183   (0)      2 :  0.0250 0.9750 
184      184   (0)      2 :  0.2786 0.7214 
185      185   (0)      2 :  0.0260 0.9740 
186      186   (0)      2 :  0.1146 0.8854 
187      187   (0)      2 :  0.0330 0.9670 
188      188   (0)      2 :  0.1118 0.8882 
189      189   (0)      2 :  0.0280 0.9720 
190      190   (0)      2 :  0.1250 0.8750 
191      191   (0)      2 :  0.1030 0.8970 
192      192   (0)      2 :  0.0584 0.9416 
193      193   (0)      2 :  0.2160 0.7840 
194      194   (0)      2 :  0.1472 0.8528 
195      195   (0)      2 :  0.0788 0.9212 
196      196   (0)      2 :  0.0480 0.9520 
197      197   (0)      2 :  0.0290 0.9710 
198      198   (0)      2 :  0.1510 0.8490 
199      199   (0)      2 :  0.0754 0.9246 
200      200   (0)      2 :  0.0454 0.9546 
201      201   (0)      3 :  0.3240 0.6760 
202      202   (0)      3 :  0.1226 0.8774 
203      203   (0)      3 :  0.1308 0.8692 
204      204   (0)      3 :  0.2360 0.7640 
205      205   (0)      3 :  0.2560 0.7440 
206      206   (0)      3 :  0.2080 0.7920 
207      207   (0)      3 :  0.2938 0.7062 
208      208   (0)      3 :  0.1928 0.8072 
209      209   (0)      3 :  0.1664 0.8336 
210      210   (0)      3 :  0.5546 0.4454 
211      211   (0)      3 :  0.2440 0.7560 
212      212   (0)      3 :  0.2126 0.7874 
213      213   (0)      3 :  0.0580 0.9420 
214      214   (0)      3 :  0.3064 0.6936 
215      215   (0)      3 :  0.1482 0.8518 
216      216   (0)      3 :  0.1782 0.8218 
217      217   (0)      3 :  0.3094 0.6906 
218      218   (0)      3 :  0.2130 0.7870 
219      219   (0)      3 :  0.2500 0.7500 
220      220   (0)      3 :  0.2332 0.7668 
221      221   (0)      3 :  0.1892 0.8108 
222      222   (0)      3 :  0.1960 0.8040 
223      223   (0)      3 :  0.2292 0.7708 
224      224   (0)      3 :  0.3432 0.6568 
225      225   (0)      3 :  0.3294 0.6706 
226      226   (0)      3 :  0.1352 0.8648 
227      227   (0)      3 :  0.2540 0.7460 
228      228   (0)      3 :  0.3960 0.6040 
229      229   (0)      3 :  0.2800 0.7200 
230      230   (0)      3 :  0.2514 0.7486 
231      231   (0)      3 :  0.3720 0.6280 
232      232   (0)      3 :  0.2488 0.7512 
233      233   (0)      3 :  0.3560 0.6440 
234      234   (0)      3 :  0.2040 0.7960 
235      235   (0)      3 :  0.2290 0.7710 
236      236   (0)      3 :  0.4450 0.5550 
237      237   (0)      3 :  0.0600 0.9400 
238      238   (0)      3 :  0.0600 0.9400 
239      239   (0)      3 :  0.1616 0.8384 
240      240   (0)      3 :  0.0780 0.9220 
241      241   (0)      3 :  0.1594 0.8406 
242      242   (0)      3 :  0.1498 0.8502 
243      243   (0)      3 :  0.1550 0.8450 
244      244   (0)      3 :  0.3530 0.6470 
245      245   (0)      3 :  0.1200 0.8800 
246      246   (0)      3 :  0.2340 0.7660 
247      247   (0)      3 :  0.3130 0.6870 
248      248   (0)      3 :  0.1802 0.8198 
249      249   (0)      3 :  0.1700 0.8300 
250      250   (0)      3 :  0.2600 0.7400 
251      251   (0)      3 :  0.3790 0.6210 
252      252   (0)      3 :  0.2440 0.7560 
253      253   (0)      3 :  0.3550 0.6450 
254      254   (0)      3 :  0.2018 0.7982 
255      255   (0)      3 :  0.2000 0.8000 
256      256   (0)      3 :  0.3080 0.6920 
257      257   (0)      3 :  0.3374 0.6626 
258      258   (0)      3 :  0.0520 0.9480 
259      259   (0)      3 :  0.2012 0.7988 
260      260   (0)      3 :  0.2350 0.7650 
261      261   (0)      3 :  0.1740 0.8260 
262      262   (0)      3 :  0.2520 0.7480 
263      263   (0)      3 :  0.2330 0.7670 
264      264   (0)      3 :  0.1780 0.8220 
265      265   (0)      3 :  0.1086 0.8914 
266      266   (0)      3 :  0.0978 0.9022 
267      267   (0)      3 :  0.1870 0.8130 
268      268   (0)      3 :  0.1990 0.8010 
269      269   (0)      3 :  0.0850 0.9150 
270      270   (0)      3 :  0.1440 0.8560 
271      271   (0)      3 :  0.2668 0.7332 
272      272   (0)      3 :  0.1050 0.8950 
273      273   (0)      3 :  0.1674 0.8326 
274      274   (0)      3 :  0.2712 0.7288 
275      275   (0)      3 :  0.1820 0.8180 
276      276   (0)      3 :  0.2526 0.7474 
277      277   (0)      3 :  0.0440 0.9560 
278      278   (0)      3 :  0.1884 0.8116 
279      279   (0)      3 :  0.2580 0.7420 
280      280   (0)      3 :  0.0520 0.9480 
281      281   (0)      3 :  0.0600 0.9400 
282      282   (0)      3 :  0.2030 0.7970 
283      283   (0)      3 :  0.2510 0.7490 
284      284   (0)      3 :  0.2830 0.7170 
285      285   (0)      3 :  0.2090 0.7910 
286      286   (0)      3 :  0.0750 0.9250 
287      287   (0)      3 :  0.2850 0.7150 
288      288   (0)      3 :  0.2808 0.7192 
289      289   (0)      3 :  0.0450 0.9550 
290      290   (0)      3 :  0.1566 0.8434 
291      291   (0)      3 :  0.0480 0.9520 
292      292   (0)      3 :  0.3680 0.6320 
293      293   (0)      3 :  0.3584 0.6416 
294      294   (0)      3 :  0.3390 0.6610 
295      295   (0)      3 :  0.1014 0.8986 
296      296   (0)      3 :  0.0660 0.9340 
297      297   (0)      3 :  0.2036 0.7964 
298      298   (0)      3 :  0.1748 0.8252 
299      299   (0)      3 :  0.3060 0.6940 
300      300   (0)      3 :  0.2380 0.7620 
301      301   (0)      4 :  0.5740 0.4260 
302      302   (0)      4 :  0.4898 0.5102 
303      303   (0)      4 :  0.5130 0.4870 
304      304   (0)      4 :  0.4380 0.5620 
305      305   (0)      4 :  0.4540 0.5460 
306      306   (0)      4 :  0.5170 0.4830 
307      307   (0)      4 :  0.4468 0.5532 
308      308   (0)      4 :  0.6028 0.3972 
309      309   (0)      4 :  0.4920 0.5080 
310      310   (0)      4 :  0.5630 0.4370 
311      311   (0)      4 :  0.5630 0.4370 
312      312   (0)      4 :  0.5570 0.4430 
313      313   (0)      4 :  0.3684 0.6316 
314      314   (0)      4 :  0.5470 0.4530 
315      315   (0)      4 :  0.6286 0.3714 
316      316   (0)      4 :  0.5580 0.4420 
317      317   (0)      4 :  0.4210 0.5790 
318      318   (0)      4 :  0.6010 0.3990 
319      319   (0)      4 :  0.4878 0.5122 
320      320   (0)      4 :  0.4620 0.5380 
321      321   (0)      4 :  0.3422 0.6578 
322      322   (0)      4 :  0.3700 0.6300 
323      323   (0)      4 :  0.5540 0.4460 
324      324   (0)      4 :  0.5880 0.4120 
325      325   (0)      4 :  0.4140 0.5860 
326      326   (0)      4 :  0.4742 0.5258 
327      327   (0)      4 :  0.4950 0.5050 
328      328   (0)      4 :  0.4358 0.5642 
329      329   (0)      4 :  0.4104 0.5896 
330      330   (0)      4 :  0.5526 0.4474 
331      331   (0)      4 :  0.4500 0.5500 
332      332   (0)      4 :  0.4874 0.5126 
333      333   (0)      4 :  0.4450 0.5550 
334      334   (0)      4 :  0.4020 0.5980 
335      335   (0)      4 :  0.4400 0.5600 
336      336   (0)      4 :  0.5080 0.4920 
337      337   (0)      4 :  0.3404 0.6596 
338      338   (0)      4 :  0.5190 0.4810 
339      339   (0)      4 :  0.4550 0.5450 
340      340   (0)      4 :  0.4392 0.5608 
341      341   (0)      4 :  0.6440 0.3560 
342      342   (0)      4 :  0.5012 0.4988 
343      343   (0)      4 :  0.5310 0.4690 
344      344   (0)      4 :  0.6010 0.3990 
345      345   (0)      4 :  0.4910 0.5090 
346      346   (0)      4 :  0.3880 0.6120 
347      347   (0)      4 :  0.4060 0.5940 
348      348   (0)      4 :  0.4360 0.5640 
349      349   (0)      4 :  0.3914 0.6086 
350      350   (0)      4 :  0.4170 0.5830 
351      351   (0)      4 :  0.5554 0.4446 
352      352   (0)      4 :  0.4968 0.5032 
353      353   (0)      4 :  0.5342 0.4658 
354      354   (0)      4 :  0.5340 0.4660 
355      355   (0)      4 :  0.4830 0.5170 
356      356   (0)      4 :  0.5604 0.4396 
357      357   (0)      4 :  0.4404 0.5596 
358      358   (0)      4 :  0.3296 0.6704 
359      359   (0)      4 :  0.5650 0.4350 
360      360   (0)      4 :  0.4390 0.5610 
361      361   (0)      4 :  0.5850 0.4150 
362      362   (0)      4 :  0.5412 0.4588 
363      363   (0)      4 :  0.6290 0.3710 
364      364   (0)      4 :  0.5260 0.4740 
365      365   (0)      4 :  0.6330 0.3670 
366      366   (0)      4 :  0.4298 0.5702 
367      367   (0)      4 :  0.4240 0.5760 
368      368   (0)      4 :  0.4740 0.5260 
369      369   (0)      4 :  0.3828 0.6172 
370      370   (0)      4 :  0.6090 0.3910 
371      371   (0)      4 :  0.3460 0.6540 
372      372   (0)      4 :  0.4398 0.5602 
373      373   (0)      4 :  0.4778 0.5222 
374      374   (0)      4 :  0.6730 0.3270 
375      375   (0)      4 :  0.4710 0.5290 
376      376   (0)      4 :  0.3800 0.6200 
377      377   (0)      4 :  0.5260 0.4740 
378      378   (0)      4 :  0.4486 0.5514 
379      379   (0)      4 :  0.5090 0.4910 
380      380   (0)      4 :  0.4852 0.5148 
381      381   (0)      4 :  0.4912 0.5088 
382      382   (0)      4 :  0.5100 0.4900 
383      383   (0)      4 :  0.4638 0.5362 
384      384   (0)      4 :  0.4620 0.5380 
385      385   (0)      4 :  0.6022 0.3978 
386      386   (0)      4 :  0.5282 0.4718 
387      387   (0)      4 :  0.4020 0.5980 
388      388   (0)      4 :  0.4110 0.5890 
389      389   (0)      4 :  0.4596 0.5404 
390      390   (0)      4 :  0.4530 0.5470 
391      391   (0)      4 :  0.4850 0.5150 
392      392   (0)      4 :  0.5144 0.4856 
393      393   (0)      4 :  0.4400 0.5600 
394      394   (0)      4 :  0.5020 0.4980 
395      395   (0)      4 :  0.6160 0.3840 
396      396   (0)      4 :  0.4728 0.5272 
397      397   (0)      4 :  0.5640 0.4360 
398      398   (0)      4 :  0.4094 0.5906 
399      399   (0)      4 :  0.4676 0.5324 
400      400   (0)      4 :  0.4558 0.5442 
401      401   (0)      5 :  0.5510 0.4490 
402      402   (0)      5 :  0.7490 0.2510 
403      403   (0)      5 :  0.8150 0.1850 
404      404   (0)      5 :  0.7440 0.2560 
405      405   (0)      5 :  0.6710 0.3290 
406      406   (0)      5 :  0.6664 0.3336 
407      407   (0)      5 :  0.7560 0.2440 
408      408   (0)      5 :  0.8480 0.1520 
409      409   (0)      5 :  0.7400 0.2600 
410      410   (0)      5 :  0.7490 0.2510 
411      411   (0)      5 :  0.7170 0.2830 
412      412   (0)      5 :  0.8644 0.1356 
413      413   (0)      5 :  0.7620 0.2380 
414      414   (0)      5 :  0.7464 0.2536 
415      415   (0)      5 :  0.6054 0.3946 
416      416   (0)      5 :  0.6640 0.3360 
417      417   (0)      5 :  0.6780 0.3220 
418      418   (0)      5 :  0.8430 0.1570 
419      419   (0)      5 :  0.8460 0.1540 
420      420   (0)      5 :  0.8570 0.1430 
421      421   (0)      5 :  0.7510 0.2490 
422      422   (0)      5 :  0.7550 0.2450 
423      423   (0)      5 :  0.7630 0.2370 
424      424   (0)      5 :  0.7876 0.2124 
425      425   (0)      5 :  0.7860 0.2140 
426      426   (0)      5 :  0.7820 0.2180 
427      427   (0)      5 :  0.9030 0.0970 
428      428   (0)      5 :  0.7204 0.2796 
429      429   (0)      5 :  0.8010 0.1990 
430      430   (0)      5 :  0.8370 0.1630 
431      431   (0)      5 :  0.6240 0.3760 
432      432   (0)      5 :  0.7110 0.2890 
433      433   (0)      5 :  0.6390 0.3610 
434      434   (0)      5 :  0.6130 0.3870 
435      435   (0)      5 :  0.7050 0.2950 
436      436   (0)      5 :  0.7172 0.2828 
437      437   (0)      5 :  0.7190 0.2810 
438      438   (0)      5 :  0.6720 0.3280 
439      439   (0)      5 :  0.7308 0.2692 
440      440   (0)      5 :  0.7850 0.2150 
441      441   (0)      5 :  0.7040 0.2960 
442      442   (0)      5 :  0.7130 0.2870 
443      443   (0)      5 :  0.6590 0.3410 
444      444   (0)      5 :  0.6310 0.3690 
445      445   (0)      5 :  0.7176 0.2824 
446      446   (0)      5 :  0.6392 0.3608 
447      447   (0)      5 :  0.6454 0.3546 
448      448   (0)      5 :  0.8884 0.1116 
449      449   (0)      5 :  0.9560 0.0440 
450      450   (0)      5 :  0.8340 0.1660 
451      451   (0)      5 :  0.8254 0.1746 
452      452   (0)      5 :  0.7410 0.2590 
453      453   (0)      5 :  0.7078 0.2922 
454      454   (0)      5 :  0.6644 0.3356 
455      455   (0)      5 :  0.9370 0.0630 
456      456   (0)      5 :  0.7100 0.2900 
457      457   (0)      5 :  0.8260 0.1740 
458      458   (0)      5 :  0.6020 0.3980 
459      459   (0)      5 :  0.9330 0.0670 
460      460   (0)      5 :  0.9076 0.0924 
461      461   (0)      5 :  0.6740 0.3260 
462      462   (0)      5 :  0.4700 0.5300 
463      463   (0)      5 :  0.9090 0.0910 
464      464   (0)      5 :  0.7350 0.2650 
465      465   (0)      5 :  0.7790 0.2210 
466      466   (0)      5 :  0.6260 0.3740 
467      467   (0)      5 :  0.7700 0.2300 
468      468   (0)      5 :  0.8012 0.1988 
469      469   (0)      5 :  0.7730 0.2270 
470      470   (0)      5 :  0.8090 0.1910 
471      471   (0)      5 :  0.8500 0.1500 
472      472   (0)      5 :  0.7218 0.2782 
473      473   (0)      5 :  0.6850 0.3150 
474      474   (0)      5 :  0.6970 0.3030 
475      475   (0)      5 :  0.7668 0.2332 
476      476   (0)      5 :  0.7178 0.2822 
477      477   (0)      5 :  0.7530 0.2470 
478      478   (0)      5 :  0.8930 0.1070 
479      479   (0)      5 :  0.7332 0.2668 
480      480   (0)      5 :  0.8470 0.1530 
481      481   (0)      5 :  0.7128 0.2872 
482      482   (0)      5 :  0.6990 0.3010 
483      483   (0)      5 :  0.7972 0.2028 
484      484   (0)      5 :  0.8780 0.1220 
485      485   (0)      5 :  0.7330 0.2670 
486      486   (0)      5 :  0.6360 0.3640 
487      487   (0)      5 :  0.7670 0.2330 
488      488   (0)      5 :  0.7340 0.2660 
489      489   (0)      5 :  0.9350 0.0650 
490      490   (0)      5 :  0.6646 0.3354 
491      491   (0)      5 :  0.8920 0.1080 
492      492   (0)      5 :  0.8200 0.1800 
493      493   (0)      5 :  0.6870 0.3130 
494      494   (0)      5 :  0.6750 0.3250 
495      495   (0)      5 :  0.7766 0.2234 
496      496   (0)      5 :  0.8468 0.1532 
497      497   (0)      5 :  0.7580 0.2420 
498      498   (0)      5 :  0.7560 0.2440 
499      499   (0)      5 :  0.6924 0.3076 
500      500   (0)      5 :  0.7520 0.2480 
501      501   (0)      6 :  0.9100 0.0900 
502      502   (0)      6 :  0.9160 0.0840 
503      503   (0)      6 :  0.7480 0.2520 
504      504   (0)      6 :  0.9094 0.0906 
505      505   (0)      6 :  0.8750 0.1250 
506      506   (0)      6 :  0.9682 0.0318 
507      507   (0)      6 :  0.8670 0.1330 
508      508   (0)      6 :  0.9020 0.0980 
509      509   (0)      6 :  0.9320 0.0680 
510      510   (0)      6 :  0.7730 0.2270 
511      511   (0)      6 :  0.9130 0.0870 
512      512   (0)      6 :  0.8990 0.1010 
513      513   (0)      6 :  0.8320 0.1680 
514      514   (0)      6 :  0.9402 0.0598 
515      515   (0)      6 :  0.8396 0.1604 
516      516   (0)      6 :  0.9500 0.0500 
517      517   (0)      6 :  0.8422 0.1578 
518      518   (0)      6 :  0.9046 0.0954 
519      519   (0)      6 :  0.9490 0.0510 
520      520   (0)      6 :  0.8490 0.1510 
521      521   (0)      6 :  0.7528 0.2472 
522      522   (0)      6 :  0.9460 0.0540 
523      523   (0)      6 :  0.9776 0.0224 
524      524   (0)      6 :  0.9188 0.0812 
525      525   (0)      6 :  0.9200 0.0800 
526      526   (0)      6 :  0.8490 0.1510 
527      527   (0)      6 :  0.9284 0.0716 
528      528   (0)      6 :  0.9460 0.0540 
529      529   (0)      6 :  0.8370 0.1630 
530      530   (0)      6 :  0.8850 0.1150 
531      531   (0)      6 :  0.8720 0.1280 
532      532   (0)      6 :  0.9000 0.1000 
533      533   (0)      6 :  0.8480 0.1520 
534      534   (0)      6 :  0.9760 0.0240 
535      535   (0)      6 :  0.9180 0.0820 
536      536   (0)      6 :  0.8570 0.1430 
537      537   (0)      6 :  0.9668 0.0332 
538      538   (0)      6 :  0.9720 0.0280 
539      539   (0)      6 :  0.8218 0.1782 
540      540   (0)      6 :  0.9160 0.0840 
541      541   (0)      6 :  0.9218 0.0782 
542      542   (0)      6 :  0.7320 0.2680 
543      543   (0)      6 :  0.9540 0.0460 
544      544   (0)      6 :  0.9820 0.0180 
545      545   (0)      6 :  0.9810 0.0190 
546      546   (0)      6 :  0.7832 0.2168 
547      547   (0)      6 :  0.8196 0.1804 
548      548   (0)      6 :  0.9070 0.0930 
549      549   (0)      6 :  0.8160 0.1840 
550      550   (0)      6 :  0.7710 0.2290 
551      551   (0)      6 :  0.9138 0.0862 
552      552   (0)      6 :  0.9560 0.0440 
553      553   (0)      6 :  0.8590 0.1410 
554      554   (0)      6 :  0.9730 0.0270 
555      555   (0)      6 :  0.9688 0.0312 
556      556   (0)      6 :  0.8610 0.1390 
557      557   (0)      6 :  0.9720 0.0280 
558      558   (0)      6 :  0.9170 0.0830 
559      559   (0)      6 :  0.8916 0.1084 
560      560   (0)      6 :  0.7410 0.2590 
561      561   (0)      6 :  0.7510 0.2490 
562      562   (0)      6 :  0.8850 0.1150 
563      563   (0)      6 :  0.9730 0.0270 
564      564   (0)      6 :  0.9780 0.0220 
565      565   (0)      6 :  0.8476 0.1524 
566      566   (0)      6 :  0.8910 0.1090 
567      567   (0)      6 :  0.8102 0.1898 
568      568   (0)      6 :  0.8038 0.1962 
569      569   (0)      6 :  0.8410 0.1590 
570      570   (0)      6 :  0.9250 0.0750 
571      571   (0)      6 :  0.8130 0.1870 
572      572   (0)      6 :  0.8786 0.1214 
573      573   (0)      6 :  0.7830 0.2170 
574      574   (0)      6 :  0.8904 0.1096 
575      575   (0)      6 :  0.8990 0.1010 
576      576   (0)      6 :  0.8604 0.1396 
577      577   (0)      6 :  0.8240 0.1760 
578      578   (0)      6 :  0.8898 0.1102 
579      579   (0)      6 :  0.9590 0.0410 
580      580   (0)      6 :  0.9590 0.0410 
581      581   (0)      6 :  0.8770 0.1230 
582      582   (0)      6 :  0.8730 0.1270 
583      583   (0)      6 :  0.8930 0.1070 
584      584   (0)      6 :  0.8956 0.1044 
585      585   (0)      6 :  0.8128 0.1872 
586      586   (0)      6 :  0.7610 0.2390 
587      587   (0)      6 :  0.8330 0.1670 
588      588   (0)      6 :  0.9650 0.0350 
589      589   (0)      6 :  0.9150 0.0850 
590      590   (0)      6 :  0.8298 0.1702 
591      591   (0)      6 :  0.8326 0.1674 
592      592   (0)      6 :  0.8340 0.1660 
593      593   (0)      6 :  0.8580 0.1420 
594      594   (0)      6 :  0.8590 0.1410 
595      595   (0)      6 :  0.9180 0.0820 
596      596   (0)      6 :  0.9524 0.0476 
597      597   (0)      6 :  0.9590 0.0410 
598      598   (0)      6 :  0.8630 0.1370 
599      599   (0)      6 :  0.9690 0.0310 
600      600   (0)      6 :  0.8880 0.1120 
601      601   (5)      7 :  0.9654 0.0346 
602      602   (0)      7 :  0.9690 0.0310 
603      603   (0)      7 :  0.9800 0.0200 
604      604   (0)      7 :  0.9520 0.0480 
605      605   (0)      7 :  0.9730 0.0270 
606      606   (0)      7 :  0.9770 0.0230 
607      607   (0)      7 :  0.9830 0.0170 
608      608   (0)      7 :  0.9680 0.0320 
609      609   (0)      7 :  0.9730 0.0270 
610      610   (0)      7 :  0.9730 0.0270 
611      611   (0)      7 :  0.9840 0.0160 
612      612   (0)      7 :  0.9810 0.0190 
613      613   (0)      7 :  0.9530 0.0470 
614      614   (5)      7 :  0.9850 0.0150 
615      615   (0)      7 :  0.9760 0.0240 
616      616   (0)      7 :  0.9830 0.0170 
617      617   (0)      7 :  0.9770 0.0230 
618      618   (0)      7 :  0.9770 0.0230 
619      619   (0)      7 :  0.9740 0.0260 
620      620   (0)      7 :  0.9820 0.0180 
621      621   (0)      7 :  0.9830 0.0170 
622      622   (0)      7 :  0.9738 0.0262 
623      623   (0)      7 :  0.9820 0.0180 
624      624   (0)      7 :  0.9850 0.0150 
625      625   (0)      7 :  0.9860 0.0140 
626      626   (0)      7 :  0.9810 0.0190 
627      627   (0)      7 :  0.9830 0.0170 
628      628   (0)      7 :  0.9800 0.0200 
629      629   (0)      8 :  0.9820 0.0180 
630      630   (0)      8 :  0.9602 0.0398 
631      631   (0)      8 :  0.9720 0.0280 
632      632   (0)      8 :  0.9840 0.0160 
633      633   (0)      8 :  0.9820 0.0180 
634      634   (0)      8 :  0.9820 0.0180 
635      635   (0)      8 :  0.9736 0.0264 
636      636   (0)      8 :  0.9534 0.0466 
637      637   (0)      8 :  0.9780 0.0220 
638      638   (0)      8 :  0.9442 0.0558 
639      639   (0)      8 :  0.9830 0.0170 
640      640   (0)      8 :  0.9820 0.0180 
641      641   (0)      8 :  0.9680 0.0320 
642      642   (0)      8 :  0.9782 0.0218 
643      643   (0)      8 :  0.9830 0.0170 
644      644   (0)      8 :  0.9830 0.0170 
645      645   (0)      8 :  0.9850 0.0150 
646      646   (0)      8 :  0.9750 0.0250 
647      647   (0)      8 :  0.9730 0.0270 
648      648   (0)      8 :  0.9800 0.0200 
649      649   (0)      8 :  0.9840 0.0160 
650      650   (0)      8 :  0.9760 0.0240 
651      651   (0)      8 :  0.9600 0.0400 
652      652   (0)      8 :  0.9770 0.0230 
653      653   (0)      8 :  0.9770 0.0230 
654      654   (0)      8 :  0.9780 0.0220 
655      655   (0)      8 :  0.9800 0.0200 
656      656   (0)      8 :  0.9780 0.0220 
657      657   (0)      8 :  0.9770 0.0230 
658      658   (0)      8 :  0.9710 0.0290 
659      659   (0)      8 :  0.9800 0.0200 
660      660   (0)      8 :  0.9328 0.0672 
661      661   (0)      8 :  0.9760 0.0240 
662      662   (0)      8 :  0.9710 0.0290 
663      663   (0)      8 :  0.9830 0.0170 
664      664   (0)      8 :  0.9820 0.0180 
665      665   (0)      8 :  0.9820 0.0180 
666      666   (0)      8 :  0.9790 0.0210 
667      667   (0)      8 :  0.9820 0.0180 
668      668   (0)      8 :  0.9530 0.0470 
669      669   (0)      8 :  0.9650 0.0350 
670      670   (0)      8 :  0.9780 0.0220 
671      671   (0)      8 :  0.9820 0.0180 
672      672   (0)      8 :  0.9510 0.0490 
673      673   (0)      8 :  0.9680 0.0320 
674      674   (0)      8 :  0.9830 0.0170 
675      675   (0)      8 :  0.9818 0.0182 
676      676   (0)      8 :  0.9700 0.0300 
677      677   (0)      8 :  0.9700 0.0300 
678      678   (0)      8 :  0.9810 0.0190 
679      679   (0)      8 :  0.9820 0.0180 
680      680   (0)      8 :  0.9810 0.0190 
681      681   (0)      8 :  0.9820 0.0180 
682      682   (0)      8 :  0.9830 0.0170 
683      683   (0)      8 :  0.9800 0.0200 
684      684   (0)      8 :  0.9820 0.0180 
685      685   (0)      8 :  0.9610 0.0390 
686      686   (0)      8 :  0.9810 0.0190 
687      687   (0)      8 :  0.9830 0.0170 
688      688   (0)      8 :  0.9720 0.0280 
689      689   (0)      8 :  0.9852 0.0148 
690      690   (0)      8 :  0.9820 0.0180 
691      691   (0)      8 :  0.9830 0.0170 
692      692   (0)      8 :  0.9820 0.0180 
693      693   (0)      8 :  0.9780 0.0220 
694      694   (0)      8 :  0.9610 0.0390 
695      695   (0)      8 :  0.9830 0.0170 
696      696   (0)      8 :  0.9650 0.0350 
697      697   (0)      8 :  0.9790 0.0210 
698      698   (0)      8 :  0.9840 0.0160 
699      699   (0)      8 :  0.9750 0.0250 
700      700   (0)      8 :  0.9780 0.0220 
