   1        1   (5)      1 :  0.0160 0.9840 
   2        2   (5)      1 :  0.0470 0.9530 
   3        3   (5)      1 :  0.0110 0.9890 
   4        4   (0)      1 :  0.0080 0.9920 
   5        5   (0)      1 :  0.0362 0.9638 
   6        6   (0)      1 :  0.0150 0.9850 
   7        7   (0)      1 :  0.0992 0.9008 
   8        8   (5)      1 :  0.0090 0.9910 
   9        9   (0)      1 :  0.0090 0.9910 
  10       10   (0)      1 :  0.0350 0.9650 
  11       11   (0)      1 :  0.0170 0.9830 
  12       12   (0)      1 :  0.0240 0.9760 
  13       13   (0)      1 :  0.0100 0.9900 
  14       14   (0)      1 :  0.0160 0.9840 
  15       15   (0)      1 :  0.0110 0.9890 
  16       16   (0)      1 :  0.0070 0.9930 
  17       17   (0)      1 :  0.0090 0.9910 
  18       18   (0)      1 :  0.0200 0.9800 
  19       19   (0)      1 :  0.0080 0.9920 
  20       20   (0)      1 :  0.0494 0.9506 
  21       21   (0)      1 :  0.0100 0.9900 
  22       22   (0)      1 :  0.0070 0.9930 
  23       23   (0)      1 :  0.0070 0.9930 
  24       24   (0)      1 :  0.0090 0.9910 
  25       25   (0)      1 :  0.0380 0.9620 
  26       26   (0)      1 :  0.0100 0.9900 
  27       27   (5)      1 :  0.0582 0.9418 
  28       28   (0)      1 :  0.0150 0.9850 
  29       29   (0)      1 :  0.0090 0.9910 
  30       30   (0)      1 :  0.0460 0.9540 
  31       31   (0)      1 :  0.0090 0.9910 
  32       32   (0)      1 :  0.0120 0.9880 
  33       33   (0)      1 :  0.0070 0.9930 
  34       34   (0)      1 :  0.0080 0.9920 
  35       35   (0)      1 :  0.0270 0.9730 
  36       36   (0)      1 :  0.0100 0.9900 
  37       37   (0)      1 :  0.0190 0.9810 
  38       38   (0)      1 :  0.0130 0.9870 
  39       39   (0)      1 :  0.0358 0.9642 
  40       40   (0)      1 :  0.0130 0.9870 
  41       41   (0)      1 :  0.0140 0.9860 
  42       42   (0)      1 :  0.0060 0.9940 
  43       43   (0)      1 :  0.0120 0.9880 
  44       44   (0)      1 :  0.0080 0.9920 
  45       45   (5)      1 :  0.0190 0.9810 
  46       46   (0)      1 :  0.0080 0.9920 
  47       47   (0)      1 :  0.0150 0.9850 
  48       48   (0)      1 :  0.0150 0.9850 
  49       49   (0)      1 :  0.0150 0.9850 
  50       50   (0)      1 :  0.0130 0.9870 
  51       51   (0)      1 :  0.0150 0.9850 
  52       52   (0)      1 :  0.0368 0.9632 
  53       53   (0)      1 :  0.0120 0.9880 
  54       54   (0)      1 :  0.0180 0.9820 
  55       55   (0)      1 :  0.0170 0.9830 
  56       56   (0)      1 :  0.0094 0.9906 
  57       57  (10)      1 :  0.0100 0.9900 
  58       58   (5)      1 :  0.0180 0.9820 
  59       59   (0)      1 :  0.0130 0.9870 
  60       60   (0)      1 :  0.0110 0.9890 
  61       61   (0)      1 :  0.0160 0.9840 
  62       62   (0)      1 :  0.0210 0.9790 
  63       63   (0)      1 :  0.0170 0.9830 
  64       64   (0)      1 :  0.0130 0.9870 
  65       65   (0)      1 :  0.0390 0.9610 
  66       66   (0)      1 :  0.0090 0.9910 
  67       67   (5)      1 :  0.0150 0.9850 
  68       68   (0)      1 :  0.0300 0.9700 
  69       69   (0)      1 :  0.0248 0.9752 
  70       70   (0)      1 :  0.0130 0.9870 
  71       71   (5)      1 :  0.0160 0.9840 
  72       72   (0)      1 :  0.0160 0.9840 
  73       73   (5)      1 :  0.0130 0.9870 
  74       74  (10)      1 :  0.0220 0.9780 
  75       75  (10)      1 :  0.0120 0.9880 
  76       76   (0)      1 :  0.0090 0.9910 
  77       77  (10)      1 :  0.0120 0.9880 
  78       78   (0)      1 :  0.0130 0.9870 
  79       79   (5)      1 :  0.0240 0.9760 
  80       80   (0)      1 :  0.0090 0.9910 
  81       81   (0)      1 :  0.0090 0.9910 
  82       82   (0)      1 :  0.0080 0.9920 
  83       83   (0)      1 :  0.0110 0.9890 
  84       84   (0)      1 :  0.0170 0.9830 
  85       85   (0)      1 :  0.0100 0.9900 
  86       86   (5)      1 :  0.0100 0.9900 
  87       87   (0)      1 :  0.0100 0.9900 
  88       88   (0)      1 :  0.0348 0.9652 
  89       89   (0)      1 :  0.0140 0.9860 
  90       90   (0)      1 :  0.0160 0.9840 
  91       91   (0)      1 :  0.0190 0.9810 
  92       92   (0)      1 :  0.0230 0.9770 
  93       93   (0)      1 :  0.0090 0.9910 
  94       94   (5)      1 :  0.0120 0.9880 
  95       95   (0)      1 :  0.0130 0.9870 
  96       96   (5)      1 :  0.0100 0.9900 
  97       97   (0)      1 :  0.0180 0.9820 
  98       98   (0)      1 :  0.0140 0.9860 
  99       99   (5)      1 :  0.0120 0.9880 
 100      100   (5)      1 :  0.0080 0.9920 
 101      101   (0)      2 :  0.0170 0.9830 
 102      102   (0)      2 :  0.0130 0.9870 
 103      103   (0)      2 :  0.0100 0.9900 
 104      104   (0)      2 :  0.0100 0.9900 
 105      105   (0)      2 :  0.0080 0.9920 
 106      106   (0)      2 :  0.0110 0.9890 
 107      107   (0)      2 :  0.0070 0.9930 
 108      108   (0)      2 :  0.0110 0.9890 
 109      109   (0)      2 :  0.0110 0.9890 
 110      110   (0)      2 :  0.0400 0.9600 
 111      111   (0)      2 :  0.0070 0.9930 
 112      112   (0)      2 :  0.0170 0.9830 
 113      113   (0)      2 :  0.0120 0.9880 
 114      114   (0)      2 :  0.0090 0.9910 
 115      115   (0)      2 :  0.0090 0.9910 
 116      116   (0)      2 :  0.0270 0.9730 
 117      117   (0)      2 :  0.0080 0.9920 
 118      118   (0)      2 :  0.0180 0.9820 
 119      119   (0)      2 :  0.0300 0.9700 
 120      120   (0)      2 :  0.0100 0.9900 
 121      121   (0)      2 :  0.0214 0.9786 
 122      122   (0)      2 :  0.0208 0.9792 
 123      123   (0)      2 :  0.0190 0.9810 
 124      124   (0)      2 :  0.0140 0.9860 
 125      125   (0)      2 :  0.0120 0.9880 
 126      126   (0)      2 :  0.0090 0.9910 
 127      127   (0)      2 :  0.0070 0.9930 
 128      128   (0)      2 :  0.0070 0.9930 
 129      129   (0)      2 :  0.0060 0.9940 
 130      130   (0)      2 :  0.0140 0.9860 
 131      131   (0)      2 :  0.0080 0.9920 
 132      132   (0)      2 :  0.0140 0.9860 
 133      133   (0)      2 :  0.0100 0.9900 
 134      134   (0)      2 :  0.0080 0.9920 
 135      135   (0)      2 :  0.0130 0.9870 
 136      136   (0)      2 :  0.0180 0.9820 
 137      137   (0)      2 :  0.1096 0.8904 
 138      138   (0)      2 :  0.0090 0.9910 
 139      139   (0)      2 :  0.0080 0.9920 
 140      140   (0)      2 :  0.0070 0.9930 
 141      141   (0)      2 :  0.0120 0.9880 
 142      142   (0)      2 :  0.0130 0.9870 
 143      143   (0)      2 :  0.0430 0.9570 
 144      144   (0)      2 :  0.0210 0.9790 
 145      145   (0)      2 :  0.0140 0.9860 
 146      146   (0)      2 :  0.0150 0.9850 
 147      147   (0)      2 :  0.0150 0.9850 
 148      148   (0)      2 :  0.0120 0.9880 
 149      149   (0)      2 :  0.0060 0.9940 
 150      150   (0)      2 :  0.0120 0.9880 
 151      151   (0)      2 :  0.0120 0.9880 
 152      152   (0)      2 :  0.0080 0.9920 
 153      153   (0)      2 :  0.0090 0.9910 
 154      154   (0)      2 :  0.0090 0.9910 
 155      155   (0)      2 :  0.0130 0.9870 
 156      156   (0)      2 :  0.0060 0.9940 
 157      157   (0)      2 :  0.0246 0.9754 
 158      158   (0)      2 :  0.0120 0.9880 
 159      159   (0)      2 :  0.0090 0.9910 
 160      160   (0)      2 :  0.0340 0.9660 
 161      161   (0)      2 :  0.0130 0.9870 
 162      162   (0)      2 :  0.0140 0.9860 
 163      163   (0)      2 :  0.0110 0.9890 
 164      164   (0)      2 :  0.0100 0.9900 
 165      165   (0)      2 :  0.0110 0.9890 
 166      166   (0)      2 :  0.0120 0.9880 
 167      167   (0)      2 :  0.0860 0.9140 
 168      168   (0)      2 :  0.0220 0.9780 
 169      169   (0)      2 :  0.0240 0.9760 
 170      170   (0)      2 :  0.0210 0.9790 
 171      171   (0)      2 :  0.0286 0.9714 
 172      172   (0)      2 :  0.0110 0.9890 
 173      173   (0)      2 :  0.0204 0.9796 
 174      174   (0)      2 :  0.0080 0.9920 
 175      175   (0)      2 :  0.0100 0.9900 
 176      176   (0)      2 :  0.0240 0.9760 
 177      177   (0)      2 :  0.0080 0.9920 
 178      178   (0)      2 :  0.0320 0.9680 
 179      179   (0)      2 :  0.0120 0.9880 
 180      180   (0)      2 :  0.0190 0.9810 
 181      181   (0)      2 :  0.0080 0.9920 
 182      182   (0)      2 :  0.0090 0.9910 
 183      183   (0)      2 :  0.0150 0.9850 
 184      184   (0)      2 :  0.0110 0.9890 
 185      185   (0)      2 :  0.0090 0.9910 
 186      186   (0)      2 :  0.0100 0.9900 
 187      187   (0)      2 :  0.0378 0.9622 
 188      188   (0)      2 :  0.0170 0.9830 
 189      189   (0)      2 :  0.0320 0.9680 
 190      190   (0)      2 :  0.0390 0.9610 
 191      191   (0)      2 :  0.0110 0.9890 
 192      192   (0)      2 :  0.0120 0.9880 
 193      193   (0)      2 :  0.0178 0.9822 
 194      194   (0)      2 :  0.0290 0.9710 
 195      195   (0)      2 :  0.0120 0.9880 
 196      196   (0)      2 :  0.0210 0.9790 
 197      197   (0)      2 :  0.0260 0.9740 
 198      198   (0)      2 :  0.0160 0.9840 
 199      199   (0)      2 :  0.0670 0.9330 
 200      200   (0)      2 :  0.0120 0.9880 
 201      201   (0)      2 :  0.0062 0.9938 
 202      202   (0)      2 :  0.0182 0.9818 
 203      203   (0)      2 :  0.0110 0.9890 
 204      204   (0)      2 :  0.0170 0.9830 
 205      205   (0)      2 :  0.0100 0.9900 
 206      206   (0)      2 :  0.0110 0.9890 
 207      207   (0)      2 :  0.0250 0.9750 
 208      208   (0)      2 :  0.0070 0.9930 
 209      209   (0)      2 :  0.0120 0.9880 
 210      210   (0)      2 :  0.0060 0.9940 
 211      211   (0)      2 :  0.0090 0.9910 
 212      212   (0)      2 :  0.0120 0.9880 
 213      213   (0)      2 :  0.0170 0.9830 
 214      214   (0)      2 :  0.0110 0.9890 
 215      215   (0)      2 :  0.0270 0.9730 
 216      216   (0)      2 :  0.0460 0.9540 
 217      217   (0)      2 :  0.0070 0.9930 
 218      218   (0)      2 :  0.0080 0.9920 
 219      219   (0)      2 :  0.0500 0.9500 
 220      220   (0)      2 :  0.0210 0.9790 
 221      221   (0)      2 :  0.0130 0.9870 
 222      222   (0)      2 :  0.0110 0.9890 
 223      223   (0)      2 :  0.0170 0.9830 
 224      224   (0)      2 :  0.0140 0.9860 
 225      225   (0)      2 :  0.0226 0.9774 
 226      226   (0)      2 :  0.0170 0.9830 
 227      227   (0)      2 :  0.0550 0.9450 
 228      228   (0)      2 :  0.0200 0.9800 
 229      229   (0)      2 :  0.0120 0.9880 
 230      230   (0)      2 :  0.0090 0.9910 
 231      231   (0)      2 :  0.0130 0.9870 
 232      232   (0)      2 :  0.0788 0.9212 
 233      233   (0)      2 :  0.0170 0.9830 
 234      234   (0)      2 :  0.0100 0.9900 
 235      235   (0)      2 :  0.0190 0.9810 
 236      236   (0)      2 :  0.0100 0.9900 
 237      237   (0)      2 :  0.0080 0.9920 
 238      238   (0)      2 :  0.0098 0.9902 
 239      239   (0)      2 :  0.0160 0.9840 
 240      240   (0)      2 :  0.0650 0.9350 
 241      241   (0)      2 :  0.0120 0.9880 
 242      242   (0)      2 :  0.0200 0.9800 
 243      243   (0)      2 :  0.0100 0.9900 
 244      244   (0)      2 :  0.0130 0.9870 
 245      245   (0)      2 :  0.0130 0.9870 
 246      246   (0)      2 :  0.0110 0.9890 
 247      247   (0)      2 :  0.0080 0.9920 
 248      248   (0)      2 :  0.0110 0.9890 
 249      249   (0)      2 :  0.0280 0.9720 
 250      250   (0)      2 :  0.0130 0.9870 
 251      251   (0)      2 :  0.0158 0.9842 
 252      252   (0)      2 :  0.0090 0.9910 
 253      253   (0)      2 :  0.0080 0.9920 
 254      254   (0)      2 :  0.0230 0.9770 
 255      255   (0)      2 :  0.0070 0.9930 
 256      256   (0)      2 :  0.0530 0.9470 
 257      257   (0)      2 :  0.0088 0.9912 
 258      258   (0)      2 :  0.0140 0.9860 
 259      259   (0)      2 :  0.0200 0.9800 
 260      260   (0)      2 :  0.0080 0.9920 
 261      261   (0)      2 :  0.0290 0.9710 
 262      262   (0)      2 :  0.0090 0.9910 
 263      263   (0)      2 :  0.0090 0.9910 
 264      264   (0)      2 :  0.0100 0.9900 
 265      265   (0)      2 :  0.0754 0.9246 
 266      266   (0)      2 :  0.0090 0.9910 
 267      267   (0)      2 :  0.0080 0.9920 
 268      268   (0)      2 :  0.0130 0.9870 
 269      269   (0)      2 :  0.0290 0.9710 
 270      270   (0)      2 :  0.0100 0.9900 
 271      271   (0)      2 :  0.0280 0.9720 
 272      272   (0)      2 :  0.0280 0.9720 
 273      273   (0)      2 :  0.0150 0.9850 
 274      274   (0)      2 :  0.0120 0.9880 
 275      275   (0)      2 :  0.0090 0.9910 
 276      276   (0)      2 :  0.0160 0.9840 
 277      277   (0)      2 :  0.0130 0.9870 
 278      278   (0)      2 :  0.0110 0.9890 
 279      279   (0)      2 :  0.0240 0.9760 
 280      280   (0)      2 :  0.0130 0.9870 
 281      281   (0)      2 :  0.0074 0.9926 
 282      282   (0)      2 :  0.0080 0.9920 
 283      283   (0)      2 :  0.0140 0.9860 
 284      284   (0)      2 :  0.0090 0.9910 
 285      285   (0)      2 :  0.0320 0.9680 
 286      286   (0)      2 :  0.0110 0.9890 
 287      287   (0)      2 :  0.0090 0.9910 
 288      288   (0)      2 :  0.0070 0.9930 
 289      289   (0)      2 :  0.0140 0.9860 
 290      290   (0)      2 :  0.0142 0.9858 
 291      291   (0)      2 :  0.0282 0.9718 
 292      292   (0)      2 :  0.0550 0.9450 
 293      293   (0)      2 :  0.0070 0.9930 
 294      294   (0)      2 :  0.0090 0.9910 
 295      295   (0)      2 :  0.0292 0.9708 
 296      296   (0)      2 :  0.0130 0.9870 
 297      297   (0)      2 :  0.0100 0.9900 
 298      298   (0)      2 :  0.0222 0.9778 
 299      299   (0)      2 :  0.0264 0.9736 
 300      300   (0)      2 :  0.0170 0.9830 
 301      301   (0)      2 :  0.0150 0.9850 
 302      302   (0)      2 :  0.0190 0.9810 
 303      303   (0)      2 :  0.0430 0.9570 
 304      304   (0)      2 :  0.0060 0.9940 
 305      305   (0)      2 :  0.0230 0.9770 
 306      306   (0)      2 :  0.0090 0.9910 
 307      307   (0)      2 :  0.0100 0.9900 
 308      308   (0)      2 :  0.1848 0.8152 
 309      309   (0)      2 :  0.0080 0.9920 
 310      310   (0)      2 :  0.0180 0.9820 
 311      311   (0)      2 :  0.0070 0.9930 
 312      312   (0)      2 :  0.0130 0.9870 
 313      313   (0)      2 :  0.0110 0.9890 
 314      314   (0)      2 :  0.0790 0.9210 
 315      315   (0)      2 :  0.0180 0.9820 
 316      316   (0)      2 :  0.0130 0.9870 
 317      317   (0)      2 :  0.0140 0.9860 
 318      318   (0)      2 :  0.0230 0.9770 
 319      319   (0)      2 :  0.0240 0.9760 
 320      320   (0)      2 :  0.0100 0.9900 
 321      321   (0)      2 :  0.0086 0.9914 
 322      322   (0)      2 :  0.0210 0.9790 
 323      323   (0)      2 :  0.0090 0.9910 
 324      324   (0)      2 :  0.0290 0.9710 
 325      325   (0)      2 :  0.0110 0.9890 
 326      326   (0)      2 :  0.0090 0.9910 
 327      327   (0)      2 :  0.0124 0.9876 
 328      328   (0)      2 :  0.0150 0.9850 
 329      329   (0)      2 :  0.0140 0.9860 
 330      330   (0)      2 :  0.0210 0.9790 
 331      331   (0)      2 :  0.0090 0.9910 
 332      332   (0)      2 :  0.0070 0.9930 
 333      333   (0)      2 :  0.0470 0.9530 
 334      334   (0)      2 :  0.0470 0.9530 
 335      335   (0)      2 :  0.0120 0.9880 
 336      336   (0)      2 :  0.0140 0.9860 
 337      337   (0)      2 :  0.0160 0.9840 
 338      338   (0)      2 :  0.0150 0.9850 
 339      339   (0)      2 :  0.0110 0.9890 
 340      340   (0)      2 :  0.0080 0.9920 
 341      341   (0)      2 :  0.0100 0.9900 
 342      342   (0)      2 :  0.0160 0.9840 
 343      343   (0)      2 :  0.0080 0.9920 
 344      344   (0)      2 :  0.0230 0.9770 
 345      345   (0)      2 :  0.0100 0.9900 
 346      346   (0)      2 :  0.0330 0.9670 
 347      347   (0)      2 :  0.0060 0.9940 
 348      348   (0)      2 :  0.0160 0.9840 
 349      349   (0)      2 :  0.0200 0.9800 
 350      350   (0)      2 :  0.0070 0.9930 
 351      351   (0)      2 :  0.0100 0.9900 
 352      352   (0)      2 :  0.0130 0.9870 
 353      353   (0)      2 :  0.0080 0.9920 
 354      354   (0)      2 :  0.0140 0.9860 
 355      355   (0)      2 :  0.0080 0.9920 
 356      356   (0)      2 :  0.0114 0.9886 
 357      357   (0)      2 :  0.0110 0.9890 
 358      358   (0)      2 :  0.0328 0.9672 
 359      359   (0)      2 :  0.0110 0.9890 
 360      360   (0)      2 :  0.0130 0.9870 
 361      361   (0)      2 :  0.0210 0.9790 
 362      362   (0)      2 :  0.0094 0.9906 
 363      363   (0)      2 :  0.0090 0.9910 
 364      364   (0)      2 :  0.0160 0.9840 
 365      365   (0)      2 :  0.0080 0.9920 
 366      366   (0)      2 :  0.0186 0.9814 
 367      367   (0)      2 :  0.0120 0.9880 
 368      368   (0)      2 :  0.0070 0.9930 
 369      369   (0)      2 :  0.0080 0.9920 
 370      370   (0)      2 :  0.0180 0.9820 
 371      371   (0)      2 :  0.0100 0.9900 
 372      372   (0)      2 :  0.0170 0.9830 
 373      373   (0)      2 :  0.0160 0.9840 
 374      374   (0)      2 :  0.0180 0.9820 
 375      375   (0)      2 :  0.0090 0.9910 
 376      376   (0)      2 :  0.0220 0.9780 
 377      377   (0)      2 :  0.0060 0.9940 
 378      378   (0)      2 :  0.0100 0.9900 
 379      379   (0)      2 :  0.0090 0.9910 
 380      380   (0)      2 :  0.0120 0.9880 
 381      381   (0)      2 :  0.0226 0.9774 
 382      382   (0)      2 :  0.0168 0.9832 
 383      383   (0)      2 :  0.0128 0.9872 
 384      384   (0)      2 :  0.0240 0.9760 
 385      385   (0)      2 :  0.0080 0.9920 
 386      386   (0)      2 :  0.0340 0.9660 
 387      387   (0)      2 :  0.0270 0.9730 
 388      388   (0)      2 :  0.0110 0.9890 
 389      389   (0)      2 :  0.0330 0.9670 
 390      390   (0)      2 :  0.0120 0.9880 
 391      391   (0)      2 :  0.0368 0.9632 
 392      392   (0)      2 :  0.0130 0.9870 
 393      393   (0)      2 :  0.0220 0.9780 
 394      394   (0)      2 :  0.0090 0.9910 
 395      395   (0)      2 :  0.0230 0.9770 
 396      396   (0)      2 :  0.0110 0.9890 
 397      397   (0)      2 :  0.0120 0.9880 
 398      398   (0)      2 :  0.0070 0.9930 
 399      399   (0)      2 :  0.0100 0.9900 
 400      400   (0)      2 :  0.0100 0.9900 
 401      401   (0)      2 :  0.0140 0.9860 
 402      402   (0)      2 :  0.0098 0.9902 
 403      403   (0)      2 :  0.0510 0.9490 
 404      404   (0)      2 :  0.0150 0.9850 
 405      405   (0)      2 :  0.0090 0.9910 
 406      406   (0)      2 :  0.0110 0.9890 
 407      407   (0)      2 :  0.0210 0.9790 
 408      408   (0)      2 :  0.0100 0.9900 
 409      409   (0)      2 :  0.0170 0.9830 
 410      410   (0)      2 :  0.0080 0.9920 
 411      411   (0)      2 :  0.0110 0.9890 
 412      412   (0)      2 :  0.0140 0.9860 
 413      413   (0)      2 :  0.0090 0.9910 
 414      414   (0)      2 :  0.0400 0.9600 
 415      415   (0)      2 :  0.0060 0.9940 
 416      416   (0)      2 :  0.0060 0.9940 
 417      417   (0)      2 :  0.0580 0.9420 
 418      418   (0)      2 :  0.0150 0.9850 
 419      419   (0)      2 :  0.0080 0.9920 
 420      420   (0)      2 :  0.0406 0.9594 
 421      421   (0)      2 :  0.0100 0.9900 
 422      422   (0)      2 :  0.0414 0.9586 
 423      423   (0)      2 :  0.0170 0.9830 
 424      424   (0)      2 :  0.0110 0.9890 
 425      425   (0)      2 :  0.0130 0.9870 
 426      426   (0)      2 :  0.0128 0.9872 
 427      427   (0)      2 :  0.0120 0.9880 
 428      428   (0)      2 :  0.0530 0.9470 
 429      429   (0)      2 :  0.0120 0.9880 
 430      430   (0)      2 :  0.0080 0.9920 
 431      431   (0)      2 :  0.0180 0.9820 
 432      432   (0)      2 :  0.0146 0.9854 
 433      433   (0)      2 :  0.0100 0.9900 
 434      434   (0)      2 :  0.0160 0.9840 
 435      435   (0)      2 :  0.0160 0.9840 
 436      436   (0)      2 :  0.0088 0.9912 
 437      437   (0)      2 :  0.0140 0.9860 
 438      438   (0)      2 :  0.0250 0.9750 
 439      439   (0)      2 :  0.0090 0.9910 
 440      440   (0)      2 :  0.0142 0.9858 
 441      441   (0)      2 :  0.0290 0.9710 
 442      442   (0)      2 :  0.0638 0.9362 
 443      443   (0)      2 :  0.0100 0.9900 
 444      444   (0)      2 :  0.0090 0.9910 
 445      445   (0)      2 :  0.0080 0.9920 
 446      446   (0)      2 :  0.0170 0.9830 
 447      447   (0)      2 :  0.0200 0.9800 
 448      448   (0)      2 :  0.0170 0.9830 
 449      449   (0)      2 :  0.0090 0.9910 
 450      450   (0)      2 :  0.0060 0.9940 
 451      451   (0)      2 :  0.0090 0.9910 
 452      452   (0)      2 :  0.1392 0.8608 
 453      453   (0)      2 :  0.0330 0.9670 
 454      454   (0)      2 :  0.0420 0.9580 
 455      455   (0)      2 :  0.0150 0.9850 
 456      456   (0)      2 :  0.0120 0.9880 
 457      457   (0)      2 :  0.0120 0.9880 
 458      458   (0)      2 :  0.0080 0.9920 
 459      459   (0)      2 :  0.0130 0.9870 
 460      460   (0)      2 :  0.0208 0.9792 
 461      461   (0)      2 :  0.0170 0.9830 
 462      462   (0)      2 :  0.0540 0.9460 
 463      463   (0)      2 :  0.0070 0.9930 
 464      464   (0)      2 :  0.0080 0.9920 
 465      465   (0)      2 :  0.0220 0.9780 
 466      466   (0)      2 :  0.0090 0.9910 
 467      467   (0)      2 :  0.0080 0.9920 
 468      468   (0)      2 :  0.0420 0.9580 
 469      469   (0)      2 :  0.0080 0.9920 
 470      470   (0)      2 :  0.0890 0.9110 
 471      471   (0)      2 :  0.0130 0.9870 
 472      472   (0)      2 :  0.0190 0.9810 
 473      473   (0)      2 :  0.0270 0.9730 
 474      474   (0)      2 :  0.0130 0.9870 
 475      475   (0)      2 :  0.0630 0.9370 
 476      476   (0)      2 :  0.0100 0.9900 
 477      477   (0)      2 :  0.0110 0.9890 
 478      478   (0)      2 :  0.0150 0.9850 
 479      479   (0)      2 :  0.0240 0.9760 
 480      480   (0)      2 :  0.0120 0.9880 
 481      481   (0)      2 :  0.0080 0.9920 
 482      482   (0)      2 :  0.0120 0.9880 
 483      483   (0)      2 :  0.0160 0.9840 
 484      484   (0)      2 :  0.0228 0.9772 
 485      485   (0)      2 :  0.0540 0.9460 
 486      486   (0)      2 :  0.0120 0.9880 
 487      487   (0)      2 :  0.0160 0.9840 
 488      488   (0)      2 :  0.0220 0.9780 
 489      489   (0)      2 :  0.0130 0.9870 
 490      490   (0)      2 :  0.0092 0.9908 
 491      491   (0)      2 :  0.0130 0.9870 
 492      492   (0)      2 :  0.0420 0.9580 
 493      493   (0)      2 :  0.0172 0.9828 
 494      494   (0)      2 :  0.0210 0.9790 
 495      495   (0)      2 :  0.0140 0.9860 
 496      496   (0)      2 :  0.0070 0.9930 
 497      497   (0)      2 :  0.0100 0.9900 
 498      498   (0)      2 :  0.0174 0.9826 
 499      499   (0)      2 :  0.0312 0.9688 
 500      500   (0)      2 :  0.0070 0.9930 
 501      501   (0)      3 :  0.0390 0.9610 
 502      502   (0)      3 :  0.1368 0.8632 
 503      503   (0)      3 :  0.2250 0.7750 
 504      504   (0)      3 :  0.0120 0.9880 
 505      505   (0)      3 :  0.0330 0.9670 
 506      506   (0)      3 :  0.1380 0.8620 
 507      507   (0)      3 :  0.1828 0.8172 
 508      508   (0)      3 :  0.0440 0.9560 
 509      509   (0)      3 :  0.2654 0.7346 
 510      510   (0)      3 :  0.0920 0.9080 
 511      511   (0)      3 :  0.1200 0.8800 
 512      512   (0)      3 :  0.1840 0.8160 
 513      513   (0)      3 :  0.0110 0.9890 
 514      514   (0)      3 :  0.0200 0.9800 
 515      515   (0)      3 :  0.0350 0.9650 
 516      516   (0)      3 :  0.0340 0.9660 
 517      517   (0)      3 :  0.0130 0.9870 
 518      518   (0)      3 :  0.0770 0.9230 
 519      519   (0)      3 :  0.0272 0.9728 
 520      520   (0)      3 :  0.0160 0.9840 
 521      521   (0)      3 :  0.0400 0.9600 
 522      522   (0)      3 :  0.0482 0.9518 
 523      523   (0)      3 :  0.0538 0.9462 
 524      524   (0)      3 :  0.0502 0.9498 
 525      525   (0)      3 :  0.2956 0.7044 
 526      526   (0)      3 :  0.2780 0.7220 
 527      527   (0)      3 :  0.0992 0.9008 
 528      528   (0)      3 :  0.0480 0.9520 
 529      529   (0)      3 :  0.1150 0.8850 
 530      530   (0)      3 :  0.0696 0.9304 
 531      531   (0)      3 :  0.0200 0.9800 
 532      532   (0)      3 :  0.1974 0.8026 
 533      533   (0)      3 :  0.1210 0.8790 
 534      534   (0)      3 :  0.0080 0.9920 
 535      535   (0)      3 :  0.1750 0.8250 
 536      536   (0)      3 :  0.0140 0.9860 
 537      537   (0)      3 :  0.1130 0.8870 
 538      538   (0)      3 :  0.0918 0.9082 
 539      539   (0)      3 :  0.0300 0.9700 
 540      540   (0)      3 :  0.0090 0.9910 
 541      541   (0)      3 :  0.3252 0.6748 
 542      542   (0)      3 :  0.1620 0.8380 
 543      543   (0)      3 :  0.0230 0.9770 
 544      544   (0)      3 :  0.1442 0.8558 
 545      545   (0)      3 :  0.0764 0.9236 
 546      546   (0)      3 :  0.0360 0.9640 
 547      547   (0)      3 :  0.0650 0.9350 
 548      548   (0)      3 :  0.1098 0.8902 
 549      549   (0)      3 :  0.1010 0.8990 
 550      550   (0)      3 :  0.1438 0.8562 
 551      551   (0)      3 :  0.0680 0.9320 
 552      552   (0)      3 :  0.2860 0.7140 
 553      553   (0)      3 :  0.2182 0.7818 
 554      554   (0)      3 :  0.0170 0.9830 
 555      555   (0)      3 :  0.0200 0.9800 
 556      556   (0)      3 :  0.0350 0.9650 
 557      557   (0)      3 :  0.0880 0.9120 
 558      558   (0)      3 :  0.0310 0.9690 
 559      559   (0)      3 :  0.0170 0.9830 
 560      560   (0)      3 :  0.0790 0.9210 
 561      561   (0)      3 :  0.0222 0.9778 
 562      562   (0)      3 :  0.0240 0.9760 
 563      563   (0)      3 :  0.1030 0.8970 
 564      564   (0)      3 :  0.1750 0.8250 
 565      565   (0)      3 :  0.0220 0.9780 
 566      566   (0)      3 :  0.2758 0.7242 
 567      567   (0)      3 :  0.0700 0.9300 
 568      568   (0)      3 :  0.1150 0.8850 
 569      569   (0)      3 :  0.1964 0.8036 
 570      570   (0)      3 :  0.0180 0.9820 
 571      571   (0)      3 :  0.0940 0.9060 
 572      572   (0)      3 :  0.0880 0.9120 
 573      573   (0)      3 :  0.1020 0.8980 
 574      574   (0)      3 :  0.0630 0.9370 
 575      575   (0)      3 :  0.2466 0.7534 
 576      576   (0)      3 :  0.3730 0.6270 
 577      577   (0)      3 :  0.1698 0.8302 
 578      578   (0)      3 :  0.0150 0.9850 
 579      579   (0)      3 :  0.0740 0.9260 
 580      580   (0)      3 :  0.1214 0.8786 
 581      581   (0)      3 :  0.0110 0.9890 
 582      582   (0)      3 :  0.3370 0.6630 
 583      583   (0)      3 :  0.2180 0.7820 
 584      584   (0)      3 :  0.0442 0.9558 
 585      585   (0)      3 :  0.2078 0.7922 
 586      586   (0)      3 :  0.1320 0.8680 
 587      587   (0)      3 :  0.0812 0.9188 
 588      588   (0)      3 :  0.1560 0.8440 
 589      589   (0)      3 :  0.1670 0.8330 
 590      590   (0)      3 :  0.1930 0.8070 
 591      591   (0)      3 :  0.1260 0.8740 
 592      592   (0)      3 :  0.0300 0.9700 
 593      593   (0)      3 :  0.0350 0.9650 
 594      594   (0)      3 :  0.0260 0.9740 
 595      595   (0)      3 :  0.0770 0.9230 
 596      596   (0)      3 :  0.2780 0.7220 
 597      597   (0)      3 :  0.0270 0.9730 
 598      598   (0)      3 :  0.2830 0.7170 
 599      599   (0)      3 :  0.2520 0.7480 
 600      600   (0)      3 :  0.1460 0.8540 
 601      601   (0)      4 :  0.2868 0.7132 
 602      602   (0)      4 :  0.4330 0.5670 
 603      603   (0)      4 :  0.2230 0.7770 
 604      604   (0)      4 :  0.3604 0.6396 
 605      605   (0)      4 :  0.1936 0.8064 
 606      606   (0)      4 :  0.3610 0.6390 
 607      607   (0)      4 :  0.0990 0.9010 
 608      608   (0)      4 :  0.3860 0.6140 
 609      609   (0)      4 :  0.3120 0.6880 
 610      610   (0)      4 :  0.3016 0.6984 
 611      611   (0)      4 :  0.0482 0.9518 
 612      612   (0)      4 :  0.4840 0.5160 
 613      613   (0)      4 :  0.2650 0.7350 
 614      614   (0)      4 :  0.0160 0.9840 
 615      615   (0)      4 :  0.1188 0.8812 
 616      616   (0)      4 :  0.2302 0.7698 
 617      617   (0)      4 :  0.2790 0.7210 
 618      618   (0)      4 :  0.1570 0.8430 
 619      619   (0)      4 :  0.2610 0.7390 
 620      620   (0)      4 :  0.2576 0.7424 
 621      621   (0)      4 :  0.3614 0.6386 
 622      622   (0)      4 :  0.1770 0.8230 
 623      623   (0)      4 :  0.2090 0.7910 
 624      624   (0)      4 :  0.0420 0.9580 
 625      625   (0)      4 :  0.2302 0.7698 
 626      626   (0)      4 :  0.2198 0.7802 
 627      627   (0)      4 :  0.3160 0.6840 
 628      628   (0)      4 :  0.3094 0.6906 
 629      629   (0)      4 :  0.4120 0.5880 
 630      630   (0)      4 :  0.1216 0.8784 
 631      631   (0)      4 :  0.0220 0.9780 
 632      632   (0)      4 :  0.2468 0.7532 
 633      633   (0)      4 :  0.0884 0.9116 
 634      634   (0)      4 :  0.1522 0.8478 
 635      635   (0)      4 :  0.3140 0.6860 
 636      636   (0)      4 :  0.2136 0.7864 
 637      637   (0)      4 :  0.1340 0.8660 
 638      638   (0)      4 :  0.3050 0.6950 
 639      639   (0)      4 :  0.3352 0.6648 
 640      640   (0)      4 :  0.0260 0.9740 
 641      641   (0)      4 :  0.2460 0.7540 
 642      642   (0)      4 :  0.2710 0.7290 
 643      643   (0)      4 :  0.2932 0.7068 
 644      644   (0)      4 :  0.2246 0.7754 
 645      645   (0)      4 :  0.3090 0.6910 
 646      646   (0)      4 :  0.1458 0.8542 
 647      647   (0)      4 :  0.2726 0.7274 
 648      648   (0)      4 :  0.3336 0.6664 
 649      649   (0)      4 :  0.1370 0.8630 
 650      650   (0)      4 :  0.2152 0.7848 
 651      651   (0)      4 :  0.0570 0.9430 
 652      652   (0)      4 :  0.2840 0.7160 
 653      653   (0)      4 :  0.1190 0.8810 
 654      654   (0)      4 :  0.4360 0.5640 
 655      655   (0)      4 :  0.1722 0.8278 
 656      656   (0)      4 :  0.1874 0.8126 
 657      657   (0)      4 :  0.2550 0.7450 
 658      658   (0)      4 :  0.2816 0.7184 
 659      659   (0)      4 :  0.1358 0.8642 
 660      660   (0)      4 :  0.1528 0.8472 
 661      661   (0)      4 :  0.2440 0.7560 
 662      662   (0)      4 :  0.3490 0.6510 
 663      663   (0)      4 :  0.2110 0.7890 
 664      664   (0)      4 :  0.1922 0.8078 
 665      665   (0)      4 :  0.2580 0.7420 
 666      666   (0)      4 :  0.3572 0.6428 
 667      667   (0)      4 :  0.1922 0.8078 
 668      668   (0)      4 :  0.2462 0.7538 
 669      669   (0)      4 :  0.2470 0.7530 
 670      670   (0)      4 :  0.2266 0.7734 
 671      671   (0)      4 :  0.4120 0.5880 
 672      672   (0)      4 :  0.3510 0.6490 
 673      673   (0)      4 :  0.2490 0.7510 
 674      674   (0)      4 :  0.1350 0.8650 
 675      675   (0)      4 :  0.4634 0.5366 
 676      676   (0)      4 :  0.2050 0.7950 
 677      677   (0)      4 :  0.3308 0.6692 
 678      678   (0)      4 :  0.0620 0.9380 
 679      679   (0)      4 :  0.4870 0.5130 
 680      680   (0)      4 :  0.3888 0.6112 
 681      681   (0)      4 :  0.1880 0.8120 
 682      682   (0)      4 :  0.0398 0.9602 
 683      683   (0)      4 :  0.1872 0.8128 
 684      684   (0)      4 :  0.3020 0.6980 
 685      685   (0)      4 :  0.3140 0.6860 
 686      686   (0)      4 :  0.2200 0.7800 
 687      687   (0)      4 :  0.4514 0.5486 
 688      688   (0)      4 :  0.4402 0.5598 
 689      689   (0)      4 :  0.1074 0.8926 
 690      690   (0)      4 :  0.2480 0.7520 
 691      691   (0)      4 :  0.1680 0.8320 
 692      692   (0)      4 :  0.4930 0.5070 
 693      693   (0)      4 :  0.3220 0.6780 
 694      694   (0)      4 :  0.2686 0.7314 
 695      695   (0)      4 :  0.3750 0.6250 
 696      696   (0)      4 :  0.1500 0.8500 
 697      697   (0)      4 :  0.2394 0.7606 
 698      698   (0)      4 :  0.0574 0.9426 
 699      699   (0)      4 :  0.0230 0.9770 
 700      700   (0)      4 :  0.3292 0.6708 
 701      701   (5)      5 :  0.3940 0.6060 
 702      702   (0)      5 :  0.6122 0.3878 
 703      703   (0)      5 :  0.4842 0.5158 
 704      704   (5)      5 :  0.5492 0.4508 
 705      705   (5)      5 :  0.5646 0.4354 
 706      706   (0)      5 :  0.6780 0.3220 
 707      707   (0)      6 :  0.4540 0.5460 
 708      708   (0)      6 :  0.4480 0.5520 
 709      709   (0)      6 :  0.6882 0.3118 
 710      710   (0)      6 :  0.4610 0.5390 
 711      711   (0)      6 :  0.6120 0.3880 
 712      712   (0)      6 :  0.4980 0.5020 
 713      713   (0)      6 :  0.4700 0.5300 
 714      714   (0)      6 :  0.5360 0.4640 
 715      715   (0)      6 :  0.4572 0.5428 
 716      716   (0)      6 :  0.4190 0.5810 
 717      717   (0)      6 :  0.4002 0.5998 
 718      718   (0)      6 :  0.1830 0.8170 
 719      719   (0)      6 :  0.2750 0.7250 
 720      720   (0)      6 :  0.5670 0.4330 
 721      721   (0)      6 :  0.5230 0.4770 
 722      722   (0)      6 :  0.5442 0.4558 
 723      723   (0)      6 :  0.3810 0.6190 
 724      724   (0)      6 :  0.5518 0.4482 
 725      725   (0)      6 :  0.4352 0.5648 
 726      726   (0)      6 :  0.6248 0.3752 
 727      727   (0)      6 :  0.4960 0.5040 
 728      728   (0)      6 :  0.4200 0.5800 
 729      729   (0)      6 :  0.5330 0.4670 
 730      730   (0)      6 :  0.4890 0.5110 
 731      731   (0)      6 :  0.5110 0.4890 
 732      732   (0)      6 :  0.5668 0.4332 
 733      733   (0)      6 :  0.5378 0.4622 
 734      734   (0)      6 :  0.4126 0.5874 
 735      735   (0)      6 :  0.5910 0.4090 
 736      736   (0)      6 :  0.4502 0.5498 
 737      737   (0)      6 :  0.5086 0.4914 
 738      738   (0)      6 :  0.6168 0.3832 
 739      739   (0)      6 :  0.5290 0.4710 
 740      740   (0)      6 :  0.4490 0.5510 
 741      741   (0)      6 :  0.5108 0.4892 
 742      742   (0)      6 :  0.4720 0.5280 
 743      743   (0)      6 :  0.4210 0.5790 
 744      744   (0)      6 :  0.5626 0.4374 
 745      745   (0)      6 :  0.4000 0.6000 
 746      746   (0)      6 :  0.3832 0.6168 
 747      747   (0)      6 :  0.4630 0.5370 
 748      748   (0)      6 :  0.5020 0.4980 
 749      749   (0)      6 :  0.4400 0.5600 
 750      750   (0)      6 :  0.4924 0.5076 
 751      751   (0)      6 :  0.4602 0.5398 
 752      752   (0)      6 :  0.5838 0.4162 
 753      753   (0)      6 :  0.4850 0.5150 
 754      754   (0)      6 :  0.5250 0.4750 
 755      755   (0)      6 :  0.6190 0.3810 
 756      756   (0)      6 :  0.5070 0.4930 
 757      757   (0)      6 :  0.6036 0.3964 
 758      758   (0)      6 :  0.3512 0.6488 
 759      759   (0)      6 :  0.3480 0.6520 
 760      760   (0)      6 :  0.2158 0.7842 
 761      761   (0)      6 :  0.5690 0.4310 
 762      762   (0)      6 :  0.4220 0.5780 
 763      763   (0)      6 :  0.4980 0.5020 
 764      764   (0)      6 :  0.5676 0.4324 
 765      765   (0)      6 :  0.5948 0.4052 
 766      766   (0)      6 :  0.5120 0.4880 
 767      767   (0)      6 :  0.3920 0.6080 
 768      768   (0)      6 :  0.5618 0.4382 
 769      769   (0)      6 :  0.5784 0.4216 
 770      770   (0)      6 :  0.5120 0.4880 
 771      771   (0)      6 :  0.5380 0.4620 
 772      772   (0)      6 :  0.6288 0.3712 
 773      773   (0)      6 :  0.2370 0.7630 
 774      774   (0)      6 :  0.5840 0.4160 
 775      775   (0)      6 :  0.4840 0.5160 
 776      776   (0)      6 :  0.6880 0.3120 
 777      777   (0)      6 :  0.4608 0.5392 
 778      778   (0)      6 :  0.4230 0.5770 
 779      779   (0)      6 :  0.4330 0.5670 
 780      780   (0)      6 :  0.6956 0.3044 
 781      781   (0)      6 :  0.4330 0.5670 
 782      782   (0)      6 :  0.2418 0.7582 
 783      783   (0)      6 :  0.4284 0.5716 
 784      784   (0)      6 :  0.6230 0.3770 
 785      785   (0)      6 :  0.5320 0.4680 
 786      786   (0)      6 :  0.5740 0.4260 
 787      787   (0)      6 :  0.5560 0.4440 
 788      788   (0)      6 :  0.4752 0.5248 
 789      789   (0)      6 :  0.4928 0.5072 
 790      790   (0)      6 :  0.4950 0.5050 
 791      791   (0)      6 :  0.5938 0.4062 
 792      792   (0)      6 :  0.5790 0.4210 
 793      793   (0)      6 :  0.5120 0.4880 
 794      794   (0)      6 :  0.4716 0.5284 
 795      795   (0)      6 :  0.3820 0.6180 
 796      796   (0)      6 :  0.5830 0.4170 
 797      797   (0)      6 :  0.5260 0.4740 
 798      798   (0)      6 :  0.3398 0.6602 
 799      799   (0)      6 :  0.5640 0.4360 
 800      800   (0)      6 :  0.5220 0.4780 
 801      801   (0)      6 :  0.4880 0.5120 
 802      802   (0)      6 :  0.5530 0.4470 
 803      803   (0)      6 :  0.4940 0.5060 
 804      804   (0)      6 :  0.4866 0.5134 
 805      805   (0)      6 :  0.3784 0.6216 
 806      806   (0)      6 :  0.4592 0.5408 
 807      807   (0)      7 :  0.8742 0.1258 
 808      808   (0)      7 :  0.7710 0.2290 
 809      809   (0)      8 :  0.8082 0.1918 
 810      810   (0)      8 :  0.7912 0.2088 
 811      811   (0)      8 :  0.8578 0.1422 
 812      812   (0)      8 :  0.6690 0.3310 
 813      813   (0)      8 :  0.6452 0.3548 
 814      814   (0)      8 :  0.5622 0.4378 
 815      815   (0)      8 :  0.7790 0.2210 
 816      816   (0)      8 :  0.5930 0.4070 
 817      817   (0)      8 :  0.9840 0.0160 
 818      818   (0)      8 :  0.8260 0.1740 
 819      819   (0)      8 :  0.9230 0.0770 
 820      820   (0)      8 :  0.6140 0.3860 
 821      821   (0)      8 :  0.7912 0.2088 
 822      822   (0)      8 :  0.7460 0.2540 
 823      823   (0)      8 :  0.7560 0.2440 
 824      824   (0)      8 :  0.8370 0.1630 
 825      825   (0)      8 :  0.8698 0.1302 
 826      826   (0)      8 :  0.6992 0.3008 
 827      827   (0)      8 :  0.5840 0.4160 
 828      828   (0)      8 :  0.8990 0.1010 
 829      829   (0)      8 :  0.8308 0.1692 
 830      830   (0)      8 :  0.7208 0.2792 
 831      831   (0)      8 :  0.6750 0.3250 
 832      832   (0)      8 :  0.9600 0.0400 
 833      833   (0)      8 :  0.5550 0.4450 
 834      834   (0)      8 :  0.7470 0.2530 
 835      835   (0)      8 :  0.6850 0.3150 
 836      836   (0)      8 :  0.5960 0.4040 
 837      837   (0)      8 :  0.6710 0.3290 
 838      838   (0)      8 :  0.9890 0.0110 
 839      839   (0)      8 :  0.8026 0.1974 
 840      840   (0)      8 :  0.8890 0.1110 
 841      841   (0)      8 :  0.7430 0.2570 
 842      842   (0)      8 :  0.7140 0.2860 
 843      843   (0)      8 :  0.7170 0.2830 
 844      844   (0)      8 :  0.9360 0.0640 
 845      845   (0)      8 :  0.7270 0.2730 
 846      846   (0)      8 :  0.6790 0.3210 
 847      847   (0)      8 :  0.8612 0.1388 
 848      848   (0)      8 :  0.7170 0.2830 
 849      849   (0)      8 :  0.7170 0.2830 
 850      850   (0)      8 :  0.9060 0.0940 
 851      851   (0)      8 :  0.7140 0.2860 
 852      852   (0)      8 :  0.7740 0.2260 
 853      853   (0)      8 :  0.7500 0.2500 
 854      854   (0)      8 :  0.8788 0.1212 
 855      855   (0)      8 :  0.9310 0.0690 
 856      856   (0)      8 :  0.8050 0.1950 
 857      857   (0)      8 :  0.6850 0.3150 
 858      858   (0)      8 :  0.5260 0.4740 
 859      859   (0)      8 :  0.7168 0.2832 
 860      860   (0)      8 :  0.6990 0.3010 
 861      861   (0)      8 :  0.7290 0.2710 
 862      862   (0)      8 :  0.8500 0.1500 
 863      863   (0)      8 :  0.6970 0.3030 
 864      864   (0)      8 :  0.6460 0.3540 
 865      865   (0)      8 :  0.7490 0.2510 
 866      866   (0)      8 :  0.4170 0.5830 
 867      867   (0)      8 :  0.8122 0.1878 
 868      868   (0)      8 :  0.6160 0.3840 
 869      869   (0)      8 :  0.6720 0.3280 
 870      870   (0)      8 :  0.6482 0.3518 
 871      871   (0)      8 :  0.8678 0.1322 
 872      872   (0)      8 :  0.7018 0.2982 
 873      873   (0)      8 :  0.7804 0.2196 
 874      874   (0)      8 :  0.9480 0.0520 
 875      875   (0)      8 :  0.7180 0.2820 
 876      876   (0)      8 :  0.6660 0.3340 
 877      877   (0)      8 :  0.7850 0.2150 
 878      878   (0)      8 :  0.9480 0.0520 
 879      879   (0)      8 :  0.7676 0.2324 
 880      880   (0)      8 :  0.6756 0.3244 
 881      881   (0)      8 :  0.7696 0.2304 
 882      882   (0)      8 :  0.6848 0.3152 
 883      883   (0)      8 :  0.7160 0.2840 
 884      884   (0)      8 :  0.7020 0.2980 
 885      885   (0)      8 :  0.8990 0.1010 
 886      886   (0)      8 :  0.7038 0.2962 
 887      887   (0)      8 :  0.7800 0.2200 
 888      888   (0)      8 :  0.7202 0.2798 
 889      889   (0)      8 :  0.7680 0.2320 
 890      890   (0)      8 :  0.7700 0.2300 
 891      891   (0)      8 :  0.9630 0.0370 
 892      892   (0)      8 :  0.7470 0.2530 
 893      893   (0)      8 :  0.7644 0.2356 
 894      894   (0)      8 :  0.6858 0.3142 
 895      895   (0)      8 :  0.7286 0.2714 
 896      896   (0)      8 :  0.8668 0.1332 
 897      897   (0)      8 :  0.7048 0.2952 
 898      898   (0)      8 :  0.8204 0.1796 
 899      899   (0)      8 :  0.7464 0.2536 
 900      900   (0)      8 :  0.7310 0.2690 
 901      901   (0)      8 :  0.7968 0.2032 
 902      902   (0)      8 :  0.7250 0.2750 
 903      903   (0)      8 :  0.7422 0.2578 
 904      904   (0)      8 :  0.7340 0.2660 
 905      905   (0)      8 :  0.7482 0.2518 
 906      906   (0)      8 :  0.9890 0.0110 
 907      907   (0)      8 :  0.7140 0.2860 
 908      908   (0)      8 :  0.6220 0.3780 
 909      909  (10)      9 :  0.9430 0.0570 
 910      910   (5)      9 :  0.9840 0.0160 
 911      911   (5)      9 :  0.6124 0.3876 
 912      912   (5)      9 :  0.9890 0.0110 
 913      913  (10)      9 :  0.8022 0.1978 
 914      914   (5)      9 :  0.5586 0.4414 
 915      915  (10)      9 :  0.9286 0.0714 
 916      916   (0)      9 :  0.9162 0.0838 
 917      917   (0)      9 :  0.9450 0.0550 
 918      918   (0)      9 :  0.9900 0.0100 
 919      919   (0)      9 :  0.9370 0.0630 
 920      920   (0)      9 :  0.8374 0.1626 
 921      921   (0)      9 :  0.9730 0.0270 
 922      922   (0)      9 :  0.8732 0.1268 
 923      923   (0)      9 :  0.9044 0.0956 
 924      924   (0)      9 :  0.8510 0.1490 
 925      925   (0)      9 :  0.8216 0.1784 
 926      926   (0)      9 :  0.6100 0.3900 
 927      927   (0)      9 :  0.9810 0.0190 
 928      928   (5)      9 :  0.9668 0.0332 
 929      929   (0)      9 :  0.8752 0.1248 
 930      930   (0)      9 :  0.7700 0.2300 
 931      931   (5)      9 :  0.9310 0.0690 
 932      932   (5)      9 :  0.9640 0.0360 
 933      933   (0)      9 :  0.7980 0.2020 
 934      934   (0)      9 :  0.9070 0.0930 
 935      935   (0)      9 :  0.9590 0.0410 
 936      936   (0)      9 :  0.9880 0.0120 
 937      937   (0)      9 :  0.9920 0.0080 
 938      938   (0)      9 :  0.9930 0.0070 
 939      939   (0)      9 :  0.9930 0.0070 
 940      940   (0)      9 :  0.9750 0.0250 
 941      941   (0)      9 :  0.8350 0.1650 
 942      942   (0)      9 :  0.9024 0.0976 
 943      943   (0)      9 :  0.9520 0.0480 
 944      944   (0)      9 :  0.9070 0.0930 
 945      945   (0)      9 :  0.7610 0.2390 
 946      946   (0)      9 :  0.9870 0.0130 
 947      947   (0)      9 :  0.8270 0.1730 
 948      948   (0)      9 :  0.8270 0.1730 
 949      949   (0)      9 :  0.9766 0.0234 
 950      950   (0)      9 :  0.9084 0.0916 
 951      951   (0)     10 :  0.9920 0.0080 
 952      952   (0)     10 :  0.9870 0.0130 
 953      953   (0)     10 :  0.9810 0.0190 
 954      954   (0)     10 :  0.7760 0.2240 
 955      955   (0)     10 :  0.8480 0.1520 
 956      956   (0)     10 :  0.7320 0.2680 
 957      957   (0)     10 :  0.9470 0.0530 
 958      958   (0)     10 :  0.8380 0.1620 
 959      959   (0)     10 :  0.7930 0.2070 
 960      960   (0)     10 :  0.9640 0.0360 
 961      961   (0)     10 :  0.7730 0.2270 
 962      962   (0)     10 :  0.7980 0.2020 
 963      963   (0)     10 :  0.8194 0.1806 
 964      964   (0)     10 :  0.8100 0.1900 
 965      965   (0)     10 :  0.9350 0.0650 
 966      966   (0)     10 :  0.8970 0.1030 
 967      967   (0)     10 :  0.9330 0.0670 
 968      968   (0)     10 :  0.9538 0.0462 
 969      969   (0)     10 :  0.9910 0.0090 
 970      970   (0)     10 :  0.8470 0.1530 
 971      971   (0)     10 :  0.9870 0.0130 
 972      972   (0)     10 :  0.9232 0.0768 
 973      973   (0)     10 :  0.9530 0.0470 
 974      974   (0)     10 :  0.7130 0.2870 
 975      975   (0)     10 :  0.9920 0.0080 
 976      976   (0)     10 :  0.9018 0.0982 
 977      977   (0)     10 :  0.9802 0.0198 
 978      978   (0)     10 :  0.8850 0.1150 
 979      979   (0)     10 :  0.8536 0.1464 
 980      980   (0)     10 :  0.9510 0.0490 
 981      981   (0)     10 :  0.9860 0.0140 
 982      982   (0)     10 :  0.6440 0.3560 
 983      983   (0)     10 :  0.7532 0.2468 
 984      984   (0)     10 :  0.9860 0.0140 
 985      985   (0)     10 :  0.9840 0.0160 
 986      986   (0)     10 :  0.8110 0.1890 
 987      987   (0)     10 :  0.8654 0.1346 
 988      988   (0)     10 :  0.7820 0.2180 
 989      989   (0)     10 :  0.7850 0.2150 
 990      990   (0)     10 :  0.9902 0.0098 
 991      991   (0)     10 :  0.7828 0.2172 
 992      992   (0)     10 :  0.8250 0.1750 
 993      993   (0)     10 :  0.7852 0.2148 
 994      994   (0)     10 :  0.8950 0.1050 
 995      995   (0)     10 :  0.8782 0.1218 
 996      996   (0)     10 :  0.9102 0.0898 
 997      997   (0)     10 :  0.9210 0.0790 
 998      998   (0)     10 :  0.8992 0.1008 
 999      999   (0)     10 :  0.9760 0.0240 
1000     1000   (0)     10 :  0.8588 0.1412 
1001     1001   (0)     10 :  0.9430 0.0570 
1002     1002   (0)     10 :  0.9420 0.0580 
1003     1003   (0)     10 :  0.9850 0.0150 
1004     1004   (0)     10 :  0.8970 0.1030 
1005     1005   (0)     10 :  0.9000 0.1000 
1006     1006   (0)     10 :  0.9770 0.0230 
1007     1007   (0)     10 :  0.7960 0.2040 
1008     1008   (0)     10 :  0.9072 0.0928 
1009     1009   (0)     10 :  0.9350 0.0650 
1010     1010   (0)     10 :  0.9606 0.0394 
1011     1011   (0)     10 :  0.9166 0.0834 
1012     1012   (0)     10 :  0.8130 0.1870 
1013     1013   (0)     10 :  0.8240 0.1760 
1014     1014   (0)     10 :  0.9390 0.0610 
1015     1015   (0)     10 :  0.7292 0.2708 
1016     1016   (0)     10 :  0.8974 0.1026 
1017     1017   (0)     10 :  0.9580 0.0420 
1018     1018   (0)     10 :  0.9912 0.0088 
1019     1019   (0)     10 :  0.9770 0.0230 
1020     1020   (0)     10 :  0.9180 0.0820 
1021     1021   (0)     10 :  0.6270 0.3730 
1022     1022   (0)     10 :  0.9730 0.0270 
1023     1023   (0)     10 :  0.7600 0.2400 
1024     1024   (0)     10 :  0.9650 0.0350 
1025     1025   (0)     10 :  0.8060 0.1940 
1026     1026   (0)     10 :  0.8420 0.1580 
1027     1027   (0)     10 :  0.9752 0.0248 
1028     1028   (0)     10 :  0.8620 0.1380 
1029     1029   (0)     10 :  0.8960 0.1040 
1030     1030   (0)     10 :  0.8852 0.1148 
1031     1031   (0)     10 :  0.7440 0.2560 
1032     1032   (0)     10 :  0.9880 0.0120 
1033     1033   (0)     10 :  0.6462 0.3538 
1034     1034   (0)     10 :  0.9890 0.0110 
1035     1035   (0)     10 :  0.8640 0.1360 
1036     1036   (0)     10 :  0.8410 0.1590 
1037     1037   (0)     10 :  0.8996 0.1004 
1038     1038   (0)     10 :  0.9698 0.0302 
1039     1039   (0)     10 :  0.8890 0.1110 
1040     1040   (0)     10 :  0.9640 0.0360 
1041     1041   (0)     10 :  0.8536 0.1464 
1042     1042   (0)     10 :  0.9620 0.0380 
1043     1043   (0)     10 :  0.9790 0.0210 
1044     1044   (0)     10 :  0.8240 0.1760 
1045     1045   (0)     10 :  0.9398 0.0602 
1046     1046   (0)     10 :  0.9830 0.0170 
1047     1047   (0)     10 :  0.8036 0.1964 
1048     1048   (0)     10 :  0.8770 0.1230 
1049     1049   (0)     10 :  0.8590 0.1410 
1050     1050   (0)     10 :  0.9930 0.0070 
1051     1051   (0)     11 :  0.9530 0.0470 
1052     1052  (10)     11 :  0.9820 0.0180 
1053     1053  (10)     11 :  0.9850 0.0150 
1054     1054   (5)     11 :  0.9930 0.0070 
1055     1055   (5)     11 :  0.9910 0.0090 
1056     1056   (0)     11 :  0.9930 0.0070 
1057     1057   (5)     11 :  0.9900 0.0100 
1058     1058   (5)     11 :  0.9890 0.0110 
1059     1059   (0)     11 :  0.9940 0.0060 
1060     1060   (0)     11 :  0.9930 0.0070 
1061     1061   (0)     11 :  0.9930 0.0070 
1062     1062   (0)     11 :  0.9930 0.0070 
1063     1063   (0)     11 :  0.9910 0.0090 
1064     1064   (5)     11 :  0.9930 0.0070 
1065     1065   (5)     11 :  0.9680 0.0320 
1066     1066  (10)     11 :  0.9844 0.0156 
1067     1067   (0)     11 :  0.9920 0.0080 
1068     1068   (5)     11 :  0.9636 0.0364 
1069     1069   (5)     11 :  0.9890 0.0110 
1070     1070   (0)     11 :  0.9930 0.0070 
1071     1071   (5)     11 :  0.9910 0.0090 
1072     1072   (0)     11 :  0.9880 0.0120 
1073     1073   (5)     11 :  0.9940 0.0060 
1074     1074   (0)     11 :  0.9920 0.0080 
1075     1075   (0)     11 :  0.9870 0.0130 
1076     1076   (0)     11 :  0.9770 0.0230 
1077     1077   (0)     11 :  0.9920 0.0080 
1078     1078   (0)     11 :  0.9910 0.0090 
1079     1079   (0)     11 :  0.9854 0.0146 
1080     1080   (0)     11 :  0.9750 0.0250 
1081     1081   (0)     11 :  0.9820 0.0180 
1082     1082   (0)     11 :  0.9730 0.0270 
1083     1083   (0)     11 :  0.9920 0.0080 
1084     1084   (0)     11 :  0.9840 0.0160 
1085     1085   (0)     11 :  0.9820 0.0180 
1086     1086   (0)     11 :  0.9940 0.0060 
1087     1087   (0)     11 :  0.9830 0.0170 
1088     1088   (0)     11 :  0.9922 0.0078 
1089     1089   (5)     11 :  0.9890 0.0110 
1090     1090   (5)     11 :  0.9890 0.0110 
1091     1091   (0)     11 :  0.9880 0.0120 
1092     1092  (15)     11 :  0.9812 0.0188 
1093     1093  (10)     11 :  0.9930 0.0070 
1094     1094  (10)     11 :  0.9910 0.0090 
1095     1095  (10)     11 :  0.9870 0.0130 
1096     1096   (5)     11 :  0.9846 0.0154 
1097     1097   (5)     11 :  0.9928 0.0072 
1098     1098   (5)     11 :  0.9910 0.0090 
1099     1099   (5)     11 :  0.9920 0.0080 
1100     1100   (5)     11 :  0.9880 0.0120 
1101     1101   (5)     11 :  0.9890 0.0110 
1102     1102  (15)     11 :  0.9744 0.0256 
1103     1103   (5)     11 :  0.9750 0.0250 
1104     1104   (5)     11 :  0.9930 0.0070 
1105     1105  (15)     11 :  0.9890 0.0110 
1106     1106   (5)     11 :  0.9458 0.0542 
1107     1107   (5)     11 :  0.9420 0.0580 
1108     1108   (5)     11 :  0.9892 0.0108 
1109     1109   (5)     11 :  0.9920 0.0080 
1110     1110  (10)     11 :  0.9870 0.0130 
1111     1111   (5)     11 :  0.9900 0.0100 
1112     1112   (5)     11 :  0.9880 0.0120 
1113     1113  (10)     11 :  0.9880 0.0120 
1114     1114  (10)     11 :  0.9900 0.0100 
1115     1115  (10)     11 :  0.9610 0.0390 
1116     1116  (10)     11 :  0.9600 0.0400 
1117     1117   (5)     11 :  0.9920 0.0080 
1118     1118  (10)     11 :  0.9840 0.0160 
1119     1119   (0)     11 :  0.9940 0.0060 
1120     1120   (5)     11 :  0.9910 0.0090 
1121     1121   (0)     11 :  0.9938 0.0062 
1122     1122   (0)     11 :  0.9940 0.0060 
1123     1123   (0)     11 :  0.9890 0.0110 
1124     1124   (0)     11 :  0.9780 0.0220 
1125     1125   (0)     11 :  0.9920 0.0080 
1126     1126   (0)     11 :  0.9510 0.0490 
1127     1127   (0)     11 :  0.9878 0.0122 
1128     1128  (10)     11 :  0.9890 0.0110 
1129     1129  (10)     11 :  0.6680 0.3320 
1130     1130   (0)     11 :  0.9750 0.0250 
1131     1131   (5)     11 :  0.8750 0.1250 
1132     1132   (0)     11 :  0.9870 0.0130 
1133     1133   (5)     11 :  0.9600 0.0400 
1134     1134   (5)     11 :  0.9920 0.0080 
1135     1135   (5)     11 :  0.9890 0.0110 
1136     1136  (10)     11 :  0.9930 0.0070 
1137     1137   (0)     11 :  0.9930 0.0070 
1138     1138   (0)     11 :  0.9918 0.0082 
1139     1139   (0)     11 :  0.9070 0.0930 
1140     1140   (0)     11 :  0.9920 0.0080 
1141     1141   (0)     11 :  0.9850 0.0150 
1142     1142   (0)     11 :  0.9920 0.0080 
1143     1143   (0)     11 :  0.9920 0.0080 
1144     1144   (0)     11 :  0.9870 0.0130 
1145     1145   (0)     11 :  0.9910 0.0090 
1146     1146   (0)     11 :  0.9900 0.0100 
1147     1147   (0)     11 :  0.9880 0.0120 
1148     1148   (0)     11 :  0.9550 0.0450 
1149     1149   (0)     11 :  0.9680 0.0320 
1150     1150   (0)     11 :  0.9820 0.0180 
1151     1151   (0)     11 :  0.9900 0.0100 
1152     1152   (0)     11 :  0.9720 0.0280 
1153     1153   (0)     11 :  0.9930 0.0070 
1154     1154   (5)     11 :  0.9860 0.0140 
1155     1155   (0)     11 :  0.9870 0.0130 
1156     1156   (5)     11 :  0.6928 0.3072 
1157     1157   (0)     11 :  0.9910 0.0090 
1158     1158   (0)     11 :  0.9670 0.0330 
1159     1159   (0)     11 :  0.9860 0.0140 
1160     1160   (0)     11 :  0.9840 0.0160 
1161     1161   (0)     11 :  0.9920 0.0080 
1162     1162   (0)     11 :  0.9920 0.0080 
1163     1163   (0)     11 :  0.9620 0.0380 
1164     1164   (0)     11 :  0.9930 0.0070 
1165     1165   (0)     11 :  0.9880 0.0120 
1166     1166   (0)     11 :  0.9930 0.0070 
1167     1167   (0)     11 :  0.9240 0.0760 
1168     1168   (0)     11 :  0.9930 0.0070 
1169     1169   (0)     11 :  0.9800 0.0200 
1170     1170   (5)     11 :  0.9910 0.0090 
1171     1171   (0)     11 :  0.9820 0.0180 
1172     1172   (0)     11 :  0.9874 0.0126 
1173     1173   (0)     11 :  0.9830 0.0170 
1174     1174  (10)     11 :  0.9920 0.0080 
1175     1175   (0)     11 :  0.9920 0.0080 
1176     1176   (0)     11 :  0.9920 0.0080 
1177     1177   (0)     11 :  0.9840 0.0160 
1178     1178  (10)     11 :  0.9890 0.0110 
1179     1179   (5)     11 :  0.9930 0.0070 
1180     1180   (0)     11 :  0.9902 0.0098 
1181     1181   (5)     11 :  0.9910 0.0090 
1182     1182   (5)     11 :  0.9930 0.0070 
1183     1183  (10)     11 :  0.9880 0.0120 
1184     1184   (0)     11 :  0.9920 0.0080 
1185     1185   (5)     11 :  0.9840 0.0160 
1186     1186  (10)     11 :  0.9910 0.0090 
1187     1187   (0)     11 :  0.9720 0.0280 
1188     1188   (0)     11 :  0.9650 0.0350 
1189     1189   (0)     11 :  0.9910 0.0090 
1190     1190   (0)     11 :  0.9870 0.0130 
1191     1191   (0)     11 :  0.9930 0.0070 
1192     1192   (0)     11 :  0.9840 0.0160 
1193     1193   (0)     11 :  0.9930 0.0070 
1194     1194   (0)     11 :  0.9920 0.0080 
1195     1195   (0)     11 :  0.9930 0.0070 
1196     1196   (5)     11 :  0.9830 0.0170 
1197     1197   (0)     11 :  0.9940 0.0060 
1198     1198   (0)     11 :  0.9910 0.0090 
1199     1199   (0)     11 :  0.9910 0.0090 
1200     1200   (5)     11 :  0.9810 0.0190 
1201     1201   (0)     11 :  0.9910 0.0090 
1202     1202   (0)     11 :  0.9730 0.0270 
1203     1203   (0)     11 :  0.9920 0.0080 
1204     1204   (0)     11 :  0.9920 0.0080 
1205     1205   (0)     11 :  0.9920 0.0080 
1206     1206   (0)     11 :  0.9860 0.0140 
1207     1207   (0)     11 :  0.9790 0.0210 
1208     1208   (0)     11 :  0.9910 0.0090 
1209     1209   (0)     11 :  0.9920 0.0080 
1210     1210   (0)     11 :  0.9850 0.0150 
1211     1211   (0)     11 :  0.9900 0.0100 
1212     1212   (0)     11 :  0.9930 0.0070 
1213     1213   (0)     11 :  0.9904 0.0096 
1214     1214   (0)     11 :  0.9930 0.0070 
1215     1215   (0)     11 :  0.9930 0.0070 
1216     1216   (0)     11 :  0.9930 0.0070 
1217     1217   (0)     11 :  0.9920 0.0080 
1218     1218   (0)     11 :  0.9840 0.0160 
1219     1219   (0)     11 :  0.9880 0.0120 
1220     1220   (0)     11 :  0.9920 0.0080 
1221     1221  (10)     11 :  0.9820 0.0180 
1222     1222   (5)     11 :  0.9910 0.0090 
1223     1223  (10)     11 :  0.9890 0.0110 
1224     1224   (5)     11 :  0.8706 0.1294 
1225     1225  (10)     11 :  0.9910 0.0090 
1226     1226  (10)     11 :  0.9910 0.0090 
1227     1227   (0)     11 :  0.9840 0.0160 
1228     1228   (5)     11 :  0.9710 0.0290 
1229     1229   (5)     11 :  0.9650 0.0350 
1230     1230  (10)     11 :  0.9870 0.0130 
1231     1231   (0)     11 :  0.9920 0.0080 
1232     1232   (0)     11 :  0.9880 0.0120 
1233     1233   (0)     11 :  0.9900 0.0100 
1234     1234   (0)     11 :  0.9880 0.0120 
1235     1235   (0)     11 :  0.9650 0.0350 
1236     1236   (0)     11 :  0.9364 0.0636 
1237     1237   (0)     11 :  0.8706 0.1294 
1238     1238   (0)     11 :  0.9920 0.0080 
1239     1239   (0)     11 :  0.9930 0.0070 
1240     1240   (5)     11 :  0.8698 0.1302 
1241     1241   (0)     11 :  0.8198 0.1802 
1242     1242   (0)     11 :  0.9920 0.0080 
1243     1243  (10)     11 :  0.9690 0.0310 
1244     1244   (5)     11 :  0.9870 0.0130 
1245     1245   (0)     11 :  0.9940 0.0060 
1246     1246   (5)     11 :  0.8952 0.1048 
1247     1247   (5)     11 :  0.9880 0.0120 
1248     1248   (0)     11 :  0.9910 0.0090 
1249     1249   (0)     11 :  0.9640 0.0360 
1250     1250   (0)     11 :  0.9880 0.0120 
1251     1251   (0)     11 :  0.9448 0.0552 
1252     1252   (0)     11 :  0.9930 0.0070 
1253     1253   (0)     11 :  0.9780 0.0220 
1254     1254   (0)     11 :  0.9930 0.0070 
1255     1255   (0)     11 :  0.9932 0.0068 
1256     1256   (0)     11 :  0.9930 0.0070 
1257     1257   (0)     11 :  0.9900 0.0100 
1258     1258   (0)     11 :  0.9770 0.0230 
1259     1259   (0)     11 :  0.9900 0.0100 
1260     1260   (0)     11 :  0.9900 0.0100 
1261     1261   (0)     11 :  0.9890 0.0110 
1262     1262   (0)     11 :  0.9900 0.0100 
1263     1263   (0)     11 :  0.9840 0.0160 
1264     1264   (0)     11 :  0.9900 0.0100 
1265     1265   (0)     11 :  0.9920 0.0080 
1266     1266   (0)     11 :  0.9920 0.0080 
1267     1267   (0)     11 :  0.9930 0.0070 
1268     1268   (0)     11 :  0.9930 0.0070 
1269     1269   (0)     11 :  0.9930 0.0070 
1270     1270   (0)     11 :  0.9930 0.0070 
1271     1271   (0)     11 :  0.9820 0.0180 
1272     1272   (0)     11 :  0.9720 0.0280 
1273     1273   (0)     11 :  0.9930 0.0070 
1274     1274   (0)     11 :  0.9514 0.0486 
1275     1275   (0)     11 :  0.9930 0.0070 
1276     1276   (0)     11 :  0.9920 0.0080 
1277     1277   (0)     11 :  0.9920 0.0080 
1278     1278   (0)     11 :  0.9870 0.0130 
1279     1279   (0)     11 :  0.9800 0.0200 
1280     1280   (0)     11 :  0.9930 0.0070 
1281     1281   (0)     11 :  0.9860 0.0140 
1282     1282   (0)     11 :  0.9910 0.0090 
1283     1283   (0)     11 :  0.9770 0.0230 
1284     1284   (0)     11 :  0.9910 0.0090 
1285     1285   (0)     11 :  0.9910 0.0090 
1286     1286   (0)     11 :  0.9890 0.0110 
1287     1287   (0)     11 :  0.9900 0.0100 
1288     1288   (0)     11 :  0.9920 0.0080 
1289     1289   (0)     11 :  0.9920 0.0080 
1290     1290   (0)     11 :  0.9930 0.0070 
1291     1291   (0)     12 :  0.9940 0.0060 
1292     1292   (0)     12 :  0.9920 0.0080 
1293     1293   (0)     12 :  0.9920 0.0080 
1294     1294   (0)     12 :  0.9890 0.0110 
1295     1295   (0)     12 :  0.9860 0.0140 
1296     1296   (0)     12 :  0.9818 0.0182 
1297     1297   (0)     12 :  0.9920 0.0080 
1298     1298   (0)     12 :  0.9880 0.0120 
1299     1299   (0)     12 :  0.9850 0.0150 
1300     1300   (0)     12 :  0.9840 0.0160 
1301     1301   (0)     12 :  0.9870 0.0130 
1302     1302   (0)     12 :  0.9802 0.0198 
1303     1303   (0)     12 :  0.9700 0.0300 
1304     1304   (0)     12 :  0.9890 0.0110 
1305     1305   (0)     12 :  0.9880 0.0120 
1306     1306   (0)     12 :  0.9730 0.0270 
1307     1307   (0)     12 :  0.9890 0.0110 
1308     1308   (0)     12 :  0.9920 0.0080 
1309     1309   (0)     12 :  0.9880 0.0120 
1310     1310   (0)     12 :  0.9750 0.0250 
1311     1311   (0)     12 :  0.9890 0.0110 
1312     1312   (0)     12 :  0.9880 0.0120 
1313     1313   (0)     12 :  0.9930 0.0070 
1314     1314   (0)     12 :  0.9900 0.0100 
1315     1315   (0)     12 :  0.9940 0.0060 
1316     1316   (0)     12 :  0.9840 0.0160 
1317     1317   (0)     12 :  0.9804 0.0196 
1318     1318   (0)     12 :  0.9820 0.0180 
1319     1319   (0)     12 :  0.9900 0.0100 
1320     1320   (0)     12 :  0.9780 0.0220 
1321     1321   (0)     12 :  0.9940 0.0060 
1322     1322   (0)     12 :  0.9850 0.0150 
1323     1323   (0)     12 :  0.9680 0.0320 
1324     1324   (0)     12 :  0.9870 0.0130 
1325     1325   (0)     12 :  0.9816 0.0184 
1326     1326   (0)     12 :  0.9910 0.0090 
1327     1327   (0)     12 :  0.9600 0.0400 
1328     1328   (0)     12 :  0.9930 0.0070 
1329     1329   (0)     12 :  0.9828 0.0172 
1330     1330   (0)     12 :  0.9910 0.0090 
1331     1331   (0)     12 :  0.9860 0.0140 
1332     1332   (0)     12 :  0.9870 0.0130 
1333     1333   (0)     12 :  0.9790 0.0210 
1334     1334   (0)     12 :  0.9930 0.0070 
1335     1335   (0)     12 :  0.9930 0.0070 
1336     1336   (0)     12 :  0.9880 0.0120 
1337     1337   (0)     12 :  0.9870 0.0130 
1338     1338   (0)     12 :  0.9910 0.0090 
1339     1339   (0)     12 :  0.9890 0.0110 
1340     1340   (0)     12 :  0.9920 0.0080 
1341     1341   (0)     12 :  0.9890 0.0110 
1342     1342   (0)     12 :  0.9900 0.0100 
1343     1343   (0)     12 :  0.9880 0.0120 
1344     1344   (0)     12 :  0.9832 0.0168 
1345     1345   (0)     12 :  0.9890 0.0110 
1346     1346   (0)     12 :  0.9908 0.0092 
1347     1347   (0)     12 :  0.9860 0.0140 
1348     1348   (0)     12 :  0.9880 0.0120 
1349     1349   (0)     12 :  0.9900 0.0100 
1350     1350   (0)     12 :  0.9940 0.0060 
1351     1351   (0)     12 :  0.9906 0.0094 
1352     1352   (0)     12 :  0.9900 0.0100 
1353     1353   (0)     12 :  0.9910 0.0090 
1354     1354   (0)     12 :  0.9890 0.0110 
1355     1355   (0)     12 :  0.9900 0.0100 
1356     1356   (0)     12 :  0.9920 0.0080 
1357     1357   (0)     12 :  0.9590 0.0410 
1358     1358   (0)     12 :  0.9890 0.0110 
1359     1359   (0)     12 :  0.9870 0.0130 
1360     1360   (0)     12 :  0.9830 0.0170 
1361     1361   (0)     12 :  0.9900 0.0100 
1362     1362   (0)     12 :  0.9890 0.0110 
1363     1363   (0)     12 :  0.9850 0.0150 
1364     1364   (0)     12 :  0.9920 0.0080 
1365     1365   (0)     12 :  0.9890 0.0110 
1366     1366   (0)     12 :  0.9810 0.0190 
1367     1367   (0)     12 :  0.9920 0.0080 
1368     1368   (0)     12 :  0.9900 0.0100 
1369     1369   (0)     12 :  0.9806 0.0194 
1370     1370   (0)     12 :  0.9920 0.0080 
1371     1371   (0)     12 :  0.9910 0.0090 
1372     1372   (0)     12 :  0.9870 0.0130 
1373     1373   (0)     12 :  0.9890 0.0110 
1374     1374   (0)     12 :  0.9920 0.0080 
1375     1375   (0)     12 :  0.9840 0.0160 
1376     1376   (0)     12 :  0.9930 0.0070 
1377     1377   (0)     12 :  0.9860 0.0140 
1378     1378   (0)     12 :  0.9890 0.0110 
1379     1379   (0)     12 :  0.9860 0.0140 
1380     1380   (0)     12 :  0.9880 0.0120 
1381     1381   (0)     12 :  0.9870 0.0130 
1382     1382   (0)     12 :  0.9930 0.0070 
1383     1383   (0)     12 :  0.9910 0.0090 
1384     1384   (0)     12 :  0.9880 0.0120 
1385     1385   (0)     12 :  0.9830 0.0170 
1386     1386   (0)     12 :  0.9820 0.0180 
1387     1387   (0)     12 :  0.9934 0.0066 
1388     1388   (0)     12 :  0.9930 0.0070 
1389     1389   (0)     12 :  0.9426 0.0574 
1390     1390   (0)     12 :  0.9910 0.0090 
1391     1391   (0)     12 :  0.9710 0.0290 
1392     1392   (0)     12 :  0.9770 0.0230 
1393     1393   (0)     12 :  0.9902 0.0098 
1394     1394   (0)     12 :  0.9940 0.0060 
1395     1395   (0)     12 :  0.9900 0.0100 
1396     1396   (0)     12 :  0.9850 0.0150 
1397     1397   (0)     12 :  0.9920 0.0080 
1398     1398   (0)     12 :  0.9630 0.0370 
1399     1399   (0)     12 :  0.9880 0.0120 
1400     1400   (0)     12 :  0.9760 0.0240 
1401     1401   (0)     12 :  0.9910 0.0090 
1402     1402   (0)     12 :  0.9890 0.0110 
1403     1403   (0)     12 :  0.9880 0.0120 
1404     1404   (0)     12 :  0.9930 0.0070 
1405     1405   (0)     12 :  0.9760 0.0240 
1406     1406   (0)     12 :  0.9810 0.0190 
1407     1407   (0)     12 :  0.9850 0.0150 
1408     1408   (0)     12 :  0.9870 0.0130 
1409     1409   (0)     12 :  0.9830 0.0170 
1410     1410   (0)     12 :  0.9940 0.0060 
1411     1411   (0)     12 :  0.9920 0.0080 
1412     1412   (0)     12 :  0.9900 0.0100 
1413     1413   (0)     12 :  0.9630 0.0370 
1414     1414   (0)     12 :  0.9790 0.0210 
1415     1415   (0)     12 :  0.9890 0.0110 
1416     1416   (0)     12 :  0.9900 0.0100 
1417     1417   (0)     12 :  0.9854 0.0146 
1418     1418   (0)     12 :  0.9860 0.0140 
1419     1419   (0)     12 :  0.9950 0.0050 
1420     1420   (0)     12 :  0.9900 0.0100 
1421     1421   (0)     12 :  0.9920 0.0080 
1422     1422   (0)     12 :  0.9550 0.0450 
1423     1423   (0)     12 :  0.9892 0.0108 
1424     1424   (0)     12 :  0.9390 0.0610 
1425     1425   (0)     12 :  0.9470 0.0530 
1426     1426   (0)     12 :  0.9890 0.0110 
1427     1427   (0)     12 :  0.9880 0.0120 
1428     1428   (0)     12 :  0.9930 0.0070 
1429     1429   (0)     12 :  0.9930 0.0070 
1430     1430   (0)     12 :  0.9900 0.0100 
1431     1431   (0)     12 :  0.9730 0.0270 
1432     1432   (0)     12 :  0.9800 0.0200 
1433     1433   (0)     12 :  0.9920 0.0080 
1434     1434   (0)     12 :  0.9920 0.0080 
1435     1435   (0)     12 :  0.9820 0.0180 
1436     1436   (0)     12 :  0.9890 0.0110 
1437     1437   (0)     12 :  0.9890 0.0110 
1438     1438   (0)     12 :  0.9776 0.0224 
1439     1439   (0)     12 :  0.9910 0.0090 
1440     1440   (0)     12 :  0.9850 0.0150 
1441     1441   (0)     12 :  0.9900 0.0100 
1442     1442   (0)     12 :  0.9850 0.0150 
1443     1443   (0)     12 :  0.9910 0.0090 
1444     1444   (0)     12 :  0.9810 0.0190 
1445     1445   (0)     12 :  0.9900 0.0100 
1446     1446   (0)     12 :  0.9940 0.0060 
1447     1447   (0)     12 :  0.9890 0.0110 
1448     1448   (0)     12 :  0.9920 0.0080 
1449     1449   (0)     12 :  0.9860 0.0140 
1450     1450   (0)     12 :  0.9340 0.0660 
1451     1451   (0)     12 :  0.9870 0.0130 
1452     1452   (0)     12 :  0.9900 0.0100 
1453     1453   (0)     12 :  0.9900 0.0100 
1454     1454   (0)     12 :  0.9900 0.0100 
1455     1455   (0)     12 :  0.9930 0.0070 
1456     1456   (0)     12 :  0.9880 0.0120 
1457     1457   (0)     12 :  0.9910 0.0090 
1458     1458   (0)     12 :  0.9900 0.0100 
1459     1459   (0)     12 :  0.9890 0.0110 
1460     1460   (0)     12 :  0.9900 0.0100 
1461     1461   (0)     12 :  0.9790 0.0210 
1462     1462   (0)     12 :  0.9880 0.0120 
1463     1463   (0)     12 :  0.9770 0.0230 
1464     1464   (0)     12 :  0.9680 0.0320 
1465     1465   (0)     12 :  0.9820 0.0180 
1466     1466   (0)     12 :  0.9900 0.0100 
1467     1467   (0)     12 :  0.9902 0.0098 
1468     1468   (0)     12 :  0.9900 0.0100 
1469     1469   (0)     12 :  0.9830 0.0170 
1470     1470   (0)     12 :  0.9510 0.0490 
1471     1471   (0)     12 :  0.9920 0.0080 
1472     1472   (0)     12 :  0.9930 0.0070 
1473     1473   (0)     12 :  0.9900 0.0100 
1474     1474   (0)     12 :  0.9740 0.0260 
1475     1475   (0)     12 :  0.9890 0.0110 
1476     1476   (0)     12 :  0.9900 0.0100 
1477     1477   (0)     12 :  0.9908 0.0092 
1478     1478   (0)     12 :  0.9860 0.0140 
1479     1479   (0)     12 :  0.9880 0.0120 
1480     1480   (0)     12 :  0.9900 0.0100 
1481     1481   (0)     12 :  0.9870 0.0130 
1482     1482   (0)     12 :  0.9922 0.0078 
1483     1483   (0)     12 :  0.9910 0.0090 
1484     1484   (0)     12 :  0.9820 0.0180 
1485     1485   (0)     12 :  0.9778 0.0222 
1486     1486   (0)     12 :  0.9862 0.0138 
1487     1487   (0)     12 :  0.9890 0.0110 
1488     1488   (0)     12 :  0.9880 0.0120 
1489     1489   (0)     12 :  0.9872 0.0128 
1490     1490   (0)     12 :  0.9930 0.0070 
1491     1491   (0)     12 :  0.9940 0.0060 
1492     1492   (0)     12 :  0.9630 0.0370 
1493     1493   (0)     12 :  0.9580 0.0420 
1494     1494   (0)     12 :  0.9930 0.0070 
1495     1495   (0)     12 :  0.9910 0.0090 
1496     1496   (0)     12 :  0.9900 0.0100 
1497     1497   (0)     12 :  0.9910 0.0090 
1498     1498   (0)     12 :  0.9930 0.0070 
1499     1499   (0)     12 :  0.9910 0.0090 
1500     1500   (0)     12 :  0.9890 0.0110 
1501     1501   (0)     12 :  0.9880 0.0120 
1502     1502   (0)     12 :  0.9920 0.0080 
1503     1503   (0)     12 :  0.9880 0.0120 
1504     1504   (0)     12 :  0.9920 0.0080 
1505     1505   (0)     12 :  0.9890 0.0110 
1506     1506   (0)     12 :  0.9850 0.0150 
1507     1507   (0)     12 :  0.9710 0.0290 
1508     1508   (0)     12 :  0.9828 0.0172 
1509     1509   (0)     12 :  0.9940 0.0060 
1510     1510   (0)     12 :  0.9910 0.0090 
1511     1511   (0)     12 :  0.9920 0.0080 
1512     1512   (0)     12 :  0.9798 0.0202 
1513     1513   (0)     12 :  0.9910 0.0090 
1514     1514   (0)     12 :  0.9700 0.0300 
1515     1515   (0)     12 :  0.9830 0.0170 
1516     1516   (0)     12 :  0.9770 0.0230 
1517     1517   (0)     12 :  0.9810 0.0190 
1518     1518   (0)     12 :  0.9940 0.0060 
1519     1519   (0)     12 :  0.9790 0.0210 
1520     1520   (0)     12 :  0.9880 0.0120 
1521     1521   (0)     12 :  0.9900 0.0100 
1522     1522   (0)     12 :  0.9850 0.0150 
1523     1523   (0)     12 :  0.9880 0.0120 
1524     1524   (0)     12 :  0.9920 0.0080 
1525     1525   (0)     12 :  0.9650 0.0350 
1526     1526   (0)     12 :  0.9880 0.0120 
1527     1527   (0)     12 :  0.9800 0.0200 
1528     1528   (0)     12 :  0.9900 0.0100 
1529     1529   (0)     12 :  0.9760 0.0240 
1530     1530   (0)     12 :  0.9940 0.0060 
1531     1531   (0)     12 :  0.9910 0.0090 
1532     1532   (0)     12 :  0.9870 0.0130 
1533     1533   (0)     12 :  0.9920 0.0080 
1534     1534   (0)     12 :  0.9930 0.0070 
1535     1535   (0)     12 :  0.9910 0.0090 
1536     1536   (0)     12 :  0.9906 0.0094 
1537     1537   (0)     12 :  0.9810 0.0190 
1538     1538   (0)     12 :  0.9890 0.0110 
1539     1539   (0)     12 :  0.9910 0.0090 
1540     1540   (0)     12 :  0.9900 0.0100 
1541     1541   (0)     12 :  0.9770 0.0230 
1542     1542   (0)     12 :  0.9860 0.0140 
1543     1543   (0)     12 :  0.9820 0.0180 
1544     1544   (0)     12 :  0.9910 0.0090 
1545     1545   (0)     12 :  0.9700 0.0300 
1546     1546   (0)     12 :  0.9790 0.0210 
1547     1547   (0)     12 :  0.9910 0.0090 
1548     1548   (0)     12 :  0.9890 0.0110 
1549     1549   (0)     12 :  0.9830 0.0170 
1550     1550   (0)     12 :  0.9870 0.0130 
