  1        1   (5)      1 :  0.0030 0.9970 
  2        2   (5)      1 :  0.0080 0.9920 
  3        3   (5)      1 :  0.0020 0.9980 
  4        4   (0)      1 :  0.0020 0.9980 
  5        5   (0)      1 :  0.0130 0.9870 
  6        6   (0)      1 :  0.0020 0.9980 
  7        7   (0)      1 :  0.0352 0.9648 
  8        8   (5)      1 :  0.0020 0.9980 
  9        9   (0)      1 :  0.0020 0.9980 
 10       10   (0)      1 :  0.0092 0.9908 
 11       11   (0)      1 :  0.0040 0.9960 
 12       12   (0)      1 :  0.0050 0.9950 
 13       13   (0)      1 :  0.0020 0.9980 
 14       14   (0)      1 :  0.0030 0.9970 
 15       15   (0)      1 :  0.0020 0.9980 
 16       16   (0)      1 :  0.0020 0.9980 
 17       17   (0)      1 :  0.0020 0.9980 
 18       18   (0)      1 :  0.0040 0.9960 
 19       19   (0)      1 :  0.0020 0.9980 
 20       20   (0)      1 :  0.0080 0.9920 
 21       21   (0)      1 :  0.0020 0.9980 
 22       22   (0)      1 :  0.0020 0.9980 
 23       23   (0)      1 :  0.0020 0.9980 
 24       24   (0)      1 :  0.0020 0.9980 
 25       25   (0)      1 :  0.0090 0.9910 
 26       26   (0)      1 :  0.0020 0.9980 
 27       27   (5)      1 :  0.0208 0.9792 
 28       28   (0)      1 :  0.0030 0.9970 
 29       29   (0)      1 :  0.0020 0.9980 
 30       30   (0)      1 :  0.0090 0.9910 
 31       31   (0)      1 :  0.0020 0.9980 
 32       32   (0)      1 :  0.0030 0.9970 
 33       33   (0)      1 :  0.0010 0.9990 
 34       34   (0)      1 :  0.0020 0.9980 
 35       35   (0)      1 :  0.0100 0.9900 
 36       36   (0)      1 :  0.0050 0.9950 
 37       37   (0)      1 :  0.0060 0.9940 
 38       38   (0)      1 :  0.0030 0.9970 
 39       39   (0)      1 :  0.0050 0.9950 
 40       40   (0)      1 :  0.0020 0.9980 
 41       41   (0)      1 :  0.0030 0.9970 
 42       42   (0)      1 :  0.0010 0.9990 
 43       43   (0)      1 :  0.0030 0.9970 
 44       44   (0)      1 :  0.0020 0.9980 
 45       45   (5)      1 :  0.0050 0.9950 
 46       46   (0)      1 :  0.0020 0.9980 
 47       47   (0)      1 :  0.0040 0.9960 
 48       48   (0)      1 :  0.0040 0.9960 
 49       49   (0)      1 :  0.0090 0.9910 
 50       50   (0)      1 :  0.0030 0.9970 
 51       51   (0)      1 :  0.0040 0.9960 
 52       52   (0)      1 :  0.0090 0.9910 
 53       53   (0)      1 :  0.0040 0.9960 
 54       54   (0)      1 :  0.0040 0.9960 
 55       55   (0)      1 :  0.0030 0.9970 
 56       56   (0)      1 :  0.0020 0.9980 
 57       57  (10)      1 :  0.0020 0.9980 
 58       58   (5)      1 :  0.0030 0.9970 
 59       59   (0)      1 :  0.0030 0.9970 
 60       60   (0)      1 :  0.0030 0.9970 
 61       61   (0)      1 :  0.0030 0.9970 
 62       62   (0)      1 :  0.0060 0.9940 
 63       63   (0)      1 :  0.0040 0.9960 
 64       64   (0)      1 :  0.0030 0.9970 
 65       65   (0)      1 :  0.0070 0.9930 
 66       66   (0)      1 :  0.0020 0.9980 
 67       67   (5)      1 :  0.0040 0.9960 
 68       68   (0)      1 :  0.0060 0.9940 
 69       69   (0)      1 :  0.0060 0.9940 
 70       70   (0)      1 :  0.0030 0.9970 
 71       71   (5)      1 :  0.0040 0.9960 
 72       72   (0)      1 :  0.0030 0.9970 
 73       73   (5)      1 :  0.0020 0.9980 
 74       74  (10)      1 :  0.0040 0.9960 
 75       75  (10)      1 :  0.0030 0.9970 
 76       76   (0)      1 :  0.0030 0.9970 
 77       77  (10)      1 :  0.0028 0.9972 
 78       78   (0)      1 :  0.0040 0.9960 
 79       79   (5)      1 :  0.0070 0.9930 
 80       80   (0)      1 :  0.0020 0.9980 
 81       81   (0)      1 :  0.0020 0.9980 
 82       82   (0)      1 :  0.0020 0.9980 
 83       83   (0)      1 :  0.0030 0.9970 
 84       84   (0)      1 :  0.0130 0.9870 
 85       85   (0)      1 :  0.0020 0.9980 
 86       86   (5)      1 :  0.0020 0.9980 
 87       87   (0)      1 :  0.0020 0.9980 
 88       88   (0)      1 :  0.0098 0.9902 
 89       89   (0)      1 :  0.0030 0.9970 
 90       90   (0)      1 :  0.0040 0.9960 
 91       91   (0)      1 :  0.0030 0.9970 
 92       92   (0)      1 :  0.0040 0.9960 
 93       93   (0)      1 :  0.0020 0.9980 
 94       94   (5)      1 :  0.0030 0.9970 
 95       95   (0)      1 :  0.0020 0.9980 
 96       96   (5)      1 :  0.0020 0.9980 
 97       97   (0)      1 :  0.0050 0.9950 
 98       98   (0)      1 :  0.0030 0.9970 
 99       99   (5)      1 :  0.0020 0.9980 
100      100   (5)      1 :  0.0020 0.9980 
101      101   (0)      2 :  0.0080 0.9920 
102      102   (0)      2 :  0.0020 0.9980 
103      103   (0)      2 :  0.0040 0.9960 
104      104   (0)      2 :  0.0030 0.9970 
105      105   (0)      2 :  0.0020 0.9980 
106      106   (0)      2 :  0.0050 0.9950 
107      107   (0)      2 :  0.0020 0.9980 
108      108   (0)      2 :  0.0050 0.9950 
109      109   (0)      2 :  0.0040 0.9960 
110      110   (0)      2 :  0.0020 0.9980 
111      111   (0)      2 :  0.0030 0.9970 
112      112   (0)      2 :  0.0040 0.9960 
113      113   (0)      2 :  0.0020 0.9980 
114      114   (0)      2 :  0.0030 0.9970 
115      115   (0)      2 :  0.0020 0.9980 
116      116   (0)      2 :  0.0020 0.9980 
117      117   (0)      2 :  0.0402 0.9598 
118      118   (0)      2 :  0.0020 0.9980 
119      119   (0)      2 :  0.0030 0.9970 
120      120   (0)      2 :  0.0050 0.9950 
121      121   (0)      2 :  0.0060 0.9940 
122      122   (0)      2 :  0.0290 0.9710 
123      123   (0)      2 :  0.0050 0.9950 
124      124   (0)      2 :  0.0020 0.9980 
125      125   (0)      2 :  0.0020 0.9980 
126      126   (0)      2 :  0.0040 0.9960 
127      127   (0)      2 :  0.0020 0.9980 
128      128   (0)      2 :  0.0020 0.9980 
129      129   (0)      2 :  0.0070 0.9930 
130      130   (0)      2 :  0.0020 0.9980 
131      131   (0)      2 :  0.0030 0.9970 
132      132   (0)      2 :  0.0030 0.9970 
133      133   (0)      2 :  0.0040 0.9960 
134      134   (0)      2 :  0.0030 0.9970 
135      135   (0)      2 :  0.0030 0.9970 
136      136   (0)      2 :  0.0040 0.9960 
137      137   (0)      2 :  0.0020 0.9980 
138      138   (0)      2 :  0.0320 0.9680 
139      139   (0)      2 :  0.0040 0.9960 
140      140   (0)      2 :  0.0020 0.9980 
141      141   (0)      2 :  0.0020 0.9980 
142      142   (0)      2 :  0.0220 0.9780 
143      143   (0)      2 :  0.0020 0.9980 
144      144   (0)      2 :  0.0020 0.9980 
145      145   (0)      2 :  0.0020 0.9980 
146      146   (0)      2 :  0.0020 0.9980 
147      147   (0)      2 :  0.0026 0.9974 
148      148   (0)      2 :  0.0020 0.9980 
149      149   (0)      2 :  0.0030 0.9970 
150      150   (0)      2 :  0.0020 0.9980 
151      151   (0)      2 :  0.0020 0.9980 
152      152   (0)      2 :  0.0030 0.9970 
153      153   (0)      2 :  0.0050 0.9950 
154      154   (0)      2 :  0.0020 0.9980 
155      155   (0)      2 :  0.0040 0.9960 
156      156   (0)      2 :  0.0040 0.9960 
157      157   (0)      2 :  0.0020 0.9980 
158      158   (0)      2 :  0.0380 0.9620 
159      159   (0)      2 :  0.0030 0.9970 
160      160   (0)      2 :  0.0010 0.9990 
161      161   (0)      2 :  0.0050 0.9950 
162      162   (0)      2 :  0.0020 0.9980 
163      163   (0)      2 :  0.0040 0.9960 
164      164   (0)      2 :  0.0020 0.9980 
165      165   (0)      2 :  0.0040 0.9960 
166      166   (0)      2 :  0.0070 0.9930 
167      167   (0)      2 :  0.0030 0.9970 
168      168   (0)      2 :  0.0040 0.9960 
169      169   (0)      2 :  0.0020 0.9980 
170      170   (0)      2 :  0.0030 0.9970 
171      171   (0)      2 :  0.0030 0.9970 
172      172   (0)      2 :  0.0028 0.9972 
173      173   (0)      2 :  0.0020 0.9980 
174      174   (0)      2 :  0.0030 0.9970 
175      175   (0)      2 :  0.0040 0.9960 
176      176   (0)      2 :  0.0040 0.9960 
177      177   (0)      2 :  0.0010 0.9990 
178      178   (0)      2 :  0.0020 0.9980 
179      179   (0)      2 :  0.0030 0.9970 
180      180   (0)      2 :  0.0050 0.9950 
181      181   (0)      2 :  0.0020 0.9980 
182      182   (0)      2 :  0.0030 0.9970 
183      183   (0)      2 :  0.0040 0.9960 
184      184   (0)      2 :  0.0104 0.9896 
185      185   (0)      2 :  0.0030 0.9970 
186      186   (0)      2 :  0.0070 0.9930 
187      187   (0)      2 :  0.0030 0.9970 
188      188   (0)      2 :  0.0030 0.9970 
189      189   (0)      2 :  0.0020 0.9980 
190      190   (0)      2 :  0.0030 0.9970 
191      191   (0)      2 :  0.0390 0.9610 
192      192   (0)      2 :  0.0020 0.9980 
193      193   (0)      2 :  0.0040 0.9960 
194      194   (0)      2 :  0.0020 0.9980 
195      195   (0)      2 :  0.0066 0.9934 
196      196   (0)      2 :  0.0020 0.9980 
197      197   (0)      2 :  0.0020 0.9980 
198      198   (0)      2 :  0.0030 0.9970 
199      199   (0)      2 :  0.0020 0.9980 
200      200   (0)      2 :  0.0030 0.9970 
201      201   (0)      2 :  0.0040 0.9960 
202      202   (0)      2 :  0.0030 0.9970 
203      203   (0)      2 :  0.0040 0.9960 
204      204   (0)      2 :  0.0030 0.9970 
205      205   (0)      2 :  0.0020 0.9980 
206      206   (0)      2 :  0.0030 0.9970 
207      207   (0)      2 :  0.0020 0.9980 
208      208   (0)      2 :  0.0320 0.9680 
209      209   (0)      2 :  0.0010 0.9990 
210      210   (0)      2 :  0.0100 0.9900 
211      211   (0)      2 :  0.0020 0.9980 
212      212   (0)      2 :  0.0140 0.9860 
213      213   (0)      2 :  0.0030 0.9970 
214      214   (0)      2 :  0.0030 0.9970 
215      215   (0)      2 :  0.0030 0.9970 
216      216   (0)      2 :  0.0020 0.9980 
217      217   (0)      2 :  0.0050 0.9950 
218      218   (0)      2 :  0.0030 0.9970 
219      219   (0)      2 :  0.0100 0.9900 
220      220   (0)      2 :  0.0050 0.9950 
221      221   (0)      2 :  0.0030 0.9970 
222      222   (0)      2 :  0.0290 0.9710 
223      223   (0)      2 :  0.0030 0.9970 
224      224   (0)      2 :  0.0020 0.9980 
225      225   (0)      2 :  0.0020 0.9980 
226      226   (0)      2 :  0.0044 0.9956 
227      227   (0)      2 :  0.0040 0.9960 
228      228   (0)      2 :  0.0010 0.9990 
229      229   (0)      2 :  0.0020 0.9980 
230      230   (0)      2 :  0.0030 0.9970 
231      231   (0)      2 :  0.0050 0.9950 
232      232   (0)      2 :  0.0020 0.9980 
233      233   (0)      2 :  0.0050 0.9950 
234      234   (0)      2 :  0.0020 0.9980 
235      235   (0)      2 :  0.0030 0.9970 
236      236   (0)      2 :  0.0050 0.9950 
237      237   (0)      2 :  0.0040 0.9960 
238      238   (0)      2 :  0.0090 0.9910 
239      239   (0)      2 :  0.0020 0.9980 
240      240   (0)      2 :  0.0020 0.9980 
241      241   (0)      2 :  0.0408 0.9592 
242      242   (0)      2 :  0.0038 0.9962 
243      243   (0)      2 :  0.0030 0.9970 
244      244   (0)      2 :  0.0088 0.9912 
245      245   (0)      2 :  0.0020 0.9980 
246      246   (0)      2 :  0.0030 0.9970 
247      247   (0)      2 :  0.0030 0.9970 
248      248   (0)      2 :  0.0030 0.9970 
249      249   (0)      2 :  0.0040 0.9960 
250      250   (0)      2 :  0.0020 0.9980 
251      251   (0)      2 :  0.0030 0.9970 
252      252   (0)      2 :  0.0038 0.9962 
253      253   (0)      2 :  0.0050 0.9950 
254      254   (0)      2 :  0.0020 0.9980 
255      255   (0)      2 :  0.0020 0.9980 
256      256   (0)      2 :  0.0020 0.9980 
257      257   (0)      2 :  0.0020 0.9980 
258      258   (0)      2 :  0.0040 0.9960 
259      259   (0)      2 :  0.0040 0.9960 
260      260   (0)      2 :  0.0020 0.9980 
261      261   (0)      2 :  0.0060 0.9940 
262      262   (0)      2 :  0.0050 0.9950 
263      263   (0)      2 :  0.0050 0.9950 
264      264   (0)      2 :  0.0060 0.9940 
265      265   (0)      2 :  0.0040 0.9960 
266      266   (0)      2 :  0.0040 0.9960 
267      267   (0)      2 :  0.0030 0.9970 
268      268   (0)      2 :  0.0020 0.9980 
269      269   (0)      2 :  0.0020 0.9980 
270      270   (0)      2 :  0.0050 0.9950 
271      271   (0)      2 :  0.0060 0.9940 
272      272   (0)      2 :  0.0050 0.9950 
273      273   (0)      2 :  0.0070 0.9930 
274      274   (0)      2 :  0.0050 0.9950 
275      275   (0)      2 :  0.0026 0.9974 
276      276   (0)      2 :  0.0100 0.9900 
277      277   (0)      2 :  0.0104 0.9896 
278      278   (0)      2 :  0.0050 0.9950 
279      279   (0)      2 :  0.0040 0.9960 
280      280   (0)      2 :  0.0020 0.9980 
281      281   (0)      2 :  0.0030 0.9970 
282      282   (0)      2 :  0.0020 0.9980 
283      283   (0)      2 :  0.0030 0.9970 
284      284   (0)      2 :  0.0030 0.9970 
285      285   (0)      2 :  0.0030 0.9970 
286      286   (0)      2 :  0.0030 0.9970 
287      287   (0)      2 :  0.0030 0.9970 
288      288   (0)      2 :  0.0040 0.9960 
289      289   (0)      2 :  0.0020 0.9980 
290      290   (0)      2 :  0.0040 0.9960 
291      291   (0)      2 :  0.0030 0.9970 
292      292   (0)      2 :  0.0040 0.9960 
293      293   (0)      2 :  0.0040 0.9960 
294      294   (0)      2 :  0.0030 0.9970 
295      295   (0)      2 :  0.0030 0.9970 
296      296   (0)      2 :  0.0030 0.9970 
297      297   (0)      2 :  0.0020 0.9980 
298      298   (0)      2 :  0.0020 0.9980 
299      299   (0)      2 :  0.0020 0.9980 
300      300   (0)      2 :  0.0020 0.9980 
301      301   (0)      2 :  0.0030 0.9970 
302      302   (0)      2 :  0.0030 0.9970 
303      303   (0)      2 :  0.0020 0.9980 
304      304   (0)      2 :  0.0020 0.9980 
305      305   (0)      2 :  0.0030 0.9970 
306      306   (0)      2 :  0.0030 0.9970 
307      307   (0)      2 :  0.0020 0.9980 
308      308   (0)      2 :  0.0020 0.9980 
309      309   (0)      2 :  0.0060 0.9940 
310      310   (0)      2 :  0.0040 0.9960 
311      311   (0)      2 :  0.0030 0.9970 
312      312   (0)      2 :  0.0020 0.9980 
313      313   (0)      2 :  0.0020 0.9980 
314      314   (0)      2 :  0.0030 0.9970 
315      315   (0)      2 :  0.0030 0.9970 
316      316   (0)      2 :  0.0030 0.9970 
317      317   (0)      2 :  0.0020 0.9980 
318      318   (0)      2 :  0.0020 0.9980 
319      319   (0)      2 :  0.0110 0.9890 
320      320   (0)      2 :  0.0030 0.9970 
321      321   (0)      2 :  0.0020 0.9980 
322      322   (0)      2 :  0.0020 0.9980 
323      323   (0)      2 :  0.0040 0.9960 
324      324   (0)      2 :  0.0030 0.9970 
325      325   (0)      2 :  0.0060 0.9940 
326      326   (0)      2 :  0.0030 0.9970 
327      327   (0)      2 :  0.0130 0.9870 
328      328   (0)      2 :  0.0100 0.9900 
329      329   (0)      2 :  0.0042 0.9958 
330      330   (0)      2 :  0.0040 0.9960 
331      331   (0)      2 :  0.0010 0.9990 
332      332   (0)      2 :  0.0030 0.9970 
333      333   (0)      2 :  0.0068 0.9932 
334      334   (0)      2 :  0.0030 0.9970 
335      335   (0)      2 :  0.0024 0.9976 
336      336   (0)      2 :  0.0020 0.9980 
337      337   (0)      2 :  0.0070 0.9930 
338      338   (0)      2 :  0.0050 0.9950 
339      339   (0)      2 :  0.0040 0.9960 
340      340   (0)      2 :  0.0030 0.9970 
341      341   (0)      2 :  0.0030 0.9970 
342      342   (0)      2 :  0.0020 0.9980 
343      343   (0)      2 :  0.0010 0.9990 
344      344   (0)      2 :  0.0030 0.9970 
345      345   (0)      2 :  0.0030 0.9970 
346      346   (0)      2 :  0.0028 0.9972 
347      347   (0)      2 :  0.0010 0.9990 
348      348   (0)      2 :  0.0074 0.9926 
349      349   (0)      2 :  0.0020 0.9980 
350      350   (0)      2 :  0.0050 0.9950 
351      351   (5)      3 :  0.4070 0.5930 
352      352   (0)      3 :  0.6694 0.3306 
353      353   (0)      3 :  0.5118 0.4882 
354      354   (5)      3 :  0.5850 0.4150 
355      355   (5)      3 :  0.6206 0.3794 
356      356   (0)      3 :  0.7158 0.2842 
357      357   (0)      4 :  0.9920 0.0080 
358      358   (0)      4 :  0.9380 0.0620 
359      359  (10)      5 :  0.9970 0.0030 
360      360   (5)      5 :  0.9960 0.0040 
361      361   (5)      5 :  0.8838 0.1162 
362      362   (5)      5 :  0.9980 0.0020 
363      363  (10)      5 :  0.9890 0.0110 
364      364   (5)      5 :  0.7474 0.2526 
365      365  (10)      5 :  0.9930 0.0070 
366      366   (0)      5 :  0.9950 0.0050 
367      367   (0)      5 :  0.9930 0.0070 
368      368   (0)      5 :  0.9980 0.0020 
369      369   (0)      5 :  0.9810 0.0190 
370      370   (0)      5 :  0.9188 0.0812 
371      371   (0)      5 :  0.9970 0.0030 
372      372   (0)      5 :  0.9930 0.0070 
373      373   (0)      5 :  0.9940 0.0060 
374      374   (0)      5 :  0.9850 0.0150 
375      375   (0)      5 :  0.9850 0.0150 
376      376   (0)      5 :  0.8088 0.1912 
377      377   (0)      5 :  0.9940 0.0060 
378      378   (5)      5 :  0.9896 0.0104 
379      379   (0)      5 :  0.9940 0.0060 
380      380   (0)      5 :  0.8958 0.1042 
381      381   (5)      5 :  0.9816 0.0184 
382      382   (5)      5 :  0.9900 0.0100 
383      383   (0)      5 :  0.7976 0.2024 
384      384   (0)      5 :  0.9336 0.0664 
385      385   (0)      5 :  0.9880 0.0120 
386      386   (0)      5 :  0.9972 0.0028 
387      387   (0)      5 :  0.9980 0.0020 
388      388   (0)      5 :  0.9980 0.0020 
389      389   (0)      5 :  0.9990 0.0010 
390      390   (0)      5 :  0.9930 0.0070 
391      391   (0)      5 :  0.9886 0.0114 
392      392   (0)      5 :  0.9950 0.0050 
393      393   (0)      5 :  0.9860 0.0140 
394      394   (0)      5 :  0.9752 0.0248 
395      395   (0)      5 :  0.8896 0.1104 
396      396   (0)      5 :  0.9980 0.0020 
397      397   (0)      5 :  0.9890 0.0110 
398      398   (0)      5 :  0.9790 0.0210 
399      399   (0)      5 :  0.9970 0.0030 
400      400   (0)      5 :  0.9950 0.0050 
401      401  (10)      6 :  0.9980 0.0020 
402      402   (0)      6 :  0.9960 0.0040 
403      403   (0)      6 :  0.9668 0.0332 
404      404   (0)      6 :  0.9980 0.0020 
405      405   (0)      6 :  0.9960 0.0040 
406      406   (5)      6 :  0.9980 0.0020 
407      407   (0)      6 :  0.9980 0.0020 
408      408   (0)      6 :  0.9970 0.0030 
409      409   (0)      6 :  0.9980 0.0020 
410      410   (0)      6 :  0.9680 0.0320 
411      411   (0)      6 :  0.9960 0.0040 
412      412   (0)      6 :  0.9980 0.0020 
413      413   (0)      6 :  0.9990 0.0010 
414      414   (0)      6 :  0.9970 0.0030 
415      415   (5)      6 :  0.9980 0.0020 
416      416   (0)      6 :  0.9970 0.0030 
417      417   (0)      6 :  0.9960 0.0040 
418      418   (0)      6 :  0.9980 0.0020 
419      419   (0)      6 :  0.9980 0.0020 
420      420   (0)      6 :  0.9990 0.0010 
421      421   (0)      6 :  0.9980 0.0020 
422      422   (5)      6 :  0.9970 0.0030 
423      423   (5)      6 :  0.9970 0.0030 
424      424   (5)      6 :  0.9950 0.0050 
425      425   (0)      6 :  0.9960 0.0040 
426      426   (0)      6 :  0.9980 0.0020 
427      427   (0)      6 :  0.9980 0.0020 
428      428   (0)      6 :  0.9960 0.0040 
429      429   (0)      6 :  0.9980 0.0020 
430      430   (0)      6 :  0.9960 0.0040 
431      431   (0)      6 :  0.9960 0.0040 
432      432   (0)      6 :  0.9980 0.0020 
433      433   (0)      6 :  0.9980 0.0020 
434      434   (0)      6 :  0.9980 0.0020 
435      435   (0)      6 :  0.9970 0.0030 
436      436   (0)      6 :  0.9980 0.0020 
437      437   (5)      6 :  0.9960 0.0040 
438      438   (0)      6 :  0.9960 0.0040 
439      439   (0)      6 :  0.9980 0.0020 
440      440   (0)      6 :  0.9970 0.0030 
441      441   (0)      6 :  0.9970 0.0030 
442      442   (0)      6 :  0.9970 0.0030 
443      443   (5)      6 :  0.9980 0.0020 
444      444   (5)      6 :  0.9970 0.0030 
445      445   (5)      6 :  0.9980 0.0020 
446      446   (5)      6 :  0.9970 0.0030 
447      447   (5)      6 :  0.9960 0.0040 
448      448   (5)      6 :  0.9950 0.0050 
449      449   (0)      6 :  0.9900 0.0100 
450      450   (5)      6 :  0.9980 0.0020 
451      451   (0)      6 :  0.8274 0.1726 
452      452   (0)      6 :  0.9328 0.0672 
453      453   (0)      6 :  0.9980 0.0020 
454      454   (0)      6 :  0.9990 0.0010 
455      455   (0)      6 :  0.9970 0.0030 
456      456   (0)      6 :  0.9980 0.0020 
457      457   (0)      6 :  0.9980 0.0020 
458      458   (0)      6 :  0.9970 0.0030 
459      459   (0)      6 :  0.9980 0.0020 
460      460   (0)      6 :  0.9980 0.0020 
461      461   (0)      6 :  0.9974 0.0026 
462      462   (0)      6 :  0.5740 0.4260 
463      463   (0)      6 :  0.9990 0.0010 
464      464   (0)      6 :  0.9980 0.0020 
465      465   (0)      6 :  0.9980 0.0020 
466      466   (0)      6 :  0.9970 0.0030 
467      467   (0)      6 :  0.9980 0.0020 
468      468   (0)      6 :  0.9940 0.0060 
469      469   (0)      6 :  0.9970 0.0030 
470      470   (0)      6 :  0.9980 0.0020 
471      471   (0)      6 :  0.9990 0.0010 
472      472   (0)      6 :  0.9990 0.0010 
473      473   (0)      6 :  0.9960 0.0040 
474      474   (0)      6 :  0.9970 0.0030 
475      475   (0)      6 :  0.9980 0.0020 
476      476   (0)      6 :  0.9990 0.0010 
477      477   (0)      6 :  0.9980 0.0020 
478      478   (0)      6 :  0.9980 0.0020 
479      479   (0)      6 :  0.9970 0.0030 
480      480   (0)      6 :  0.9970 0.0030 
481      481   (0)      6 :  0.8866 0.1134 
482      482   (0)      6 :  0.9980 0.0020 
483      483   (0)      6 :  0.9980 0.0020 
484      484   (0)      6 :  0.9980 0.0020 
485      485   (0)      6 :  0.9990 0.0010 
486      486   (0)      6 :  0.9970 0.0030 
487      487   (0)      6 :  0.9980 0.0020 
488      488   (0)      6 :  0.9980 0.0020 
489      489   (0)      6 :  0.9980 0.0020 
490      490   (0)      6 :  0.9990 0.0010 
491      491   (0)      6 :  0.9980 0.0020 
492      492   (0)      6 :  0.9970 0.0030 
493      493  (10)      6 :  0.9890 0.0110 
494      494   (0)      6 :  0.9980 0.0020 
495      495   (0)      6 :  0.9980 0.0020 
496      496   (0)      6 :  0.9970 0.0030 
497      497   (0)      6 :  0.9960 0.0040 
498      498   (0)      6 :  0.9950 0.0050 
499      499   (0)      6 :  0.9980 0.0020 
500      500   (0)      6 :  0.9980 0.0020 
501      501   (0)      6 :  0.9990 0.0010 
502      502   (0)      6 :  0.9990 0.0010 
503      503   (0)      6 :  0.9970 0.0030 
504      504   (0)      6 :  0.9990 0.0010 
505      505   (0)      6 :  0.9990 0.0010 
506      506   (0)      7 :  0.9790 0.0210 
507      507  (10)      7 :  0.9950 0.0050 
508      508  (10)      7 :  0.9968 0.0032 
509      509   (5)      7 :  0.9986 0.0014 
510      510   (5)      7 :  0.9980 0.0020 
511      511   (0)      7 :  0.9990 0.0010 
512      512   (5)      7 :  0.9980 0.0020 
513      513   (5)      7 :  0.9980 0.0020 
514      514   (0)      7 :  0.9990 0.0010 
515      515   (0)      7 :  0.9980 0.0020 
516      516   (0)      7 :  0.9980 0.0020 
517      517   (0)      7 :  0.9980 0.0020 
518      518   (0)      7 :  0.9980 0.0020 
519      519   (5)      7 :  0.9980 0.0020 
520      520   (5)      7 :  0.9920 0.0080 
521      521  (10)      7 :  0.9970 0.0030 
522      522   (0)      7 :  0.9980 0.0020 
523      523   (5)      7 :  0.9930 0.0070 
524      524   (5)      7 :  0.9980 0.0020 
525      525   (0)      7 :  0.9990 0.0010 
526      526   (5)      7 :  0.9980 0.0020 
527      527   (0)      7 :  0.9940 0.0060 
528      528   (5)      7 :  0.9990 0.0010 
529      529   (0)      7 :  0.9980 0.0020 
530      530   (0)      7 :  0.9970 0.0030 
531      531   (0)      7 :  0.9950 0.0050 
532      532   (0)      7 :  0.9980 0.0020 
533      533   (0)      7 :  0.9980 0.0020 
534      534   (0)      7 :  0.9970 0.0030 
535      535   (0)      7 :  0.9950 0.0050 
536      536   (0)      7 :  0.9960 0.0040 
537      537   (0)      7 :  0.9940 0.0060 
538      538   (0)      7 :  0.9980 0.0020 
539      539   (0)      7 :  0.9964 0.0036 
540      540   (0)      7 :  0.9950 0.0050 
541      541   (0)      7 :  0.9990 0.0010 
542      542   (0)      7 :  0.9960 0.0040 
543      543   (0)      7 :  0.9980 0.0020 
544      544   (5)      7 :  0.9980 0.0020 
545      545   (5)      7 :  0.9980 0.0020 
546      546   (0)      7 :  0.9980 0.0020 
547      547  (15)      7 :  0.9960 0.0040 
548      548  (10)      7 :  0.9990 0.0010 
549      549  (10)      7 :  0.9980 0.0020 
550      550  (10)      7 :  0.9970 0.0030 
551      551   (5)      7 :  0.9976 0.0024 
552      552   (5)      7 :  0.9980 0.0020 
553      553   (5)      7 :  0.9980 0.0020 
554      554   (5)      7 :  0.9980 0.0020 
555      555   (5)      7 :  0.9960 0.0040 
556      556   (5)      7 :  0.9970 0.0030 
557      557  (15)      7 :  0.9920 0.0080 
558      558   (5)      7 :  0.9900 0.0100 
559      559   (5)      7 :  0.9990 0.0010 
560      560  (15)      7 :  0.9980 0.0020 
561      561   (5)      7 :  0.9860 0.0140 
562      562   (5)      7 :  0.9538 0.0462 
563      563   (5)      7 :  0.9980 0.0020 
564      564   (5)      7 :  0.9980 0.0020 
565      565  (10)      7 :  0.9970 0.0030 
566      566   (5)      7 :  0.9980 0.0020 
567      567   (5)      7 :  0.9980 0.0020 
568      568  (10)      7 :  0.9980 0.0020 
569      569  (10)      7 :  0.9980 0.0020 
570      570  (10)      7 :  0.9900 0.0100 
571      571  (10)      7 :  0.9758 0.0242 
572      572   (5)      7 :  0.9980 0.0020 
573      573  (10)      7 :  0.9960 0.0040 
574      574   (0)      7 :  0.9990 0.0010 
575      575   (5)      7 :  0.9980 0.0020 
576      576   (0)      7 :  0.9990 0.0010 
577      577   (0)      7 :  0.9990 0.0010 
578      578   (0)      7 :  0.9980 0.0020 
579      579   (0)      7 :  0.9950 0.0050 
580      580   (0)      7 :  0.9980 0.0020 
581      581   (0)      7 :  0.9776 0.0224 
582      582   (0)      7 :  0.9970 0.0030 
583      583  (10)      7 :  0.9980 0.0020 
584      584  (10)      7 :  0.7744 0.2256 
585      585   (0)      7 :  0.9750 0.0250 
586      586   (5)      7 :  0.9222 0.0778 
587      587   (0)      7 :  0.9970 0.0030 
588      588   (5)      7 :  0.9870 0.0130 
589      589   (5)      7 :  0.9980 0.0020 
590      590   (5)      7 :  0.9980 0.0020 
591      591  (10)      7 :  0.9990 0.0010 
592      592   (0)      7 :  0.9980 0.0020 
593      593   (0)      7 :  0.9980 0.0020 
594      594   (0)      7 :  0.8308 0.1692 
595      595   (0)      7 :  0.9980 0.0020 
596      596   (0)      7 :  0.9970 0.0030 
597      597   (0)      7 :  0.9980 0.0020 
598      598   (0)      7 :  0.9980 0.0020 
599      599   (0)      7 :  0.9970 0.0030 
600      600   (0)      7 :  0.9980 0.0020 
601      601   (0)      7 :  0.9972 0.0028 
602      602   (0)      7 :  0.9970 0.0030 
603      603   (0)      7 :  0.9702 0.0298 
604      604   (0)      7 :  0.9920 0.0080 
605      605   (0)      7 :  0.9940 0.0060 
606      606   (0)      7 :  0.9980 0.0020 
607      607   (0)      7 :  0.9900 0.0100 
608      608   (0)      7 :  0.9980 0.0020 
609      609   (5)      7 :  0.9970 0.0030 
610      610   (0)      7 :  0.9980 0.0020 
611      611   (5)      7 :  0.6068 0.3932 
612      612   (0)      7 :  0.9980 0.0020 
613      613   (0)      7 :  0.9464 0.0536 
614      614   (0)      7 :  0.9970 0.0030 
615      615   (0)      7 :  0.9950 0.0050 
616      616   (0)      7 :  0.9980 0.0020 
617      617   (0)      7 :  0.9980 0.0020 
618      618   (0)      7 :  0.9850 0.0150 
619      619   (0)      7 :  0.9980 0.0020 
620      620   (0)      7 :  0.9978 0.0022 
621      621   (0)      7 :  0.9980 0.0020 
622      622   (0)      7 :  0.9100 0.0900 
623      623   (0)      7 :  0.9980 0.0020 
624      624   (0)      7 :  0.9950 0.0050 
625      625   (5)      7 :  0.9980 0.0020 
626      626   (0)      7 :  0.9940 0.0060 
627      627   (0)      7 :  0.9970 0.0030 
628      628   (0)      7 :  0.9970 0.0030 
629      629  (10)      7 :  0.9980 0.0020 
630      630   (0)      7 :  0.9980 0.0020 
631      631   (0)      7 :  0.9980 0.0020 
632      632   (0)      7 :  0.9980 0.0020 
633      633  (10)      7 :  0.9970 0.0030 
634      634   (5)      7 :  0.9980 0.0020 
635      635   (0)      7 :  0.9980 0.0020 
636      636   (5)      7 :  0.9980 0.0020 
637      637   (5)      7 :  0.9990 0.0010 
638      638  (10)      7 :  0.9970 0.0030 
639      639   (0)      7 :  0.9980 0.0020 
640      640   (5)      7 :  0.9960 0.0040 
641      641  (10)      7 :  0.9980 0.0020 
642      642   (0)      7 :  0.9970 0.0030 
643      643   (0)      7 :  0.9800 0.0200 
644      644   (0)      7 :  0.9980 0.0020 
645      645   (0)      7 :  0.9970 0.0030 
646      646   (0)      7 :  0.9980 0.0020 
647      647   (0)      7 :  0.9970 0.0030 
648      648   (0)      7 :  0.9990 0.0010 
649      649   (0)      7 :  0.9980 0.0020 
650      650   (0)      7 :  0.9990 0.0010 
651      651   (5)      7 :  0.9960 0.0040 
652      652   (0)      7 :  0.9990 0.0010 
653      653   (0)      7 :  0.9980 0.0020 
654      654   (0)      7 :  0.9980 0.0020 
655      655   (5)      7 :  0.9960 0.0040 
656      656   (0)      7 :  0.9970 0.0030 
657      657   (0)      7 :  0.9950 0.0050 
658      658   (0)      7 :  0.9980 0.0020 
659      659   (0)      7 :  0.9980 0.0020 
660      660   (0)      7 :  0.9980 0.0020 
661      661   (0)      7 :  0.9970 0.0030 
662      662   (0)      7 :  0.9930 0.0070 
663      663   (0)      7 :  0.9980 0.0020 
664      664   (0)      7 :  0.9980 0.0020 
665      665   (0)      7 :  0.9948 0.0052 
666      666   (0)      7 :  0.9980 0.0020 
667      667   (0)      7 :  0.9990 0.0010 
668      668   (0)      7 :  0.9980 0.0020 
669      669   (0)      7 :  0.9984 0.0016 
670      670   (0)      7 :  0.9990 0.0010 
671      671   (0)      7 :  0.9986 0.0014 
672      672   (0)      7 :  0.9980 0.0020 
673      673   (0)      7 :  0.9960 0.0040 
674      674   (0)      7 :  0.9980 0.0020 
675      675   (0)      7 :  0.9980 0.0020 
676      676  (10)      7 :  0.9970 0.0030 
677      677   (5)      7 :  0.9980 0.0020 
678      678  (10)      7 :  0.9970 0.0030 
679      679   (5)      7 :  0.9254 0.0746 
680      680  (10)      7 :  0.9980 0.0020 
681      681  (10)      7 :  0.9980 0.0020 
682      682   (0)      7 :  0.9970 0.0030 
683      683   (5)      7 :  0.9970 0.0030 
684      684   (5)      7 :  0.9790 0.0210 
685      685  (10)      7 :  0.9970 0.0030 
686      686   (0)      7 :  0.9980 0.0020 
687      687   (0)      7 :  0.9980 0.0020 
688      688   (0)      7 :  0.9980 0.0020 
689      689   (0)      7 :  0.9980 0.0020 
690      690   (0)      7 :  0.9710 0.0290 
691      691   (0)      7 :  0.8656 0.1344 
692      692   (0)      7 :  0.9072 0.0928 
693      693   (0)      7 :  0.9980 0.0020 
694      694   (0)      7 :  0.9980 0.0020 
695      695   (5)      7 :  0.8440 0.1560 
696      696   (0)      7 :  0.8874 0.1126 
697      697   (0)      7 :  0.9980 0.0020 
698      698  (10)      7 :  0.9910 0.0090 
699      699   (5)      7 :  0.9970 0.0030 
700      700   (0)      7 :  0.9990 0.0010 
701      701   (5)      7 :  0.9270 0.0730 
702      702   (5)      7 :  0.9970 0.0030 
703      703   (0)      7 :  0.9980 0.0020 
704      704   (0)      7 :  0.9880 0.0120 
705      705   (0)      7 :  0.9970 0.0030 
706      706   (0)      7 :  0.9730 0.0270 
707      707   (0)      7 :  0.9980 0.0020 
708      708   (0)      7 :  0.9950 0.0050 
709      709   (0)      7 :  0.9986 0.0014 
710      710   (0)      7 :  0.9990 0.0010 
711      711   (0)      7 :  0.9990 0.0010 
712      712   (0)      7 :  0.9980 0.0020 
713      713   (0)      7 :  0.9950 0.0050 
714      714   (0)      7 :  0.9980 0.0020 
715      715   (0)      7 :  0.9980 0.0020 
716      716   (0)      7 :  0.9980 0.0020 
717      717   (0)      7 :  0.9980 0.0020 
718      718   (0)      7 :  0.9970 0.0030 
719      719   (0)      7 :  0.9980 0.0020 
720      720   (0)      7 :  0.9980 0.0020 
721      721   (0)      7 :  0.9980 0.0020 
722      722   (0)      7 :  0.9990 0.0010 
723      723   (0)      7 :  0.9990 0.0010 
724      724   (0)      7 :  0.9980 0.0020 
725      725   (0)      7 :  0.9990 0.0010 
726      726   (0)      7 :  0.9930 0.0070 
727      727   (0)      7 :  0.9920 0.0080 
728      728   (0)      7 :  0.9982 0.0018 
729      729   (0)      7 :  0.9900 0.0100 
730      730   (0)      7 :  0.9980 0.0020 
731      731   (0)      7 :  0.9980 0.0020 
732      732   (0)      7 :  0.9980 0.0020 
733      733   (0)      7 :  0.9970 0.0030 
734      734   (0)      7 :  0.9940 0.0060 
735      735   (0)      7 :  0.9980 0.0020 
736      736   (0)      7 :  0.9970 0.0030 
737      737   (0)      7 :  0.9980 0.0020 
738      738   (0)      7 :  0.9928 0.0072 
739      739   (0)      7 :  0.9980 0.0020 
740      740   (0)      7 :  0.9980 0.0020 
741      741   (0)      7 :  0.9980 0.0020 
742      742   (0)      7 :  0.9980 0.0020 
743      743   (0)      7 :  0.9980 0.0020 
744      744   (0)      7 :  0.9980 0.0020 
745      745   (0)      7 :  0.9986 0.0014 
