1        1   (5)      1  : 0.9900 0.0100
2        2   (5)      1  : 0.9730 0.0270
3        3   (5)      1  : 0.9920 0.0080
4        4   (0)      1  : 0.9900 0.0100
5        5   (0)      1  : 0.9700 0.0300
6        6   (0)      1  : 0.9900 0.0100
7        7   (0)      1  : 0.9830 0.0170
8        8   (5)      1  : 0.9900 0.0100
9        9   (0)      1  : 0.9920 0.0080
10       10   (0)      1  : 0.9820 0.0180
11       11   (0)      1  : 0.9900 0.0100
12       12   (0)      1  : 0.9800 0.0200
13       13   (0)      1  : 0.9824 0.0176
14       14   (0)      1  : 0.9900 0.0100
15       15   (0)      1  : 0.9910 0.0090
16       16   (0)      1  : 0.9930 0.0070
17       17   (0)      1  : 0.9930 0.0070
18       18   (0)      1  : 0.9840 0.0160
19       19   (0)      1  : 0.9720 0.0280
20       20   (0)      1  : 0.9770 0.0230
21       21   (0)      1  : 0.9890 0.0110
22       22   (0)      1  : 0.9940 0.0060
23       23   (0)      1  : 0.9930 0.0070
24       24   (0)      1  : 0.9828 0.0172
25       25   (0)      1  : 0.9798 0.0202
26       26   (0)      1  : 0.9810 0.0190
27       27   (5)      1  : 0.9860 0.0140
28       28   (0)      1  : 0.9940 0.0060
29       29   (0)      1  : 0.9920 0.0080
30       30   (0)      1  : 0.9550 0.0450
31       31   (0)      1  : 0.9930 0.0070
32       32   (0)      1  : 0.9840 0.0160
33       33   (0)      1  : 0.9930 0.0070
34       34   (0)      1  : 0.9934 0.0066
35       35   (0)      1  : 0.9850 0.0150
36       36   (0)      1  : 0.9700 0.0300
37       37   (0)      1  : 0.9830 0.0170
38       38   (0)      1  : 0.9810 0.0190
39       39   (0)      1  : 0.9740 0.0260
40       40   (0)      1  : 0.9860 0.0140
41       41   (0)      1  : 0.9900 0.0100
42       42   (0)      1  : 0.9940 0.0060
43       43   (0)      1  : 0.9920 0.0080
44       44   (0)      1  : 0.9940 0.0060
45       45   (5)      1  : 0.9850 0.0150
46       46   (0)      1  : 0.9950 0.0050
47       47   (0)      1  : 0.9940 0.0060
48       48   (0)      1  : 0.9920 0.0080
49       49   (0)      1  : 0.9720 0.0280
50       50   (0)      1  : 0.9910 0.0090
51       51   (0)      1  : 0.9850 0.0150
52       52   (0)      1  : 0.9416 0.0584
53       53   (0)      1  : 0.9910 0.0090
54       54   (0)      1  : 0.9940 0.0060
55       55   (0)      1  : 0.9924 0.0076
56       56   (0)      1  : 0.9920 0.0080
57       57  (10)      1  : 0.9850 0.0150
58       58   (5)      1  : 0.9890 0.0110
59       59   (0)      1  : 0.9870 0.0130
60       60   (0)      1  : 0.9930 0.0070
61       61   (0)      1  : 0.9900 0.0100
62       62   (0)      1  : 0.9920 0.0080
63       63   (0)      1  : 0.9900 0.0100
64       64   (0)      1  : 0.9920 0.0080
65       65   (0)      1  : 0.9512 0.0488
66       66   (0)      1  : 0.9920 0.0080
67       67   (5)      1  : 0.9706 0.0294
68       68   (0)      1  : 0.9900 0.0100
69       69   (0)      1  : 0.9940 0.0060
70       70   (0)      1  : 0.9900 0.0100
71       71   (5)      1  : 0.9890 0.0110
72       72   (0)      1  : 0.9810 0.0190
73       73   (5)      1  : 0.9930 0.0070
74       74  (10)      1  : 0.9850 0.0150
75       75  (10)      1  : 0.9580 0.0420
76       76   (0)      1  : 0.9910 0.0090
77       77  (10)      1  : 0.9880 0.0120
78       78   (0)      1  : 0.9820 0.0180
79       79   (5)      1  : 0.9930 0.0070
80       80   (0)      1  : 0.9920 0.0080
81       81   (0)      1  : 0.9910 0.0090
82       82   (0)      1  : 0.9910 0.0090
83       83   (0)      1  : 0.9900 0.0100
84       84   (0)      1  : 0.9840 0.0160
85       85   (0)      1  : 0.9930 0.0070
86       86   (5)      1  : 0.9900 0.0100
87       87   (0)      1  : 0.9920 0.0080
88       88   (0)      1  : 0.9740 0.0260
89       89   (0)      1  : 0.9530 0.0470
90       90   (0)      1  : 0.9910 0.0090
91       91   (0)      1  : 0.9894 0.0106
92       92   (0)      1  : 0.9910 0.0090
93       93   (0)      1  : 0.9930 0.0070
94       94   (5)      1  : 0.9738 0.0262
95       95   (0)      1  : 0.9890 0.0110
96       96   (5)      1  : 0.9910 0.0090
97       97   (0)      1  : 0.9932 0.0068
98       98   (0)      1  : 0.9850 0.0150
99       99   (5)      1  : 0.9880 0.0120
100      100   (5)      1  : 0.9930 0.0070
101      101   (0)      2  : 0.9890 0.0110
102      102   (0)      2  : 0.9750 0.0250
103      103   (0)      2  : 0.9930 0.0070
104      104   (0)      2  : 0.9930 0.0070
105      105   (0)      2  : 0.9868 0.0132
106      106   (0)      2  : 0.9540 0.0460
107      107   (0)      2  : 0.9930 0.0070
108      108   (0)      2  : 0.9940 0.0060
109      109   (0)      2  : 0.9940 0.0060
110      110   (0)      2  : 0.9900 0.0100
111      111   (0)      2  : 0.9840 0.0160
112      112   (0)      2  : 0.9900 0.0100
113      113   (0)      2  : 0.9810 0.0190
114      114   (0)      2  : 0.9870 0.0130
115      115   (0)      2  : 0.9860 0.0140
116      116   (0)      2  : 0.9920 0.0080
117      117   (0)      2  : 0.9940 0.0060
118      118   (0)      2  : 0.9940 0.0060
119      119   (0)      2  : 0.9890 0.0110
120      120   (0)      2  : 0.9950 0.0050
121      121   (0)      2  : 0.9840 0.0160
122      122   (0)      2  : 0.9900 0.0100
123      123   (0)      2  : 0.9880 0.0120
124      124   (0)      2  : 0.9810 0.0190
125      125   (0)      2  : 0.9912 0.0088
126      126   (0)      2  : 0.9920 0.0080
127      127   (0)      2  : 0.9900 0.0100
128      128   (0)      2  : 0.9870 0.0130
129      129   (0)      2  : 0.9900 0.0100
130      130   (0)      2  : 0.9900 0.0100
131      131   (0)      2  : 0.9848 0.0152
132      132   (0)      2  : 0.9820 0.0180
133      133   (0)      2  : 0.9890 0.0110
134      134   (0)      2  : 0.9930 0.0070
135      135   (0)      2  : 0.9930 0.0070
136      136   (0)      2  : 0.9890 0.0110
137      137   (0)      2  : 0.9790 0.0210
138      138   (0)      2  : 0.9940 0.0060
139      139   (0)      2  : 0.9920 0.0080
140      140   (0)      2  : 0.9910 0.0090
141      141   (0)      2  : 0.9872 0.0128
142      142   (0)      2  : 0.9760 0.0240
143      143   (0)      2  : 0.9870 0.0130
144      144   (0)      2  : 0.9930 0.0070
145      145   (0)      2  : 0.9910 0.0090
146      146   (0)      2  : 0.9930 0.0070
147      147   (0)      2  : 0.9940 0.0060
148      148   (0)      2  : 0.9820 0.0180
149      149   (0)      2  : 0.9826 0.0174
150      150   (0)      2  : 0.9730 0.0270
151      151   (0)      2  : 0.9760 0.0240
152      152   (0)      2  : 0.9930 0.0070
153      153   (0)      2  : 0.9870 0.0130
154      154   (0)      2  : 0.9850 0.0150
155      155   (0)      2  : 0.9910 0.0090
156      156   (0)      2  : 0.9890 0.0110
157      157   (0)      2  : 0.9870 0.0130
158      158   (0)      2  : 0.9930 0.0070
159      159   (0)      2  : 0.9910 0.0090
160      160   (0)      2  : 0.9734 0.0266
161      161   (0)      2  : 0.9950 0.0050
162      162   (0)      2  : 0.9906 0.0094
163      163   (0)      2  : 0.9920 0.0080
164      164   (0)      2  : 0.9930 0.0070
165      165   (0)      2  : 0.9860 0.0140
166      166   (0)      2  : 0.9850 0.0150
167      167   (0)      2  : 0.9910 0.0090
168      168   (0)      2  : 0.9720 0.0280
169      169   (0)      2  : 0.9806 0.0194
170      170   (0)      2  : 0.9900 0.0100
171      171   (0)      2  : 0.9810 0.0190
172      172   (0)      2  : 0.9460 0.0540
173      173   (0)      2  : 0.9950 0.0050
174      174   (0)      2  : 0.9780 0.0220
175      175   (0)      2  : 0.9870 0.0130
176      176   (0)      2  : 0.9870 0.0130
177      177   (0)      2  : 0.9920 0.0080
178      178   (0)      2  : 0.9880 0.0120
179      179   (0)      2  : 0.9780 0.0220
180      180   (0)      2  : 0.9930 0.0070
181      181   (0)      2  : 0.9880 0.0120
182      182   (0)      2  : 0.9920 0.0080
183      183   (0)      2  : 0.9940 0.0060
184      184   (0)      2  : 0.9880 0.0120
185      185   (0)      2  : 0.9870 0.0130
186      186   (0)      2  : 0.9800 0.0200
187      187   (0)      2  : 0.9840 0.0160
188      188   (0)      2  : 0.9840 0.0160
189      189   (0)      2  : 0.9930 0.0070
190      190   (0)      2  : 0.9358 0.0642
191      191   (0)      2  : 0.8080 0.1920
192      192   (0)      2  : 0.9890 0.0110
193      193   (0)      2  : 0.9820 0.0180
194      194   (0)      2  : 0.9950 0.0050
195      195   (0)      2  : 0.9910 0.0090
196      196   (0)      2  : 0.9930 0.0070
197      197   (0)      2  : 0.9680 0.0320
198      198   (0)      2  : 0.9850 0.0150
199      199   (0)      2  : 0.9890 0.0110
200      200   (0)      2  : 0.9578 0.0422
201      201   (0)      2  : 0.9940 0.0060
202      202   (0)      2  : 0.9890 0.0110
203      203   (0)      2  : 0.9930 0.0070
204      204   (0)      2  : 0.9910 0.0090
205      205   (0)      2  : 0.9890 0.0110
206      206   (0)      2  : 0.9950 0.0050
207      207   (0)      2  : 0.9880 0.0120
208      208   (0)      2  : 0.9920 0.0080
209      209   (0)      2  : 0.9900 0.0100
210      210   (0)      2  : 0.9920 0.0080
211      211   (0)      2  : 0.9840 0.0160
212      212   (0)      2  : 0.9800 0.0200
213      213   (0)      2  : 0.9900 0.0100
214      214   (0)      2  : 0.9890 0.0110
215      215   (0)      2  : 0.9794 0.0206
216      216   (0)      2  : 0.9900 0.0100
217      217   (0)      2  : 0.9940 0.0060
218      218   (0)      2  : 0.9800 0.0200
219      219   (0)      2  : 0.9920 0.0080
220      220   (0)      2  : 0.9618 0.0382
221      221   (0)      2  : 0.9460 0.0540
222      222   (0)      2  : 0.9870 0.0130
223      223   (0)      2  : 0.9910 0.0090
224      224   (0)      2  : 0.9880 0.0120
225      225   (0)      2  : 0.9910 0.0090
226      226   (0)      2  : 0.9840 0.0160
227      227   (0)      2  : 0.9820 0.0180
228      228   (0)      2  : 0.9920 0.0080
229      229   (0)      2  : 0.9620 0.0380
230      230   (0)      2  : 0.9860 0.0140
231      231   (0)      2  : 0.9950 0.0050
232      232   (0)      2  : 0.9920 0.0080
233      233   (0)      2  : 0.9180 0.0820
234      234   (0)      2  : 0.9920 0.0080
235      235   (0)      2  : 0.9736 0.0264
236      236   (0)      2  : 0.9910 0.0090
237      237   (0)      2  : 0.9870 0.0130
238      238   (0)      2  : 0.9930 0.0070
239      239   (0)      2  : 0.9930 0.0070
240      240   (0)      2  : 0.9950 0.0050
241      241   (0)      2  : 0.9630 0.0370
242      242   (0)      2  : 0.9930 0.0070
243      243   (0)      2  : 0.9940 0.0060
244      244   (0)      2  : 0.9930 0.0070
245      245   (0)      2  : 0.9870 0.0130
246      246   (0)      2  : 0.9830 0.0170
247      247   (0)      2  : 0.9940 0.0060
248      248   (0)      2  : 0.9900 0.0100
249      249   (0)      2  : 0.9870 0.0130
250      250   (0)      2  : 0.9850 0.0150
251      251   (0)      2  : 0.9950 0.0050
252      252   (0)      2  : 0.9018 0.0982
253      253   (0)      2  : 0.9940 0.0060
254      254   (0)      2  : 0.9910 0.0090
255      255   (0)      2  : 0.9860 0.0140
256      256   (0)      2  : 0.9684 0.0316
257      257   (0)      2  : 0.9860 0.0140
258      258   (0)      2  : 0.9940 0.0060
259      259   (0)      2  : 0.9900 0.0100
260      260   (0)      2  : 0.9920 0.0080
261      261   (0)      2  : 0.9870 0.0130
262      262   (0)      2  : 0.9840 0.0160
263      263   (0)      2  : 0.9940 0.0060
264      264   (0)      2  : 0.9900 0.0100
265      265   (0)      2  : 0.9880 0.0120
266      266   (0)      2  : 0.9880 0.0120
267      267   (0)      2  : 0.9920 0.0080
268      268   (0)      2  : 0.9910 0.0090
269      269   (0)      2  : 0.9910 0.0090
270      270   (0)      2  : 0.9866 0.0134
271      271   (0)      2  : 0.9830 0.0170
272      272   (0)      2  : 0.9920 0.0080
273      273   (0)      2  : 0.9930 0.0070
274      274   (0)      2  : 0.9880 0.0120
275      275   (0)      2  : 0.9640 0.0360
276      276   (0)      2  : 0.9940 0.0060
277      277   (0)      2  : 0.9730 0.0270
278      278   (0)      2  : 0.9940 0.0060
279      279   (0)      2  : 0.9950 0.0050
280      280   (0)      2  : 0.9910 0.0090
281      281   (0)      2  : 0.9920 0.0080
282      282   (0)      2  : 0.9910 0.0090
283      283   (0)      2  : 0.9800 0.0200
284      284   (0)      2  : 0.9920 0.0080
285      285   (0)      2  : 0.9910 0.0090
286      286   (0)      2  : 0.9418 0.0582
287      287   (0)      2  : 0.9850 0.0150
288      288   (0)      2  : 0.9930 0.0070
289      289   (0)      2  : 0.9930 0.0070
290      290   (0)      2  : 0.9910 0.0090
291      291   (0)      2  : 0.9900 0.0100
292      292   (0)      2  : 0.9890 0.0110
293      293   (0)      2  : 0.9880 0.0120
294      294   (0)      2  : 0.9890 0.0110
295      295   (0)      2  : 0.9910 0.0090
296      296   (0)      2  : 0.9940 0.0060
297      297   (0)      2  : 0.9912 0.0088
298      298   (0)      2  : 0.9910 0.0090
299      299   (0)      2  : 0.9730 0.0270
300      300   (0)      2  : 0.9830 0.0170
301      301   (0)      2  : 0.9910 0.0090
302      302   (0)      2  : 0.9940 0.0060
303      303   (0)      2  : 0.9850 0.0150
304      304   (0)      2  : 0.9890 0.0110
305      305   (0)      2  : 0.9880 0.0120
306      306   (0)      2  : 0.9840 0.0160
307      307   (0)      2  : 0.9910 0.0090
308      308   (0)      2  : 0.9910 0.0090
309      309   (0)      2  : 0.9930 0.0070
310      310   (0)      2  : 0.9880 0.0120
311      311   (0)      2  : 0.9930 0.0070
312      312   (0)      2  : 0.9920 0.0080
313      313   (0)      2  : 0.9880 0.0120
314      314   (0)      2  : 0.9900 0.0100
315      315   (0)      2  : 0.9900 0.0100
316      316   (0)      2  : 0.9870 0.0130
317      317   (0)      2  : 0.9930 0.0070
318      318   (0)      2  : 0.9900 0.0100
319      319   (0)      2  : 0.9790 0.0210
320      320   (0)      2  : 0.9810 0.0190
321      321   (0)      2  : 0.9318 0.0682
322      322   (0)      2  : 0.9410 0.0590
323      323   (0)      2  : 0.9890 0.0110
324      324   (0)      2  : 0.9640 0.0360
325      325   (0)      2  : 0.9860 0.0140
326      326   (0)      2  : 0.9940 0.0060
327      327   (0)      2  : 0.9870 0.0130
328      328   (0)      2  : 0.9880 0.0120
329      329   (0)      2  : 0.9920 0.0080
330      330   (0)      2  : 0.9940 0.0060
331      331   (0)      2  : 0.9940 0.0060
332      332   (0)      2  : 0.9920 0.0080
333      333   (0)      2  : 0.9890 0.0110
334      334   (0)      2  : 0.9890 0.0110
335      335   (0)      2  : 0.9700 0.0300
336      336   (0)      2  : 0.9846 0.0154
337      337   (0)      2  : 0.9930 0.0070
338      338   (0)      2  : 0.9936 0.0064
339      339   (0)      2  : 0.9920 0.0080
340      340   (0)      2  : 0.9920 0.0080
341      341   (0)      2  : 0.9950 0.0050
342      342   (0)      2  : 0.9920 0.0080
343      343   (0)      2  : 0.9890 0.0110
344      344   (0)      2  : 0.9900 0.0100
345      345   (0)      2  : 0.9870 0.0130
346      346   (0)      2  : 0.9910 0.0090
347      347   (0)      2  : 0.9940 0.0060
348      348   (0)      2  : 0.9812 0.0188
349      349   (0)      2  : 0.9880 0.0120
350      350   (0)      2  : 0.9810 0.0190
351      351   (0)      2  : 0.9860 0.0140
352      352   (0)      2  : 0.9880 0.0120
353      353   (0)      2  : 0.9930 0.0070
354      354   (0)      2  : 0.9784 0.0216
355      355   (0)      2  : 0.9242 0.0758
356      356   (0)      2  : 0.9900 0.0100
357      357   (0)      2  : 0.9850 0.0150
358      358   (0)      2  : 0.9860 0.0140
359      359   (0)      2  : 0.9772 0.0228
360      360   (0)      2  : 0.9930 0.0070
361      361   (0)      2  : 0.9940 0.0060
362      362   (0)      2  : 0.9870 0.0130
363      363   (0)      2  : 0.9930 0.0070
364      364   (0)      2  : 0.9870 0.0130
365      365   (0)      2  : 0.9944 0.0056
366      366   (0)      2  : 0.9920 0.0080
367      367   (0)      2  : 0.9770 0.0230
368      368   (0)      2  : 0.9940 0.0060
369      369   (0)      2  : 0.9900 0.0100
370      370   (0)      2  : 0.9930 0.0070
371      371   (0)      2  : 0.9580 0.0420
372      372   (0)      2  : 0.9900 0.0100
373      373   (0)      2  : 0.9610 0.0390
374      374   (0)      2  : 0.9940 0.0060
375      375   (0)      2  : 0.9930 0.0070
376      376   (0)      2  : 0.9790 0.0210
377      377   (0)      2  : 0.9800 0.0200
378      378   (0)      2  : 0.9910 0.0090
379      379   (0)      2  : 0.9640 0.0360
380      380   (0)      2  : 0.9910 0.0090
381      381   (0)      2  : 0.9900 0.0100
382      382   (0)      2  : 0.9778 0.0222
383      383   (0)      2  : 0.9930 0.0070
384      384   (0)      2  : 0.9700 0.0300
385      385   (0)      2  : 0.9920 0.0080
386      386   (0)      2  : 0.9920 0.0080
387      387   (0)      2  : 0.9718 0.0282
388      388   (0)      2  : 0.9920 0.0080
389      389   (0)      2  : 0.9880 0.0120
390      390   (0)      2  : 0.9668 0.0332
391      391   (0)      2  : 0.9110 0.0890
392      392   (0)      2  : 0.9910 0.0090
393      393   (0)      2  : 0.9902 0.0098
394      394   (0)      2  : 0.9890 0.0110
395      395   (0)      2  : 0.9930 0.0070
396      396   (0)      2  : 0.9820 0.0180
397      397   (0)      2  : 0.9800 0.0200
398      398   (0)      2  : 0.9890 0.0110
399      399   (0)      2  : 0.9870 0.0130
400      400   (0)      2  : 0.9650 0.0350
401      401   (0)      2  : 0.9810 0.0190
402      402   (0)      2  : 0.9920 0.0080
403      403   (0)      2  : 0.9860 0.0140
404      404   (0)      2  : 0.9900 0.0100
405      405   (0)      2  : 0.9832 0.0168
406      406   (0)      2  : 0.9870 0.0130
407      407   (0)      2  : 0.9940 0.0060
408      408   (0)      2  : 0.9260 0.0740
409      409   (0)      2  : 0.9900 0.0100
410      410   (0)      2  : 0.9920 0.0080
411      411   (0)      2  : 0.9910 0.0090
412      412   (0)      2  : 0.9900 0.0100
413      413   (0)      2  : 0.9890 0.0110
414      414   (0)      2  : 0.9830 0.0170
415      415   (0)      2  : 0.9940 0.0060
416      416   (0)      2  : 0.9790 0.0210
417      417   (0)      2  : 0.9870 0.0130
418      418   (0)      2  : 0.9912 0.0088
419      419   (0)      2  : 0.9930 0.0070
420      420   (0)      2  : 0.9840 0.0160
421      421   (0)      2  : 0.9920 0.0080
422      422   (0)      2  : 0.9900 0.0100
423      423   (0)      2  : 0.9942 0.0058
424      424   (0)      2  : 0.8282 0.1718
425      425   (0)      2  : 0.9910 0.0090
426      426   (0)      2  : 0.9840 0.0160
427      427   (0)      2  : 0.9880 0.0120
428      428   (0)      2  : 0.9872 0.0128
429      429   (0)      2  : 0.9860 0.0140
430      430   (0)      2  : 0.9850 0.0150
431      431   (0)      2  : 0.9950 0.0050
432      432   (0)      2  : 0.9850 0.0150
433      433   (0)      2  : 0.9930 0.0070
434      434   (0)      2  : 0.9940 0.0060
435      435   (0)      2  : 0.9890 0.0110
436      436   (0)      2  : 0.9870 0.0130
437      437   (0)      2  : 0.9930 0.0070
438      438   (0)      2  : 0.9940 0.0060
439      439   (0)      2  : 0.9900 0.0100
440      440   (0)      2  : 0.9788 0.0212
441      441   (0)      2  : 0.9940 0.0060
442      442   (0)      2  : 0.9920 0.0080
443      443   (0)      2  : 0.9922 0.0078
444      444   (0)      2  : 0.9830 0.0170
445      445   (0)      2  : 0.9930 0.0070
446      446   (0)      2  : 0.9810 0.0190
447      447   (0)      2  : 0.9920 0.0080
448      448   (0)      2  : 0.9920 0.0080
449      449   (0)      2  : 0.9878 0.0122
450      450   (0)      2  : 0.9900 0.0100
451      451   (0)      2  : 0.9740 0.0260
452      452   (0)      2  : 0.9880 0.0120
453      453   (0)      2  : 0.9870 0.0130
454      454   (0)      2  : 0.9850 0.0150
455      455   (0)      2  : 0.9850 0.0150
456      456   (0)      2  : 0.9750 0.0250
457      457   (0)      2  : 0.9940 0.0060
458      458   (0)      2  : 0.9850 0.0150
459      459   (0)      2  : 0.9900 0.0100
460      460   (0)      2  : 0.9940 0.0060
461      461   (0)      2  : 0.9910 0.0090
462      462   (0)      2  : 0.9910 0.0090
463      463   (0)      2  : 0.9870 0.0130
464      464   (0)      2  : 0.9940 0.0060
465      465   (0)      2  : 0.9880 0.0120
466      466   (0)      2  : 0.9860 0.0140
467      467   (0)      2  : 0.9940 0.0060
468      468   (0)      2  : 0.9680 0.0320
469      469   (0)      2  : 0.9940 0.0060
470      470   (0)      2  : 0.8942 0.1058
471      471   (0)      2  : 0.9900 0.0100
472      472   (0)      2  : 0.9920 0.0080
473      473   (0)      2  : 0.9658 0.0342
474      474   (0)      2  : 0.9940 0.0060
475      475   (0)      2  : 0.9060 0.0940
476      476   (0)      2  : 0.9860 0.0140
477      477   (0)      2  : 0.9930 0.0070
478      478   (0)      2  : 0.9830 0.0170
479      479   (0)      2  : 0.9900 0.0100
480      480   (0)      2  : 0.9940 0.0060
481      481   (0)      2  : 0.9926 0.0074
482      482   (0)      2  : 0.9880 0.0120
483      483   (0)      2  : 0.9920 0.0080
484      484   (0)      2  : 0.9910 0.0090
485      485   (0)      2  : 0.9784 0.0216
486      486   (0)      2  : 0.9950 0.0050
487      487   (0)      2  : 0.9870 0.0130
488      488   (0)      2  : 0.9890 0.0110
489      489   (0)      2  : 0.9940 0.0060
490      490   (0)      2  : 0.9880 0.0120
491      491   (0)      2  : 0.9880 0.0120
492      492   (0)      2  : 0.9790 0.0210
493      493   (0)      2  : 0.9860 0.0140
494      494   (0)      2  : 0.9820 0.0180
495      495   (0)      2  : 0.9940 0.0060
496      496   (0)      2  : 0.9890 0.0110
497      497   (0)      2  : 0.9920 0.0080
498      498   (0)      2  : 0.9910 0.0090
499      499   (0)      2  : 0.9930 0.0070
500      500   (0)      2  : 0.9910 0.0090
501      501   (0)      3  : 0.9440 0.0560
502      502   (0)      3  : 0.8732 0.1268
503      503   (0)      3  : 0.8460 0.1540
504      504   (0)      3  : 0.9780 0.0220
505      505   (0)      3  : 0.8786 0.1214
506      506   (0)      3  : 0.9120 0.0880
507      507   (0)      3  : 0.9800 0.0200
508      508   (0)      3  : 0.8664 0.1336
509      509   (0)      3  : 0.8720 0.1280
510      510   (0)      3  : 0.9070 0.0930
511      511   (0)      3  : 0.8790 0.1210
512      512   (0)      3  : 0.9790 0.0210
513      513   (0)      3  : 0.8600 0.1400
514      514   (0)      3  : 0.8680 0.1320
515      515   (0)      3  : 0.9758 0.0242
516      516   (0)      3  : 0.9650 0.0350
517      517   (0)      3  : 0.9740 0.0260
518      518   (0)      3  : 0.9860 0.0140
519      519   (0)      3  : 0.9786 0.0214
520      520   (0)      3  : 0.9660 0.0340
521      521   (0)      3  : 0.9790 0.0210
522      522   (0)      3  : 0.9220 0.0780
523      523   (0)      3  : 0.8280 0.1720
524      524   (0)      3  : 0.9720 0.0280
525      525   (0)      3  : 0.8952 0.1048
526      526   (0)      3  : 0.9860 0.0140
527      527   (0)      3  : 0.8540 0.1460
528      528   (0)      3  : 0.9920 0.0080
529      529   (0)      3  : 0.9476 0.0524
530      530   (0)      3  : 0.7906 0.2094
531      531   (0)      3  : 0.9240 0.0760
532      532   (0)      3  : 0.8310 0.1690
533      533   (0)      3  : 0.9550 0.0450
534      534   (0)      3  : 0.7688 0.2312
535      535   (0)      3  : 0.7338 0.2662
536      536   (0)      3  : 0.6884 0.3116
537      537   (0)      3  : 0.9880 0.0120
538      538   (0)      3  : 0.9470 0.0530
539      539   (0)      3  : 0.8930 0.1070
540      540   (0)      3  : 0.9910 0.0090
541      541   (0)      3  : 0.9806 0.0194
542      542   (0)      3  : 0.8380 0.1620
543      543   (0)      3  : 0.8198 0.1802
544      544   (0)      3  : 0.9770 0.0230
545      545   (0)      3  : 0.9350 0.0650
546      546   (0)      3  : 0.9890 0.0110
547      547   (0)      3  : 0.9540 0.0460
548      548   (0)      3  : 0.9390 0.0610
549      549   (0)      3  : 0.7130 0.2870
550      550   (0)      3  : 0.8850 0.1150
551      551   (0)      3  : 0.9560 0.0440
552      552   (0)      3  : 0.8810 0.1190
553      553   (0)      3  : 0.8886 0.1114
554      554   (0)      3  : 0.8302 0.1698
555      555   (0)      3  : 0.9460 0.0540
556      556   (0)      3  : 0.9610 0.0390
557      557   (0)      3  : 0.7760 0.2240
558      558   (0)      3  : 0.8800 0.1200
559      559   (0)      3  : 0.9650 0.0350
560      560   (0)      3  : 0.7410 0.2590
561      561   (0)      3  : 0.9150 0.0850
562      562   (0)      3  : 0.9198 0.0802
563      563   (0)      3  : 0.9570 0.0430
564      564   (0)      3  : 0.9310 0.0690
565      565   (0)      3  : 0.9812 0.0188
566      566   (0)      3  : 0.9370 0.0630
567      567   (0)      3  : 0.8510 0.1490
568      568   (0)      3  : 0.8730 0.1270
569      569   (0)      3  : 0.7742 0.2258
570      570   (0)      3  : 0.9554 0.0446
571      571   (0)      3  : 0.9244 0.0756
572      572   (0)      3  : 0.8380 0.1620
573      573   (0)      3  : 0.8924 0.1076
574      574   (0)      3  : 0.8150 0.1850
575      575   (0)      3  : 0.9320 0.0680
576      576   (0)      3  : 0.8668 0.1332
577      577   (0)      3  : 0.9040 0.0960
578      578   (0)      3  : 0.9900 0.0100
579      579   (0)      3  : 0.9220 0.0780
580      580   (0)      3  : 0.9590 0.0410
581      581   (0)      3  : 0.9314 0.0686
582      582   (0)      3  : 0.9420 0.0580
583      583   (0)      3  : 0.9700 0.0300
584      584   (0)      3  : 0.6460 0.3540
585      585   (0)      3  : 0.7720 0.2280
586      586   (0)      3  : 0.9206 0.0794
587      587   (0)      3  : 0.8150 0.1850
588      588   (0)      3  : 0.8874 0.1126
589      589   (0)      3  : 0.7240 0.2760
590      590   (0)      3  : 0.9330 0.0670
591      591   (0)      3  : 0.9114 0.0886
592      592   (0)      3  : 0.7902 0.2098
593      593   (0)      3  : 0.8850 0.1150
594      594   (0)      3  : 0.9890 0.0110
595      595   (0)      3  : 0.9080 0.0920
596      596   (0)      3  : 0.9904 0.0096
597      597   (0)      3  : 0.9682 0.0318
598      598   (0)      3  : 0.9264 0.0736
599      599   (0)      3  : 0.8540 0.1460
600      600   (0)      3  : 0.9610 0.0390
601      601   (0)      4  : 0.7614 0.2386
602      602   (0)      4  : 0.6200 0.3800
603      603   (0)      4  : 0.6670 0.3330
604      604   (0)      4  : 0.6790 0.3210
605      605   (0)      4  : 0.6670 0.3330
606      606   (0)      4  : 0.7202 0.2798
607      607   (0)      4  : 0.8230 0.1770
608      608   (0)      4  : 0.8080 0.1920
609      609   (0)      4  : 0.8588 0.1412
610      610   (0)      4  : 0.8112 0.1888
611      611   (0)      4  : 0.7422 0.2578
612      612   (0)      4  : 0.7516 0.2484
613      613   (0)      4  : 0.6206 0.3794
614      614   (0)      4  : 0.7244 0.2756
615      615   (0)      4  : 0.7046 0.2954
616      616   (0)      4  : 0.8410 0.1590
617      617   (0)      4  : 0.9120 0.0880
618      618   (0)      4  : 0.6270 0.3730
619      619   (0)      4  : 0.7480 0.2520
620      620   (0)      4  : 0.5270 0.4730
621      621   (0)      4  : 0.6590 0.3410
622      622   (0)      4  : 0.8260 0.1740
623      623   (0)      4  : 0.9294 0.0706
624      624   (0)      4  : 0.8374 0.1626
625      625   (0)      4  : 0.6460 0.3540
626      626   (0)      4  : 0.9500 0.0500
627      627   (0)      4  : 0.9788 0.0212
628      628   (0)      4  : 0.9510 0.0490
629      629   (0)      4  : 0.7506 0.2494
630      630   (0)      4  : 0.5750 0.4250
631      631   (0)      4  : 0.8422 0.1578
632      632   (0)      4  : 0.6184 0.3816
633      633   (0)      4  : 0.6566 0.3434
634      634   (0)      4  : 0.8224 0.1776
635      635   (0)      4  : 0.9880 0.0120
636      636   (0)      4  : 0.6450 0.3550
637      637   (0)      4  : 0.7458 0.2542
638      638   (0)      4  : 0.8020 0.1980
639      639   (0)      4  : 0.8572 0.1428
640      640   (0)      4  : 0.7190 0.2810
641      641   (0)      4  : 0.7562 0.2438
642      642   (0)      4  : 0.5930 0.4070
643      643   (0)      4  : 0.7230 0.2770
644      644   (0)      4  : 0.6110 0.3890
645      645   (0)      4  : 0.7220 0.2780
646      646   (0)      4  : 0.8088 0.1912
647      647   (0)      4  : 0.8810 0.1190
648      648   (0)      4  : 0.8580 0.1420
649      649   (0)      4  : 0.8824 0.1176
650      650   (0)      4  : 0.7884 0.2116
651      651   (0)      4  : 0.7170 0.2830
652      652   (0)      4  : 0.9290 0.0710
653      653   (0)      4  : 0.8872 0.1128
654      654   (0)      4  : 0.7586 0.2414
655      655   (0)      4  : 0.7268 0.2732
656      656   (0)      4  : 0.8200 0.1800
657      657   (0)      4  : 0.7180 0.2820
658      658   (0)      4  : 0.6550 0.3450
659      659   (0)      4  : 0.7460 0.2540
660      660   (0)      4  : 0.7640 0.2360
661      661   (0)      4  : 0.8110 0.1890
662      662   (0)      4  : 0.7100 0.2900
663      663   (0)      4  : 0.8330 0.1670
664      664   (0)      4  : 0.8300 0.1700
665      665   (0)      4  : 0.9186 0.0814
666      666   (0)      4  : 0.7316 0.2684
667      667   (0)      4  : 0.9060 0.0940
668      668   (0)      4  : 0.8982 0.1018
669      669   (0)      4  : 0.7288 0.2712
670      670   (0)      4  : 0.7764 0.2236
671      671   (0)      4  : 0.7960 0.2040
672      672   (0)      4  : 0.8160 0.1840
673      673   (0)      4  : 0.7870 0.2130
674      674   (0)      4  : 0.6960 0.3040
675      675   (0)      4  : 0.7040 0.2960
676      676   (0)      4  : 0.6480 0.3520
677      677   (0)      4  : 0.8110 0.1890
678      678   (0)      4  : 0.8980 0.1020
679      679   (0)      4  : 0.8120 0.1880
680      680   (0)      4  : 0.7812 0.2188
681      681   (0)      4  : 0.7420 0.2580
682      682   (0)      4  : 0.9016 0.0984
683      683   (0)      4  : 0.8770 0.1230
684      684   (0)      4  : 0.8230 0.1770
685      685   (0)      4  : 0.8180 0.1820
686      686   (0)      4  : 0.9660 0.0340
687      687   (0)      4  : 0.7980 0.2020
688      688   (0)      4  : 0.7590 0.2410
689      689   (0)      4  : 0.8136 0.1864
690      690   (0)      4  : 0.7594 0.2406
691      691   (0)      4  : 0.8430 0.1570
692      692   (0)      4  : 0.6582 0.3418
693      693   (0)      4  : 0.6900 0.3100
694      694   (0)      4  : 0.8320 0.1680
695      695   (0)      4  : 0.6910 0.3090
696      696   (0)      4  : 0.8710 0.1290
697      697   (0)      4  : 0.8010 0.1990
698      698   (0)      4  : 0.7454 0.2546
699      699   (0)      4  : 0.7600 0.2400
700      700   (0)      4  : 0.6910 0.3090
701      701   (0)      5  : 0.5628 0.4372
702      702   (0)      5  : 0.5070 0.4930
703      703   (0)      5  : 0.5370 0.4630
704      704   (0)      5  : 0.6190 0.3810
705      705   (0)      5  : 0.5330 0.4670
706      706   (0)      5  : 0.5250 0.4750
707      707   (0)      5  : 0.4800 0.5200
708      708   (0)      5  : 0.4090 0.5910
709      709   (0)      5  : 0.3770 0.6230
710      710   (0)      5  : 0.4050 0.5950
711      711   (0)      5  : 0.5490 0.4510
712      712   (0)      5  : 0.5140 0.4860
713      713   (0)      5  : 0.5580 0.4420
714      714   (0)      5  : 0.5808 0.4192
715      715   (0)      5  : 0.5830 0.4170
716      716   (0)      5  : 0.5242 0.4758
717      717   (0)      5  : 0.3300 0.6700
718      718   (0)      5  : 0.5430 0.4570
719      719   (0)      5  : 0.5800 0.4200
720      720   (0)      5  : 0.4530 0.5470
721      721   (0)      5  : 0.4388 0.5612
722      722   (0)      5  : 0.4610 0.5390
723      723   (0)      5  : 0.5062 0.4938
724      724   (0)      5  : 0.5400 0.4600
725      725   (0)      5  : 0.5458 0.4542
726      726   (0)      5  : 0.5256 0.4744
727      727   (0)      5  : 0.6920 0.3080
728      728   (0)      5  : 0.6370 0.3630
729      729   (0)      5  : 0.6660 0.3340
730      730   (0)      5  : 0.5040 0.4960
731      731   (0)      5  : 0.4330 0.5670
732      732   (0)      5  : 0.4384 0.5616
733      733   (0)      5  : 0.4650 0.5350
734      734   (0)      5  : 0.3850 0.6150
735      735   (0)      5  : 0.5038 0.4962
736      736   (0)      5  : 0.3030 0.6970
737      737   (0)      5  : 0.6240 0.3760
738      738   (0)      5  : 0.3920 0.6080
739      739   (0)      5  : 0.4340 0.5660
740      740   (0)      5  : 0.3930 0.6070
741      741   (0)      5  : 0.5228 0.4772
742      742   (0)      5  : 0.6220 0.3780
743      743   (0)      5  : 0.4734 0.5266
744      744   (0)      5  : 0.4908 0.5092
745      745   (0)      5  : 0.4000 0.6000
746      746   (0)      5  : 0.3430 0.6570
747      747   (0)      5  : 0.5088 0.4912
748      748   (0)      5  : 0.4440 0.5560
749      749   (0)      5  : 0.5160 0.4840
750      750   (0)      5  : 0.5264 0.4736
751      751   (0)      5  : 0.4530 0.5470
752      752   (0)      5  : 0.4638 0.5362
753      753   (0)      5  : 0.5850 0.4150
754      754   (0)      5  : 0.4822 0.5178
755      755   (0)      5  : 0.5828 0.4172
756      756   (0)      5  : 0.3790 0.6210
757      757   (0)      5  : 0.4770 0.5230
758      758   (0)      5  : 0.5580 0.4420
759      759   (0)      5  : 0.4886 0.5114
760      760   (0)      5  : 0.5006 0.4994
761      761   (0)      5  : 0.4980 0.5020
762      762   (0)      5  : 0.5530 0.4470
763      763   (0)      5  : 0.5290 0.4710
764      764   (0)      5  : 0.4160 0.5840
765      765   (0)      5  : 0.5230 0.4770
766      766   (0)      5  : 0.5078 0.4922
767      767   (0)      5  : 0.5120 0.4880
768      768   (0)      5  : 0.5620 0.4380
769      769   (0)      5  : 0.5218 0.4782
770      770   (0)      5  : 0.6592 0.3408
771      771   (0)      5  : 0.5352 0.4648
772      772   (0)      5  : 0.5386 0.4614
773      773   (0)      5  : 0.4292 0.5708
774      774   (0)      5  : 0.5350 0.4650
775      775   (0)      5  : 0.4686 0.5314
776      776   (0)      5  : 0.5560 0.4440
777      777   (0)      5  : 0.5984 0.4016
778      778   (0)      5  : 0.4900 0.5100
779      779   (0)      5  : 0.4512 0.5488
780      780   (0)      5  : 0.4590 0.5410
781      781   (0)      5  : 0.5640 0.4360
782      782   (0)      5  : 0.5140 0.4860
783      783   (0)      5  : 0.4760 0.5240
784      784   (0)      5  : 0.5702 0.4298
785      785   (0)      5  : 0.5612 0.4388
786      786   (0)      5  : 0.4310 0.5690
787      787   (0)      5  : 0.6050 0.3950
788      788   (0)      5  : 0.5310 0.4690
789      789   (0)      5  : 0.5110 0.4890
790      790   (0)      5  : 0.5200 0.4800
791      791   (0)      5  : 0.4786 0.5214
792      792   (0)      5  : 0.4282 0.5718
793      793   (0)      5  : 0.5396 0.4604
794      794   (0)      5  : 0.5000 0.5000
795      795   (0)      5  : 0.4660 0.5340
796      796   (0)      5  : 0.4820 0.5180
797      797   (0)      5  : 0.5140 0.4860
798      798   (0)      5  : 0.6722 0.3278
799      799   (0)      5  : 0.4990 0.5010
800      800   (0)      5  : 0.5686 0.4314
801      801   (0)      6  : 0.3160 0.6840
802      802   (0)      6  : 0.2360 0.7640
803      803   (0)      6  : 0.3242 0.6758
804      804   (0)      6  : 0.3230 0.6770
805      805   (0)      6  : 0.2550 0.7450
806      806   (0)      6  : 0.2970 0.7030
807      807   (0)      6  : 0.2170 0.7830
808      808   (0)      6  : 0.2390 0.7610
809      809   (0)      6  : 0.2086 0.7914
810      810   (0)      6  : 0.2980 0.7020
811      811   (0)      6  : 0.2970 0.7030
812      812   (0)      6  : 0.2250 0.7750
813      813   (0)      6  : 0.2492 0.7508
814      814   (0)      6  : 0.2770 0.7230
815      815   (0)      6  : 0.3280 0.6720
816      816   (0)      6  : 0.2680 0.7320
817      817   (0)      6  : 0.1742 0.8258
818      818   (0)      6  : 0.2790 0.7210
819      819   (0)      6  : 0.2260 0.7740
820      820   (0)      6  : 0.2100 0.7900
821      821   (0)      6  : 0.2910 0.7090
822      822   (0)      6  : 0.2280 0.7720
823      823   (0)      6  : 0.1910 0.8090
824      824   (0)      6  : 0.3042 0.6958
825      825   (0)      6  : 0.1870 0.8130
826      826   (0)      6  : 0.2486 0.7514
827      827   (0)      6  : 0.2820 0.7180
828      828   (0)      6  : 0.1870 0.8130
829      829   (0)      6  : 0.1510 0.8490
830      830   (0)      6  : 0.4050 0.5950
831      831   (0)      6  : 0.4230 0.5770
832      832   (0)      6  : 0.3410 0.6590
833      833   (0)      6  : 0.2250 0.7750
834      834   (0)      6  : 0.3460 0.6540
835      835   (0)      6  : 0.2870 0.7130
836      836   (0)      6  : 0.2010 0.7990
837      837   (0)      6  : 0.1960 0.8040
838      838   (0)      6  : 0.1660 0.8340
839      839   (0)      6  : 0.1940 0.8060
840      840   (0)      6  : 0.3550 0.6450
841      841   (0)      6  : 0.3020 0.6980
842      842   (0)      6  : 0.2870 0.7130
843      843   (0)      6  : 0.1440 0.8560
844      844   (0)      6  : 0.1870 0.8130
845      845   (0)      6  : 0.2240 0.7760
846      846   (0)      6  : 0.3172 0.6828
847      847   (0)      6  : 0.2630 0.7370
848      848   (0)      6  : 0.5116 0.4884
849      849   (0)      6  : 0.2520 0.7480
850      850   (0)      6  : 0.3662 0.6338
851      851   (0)      6  : 0.2550 0.7450
852      852   (0)      6  : 0.3100 0.6900
853      853   (0)      6  : 0.3510 0.6490
854      854   (0)      6  : 0.1370 0.8630
855      855   (0)      6  : 0.2620 0.7380
856      856   (0)      6  : 0.2304 0.7696
857      857   (0)      6  : 0.2590 0.7410
858      858   (0)      6  : 0.2526 0.7474
859      859   (0)      6  : 0.1440 0.8560
860      860   (0)      6  : 0.1170 0.8830
861      861   (0)      6  : 0.4540 0.5460
862      862   (0)      6  : 0.0210 0.9790
863      863   (0)      6  : 0.1274 0.8726
864      864   (0)      6  : 0.2418 0.7582
865      865   (0)      6  : 0.2470 0.7530
866      866   (0)      6  : 0.2422 0.7578
867      867   (0)      6  : 0.1834 0.8166
868      868   (0)      6  : 0.2536 0.7464
869      869   (0)      6  : 0.2340 0.7660
870      870   (0)      6  : 0.2760 0.7240
871      871   (0)      6  : 0.2740 0.7260
872      872   (0)      6  : 0.2618 0.7382
873      873   (0)      6  : 0.2170 0.7830
874      874   (0)      6  : 0.3550 0.6450
875      875   (0)      6  : 0.5160 0.4840
876      876   (0)      6  : 0.3060 0.6940
877      877   (0)      6  : 0.4490 0.5510
878      878   (0)      6  : 0.3010 0.6990
879      879   (0)      6  : 0.3290 0.6710
880      880   (0)      6  : 0.3060 0.6940
881      881   (0)      6  : 0.2890 0.7110
882      882   (0)      6  : 0.3500 0.6500
883      883   (0)      6  : 0.3760 0.6240
884      884   (0)      6  : 0.3910 0.6090
885      885   (0)      6  : 0.2710 0.7290
886      886   (0)      6  : 0.3078 0.6922
887      887   (0)      6  : 0.2762 0.7238
888      888   (0)      6  : 0.1510 0.8490
889      889   (0)      6  : 0.2480 0.7520
890      890   (0)      6  : 0.1590 0.8410
891      891   (0)      6  : 0.2120 0.7880
892      892   (0)      6  : 0.3820 0.6180
893      893   (0)      6  : 0.1970 0.8030
894      894   (0)      6  : 0.2966 0.7034
895      895   (0)      6  : 0.0414 0.9586
896      896   (0)      6  : 0.2792 0.7208
897      897   (0)      6  : 0.1710 0.8290
898      898   (0)      6  : 0.1716 0.8284
899      899   (0)      6  : 0.2650 0.7350
900      900   (0)      6  : 0.2550 0.7450
901      901   (0)      7  : 0.1920 0.8080
902      902   (0)      7  : 0.1470 0.8530
903      903   (0)      7  : 0.2800 0.7200
904      904   (0)      7  : 0.0110 0.9890
905      905   (0)      7  : 0.1874 0.8126
906      906   (0)      7  : 0.0120 0.9880
907      907   (0)      7  : 0.0390 0.9610
908      908   (0)      7  : 0.0360 0.9640
909      909   (0)      7  : 0.3150 0.6850
910      910   (0)      7  : 0.1512 0.8488
911      911   (0)      7  : 0.1010 0.8990
912      912   (0)      7  : 0.0760 0.9240
913      913   (0)      7  : 0.1720 0.8280
914      914   (0)      7  : 0.0450 0.9550
915      915   (0)      7  : 0.1580 0.8420
916      916   (0)      7  : 0.1430 0.8570
917      917   (0)      7  : 0.1242 0.8758
918      918   (0)      7  : 0.0190 0.9810
919      919   (0)      7  : 0.1090 0.8910
920      920   (0)      7  : 0.0160 0.9840
921      921   (0)      7  : 0.0060 0.9940
922      922   (0)      7  : 0.1210 0.8790
923      923   (0)      7  : 0.0950 0.9050
924      924   (0)      7  : 0.1260 0.8740
925      925   (0)      7  : 0.1470 0.8530
926      926   (0)      7  : 0.1334 0.8666
927      927   (0)      7  : 0.2304 0.7696
928      928   (0)      7  : 0.1210 0.8790
929      929   (0)      7  : 0.1400 0.8600
930      930   (0)      7  : 0.0820 0.9180
931      931   (0)      7  : 0.1990 0.8010
932      932   (0)      7  : 0.1600 0.8400
933      933   (0)      7  : 0.0410 0.9590
934      934   (0)      7  : 0.0550 0.9450
935      935   (0)      7  : 0.2510 0.7490
936      936   (0)      7  : 0.1080 0.8920
937      937   (0)      7  : 0.2430 0.7570
938      938   (0)      7  : 0.1940 0.8060
939      939   (0)      7  : 0.0930 0.9070
940      940   (0)      7  : 0.0420 0.9580
941      941   (0)      7  : 0.0990 0.9010
942      942   (0)      7  : 0.2870 0.7130
943      943   (0)      7  : 0.2232 0.7768
944      944   (0)      7  : 0.1268 0.8732
945      945   (0)      7  : 0.1920 0.8080
946      946   (0)      7  : 0.0636 0.9364
947      947   (0)      7  : 0.0720 0.9280
948      948   (0)      7  : 0.1080 0.8920
949      949   (0)      7  : 0.2340 0.7660
950      950   (0)      7  : 0.1190 0.8810
951      951   (0)      7  : 0.0960 0.9040
952      952   (0)      7  : 0.0900 0.9100
953      953   (0)      7  : 0.2306 0.7694
954      954   (0)      7  : 0.1130 0.8870
955      955   (0)      7  : 0.0650 0.9350
956      956   (0)      7  : 0.1190 0.8810
957      957   (0)      7  : 0.0708 0.9292
958      958   (0)      7  : 0.0420 0.9580
959      959   (0)      7  : 0.2232 0.7768
960      960   (0)      7  : 0.0790 0.9210
961      961   (0)      7  : 0.0910 0.9090
962      962   (0)      7  : 0.1460 0.8540
963      963   (0)      7  : 0.1710 0.8290
964      964   (0)      7  : 0.1124 0.8876
965      965   (0)      7  : 0.0420 0.9580
966      966   (0)      7  : 0.0134 0.9866
967      967   (0)      7  : 0.0460 0.9540
968      968   (0)      7  : 0.0070 0.9930
969      969   (0)      7  : 0.2960 0.7040
970      970   (0)      7  : 0.0470 0.9530
971      971   (0)      7  : 0.2040 0.7960
972      972   (0)      7  : 0.1908 0.8092
973      973   (0)      7  : 0.0280 0.9720
974      974   (0)      7  : 0.1660 0.8340
975      975   (0)      7  : 0.2070 0.7930
976      976   (0)      7  : 0.1560 0.8440
977      977   (0)      7  : 0.1768 0.8232
978      978   (0)      7  : 0.2000 0.8000
979      979   (0)      7  : 0.1110 0.8890
980      980   (0)      7  : 0.2004 0.7996
981      981   (0)      7  : 0.1616 0.8384
982      982   (0)      7  : 0.1146 0.8854
983      983   (0)      7  : 0.0510 0.9490
984      984   (0)      7  : 0.1280 0.8720
985      985   (0)      7  : 0.1400 0.8600
986      986   (0)      7  : 0.0940 0.9060
987      987   (0)      7  : 0.0260 0.9740
988      988   (0)      7  : 0.0592 0.9408
989      989   (0)      7  : 0.2496 0.7504
990      990   (0)      7  : 0.2170 0.7830
991      991   (0)      7  : 0.1740 0.8260
992      992   (0)      7  : 0.1100 0.8900
993      993   (0)      7  : 0.2110 0.7890
994      994   (0)      7  : 0.0890 0.9110
995      995   (0)      7  : 0.1122 0.8878
996      996   (0)      7  : 0.1230 0.8770
997      997   (0)      7  : 0.1550 0.8450
998      998   (0)      7  : 0.0060 0.9940
999      999   (0)      7  : 0.2456 0.7544
1000     1000   (0)      7  : 0.1710 0.8290
1001     1001   (5)      8  : 0.0120 0.9880
1002     1002   (0)      8  : 0.0150 0.9850
1003     1003   (0)      8  : 0.0070 0.9930
1004     1004   (0)      8  : 0.0320 0.9680
1005     1005   (0)      8  : 0.0080 0.9920
1006     1006   (0)      8  : 0.0090 0.9910
1007     1007   (0)      8  : 0.0060 0.9940
1008     1008   (0)      8  : 0.0100 0.9900
1009     1009   (0)      8  : 0.0070 0.9930
1010     1010   (0)      8  : 0.0090 0.9910
1011     1011   (0)      8  : 0.0050 0.9950
1012     1012   (0)      8  : 0.0070 0.9930
1013     1013   (0)      8  : 0.0130 0.9870
1014     1014   (5)      8  : 0.0050 0.9950
1015     1015   (0)      8  : 0.0070 0.9930
1016     1016   (0)      8  : 0.0060 0.9940
1017     1017   (0)      8  : 0.0080 0.9920
1018     1018   (0)      8  : 0.0090 0.9910
1019     1019   (0)      8  : 0.0130 0.9870
1020     1020   (0)      8  : 0.0060 0.9940
1021     1021   (0)      8  : 0.0050 0.9950
1022     1022   (0)      8  : 0.0110 0.9890
1023     1023   (0)      8  : 0.0060 0.9940
1024     1024   (0)      8  : 0.0050 0.9950
1025     1025   (0)      8  : 0.0050 0.9950
1026     1026   (0)      8  : 0.0064 0.9936
1027     1027   (0)      8  : 0.0060 0.9940
1028     1028   (0)      8  : 0.0070 0.9930
1029     1029   (0)      9  : 0.0060 0.9940
1030     1030   (0)      9  : 0.0070 0.9930
1031     1031   (0)      9  : 0.0070 0.9930
1032     1032   (0)      9  : 0.0060 0.9940
1033     1033   (0)      9  : 0.0060 0.9940
1034     1034   (0)      9  : 0.0050 0.9950
1035     1035   (0)      9  : 0.0080 0.9920
1036     1036   (0)      9  : 0.0060 0.9940
1037     1037   (0)      9  : 0.0060 0.9940
1038     1038   (0)      9  : 0.0080 0.9920
1039     1039   (0)      9  : 0.0080 0.9920
1040     1040   (0)      9  : 0.0120 0.9880
1041     1041   (0)      9  : 0.0060 0.9940
1042     1042   (0)      9  : 0.0080 0.9920
1043     1043   (0)      9  : 0.0060 0.9940
1044     1044   (0)      9  : 0.0080 0.9920
1045     1045   (0)      9  : 0.0090 0.9910
1046     1046   (0)      9  : 0.0070 0.9930
1047     1047   (0)      9  : 0.0070 0.9930
1048     1048   (0)      9  : 0.0058 0.9942
1049     1049   (0)      9  : 0.0060 0.9940
1050     1050   (0)      9  : 0.0090 0.9910
1051     1051   (0)      9  : 0.0060 0.9940
1052     1052   (0)      9  : 0.0060 0.9940
1053     1053   (0)      9  : 0.0100 0.9900
1054     1054   (0)      9  : 0.0070 0.9930
1055     1055   (0)      9  : 0.0260 0.9740
1056     1056   (0)      9  : 0.0170 0.9830
1057     1057   (0)      9  : 0.0090 0.9910
1058     1058   (0)      9  : 0.0080 0.9920
1059     1059   (0)      9  : 0.0060 0.9940
1060     1060   (0)      9  : 0.0050 0.9950
1061     1061   (0)      9  : 0.0050 0.9950
1062     1062   (0)      9  : 0.0060 0.9940
1063     1063   (0)      9  : 0.0110 0.9890
1064     1064   (0)      9  : 0.0060 0.9940
1065     1065   (0)      9  : 0.0060 0.9940
1066     1066   (0)      9  : 0.0100 0.9900
1067     1067   (0)      9  : 0.0050 0.9950
1068     1068   (0)      9  : 0.0160 0.9840
1069     1069   (0)      9  : 0.0060 0.9940
1070     1070   (0)      9  : 0.0050 0.9950
1071     1071   (0)      9  : 0.0060 0.9940
1072     1072   (0)      9  : 0.0090 0.9910
1073     1073   (0)      9  : 0.0070 0.9930
1074     1074   (0)      9  : 0.0070 0.9930
1075     1075   (0)      9  : 0.0070 0.9930
1076     1076   (0)      9  : 0.0070 0.9930
1077     1077   (0)      9  : 0.0090 0.9910
1078     1078   (0)      9  : 0.0080 0.9920
1079     1079   (0)      9  : 0.0060 0.9940
1080     1080   (0)      9  : 0.0070 0.9930
1081     1081   (0)      9  : 0.0070 0.9930
1082     1082   (0)      9  : 0.0100 0.9900
1083     1083   (0)      9  : 0.0090 0.9910
1084     1084   (0)      9  : 0.0110 0.9890
1085     1085   (0)      9  : 0.0070 0.9930
1086     1086   (0)      9  : 0.0070 0.9930
1087     1087   (0)      9  : 0.0070 0.9930
1088     1088   (0)      9  : 0.0110 0.9890
1089     1089   (0)      9  : 0.0110 0.9890
1090     1090   (0)      9  : 0.0100 0.9900
1091     1091   (0)      9  : 0.0080 0.9920
1092     1092   (0)      9  : 0.0060 0.9940
1093     1093   (0)      9  : 0.0190 0.9810
1094     1094   (0)      9  : 0.0060 0.9940
1095     1095   (0)      9  : 0.0060 0.9940
1096     1096   (0)      9  : 0.0072 0.9928
1097     1097   (0)      9  : 0.0120 0.9880
1098     1098   (0)      9  : 0.0070 0.9930
1099     1099   (0)      9  : 0.0050 0.9950
1100     1100   (0)      9  : 0.0060 0.9940
1101     1101   (0)      9  : 0.0100 0.9900
1102     1102   (0)      9  : 0.0190 0.9810
1103     1103   (0)      9  : 0.0060 0.9940
1104     1104   (0)      9  : 0.0120 0.9880
1105     1105   (0)      9  : 0.0060 0.9940
1106     1106   (0)      9  : 0.0070 0.9930
1107     1107   (0)      9  : 0.0064 0.9936
1108     1108   (0)      9  : 0.0050 0.9950
1109     1109   (0)      9  : 0.0090 0.9910
1110     1110   (0)      9  : 0.0080 0.9920
1111     1111   (0)      9  : 0.0060 0.9940
1112     1112   (0)      9  : 0.0070 0.9930
1113     1113   (0)      9  : 0.0060 0.9940
1114     1114   (0)      9  : 0.0060 0.9940
1115     1115   (0)      9  : 0.0090 0.9910
1116     1116   (0)      9  : 0.0060 0.9940
1117     1117   (0)      9  : 0.0120 0.9880
1118     1118   (0)      9  : 0.0070 0.9930
1119     1119   (0)      9  : 0.0070 0.9930
1120     1120   (0)      9  : 0.0050 0.9950
1121     1121   (0)      9  : 0.0060 0.9940
1122     1122   (0)      9  : 0.0060 0.9940
1123     1123   (0)      9  : 0.0050 0.9950
1124     1124   (0)      9  : 0.0070 0.9930
1125     1125   (0)      9  : 0.0070 0.9930
1126     1126   (0)      9  : 0.0060 0.9940
1127     1127   (0)      9  : 0.0060 0.9940
1128     1128   (0)      9  : 0.0050 0.9950
1129     1129   (0)      9  : 0.0110 0.9890
1130     1130   (0)      9  : 0.0070 0.9930
1131     1131   (0)      9  : 0.0060 0.9940
1132     1132   (0)      9  : 0.0050 0.9950
1133     1133   (0)      9  : 0.0070 0.9930
1134     1134   (0)      9  : 0.0080 0.9920
1135     1135   (0)      9  : 0.0070 0.9930
1136     1136   (0)      9  : 0.0090 0.9910
1137     1137   (0)      9  : 0.0100 0.9900
1138     1138   (0)      9  : 0.0060 0.9940
1139     1139   (0)      9  : 0.0140 0.9860
1140     1140   (0)      9  : 0.0080 0.9920
1141     1141   (0)      9  : 0.0080 0.9920
1142     1142   (0)      9  : 0.0190 0.9810
1143     1143   (0)      9  : 0.0060 0.9940
1144     1144   (0)      9  : 0.0070 0.9930
1145     1145   (0)      9  : 0.0050 0.9950
1146     1146   (0)      9  : 0.0120 0.9880
1147     1147   (0)      9  : 0.0050 0.9950
1148     1148   (0)      9  : 0.0050 0.9950
1149     1149   (0)      9  : 0.0100 0.9900
1150     1150   (0)      9  : 0.0184 0.9816
1151     1151   (0)      9  : 0.0050 0.9950
1152     1152   (0)      9  : 0.0064 0.9936
1153     1153   (0)      9  : 0.0100 0.9900
1154     1154   (0)      9  : 0.0080 0.9920
1155     1155   (0)      9  : 0.0070 0.9930
1156     1156   (0)      9  : 0.0070 0.9930
1157     1157   (0)      9  : 0.0070 0.9930
1158     1158   (0)      9  : 0.0060 0.9940
1159     1159   (0)      9  : 0.0070 0.9930
1160     1160   (0)      9  : 0.0050 0.9950
1161     1161   (0)      9  : 0.0100 0.9900
1162     1162   (0)      9  : 0.0050 0.9950
1163     1163   (0)      9  : 0.0050 0.9950
1164     1164   (0)      9  : 0.0080 0.9920
1165     1165   (0)      9  : 0.0070 0.9930
1166     1166   (0)      9  : 0.0060 0.9940
1167     1167   (0)      9  : 0.0050 0.9950
1168     1168   (0)      9  : 0.0060 0.9940
1169     1169   (0)      9  : 0.0070 0.9930
1170     1170   (0)      9  : 0.0070 0.9930
1171     1171   (0)      9  : 0.0260 0.9740
1172     1172   (0)      9  : 0.0050 0.9950
1173     1173   (0)      9  : 0.0090 0.9910
1174     1174   (0)      9  : 0.0060 0.9940
1175     1175   (0)      9  : 0.0068 0.9932
1176     1176   (0)      9  : 0.0070 0.9930
1177     1177   (0)      9  : 0.0060 0.9940
1178     1178   (0)      9  : 0.0110 0.9890
1179     1179   (0)      9  : 0.0060 0.9940
1180     1180   (0)      9  : 0.0060 0.9940
1181     1181   (0)      9  : 0.0090 0.9910
1182     1182   (0)      9  : 0.0080 0.9920
1183     1183   (0)      9  : 0.0050 0.9950
1184     1184   (0)      9  : 0.0100 0.9900
1185     1185   (0)      9  : 0.0210 0.9790
1186     1186   (0)      9  : 0.0060 0.9940
1187     1187   (0)      9  : 0.0070 0.9930
1188     1188   (0)      9  : 0.0110 0.9890
1189     1189   (0)      9  : 0.0080 0.9920
1190     1190   (0)      9  : 0.0078 0.9922
1191     1191   (0)      9  : 0.0090 0.9910
1192     1192   (0)      9  : 0.0070 0.9930
1193     1193   (0)      9  : 0.0070 0.9930
1194     1194   (0)      9  : 0.0180 0.9820
1195     1195   (0)      9  : 0.0050 0.9950
1196     1196   (0)      9  : 0.0060 0.9940
1197     1197   (0)      9  : 0.0126 0.9874
1198     1198   (0)      9  : 0.0070 0.9930
1199     1199   (0)      9  : 0.0060 0.9940
1200     1200   (0)      9  : 0.0070 0.9930
1201     1201   (0)      9  : 0.0060 0.9940
1202     1202   (0)      9  : 0.0060 0.9940
1203     1203   (0)      9  : 0.0080 0.9920
1204     1204   (0)      9  : 0.0090 0.9910
1205     1205   (0)      9  : 0.0090 0.9910
1206     1206   (0)      9  : 0.0070 0.9930
1207     1207   (0)      9  : 0.0080 0.9920
1208     1208   (0)      9  : 0.0090 0.9910
1209     1209   (0)      9  : 0.0060 0.9940
1210     1210   (0)      9  : 0.0140 0.9860
1211     1211   (0)      9  : 0.0050 0.9950
1212     1212   (0)      9  : 0.0050 0.9950
1213     1213   (0)      9  : 0.0060 0.9940
1214     1214   (0)      9  : 0.0090 0.9910
1215     1215   (0)      9  : 0.0060 0.9940
1216     1216   (0)      9  : 0.0070 0.9930
1217     1217   (0)      9  : 0.0070 0.9930
1218     1218   (0)      9  : 0.0060 0.9940
1219     1219   (0)      9  : 0.0100 0.9900
1220     1220   (0)      9  : 0.0060 0.9940
1221     1221   (0)      9  : 0.0100 0.9900
1222     1222   (0)      9  : 0.0150 0.9850
1223     1223   (0)      9  : 0.0070 0.9930
1224     1224   (0)      9  : 0.0070 0.9930
1225     1225   (0)      9  : 0.0080 0.9920
1226     1226   (0)      9  : 0.0080 0.9920
1227     1227   (0)      9  : 0.0060 0.9940
1228     1228   (0)      9  : 0.0060 0.9940
1229     1229   (0)      9  : 0.0050 0.9950
1230     1230   (0)      9  : 0.0076 0.9924
1231     1231   (0)      9  : 0.0110 0.9890
1232     1232   (0)      9  : 0.0080 0.9920
1233     1233   (0)      9  : 0.0070 0.9930
1234     1234   (0)      9  : 0.0050 0.9950
1235     1235   (0)      9  : 0.0060 0.9940
1236     1236   (0)      9  : 0.0070 0.9930
1237     1237   (0)      9  : 0.0080 0.9920
1238     1238   (0)      9  : 0.0080 0.9920
1239     1239   (0)      9  : 0.0080 0.9920
1240     1240   (0)      9  : 0.0070 0.9930
1241     1241   (0)      9  : 0.0060 0.9940
1242     1242   (0)      9  : 0.0050 0.9950
1243     1243   (0)      9  : 0.0060 0.9940
1244     1244   (0)      9  : 0.0140 0.9860
1245     1245   (0)      9  : 0.0120 0.9880
1246     1246   (0)      9  : 0.0080 0.9920
1247     1247   (0)      9  : 0.0060 0.9940
1248     1248   (0)      9  : 0.0100 0.9900
1249     1249   (0)      9  : 0.0060 0.9940
1250     1250   (0)      9  : 0.0100 0.9900
1251     1251   (0)      9  : 0.0070 0.9930
1252     1252   (0)      9  : 0.0070 0.9930
1253     1253   (0)      9  : 0.0080 0.9920
1254     1254   (0)      9  : 0.0080 0.9920
1255     1255   (0)      9  : 0.0060 0.9940
1256     1256   (0)      9  : 0.0058 0.9942
1257     1257   (0)      9  : 0.0070 0.9930
1258     1258   (0)      9  : 0.0170 0.9830
1259     1259   (0)      9  : 0.0060 0.9940
1260     1260   (0)      9  : 0.0100 0.9900
1261     1261   (0)      9  : 0.0080 0.9920
1262     1262   (0)      9  : 0.0100 0.9900
1263     1263   (0)      9  : 0.0050 0.9950
1264     1264   (0)      9  : 0.0110 0.9890
1265     1265   (0)      9  : 0.0080 0.9920
1266     1266   (0)      9  : 0.0060 0.9940
1267     1267   (0)      9  : 0.0060 0.9940
1268     1268   (0)      9  : 0.0060 0.9940
1269     1269   (0)      9  : 0.0240 0.9760
1270     1270   (0)      9  : 0.0060 0.9940
1271     1271   (0)      9  : 0.0050 0.9950
1272     1272   (0)      9  : 0.0090 0.9910
1273     1273   (0)      9  : 0.0050 0.9950
1274     1274   (0)      9  : 0.0060 0.9940
1275     1275   (0)      9  : 0.0070 0.9930
1276     1276   (0)      9  : 0.0060 0.9940
1277     1277   (0)      9  : 0.0090 0.9910
1278     1278   (0)      9  : 0.0060 0.9940
1279     1279   (0)      9  : 0.0050 0.9950
1280     1280   (0)      9  : 0.0150 0.9850
1281     1281   (0)      9  : 0.0050 0.9950
1282     1282   (0)      9  : 0.0060 0.9940
1283     1283   (0)      9  : 0.0120 0.9880
1284     1284   (0)      9  : 0.0120 0.9880
1285     1285   (0)      9  : 0.0050 0.9950
1286     1286   (0)      9  : 0.0066 0.9934
1287     1287   (0)      9  : 0.0070 0.9930
1288     1288   (0)      9  : 0.0060 0.9940
1289     1289   (0)      9  : 0.0060 0.9940
1290     1290   (0)      9  : 0.0040 0.9960
1291     1291   (0)      9  : 0.0070 0.9930
1292     1292   (0)      9  : 0.0120 0.9880
1293     1293   (0)      9  : 0.0130 0.9870
1294     1294   (0)      9  : 0.0090 0.9910
1295     1295   (0)      9  : 0.0060 0.9940
1296     1296   (0)      9  : 0.0080 0.9920
1297     1297   (0)      9  : 0.0096 0.9904
1298     1298   (0)      9  : 0.0070 0.9930
1299     1299   (0)      9  : 0.0140 0.9860
1300     1300   (0)      9  : 0.0070 0.9930
1301     1301   (0)      9  : 0.0090 0.9910
1302     1302   (0)      9  : 0.0062 0.9938
1303     1303   (0)      9  : 0.0060 0.9940
1304     1304   (0)      9  : 0.0070 0.9930
1305     1305   (0)      9  : 0.0180 0.9820
1306     1306   (0)      9  : 0.0220 0.9780
1307     1307   (0)      9  : 0.0080 0.9920
1308     1308   (0)      9  : 0.0060 0.9940
1309     1309   (0)      9  : 0.0060 0.9940
1310     1310   (0)      9  : 0.0060 0.9940
1311     1311   (0)      9  : 0.0070 0.9930
1312     1312   (0)      9  : 0.0080 0.9920
1313     1313   (0)      9  : 0.0100 0.9900
1314     1314   (0)      9  : 0.0100 0.9900
1315     1315   (0)      9  : 0.0150 0.9850
1316     1316   (0)      9  : 0.0060 0.9940
1317     1317   (0)      9  : 0.0060 0.9940
1318     1318   (0)      9  : 0.0100 0.9900
1319     1319   (0)      9  : 0.0140 0.9860
1320     1320   (0)      9  : 0.0060 0.9940
1321     1321   (0)      9  : 0.0060 0.9940
1322     1322   (0)      9  : 0.0070 0.9930
1323     1323   (0)      9  : 0.0060 0.9940
1324     1324   (0)      9  : 0.0080 0.9920
1325     1325   (0)      9  : 0.0060 0.9940
1326     1326   (0)      9  : 0.0070 0.9930
1327     1327   (0)      9  : 0.0050 0.9950
1328     1328   (0)      9  : 0.0080 0.9920
1329     1329   (0)      9  : 0.0060 0.9940
1330     1330   (0)      9  : 0.0130 0.9870
1331     1331   (0)      9  : 0.0090 0.9910
1332     1332   (0)      9  : 0.0050 0.9950
1333     1333   (0)      9  : 0.0050 0.9950
1334     1334   (0)      9  : 0.0100 0.9900
1335     1335   (0)      9  : 0.0060 0.9940
1336     1336   (0)      9  : 0.0050 0.9950
1337     1337   (0)      9  : 0.0060 0.9940
1338     1338   (0)      9  : 0.0090 0.9910
1339     1339   (0)      9  : 0.0066 0.9934
1340     1340   (0)      9  : 0.0060 0.9940
1341     1341   (0)      9  : 0.0060 0.9940
1342     1342   (0)      9  : 0.0060 0.9940
1343     1343   (0)      9  : 0.0060 0.9940
1344     1344   (0)      9  : 0.0080 0.9920
1345     1345   (0)      9  : 0.0060 0.9940
1346     1346   (0)      9  : 0.0050 0.9950
1347     1347   (0)      9  : 0.0060 0.9940
1348     1348   (0)      9  : 0.0110 0.9890
1349     1349   (0)      9  : 0.0080 0.9920
1350     1350   (0)      9  : 0.0070 0.9930
1351     1351   (0)      9  : 0.0060 0.9940
1352     1352   (0)      9  : 0.0060 0.9940
1353     1353   (0)      9  : 0.0050 0.9950
1354     1354   (0)      9  : 0.0060 0.9940
1355     1355   (0)      9  : 0.0070 0.9930
1356     1356   (0)      9  : 0.0060 0.9940
1357     1357   (0)      9  : 0.0060 0.9940
1358     1358   (0)      9  : 0.0190 0.9810
1359     1359   (0)      9  : 0.0070 0.9930
1360     1360   (0)      9  : 0.0060 0.9940
1361     1361   (0)      9  : 0.0070 0.9930
1362     1362   (0)      9  : 0.0070 0.9930
1363     1363   (0)      9  : 0.0060 0.9940
1364     1364   (0)      9  : 0.0080 0.9920
1365     1365   (0)      9  : 0.0058 0.9942
1366     1366   (0)      9  : 0.0090 0.9910
1367     1367   (0)      9  : 0.0050 0.9950
1368     1368   (0)      9  : 0.0300 0.9700
1369     1369   (0)      9  : 0.0080 0.9920
1370     1370   (0)      9  : 0.0070 0.9930
1371     1371   (0)      9  : 0.0060 0.9940
1372     1372   (0)      9  : 0.0080 0.9920
1373     1373   (0)      9  : 0.0090 0.9910
1374     1374   (0)      9  : 0.0080 0.9920
1375     1375   (0)      9  : 0.0160 0.9840
1376     1376   (0)      9  : 0.0110 0.9890
1377     1377   (0)      9  : 0.0070 0.9930
1378     1378   (0)      9  : 0.0110 0.9890
1379     1379   (0)      9  : 0.0150 0.9850
1380     1380   (0)      9  : 0.0060 0.9940
1381     1381   (0)      9  : 0.0060 0.9940
1382     1382   (0)      9  : 0.0050 0.9950
1383     1383   (0)      9  : 0.0060 0.9940
1384     1384   (0)      9  : 0.0070 0.9930
1385     1385   (0)      9  : 0.0060 0.9940
1386     1386   (0)      9  : 0.0130 0.9870
1387     1387   (0)      9  : 0.0050 0.9950
1388     1388   (0)      9  : 0.0050 0.9950
1389     1389   (0)      9  : 0.0050 0.9950
1390     1390   (0)      9  : 0.0100 0.9900
1391     1391   (0)      9  : 0.0060 0.9940
1392     1392   (0)      9  : 0.0080 0.9920
1393     1393   (0)      9  : 0.0090 0.9910
1394     1394   (0)      9  : 0.0110 0.9890
1395     1395   (0)      9  : 0.0050 0.9950
1396     1396   (0)      9  : 0.0060 0.9940
1397     1397   (0)      9  : 0.0050 0.9950
1398     1398   (0)      9  : 0.0110 0.9890
1399     1399   (0)      9  : 0.0060 0.9940
1400     1400   (0)      9  : 0.0080 0.9920
1401     1401   (0)      9  : 0.0060 0.9940
1402     1402   (0)      9  : 0.0130 0.9870
1403     1403   (0)      9  : 0.0060 0.9940
1404     1404   (0)      9  : 0.0060 0.9940
1405     1405   (0)      9  : 0.0070 0.9930
1406     1406   (0)      9  : 0.0060 0.9940
1407     1407   (0)      9  : 0.0170 0.9830
1408     1408   (0)      9  : 0.0050 0.9950
1409     1409   (0)      9  : 0.0050 0.9950
1410     1410   (0)      9  : 0.0070 0.9930
1411     1411   (0)      9  : 0.0060 0.9940
1412     1412   (0)      9  : 0.0050 0.9950
1413     1413   (0)      9  : 0.0070 0.9930
1414     1414   (0)      9  : 0.0100 0.9900
1415     1415   (0)      9  : 0.0046 0.9954
1416     1416   (0)      9  : 0.0080 0.9920
1417     1417   (0)      9  : 0.0050 0.9950
1418     1418   (0)      9  : 0.0140 0.9860
1419     1419   (0)      9  : 0.0070 0.9930
1420     1420   (0)      9  : 0.0060 0.9940
1421     1421   (0)      9  : 0.0070 0.9930
1422     1422   (0)      9  : 0.0080 0.9920
1423     1423   (0)      9  : 0.0060 0.9940
1424     1424   (0)      9  : 0.0060 0.9940
1425     1425   (0)      9  : 0.0080 0.9920
1426     1426   (0)      9  : 0.0080 0.9920
1427     1427   (0)      9  : 0.0050 0.9950
1428     1428   (0)      9  : 0.0080 0.9920
1429     1429   (0)      9  : 0.0080 0.9920
1430     1430   (0)      9  : 0.0050 0.9950
1431     1431   (0)      9  : 0.0100 0.9900
1432     1432   (0)      9  : 0.0060 0.9940
1433     1433   (0)      9  : 0.0080 0.9920
1434     1434   (0)      9  : 0.0080 0.9920
1435     1435   (0)      9  : 0.0090 0.9910
1436     1436   (0)      9  : 0.0090 0.9910
1437     1437   (0)      9  : 0.0050 0.9950
1438     1438   (0)      9  : 0.0050 0.9950
1439     1439   (0)      9  : 0.0140 0.9860
1440     1440   (0)      9  : 0.0070 0.9930
1441     1441   (0)      9  : 0.0070 0.9930
1442     1442   (0)      9  : 0.0070 0.9930
1443     1443   (0)      9  : 0.0062 0.9938
1444     1444   (0)      9  : 0.0060 0.9940
1445     1445   (0)      9  : 0.0076 0.9924
1446     1446   (0)      9  : 0.0070 0.9930
1447     1447   (0)      9  : 0.0070 0.9930
1448     1448   (0)      9  : 0.0060 0.9940
1449     1449   (0)      9  : 0.0060 0.9940
1450     1450   (0)      9  : 0.0060 0.9940
1451     1451   (0)      9  : 0.0060 0.9940
1452     1452   (0)      9  : 0.0060 0.9940
1453     1453   (0)      9  : 0.0060 0.9940
1454     1454   (0)      9  : 0.0070 0.9930
1455     1455   (0)      9  : 0.0110 0.9890
1456     1456   (0)      9  : 0.0120 0.9880
1457     1457   (0)      9  : 0.0070 0.9930
1458     1458   (0)      9  : 0.0060 0.9940
1459     1459   (0)      9  : 0.0080 0.9920
1460     1460   (0)      9  : 0.0070 0.9930
1461     1461   (0)      9  : 0.0090 0.9910
1462     1462   (0)      9  : 0.0180 0.9820
1463     1463   (0)      9  : 0.0060 0.9940
1464     1464   (0)      9  : 0.0070 0.9930
1465     1465   (0)      9  : 0.0090 0.9910
1466     1466   (0)      9  : 0.0100 0.9900
1467     1467   (0)      9  : 0.0050 0.9950
1468     1468   (0)      9  : 0.0100 0.9900
1469     1469   (0)      9  : 0.0070 0.9930
1470     1470   (0)      9  : 0.0070 0.9930
1471     1471   (0)      9  : 0.0050 0.9950
1472     1472   (0)      9  : 0.0060 0.9940
1473     1473   (0)      9  : 0.0128 0.9872
1474     1474   (0)      9  : 0.0070 0.9930
1475     1475   (0)      9  : 0.0060 0.9940
1476     1476   (0)      9  : 0.0090 0.9910
1477     1477   (0)      9  : 0.0070 0.9930
1478     1478   (0)      9  : 0.0068 0.9932
1479     1479   (0)      9  : 0.0080 0.9920
1480     1480   (0)      9  : 0.0060 0.9940
1481     1481   (0)      9  : 0.0080 0.9920
1482     1482   (0)      9  : 0.0070 0.9930
1483     1483   (0)      9  : 0.0060 0.9940
1484     1484   (0)      9  : 0.0060 0.9940
1485     1485   (0)      9  : 0.0110 0.9890
1486     1486   (0)      9  : 0.0060 0.9940
1487     1487   (0)      9  : 0.0110 0.9890
1488     1488   (0)      9  : 0.0206 0.9794
1489     1489   (0)      9  : 0.0080 0.9920
1490     1490   (0)      9  : 0.0070 0.9930
1491     1491   (0)      9  : 0.0070 0.9930
1492     1492   (0)      9  : 0.0080 0.9920
1493     1493   (0)      9  : 0.0060 0.9940
1494     1494   (0)      9  : 0.0082 0.9918
1495     1495   (0)      9  : 0.0070 0.9930
1496     1496   (0)      9  : 0.0098 0.9902
1497     1497   (0)      9  : 0.0080 0.9920
1498     1498   (0)      9  : 0.0050 0.9950
1499     1499   (0)      9  : 0.0200 0.9800
1500     1500   (0)      9  : 0.0070 0.9930
