1        1   (5)      1  : 0.9910 0.0090
2        2   (5)      1  : 0.9680 0.0320
3        3   (5)      1  : 0.9920 0.0080
4        4   (0)      1  : 0.9890 0.0110
5        5   (0)      1  : 0.9730 0.0270
6        6   (0)      1  : 0.9890 0.0110
7        7   (0)      1  : 0.9730 0.0270
8        8   (5)      1  : 0.9910 0.0090
9        9   (0)      1  : 0.9920 0.0080
10       10   (0)      1  : 0.9820 0.0180
11       11   (0)      1  : 0.9900 0.0100
12       12   (0)      1  : 0.9750 0.0250
13       13   (0)      1  : 0.9840 0.0160
14       14   (0)      1  : 0.9900 0.0100
15       15   (0)      1  : 0.9920 0.0080
16       16   (0)      1  : 0.9930 0.0070
17       17   (0)      1  : 0.9940 0.0060
18       18   (0)      1  : 0.9850 0.0150
19       19   (0)      1  : 0.9692 0.0308
20       20   (0)      1  : 0.9750 0.0250
21       21   (0)      1  : 0.9880 0.0120
22       22   (0)      1  : 0.9940 0.0060
23       23   (0)      1  : 0.9930 0.0070
24       24   (0)      1  : 0.9830 0.0170
25       25   (0)      1  : 0.9750 0.0250
26       26   (0)      1  : 0.9810 0.0190
27       27   (5)      1  : 0.9832 0.0168
28       28   (0)      1  : 0.9940 0.0060
29       29   (0)      1  : 0.9920 0.0080
30       30   (0)      1  : 0.9730 0.0270
31       31   (0)      1  : 0.9930 0.0070
32       32   (0)      1  : 0.9818 0.0182
33       33   (0)      1  : 0.9920 0.0080
34       34   (0)      1  : 0.9930 0.0070
35       35   (0)      1  : 0.9842 0.0158
36       36   (0)      1  : 0.9806 0.0194
37       37   (0)      1  : 0.9830 0.0170
38       38   (0)      1  : 0.9810 0.0190
39       39   (0)      1  : 0.9820 0.0180
40       40   (0)      1  : 0.9870 0.0130
41       41   (0)      1  : 0.9900 0.0100
42       42   (0)      1  : 0.9900 0.0100
43       43   (0)      1  : 0.9930 0.0070
44       44   (0)      1  : 0.9950 0.0050
45       45   (5)      1  : 0.9840 0.0160
46       46   (0)      1  : 0.9950 0.0050
47       47   (0)      1  : 0.9940 0.0060
48       48   (0)      1  : 0.9910 0.0090
49       49   (0)      1  : 0.9832 0.0168
50       50   (0)      1  : 0.9912 0.0088
51       51   (0)      1  : 0.9830 0.0170
52       52   (0)      1  : 0.9350 0.0650
53       53   (0)      1  : 0.9910 0.0090
54       54   (0)      1  : 0.9940 0.0060
55       55   (0)      1  : 0.9920 0.0080
56       56   (0)      1  : 0.9920 0.0080
57       57  (10)      1  : 0.9850 0.0150
58       58   (5)      1  : 0.9890 0.0110
59       59   (0)      1  : 0.9880 0.0120
60       60   (0)      1  : 0.9930 0.0070
61       61   (0)      1  : 0.9900 0.0100
62       62   (0)      1  : 0.9920 0.0080
63       63   (0)      1  : 0.9910 0.0090
64       64   (0)      1  : 0.9930 0.0070
65       65   (0)      1  : 0.9468 0.0532
66       66   (0)      1  : 0.9920 0.0080
67       67   (5)      1  : 0.9680 0.0320
68       68   (0)      1  : 0.9900 0.0100
69       69   (0)      1  : 0.9930 0.0070
70       70   (0)      1  : 0.9910 0.0090
71       71   (5)      1  : 0.9870 0.0130
72       72   (0)      1  : 0.9790 0.0210
73       73   (5)      1  : 0.9930 0.0070
74       74  (10)      1  : 0.9840 0.0160
75       75  (10)      1  : 0.9720 0.0280
76       76   (0)      1  : 0.9910 0.0090
77       77  (10)      1  : 0.9890 0.0110
78       78   (0)      1  : 0.9820 0.0180
79       79   (5)      1  : 0.9920 0.0080
80       80   (0)      1  : 0.9930 0.0070
81       81   (0)      1  : 0.9920 0.0080
82       82   (0)      1  : 0.9920 0.0080
83       83   (0)      1  : 0.9900 0.0100
84       84   (0)      1  : 0.9846 0.0154
85       85   (0)      1  : 0.9930 0.0070
86       86   (5)      1  : 0.9904 0.0096
87       87   (0)      1  : 0.9920 0.0080
88       88   (0)      1  : 0.9770 0.0230
89       89   (0)      1  : 0.9460 0.0540
90       90   (0)      1  : 0.9920 0.0080
91       91   (0)      1  : 0.9890 0.0110
92       92   (0)      1  : 0.9910 0.0090
93       93   (0)      1  : 0.9920 0.0080
94       94   (5)      1  : 0.9710 0.0290
95       95   (0)      1  : 0.9880 0.0120
96       96   (5)      1  : 0.9910 0.0090
97       97   (0)      1  : 0.9940 0.0060
98       98   (0)      1  : 0.9860 0.0140
99       99   (5)      1  : 0.9880 0.0120
100      100   (5)      1  : 0.9930 0.0070
101      101   (0)      2  : 0.9660 0.0340
102      102   (0)      2  : 0.9850 0.0150
103      103   (0)      2  : 0.9890 0.0110
104      104   (0)      2  : 0.9870 0.0130
105      105   (0)      2  : 0.9940 0.0060
106      106   (0)      2  : 0.9930 0.0070
107      107   (0)      2  : 0.9950 0.0050
108      108   (0)      2  : 0.9860 0.0140
109      109   (0)      2  : 0.9900 0.0100
110      110   (0)      2  : 0.9910 0.0090
111      111   (0)      2  : 0.9940 0.0060
112      112   (0)      2  : 0.9836 0.0164
113      113   (0)      2  : 0.9892 0.0108
114      114   (0)      2  : 0.9940 0.0060
115      115   (0)      2  : 0.9910 0.0090
116      116   (0)      2  : 0.9828 0.0172
117      117   (0)      2  : 0.9930 0.0070
118      118   (0)      2  : 0.9890 0.0110
119      119   (0)      2  : 0.9924 0.0076
120      120   (0)      2  : 0.9930 0.0070
121      121   (0)      2  : 0.9810 0.0190
122      122   (0)      2  : 0.9900 0.0100
123      123   (0)      2  : 0.9900 0.0100
124      124   (0)      2  : 0.9940 0.0060
125      125   (0)      2  : 0.9880 0.0120
126      126   (0)      2  : 0.9920 0.0080
127      127   (0)      2  : 0.9930 0.0070
128      128   (0)      2  : 0.9930 0.0070
129      129   (0)      2  : 0.9930 0.0070
130      130   (0)      2  : 0.9816 0.0184
131      131   (0)      2  : 0.9900 0.0100
132      132   (0)      2  : 0.9900 0.0100
133      133   (0)      2  : 0.9890 0.0110
134      134   (0)      2  : 0.9850 0.0150
135      135   (0)      2  : 0.9950 0.0050
136      136   (0)      2  : 0.9890 0.0110
137      137   (0)      2  : 0.8370 0.1630
138      138   (0)      2  : 0.9890 0.0110
139      139   (0)      2  : 0.9920 0.0080
140      140   (0)      2  : 0.9920 0.0080
141      141   (0)      2  : 0.9810 0.0190
142      142   (0)      2  : 0.9630 0.0370
143      143   (0)      2  : 0.9520 0.0480
144      144   (0)      2  : 0.9910 0.0090
145      145   (0)      2  : 0.9920 0.0080
146      146   (0)      2  : 0.9920 0.0080
147      147   (0)      2  : 0.9820 0.0180
148      148   (0)      2  : 0.9910 0.0090
149      149   (0)      2  : 0.9930 0.0070
150      150   (0)      2  : 0.9910 0.0090
151      151   (0)      2  : 0.9910 0.0090
152      152   (0)      2  : 0.9920 0.0080
153      153   (0)      2  : 0.9950 0.0050
154      154   (0)      2  : 0.9940 0.0060
155      155   (0)      2  : 0.9880 0.0120
156      156   (0)      2  : 0.9930 0.0070
157      157   (0)      2  : 0.9830 0.0170
158      158   (0)      2  : 0.9930 0.0070
159      159   (0)      2  : 0.9910 0.0090
160      160   (0)      2  : 0.9782 0.0218
161      161   (0)      2  : 0.9770 0.0230
162      162   (0)      2  : 0.9880 0.0120
163      163   (0)      2  : 0.9896 0.0104
164      164   (0)      2  : 0.9870 0.0130
165      165   (0)      2  : 0.9900 0.0100
166      166   (0)      2  : 0.9790 0.0210
167      167   (0)      2  : 0.9868 0.0132
168      168   (0)      2  : 0.9920 0.0080
169      169   (0)      2  : 0.9910 0.0090
170      170   (0)      2  : 0.9800 0.0200
171      171   (0)      2  : 0.9820 0.0180
172      172   (0)      2  : 0.9890 0.0110
173      173   (0)      2  : 0.9890 0.0110
174      174   (0)      2  : 0.9920 0.0080
175      175   (0)      2  : 0.9950 0.0050
176      176   (0)      2  : 0.9790 0.0210
177      177   (0)      2  : 0.9830 0.0170
178      178   (0)      2  : 0.9950 0.0050
179      179   (0)      2  : 0.9800 0.0200
180      180   (0)      2  : 0.9890 0.0110
181      181   (0)      2  : 0.9860 0.0140
182      182   (0)      2  : 0.9920 0.0080
183      183   (0)      2  : 0.9900 0.0100
184      184   (0)      2  : 0.9920 0.0080
185      185   (0)      2  : 0.9930 0.0070
186      186   (0)      2  : 0.9920 0.0080
187      187   (0)      2  : 0.9800 0.0200
188      188   (0)      2  : 0.9940 0.0060
189      189   (0)      2  : 0.9540 0.0460
190      190   (0)      2  : 0.9900 0.0100
191      191   (0)      2  : 0.9760 0.0240
192      192   (0)      2  : 0.9880 0.0120
193      193   (0)      2  : 0.9830 0.0170
194      194   (0)      2  : 0.9900 0.0100
195      195   (0)      2  : 0.9680 0.0320
196      196   (0)      2  : 0.9592 0.0408
197      197   (0)      2  : 0.9838 0.0162
198      198   (0)      2  : 0.9900 0.0100
199      199   (0)      2  : 0.9020 0.0980
200      200   (0)      2  : 0.9920 0.0080
201      201   (0)      2  : 0.9930 0.0070
202      202   (0)      2  : 0.9930 0.0070
203      203   (0)      2  : 0.9850 0.0150
204      204   (0)      2  : 0.9940 0.0060
205      205   (0)      2  : 0.9860 0.0140
206      206   (0)      2  : 0.9624 0.0376
207      207   (0)      2  : 0.9750 0.0250
208      208   (0)      2  : 0.9920 0.0080
209      209   (0)      2  : 0.9940 0.0060
210      210   (0)      2  : 0.9940 0.0060
211      211   (0)      2  : 0.9914 0.0086
212      212   (0)      2  : 0.9664 0.0336
213      213   (0)      2  : 0.9860 0.0140
214      214   (0)      2  : 0.9950 0.0050
215      215   (0)      2  : 0.9072 0.0928
216      216   (0)      2  : 0.9930 0.0070
217      217   (0)      2  : 0.9940 0.0060
218      218   (0)      2  : 0.9920 0.0080
219      219   (0)      2  : 0.9258 0.0742
220      220   (0)      2  : 0.9690 0.0310
221      221   (0)      2  : 0.9920 0.0080
222      222   (0)      2  : 0.9880 0.0120
223      223   (0)      2  : 0.9890 0.0110
224      224   (0)      2  : 0.9900 0.0100
225      225   (0)      2  : 0.9900 0.0100
226      226   (0)      2  : 0.9860 0.0140
227      227   (0)      2  : 0.9880 0.0120
228      228   (0)      2  : 0.9840 0.0160
229      229   (0)      2  : 0.9816 0.0184
230      230   (0)      2  : 0.9880 0.0120
231      231   (0)      2  : 0.9710 0.0290
232      232   (0)      2  : 0.9860 0.0140
233      233   (0)      2  : 0.9820 0.0180
234      234   (0)      2  : 0.9910 0.0090
235      235   (0)      2  : 0.9840 0.0160
236      236   (0)      2  : 0.9920 0.0080
237      237   (0)      2  : 0.9950 0.0050
238      238   (0)      2  : 0.9870 0.0130
239      239   (0)      2  : 0.9930 0.0070
240      240   (0)      2  : 0.9710 0.0290
241      241   (0)      2  : 0.9930 0.0070
242      242   (0)      2  : 0.9856 0.0144
243      243   (0)      2  : 0.9850 0.0150
244      244   (0)      2  : 0.9930 0.0070
245      245   (0)      2  : 0.9930 0.0070
246      246   (0)      2  : 0.9900 0.0100
247      247   (0)      2  : 0.9960 0.0040
248      248   (0)      2  : 0.9880 0.0120
249      249   (0)      2  : 0.9760 0.0240
250      250   (0)      2  : 0.9830 0.0170
251      251   (0)      2  : 0.9820 0.0180
252      252   (0)      2  : 0.9950 0.0050
253      253   (0)      2  : 0.9900 0.0100
254      254   (0)      2  : 0.9840 0.0160
255      255   (0)      2  : 0.9888 0.0112
256      256   (0)      2  : 0.9742 0.0258
257      257   (0)      2  : 0.9930 0.0070
258      258   (0)      2  : 0.9750 0.0250
259      259   (0)      2  : 0.9800 0.0200
260      260   (0)      2  : 0.9910 0.0090
261      261   (0)      2  : 0.9810 0.0190
262      262   (0)      2  : 0.9940 0.0060
263      263   (0)      2  : 0.9926 0.0074
264      264   (0)      2  : 0.9880 0.0120
265      265   (0)      2  : 0.9260 0.0740
266      266   (0)      2  : 0.9920 0.0080
267      267   (0)      2  : 0.9940 0.0060
268      268   (0)      2  : 0.9870 0.0130
269      269   (0)      2  : 0.9910 0.0090
270      270   (0)      2  : 0.9910 0.0090
271      271   (0)      2  : 0.9880 0.0120
272      272   (0)      2  : 0.9710 0.0290
273      273   (0)      2  : 0.9940 0.0060
274      274   (0)      2  : 0.9920 0.0080
275      275   (0)      2  : 0.9846 0.0154
276      276   (0)      2  : 0.9910 0.0090
277      277   (0)      2  : 0.9860 0.0140
278      278   (0)      2  : 0.9920 0.0080
279      279   (0)      2  : 0.9890 0.0110
280      280   (0)      2  : 0.9732 0.0268
281      281   (0)      2  : 0.9910 0.0090
282      282   (0)      2  : 0.9940 0.0060
283      283   (0)      2  : 0.9930 0.0070
284      284   (0)      2  : 0.9910 0.0090
285      285   (0)      2  : 0.9880 0.0120
286      286   (0)      2  : 0.9930 0.0070
287      287   (0)      2  : 0.9924 0.0076
288      288   (0)      2  : 0.9940 0.0060
289      289   (0)      2  : 0.9880 0.0120
290      290   (0)      2  : 0.9920 0.0080
291      291   (0)      2  : 0.9920 0.0080
292      292   (0)      2  : 0.9114 0.0886
293      293   (0)      2  : 0.9932 0.0068
294      294   (0)      2  : 0.9920 0.0080
295      295   (0)      2  : 0.9770 0.0230
296      296   (0)      2  : 0.9780 0.0220
297      297   (0)      2  : 0.9910 0.0090
298      298   (0)      2  : 0.9890 0.0110
299      299   (0)      2  : 0.9700 0.0300
300      300   (0)      2  : 0.9650 0.0350
301      301   (0)      2  : 0.9590 0.0410
302      302   (0)      2  : 0.9810 0.0190
303      303   (0)      2  : 0.9900 0.0100
304      304   (0)      2  : 0.9930 0.0070
305      305   (0)      2  : 0.9750 0.0250
306      306   (0)      2  : 0.9940 0.0060
307      307   (0)      2  : 0.9910 0.0090
308      308   (0)      2  : 0.9580 0.0420
309      309   (0)      2  : 0.9950 0.0050
310      310   (0)      2  : 0.9920 0.0080
311      311   (0)      2  : 0.9930 0.0070
312      312   (0)      2  : 0.9790 0.0210
313      313   (0)      2  : 0.9900 0.0100
314      314   (0)      2  : 0.9398 0.0602
315      315   (0)      2  : 0.9790 0.0210
316      316   (0)      2  : 0.9910 0.0090
317      317   (0)      2  : 0.9890 0.0110
318      318   (0)      2  : 0.9890 0.0110
319      319   (0)      2  : 0.9830 0.0170
320      320   (0)      2  : 0.9940 0.0060
321      321   (0)      2  : 0.9940 0.0060
322      322   (0)      2  : 0.9800 0.0200
323      323   (0)      2  : 0.9910 0.0090
324      324   (0)      2  : 0.9500 0.0500
325      325   (0)      2  : 0.9920 0.0080
326      326   (0)      2  : 0.9860 0.0140
327      327   (0)      2  : 0.9780 0.0220
328      328   (0)      2  : 0.9860 0.0140
329      329   (0)      2  : 0.9900 0.0100
330      330   (0)      2  : 0.9680 0.0320
331      331   (0)      2  : 0.9910 0.0090
332      332   (0)      2  : 0.9940 0.0060
333      333   (0)      2  : 0.9710 0.0290
334      334   (0)      2  : 0.9930 0.0070
335      335   (0)      2  : 0.9940 0.0060
336      336   (0)      2  : 0.9670 0.0330
337      337   (0)      2  : 0.9910 0.0090
338      338   (0)      2  : 0.9930 0.0070
339      339   (0)      2  : 0.9910 0.0090
340      340   (0)      2  : 0.9940 0.0060
341      341   (0)      2  : 0.9650 0.0350
342      342   (0)      2  : 0.9910 0.0090
343      343   (0)      2  : 0.9930 0.0070
344      344   (0)      2  : 0.9890 0.0110
345      345   (0)      2  : 0.9890 0.0110
346      346   (0)      2  : 0.9862 0.0138
347      347   (0)      2  : 0.9930 0.0070
348      348   (0)      2  : 0.9840 0.0160
349      349   (0)      2  : 0.9940 0.0060
350      350   (0)      2  : 0.9890 0.0110
351      351   (0)      2  : 0.9924 0.0076
352      352   (0)      2  : 0.9830 0.0170
353      353   (0)      2  : 0.9900 0.0100
354      354   (0)      2  : 0.9670 0.0330
355      355   (0)      2  : 0.9920 0.0080
356      356   (0)      2  : 0.9908 0.0092
357      357   (0)      2  : 0.9910 0.0090
358      358   (0)      2  : 0.9670 0.0330
359      359   (0)      2  : 0.9930 0.0070
360      360   (0)      2  : 0.9920 0.0080
361      361   (0)      2  : 0.9860 0.0140
362      362   (0)      2  : 0.9900 0.0100
363      363   (0)      2  : 0.9950 0.0050
364      364   (0)      2  : 0.9900 0.0100
365      365   (0)      2  : 0.9912 0.0088
366      366   (0)      2  : 0.9868 0.0132
367      367   (0)      2  : 0.9930 0.0070
368      368   (0)      2  : 0.9930 0.0070
369      369   (0)      2  : 0.9930 0.0070
370      370   (0)      2  : 0.9880 0.0120
371      371   (0)      2  : 0.9930 0.0070
372      372   (0)      2  : 0.9900 0.0100
373      373   (0)      2  : 0.9860 0.0140
374      374   (0)      2  : 0.9930 0.0070
375      375   (0)      2  : 0.9830 0.0170
376      376   (0)      2  : 0.9736 0.0264
377      377   (0)      2  : 0.9930 0.0070
378      378   (0)      2  : 0.9840 0.0160
379      379   (0)      2  : 0.9930 0.0070
380      380   (0)      2  : 0.9910 0.0090
381      381   (0)      2  : 0.8670 0.1330
382      382   (0)      2  : 0.9920 0.0080
383      383   (0)      2  : 0.9930 0.0070
384      384   (0)      2  : 0.9546 0.0454
385      385   (0)      2  : 0.9920 0.0080
386      386   (0)      2  : 0.9860 0.0140
387      387   (0)      2  : 0.9880 0.0120
388      388   (0)      2  : 0.9830 0.0170
389      389   (0)      2  : 0.9930 0.0070
390      390   (0)      2  : 0.9940 0.0060
391      391   (0)      2  : 0.9354 0.0646
392      392   (0)      2  : 0.9920 0.0080
393      393   (0)      2  : 0.9900 0.0100
394      394   (0)      2  : 0.9890 0.0110
395      395   (0)      2  : 0.9940 0.0060
396      396   (0)      2  : 0.9890 0.0110
397      397   (0)      2  : 0.9922 0.0078
398      398   (0)      2  : 0.9920 0.0080
399      399   (0)      2  : 0.9920 0.0080
400      400   (0)      2  : 0.9730 0.0270
401      401   (0)      2  : 0.9890 0.0110
402      402   (0)      2  : 0.9920 0.0080
403      403   (0)      2  : 0.9880 0.0120
404      404   (0)      2  : 0.9890 0.0110
405      405   (0)      2  : 0.9900 0.0100
406      406   (0)      2  : 0.9908 0.0092
407      407   (0)      2  : 0.9440 0.0560
408      408   (0)      2  : 0.9910 0.0090
409      409   (0)      2  : 0.9850 0.0150
410      410   (0)      2  : 0.9920 0.0080
411      411   (0)      2  : 0.9870 0.0130
412      412   (0)      2  : 0.9900 0.0100
413      413   (0)      2  : 0.9930 0.0070
414      414   (0)      2  : 0.9740 0.0260
415      415   (0)      2  : 0.9950 0.0050
416      416   (0)      2  : 0.9940 0.0060
417      417   (0)      2  : 0.9000 0.1000
418      418   (0)      2  : 0.9848 0.0152
419      419   (0)      2  : 0.9896 0.0104
420      420   (0)      2  : 0.9910 0.0090
421      421   (0)      2  : 0.9900 0.0100
422      422   (0)      2  : 0.9900 0.0100
423      423   (0)      2  : 0.9940 0.0060
424      424   (0)      2  : 0.9930 0.0070
425      425   (0)      2  : 0.9950 0.0050
426      426   (0)      2  : 0.9920 0.0080
427      427   (0)      2  : 0.9870 0.0130
428      428   (0)      2  : 0.9920 0.0080
429      429   (0)      2  : 0.9880 0.0120
430      430   (0)      2  : 0.9950 0.0050
431      431   (0)      2  : 0.9840 0.0160
432      432   (0)      2  : 0.9890 0.0110
433      433   (0)      2  : 0.9910 0.0090
434      434   (0)      2  : 0.9830 0.0170
435      435   (0)      2  : 0.9900 0.0100
436      436   (0)      2  : 0.9880 0.0120
437      437   (0)      2  : 0.9806 0.0194
438      438   (0)      2  : 0.9740 0.0260
439      439   (0)      2  : 0.9850 0.0150
440      440   (0)      2  : 0.9880 0.0120
441      441   (0)      2  : 0.9300 0.0700
442      442   (0)      2  : 0.9830 0.0170
443      443   (0)      2  : 0.9950 0.0050
444      444   (0)      2  : 0.9920 0.0080
445      445   (0)      2  : 0.9910 0.0090
446      446   (0)      2  : 0.9930 0.0070
447      447   (0)      2  : 0.9170 0.0830
448      448   (0)      2  : 0.9800 0.0200
449      449   (0)      2  : 0.9918 0.0082
450      450   (0)      2  : 0.9950 0.0050
451      451   (0)      2  : 0.9930 0.0070
452      452   (0)      2  : 0.9840 0.0160
453      453   (0)      2  : 0.9940 0.0060
454      454   (0)      2  : 0.9880 0.0120
455      455   (0)      2  : 0.9900 0.0100
456      456   (0)      2  : 0.9880 0.0120
457      457   (0)      2  : 0.9890 0.0110
458      458   (0)      2  : 0.9910 0.0090
459      459   (0)      2  : 0.9838 0.0162
460      460   (0)      2  : 0.9850 0.0150
461      461   (0)      2  : 0.9840 0.0160
462      462   (0)      2  : 0.9880 0.0120
463      463   (0)      2  : 0.9930 0.0070
464      464   (0)      2  : 0.9920 0.0080
465      465   (0)      2  : 0.9920 0.0080
466      466   (0)      2  : 0.9950 0.0050
467      467   (0)      2  : 0.9930 0.0070
468      468   (0)      2  : 0.9470 0.0530
469      469   (0)      2  : 0.9940 0.0060
470      470   (0)      2  : 0.9524 0.0476
471      471   (0)      2  : 0.9930 0.0070
472      472   (0)      2  : 0.9940 0.0060
473      473   (0)      2  : 0.9940 0.0060
474      474   (0)      2  : 0.9890 0.0110
475      475   (0)      2  : 0.9800 0.0200
476      476   (0)      2  : 0.9910 0.0090
477      477   (0)      2  : 0.9900 0.0100
478      478   (0)      2  : 0.9770 0.0230
479      479   (0)      2  : 0.9150 0.0850
480      480   (0)      2  : 0.9900 0.0100
481      481   (0)      2  : 0.9930 0.0070
482      482   (0)      2  : 0.9930 0.0070
483      483   (0)      2  : 0.9900 0.0100
484      484   (0)      2  : 0.9900 0.0100
485      485   (0)      2  : 0.9864 0.0136
486      486   (0)      2  : 0.9800 0.0200
487      487   (0)      2  : 0.9910 0.0090
488      488   (0)      2  : 0.9888 0.0112
489      489   (0)      2  : 0.9820 0.0180
490      490   (0)      2  : 0.9910 0.0090
491      491   (0)      2  : 0.9930 0.0070
492      492   (0)      2  : 0.9670 0.0330
493      493   (0)      2  : 0.9750 0.0250
494      494   (0)      2  : 0.9870 0.0130
495      495   (0)      2  : 0.9840 0.0160
496      496   (0)      2  : 0.9900 0.0100
497      497   (0)      2  : 0.9890 0.0110
498      498   (0)      2  : 0.9658 0.0342
499      499   (0)      2  : 0.9930 0.0070
500      500   (0)      2  : 0.9880 0.0120
501      501   (0)      3  : 0.7980 0.2020
502      502   (0)      3  : 0.9860 0.0140
503      503   (0)      3  : 0.9850 0.0150
504      504   (0)      3  : 0.9210 0.0790
505      505   (0)      3  : 0.9200 0.0800
506      506   (0)      3  : 0.9486 0.0514
507      507   (0)      3  : 0.8770 0.1230
508      508   (0)      3  : 0.9420 0.0580
509      509   (0)      3  : 0.8440 0.1560
510      510   (0)      3  : 0.9790 0.0210
511      511   (0)      3  : 0.8408 0.1592
512      512   (0)      3  : 0.9086 0.0914
513      513   (0)      3  : 0.9420 0.0580
514      514   (0)      3  : 0.8410 0.1590
515      515   (0)      3  : 0.9784 0.0216
516      516   (0)      3  : 0.9860 0.0140
517      517   (0)      3  : 0.9758 0.0242
518      518   (0)      3  : 0.8010 0.1990
519      519   (0)      3  : 0.9250 0.0750
520      520   (0)      3  : 0.9476 0.0524
521      521   (0)      3  : 0.9710 0.0290
522      522   (0)      3  : 0.8910 0.1090
523      523   (0)      3  : 0.9020 0.0980
524      524   (0)      3  : 0.9740 0.0260
525      525   (0)      3  : 0.9640 0.0360
526      526   (0)      3  : 0.9660 0.0340
527      527   (0)      3  : 0.7310 0.2690
528      528   (0)      3  : 0.7850 0.2150
529      529   (0)      3  : 0.8510 0.1490
530      530   (0)      3  : 0.9470 0.0530
531      531   (0)      3  : 0.9200 0.0800
532      532   (0)      3  : 0.8904 0.1096
533      533   (0)      3  : 0.9810 0.0190
534      534   (0)      3  : 0.8450 0.1550
535      535   (0)      3  : 0.7362 0.2638
536      536   (0)      3  : 0.9746 0.0254
537      537   (0)      3  : 0.9280 0.0720
538      538   (0)      3  : 0.9870 0.0130
539      539   (0)      3  : 0.9766 0.0234
540      540   (0)      3  : 0.8650 0.1350
541      541   (0)      3  : 0.9920 0.0080
542      542   (0)      3  : 0.8690 0.1310
543      543   (0)      3  : 0.8244 0.1756
544      544   (0)      3  : 0.8900 0.1100
545      545   (0)      3  : 0.9900 0.0100
546      546   (0)      3  : 0.9912 0.0088
547      547   (0)      3  : 0.9190 0.0810
548      548   (0)      3  : 0.9052 0.0948
549      549   (0)      3  : 0.8610 0.1390
550      550   (0)      3  : 0.9290 0.0710
551      551   (0)      3  : 0.9880 0.0120
552      552   (0)      3  : 0.9440 0.0560
553      553   (0)      3  : 0.7950 0.2050
554      554   (0)      3  : 0.9850 0.0150
555      555   (0)      3  : 0.9910 0.0090
556      556   (0)      3  : 0.8042 0.1958
557      557   (0)      3  : 0.8036 0.1964
558      558   (0)      3  : 0.9364 0.0636
559      559   (0)      3  : 0.8270 0.1730
560      560   (0)      3  : 0.9426 0.0574
561      561   (0)      3  : 0.9450 0.0550
562      562   (0)      3  : 0.7890 0.2110
563      563   (0)      3  : 0.8676 0.1324
564      564   (0)      3  : 0.8112 0.1888
565      565   (0)      3  : 0.9900 0.0100
566      566   (0)      3  : 0.9600 0.0400
567      567   (0)      3  : 0.7932 0.2068
568      568   (0)      3  : 0.8680 0.1320
569      569   (0)      3  : 0.9798 0.0202
570      570   (0)      3  : 0.9750 0.0250
571      571   (0)      3  : 0.9830 0.0170
572      572   (0)      3  : 0.9740 0.0260
573      573   (0)      3  : 0.6950 0.3050
574      574   (0)      3  : 0.9714 0.0286
575      575   (0)      3  : 0.9680 0.0320
576      576   (0)      3  : 0.8480 0.1520
577      577   (0)      3  : 0.9106 0.0894
578      578   (0)      3  : 0.9272 0.0728
579      579   (0)      3  : 0.9820 0.0180
580      580   (0)      3  : 0.7898 0.2102
581      581   (0)      3  : 0.8186 0.1814
582      582   (0)      3  : 0.9190 0.0810
583      583   (0)      3  : 0.9800 0.0200
584      584   (0)      3  : 0.8570 0.1430
585      585   (0)      3  : 0.8110 0.1890
586      586   (0)      3  : 0.9850 0.0150
587      587   (0)      3  : 0.7900 0.2100
588      588   (0)      3  : 0.9860 0.0140
589      589   (0)      3  : 0.7330 0.2670
590      590   (0)      3  : 0.9270 0.0730
591      591   (0)      3  : 0.8930 0.1070
592      592   (0)      3  : 0.9702 0.0298
593      593   (0)      3  : 0.8170 0.1830
594      594   (0)      3  : 0.9410 0.0590
595      595   (0)      3  : 0.9100 0.0900
596      596   (0)      3  : 0.9350 0.0650
597      597   (0)      3  : 0.9780 0.0220
598      598   (0)      3  : 0.7996 0.2004
599      599   (0)      3  : 0.9850 0.0150
600      600   (0)      3  : 0.8138 0.1862
601      601   (0)      4  : 0.7560 0.2440
602      602   (0)      4  : 0.8120 0.1880
603      603   (0)      4  : 0.9760 0.0240
604      604   (0)      4  : 0.8098 0.1902
605      605   (0)      4  : 0.8830 0.1170
606      606   (0)      4  : 0.6864 0.3136
607      607   (0)      4  : 0.6710 0.3290
608      608   (0)      4  : 0.6704 0.3296
609      609   (0)      4  : 0.7934 0.2066
610      610   (0)      4  : 0.9850 0.0150
611      611   (0)      4  : 0.7460 0.2540
612      612   (0)      4  : 0.9430 0.0570
613      613   (0)      4  : 0.7560 0.2440
614      614   (0)      4  : 0.7550 0.2450
615      615   (0)      4  : 0.8944 0.1056
616      616   (0)      4  : 0.8380 0.1620
617      617   (0)      4  : 0.8024 0.1976
618      618   (0)      4  : 0.6230 0.3770
619      619   (0)      4  : 0.7330 0.2670
620      620   (0)      4  : 0.7066 0.2934
621      621   (0)      4  : 0.8406 0.1594
622      622   (0)      4  : 0.7630 0.2370
623      623   (0)      4  : 0.6210 0.3790
624      624   (0)      4  : 0.9024 0.0976
625      625   (0)      4  : 0.6280 0.3720
626      626   (0)      4  : 0.7644 0.2356
627      627   (0)      4  : 0.7350 0.2650
628      628   (0)      4  : 0.7930 0.2070
629      629   (0)      4  : 0.9090 0.0910
630      630   (0)      4  : 0.7190 0.2810
631      631   (0)      4  : 0.7770 0.2230
632      632   (0)      4  : 0.8070 0.1930
633      633   (0)      4  : 0.8490 0.1510
634      634   (0)      4  : 0.9910 0.0090
635      635   (0)      4  : 0.8570 0.1430
636      636   (0)      4  : 0.8958 0.1042
637      637   (0)      4  : 0.6650 0.3350
638      638   (0)      4  : 0.8452 0.1548
639      639   (0)      4  : 0.7132 0.2868
640      640   (0)      4  : 0.8200 0.1800
641      641   (0)      4  : 0.6850 0.3150
642      642   (0)      4  : 0.9750 0.0250
643      643   (0)      4  : 0.8160 0.1840
644      644   (0)      4  : 0.6600 0.3400
645      645   (0)      4  : 0.7010 0.2990
646      646   (0)      4  : 0.7360 0.2640
647      647   (0)      4  : 0.9252 0.0748
648      648   (0)      4  : 0.7370 0.2630
649      649   (0)      4  : 0.6860 0.3140
650      650   (0)      4  : 0.8558 0.1442
651      651   (0)      4  : 0.7584 0.2416
652      652   (0)      4  : 0.7640 0.2360
653      653   (0)      4  : 0.8632 0.1368
654      654   (0)      4  : 0.6470 0.3530
655      655   (0)      4  : 0.7086 0.2914
656      656   (0)      4  : 0.6990 0.3010
657      657   (0)      4  : 0.5430 0.4570
658      658   (0)      4  : 0.6360 0.3640
659      659   (0)      4  : 0.9718 0.0282
660      660   (0)      4  : 0.7070 0.2930
661      661   (0)      4  : 0.6180 0.3820
662      662   (0)      4  : 0.7180 0.2820
663      663   (0)      4  : 0.7182 0.2818
664      664   (0)      4  : 0.7010 0.2990
665      665   (0)      4  : 0.9680 0.0320
666      666   (0)      4  : 0.6744 0.3256
667      667   (0)      4  : 0.6990 0.3010
668      668   (0)      4  : 0.7020 0.2980
669      669   (0)      4  : 0.8730 0.1270
670      670   (0)      4  : 0.7360 0.2640
671      671   (0)      4  : 0.7060 0.2940
672      672   (0)      4  : 0.5560 0.4440
673      673   (0)      4  : 0.8492 0.1508
674      674   (0)      4  : 0.7262 0.2738
675      675   (0)      4  : 0.6620 0.3380
676      676   (0)      4  : 0.9760 0.0240
677      677   (0)      4  : 0.9492 0.0508
678      678   (0)      4  : 0.8348 0.1652
679      679   (0)      4  : 0.6598 0.3402
680      680   (0)      4  : 0.8130 0.1870
681      681   (0)      4  : 0.6938 0.3062
682      682   (0)      4  : 0.8900 0.1100
683      683   (0)      4  : 0.7550 0.2450
684      684   (0)      4  : 0.7850 0.2150
685      685   (0)      4  : 0.6896 0.3104
686      686   (0)      4  : 0.9780 0.0220
687      687   (0)      4  : 0.7364 0.2636
688      688   (0)      4  : 0.7460 0.2540
689      689   (0)      4  : 0.6910 0.3090
690      690   (0)      4  : 0.9042 0.0958
691      691   (0)      4  : 0.7470 0.2530
692      692   (0)      4  : 0.6906 0.3094
693      693   (0)      4  : 0.6940 0.3060
694      694   (0)      4  : 0.7120 0.2880
695      695   (0)      4  : 0.8590 0.1410
696      696   (0)      4  : 0.6860 0.3140
697      697   (0)      4  : 0.7074 0.2926
698      698   (0)      4  : 0.6552 0.3448
699      699   (0)      4  : 0.9350 0.0650
700      700   (0)      4  : 0.8160 0.1840
701      701   (0)      5  : 0.4770 0.5230
702      702   (0)      5  : 0.6096 0.3904
703      703   (0)      5  : 0.4840 0.5160
704      704   (0)      5  : 0.4746 0.5254
705      705   (0)      5  : 0.3914 0.6086
706      706   (0)      5  : 0.5000 0.5000
707      707   (0)      5  : 0.4460 0.5540
708      708   (0)      5  : 0.5680 0.4320
709      709   (0)      5  : 0.6810 0.3190
710      710   (0)      5  : 0.4730 0.5270
711      711   (0)      5  : 0.5638 0.4362
712      712   (0)      5  : 0.4980 0.5020
713      713   (0)      5  : 0.4312 0.5688
714      714   (0)      5  : 0.4320 0.5680
715      715   (0)      5  : 0.2648 0.7352
716      716   (0)      5  : 0.5610 0.4390
717      717   (0)      5  : 0.4480 0.5520
718      718   (0)      5  : 0.4626 0.5374
719      719   (0)      5  : 0.4130 0.5870
720      720   (0)      5  : 0.3910 0.6090
721      721   (0)      5  : 0.3630 0.6370
722      722   (0)      5  : 0.5568 0.4432
723      723   (0)      5  : 0.5280 0.4720
724      724   (0)      5  : 0.5492 0.4508
725      725   (0)      5  : 0.5742 0.4258
726      726   (0)      5  : 0.5630 0.4370
727      727   (0)      5  : 0.3384 0.6616
728      728   (0)      5  : 0.5050 0.4950
729      729   (0)      5  : 0.5150 0.4850
730      730   (0)      5  : 0.4740 0.5260
731      731   (0)      5  : 0.5460 0.4540
732      732   (0)      5  : 0.5464 0.4536
733      733   (0)      5  : 0.4478 0.5522
734      734   (0)      5  : 0.5200 0.4800
735      735   (0)      5  : 0.4470 0.5530
736      736   (0)      5  : 0.5800 0.4200
737      737   (0)      5  : 0.6508 0.3492
738      738   (0)      5  : 0.4630 0.5370
739      739   (0)      5  : 0.5736 0.4264
740      740   (0)      5  : 0.5190 0.4810
741      741   (0)      5  : 0.5452 0.4548
742      742   (0)      5  : 0.5180 0.4820
743      743   (0)      5  : 0.5940 0.4060
744      744   (0)      5  : 0.4816 0.5184
745      745   (0)      5  : 0.4312 0.5688
746      746   (0)      5  : 0.4380 0.5620
747      747   (0)      5  : 0.5410 0.4590
748      748   (0)      5  : 0.5670 0.4330
749      749   (0)      5  : 0.4360 0.5640
750      750   (0)      5  : 0.4620 0.5380
751      751   (0)      5  : 0.3998 0.6002
752      752   (0)      5  : 0.5210 0.4790
753      753   (0)      5  : 0.3430 0.6570
754      754   (0)      5  : 0.5576 0.4424
755      755   (0)      5  : 0.3890 0.6110
756      756   (0)      5  : 0.4950 0.5050
757      757   (0)      5  : 0.5610 0.4390
758      758   (0)      5  : 0.6230 0.3770
759      759   (0)      5  : 0.4252 0.5748
760      760   (0)      5  : 0.4684 0.5316
761      761   (0)      5  : 0.5280 0.4720
762      762   (0)      5  : 0.4280 0.5720
763      763   (0)      5  : 0.4140 0.5860
764      764   (0)      5  : 0.6242 0.3758
765      765   (0)      5  : 0.5690 0.4310
766      766   (0)      5  : 0.4720 0.5280
767      767   (0)      5  : 0.6590 0.3410
768      768   (0)      5  : 0.6190 0.3810
769      769   (0)      5  : 0.5790 0.4210
770      770   (0)      5  : 0.4480 0.5520
771      771   (0)      5  : 0.4130 0.5870
772      772   (0)      5  : 0.3818 0.6182
773      773   (0)      5  : 0.5800 0.4200
774      774   (0)      5  : 0.5310 0.4690
775      775   (0)      5  : 0.4566 0.5434
776      776   (0)      5  : 0.4790 0.5210
777      777   (0)      5  : 0.5220 0.4780
778      778   (0)      5  : 0.4560 0.5440
779      779   (0)      5  : 0.4600 0.5400
780      780   (0)      5  : 0.4320 0.5680
781      781   (0)      5  : 0.4590 0.5410
782      782   (0)      5  : 0.5360 0.4640
783      783   (0)      5  : 0.3710 0.6290
784      784   (0)      5  : 0.4470 0.5530
785      785   (0)      5  : 0.4550 0.5450
786      786   (0)      5  : 0.4754 0.5246
787      787   (0)      5  : 0.5692 0.4308
788      788   (0)      5  : 0.4600 0.5400
789      789   (0)      5  : 0.5630 0.4370
790      790   (0)      5  : 0.5130 0.4870
791      791   (0)      5  : 0.5456 0.4544
792      792   (0)      5  : 0.4560 0.5440
793      793   (0)      5  : 0.5380 0.4620
794      794   (0)      5  : 0.4090 0.5910
795      795   (0)      5  : 0.5300 0.4700
796      796   (0)      5  : 0.4496 0.5504
797      797   (0)      5  : 0.4906 0.5094
798      798   (0)      5  : 0.5722 0.4278
799      799   (0)      5  : 0.5754 0.4246
800      800   (0)      5  : 0.6010 0.3990
801      801   (0)      6  : 0.2330 0.7670
802      802   (0)      6  : 0.2600 0.7400
803      803   (0)      6  : 0.0196 0.9804
804      804   (0)      6  : 0.3520 0.6480
805      805   (0)      6  : 0.1780 0.8220
806      806   (0)      6  : 0.3030 0.6970
807      807   (0)      6  : 0.3390 0.6610
808      808   (0)      6  : 0.1140 0.8860
809      809   (0)      6  : 0.1470 0.8530
810      810   (0)      6  : 0.2420 0.7580
811      811   (0)      6  : 0.3620 0.6380
812      812   (0)      6  : 0.2140 0.7860
813      813   (0)      6  : 0.2480 0.7520
814      814   (0)      6  : 0.3340 0.6660
815      815   (0)      6  : 0.3000 0.7000
816      816   (0)      6  : 0.1080 0.8920
817      817   (0)      6  : 0.2030 0.7970
818      818   (0)      6  : 0.2296 0.7704
819      819   (0)      6  : 0.1634 0.8366
820      820   (0)      6  : 0.3340 0.6660
821      821   (0)      6  : 0.1880 0.8120
822      822   (0)      6  : 0.1204 0.8796
823      823   (0)      6  : 0.1452 0.8548
824      824   (0)      6  : 0.3262 0.6738
825      825   (0)      6  : 0.1910 0.8090
826      826   (0)      6  : 0.0830 0.9170
827      827   (0)      6  : 0.2670 0.7330
828      828   (0)      6  : 0.1720 0.8280
829      829   (0)      6  : 0.3420 0.6580
830      830   (0)      6  : 0.3200 0.6800
831      831   (0)      6  : 0.1480 0.8520
832      832   (0)      6  : 0.3486 0.6514
833      833   (0)      6  : 0.1080 0.8920
834      834   (0)      6  : 0.2300 0.7700
835      835   (0)      6  : 0.2690 0.7310
836      836   (0)      6  : 0.2200 0.7800
837      837   (0)      6  : 0.1320 0.8680
838      838   (0)      6  : 0.1270 0.8730
839      839   (0)      6  : 0.2324 0.7676
840      840   (0)      6  : 0.2120 0.7880
841      841   (0)      6  : 0.2484 0.7516
842      842   (0)      6  : 0.1392 0.8608
843      843   (0)      6  : 0.1794 0.8206
844      844   (0)      6  : 0.2390 0.7610
845      845   (0)      6  : 0.2618 0.7382
846      846   (0)      6  : 0.2150 0.7850
847      847   (0)      6  : 0.2440 0.7560
848      848   (0)      6  : 0.2410 0.7590
849      849   (0)      6  : 0.0930 0.9070
850      850   (0)      6  : 0.4500 0.5500
851      851   (0)      6  : 0.2390 0.7610
852      852   (0)      6  : 0.3710 0.6290
853      853   (0)      6  : 0.3500 0.6500
854      854   (0)      6  : 0.3220 0.6780
855      855   (0)      6  : 0.1320 0.8680
856      856   (0)      6  : 0.1482 0.8518
857      857   (0)      6  : 0.4390 0.5610
858      858   (0)      6  : 0.2494 0.7506
859      859   (0)      6  : 0.3130 0.6870
860      860   (0)      6  : 0.2270 0.7730
861      861   (0)      6  : 0.2060 0.7940
862      862   (0)      6  : 0.3260 0.6740
863      863   (0)      6  : 0.3646 0.6354
864      864   (0)      6  : 0.1770 0.8230
865      865   (0)      6  : 0.3710 0.6290
866      866   (0)      6  : 0.4052 0.5948
867      867   (0)      6  : 0.2850 0.7150
868      868   (0)      6  : 0.3940 0.6060
869      869   (0)      6  : 0.2082 0.7918
870      870   (0)      6  : 0.1440 0.8560
871      871   (0)      6  : 0.2150 0.7850
872      872   (0)      6  : 0.2880 0.7120
873      873   (0)      6  : 0.1890 0.8110
874      874   (0)      6  : 0.3844 0.6156
875      875   (0)      6  : 0.1182 0.8818
876      876   (0)      6  : 0.3750 0.6250
877      877   (0)      6  : 0.0376 0.9624
878      878   (0)      6  : 0.3206 0.6794
879      879   (0)      6  : 0.2250 0.7750
880      880   (0)      6  : 0.2610 0.7390
881      881   (0)      6  : 0.2908 0.7092
882      882   (0)      6  : 0.2350 0.7650
883      883   (0)      6  : 0.3424 0.6576
884      884   (0)      6  : 0.2070 0.7930
885      885   (0)      6  : 0.2830 0.7170
886      886   (0)      6  : 0.2870 0.7130
887      887   (0)      6  : 0.2130 0.7870
888      888   (0)      6  : 0.3740 0.6260
889      889   (0)      6  : 0.5290 0.4710
890      890   (0)      6  : 0.3300 0.6700
891      891   (0)      6  : 0.1064 0.8936
892      892   (0)      6  : 0.3502 0.6498
893      893   (0)      6  : 0.2334 0.7666
894      894   (0)      6  : 0.2470 0.7530
895      895   (0)      6  : 0.2920 0.7080
896      896   (0)      6  : 0.3108 0.6892
897      897   (0)      6  : 0.2230 0.7770
898      898   (0)      6  : 0.2650 0.7350
899      899   (0)      6  : 0.3840 0.6160
900      900   (0)      6  : 0.2220 0.7780
901      901   (0)      7  : 0.1090 0.8910
902      902   (0)      7  : 0.1358 0.8642
903      903   (0)      7  : 0.1760 0.8240
904      904   (0)      7  : 0.1600 0.8400
905      905   (0)      7  : 0.2020 0.7980
906      906   (0)      7  : 0.1910 0.8090
907      907   (0)      7  : 0.0880 0.9120
908      908   (0)      7  : 0.2024 0.7976
909      909   (0)      7  : 0.1030 0.8970
910      910   (0)      7  : 0.0420 0.9580
911      911   (0)      7  : 0.0170 0.9830
912      912   (0)      7  : 0.1400 0.8600
913      913   (0)      7  : 0.2882 0.7118
914      914   (0)      7  : 0.0070 0.9930
915      915   (0)      7  : 0.1132 0.8868
916      916   (0)      7  : 0.2100 0.7900
917      917   (0)      7  : 0.0890 0.9110
918      918   (0)      7  : 0.0060 0.9940
919      919   (0)      7  : 0.0220 0.9780
920      920   (0)      7  : 0.2430 0.7570
921      921   (0)      7  : 0.2096 0.7904
922      922   (0)      7  : 0.1042 0.8958
923      923   (0)      7  : 0.0690 0.9310
924      924   (0)      7  : 0.1690 0.8310
925      925   (0)      7  : 0.1660 0.8340
926      926   (0)      7  : 0.0200 0.9800
927      927   (0)      7  : 0.0570 0.9430
928      928   (0)      7  : 0.1410 0.8590
929      929   (0)      7  : 0.0100 0.9900
930      930   (0)      7  : 0.1920 0.8080
931      931   (0)      7  : 0.0780 0.9220
932      932   (0)      7  : 0.1700 0.8300
933      933   (0)      7  : 0.1400 0.8600
934      934   (0)      7  : 0.0080 0.9920
935      935   (0)      7  : 0.1390 0.8610
936      936   (0)      7  : 0.2852 0.7148
937      937   (0)      7  : 0.0510 0.9490
938      938   (0)      7  : 0.1230 0.8770
939      939   (0)      7  : 0.1440 0.8560
940      940   (0)      7  : 0.0140 0.9860
941      941   (0)      7  : 0.1570 0.8430
942      942   (0)      7  : 0.0508 0.9492
943      943   (0)      7  : 0.0060 0.9940
944      944   (0)      7  : 0.0110 0.9890
945      945   (0)      7  : 0.0840 0.9160
946      946   (0)      7  : 0.0920 0.9080
947      947   (0)      7  : 0.1764 0.8236
948      948   (0)      7  : 0.1070 0.8930
949      949   (0)      7  : 0.0106 0.9894
950      950   (0)      7  : 0.1670 0.8330
951      951   (0)      7  : 0.0290 0.9710
952      952   (0)      7  : 0.0530 0.9470
953      953   (0)      7  : 0.1420 0.8580
954      954   (0)      7  : 0.3060 0.6940
955      955   (0)      7  : 0.1780 0.8220
956      956   (0)      7  : 0.0470 0.9530
957      957   (0)      7  : 0.0980 0.9020
958      958   (0)      7  : 0.1500 0.8500
959      959   (0)      7  : 0.1530 0.8470
960      960   (0)      7  : 0.0820 0.9180
961      961   (0)      7  : 0.2180 0.7820
962      962   (0)      7  : 0.2490 0.7510
963      963   (0)      7  : 0.0756 0.9244
964      964   (0)      7  : 0.0342 0.9658
965      965   (0)      7  : 0.1800 0.8200
966      966   (0)      7  : 0.1848 0.8152
967      967   (0)      7  : 0.0760 0.9240
968      968   (0)      7  : 0.0440 0.9560
969      969   (0)      7  : 0.0330 0.9670
970      970   (0)      7  : 0.3410 0.6590
971      971   (0)      7  : 0.0080 0.9920
972      972   (0)      7  : 0.2396 0.7604
973      973   (0)      7  : 0.1640 0.8360
974      974   (0)      7  : 0.0970 0.9030
975      975   (0)      7  : 0.1220 0.8780
976      976   (0)      7  : 0.0050 0.9950
977      977   (0)      7  : 0.1088 0.8912
978      978   (0)      7  : 0.1400 0.8600
979      979   (0)      7  : 0.0070 0.9930
980      980   (0)      7  : 0.1380 0.8620
981      981   (0)      7  : 0.1172 0.8828
982      982   (0)      7  : 0.2700 0.7300
983      983   (0)      7  : 0.1100 0.8900
984      984   (0)      7  : 0.1140 0.8860
985      985   (0)      7  : 0.0580 0.9420
986      986   (0)      7  : 0.2100 0.7900
987      987   (0)      7  : 0.1950 0.8050
988      988   (0)      7  : 0.1872 0.8128
989      989   (0)      7  : 0.1160 0.8840
990      990   (0)      7  : 0.1510 0.8490
991      991   (0)      7  : 0.1228 0.8772
992      992   (0)      7  : 0.1670 0.8330
993      993   (0)      7  : 0.1220 0.8780
994      994   (0)      7  : 0.1490 0.8510
995      995   (0)      7  : 0.0990 0.9010
996      996   (0)      7  : 0.1820 0.8180
997      997   (0)      7  : 0.0110 0.9890
998      998   (0)      7  : 0.0740 0.9260
999      999   (0)      7  : 0.2244 0.7756
1000     1000   (0)      7  : 0.3370 0.6630
1001     1001   (5)      8  : 0.0110 0.9890
1002     1002   (0)      8  : 0.0140 0.9860
1003     1003   (0)      8  : 0.0060 0.9940
1004     1004   (0)      8  : 0.0360 0.9640
1005     1005   (0)      8  : 0.0070 0.9930
1006     1006   (0)      8  : 0.0080 0.9920
1007     1007   (0)      8  : 0.0060 0.9940
1008     1008   (0)      8  : 0.0100 0.9900
1009     1009   (0)      8  : 0.0070 0.9930
1010     1010   (0)      8  : 0.0080 0.9920
1011     1011   (0)      8  : 0.0050 0.9950
1012     1012   (0)      8  : 0.0070 0.9930
1013     1013   (0)      8  : 0.0116 0.9884
1014     1014   (5)      8  : 0.0050 0.9950
1015     1015   (0)      8  : 0.0060 0.9940
1016     1016   (0)      8  : 0.0060 0.9940
1017     1017   (0)      8  : 0.0080 0.9920
1018     1018   (0)      8  : 0.0090 0.9910
1019     1019   (0)      8  : 0.0100 0.9900
1020     1020   (0)      8  : 0.0060 0.9940
1021     1021   (0)      8  : 0.0050 0.9950
1022     1022   (0)      8  : 0.0096 0.9904
1023     1023   (0)      8  : 0.0060 0.9940
1024     1024   (0)      8  : 0.0050 0.9950
1025     1025   (0)      8  : 0.0050 0.9950
1026     1026   (0)      8  : 0.0060 0.9940
1027     1027   (0)      8  : 0.0060 0.9940
1028     1028   (0)      8  : 0.0060 0.9940
1029     1029   (0)      9  : 0.0078 0.9922
1030     1030   (0)      9  : 0.0080 0.9920
1031     1031   (0)      9  : 0.0070 0.9930
1032     1032   (0)      9  : 0.0090 0.9910
1033     1033   (0)      9  : 0.0060 0.9940
1034     1034   (0)      9  : 0.0060 0.9940
1035     1035   (0)      9  : 0.0070 0.9930
1036     1036   (0)      9  : 0.0060 0.9940
1037     1037   (0)      9  : 0.0080 0.9920
1038     1038   (0)      9  : 0.0060 0.9940
1039     1039   (0)      9  : 0.0050 0.9950
1040     1040   (0)      9  : 0.0120 0.9880
1041     1041   (0)      9  : 0.0050 0.9950
1042     1042   (0)      9  : 0.0050 0.9950
1043     1043   (0)      9  : 0.0070 0.9930
1044     1044   (0)      9  : 0.0050 0.9950
1045     1045   (0)      9  : 0.0070 0.9930
1046     1046   (0)      9  : 0.0050 0.9950
1047     1047   (0)      9  : 0.0070 0.9930
1048     1048   (0)      9  : 0.0060 0.9940
1049     1049   (0)      9  : 0.0090 0.9910
1050     1050   (0)      9  : 0.0080 0.9920
1051     1051   (0)      9  : 0.0090 0.9910
1052     1052   (0)      9  : 0.0050 0.9950
1053     1053   (0)      9  : 0.0070 0.9930
1054     1054   (0)      9  : 0.0080 0.9920
1055     1055   (0)      9  : 0.0080 0.9920
1056     1056   (0)      9  : 0.0060 0.9940
1057     1057   (0)      9  : 0.0070 0.9930
1058     1058   (0)      9  : 0.0050 0.9950
1059     1059   (0)      9  : 0.0070 0.9930
1060     1060   (0)      9  : 0.0060 0.9940
1061     1061   (0)      9  : 0.0070 0.9930
1062     1062   (0)      9  : 0.0050 0.9950
1063     1063   (0)      9  : 0.0080 0.9920
1064     1064   (0)      9  : 0.0060 0.9940
1065     1065   (0)      9  : 0.0100 0.9900
1066     1066   (0)      9  : 0.0060 0.9940
1067     1067   (0)      9  : 0.0100 0.9900
1068     1068   (0)      9  : 0.0060 0.9940
1069     1069   (0)      9  : 0.0070 0.9930
1070     1070   (0)      9  : 0.0080 0.9920
1071     1071   (0)      9  : 0.0060 0.9940
1072     1072   (0)      9  : 0.0070 0.9930
1073     1073   (0)      9  : 0.0060 0.9940
1074     1074   (0)      9  : 0.0070 0.9930
1075     1075   (0)      9  : 0.0060 0.9940
1076     1076   (0)      9  : 0.0070 0.9930
1077     1077   (0)      9  : 0.0060 0.9940
1078     1078   (0)      9  : 0.0060 0.9940
1079     1079   (0)      9  : 0.0050 0.9950
1080     1080   (0)      9  : 0.0090 0.9910
1081     1081   (0)      9  : 0.0570 0.9430
1082     1082   (0)      9  : 0.0060 0.9940
1083     1083   (0)      9  : 0.0050 0.9950
1084     1084   (0)      9  : 0.0080 0.9920
1085     1085   (0)      9  : 0.0070 0.9930
1086     1086   (0)      9  : 0.0060 0.9940
1087     1087   (0)      9  : 0.0050 0.9950
1088     1088   (0)      9  : 0.0078 0.9922
1089     1089   (0)      9  : 0.0058 0.9942
1090     1090   (0)      9  : 0.0090 0.9910
1091     1091   (0)      9  : 0.0050 0.9950
1092     1092   (0)      9  : 0.0060 0.9940
1093     1093   (0)      9  : 0.0070 0.9930
1094     1094   (0)      9  : 0.0060 0.9940
1095     1095   (0)      9  : 0.0070 0.9930
1096     1096   (0)      9  : 0.0090 0.9910
1097     1097   (0)      9  : 0.0050 0.9950
1098     1098   (0)      9  : 0.0070 0.9930
1099     1099   (0)      9  : 0.0050 0.9950
1100     1100   (0)      9  : 0.0050 0.9950
1101     1101   (0)      9  : 0.0108 0.9892
1102     1102   (0)      9  : 0.0060 0.9940
1103     1103   (0)      9  : 0.0050 0.9950
1104     1104   (0)      9  : 0.0060 0.9940
1105     1105   (0)      9  : 0.0100 0.9900
1106     1106   (0)      9  : 0.0090 0.9910
1107     1107   (0)      9  : 0.0080 0.9920
1108     1108   (0)      9  : 0.0070 0.9930
1109     1109   (0)      9  : 0.0070 0.9930
1110     1110   (0)      9  : 0.0060 0.9940
1111     1111   (0)      9  : 0.0070 0.9930
1112     1112   (0)      9  : 0.0080 0.9920
1113     1113   (0)      9  : 0.0070 0.9930
1114     1114   (0)      9  : 0.0090 0.9910
1115     1115   (0)      9  : 0.0050 0.9950
1116     1116   (0)      9  : 0.0070 0.9930
1117     1117   (0)      9  : 0.0070 0.9930
1118     1118   (0)      9  : 0.0090 0.9910
1119     1119   (0)      9  : 0.0082 0.9918
1120     1120   (0)      9  : 0.0230 0.9770
1121     1121   (0)      9  : 0.0050 0.9950
1122     1122   (0)      9  : 0.0050 0.9950
1123     1123   (0)      9  : 0.0060 0.9940
1124     1124   (0)      9  : 0.0050 0.9950
1125     1125   (0)      9  : 0.0070 0.9930
1126     1126   (0)      9  : 0.0050 0.9950
1127     1127   (0)      9  : 0.0070 0.9930
1128     1128   (0)      9  : 0.0080 0.9920
1129     1129   (0)      9  : 0.0090 0.9910
1130     1130   (0)      9  : 0.0080 0.9920
1131     1131   (0)      9  : 0.0130 0.9870
1132     1132   (0)      9  : 0.0130 0.9870
1133     1133   (0)      9  : 0.0080 0.9920
1134     1134   (0)      9  : 0.0050 0.9950
1135     1135   (0)      9  : 0.0060 0.9940
1136     1136   (0)      9  : 0.0060 0.9940
1137     1137   (0)      9  : 0.0080 0.9920
1138     1138   (0)      9  : 0.0100 0.9900
1139     1139   (0)      9  : 0.0050 0.9950
1140     1140   (0)      9  : 0.0060 0.9940
1141     1141   (0)      9  : 0.0070 0.9930
1142     1142   (0)      9  : 0.0070 0.9930
1143     1143   (0)      9  : 0.0050 0.9950
1144     1144   (0)      9  : 0.0050 0.9950
1145     1145   (0)      9  : 0.0080 0.9920
1146     1146   (0)      9  : 0.0160 0.9840
1147     1147   (0)      9  : 0.0060 0.9940
1148     1148   (0)      9  : 0.0070 0.9930
1149     1149   (0)      9  : 0.0060 0.9940
1150     1150   (0)      9  : 0.0050 0.9950
1151     1151   (0)      9  : 0.0080 0.9920
1152     1152   (0)      9  : 0.0050 0.9950
1153     1153   (0)      9  : 0.0120 0.9880
1154     1154   (0)      9  : 0.0050 0.9950
1155     1155   (0)      9  : 0.0070 0.9930
1156     1156   (0)      9  : 0.0050 0.9950
1157     1157   (0)      9  : 0.0070 0.9930
1158     1158   (0)      9  : 0.0050 0.9950
1159     1159   (0)      9  : 0.0060 0.9940
1160     1160   (0)      9  : 0.0060 0.9940
1161     1161   (0)      9  : 0.0060 0.9940
1162     1162   (0)      9  : 0.0070 0.9930
1163     1163   (0)      9  : 0.0050 0.9950
1164     1164   (0)      9  : 0.0050 0.9950
1165     1165   (0)      9  : 0.0102 0.9898
1166     1166   (0)      9  : 0.0060 0.9940
1167     1167   (0)      9  : 0.0090 0.9910
1168     1168   (0)      9  : 0.0060 0.9940
1169     1169   (0)      9  : 0.0060 0.9940
1170     1170   (0)      9  : 0.0060 0.9940
1171     1171   (0)      9  : 0.0070 0.9930
1172     1172   (0)      9  : 0.0070 0.9930
1173     1173   (0)      9  : 0.0050 0.9950
1174     1174   (0)      9  : 0.0060 0.9940
1175     1175   (0)      9  : 0.0110 0.9890
1176     1176   (0)      9  : 0.0090 0.9910
1177     1177   (0)      9  : 0.0070 0.9930
1178     1178   (0)      9  : 0.0070 0.9930
1179     1179   (0)      9  : 0.0080 0.9920
1180     1180   (0)      9  : 0.0060 0.9940
1181     1181   (0)      9  : 0.0170 0.9830
1182     1182   (0)      9  : 0.0060 0.9940
1183     1183   (0)      9  : 0.0060 0.9940
1184     1184   (0)      9  : 0.0050 0.9950
1185     1185   (0)      9  : 0.0090 0.9910
1186     1186   (0)      9  : 0.0170 0.9830
1187     1187   (0)      9  : 0.0060 0.9940
1188     1188   (0)      9  : 0.0080 0.9920
1189     1189   (0)      9  : 0.0070 0.9930
1190     1190   (0)      9  : 0.0070 0.9930
1191     1191   (0)      9  : 0.0100 0.9900
1192     1192   (0)      9  : 0.0140 0.9860
1193     1193   (0)      9  : 0.0080 0.9920
1194     1194   (0)      9  : 0.0060 0.9940
1195     1195   (0)      9  : 0.0060 0.9940
1196     1196   (0)      9  : 0.0070 0.9930
1197     1197   (0)      9  : 0.0120 0.9880
1198     1198   (0)      9  : 0.0070 0.9930
1199     1199   (0)      9  : 0.0070 0.9930
1200     1200   (0)      9  : 0.0070 0.9930
1201     1201   (0)      9  : 0.0070 0.9930
1202     1202   (0)      9  : 0.0060 0.9940
1203     1203   (0)      9  : 0.0100 0.9900
1204     1204   (0)      9  : 0.0060 0.9940
1205     1205   (0)      9  : 0.0060 0.9940
1206     1206   (0)      9  : 0.0070 0.9930
1207     1207   (0)      9  : 0.0050 0.9950
1208     1208   (0)      9  : 0.0050 0.9950
1209     1209   (0)      9  : 0.0050 0.9950
1210     1210   (0)      9  : 0.0140 0.9860
1211     1211   (0)      9  : 0.0050 0.9950
1212     1212   (0)      9  : 0.0060 0.9940
1213     1213   (0)      9  : 0.0060 0.9940
1214     1214   (0)      9  : 0.0110 0.9890
1215     1215   (0)      9  : 0.0060 0.9940
1216     1216   (0)      9  : 0.0060 0.9940
1217     1217   (0)      9  : 0.0080 0.9920
1218     1218   (0)      9  : 0.0200 0.9800
1219     1219   (0)      9  : 0.0150 0.9850
1220     1220   (0)      9  : 0.0060 0.9940
1221     1221   (0)      9  : 0.0080 0.9920
1222     1222   (0)      9  : 0.0100 0.9900
1223     1223   (0)      9  : 0.0080 0.9920
1224     1224   (0)      9  : 0.0080 0.9920
1225     1225   (0)      9  : 0.0060 0.9940
1226     1226   (0)      9  : 0.0060 0.9940
1227     1227   (0)      9  : 0.0070 0.9930
1228     1228   (0)      9  : 0.0058 0.9942
1229     1229   (0)      9  : 0.0140 0.9860
1230     1230   (0)      9  : 0.0060 0.9940
1231     1231   (0)      9  : 0.0072 0.9928
1232     1232   (0)      9  : 0.0070 0.9930
1233     1233   (0)      9  : 0.0050 0.9950
1234     1234   (0)      9  : 0.0074 0.9926
1235     1235   (0)      9  : 0.0080 0.9920
1236     1236   (0)      9  : 0.0050 0.9950
1237     1237   (0)      9  : 0.0060 0.9940
1238     1238   (0)      9  : 0.0060 0.9940
1239     1239   (0)      9  : 0.0060 0.9940
1240     1240   (0)      9  : 0.0070 0.9930
1241     1241   (0)      9  : 0.0100 0.9900
1242     1242   (0)      9  : 0.0050 0.9950
1243     1243   (0)      9  : 0.0070 0.9930
1244     1244   (0)      9  : 0.0060 0.9940
1245     1245   (0)      9  : 0.0090 0.9910
1246     1246   (0)      9  : 0.0070 0.9930
1247     1247   (0)      9  : 0.0060 0.9940
1248     1248   (0)      9  : 0.0090 0.9910
1249     1249   (0)      9  : 0.0070 0.9930
1250     1250   (0)      9  : 0.0070 0.9930
1251     1251   (0)      9  : 0.0060 0.9940
1252     1252   (0)      9  : 0.0070 0.9930
1253     1253   (0)      9  : 0.0136 0.9864
1254     1254   (0)      9  : 0.0150 0.9850
1255     1255   (0)      9  : 0.0080 0.9920
1256     1256   (0)      9  : 0.0070 0.9930
1257     1257   (0)      9  : 0.0080 0.9920
1258     1258   (0)      9  : 0.0080 0.9920
1259     1259   (0)      9  : 0.0070 0.9930
1260     1260   (0)      9  : 0.0190 0.9810
1261     1261   (0)      9  : 0.0120 0.9880
1262     1262   (0)      9  : 0.0056 0.9944
1263     1263   (0)      9  : 0.0060 0.9940
1264     1264   (0)      9  : 0.0060 0.9940
1265     1265   (0)      9  : 0.0070 0.9930
1266     1266   (0)      9  : 0.0050 0.9950
1267     1267   (0)      9  : 0.0060 0.9940
1268     1268   (0)      9  : 0.0090 0.9910
1269     1269   (0)      9  : 0.0210 0.9790
1270     1270   (0)      9  : 0.0070 0.9930
1271     1271   (0)      9  : 0.0060 0.9940
1272     1272   (0)      9  : 0.0084 0.9916
1273     1273   (0)      9  : 0.0060 0.9940
1274     1274   (0)      9  : 0.0070 0.9930
1275     1275   (0)      9  : 0.0068 0.9932
1276     1276   (0)      9  : 0.0090 0.9910
1277     1277   (0)      9  : 0.0050 0.9950
1278     1278   (0)      9  : 0.0050 0.9950
1279     1279   (0)      9  : 0.0060 0.9940
1280     1280   (0)      9  : 0.0070 0.9930
1281     1281   (0)      9  : 0.0064 0.9936
1282     1282   (0)      9  : 0.0090 0.9910
1283     1283   (0)      9  : 0.0050 0.9950
1284     1284   (0)      9  : 0.0080 0.9920
1285     1285   (0)      9  : 0.0060 0.9940
1286     1286   (0)      9  : 0.0194 0.9806
1287     1287   (0)      9  : 0.0080 0.9920
1288     1288   (0)      9  : 0.0058 0.9942
1289     1289   (0)      9  : 0.0070 0.9930
1290     1290   (0)      9  : 0.0060 0.9940
1291     1291   (0)      9  : 0.0070 0.9930
1292     1292   (0)      9  : 0.0050 0.9950
1293     1293   (0)      9  : 0.0080 0.9920
1294     1294   (0)      9  : 0.0070 0.9930
1295     1295   (0)      9  : 0.0060 0.9940
1296     1296   (0)      9  : 0.0060 0.9940
1297     1297   (0)      9  : 0.0060 0.9940
1298     1298   (0)      9  : 0.0090 0.9910
1299     1299   (0)      9  : 0.0090 0.9910
1300     1300   (0)      9  : 0.0100 0.9900
1301     1301   (0)      9  : 0.0070 0.9930
1302     1302   (0)      9  : 0.0070 0.9930
1303     1303   (0)      9  : 0.0060 0.9940
1304     1304   (0)      9  : 0.0050 0.9950
1305     1305   (0)      9  : 0.0078 0.9922
1306     1306   (0)      9  : 0.0082 0.9918
1307     1307   (0)      9  : 0.0050 0.9950
1308     1308   (0)      9  : 0.0070 0.9930
1309     1309   (0)      9  : 0.0100 0.9900
1310     1310   (0)      9  : 0.0060 0.9940
1311     1311   (0)      9  : 0.0070 0.9930
1312     1312   (0)      9  : 0.0060 0.9940
1313     1313   (0)      9  : 0.0060 0.9940
1314     1314   (0)      9  : 0.0080 0.9920
1315     1315   (0)      9  : 0.0130 0.9870
1316     1316   (0)      9  : 0.0090 0.9910
1317     1317   (0)      9  : 0.0050 0.9950
1318     1318   (0)      9  : 0.0250 0.9750
1319     1319   (0)      9  : 0.0070 0.9930
1320     1320   (0)      9  : 0.0080 0.9920
1321     1321   (0)      9  : 0.0100 0.9900
1322     1322   (0)      9  : 0.0070 0.9930
1323     1323   (0)      9  : 0.0060 0.9940
1324     1324   (0)      9  : 0.0050 0.9950
1325     1325   (0)      9  : 0.0070 0.9930
1326     1326   (0)      9  : 0.0060 0.9940
1327     1327   (0)      9  : 0.0080 0.9920
1328     1328   (0)      9  : 0.0072 0.9928
1329     1329   (0)      9  : 0.0060 0.9940
1330     1330   (0)      9  : 0.0080 0.9920
1331     1331   (0)      9  : 0.0080 0.9920
1332     1332   (0)      9  : 0.0060 0.9940
1333     1333   (0)      9  : 0.0096 0.9904
1334     1334   (0)      9  : 0.0148 0.9852
1335     1335   (0)      9  : 0.0060 0.9940
1336     1336   (0)      9  : 0.0050 0.9950
1337     1337   (0)      9  : 0.0040 0.9960
1338     1338   (0)      9  : 0.0050 0.9950
1339     1339   (0)      9  : 0.0070 0.9930
1340     1340   (0)      9  : 0.0060 0.9940
1341     1341   (0)      9  : 0.0070 0.9930
1342     1342   (0)      9  : 0.0060 0.9940
1343     1343   (0)      9  : 0.0062 0.9938
1344     1344   (0)      9  : 0.0040 0.9960
1345     1345   (0)      9  : 0.0060 0.9940
1346     1346   (0)      9  : 0.0060 0.9940
1347     1347   (0)      9  : 0.0060 0.9940
1348     1348   (0)      9  : 0.0078 0.9922
1349     1349   (0)      9  : 0.0070 0.9930
1350     1350   (0)      9  : 0.0100 0.9900
1351     1351   (0)      9  : 0.0070 0.9930
1352     1352   (0)      9  : 0.0060 0.9940
1353     1353   (0)      9  : 0.0080 0.9920
1354     1354   (0)      9  : 0.0070 0.9930
1355     1355   (0)      9  : 0.0080 0.9920
1356     1356   (0)      9  : 0.0080 0.9920
1357     1357   (0)      9  : 0.0110 0.9890
1358     1358   (0)      9  : 0.0080 0.9920
1359     1359   (0)      9  : 0.0080 0.9920
1360     1360   (0)      9  : 0.0090 0.9910
1361     1361   (0)      9  : 0.0060 0.9940
1362     1362   (0)      9  : 0.0060 0.9940
1363     1363   (0)      9  : 0.0070 0.9930
1364     1364   (0)      9  : 0.0060 0.9940
1365     1365   (0)      9  : 0.0070 0.9930
1366     1366   (0)      9  : 0.0080 0.9920
1367     1367   (0)      9  : 0.0060 0.9940
1368     1368   (0)      9  : 0.0080 0.9920
1369     1369   (0)      9  : 0.0060 0.9940
1370     1370   (0)      9  : 0.0060 0.9940
1371     1371   (0)      9  : 0.0060 0.9940
1372     1372   (0)      9  : 0.0060 0.9940
1373     1373   (0)      9  : 0.0080 0.9920
1374     1374   (0)      9  : 0.0050 0.9950
1375     1375   (0)      9  : 0.0070 0.9930
1376     1376   (0)      9  : 0.0070 0.9930
1377     1377   (0)      9  : 0.0070 0.9930
1378     1378   (0)      9  : 0.0090 0.9910
1379     1379   (0)      9  : 0.0070 0.9930
1380     1380   (0)      9  : 0.0060 0.9940
1381     1381   (0)      9  : 0.0070 0.9930
1382     1382   (0)      9  : 0.0060 0.9940
1383     1383   (0)      9  : 0.0050 0.9950
1384     1384   (0)      9  : 0.0070 0.9930
1385     1385   (0)      9  : 0.0060 0.9940
1386     1386   (0)      9  : 0.0060 0.9940
1387     1387   (0)      9  : 0.0060 0.9940
1388     1388   (0)      9  : 0.0070 0.9930
1389     1389   (0)      9  : 0.0128 0.9872
1390     1390   (0)      9  : 0.0060 0.9940
1391     1391   (0)      9  : 0.0070 0.9930
1392     1392   (0)      9  : 0.0110 0.9890
1393     1393   (0)      9  : 0.0070 0.9930
1394     1394   (0)      9  : 0.0070 0.9930
1395     1395   (0)      9  : 0.0060 0.9940
1396     1396   (0)      9  : 0.0070 0.9930
1397     1397   (0)      9  : 0.0090 0.9910
1398     1398   (0)      9  : 0.0060 0.9940
1399     1399   (0)      9  : 0.0080 0.9920
1400     1400   (0)      9  : 0.0060 0.9940
1401     1401   (0)      9  : 0.0120 0.9880
1402     1402   (0)      9  : 0.0060 0.9940
1403     1403   (0)      9  : 0.0120 0.9880
1404     1404   (0)      9  : 0.0320 0.9680
1405     1405   (0)      9  : 0.0080 0.9920
1406     1406   (0)      9  : 0.0100 0.9900
1407     1407   (0)      9  : 0.0070 0.9930
1408     1408   (0)      9  : 0.0090 0.9910
1409     1409   (0)      9  : 0.0060 0.9940
1410     1410   (0)      9  : 0.0080 0.9920
1411     1411   (0)      9  : 0.0060 0.9940
1412     1412   (0)      9  : 0.0060 0.9940
1413     1413   (0)      9  : 0.0090 0.9910
1414     1414   (0)      9  : 0.0090 0.9910
1415     1415   (0)      9  : 0.0050 0.9950
1416     1416   (0)      9  : 0.0100 0.9900
1417     1417   (0)      9  : 0.0050 0.9950
1418     1418   (0)      9  : 0.0080 0.9920
1419     1419   (0)      9  : 0.0070 0.9930
1420     1420   (0)      9  : 0.0050 0.9950
1421     1421   (0)      9  : 0.0090 0.9910
1422     1422   (0)      9  : 0.0070 0.9930
1423     1423   (0)      9  : 0.0060 0.9940
1424     1424   (0)      9  : 0.0090 0.9910
1425     1425   (0)      9  : 0.0084 0.9916
1426     1426   (0)      9  : 0.0050 0.9950
1427     1427   (0)      9  : 0.0100 0.9900
1428     1428   (0)      9  : 0.0068 0.9932
1429     1429   (0)      9  : 0.0070 0.9930
1430     1430   (0)      9  : 0.0040 0.9960
1431     1431   (0)      9  : 0.0070 0.9930
1432     1432   (0)      9  : 0.0090 0.9910
1433     1433   (0)      9  : 0.0050 0.9950
1434     1434   (0)      9  : 0.0060 0.9940
1435     1435   (0)      9  : 0.0070 0.9930
1436     1436   (0)      9  : 0.0080 0.9920
1437     1437   (0)      9  : 0.0090 0.9910
1438     1438   (0)      9  : 0.0100 0.9900
1439     1439   (0)      9  : 0.0080 0.9920
1440     1440   (0)      9  : 0.0050 0.9950
1441     1441   (0)      9  : 0.0100 0.9900
1442     1442   (0)      9  : 0.0130 0.9870
1443     1443   (0)      9  : 0.0058 0.9942
1444     1444   (0)      9  : 0.0070 0.9930
1445     1445   (0)      9  : 0.0050 0.9950
1446     1446   (0)      9  : 0.0066 0.9934
1447     1447   (0)      9  : 0.0070 0.9930
1448     1448   (0)      9  : 0.0050 0.9950
1449     1449   (0)      9  : 0.0090 0.9910
1450     1450   (0)      9  : 0.0060 0.9940
1451     1451   (0)      9  : 0.0070 0.9930
1452     1452   (0)      9  : 0.0070 0.9930
1453     1453   (0)      9  : 0.0140 0.9860
1454     1454   (0)      9  : 0.0100 0.9900
1455     1455   (0)      9  : 0.0080 0.9920
1456     1456   (0)      9  : 0.0070 0.9930
1457     1457   (0)      9  : 0.0120 0.9880
1458     1458   (0)      9  : 0.0060 0.9940
1459     1459   (0)      9  : 0.0060 0.9940
1460     1460   (0)      9  : 0.0090 0.9910
1461     1461   (0)      9  : 0.0080 0.9920
1462     1462   (0)      9  : 0.0120 0.9880
1463     1463   (0)      9  : 0.0150 0.9850
1464     1464   (0)      9  : 0.0070 0.9930
1465     1465   (0)      9  : 0.0060 0.9940
1466     1466   (0)      9  : 0.0060 0.9940
1467     1467   (0)      9  : 0.0120 0.9880
1468     1468   (0)      9  : 0.0070 0.9930
1469     1469   (0)      9  : 0.0060 0.9940
1470     1470   (0)      9  : 0.0090 0.9910
1471     1471   (0)      9  : 0.0060 0.9940
1472     1472   (0)      9  : 0.0070 0.9930
1473     1473   (0)      9  : 0.0070 0.9930
1474     1474   (0)      9  : 0.0060 0.9940
1475     1475   (0)      9  : 0.0070 0.9930
1476     1476   (0)      9  : 0.0050 0.9950
1477     1477   (0)      9  : 0.0070 0.9930
1478     1478   (0)      9  : 0.0070 0.9930
1479     1479   (0)      9  : 0.0130 0.9870
1480     1480   (0)      9  : 0.0210 0.9790
1481     1481   (0)      9  : 0.0050 0.9950
1482     1482   (0)      9  : 0.0070 0.9930
1483     1483   (0)      9  : 0.0080 0.9920
1484     1484   (0)      9  : 0.0070 0.9930
1485     1485   (0)      9  : 0.0050 0.9950
1486     1486   (0)      9  : 0.0060 0.9940
1487     1487   (0)      9  : 0.0110 0.9890
1488     1488   (0)      9  : 0.0070 0.9930
1489     1489   (0)      9  : 0.0060 0.9940
1490     1490   (0)      9  : 0.0060 0.9940
1491     1491   (0)      9  : 0.0050 0.9950
1492     1492   (0)      9  : 0.0090 0.9910
1493     1493   (0)      9  : 0.0130 0.9870
1494     1494   (0)      9  : 0.0070 0.9930
1495     1495   (0)      9  : 0.0100 0.9900
1496     1496   (0)      9  : 0.0060 0.9940
1497     1497   (0)      9  : 0.0162 0.9838
1498     1498   (0)      9  : 0.0060 0.9940
1499     1499   (0)      9  : 0.0070 0.9930
1500     1500   (0)      9  : 0.0060 0.9940
