   1        1   (5)      1 :  0.9856 0.0144 
   2        2   (5)      1 :  0.9610 0.0390 
   3        3   (5)      1 :  0.9890 0.0110 
   4        4   (0)      1 :  0.9920 0.0080 
   5        5   (0)      1 :  0.9630 0.0370 
   6        6   (0)      1 :  0.9870 0.0130 
   7        7   (0)      1 :  0.8810 0.1190 
   8        8   (5)      1 :  0.9910 0.0090 
   9        9   (0)      1 :  0.9910 0.0090 
  10       10   (0)      1 :  0.9516 0.0484 
  11       11   (0)      1 :  0.9810 0.0190 
  12       12   (0)      1 :  0.9800 0.0200 
  13       13   (0)      1 :  0.9900 0.0100 
  14       14   (0)      1 :  0.9850 0.0150 
  15       15   (0)      1 :  0.9850 0.0150 
  16       16   (0)      1 :  0.9930 0.0070 
  17       17   (0)      1 :  0.9912 0.0088 
  18       18   (0)      1 :  0.9710 0.0290 
  19       19   (0)      1 :  0.9910 0.0090 
  20       20   (0)      1 :  0.9520 0.0480 
  21       21   (0)      1 :  0.9910 0.0090 
  22       22   (0)      1 :  0.9930 0.0070 
  23       23   (0)      1 :  0.9930 0.0070 
  24       24   (0)      1 :  0.9910 0.0090 
  25       25   (0)      1 :  0.9592 0.0408 
  26       26   (0)      1 :  0.9890 0.0110 
  27       27   (5)      1 :  0.9530 0.0470 
  28       28   (0)      1 :  0.9840 0.0160 
  29       29   (0)      1 :  0.9910 0.0090 
  30       30   (0)      1 :  0.9502 0.0498 
  31       31   (0)      1 :  0.9910 0.0090 
  32       32   (0)      1 :  0.9848 0.0152 
  33       33   (0)      1 :  0.9930 0.0070 
  34       34   (0)      1 :  0.9930 0.0070 
  35       35   (0)      1 :  0.9660 0.0340 
  36       36   (0)      1 :  0.9870 0.0130 
  37       37   (0)      1 :  0.9770 0.0230 
  38       38   (0)      1 :  0.9870 0.0130 
  39       39   (0)      1 :  0.9720 0.0280 
  40       40   (0)      1 :  0.9872 0.0128 
  41       41   (0)      1 :  0.9870 0.0130 
  42       42   (0)      1 :  0.9930 0.0070 
  43       43   (0)      1 :  0.9880 0.0120 
  44       44   (0)      1 :  0.9920 0.0080 
  45       45   (5)      1 :  0.9820 0.0180 
  46       46   (0)      1 :  0.9920 0.0080 
  47       47   (0)      1 :  0.9850 0.0150 
  48       48   (0)      1 :  0.9840 0.0160 
  49       49   (0)      1 :  0.9814 0.0186 
  50       50   (0)      1 :  0.9880 0.0120 
  51       51   (0)      1 :  0.9810 0.0190 
  52       52   (0)      1 :  0.9640 0.0360 
  53       53   (0)      1 :  0.9880 0.0120 
  54       54   (0)      1 :  0.9840 0.0160 
  55       55   (0)      1 :  0.9850 0.0150 
  56       56   (0)      1 :  0.9900 0.0100 
  57       57  (10)      1 :  0.9910 0.0090 
  58       58   (5)      1 :  0.9830 0.0170 
  59       59   (0)      1 :  0.9870 0.0130 
  60       60   (0)      1 :  0.9900 0.0100 
  61       61   (0)      1 :  0.9860 0.0140 
  62       62   (0)      1 :  0.9800 0.0200 
  63       63   (0)      1 :  0.9810 0.0190 
  64       64   (0)      1 :  0.9868 0.0132 
  65       65   (0)      1 :  0.9640 0.0360 
  66       66   (0)      1 :  0.9910 0.0090 
  67       67   (5)      1 :  0.9860 0.0140 
  68       68   (0)      1 :  0.9676 0.0324 
  69       69   (0)      1 :  0.9800 0.0200 
  70       70   (0)      1 :  0.9860 0.0140 
  71       71   (5)      1 :  0.9838 0.0162 
  72       72   (0)      1 :  0.9796 0.0204 
  73       73   (5)      1 :  0.9870 0.0130 
  74       74  (10)      1 :  0.9790 0.0210 
  75       75  (10)      1 :  0.9870 0.0130 
  76       76   (0)      1 :  0.9910 0.0090 
  77       77  (10)      1 :  0.9880 0.0120 
  78       78   (0)      1 :  0.9848 0.0152 
  79       79   (5)      1 :  0.9800 0.0200 
  80       80   (0)      1 :  0.9910 0.0090 
  81       81   (0)      1 :  0.9920 0.0080 
  82       82   (0)      1 :  0.9920 0.0080 
  83       83   (0)      1 :  0.9880 0.0120 
  84       84   (0)      1 :  0.9798 0.0202 
  85       85   (0)      1 :  0.9910 0.0090 
  86       86   (5)      1 :  0.9900 0.0100 
  87       87   (0)      1 :  0.9900 0.0100 
  88       88   (0)      1 :  0.9694 0.0306 
  89       89   (0)      1 :  0.9880 0.0120 
  90       90   (0)      1 :  0.9810 0.0190 
  91       91   (0)      1 :  0.9830 0.0170 
  92       92   (0)      1 :  0.9760 0.0240 
  93       93   (0)      1 :  0.9910 0.0090 
  94       94   (5)      1 :  0.9880 0.0120 
  95       95   (0)      1 :  0.9860 0.0140 
  96       96   (5)      1 :  0.9900 0.0100 
  97       97   (0)      1 :  0.9830 0.0170 
  98       98   (0)      1 :  0.9850 0.0150 
  99       99   (5)      1 :  0.9890 0.0110 
 100      100   (5)      1 :  0.9920 0.0080 
 101      101   (0)      2 :  0.9710 0.0290 
 102      102   (0)      2 :  0.9846 0.0154 
 103      103   (0)      2 :  0.9556 0.0444 
 104      104   (0)      2 :  0.9670 0.0330 
 105      105   (0)      2 :  0.9780 0.0220 
 106      106   (0)      2 :  0.9930 0.0070 
 107      107   (0)      2 :  0.9870 0.0130 
 108      108   (0)      2 :  0.9870 0.0130 
 109      109   (0)      2 :  0.9820 0.0180 
 110      110   (0)      2 :  0.9180 0.0820 
 111      111   (0)      2 :  0.9920 0.0080 
 112      112   (0)      2 :  0.9780 0.0220 
 113      113   (0)      2 :  0.9850 0.0150 
 114      114   (0)      2 :  0.9910 0.0090 
 115      115   (0)      2 :  0.9920 0.0080 
 116      116   (0)      2 :  0.9884 0.0116 
 117      117   (0)      2 :  0.9900 0.0100 
 118      118   (0)      2 :  0.9910 0.0090 
 119      119   (0)      2 :  0.9780 0.0220 
 120      120   (0)      2 :  0.9900 0.0100 
 121      121   (0)      2 :  0.9910 0.0090 
 122      122   (0)      2 :  0.9760 0.0240 
 123      123   (0)      2 :  0.9720 0.0280 
 124      124   (0)      2 :  0.9880 0.0120 
 125      125   (0)      2 :  0.9930 0.0070 
 126      126   (0)      2 :  0.9820 0.0180 
 127      127   (0)      2 :  0.9868 0.0132 
 128      128   (0)      2 :  0.9890 0.0110 
 129      129   (0)      2 :  0.9920 0.0080 
 130      130   (0)      2 :  0.9930 0.0070 
 131      131   (0)      2 :  0.9800 0.0200 
 132      132   (0)      2 :  0.9810 0.0190 
 133      133   (0)      2 :  0.9880 0.0120 
 134      134   (0)      2 :  0.9640 0.0360 
 135      135   (0)      2 :  0.9810 0.0190 
 136      136   (0)      2 :  0.9910 0.0090 
 137      137   (0)      2 :  0.9830 0.0170 
 138      138   (0)      2 :  0.9866 0.0134 
 139      139   (0)      2 :  0.9890 0.0110 
 140      140   (0)      2 :  0.9628 0.0372 
 141      141   (0)      2 :  0.9828 0.0172 
 142      142   (0)      2 :  0.9890 0.0110 
 143      143   (0)      2 :  0.9910 0.0090 
 144      144   (0)      2 :  0.9890 0.0110 
 145      145   (0)      2 :  0.9900 0.0100 
 146      146   (0)      2 :  0.9860 0.0140 
 147      147   (0)      2 :  0.9700 0.0300 
 148      148   (0)      2 :  0.9830 0.0170 
 149      149   (0)      2 :  0.9662 0.0338 
 150      150   (0)      2 :  0.9830 0.0170 
 151      151   (0)      2 :  0.9880 0.0120 
 152      152   (0)      2 :  0.9930 0.0070 
 153      153   (0)      2 :  0.9880 0.0120 
 154      154   (0)      2 :  0.9740 0.0260 
 155      155   (0)      2 :  0.9880 0.0120 
 156      156   (0)      2 :  0.9860 0.0140 
 157      157   (0)      2 :  0.9700 0.0300 
 158      158   (0)      2 :  0.9940 0.0060 
 159      159   (0)      2 :  0.9900 0.0100 
 160      160   (0)      2 :  0.9880 0.0120 
 161      161   (0)      2 :  0.9900 0.0100 
 162      162   (0)      2 :  0.9930 0.0070 
 163      163   (0)      2 :  0.9910 0.0090 
 164      164   (0)      2 :  0.9860 0.0140 
 165      165   (0)      2 :  0.9900 0.0100 
 166      166   (0)      2 :  0.9880 0.0120 
 167      167   (0)      2 :  0.9740 0.0260 
 168      168   (0)      2 :  0.9880 0.0120 
 169      169   (0)      2 :  0.9674 0.0326 
 170      170   (0)      2 :  0.9900 0.0100 
 171      171   (0)      2 :  0.9920 0.0080 
 172      172   (0)      2 :  0.9880 0.0120 
 173      173   (0)      2 :  0.9820 0.0180 
 174      174   (0)      2 :  0.9920 0.0080 
 175      175   (0)      2 :  0.9870 0.0130 
 176      176   (0)      2 :  0.9760 0.0240 
 177      177   (0)      2 :  0.9780 0.0220 
 178      178   (0)      2 :  0.9910 0.0090 
 179      179   (0)      2 :  0.9870 0.0130 
 180      180   (0)      2 :  0.9640 0.0360 
 181      181   (0)      2 :  0.9890 0.0110 
 182      182   (0)      2 :  0.9930 0.0070 
 183      183   (0)      2 :  0.9740 0.0260 
 184      184   (0)      2 :  0.9810 0.0190 
 185      185   (0)      2 :  0.9870 0.0130 
 186      186   (0)      2 :  0.9900 0.0100 
 187      187   (0)      2 :  0.9870 0.0130 
 188      188   (0)      2 :  0.9890 0.0110 
 189      189   (0)      2 :  0.9860 0.0140 
 190      190   (0)      2 :  0.9920 0.0080 
 191      191   (0)      2 :  0.9908 0.0092 
 192      192   (0)      2 :  0.9810 0.0190 
 193      193   (0)      2 :  0.8650 0.1350 
 194      194   (0)      2 :  0.9910 0.0090 
 195      195   (0)      2 :  0.9590 0.0410 
 196      196   (0)      2 :  0.9910 0.0090 
 197      197   (0)      2 :  0.9940 0.0060 
 198      198   (0)      2 :  0.9790 0.0210 
 199      199   (0)      2 :  0.9870 0.0130 
 200      200   (0)      2 :  0.9920 0.0080 
 201      201   (0)      2 :  0.9770 0.0230 
 202      202   (0)      2 :  0.9620 0.0380 
 203      203   (0)      2 :  0.9910 0.0090 
 204      204   (0)      2 :  0.9940 0.0060 
 205      205   (0)      2 :  0.9650 0.0350 
 206      206   (0)      2 :  0.9890 0.0110 
 207      207   (0)      2 :  0.9900 0.0100 
 208      208   (0)      2 :  0.9900 0.0100 
 209      209   (0)      2 :  0.9860 0.0140 
 210      210   (0)      2 :  0.9900 0.0100 
 211      211   (0)      2 :  0.9940 0.0060 
 212      212   (0)      2 :  0.9770 0.0230 
 213      213   (0)      2 :  0.9800 0.0200 
 214      214   (0)      2 :  0.9930 0.0070 
 215      215   (0)      2 :  0.9930 0.0070 
 216      216   (0)      2 :  0.9820 0.0180 
 217      217   (0)      2 :  0.9720 0.0280 
 218      218   (0)      2 :  0.9900 0.0100 
 219      219   (0)      2 :  0.9850 0.0150 
 220      220   (0)      2 :  0.9610 0.0390 
 221      221   (0)      2 :  0.9880 0.0120 
 222      222   (0)      2 :  0.9920 0.0080 
 223      223   (0)      2 :  0.8770 0.1230 
 224      224   (0)      2 :  0.9620 0.0380 
 225      225   (0)      2 :  0.9910 0.0090 
 226      226   (0)      2 :  0.9580 0.0420 
 227      227   (0)      2 :  0.9900 0.0100 
 228      228   (0)      2 :  0.9920 0.0080 
 229      229   (0)      2 :  0.9810 0.0190 
 230      230   (0)      2 :  0.9920 0.0080 
 231      231   (0)      2 :  0.9910 0.0090 
 232      232   (0)      2 :  0.9810 0.0190 
 233      233   (0)      2 :  0.9306 0.0694 
 234      234   (0)      2 :  0.9840 0.0160 
 235      235   (0)      2 :  0.9860 0.0140 
 236      236   (0)      2 :  0.9730 0.0270 
 237      237   (0)      2 :  0.9910 0.0090 
 238      238   (0)      2 :  0.9750 0.0250 
 239      239   (0)      2 :  0.9880 0.0120 
 240      240   (0)      2 :  0.9880 0.0120 
 241      241   (0)      2 :  0.9820 0.0180 
 242      242   (0)      2 :  0.9820 0.0180 
 243      243   (0)      2 :  0.9900 0.0100 
 244      244   (0)      2 :  0.9840 0.0160 
 245      245   (0)      2 :  0.9880 0.0120 
 246      246   (0)      2 :  0.9880 0.0120 
 247      247   (0)      2 :  0.9890 0.0110 
 248      248   (0)      2 :  0.9850 0.0150 
 249      249   (0)      2 :  0.9940 0.0060 
 250      250   (0)      2 :  0.9710 0.0290 
 251      251   (0)      2 :  0.9920 0.0080 
 252      252   (0)      2 :  0.9850 0.0150 
 253      253   (0)      2 :  0.9930 0.0070 
 254      254   (0)      2 :  0.9870 0.0130 
 255      255   (0)      2 :  0.9910 0.0090 
 256      256   (0)      2 :  0.9900 0.0100 
 257      257   (0)      2 :  0.9920 0.0080 
 258      258   (0)      2 :  0.9700 0.0300 
 259      259   (0)      2 :  0.9680 0.0320 
 260      260   (0)      2 :  0.9910 0.0090 
 261      261   (0)      2 :  0.9900 0.0100 
 262      262   (0)      2 :  0.9880 0.0120 
 263      263   (0)      2 :  0.9940 0.0060 
 264      264   (0)      2 :  0.9740 0.0260 
 265      265   (0)      2 :  0.9850 0.0150 
 266      266   (0)      2 :  0.9880 0.0120 
 267      267   (0)      2 :  0.9680 0.0320 
 268      268   (0)      2 :  0.9920 0.0080 
 269      269   (0)      2 :  0.9900 0.0100 
 270      270   (0)      2 :  0.9850 0.0150 
 271      271   (0)      2 :  0.9870 0.0130 
 272      272   (0)      2 :  0.9820 0.0180 
 273      273   (0)      2 :  0.9910 0.0090 
 274      274   (0)      2 :  0.9780 0.0220 
 275      275   (0)      2 :  0.9930 0.0070 
 276      276   (0)      2 :  0.9870 0.0130 
 277      277   (0)      2 :  0.9870 0.0130 
 278      278   (0)      2 :  0.9900 0.0100 
 279      279   (0)      2 :  0.9860 0.0140 
 280      280   (0)      2 :  0.9870 0.0130 
 281      281   (0)      2 :  0.9900 0.0100 
 282      282   (0)      2 :  0.9808 0.0192 
 283      283   (0)      2 :  0.9880 0.0120 
 284      284   (0)      2 :  0.9900 0.0100 
 285      285   (0)      2 :  0.9890 0.0110 
 286      286   (0)      2 :  0.9820 0.0180 
 287      287   (0)      2 :  0.9730 0.0270 
 288      288   (0)      2 :  0.9360 0.0640 
 289      289   (0)      2 :  0.9920 0.0080 
 290      290   (0)      2 :  0.9930 0.0070 
 291      291   (0)      2 :  0.9790 0.0210 
 292      292   (0)      2 :  0.9800 0.0200 
 293      293   (0)      2 :  0.9930 0.0070 
 294      294   (0)      2 :  0.9796 0.0204 
 295      295   (0)      2 :  0.9650 0.0350 
 296      296   (0)      2 :  0.9810 0.0190 
 297      297   (0)      2 :  0.9398 0.0602 
 298      298   (0)      2 :  0.9900 0.0100 
 299      299   (0)      2 :  0.9900 0.0100 
 300      300   (0)      2 :  0.9930 0.0070 
 301      301   (0)      2 :  0.9860 0.0140 
 302      302   (0)      2 :  0.9770 0.0230 
 303      303   (0)      2 :  0.9880 0.0120 
 304      304   (0)      2 :  0.9690 0.0310 
 305      305   (0)      2 :  0.9880 0.0120 
 306      306   (0)      2 :  0.9850 0.0150 
 307      307   (0)      2 :  0.9730 0.0270 
 308      308   (0)      2 :  0.9486 0.0514 
 309      309   (0)      2 :  0.9940 0.0060 
 310      310   (0)      2 :  0.9568 0.0432 
 311      311   (0)      2 :  0.9860 0.0140 
 312      312   (0)      2 :  0.9830 0.0170 
 313      313   (0)      2 :  0.9830 0.0170 
 314      314   (0)      2 :  0.9920 0.0080 
 315      315   (0)      2 :  0.9894 0.0106 
 316      316   (0)      2 :  0.9900 0.0100 
 317      317   (0)      2 :  0.9880 0.0120 
 318      318   (0)      2 :  0.9910 0.0090 
 319      319   (0)      2 :  0.9860 0.0140 
 320      320   (0)      2 :  0.9924 0.0076 
 321      321   (0)      2 :  0.9900 0.0100 
 322      322   (0)      2 :  0.9910 0.0090 
 323      323   (0)      2 :  0.9830 0.0170 
 324      324   (0)      2 :  0.9890 0.0110 
 325      325   (0)      2 :  0.9740 0.0260 
 326      326   (0)      2 :  0.9930 0.0070 
 327      327   (0)      2 :  0.9850 0.0150 
 328      328   (0)      2 :  0.9890 0.0110 
 329      329   (0)      2 :  0.9920 0.0080 
 330      330   (0)      2 :  0.9940 0.0060 
 331      331   (0)      2 :  0.9820 0.0180 
 332      332   (0)      2 :  0.9860 0.0140 
 333      333   (0)      2 :  0.9920 0.0080 
 334      334   (0)      2 :  0.9860 0.0140 
 335      335   (0)      2 :  0.9828 0.0172 
 336      336   (0)      2 :  0.9630 0.0370 
 337      337   (0)      2 :  0.9920 0.0080 
 338      338   (0)      2 :  0.9890 0.0110 
 339      339   (0)      2 :  0.9890 0.0110 
 340      340   (0)      2 :  0.9910 0.0090 
 341      341   (0)      2 :  0.9890 0.0110 
 342      342   (0)      2 :  0.9478 0.0522 
 343      343   (0)      2 :  0.9910 0.0090 
 344      344   (0)      2 :  0.9840 0.0160 
 345      345   (0)      2 :  0.9670 0.0330 
 346      346   (0)      2 :  0.9920 0.0080 
 347      347   (0)      2 :  0.9890 0.0110 
 348      348   (0)      2 :  0.9820 0.0180 
 349      349   (0)      2 :  0.9910 0.0090 
 350      350   (0)      2 :  0.9860 0.0140 
 351      351   (0)      2 :  0.9880 0.0120 
 352      352   (0)      2 :  0.9880 0.0120 
 353      353   (0)      2 :  0.9880 0.0120 
 354      354   (0)      2 :  0.9790 0.0210 
 355      355   (0)      2 :  0.9770 0.0230 
 356      356   (0)      2 :  0.9790 0.0210 
 357      357   (0)      2 :  0.9870 0.0130 
 358      358   (0)      2 :  0.9856 0.0144 
 359      359   (0)      2 :  0.8908 0.1092 
 360      360   (0)      2 :  0.9810 0.0190 
 361      361   (0)      2 :  0.9840 0.0160 
 362      362   (0)      2 :  0.9856 0.0144 
 363      363   (0)      2 :  0.9910 0.0090 
 364      364   (0)      2 :  0.9910 0.0090 
 365      365   (0)      2 :  0.9860 0.0140 
 366      366   (0)      2 :  0.9880 0.0120 
 367      367   (0)      2 :  0.9850 0.0150 
 368      368   (0)      2 :  0.9920 0.0080 
 369      369   (0)      2 :  0.9618 0.0382 
 370      370   (0)      2 :  0.9890 0.0110 
 371      371   (0)      2 :  0.9820 0.0180 
 372      372   (0)      2 :  0.9490 0.0510 
 373      373   (0)      2 :  0.9910 0.0090 
 374      374   (0)      2 :  0.9750 0.0250 
 375      375   (0)      2 :  0.9290 0.0710 
 376      376   (0)      2 :  0.9910 0.0090 
 377      377   (0)      2 :  0.9796 0.0204 
 378      378   (0)      2 :  0.9880 0.0120 
 379      379   (0)      2 :  0.9568 0.0432 
 380      380   (0)      2 :  0.9900 0.0100 
 381      381   (0)      2 :  0.9900 0.0100 
 382      382   (0)      2 :  0.9860 0.0140 
 383      383   (0)      2 :  0.9920 0.0080 
 384      384   (0)      2 :  0.9572 0.0428 
 385      385   (0)      2 :  0.9910 0.0090 
 386      386   (0)      2 :  0.9880 0.0120 
 387      387   (0)      2 :  0.9790 0.0210 
 388      388   (0)      2 :  0.9900 0.0100 
 389      389   (0)      2 :  0.9930 0.0070 
 390      390   (0)      2 :  0.9910 0.0090 
 391      391   (0)      2 :  0.9870 0.0130 
 392      392   (0)      2 :  0.9870 0.0130 
 393      393   (0)      2 :  0.9910 0.0090 
 394      394   (0)      2 :  0.9930 0.0070 
 395      395   (0)      2 :  0.9910 0.0090 
 396      396   (0)      2 :  0.9860 0.0140 
 397      397   (0)      2 :  0.9880 0.0120 
 398      398   (0)      2 :  0.9850 0.0150 
 399      399   (0)      2 :  0.9890 0.0110 
 400      400   (0)      2 :  0.9920 0.0080 
 401      401   (0)      2 :  0.9910 0.0090 
 402      402   (0)      2 :  0.9840 0.0160 
 403      403   (0)      2 :  0.9660 0.0340 
 404      404   (0)      2 :  0.9890 0.0110 
 405      405   (0)      2 :  0.9910 0.0090 
 406      406   (0)      2 :  0.9650 0.0350 
 407      407   (0)      2 :  0.9910 0.0090 
 408      408   (0)      2 :  0.9930 0.0070 
 409      409   (0)      2 :  0.9890 0.0110 
 410      410   (0)      2 :  0.9830 0.0170 
 411      411   (0)      2 :  0.9600 0.0400 
 412      412   (0)      2 :  0.9920 0.0080 
 413      413   (0)      2 :  0.9640 0.0360 
 414      414   (0)      2 :  0.9890 0.0110 
 415      415   (0)      2 :  0.9710 0.0290 
 416      416   (0)      2 :  0.9880 0.0120 
 417      417   (0)      2 :  0.9062 0.0938 
 418      418   (0)      2 :  0.9570 0.0430 
 419      419   (0)      2 :  0.9930 0.0070 
 420      420   (0)      2 :  0.9630 0.0370 
 421      421   (0)      2 :  0.9900 0.0100 
 422      422   (0)      2 :  0.9800 0.0200 
 423      423   (0)      2 :  0.9810 0.0190 
 424      424   (0)      2 :  0.9610 0.0390 
 425      425   (0)      2 :  0.9868 0.0132 
 426      426   (0)      2 :  0.9860 0.0140 
 427      427   (0)      2 :  0.9900 0.0100 
 428      428   (0)      2 :  0.9910 0.0090 
 429      429   (0)      2 :  0.9890 0.0110 
 430      430   (0)      2 :  0.9888 0.0112 
 431      431   (0)      2 :  0.9810 0.0190 
 432      432   (0)      2 :  0.9880 0.0120 
 433      433   (0)      2 :  0.9870 0.0130 
 434      434   (0)      2 :  0.9816 0.0184 
 435      435   (0)      2 :  0.9780 0.0220 
 436      436   (0)      2 :  0.9910 0.0090 
 437      437   (0)      2 :  0.9710 0.0290 
 438      438   (0)      2 :  0.9940 0.0060 
 439      439   (0)      2 :  0.9860 0.0140 
 440      440   (0)      2 :  0.9850 0.0150 
 441      441   (0)      2 :  0.9880 0.0120 
 442      442   (0)      2 :  0.9850 0.0150 
 443      443   (0)      2 :  0.9810 0.0190 
 444      444   (0)      2 :  0.9920 0.0080 
 445      445   (0)      2 :  0.9910 0.0090 
 446      446   (0)      2 :  0.9874 0.0126 
 447      447   (0)      2 :  0.9920 0.0080 
 448      448   (0)      2 :  0.9890 0.0110 
 449      449   (0)      2 :  0.9870 0.0130 
 450      450   (0)      2 :  0.9860 0.0140 
 451      451   (0)      2 :  0.9910 0.0090 
 452      452   (0)      2 :  0.9850 0.0150 
 453      453   (0)      2 :  0.9880 0.0120 
 454      454   (0)      2 :  0.9900 0.0100 
 455      455   (0)      2 :  0.9930 0.0070 
 456      456   (0)      2 :  0.9810 0.0190 
 457      457   (0)      2 :  0.9520 0.0480 
 458      458   (0)      2 :  0.9840 0.0160 
 459      459   (0)      2 :  0.9940 0.0060 
 460      460   (0)      2 :  0.9910 0.0090 
 461      461   (0)      2 :  0.9920 0.0080 
 462      462   (0)      2 :  0.9900 0.0100 
 463      463   (0)      2 :  0.9780 0.0220 
 464      464   (0)      2 :  0.9930 0.0070 
 465      465   (0)      2 :  0.9890 0.0110 
 466      466   (0)      2 :  0.9830 0.0170 
 467      467   (0)      2 :  0.9780 0.0220 
 468      468   (0)      2 :  0.9850 0.0150 
 469      469   (0)      2 :  0.9760 0.0240 
 470      470   (0)      2 :  0.9856 0.0144 
 471      471   (0)      2 :  0.9860 0.0140 
 472      472   (0)      2 :  0.9840 0.0160 
 473      473   (0)      2 :  0.9940 0.0060 
 474      474   (0)      2 :  0.9880 0.0120 
 475      475   (0)      2 :  0.9860 0.0140 
 476      476   (0)      2 :  0.9796 0.0204 
 477      477   (0)      2 :  0.9940 0.0060 
 478      478   (0)      2 :  0.9906 0.0094 
 479      479   (0)      2 :  0.9900 0.0100 
 480      480   (0)      2 :  0.9910 0.0090 
 481      481   (0)      2 :  0.9848 0.0152 
 482      482   (0)      2 :  0.9900 0.0100 
 483      483   (0)      2 :  0.9920 0.0080 
 484      484   (0)      2 :  0.9880 0.0120 
 485      485   (0)      2 :  0.9886 0.0114 
 486      486   (0)      2 :  0.9930 0.0070 
 487      487   (0)      2 :  0.9860 0.0140 
 488      488   (0)      2 :  0.9860 0.0140 
 489      489   (0)      2 :  0.9564 0.0436 
 490      490   (0)      2 :  0.9860 0.0140 
 491      491   (0)      2 :  0.9900 0.0100 
 492      492   (0)      2 :  0.9876 0.0124 
 493      493   (0)      2 :  0.9880 0.0120 
 494      494   (0)      2 :  0.9880 0.0120 
 495      495   (0)      2 :  0.9940 0.0060 
 496      496   (0)      2 :  0.9850 0.0150 
 497      497   (0)      2 :  0.9690 0.0310 
 498      498   (0)      2 :  0.9840 0.0160 
 499      499   (0)      2 :  0.9850 0.0150 
 500      500   (0)      2 :  0.9892 0.0108 
 501      501   (0)      3 :  0.9238 0.0762 
 502      502   (0)      3 :  0.8280 0.1720 
 503      503   (0)      3 :  0.8408 0.1592 
 504      504   (0)      3 :  0.9352 0.0648 
 505      505   (0)      3 :  0.9210 0.0790 
 506      506   (0)      3 :  0.9884 0.0116 
 507      507   (0)      3 :  0.9318 0.0682 
 508      508   (0)      3 :  0.8472 0.1528 
 509      509   (0)      3 :  0.8082 0.1918 
 510      510   (0)      3 :  0.9550 0.0450 
 511      511   (0)      3 :  0.7840 0.2160 
 512      512   (0)      3 :  0.7140 0.2860 
 513      513   (0)      3 :  0.9760 0.0240 
 514      514   (0)      3 :  0.9900 0.0100 
 515      515   (0)      3 :  0.8090 0.1910 
 516      516   (0)      3 :  0.8452 0.1548 
 517      517   (0)      3 :  0.9860 0.0140 
 518      518   (0)      3 :  0.8834 0.1166 
 519      519   (0)      3 :  0.8290 0.1710 
 520      520   (0)      3 :  0.9600 0.0400 
 521      521   (0)      3 :  0.8688 0.1312 
 522      522   (0)      3 :  0.8360 0.1640 
 523      523   (0)      3 :  0.8918 0.1082 
 524      524   (0)      3 :  0.9890 0.0110 
 525      525   (0)      3 :  0.7482 0.2518 
 526      526   (0)      3 :  0.7302 0.2698 
 527      527   (0)      3 :  0.8802 0.1198 
 528      528   (0)      3 :  0.9900 0.0100 
 529      529   (0)      3 :  0.8690 0.1310 
 530      530   (0)      3 :  0.8840 0.1160 
 531      531   (0)      3 :  0.8490 0.1510 
 532      532   (0)      3 :  0.9890 0.0110 
 533      533   (0)      3 :  0.9690 0.0310 
 534      534   (0)      3 :  0.6946 0.3054 
 535      535   (0)      3 :  0.8100 0.1900 
 536      536   (0)      3 :  0.8590 0.1410 
 537      537   (0)      3 :  0.9200 0.0800 
 538      538   (0)      3 :  0.9250 0.0750 
 539      539   (0)      3 :  0.9880 0.0120 
 540      540   (0)      3 :  0.8600 0.1400 
 541      541   (0)      3 :  0.9690 0.0310 
 542      542   (0)      3 :  0.9710 0.0290 
 543      543   (0)      3 :  0.9168 0.0832 
 544      544   (0)      3 :  0.7028 0.2972 
 545      545   (0)      3 :  0.8580 0.1420 
 546      546   (0)      3 :  0.7972 0.2028 
 547      547   (0)      3 :  0.9430 0.0570 
 548      548   (0)      3 :  0.9860 0.0140 
 549      549   (0)      3 :  0.8448 0.1552 
 550      550   (0)      3 :  0.9028 0.0972 
 551      551   (0)      3 :  0.8520 0.1480 
 552      552   (0)      3 :  0.9820 0.0180 
 553      553   (0)      3 :  0.9490 0.0510 
 554      554   (0)      3 :  0.8660 0.1340 
 555      555   (0)      3 :  0.9710 0.0290 
 556      556   (0)      3 :  0.9760 0.0240 
 557      557   (0)      3 :  0.9734 0.0266 
 558      558   (0)      3 :  0.9890 0.0110 
 559      559   (0)      3 :  0.9402 0.0598 
 560      560   (0)      3 :  0.9320 0.0680 
 561      561   (0)      3 :  0.9060 0.0940 
 562      562   (0)      3 :  0.7690 0.2310 
 563      563   (0)      3 :  0.7500 0.2500 
 564      564   (0)      3 :  0.9120 0.0880 
 565      565   (0)      3 :  0.8288 0.1712 
 566      566   (0)      3 :  0.9780 0.0220 
 567      567   (0)      3 :  0.8840 0.1160 
 568      568   (0)      3 :  0.8872 0.1128 
 569      569   (0)      3 :  0.7840 0.2160 
 570      570   (0)      3 :  0.8386 0.1614 
 571      571   (0)      3 :  0.7260 0.2740 
 572      572   (0)      3 :  0.8280 0.1720 
 573      573   (0)      3 :  0.9058 0.0942 
 574      574   (0)      3 :  0.9340 0.0660 
 575      575   (0)      3 :  0.7660 0.2340 
 576      576   (0)      3 :  0.9370 0.0630 
 577      577   (0)      3 :  0.9770 0.0230 
 578      578   (0)      3 :  0.9880 0.0120 
 579      579   (0)      3 :  0.8900 0.1100 
 580      580   (0)      3 :  0.9910 0.0090 
 581      581   (0)      3 :  0.9420 0.0580 
 582      582   (0)      3 :  0.7688 0.2312 
 583      583   (0)      3 :  0.9906 0.0094 
 584      584   (0)      3 :  0.9036 0.0964 
 585      585   (0)      3 :  0.8730 0.1270 
 586      586   (0)      3 :  0.8240 0.1760 
 587      587   (0)      3 :  0.9338 0.0662 
 588      588   (0)      3 :  0.9810 0.0190 
 589      589   (0)      3 :  0.9480 0.0520 
 590      590   (0)      3 :  0.6762 0.3238 
 591      591   (0)      3 :  0.9010 0.0990 
 592      592   (0)      3 :  0.8440 0.1560 
 593      593   (0)      3 :  0.8754 0.1246 
 594      594   (0)      3 :  0.8030 0.1970 
 595      595   (0)      3 :  0.9260 0.0740 
 596      596   (0)      3 :  0.9400 0.0600 
 597      597   (0)      3 :  0.9430 0.0570 
 598      598   (0)      3 :  0.9728 0.0272 
 599      599   (0)      3 :  0.9720 0.0280 
 600      600   (0)      3 :  0.8958 0.1042 
 601      601   (0)      4 :  0.8280 0.1720 
 602      602   (0)      4 :  0.7094 0.2906 
 603      603   (0)      4 :  0.7660 0.2340 
 604      604   (0)      4 :  0.9032 0.0968 
 605      605   (0)      4 :  0.7814 0.2186 
 606      606   (0)      4 :  0.7010 0.2990 
 607      607   (0)      4 :  0.6804 0.3196 
 608      608   (0)      4 :  0.8760 0.1240 
 609      609   (0)      4 :  0.6430 0.3570 
 610      610   (0)      4 :  0.7422 0.2578 
 611      611   (0)      4 :  0.8254 0.1746 
 612      612   (0)      4 :  0.7170 0.2830 
 613      613   (0)      4 :  0.9240 0.0760 
 614      614   (0)      4 :  0.8780 0.1220 
 615      615   (0)      4 :  0.7032 0.2968 
 616      616   (0)      4 :  0.7186 0.2814 
 617      617   (0)      4 :  0.6238 0.3762 
 618      618   (0)      4 :  0.8268 0.1732 
 619      619   (0)      4 :  0.8182 0.1818 
 620      620   (0)      4 :  0.6696 0.3304 
 621      621   (0)      4 :  0.8940 0.1060 
 622      622   (0)      4 :  0.6800 0.3200 
 623      623   (0)      4 :  0.8412 0.1588 
 624      624   (0)      4 :  0.6770 0.3230 
 625      625   (0)      4 :  0.7360 0.2640 
 626      626   (0)      4 :  0.8758 0.1242 
 627      627   (0)      4 :  0.7310 0.2690 
 628      628   (0)      4 :  0.7562 0.2438 
 629      629   (0)      4 :  0.9840 0.0160 
 630      630   (0)      4 :  0.7690 0.2310 
 631      631   (0)      4 :  0.5850 0.4150 
 632      632   (0)      4 :  0.7060 0.2940 
 633      633   (0)      4 :  0.7490 0.2510 
 634      634   (0)      4 :  0.7840 0.2160 
 635      635   (0)      4 :  0.7340 0.2660 
 636      636   (0)      4 :  0.6660 0.3340 
 637      637   (0)      4 :  0.8052 0.1948 
 638      638   (0)      4 :  0.4850 0.5150 
 639      639   (0)      4 :  0.9370 0.0630 
 640      640   (0)      4 :  0.7120 0.2880 
 641      641   (0)      4 :  0.7990 0.2010 
 642      642   (0)      4 :  0.9740 0.0260 
 643      643   (0)      4 :  0.7928 0.2072 
 644      644   (0)      4 :  0.9184 0.0816 
 645      645   (0)      4 :  0.6440 0.3560 
 646      646   (0)      4 :  0.8400 0.1600 
 647      647   (0)      4 :  0.7232 0.2768 
 648      648   (0)      4 :  0.9350 0.0650 
 649      649   (0)      4 :  0.8100 0.1900 
 650      650   (0)      4 :  0.6390 0.3610 
 651      651   (0)      4 :  0.9780 0.0220 
 652      652   (0)      4 :  0.8540 0.1460 
 653      653   (0)      4 :  0.6210 0.3790 
 654      654   (0)      4 :  0.8290 0.1710 
 655      655   (0)      4 :  0.8000 0.2000 
 656      656   (0)      4 :  0.5960 0.4040 
 657      657   (0)      4 :  0.5818 0.4182 
 658      658   (0)      4 :  0.7128 0.2872 
 659      659   (0)      4 :  0.7110 0.2890 
 660      660   (0)      4 :  0.7236 0.2764 
 661      661   (0)      4 :  0.7810 0.2190 
 662      662   (0)      4 :  0.7250 0.2750 
 663      663   (0)      4 :  0.5672 0.4328 
 664      664   (0)      4 :  0.7540 0.2460 
 665      665   (0)      4 :  0.7010 0.2990 
 666      666   (0)      4 :  0.6810 0.3190 
 667      667   (0)      4 :  0.5630 0.4370 
 668      668   (0)      4 :  0.8250 0.1750 
 669      669   (0)      4 :  0.7974 0.2026 
 670      670   (0)      4 :  0.6344 0.3656 
 671      671   (0)      4 :  0.8520 0.1480 
 672      672   (0)      4 :  0.8470 0.1530 
 673      673   (0)      4 :  0.5250 0.4750 
 674      674   (0)      4 :  0.8092 0.1908 
 675      675   (0)      4 :  0.9584 0.0416 
 676      676   (0)      4 :  0.8210 0.1790 
 677      677   (0)      4 :  0.6860 0.3140 
 678      678   (0)      4 :  0.8608 0.1392 
 679      679   (0)      4 :  0.8616 0.1384 
 680      680   (0)      4 :  0.8480 0.1520 
 681      681   (0)      4 :  0.6710 0.3290 
 682      682   (0)      4 :  0.7684 0.2316 
 683      683   (0)      4 :  0.7290 0.2710 
 684      684   (0)      4 :  0.8420 0.1580 
 685      685   (0)      4 :  0.5570 0.4430 
 686      686   (0)      4 :  0.7598 0.2402 
 687      687   (0)      4 :  0.5222 0.4778 
 688      688   (0)      4 :  0.8972 0.1028 
 689      689   (0)      4 :  0.8010 0.1990 
 690      690   (0)      4 :  0.9390 0.0610 
 691      691   (0)      4 :  0.9740 0.0260 
 692      692   (0)      4 :  0.9560 0.0440 
 693      693   (0)      4 :  0.6620 0.3380 
 694      694   (0)      4 :  0.5630 0.4370 
 695      695   (0)      4 :  0.7090 0.2910 
 696      696   (0)      4 :  0.7574 0.2426 
 697      697   (0)      4 :  0.8250 0.1750 
 698      698   (0)      4 :  0.7774 0.2226 
 699      699   (0)      4 :  0.8376 0.1624 
 700      700   (0)      4 :  0.7374 0.2626 
 701      701   (5)      5 :  0.6048 0.3952 
 702      702   (0)      5 :  0.3862 0.6138 
 703      703   (0)      5 :  0.5188 0.4812 
 704      704   (5)      5 :  0.4428 0.5572 
 705      705   (5)      5 :  0.4280 0.5720 
 706      706   (0)      5 :  0.3204 0.6796 
 707      707   (0)      6 :  0.4868 0.5132 
 708      708   (0)      6 :  0.3780 0.6220 
 709      709   (0)      6 :  0.4530 0.5470 
 710      710   (0)      6 :  0.4614 0.5386 
 711      711   (0)      6 :  0.4230 0.5770 
 712      712   (0)      6 :  0.4400 0.5600 
 713      713   (0)      6 :  0.5678 0.4322 
 714      714   (0)      6 :  0.4880 0.5120 
 715      715   (0)      6 :  0.3184 0.6816 
 716      716   (0)      6 :  0.5196 0.4804 
 717      717   (0)      6 :  0.6890 0.3110 
 718      718   (0)      6 :  0.4338 0.5662 
 719      719   (0)      6 :  0.5536 0.4464 
 720      720   (0)      6 :  0.5300 0.4700 
 721      721   (0)      6 :  0.4740 0.5260 
 722      722   (0)      6 :  0.5260 0.4740 
 723      723   (0)      6 :  0.5580 0.4420 
 724      724   (0)      6 :  0.5516 0.4484 
 725      725   (0)      6 :  0.7214 0.2786 
 726      726   (0)      6 :  0.4840 0.5160 
 727      727   (0)      6 :  0.5110 0.4890 
 728      728   (0)      6 :  0.5404 0.4596 
 729      729   (0)      6 :  0.5890 0.4110 
 730      730   (0)      6 :  0.3888 0.6112 
 731      731   (0)      6 :  0.5310 0.4690 
 732      732   (0)      6 :  0.4998 0.5002 
 733      733   (0)      6 :  0.4820 0.5180 
 734      734   (0)      6 :  0.5066 0.4934 
 735      735   (0)      6 :  0.4940 0.5060 
 736      736   (0)      6 :  0.6110 0.3890 
 737      737   (0)      6 :  0.6724 0.3276 
 738      738   (0)      6 :  0.2664 0.7336 
 739      739   (0)      6 :  0.4720 0.5280 
 740      740   (0)      6 :  0.5700 0.4300 
 741      741   (0)      6 :  0.4540 0.5460 
 742      742   (0)      6 :  0.6204 0.3796 
 743      743   (0)      6 :  0.4740 0.5260 
 744      744   (0)      6 :  0.6790 0.3210 
 745      745   (0)      6 :  0.4540 0.5460 
 746      746   (0)      6 :  0.6020 0.3980 
 747      747   (0)      6 :  0.5192 0.4808 
 748      748   (0)      6 :  0.7140 0.2860 
 749      749   (0)      6 :  0.3876 0.6124 
 750      750   (0)      6 :  0.2700 0.7300 
 751      751   (0)      6 :  0.5476 0.4524 
 752      752   (0)      6 :  0.4202 0.5798 
 753      753   (0)      6 :  0.5370 0.4630 
 754      754   (0)      6 :  0.4420 0.5580 
 755      755   (0)      6 :  0.6270 0.3730 
 756      756   (0)      6 :  0.4744 0.5256 
 757      757   (0)      6 :  0.4830 0.5170 
 758      758   (0)      6 :  0.5930 0.4070 
 759      759   (0)      6 :  0.3918 0.6082 
 760      760   (0)      6 :  0.2460 0.7540 
 761      761   (0)      6 :  0.4148 0.5852 
 762      762   (0)      6 :  0.5540 0.4460 
 763      763   (0)      6 :  0.6540 0.3460 
 764      764   (0)      6 :  0.4634 0.5366 
 765      765   (0)      6 :  0.6062 0.3938 
 766      766   (0)      6 :  0.6522 0.3478 
 767      767   (0)      6 :  0.6028 0.3972 
 768      768   (0)      6 :  0.3440 0.6560 
 769      769   (0)      6 :  0.4010 0.5990 
 770      770   (0)      6 :  0.4730 0.5270 
 771      771   (0)      6 :  0.5336 0.4664 
 772      772   (0)      6 :  0.6190 0.3810 
 773      773   (0)      6 :  0.4622 0.5378 
 774      774   (0)      6 :  0.4330 0.5670 
 775      775   (0)      6 :  0.6610 0.3390 
 776      776   (0)      6 :  0.5554 0.4446 
 777      777   (0)      6 :  0.3464 0.6536 
 778      778   (0)      6 :  0.5980 0.4020 
 779      779   (0)      6 :  0.2860 0.7140 
 780      780   (0)      6 :  0.6660 0.3340 
 781      781   (0)      6 :  0.3810 0.6190 
 782      782   (0)      6 :  0.4650 0.5350 
 783      783   (0)      6 :  0.4960 0.5040 
 784      784   (0)      6 :  0.4410 0.5590 
 785      785   (0)      6 :  0.4454 0.5546 
 786      786   (0)      6 :  0.5704 0.4296 
 787      787   (0)      6 :  0.5058 0.4942 
 788      788   (0)      6 :  0.6610 0.3390 
 789      789   (0)      6 :  0.5354 0.4646 
 790      790   (0)      6 :  0.6460 0.3540 
 791      791   (0)      6 :  0.6160 0.3840 
 792      792   (0)      6 :  0.4544 0.5456 
 793      793   (0)      6 :  0.4094 0.5906 
 794      794   (0)      6 :  0.5230 0.4770 
 795      795   (0)      6 :  0.5240 0.4760 
 796      796   (0)      6 :  0.5784 0.4216 
 797      797   (0)      6 :  0.4500 0.5500 
 798      798   (0)      6 :  0.4636 0.5364 
 799      799   (0)      6 :  0.3896 0.6104 
 800      800   (0)      6 :  0.6590 0.3410 
 801      801   (0)      6 :  0.5650 0.4350 
 802      802   (0)      6 :  0.5382 0.4618 
 803      803   (0)      6 :  0.5090 0.4910 
 804      804   (0)      6 :  0.4920 0.5080 
 805      805   (0)      6 :  0.3230 0.6770 
 806      806   (0)      6 :  0.3896 0.6104 
 807      807   (0)      7 :  0.1154 0.8846 
 808      808   (0)      7 :  0.2362 0.7638 
 809      809   (0)      8 :  0.0160 0.9840 
 810      810   (0)      8 :  0.1790 0.8210 
 811      811   (0)      8 :  0.2720 0.7280 
 812      812   (0)      8 :  0.2662 0.7338 
 813      813   (0)      8 :  0.2768 0.7232 
 814      814   (0)      8 :  0.1512 0.8488 
 815      815   (0)      8 :  0.3242 0.6758 
 816      816   (0)      8 :  0.3000 0.7000 
 817      817   (0)      8 :  0.1836 0.8164 
 818      818   (0)      8 :  0.3990 0.6010 
 819      819   (0)      8 :  0.2120 0.7880 
 820      820   (0)      8 :  0.1970 0.8030 
 821      821   (0)      8 :  0.2106 0.7894 
 822      822   (0)      8 :  0.1300 0.8700 
 823      823   (0)      8 :  0.2782 0.7218 
 824      824   (0)      8 :  0.2370 0.7630 
 825      825   (0)      8 :  0.2770 0.7230 
 826      826   (0)      8 :  0.3072 0.6928 
 827      827   (0)      8 :  0.1180 0.8820 
 828      828   (0)      8 :  0.1444 0.8556 
 829      829   (0)      8 :  0.2970 0.7030 
 830      830   (0)      8 :  0.3140 0.6860 
 831      831   (0)      8 :  0.1860 0.8140 
 832      832   (0)      8 :  0.3010 0.6990 
 833      833   (0)      8 :  0.2880 0.7120 
 834      834   (0)      8 :  0.2270 0.7730 
 835      835   (0)      8 :  0.2970 0.7030 
 836      836   (0)      8 :  0.2470 0.7530 
 837      837   (0)      8 :  0.0760 0.9240 
 838      838   (0)      8 :  0.0270 0.9730 
 839      839   (0)      8 :  0.1910 0.8090 
 840      840   (0)      8 :  0.0800 0.9200 
 841      841   (0)      8 :  0.1800 0.8200 
 842      842   (0)      8 :  0.2130 0.7870 
 843      843   (0)      8 :  0.3140 0.6860 
 844      844   (0)      8 :  0.2972 0.7028 
 845      845   (0)      8 :  0.3640 0.6360 
 846      846   (0)      8 :  0.1702 0.8298 
 847      847   (0)      8 :  0.3540 0.6460 
 848      848   (0)      8 :  0.1740 0.8260 
 849      849   (0)      8 :  0.2140 0.7860 
 850      850   (0)      8 :  0.2340 0.7660 
 851      851   (0)      8 :  0.0960 0.9040 
 852      852   (0)      8 :  0.2310 0.7690 
 853      853   (0)      8 :  0.1690 0.8310 
 854      854   (0)      8 :  0.1970 0.8030 
 855      855   (0)      8 :  0.3090 0.6910 
 856      856   (0)      8 :  0.1430 0.8570 
 857      857   (0)      8 :  0.1144 0.8856 
 858      858   (0)      8 :  0.0506 0.9494 
 859      859   (0)      8 :  0.2114 0.7886 
 860      860   (0)      8 :  0.2870 0.7130 
 861      861   (0)      8 :  0.3250 0.6750 
 862      862   (0)      8 :  0.1984 0.8016 
 863      863   (0)      8 :  0.1888 0.8112 
 864      864   (0)      8 :  0.3128 0.6872 
 865      865   (0)      8 :  0.0358 0.9642 
 866      866   (0)      8 :  0.1210 0.8790 
 867      867   (0)      8 :  0.2620 0.7380 
 868      868   (0)      8 :  0.3500 0.6500 
 869      869   (0)      8 :  0.4142 0.5858 
 870      870   (0)      8 :  0.2380 0.7620 
 871      871   (0)      8 :  0.3390 0.6610 
 872      872   (0)      8 :  0.2790 0.7210 
 873      873   (0)      8 :  0.4352 0.5648 
 874      874   (0)      8 :  0.1780 0.8220 
 875      875   (0)      8 :  0.0280 0.9720 
 876      876   (0)      8 :  0.3552 0.6448 
 877      877   (0)      8 :  0.3506 0.6494 
 878      878   (0)      8 :  0.2940 0.7060 
 879      879   (0)      8 :  0.2434 0.7566 
 880      880   (0)      8 :  0.3272 0.6728 
 881      881   (0)      8 :  0.3650 0.6350 
 882      882   (0)      8 :  0.2760 0.7240 
 883      883   (0)      8 :  0.0264 0.9736 
 884      884   (0)      8 :  0.0970 0.9030 
 885      885   (0)      8 :  0.1584 0.8416 
 886      886   (0)      8 :  0.1008 0.8992 
 887      887   (0)      8 :  0.3740 0.6260 
 888      888   (0)      8 :  0.3810 0.6190 
 889      889   (0)      8 :  0.2500 0.7500 
 890      890   (0)      8 :  0.1918 0.8082 
 891      891   (0)      8 :  0.2970 0.7030 
 892      892   (0)      8 :  0.1100 0.8900 
 893      893   (0)      8 :  0.1664 0.8336 
 894      894   (0)      8 :  0.1856 0.8144 
 895      895   (0)      8 :  0.3110 0.6890 
 896      896   (0)      8 :  0.2750 0.7250 
 897      897   (0)      8 :  0.1600 0.8400 
 898      898   (0)      8 :  0.0400 0.9600 
 899      899   (0)      8 :  0.0844 0.9156 
 900      900   (0)      8 :  0.2530 0.7470 
 901      901   (0)      8 :  0.1596 0.8404 
 902      902   (0)      8 :  0.0990 0.9010 
 903      903   (0)      8 :  0.2250 0.7750 
 904      904   (0)      8 :  0.4330 0.5670 
 905      905   (0)      8 :  0.2880 0.7120 
 906      906   (0)      8 :  0.2530 0.7470 
 907      907   (0)      8 :  0.1958 0.8042 
 908      908   (0)      8 :  0.4240 0.5760 
 909      909  (10)      9 :  0.0832 0.9168 
 910      910   (5)      9 :  0.0170 0.9830 
 911      911   (5)      9 :  0.4070 0.5930 
 912      912   (5)      9 :  0.0118 0.9882 
 913      913  (10)      9 :  0.2290 0.7710 
 914      914   (5)      9 :  0.4596 0.5404 
 915      915  (10)      9 :  0.1164 0.8836 
 916      916   (0)      9 :  0.0762 0.9238 
 917      917   (0)      9 :  0.0562 0.9438 
 918      918   (0)      9 :  0.0090 0.9910 
 919      919   (0)      9 :  0.0580 0.9420 
 920      920   (0)      9 :  0.1706 0.8294 
 921      921   (0)      9 :  0.0250 0.9750 
 922      922   (0)      9 :  0.1680 0.8320 
 923      923   (0)      9 :  0.1180 0.8820 
 924      924   (0)      9 :  0.1750 0.8250 
 925      925   (0)      9 :  0.2172 0.7828 
 926      926   (0)      9 :  0.4128 0.5872 
 927      927   (0)      9 :  0.0230 0.9770 
 928      928   (5)      9 :  0.0280 0.9720 
 929      929   (0)      9 :  0.1710 0.8290 
 930      930   (0)      9 :  0.2400 0.7600 
 931      931   (5)      9 :  0.0780 0.9220 
 932      932   (5)      9 :  0.0360 0.9640 
 933      933   (0)      9 :  0.1974 0.8026 
 934      934   (0)      9 :  0.0970 0.9030 
 935      935   (0)      9 :  0.0312 0.9688 
 936      936   (0)      9 :  0.0120 0.9880 
 937      937   (0)      9 :  0.0080 0.9920 
 938      938   (0)      9 :  0.0070 0.9930 
 939      939   (0)      9 :  0.0070 0.9930 
 940      940   (0)      9 :  0.0280 0.9720 
 941      941   (0)      9 :  0.1738 0.8262 
 942      942   (0)      9 :  0.0860 0.9140 
 943      943   (0)      9 :  0.0540 0.9460 
 944      944   (0)      9 :  0.0880 0.9120 
 945      945   (0)      9 :  0.2350 0.7650 
 946      946   (0)      9 :  0.0120 0.9880 
 947      947   (0)      9 :  0.1860 0.8140 
 948      948   (0)      9 :  0.1724 0.8276 
 949      949   (0)      9 :  0.0260 0.9740 
 950      950   (0)      9 :  0.1088 0.8912 
 951      951   (0)     10 :  0.1690 0.8310 
 952      952   (0)     10 :  0.1002 0.8998 
 953      953   (0)     10 :  0.0520 0.9480 
 954      954   (0)     10 :  0.2566 0.7434 
 955      955   (0)     10 :  0.0150 0.9850 
 956      956   (0)     10 :  0.2058 0.7942 
 957      957   (0)     10 :  0.0190 0.9810 
 958      958   (0)     10 :  0.2352 0.7648 
 959      959   (0)     10 :  0.0140 0.9860 
 960      960   (0)     10 :  0.1372 0.8628 
 961      961   (0)     10 :  0.0680 0.9320 
 962      962   (0)     10 :  0.0240 0.9760 
 963      963   (0)     10 :  0.0180 0.9820 
 964      964   (0)     10 :  0.4798 0.5202 
 965      965   (0)     10 :  0.0470 0.9530 
 966      966   (0)     10 :  0.0768 0.9232 
 967      967   (0)     10 :  0.0420 0.9580 
 968      968   (0)     10 :  0.0070 0.9930 
 969      969   (0)     10 :  0.0100 0.9900 
 970      970   (0)     10 :  0.2020 0.7980 
 971      971   (0)     10 :  0.0732 0.9268 
 972      972   (0)     10 :  0.3088 0.6912 
 973      973   (0)     10 :  0.0202 0.9798 
 974      974   (0)     10 :  0.0740 0.9260 
 975      975   (0)     10 :  0.4540 0.5460 
 976      976   (0)     10 :  0.0860 0.9140 
 977      977   (0)     10 :  0.1080 0.8920 
 978      978   (0)     10 :  0.3546 0.6454 
 979      979   (0)     10 :  0.0230 0.9770 
 980      980   (0)     10 :  0.1060 0.8940 
 981      981   (0)     10 :  0.1380 0.8620 
 982      982   (0)     10 :  0.0330 0.9670 
 983      983   (0)     10 :  0.2220 0.7780 
 984      984   (0)     10 :  0.1460 0.8540 
 985      985   (0)     10 :  0.0080 0.9920 
 986      986   (0)     10 :  0.0114 0.9886 
 987      987   (0)     10 :  0.1960 0.8040 
 988      988   (0)     10 :  0.1502 0.8498 
 989      989   (0)     10 :  0.0410 0.9590 
 990      990   (0)     10 :  0.0210 0.9790 
 991      991   (0)     10 :  0.1794 0.8206 
 992      992   (0)     10 :  0.0190 0.9810 
 993      993   (0)     10 :  0.2204 0.7796 
 994      994   (0)     10 :  0.0230 0.9770 
 995      995   (0)     10 :  0.0084 0.9916 
 996      996   (0)     10 :  0.0966 0.9034 
 997      997   (0)     10 :  0.0216 0.9784 
 998      998   (0)     10 :  0.1298 0.8702 
 999      999   (0)     10 :  0.0522 0.9478 
1000     1000   (0)     10 :  0.1900 0.8100 
1001     1001   (0)     10 :  0.0320 0.9680 
1002     1002   (0)     10 :  0.2688 0.7312 
1003     1003   (0)     10 :  0.0280 0.9720 
1004     1004   (0)     10 :  0.0866 0.9134 
1005     1005   (0)     10 :  0.1310 0.8690 
1006     1006   (0)     10 :  0.0160 0.9840 
1007     1007   (0)     10 :  0.0816 0.9184 
1008     1008   (0)     10 :  0.0110 0.9890 
1009     1009   (0)     10 :  0.0160 0.9840 
1010     1010   (0)     10 :  0.1722 0.8278 
1011     1011   (0)     10 :  0.0828 0.9172 
1012     1012   (0)     10 :  0.2900 0.7100 
1013     1013   (0)     10 :  0.0100 0.9900 
1014     1014   (0)     10 :  0.0120 0.9880 
1015     1015   (0)     10 :  0.0490 0.9510 
1016     1016   (0)     10 :  0.1192 0.8808 
1017     1017   (0)     10 :  0.1970 0.8030 
1018     1018   (0)     10 :  0.0150 0.9850 
1019     1019   (0)     10 :  0.0800 0.9200 
1020     1020   (0)     10 :  0.0770 0.9230 
1021     1021   (0)     10 :  0.0530 0.9470 
1022     1022   (0)     10 :  0.2276 0.7724 
1023     1023   (0)     10 :  0.2710 0.7290 
1024     1024   (0)     10 :  0.0760 0.9240 
1025     1025   (0)     10 :  0.1070 0.8930 
1026     1026   (0)     10 :  0.0742 0.9258 
1027     1027   (0)     10 :  0.1090 0.8910 
1028     1028   (0)     10 :  0.0892 0.9108 
1029     1029   (0)     10 :  0.1310 0.8690 
1030     1030   (0)     10 :  0.0110 0.9890 
1031     1031   (0)     10 :  0.0660 0.9340 
1032     1032   (0)     10 :  0.0630 0.9370 
1033     1033   (0)     10 :  0.1176 0.8824 
1034     1034   (0)     10 :  0.0200 0.9800 
1035     1035   (0)     10 :  0.0630 0.9370 
1036     1036   (0)     10 :  0.0498 0.9502 
1037     1037   (0)     10 :  0.0100 0.9900 
1038     1038   (0)     10 :  0.2110 0.7890 
1039     1039   (0)     10 :  0.0326 0.9674 
1040     1040   (0)     10 :  0.1510 0.8490 
1041     1041   (0)     10 :  0.1498 0.8502 
1042     1042   (0)     10 :  0.0400 0.9600 
1043     1043   (0)     10 :  0.0230 0.9770 
1044     1044   (0)     10 :  0.1600 0.8400 
1045     1045   (0)     10 :  0.1020 0.8980 
1046     1046   (0)     10 :  0.3206 0.6794 
1047     1047   (0)     10 :  0.1534 0.8466 
1048     1048   (0)     10 :  0.1038 0.8962 
1049     1049   (0)     10 :  0.0950 0.9050 
1050     1050   (0)     10 :  0.1466 0.8534 
1051     1051   (0)     11 :  0.0490 0.9510 
1052     1052  (10)     11 :  0.0160 0.9840 
1053     1053  (10)     11 :  0.0150 0.9850 
1054     1054   (5)     11 :  0.0070 0.9930 
1055     1055   (5)     11 :  0.0090 0.9910 
1056     1056   (0)     11 :  0.0070 0.9930 
1057     1057   (5)     11 :  0.0090 0.9910 
1058     1058   (5)     11 :  0.0100 0.9900 
1059     1059   (0)     11 :  0.0060 0.9940 
1060     1060   (0)     11 :  0.0070 0.9930 
1061     1061   (0)     11 :  0.0070 0.9930 
1062     1062   (0)     11 :  0.0090 0.9910 
1063     1063   (0)     11 :  0.0080 0.9920 
1064     1064   (5)     11 :  0.0070 0.9930 
1065     1065   (5)     11 :  0.0300 0.9700 
1066     1066  (10)     11 :  0.0150 0.9850 
1067     1067   (0)     11 :  0.0080 0.9920 
1068     1068   (5)     11 :  0.0320 0.9680 
1069     1069   (5)     11 :  0.0110 0.9890 
1070     1070   (0)     11 :  0.0070 0.9930 
1071     1071   (5)     11 :  0.0080 0.9920 
1072     1072   (0)     11 :  0.0120 0.9880 
1073     1073   (5)     11 :  0.0060 0.9940 
1074     1074   (0)     11 :  0.0080 0.9920 
1075     1075   (0)     11 :  0.0120 0.9880 
1076     1076   (0)     11 :  0.0240 0.9760 
1077     1077   (0)     11 :  0.0070 0.9930 
1078     1078   (0)     11 :  0.0090 0.9910 
1079     1079   (0)     11 :  0.0120 0.9880 
1080     1080   (0)     11 :  0.0200 0.9800 
1081     1081   (0)     11 :  0.0180 0.9820 
1082     1082   (0)     11 :  0.0190 0.9810 
1083     1083   (0)     11 :  0.0080 0.9920 
1084     1084   (0)     11 :  0.0158 0.9842 
1085     1085   (0)     11 :  0.0160 0.9840 
1086     1086   (0)     11 :  0.0060 0.9940 
1087     1087   (0)     11 :  0.0176 0.9824 
1088     1088   (0)     11 :  0.0070 0.9930 
1089     1089   (5)     11 :  0.0100 0.9900 
1090     1090   (5)     11 :  0.0100 0.9900 
1091     1091   (0)     11 :  0.0120 0.9880 
1092     1092  (15)     11 :  0.0160 0.9840 
1093     1093  (10)     11 :  0.0070 0.9930 
1094     1094  (10)     11 :  0.0096 0.9904 
1095     1095  (10)     11 :  0.0120 0.9880 
1096     1096   (5)     11 :  0.0150 0.9850 
1097     1097   (5)     11 :  0.0070 0.9930 
1098     1098   (5)     11 :  0.0080 0.9920 
1099     1099   (5)     11 :  0.0080 0.9920 
1100     1100   (5)     11 :  0.0092 0.9908 
1101     1101   (5)     11 :  0.0100 0.9900 
1102     1102  (15)     11 :  0.0220 0.9780 
1103     1103   (5)     11 :  0.0300 0.9700 
1104     1104   (5)     11 :  0.0060 0.9940 
1105     1105  (15)     11 :  0.0106 0.9894 
1106     1106   (5)     11 :  0.0438 0.9562 
1107     1107   (5)     11 :  0.0760 0.9240 
1108     1108   (5)     11 :  0.0100 0.9900 
1109     1109   (5)     11 :  0.0080 0.9920 
1110     1110  (10)     11 :  0.0140 0.9860 
1111     1111   (5)     11 :  0.0090 0.9910 
1112     1112   (5)     11 :  0.0120 0.9880 
1113     1113  (10)     11 :  0.0100 0.9900 
1114     1114  (10)     11 :  0.0100 0.9900 
1115     1115  (10)     11 :  0.0450 0.9550 
1116     1116  (10)     11 :  0.0430 0.9570 
1117     1117   (5)     11 :  0.0080 0.9920 
1118     1118  (10)     11 :  0.0140 0.9860 
1119     1119   (0)     11 :  0.0060 0.9940 
1120     1120   (5)     11 :  0.0080 0.9920 
1121     1121   (0)     11 :  0.0060 0.9940 
1122     1122   (0)     11 :  0.0060 0.9940 
1123     1123   (0)     11 :  0.0124 0.9876 
1124     1124   (0)     11 :  0.0180 0.9820 
1125     1125   (0)     11 :  0.0070 0.9930 
1126     1126   (0)     11 :  0.0320 0.9680 
1127     1127   (0)     11 :  0.0110 0.9890 
1128     1128  (10)     11 :  0.0130 0.9870 
1129     1129  (10)     11 :  0.3000 0.7000 
1130     1130   (0)     11 :  0.0198 0.9802 
1131     1131   (5)     11 :  0.1360 0.8640 
1132     1132   (0)     11 :  0.0130 0.9870 
1133     1133   (5)     11 :  0.0410 0.9590 
1134     1134   (5)     11 :  0.0080 0.9920 
1135     1135   (5)     11 :  0.0110 0.9890 
1136     1136  (10)     11 :  0.0070 0.9930 
1137     1137   (0)     11 :  0.0080 0.9920 
1138     1138   (0)     11 :  0.0080 0.9920 
1139     1139   (0)     11 :  0.0660 0.9340 
1140     1140   (0)     11 :  0.0080 0.9920 
1141     1141   (0)     11 :  0.0130 0.9870 
1142     1142   (0)     11 :  0.0080 0.9920 
1143     1143   (0)     11 :  0.0076 0.9924 
1144     1144   (0)     11 :  0.0126 0.9874 
1145     1145   (0)     11 :  0.0090 0.9910 
1146     1146   (0)     11 :  0.0110 0.9890 
1147     1147   (0)     11 :  0.0100 0.9900 
1148     1148   (0)     11 :  0.0360 0.9640 
1149     1149   (0)     11 :  0.0246 0.9754 
1150     1150   (0)     11 :  0.0130 0.9870 
1151     1151   (0)     11 :  0.0090 0.9910 
1152     1152   (0)     11 :  0.0320 0.9680 
1153     1153   (0)     11 :  0.0070 0.9930 
1154     1154   (5)     11 :  0.0120 0.9880 
1155     1155   (0)     11 :  0.0110 0.9890 
1156     1156   (5)     11 :  0.2598 0.7402 
1157     1157   (0)     11 :  0.0090 0.9910 
1158     1158   (0)     11 :  0.0630 0.9370 
1159     1159   (0)     11 :  0.0140 0.9860 
1160     1160   (0)     11 :  0.0130 0.9870 
1161     1161   (0)     11 :  0.0080 0.9920 
1162     1162   (0)     11 :  0.0080 0.9920 
1163     1163   (0)     11 :  0.0390 0.9610 
1164     1164   (0)     11 :  0.0080 0.9920 
1165     1165   (0)     11 :  0.0110 0.9890 
1166     1166   (0)     11 :  0.0070 0.9930 
1167     1167   (0)     11 :  0.0982 0.9018 
1168     1168   (0)     11 :  0.0070 0.9930 
1169     1169   (0)     11 :  0.0176 0.9824 
1170     1170   (5)     11 :  0.0090 0.9910 
1171     1171   (0)     11 :  0.0190 0.9810 
1172     1172   (0)     11 :  0.0130 0.9870 
1173     1173   (0)     11 :  0.0170 0.9830 
1174     1174  (10)     11 :  0.0110 0.9890 
1175     1175   (0)     11 :  0.0080 0.9920 
1176     1176   (0)     11 :  0.0080 0.9920 
1177     1177   (0)     11 :  0.0150 0.9850 
1178     1178  (10)     11 :  0.0090 0.9910 
1179     1179   (5)     11 :  0.0070 0.9930 
1180     1180   (0)     11 :  0.0100 0.9900 
1181     1181   (5)     11 :  0.0090 0.9910 
1182     1182   (5)     11 :  0.0060 0.9940 
1183     1183  (10)     11 :  0.0130 0.9870 
1184     1184   (0)     11 :  0.0080 0.9920 
1185     1185   (5)     11 :  0.0130 0.9870 
1186     1186  (10)     11 :  0.0090 0.9910 
1187     1187   (0)     11 :  0.0270 0.9730 
1188     1188   (0)     11 :  0.0456 0.9544 
1189     1189   (0)     11 :  0.0080 0.9920 
1190     1190   (0)     11 :  0.0120 0.9880 
1191     1191   (0)     11 :  0.0070 0.9930 
1192     1192   (0)     11 :  0.0150 0.9850 
1193     1193   (0)     11 :  0.0070 0.9930 
1194     1194   (0)     11 :  0.0080 0.9920 
1195     1195   (0)     11 :  0.0070 0.9930 
1196     1196   (5)     11 :  0.0160 0.9840 
1197     1197   (0)     11 :  0.0060 0.9940 
1198     1198   (0)     11 :  0.0080 0.9920 
1199     1199   (0)     11 :  0.0080 0.9920 
1200     1200   (5)     11 :  0.0180 0.9820 
1201     1201   (0)     11 :  0.0100 0.9900 
1202     1202   (0)     11 :  0.0250 0.9750 
1203     1203   (0)     11 :  0.0080 0.9920 
1204     1204   (0)     11 :  0.0080 0.9920 
1205     1205   (0)     11 :  0.0080 0.9920 
1206     1206   (0)     11 :  0.0110 0.9890 
1207     1207   (0)     11 :  0.0270 0.9730 
1208     1208   (0)     11 :  0.0080 0.9920 
1209     1209   (0)     11 :  0.0080 0.9920 
1210     1210   (0)     11 :  0.0150 0.9850 
1211     1211   (0)     11 :  0.0090 0.9910 
1212     1212   (0)     11 :  0.0060 0.9940 
1213     1213   (0)     11 :  0.0100 0.9900 
1214     1214   (0)     11 :  0.0070 0.9930 
1215     1215   (0)     11 :  0.0070 0.9930 
1216     1216   (0)     11 :  0.0070 0.9930 
1217     1217   (0)     11 :  0.0070 0.9930 
1218     1218   (0)     11 :  0.0150 0.9850 
1219     1219   (0)     11 :  0.0130 0.9870 
1220     1220   (0)     11 :  0.0080 0.9920 
1221     1221  (10)     11 :  0.0170 0.9830 
1222     1222   (5)     11 :  0.0090 0.9910 
1223     1223  (10)     11 :  0.0100 0.9900 
1224     1224   (5)     11 :  0.1100 0.8900 
1225     1225  (10)     11 :  0.0080 0.9920 
1226     1226  (10)     11 :  0.0090 0.9910 
1227     1227   (0)     11 :  0.0144 0.9856 
1228     1228   (5)     11 :  0.0248 0.9752 
1229     1229   (5)     11 :  0.0356 0.9644 
1230     1230  (10)     11 :  0.0110 0.9890 
1231     1231   (0)     11 :  0.0080 0.9920 
1232     1232   (0)     11 :  0.0124 0.9876 
1233     1233   (0)     11 :  0.0100 0.9900 
1234     1234   (0)     11 :  0.0140 0.9860 
1235     1235   (0)     11 :  0.0404 0.9596 
1236     1236   (0)     11 :  0.0818 0.9182 
1237     1237   (0)     11 :  0.0964 0.9036 
1238     1238   (0)     11 :  0.0080 0.9920 
1239     1239   (0)     11 :  0.0070 0.9930 
1240     1240   (5)     11 :  0.0848 0.9152 
1241     1241   (0)     11 :  0.1110 0.8890 
1242     1242   (0)     11 :  0.0070 0.9930 
1243     1243  (10)     11 :  0.0286 0.9714 
1244     1244   (5)     11 :  0.0110 0.9890 
1245     1245   (0)     11 :  0.0060 0.9940 
1246     1246   (5)     11 :  0.0594 0.9406 
1247     1247   (5)     11 :  0.0110 0.9890 
1248     1248   (0)     11 :  0.0080 0.9920 
1249     1249   (0)     11 :  0.0324 0.9676 
1250     1250   (0)     11 :  0.0120 0.9880 
1251     1251   (0)     11 :  0.0498 0.9502 
1252     1252   (0)     11 :  0.0070 0.9930 
1253     1253   (0)     11 :  0.0180 0.9820 
1254     1254   (0)     11 :  0.0070 0.9930 
1255     1255   (0)     11 :  0.0060 0.9940 
1256     1256   (0)     11 :  0.0070 0.9930 
1257     1257   (0)     11 :  0.0100 0.9900 
1258     1258   (0)     11 :  0.0236 0.9764 
1259     1259   (0)     11 :  0.0090 0.9910 
1260     1260   (0)     11 :  0.0090 0.9910 
1261     1261   (0)     11 :  0.0110 0.9890 
1262     1262   (0)     11 :  0.0090 0.9910 
1263     1263   (0)     11 :  0.0140 0.9860 
1264     1264   (0)     11 :  0.0090 0.9910 
1265     1265   (0)     11 :  0.0080 0.9920 
1266     1266   (0)     11 :  0.0080 0.9920 
1267     1267   (0)     11 :  0.0070 0.9930 
1268     1268   (0)     11 :  0.0060 0.9940 
1269     1269   (0)     11 :  0.0070 0.9930 
1270     1270   (0)     11 :  0.0070 0.9930 
1271     1271   (0)     11 :  0.0188 0.9812 
1272     1272   (0)     11 :  0.0290 0.9710 
1273     1273   (0)     11 :  0.0070 0.9930 
1274     1274   (0)     11 :  0.0550 0.9450 
1275     1275   (0)     11 :  0.0070 0.9930 
1276     1276   (0)     11 :  0.0080 0.9920 
1277     1277   (0)     11 :  0.0070 0.9930 
1278     1278   (0)     11 :  0.0140 0.9860 
1279     1279   (0)     11 :  0.0230 0.9770 
1280     1280   (0)     11 :  0.0070 0.9930 
1281     1281   (0)     11 :  0.0140 0.9860 
1282     1282   (0)     11 :  0.0080 0.9920 
1283     1283   (0)     11 :  0.0220 0.9780 
1284     1284   (0)     11 :  0.0090 0.9910 
1285     1285   (0)     11 :  0.0090 0.9910 
1286     1286   (0)     11 :  0.0106 0.9894 
1287     1287   (0)     11 :  0.0100 0.9900 
1288     1288   (0)     11 :  0.0070 0.9930 
1289     1289   (0)     11 :  0.0070 0.9930 
1290     1290   (0)     11 :  0.0070 0.9930 
1291     1291   (0)     12 :  0.0100 0.9900 
1292     1292   (0)     12 :  0.0110 0.9890 
1293     1293   (0)     12 :  0.0798 0.9202 
1294     1294   (0)     12 :  0.0180 0.9820 
1295     1295   (0)     12 :  0.0100 0.9900 
1296     1296   (0)     12 :  0.0220 0.9780 
1297     1297   (0)     12 :  0.0070 0.9930 
1298     1298   (0)     12 :  0.0080 0.9920 
1299     1299   (0)     12 :  0.0150 0.9850 
1300     1300   (0)     12 :  0.0100 0.9900 
1301     1301   (0)     12 :  0.0070 0.9930 
1302     1302   (0)     12 :  0.0070 0.9930 
1303     1303   (0)     12 :  0.0130 0.9870 
1304     1304   (0)     12 :  0.0090 0.9910 
1305     1305   (0)     12 :  0.0282 0.9718 
1306     1306   (0)     12 :  0.0150 0.9850 
1307     1307   (0)     12 :  0.0060 0.9940 
1308     1308   (0)     12 :  0.0110 0.9890 
1309     1309   (0)     12 :  0.0350 0.9650 
1310     1310   (0)     12 :  0.0080 0.9920 
1311     1311   (0)     12 :  0.0404 0.9596 
1312     1312   (0)     12 :  0.0190 0.9810 
1313     1313   (0)     12 :  0.0080 0.9920 
1314     1314   (0)     12 :  0.0310 0.9690 
1315     1315   (0)     12 :  0.0070 0.9930 
1316     1316   (0)     12 :  0.0140 0.9860 
1317     1317   (0)     12 :  0.0210 0.9790 
1318     1318   (0)     12 :  0.0080 0.9920 
1319     1319   (0)     12 :  0.0060 0.9940 
1320     1320   (0)     12 :  0.0070 0.9930 
1321     1321   (0)     12 :  0.0080 0.9920 
1322     1322   (0)     12 :  0.0090 0.9910 
1323     1323   (0)     12 :  0.0140 0.9860 
1324     1324   (0)     12 :  0.0140 0.9860 
1325     1325   (0)     12 :  0.0116 0.9884 
1326     1326   (0)     12 :  0.0080 0.9920 
1327     1327   (0)     12 :  0.0180 0.9820 
1328     1328   (0)     12 :  0.0076 0.9924 
1329     1329   (0)     12 :  0.0070 0.9930 
1330     1330   (0)     12 :  0.0060 0.9940 
1331     1331   (0)     12 :  0.0100 0.9900 
1332     1332   (0)     12 :  0.0060 0.9940 
1333     1333   (0)     12 :  0.0090 0.9910 
1334     1334   (0)     12 :  0.0360 0.9640 
1335     1335   (0)     12 :  0.0066 0.9934 
1336     1336   (0)     12 :  0.0112 0.9888 
1337     1337   (0)     12 :  0.0108 0.9892 
1338     1338   (0)     12 :  0.0080 0.9920 
1339     1339   (0)     12 :  0.0098 0.9902 
1340     1340   (0)     12 :  0.0130 0.9870 
1341     1341   (0)     12 :  0.0080 0.9920 
1342     1342   (0)     12 :  0.0102 0.9898 
1343     1343   (0)     12 :  0.0120 0.9880 
1344     1344   (0)     12 :  0.0210 0.9790 
1345     1345   (0)     12 :  0.0100 0.9900 
1346     1346   (0)     12 :  0.0090 0.9910 
1347     1347   (0)     12 :  0.0190 0.9810 
1348     1348   (0)     12 :  0.0140 0.9860 
1349     1349   (0)     12 :  0.0100 0.9900 
1350     1350   (0)     12 :  0.0110 0.9890 
1351     1351   (0)     12 :  0.0130 0.9870 
1352     1352   (0)     12 :  0.0110 0.9890 
1353     1353   (0)     12 :  0.0080 0.9920 
1354     1354   (0)     12 :  0.0150 0.9850 
1355     1355   (0)     12 :  0.0090 0.9910 
1356     1356   (0)     12 :  0.0078 0.9922 
1357     1357   (0)     12 :  0.0060 0.9940 
1358     1358   (0)     12 :  0.0070 0.9930 
1359     1359   (0)     12 :  0.0290 0.9710 
1360     1360   (0)     12 :  0.0150 0.9850 
1361     1361   (0)     12 :  0.0160 0.9840 
1362     1362   (0)     12 :  0.0120 0.9880 
1363     1363   (0)     12 :  0.0100 0.9900 
1364     1364   (0)     12 :  0.0150 0.9850 
1365     1365   (0)     12 :  0.0100 0.9900 
1366     1366   (0)     12 :  0.0090 0.9910 
1367     1367   (0)     12 :  0.0160 0.9840 
1368     1368   (0)     12 :  0.0510 0.9490 
1369     1369   (0)     12 :  0.0100 0.9900 
1370     1370   (0)     12 :  0.0110 0.9890 
1371     1371   (0)     12 :  0.0150 0.9850 
1372     1372   (0)     12 :  0.0110 0.9890 
1373     1373   (0)     12 :  0.0110 0.9890 
1374     1374   (0)     12 :  0.0240 0.9760 
1375     1375   (0)     12 :  0.0090 0.9910 
1376     1376   (0)     12 :  0.0060 0.9940 
1377     1377   (0)     12 :  0.0110 0.9890 
1378     1378   (0)     12 :  0.0070 0.9930 
1379     1379   (0)     12 :  0.0120 0.9880 
1380     1380   (0)     12 :  0.0090 0.9910 
1381     1381   (0)     12 :  0.0070 0.9930 
1382     1382   (0)     12 :  0.0210 0.9790 
1383     1383   (0)     12 :  0.0090 0.9910 
1384     1384   (0)     12 :  0.0080 0.9920 
1385     1385   (0)     12 :  0.0110 0.9890 
1386     1386   (0)     12 :  0.0070 0.9930 
1387     1387   (0)     12 :  0.0190 0.9810 
1388     1388   (0)     12 :  0.0150 0.9850 
1389     1389   (0)     12 :  0.0150 0.9850 
1390     1390   (0)     12 :  0.0060 0.9940 
1391     1391   (0)     12 :  0.0230 0.9770 
1392     1392   (0)     12 :  0.0110 0.9890 
1393     1393   (0)     12 :  0.0090 0.9910 
1394     1394   (0)     12 :  0.0104 0.9896 
1395     1395   (0)     12 :  0.0060 0.9940 
1396     1396   (0)     12 :  0.0060 0.9940 
1397     1397   (0)     12 :  0.0220 0.9780 
1398     1398   (0)     12 :  0.0110 0.9890 
1399     1399   (0)     12 :  0.0080 0.9920 
1400     1400   (0)     12 :  0.0100 0.9900 
1401     1401   (0)     12 :  0.0070 0.9930 
1402     1402   (0)     12 :  0.0080 0.9920 
1403     1403   (0)     12 :  0.0130 0.9870 
1404     1404   (0)     12 :  0.0110 0.9890 
1405     1405   (0)     12 :  0.0240 0.9760 
1406     1406   (0)     12 :  0.0120 0.9880 
1407     1407   (0)     12 :  0.0120 0.9880 
1408     1408   (0)     12 :  0.0140 0.9860 
1409     1409   (0)     12 :  0.0110 0.9890 
1410     1410   (0)     12 :  0.0110 0.9890 
1411     1411   (0)     12 :  0.0160 0.9840 
1412     1412   (0)     12 :  0.0080 0.9920 
1413     1413   (0)     12 :  0.0110 0.9890 
1414     1414   (0)     12 :  0.0110 0.9890 
1415     1415   (0)     12 :  0.0070 0.9930 
1416     1416   (0)     12 :  0.0220 0.9780 
1417     1417   (0)     12 :  0.0100 0.9900 
1418     1418   (0)     12 :  0.0070 0.9930 
1419     1419   (0)     12 :  0.0302 0.9698 
1420     1420   (0)     12 :  0.0196 0.9804 
1421     1421   (0)     12 :  0.0200 0.9800 
1422     1422   (0)     12 :  0.0110 0.9890 
1423     1423   (0)     12 :  0.0070 0.9930 
1424     1424   (0)     12 :  0.0090 0.9910 
1425     1425   (0)     12 :  0.0210 0.9790 
1426     1426   (0)     12 :  0.0254 0.9746 
1427     1427   (0)     12 :  0.0070 0.9930 
1428     1428   (0)     12 :  0.0070 0.9930 
1429     1429   (0)     12 :  0.0130 0.9870 
1430     1430   (0)     12 :  0.0140 0.9860 
1431     1431   (0)     12 :  0.0102 0.9898 
1432     1432   (0)     12 :  0.0130 0.9870 
1433     1433   (0)     12 :  0.0080 0.9920 
1434     1434   (0)     12 :  0.0100 0.9900 
1435     1435   (0)     12 :  0.0100 0.9900 
1436     1436   (0)     12 :  0.0160 0.9840 
1437     1437   (0)     12 :  0.0480 0.9520 
1438     1438   (0)     12 :  0.0070 0.9930 
1439     1439   (0)     12 :  0.0090 0.9910 
1440     1440   (0)     12 :  0.0080 0.9920 
1441     1441   (0)     12 :  0.0086 0.9914 
1442     1442   (0)     12 :  0.0110 0.9890 
1443     1443   (0)     12 :  0.0078 0.9922 
1444     1444   (0)     12 :  0.0140 0.9860 
1445     1445   (0)     12 :  0.0090 0.9910 
1446     1446   (0)     12 :  0.0070 0.9930 
1447     1447   (0)     12 :  0.0200 0.9800 
1448     1448   (0)     12 :  0.0090 0.9910 
1449     1449   (0)     12 :  0.0080 0.9920 
1450     1450   (0)     12 :  0.0110 0.9890 
1451     1451   (0)     12 :  0.0070 0.9930 
1452     1452   (0)     12 :  0.0110 0.9890 
1453     1453   (0)     12 :  0.0100 0.9900 
1454     1454   (0)     12 :  0.0090 0.9910 
1455     1455   (0)     12 :  0.0150 0.9850 
1456     1456   (0)     12 :  0.0080 0.9920 
1457     1457   (0)     12 :  0.0120 0.9880 
1458     1458   (0)     12 :  0.0120 0.9880 
1459     1459   (0)     12 :  0.0380 0.9620 
1460     1460   (0)     12 :  0.0300 0.9700 
1461     1461   (0)     12 :  0.0190 0.9810 
1462     1462   (0)     12 :  0.0080 0.9920 
1463     1463   (0)     12 :  0.0090 0.9910 
1464     1464   (0)     12 :  0.0400 0.9600 
1465     1465   (0)     12 :  0.0130 0.9870 
1466     1466   (0)     12 :  0.0100 0.9900 
1467     1467   (0)     12 :  0.0170 0.9830 
1468     1468   (0)     12 :  0.0060 0.9940 
1469     1469   (0)     12 :  0.0170 0.9830 
1470     1470   (0)     12 :  0.0110 0.9890 
1471     1471   (0)     12 :  0.0382 0.9618 
1472     1472   (0)     12 :  0.0080 0.9920 
1473     1473   (0)     12 :  0.0080 0.9920 
1474     1474   (0)     12 :  0.0210 0.9790 
1475     1475   (0)     12 :  0.0150 0.9850 
1476     1476   (0)     12 :  0.0360 0.9640 
1477     1477   (0)     12 :  0.0110 0.9890 
1478     1478   (0)     12 :  0.0060 0.9940 
1479     1479   (0)     12 :  0.0102 0.9898 
1480     1480   (0)     12 :  0.0090 0.9910 
1481     1481   (0)     12 :  0.0070 0.9930 
1482     1482   (0)     12 :  0.0080 0.9920 
1483     1483   (0)     12 :  0.0670 0.9330 
1484     1484   (0)     12 :  0.0120 0.9880 
1485     1485   (0)     12 :  0.0100 0.9900 
1486     1486   (0)     12 :  0.0160 0.9840 
1487     1487   (0)     12 :  0.0300 0.9700 
1488     1488   (0)     12 :  0.0090 0.9910 
1489     1489   (0)     12 :  0.0090 0.9910 
1490     1490   (0)     12 :  0.0070 0.9930 
1491     1491   (0)     12 :  0.0080 0.9920 
1492     1492   (0)     12 :  0.0110 0.9890 
1493     1493   (0)     12 :  0.0110 0.9890 
1494     1494   (0)     12 :  0.0060 0.9940 
1495     1495   (0)     12 :  0.0162 0.9838 
1496     1496   (0)     12 :  0.0130 0.9870 
1497     1497   (0)     12 :  0.0100 0.9900 
1498     1498   (0)     12 :  0.0080 0.9920 
1499     1499   (0)     12 :  0.0156 0.9844 
1500     1500   (0)     12 :  0.0100 0.9900 
1501     1501   (0)     12 :  0.0120 0.9880 
1502     1502   (0)     12 :  0.0080 0.9920 
1503     1503   (0)     12 :  0.0130 0.9870 
1504     1504   (0)     12 :  0.0120 0.9880 
1505     1505   (0)     12 :  0.0150 0.9850 
1506     1506   (0)     12 :  0.0070 0.9930 
1507     1507   (0)     12 :  0.0120 0.9880 
1508     1508   (0)     12 :  0.0100 0.9900 
1509     1509   (0)     12 :  0.0110 0.9890 
1510     1510   (0)     12 :  0.0080 0.9920 
1511     1511   (0)     12 :  0.0740 0.9260 
1512     1512   (0)     12 :  0.0070 0.9930 
1513     1513   (0)     12 :  0.0068 0.9932 
1514     1514   (0)     12 :  0.0100 0.9900 
1515     1515   (0)     12 :  0.0110 0.9890 
1516     1516   (0)     12 :  0.0080 0.9920 
1517     1517   (0)     12 :  0.0570 0.9430 
1518     1518   (0)     12 :  0.0670 0.9330 
1519     1519   (0)     12 :  0.0070 0.9930 
1520     1520   (0)     12 :  0.0272 0.9728 
1521     1521   (0)     12 :  0.0140 0.9860 
1522     1522   (0)     12 :  0.0070 0.9930 
1523     1523   (0)     12 :  0.0372 0.9628 
1524     1524   (0)     12 :  0.0230 0.9770 
1525     1525   (0)     12 :  0.0090 0.9910 
1526     1526   (0)     12 :  0.0210 0.9790 
1527     1527   (0)     12 :  0.0240 0.9760 
1528     1528   (0)     12 :  0.0110 0.9890 
1529     1529   (0)     12 :  0.0100 0.9900 
1530     1530   (0)     12 :  0.0070 0.9930 
1531     1531   (0)     12 :  0.0080 0.9920 
1532     1532   (0)     12 :  0.0090 0.9910 
1533     1533   (0)     12 :  0.0060 0.9940 
1534     1534   (0)     12 :  0.0110 0.9890 
1535     1535   (0)     12 :  0.0090 0.9910 
1536     1536   (0)     12 :  0.0070 0.9930 
1537     1537   (0)     12 :  0.0370 0.9630 
1538     1538   (0)     12 :  0.0060 0.9940 
1539     1539   (0)     12 :  0.0080 0.9920 
1540     1540   (0)     12 :  0.0150 0.9850 
1541     1541   (0)     12 :  0.0080 0.9920 
1542     1542   (0)     12 :  0.0110 0.9890 
1543     1543   (0)     12 :  0.0090 0.9910 
1544     1544   (0)     12 :  0.0084 0.9916 
1545     1545   (0)     12 :  0.0090 0.9910 
1546     1546   (0)     12 :  0.0080 0.9920 
1547     1547   (0)     12 :  0.0060 0.9940 
1548     1548   (0)     12 :  0.0080 0.9920 
1549     1549   (0)     12 :  0.0140 0.9860 
1550     1550   (0)     12 :  0.0070 0.9930 
