1        1   (5)      1  : 0.9800 0.0050 0.0053 0.0030 0.0067
2        2   (5)      1  : 0.9607 0.0073 0.0207 0.0050 0.0063
3        3   (5)      1  : 0.9887 0.0030 0.0020 0.0030 0.0033
4        4   (0)      1  : 0.9890 0.0030 0.0020 0.0020 0.0040
5        5   (0)      1  : 0.8920 0.0200 0.0060 0.0113 0.0707
6        6   (0)      1  : 0.9857 0.0037 0.0043 0.0020 0.0043
7        7   (0)      1  : 0.8949 0.0080 0.0344 0.0590 0.0037
8        8   (5)      1  : 0.9907 0.0023 0.0020 0.0020 0.0030
9        9   (0)      1  : 0.9920 0.0020 0.0020 0.0020 0.0020
10       10   (0)      1  : 0.9593 0.0053 0.0237 0.0080 0.0037
11       11   (0)      1  : 0.9817 0.0040 0.0060 0.0053 0.0030
12       12   (0)      1  : 0.9783 0.0050 0.0060 0.0063 0.0043
13       13   (0)      1  : 0.9887 0.0033 0.0030 0.0030 0.0020
14       14   (0)      1  : 0.9833 0.0047 0.0060 0.0030 0.0030
15       15   (0)      1  : 0.9843 0.0060 0.0040 0.0030 0.0027
16       16   (0)      1  : 0.9897 0.0030 0.0020 0.0020 0.0033
17       17   (0)      1  : 0.9920 0.0020 0.0020 0.0020 0.0020
18       18   (0)      1  : 0.9700 0.0127 0.0053 0.0050 0.0070
19       19   (0)      1  : 0.9823 0.0023 0.0020 0.0020 0.0113
20       20   (0)      1  : 0.9510 0.0137 0.0107 0.0160 0.0087
21       21   (0)      1  : 0.9910 0.0020 0.0030 0.0020 0.0020
22       22   (0)      1  : 0.9910 0.0020 0.0020 0.0020 0.0030
23       23   (0)      1  : 0.9887 0.0020 0.0020 0.0020 0.0053
24       24   (0)      1  : 0.9797 0.0033 0.0020 0.0020 0.0130
25       25   (0)      1  : 0.9607 0.0043 0.0073 0.0233 0.0043
26       26   (0)      1  : 0.9873 0.0030 0.0030 0.0030 0.0037
27       27   (5)      1  : 0.9560 0.0143 0.0093 0.0133 0.0070
28       28   (0)      1  : 0.9797 0.0083 0.0033 0.0040 0.0047
29       29   (0)      1  : 0.9887 0.0030 0.0023 0.0020 0.0040
30       30   (0)      1  : 0.9603 0.0053 0.0117 0.0080 0.0147
31       31   (0)      1  : 0.9873 0.0030 0.0020 0.0030 0.0047
32       32   (0)      1  : 0.9490 0.0390 0.0040 0.0030 0.0050
33       33   (0)      1  : 0.9900 0.0030 0.0020 0.0020 0.0030
34       34   (0)      1  : 0.9883 0.0020 0.0020 0.0020 0.0057
35       35   (0)      1  : 0.9526 0.0073 0.0057 0.0060 0.0284
36       36   (0)      1  : 0.9703 0.0203 0.0020 0.0030 0.0043
37       37   (0)      1  : 0.9740 0.0047 0.0050 0.0103 0.0060
38       38   (0)      1  : 0.9853 0.0033 0.0047 0.0030 0.0037
39       39   (0)      1  : 0.9720 0.0080 0.0123 0.0040 0.0037
40       40   (0)      1  : 0.9833 0.0040 0.0030 0.0030 0.0067
41       41   (0)      1  : 0.9880 0.0030 0.0030 0.0030 0.0030
42       42   (0)      1  : 0.9910 0.0020 0.0020 0.0020 0.0030
43       43   (0)      1  : 0.9877 0.0030 0.0040 0.0030 0.0023
44       44   (0)      1  : 0.9920 0.0020 0.0020 0.0020 0.0020
45       45   (5)      1  : 0.9790 0.0063 0.0060 0.0050 0.0037
46       46   (0)      1  : 0.9907 0.0020 0.0020 0.0020 0.0033
47       47   (0)      1  : 0.9820 0.0057 0.0050 0.0040 0.0033
48       48   (0)      1  : 0.9813 0.0040 0.0050 0.0040 0.0057
49       49   (0)      1  : 0.9807 0.0047 0.0090 0.0030 0.0027
50       50   (0)      1  : 0.9870 0.0030 0.0040 0.0030 0.0030
51       51   (0)      1  : 0.9837 0.0030 0.0050 0.0043 0.0040
52       52   (0)      1  : 0.9587 0.0067 0.0090 0.0130 0.0127
53       53   (0)      1  : 0.9650 0.0030 0.0040 0.0087 0.0193
54       54   (0)      1  : 0.9840 0.0037 0.0053 0.0040 0.0030
55       55   (0)      1  : 0.9857 0.0030 0.0033 0.0050 0.0030
56       56   (0)      1  : 0.9897 0.0030 0.0020 0.0023 0.0030
57       57  (10)      1  : 0.9850 0.0070 0.0020 0.0030 0.0030
58       58   (5)      1  : 0.9807 0.0063 0.0060 0.0030 0.0040
59       59   (0)      1  : 0.9840 0.0030 0.0050 0.0030 0.0050
60       60   (0)      1  : 0.9890 0.0030 0.0030 0.0030 0.0020
61       61   (0)      1  : 0.9847 0.0030 0.0033 0.0040 0.0050
62       62   (0)      1  : 0.9607 0.0050 0.0283 0.0030 0.0030
63       63   (0)      1  : 0.9817 0.0050 0.0053 0.0050 0.0030
64       64   (0)      1  : 0.9857 0.0030 0.0050 0.0030 0.0033
65       65   (0)      1  : 0.9563 0.0217 0.0110 0.0060 0.0050
66       66   (0)      1  : 0.9793 0.0100 0.0030 0.0020 0.0057
67       67   (5)      1  : 0.9737 0.0067 0.0040 0.0043 0.0113
68       68   (0)      1  : 0.9657 0.0050 0.0083 0.0100 0.0110
69       69   (0)      1  : 0.9790 0.0027 0.0060 0.0103 0.0020
70       70   (0)      1  : 0.9820 0.0063 0.0053 0.0033 0.0030
71       71   (5)      1  : 0.9747 0.0087 0.0040 0.0050 0.0077
72       72   (0)      1  : 0.9817 0.0043 0.0047 0.0050 0.0043
73       73   (5)      1  : 0.9843 0.0033 0.0030 0.0030 0.0063
74       74  (10)      1  : 0.9780 0.0050 0.0070 0.0050 0.0050
75       75  (10)      1  : 0.9813 0.0023 0.0040 0.0040 0.0083
76       76   (0)      1  : 0.9347 0.0060 0.0020 0.0030 0.0543
77       77  (10)      1  : 0.9807 0.0030 0.0030 0.0030 0.0103
78       78   (0)      1  : 0.9417 0.0053 0.0050 0.0040 0.0440
79       79   (5)      1  : 0.9833 0.0030 0.0050 0.0040 0.0047
80       80   (0)      1  : 0.9920 0.0020 0.0020 0.0020 0.0020
81       81   (0)      1  : 0.9910 0.0020 0.0020 0.0020 0.0030
82       82   (0)      1  : 0.9920 0.0020 0.0020 0.0020 0.0020
83       83   (0)      1  : 0.9740 0.0043 0.0050 0.0040 0.0127
84       84   (0)      1  : 0.9764 0.0063 0.0107 0.0030 0.0037
85       85   (0)      1  : 0.9910 0.0020 0.0030 0.0020 0.0020
86       86   (5)      1  : 0.9890 0.0020 0.0030 0.0030 0.0030
87       87   (0)      1  : 0.9880 0.0040 0.0020 0.0030 0.0030
88       88   (0)      1  : 0.8157 0.0180 0.0063 0.0040 0.1560
89       89   (0)      1  : 0.9760 0.0090 0.0033 0.0023 0.0093
90       90   (0)      1  : 0.9747 0.0113 0.0043 0.0043 0.0053
91       91   (0)      1  : 0.9830 0.0037 0.0060 0.0030 0.0043
92       92   (0)      1  : 0.9693 0.0123 0.0053 0.0087 0.0043
93       93   (0)      1  : 0.9917 0.0020 0.0020 0.0020 0.0023
94       94   (5)      1  : 0.9700 0.0053 0.0030 0.0030 0.0187
95       95   (0)      1  : 0.9877 0.0023 0.0050 0.0020 0.0030
96       96   (5)      1  : 0.9900 0.0020 0.0030 0.0030 0.0020
97       97   (0)      1  : 0.9807 0.0047 0.0050 0.0060 0.0037
98       98   (0)      1  : 0.9830 0.0040 0.0040 0.0040 0.0050
99       99   (5)      1  : 0.9873 0.0040 0.0030 0.0030 0.0027
100      100   (5)      1  : 0.9920 0.0020 0.0020 0.0020 0.0020
101      101   (5)      2  : 0.5932 0.0040 0.0110 0.3888 0.0030
102      102   (0)      2  : 0.3906 0.0273 0.4056 0.1269 0.0496
103      103   (0)      2  : 0.5713 0.0053 0.0739 0.3125 0.0370
104      104   (5)      2  : 0.5000 0.0037 0.4263 0.0197 0.0503
105      105   (5)      2  : 0.3945 0.0043 0.5911 0.0070 0.0030
106      106   (0)      2  : 0.3945 0.0080 0.3028 0.2117 0.0830
107      107   (0)      3  : 0.0093 0.0073 0.8790 0.0333 0.0710
108      108   (0)      3  : 0.1050 0.0217 0.4046 0.2569 0.2119
109      109  (10)      4  : 0.0020 0.0063 0.9817 0.0040 0.0060
110      110   (5)      4  : 0.0030 0.0050 0.9800 0.0060 0.0060
111      111   (5)      4  : 0.0083 0.0040 0.9790 0.0020 0.0067
112      112   (5)      4  : 0.0020 0.0080 0.9810 0.0070 0.0020
113      113  (10)      4  : 0.0030 0.0043 0.9790 0.0030 0.0107
114      114   (5)      4  : 0.0130 0.0037 0.9747 0.0020 0.0067
115      115  (10)      4  : 0.0030 0.0030 0.9863 0.0027 0.0050
116      116   (0)      4  : 0.0070 0.0433 0.9033 0.0317 0.0147
117      117   (0)      4  : 0.0043 0.0037 0.9823 0.0040 0.0057
118      118   (0)      4  : 0.0020 0.0040 0.9850 0.0060 0.0030
119      119   (0)      4  : 0.0073 0.0107 0.9753 0.0040 0.0027
120      120   (0)      4  : 0.0273 0.0040 0.9587 0.0030 0.0070
121      121   (0)      4  : 0.0030 0.0033 0.9863 0.0043 0.0030
122      122   (0)      4  : 0.0030 0.0030 0.9857 0.0030 0.0053
123      123   (0)      4  : 0.0040 0.0050 0.9667 0.0050 0.0193
124      124   (0)      4  : 0.0040 0.0047 0.9793 0.0023 0.0097
125      125   (0)      4  : 0.0030 0.0037 0.9880 0.0020 0.0033
126      126   (0)      4  : 0.0097 0.0030 0.9797 0.0020 0.0057
127      127   (0)      4  : 0.0060 0.0077 0.9670 0.0153 0.0040
128      128   (5)      4  : 0.0073 0.0037 0.9717 0.0137 0.0037
129      129   (0)      4  : 0.0030 0.0030 0.9690 0.0147 0.0103
130      130   (0)      4  : 0.0260 0.0077 0.9383 0.0157 0.0123
131      131   (5)      4  : 0.0113 0.0063 0.9757 0.0030 0.0037
132      132   (5)      4  : 0.0070 0.0063 0.9720 0.0110 0.0037
133      133   (0)      4  : 0.1097 0.0163 0.8269 0.0040 0.0430
134      134   (0)      4  : 0.0420 0.0087 0.9380 0.0077 0.0037
135      135   (0)      4  : 0.0093 0.0400 0.9120 0.0083 0.0303
136      136   (0)      4  : 0.0030 0.0040 0.9800 0.0093 0.0037
137      137   (0)      4  : 0.0020 0.0050 0.8041 0.1832 0.0057
138      138   (0)      4  : 0.0020 0.0060 0.9770 0.0107 0.0043
139      139   (0)      4  : 0.0020 0.0033 0.9340 0.0580 0.0027
140      140   (0)      4  : 0.0040 0.0183 0.9673 0.0060 0.0043
141      141   (0)      4  : 0.0073 0.0043 0.9597 0.0147 0.0140
142      142   (0)      4  : 0.0030 0.0050 0.6010 0.0230 0.3680
143      143   (0)      4  : 0.0083 0.0040 0.9743 0.0087 0.0047
144      144   (0)      4  : 0.0750 0.0060 0.5682 0.3214 0.0293
145      145   (0)      4  : 0.1010 0.0087 0.5484 0.0140 0.3279
146      146   (0)      4  : 0.0030 0.0040 0.0286 0.9604 0.0040
147      147   (0)      4  : 0.0137 0.0043 0.8921 0.0730 0.0170
148      148   (0)      4  : 0.0417 0.0287 0.6214 0.1766 0.1317
149      149   (0)      4  : 0.0030 0.0080 0.9320 0.0087 0.0483
150      150   (0)      4  : 0.0040 0.0293 0.9410 0.0117 0.0140
151      151  (10)      5  : 0.0027 0.0187 0.9507 0.0237 0.0043
152      152   (0)      5  : 0.0057 0.0130 0.0243 0.7619 0.1951
153      153   (0)      5  : 0.0257 0.0037 0.9383 0.0273 0.0050
154      154   (0)      5  : 0.0030 0.0073 0.8277 0.1560 0.0060
155      155   (0)      5  : 0.0037 0.0077 0.0063 0.8522 0.1301
156      156   (5)      5  : 0.0030 0.2241 0.1330 0.3445 0.2954
157      157   (0)      5  : 0.0030 0.0193 0.9420 0.0317 0.0040
158      158   (0)      5  : 0.0040 0.0063 0.1924 0.7936 0.0037
159      159   (0)      5  : 0.0020 0.0043 0.0033 0.9843 0.0060
160      160   (0)      5  : 0.0290 0.1377 0.7710 0.0110 0.0513
161      161   (0)      5  : 0.0023 0.0710 0.0073 0.6242 0.2951
162      162   (0)      5  : 0.0020 0.0040 0.0877 0.9026 0.0037
163      163   (0)      5  : 0.0020 0.0213 0.0190 0.9547 0.0030
164      164   (0)      5  : 0.0030 0.0047 0.0053 0.9807 0.0063
165      165   (5)      5  : 0.0070 0.0110 0.0880 0.8894 0.0047
166      166   (0)      5  : 0.0033 0.0067 0.0283 0.9587 0.0030
167      167   (0)      5  : 0.0040 0.0050 0.0070 0.9793 0.0047
168      168   (0)      5  : 0.0020 0.0030 0.0030 0.9890 0.0030
169      169   (0)      5  : 0.0030 0.0047 0.0350 0.9490 0.0083
170      170   (0)      5  : 0.0010 0.0020 0.0050 0.9900 0.0020
171      171   (0)      5  : 0.0030 0.0093 0.4655 0.5175 0.0047
172      172   (5)      5  : 0.0030 0.0090 0.0127 0.9700 0.0053
173      173   (5)      5  : 0.0040 0.0083 0.0060 0.9743 0.0073
174      174   (5)      5  : 0.0060 0.0640 0.8083 0.1080 0.0137
175      175   (0)      5  : 0.0200 0.0220 0.1343 0.7984 0.0253
176      176   (0)      5  : 0.0020 0.0884 0.5915 0.3148 0.0033
177      177   (0)      5  : 0.0020 0.0097 0.0533 0.9270 0.0080
178      178   (0)      5  : 0.0170 0.0137 0.1270 0.8180 0.0243
179      179   (0)      5  : 0.0020 0.0040 0.0543 0.9354 0.0043
180      180   (0)      5  : 0.0040 0.0030 0.0080 0.9813 0.0037
181      181   (0)      5  : 0.0040 0.0043 0.0050 0.9830 0.0037
182      182   (0)      5  : 0.0020 0.0063 0.0090 0.9790 0.0037
183      183   (0)      5  : 0.0020 0.0040 0.0714 0.9156 0.0070
184      184   (0)      5  : 0.0030 0.0207 0.9137 0.0577 0.0050
185      185   (0)      5  : 0.0033 0.0133 0.0050 0.9567 0.0216
186      186   (0)      5  : 0.0020 0.0020 0.0040 0.9890 0.0030
187      187   (5)      5  : 0.0040 0.0097 0.0233 0.9497 0.0133
188      188   (0)      5  : 0.0053 0.0043 0.7947 0.1906 0.0050
189      189   (0)      5  : 0.0020 0.0070 0.0357 0.9487 0.0067
190      190   (0)      5  : 0.0030 0.0047 0.9700 0.0193 0.0030
191      191   (0)      5  : 0.0030 0.0060 0.0117 0.9750 0.0043
192      192   (0)      5  : 0.0020 0.0040 0.9807 0.0107 0.0027
193      193   (5)      5  : 0.0020 0.0030 0.0060 0.9860 0.0030
194      194   (5)      5  : 0.0077 0.0063 0.5140 0.4497 0.0223
195      195   (5)      5  : 0.0020 0.0033 0.0077 0.9807 0.0063
196      196   (5)      5  : 0.0030 0.0033 0.0080 0.9810 0.0047
197      197   (5)      5  : 0.0070 0.0087 0.2407 0.7383 0.0053
198      198   (5)      5  : 0.0113 0.0053 0.6037 0.3737 0.0060
199      199   (0)      5  : 0.0033 0.0797 0.8946 0.0147 0.0077
200      200   (5)      5  : 0.0020 0.0043 0.0297 0.9600 0.0040
201      201   (0)      5  : 0.0030 0.8620 0.0440 0.0463 0.0447
202      202   (0)      5  : 0.0147 0.2723 0.6140 0.0070 0.0920
203      203   (0)      5  : 0.0020 0.0090 0.0363 0.9477 0.0050
204      204   (0)      5  : 0.0020 0.0033 0.0060 0.9857 0.0030
205      205   (0)      5  : 0.0040 0.0230 0.0053 0.9570 0.0107
206      206   (0)      5  : 0.0020 0.0130 0.8399 0.1404 0.0047
207      207   (0)      5  : 0.0020 0.0050 0.9233 0.0660 0.0037
208      208   (0)      5  : 0.0053 0.0990 0.0943 0.7943 0.0070
209      209   (0)      5  : 0.0020 0.0117 0.0040 0.9780 0.0043
210      210   (0)      5  : 0.0030 0.0140 0.0693 0.9097 0.0040
211      211   (0)      5  : 0.0030 0.1922 0.3191 0.3468 0.1389
212      212   (0)      5  : 0.0027 0.0030 0.0030 0.0037 0.9877
213      213   (0)      5  : 0.0010 0.0050 0.0050 0.9857 0.0033
214      214   (0)      5  : 0.0020 0.0080 0.0067 0.9790 0.0043
215      215   (0)      5  : 0.0023 0.0267 0.0540 0.9140 0.0030
216      216   (0)      5  : 0.0037 0.0757 0.3397 0.4733 0.1077
217      217   (0)      5  : 0.0030 0.0093 0.2722 0.7105 0.0050
218      218   (0)      5  : 0.0093 0.0130 0.2449 0.4021 0.3306
219      219   (0)      5  : 0.0030 0.0063 0.0043 0.9757 0.0107
220      220   (0)      5  : 0.0030 0.0107 0.0620 0.8483 0.0760
221      221   (0)      5  : 0.0020 0.0030 0.0040 0.9880 0.0030
222      222   (0)      5  : 0.0020 0.0023 0.0073 0.9853 0.0030
223      223   (0)      5  : 0.0187 0.0367 0.0900 0.8503 0.0043
224      224   (0)      5  : 0.0033 0.0117 0.0350 0.8917 0.0583
225      225   (0)      5  : 0.0030 0.0070 0.0063 0.9793 0.0043
226      226   (0)      5  : 0.0020 0.0230 0.0080 0.9630 0.0040
227      227   (0)      5  : 0.0043 0.0597 0.2040 0.7253 0.0067
228      228   (0)      5  : 0.0030 0.0043 0.0790 0.9083 0.0053
229      229   (0)      5  : 0.0050 0.0083 0.0143 0.9657 0.0067
230      230   (0)      5  : 0.0030 0.0240 0.0210 0.9453 0.0067
231      231   (0)      5  : 0.0023 0.1787 0.0107 0.3253 0.4830
232      232   (0)      5  : 0.0023 0.0040 0.0130 0.9757 0.0050
233      233   (0)      5  : 0.0030 0.0050 0.0297 0.9560 0.0063
234      234   (0)      5  : 0.0030 0.0040 0.0070 0.9810 0.0050
235      235   (0)      5  : 0.0013 0.0030 0.0070 0.9853 0.0033
236      236   (0)      5  : 0.0033 0.0030 0.0040 0.9830 0.0067
237      237   (0)      5  : 0.0030 0.0057 0.0430 0.9433 0.0050
238      238   (0)      5  : 0.0020 0.0110 0.0073 0.9760 0.0037
239      239   (0)      5  : 0.0020 0.0233 0.8660 0.1030 0.0057
240      240   (0)      5  : 0.0020 0.0093 0.3985 0.5828 0.0073
241      241   (0)      5  : 0.0030 0.0137 0.1223 0.8547 0.0063
242      242   (0)      5  : 0.0033 0.0030 0.0040 0.9860 0.0037
243      243  (10)      5  : 0.0047 0.2065 0.1983 0.1989 0.3917
244      244   (0)      5  : 0.0020 0.0023 0.0030 0.9890 0.0037
245      245   (0)      5  : 0.0020 0.0033 0.9753 0.0153 0.0040
246      246   (0)      5  : 0.0030 0.0117 0.0050 0.9447 0.0357
247      247   (0)      5  : 0.0030 0.0030 0.0030 0.9857 0.0053
248      248   (0)      5  : 0.0053 0.0087 0.0050 0.9650 0.0160
249      249   (0)      5  : 0.0020 0.0030 0.0053 0.9863 0.0033
250      250   (0)      5  : 0.0023 0.0690 0.0097 0.8996 0.0193
251      251   (0)      5  : 0.0010 0.0020 0.0050 0.9900 0.0020
252      252   (0)      5  : 0.0010 0.0030 0.0177 0.9763 0.0020
253      253   (0)      5  : 0.0043 0.0077 0.0067 0.9753 0.0060
254      254   (0)      5  : 0.0017 0.0030 0.0180 0.9743 0.0030
255      255   (0)      5  : 0.0020 0.0033 0.1761 0.8159 0.0027
256      256   (0)      6  : 0.0110 0.0093 0.9710 0.0050 0.0037
257      257  (10)      6  : 0.0050 0.0050 0.9803 0.0070 0.0027
258      258  (10)      6  : 0.0040 0.0143 0.8940 0.0303 0.0573
259      259   (5)      6  : 0.0023 0.0030 0.0100 0.9817 0.0030
260      260   (5)      6  : 0.0020 0.0033 0.9603 0.0307 0.0037
261      261   (0)      6  : 0.0020 0.0040 0.0030 0.9870 0.0040
262      262   (5)      6  : 0.0020 0.0030 0.0040 0.9863 0.0047
263      263   (5)      6  : 0.0020 0.0033 0.0040 0.9880 0.0027
264      264   (0)      6  : 0.0020 0.0030 0.0110 0.9813 0.0027
265      265   (0)      6  : 0.0020 0.0060 0.0250 0.9640 0.0030
266      266   (0)      6  : 0.0020 0.0057 0.0253 0.9640 0.0030
267      267   (0)      6  : 0.0020 0.2729 0.4132 0.3059 0.0060
268      268   (0)      6  : 0.0020 0.0040 0.0073 0.9827 0.0040
269      269   (5)      6  : 0.0020 0.0050 0.9697 0.0197 0.0037
270      270   (5)      6  : 0.0060 0.0040 0.9760 0.0090 0.0050
271      271  (10)      6  : 0.0050 0.1529 0.4332 0.4042 0.0047
272      272   (0)      6  : 0.0020 0.0110 0.0110 0.9720 0.0040
273      273   (5)      6  : 0.0060 0.0213 0.0030 0.9640 0.0057
274      274   (5)      6  : 0.0030 0.0073 0.7782 0.2057 0.0057
275      275   (0)      6  : 0.0020 0.0050 0.0040 0.9857 0.0033
276      276   (5)      6  : 0.0020 0.0520 0.0120 0.9300 0.0040
277      277   (0)      6  : 0.0100 0.0057 0.9074 0.0649 0.0120
278      278   (5)      6  : 0.0010 0.0023 0.0070 0.9857 0.0040
279      279   (0)      6  : 0.0020 0.0063 0.8177 0.1703 0.0037
280      280   (0)      6  : 0.0030 0.0023 0.0040 0.9880 0.0027
281      281   (0)      6  : 0.0033 0.0030 0.0040 0.9857 0.0040
282      282   (0)      6  : 0.0020 0.0040 0.0030 0.9880 0.0030
283      283   (0)      6  : 0.0040 0.0413 0.5864 0.3536 0.0147
284      284   (0)      6  : 0.0030 0.0023 0.0020 0.9890 0.0037
285      285   (0)      6  : 0.0050 0.0027 0.0040 0.9847 0.0037
286      286   (0)      6  : 0.0030 0.0030 0.0030 0.9880 0.0030
287      287   (0)      6  : 0.0050 0.0043 0.0030 0.9816 0.0060
288      288   (0)      6  : 0.0020 0.0023 0.0057 0.9870 0.0030
289      289   (0)      6  : 0.0040 0.0247 0.9080 0.0527 0.0107
290      290   (0)      6  : 0.0043 0.0063 0.9660 0.0163 0.0070
291      291   (0)      6  : 0.0017 0.0040 0.9814 0.0100 0.0030
292      292   (0)      6  : 0.0087 0.0117 0.8670 0.1090 0.0037
293      293   (0)      6  : 0.0020 0.0030 0.9820 0.0110 0.0020
294      294   (5)      6  : 0.0043 0.0080 0.0347 0.9480 0.0050
295      295   (5)      6  : 0.0020 0.0040 0.0040 0.9853 0.0047
296      296   (0)      6  : 0.0040 0.0057 0.3745 0.6102 0.0057
297      297  (15)      6  : 0.0050 0.0060 0.9684 0.0130 0.0077
298      298  (10)      6  : 0.0020 0.0043 0.0143 0.9763 0.0030
299      299  (10)      6  : 0.0020 0.0070 0.9577 0.0283 0.0050
300      300  (10)      6  : 0.0030 0.0210 0.9187 0.0457 0.0117
301      301   (5)      6  : 0.0030 0.0060 0.0177 0.9657 0.0077
302      302   (5)      6  : 0.0020 0.0334 0.9560 0.0050 0.0037
303      303   (5)      6  : 0.0020 0.0040 0.9837 0.0060 0.0043
304      304   (5)      6  : 0.0020 0.0050 0.0030 0.9860 0.0040
305      305   (5)      6  : 0.0040 0.0363 0.7033 0.2200 0.0363
306      306   (5)      6  : 0.0030 0.0207 0.9643 0.0067 0.0053
307      307  (15)      6  : 0.0093 0.0363 0.9247 0.0190 0.0107
308      308   (5)      6  : 0.0083 0.0160 0.9657 0.0070 0.0030
309      309   (5)      6  : 0.0020 0.0060 0.9790 0.0100 0.0030
310      310  (15)      6  : 0.0030 0.0103 0.9747 0.0080 0.0040
311      311   (5)      6  : 0.0140 0.0853 0.8514 0.0293 0.0200
312      312   (5)      6  : 0.0417 0.0113 0.8501 0.0230 0.0740
313      313   (5)      6  : 0.0030 0.0163 0.9140 0.0610 0.0057
314      314   (5)      6  : 0.0020 0.0033 0.0030 0.9887 0.0030
315      315  (10)      6  : 0.0030 0.0070 0.0357 0.9503 0.0040
316      316   (5)      6  : 0.0030 0.0077 0.0100 0.9743 0.0050
317      317   (5)      6  : 0.0030 0.0103 0.2315 0.7505 0.0047
318      318  (10)      6  : 0.0023 0.0280 0.0103 0.9540 0.0053
319      319  (10)      6  : 0.0030 0.0097 0.9263 0.0450 0.0160
320      320  (10)      6  : 0.0070 0.0070 0.9713 0.0107 0.0040
321      321  (10)      6  : 0.0143 0.0347 0.9267 0.0117 0.0127
322      322   (5)      6  : 0.0020 0.0117 0.9043 0.0677 0.0143
323      323  (10)      6  : 0.0030 0.0053 0.9247 0.0110 0.0560
324      324   (0)      6  : 0.0010 0.0030 0.0077 0.9843 0.0040
325      325   (5)      6  : 0.0020 0.0030 0.0060 0.9860 0.0030
326      326   (0)      6  : 0.0020 0.0050 0.9697 0.0203 0.0030
327      327   (0)      6  : 0.0010 0.0020 0.8183 0.1767 0.0020
328      328   (0)      6  : 0.0020 0.0057 0.9820 0.0073 0.0030
329      329   (0)      6  : 0.0053 0.0030 0.8733 0.1147 0.0037
330      330   (0)      6  : 0.0020 0.0067 0.9783 0.0050 0.0080
331      331   (0)      6  : 0.0117 0.0053 0.6607 0.3180 0.0043
332      332   (0)      6  : 0.0030 0.0133 0.9653 0.0117 0.0067
333      333  (10)      6  : 0.0020 0.0030 0.9847 0.0073 0.0030
334      334  (10)      6  : 0.0093 0.9510 0.0153 0.0137 0.0107
335      335   (0)      6  : 0.0150 0.0423 0.9356 0.0040 0.0030
336      336   (5)      6  : 0.0523 0.3128 0.5278 0.0787 0.0283
337      337   (0)      6  : 0.0020 0.0060 0.9820 0.0050 0.0050
338      338   (5)      6  : 0.0197 0.0430 0.9194 0.0123 0.0057
339      339   (5)      6  : 0.0020 0.0103 0.0153 0.9620 0.0103
340      340   (5)      6  : 0.0060 0.0070 0.3253 0.6477 0.0140
341      341  (10)      6  : 0.0020 0.0053 0.9660 0.0237 0.0030
342      342   (0)      6  : 0.0030 0.0227 0.2092 0.7622 0.0030
343      343   (0)      6  : 0.0020 0.0050 0.9590 0.0300 0.0040
344      344   (0)      6  : 0.0303 0.7089 0.2454 0.0067 0.0087
345      345   (0)      6  : 0.0040 0.0087 0.0803 0.8997 0.0073
346      346   (0)      6  : 0.0050 0.1603 0.1883 0.6343 0.0120
347      347   (0)      6  : 0.0020 0.0040 0.0270 0.9640 0.0030
348      348   (0)      6  : 0.0020 0.0053 0.0180 0.9630 0.0117
349      349   (0)      6  : 0.0030 0.0437 0.9330 0.0100 0.0103
350      350   (0)      6  : 0.0020 0.0120 0.0160 0.9663 0.0037
351      351   (0)      6  : 0.0020 0.0067 0.9843 0.0040 0.0030
352      352   (0)      6  : 0.0027 0.0063 0.9763 0.0103 0.0043
353      353   (0)      6  : 0.0090 0.7468 0.1861 0.0387 0.0193
354      354   (0)      6  : 0.0060 0.5687 0.3487 0.0140 0.0627
355      355   (0)      6  : 0.0077 0.7700 0.0830 0.0427 0.0967
356      356   (0)      6  : 0.0023 0.0063 0.0060 0.9557 0.0297
357      357   (0)      6  : 0.0070 0.0103 0.9720 0.0060 0.0047
358      358   (0)      6  : 0.0020 0.0037 0.9773 0.0147 0.0023
359      359   (5)      6  : 0.0047 0.0097 0.9644 0.0140 0.0073
360      360   (0)      6  : 0.0030 0.0800 0.0584 0.8463 0.0123
361      361   (5)      6  : 0.2685 0.4914 0.2234 0.0087 0.0080
362      362   (0)      6  : 0.0030 0.0100 0.4988 0.4679 0.0203
363      363   (0)      6  : 0.0063 0.3868 0.0143 0.5692 0.0233
364      364   (0)      6  : 0.0040 0.0277 0.9457 0.0050 0.0177
365      365   (0)      6  : 0.0043 0.1971 0.6334 0.1478 0.0173
366      366   (0)      6  : 0.0020 0.0060 0.0113 0.9777 0.0030
367      367   (0)      6  : 0.0020 0.0040 0.0263 0.9590 0.0087
368      368   (0)      6  : 0.0060 0.0207 0.9290 0.0240 0.0203
369      369   (0)      6  : 0.0020 0.0073 0.9830 0.0057 0.0020
370      370   (0)      6  : 0.0033 0.0307 0.0703 0.8903 0.0053
371      371   (0)      6  : 0.0030 0.0167 0.0846 0.8927 0.0030
372      372   (0)      6  : 0.0057 0.5990 0.0783 0.2760 0.0410
373      373   (0)      6  : 0.0020 0.0050 0.0200 0.9690 0.0040
374      374   (0)      6  : 0.0030 0.0070 0.9790 0.0070 0.0040
375      375   (5)      6  : 0.0020 0.0147 0.9700 0.0100 0.0033
376      376   (0)      6  : 0.0093 0.0273 0.9243 0.0337 0.0053
377      377   (0)      6  : 0.0030 0.0297 0.9256 0.0133 0.0283
378      378   (0)      6  : 0.0030 0.0040 0.9643 0.0257 0.0030
379      379  (10)      6  : 0.0020 0.0140 0.9213 0.0590 0.0037
380      380   (0)      6  : 0.0020 0.0030 0.9880 0.0050 0.0020
381      381   (0)      6  : 0.0020 0.0113 0.0257 0.9590 0.0020
382      382   (0)      6  : 0.0020 0.0070 0.9800 0.0090 0.0020
383      383  (10)      6  : 0.0040 0.0360 0.8218 0.1195 0.0186
384      384   (5)      6  : 0.0020 0.0163 0.9744 0.0030 0.0043
385      385   (0)      6  : 0.0020 0.0050 0.9797 0.0090 0.0043
386      386   (5)      6  : 0.0030 0.0063 0.2097 0.7780 0.0030
387      387   (5)      6  : 0.0020 0.0030 0.0197 0.9723 0.0030
388      388  (10)      6  : 0.0040 0.0170 0.4897 0.4797 0.0097
389      389   (0)      6  : 0.0020 0.0040 0.9537 0.0367 0.0037
390      390   (5)      6  : 0.0040 0.0047 0.9653 0.0170 0.0090
391      391  (10)      6  : 0.0020 0.0093 0.0097 0.9753 0.0037
392      392   (0)      6  : 0.0033 0.0030 0.9840 0.0040 0.0057
393      393   (0)      6  : 0.0223 0.0183 0.9294 0.0213 0.0087
394      394   (0)      6  : 0.0020 0.0107 0.8517 0.0873 0.0483
395      395   (0)      6  : 0.0030 0.0090 0.9326 0.0240 0.0314
396      396   (0)      6  : 0.0040 0.0050 0.1816 0.8011 0.0083
397      397   (0)      6  : 0.0053 0.0040 0.2412 0.7461 0.0033
398      398   (0)      6  : 0.0020 0.0083 0.0917 0.8850 0.0130
399      399   (0)      6  : 0.0020 0.0023 0.0030 0.9897 0.0030
400      400   (0)      6  : 0.0020 0.0033 0.0040 0.9887 0.0020
401      401   (5)      6  : 0.0060 0.0413 0.8760 0.0600 0.0167
402      402   (0)      6  : 0.0013 0.0040 0.0053 0.9873 0.0020
403      403   (0)      6  : 0.0077 0.0047 0.0710 0.8873 0.0293
404      404   (0)      6  : 0.0020 0.0053 0.7867 0.2010 0.0050
405      405   (5)      6  : 0.0060 0.0137 0.9580 0.0130 0.0093
406      406   (0)      6  : 0.0020 0.0043 0.9783 0.0123 0.0030
407      407   (0)      6  : 0.0120 0.0513 0.8453 0.0307 0.0607
408      408   (0)      6  : 0.0020 0.0023 0.0030 0.9887 0.0040
409      409   (0)      6  : 0.0020 0.1944 0.1660 0.6215 0.0160
410      410   (0)      6  : 0.0040 0.0063 0.0220 0.9603 0.0073
411      411   (0)      6  : 0.0040 0.0047 0.3089 0.6708 0.0117
412      412   (0)      6  : 0.0080 0.0097 0.9710 0.0077 0.0037
413      413   (0)      6  : 0.0030 0.0040 0.3477 0.6423 0.0030
414      414   (0)      6  : 0.0020 0.0040 0.0050 0.9840 0.0050
415      415   (0)      6  : 0.0183 0.0317 0.8682 0.0684 0.0133
416      416   (0)      6  : 0.0020 0.0610 0.0393 0.8903 0.0073
417      417   (0)      6  : 0.0013 0.0030 0.0120 0.9807 0.0030
418      418   (0)      6  : 0.0030 0.0200 0.2745 0.6985 0.0040
419      419   (0)      6  : 0.0020 0.0030 0.0040 0.9880 0.0030
420      420   (0)      6  : 0.0010 0.0030 0.9890 0.0050 0.0020
421      421   (0)      6  : 0.0020 0.0030 0.0093 0.9827 0.0030
422      422   (0)      6  : 0.0020 0.0050 0.9517 0.0360 0.0053
423      423   (0)      6  : 0.0040 0.0040 0.9820 0.0060 0.0040
424      424   (0)      6  : 0.0030 0.0040 0.0217 0.9684 0.0030
425      425   (0)      6  : 0.0020 0.0030 0.0613 0.9313 0.0023
426      426  (10)      6  : 0.0040 0.0153 0.1697 0.8060 0.0050
427      427   (5)      6  : 0.0020 0.0553 0.2393 0.3090 0.3943
428      428  (10)      6  : 0.0030 0.0050 0.9743 0.0137 0.0040
429      429   (5)      6  : 0.1043 0.0157 0.8263 0.0107 0.0430
430      430  (10)      6  : 0.0020 0.0053 0.0147 0.9723 0.0057
431      431  (10)      6  : 0.0023 0.0047 0.9753 0.0083 0.0093
432      432   (0)      6  : 0.0030 0.0030 0.0030 0.9860 0.0050
433      433   (5)      6  : 0.0053 0.0077 0.6486 0.3288 0.0097
434      434   (5)      6  : 0.0167 0.0187 0.9113 0.0300 0.0233
435      435  (10)      6  : 0.0030 0.0033 0.9707 0.0177 0.0053
436      436   (0)      6  : 0.0020 0.0040 0.0050 0.9857 0.0033
437      437   (0)      6  : 0.0030 0.0043 0.0273 0.9623 0.0030
438      438   (0)      6  : 0.0020 0.0030 0.0764 0.9156 0.0030
439      439   (0)      6  : 0.0020 0.0030 0.0077 0.9853 0.0020
440      440   (0)      6  : 0.0083 0.0077 0.9700 0.0080 0.0060
441      441   (0)      6  : 0.0477 0.3010 0.6113 0.0093 0.0307
442      442   (0)      6  : 0.0230 0.0040 0.9573 0.0117 0.0040
443      443   (0)      6  : 0.0020 0.0127 0.5490 0.4310 0.0053
444      444   (0)      6  : 0.0020 0.0040 0.9703 0.0190 0.0047
445      445   (5)      6  : 0.0073 0.7862 0.1802 0.0130 0.0133
446      446   (0)      6  : 0.0100 0.7953 0.1277 0.0047 0.0624
447      447   (0)      6  : 0.0030 0.1146 0.8471 0.0187 0.0167
448      448  (10)      6  : 0.0077 0.3996 0.5764 0.0117 0.0047
449      449   (5)      6  : 0.0050 0.0387 0.9153 0.0290 0.0120
450      450   (0)      6  : 0.0020 0.0057 0.9747 0.0147 0.0030
451      451   (5)      6  : 0.0043 0.9693 0.0113 0.0070 0.0080
452      452   (5)      6  : 0.0030 0.0080 0.9310 0.0483 0.0097
453      453   (0)      6  : 0.0020 0.0043 0.9677 0.0203 0.0057
454      454   (0)      6  : 0.0313 0.0063 0.7196 0.2381 0.0047
455      455   (0)      6  : 0.0030 0.0073 0.9047 0.0790 0.0060
456      456   (0)      6  : 0.0047 0.4648 0.5009 0.0197 0.0100
457      457   (0)      6  : 0.0020 0.1200 0.1017 0.7719 0.0043
458      458   (0)      6  : 0.0040 0.0093 0.9717 0.0103 0.0047
459      459   (0)      6  : 0.0020 0.0030 0.9800 0.0120 0.0030
460      460   (0)      6  : 0.0020 0.0083 0.0220 0.9500 0.0177
461      461   (0)      6  : 0.0020 0.0047 0.9570 0.0330 0.0033
462      462   (0)      6  : 0.0030 0.0040 0.9434 0.0457 0.0040
463      463   (0)      6  : 0.0040 0.0033 0.0053 0.9833 0.0040
464      464   (0)      6  : 0.0020 0.0033 0.0403 0.9450 0.0093
465      465   (0)      6  : 0.0033 0.0123 0.0557 0.9203 0.0083
466      466   (0)      6  : 0.0020 0.0040 0.0070 0.9833 0.0037
467      467   (0)      6  : 0.0020 0.0020 0.0030 0.9903 0.0027
468      468   (0)      6  : 0.0030 0.0030 0.0057 0.9823 0.0060
469      469   (0)      6  : 0.0020 0.0023 0.0030 0.9900 0.0027
470      470   (0)      6  : 0.0020 0.0030 0.0090 0.9827 0.0033
471      471   (0)      6  : 0.0020 0.0020 0.0040 0.9890 0.0030
472      472   (0)      6  : 0.0020 0.0030 0.0040 0.9880 0.0030
473      473   (0)      6  : 0.0020 0.0030 0.0110 0.9810 0.0030
474      474   (0)      6  : 0.0020 0.0583 0.8733 0.0594 0.0070
475      475   (0)      6  : 0.0020 0.0363 0.0083 0.9503 0.0030
476      476   (0)      6  : 0.0040 0.0033 0.9730 0.0160 0.0037
477      477   (0)      6  : 0.0050 0.0060 0.9820 0.0040 0.0030
478      478   (0)      6  : 0.0020 0.0040 0.0377 0.9530 0.0033
479      479   (0)      6  : 0.0050 0.0093 0.0030 0.9753 0.0073
480      480   (0)      6  : 0.0020 0.0067 0.0270 0.9617 0.0027
481      481   (0)      6  : 0.0020 0.0050 0.0033 0.9843 0.0053
482      482   (0)      6  : 0.0020 0.0113 0.0090 0.9737 0.0040
483      483   (0)      6  : 0.0040 0.1070 0.4703 0.4087 0.0100
484      484   (0)      6  : 0.0060 0.0163 0.9400 0.0313 0.0063
485      485   (0)      6  : 0.0020 0.0057 0.9773 0.0120 0.0030
486      486   (0)      6  : 0.0033 0.0043 0.9720 0.0153 0.0050
487      487   (0)      6  : 0.0020 0.0020 0.0020 0.9920 0.0020
488      488   (0)      6  : 0.0070 0.0113 0.9617 0.0073 0.0127
489      489   (0)      6  : 0.0033 0.0050 0.0297 0.9590 0.0030
490      490   (0)      6  : 0.0020 0.0040 0.9787 0.0133 0.0020
491      491   (0)      6  : 0.0030 0.0340 0.9400 0.0170 0.0060
492      492   (0)      6  : 0.0040 0.0100 0.5718 0.4065 0.0077
493      493   (0)      6  : 0.0020 0.0070 0.9397 0.0467 0.0047
494      494   (0)      6  : 0.0020 0.0307 0.9527 0.0107 0.0040
495      495   (0)      6  : 0.0020 0.0030 0.0040 0.9880 0.0030
496      496   (5)      7  : 0.0200 0.3697 0.5136 0.0740 0.0227
497      497   (0)      7  : 0.0030 0.8217 0.1533 0.0100 0.0120
498      498   (0)      7  : 0.0050 0.9007 0.0713 0.0143 0.0087
499      499   (0)      7  : 0.0020 0.9717 0.0170 0.0053 0.0040
500      500   (0)      7  : 0.0030 0.2029 0.7718 0.0150 0.0073
501      501   (0)      7  : 0.0637 0.3761 0.5472 0.0043 0.0087
502      502   (0)      7  : 0.0053 0.4483 0.4840 0.0307 0.0317
503      503   (0)      7  : 0.0180 0.1357 0.7153 0.0183 0.1127
504      504   (0)      7  : 0.0023 0.9070 0.0360 0.0360 0.0187
505      505   (0)      7  : 0.0030 0.0030 0.1811 0.8106 0.0023
506      506   (0)      7  : 0.0063 0.1854 0.7909 0.0130 0.0043
507      507   (0)      7  : 0.0040 0.3866 0.5157 0.0841 0.0097
508      508   (0)      7  : 0.0040 0.0137 0.9334 0.0417 0.0073
509      509   (0)      7  : 0.0030 0.8838 0.0849 0.0227 0.0057
510      510   (0)      7  : 0.0030 0.8097 0.1150 0.0383 0.0340
511      511   (0)      7  : 0.0020 0.0030 0.3933 0.5987 0.0030
512      512   (0)      7  : 0.0023 0.5402 0.3328 0.1187 0.0060
513      513   (0)      7  : 0.0140 0.4913 0.4183 0.0710 0.0053
514      514   (0)      7  : 0.0020 0.0090 0.9696 0.0150 0.0043
515      515   (0)      7  : 0.0100 0.0917 0.7905 0.0450 0.0627
516      516   (0)      7  : 0.0113 0.0630 0.4785 0.3882 0.0590
517      517   (0)      7  : 0.0047 0.1443 0.5067 0.1917 0.1527
518      518   (0)      7  : 0.0030 0.9113 0.0550 0.0167 0.0140
519      519   (0)      7  : 0.0037 0.9274 0.0330 0.0210 0.0150
520      520   (0)      7  : 0.0367 0.0087 0.9387 0.0117 0.0043
521      521   (0)      7  : 0.0043 0.3924 0.1868 0.3638 0.0527
522      522   (0)      7  : 0.0030 0.6934 0.1315 0.1378 0.0343
523      523   (0)      7  : 0.0033 0.9797 0.0067 0.0040 0.0063
524      524   (0)      7  : 0.0040 0.7236 0.2357 0.0323 0.0043
525      525   (0)      7  : 0.0077 0.4948 0.4092 0.0803 0.0080
526      526   (0)      7  : 0.0293 0.0187 0.9427 0.0050 0.0043
527      527  (10)      7  : 0.0030 0.0040 0.8887 0.0980 0.0063
528      528   (5)      7  : 0.0050 0.5573 0.0370 0.3953 0.0053
529      529   (0)      7  : 0.0057 0.7090 0.0047 0.0043 0.2763
530      530   (0)      7  : 0.0037 0.9590 0.0270 0.0060 0.0043
531      531   (0)      7  : 0.0053 0.9577 0.0230 0.0057 0.0083
532      532   (0)      7  : 0.0043 0.9516 0.0270 0.0103 0.0067
533      533   (0)      7  : 0.0080 0.9490 0.0183 0.0040 0.0207
534      534   (0)      7  : 0.0020 0.9463 0.0400 0.0053 0.0063
535      535   (0)      7  : 0.0070 0.9437 0.0350 0.0087 0.0057
536      536   (0)      7  : 0.0060 0.9116 0.0697 0.0050 0.0077
537      537   (0)      7  : 0.0020 0.9773 0.0090 0.0073 0.0043
538      538   (5)      7  : 0.0073 0.6327 0.1723 0.1287 0.0590
539      539   (0)      7  : 0.0043 0.9367 0.0073 0.0030 0.0487
540      540   (0)      7  : 0.0020 0.6814 0.2763 0.0253 0.0150
541      541   (0)      7  : 0.0047 0.6600 0.1797 0.0293 0.1263
542      542   (0)      7  : 0.0157 0.6362 0.2301 0.0980 0.0200
543      543   (0)      7  : 0.0020 0.8877 0.0573 0.0043 0.0487
544      544   (5)      7  : 0.0020 0.0103 0.0490 0.1168 0.8219
545      545   (0)      7  : 0.0077 0.9180 0.0463 0.0083 0.0197
546      546   (0)      7  : 0.0027 0.9797 0.0040 0.0063 0.0073
547      547   (0)      7  : 0.0020 0.9853 0.0043 0.0023 0.0060
548      548   (0)      7  : 0.0033 0.9693 0.0073 0.0087 0.0113
549      549   (0)      7  : 0.0030 0.0103 0.9510 0.0310 0.0047
550      550   (0)      7  : 0.0030 0.3000 0.6603 0.0193 0.0173
551      551   (5)      7  : 0.0033 0.7998 0.1378 0.0501 0.0090
552      552   (5)      7  : 0.0033 0.9450 0.0067 0.0077 0.0373
553      553   (0)      7  : 0.0030 0.9607 0.0143 0.0187 0.0033
554      554   (0)      7  : 0.0023 0.9470 0.0157 0.0053 0.0297
555      555   (0)      7  : 0.0170 0.8897 0.0147 0.0483 0.0303
556      556   (0)      7  : 0.0020 0.9473 0.0360 0.0103 0.0043
557      557   (0)      7  : 0.0077 0.3553 0.1053 0.5093 0.0223
558      558   (0)      7  : 0.0100 0.9457 0.0243 0.0083 0.0117
559      559   (0)      7  : 0.0043 0.7022 0.1757 0.1080 0.0097
560      560   (0)      7  : 0.0020 0.6023 0.2703 0.0897 0.0357
561      561   (0)      7  : 0.0030 0.7352 0.0576 0.1323 0.0719
562      562   (0)      7  : 0.0023 0.8800 0.0850 0.0273 0.0053
563      563   (0)      7  : 0.0070 0.2452 0.5780 0.0360 0.1337
564      564   (0)      8  : 0.0030 0.8706 0.0133 0.1100 0.0030
565      565   (0)      8  : 0.0030 0.9517 0.0147 0.0273 0.0033
566      566   (0)      8  : 0.0073 0.6866 0.2920 0.0100 0.0040
567      567   (0)      8  : 0.0043 0.9650 0.0167 0.0093 0.0047
568      568   (0)      8  : 0.0030 0.9623 0.0077 0.0210 0.0060
569      569   (0)      8  : 0.0020 0.9803 0.0087 0.0053 0.0037
570      570   (0)      8  : 0.0020 0.9660 0.0100 0.0183 0.0037
571      571   (0)      8  : 0.0180 0.8949 0.0310 0.0090 0.0470
572      572   (0)      8  : 0.0153 0.9316 0.0200 0.0107 0.0223
573      573   (0)      8  : 0.0043 0.8824 0.0210 0.0736 0.0187
574      574   (0)      8  : 0.0020 0.9823 0.0067 0.0060 0.0030
575      575   (0)      8  : 0.0043 0.9793 0.0043 0.0060 0.0060
576      576   (0)      8  : 0.0043 0.8327 0.1540 0.0050 0.0040
577      577   (0)      8  : 0.0027 0.9504 0.0307 0.0103 0.0060
578      578   (0)      8  : 0.0043 0.9827 0.0043 0.0050 0.0037
579      579   (0)      8  : 0.0020 0.9780 0.0090 0.0077 0.0033
580      580   (0)      8  : 0.0020 0.9850 0.0033 0.0040 0.0057
581      581   (0)      8  : 0.0047 0.9467 0.0303 0.0083 0.0100
582      582   (0)      8  : 0.0023 0.9803 0.0097 0.0043 0.0033
583      583   (0)      8  : 0.0020 0.9853 0.0050 0.0030 0.0047
584      584   (0)      8  : 0.0037 0.9299 0.0083 0.0354 0.0227
585      585   (0)      8  : 0.0030 0.9753 0.0037 0.0037 0.0143
586      586   (0)      8  : 0.0020 0.9843 0.0047 0.0037 0.0053
587      587   (0)      8  : 0.0020 0.9767 0.0053 0.0037 0.0123
588      588   (0)      8  : 0.0020 0.9823 0.0060 0.0030 0.0067
589      589   (0)      8  : 0.0057 0.9740 0.0083 0.0073 0.0047
590      590   (0)      8  : 0.0033 0.9346 0.0497 0.0057 0.0067
591      591   (0)      8  : 0.0053 0.9700 0.0100 0.0103 0.0043
592      592   (0)      8  : 0.0447 0.9450 0.0040 0.0020 0.0043
593      593   (0)      8  : 0.0040 0.9750 0.0040 0.0057 0.0113
594      594   (0)      8  : 0.0043 0.9730 0.0107 0.0063 0.0057
595      595   (0)      9  : 0.0030 0.9817 0.0063 0.0050 0.0040
596      596   (0)      9  : 0.0063 0.9703 0.0030 0.0123 0.0080
597      597   (0)      9  : 0.0040 0.9750 0.0040 0.0077 0.0093
598      598   (0)      9  : 0.0020 0.9553 0.0073 0.0157 0.0197
599      599   (0)      9  : 0.0020 0.9887 0.0030 0.0030 0.0033
600      600   (0)      9  : 0.0123 0.9613 0.0103 0.0057 0.0103
601      601   (0)      9  : 0.0137 0.9720 0.0033 0.0057 0.0053
602      602   (0)      9  : 0.0170 0.9693 0.0043 0.0043 0.0050
603      603   (0)      9  : 0.0163 0.9607 0.0067 0.0053 0.0110
604      604   (0)      9  : 0.0060 0.9234 0.0053 0.0030 0.0623
605      605   (0)      9  : 0.0023 0.9890 0.0033 0.0020 0.0033
606      606   (0)      9  : 0.0030 0.9750 0.0030 0.0043 0.0147
607      607   (0)      9  : 0.0020 0.9743 0.0093 0.0077 0.0067
608      608   (0)      9  : 0.0030 0.9837 0.0050 0.0043 0.0040
609      609   (0)      9  : 0.0080 0.8074 0.1693 0.0087 0.0067
610      610  (10)      9  : 0.0030 0.9837 0.0043 0.0043 0.0047
611      611   (0)      9  : 0.0043 0.9580 0.0053 0.0107 0.0217
612      612   (0)      9  : 0.0377 0.8606 0.0487 0.0233 0.0297
613      613   (0)      9  : 0.0030 0.9720 0.0113 0.0070 0.0067
614      614   (0)      9  : 0.0043 0.9313 0.0033 0.0077 0.0533
615      615   (5)      9  : 0.0040 0.9833 0.0030 0.0053 0.0043
616      616   (0)      9  : 0.0030 0.9813 0.0050 0.0060 0.0047
617      617   (0)      9  : 0.0023 0.9827 0.0033 0.0060 0.0057
618      618   (0)      9  : 0.0297 0.9344 0.0050 0.0090 0.0220
619      619   (0)      9  : 0.0087 0.9817 0.0043 0.0020 0.0033
620      620   (0)      9  : 0.0020 0.9840 0.0050 0.0050 0.0040
621      621   (0)      9  : 0.0033 0.9703 0.0030 0.0040 0.0194
622      622   (5)      9  : 0.0020 0.9840 0.0057 0.0030 0.0053
623      623   (0)      9  : 0.0047 0.9647 0.0097 0.0137 0.0073
624      624   (0)      9  : 0.0033 0.9773 0.0077 0.0073 0.0043
625      625   (0)      9  : 0.0033 0.9810 0.0057 0.0047 0.0053
626      626   (0)      9  : 0.0090 0.9427 0.0143 0.0193 0.0147
627      627   (0)      9  : 0.0030 0.9767 0.0093 0.0033 0.0077
628      628   (0)      9  : 0.0020 0.9443 0.0250 0.0087 0.0200
629      629   (0)      9  : 0.0023 0.9693 0.0190 0.0030 0.0063
630      630   (0)      9  : 0.0020 0.9817 0.0053 0.0070 0.0040
631      631   (0)      9  : 0.0020 0.9797 0.0060 0.0040 0.0083
632      632   (5)      9  : 0.0030 0.9817 0.0060 0.0047 0.0047
633      633   (0)      9  : 0.0033 0.9667 0.0057 0.0087 0.0157
634      634   (0)      9  : 0.0067 0.9587 0.0147 0.0033 0.0167
635      635   (0)      9  : 0.0020 0.9803 0.0053 0.0063 0.0060
636      636   (5)      9  : 0.0464 0.9380 0.0077 0.0040 0.0040
637      637   (5)      9  : 0.0030 0.9587 0.0057 0.0030 0.0297
638      638  (10)      9  : 0.0043 0.9797 0.0030 0.0063 0.0067
639      639   (5)      9  : 0.0030 0.9740 0.0033 0.0030 0.0167
640      640   (5)      9  : 0.0020 0.9877 0.0033 0.0033 0.0037
641      641   (5)      9  : 0.0040 0.9830 0.0053 0.0033 0.0043
642      642   (5)      9  : 0.0053 0.8737 0.0123 0.0227 0.0860
643      643   (5)      9  : 0.0030 0.9840 0.0043 0.0033 0.0053
644      644  (10)      9  : 0.0040 0.8400 0.0540 0.0920 0.0100
645      645   (5)      9  : 0.0103 0.8570 0.0200 0.0680 0.0447
646      646   (5)      9  : 0.0030 0.9853 0.0053 0.0030 0.0033
647      647   (5)      9  : 0.0050 0.8183 0.0167 0.1027 0.0573
648      648   (5)     10  : 0.0050 0.3097 0.0093 0.0360 0.6400
649      649   (0)     10  : 0.0063 0.3170 0.0323 0.0566 0.5877
650      650   (0)     10  : 0.0033 0.3310 0.0390 0.0113 0.6153
651      651   (0)     10  : 0.0030 0.1740 0.0073 0.5398 0.2759
652      652   (0)     10  : 0.0123 0.1592 0.0257 0.3212 0.4817
653      653   (0)     10  : 0.0037 0.5181 0.0394 0.0320 0.4069
654      654   (0)     10  : 0.0023 0.3060 0.0167 0.0317 0.6433
655      655   (0)     10  : 0.0180 0.3253 0.0570 0.0107 0.5890
656      656   (0)     10  : 0.0110 0.3157 0.0040 0.0063 0.6630
657      657   (0)     10  : 0.0160 0.3243 0.0137 0.0077 0.6383
658      658   (0)     10  : 0.0023 0.3297 0.0053 0.0060 0.6567
659      659   (0)     10  : 0.0033 0.3120 0.0123 0.0237 0.6487
660      660   (0)     10  : 0.0307 0.3050 0.0227 0.0060 0.6357
661      661   (5)     10  : 0.0023 0.3267 0.0103 0.0113 0.6493
662      662   (0)     10  : 0.0080 0.2860 0.2025 0.0063 0.4972
663      663   (0)     10  : 0.0043 0.3130 0.0087 0.0163 0.6576
664      664   (0)     10  : 0.0077 0.2637 0.0260 0.0940 0.6087
665      665   (0)     10  : 0.0103 0.3360 0.0253 0.0067 0.6217
666      666   (0)     10  : 0.0043 0.3350 0.0037 0.0040 0.6530
667      667   (0)     10  : 0.0057 0.3260 0.0057 0.0117 0.6510
668      668   (0)     10  : 0.0023 0.3310 0.0053 0.0050 0.6563
669      669   (0)     10  : 0.0050 0.3293 0.0090 0.0073 0.6493
670      670   (0)     10  : 0.0023 0.3313 0.0067 0.0067 0.6530
671      671   (0)     10  : 0.0020 0.3297 0.0040 0.0060 0.6583
672      672   (0)     10  : 0.0023 0.3233 0.0047 0.0180 0.6517
673      673   (0)     10  : 0.0030 0.3290 0.0123 0.0087 0.6470
674      674   (0)     10  : 0.0067 0.2987 0.0083 0.0767 0.6096
675      675   (0)     10  : 0.0047 0.3253 0.0127 0.0113 0.6460
676      676   (5)     11  : 0.0030 0.0047 0.0030 0.0030 0.9863
677      677   (0)     11  : 0.0027 0.0037 0.0030 0.0020 0.9887
678      678   (0)     11  : 0.0030 0.0100 0.0020 0.0087 0.9763
679      679   (0)     11  : 0.0037 0.0117 0.0037 0.0027 0.9783
680      680   (5)     11  : 0.0047 0.0053 0.0037 0.0030 0.9833
681      681   (0)     11  : 0.0030 0.0027 0.0027 0.0020 0.9897
682      682   (0)     11  : 0.0127 0.0033 0.0040 0.0030 0.9770
683      683   (0)     11  : 0.0043 0.0043 0.0047 0.0030 0.9837
684      684   (0)     11  : 0.0033 0.0023 0.0027 0.0020 0.9897
685      685   (0)     11  : 0.0087 0.0030 0.0027 0.0020 0.9837
686      686   (0)     11  : 0.0037 0.0097 0.0037 0.0027 0.9803
687      687   (0)     11  : 0.0113 0.0060 0.0023 0.0020 0.9783
688      688   (5)     11  : 0.0107 0.0097 0.0077 0.0037 0.9683
689      689   (0)     11  : 0.0030 0.0020 0.0020 0.0020 0.9910
690      690   (0)     11  : 0.0030 0.0030 0.0027 0.0020 0.9893
691      691   (0)     11  : 0.0020 0.0027 0.0020 0.0020 0.9913
692      692   (0)     11  : 0.0177 0.0113 0.0053 0.0043 0.9613
693      693   (0)     11  : 0.0020 0.0030 0.0020 0.0020 0.9910
694      694   (0)     11  : 0.0030 0.0033 0.0040 0.0033 0.9863
695      695   (0)     11  : 0.0633 0.0300 0.0037 0.0063 0.8967
696      696   (0)     11  : 0.0030 0.0027 0.0030 0.0027 0.9887
697      697   (0)     11  : 0.0020 0.0053 0.0037 0.0030 0.9860
698      698   (0)     11  : 0.0057 0.0203 0.0050 0.0047 0.9643
699      699   (0)     11  : 0.0944 0.0160 0.0030 0.0030 0.8836
700      700   (0)     11  : 0.0020 0.0030 0.0030 0.0020 0.9900
701      701   (0)     11  : 0.0027 0.0040 0.0020 0.0023 0.9890
702      702   (0)     11  : 0.0030 0.0030 0.0027 0.0020 0.9893
703      703   (0)     12  : 0.0027 0.0300 0.0063 0.0070 0.9540
704      704   (0)     12  : 0.0023 0.0574 0.0070 0.0063 0.9269
705      705   (0)     12  : 0.0050 0.0476 0.0167 0.0163 0.9144
706      706   (0)     12  : 0.0050 0.2071 0.0160 0.0173 0.7546
707      707   (0)     12  : 0.0200 0.3379 0.0740 0.0133 0.5547
708      708   (0)     12  : 0.0053 0.1810 0.0267 0.0137 0.7733
709      709   (0)     12  : 0.0137 0.1834 0.1150 0.0040 0.6839
710      710   (0)     12  : 0.0020 0.1379 0.0073 0.0153 0.8374
711      711   (0)     12  : 0.0030 0.1247 0.0080 0.0080 0.8563
712      712   (0)     12  : 0.0020 0.1177 0.0190 0.0360 0.8253
713      713   (0)     12  : 0.0020 0.0040 0.0100 0.0090 0.9750
714      714   (0)     12  : 0.0037 0.0230 0.0180 0.0110 0.9443
715      715   (0)     12  : 0.0023 0.0057 0.0063 0.0103 0.9753
716      716   (0)     12  : 0.0020 0.0283 0.0090 0.0160 0.9446
717      717   (0)     12  : 0.0030 0.0087 0.0063 0.0057 0.9763
718      718   (0)     12  : 0.0020 0.0073 0.0033 0.0057 0.9817
719      719   (0)     12  : 0.0677 0.1117 0.0160 0.0247 0.7799
720      720   (0)     12  : 0.0120 0.0050 0.0050 0.0127 0.9653
721      721   (0)     12  : 0.0053 0.0410 0.0837 0.0260 0.8440
722      722   (0)     12  : 0.0027 0.0110 0.0213 0.0240 0.9410
723      723   (0)     12  : 0.0020 0.0033 0.0030 0.0030 0.9887
724      724   (0)     12  : 0.0067 0.0037 0.0043 0.0260 0.9593
725      725   (5)     12  : 0.0020 0.0063 0.0073 0.0080 0.9763
726      726   (0)     12  : 0.0037 0.0053 0.0050 0.0050 0.9810
727      727   (0)     12  : 0.0040 0.0043 0.0040 0.0030 0.9847
728      728   (0)     12  : 0.0047 0.0210 0.0483 0.0213 0.9047
729      729   (0)     12  : 0.0020 0.0053 0.0053 0.0057 0.9817
730      730   (0)     12  : 0.0063 0.0043 0.0043 0.0067 0.9783
731      731   (0)     12  : 0.0030 0.0927 0.0080 0.0083 0.8879
732      732   (0)     12  : 0.0020 0.0050 0.0037 0.0067 0.9827
733      733   (5)     12  : 0.0020 0.0050 0.0047 0.0080 0.9803
734      734   (0)     12  : 0.0020 0.0040 0.0037 0.0040 0.9863
735      735   (0)     12  : 0.0067 0.1287 0.0343 0.0157 0.8146
736      736   (0)     12  : 0.0030 0.0083 0.0060 0.0077 0.9750
737      737   (0)     12  : 0.0057 0.0483 0.0100 0.0047 0.9313
738      738   (0)     12  : 0.0077 0.4847 0.0150 0.0470 0.4456
739      739   (5)     12  : 0.0103 0.2182 0.0530 0.0337 0.6848
740      740   (5)     12  : 0.0077 0.0593 0.0053 0.0047 0.9230
741      741   (5)     12  : 0.0040 0.0177 0.0050 0.0060 0.9673
742      742   (5)     12  : 0.0077 0.0093 0.0113 0.0080 0.9636
