   1        1   (5)      1 :  0.0096 0.9904 
   2        2   (5)      1 :  0.0240 0.9760 
   3        3   (5)      1 :  0.0070 0.9930 
   4        4   (0)      1 :  0.0110 0.9890 
   5        5   (0)      1 :  0.0260 0.9740 
   6        6   (0)      1 :  0.0090 0.9910 
   7        7   (0)      1 :  0.0228 0.9772 
   8        8   (5)      1 :  0.0100 0.9900 
   9        9   (0)      1 :  0.0080 0.9920 
  10       10   (0)      1 :  0.0200 0.9800 
  11       11   (0)      1 :  0.0110 0.9890 
  12       12   (0)      1 :  0.0180 0.9820 
  13       13   (0)      1 :  0.0170 0.9830 
  14       14   (0)      1 :  0.0100 0.9900 
  15       15   (0)      1 :  0.0080 0.9920 
  16       16   (0)      1 :  0.0070 0.9930 
  17       17   (0)      1 :  0.0070 0.9930 
  18       18   (0)      1 :  0.0150 0.9850 
  19       19   (0)      1 :  0.0566 0.9434 
  20       20   (0)      1 :  0.0200 0.9800 
  21       21   (0)      1 :  0.0110 0.9890 
  22       22   (0)      1 :  0.0060 0.9940 
  23       23   (0)      1 :  0.0110 0.9890 
  24       24   (0)      1 :  0.0190 0.9810 
  25       25   (0)      1 :  0.0250 0.9750 
  26       26   (0)      1 :  0.0180 0.9820 
  27       27   (5)      1 :  0.0130 0.9870 
  28       28   (0)      1 :  0.0060 0.9940 
  29       29   (0)      1 :  0.0090 0.9910 
  30       30   (0)      1 :  0.0152 0.9848 
  31       31   (0)      1 :  0.0070 0.9930 
  32       32   (0)      1 :  0.0280 0.9720 
  33       33   (0)      1 :  0.0080 0.9920 
  34       34   (0)      1 :  0.0070 0.9930 
  35       35   (0)      1 :  0.0170 0.9830 
  36       36   (0)      1 :  0.0130 0.9870 
  37       37   (0)      1 :  0.0150 0.9850 
  38       38   (0)      1 :  0.0210 0.9790 
  39       39   (0)      1 :  0.0340 0.9660 
  40       40   (0)      1 :  0.0130 0.9870 
  41       41   (0)      1 :  0.0090 0.9910 
  42       42   (0)      1 :  0.0060 0.9940 
  43       43   (0)      1 :  0.0080 0.9920 
  44       44   (0)      1 :  0.0060 0.9940 
  45       45   (5)      1 :  0.0198 0.9802 
  46       46   (0)      1 :  0.0050 0.9950 
  47       47   (0)      1 :  0.0060 0.9940 
  48       48   (0)      1 :  0.0100 0.9900 
  49       49   (0)      1 :  0.0210 0.9790 
  50       50   (0)      1 :  0.0090 0.9910 
  51       51   (0)      1 :  0.0190 0.9810 
  52       52   (0)      1 :  0.0780 0.9220 
  53       53   (0)      1 :  0.0100 0.9900 
  54       54   (0)      1 :  0.0060 0.9940 
  55       55   (0)      1 :  0.0080 0.9920 
  56       56   (0)      1 :  0.0080 0.9920 
  57       57  (10)      1 :  0.0136 0.9864 
  58       58   (5)      1 :  0.0110 0.9890 
  59       59   (0)      1 :  0.0130 0.9870 
  60       60   (0)      1 :  0.0070 0.9930 
  61       61   (0)      1 :  0.0110 0.9890 
  62       62   (0)      1 :  0.0088 0.9912 
  63       63   (0)      1 :  0.0100 0.9900 
  64       64   (0)      1 :  0.0074 0.9926 
  65       65   (0)      1 :  0.0420 0.9580 
  66       66   (0)      1 :  0.0090 0.9910 
  67       67   (5)      1 :  0.0272 0.9728 
  68       68   (0)      1 :  0.0100 0.9900 
  69       69   (0)      1 :  0.0060 0.9940 
  70       70   (0)      1 :  0.0100 0.9900 
  71       71   (5)      1 :  0.0130 0.9870 
  72       72   (0)      1 :  0.0210 0.9790 
  73       73   (5)      1 :  0.0070 0.9930 
  74       74  (10)      1 :  0.0146 0.9854 
  75       75  (10)      1 :  0.0370 0.9630 
  76       76   (0)      1 :  0.0100 0.9900 
  77       77  (10)      1 :  0.0120 0.9880 
  78       78   (0)      1 :  0.0170 0.9830 
  79       79   (5)      1 :  0.0080 0.9920 
  80       80   (0)      1 :  0.0080 0.9920 
  81       81   (0)      1 :  0.0090 0.9910 
  82       82   (0)      1 :  0.0080 0.9920 
  83       83   (0)      1 :  0.0100 0.9900 
  84       84   (0)      1 :  0.0280 0.9720 
  85       85   (0)      1 :  0.0070 0.9930 
  86       86   (5)      1 :  0.0110 0.9890 
  87       87   (0)      1 :  0.0090 0.9910 
  88       88   (0)      1 :  0.0652 0.9348 
  89       89   (0)      1 :  0.0380 0.9620 
  90       90   (0)      1 :  0.0090 0.9910 
  91       91   (0)      1 :  0.0110 0.9890 
  92       92   (0)      1 :  0.0090 0.9910 
  93       93   (0)      1 :  0.0080 0.9920 
  94       94   (5)      1 :  0.0250 0.9750 
  95       95   (0)      1 :  0.0118 0.9882 
  96       96   (5)      1 :  0.0090 0.9910 
  97       97   (0)      1 :  0.0060 0.9940 
  98       98   (0)      1 :  0.0140 0.9860 
  99       99   (5)      1 :  0.0120 0.9880 
 100      100   (5)      1 :  0.0070 0.9930 
 101      101   (0)      2 :  0.0070 0.9930 
 102      102   (0)      2 :  0.0170 0.9830 
 103      103   (0)      2 :  0.0140 0.9860 
 104      104   (0)      2 :  0.0180 0.9820 
 105      105   (0)      2 :  0.0270 0.9730 
 106      106   (0)      2 :  0.0130 0.9870 
 107      107   (0)      2 :  0.0438 0.9562 
 108      108   (0)      2 :  0.0120 0.9880 
 109      109   (0)      2 :  0.0100 0.9900 
 110      110   (0)      2 :  0.0100 0.9900 
 111      111   (0)      2 :  0.0210 0.9790 
 112      112   (0)      2 :  0.0060 0.9940 
 113      113   (0)      2 :  0.0070 0.9930 
 114      114   (0)      2 :  0.0200 0.9800 
 115      115   (0)      2 :  0.0090 0.9910 
 116      116   (0)      2 :  0.0180 0.9820 
 117      117   (0)      2 :  0.0080 0.9920 
 118      118   (0)      2 :  0.0130 0.9870 
 119      119   (0)      2 :  0.0072 0.9928 
 120      120   (0)      2 :  0.0200 0.9800 
 121      121   (0)      2 :  0.0090 0.9910 
 122      122   (0)      2 :  0.0080 0.9920 
 123      123   (0)      2 :  0.0100 0.9900 
 124      124   (0)      2 :  0.0140 0.9860 
 125      125   (0)      2 :  0.0060 0.9940 
 126      126   (0)      2 :  0.0130 0.9870 
 127      127   (0)      2 :  0.0130 0.9870 
 128      128   (0)      2 :  0.0150 0.9850 
 129      129   (0)      2 :  0.0150 0.9850 
 130      130   (0)      2 :  0.0090 0.9910 
 131      131   (0)      2 :  0.0274 0.9726 
 132      132   (0)      2 :  0.0100 0.9900 
 133      133   (0)      2 :  0.0410 0.9590 
 134      134   (0)      2 :  0.0070 0.9930 
 135      135   (0)      2 :  0.0080 0.9920 
 136      136   (0)      2 :  0.0116 0.9884 
 137      137   (0)      2 :  0.0170 0.9830 
 138      138   (0)      2 :  0.0080 0.9920 
 139      139   (0)      2 :  0.0070 0.9930 
 140      140   (0)      2 :  0.0160 0.9840 
 141      141   (0)      2 :  0.0060 0.9940 
 142      142   (0)      2 :  0.0090 0.9910 
 143      143   (0)      2 :  0.0110 0.9890 
 144      144   (0)      2 :  0.0100 0.9900 
 145      145   (0)      2 :  0.0160 0.9840 
 146      146   (0)      2 :  0.0130 0.9870 
 147      147   (0)      2 :  0.0070 0.9930 
 148      148   (0)      2 :  0.0310 0.9690 
 149      149   (0)      2 :  0.0350 0.9650 
 150      150   (0)      2 :  0.0158 0.9842 
 151      151   (0)      2 :  0.0060 0.9940 
 152      152   (0)      2 :  0.0080 0.9920 
 153      153   (0)      2 :  0.0210 0.9790 
 154      154   (0)      2 :  0.0050 0.9950 
 155      155   (0)      2 :  0.0090 0.9910 
 156      156   (0)      2 :  0.0120 0.9880 
 157      157   (0)      2 :  0.0124 0.9876 
 158      158   (0)      2 :  0.0140 0.9860 
 159      159   (0)      2 :  0.0390 0.9610 
 160      160   (0)      2 :  0.0080 0.9920 
 161      161   (0)      2 :  0.0598 0.9402 
 162      162   (0)      2 :  0.0190 0.9810 
 163      163   (0)      2 :  0.0160 0.9840 
 164      164   (0)      2 :  0.0070 0.9930 
 165      165   (0)      2 :  0.0090 0.9910 
 166      166   (0)      2 :  0.0120 0.9880 
 167      167   (0)      2 :  0.0120 0.9880 
 168      168   (0)      2 :  0.0140 0.9860 
 169      169   (0)      2 :  0.0090 0.9910 
 170      170   (0)      2 :  0.0100 0.9900 
 171      171   (0)      2 :  0.0070 0.9930 
 172      172   (0)      2 :  0.0150 0.9850 
 173      173   (0)      2 :  0.0130 0.9870 
 174      174   (0)      2 :  0.0120 0.9880 
 175      175   (0)      2 :  0.0110 0.9890 
 176      176   (0)      2 :  0.0090 0.9910 
 177      177   (0)      2 :  0.0090 0.9910 
 178      178   (0)      2 :  0.0110 0.9890 
 179      179   (0)      2 :  0.0120 0.9880 
 180      180   (0)      2 :  0.0150 0.9850 
 181      181   (0)      2 :  0.0100 0.9900 
 182      182   (0)      2 :  0.0070 0.9930 
 183      183   (0)      2 :  0.0200 0.9800 
 184      184   (0)      2 :  0.0200 0.9800 
 185      185   (0)      2 :  0.0170 0.9830 
 186      186   (0)      2 :  0.0090 0.9910 
 187      187   (0)      2 :  0.0070 0.9930 
 188      188   (0)      2 :  0.0080 0.9920 
 189      189   (0)      2 :  0.0080 0.9920 
 190      190   (0)      2 :  0.0090 0.9910 
 191      191   (0)      2 :  0.0080 0.9920 
 192      192   (0)      2 :  0.0170 0.9830 
 193      193   (0)      2 :  0.0070 0.9930 
 194      194   (0)      2 :  0.0120 0.9880 
 195      195   (0)      2 :  0.0070 0.9930 
 196      196   (0)      2 :  0.0230 0.9770 
 197      197   (0)      2 :  0.0214 0.9786 
 198      198   (0)      2 :  0.0060 0.9940 
 199      199   (0)      2 :  0.0090 0.9910 
 200      200   (0)      2 :  0.0080 0.9920 
 201      201   (0)      2 :  0.0070 0.9930 
 202      202   (0)      2 :  0.0230 0.9770 
 203      203   (0)      2 :  0.0150 0.9850 
 204      204   (0)      2 :  0.0150 0.9850 
 205      205   (0)      2 :  0.0070 0.9930 
 206      206   (0)      2 :  0.0212 0.9788 
 207      207   (0)      2 :  0.0300 0.9700 
 208      208   (0)      2 :  0.0090 0.9910 
 209      209   (0)      2 :  0.0210 0.9790 
 210      210   (0)      2 :  0.0066 0.9934 
 211      211   (0)      2 :  0.0090 0.9910 
 212      212   (0)      2 :  0.0060 0.9940 
 213      213   (0)      2 :  0.0090 0.9910 
 214      214   (0)      2 :  0.0070 0.9930 
 215      215   (0)      2 :  0.0090 0.9910 
 216      216   (0)      2 :  0.0090 0.9910 
 217      217   (0)      2 :  0.0100 0.9900 
 218      218   (0)      2 :  0.0240 0.9760 
 219      219   (0)      2 :  0.0100 0.9900 
 220      220   (0)      2 :  0.0110 0.9890 
 221      221   (0)      2 :  0.0060 0.9940 
 222      222   (0)      2 :  0.0168 0.9832 
 223      223   (0)      2 :  0.0470 0.9530 
 224      224   (0)      2 :  0.0110 0.9890 
 225      225   (0)      2 :  0.0100 0.9900 
 226      226   (0)      2 :  0.0210 0.9790 
 227      227   (0)      2 :  0.0400 0.9600 
 228      228   (0)      2 :  0.0060 0.9940 
 229      229   (0)      2 :  0.0186 0.9814 
 230      230   (0)      2 :  0.0102 0.9898 
 231      231   (0)      2 :  0.0090 0.9910 
 232      232   (0)      2 :  0.0120 0.9880 
 233      233   (0)      2 :  0.0270 0.9730 
 234      234   (0)      2 :  0.0170 0.9830 
 235      235   (0)      2 :  0.0200 0.9800 
 236      236   (0)      2 :  0.0080 0.9920 
 237      237   (0)      2 :  0.0180 0.9820 
 238      238   (0)      2 :  0.0120 0.9880 
 239      239   (0)      2 :  0.0080 0.9920 
 240      240   (0)      2 :  0.0220 0.9780 
 241      241   (0)      2 :  0.0080 0.9920 
 242      242   (0)      2 :  0.0060 0.9940 
 243      243   (0)      2 :  0.0106 0.9894 
 244      244   (0)      2 :  0.0420 0.9580 
 245      245   (0)      2 :  0.0450 0.9550 
 246      246   (0)      2 :  0.0050 0.9950 
 247      247   (0)      2 :  0.0210 0.9790 
 248      248   (0)      2 :  0.0130 0.9870 
 249      249   (0)      2 :  0.0510 0.9490 
 250      250   (0)      2 :  0.0200 0.9800 
 251      251   (0)      2 :  0.0050 0.9950 
 252      252   (0)      2 :  0.0200 0.9800 
 253      253   (0)      2 :  0.0100 0.9900 
 254      254   (0)      2 :  0.0070 0.9930 
 255      255   (0)      2 :  0.0278 0.9722 
 256      256   (0)      2 :  0.0090 0.9910 
 257      257   (0)      2 :  0.0220 0.9780 
 258      258   (0)      2 :  0.0060 0.9940 
 259      259   (0)      2 :  0.0070 0.9930 
 260      260   (0)      2 :  0.0070 0.9930 
 261      261   (0)      2 :  0.0160 0.9840 
 262      262   (0)      2 :  0.0180 0.9820 
 263      263   (0)      2 :  0.0070 0.9930 
 264      264   (0)      2 :  0.0060 0.9940 
 265      265   (0)      2 :  0.0100 0.9900 
 266      266   (0)      2 :  0.0070 0.9930 
 267      267   (0)      2 :  0.0070 0.9930 
 268      268   (0)      2 :  0.0170 0.9830 
 269      269   (0)      2 :  0.0080 0.9920 
 270      270   (0)      2 :  0.0180 0.9820 
 271      271   (0)      2 :  0.0060 0.9940 
 272      272   (0)      2 :  0.0130 0.9870 
 273      273   (0)      2 :  0.0120 0.9880 
 274      274   (0)      2 :  0.0060 0.9940 
 275      275   (0)      2 :  0.0250 0.9750 
 276      276   (0)      2 :  0.0090 0.9910 
 277      277   (0)      2 :  0.0090 0.9910 
 278      278   (0)      2 :  0.0182 0.9818 
 279      279   (0)      2 :  0.0140 0.9860 
 280      280   (0)      2 :  0.0150 0.9850 
 281      281   (0)      2 :  0.0230 0.9770 
 282      282   (0)      2 :  0.0070 0.9930 
 283      283   (0)      2 :  0.0080 0.9920 
 284      284   (0)      2 :  0.0090 0.9910 
 285      285   (0)      2 :  0.0080 0.9920 
 286      286   (0)      2 :  0.0050 0.9950 
 287      287   (0)      2 :  0.0170 0.9830 
 288      288   (0)      2 :  0.0100 0.9900 
 289      289   (0)      2 :  0.0090 0.9910 
 290      290   (0)      2 :  0.0070 0.9930 
 291      291   (0)      2 :  0.0050 0.9950 
 292      292   (0)      2 :  0.0120 0.9880 
 293      293   (0)      2 :  0.0100 0.9900 
 294      294   (0)      2 :  0.0108 0.9892 
 295      295   (0)      2 :  0.0080 0.9920 
 296      296   (0)      2 :  0.0100 0.9900 
 297      297   (0)      2 :  0.0110 0.9890 
 298      298   (0)      2 :  0.0070 0.9930 
 299      299   (0)      2 :  0.0160 0.9840 
 300      300   (0)      2 :  0.0220 0.9780 
 301      301   (0)      2 :  0.0150 0.9850 
 302      302   (0)      2 :  0.0120 0.9880 
 303      303   (0)      2 :  0.0090 0.9910 
 304      304   (0)      2 :  0.0090 0.9910 
 305      305   (0)      2 :  0.0070 0.9930 
 306      306   (0)      2 :  0.0180 0.9820 
 307      307   (0)      2 :  0.0070 0.9930 
 308      308   (0)      2 :  0.0100 0.9900 
 309      309   (0)      2 :  0.0260 0.9740 
 310      310   (0)      2 :  0.0130 0.9870 
 311      311   (0)      2 :  0.0060 0.9940 
 312      312   (0)      2 :  0.0140 0.9860 
 313      313   (0)      2 :  0.0090 0.9910 
 314      314   (0)      2 :  0.0304 0.9696 
 315      315   (0)      2 :  0.0416 0.9584 
 316      316   (0)      2 :  0.0070 0.9930 
 317      317   (0)      2 :  0.0090 0.9910 
 318      318   (0)      2 :  0.0120 0.9880 
 319      319   (0)      2 :  0.0220 0.9780 
 320      320   (0)      2 :  0.0260 0.9740 
 321      321   (0)      2 :  0.0310 0.9690 
 322      322   (0)      2 :  0.0110 0.9890 
 323      323   (0)      2 :  0.0090 0.9910 
 324      324   (0)      2 :  0.0198 0.9802 
 325      325   (0)      2 :  0.0076 0.9924 
 326      326   (0)      2 :  0.0528 0.9472 
 327      327   (0)      2 :  0.0260 0.9740 
 328      328   (0)      2 :  0.0130 0.9870 
 329      329   (0)      2 :  0.0434 0.9566 
 330      330   (0)      2 :  0.0060 0.9940 
 331      331   (0)      2 :  0.0090 0.9910 
 332      332   (0)      2 :  0.0100 0.9900 
 333      333   (0)      2 :  0.0300 0.9700 
 334      334   (0)      2 :  0.0090 0.9910 
 335      335   (0)      2 :  0.0080 0.9920 
 336      336   (0)      2 :  0.0070 0.9930 
 337      337   (0)      2 :  0.0080 0.9920 
 338      338   (0)      2 :  0.0080 0.9920 
 339      339   (0)      2 :  0.0150 0.9850 
 340      340   (0)      2 :  0.0100 0.9900 
 341      341   (0)      2 :  0.0080 0.9920 
 342      342   (0)      2 :  0.0250 0.9750 
 343      343   (0)      2 :  0.0070 0.9930 
 344      344   (0)      2 :  0.0172 0.9828 
 345      345   (0)      2 :  0.0140 0.9860 
 346      346   (0)      2 :  0.0110 0.9890 
 347      347   (0)      2 :  0.0090 0.9910 
 348      348   (0)      2 :  0.0060 0.9940 
 349      349   (0)      2 :  0.0102 0.9898 
 350      350   (0)      2 :  0.0070 0.9930 
 351      351   (0)      2 :  0.0130 0.9870 
 352      352   (0)      2 :  0.0090 0.9910 
 353      353   (0)      2 :  0.0060 0.9940 
 354      354   (0)      2 :  0.0090 0.9910 
 355      355   (0)      2 :  0.0090 0.9910 
 356      356   (0)      2 :  0.0070 0.9930 
 357      357   (0)      2 :  0.0090 0.9910 
 358      358   (0)      2 :  0.0190 0.9810 
 359      359   (0)      2 :  0.0130 0.9870 
 360      360   (0)      2 :  0.0304 0.9696 
 361      361   (0)      2 :  0.0170 0.9830 
 362      362   (0)      2 :  0.0080 0.9920 
 363      363   (0)      2 :  0.0110 0.9890 
 364      364   (0)      2 :  0.0090 0.9910 
 365      365   (0)      2 :  0.0080 0.9920 
 366      366   (0)      2 :  0.0080 0.9920 
 367      367   (0)      2 :  0.0090 0.9910 
 368      368   (0)      2 :  0.0090 0.9910 
 369      369   (0)      2 :  0.0060 0.9940 
 370      370   (0)      2 :  0.0060 0.9940 
 371      371   (0)      2 :  0.0070 0.9930 
 372      372   (0)      2 :  0.0100 0.9900 
 373      373   (0)      2 :  0.0310 0.9690 
 374      374   (0)      2 :  0.0090 0.9910 
 375      375   (0)      2 :  0.0080 0.9920 
 376      376   (0)      2 :  0.0100 0.9900 
 377      377   (0)      2 :  0.0070 0.9930 
 378      378   (0)      2 :  0.0220 0.9780 
 379      379   (0)      2 :  0.0146 0.9854 
 380      380   (0)      2 :  0.0180 0.9820 
 381      381   (0)      2 :  0.0110 0.9890 
 382      382   (0)      2 :  0.0140 0.9860 
 383      383   (0)      2 :  0.0090 0.9910 
 384      384   (0)      2 :  0.0150 0.9850 
 385      385   (0)      2 :  0.0070 0.9930 
 386      386   (0)      2 :  0.0120 0.9880 
 387      387   (0)      2 :  0.0120 0.9880 
 388      388   (0)      2 :  0.0100 0.9900 
 389      389   (0)      2 :  0.0120 0.9880 
 390      390   (0)      2 :  0.0070 0.9930 
 391      391   (0)      2 :  0.0150 0.9850 
 392      392   (0)      2 :  0.0160 0.9840 
 393      393   (0)      2 :  0.0110 0.9890 
 394      394   (0)      2 :  0.0240 0.9760 
 395      395   (0)      2 :  0.0060 0.9940 
 396      396   (0)      2 :  0.0070 0.9930 
 397      397   (0)      2 :  0.0100 0.9900 
 398      398   (0)      2 :  0.0230 0.9770 
 399      399   (0)      2 :  0.0164 0.9836 
 400      400   (0)      2 :  0.0220 0.9780 
 401      401   (0)      2 :  0.0060 0.9940 
 402      402   (0)      2 :  0.0350 0.9650 
 403      403   (0)      2 :  0.0100 0.9900 
 404      404   (0)      2 :  0.0250 0.9750 
 405      405   (0)      2 :  0.0080 0.9920 
 406      406   (0)      2 :  0.0806 0.9194 
 407      407   (0)      2 :  0.0360 0.9640 
 408      408   (0)      2 :  0.0130 0.9870 
 409      409   (0)      2 :  0.0100 0.9900 
 410      410   (0)      2 :  0.0430 0.9570 
 411      411   (0)      2 :  0.0100 0.9900 
 412      412   (0)      2 :  0.0090 0.9910 
 413      413   (0)      2 :  0.0150 0.9850 
 414      414   (0)      2 :  0.0912 0.9088 
 415      415   (0)      2 :  0.0080 0.9920 
 416      416   (0)      2 :  0.0090 0.9910 
 417      417   (0)      2 :  0.0070 0.9930 
 418      418   (0)      2 :  0.0060 0.9940 
 419      419   (0)      2 :  0.0080 0.9920 
 420      420   (0)      2 :  0.0060 0.9940 
 421      421   (0)      2 :  0.0140 0.9860 
 422      422   (0)      2 :  0.0100 0.9900 
 423      423   (0)      2 :  0.0240 0.9760 
 424      424   (0)      2 :  0.0140 0.9860 
 425      425   (0)      2 :  0.0060 0.9940 
 426      426   (0)      2 :  0.0050 0.9950 
 427      427   (0)      2 :  0.0240 0.9760 
 428      428   (0)      2 :  0.0070 0.9930 
 429      429   (0)      2 :  0.0090 0.9910 
 430      430   (0)      2 :  0.0200 0.9800 
 431      431   (0)      2 :  0.0160 0.9840 
 432      432   (0)      2 :  0.0080 0.9920 
 433      433   (0)      2 :  0.0100 0.9900 
 434      434   (0)      2 :  0.0080 0.9920 
 435      435   (0)      2 :  0.0310 0.9690 
 436      436   (0)      2 :  0.0070 0.9930 
 437      437   (0)      2 :  0.0550 0.9450 
 438      438   (0)      2 :  0.0174 0.9826 
 439      439   (0)      2 :  0.0070 0.9930 
 440      440   (0)      2 :  0.0090 0.9910 
 441      441   (0)      2 :  0.0090 0.9910 
 442      442   (0)      2 :  0.0260 0.9740 
 443      443   (0)      2 :  0.0090 0.9910 
 444      444   (0)      2 :  0.0090 0.9910 
 445      445   (0)      2 :  0.0160 0.9840 
 446      446   (0)      2 :  0.0310 0.9690 
 447      447   (0)      2 :  0.0080 0.9920 
 448      448   (0)      2 :  0.0060 0.9940 
 449      449   (0)      2 :  0.0120 0.9880 
 450      450   (0)      2 :  0.0510 0.9490 
 451      451   (0)      2 :  0.0080 0.9920 
 452      452   (0)      2 :  0.0100 0.9900 
 453      453   (0)      2 :  0.0080 0.9920 
 454      454   (0)      2 :  0.0100 0.9900 
 455      455   (0)      2 :  0.0070 0.9930 
 456      456   (0)      2 :  0.0060 0.9940 
 457      457   (0)      2 :  0.0090 0.9910 
 458      458   (0)      2 :  0.0630 0.9370 
 459      459   (0)      2 :  0.0140 0.9860 
 460      460   (0)      2 :  0.0110 0.9890 
 461      461   (0)      2 :  0.0120 0.9880 
 462      462   (0)      2 :  0.0080 0.9920 
 463      463   (0)      2 :  0.0158 0.9842 
 464      464   (0)      2 :  0.0130 0.9870 
 465      465   (0)      2 :  0.0080 0.9920 
 466      466   (0)      2 :  0.0190 0.9810 
 467      467   (0)      2 :  0.0110 0.9890 
 468      468   (0)      2 :  0.0120 0.9880 
 469      469   (0)      2 :  0.0080 0.9920 
 470      470   (0)      2 :  0.0108 0.9892 
 471      471   (0)      2 :  0.0054 0.9946 
 472      472   (0)      2 :  0.0110 0.9890 
 473      473   (0)      2 :  0.0080 0.9920 
 474      474   (0)      2 :  0.0100 0.9900 
 475      475   (0)      2 :  0.0090 0.9910 
 476      476   (0)      2 :  0.0150 0.9850 
 477      477   (0)      2 :  0.0230 0.9770 
 478      478   (0)      2 :  0.0178 0.9822 
 479      479   (0)      2 :  0.0100 0.9900 
 480      480   (0)      2 :  0.0342 0.9658 
 481      481   (0)      2 :  0.0100 0.9900 
 482      482   (0)      2 :  0.0180 0.9820 
 483      483   (0)      2 :  0.0110 0.9890 
 484      484   (0)      2 :  0.0080 0.9920 
 485      485   (0)      2 :  0.0170 0.9830 
 486      486   (0)      2 :  0.0114 0.9886 
 487      487   (0)      2 :  0.0150 0.9850 
 488      488   (0)      2 :  0.0180 0.9820 
 489      489   (0)      2 :  0.0160 0.9840 
 490      490   (0)      2 :  0.0200 0.9800 
 491      491   (0)      2 :  0.0120 0.9880 
 492      492   (0)      2 :  0.0120 0.9880 
 493      493   (0)      2 :  0.0160 0.9840 
 494      494   (0)      2 :  0.0080 0.9920 
 495      495   (0)      2 :  0.0100 0.9900 
 496      496   (0)      2 :  0.0070 0.9930 
 497      497   (0)      2 :  0.0200 0.9800 
 498      498   (0)      2 :  0.0330 0.9670 
 499      499   (0)      2 :  0.0110 0.9890 
 500      500   (0)      2 :  0.0050 0.9950 
 501      501   (0)      3 :  0.0780 0.9220 
 502      502   (0)      3 :  0.1556 0.8444 
 503      503   (0)      3 :  0.1360 0.8640 
 504      504   (0)      3 :  0.1214 0.8786 
 505      505   (0)      3 :  0.2520 0.7480 
 506      506   (0)      3 :  0.0760 0.9240 
 507      507   (0)      3 :  0.0140 0.9860 
 508      508   (0)      3 :  0.1340 0.8660 
 509      509   (0)      3 :  0.1932 0.8068 
 510      510   (0)      3 :  0.1790 0.8210 
 511      511   (0)      3 :  0.1880 0.8120 
 512      512   (0)      3 :  0.0920 0.9080 
 513      513   (0)      3 :  0.0280 0.9720 
 514      514   (0)      3 :  0.0600 0.9400 
 515      515   (0)      3 :  0.3510 0.6490 
 516      516   (0)      3 :  0.1050 0.8950 
 517      517   (0)      3 :  0.0120 0.9880 
 518      518   (0)      3 :  0.1240 0.8760 
 519      519   (0)      3 :  0.0650 0.9350 
 520      520   (0)      3 :  0.2736 0.7264 
 521      521   (0)      3 :  0.0220 0.9780 
 522      522   (0)      3 :  0.0100 0.9900 
 523      523   (0)      3 :  0.0200 0.9800 
 524      524   (0)      3 :  0.1866 0.8134 
 525      525   (0)      3 :  0.1854 0.8146 
 526      526   (0)      3 :  0.3310 0.6690 
 527      527   (0)      3 :  0.0120 0.9880 
 528      528   (0)      3 :  0.0250 0.9750 
 529      529   (0)      3 :  0.1480 0.8520 
 530      530   (0)      3 :  0.1762 0.8238 
 531      531   (0)      3 :  0.0116 0.9884 
 532      532   (0)      3 :  0.0100 0.9900 
 533      533   (0)      3 :  0.0740 0.9260 
 534      534   (0)      3 :  0.0240 0.9760 
 535      535   (0)      3 :  0.0320 0.9680 
 536      536   (0)      3 :  0.1630 0.8370 
 537      537   (0)      3 :  0.0378 0.9622 
 538      538   (0)      3 :  0.1312 0.8688 
 539      539   (0)      3 :  0.2440 0.7560 
 540      540   (0)      3 :  0.0470 0.9530 
 541      541   (0)      3 :  0.0890 0.9110 
 542      542   (0)      3 :  0.0130 0.9870 
 543      543   (0)      3 :  0.0250 0.9750 
 544      544   (0)      3 :  0.2610 0.7390 
 545      545   (0)      3 :  0.0210 0.9790 
 546      546   (0)      3 :  0.0050 0.9950 
 547      547   (0)      3 :  0.0480 0.9520 
 548      548   (0)      3 :  0.1900 0.8100 
 549      549   (0)      3 :  0.0642 0.9358 
 550      550   (0)      3 :  0.1400 0.8600 
 551      551   (0)      3 :  0.1270 0.8730 
 552      552   (0)      3 :  0.1126 0.8874 
 553      553   (0)      3 :  0.0250 0.9750 
 554      554   (0)      3 :  0.0120 0.9880 
 555      555   (0)      3 :  0.0810 0.9190 
 556      556   (0)      3 :  0.1542 0.8458 
 557      557   (0)      3 :  0.0140 0.9860 
 558      558   (0)      3 :  0.0310 0.9690 
 559      559   (0)      3 :  0.0338 0.9662 
 560      560   (0)      3 :  0.0150 0.9850 
 561      561   (0)      3 :  0.1750 0.8250 
 562      562   (0)      3 :  0.1178 0.8822 
 563      563   (0)      3 :  0.0220 0.9780 
 564      564   (0)      3 :  0.0150 0.9850 
 565      565   (0)      3 :  0.0510 0.9490 
 566      566   (0)      3 :  0.0600 0.9400 
 567      567   (0)      3 :  0.0420 0.9580 
 568      568   (0)      3 :  0.0930 0.9070 
 569      569   (0)      3 :  0.1738 0.8262 
 570      570   (0)      3 :  0.2870 0.7130 
 571      571   (0)      3 :  0.0170 0.9830 
 572      572   (0)      3 :  0.0170 0.9830 
 573      573   (0)      3 :  0.4330 0.5670 
 574      574   (0)      3 :  0.1090 0.8910 
 575      575   (0)      3 :  0.3924 0.6076 
 576      576   (0)      3 :  0.2574 0.7426 
 577      577   (0)      3 :  0.0868 0.9132 
 578      578   (0)      3 :  0.0910 0.9090 
 579      579   (0)      3 :  0.0100 0.9900 
 580      580   (0)      3 :  0.0570 0.9430 
 581      581   (0)      3 :  0.2052 0.7948 
 582      582   (0)      3 :  0.0750 0.9250 
 583      583   (0)      3 :  0.1478 0.8522 
 584      584   (0)      3 :  0.0360 0.9640 
 585      585   (0)      3 :  0.1954 0.8046 
 586      586   (0)      3 :  0.1710 0.8290 
 587      587   (0)      3 :  0.0140 0.9860 
 588      588   (0)      3 :  0.2180 0.7820 
 589      589   (0)      3 :  0.0742 0.9258 
 590      590   (0)      3 :  0.0892 0.9108 
 591      591   (0)      3 :  0.1196 0.8804 
 592      592   (0)      3 :  0.0170 0.9830 
 593      593   (0)      3 :  0.0110 0.9890 
 594      594   (0)      3 :  0.0170 0.9830 
 595      595   (0)      3 :  0.0500 0.9500 
 596      596   (0)      3 :  0.2172 0.7828 
 597      597   (0)      3 :  0.2270 0.7730 
 598      598   (0)      3 :  0.2340 0.7660 
 599      599   (0)      3 :  0.2100 0.7900 
 600      600   (0)      3 :  0.0548 0.9452 
 601      601   (0)      4 :  0.0840 0.9160 
 602      602   (0)      4 :  0.1160 0.8840 
 603      603   (0)      4 :  0.0800 0.9200 
 604      604   (0)      4 :  0.2950 0.7050 
 605      605   (0)      4 :  0.1046 0.8954 
 606      606   (0)      4 :  0.1750 0.8250 
 607      607   (0)      4 :  0.2360 0.7640 
 608      608   (0)      4 :  0.3080 0.6920 
 609      609   (0)      4 :  0.2620 0.7380 
 610      610   (0)      4 :  0.2614 0.7386 
 611      611   (0)      4 :  0.3640 0.6360 
 612      612   (0)      4 :  0.1022 0.8978 
 613      613   (0)      4 :  0.0220 0.9780 
 614      614   (0)      4 :  0.3204 0.6796 
 615      615   (0)      4 :  0.3304 0.6696 
 616      616   (0)      4 :  0.1980 0.8020 
 617      617   (0)      4 :  0.1300 0.8700 
 618      618   (0)      4 :  0.3616 0.6384 
 619      619   (0)      4 :  0.2804 0.7196 
 620      620   (0)      4 :  0.2460 0.7540 
 621      621   (0)      4 :  0.3548 0.6452 
 622      622   (0)      4 :  0.1912 0.8088 
 623      623   (0)      4 :  0.3430 0.6570 
 624      624   (0)      4 :  0.1550 0.8450 
 625      625   (0)      4 :  0.0420 0.9580 
 626      626   (0)      4 :  0.0492 0.9508 
 627      627   (0)      4 :  0.1204 0.8796 
 628      628   (0)      4 :  0.1444 0.8556 
 629      629   (0)      4 :  0.1710 0.8290 
 630      630   (0)      4 :  0.2728 0.7272 
 631      631   (0)      4 :  0.3670 0.6330 
 632      632   (0)      4 :  0.3664 0.6336 
 633      633   (0)      4 :  0.2570 0.7430 
 634      634   (0)      4 :  0.2888 0.7112 
 635      635   (0)      4 :  0.2170 0.7830 
 636      636   (0)      4 :  0.3250 0.6750 
 637      637   (0)      4 :  0.2940 0.7060 
 638      638   (0)      4 :  0.4770 0.5230 
 639      639   (0)      4 :  0.2390 0.7610 
 640      640   (0)      4 :  0.2448 0.7552 
 641      641   (0)      4 :  0.1820 0.8180 
 642      642   (0)      4 :  0.1070 0.8930 
 643      643   (0)      4 :  0.3510 0.6490 
 644      644   (0)      4 :  0.3660 0.6340 
 645      645   (0)      4 :  0.2472 0.7528 
 646      646   (0)      4 :  0.2750 0.7250 
 647      647   (0)      4 :  0.1364 0.8636 
 648      648   (0)      4 :  0.1374 0.8626 
 649      649   (0)      4 :  0.2648 0.7352 
 650      650   (0)      4 :  0.1828 0.8172 
 651      651   (0)      4 :  0.3030 0.6970 
 652      652   (0)      4 :  0.1350 0.8650 
 653      653   (0)      4 :  0.2624 0.7376 
 654      654   (0)      4 :  0.2550 0.7450 
 655      655   (0)      4 :  0.0270 0.9730 
 656      656   (0)      4 :  0.0190 0.9810 
 657      657   (0)      4 :  0.1800 0.8200 
 658      658   (0)      4 :  0.4790 0.5210 
 659      659   (0)      4 :  0.2860 0.7140 
 660      660   (0)      4 :  0.3032 0.6968 
 661      661   (0)      4 :  0.2816 0.7184 
 662      662   (0)      4 :  0.1320 0.8680 
 663      663   (0)      4 :  0.2750 0.7250 
 664      664   (0)      4 :  0.3200 0.6800 
 665      665   (0)      4 :  0.3630 0.6370 
 666      666   (0)      4 :  0.2440 0.7560 
 667      667   (0)      4 :  0.2300 0.7700 
 668      668   (0)      4 :  0.3342 0.6658 
 669      669   (0)      4 :  0.2578 0.7422 
 670      670   (0)      4 :  0.3714 0.6286 
 671      671   (0)      4 :  0.1530 0.8470 
 672      672   (0)      4 :  0.2310 0.7690 
 673      673   (0)      4 :  0.3490 0.6510 
 674      674   (0)      4 :  0.0400 0.9600 
 675      675   (0)      4 :  0.0620 0.9380 
 676      676   (0)      4 :  0.1774 0.8226 
 677      677   (0)      4 :  0.3820 0.6180 
 678      678   (0)      4 :  0.0774 0.9226 
 679      679   (0)      4 :  0.2540 0.7460 
 680      680   (0)      4 :  0.2770 0.7230 
 681      681   (0)      4 :  0.1480 0.8520 
 682      682   (0)      4 :  0.2180 0.7820 
 683      683   (0)      4 :  0.2552 0.7448 
 684      684   (0)      4 :  0.2740 0.7260 
 685      685   (0)      4 :  0.1490 0.8510 
 686      686   (0)      4 :  0.3222 0.6778 
 687      687   (0)      4 :  0.3804 0.6196 
 688      688   (0)      4 :  0.3590 0.6410 
 689      689   (0)      4 :  0.1950 0.8050 
 690      690   (0)      4 :  0.1640 0.8360 
 691      691   (0)      4 :  0.3716 0.6284 
 692      692   (0)      4 :  0.2050 0.7950 
 693      693   (0)      4 :  0.3310 0.6690 
 694      694   (0)      4 :  0.4908 0.5092 
 695      695   (0)      4 :  0.0740 0.9260 
 696      696   (0)      4 :  0.2014 0.7986 
 697      697   (0)      4 :  0.0800 0.9200 
 698      698   (0)      4 :  0.3148 0.6852 
 699      699   (0)      4 :  0.3160 0.6840 
 700      700   (0)      4 :  0.1772 0.8228 
 701      701   (0)      5 :  0.3810 0.6190 
 702      702   (0)      5 :  0.5270 0.4730 
 703      703   (0)      5 :  0.4780 0.5220 
 704      704   (0)      5 :  0.5040 0.4960 
 705      705   (0)      5 :  0.5030 0.4970 
 706      706   (0)      5 :  0.5820 0.4180 
 707      707   (0)      5 :  0.4140 0.5860 
 708      708   (0)      5 :  0.4914 0.5086 
 709      709   (0)      5 :  0.4780 0.5220 
 710      710   (0)      5 :  0.5552 0.4448 
 711      711   (0)      5 :  0.5954 0.4046 
 712      712   (0)      5 :  0.5114 0.4886 
 713      713   (0)      5 :  0.4504 0.5496 
 714      714   (0)      5 :  0.4520 0.5480 
 715      715   (0)      5 :  0.3880 0.6120 
 716      716   (0)      5 :  0.3554 0.6446 
 717      717   (0)      5 :  0.4732 0.5268 
 718      718   (0)      5 :  0.5160 0.4840 
 719      719   (0)      5 :  0.4350 0.5650 
 720      720   (0)      5 :  0.5140 0.4860 
 721      721   (0)      5 :  0.5400 0.4600 
 722      722   (0)      5 :  0.5168 0.4832 
 723      723   (0)      5 :  0.5530 0.4470 
 724      724   (0)      5 :  0.5830 0.4170 
 725      725   (0)      5 :  0.4830 0.5170 
 726      726   (0)      5 :  0.4310 0.5690 
 727      727   (0)      5 :  0.4600 0.5400 
 728      728   (0)      5 :  0.4670 0.5330 
 729      729   (0)      5 :  0.4940 0.5060 
 730      730   (0)      5 :  0.5396 0.4604 
 731      731   (0)      5 :  0.4540 0.5460 
 732      732   (0)      5 :  0.4846 0.5154 
 733      733   (0)      5 :  0.5130 0.4870 
 734      734   (0)      5 :  0.3904 0.6096 
 735      735   (0)      5 :  0.5290 0.4710 
 736      736   (0)      5 :  0.5450 0.4550 
 737      737   (0)      5 :  0.3390 0.6610 
 738      738   (0)      5 :  0.6650 0.3350 
 739      739   (0)      5 :  0.4810 0.5190 
 740      740   (0)      5 :  0.5320 0.4680 
 741      741   (0)      5 :  0.5630 0.4370 
 742      742   (0)      5 :  0.5980 0.4020 
 743      743   (0)      5 :  0.5190 0.4810 
 744      744   (0)      5 :  0.6140 0.3860 
 745      745   (0)      5 :  0.4040 0.5960 
 746      746   (0)      5 :  0.4142 0.5858 
 747      747   (0)      5 :  0.6842 0.3158 
 748      748   (0)      5 :  0.4070 0.5930 
 749      749   (0)      5 :  0.4738 0.5262 
 750      750   (0)      5 :  0.5658 0.4342 
 751      751   (0)      5 :  0.4522 0.5478 
 752      752   (0)      5 :  0.5740 0.4260 
 753      753   (0)      5 :  0.5090 0.4910 
 754      754   (0)      5 :  0.5360 0.4640 
 755      755   (0)      5 :  0.5580 0.4420 
 756      756   (0)      5 :  0.5190 0.4810 
 757      757   (0)      5 :  0.4040 0.5960 
 758      758   (0)      5 :  0.3934 0.6066 
 759      759   (0)      5 :  0.5990 0.4010 
 760      760   (0)      5 :  0.5800 0.4200 
 761      761   (0)      5 :  0.4168 0.5832 
 762      762   (0)      5 :  0.5264 0.4736 
 763      763   (0)      5 :  0.5020 0.4980 
 764      764   (0)      5 :  0.4386 0.5614 
 765      765   (0)      5 :  0.4380 0.5620 
 766      766   (0)      5 :  0.5730 0.4270 
 767      767   (0)      5 :  0.4842 0.5158 
 768      768   (0)      5 :  0.4640 0.5360 
 769      769   (0)      5 :  0.5216 0.4784 
 770      770   (0)      5 :  0.4544 0.5456 
 771      771   (0)      5 :  0.4590 0.5410 
 772      772   (0)      5 :  0.5970 0.4030 
 773      773   (0)      5 :  0.5206 0.4794 
 774      774   (0)      5 :  0.4426 0.5574 
 775      775   (0)      5 :  0.6000 0.4000 
 776      776   (0)      5 :  0.4590 0.5410 
 777      777   (0)      5 :  0.3470 0.6530 
 778      778   (0)      5 :  0.5570 0.4430 
 779      779   (0)      5 :  0.4850 0.5150 
 780      780   (0)      5 :  0.6066 0.3934 
 781      781   (0)      5 :  0.4910 0.5090 
 782      782   (0)      5 :  0.6570 0.3430 
 783      783   (0)      5 :  0.5940 0.4060 
 784      784   (0)      5 :  0.5060 0.4940 
 785      785   (0)      5 :  0.3240 0.6760 
 786      786   (0)      5 :  0.4290 0.5710 
 787      787   (0)      5 :  0.4808 0.5192 
 788      788   (0)      5 :  0.5320 0.4680 
 789      789   (0)      5 :  0.3760 0.6240 
 790      790   (0)      5 :  0.5230 0.4770 
 791      791   (0)      5 :  0.3952 0.6048 
 792      792   (0)      5 :  0.4890 0.5110 
 793      793   (0)      5 :  0.3468 0.6532 
 794      794   (0)      5 :  0.6020 0.3980 
 795      795   (0)      5 :  0.5598 0.4402 
 796      796   (0)      5 :  0.3900 0.6100 
 797      797   (0)      5 :  0.4860 0.5140 
 798      798   (0)      5 :  0.5110 0.4890 
 799      799   (0)      5 :  0.4740 0.5260 
 800      800   (0)      5 :  0.5550 0.4450 
 801      801   (0)      6 :  0.7750 0.2250 
 802      802   (0)      6 :  0.8670 0.1330 
 803      803   (0)      6 :  0.6712 0.3288 
 804      804   (0)      6 :  0.7132 0.2868 
 805      805   (0)      6 :  0.7240 0.2760 
 806      806   (0)      6 :  0.6244 0.3756 
 807      807   (0)      6 :  0.7870 0.2130 
 808      808   (0)      6 :  0.7644 0.2356 
 809      809   (0)      6 :  0.7300 0.2700 
 810      810   (0)      6 :  0.8850 0.1150 
 811      811   (0)      6 :  0.6930 0.3070 
 812      812   (0)      6 :  0.6100 0.3900 
 813      813   (0)      6 :  0.5980 0.4020 
 814      814   (0)      6 :  0.7220 0.2780 
 815      815   (0)      6 :  0.6840 0.3160 
 816      816   (0)      6 :  0.6930 0.3070 
 817      817   (0)      6 :  0.8380 0.1620 
 818      818   (0)      6 :  0.7462 0.2538 
 819      819   (0)      6 :  0.7910 0.2090 
 820      820   (0)      6 :  0.9356 0.0644 
 821      821   (0)      6 :  0.8166 0.1834 
 822      822   (0)      6 :  0.7322 0.2678 
 823      823   (0)      6 :  0.8230 0.1770 
 824      824   (0)      6 :  0.7832 0.2168 
 825      825   (0)      6 :  0.7820 0.2180 
 826      826   (0)      6 :  0.8470 0.1530 
 827      827   (0)      6 :  0.9940 0.0060 
 828      828   (0)      6 :  0.7852 0.2148 
 829      829   (0)      6 :  0.8382 0.1618 
 830      830   (0)      6 :  0.6972 0.3028 
 831      831   (0)      6 :  0.8670 0.1330 
 832      832   (0)      6 :  0.8700 0.1300 
 833      833   (0)      6 :  0.8080 0.1920 
 834      834   (0)      6 :  0.6578 0.3422 
 835      835   (0)      6 :  0.8220 0.1780 
 836      836   (0)      6 :  0.8096 0.1904 
 837      837   (0)      6 :  0.6758 0.3242 
 838      838   (0)      6 :  0.7424 0.2576 
 839      839   (0)      6 :  0.6702 0.3298 
 840      840   (0)      6 :  0.7660 0.2340 
 841      841   (0)      6 :  0.7590 0.2410 
 842      842   (0)      6 :  0.8234 0.1766 
 843      843   (0)      6 :  0.8900 0.1100 
 844      844   (0)      6 :  0.6100 0.3900 
 845      845   (0)      6 :  0.7910 0.2090 
 846      846   (0)      6 :  0.5690 0.4310 
 847      847   (0)      6 :  0.6200 0.3800 
 848      848   (0)      6 :  0.7090 0.2910 
 849      849   (0)      6 :  0.6280 0.3720 
 850      850   (0)      6 :  0.5500 0.4500 
 851      851   (0)      6 :  0.6930 0.3070 
 852      852   (0)      6 :  0.6260 0.3740 
 853      853   (0)      6 :  0.7700 0.2300 
 854      854   (0)      6 :  0.7540 0.2460 
 855      855   (0)      6 :  0.8030 0.1970 
 856      856   (0)      6 :  0.7190 0.2810 
 857      857   (0)      6 :  0.8030 0.1970 
 858      858   (0)      6 :  0.6236 0.3764 
 859      859   (0)      6 :  0.7260 0.2740 
 860      860   (0)      6 :  0.7760 0.2240 
 861      861   (0)      6 :  0.8530 0.1470 
 862      862   (0)      6 :  0.7030 0.2970 
 863      863   (0)      6 :  0.7080 0.2920 
 864      864   (0)      6 :  0.8270 0.1730 
 865      865   (0)      6 :  0.8592 0.1408 
 866      866   (0)      6 :  0.7810 0.2190 
 867      867   (0)      6 :  0.6568 0.3432 
 868      868   (0)      6 :  0.8810 0.1190 
 869      869   (0)      6 :  0.7290 0.2710 
 870      870   (0)      6 :  0.7420 0.2580 
 871      871   (0)      6 :  0.8386 0.1614 
 872      872   (0)      6 :  0.7624 0.2376 
 873      873   (0)      6 :  0.6860 0.3140 
 874      874   (0)      6 :  0.7780 0.2220 
 875      875   (0)      6 :  0.8132 0.1868 
 876      876   (0)      6 :  0.7258 0.2742 
 877      877   (0)      6 :  0.7300 0.2700 
 878      878   (0)      6 :  0.6970 0.3030 
 879      879   (0)      6 :  0.5750 0.4250 
 880      880   (0)      6 :  0.6280 0.3720 
 881      881   (0)      6 :  0.8284 0.1716 
 882      882   (0)      6 :  0.7860 0.2140 
 883      883   (0)      6 :  0.8260 0.1740 
 884      884   (0)      6 :  0.5130 0.4870 
 885      885   (0)      6 :  0.6740 0.3260 
 886      886   (0)      6 :  0.6440 0.3560 
 887      887   (0)      6 :  0.7210 0.2790 
 888      888   (0)      6 :  0.8620 0.1380 
 889      889   (0)      6 :  0.7850 0.2150 
 890      890   (0)      6 :  0.9178 0.0822 
 891      891   (0)      6 :  0.6360 0.3640 
 892      892   (0)      6 :  0.8850 0.1150 
 893      893   (0)      6 :  0.8098 0.1902 
 894      894   (0)      6 :  0.7650 0.2350 
 895      895   (0)      6 :  0.7730 0.2270 
 896      896   (0)      6 :  0.7550 0.2450 
 897      897   (0)      6 :  0.8160 0.1840 
 898      898   (0)      6 :  0.5582 0.4418 
 899      899   (0)      6 :  0.7900 0.2100 
 900      900   (0)      6 :  0.7018 0.2982 
 901      901   (0)      7 :  0.8460 0.1540 
 902      902   (0)      7 :  0.7680 0.2320 
 903      903   (0)      7 :  0.8248 0.1752 
 904      904   (0)      7 :  0.9304 0.0696 
 905      905   (0)      7 :  0.7950 0.2050 
 906      906   (0)      7 :  0.7678 0.2322 
 907      907   (0)      7 :  0.9080 0.0920 
 908      908   (0)      7 :  0.9360 0.0640 
 909      909   (0)      7 :  0.9920 0.0080 
 910      910   (0)      7 :  0.9040 0.0960 
 911      911   (0)      7 :  0.8682 0.1318 
 912      912   (0)      7 :  0.7356 0.2644 
 913      913   (0)      7 :  0.8330 0.1670 
 914      914   (0)      7 :  0.9270 0.0730 
 915      915   (0)      7 :  0.8590 0.1410 
 916      916   (0)      7 :  0.7800 0.2200 
 917      917   (0)      7 :  0.7970 0.2030 
 918      918   (0)      7 :  0.9102 0.0898 
 919      919   (0)      7 :  0.7936 0.2064 
 920      920   (0)      7 :  0.9410 0.0590 
 921      921   (0)      7 :  0.7620 0.2380 
 922      922   (0)      7 :  0.7960 0.2040 
 923      923   (0)      7 :  0.8136 0.1864 
 924      924   (0)      7 :  0.8830 0.1170 
 925      925   (0)      7 :  0.8508 0.1492 
 926      926   (0)      7 :  0.8530 0.1470 
 927      927   (0)      7 :  0.9314 0.0686 
 928      928   (0)      7 :  0.9350 0.0650 
 929      929   (0)      7 :  0.9930 0.0070 
 930      930   (0)      7 :  0.9524 0.0476 
 931      931   (0)      7 :  0.7830 0.2170 
 932      932   (0)      7 :  0.8930 0.1070 
 933      933   (0)      7 :  0.9940 0.0060 
 934      934   (0)      7 :  0.8120 0.1880 
 935      935   (0)      7 :  0.9670 0.0330 
 936      936   (0)      7 :  0.8320 0.1680 
 937      937   (0)      7 :  0.9240 0.0760 
 938      938   (0)      7 :  0.8734 0.1266 
 939      939   (0)      7 :  0.8360 0.1640 
 940      940   (0)      7 :  0.7248 0.2752 
 941      941   (0)      7 :  0.8150 0.1850 
 942      942   (0)      7 :  0.8990 0.1010 
 943      943   (0)      7 :  0.7750 0.2250 
 944      944   (0)      7 :  0.8580 0.1420 
 945      945   (0)      7 :  0.9740 0.0260 
 946      946   (0)      7 :  0.9604 0.0396 
 947      947   (0)      7 :  0.9284 0.0716 
 948      948   (0)      7 :  0.7190 0.2810 
 949      949   (0)      7 :  0.8900 0.1100 
 950      950   (0)      7 :  0.8360 0.1640 
 951      951   (0)      7 :  0.8530 0.1470 
 952      952   (0)      7 :  0.7400 0.2600 
 953      953   (0)      7 :  0.8210 0.1790 
 954      954   (0)      7 :  0.7930 0.2070 
 955      955   (0)      7 :  0.9556 0.0444 
 956      956   (0)      7 :  0.9050 0.0950 
 957      957   (0)      7 :  0.8750 0.1250 
 958      958   (0)      7 :  0.7670 0.2330 
 959      959   (0)      7 :  0.9920 0.0080 
 960      960   (0)      7 :  0.8240 0.1760 
 961      961   (0)      7 :  0.9174 0.0826 
 962      962   (0)      7 :  0.9890 0.0110 
 963      963   (0)      7 :  0.9060 0.0940 
 964      964   (0)      7 :  0.8372 0.1628 
 965      965   (0)      7 :  0.9140 0.0860 
 966      966   (0)      7 :  0.8906 0.1094 
 967      967   (0)      7 :  0.6908 0.3092 
 968      968   (0)      7 :  0.7940 0.2060 
 969      969   (0)      7 :  0.9380 0.0620 
 970      970   (0)      7 :  0.8462 0.1538 
 971      971   (0)      7 :  0.9070 0.0930 
 972      972   (0)      7 :  0.9410 0.0590 
 973      973   (0)      7 :  0.9158 0.0842 
 974      974   (0)      7 :  0.7460 0.2540 
 975      975   (0)      7 :  0.7210 0.2790 
 976      976   (0)      7 :  0.9422 0.0578 
 977      977   (0)      7 :  0.9288 0.0712 
 978      978   (0)      7 :  0.9198 0.0802 
 979      979   (0)      7 :  0.8030 0.1970 
 980      980   (0)      7 :  0.8610 0.1390 
 981      981   (0)      7 :  0.8970 0.1030 
 982      982   (0)      7 :  0.8090 0.1910 
 983      983   (0)      7 :  0.9530 0.0470 
 984      984   (0)      7 :  0.8870 0.1130 
 985      985   (0)      7 :  0.8810 0.1190 
 986      986   (0)      7 :  0.8556 0.1444 
 987      987   (0)      7 :  0.9044 0.0956 
 988      988   (0)      7 :  0.7750 0.2250 
 989      989   (0)      7 :  0.9940 0.0060 
 990      990   (0)      7 :  0.8988 0.1012 
 991      991   (0)      7 :  0.8802 0.1198 
 992      992   (0)      7 :  0.7970 0.2030 
 993      993   (0)      7 :  0.7766 0.2234 
 994      994   (0)      7 :  0.8820 0.1180 
 995      995   (0)      7 :  0.8380 0.1620 
 996      996   (0)      7 :  0.8474 0.1526 
 997      997   (0)      7 :  0.8790 0.1210 
 998      998   (0)      7 :  0.7860 0.2140 
 999      999   (0)      7 :  0.7930 0.2070 
1000     1000   (0)      7 :  0.7852 0.2148 
1001     1001   (5)      8 :  0.9870 0.0130 
1002     1002   (0)      8 :  0.9860 0.0140 
1003     1003   (0)      8 :  0.9930 0.0070 
1004     1004   (0)      8 :  0.9720 0.0280 
1005     1005   (0)      8 :  0.9920 0.0080 
1006     1006   (0)      8 :  0.9900 0.0100 
1007     1007   (0)      8 :  0.9940 0.0060 
1008     1008   (0)      8 :  0.9910 0.0090 
1009     1009   (0)      8 :  0.9930 0.0070 
1010     1010   (0)      8 :  0.9920 0.0080 
1011     1011   (0)      8 :  0.9950 0.0050 
1012     1012   (0)      8 :  0.9930 0.0070 
1013     1013   (0)      8 :  0.9840 0.0160 
1014     1014   (5)      8 :  0.9950 0.0050 
1015     1015   (0)      8 :  0.9930 0.0070 
1016     1016   (0)      8 :  0.9940 0.0060 
1017     1017   (0)      8 :  0.9920 0.0080 
1018     1018   (0)      8 :  0.9900 0.0100 
1019     1019   (0)      8 :  0.9870 0.0130 
1020     1020   (0)      8 :  0.9940 0.0060 
1021     1021   (0)      8 :  0.9950 0.0050 
1022     1022   (0)      8 :  0.9910 0.0090 
1023     1023   (0)      8 :  0.9930 0.0070 
1024     1024   (0)      8 :  0.9950 0.0050 
1025     1025   (0)      8 :  0.9950 0.0050 
1026     1026   (0)      8 :  0.9940 0.0060 
1027     1027   (0)      8 :  0.9940 0.0060 
1028     1028   (0)      8 :  0.9940 0.0060 
1029     1029   (0)      9 :  0.9940 0.0060 
1030     1030   (0)      9 :  0.9920 0.0080 
1031     1031   (0)      9 :  0.9940 0.0060 
1032     1032   (0)      9 :  0.9920 0.0080 
1033     1033   (0)      9 :  0.9930 0.0070 
1034     1034   (0)      9 :  0.9930 0.0070 
1035     1035   (0)      9 :  0.9934 0.0066 
1036     1036   (0)      9 :  0.9940 0.0060 
1037     1037   (0)      9 :  0.9950 0.0050 
1038     1038   (0)      9 :  0.9920 0.0080 
1039     1039   (0)      9 :  0.9920 0.0080 
1040     1040   (0)      9 :  0.9940 0.0060 
1041     1041   (0)      9 :  0.9940 0.0060 
1042     1042   (0)      9 :  0.9930 0.0070 
1043     1043   (0)      9 :  0.9940 0.0060 
1044     1044   (0)      9 :  0.9940 0.0060 
1045     1045   (0)      9 :  0.9950 0.0050 
1046     1046   (0)      9 :  0.9670 0.0330 
1047     1047   (0)      9 :  0.9870 0.0130 
1048     1048   (0)      9 :  0.9922 0.0078 
1049     1049   (0)      9 :  0.9900 0.0100 
1050     1050   (0)      9 :  0.9940 0.0060 
1051     1051   (0)      9 :  0.9920 0.0080 
1052     1052   (0)      9 :  0.9940 0.0060 
1053     1053   (0)      9 :  0.9950 0.0050 
1054     1054   (0)      9 :  0.9920 0.0080 
1055     1055   (0)      9 :  0.9950 0.0050 
1056     1056   (0)      9 :  0.9930 0.0070 
1057     1057   (0)      9 :  0.9940 0.0060 
1058     1058   (0)      9 :  0.9920 0.0080 
1059     1059   (0)      9 :  0.9940 0.0060 
1060     1060   (0)      9 :  0.9950 0.0050 
1061     1061   (0)      9 :  0.9942 0.0058 
1062     1062   (0)      9 :  0.9950 0.0050 
1063     1063   (0)      9 :  0.9860 0.0140 
1064     1064   (0)      9 :  0.9940 0.0060 
1065     1065   (0)      9 :  0.9940 0.0060 
1066     1066   (0)      9 :  0.9920 0.0080 
1067     1067   (0)      9 :  0.9940 0.0060 
1068     1068   (0)      9 :  0.9940 0.0060 
1069     1069   (0)      9 :  0.9930 0.0070 
1070     1070   (0)      9 :  0.9940 0.0060 
1071     1071   (0)      9 :  0.9850 0.0150 
1072     1072   (0)      9 :  0.9950 0.0050 
1073     1073   (0)      9 :  0.9950 0.0050 
1074     1074   (0)      9 :  0.9890 0.0110 
1075     1075   (0)      9 :  0.9850 0.0150 
1076     1076   (0)      9 :  0.9940 0.0060 
1077     1077   (0)      9 :  0.9930 0.0070 
1078     1078   (0)      9 :  0.9920 0.0080 
1079     1079   (0)      9 :  0.9950 0.0050 
1080     1080   (0)      9 :  0.9902 0.0098 
1081     1081   (0)      9 :  0.9920 0.0080 
1082     1082   (0)      9 :  0.9930 0.0070 
1083     1083   (0)      9 :  0.9920 0.0080 
1084     1084   (0)      9 :  0.9900 0.0100 
1085     1085   (0)      9 :  0.9910 0.0090 
1086     1086   (0)      9 :  0.9930 0.0070 
1087     1087   (0)      9 :  0.9830 0.0170 
1088     1088   (0)      9 :  0.9950 0.0050 
1089     1089   (0)      9 :  0.9850 0.0150 
1090     1090   (0)      9 :  0.9860 0.0140 
1091     1091   (0)      9 :  0.9820 0.0180 
1092     1092   (0)      9 :  0.9920 0.0080 
1093     1093   (0)      9 :  0.9940 0.0060 
1094     1094   (0)      9 :  0.9940 0.0060 
1095     1095   (0)      9 :  0.9930 0.0070 
1096     1096   (0)      9 :  0.9946 0.0054 
1097     1097   (0)      9 :  0.9940 0.0060 
1098     1098   (0)      9 :  0.9930 0.0070 
1099     1099   (0)      9 :  0.9910 0.0090 
1100     1100   (0)      9 :  0.9870 0.0130 
1101     1101   (0)      9 :  0.9940 0.0060 
1102     1102   (0)      9 :  0.9870 0.0130 
1103     1103   (0)      9 :  0.9940 0.0060 
1104     1104   (0)      9 :  0.9930 0.0070 
1105     1105   (0)      9 :  0.9920 0.0080 
1106     1106   (0)      9 :  0.9930 0.0070 
1107     1107   (0)      9 :  0.9890 0.0110 
1108     1108   (0)      9 :  0.9800 0.0200 
1109     1109   (0)      9 :  0.9910 0.0090 
1110     1110   (0)      9 :  0.9930 0.0070 
1111     1111   (0)      9 :  0.9940 0.0060 
1112     1112   (0)      9 :  0.9920 0.0080 
1113     1113   (0)      9 :  0.9910 0.0090 
1114     1114   (0)      9 :  0.9950 0.0050 
1115     1115   (0)      9 :  0.9910 0.0090 
1116     1116   (0)      9 :  0.9870 0.0130 
1117     1117   (0)      9 :  0.9940 0.0060 
1118     1118   (0)      9 :  0.9920 0.0080 
1119     1119   (0)      9 :  0.9940 0.0060 
1120     1120   (0)      9 :  0.9930 0.0070 
1121     1121   (0)      9 :  0.9920 0.0080 
1122     1122   (0)      9 :  0.9940 0.0060 
1123     1123   (0)      9 :  0.9936 0.0064 
1124     1124   (0)      9 :  0.9950 0.0050 
1125     1125   (0)      9 :  0.9940 0.0060 
1126     1126   (0)      9 :  0.9910 0.0090 
1127     1127   (0)      9 :  0.9920 0.0080 
1128     1128   (0)      9 :  0.9940 0.0060 
1129     1129   (0)      9 :  0.9930 0.0070 
1130     1130   (0)      9 :  0.9930 0.0070 
1131     1131   (0)      9 :  0.9930 0.0070 
1132     1132   (0)      9 :  0.9900 0.0100 
1133     1133   (0)      9 :  0.9860 0.0140 
1134     1134   (0)      9 :  0.9920 0.0080 
1135     1135   (0)      9 :  0.9940 0.0060 
1136     1136   (0)      9 :  0.9930 0.0070 
1137     1137   (0)      9 :  0.9890 0.0110 
1138     1138   (0)      9 :  0.9930 0.0070 
1139     1139   (0)      9 :  0.9850 0.0150 
1140     1140   (0)      9 :  0.9930 0.0070 
1141     1141   (0)      9 :  0.9930 0.0070 
1142     1142   (0)      9 :  0.9920 0.0080 
1143     1143   (0)      9 :  0.9940 0.0060 
1144     1144   (0)      9 :  0.9930 0.0070 
1145     1145   (0)      9 :  0.9880 0.0120 
1146     1146   (0)      9 :  0.9910 0.0090 
1147     1147   (0)      9 :  0.9940 0.0060 
1148     1148   (0)      9 :  0.9860 0.0140 
1149     1149   (0)      9 :  0.9940 0.0060 
1150     1150   (0)      9 :  0.9890 0.0110 
1151     1151   (0)      9 :  0.9900 0.0100 
1152     1152   (0)      9 :  0.9910 0.0090 
1153     1153   (0)      9 :  0.9880 0.0120 
1154     1154   (0)      9 :  0.9920 0.0080 
1155     1155   (0)      9 :  0.9950 0.0050 
1156     1156   (0)      9 :  0.9950 0.0050 
1157     1157   (0)      9 :  0.9890 0.0110 
1158     1158   (0)      9 :  0.9950 0.0050 
1159     1159   (0)      9 :  0.9910 0.0090 
1160     1160   (0)      9 :  0.9940 0.0060 
1161     1161   (0)      9 :  0.9890 0.0110 
1162     1162   (0)      9 :  0.9900 0.0100 
1163     1163   (0)      9 :  0.9940 0.0060 
1164     1164   (0)      9 :  0.9930 0.0070 
1165     1165   (0)      9 :  0.9930 0.0070 
1166     1166   (0)      9 :  0.9908 0.0092 
1167     1167   (0)      9 :  0.9912 0.0088 
1168     1168   (0)      9 :  0.9940 0.0060 
1169     1169   (0)      9 :  0.9940 0.0060 
1170     1170   (0)      9 :  0.9950 0.0050 
1171     1171   (0)      9 :  0.9950 0.0050 
1172     1172   (0)      9 :  0.9940 0.0060 
1173     1173   (0)      9 :  0.9950 0.0050 
1174     1174   (0)      9 :  0.9892 0.0108 
1175     1175   (0)      9 :  0.9930 0.0070 
1176     1176   (0)      9 :  0.9930 0.0070 
1177     1177   (0)      9 :  0.9900 0.0100 
1178     1178   (0)      9 :  0.9930 0.0070 
1179     1179   (0)      9 :  0.9900 0.0100 
1180     1180   (0)      9 :  0.9900 0.0100 
1181     1181   (0)      9 :  0.9940 0.0060 
1182     1182   (0)      9 :  0.9930 0.0070 
1183     1183   (0)      9 :  0.9940 0.0060 
1184     1184   (0)      9 :  0.9910 0.0090 
1185     1185   (0)      9 :  0.9920 0.0080 
1186     1186   (0)      9 :  0.9910 0.0090 
1187     1187   (0)      9 :  0.9930 0.0070 
1188     1188   (0)      9 :  0.9900 0.0100 
1189     1189   (0)      9 :  0.9890 0.0110 
1190     1190   (0)      9 :  0.9950 0.0050 
1191     1191   (0)      9 :  0.9930 0.0070 
1192     1192   (0)      9 :  0.9950 0.0050 
1193     1193   (0)      9 :  0.9950 0.0050 
1194     1194   (0)      9 :  0.9930 0.0070 
1195     1195   (0)      9 :  0.9750 0.0250 
1196     1196   (0)      9 :  0.9940 0.0060 
1197     1197   (0)      9 :  0.9940 0.0060 
1198     1198   (0)      9 :  0.9910 0.0090 
1199     1199   (0)      9 :  0.9940 0.0060 
1200     1200   (0)      9 :  0.9950 0.0050 
1201     1201   (0)      9 :  0.9930 0.0070 
1202     1202   (0)      9 :  0.9950 0.0050 
1203     1203   (0)      9 :  0.9930 0.0070 
1204     1204   (0)      9 :  0.9910 0.0090 
1205     1205   (0)      9 :  0.9930 0.0070 
1206     1206   (0)      9 :  0.9888 0.0112 
1207     1207   (0)      9 :  0.9938 0.0062 
1208     1208   (0)      9 :  0.9940 0.0060 
1209     1209   (0)      9 :  0.9920 0.0080 
1210     1210   (0)      9 :  0.9930 0.0070 
1211     1211   (0)      9 :  0.9900 0.0100 
1212     1212   (0)      9 :  0.9870 0.0130 
1213     1213   (0)      9 :  0.9910 0.0090 
1214     1214   (0)      9 :  0.9910 0.0090 
1215     1215   (0)      9 :  0.9940 0.0060 
1216     1216   (0)      9 :  0.9886 0.0114 
1217     1217   (0)      9 :  0.9890 0.0110 
1218     1218   (0)      9 :  0.9946 0.0054 
1219     1219   (0)      9 :  0.9930 0.0070 
1220     1220   (0)      9 :  0.9920 0.0080 
1221     1221   (0)      9 :  0.9928 0.0072 
1222     1222   (0)      9 :  0.9880 0.0120 
1223     1223   (0)      9 :  0.9860 0.0140 
1224     1224   (0)      9 :  0.9930 0.0070 
1225     1225   (0)      9 :  0.9940 0.0060 
1226     1226   (0)      9 :  0.9930 0.0070 
1227     1227   (0)      9 :  0.9920 0.0080 
1228     1228   (0)      9 :  0.9930 0.0070 
1229     1229   (0)      9 :  0.9860 0.0140 
1230     1230   (0)      9 :  0.9930 0.0070 
1231     1231   (0)      9 :  0.9940 0.0060 
1232     1232   (0)      9 :  0.9930 0.0070 
1233     1233   (0)      9 :  0.9940 0.0060 
1234     1234   (0)      9 :  0.9940 0.0060 
1235     1235   (0)      9 :  0.9930 0.0070 
1236     1236   (0)      9 :  0.9910 0.0090 
1237     1237   (0)      9 :  0.9910 0.0090 
1238     1238   (0)      9 :  0.9900 0.0100 
1239     1239   (0)      9 :  0.9942 0.0058 
1240     1240   (0)      9 :  0.9920 0.0080 
1241     1241   (0)      9 :  0.9940 0.0060 
1242     1242   (0)      9 :  0.9950 0.0050 
1243     1243   (0)      9 :  0.9920 0.0080 
1244     1244   (0)      9 :  0.9910 0.0090 
1245     1245   (0)      9 :  0.9930 0.0070 
1246     1246   (0)      9 :  0.9930 0.0070 
1247     1247   (0)      9 :  0.9920 0.0080 
1248     1248   (0)      9 :  0.9910 0.0090 
1249     1249   (0)      9 :  0.9932 0.0068 
1250     1250   (0)      9 :  0.9950 0.0050 
1251     1251   (0)      9 :  0.9930 0.0070 
1252     1252   (0)      9 :  0.9920 0.0080 
1253     1253   (0)      9 :  0.9900 0.0100 
1254     1254   (0)      9 :  0.9870 0.0130 
1255     1255   (0)      9 :  0.9940 0.0060 
1256     1256   (0)      9 :  0.9920 0.0080 
1257     1257   (0)      9 :  0.9950 0.0050 
1258     1258   (0)      9 :  0.9920 0.0080 
1259     1259   (0)      9 :  0.9940 0.0060 
1260     1260   (0)      9 :  0.9910 0.0090 
1261     1261   (0)      9 :  0.9930 0.0070 
1262     1262   (0)      9 :  0.9880 0.0120 
1263     1263   (0)      9 :  0.9930 0.0070 
1264     1264   (0)      9 :  0.9930 0.0070 
1265     1265   (0)      9 :  0.9950 0.0050 
1266     1266   (0)      9 :  0.9930 0.0070 
1267     1267   (0)      9 :  0.9910 0.0090 
1268     1268   (0)      9 :  0.9920 0.0080 
1269     1269   (0)      9 :  0.9940 0.0060 
1270     1270   (0)      9 :  0.9900 0.0100 
1271     1271   (0)      9 :  0.9940 0.0060 
1272     1272   (0)      9 :  0.9910 0.0090 
1273     1273   (0)      9 :  0.9930 0.0070 
1274     1274   (0)      9 :  0.9940 0.0060 
1275     1275   (0)      9 :  0.9840 0.0160 
1276     1276   (0)      9 :  0.9930 0.0070 
1277     1277   (0)      9 :  0.9940 0.0060 
1278     1278   (0)      9 :  0.9930 0.0070 
1279     1279   (0)      9 :  0.9950 0.0050 
1280     1280   (0)      9 :  0.9910 0.0090 
1281     1281   (0)      9 :  0.9950 0.0050 
1282     1282   (0)      9 :  0.9900 0.0100 
1283     1283   (0)      9 :  0.9940 0.0060 
1284     1284   (0)      9 :  0.9930 0.0070 
1285     1285   (0)      9 :  0.9930 0.0070 
1286     1286   (0)      9 :  0.9950 0.0050 
1287     1287   (0)      9 :  0.9930 0.0070 
1288     1288   (0)      9 :  0.9900 0.0100 
1289     1289   (0)      9 :  0.9930 0.0070 
1290     1290   (0)      9 :  0.9820 0.0180 
1291     1291   (0)      9 :  0.9930 0.0070 
1292     1292   (0)      9 :  0.9900 0.0100 
1293     1293   (0)      9 :  0.9920 0.0080 
1294     1294   (0)      9 :  0.9940 0.0060 
1295     1295   (0)      9 :  0.9940 0.0060 
1296     1296   (0)      9 :  0.9930 0.0070 
1297     1297   (0)      9 :  0.9880 0.0120 
1298     1298   (0)      9 :  0.9940 0.0060 
1299     1299   (0)      9 :  0.9880 0.0120 
1300     1300   (0)      9 :  0.9920 0.0080 
1301     1301   (0)      9 :  0.9910 0.0090 
1302     1302   (0)      9 :  0.9930 0.0070 
1303     1303   (0)      9 :  0.9920 0.0080 
1304     1304   (0)      9 :  0.9930 0.0070 
1305     1305   (0)      9 :  0.9940 0.0060 
1306     1306   (0)      9 :  0.9920 0.0080 
1307     1307   (0)      9 :  0.9930 0.0070 
1308     1308   (0)      9 :  0.9880 0.0120 
1309     1309   (0)      9 :  0.9940 0.0060 
1310     1310   (0)      9 :  0.9790 0.0210 
1311     1311   (0)      9 :  0.9930 0.0070 
1312     1312   (0)      9 :  0.9930 0.0070 
1313     1313   (0)      9 :  0.9940 0.0060 
1314     1314   (0)      9 :  0.9920 0.0080 
1315     1315   (0)      9 :  0.9860 0.0140 
1316     1316   (0)      9 :  0.9930 0.0070 
1317     1317   (0)      9 :  0.9940 0.0060 
1318     1318   (0)      9 :  0.9940 0.0060 
1319     1319   (0)      9 :  0.9920 0.0080 
1320     1320   (0)      9 :  0.9950 0.0050 
1321     1321   (0)      9 :  0.9920 0.0080 
1322     1322   (0)      9 :  0.9900 0.0100 
1323     1323   (0)      9 :  0.9830 0.0170 
1324     1324   (0)      9 :  0.9930 0.0070 
1325     1325   (0)      9 :  0.9930 0.0070 
1326     1326   (0)      9 :  0.9940 0.0060 
1327     1327   (0)      9 :  0.9900 0.0100 
1328     1328   (0)      9 :  0.9930 0.0070 
1329     1329   (0)      9 :  0.9290 0.0710 
1330     1330   (0)      9 :  0.9930 0.0070 
1331     1331   (0)      9 :  0.9890 0.0110 
1332     1332   (0)      9 :  0.9920 0.0080 
1333     1333   (0)      9 :  0.9930 0.0070 
1334     1334   (0)      9 :  0.9882 0.0118 
1335     1335   (0)      9 :  0.9940 0.0060 
1336     1336   (0)      9 :  0.9950 0.0050 
1337     1337   (0)      9 :  0.9910 0.0090 
1338     1338   (0)      9 :  0.9920 0.0080 
1339     1339   (0)      9 :  0.9950 0.0050 
1340     1340   (0)      9 :  0.9930 0.0070 
1341     1341   (0)      9 :  0.9930 0.0070 
1342     1342   (0)      9 :  0.9940 0.0060 
1343     1343   (0)      9 :  0.9940 0.0060 
1344     1344   (0)      9 :  0.9940 0.0060 
1345     1345   (0)      9 :  0.9780 0.0220 
1346     1346   (0)      9 :  0.9950 0.0050 
1347     1347   (0)      9 :  0.9950 0.0050 
1348     1348   (0)      9 :  0.9890 0.0110 
1349     1349   (0)      9 :  0.9930 0.0070 
1350     1350   (0)      9 :  0.9942 0.0058 
1351     1351   (0)      9 :  0.9900 0.0100 
1352     1352   (0)      9 :  0.9850 0.0150 
1353     1353   (0)      9 :  0.9930 0.0070 
1354     1354   (0)      9 :  0.9850 0.0150 
1355     1355   (0)      9 :  0.9920 0.0080 
1356     1356   (0)      9 :  0.9930 0.0070 
1357     1357   (0)      9 :  0.9940 0.0060 
1358     1358   (0)      9 :  0.9930 0.0070 
1359     1359   (0)      9 :  0.9950 0.0050 
1360     1360   (0)      9 :  0.9940 0.0060 
1361     1361   (0)      9 :  0.9940 0.0060 
1362     1362   (0)      9 :  0.9880 0.0120 
1363     1363   (0)      9 :  0.9950 0.0050 
1364     1364   (0)      9 :  0.9940 0.0060 
1365     1365   (0)      9 :  0.9950 0.0050 
1366     1366   (0)      9 :  0.9928 0.0072 
1367     1367   (0)      9 :  0.9950 0.0050 
1368     1368   (0)      9 :  0.9920 0.0080 
1369     1369   (0)      9 :  0.9930 0.0070 
1370     1370   (0)      9 :  0.9930 0.0070 
1371     1371   (0)      9 :  0.9930 0.0070 
1372     1372   (0)      9 :  0.9820 0.0180 
1373     1373   (0)      9 :  0.9950 0.0050 
1374     1374   (0)      9 :  0.9940 0.0060 
1375     1375   (0)      9 :  0.9920 0.0080 
1376     1376   (0)      9 :  0.9940 0.0060 
1377     1377   (0)      9 :  0.9940 0.0060 
1378     1378   (0)      9 :  0.9750 0.0250 
1379     1379   (0)      9 :  0.9920 0.0080 
1380     1380   (0)      9 :  0.9940 0.0060 
1381     1381   (0)      9 :  0.9950 0.0050 
1382     1382   (0)      9 :  0.9930 0.0070 
1383     1383   (0)      9 :  0.9910 0.0090 
1384     1384   (0)      9 :  0.9940 0.0060 
1385     1385   (0)      9 :  0.9920 0.0080 
1386     1386   (0)      9 :  0.9880 0.0120 
1387     1387   (0)      9 :  0.9930 0.0070 
1388     1388   (0)      9 :  0.9922 0.0078 
1389     1389   (0)      9 :  0.9940 0.0060 
1390     1390   (0)      9 :  0.9810 0.0190 
1391     1391   (0)      9 :  0.9940 0.0060 
1392     1392   (0)      9 :  0.9880 0.0120 
1393     1393   (0)      9 :  0.9950 0.0050 
1394     1394   (0)      9 :  0.9920 0.0080 
1395     1395   (0)      9 :  0.9928 0.0072 
1396     1396   (0)      9 :  0.9940 0.0060 
1397     1397   (0)      9 :  0.9910 0.0090 
1398     1398   (0)      9 :  0.9920 0.0080 
1399     1399   (0)      9 :  0.9930 0.0070 
1400     1400   (0)      9 :  0.9940 0.0060 
1401     1401   (0)      9 :  0.9930 0.0070 
1402     1402   (0)      9 :  0.9786 0.0214 
1403     1403   (0)      9 :  0.9940 0.0060 
1404     1404   (0)      9 :  0.9950 0.0050 
1405     1405   (0)      9 :  0.9930 0.0070 
1406     1406   (0)      9 :  0.9820 0.0180 
1407     1407   (0)      9 :  0.9930 0.0070 
1408     1408   (0)      9 :  0.9930 0.0070 
1409     1409   (0)      9 :  0.9940 0.0060 
1410     1410   (0)      9 :  0.9910 0.0090 
1411     1411   (0)      9 :  0.9940 0.0060 
1412     1412   (0)      9 :  0.9940 0.0060 
1413     1413   (0)      9 :  0.9920 0.0080 
1414     1414   (0)      9 :  0.9830 0.0170 
1415     1415   (0)      9 :  0.9870 0.0130 
1416     1416   (0)      9 :  0.9920 0.0080 
1417     1417   (0)      9 :  0.9812 0.0188 
1418     1418   (0)      9 :  0.9910 0.0090 
1419     1419   (0)      9 :  0.9940 0.0060 
1420     1420   (0)      9 :  0.9950 0.0050 
1421     1421   (0)      9 :  0.9940 0.0060 
1422     1422   (0)      9 :  0.9950 0.0050 
1423     1423   (0)      9 :  0.9950 0.0050 
1424     1424   (0)      9 :  0.9930 0.0070 
1425     1425   (0)      9 :  0.9930 0.0070 
1426     1426   (0)      9 :  0.9940 0.0060 
1427     1427   (0)      9 :  0.9930 0.0070 
1428     1428   (0)      9 :  0.9870 0.0130 
1429     1429   (0)      9 :  0.9910 0.0090 
1430     1430   (0)      9 :  0.9950 0.0050 
1431     1431   (0)      9 :  0.9930 0.0070 
1432     1432   (0)      9 :  0.9940 0.0060 
1433     1433   (0)      9 :  0.9880 0.0120 
1434     1434   (0)      9 :  0.9920 0.0080 
1435     1435   (0)      9 :  0.9940 0.0060 
1436     1436   (0)      9 :  0.9930 0.0070 
1437     1437   (0)      9 :  0.9950 0.0050 
1438     1438   (0)      9 :  0.9930 0.0070 
1439     1439   (0)      9 :  0.9940 0.0060 
1440     1440   (0)      9 :  0.9940 0.0060 
1441     1441   (0)      9 :  0.9950 0.0050 
1442     1442   (0)      9 :  0.9930 0.0070 
1443     1443   (0)      9 :  0.9910 0.0090 
1444     1444   (0)      9 :  0.9920 0.0080 
1445     1445   (0)      9 :  0.9920 0.0080 
1446     1446   (0)      9 :  0.9798 0.0202 
1447     1447   (0)      9 :  0.9930 0.0070 
1448     1448   (0)      9 :  0.9920 0.0080 
1449     1449   (0)      9 :  0.9940 0.0060 
1450     1450   (0)      9 :  0.9780 0.0220 
1451     1451   (0)      9 :  0.9910 0.0090 
1452     1452   (0)      9 :  0.9950 0.0050 
1453     1453   (0)      9 :  0.9940 0.0060 
1454     1454   (0)      9 :  0.9790 0.0210 
1455     1455   (0)      9 :  0.9940 0.0060 
1456     1456   (0)      9 :  0.9920 0.0080 
1457     1457   (0)      9 :  0.9940 0.0060 
1458     1458   (0)      9 :  0.9930 0.0070 
1459     1459   (0)      9 :  0.9930 0.0070 
1460     1460   (0)      9 :  0.9950 0.0050 
1461     1461   (0)      9 :  0.9930 0.0070 
1462     1462   (0)      9 :  0.9900 0.0100 
1463     1463   (0)      9 :  0.9950 0.0050 
1464     1464   (0)      9 :  0.9940 0.0060 
1465     1465   (0)      9 :  0.9930 0.0070 
1466     1466   (0)      9 :  0.9884 0.0116 
1467     1467   (0)      9 :  0.9940 0.0060 
1468     1468   (0)      9 :  0.9920 0.0080 
1469     1469   (0)      9 :  0.9920 0.0080 
1470     1470   (0)      9 :  0.9890 0.0110 
1471     1471   (0)      9 :  0.9910 0.0090 
1472     1472   (0)      9 :  0.9940 0.0060 
1473     1473   (0)      9 :  0.9940 0.0060 
1474     1474   (0)      9 :  0.9930 0.0070 
1475     1475   (0)      9 :  0.9900 0.0100 
1476     1476   (0)      9 :  0.9950 0.0050 
1477     1477   (0)      9 :  0.9930 0.0070 
1478     1478   (0)      9 :  0.9930 0.0070 
1479     1479   (0)      9 :  0.9890 0.0110 
1480     1480   (0)      9 :  0.9940 0.0060 
1481     1481   (0)      9 :  0.9920 0.0080 
1482     1482   (0)      9 :  0.9920 0.0080 
1483     1483   (0)      9 :  0.9940 0.0060 
1484     1484   (0)      9 :  0.9930 0.0070 
1485     1485   (0)      9 :  0.9930 0.0070 
1486     1486   (0)      9 :  0.9940 0.0060 
1487     1487   (0)      9 :  0.9950 0.0050 
1488     1488   (0)      9 :  0.9930 0.0070 
1489     1489   (0)      9 :  0.9930 0.0070 
1490     1490   (0)      9 :  0.9930 0.0070 
1491     1491   (0)      9 :  0.9930 0.0070 
1492     1492   (0)      9 :  0.9930 0.0070 
1493     1493   (0)      9 :  0.9900 0.0100 
1494     1494   (0)      9 :  0.9800 0.0200 
1495     1495   (0)      9 :  0.9930 0.0070 
1496     1496   (0)      9 :  0.9940 0.0060 
1497     1497   (0)      9 :  0.9930 0.0070 
1498     1498   (0)      9 :  0.9910 0.0090 
1499     1499   (0)      9 :  0.9940 0.0060 
1500     1500   (0)      9 :  0.9920 0.0080 
