1        1   (5)      1  : 0.9840 0.0050 0.0040 0.0070
2        2   (5)      1  : 0.9720 0.0090 0.0090 0.0100
3        3   (5)      1  : 0.9900 0.0030 0.0030 0.0040
4        4   (0)      1  : 0.9910 0.0030 0.0020 0.0040
5        5   (0)      1  : 0.9210 0.0240 0.0110 0.0440
6        6   (0)      1  : 0.9870 0.0040 0.0030 0.0060
7        7   (0)      1  : 0.9050 0.0110 0.0810 0.0030
8        8   (5)      1  : 0.9920 0.0030 0.0020 0.0030
9        9   (0)      1  : 0.9940 0.0020 0.0020 0.0020
10       10   (0)      1  : 0.9740 0.0070 0.0150 0.0040
11       11   (0)      1  : 0.9870 0.0040 0.0060 0.0030
12       12   (0)      1  : 0.9840 0.0060 0.0070 0.0030
13       13   (0)      1  : 0.9910 0.0040 0.0030 0.0020
14       14   (0)      1  : 0.9880 0.0040 0.0040 0.0040
15       15   (0)      1  : 0.9880 0.0060 0.0030 0.0030
16       16   (0)      1  : 0.9910 0.0030 0.0020 0.0040
17       17   (0)      1  : 0.9940 0.0020 0.0020 0.0020
18       18   (0)      1  : 0.9760 0.0120 0.0060 0.0060
19       19   (0)      1  : 0.9870 0.0030 0.0020 0.0080
20       20   (0)      1  : 0.9630 0.0140 0.0160 0.0070
21       21   (0)      1  : 0.9940 0.0020 0.0020 0.0020
22       22   (0)      1  : 0.9920 0.0020 0.0020 0.0040
23       23   (0)      1  : 0.9890 0.0020 0.0020 0.0070
24       24   (0)      1  : 0.9820 0.0040 0.0020 0.0120
25       25   (0)      1  : 0.9750 0.0060 0.0160 0.0030
26       26   (0)      1  : 0.9910 0.0030 0.0030 0.0030
27       27   (5)      1  : 0.9630 0.0130 0.0140 0.0100
28       28   (0)      1  : 0.9840 0.0070 0.0040 0.0050
29       29   (0)      1  : 0.9910 0.0030 0.0020 0.0040
30       30   (0)      1  : 0.9660 0.0070 0.0110 0.0160
31       31   (0)      1  : 0.9890 0.0030 0.0030 0.0050
32       32   (0)      1  : 0.9480 0.0440 0.0040 0.0040
33       33   (0)      1  : 0.9920 0.0030 0.0020 0.0030
34       34   (0)      1  : 0.9880 0.0020 0.0020 0.0080
35       35   (0)      1  : 0.9460 0.0090 0.0060 0.0390
36       36   (0)      1  : 0.9760 0.0160 0.0030 0.0050
37       37   (0)      1  : 0.9820 0.0060 0.0080 0.0040
38       38   (0)      1  : 0.9890 0.0040 0.0040 0.0030
39       39   (0)      1  : 0.9780 0.0100 0.0080 0.0040
40       40   (0)      1  : 0.9870 0.0040 0.0030 0.0060
41       41   (0)      1  : 0.9900 0.0040 0.0030 0.0030
42       42   (0)      1  : 0.9930 0.0020 0.0020 0.0030
43       43   (0)      1  : 0.9900 0.0030 0.0040 0.0030
44       44   (0)      1  : 0.9940 0.0020 0.0020 0.0020
45       45   (5)      1  : 0.9840 0.0070 0.0060 0.0030
46       46   (0)      1  : 0.9920 0.0020 0.0020 0.0040
47       47   (0)      1  : 0.9860 0.0050 0.0050 0.0040
48       48   (0)      1  : 0.9850 0.0040 0.0050 0.0060
49       49   (0)      1  : 0.9870 0.0060 0.0050 0.0020
50       50   (0)      1  : 0.9900 0.0030 0.0040 0.0030
51       51   (0)      1  : 0.9890 0.0030 0.0050 0.0030
52       52   (0)      1  : 0.9700 0.0090 0.0130 0.0080
53       53   (0)      1  : 0.9600 0.0030 0.0070 0.0300
54       54   (0)      1  : 0.9870 0.0040 0.0050 0.0040
55       55   (0)      1  : 0.9890 0.0030 0.0050 0.0030
56       56   (0)      1  : 0.9910 0.0030 0.0030 0.0030
57       57  (10)      1  : 0.9870 0.0070 0.0030 0.0030
58       58   (5)      1  : 0.9850 0.0060 0.0050 0.0040
59       59   (0)      1  : 0.9850 0.0030 0.0040 0.0080
60       60   (0)      1  : 0.9920 0.0030 0.0030 0.0020
61       61   (0)      1  : 0.9880 0.0030 0.0040 0.0050
62       62   (0)      1  : 0.9800 0.0050 0.0060 0.0090
63       63   (0)      1  : 0.9850 0.0050 0.0060 0.0040
64       64   (0)      1  : 0.9880 0.0030 0.0040 0.0050
65       65   (0)      1  : 0.9610 0.0270 0.0090 0.0030
66       66   (0)      1  : 0.9850 0.0080 0.0020 0.0050
67       67   (5)      1  : 0.9790 0.0080 0.0040 0.0090
68       68   (0)      1  : 0.9740 0.0050 0.0110 0.0100
69       69   (0)      1  : 0.9860 0.0030 0.0090 0.0020
70       70   (0)      1  : 0.9860 0.0060 0.0050 0.0030
71       71   (5)      1  : 0.9800 0.0080 0.0050 0.0070
72       72   (0)      1  : 0.9870 0.0050 0.0050 0.0030
73       73   (5)      1  : 0.9870 0.0030 0.0030 0.0070
74       74  (10)      1  : 0.9830 0.0060 0.0060 0.0050
75       75  (10)      1  : 0.9860 0.0040 0.0040 0.0060
76       76   (0)      1  : 0.9379 0.0060 0.0020 0.0541
77       77  (10)      1  : 0.9810 0.0030 0.0030 0.0130
78       78   (0)      1  : 0.8910 0.0060 0.0040 0.0990
79       79   (5)      1  : 0.9840 0.0040 0.0050 0.0070
80       80   (0)      1  : 0.9940 0.0020 0.0020 0.0020
81       81   (0)      1  : 0.9930 0.0020 0.0020 0.0030
82       82   (0)      1  : 0.9940 0.0020 0.0020 0.0020
83       83   (0)      1  : 0.9750 0.0050 0.0050 0.0150
84       84   (0)      1  : 0.9830 0.0070 0.0070 0.0030
85       85   (0)      1  : 0.9930 0.0020 0.0030 0.0020
86       86   (5)      1  : 0.9920 0.0020 0.0030 0.0030
87       87   (0)      1  : 0.9910 0.0040 0.0030 0.0020
88       88   (0)      1  : 0.8530 0.0220 0.0060 0.1190
89       89   (0)      1  : 0.9810 0.0100 0.0030 0.0060
90       90   (0)      1  : 0.9800 0.0100 0.0050 0.0050
91       91   (0)      1  : 0.9860 0.0040 0.0040 0.0060
92       92   (0)      1  : 0.9750 0.0120 0.0080 0.0050
93       93   (0)      1  : 0.9930 0.0020 0.0020 0.0030
94       94   (5)      1  : 0.9720 0.0060 0.0030 0.0190
95       95   (0)      1  : 0.9900 0.0030 0.0030 0.0040
96       96   (5)      1  : 0.9920 0.0020 0.0030 0.0030
97       97   (0)      1  : 0.9850 0.0040 0.0070 0.0040
98       98   (0)      1  : 0.9880 0.0040 0.0040 0.0040
99       99   (5)      1  : 0.9900 0.0040 0.0030 0.0030
100      100   (5)      1  : 0.9940 0.0020 0.0020 0.0020
101      101   (5)      2  : 0.6104 0.0060 0.3796 0.0040
102      102   (0)      2  : 0.3830 0.0340 0.4730 0.1100
103      103   (0)      2  : 0.5455 0.0080 0.3453 0.1011
104      104   (5)      2  : 0.5020 0.0060 0.3470 0.1450
105      105   (5)      2  : 0.4615 0.0130 0.4895 0.0360
106      106   (0)      2  : 0.3850 0.0090 0.4960 0.1100
107      107   (0)      3  : 0.0110 0.0080 0.7000 0.2810
108      108   (0)      3  : 0.0230 0.0070 0.3880 0.5820
109      109  (10)      4  : 0.0030 0.0150 0.6790 0.3030
110      110   (5)      4  : 0.0060 0.0250 0.9290 0.0400
111      111   (5)      4  : 0.0040 0.0070 0.0130 0.9760
112      112   (5)      4  : 0.0030 0.0280 0.9650 0.0040
113      113  (10)      4  : 0.0020 0.0080 0.0290 0.9610
114      114   (5)      4  : 0.0030 0.0070 0.0050 0.9850
115      115  (10)      4  : 0.0030 0.0170 0.2130 0.7670
116      116   (0)      4  : 0.0150 0.1279 0.8442 0.0130
117      117   (0)      4  : 0.0160 0.0080 0.8410 0.1350
118      118   (0)      4  : 0.0030 0.0080 0.9860 0.0030
119      119   (0)      4  : 0.0240 0.1800 0.7840 0.0120
120      120   (0)      4  : 0.1350 0.0090 0.8120 0.0440
121      121   (0)      4  : 0.0180 0.0090 0.8760 0.0970
122      122   (0)      4  : 0.0030 0.0110 0.2540 0.7320
123      123   (0)      4  : 0.0030 0.0060 0.4855 0.5055
124      124   (0)      4  : 0.0030 0.0250 0.2663 0.7057
125      125   (0)      4  : 0.0040 0.0140 0.4340 0.5480
126      126   (0)      4  : 0.0080 0.0130 0.0709 0.9081
127      127   (0)      4  : 0.0060 0.0110 0.9780 0.0050
128      128   (5)      4  : 0.0190 0.0080 0.9700 0.0030
129      129   (0)      4  : 0.0040 0.0040 0.5640 0.4280
130      130   (0)      4  : 0.0400 0.0180 0.4700 0.4720
131      131   (5)      4  : 0.0360 0.1630 0.6110 0.1900
132      132   (5)      4  : 0.0110 0.0080 0.9780 0.0030
133      133   (0)      4  : 0.1460 0.0450 0.6820 0.1270
134      134   (0)      4  : 0.0820 0.0200 0.8940 0.0040
135      135   (0)      4  : 0.0250 0.1339 0.7642 0.0769
136      136   (0)      4  : 0.0040 0.0070 0.9840 0.0050
137      137   (0)      4  : 0.0020 0.0050 0.9890 0.0040
138      138   (0)      4  : 0.0040 0.0070 0.9780 0.0110
139      139   (0)      4  : 0.0020 0.0040 0.9920 0.0020
140      140   (0)      4  : 0.0100 0.0240 0.9610 0.0050
141      141   (0)      4  : 0.0370 0.0070 0.6530 0.3030
142      142   (0)      4  : 0.0030 0.0070 0.3200 0.6700
143      143   (0)      4  : 0.0220 0.0050 0.9650 0.0080
144      144   (0)      4  : 0.0680 0.0040 0.8110 0.1170
145      145   (0)      4  : 0.0460 0.0050 0.0180 0.9310
146      146   (0)      4  : 0.0030 0.0040 0.9890 0.0040
147      147   (0)      4  : 0.0340 0.0060 0.6623 0.2977
148      148   (0)      4  : 0.0140 0.0090 0.5520 0.4250
149      149   (0)      4  : 0.0040 0.0330 0.7968 0.1662
150      150   (0)      4  : 0.0030 0.0410 0.5660 0.3900
151      151  (10)      5  : 0.0030 0.0160 0.9740 0.0070
152      152   (0)      5  : 0.0040 0.0060 0.6960 0.2940
153      153   (0)      5  : 0.0510 0.0080 0.9370 0.0040
154      154   (0)      5  : 0.0030 0.0050 0.9880 0.0040
155      155   (0)      5  : 0.0040 0.0080 0.6513 0.3367
156      156   (5)      5  : 0.0030 0.0200 0.4520 0.5250
157      157   (0)      5  : 0.0030 0.0150 0.9780 0.0040
158      158   (0)      5  : 0.0040 0.0040 0.9880 0.0040
159      159   (0)      5  : 0.0020 0.0100 0.9820 0.0060
160      160   (0)      5  : 0.0450 0.0740 0.8230 0.0580
161      161   (0)      5  : 0.0040 0.2700 0.7170 0.0090
162      162   (0)      5  : 0.0020 0.0040 0.9910 0.0030
163      163   (0)      5  : 0.0020 0.0380 0.9570 0.0030
164      164   (0)      5  : 0.0040 0.0060 0.9750 0.0150
165      165   (5)      5  : 0.0020 0.0050 0.9910 0.0020
166      166   (0)      5  : 0.0040 0.0060 0.9870 0.0030
167      167   (0)      5  : 0.0050 0.0060 0.9850 0.0040
168      168   (0)      5  : 0.0020 0.0040 0.9910 0.0030
169      169   (0)      5  : 0.0030 0.0050 0.9800 0.0120
170      170   (0)      5  : 0.0020 0.0020 0.9940 0.0020
171      171   (0)      5  : 0.0020 0.0050 0.9880 0.0050
172      172   (5)      5  : 0.0030 0.0080 0.9840 0.0050
173      173   (5)      5  : 0.0060 0.0160 0.9720 0.0060
174      174   (5)      5  : 0.0100 0.0630 0.9060 0.0210
175      175   (0)      5  : 0.0080 0.0050 0.9730 0.0140
176      176   (0)      5  : 0.0020 0.0340 0.9610 0.0030
177      177   (0)      5  : 0.0020 0.0120 0.9780 0.0080
178      178   (0)      5  : 0.0070 0.0040 0.9770 0.0120
179      179   (0)      5  : 0.0020 0.0030 0.9900 0.0050
180      180   (0)      5  : 0.0040 0.0040 0.9880 0.0040
181      181   (0)      5  : 0.0050 0.0060 0.9850 0.0040
182      182   (0)      5  : 0.0020 0.0060 0.9890 0.0030
183      183   (0)      5  : 0.0020 0.0040 0.9870 0.0070
184      184   (0)      5  : 0.0060 0.0270 0.9580 0.0090
185      185   (0)      5  : 0.0050 0.0180 0.9040 0.0730
186      186   (0)      5  : 0.0030 0.0030 0.9910 0.0030
187      187   (5)      5  : 0.0050 0.0140 0.9640 0.0170
188      188   (0)      5  : 0.0060 0.0040 0.9830 0.0070
189      189   (0)      5  : 0.0020 0.0080 0.9850 0.0050
190      190   (0)      5  : 0.0040 0.0060 0.9870 0.0030
191      191   (0)      5  : 0.0030 0.0060 0.9860 0.0050
192      192   (0)      5  : 0.0030 0.0050 0.9890 0.0030
193      193   (5)      5  : 0.0020 0.0030 0.9920 0.0030
194      194   (5)      5  : 0.0040 0.0050 0.9800 0.0110
195      195   (5)      5  : 0.0030 0.0050 0.9850 0.0070
196      196   (5)      5  : 0.0040 0.0040 0.9880 0.0040
197      197   (5)      5  : 0.0040 0.0060 0.9870 0.0030
198      198   (5)      5  : 0.0070 0.0040 0.9840 0.0050
199      199   (0)      5  : 0.0050 0.1100 0.8720 0.0130
200      200   (5)      5  : 0.0020 0.0040 0.9900 0.0040
201      201   (0)      5  : 0.0030 0.9309 0.0290 0.0370
202      202   (0)      5  : 0.0090 0.8070 0.1680 0.0160
203      203   (0)      5  : 0.0020 0.0090 0.9850 0.0040
204      204   (0)      5  : 0.0020 0.0040 0.9910 0.0030
205      205   (0)      5  : 0.0040 0.0130 0.9660 0.0170
206      206   (0)      5  : 0.0020 0.0110 0.9830 0.0040
207      207   (0)      5  : 0.0020 0.0060 0.9890 0.0030
208      208   (0)      5  : 0.0040 0.0240 0.9670 0.0050
209      209   (0)      5  : 0.0020 0.0320 0.9620 0.0040
210      210   (0)      5  : 0.0030 0.0090 0.9840 0.0040
211      211   (0)      5  : 0.0030 0.0300 0.6434 0.3237
212      212   (0)      5  : 0.0030 0.0030 0.0030 0.9910
213      213   (0)      5  : 0.0020 0.0060 0.9890 0.0030
214      214   (0)      5  : 0.0020 0.0110 0.9820 0.0050
215      215   (0)      5  : 0.0030 0.0160 0.9770 0.0040
216      216   (0)      5  : 0.0040 0.0220 0.8521 0.1219
217      217   (0)      5  : 0.0030 0.0050 0.9860 0.0060
218      218   (0)      5  : 0.0080 0.0140 0.8790 0.0990
219      219   (0)      5  : 0.0040 0.0160 0.9600 0.0200
220      220   (0)      5  : 0.0030 0.0120 0.8640 0.1210
221      221   (0)      5  : 0.0020 0.0030 0.9910 0.0040
222      222   (0)      5  : 0.0020 0.0030 0.9920 0.0030
223      223   (0)      5  : 0.0050 0.0110 0.9790 0.0050
224      224   (0)      5  : 0.0040 0.0100 0.8809 0.1051
225      225   (0)      5  : 0.0030 0.0080 0.9830 0.0060
226      226   (0)      5  : 0.0020 0.0400 0.9520 0.0060
227      227   (0)      5  : 0.0030 0.0160 0.9750 0.0060
228      228   (0)      5  : 0.0030 0.0050 0.9880 0.0040
229      229   (0)      5  : 0.0040 0.0070 0.9840 0.0050
230      230   (0)      5  : 0.0040 0.0260 0.9620 0.0080
231      231   (0)      5  : 0.0030 0.6026 0.3884 0.0060
232      232   (0)      5  : 0.0030 0.0040 0.9870 0.0060
233      233   (0)      5  : 0.0030 0.0040 0.9860 0.0070
234      234   (0)      5  : 0.0030 0.0040 0.9880 0.0050
235      235   (0)      5  : 0.0020 0.0030 0.9900 0.0050
236      236   (0)      5  : 0.0040 0.0040 0.9800 0.0120
237      237   (0)      5  : 0.0020 0.0030 0.9890 0.0060
238      238   (0)      5  : 0.0020 0.0160 0.9790 0.0030
239      239   (0)      5  : 0.0020 0.0200 0.9750 0.0030
240      240   (0)      5  : 0.0020 0.0060 0.9870 0.0050
241      241   (0)      5  : 0.0030 0.0130 0.9780 0.0060
242      242   (0)      5  : 0.0050 0.0040 0.9840 0.0070
243      243  (10)      5  : 0.0050 0.5250 0.4570 0.0130
244      244   (0)      5  : 0.0030 0.0040 0.9890 0.0040
245      245   (0)      5  : 0.0020 0.0040 0.9880 0.0060
246      246   (0)      5  : 0.0040 0.0150 0.9320 0.0490
247      247   (0)      5  : 0.0040 0.0060 0.9830 0.0070
248      248   (0)      5  : 0.0070 0.0100 0.9510 0.0320
249      249   (0)      5  : 0.0020 0.0040 0.9880 0.0060
250      250   (0)      5  : 0.0030 0.0280 0.9600 0.0090
251      251   (0)      5  : 0.0020 0.0020 0.9940 0.0020
252      252   (0)      5  : 0.0010 0.0030 0.9940 0.0020
253      253   (0)      5  : 0.0060 0.0110 0.9780 0.0050
254      254   (0)      5  : 0.0020 0.0030 0.9920 0.0030
255      255   (0)      5  : 0.0020 0.0030 0.9930 0.0020
256      256   (0)      6  : 0.0440 0.0270 0.9230 0.0060
257      257  (10)      6  : 0.0110 0.0140 0.9710 0.0040
258      258  (10)      6  : 0.0050 0.0160 0.8480 0.1310
259      259   (5)      6  : 0.0020 0.0030 0.9920 0.0030
260      260   (5)      6  : 0.0030 0.0050 0.9890 0.0030
261      261   (0)      6  : 0.0020 0.0070 0.9850 0.0060
262      262   (5)      6  : 0.0030 0.0040 0.9880 0.0050
263      263   (5)      6  : 0.0030 0.0060 0.9880 0.0030
264      264   (0)      6  : 0.0020 0.0030 0.9930 0.0020
265      265   (0)      6  : 0.0020 0.0050 0.9900 0.0030
266      266   (0)      6  : 0.0020 0.0050 0.9900 0.0030
267      267   (0)      6  : 0.0020 0.2372 0.7538 0.0070
268      268   (0)      6  : 0.0020 0.0050 0.9880 0.0050
269      269   (5)      6  : 0.0020 0.0060 0.9880 0.0040
270      270   (5)      6  : 0.0120 0.0060 0.9730 0.0090
271      271  (10)      6  : 0.0040 0.0561 0.9359 0.0040
272      272   (0)      6  : 0.0020 0.0100 0.9830 0.0050
273      273   (5)      6  : 0.0120 0.0760 0.9040 0.0080
274      274   (5)      6  : 0.0030 0.0060 0.9830 0.0080
275      275   (0)      6  : 0.0020 0.0070 0.9850 0.0060
276      276   (5)      6  : 0.0020 0.0210 0.9730 0.0040
277      277   (0)      6  : 0.0130 0.0080 0.9340 0.0450
278      278   (5)      6  : 0.0020 0.0030 0.9900 0.0050
279      279   (0)      6  : 0.0020 0.0060 0.9890 0.0030
280      280   (0)      6  : 0.0030 0.0030 0.9910 0.0030
281      281   (0)      6  : 0.0060 0.0050 0.9830 0.0060
282      282   (0)      6  : 0.0020 0.0080 0.9870 0.0030
283      283   (0)      6  : 0.0030 0.0210 0.9680 0.0080
284      284   (0)      6  : 0.0040 0.0050 0.9870 0.0040
285      285   (0)      6  : 0.0070 0.0040 0.9850 0.0040
286      286   (0)      6  : 0.0050 0.0040 0.9860 0.0050
287      287   (0)      6  : 0.0080 0.0130 0.9730 0.0060
288      288   (0)      6  : 0.0020 0.0030 0.9920 0.0030
289      289   (0)      6  : 0.0050 0.0120 0.9770 0.0060
290      290   (0)      6  : 0.0060 0.0090 0.9790 0.0060
291      291   (0)      6  : 0.0020 0.0050 0.9900 0.0030
292      292   (0)      6  : 0.0050 0.0070 0.9850 0.0030
293      293   (0)      6  : 0.0020 0.0040 0.9910 0.0030
294      294   (5)      6  : 0.0030 0.0080 0.9850 0.0040
295      295   (5)      6  : 0.0030 0.0050 0.9870 0.0050
296      296   (0)      6  : 0.0030 0.0040 0.9870 0.0060
297      297  (15)      6  : 0.0060 0.0080 0.9780 0.0080
298      298  (10)      6  : 0.0020 0.0040 0.9910 0.0030
299      299  (10)      6  : 0.0020 0.0070 0.9860 0.0050
300      300  (10)      6  : 0.0040 0.0160 0.9720 0.0080
301      301   (5)      6  : 0.0030 0.0080 0.9780 0.0110
302      302   (5)      6  : 0.0020 0.1060 0.8880 0.0040
303      303   (5)      6  : 0.0030 0.0060 0.9840 0.0070
304      304   (5)      6  : 0.0020 0.0060 0.9880 0.0040
305      305   (5)      6  : 0.0050 0.0200 0.9441 0.0310
306      306   (5)      6  : 0.0030 0.0280 0.9620 0.0070
307      307  (15)      6  : 0.0140 0.1220 0.8520 0.0120
308      308   (5)      6  : 0.0190 0.0420 0.9350 0.0040
309      309   (5)      6  : 0.0020 0.0090 0.9860 0.0030
310      310  (15)      6  : 0.0040 0.0480 0.9420 0.0060
311      311   (5)      6  : 0.0200 0.0559 0.9101 0.0140
312      312   (5)      6  : 0.0240 0.0170 0.5840 0.3750
313      313   (5)      6  : 0.0030 0.0160 0.9690 0.0120
314      314   (5)      6  : 0.0020 0.0050 0.9900 0.0030
315      315  (10)      6  : 0.0030 0.0060 0.9870 0.0040
316      316   (5)      6  : 0.0030 0.0130 0.9810 0.0030
317      317   (5)      6  : 0.0030 0.0050 0.9870 0.0050
318      318  (10)      6  : 0.0030 0.0570 0.9350 0.0050
319      319  (10)      6  : 0.0030 0.0060 0.9840 0.0070
320      320  (10)      6  : 0.0160 0.0100 0.9680 0.0060
321      321  (10)      6  : 0.0450 0.1031 0.8378 0.0140
322      322   (5)      6  : 0.0020 0.0110 0.9730 0.0140
323      323  (10)      6  : 0.0030 0.0090 0.5650 0.4230
324      324   (0)      6  : 0.0020 0.0030 0.9920 0.0030
325      325   (5)      6  : 0.0020 0.0030 0.9920 0.0030
326      326   (0)      6  : 0.0020 0.0070 0.9890 0.0020
327      327   (0)      6  : 0.0020 0.0030 0.9930 0.0020
328      328   (0)      6  : 0.0060 0.0150 0.9670 0.0120
329      329   (0)      6  : 0.0070 0.0030 0.9860 0.0040
330      330   (0)      6  : 0.0040 0.0280 0.9340 0.0340
331      331   (0)      6  : 0.0240 0.0070 0.9660 0.0030
332      332   (0)      6  : 0.0060 0.0440 0.9450 0.0050
333      333  (10)      6  : 0.0060 0.0040 0.9780 0.0120
334      334  (10)      6  : 0.0070 0.9690 0.0160 0.0080
335      335   (0)      6  : 0.0190 0.4130 0.5630 0.0050
336      336   (5)      6  : 0.0621 0.4114 0.5095 0.0170
337      337   (0)      6  : 0.0030 0.0611 0.6727 0.2633
338      338   (5)      6  : 0.0240 0.1050 0.8620 0.0090
339      339   (5)      6  : 0.0020 0.0120 0.9790 0.0070
340      340   (5)      6  : 0.0040 0.0050 0.9840 0.0070
341      341  (10)      6  : 0.0020 0.0060 0.9890 0.0030
342      342   (0)      6  : 0.0020 0.0060 0.9900 0.0020
343      343   (0)      6  : 0.0030 0.0050 0.9870 0.0050
344      344   (0)      6  : 0.0180 0.9399 0.0320 0.0100
345      345   (0)      6  : 0.0020 0.0050 0.9890 0.0040
346      346   (0)      6  : 0.0040 0.0370 0.9510 0.0080
347      347   (0)      6  : 0.0020 0.0040 0.9910 0.0030
348      348   (0)      6  : 0.0020 0.0060 0.9830 0.0090
349      349   (0)      6  : 0.0070 0.0810 0.8940 0.0180
350      350   (0)      6  : 0.0020 0.0150 0.9800 0.0030
351      351   (0)      6  : 0.0040 0.0350 0.9510 0.0100
352      352   (0)      6  : 0.0040 0.0110 0.9790 0.0060
353      353   (0)      6  : 0.0070 0.9220 0.0620 0.0090
354      354   (0)      6  : 0.0070 0.7030 0.1730 0.1170
355      355   (0)      6  : 0.0090 0.8540 0.0680 0.0690
356      356   (0)      6  : 0.0030 0.0110 0.9510 0.0350
357      357   (0)      6  : 0.0230 0.0330 0.9350 0.0090
358      358   (0)      6  : 0.0020 0.0050 0.9880 0.0050
359      359   (5)      6  : 0.0070 0.0210 0.9630 0.0090
360      360   (0)      6  : 0.0030 0.0460 0.9390 0.0120
361      361   (5)      6  : 0.2667 0.6733 0.0500 0.0100
362      362   (0)      6  : 0.0020 0.0060 0.9780 0.0140
363      363   (0)      6  : 0.0050 0.4795 0.5105 0.0050
364      364   (0)      6  : 0.0060 0.1020 0.8220 0.0700
365      365   (0)      6  : 0.0060 0.2540 0.7260 0.0140
366      366   (0)      6  : 0.0020 0.0060 0.9890 0.0030
367      367   (0)      6  : 0.0020 0.0030 0.9890 0.0060
368      368   (0)      6  : 0.0130 0.0559 0.9111 0.0200
369      369   (0)      6  : 0.0020 0.0100 0.9860 0.0020
370      370   (0)      6  : 0.0030 0.0100 0.9820 0.0050
371      371   (0)      6  : 0.0020 0.0070 0.9890 0.0020
372      372   (0)      6  : 0.0050 0.6930 0.2910 0.0110
373      373   (0)      6  : 0.0020 0.0040 0.9910 0.0030
374      374   (0)      6  : 0.0060 0.0110 0.9780 0.0050
375      375   (5)      6  : 0.0030 0.0830 0.9090 0.0050
376      376   (0)      6  : 0.0120 0.0420 0.9430 0.0030
377      377   (0)      6  : 0.0040 0.0390 0.9370 0.0200
378      378   (0)      6  : 0.0040 0.0040 0.9880 0.0040
379      379  (10)      6  : 0.0030 0.0210 0.9720 0.0040
380      380   (0)      6  : 0.0020 0.0050 0.9900 0.0030
381      381   (0)      6  : 0.0020 0.0070 0.9890 0.0020
382      382   (0)      6  : 0.0110 0.0160 0.9510 0.0220
383      383  (10)      6  : 0.0050 0.0250 0.9530 0.0170
384      384   (5)      6  : 0.0020 0.1562 0.8238 0.0180
385      385   (0)      6  : 0.0030 0.0080 0.9820 0.0070
386      386   (5)      6  : 0.0030 0.0040 0.9900 0.0030
387      387   (5)      6  : 0.0020 0.0030 0.9920 0.0030
388      388  (10)      6  : 0.0030 0.0090 0.9790 0.0090
389      389   (0)      6  : 0.0020 0.0050 0.9900 0.0030
390      390   (5)      6  : 0.0100 0.0050 0.9499 0.0350
391      391  (10)      6  : 0.0020 0.0100 0.9850 0.0030
392      392   (0)      6  : 0.0060 0.0060 0.9660 0.0220
393      393   (0)      6  : 0.0310 0.0410 0.9210 0.0070
394      394   (0)      6  : 0.0030 0.0090 0.7690 0.2190
395      395   (0)      6  : 0.0050 0.0170 0.7612 0.2168
396      396   (0)      6  : 0.0020 0.0030 0.9910 0.0040
397      397   (0)      6  : 0.0040 0.0030 0.9900 0.0030
398      398   (0)      6  : 0.0020 0.0040 0.9900 0.0040
399      399   (0)      6  : 0.0020 0.0030 0.9920 0.0030
400      400   (0)      6  : 0.0020 0.0040 0.9910 0.0030
401      401   (5)      6  : 0.0050 0.0160 0.9660 0.0130
402      402   (0)      6  : 0.0020 0.0040 0.9920 0.0020
403      403   (0)      6  : 0.0030 0.0050 0.9840 0.0080
404      404   (0)      6  : 0.0030 0.0050 0.9860 0.0060
405      405   (5)      6  : 0.0050 0.0230 0.9630 0.0090
406      406   (0)      6  : 0.0040 0.0070 0.9840 0.0050
407      407   (0)      6  : 0.0070 0.0780 0.8750 0.0400
408      408   (0)      6  : 0.0020 0.0030 0.9900 0.0050
409      409   (0)      6  : 0.0020 0.1301 0.8549 0.0130
410      410   (0)      6  : 0.0020 0.0040 0.9910 0.0030
411      411   (0)      6  : 0.0040 0.0040 0.9860 0.0060
412      412   (0)      6  : 0.0080 0.0120 0.9740 0.0060
413      413   (0)      6  : 0.0020 0.0040 0.9920 0.0020
414      414   (0)      6  : 0.0020 0.0050 0.9870 0.0060
415      415   (0)      6  : 0.0280 0.0470 0.9110 0.0140
416      416   (0)      6  : 0.0020 0.1080 0.8860 0.0040
417      417   (0)      6  : 0.0020 0.0030 0.9920 0.0030
418      418   (0)      6  : 0.0020 0.0080 0.9870 0.0030
419      419   (0)      6  : 0.0020 0.0040 0.9910 0.0030
420      420   (0)      6  : 0.0020 0.0060 0.9890 0.0030
421      421   (0)      6  : 0.0020 0.0030 0.9920 0.0030
422      422   (0)      6  : 0.0020 0.0040 0.9880 0.0060
423      423   (0)      6  : 0.0050 0.0060 0.9840 0.0050
424      424   (0)      6  : 0.0030 0.0040 0.9900 0.0030
425      425   (0)      6  : 0.0020 0.0030 0.9930 0.0020
426      426  (10)      6  : 0.0040 0.0110 0.9810 0.0040
427      427   (5)      6  : 0.0020 0.0490 0.8030 0.1460
428      428  (10)      6  : 0.0030 0.0080 0.9840 0.0050
429      429   (5)      6  : 0.1612 0.0480 0.7598 0.0310
430      430  (10)      6  : 0.0020 0.0060 0.9890 0.0030
431      431  (10)      6  : 0.0030 0.0090 0.9800 0.0080
432      432   (0)      6  : 0.0040 0.0050 0.9820 0.0090
433      433   (5)      6  : 0.0050 0.0070 0.9790 0.0090
434      434   (5)      6  : 0.0590 0.0300 0.8770 0.0340
435      435  (10)      6  : 0.0040 0.0050 0.9750 0.0160
436      436   (0)      6  : 0.0020 0.0050 0.9900 0.0030
437      437   (0)      6  : 0.0030 0.0040 0.9900 0.0030
438      438   (0)      6  : 0.0020 0.0030 0.9920 0.0030
439      439   (0)      6  : 0.0030 0.0030 0.9920 0.0020
440      440   (0)      6  : 0.0480 0.0511 0.8959 0.0050
441      441   (0)      6  : 0.0450 0.4795 0.4605 0.0150
442      442   (0)      6  : 0.0820 0.0070 0.9080 0.0030
443      443   (0)      6  : 0.0020 0.0060 0.9870 0.0050
444      444   (0)      6  : 0.0020 0.0050 0.9790 0.0140
445      445   (5)      6  : 0.0100 0.9021 0.0679 0.0200
446      446   (0)      6  : 0.0080 0.9400 0.0130 0.0390
447      447   (0)      6  : 0.0020 0.1540 0.8380 0.0060
448      448  (10)      6  : 0.0040 0.8150 0.1750 0.0060
449      449   (5)      6  : 0.0030 0.0340 0.9600 0.0030
450      450   (0)      6  : 0.0020 0.0100 0.9830 0.0050
451      451   (5)      6  : 0.0050 0.9780 0.0100 0.0070
452      452   (5)      6  : 0.0030 0.0070 0.9820 0.0080
453      453   (0)      6  : 0.0020 0.0060 0.9850 0.0070
454      454   (0)      6  : 0.0220 0.0060 0.9680 0.0040
455      455   (0)      6  : 0.0040 0.0100 0.9780 0.0080
456      456   (0)      6  : 0.0040 0.6720 0.3120 0.0120
457      457   (0)      6  : 0.0020 0.0440 0.9510 0.0030
458      458   (0)      6  : 0.0070 0.0170 0.9710 0.0050
459      459   (0)      6  : 0.0020 0.0040 0.9900 0.0040
460      460   (0)      6  : 0.0020 0.0030 0.9910 0.0040
461      461   (0)      6  : 0.0020 0.0050 0.9900 0.0030
462      462   (0)      6  : 0.0030 0.0050 0.9870 0.0050
463      463   (0)      6  : 0.0070 0.0050 0.9830 0.0050
464      464   (0)      6  : 0.0020 0.0030 0.9850 0.0100
465      465   (0)      6  : 0.0030 0.0070 0.9790 0.0110
466      466   (0)      6  : 0.0020 0.0040 0.9890 0.0050
467      467   (0)      6  : 0.0020 0.0030 0.9920 0.0030
468      468   (0)      6  : 0.0040 0.0040 0.9820 0.0100
469      469   (0)      6  : 0.0020 0.0030 0.9920 0.0030
470      470   (0)      6  : 0.0020 0.0030 0.9910 0.0040
471      471   (0)      6  : 0.0020 0.0030 0.9910 0.0040
472      472   (0)      6  : 0.0020 0.0030 0.9910 0.0040
473      473   (0)      6  : 0.0020 0.0030 0.9920 0.0030
474      474   (0)      6  : 0.0030 0.0970 0.8970 0.0030
475      475   (0)      6  : 0.0020 0.0140 0.9810 0.0030
476      476   (0)      6  : 0.0220 0.0070 0.9650 0.0060
477      477   (0)      6  : 0.0350 0.0270 0.9260 0.0120
478      478   (0)      6  : 0.0020 0.0040 0.9910 0.0030
479      479   (0)      6  : 0.0130 0.0250 0.9400 0.0220
480      480   (0)      6  : 0.0020 0.0060 0.9900 0.0020
481      481   (0)      6  : 0.0020 0.0060 0.9840 0.0080
482      482   (0)      6  : 0.0020 0.0120 0.9820 0.0040
483      483   (0)      6  : 0.0040 0.0270 0.9640 0.0050
484      484   (0)      6  : 0.0090 0.0280 0.9580 0.0050
485      485   (0)      6  : 0.0020 0.0080 0.9860 0.0040
486      486   (0)      6  : 0.0050 0.0100 0.9750 0.0100
487      487   (0)      6  : 0.0020 0.0030 0.9920 0.0030
488      488   (0)      6  : 0.0150 0.0480 0.9249 0.0120
489      489   (0)      6  : 0.0020 0.0030 0.9930 0.0020
490      490   (0)      6  : 0.0030 0.0060 0.9880 0.0030
491      491   (0)      6  : 0.0030 0.3130 0.6310 0.0530
492      492   (0)      6  : 0.0030 0.0050 0.9870 0.0050
493      493   (0)      6  : 0.0020 0.0050 0.9900 0.0030
494      494   (0)      6  : 0.0020 0.0721 0.9209 0.0050
495      495   (0)      6  : 0.0020 0.0040 0.9910 0.0030
496      496   (5)      7  : 0.0250 0.1628 0.7912 0.0210
497      497   (0)      7  : 0.0030 0.9230 0.0590 0.0150
498      498   (0)      7  : 0.0030 0.9740 0.0190 0.0040
499      499   (0)      7  : 0.0020 0.9870 0.0070 0.0040
500      500   (0)      7  : 0.0030 0.4945 0.4985 0.0040
501      501   (0)      7  : 0.1260 0.7170 0.1200 0.0370
502      502   (0)      7  : 0.0040 0.5666 0.3984 0.0310
503      503   (0)      7  : 0.0240 0.3230 0.6190 0.0340
504      504   (0)      7  : 0.0020 0.9710 0.0190 0.0080
505      505   (0)      7  : 0.0020 0.0030 0.9930 0.0020
506      506   (0)      7  : 0.0110 0.3000 0.6800 0.0090
507      507   (0)      7  : 0.0040 0.4280 0.5580 0.0100
508      508   (0)      7  : 0.0040 0.0160 0.9740 0.0060
509      509   (0)      7  : 0.0030 0.9411 0.0509 0.0050
510      510   (0)      7  : 0.0030 0.9310 0.0570 0.0090
511      511   (0)      7  : 0.0010 0.0030 0.9940 0.0020
512      512   (0)      7  : 0.0030 0.5980 0.3910 0.0080
513      513   (0)      7  : 0.0230 0.4550 0.5140 0.0080
514      514   (0)      7  : 0.0030 0.0110 0.9780 0.0080
515      515   (0)      7  : 0.0130 0.0350 0.7540 0.1980
516      516   (0)      7  : 0.0110 0.1241 0.8579 0.0070
517      517   (0)      7  : 0.0050 0.0510 0.7400 0.2040
518      518   (0)      7  : 0.0030 0.9620 0.0260 0.0090
519      519   (0)      7  : 0.0030 0.9700 0.0200 0.0070
520      520   (0)      7  : 0.0430 0.0100 0.9430 0.0040
521      521   (0)      7  : 0.0060 0.2903 0.6376 0.0661
522      522   (0)      7  : 0.0030 0.7990 0.1840 0.0140
523      523   (0)      7  : 0.0040 0.9850 0.0050 0.0060
524      524   (0)      7  : 0.0040 0.8819 0.1111 0.0030
525      525   (0)      7  : 0.0080 0.5250 0.4570 0.0100
526      526   (0)      7  : 0.0740 0.2400 0.6780 0.0080
527      527  (10)      7  : 0.0030 0.0040 0.9870 0.0060
528      528   (5)      7  : 0.0050 0.6390 0.3510 0.0050
529      529   (0)      7  : 0.0060 0.6200 0.0060 0.3680
530      530   (0)      7  : 0.0040 0.9720 0.0180 0.0060
531      531   (0)      7  : 0.0050 0.9790 0.0090 0.0070
532      532   (0)      7  : 0.0050 0.9670 0.0190 0.0090
533      533   (0)      7  : 0.0090 0.9530 0.0070 0.0310
534      534   (0)      7  : 0.0020 0.9710 0.0170 0.0100
535      535   (0)      7  : 0.0080 0.9660 0.0200 0.0060
536      536   (0)      7  : 0.0060 0.9700 0.0150 0.0090
537      537   (0)      7  : 0.0020 0.9830 0.0090 0.0060
538      538   (5)      7  : 0.0070 0.5010 0.3710 0.1210
539      539   (0)      7  : 0.0030 0.9580 0.0040 0.0350
540      540   (0)      7  : 0.0020 0.8112 0.1548 0.0320
541      541   (0)      7  : 0.0040 0.7130 0.1200 0.1630
542      542   (0)      7  : 0.0180 0.6637 0.2923 0.0260
543      543   (0)      7  : 0.0020 0.9229 0.0140 0.0611
544      544   (5)      7  : 0.0020 0.0110 0.1140 0.8730
545      545   (0)      7  : 0.0090 0.9510 0.0170 0.0230
546      546   (0)      7  : 0.0030 0.9860 0.0060 0.0050
547      547   (0)      7  : 0.0020 0.9830 0.0030 0.0120
548      548   (0)      7  : 0.0040 0.9750 0.0080 0.0130
549      549   (0)      7  : 0.0020 0.0120 0.9820 0.0040
550      550   (0)      7  : 0.0030 0.7190 0.2700 0.0080
551      551   (5)      7  : 0.0040 0.8560 0.1320 0.0080
552      552   (5)      7  : 0.0040 0.8870 0.0070 0.1020
553      553   (0)      7  : 0.0030 0.9670 0.0240 0.0060
554      554   (0)      7  : 0.0030 0.9030 0.0080 0.0860
555      555   (0)      7  : 0.0210 0.8610 0.0650 0.0530
556      556   (0)      7  : 0.0020 0.9690 0.0230 0.0060
557      557   (0)      7  : 0.0080 0.2010 0.7660 0.0250
558      558   (0)      7  : 0.0080 0.9700 0.0120 0.0100
559      559   (0)      7  : 0.0050 0.7740 0.2110 0.0100
560      560   (0)      7  : 0.0020 0.6120 0.3520 0.0340
561      561   (0)      7  : 0.0030 0.8072 0.0959 0.0939
562      562   (0)      7  : 0.0030 0.9120 0.0780 0.0070
563      563   (0)      7  : 0.0070 0.4150 0.3950 0.1830
564      564   (0)      8  : 0.0030 0.9271 0.0669 0.0030
565      565   (0)      8  : 0.0030 0.9640 0.0290 0.0040
566      566   (0)      8  : 0.0070 0.9430 0.0450 0.0050
567      567   (0)      8  : 0.0050 0.9770 0.0140 0.0040
568      568   (0)      8  : 0.0030 0.9690 0.0200 0.0080
569      569   (0)      8  : 0.0020 0.9840 0.0080 0.0060
570      570   (0)      8  : 0.0020 0.9790 0.0160 0.0030
571      571   (0)      8  : 0.0210 0.8920 0.0180 0.0690
572      572   (0)      8  : 0.0120 0.9610 0.0130 0.0140
573      573   (0)      8  : 0.0050 0.9380 0.0440 0.0130
574      574   (0)      8  : 0.0020 0.9870 0.0080 0.0030
575      575   (0)      8  : 0.0060 0.9790 0.0050 0.0100
576      576   (0)      8  : 0.0050 0.9650 0.0210 0.0090
577      577   (0)      8  : 0.0020 0.9790 0.0150 0.0040
578      578   (0)      8  : 0.0050 0.9850 0.0050 0.0050
579      579   (0)      8  : 0.0020 0.9840 0.0100 0.0040
580      580   (0)      8  : 0.0020 0.9880 0.0040 0.0060
581      581   (0)      8  : 0.0040 0.9700 0.0130 0.0130
582      582   (0)      8  : 0.0030 0.9860 0.0060 0.0050
583      583   (0)      8  : 0.0020 0.9890 0.0040 0.0050
584      584   (0)      8  : 0.0030 0.9610 0.0180 0.0180
585      585   (0)      8  : 0.0030 0.9830 0.0030 0.0110
586      586   (0)      8  : 0.0020 0.9900 0.0040 0.0040
587      587   (0)      8  : 0.0020 0.9870 0.0040 0.0070
588      588   (0)      8  : 0.0020 0.9850 0.0040 0.0090
589      589   (0)      8  : 0.0070 0.9770 0.0090 0.0070
590      590   (0)      8  : 0.0040 0.9570 0.0250 0.0140
591      591   (0)      8  : 0.0060 0.9780 0.0110 0.0050
592      592   (0)      8  : 0.0310 0.9600 0.0030 0.0060
593      593   (0)      8  : 0.0040 0.9860 0.0040 0.0060
594      594   (0)      8  : 0.0060 0.9790 0.0090 0.0060
595      595   (0)      9  : 0.0030 0.9860 0.0060 0.0050
596      596   (0)      9  : 0.0080 0.9770 0.0070 0.0080
597      597   (0)      9  : 0.0040 0.9840 0.0060 0.0060
598      598   (0)      9  : 0.0020 0.9720 0.0130 0.0130
599      599   (0)      9  : 0.0020 0.9910 0.0030 0.0040
600      600   (0)      9  : 0.0140 0.9491 0.0070 0.0300
601      601   (0)      9  : 0.0170 0.9700 0.0060 0.0070
602      602   (0)      9  : 0.0180 0.9710 0.0050 0.0060
603      603   (0)      9  : 0.0240 0.9570 0.0080 0.0110
604      604   (0)      9  : 0.0040 0.9830 0.0030 0.0100
605      605   (0)      9  : 0.0030 0.9900 0.0030 0.0040
606      606   (0)      9  : 0.0030 0.9750 0.0040 0.0180
607      607   (0)      9  : 0.0020 0.9800 0.0110 0.0070
608      608   (0)      9  : 0.0030 0.9880 0.0050 0.0040
609      609   (0)      9  : 0.0100 0.9360 0.0460 0.0080
610      610  (10)      9  : 0.0040 0.9860 0.0050 0.0050
611      611   (0)      9  : 0.0060 0.9640 0.0090 0.0210
612      612   (0)      9  : 0.0330 0.9060 0.0350 0.0260
613      613   (0)      9  : 0.0030 0.9800 0.0090 0.0080
614      614   (0)      9  : 0.0050 0.9400 0.0060 0.0490
615      615   (5)      9  : 0.0050 0.9870 0.0040 0.0040
616      616   (0)      9  : 0.0030 0.9870 0.0060 0.0040
617      617   (0)      9  : 0.0030 0.9820 0.0060 0.0090
618      618   (0)      9  : 0.0300 0.9510 0.0070 0.0120
619      619   (0)      9  : 0.0100 0.9830 0.0030 0.0040
620      620   (0)      9  : 0.0030 0.9880 0.0050 0.0040
621      621   (0)      9  : 0.0050 0.9580 0.0040 0.0330
622      622   (5)      9  : 0.0020 0.9770 0.0040 0.0170
623      623   (0)      9  : 0.0040 0.9730 0.0150 0.0080
624      624   (0)      9  : 0.0040 0.9830 0.0090 0.0040
625      625   (0)      9  : 0.0040 0.9850 0.0060 0.0050
626      626   (0)      9  : 0.0100 0.9590 0.0200 0.0110
627      627   (0)      9  : 0.0030 0.9830 0.0060 0.0080
628      628   (0)      9  : 0.0020 0.9720 0.0140 0.0120
629      629   (0)      9  : 0.0030 0.9850 0.0060 0.0060
630      630   (0)      9  : 0.0020 0.9880 0.0060 0.0040
631      631   (0)      9  : 0.0020 0.9790 0.0060 0.0130
632      632   (5)      9  : 0.0030 0.9880 0.0050 0.0040
633      633   (0)      9  : 0.0040 0.9700 0.0090 0.0170
634      634   (0)      9  : 0.0070 0.9640 0.0080 0.0210
635      635   (0)      9  : 0.0020 0.9840 0.0070 0.0070
636      636   (5)      9  : 0.0539 0.9351 0.0060 0.0050
637      637   (5)      9  : 0.0030 0.9440 0.0030 0.0500
638      638  (10)      9  : 0.0050 0.9840 0.0050 0.0060
639      639   (5)      9  : 0.0030 0.9710 0.0040 0.0220
640      640   (5)      9  : 0.0020 0.9890 0.0040 0.0050
641      641   (5)      9  : 0.0040 0.9870 0.0040 0.0050
642      642   (5)      9  : 0.0060 0.8650 0.0310 0.0980
643      643   (5)      9  : 0.0030 0.9880 0.0040 0.0050
644      644  (10)      9  : 0.0040 0.8498 0.1331 0.0130
645      645   (5)      9  : 0.0130 0.8999 0.0420 0.0450
646      646   (5)      9  : 0.0030 0.9880 0.0040 0.0050
647      647   (5)      9  : 0.0060 0.9111 0.0619 0.0210
648      648   (5)     10  : 0.0060 0.9550 0.0310 0.0080
649      649   (0)     10  : 0.0070 0.9360 0.0500 0.0070
650      650   (0)     10  : 0.0040 0.9700 0.0190 0.0070
651      651   (0)     10  : 0.0030 0.8270 0.1660 0.0040
652      652   (0)     10  : 0.0190 0.6466 0.3303 0.0040
653      653   (0)     10  : 0.0030 0.9770 0.0170 0.0030
654      654   (0)     10  : 0.0030 0.9470 0.0370 0.0130
655      655   (0)     10  : 0.0190 0.9710 0.0080 0.0020
656      656   (0)     10  : 0.0090 0.9520 0.0060 0.0330
657      657   (0)     10  : 0.0220 0.9670 0.0080 0.0030
658      658   (0)     10  : 0.0030 0.9860 0.0060 0.0050
659      659   (0)     10  : 0.0040 0.9660 0.0240 0.0060
660      660   (0)     10  : 0.0570 0.9260 0.0090 0.0080
661      661   (5)     10  : 0.0030 0.9840 0.0090 0.0040
662      662   (0)     10  : 0.0140 0.8940 0.0150 0.0770
663      663   (0)     10  : 0.0070 0.9550 0.0160 0.0220
664      664   (0)     10  : 0.0110 0.9020 0.0780 0.0090
665      665   (0)     10  : 0.0130 0.9740 0.0080 0.0050
666      666   (0)     10  : 0.0030 0.9910 0.0030 0.0030
667      667   (0)     10  : 0.0070 0.9800 0.0080 0.0050
668      668   (0)     10  : 0.0030 0.9890 0.0050 0.0030
669      669   (0)     10  : 0.0070 0.9830 0.0060 0.0040
670      670   (0)     10  : 0.0030 0.9890 0.0050 0.0030
671      671   (0)     10  : 0.0030 0.9880 0.0050 0.0040
672      672   (0)     10  : 0.0030 0.9830 0.0110 0.0030
673      673   (0)     10  : 0.0030 0.9870 0.0070 0.0030
674      674   (0)     10  : 0.0070 0.9430 0.0440 0.0060
675      675   (0)     10  : 0.0060 0.9800 0.0100 0.0040
676      676   (5)     11  : 0.0030 0.0050 0.0030 0.9890
677      677   (0)     11  : 0.0020 0.0030 0.0020 0.9930
678      678   (0)     11  : 0.0030 0.0100 0.0060 0.9810
679      679   (0)     11  : 0.0030 0.0050 0.0030 0.9890
680      680   (5)     11  : 0.0040 0.0040 0.0030 0.9890
681      681   (0)     11  : 0.0030 0.0030 0.0020 0.9920
682      682   (0)     11  : 0.0110 0.0030 0.0030 0.9830
683      683   (0)     11  : 0.0030 0.0040 0.0030 0.9900
684      684   (0)     11  : 0.0050 0.0030 0.0020 0.9900
685      685   (0)     11  : 0.0070 0.0030 0.0020 0.9880
686      686   (0)     11  : 0.0030 0.0050 0.0030 0.9890
687      687   (0)     11  : 0.0090 0.0040 0.0020 0.9850
688      688   (5)     11  : 0.0100 0.0050 0.0040 0.9810
689      689   (0)     11  : 0.0030 0.0020 0.0020 0.9930
690      690   (0)     11  : 0.0040 0.0030 0.0020 0.9910
691      691   (0)     11  : 0.0020 0.0020 0.0020 0.9940
692      692   (0)     11  : 0.0150 0.0050 0.0030 0.9770
693      693   (0)     11  : 0.0020 0.0030 0.0020 0.9930
694      694   (0)     11  : 0.0040 0.0050 0.0050 0.9860
695      695   (0)     11  : 0.0630 0.0220 0.0050 0.9100
696      696   (0)     11  : 0.0030 0.0020 0.0030 0.9920
697      697   (0)     11  : 0.0020 0.0040 0.0030 0.9910
698      698   (0)     11  : 0.0060 0.0230 0.0060 0.9650
699      699   (0)     11  : 0.1000 0.0130 0.0040 0.8830
700      700   (0)     11  : 0.0030 0.0040 0.0030 0.9900
701      701   (0)     11  : 0.0030 0.0040 0.0030 0.9900
702      702   (0)     11  : 0.0030 0.0030 0.0020 0.9920
703      703   (0)     12  : 0.0030 0.0080 0.0050 0.9840
704      704   (0)     12  : 0.0030 0.0410 0.0070 0.9491
705      705   (0)     12  : 0.0050 0.0360 0.0280 0.9310
706      706   (0)     12  : 0.0070 0.0870 0.0400 0.8660
707      707   (0)     12  : 0.0210 0.1812 0.0260 0.7718
708      708   (0)     12  : 0.0060 0.2068 0.0160 0.7712
709      709   (0)     12  : 0.0160 0.1998 0.0220 0.7622
710      710   (0)     12  : 0.0020 0.0600 0.0130 0.9250
711      711   (0)     12  : 0.0030 0.0380 0.0090 0.9500
712      712   (0)     12  : 0.0020 0.1502 0.0230 0.8248
713      713   (0)     12  : 0.0020 0.0040 0.0070 0.9870
714      714   (0)     12  : 0.0030 0.0110 0.0130 0.9730
715      715   (0)     12  : 0.0030 0.0050 0.0070 0.9850
716      716   (0)     12  : 0.0030 0.0360 0.0160 0.9451
717      717   (0)     12  : 0.0030 0.0080 0.0070 0.9820
718      718   (0)     12  : 0.0020 0.0140 0.0060 0.9780
719      719   (0)     12  : 0.0430 0.0470 0.0160 0.8941
720      720   (0)     12  : 0.0170 0.0070 0.0100 0.9660
721      721   (0)     12  : 0.0070 0.1070 0.0790 0.8070
722      722   (0)     12  : 0.0030 0.0060 0.0180 0.9730
723      723   (0)     12  : 0.0030 0.0040 0.0030 0.9900
724      724   (0)     12  : 0.0080 0.0060 0.0210 0.9650
725      725   (5)     12  : 0.0020 0.0080 0.0100 0.9800
726      726   (0)     12  : 0.0040 0.0050 0.0060 0.9850
727      727   (0)     12  : 0.0040 0.0060 0.0040 0.9860
728      728   (0)     12  : 0.0050 0.0110 0.0210 0.9630
729      729   (0)     12  : 0.0020 0.0080 0.0080 0.9820
730      730   (0)     12  : 0.0060 0.0050 0.0060 0.9830
731      731   (0)     12  : 0.0030 0.1370 0.0060 0.8540
732      732   (0)     12  : 0.0020 0.0030 0.0040 0.9910
733      733   (5)     12  : 0.0020 0.0060 0.0060 0.9860
734      734   (0)     12  : 0.0020 0.0040 0.0040 0.9900
735      735   (0)     12  : 0.0070 0.0680 0.0130 0.9120
736      736   (0)     12  : 0.0030 0.0040 0.0050 0.9880
737      737   (0)     12  : 0.0080 0.0740 0.0080 0.9100
738      738   (0)     12  : 0.0110 0.1978 0.0400 0.7512
739      739   (5)     12  : 0.0090 0.2190 0.0460 0.7260
740      740   (5)     12  : 0.0100 0.1211 0.0070 0.8619
741      741   (5)     12  : 0.0040 0.0300 0.0070 0.9590
742      742   (5)     12  : 0.0110 0.0100 0.0090 0.9700
