   1        1   (5)      1 :  0.9852 0.0148 
   2        2   (5)      1 :  0.9590 0.0410 
   3        3   (5)      1 :  0.9900 0.0100 
   4        4   (0)      1 :  0.9930 0.0070 
   5        5   (0)      1 :  0.9670 0.0330 
   6        6   (0)      1 :  0.9880 0.0120 
   7        7   (0)      1 :  0.8698 0.1302 
   8        8   (5)      1 :  0.9910 0.0090 
   9        9   (0)      1 :  0.9910 0.0090 
  10       10   (0)      1 :  0.9510 0.0490 
  11       11   (0)      1 :  0.9800 0.0200 
  12       12   (0)      1 :  0.9790 0.0210 
  13       13   (0)      1 :  0.9910 0.0090 
  14       14   (0)      1 :  0.9840 0.0160 
  15       15   (0)      1 :  0.9860 0.0140 
  16       16   (0)      1 :  0.9930 0.0070 
  17       17   (0)      1 :  0.9920 0.0080 
  18       18   (0)      1 :  0.9830 0.0170 
  19       19   (0)      1 :  0.9910 0.0090 
  20       20   (0)      1 :  0.9450 0.0550 
  21       21   (0)      1 :  0.9920 0.0080 
  22       22   (0)      1 :  0.9930 0.0070 
  23       23   (0)      1 :  0.9930 0.0070 
  24       24   (0)      1 :  0.9910 0.0090 
  25       25   (0)      1 :  0.9518 0.0482 
  26       26   (0)      1 :  0.9900 0.0100 
  27       27   (5)      1 :  0.9648 0.0352 
  28       28   (0)      1 :  0.9870 0.0130 
  29       29   (0)      1 :  0.9910 0.0090 
  30       30   (0)      1 :  0.9580 0.0420 
  31       31   (0)      1 :  0.9900 0.0100 
  32       32   (0)      1 :  0.9850 0.0150 
  33       33   (0)      1 :  0.9930 0.0070 
  34       34   (0)      1 :  0.9920 0.0080 
  35       35   (0)      1 :  0.9510 0.0490 
  36       36   (0)      1 :  0.9890 0.0110 
  37       37   (0)      1 :  0.9800 0.0200 
  38       38   (0)      1 :  0.9870 0.0130 
  39       39   (0)      1 :  0.9590 0.0410 
  40       40   (0)      1 :  0.9880 0.0120 
  41       41   (0)      1 :  0.9870 0.0130 
  42       42   (0)      1 :  0.9930 0.0070 
  43       43   (0)      1 :  0.9880 0.0120 
  44       44   (0)      1 :  0.9920 0.0080 
  45       45   (5)      1 :  0.9790 0.0210 
  46       46   (0)      1 :  0.9920 0.0080 
  47       47   (0)      1 :  0.9830 0.0170 
  48       48   (0)      1 :  0.9820 0.0180 
  49       49   (0)      1 :  0.9810 0.0190 
  50       50   (0)      1 :  0.9870 0.0130 
  51       51   (0)      1 :  0.9820 0.0180 
  52       52   (0)      1 :  0.9520 0.0480 
  53       53   (0)      1 :  0.9890 0.0110 
  54       54   (0)      1 :  0.9800 0.0200 
  55       55   (0)      1 :  0.9846 0.0154 
  56       56   (0)      1 :  0.9900 0.0100 
  57       57  (10)      1 :  0.9900 0.0100 
  58       58   (5)      1 :  0.9820 0.0180 
  59       59   (0)      1 :  0.9880 0.0120 
  60       60   (0)      1 :  0.9890 0.0110 
  61       61   (0)      1 :  0.9860 0.0140 
  62       62   (0)      1 :  0.9790 0.0210 
  63       63   (0)      1 :  0.9810 0.0190 
  64       64   (0)      1 :  0.9870 0.0130 
  65       65   (0)      1 :  0.9600 0.0400 
  66       66   (0)      1 :  0.9900 0.0100 
  67       67   (5)      1 :  0.9860 0.0140 
  68       68   (0)      1 :  0.9750 0.0250 
  69       69   (0)      1 :  0.9730 0.0270 
  70       70   (0)      1 :  0.9850 0.0150 
  71       71   (5)      1 :  0.9810 0.0190 
  72       72   (0)      1 :  0.9810 0.0190 
  73       73   (5)      1 :  0.9880 0.0120 
  74       74  (10)      1 :  0.9800 0.0200 
  75       75  (10)      1 :  0.9880 0.0120 
  76       76   (0)      1 :  0.9910 0.0090 
  77       77  (10)      1 :  0.9890 0.0110 
  78       78   (0)      1 :  0.9840 0.0160 
  79       79   (5)      1 :  0.9840 0.0160 
  80       80   (0)      1 :  0.9920 0.0080 
  81       81   (0)      1 :  0.9920 0.0080 
  82       82   (0)      1 :  0.9920 0.0080 
  83       83   (0)      1 :  0.9860 0.0140 
  84       84   (0)      1 :  0.9770 0.0230 
  85       85   (0)      1 :  0.9910 0.0090 
  86       86   (5)      1 :  0.9900 0.0100 
  87       87   (0)      1 :  0.9900 0.0100 
  88       88   (0)      1 :  0.9670 0.0330 
  89       89   (0)      1 :  0.9880 0.0120 
  90       90   (0)      1 :  0.9840 0.0160 
  91       91   (0)      1 :  0.9840 0.0160 
  92       92   (0)      1 :  0.9790 0.0210 
  93       93   (0)      1 :  0.9908 0.0092 
  94       94   (5)      1 :  0.9880 0.0120 
  95       95   (0)      1 :  0.9880 0.0120 
  96       96   (5)      1 :  0.9900 0.0100 
  97       97   (0)      1 :  0.9810 0.0190 
  98       98   (0)      1 :  0.9850 0.0150 
  99       99   (5)      1 :  0.9890 0.0110 
 100      100   (5)      1 :  0.9920 0.0080 
 101      101   (0)      2 :  0.9900 0.0100 
 102      102   (0)      2 :  0.9900 0.0100 
 103      103   (0)      2 :  0.9870 0.0130 
 104      104   (0)      2 :  0.9930 0.0070 
 105      105   (0)      2 :  0.9820 0.0180 
 106      106   (0)      2 :  0.9900 0.0100 
 107      107   (0)      2 :  0.9910 0.0090 
 108      108   (0)      2 :  0.9860 0.0140 
 109      109   (0)      2 :  0.9920 0.0080 
 110      110   (0)      2 :  0.9740 0.0260 
 111      111   (0)      2 :  0.9890 0.0110 
 112      112   (0)      2 :  0.9780 0.0220 
 113      113   (0)      2 :  0.9880 0.0120 
 114      114   (0)      2 :  0.9922 0.0078 
 115      115   (0)      2 :  0.9830 0.0170 
 116      116   (0)      2 :  0.9870 0.0130 
 117      117   (0)      2 :  0.9850 0.0150 
 118      118   (0)      2 :  0.9694 0.0306 
 119      119   (0)      2 :  0.9704 0.0296 
 120      120   (0)      2 :  0.9930 0.0070 
 121      121   (0)      2 :  0.9890 0.0110 
 122      122   (0)      2 :  0.9910 0.0090 
 123      123   (0)      2 :  0.9830 0.0170 
 124      124   (0)      2 :  0.9850 0.0150 
 125      125   (0)      2 :  0.9870 0.0130 
 126      126   (0)      2 :  0.9940 0.0060 
 127      127   (0)      2 :  0.9760 0.0240 
 128      128   (0)      2 :  0.9930 0.0070 
 129      129   (0)      2 :  0.9700 0.0300 
 130      130   (0)      2 :  0.9824 0.0176 
 131      131   (0)      2 :  0.9870 0.0130 
 132      132   (0)      2 :  0.9870 0.0130 
 133      133   (0)      2 :  0.9910 0.0090 
 134      134   (0)      2 :  0.9728 0.0272 
 135      135   (0)      2 :  0.9416 0.0584 
 136      136   (0)      2 :  0.9440 0.0560 
 137      137   (0)      2 :  0.9820 0.0180 
 138      138   (0)      2 :  0.9930 0.0070 
 139      139   (0)      2 :  0.9756 0.0244 
 140      140   (0)      2 :  0.9900 0.0100 
 141      141   (0)      2 :  0.9860 0.0140 
 142      142   (0)      2 :  0.9920 0.0080 
 143      143   (0)      2 :  0.9860 0.0140 
 144      144   (0)      2 :  0.9460 0.0540 
 145      145   (0)      2 :  0.9910 0.0090 
 146      146   (0)      2 :  0.9920 0.0080 
 147      147   (0)      2 :  0.9810 0.0190 
 148      148   (0)      2 :  0.9880 0.0120 
 149      149   (0)      2 :  0.9870 0.0130 
 150      150   (0)      2 :  0.9900 0.0100 
 151      151   (0)      2 :  0.9870 0.0130 
 152      152   (0)      2 :  0.9900 0.0100 
 153      153   (0)      2 :  0.9880 0.0120 
 154      154   (0)      2 :  0.9860 0.0140 
 155      155   (0)      2 :  0.9902 0.0098 
 156      156   (0)      2 :  0.9890 0.0110 
 157      157   (0)      2 :  0.9890 0.0110 
 158      158   (0)      2 :  0.9950 0.0050 
 159      159   (0)      2 :  0.9440 0.0560 
 160      160   (0)      2 :  0.9842 0.0158 
 161      161   (0)      2 :  0.9650 0.0350 
 162      162   (0)      2 :  0.9900 0.0100 
 163      163   (0)      2 :  0.9740 0.0260 
 164      164   (0)      2 :  0.8584 0.1416 
 165      165   (0)      2 :  0.9852 0.0148 
 166      166   (0)      2 :  0.9920 0.0080 
 167      167   (0)      2 :  0.9920 0.0080 
 168      168   (0)      2 :  0.9760 0.0240 
 169      169   (0)      2 :  0.9840 0.0160 
 170      170   (0)      2 :  0.9890 0.0110 
 171      171   (0)      2 :  0.9880 0.0120 
 172      172   (0)      2 :  0.9780 0.0220 
 173      173   (0)      2 :  0.9610 0.0390 
 174      174   (0)      2 :  0.9820 0.0180 
 175      175   (0)      2 :  0.9930 0.0070 
 176      176   (0)      2 :  0.9840 0.0160 
 177      177   (0)      2 :  0.9650 0.0350 
 178      178   (0)      2 :  0.9900 0.0100 
 179      179   (0)      2 :  0.9930 0.0070 
 180      180   (0)      2 :  0.9930 0.0070 
 181      181   (0)      2 :  0.9794 0.0206 
 182      182   (0)      2 :  0.9910 0.0090 
 183      183   (0)      2 :  0.9670 0.0330 
 184      184   (0)      2 :  0.9802 0.0198 
 185      185   (0)      2 :  0.9868 0.0132 
 186      186   (0)      2 :  0.9910 0.0090 
 187      187   (0)      2 :  0.9740 0.0260 
 188      188   (0)      2 :  0.9870 0.0130 
 189      189   (0)      2 :  0.9888 0.0112 
 190      190   (0)      2 :  0.9940 0.0060 
 191      191   (0)      2 :  0.9780 0.0220 
 192      192   (0)      2 :  0.9630 0.0370 
 193      193   (0)      2 :  0.9910 0.0090 
 194      194   (0)      2 :  0.9730 0.0270 
 195      195   (0)      2 :  0.9920 0.0080 
 196      196   (0)      2 :  0.9800 0.0200 
 197      197   (0)      2 :  0.9880 0.0120 
 198      198   (0)      2 :  0.9900 0.0100 
 199      199   (0)      2 :  0.9890 0.0110 
 200      200   (0)      2 :  0.9900 0.0100 
 201      201   (0)      2 :  0.9890 0.0110 
 202      202   (0)      2 :  0.9886 0.0114 
 203      203   (0)      2 :  0.9890 0.0110 
 204      204   (0)      2 :  0.9830 0.0170 
 205      205   (0)      2 :  0.9850 0.0150 
 206      206   (0)      2 :  0.9780 0.0220 
 207      207   (0)      2 :  0.9780 0.0220 
 208      208   (0)      2 :  0.9920 0.0080 
 209      209   (0)      2 :  0.9920 0.0080 
 210      210   (0)      2 :  0.9880 0.0120 
 211      211   (0)      2 :  0.9886 0.0114 
 212      212   (0)      2 :  0.9910 0.0090 
 213      213   (0)      2 :  0.9780 0.0220 
 214      214   (0)      2 :  0.9890 0.0110 
 215      215   (0)      2 :  0.9690 0.0310 
 216      216   (0)      2 :  0.9890 0.0110 
 217      217   (0)      2 :  0.9800 0.0200 
 218      218   (0)      2 :  0.9890 0.0110 
 219      219   (0)      2 :  0.9850 0.0150 
 220      220   (0)      2 :  0.9868 0.0132 
 221      221   (0)      2 :  0.9900 0.0100 
 222      222   (0)      2 :  0.9890 0.0110 
 223      223   (0)      2 :  0.9930 0.0070 
 224      224   (0)      2 :  0.9880 0.0120 
 225      225   (0)      2 :  0.9890 0.0110 
 226      226   (0)      2 :  0.9820 0.0180 
 227      227   (0)      2 :  0.9900 0.0100 
 228      228   (0)      2 :  0.9872 0.0128 
 229      229   (0)      2 :  0.9478 0.0522 
 230      230   (0)      2 :  0.9930 0.0070 
 231      231   (0)      2 :  0.9930 0.0070 
 232      232   (0)      2 :  0.9860 0.0140 
 233      233   (0)      2 :  0.9820 0.0180 
 234      234   (0)      2 :  0.9920 0.0080 
 235      235   (0)      2 :  0.9900 0.0100 
 236      236   (0)      2 :  0.9870 0.0130 
 237      237   (0)      2 :  0.9880 0.0120 
 238      238   (0)      2 :  0.9900 0.0100 
 239      239   (0)      2 :  0.9890 0.0110 
 240      240   (0)      2 :  0.9436 0.0564 
 241      241   (0)      2 :  0.9900 0.0100 
 242      242   (0)      2 :  0.9632 0.0368 
 243      243   (0)      2 :  0.9880 0.0120 
 244      244   (0)      2 :  0.9890 0.0110 
 245      245   (0)      2 :  0.9920 0.0080 
 246      246   (0)      2 :  0.9718 0.0282 
 247      247   (0)      2 :  0.9806 0.0194 
 248      248   (0)      2 :  0.9940 0.0060 
 249      249   (0)      2 :  0.9672 0.0328 
 250      250   (0)      2 :  0.9890 0.0110 
 251      251   (0)      2 :  0.9720 0.0280 
 252      252   (0)      2 :  0.9868 0.0132 
 253      253   (0)      2 :  0.9770 0.0230 
 254      254   (0)      2 :  0.9910 0.0090 
 255      255   (0)      2 :  0.9900 0.0100 
 256      256   (0)      2 :  0.9930 0.0070 
 257      257   (0)      2 :  0.9810 0.0190 
 258      258   (0)      2 :  0.9730 0.0270 
 259      259   (0)      2 :  0.9890 0.0110 
 260      260   (0)      2 :  0.9860 0.0140 
 261      261   (0)      2 :  0.9880 0.0120 
 262      262   (0)      2 :  0.9900 0.0100 
 263      263   (0)      2 :  0.9920 0.0080 
 264      264   (0)      2 :  0.9920 0.0080 
 265      265   (0)      2 :  0.9850 0.0150 
 266      266   (0)      2 :  0.9850 0.0150 
 267      267   (0)      2 :  0.9920 0.0080 
 268      268   (0)      2 :  0.9870 0.0130 
 269      269   (0)      2 :  0.9890 0.0110 
 270      270   (0)      2 :  0.9870 0.0130 
 271      271   (0)      2 :  0.9830 0.0170 
 272      272   (0)      2 :  0.9844 0.0156 
 273      273   (0)      2 :  0.9806 0.0194 
 274      274   (0)      2 :  0.9820 0.0180 
 275      275   (0)      2 :  0.9860 0.0140 
 276      276   (0)      2 :  0.9870 0.0130 
 277      277   (0)      2 :  0.9890 0.0110 
 278      278   (0)      2 :  0.9830 0.0170 
 279      279   (0)      2 :  0.9900 0.0100 
 280      280   (0)      2 :  0.9920 0.0080 
 281      281   (0)      2 :  0.9880 0.0120 
 282      282   (0)      2 :  0.9910 0.0090 
 283      283   (0)      2 :  0.9940 0.0060 
 284      284   (0)      2 :  0.9780 0.0220 
 285      285   (0)      2 :  0.9860 0.0140 
 286      286   (0)      2 :  0.9920 0.0080 
 287      287   (0)      2 :  0.9940 0.0060 
 288      288   (0)      2 :  0.9900 0.0100 
 289      289   (0)      2 :  0.9864 0.0136 
 290      290   (0)      2 :  0.9886 0.0114 
 291      291   (0)      2 :  0.9930 0.0070 
 292      292   (0)      2 :  0.9880 0.0120 
 293      293   (0)      2 :  0.9820 0.0180 
 294      294   (0)      2 :  0.9670 0.0330 
 295      295   (0)      2 :  0.9748 0.0252 
 296      296   (0)      2 :  0.9930 0.0070 
 297      297   (0)      2 :  0.9790 0.0210 
 298      298   (0)      2 :  0.9900 0.0100 
 299      299   (0)      2 :  0.9910 0.0090 
 300      300   (0)      2 :  0.9820 0.0180 
 301      301   (0)      2 :  0.9810 0.0190 
 302      302   (0)      2 :  0.9910 0.0090 
 303      303   (0)      2 :  0.9880 0.0120 
 304      304   (0)      2 :  0.9800 0.0200 
 305      305   (0)      2 :  0.9910 0.0090 
 306      306   (0)      2 :  0.9920 0.0080 
 307      307   (0)      2 :  0.9890 0.0110 
 308      308   (0)      2 :  0.9860 0.0140 
 309      309   (0)      2 :  0.9910 0.0090 
 310      310   (0)      2 :  0.9900 0.0100 
 311      311   (0)      2 :  0.9810 0.0190 
 312      312   (0)      2 :  0.9890 0.0110 
 313      313   (0)      2 :  0.9890 0.0110 
 314      314   (0)      2 :  0.9920 0.0080 
 315      315   (0)      2 :  0.9870 0.0130 
 316      316   (0)      2 :  0.9830 0.0170 
 317      317   (0)      2 :  0.9900 0.0100 
 318      318   (0)      2 :  0.9906 0.0094 
 319      319   (0)      2 :  0.9910 0.0090 
 320      320   (0)      2 :  0.9900 0.0100 
 321      321   (0)      2 :  0.9920 0.0080 
 322      322   (0)      2 :  0.9890 0.0110 
 323      323   (0)      2 :  0.9550 0.0450 
 324      324   (0)      2 :  0.9890 0.0110 
 325      325   (0)      2 :  0.9890 0.0110 
 326      326   (0)      2 :  0.9820 0.0180 
 327      327   (0)      2 :  0.9900 0.0100 
 328      328   (0)      2 :  0.9740 0.0260 
 329      329   (0)      2 :  0.9630 0.0370 
 330      330   (0)      2 :  0.9760 0.0240 
 331      331   (0)      2 :  0.9830 0.0170 
 332      332   (0)      2 :  0.9910 0.0090 
 333      333   (0)      2 :  0.9862 0.0138 
 334      334   (0)      2 :  0.9790 0.0210 
 335      335   (0)      2 :  0.9790 0.0210 
 336      336   (0)      2 :  0.9880 0.0120 
 337      337   (0)      2 :  0.9850 0.0150 
 338      338   (0)      2 :  0.9890 0.0110 
 339      339   (0)      2 :  0.9852 0.0148 
 340      340   (0)      2 :  0.9852 0.0148 
 341      341   (0)      2 :  0.9890 0.0110 
 342      342   (0)      2 :  0.9800 0.0200 
 343      343   (0)      2 :  0.9460 0.0540 
 344      344   (0)      2 :  0.9720 0.0280 
 345      345   (0)      2 :  0.9880 0.0120 
 346      346   (0)      2 :  0.9900 0.0100 
 347      347   (0)      2 :  0.9900 0.0100 
 348      348   (0)      2 :  0.9930 0.0070 
 349      349   (0)      2 :  0.9560 0.0440 
 350      350   (0)      2 :  0.9870 0.0130 
 351      351   (0)      2 :  0.9862 0.0138 
 352      352   (0)      2 :  0.9660 0.0340 
 353      353   (0)      2 :  0.9848 0.0152 
 354      354   (0)      2 :  0.9910 0.0090 
 355      355   (0)      2 :  0.9420 0.0580 
 356      356   (0)      2 :  0.9840 0.0160 
 357      357   (0)      2 :  0.9920 0.0080 
 358      358   (0)      2 :  0.9910 0.0090 
 359      359   (0)      2 :  0.9820 0.0180 
 360      360   (0)      2 :  0.9920 0.0080 
 361      361   (0)      2 :  0.9850 0.0150 
 362      362   (0)      2 :  0.8730 0.1270 
 363      363   (0)      2 :  0.9930 0.0070 
 364      364   (0)      2 :  0.9710 0.0290 
 365      365   (0)      2 :  0.9270 0.0730 
 366      366   (0)      2 :  0.9930 0.0070 
 367      367   (0)      2 :  0.9930 0.0070 
 368      368   (0)      2 :  0.9920 0.0080 
 369      369   (0)      2 :  0.9890 0.0110 
 370      370   (0)      2 :  0.9920 0.0080 
 371      371   (0)      2 :  0.9900 0.0100 
 372      372   (0)      2 :  0.9834 0.0166 
 373      373   (0)      2 :  0.9920 0.0080 
 374      374   (0)      2 :  0.9774 0.0226 
 375      375   (0)      2 :  0.9850 0.0150 
 376      376   (0)      2 :  0.9920 0.0080 
 377      377   (0)      2 :  0.9740 0.0260 
 378      378   (0)      2 :  0.9890 0.0110 
 379      379   (0)      2 :  0.9810 0.0190 
 380      380   (0)      2 :  0.9850 0.0150 
 381      381   (0)      2 :  0.9848 0.0152 
 382      382   (0)      2 :  0.9840 0.0160 
 383      383   (0)      2 :  0.9850 0.0150 
 384      384   (0)      2 :  0.9920 0.0080 
 385      385   (0)      2 :  0.9800 0.0200 
 386      386   (0)      2 :  0.9910 0.0090 
 387      387   (0)      2 :  0.9920 0.0080 
 388      388   (0)      2 :  0.9850 0.0150 
 389      389   (0)      2 :  0.9808 0.0192 
 390      390   (0)      2 :  0.9680 0.0320 
 391      391   (0)      2 :  0.9718 0.0282 
 392      392   (0)      2 :  0.9840 0.0160 
 393      393   (0)      2 :  0.9910 0.0090 
 394      394   (0)      2 :  0.9882 0.0118 
 395      395   (0)      2 :  0.9174 0.0826 
 396      396   (0)      2 :  0.9880 0.0120 
 397      397   (0)      2 :  0.9900 0.0100 
 398      398   (0)      2 :  0.9650 0.0350 
 399      399   (0)      2 :  0.9910 0.0090 
 400      400   (0)      2 :  0.9900 0.0100 
 401      401   (0)      2 :  0.9920 0.0080 
 402      402   (0)      2 :  0.9890 0.0110 
 403      403   (0)      2 :  0.9910 0.0090 
 404      404   (0)      2 :  0.9910 0.0090 
 405      405   (0)      2 :  0.9910 0.0090 
 406      406   (0)      2 :  0.9870 0.0130 
 407      407   (0)      2 :  0.9930 0.0070 
 408      408   (0)      2 :  0.9880 0.0120 
 409      409   (0)      2 :  0.9780 0.0220 
 410      410   (0)      2 :  0.9390 0.0610 
 411      411   (0)      2 :  0.9870 0.0130 
 412      412   (0)      2 :  0.9914 0.0086 
 413      413   (0)      2 :  0.9900 0.0100 
 414      414   (0)      2 :  0.9870 0.0130 
 415      415   (0)      2 :  0.9820 0.0180 
 416      416   (0)      2 :  0.9760 0.0240 
 417      417   (0)      2 :  0.9870 0.0130 
 418      418   (0)      2 :  0.9890 0.0110 
 419      419   (0)      2 :  0.9790 0.0210 
 420      420   (0)      2 :  0.9910 0.0090 
 421      421   (0)      2 :  0.9870 0.0130 
 422      422   (0)      2 :  0.9890 0.0110 
 423      423   (0)      2 :  0.9920 0.0080 
 424      424   (0)      2 :  0.9930 0.0070 
 425      425   (0)      2 :  0.9560 0.0440 
 426      426   (0)      2 :  0.9820 0.0180 
 427      427   (0)      2 :  0.9890 0.0110 
 428      428   (0)      2 :  0.9880 0.0120 
 429      429   (0)      2 :  0.9688 0.0312 
 430      430   (0)      2 :  0.9910 0.0090 
 431      431   (0)      2 :  0.9940 0.0060 
 432      432   (0)      2 :  0.9930 0.0070 
 433      433   (0)      2 :  0.9880 0.0120 
 434      434   (0)      2 :  0.9850 0.0150 
 435      435   (0)      2 :  0.9800 0.0200 
 436      436   (0)      2 :  0.9880 0.0120 
 437      437   (0)      2 :  0.9930 0.0070 
 438      438   (0)      2 :  0.9700 0.0300 
 439      439   (0)      2 :  0.9760 0.0240 
 440      440   (0)      2 :  0.9930 0.0070 
 441      441   (0)      2 :  0.9870 0.0130 
 442      442   (0)      2 :  0.9890 0.0110 
 443      443   (0)      2 :  0.9920 0.0080 
 444      444   (0)      2 :  0.9628 0.0372 
 445      445   (0)      2 :  0.9930 0.0070 
 446      446   (0)      2 :  0.9910 0.0090 
 447      447   (0)      2 :  0.9900 0.0100 
 448      448   (0)      2 :  0.9920 0.0080 
 449      449   (0)      2 :  0.9900 0.0100 
 450      450   (0)      2 :  0.9810 0.0190 
 451      451   (0)      2 :  0.9824 0.0176 
 452      452   (0)      2 :  0.9600 0.0400 
 453      453   (0)      2 :  0.9920 0.0080 
 454      454   (0)      2 :  0.9930 0.0070 
 455      455   (0)      2 :  0.9840 0.0160 
 456      456   (0)      2 :  0.9900 0.0100 
 457      457   (0)      2 :  0.9940 0.0060 
 458      458   (0)      2 :  0.9920 0.0080 
 459      459   (0)      2 :  0.9860 0.0140 
 460      460   (0)      2 :  0.9810 0.0190 
 461      461   (0)      2 :  0.9910 0.0090 
 462      462   (0)      2 :  0.9890 0.0110 
 463      463   (0)      2 :  0.9930 0.0070 
 464      464   (0)      2 :  0.9930 0.0070 
 465      465   (0)      2 :  0.9910 0.0090 
 466      466   (0)      2 :  0.9920 0.0080 
 467      467   (0)      2 :  0.9910 0.0090 
 468      468   (0)      2 :  0.9608 0.0392 
 469      469   (0)      2 :  0.9770 0.0230 
 470      470   (0)      2 :  0.9930 0.0070 
 471      471   (0)      2 :  0.9870 0.0130 
 472      472   (0)      2 :  0.9840 0.0160 
 473      473   (0)      2 :  0.9930 0.0070 
 474      474   (0)      2 :  0.9870 0.0130 
 475      475   (0)      2 :  0.9920 0.0080 
 476      476   (0)      2 :  0.9830 0.0170 
 477      477   (0)      2 :  0.9810 0.0190 
 478      478   (0)      2 :  0.9790 0.0210 
 479      479   (0)      2 :  0.9910 0.0090 
 480      480   (0)      2 :  0.9900 0.0100 
 481      481   (0)      2 :  0.9920 0.0080 
 482      482   (0)      2 :  0.9500 0.0500 
 483      483   (0)      2 :  0.9466 0.0534 
 484      484   (0)      2 :  0.9900 0.0100 
 485      485   (0)      2 :  0.9890 0.0110 
 486      486   (0)      2 :  0.9930 0.0070 
 487      487   (0)      2 :  0.9880 0.0120 
 488      488   (0)      2 :  0.9592 0.0408 
 489      489   (0)      2 :  0.9890 0.0110 
 490      490   (0)      2 :  0.9910 0.0090 
 491      491   (0)      2 :  0.8680 0.1320 
 492      492   (0)      2 :  0.9820 0.0180 
 493      493   (0)      2 :  0.9700 0.0300 
 494      494   (0)      2 :  0.9880 0.0120 
 495      495   (0)      2 :  0.9930 0.0070 
 496      496   (0)      2 :  0.9870 0.0130 
 497      497   (0)      2 :  0.9788 0.0212 
 498      498   (0)      2 :  0.9920 0.0080 
 499      499   (0)      2 :  0.9870 0.0130 
 500      500   (0)      2 :  0.9890 0.0110 
 501      501   (0)      3 :  0.9660 0.0340 
 502      502   (0)      3 :  0.8140 0.1860 
 503      503   (0)      3 :  0.7890 0.2110 
 504      504   (0)      3 :  0.8214 0.1786 
 505      505   (0)      3 :  0.9692 0.0308 
 506      506   (0)      3 :  0.6900 0.3100 
 507      507   (0)      3 :  0.9332 0.0668 
 508      508   (0)      3 :  0.9870 0.0130 
 509      509   (0)      3 :  0.8762 0.1238 
 510      510   (0)      3 :  0.9150 0.0850 
 511      511   (0)      3 :  0.9800 0.0200 
 512      512   (0)      3 :  0.9920 0.0080 
 513      513   (0)      3 :  0.8186 0.1814 
 514      514   (0)      3 :  0.9800 0.0200 
 515      515   (0)      3 :  0.9600 0.0400 
 516      516   (0)      3 :  0.9614 0.0386 
 517      517   (0)      3 :  0.7370 0.2630 
 518      518   (0)      3 :  0.8788 0.1212 
 519      519   (0)      3 :  0.9230 0.0770 
 520      520   (0)      3 :  0.9540 0.0460 
 521      521   (0)      3 :  0.9880 0.0120 
 522      522   (0)      3 :  0.9630 0.0370 
 523      523   (0)      3 :  0.8890 0.1110 
 524      524   (0)      3 :  0.9438 0.0562 
 525      525   (0)      3 :  0.9112 0.0888 
 526      526   (0)      3 :  0.9520 0.0480 
 527      527   (0)      3 :  0.9780 0.0220 
 528      528   (0)      3 :  0.8598 0.1402 
 529      529   (0)      3 :  0.9858 0.0142 
 530      530   (0)      3 :  0.9408 0.0592 
 531      531   (0)      3 :  0.9580 0.0420 
 532      532   (0)      3 :  0.7020 0.2980 
 533      533   (0)      3 :  0.9320 0.0680 
 534      534   (0)      3 :  0.8996 0.1004 
 535      535   (0)      3 :  0.9538 0.0462 
 536      536   (0)      3 :  0.7612 0.2388 
 537      537   (0)      3 :  0.9120 0.0880 
 538      538   (0)      3 :  0.9130 0.0870 
 539      539   (0)      3 :  0.8820 0.1180 
 540      540   (0)      3 :  0.7892 0.2108 
 541      541   (0)      3 :  0.9310 0.0690 
 542      542   (0)      3 :  0.9452 0.0548 
 543      543   (0)      3 :  0.8908 0.1092 
 544      544   (0)      3 :  0.9740 0.0260 
 545      545   (0)      3 :  0.7398 0.2602 
 546      546   (0)      3 :  0.9320 0.0680 
 547      547   (0)      3 :  0.9920 0.0080 
 548      548   (0)      3 :  0.8870 0.1130 
 549      549   (0)      3 :  0.8606 0.1394 
 550      550   (0)      3 :  0.8920 0.1080 
 551      551   (0)      3 :  0.8042 0.1958 
 552      552   (0)      3 :  0.8686 0.1314 
 553      553   (0)      3 :  0.9650 0.0350 
 554      554   (0)      3 :  0.7768 0.2232 
 555      555   (0)      3 :  0.7332 0.2668 
 556      556   (0)      3 :  0.8160 0.1840 
 557      557   (0)      3 :  0.8120 0.1880 
 558      558   (0)      3 :  0.9930 0.0070 
 559      559   (0)      3 :  0.9760 0.0240 
 560      560   (0)      3 :  0.8540 0.1460 
 561      561   (0)      3 :  0.7040 0.2960 
 562      562   (0)      3 :  0.9660 0.0340 
 563      563   (0)      3 :  0.9800 0.0200 
 564      564   (0)      3 :  0.9290 0.0710 
 565      565   (0)      3 :  0.7312 0.2688 
 566      566   (0)      3 :  0.9870 0.0130 
 567      567   (0)      3 :  0.9846 0.0154 
 568      568   (0)      3 :  0.7968 0.2032 
 569      569   (0)      3 :  0.9710 0.0290 
 570      570   (0)      3 :  0.9830 0.0170 
 571      571   (0)      3 :  0.9900 0.0100 
 572      572   (0)      3 :  0.8960 0.1040 
 573      573   (0)      3 :  0.9890 0.0110 
 574      574   (0)      3 :  0.9880 0.0120 
 575      575   (0)      3 :  0.6148 0.3852 
 576      576   (0)      3 :  0.9500 0.0500 
 577      577   (0)      3 :  0.8370 0.1630 
 578      578   (0)      3 :  0.8140 0.1860 
 579      579   (0)      3 :  0.9010 0.0990 
 580      580   (0)      3 :  0.8886 0.1114 
 581      581   (0)      3 :  0.8480 0.1520 
 582      582   (0)      3 :  0.9880 0.0120 
 583      583   (0)      3 :  0.9770 0.0230 
 584      584   (0)      3 :  0.8138 0.1862 
 585      585   (0)      3 :  0.9260 0.0740 
 586      586   (0)      3 :  0.7630 0.2370 
 587      587   (0)      3 :  0.8460 0.1540 
 588      588   (0)      3 :  0.5582 0.4418 
 589      589   (0)      3 :  0.8880 0.1120 
 590      590   (0)      3 :  0.8120 0.1880 
 591      591   (0)      3 :  0.7988 0.2012 
 592      592   (0)      3 :  0.9700 0.0300 
 593      593   (0)      3 :  0.9860 0.0140 
 594      594   (0)      3 :  0.9810 0.0190 
 595      595   (0)      3 :  0.9244 0.0756 
 596      596   (0)      3 :  0.9398 0.0602 
 597      597   (0)      3 :  0.9412 0.0588 
 598      598   (0)      3 :  0.7860 0.2140 
 599      599   (0)      3 :  0.8850 0.1150 
 600      600   (0)      3 :  0.9830 0.0170 
 601      601   (0)      4 :  0.8370 0.1630 
 602      602   (0)      4 :  0.6620 0.3380 
 603      603   (0)      4 :  0.6604 0.3396 
 604      604   (0)      4 :  0.8210 0.1790 
 605      605   (0)      4 :  0.5144 0.4856 
 606      606   (0)      4 :  0.6370 0.3630 
 607      607   (0)      4 :  0.6570 0.3430 
 608      608   (0)      4 :  0.9400 0.0600 
 609      609   (0)      4 :  0.7722 0.2278 
 610      610   (0)      4 :  0.7172 0.2828 
 611      611   (0)      4 :  0.8250 0.1750 
 612      612   (0)      4 :  0.6620 0.3380 
 613      613   (0)      4 :  0.5990 0.4010 
 614      614   (0)      4 :  0.7684 0.2316 
 615      615   (0)      4 :  0.8270 0.1730 
 616      616   (0)      4 :  0.6012 0.3988 
 617      617   (0)      4 :  0.8396 0.1604 
 618      618   (0)      4 :  0.8078 0.1922 
 619      619   (0)      4 :  0.8530 0.1470 
 620      620   (0)      4 :  0.7302 0.2698 
 621      621   (0)      4 :  0.9260 0.0740 
 622      622   (0)      4 :  0.6460 0.3540 
 623      623   (0)      4 :  0.8210 0.1790 
 624      624   (0)      4 :  0.6220 0.3780 
 625      625   (0)      4 :  0.7850 0.2150 
 626      626   (0)      4 :  0.8460 0.1540 
 627      627   (0)      4 :  0.7628 0.2372 
 628      628   (0)      4 :  0.8350 0.1650 
 629      629   (0)      4 :  0.5870 0.4130 
 630      630   (0)      4 :  0.8530 0.1470 
 631      631   (0)      4 :  0.7258 0.2742 
 632      632   (0)      4 :  0.8150 0.1850 
 633      633   (0)      4 :  0.4930 0.5070 
 634      634   (0)      4 :  0.7434 0.2566 
 635      635   (0)      4 :  0.6712 0.3288 
 636      636   (0)      4 :  0.8030 0.1970 
 637      637   (0)      4 :  0.9406 0.0594 
 638      638   (0)      4 :  0.9650 0.0350 
 639      639   (0)      4 :  0.7740 0.2260 
 640      640   (0)      4 :  0.9540 0.0460 
 641      641   (0)      4 :  0.8058 0.1942 
 642      642   (0)      4 :  0.7984 0.2016 
 643      643   (0)      4 :  0.8590 0.1410 
 644      644   (0)      4 :  0.5890 0.4110 
 645      645   (0)      4 :  0.9410 0.0590 
 646      646   (0)      4 :  0.5330 0.4670 
 647      647   (0)      4 :  0.8252 0.1748 
 648      648   (0)      4 :  0.7632 0.2368 
 649      649   (0)      4 :  0.8748 0.1252 
 650      650   (0)      4 :  0.8936 0.1064 
 651      651   (0)      4 :  0.5860 0.4140 
 652      652   (0)      4 :  0.5846 0.4154 
 653      653   (0)      4 :  0.7342 0.2658 
 654      654   (0)      4 :  0.7722 0.2278 
 655      655   (0)      4 :  0.9232 0.0768 
 656      656   (0)      4 :  0.9470 0.0530 
 657      657   (0)      4 :  0.9420 0.0580 
 658      658   (0)      4 :  0.9010 0.0990 
 659      659   (0)      4 :  0.6920 0.3080 
 660      660   (0)      4 :  0.7810 0.2190 
 661      661   (0)      4 :  0.5416 0.4584 
 662      662   (0)      4 :  0.5660 0.4340 
 663      663   (0)      4 :  0.8240 0.1760 
 664      664   (0)      4 :  0.4630 0.5370 
 665      665   (0)      4 :  0.9810 0.0190 
 666      666   (0)      4 :  0.7750 0.2250 
 667      667   (0)      4 :  0.8040 0.1960 
 668      668   (0)      4 :  0.9480 0.0520 
 669      669   (0)      4 :  0.9770 0.0230 
 670      670   (0)      4 :  0.7460 0.2540 
 671      671   (0)      4 :  0.6410 0.3590 
 672      672   (0)      4 :  0.7162 0.2838 
 673      673   (0)      4 :  0.7878 0.2122 
 674      674   (0)      4 :  0.9200 0.0800 
 675      675   (0)      4 :  0.9140 0.0860 
 676      676   (0)      4 :  0.6130 0.3870 
 677      677   (0)      4 :  0.6570 0.3430 
 678      678   (0)      4 :  0.6126 0.3874 
 679      679   (0)      4 :  0.6930 0.3070 
 680      680   (0)      4 :  0.8940 0.1060 
 681      681   (0)      4 :  0.7950 0.2050 
 682      682   (0)      4 :  0.8384 0.1616 
 683      683   (0)      4 :  0.9260 0.0740 
 684      684   (0)      4 :  0.9330 0.0670 
 685      685   (0)      4 :  0.5570 0.4430 
 686      686   (0)      4 :  0.4970 0.5030 
 687      687   (0)      4 :  0.7740 0.2260 
 688      688   (0)      4 :  0.7964 0.2036 
 689      689   (0)      4 :  0.9720 0.0280 
 690      690   (0)      4 :  0.6896 0.3104 
 691      691   (0)      4 :  0.8440 0.1560 
 692      692   (0)      4 :  0.9600 0.0400 
 693      693   (0)      4 :  0.6888 0.3112 
 694      694   (0)      4 :  0.8532 0.1468 
 695      695   (0)      4 :  0.5490 0.4510 
 696      696   (0)      4 :  0.7330 0.2670 
 697      697   (0)      4 :  0.7110 0.2890 
 698      698   (0)      4 :  0.8900 0.1100 
 699      699   (0)      4 :  0.6290 0.3710 
 700      700   (0)      4 :  0.7030 0.2970 
 701      701   (5)      5 :  0.6010 0.3990 
 702      702   (0)      5 :  0.3770 0.6230 
 703      703   (0)      5 :  0.5040 0.4960 
 704      704   (5)      5 :  0.4280 0.5720 
 705      705   (5)      5 :  0.4224 0.5776 
 706      706   (0)      5 :  0.3134 0.6866 
 707      707   (0)      6 :  0.6440 0.3560 
 708      708   (0)      6 :  0.5480 0.4520 
 709      709   (0)      6 :  0.5050 0.4950 
 710      710   (0)      6 :  0.4650 0.5350 
 711      711   (0)      6 :  0.4242 0.5758 
 712      712   (0)      6 :  0.4968 0.5032 
 713      713   (0)      6 :  0.5630 0.4370 
 714      714   (0)      6 :  0.5270 0.4730 
 715      715   (0)      6 :  0.4362 0.5638 
 716      716   (0)      6 :  0.8138 0.1862 
 717      717   (0)      6 :  0.5860 0.4140 
 718      718   (0)      6 :  0.5440 0.4560 
 719      719   (0)      6 :  0.4310 0.5690 
 720      720   (0)      6 :  0.3850 0.6150 
 721      721   (0)      6 :  0.4710 0.5290 
 722      722   (0)      6 :  0.5640 0.4360 
 723      723   (0)      6 :  0.4336 0.5664 
 724      724   (0)      6 :  0.4286 0.5714 
 725      725   (0)      6 :  0.6530 0.3470 
 726      726   (0)      6 :  0.5556 0.4444 
 727      727   (0)      6 :  0.4952 0.5048 
 728      728   (0)      6 :  0.5656 0.4344 
 729      729   (0)      6 :  0.4210 0.5790 
 730      730   (0)      6 :  0.5170 0.4830 
 731      731   (0)      6 :  0.4600 0.5400 
 732      732   (0)      6 :  0.4360 0.5640 
 733      733   (0)      6 :  0.5192 0.4808 
 734      734   (0)      6 :  0.5140 0.4860 
 735      735   (0)      6 :  0.5200 0.4800 
 736      736   (0)      6 :  0.3030 0.6970 
 737      737   (0)      6 :  0.4998 0.5002 
 738      738   (0)      6 :  0.3306 0.6694 
 739      739   (0)      6 :  0.4162 0.5838 
 740      740   (0)      6 :  0.5030 0.4970 
 741      741   (0)      6 :  0.5490 0.4510 
 742      742   (0)      6 :  0.4730 0.5270 
 743      743   (0)      6 :  0.5426 0.4574 
 744      744   (0)      6 :  0.5270 0.4730 
 745      745   (0)      6 :  0.5158 0.4842 
 746      746   (0)      6 :  0.3468 0.6532 
 747      747   (0)      6 :  0.5108 0.4892 
 748      748   (0)      6 :  0.4150 0.5850 
 749      749   (0)      6 :  0.5724 0.4276 
 750      750   (0)      6 :  0.5032 0.4968 
 751      751   (0)      6 :  0.5860 0.4140 
 752      752   (0)      6 :  0.7340 0.2660 
 753      753   (0)      6 :  0.4860 0.5140 
 754      754   (0)      6 :  0.5100 0.4900 
 755      755   (0)      6 :  0.5420 0.4580 
 756      756   (0)      6 :  0.5910 0.4090 
 757      757   (0)      6 :  0.4782 0.5218 
 758      758   (0)      6 :  0.5190 0.4810 
 759      759   (0)      6 :  0.4472 0.5528 
 760      760   (0)      6 :  0.3940 0.6060 
 761      761   (0)      6 :  0.4560 0.5440 
 762      762   (0)      6 :  0.5740 0.4260 
 763      763   (0)      6 :  0.5850 0.4150 
 764      764   (0)      6 :  0.3886 0.6114 
 765      765   (0)      6 :  0.5412 0.4588 
 766      766   (0)      6 :  0.4478 0.5522 
 767      767   (0)      6 :  0.4050 0.5950 
 768      768   (0)      6 :  0.4376 0.5624 
 769      769   (0)      6 :  0.4860 0.5140 
 770      770   (0)      6 :  0.5160 0.4840 
 771      771   (0)      6 :  0.4280 0.5720 
 772      772   (0)      6 :  0.7330 0.2670 
 773      773   (0)      6 :  0.5170 0.4830 
 774      774   (0)      6 :  0.4558 0.5442 
 775      775   (0)      6 :  0.5484 0.4516 
 776      776   (0)      6 :  0.4092 0.5908 
 777      777   (0)      6 :  0.5264 0.4736 
 778      778   (0)      6 :  0.5140 0.4860 
 779      779   (0)      6 :  0.5912 0.4088 
 780      780   (0)      6 :  0.4310 0.5690 
 781      781   (0)      6 :  0.5270 0.4730 
 782      782   (0)      6 :  0.2704 0.7296 
 783      783   (0)      6 :  0.5120 0.4880 
 784      784   (0)      6 :  0.4170 0.5830 
 785      785   (0)      6 :  0.4800 0.5200 
 786      786   (0)      6 :  0.4602 0.5398 
 787      787   (0)      6 :  0.5298 0.4702 
 788      788   (0)      6 :  0.6010 0.3990 
 789      789   (0)      6 :  0.4908 0.5092 
 790      790   (0)      6 :  0.5062 0.4938 
 791      791   (0)      6 :  0.5150 0.4850 
 792      792   (0)      6 :  0.4860 0.5140 
 793      793   (0)      6 :  0.4810 0.5190 
 794      794   (0)      6 :  0.5110 0.4890 
 795      795   (0)      6 :  0.6900 0.3100 
 796      796   (0)      6 :  0.4310 0.5690 
 797      797   (0)      6 :  0.5960 0.4040 
 798      798   (0)      6 :  0.5392 0.4608 
 799      799   (0)      6 :  0.5400 0.4600 
 800      800   (0)      6 :  0.4458 0.5542 
 801      801   (0)      6 :  0.5502 0.4498 
 802      802   (0)      6 :  0.5192 0.4808 
 803      803   (0)      6 :  0.5150 0.4850 
 804      804   (0)      6 :  0.4444 0.5556 
 805      805   (0)      6 :  0.5100 0.4900 
 806      806   (0)      6 :  0.4398 0.5602 
 807      807   (0)      7 :  0.1150 0.8850 
 808      808   (0)      7 :  0.2260 0.7740 
 809      809   (0)      8 :  0.2248 0.7752 
 810      810   (0)      8 :  0.2220 0.7780 
 811      811   (0)      8 :  0.3322 0.6678 
 812      812   (0)      8 :  0.3506 0.6494 
 813      813   (0)      8 :  0.2314 0.7686 
 814      814   (0)      8 :  0.1390 0.8610 
 815      815   (0)      8 :  0.3204 0.6796 
 816      816   (0)      8 :  0.1550 0.8450 
 817      817   (0)      8 :  0.2170 0.7830 
 818      818   (0)      8 :  0.2332 0.7668 
 819      819   (0)      8 :  0.2690 0.7310 
 820      820   (0)      8 :  0.2100 0.7900 
 821      821   (0)      8 :  0.2070 0.7930 
 822      822   (0)      8 :  0.0130 0.9870 
 823      823   (0)      8 :  0.2132 0.7868 
 824      824   (0)      8 :  0.0572 0.9428 
 825      825   (0)      8 :  0.3010 0.6990 
 826      826   (0)      8 :  0.1480 0.8520 
 827      827   (0)      8 :  0.4138 0.5862 
 828      828   (0)      8 :  0.2524 0.7476 
 829      829   (0)      8 :  0.1234 0.8766 
 830      830   (0)      8 :  0.3386 0.6614 
 831      831   (0)      8 :  0.3056 0.6944 
 832      832   (0)      8 :  0.0660 0.9340 
 833      833   (0)      8 :  0.2140 0.7860 
 834      834   (0)      8 :  0.1998 0.8002 
 835      835   (0)      8 :  0.1810 0.8190 
 836      836   (0)      8 :  0.4004 0.5996 
 837      837   (0)      8 :  0.1130 0.8870 
 838      838   (0)      8 :  0.2480 0.7520 
 839      839   (0)      8 :  0.4260 0.5740 
 840      840   (0)      8 :  0.2572 0.7428 
 841      841   (0)      8 :  0.1164 0.8836 
 842      842   (0)      8 :  0.2366 0.7634 
 843      843   (0)      8 :  0.1540 0.8460 
 844      844   (0)      8 :  0.2848 0.7152 
 845      845   (0)      8 :  0.0230 0.9770 
 846      846   (0)      8 :  0.3178 0.6822 
 847      847   (0)      8 :  0.2630 0.7370 
 848      848   (0)      8 :  0.2198 0.7802 
 849      849   (0)      8 :  0.1170 0.8830 
 850      850   (0)      8 :  0.1380 0.8620 
 851      851   (0)      8 :  0.2380 0.7620 
 852      852   (0)      8 :  0.2210 0.7790 
 853      853   (0)      8 :  0.2748 0.7252 
 854      854   (0)      8 :  0.2342 0.7658 
 855      855   (0)      8 :  0.1390 0.8610 
 856      856   (0)      8 :  0.2400 0.7600 
 857      857   (0)      8 :  0.1520 0.8480 
 858      858   (0)      8 :  0.0900 0.9100 
 859      859   (0)      8 :  0.5052 0.4948 
 860      860   (0)      8 :  0.2550 0.7450 
 861      861   (0)      8 :  0.4052 0.5948 
 862      862   (0)      8 :  0.3588 0.6412 
 863      863   (0)      8 :  0.2494 0.7506 
 864      864   (0)      8 :  0.1196 0.8804 
 865      865   (0)      8 :  0.1870 0.8130 
 866      866   (0)      8 :  0.3430 0.6570 
 867      867   (0)      8 :  0.2624 0.7376 
 868      868   (0)      8 :  0.3922 0.6078 
 869      869   (0)      8 :  0.2960 0.7040 
 870      870   (0)      8 :  0.1790 0.8210 
 871      871   (0)      8 :  0.1376 0.8624 
 872      872   (0)      8 :  0.2080 0.7920 
 873      873   (0)      8 :  0.0536 0.9464 
 874      874   (0)      8 :  0.3360 0.6640 
 875      875   (0)      8 :  0.1600 0.8400 
 876      876   (0)      8 :  0.0080 0.9920 
 877      877   (0)      8 :  0.2072 0.7928 
 878      878   (0)      8 :  0.3100 0.6900 
 879      879   (0)      8 :  0.3650 0.6350 
 880      880   (0)      8 :  0.3110 0.6890 
 881      881   (0)      8 :  0.4080 0.5920 
 882      882   (0)      8 :  0.3802 0.6198 
 883      883   (0)      8 :  0.2490 0.7510 
 884      884   (0)      8 :  0.1812 0.8188 
 885      885   (0)      8 :  0.3700 0.6300 
 886      886   (0)      8 :  0.1148 0.8852 
 887      887   (0)      8 :  0.2390 0.7610 
 888      888   (0)      8 :  0.0320 0.9680 
 889      889   (0)      8 :  0.1666 0.8334 
 890      890   (0)      8 :  0.0270 0.9730 
 891      891   (0)      8 :  0.1890 0.8110 
 892      892   (0)      8 :  0.1980 0.8020 
 893      893   (0)      8 :  0.1786 0.8214 
 894      894   (0)      8 :  0.2222 0.7778 
 895      895   (0)      8 :  0.3290 0.6710 
 896      896   (0)      8 :  0.1720 0.8280 
 897      897   (0)      8 :  0.1960 0.8040 
 898      898   (0)      8 :  0.1858 0.8142 
 899      899   (0)      8 :  0.2370 0.7630 
 900      900   (0)      8 :  0.0150 0.9850 
 901      901   (0)      8 :  0.2822 0.7178 
 902      902   (0)      8 :  0.2530 0.7470 
 903      903   (0)      8 :  0.1590 0.8410 
 904      904   (0)      8 :  0.2430 0.7570 
 905      905   (0)      8 :  0.1640 0.8360 
 906      906   (0)      8 :  0.2542 0.7458 
 907      907   (0)      8 :  0.1870 0.8130 
 908      908   (0)      8 :  0.2980 0.7020 
 909      909  (10)      9 :  0.0634 0.9366 
 910      910   (5)      9 :  0.0160 0.9840 
 911      911   (5)      9 :  0.3980 0.6020 
 912      912   (5)      9 :  0.0100 0.9900 
 913      913  (10)      9 :  0.2090 0.7910 
 914      914   (5)      9 :  0.4380 0.5620 
 915      915  (10)      9 :  0.0710 0.9290 
 916      916   (0)      9 :  0.0970 0.9030 
 917      917   (0)      9 :  0.0450 0.9550 
 918      918   (0)      9 :  0.0090 0.9910 
 919      919   (0)      9 :  0.0484 0.9516 
 920      920   (0)      9 :  0.1630 0.8370 
 921      921   (0)      9 :  0.0220 0.9780 
 922      922   (0)      9 :  0.1268 0.8732 
 923      923   (0)      9 :  0.0962 0.9038 
 924      924   (0)      9 :  0.1590 0.8410 
 925      925   (0)      9 :  0.1978 0.8022 
 926      926   (0)      9 :  0.3950 0.6050 
 927      927   (0)      9 :  0.0220 0.9780 
 928      928   (5)      9 :  0.0306 0.9694 
 929      929   (0)      9 :  0.1150 0.8850 
 930      930   (0)      9 :  0.2230 0.7770 
 931      931   (5)      9 :  0.0660 0.9340 
 932      932   (5)      9 :  0.0360 0.9640 
 933      933   (0)      9 :  0.2030 0.7970 
 934      934   (0)      9 :  0.0886 0.9114 
 935      935   (0)      9 :  0.0410 0.9590 
 936      936   (0)      9 :  0.0110 0.9890 
 937      937   (0)      9 :  0.0080 0.9920 
 938      938   (0)      9 :  0.0070 0.9930 
 939      939   (0)      9 :  0.0060 0.9940 
 940      940   (0)      9 :  0.0250 0.9750 
 941      941   (0)      9 :  0.1658 0.8342 
 942      942   (0)      9 :  0.0990 0.9010 
 943      943   (0)      9 :  0.0500 0.9500 
 944      944   (0)      9 :  0.0840 0.9160 
 945      945   (0)      9 :  0.2360 0.7640 
 946      946   (0)      9 :  0.0140 0.9860 
 947      947   (0)      9 :  0.1770 0.8230 
 948      948   (0)      9 :  0.1730 0.8270 
 949      949   (0)      9 :  0.0240 0.9760 
 950      950   (0)      9 :  0.1010 0.8990 
 951      951   (0)     10 :  0.0460 0.9540 
 952      952   (0)     10 :  0.0350 0.9650 
 953      953   (0)     10 :  0.1940 0.8060 
 954      954   (0)     10 :  0.0260 0.9740 
 955      955   (0)     10 :  0.0400 0.9600 
 956      956   (0)     10 :  0.2470 0.7530 
 957      957   (0)     10 :  0.1102 0.8898 
 958      958   (0)     10 :  0.0480 0.9520 
 959      959   (0)     10 :  0.0120 0.9880 
 960      960   (0)     10 :  0.0202 0.9798 
 961      961   (0)     10 :  0.1380 0.8620 
 962      962   (0)     10 :  0.0578 0.9422 
 963      963   (0)     10 :  0.1730 0.8270 
 964      964   (0)     10 :  0.1192 0.8808 
 965      965   (0)     10 :  0.0120 0.9880 
 966      966   (0)     10 :  0.0230 0.9770 
 967      967   (0)     10 :  0.0362 0.9638 
 968      968   (0)     10 :  0.2494 0.7506 
 969      969   (0)     10 :  0.0110 0.9890 
 970      970   (0)     10 :  0.2976 0.7024 
 971      971   (0)     10 :  0.0240 0.9760 
 972      972   (0)     10 :  0.0180 0.9820 
 973      973   (0)     10 :  0.2360 0.7640 
 974      974   (0)     10 :  0.1174 0.8826 
 975      975   (0)     10 :  0.2220 0.7780 
 976      976   (0)     10 :  0.1260 0.8740 
 977      977   (0)     10 :  0.0130 0.9870 
 978      978   (0)     10 :  0.0722 0.9278 
 979      979   (0)     10 :  0.2280 0.7720 
 980      980   (0)     10 :  0.0850 0.9150 
 981      981   (0)     10 :  0.1140 0.8860 
 982      982   (0)     10 :  0.1986 0.8014 
 983      983   (0)     10 :  0.0150 0.9850 
 984      984   (0)     10 :  0.0160 0.9840 
 985      985   (0)     10 :  0.2668 0.7332 
 986      986   (0)     10 :  0.2910 0.7090 
 987      987   (0)     10 :  0.1510 0.8490 
 988      988   (0)     10 :  0.0560 0.9440 
 989      989   (0)     10 :  0.2314 0.7686 
 990      990   (0)     10 :  0.0980 0.9020 
 991      991   (0)     10 :  0.0210 0.9790 
 992      992   (0)     10 :  0.0130 0.9870 
 993      993   (0)     10 :  0.2316 0.7684 
 994      994   (0)     10 :  0.0672 0.9328 
 995      995   (0)     10 :  0.0810 0.9190 
 996      996   (0)     10 :  0.1640 0.8360 
 997      997   (0)     10 :  0.1470 0.8530 
 998      998   (0)     10 :  0.1080 0.8920 
 999      999   (0)     10 :  0.0220 0.9780 
1000     1000   (0)     10 :  0.1590 0.8410 
1001     1001   (0)     10 :  0.0140 0.9860 
1002     1002   (0)     10 :  0.2980 0.7020 
1003     1003   (0)     10 :  0.1410 0.8590 
1004     1004   (0)     10 :  0.0700 0.9300 
1005     1005   (0)     10 :  0.0720 0.9280 
1006     1006   (0)     10 :  0.1064 0.8936 
1007     1007   (0)     10 :  0.0496 0.9504 
1008     1008   (0)     10 :  0.0350 0.9650 
1009     1009   (0)     10 :  0.0300 0.9700 
1010     1010   (0)     10 :  0.0930 0.9070 
1011     1011   (0)     10 :  0.2240 0.7760 
1012     1012   (0)     10 :  0.1118 0.8882 
1013     1013   (0)     10 :  0.1222 0.8778 
1014     1014   (0)     10 :  0.0944 0.9056 
1015     1015   (0)     10 :  0.0930 0.9070 
1016     1016   (0)     10 :  0.0130 0.9870 
1017     1017   (0)     10 :  0.0090 0.9910 
1018     1018   (0)     10 :  0.0120 0.9880 
1019     1019   (0)     10 :  0.0470 0.9530 
1020     1020   (0)     10 :  0.1800 0.8200 
1021     1021   (0)     10 :  0.0620 0.9380 
1022     1022   (0)     10 :  0.0070 0.9930 
1023     1023   (0)     10 :  0.0210 0.9790 
1024     1024   (0)     10 :  0.0360 0.9640 
1025     1025   (0)     10 :  0.2750 0.7250 
1026     1026   (0)     10 :  0.1588 0.8412 
1027     1027   (0)     10 :  0.1638 0.8362 
1028     1028   (0)     10 :  0.0140 0.9860 
1029     1029   (0)     10 :  0.0340 0.9660 
1030     1030   (0)     10 :  0.0310 0.9690 
1031     1031   (0)     10 :  0.0688 0.9312 
1032     1032   (0)     10 :  0.1134 0.8866 
1033     1033   (0)     10 :  0.0764 0.9236 
1034     1034   (0)     10 :  0.2150 0.7850 
1035     1035   (0)     10 :  0.1410 0.8590 
1036     1036   (0)     10 :  0.0524 0.9476 
1037     1037   (0)     10 :  0.0832 0.9168 
1038     1038   (0)     10 :  0.2058 0.7942 
1039     1039   (0)     10 :  0.0620 0.9380 
1040     1040   (0)     10 :  0.1480 0.8520 
1041     1041   (0)     10 :  0.0282 0.9718 
1042     1042   (0)     10 :  0.0420 0.9580 
1043     1043   (0)     10 :  0.2640 0.7360 
1044     1044   (0)     10 :  0.0240 0.9760 
1045     1045   (0)     10 :  0.0750 0.9250 
1046     1046   (0)     10 :  0.0500 0.9500 
1047     1047   (0)     10 :  0.0250 0.9750 
1048     1048   (0)     10 :  0.0450 0.9550 
1049     1049   (0)     10 :  0.1474 0.8526 
1050     1050   (0)     10 :  0.1070 0.8930 
1051     1051   (0)     11 :  0.0420 0.9580 
1052     1052  (10)     11 :  0.0170 0.9830 
1053     1053  (10)     11 :  0.0150 0.9850 
1054     1054   (5)     11 :  0.0070 0.9930 
1055     1055   (5)     11 :  0.0090 0.9910 
1056     1056   (0)     11 :  0.0070 0.9930 
1057     1057   (5)     11 :  0.0090 0.9910 
1058     1058   (5)     11 :  0.0100 0.9900 
1059     1059   (0)     11 :  0.0060 0.9940 
1060     1060   (0)     11 :  0.0070 0.9930 
1061     1061   (0)     11 :  0.0070 0.9930 
1062     1062   (0)     11 :  0.0070 0.9930 
1063     1063   (0)     11 :  0.0080 0.9920 
1064     1064   (5)     11 :  0.0070 0.9930 
1065     1065   (5)     11 :  0.0320 0.9680 
1066     1066  (10)     11 :  0.0180 0.9820 
1067     1067   (0)     11 :  0.0078 0.9922 
1068     1068   (5)     11 :  0.0360 0.9640 
1069     1069   (5)     11 :  0.0110 0.9890 
1070     1070   (0)     11 :  0.0068 0.9932 
1071     1071   (5)     11 :  0.0080 0.9920 
1072     1072   (0)     11 :  0.0130 0.9870 
1073     1073   (5)     11 :  0.0060 0.9940 
1074     1074   (0)     11 :  0.0080 0.9920 
1075     1075   (0)     11 :  0.0120 0.9880 
1076     1076   (0)     11 :  0.0250 0.9750 
1077     1077   (0)     11 :  0.0080 0.9920 
1078     1078   (0)     11 :  0.0090 0.9910 
1079     1079   (0)     11 :  0.0140 0.9860 
1080     1080   (0)     11 :  0.0240 0.9760 
1081     1081   (0)     11 :  0.0190 0.9810 
1082     1082   (0)     11 :  0.0240 0.9760 
1083     1083   (0)     11 :  0.0080 0.9920 
1084     1084   (0)     11 :  0.0150 0.9850 
1085     1085   (0)     11 :  0.0190 0.9810 
1086     1086   (0)     11 :  0.0060 0.9940 
1087     1087   (0)     11 :  0.0170 0.9830 
1088     1088   (0)     11 :  0.0070 0.9930 
1089     1089   (5)     11 :  0.0100 0.9900 
1090     1090   (5)     11 :  0.0100 0.9900 
1091     1091   (0)     11 :  0.0114 0.9886 
1092     1092  (15)     11 :  0.0180 0.9820 
1093     1093  (10)     11 :  0.0060 0.9940 
1094     1094  (10)     11 :  0.0090 0.9910 
1095     1095  (10)     11 :  0.0136 0.9864 
1096     1096   (5)     11 :  0.0140 0.9860 
1097     1097   (5)     11 :  0.0070 0.9930 
1098     1098   (5)     11 :  0.0080 0.9920 
1099     1099   (5)     11 :  0.0080 0.9920 
1100     1100   (5)     11 :  0.0100 0.9900 
1101     1101   (5)     11 :  0.0100 0.9900 
1102     1102  (15)     11 :  0.0230 0.9770 
1103     1103   (5)     11 :  0.0380 0.9620 
1104     1104   (5)     11 :  0.0060 0.9940 
1105     1105  (15)     11 :  0.0110 0.9890 
1106     1106   (5)     11 :  0.0648 0.9352 
1107     1107   (5)     11 :  0.0410 0.9590 
1108     1108   (5)     11 :  0.0110 0.9890 
1109     1109   (5)     11 :  0.0080 0.9920 
1110     1110  (10)     11 :  0.0130 0.9870 
1111     1111   (5)     11 :  0.0100 0.9900 
1112     1112   (5)     11 :  0.0118 0.9882 
1113     1113  (10)     11 :  0.0090 0.9910 
1114     1114  (10)     11 :  0.0100 0.9900 
1115     1115  (10)     11 :  0.0380 0.9620 
1116     1116  (10)     11 :  0.0392 0.9608 
1117     1117   (5)     11 :  0.0080 0.9920 
1118     1118  (10)     11 :  0.0160 0.9840 
1119     1119   (0)     11 :  0.0060 0.9940 
1120     1120   (5)     11 :  0.0090 0.9910 
1121     1121   (0)     11 :  0.0060 0.9940 
1122     1122   (0)     11 :  0.0060 0.9940 
1123     1123   (0)     11 :  0.0120 0.9880 
1124     1124   (0)     11 :  0.0170 0.9830 
1125     1125   (0)     11 :  0.0070 0.9930 
1126     1126   (0)     11 :  0.0470 0.9530 
1127     1127   (0)     11 :  0.0120 0.9880 
1128     1128  (10)     11 :  0.0114 0.9886 
1129     1129  (10)     11 :  0.2918 0.7082 
1130     1130   (0)     11 :  0.0260 0.9740 
1131     1131   (5)     11 :  0.0480 0.9520 
1132     1132   (0)     11 :  0.0130 0.9870 
1133     1133   (5)     11 :  0.0350 0.9650 
1134     1134   (5)     11 :  0.0080 0.9920 
1135     1135   (5)     11 :  0.0100 0.9900 
1136     1136  (10)     11 :  0.0060 0.9940 
1137     1137   (0)     11 :  0.0070 0.9930 
1138     1138   (0)     11 :  0.0080 0.9920 
1139     1139   (0)     11 :  0.0748 0.9252 
1140     1140   (0)     11 :  0.0080 0.9920 
1141     1141   (0)     11 :  0.0140 0.9860 
1142     1142   (0)     11 :  0.0080 0.9920 
1143     1143   (0)     11 :  0.0070 0.9930 
1144     1144   (0)     11 :  0.0140 0.9860 
1145     1145   (0)     11 :  0.0080 0.9920 
1146     1146   (0)     11 :  0.0100 0.9900 
1147     1147   (0)     11 :  0.0110 0.9890 
1148     1148   (0)     11 :  0.0410 0.9590 
1149     1149   (0)     11 :  0.0250 0.9750 
1150     1150   (0)     11 :  0.0150 0.9850 
1151     1151   (0)     11 :  0.0100 0.9900 
1152     1152   (0)     11 :  0.0260 0.9740 
1153     1153   (0)     11 :  0.0074 0.9926 
1154     1154   (5)     11 :  0.0110 0.9890 
1155     1155   (0)     11 :  0.0110 0.9890 
1156     1156   (5)     11 :  0.2984 0.7016 
1157     1157   (0)     11 :  0.0090 0.9910 
1158     1158   (0)     11 :  0.0270 0.9730 
1159     1159   (0)     11 :  0.0150 0.9850 
1160     1160   (0)     11 :  0.0130 0.9870 
1161     1161   (0)     11 :  0.0080 0.9920 
1162     1162   (0)     11 :  0.0080 0.9920 
1163     1163   (0)     11 :  0.0180 0.9820 
1164     1164   (0)     11 :  0.0070 0.9930 
1165     1165   (0)     11 :  0.0120 0.9880 
1166     1166   (0)     11 :  0.0070 0.9930 
1167     1167   (0)     11 :  0.0618 0.9382 
1168     1168   (0)     11 :  0.0070 0.9930 
1169     1169   (0)     11 :  0.0180 0.9820 
1170     1170   (5)     11 :  0.0090 0.9910 
1171     1171   (0)     11 :  0.0160 0.9840 
1172     1172   (0)     11 :  0.0140 0.9860 
1173     1173   (0)     11 :  0.0150 0.9850 
1174     1174  (10)     11 :  0.0090 0.9910 
1175     1175   (0)     11 :  0.0080 0.9920 
1176     1176   (0)     11 :  0.0080 0.9920 
1177     1177   (0)     11 :  0.0126 0.9874 
1178     1178  (10)     11 :  0.0090 0.9910 
1179     1179   (5)     11 :  0.0070 0.9930 
1180     1180   (0)     11 :  0.0098 0.9902 
1181     1181   (5)     11 :  0.0090 0.9910 
1182     1182   (5)     11 :  0.0060 0.9940 
1183     1183  (10)     11 :  0.0120 0.9880 
1184     1184   (0)     11 :  0.0070 0.9930 
1185     1185   (5)     11 :  0.0140 0.9860 
1186     1186  (10)     11 :  0.0090 0.9910 
1187     1187   (0)     11 :  0.0230 0.9770 
1188     1188   (0)     11 :  0.0478 0.9522 
1189     1189   (0)     11 :  0.0080 0.9920 
1190     1190   (0)     11 :  0.0130 0.9870 
1191     1191   (0)     11 :  0.0070 0.9930 
1192     1192   (0)     11 :  0.0160 0.9840 
1193     1193   (0)     11 :  0.0070 0.9930 
1194     1194   (0)     11 :  0.0080 0.9920 
1195     1195   (0)     11 :  0.0070 0.9930 
1196     1196   (5)     11 :  0.0178 0.9822 
1197     1197   (0)     11 :  0.0060 0.9940 
1198     1198   (0)     11 :  0.0080 0.9920 
1199     1199   (0)     11 :  0.0080 0.9920 
1200     1200   (5)     11 :  0.0210 0.9790 
1201     1201   (0)     11 :  0.0100 0.9900 
1202     1202   (0)     11 :  0.0282 0.9718 
1203     1203   (0)     11 :  0.0080 0.9920 
1204     1204   (0)     11 :  0.0080 0.9920 
1205     1205   (0)     11 :  0.0080 0.9920 
1206     1206   (0)     11 :  0.0130 0.9870 
1207     1207   (0)     11 :  0.0270 0.9730 
1208     1208   (0)     11 :  0.0080 0.9920 
1209     1209   (0)     11 :  0.0080 0.9920 
1210     1210   (0)     11 :  0.0170 0.9830 
1211     1211   (0)     11 :  0.0090 0.9910 
1212     1212   (0)     11 :  0.0060 0.9940 
1213     1213   (0)     11 :  0.0090 0.9910 
1214     1214   (0)     11 :  0.0070 0.9930 
1215     1215   (0)     11 :  0.0060 0.9940 
1216     1216   (0)     11 :  0.0070 0.9930 
1217     1217   (0)     11 :  0.0070 0.9930 
1218     1218   (0)     11 :  0.0160 0.9840 
1219     1219   (0)     11 :  0.0120 0.9880 
1220     1220   (0)     11 :  0.0076 0.9924 
1221     1221  (10)     11 :  0.0180 0.9820 
1222     1222   (5)     11 :  0.0090 0.9910 
1223     1223  (10)     11 :  0.0100 0.9900 
1224     1224   (5)     11 :  0.1252 0.8748 
1225     1225  (10)     11 :  0.0090 0.9910 
1226     1226  (10)     11 :  0.0090 0.9910 
1227     1227   (0)     11 :  0.0150 0.9850 
1228     1228   (5)     11 :  0.0220 0.9780 
1229     1229   (5)     11 :  0.0400 0.9600 
1230     1230  (10)     11 :  0.0120 0.9880 
1231     1231   (0)     11 :  0.0080 0.9920 
1232     1232   (0)     11 :  0.0130 0.9870 
1233     1233   (0)     11 :  0.0100 0.9900 
1234     1234   (0)     11 :  0.0120 0.9880 
1235     1235   (0)     11 :  0.0400 0.9600 
1236     1236   (0)     11 :  0.1156 0.8844 
1237     1237   (0)     11 :  0.1132 0.8868 
1238     1238   (0)     11 :  0.0080 0.9920 
1239     1239   (0)     11 :  0.0070 0.9930 
1240     1240   (5)     11 :  0.1678 0.8322 
1241     1241   (0)     11 :  0.1122 0.8878 
1242     1242   (0)     11 :  0.0100 0.9900 
1243     1243  (10)     11 :  0.0280 0.9720 
1244     1244   (5)     11 :  0.0120 0.9880 
1245     1245   (0)     11 :  0.0060 0.9940 
1246     1246   (5)     11 :  0.0638 0.9362 
1247     1247   (5)     11 :  0.0110 0.9890 
1248     1248   (0)     11 :  0.0076 0.9924 
1249     1249   (0)     11 :  0.0310 0.9690 
1250     1250   (0)     11 :  0.0120 0.9880 
1251     1251   (0)     11 :  0.0410 0.9590 
1252     1252   (0)     11 :  0.0070 0.9930 
1253     1253   (0)     11 :  0.0180 0.9820 
1254     1254   (0)     11 :  0.0070 0.9930 
1255     1255   (0)     11 :  0.0060 0.9940 
1256     1256   (0)     11 :  0.0060 0.9940 
1257     1257   (0)     11 :  0.0090 0.9910 
1258     1258   (0)     11 :  0.0258 0.9742 
1259     1259   (0)     11 :  0.0090 0.9910 
1260     1260   (0)     11 :  0.0090 0.9910 
1261     1261   (0)     11 :  0.0100 0.9900 
1262     1262   (0)     11 :  0.0090 0.9910 
1263     1263   (0)     11 :  0.0160 0.9840 
1264     1264   (0)     11 :  0.0090 0.9910 
1265     1265   (0)     11 :  0.0080 0.9920 
1266     1266   (0)     11 :  0.0080 0.9920 
1267     1267   (0)     11 :  0.0070 0.9930 
1268     1268   (0)     11 :  0.0060 0.9940 
1269     1269   (0)     11 :  0.0070 0.9930 
1270     1270   (0)     11 :  0.0070 0.9930 
1271     1271   (0)     11 :  0.0170 0.9830 
1272     1272   (0)     11 :  0.0290 0.9710 
1273     1273   (0)     11 :  0.0070 0.9930 
1274     1274   (0)     11 :  0.0548 0.9452 
1275     1275   (0)     11 :  0.0070 0.9930 
1276     1276   (0)     11 :  0.0080 0.9920 
1277     1277   (0)     11 :  0.0080 0.9920 
1278     1278   (0)     11 :  0.0160 0.9840 
1279     1279   (0)     11 :  0.0260 0.9740 
1280     1280   (0)     11 :  0.0070 0.9930 
1281     1281   (0)     11 :  0.0150 0.9850 
1282     1282   (0)     11 :  0.0080 0.9920 
1283     1283   (0)     11 :  0.0242 0.9758 
1284     1284   (0)     11 :  0.0090 0.9910 
1285     1285   (0)     11 :  0.0090 0.9910 
1286     1286   (0)     11 :  0.0110 0.9890 
1287     1287   (0)     11 :  0.0100 0.9900 
1288     1288   (0)     11 :  0.0080 0.9920 
1289     1289   (0)     11 :  0.0070 0.9930 
1290     1290   (0)     11 :  0.0070 0.9930 
1291     1291   (0)     12 :  0.0082 0.9918 
1292     1292   (0)     12 :  0.0390 0.9610 
1293     1293   (0)     12 :  0.0220 0.9780 
1294     1294   (0)     12 :  0.0090 0.9910 
1295     1295   (0)     12 :  0.0080 0.9920 
1296     1296   (0)     12 :  0.0176 0.9824 
1297     1297   (0)     12 :  0.0090 0.9910 
1298     1298   (0)     12 :  0.0080 0.9920 
1299     1299   (0)     12 :  0.0094 0.9906 
1300     1300   (0)     12 :  0.0220 0.9780 
1301     1301   (0)     12 :  0.0070 0.9930 
1302     1302   (0)     12 :  0.0090 0.9910 
1303     1303   (0)     12 :  0.0190 0.9810 
1304     1304   (0)     12 :  0.0090 0.9910 
1305     1305   (0)     12 :  0.0130 0.9870 
1306     1306   (0)     12 :  0.0180 0.9820 
1307     1307   (0)     12 :  0.0100 0.9900 
1308     1308   (0)     12 :  0.0090 0.9910 
1309     1309   (0)     12 :  0.0174 0.9826 
1310     1310   (0)     12 :  0.0070 0.9930 
1311     1311   (0)     12 :  0.0380 0.9620 
1312     1312   (0)     12 :  0.0120 0.9880 
1313     1313   (0)     12 :  0.0150 0.9850 
1314     1314   (0)     12 :  0.0100 0.9900 
1315     1315   (0)     12 :  0.0110 0.9890 
1316     1316   (0)     12 :  0.0060 0.9940 
1317     1317   (0)     12 :  0.0150 0.9850 
1318     1318   (0)     12 :  0.0080 0.9920 
1319     1319   (0)     12 :  0.0118 0.9882 
1320     1320   (0)     12 :  0.0080 0.9920 
1321     1321   (0)     12 :  0.0120 0.9880 
1322     1322   (0)     12 :  0.0110 0.9890 
1323     1323   (0)     12 :  0.0100 0.9900 
1324     1324   (0)     12 :  0.0090 0.9910 
1325     1325   (0)     12 :  0.0072 0.9928 
1326     1326   (0)     12 :  0.0130 0.9870 
1327     1327   (0)     12 :  0.0100 0.9900 
1328     1328   (0)     12 :  0.0120 0.9880 
1329     1329   (0)     12 :  0.0150 0.9850 
1330     1330   (0)     12 :  0.0080 0.9920 
1331     1331   (0)     12 :  0.0130 0.9870 
1332     1332   (0)     12 :  0.0090 0.9910 
1333     1333   (0)     12 :  0.0100 0.9900 
1334     1334   (0)     12 :  0.0140 0.9860 
1335     1335   (0)     12 :  0.0200 0.9800 
1336     1336   (0)     12 :  0.0070 0.9930 
1337     1337   (0)     12 :  0.0080 0.9920 
1338     1338   (0)     12 :  0.0100 0.9900 
1339     1339   (0)     12 :  0.0754 0.9246 
1340     1340   (0)     12 :  0.0170 0.9830 
1341     1341   (0)     12 :  0.0060 0.9940 
1342     1342   (0)     12 :  0.0070 0.9930 
1343     1343   (0)     12 :  0.0070 0.9930 
1344     1344   (0)     12 :  0.0100 0.9900 
1345     1345   (0)     12 :  0.0170 0.9830 
1346     1346   (0)     12 :  0.0090 0.9910 
1347     1347   (0)     12 :  0.0170 0.9830 
1348     1348   (0)     12 :  0.0110 0.9890 
1349     1349   (0)     12 :  0.0070 0.9930 
1350     1350   (0)     12 :  0.0090 0.9910 
1351     1351   (0)     12 :  0.0110 0.9890 
1352     1352   (0)     12 :  0.0240 0.9760 
1353     1353   (0)     12 :  0.0070 0.9930 
1354     1354   (0)     12 :  0.0070 0.9930 
1355     1355   (0)     12 :  0.0080 0.9920 
1356     1356   (0)     12 :  0.0080 0.9920 
1357     1357   (0)     12 :  0.0080 0.9920 
1358     1358   (0)     12 :  0.0150 0.9850 
1359     1359   (0)     12 :  0.0090 0.9910 
1360     1360   (0)     12 :  0.0090 0.9910 
1361     1361   (0)     12 :  0.0110 0.9890 
1362     1362   (0)     12 :  0.0170 0.9830 
1363     1363   (0)     12 :  0.0150 0.9850 
1364     1364   (0)     12 :  0.0130 0.9870 
1365     1365   (0)     12 :  0.0070 0.9930 
1366     1366   (0)     12 :  0.0176 0.9824 
1367     1367   (0)     12 :  0.0180 0.9820 
1368     1368   (0)     12 :  0.0070 0.9930 
1369     1369   (0)     12 :  0.0090 0.9910 
1370     1370   (0)     12 :  0.0280 0.9720 
1371     1371   (0)     12 :  0.0090 0.9910 
1372     1372   (0)     12 :  0.0092 0.9908 
1373     1373   (0)     12 :  0.0100 0.9900 
1374     1374   (0)     12 :  0.0100 0.9900 
1375     1375   (0)     12 :  0.0080 0.9920 
1376     1376   (0)     12 :  0.0110 0.9890 
1377     1377   (0)     12 :  0.0070 0.9930 
1378     1378   (0)     12 :  0.0150 0.9850 
1379     1379   (0)     12 :  0.0070 0.9930 
1380     1380   (0)     12 :  0.0230 0.9770 
1381     1381   (0)     12 :  0.0110 0.9890 
1382     1382   (0)     12 :  0.0070 0.9930 
1383     1383   (0)     12 :  0.0110 0.9890 
1384     1384   (0)     12 :  0.0130 0.9870 
1385     1385   (0)     12 :  0.0080 0.9920 
1386     1386   (0)     12 :  0.0060 0.9940 
1387     1387   (0)     12 :  0.0070 0.9930 
1388     1388   (0)     12 :  0.0070 0.9930 
1389     1389   (0)     12 :  0.0178 0.9822 
1390     1390   (0)     12 :  0.0100 0.9900 
1391     1391   (0)     12 :  0.0180 0.9820 
1392     1392   (0)     12 :  0.0100 0.9900 
1393     1393   (0)     12 :  0.0140 0.9860 
1394     1394   (0)     12 :  0.0090 0.9910 
1395     1395   (0)     12 :  0.0130 0.9870 
1396     1396   (0)     12 :  0.0180 0.9820 
1397     1397   (0)     12 :  0.0070 0.9930 
1398     1398   (0)     12 :  0.0110 0.9890 
1399     1399   (0)     12 :  0.0100 0.9900 
1400     1400   (0)     12 :  0.0070 0.9930 
1401     1401   (0)     12 :  0.0130 0.9870 
1402     1402   (0)     12 :  0.0140 0.9860 
1403     1403   (0)     12 :  0.0120 0.9880 
1404     1404   (0)     12 :  0.0100 0.9900 
1405     1405   (0)     12 :  0.0070 0.9930 
1406     1406   (0)     12 :  0.0170 0.9830 
1407     1407   (0)     12 :  0.0090 0.9910 
1408     1408   (0)     12 :  0.0252 0.9748 
1409     1409   (0)     12 :  0.0110 0.9890 
1410     1410   (0)     12 :  0.0090 0.9910 
1411     1411   (0)     12 :  0.0092 0.9908 
1412     1412   (0)     12 :  0.0100 0.9900 
1413     1413   (0)     12 :  0.0080 0.9920 
1414     1414   (0)     12 :  0.0136 0.9864 
1415     1415   (0)     12 :  0.0080 0.9920 
1416     1416   (0)     12 :  0.0080 0.9920 
1417     1417   (0)     12 :  0.0080 0.9920 
1418     1418   (0)     12 :  0.0170 0.9830 
1419     1419   (0)     12 :  0.0080 0.9920 
1420     1420   (0)     12 :  0.0130 0.9870 
1421     1421   (0)     12 :  0.0130 0.9870 
1422     1422   (0)     12 :  0.0070 0.9930 
1423     1423   (0)     12 :  0.0180 0.9820 
1424     1424   (0)     12 :  0.0120 0.9880 
1425     1425   (0)     12 :  0.0230 0.9770 
1426     1426   (0)     12 :  0.0272 0.9728 
1427     1427   (0)     12 :  0.0090 0.9910 
1428     1428   (0)     12 :  0.0060 0.9940 
1429     1429   (0)     12 :  0.0230 0.9770 
1430     1430   (0)     12 :  0.0330 0.9670 
1431     1431   (0)     12 :  0.0080 0.9920 
1432     1432   (0)     12 :  0.0080 0.9920 
1433     1433   (0)     12 :  0.0070 0.9930 
1434     1434   (0)     12 :  0.0070 0.9930 
1435     1435   (0)     12 :  0.0070 0.9930 
1436     1436   (0)     12 :  0.0130 0.9870 
1437     1437   (0)     12 :  0.0110 0.9890 
1438     1438   (0)     12 :  0.0120 0.9880 
1439     1439   (0)     12 :  0.0080 0.9920 
1440     1440   (0)     12 :  0.0090 0.9910 
1441     1441   (0)     12 :  0.0130 0.9870 
1442     1442   (0)     12 :  0.0070 0.9930 
1443     1443   (0)     12 :  0.0680 0.9320 
1444     1444   (0)     12 :  0.0110 0.9890 
1445     1445   (0)     12 :  0.0206 0.9794 
1446     1446   (0)     12 :  0.0070 0.9930 
1447     1447   (0)     12 :  0.0140 0.9860 
1448     1448   (0)     12 :  0.0974 0.9026 
1449     1449   (0)     12 :  0.0088 0.9912 
1450     1450   (0)     12 :  0.0250 0.9750 
1451     1451   (0)     12 :  0.1278 0.8722 
1452     1452   (0)     12 :  0.0170 0.9830 
1453     1453   (0)     12 :  0.0100 0.9900 
1454     1454   (0)     12 :  0.0080 0.9920 
1455     1455   (0)     12 :  0.0130 0.9870 
1456     1456   (0)     12 :  0.0190 0.9810 
1457     1457   (0)     12 :  0.0080 0.9920 
1458     1458   (0)     12 :  0.0460 0.9540 
1459     1459   (0)     12 :  0.0230 0.9770 
1460     1460   (0)     12 :  0.0100 0.9900 
1461     1461   (0)     12 :  0.0080 0.9920 
1462     1462   (0)     12 :  0.0110 0.9890 
1463     1463   (0)     12 :  0.0060 0.9940 
1464     1464   (0)     12 :  0.0100 0.9900 
1465     1465   (0)     12 :  0.0080 0.9920 
1466     1466   (0)     12 :  0.0094 0.9906 
1467     1467   (0)     12 :  0.0080 0.9920 
1468     1468   (0)     12 :  0.0156 0.9844 
1469     1469   (0)     12 :  0.0110 0.9890 
1470     1470   (0)     12 :  0.0120 0.9880 
1471     1471   (0)     12 :  0.0080 0.9920 
1472     1472   (0)     12 :  0.0180 0.9820 
1473     1473   (0)     12 :  0.0200 0.9800 
1474     1474   (0)     12 :  0.0080 0.9920 
1475     1475   (0)     12 :  0.0060 0.9940 
1476     1476   (0)     12 :  0.0070 0.9930 
1477     1477   (0)     12 :  0.0100 0.9900 
1478     1478   (0)     12 :  0.0070 0.9930 
1479     1479   (0)     12 :  0.0090 0.9910 
1480     1480   (0)     12 :  0.0100 0.9900 
1481     1481   (0)     12 :  0.0354 0.9646 
1482     1482   (0)     12 :  0.0080 0.9920 
1483     1483   (0)     12 :  0.0100 0.9900 
1484     1484   (0)     12 :  0.0090 0.9910 
1485     1485   (0)     12 :  0.0110 0.9890 
1486     1486   (0)     12 :  0.0400 0.9600 
1487     1487   (0)     12 :  0.0100 0.9900 
1488     1488   (0)     12 :  0.0080 0.9920 
1489     1489   (0)     12 :  0.0080 0.9920 
1490     1490   (0)     12 :  0.0130 0.9870 
1491     1491   (0)     12 :  0.0100 0.9900 
1492     1492   (0)     12 :  0.0210 0.9790 
1493     1493   (0)     12 :  0.0100 0.9900 
1494     1494   (0)     12 :  0.0120 0.9880 
1495     1495   (0)     12 :  0.0430 0.9570 
1496     1496   (0)     12 :  0.0170 0.9830 
1497     1497   (0)     12 :  0.0090 0.9910 
1498     1498   (0)     12 :  0.0240 0.9760 
1499     1499   (0)     12 :  0.0070 0.9930 
1500     1500   (0)     12 :  0.0170 0.9830 
1501     1501   (0)     12 :  0.0090 0.9910 
1502     1502   (0)     12 :  0.0210 0.9790 
1503     1503   (0)     12 :  0.0120 0.9880 
1504     1504   (0)     12 :  0.0140 0.9860 
1505     1505   (0)     12 :  0.0200 0.9800 
1506     1506   (0)     12 :  0.0060 0.9940 
1507     1507   (0)     12 :  0.0110 0.9890 
1508     1508   (0)     12 :  0.0060 0.9940 
1509     1509   (0)     12 :  0.0450 0.9550 
1510     1510   (0)     12 :  0.0200 0.9800 
1511     1511   (0)     12 :  0.0220 0.9780 
1512     1512   (0)     12 :  0.0074 0.9926 
1513     1513   (0)     12 :  0.0110 0.9890 
1514     1514   (0)     12 :  0.0416 0.9584 
1515     1515   (0)     12 :  0.0100 0.9900 
1516     1516   (0)     12 :  0.0170 0.9830 
1517     1517   (0)     12 :  0.0278 0.9722 
1518     1518   (0)     12 :  0.0150 0.9850 
1519     1519   (0)     12 :  0.0080 0.9920 
1520     1520   (0)     12 :  0.0180 0.9820 
1521     1521   (0)     12 :  0.0080 0.9920 
1522     1522   (0)     12 :  0.0416 0.9584 
1523     1523   (0)     12 :  0.0070 0.9930 
1524     1524   (0)     12 :  0.0078 0.9922 
1525     1525   (0)     12 :  0.0170 0.9830 
1526     1526   (0)     12 :  0.0190 0.9810 
1527     1527   (0)     12 :  0.0070 0.9930 
1528     1528   (0)     12 :  0.0140 0.9860 
1529     1529   (0)     12 :  0.0678 0.9322 
1530     1530   (0)     12 :  0.0120 0.9880 
1531     1531   (0)     12 :  0.0152 0.9848 
1532     1532   (0)     12 :  0.0160 0.9840 
1533     1533   (0)     12 :  0.0188 0.9812 
1534     1534   (0)     12 :  0.0080 0.9920 
1535     1535   (0)     12 :  0.0350 0.9650 
1536     1536   (0)     12 :  0.0170 0.9830 
1537     1537   (0)     12 :  0.0170 0.9830 
1538     1538   (0)     12 :  0.0070 0.9930 
1539     1539   (0)     12 :  0.0160 0.9840 
1540     1540   (0)     12 :  0.0080 0.9920 
1541     1541   (0)     12 :  0.0360 0.9640 
1542     1542   (0)     12 :  0.0100 0.9900 
1543     1543   (0)     12 :  0.0070 0.9930 
1544     1544   (0)     12 :  0.0320 0.9680 
1545     1545   (0)     12 :  0.0090 0.9910 
1546     1546   (0)     12 :  0.0080 0.9920 
1547     1547   (0)     12 :  0.0060 0.9940 
1548     1548   (0)     12 :  0.0090 0.9910 
1549     1549   (0)     12 :  0.0070 0.9930 
1550     1550   (0)     12 :  0.0110 0.9890 
