  1        1   (5)      1 :  0.9570 0.0430 
  2        2   (5)      1 :  0.9210 0.0790 
  3        3   (5)      1 :  0.9774 0.0226 
  4        4   (0)      1 :  0.9810 0.0190 
  5        5   (0)      1 :  0.9080 0.0920 
  6        6   (0)      1 :  0.9730 0.0270 
  7        7   (0)      1 :  0.9182 0.0818 
  8        8   (5)      1 :  0.9770 0.0230 
  9        9   (0)      1 :  0.9810 0.0190 
 10       10   (0)      1 :  0.9450 0.0550 
 11       11   (0)      1 :  0.9680 0.0320 
 12       12   (0)      1 :  0.9604 0.0396 
 13       13   (0)      1 :  0.9780 0.0220 
 14       14   (0)      1 :  0.9630 0.0370 
 15       15   (0)      1 :  0.9750 0.0250 
 16       16   (0)      1 :  0.9840 0.0160 
 17       17   (0)      1 :  0.9800 0.0200 
 18       18   (0)      1 :  0.9416 0.0584 
 19       19   (0)      1 :  0.9770 0.0230 
 20       20   (0)      1 :  0.9324 0.0676 
 21       21   (0)      1 :  0.9810 0.0190 
 22       22   (0)      1 :  0.9840 0.0160 
 23       23   (0)      1 :  0.9810 0.0190 
 24       24   (0)      1 :  0.9790 0.0210 
 25       25   (0)      1 :  0.9430 0.0570 
 26       26   (0)      1 :  0.9690 0.0310 
 27       27   (5)      1 :  0.9448 0.0552 
 28       28   (0)      1 :  0.9620 0.0380 
 29       29   (0)      1 :  0.9790 0.0210 
 30       30   (0)      1 :  0.9290 0.0710 
 31       31   (0)      1 :  0.9780 0.0220 
 32       32   (0)      1 :  0.9706 0.0294 
 33       33   (0)      1 :  0.9840 0.0160 
 34       34   (0)      1 :  0.9820 0.0180 
 35       35   (0)      1 :  0.9460 0.0540 
 36       36   (0)      1 :  0.9700 0.0300 
 37       37   (0)      1 :  0.9570 0.0430 
 38       38   (0)      1 :  0.9740 0.0260 
 39       39   (0)      1 :  0.9700 0.0300 
 40       40   (0)      1 :  0.9720 0.0280 
 41       41   (0)      1 :  0.9730 0.0270 
 42       42   (0)      1 :  0.9850 0.0150 
 43       43   (0)      1 :  0.9720 0.0280 
 44       44   (0)      1 :  0.9820 0.0180 
 45       45   (5)      1 :  0.9560 0.0440 
 46       46   (0)      1 :  0.9820 0.0180 
 47       47   (0)      1 :  0.9690 0.0310 
 48       48   (0)      1 :  0.9710 0.0290 
 49       49   (0)      1 :  0.9494 0.0506 
 50       50   (0)      1 :  0.9710 0.0290 
 51       51   (0)      1 :  0.9700 0.0300 
 52       52   (0)      1 :  0.9134 0.0866 
 53       53   (0)      1 :  0.9630 0.0370 
 54       54   (0)      1 :  0.9630 0.0370 
 55       55   (0)      1 :  0.9680 0.0320 
 56       56   (0)      1 :  0.9780 0.0220 
 57       57  (10)      1 :  0.9750 0.0250 
 58       58   (5)      1 :  0.9620 0.0380 
 59       59   (0)      1 :  0.9660 0.0340 
 60       60   (0)      1 :  0.9780 0.0220 
 61       61   (0)      1 :  0.9650 0.0350 
 62       62   (0)      1 :  0.9300 0.0700 
 63       63   (0)      1 :  0.9680 0.0320 
 64       64   (0)      1 :  0.9690 0.0310 
 65       65   (0)      1 :  0.9476 0.0524 
 66       66   (0)      1 :  0.9780 0.0220 
 67       67   (5)      1 :  0.9718 0.0282 
 68       68   (0)      1 :  0.9430 0.0570 
 69       69   (0)      1 :  0.9642 0.0358 
 70       70   (0)      1 :  0.9720 0.0280 
 71       71   (5)      1 :  0.9642 0.0358 
 72       72   (0)      1 :  0.9550 0.0450 
 73       73   (5)      1 :  0.9718 0.0282 
 74       74  (10)      1 :  0.9600 0.0400 
 75       75  (10)      1 :  0.9590 0.0410 
 76       76   (0)      1 :  0.9790 0.0210 
 77       77  (10)      1 :  0.9690 0.0310 
 78       78   (0)      1 :  0.9652 0.0348 
 79       79   (5)      1 :  0.9700 0.0300 
 80       80   (0)      1 :  0.9800 0.0200 
 81       81   (0)      1 :  0.9770 0.0230 
 82       82   (0)      1 :  0.9804 0.0196 
 83       83   (0)      1 :  0.9636 0.0364 
 84       84   (0)      1 :  0.9502 0.0498 
 85       85   (0)      1 :  0.9810 0.0190 
 86       86   (5)      1 :  0.9760 0.0240 
 87       87   (0)      1 :  0.9760 0.0240 
 88       88   (0)      1 :  0.9068 0.0932 
 89       89   (0)      1 :  0.9760 0.0240 
 90       90   (0)      1 :  0.9660 0.0340 
 91       91   (0)      1 :  0.9620 0.0380 
 92       92   (0)      1 :  0.9680 0.0320 
 93       93   (0)      1 :  0.9800 0.0200 
 94       94   (5)      1 :  0.9730 0.0270 
 95       95   (0)      1 :  0.9710 0.0290 
 96       96   (5)      1 :  0.9770 0.0230 
 97       97   (0)      1 :  0.9590 0.0410 
 98       98   (0)      1 :  0.9700 0.0300 
 99       99   (5)      1 :  0.9760 0.0240 
100      100   (5)      1 :  0.9810 0.0190 
101      101   (0)      2 :  0.9392 0.0608 
102      102   (0)      2 :  0.9100 0.0900 
103      103   (0)      2 :  0.8256 0.1744 
104      104   (0)      2 :  0.9466 0.0534 
105      105   (0)      2 :  0.9000 0.1000 
106      106   (0)      2 :  0.8552 0.1448 
107      107   (0)      2 :  0.9430 0.0570 
108      108   (0)      2 :  0.9770 0.0230 
109      109   (0)      2 :  0.7798 0.2202 
110      110   (0)      2 :  0.9510 0.0490 
111      111   (0)      2 :  0.9280 0.0720 
112      112   (0)      2 :  0.8568 0.1432 
113      113   (0)      2 :  0.9558 0.0442 
114      114   (0)      2 :  0.9660 0.0340 
115      115   (0)      2 :  0.8880 0.1120 
116      116   (0)      2 :  0.9526 0.0474 
117      117   (0)      2 :  0.8608 0.1392 
118      118   (0)      2 :  0.8458 0.1542 
119      119   (0)      2 :  0.8712 0.1288 
120      120   (0)      2 :  0.9010 0.0990 
121      121   (0)      2 :  0.8660 0.1340 
122      122   (0)      2 :  0.8676 0.1324 
123      123   (0)      2 :  0.8560 0.1440 
124      124   (0)      2 :  0.9160 0.0840 
125      125   (0)      2 :  0.9660 0.0340 
126      126   (0)      2 :  0.9600 0.0400 
127      127   (0)      2 :  0.8740 0.1260 
128      128   (0)      2 :  0.8006 0.1994 
129      129   (0)      2 :  0.9618 0.0382 
130      130   (0)      2 :  0.9330 0.0670 
131      131   (0)      2 :  0.6900 0.3100 
132      132   (0)      2 :  0.8088 0.1912 
133      133   (0)      2 :  0.7010 0.2990 
134      134   (0)      2 :  0.9116 0.0884 
135      135   (0)      2 :  0.9620 0.0380 
136      136   (0)      2 :  0.9150 0.0850 
137      137   (0)      2 :  0.9236 0.0764 
138      138   (0)      2 :  0.7860 0.2140 
139      139   (0)      2 :  0.9430 0.0570 
140      140   (0)      2 :  0.9340 0.0660 
141      141   (0)      2 :  0.9550 0.0450 
142      142   (0)      2 :  0.9700 0.0300 
143      143   (0)      2 :  0.9542 0.0458 
144      144   (0)      2 :  0.8670 0.1330 
145      145   (0)      2 :  0.9400 0.0600 
146      146   (0)      2 :  0.8392 0.1608 
147      147   (0)      2 :  0.9002 0.0998 
148      148   (0)      2 :  0.9690 0.0310 
149      149   (0)      2 :  0.8550 0.1450 
150      150   (0)      2 :  0.9432 0.0568 
151      151   (0)      2 :  0.9452 0.0548 
152      152   (0)      2 :  0.9078 0.0922 
153      153   (0)      2 :  0.9110 0.0890 
154      154   (0)      2 :  0.9000 0.1000 
155      155   (0)      2 :  0.8284 0.1716 
156      156   (0)      2 :  0.8330 0.1670 
157      157   (0)      2 :  0.9170 0.0830 
158      158   (0)      2 :  0.9530 0.0470 
159      159   (0)      2 :  0.9280 0.0720 
160      160   (0)      2 :  0.9530 0.0470 
161      161   (0)      2 :  0.9310 0.0690 
162      162   (0)      2 :  0.9620 0.0380 
163      163   (0)      2 :  0.9420 0.0580 
164      164   (0)      2 :  0.9440 0.0560 
165      165   (0)      2 :  0.8556 0.1444 
166      166   (0)      2 :  0.9250 0.0750 
167      167   (0)      2 :  0.9410 0.0590 
168      168   (0)      2 :  0.7916 0.2084 
169      169   (0)      2 :  0.9750 0.0250 
170      170   (0)      2 :  0.9742 0.0258 
171      171   (0)      2 :  0.9248 0.0752 
172      172   (0)      2 :  0.8800 0.1200 
173      173   (0)      2 :  0.9180 0.0820 
174      174   (0)      2 :  0.9310 0.0690 
175      175   (0)      2 :  0.9680 0.0320 
176      176   (0)      2 :  0.7550 0.2450 
177      177   (0)      2 :  0.9470 0.0530 
178      178   (0)      2 :  0.7834 0.2166 
179      179   (0)      2 :  0.9042 0.0958 
180      180   (0)      2 :  0.7700 0.2300 
181      181   (0)      2 :  0.9100 0.0900 
182      182   (0)      2 :  0.8340 0.1660 
183      183   (0)      2 :  0.8738 0.1262 
184      184   (0)      2 :  0.9680 0.0320 
185      185   (0)      2 :  0.9740 0.0260 
186      186   (0)      2 :  0.9680 0.0320 
187      187   (0)      2 :  0.9790 0.0210 
188      188   (0)      2 :  0.8956 0.1044 
189      189   (0)      2 :  0.9646 0.0354 
190      190   (0)      2 :  0.9450 0.0550 
191      191   (0)      2 :  0.9754 0.0246 
192      192   (0)      2 :  0.9050 0.0950 
193      193   (0)      2 :  0.9710 0.0290 
194      194   (0)      2 :  0.9340 0.0660 
195      195   (0)      2 :  0.9234 0.0766 
196      196   (0)      2 :  0.9542 0.0458 
197      197   (0)      2 :  0.9500 0.0500 
198      198   (0)      2 :  0.9410 0.0590 
199      199   (0)      2 :  0.9050 0.0950 
200      200   (0)      2 :  0.9306 0.0694 
201      201   (0)      3 :  0.7408 0.2592 
202      202   (0)      3 :  0.6038 0.3962 
203      203   (0)      3 :  0.7614 0.2386 
204      204   (0)      3 :  0.7202 0.2798 
205      205   (0)      3 :  0.6150 0.3850 
206      206   (0)      3 :  0.8754 0.1246 
207      207   (0)      3 :  0.7042 0.2958 
208      208   (0)      3 :  0.5900 0.4100 
209      209   (0)      3 :  0.9238 0.0762 
210      210   (0)      3 :  0.9060 0.0940 
211      211   (0)      3 :  0.9086 0.0914 
212      212   (0)      3 :  0.8390 0.1610 
213      213   (0)      3 :  0.9180 0.0820 
214      214   (0)      3 :  0.9480 0.0520 
215      215   (0)      3 :  0.9286 0.0714 
216      216   (0)      3 :  0.7390 0.2610 
217      217   (0)      3 :  0.6076 0.3924 
218      218   (0)      3 :  0.8330 0.1670 
219      219   (0)      3 :  0.7920 0.2080 
220      220   (0)      3 :  0.9528 0.0472 
221      221   (0)      3 :  0.9184 0.0816 
222      222   (0)      3 :  0.9490 0.0510 
223      223   (0)      3 :  0.8950 0.1050 
224      224   (0)      3 :  0.8334 0.1666 
225      225   (0)      3 :  0.9408 0.0592 
226      226   (0)      3 :  0.8780 0.1220 
227      227   (0)      3 :  0.8496 0.1504 
228      228   (0)      3 :  0.9120 0.0880 
229      229   (0)      3 :  0.8220 0.1780 
230      230   (0)      3 :  0.9300 0.0700 
231      231   (0)      3 :  0.7208 0.2792 
232      232   (0)      3 :  0.6890 0.3110 
233      233   (0)      3 :  0.6546 0.3454 
234      234   (0)      3 :  0.8436 0.1564 
235      235   (0)      3 :  0.7586 0.2414 
236      236   (0)      3 :  0.9100 0.0900 
237      237   (0)      3 :  0.9720 0.0280 
238      238   (0)      3 :  0.6104 0.3896 
239      239   (0)      3 :  0.7228 0.2772 
240      240   (0)      3 :  0.6234 0.3766 
241      241   (0)      3 :  0.6270 0.3730 
242      242   (0)      3 :  0.8942 0.1058 
243      243   (0)      3 :  0.7250 0.2750 
244      244   (0)      3 :  0.9030 0.0970 
245      245   (0)      3 :  0.6570 0.3430 
246      246   (0)      3 :  0.7388 0.2612 
247      247   (0)      3 :  0.8930 0.1070 
248      248   (0)      3 :  0.8690 0.1310 
249      249   (0)      3 :  0.5970 0.4030 
250      250   (0)      3 :  0.6990 0.3010 
251      251   (0)      3 :  0.8570 0.1430 
252      252   (0)      3 :  0.7838 0.2162 
253      253   (0)      3 :  0.7570 0.2430 
254      254   (0)      3 :  0.9126 0.0874 
255      255   (0)      3 :  0.8702 0.1298 
256      256   (0)      3 :  0.7664 0.2336 
257      257   (0)      3 :  0.8892 0.1108 
258      258   (0)      3 :  0.9140 0.0860 
259      259   (0)      3 :  0.5712 0.4288 
260      260   (0)      3 :  0.6530 0.3470 
261      261   (0)      3 :  0.6760 0.3240 
262      262   (0)      3 :  0.6796 0.3204 
263      263   (0)      3 :  0.7238 0.2762 
264      264   (0)      3 :  0.7260 0.2740 
265      265   (0)      3 :  0.7046 0.2954 
266      266   (0)      3 :  0.6060 0.3940 
267      267   (0)      3 :  0.9540 0.0460 
268      268   (0)      3 :  0.6620 0.3380 
269      269   (0)      3 :  0.9490 0.0510 
270      270   (0)      3 :  0.8530 0.1470 
271      271   (0)      3 :  0.6302 0.3698 
272      272   (0)      3 :  0.8210 0.1790 
273      273   (0)      3 :  0.7724 0.2276 
274      274   (0)      3 :  0.6342 0.3658 
275      275   (0)      3 :  0.7592 0.2408 
276      276   (0)      3 :  0.8114 0.1886 
277      277   (0)      3 :  0.8150 0.1850 
278      278   (0)      3 :  0.7420 0.2580 
279      279   (0)      3 :  0.9440 0.0560 
280      280   (0)      3 :  0.7682 0.2318 
281      281   (0)      3 :  0.9142 0.0858 
282      282   (0)      3 :  0.9750 0.0250 
283      283   (0)      3 :  0.7464 0.2536 
284      284   (0)      3 :  0.9200 0.0800 
285      285   (0)      3 :  0.8292 0.1708 
286      286   (0)      3 :  0.9320 0.0680 
287      287   (0)      3 :  0.8650 0.1350 
288      288   (0)      3 :  0.7356 0.2644 
289      289   (0)      3 :  0.7726 0.2274 
290      290   (0)      3 :  0.8696 0.1304 
291      291   (0)      3 :  0.6690 0.3310 
292      292   (0)      3 :  0.6700 0.3300 
293      293   (0)      3 :  0.9610 0.0390 
294      294   (0)      3 :  0.8520 0.1480 
295      295   (0)      3 :  0.9600 0.0400 
296      296   (0)      3 :  0.8798 0.1202 
297      297   (0)      3 :  0.7540 0.2460 
298      298   (0)      3 :  0.9406 0.0594 
299      299   (0)      3 :  0.9570 0.0430 
300      300   (0)      3 :  0.7038 0.2962 
301      301   (5)      4 :  0.6050 0.3950 
302      302   (0)      4 :  0.2758 0.7242 
303      303   (0)      4 :  0.4584 0.5416 
304      304   (5)      4 :  0.4088 0.5912 
305      305   (5)      4 :  0.3540 0.6460 
306      306   (0)      4 :  0.2196 0.7804 
307      307   (0)      5 :  0.6332 0.3668 
308      308   (0)      5 :  0.7110 0.2890 
309      309   (0)      5 :  0.5528 0.4472 
310      310   (0)      5 :  0.4860 0.5140 
311      311   (0)      5 :  0.6684 0.3316 
312      312   (0)      5 :  0.4782 0.5218 
313      313   (0)      5 :  0.6596 0.3404 
314      314   (0)      5 :  0.5606 0.4394 
315      315   (0)      5 :  0.4516 0.5484 
316      316   (0)      5 :  0.3970 0.6030 
317      317   (0)      5 :  0.4940 0.5060 
318      318   (0)      5 :  0.5132 0.4868 
319      319   (0)      5 :  0.6208 0.3792 
320      320   (0)      5 :  0.4472 0.5528 
321      321   (0)      5 :  0.4490 0.5510 
322      322   (0)      5 :  0.3230 0.6770 
323      323   (0)      5 :  0.6094 0.3906 
324      324   (0)      5 :  0.4590 0.5410 
325      325   (0)      5 :  0.5846 0.4154 
326      326   (0)      5 :  0.5412 0.4588 
327      327   (0)      5 :  0.4510 0.5490 
328      328   (0)      5 :  0.5830 0.4170 
329      329   (0)      5 :  0.4980 0.5020 
330      330   (0)      5 :  0.4782 0.5218 
331      331   (0)      5 :  0.5930 0.4070 
332      332   (0)      5 :  0.4220 0.5780 
333      333   (0)      5 :  0.7442 0.2558 
334      334   (0)      5 :  0.5300 0.4700 
335      335   (0)      5 :  0.6220 0.3780 
336      336   (0)      5 :  0.3908 0.6092 
337      337   (0)      5 :  0.4382 0.5618 
338      338   (0)      5 :  0.4750 0.5250 
339      339   (0)      5 :  0.3870 0.6130 
340      340   (0)      5 :  0.5898 0.4102 
341      341   (0)      5 :  0.5020 0.4980 
342      342   (0)      5 :  0.6210 0.3790 
343      343   (0)      5 :  0.4010 0.5990 
344      344   (0)      5 :  0.4640 0.5360 
345      345   (0)      5 :  0.5580 0.4420 
346      346   (0)      5 :  0.5796 0.4204 
347      347   (0)      5 :  0.7060 0.2940 
348      348   (0)      5 :  0.4398 0.5602 
349      349   (0)      5 :  0.4678 0.5322 
350      350   (0)      5 :  0.4500 0.5500 
351      351   (0)      5 :  0.5240 0.4760 
352      352   (0)      5 :  0.3312 0.6688 
353      353   (0)      5 :  0.3910 0.6090 
354      354   (0)      5 :  0.4730 0.5270 
355      355   (0)      5 :  0.4550 0.5450 
356      356   (0)      5 :  0.4808 0.5192 
357      357   (0)      5 :  0.4652 0.5348 
358      358   (0)      5 :  0.5000 0.5000 
359      359   (0)      5 :  0.4700 0.5300 
360      360   (0)      5 :  0.5890 0.4110 
361      361   (0)      5 :  0.6660 0.3340 
362      362   (0)      5 :  0.6188 0.3812 
363      363   (0)      5 :  0.6188 0.3812 
364      364   (0)      5 :  0.4730 0.5270 
365      365   (0)      5 :  0.6144 0.3856 
366      366   (0)      5 :  0.4730 0.5270 
367      367   (0)      5 :  0.6000 0.4000 
368      368   (0)      5 :  0.6590 0.3410 
369      369   (0)      5 :  0.6380 0.3620 
370      370   (0)      5 :  0.6250 0.3750 
371      371   (0)      5 :  0.5430 0.4570 
372      372   (0)      5 :  0.7078 0.2922 
373      373   (0)      5 :  0.5838 0.4162 
374      374   (0)      5 :  0.3990 0.6010 
375      375   (0)      5 :  0.4344 0.5656 
376      376   (0)      5 :  0.5500 0.4500 
377      377   (0)      5 :  0.5360 0.4640 
378      378   (0)      5 :  0.5312 0.4688 
379      379   (0)      5 :  0.4170 0.5830 
380      380   (0)      5 :  0.3274 0.6726 
381      381   (0)      5 :  0.4480 0.5520 
382      382   (0)      5 :  0.6220 0.3780 
383      383   (0)      5 :  0.4620 0.5380 
384      384   (0)      5 :  0.5428 0.4572 
385      385   (0)      5 :  0.7140 0.2860 
386      386   (0)      5 :  0.3160 0.6840 
387      387   (0)      5 :  0.4470 0.5530 
388      388   (0)      5 :  0.5252 0.4748 
389      389   (0)      5 :  0.4170 0.5830 
390      390   (0)      5 :  0.4000 0.6000 
391      391   (0)      5 :  0.5724 0.4276 
392      392   (0)      5 :  0.4342 0.5658 
393      393   (0)      5 :  0.3900 0.6100 
394      394   (0)      5 :  0.4032 0.5968 
395      395   (0)      5 :  0.4690 0.5310 
396      396   (0)      5 :  0.5322 0.4678 
397      397   (0)      5 :  0.5832 0.4168 
398      398   (0)      5 :  0.3060 0.6940 
399      399   (0)      5 :  0.5490 0.4510 
400      400   (0)      5 :  0.5936 0.4064 
401      401   (0)      5 :  0.4830 0.5170 
402      402   (0)      5 :  0.5152 0.4848 
403      403   (0)      5 :  0.3320 0.6680 
404      404   (0)      5 :  0.5990 0.4010 
405      405   (0)      5 :  0.3720 0.6280 
406      406   (0)      5 :  0.6440 0.3560 
407      407   (0)      6 :  0.0800 0.9200 
408      408   (0)      6 :  0.1206 0.8794 
409      409   (0)      7 :  0.0820 0.9180 
410      410   (0)      7 :  0.0990 0.9010 
411      411   (0)      7 :  0.2590 0.7410 
412      412   (0)      7 :  0.1170 0.8830 
413      413   (0)      7 :  0.1720 0.8280 
414      414   (0)      7 :  0.3810 0.6190 
415      415   (0)      7 :  0.0640 0.9360 
416      416   (0)      7 :  0.2614 0.7386 
417      417   (0)      7 :  0.1892 0.8108 
418      418   (0)      7 :  0.3870 0.6130 
419      419   (0)      7 :  0.3888 0.6112 
420      420   (0)      7 :  0.1674 0.8326 
421      421   (0)      7 :  0.1290 0.8710 
422      422   (0)      7 :  0.2600 0.7400 
423      423   (0)      7 :  0.2124 0.7876 
424      424   (0)      7 :  0.2266 0.7734 
425      425   (0)      7 :  0.1210 0.8790 
426      426   (0)      7 :  0.1142 0.8858 
427      427   (0)      7 :  0.4002 0.5998 
428      428   (0)      7 :  0.2770 0.7230 
429      429   (0)      7 :  0.0904 0.9096 
430      430   (0)      7 :  0.1914 0.8086 
431      431   (0)      7 :  0.1460 0.8540 
432      432   (0)      7 :  0.4380 0.5620 
433      433   (0)      7 :  0.2750 0.7250 
434      434   (0)      7 :  0.2850 0.7150 
435      435   (0)      7 :  0.1870 0.8130 
436      436   (0)      7 :  0.3940 0.6060 
437      437   (0)      7 :  0.3468 0.6532 
438      438   (0)      7 :  0.1406 0.8594 
439      439   (0)      7 :  0.1130 0.8870 
440      440   (0)      7 :  0.2720 0.7280 
441      441   (0)      7 :  0.2096 0.7904 
442      442   (0)      7 :  0.3220 0.6780 
443      443   (0)      7 :  0.1882 0.8118 
444      444   (0)      7 :  0.3512 0.6488 
445      445   (0)      7 :  0.3242 0.6758 
446      446   (0)      7 :  0.4700 0.5300 
447      447   (0)      7 :  0.2188 0.7812 
448      448   (0)      7 :  0.0580 0.9420 
449      449   (0)      7 :  0.1100 0.8900 
450      450   (0)      7 :  0.2738 0.7262 
451      451   (0)      7 :  0.2050 0.7950 
452      452   (0)      7 :  0.2380 0.7620 
453      453   (0)      7 :  0.1312 0.8688 
454      454   (0)      7 :  0.3788 0.6212 
455      455   (0)      7 :  0.2024 0.7976 
456      456   (0)      7 :  0.3290 0.6710 
457      457   (0)      7 :  0.1480 0.8520 
458      458   (0)      7 :  0.2440 0.7560 
459      459   (0)      7 :  0.2606 0.7394 
460      460   (0)      7 :  0.2458 0.7542 
461      461   (0)      7 :  0.1084 0.8916 
462      462   (0)      7 :  0.2414 0.7586 
463      463   (0)      7 :  0.1330 0.8670 
464      464   (0)      7 :  0.3000 0.7000 
465      465   (0)      7 :  0.0330 0.9670 
466      466   (0)      7 :  0.2714 0.7286 
467      467   (0)      7 :  0.0738 0.9262 
468      468   (0)      7 :  0.2524 0.7476 
469      469   (0)      7 :  0.3240 0.6760 
470      470   (0)      7 :  0.1632 0.8368 
471      471   (0)      7 :  0.0672 0.9328 
472      472   (0)      7 :  0.3690 0.6310 
473      473   (0)      7 :  0.0730 0.9270 
474      474   (0)      7 :  0.3666 0.6334 
475      475   (0)      7 :  0.3496 0.6504 
476      476   (0)      7 :  0.2710 0.7290 
477      477   (0)      7 :  0.4008 0.5992 
478      478   (0)      7 :  0.2030 0.7970 
479      479   (0)      7 :  0.3630 0.6370 
480      480   (0)      7 :  0.1404 0.8596 
481      481   (0)      7 :  0.2182 0.7818 
482      482   (0)      7 :  0.2880 0.7120 
483      483   (0)      7 :  0.1444 0.8556 
484      484   (0)      7 :  0.1614 0.8386 
485      485   (0)      7 :  0.2466 0.7534 
486      486   (0)      7 :  0.4812 0.5188 
487      487   (0)      7 :  0.2130 0.7870 
488      488   (0)      7 :  0.1256 0.8744 
489      489   (0)      7 :  0.2110 0.7890 
490      490   (0)      7 :  0.2142 0.7858 
491      491   (0)      7 :  0.0840 0.9160 
492      492   (0)      7 :  0.5178 0.4822 
493      493   (0)      7 :  0.1454 0.8546 
494      494   (0)      7 :  0.3786 0.6214 
495      495   (0)      7 :  0.2620 0.7380 
496      496   (0)      7 :  0.1376 0.8624 
497      497   (0)      7 :  0.3184 0.6816 
498      498   (0)      7 :  0.4906 0.5094 
499      499   (0)      7 :  0.3922 0.6078 
500      500   (0)      7 :  0.2780 0.7220 
501      501   (0)      7 :  0.1860 0.8140 
502      502   (0)      7 :  0.3780 0.6220 
503      503   (0)      7 :  0.0744 0.9256 
504      504   (0)      7 :  0.1010 0.8990 
505      505   (0)      7 :  0.3290 0.6710 
506      506   (0)      7 :  0.1240 0.8760 
507      507   (0)      7 :  0.1588 0.8412 
508      508   (0)      7 :  0.2562 0.7438 
509      509  (10)      8 :  0.0260 0.9740 
510      510   (5)      8 :  0.0350 0.9650 
511      511   (5)      8 :  0.1192 0.8808 
512      512   (5)      8 :  0.0210 0.9790 
513      513  (10)      8 :  0.0410 0.9590 
514      514   (5)      8 :  0.1928 0.8072 
515      515  (10)      8 :  0.0502 0.9498 
516      516   (0)      8 :  0.0634 0.9366 
517      517   (0)      8 :  0.0450 0.9550 
518      518   (0)      8 :  0.0220 0.9780 
519      519   (0)      8 :  0.0520 0.9480 
520      520   (0)      8 :  0.1472 0.8528 
521      521   (0)      8 :  0.0310 0.9690 
522      522   (0)      8 :  0.0360 0.9640 
523      523   (0)      8 :  0.0390 0.9610 
524      524   (0)      8 :  0.0660 0.9340 
525      525   (0)      8 :  0.0510 0.9490 
526      526   (0)      8 :  0.1556 0.8444 
527      527   (0)      8 :  0.0620 0.9380 
528      528   (5)      8 :  0.0678 0.9322 
529      529   (0)      8 :  0.0430 0.9570 
530      530   (0)      8 :  0.1462 0.8538 
531      531   (5)      8 :  0.0420 0.9580 
532      532   (5)      8 :  0.0590 0.9410 
533      533   (0)      8 :  0.1840 0.8160 
534      534   (0)      8 :  0.0590 0.9410 
535      535   (0)      8 :  0.0862 0.9138 
536      536   (0)      8 :  0.0250 0.9750 
537      537   (0)      8 :  0.0190 0.9810 
538      538   (0)      8 :  0.0180 0.9820 
539      539   (0)      8 :  0.0180 0.9820 
540      540   (0)      8 :  0.0542 0.9458 
541      541   (0)      8 :  0.0656 0.9344 
542      542   (0)      8 :  0.0450 0.9550 
543      543   (0)      8 :  0.0612 0.9388 
544      544   (0)      8 :  0.0646 0.9354 
545      545   (0)      8 :  0.1140 0.8860 
546      546   (0)      8 :  0.0290 0.9710 
547      547   (0)      8 :  0.0676 0.9324 
548      548   (0)      8 :  0.0946 0.9054 
549      549   (0)      8 :  0.0450 0.9550 
550      550   (0)      8 :  0.0388 0.9612 
551      551   (0)      9 :  0.0398 0.9602 
552      552   (0)      9 :  0.0180 0.9820 
553      553   (0)      9 :  0.1340 0.8660 
554      554   (0)      9 :  0.1234 0.8766 
555      555   (0)      9 :  0.1448 0.8552 
556      556   (0)      9 :  0.2160 0.7840 
557      557   (0)      9 :  0.0550 0.9450 
558      558   (0)      9 :  0.2114 0.7886 
559      559   (0)      9 :  0.1020 0.8980 
560      560   (0)      9 :  0.0950 0.9050 
561      561   (0)      9 :  0.1970 0.8030 
562      562   (0)      9 :  0.1520 0.8480 
563      563   (0)      9 :  0.0750 0.9250 
564      564   (0)      9 :  0.0250 0.9750 
565      565   (0)      9 :  0.2100 0.7900 
566      566   (0)      9 :  0.0850 0.9150 
567      567   (0)      9 :  0.2204 0.7796 
568      568   (0)      9 :  0.0880 0.9120 
569      569   (0)      9 :  0.0510 0.9490 
570      570   (0)      9 :  0.0680 0.9320 
571      571   (0)      9 :  0.0572 0.9428 
572      572   (0)      9 :  0.0496 0.9504 
573      573   (0)      9 :  0.0540 0.9460 
574      574   (0)      9 :  0.0630 0.9370 
575      575   (0)      9 :  0.3234 0.6766 
576      576   (0)      9 :  0.0308 0.9692 
577      577   (0)      9 :  0.1312 0.8688 
578      578   (0)      9 :  0.2060 0.7940 
579      579   (0)      9 :  0.1660 0.8340 
580      580   (0)      9 :  0.0788 0.9212 
581      581   (0)      9 :  0.0526 0.9474 
582      582   (0)      9 :  0.0760 0.9240 
583      583   (0)      9 :  0.0368 0.9632 
584      584   (0)      9 :  0.0480 0.9520 
585      585   (0)      9 :  0.0868 0.9132 
586      586   (0)      9 :  0.1594 0.8406 
587      587   (0)      9 :  0.0306 0.9694 
588      588   (0)      9 :  0.1088 0.8912 
589      589   (0)      9 :  0.0270 0.9730 
590      590   (0)      9 :  0.1030 0.8970 
591      591   (0)      9 :  0.0268 0.9732 
592      592   (0)      9 :  0.0450 0.9550 
593      593   (0)      9 :  0.0470 0.9530 
594      594   (0)      9 :  0.0460 0.9540 
595      595   (0)      9 :  0.0250 0.9750 
596      596   (0)      9 :  0.0560 0.9440 
597      597   (0)      9 :  0.0500 0.9500 
598      598   (0)      9 :  0.0374 0.9626 
599      599   (0)      9 :  0.0740 0.9260 
600      600   (0)      9 :  0.0800 0.9200 
601      601   (0)      9 :  0.1812 0.8188 
602      602   (0)      9 :  0.0810 0.9190 
603      603   (0)      9 :  0.0774 0.9226 
604      604   (0)      9 :  0.0430 0.9570 
605      605   (0)      9 :  0.0190 0.9810 
606      606   (0)      9 :  0.0762 0.9238 
607      607   (0)      9 :  0.0632 0.9368 
608      608   (0)      9 :  0.2270 0.7730 
609      609   (0)      9 :  0.0934 0.9066 
610      610   (0)      9 :  0.0634 0.9366 
611      611   (0)      9 :  0.0542 0.9458 
612      612   (0)      9 :  0.1050 0.8950 
613      613   (0)      9 :  0.1914 0.8086 
614      614   (0)      9 :  0.0570 0.9430 
615      615   (0)      9 :  0.0350 0.9650 
616      616   (0)      9 :  0.1090 0.8910 
617      617   (0)      9 :  0.0968 0.9032 
618      618   (0)      9 :  0.1290 0.8710 
619      619   (0)      9 :  0.1760 0.8240 
620      620   (0)      9 :  0.0926 0.9074 
621      621   (0)      9 :  0.1220 0.8780 
622      622   (0)      9 :  0.1132 0.8868 
623      623   (0)      9 :  0.1230 0.8770 
624      624   (0)      9 :  0.1920 0.8080 
625      625   (0)      9 :  0.0850 0.9150 
626      626   (0)      9 :  0.0280 0.9720 
627      627   (0)      9 :  0.2142 0.7858 
628      628   (0)      9 :  0.1560 0.8440 
629      629   (0)      9 :  0.3382 0.6618 
630      630   (0)      9 :  0.0760 0.9240 
631      631   (0)      9 :  0.0618 0.9382 
632      632   (0)      9 :  0.0280 0.9720 
633      633   (0)      9 :  0.1090 0.8910 
634      634   (0)      9 :  0.1200 0.8800 
635      635   (0)      9 :  0.0520 0.9480 
636      636   (0)      9 :  0.1050 0.8950 
637      637   (0)      9 :  0.0460 0.9540 
638      638   (0)      9 :  0.2686 0.7314 
639      639   (0)      9 :  0.1600 0.8400 
640      640   (0)      9 :  0.2166 0.7834 
641      641   (0)      9 :  0.1910 0.8090 
642      642   (0)      9 :  0.1542 0.8458 
643      643   (0)      9 :  0.1050 0.8950 
644      644   (0)      9 :  0.1254 0.8746 
645      645   (0)      9 :  0.1680 0.8320 
646      646   (0)      9 :  0.0280 0.9720 
647      647   (0)      9 :  0.0240 0.9760 
648      648   (0)      9 :  0.0550 0.9450 
649      649   (0)      9 :  0.0430 0.9570 
650      650   (0)      9 :  0.0990 0.9010 
651      651   (0)     10 :  0.0260 0.9740 
652      652   (0)     10 :  0.0330 0.9670 
653      653   (0)     10 :  0.0442 0.9558 
654      654   (0)     10 :  0.0180 0.9820 
655      655   (0)     10 :  0.0170 0.9830 
656      656   (0)     10 :  0.0250 0.9750 
657      657   (0)     10 :  0.0140 0.9860 
658      658   (0)     10 :  0.0310 0.9690 
659      659   (0)     10 :  0.0190 0.9810 
660      660   (0)     10 :  0.0280 0.9720 
661      661   (0)     10 :  0.0190 0.9810 
662      662   (5)     10 :  0.0500 0.9500 
663      663   (0)     10 :  0.0170 0.9830 
664      664   (0)     10 :  0.0200 0.9800 
665      665   (0)     10 :  0.0682 0.9318 
666      666   (0)     10 :  0.0194 0.9806 
667      667   (0)     10 :  0.0170 0.9830 
668      668   (0)     10 :  0.0200 0.9800 
669      669   (0)     10 :  0.0210 0.9790 
670      670   (0)     10 :  0.0220 0.9780 
671      671  (10)     10 :  0.0210 0.9790 
672      672   (0)     10 :  0.0428 0.9572 
673      673   (5)     10 :  0.0210 0.9790 
674      674   (0)     10 :  0.0200 0.9800 
675      675  (10)     10 :  0.0170 0.9830 
676      676   (0)     10 :  0.0290 0.9710 
677      677   (0)     10 :  0.0300 0.9700 
678      678   (0)     10 :  0.0220 0.9780 
679      679   (0)     10 :  0.0400 0.9600 
680      680   (0)     10 :  0.0180 0.9820 
681      681   (5)     10 :  0.0260 0.9740 
682      682   (0)     10 :  0.0296 0.9704 
683      683   (0)     10 :  0.0230 0.9770 
684      684   (0)     10 :  0.0240 0.9760 
685      685   (0)     10 :  0.0340 0.9660 
686      686   (0)     10 :  0.0210 0.9790 
687      687   (5)     10 :  0.0400 0.9600 
688      688   (0)     10 :  0.0650 0.9350 
689      689   (5)     10 :  0.0380 0.9620 
690      690   (0)     10 :  0.0204 0.9796 
691      691  (10)     10 :  0.0420 0.9580 
692      692   (0)     10 :  0.0190 0.9810 
693      693   (0)     10 :  0.0330 0.9670 
694      694   (0)     10 :  0.0180 0.9820 
695      695   (5)     10 :  0.0418 0.9582 
696      696   (0)     10 :  0.0550 0.9450 
697      697   (0)     10 :  0.1296 0.8704 
698      698   (0)     10 :  0.0470 0.9530 
699      699   (0)     10 :  0.0170 0.9830 
700      700  (10)     10 :  0.3286 0.6714 
701      701   (0)     10 :  0.0230 0.9770 
702      702   (0)     10 :  0.0200 0.9800 
703      703   (0)     10 :  0.0310 0.9690 
704      704   (0)     10 :  0.0290 0.9710 
705      705  (15)     10 :  0.0370 0.9630 
706      706  (10)     10 :  0.0220 0.9780 
707      707   (0)     10 :  0.0780 0.9220 
708      708   (5)     10 :  0.2748 0.7252 
709      709   (0)     10 :  0.0280 0.9720 
710      710   (0)     10 :  0.0192 0.9808 
711      711   (0)     10 :  0.1916 0.8084 
712      712   (0)     10 :  0.0640 0.9360 
713      713   (0)     10 :  0.1694 0.8306 
714      714   (5)     10 :  0.0230 0.9770 
715      715   (0)     10 :  0.0240 0.9760 
716      716   (0)     10 :  0.0520 0.9480 
717      717   (0)     10 :  0.0220 0.9780 
718      718   (0)     10 :  0.0180 0.9820 
719      719   (5)     10 :  0.0240 0.9760 
720      720   (5)     10 :  0.0180 0.9820 
721      721   (5)     10 :  0.0170 0.9830 
722      722   (0)     10 :  0.0180 0.9820 
723      723   (0)     10 :  0.0340 0.9660 
724      724   (0)     10 :  0.0170 0.9830 
725      725   (0)     10 :  0.0190 0.9810 
726      726   (5)     10 :  0.0230 0.9770 
727      727   (0)     10 :  0.0190 0.9810 
728      728  (10)     10 :  0.0204 0.9796 
729      729   (0)     10 :  0.0540 0.9460 
730      730   (0)     10 :  0.0820 0.9180 
731      731   (0)     10 :  0.0230 0.9770 
732      732   (0)     10 :  0.0530 0.9470 
733      733   (0)     10 :  0.0236 0.9764 
734      734   (5)     10 :  0.0230 0.9770 
735      735   (0)     10 :  0.0170 0.9830 
736      736   (0)     10 :  0.0170 0.9830 
737      737   (5)     10 :  0.0760 0.9240 
738      738   (5)     10 :  0.0220 0.9780 
739      739   (0)     10 :  0.1300 0.8700 
740      740   (0)     10 :  0.0290 0.9710 
741      741   (0)     10 :  0.2770 0.7230 
742      742   (0)     10 :  0.0220 0.9780 
743      743   (0)     10 :  0.0702 0.9298 
744      744   (0)     10 :  0.0190 0.9810 
745      745   (0)     10 :  0.0220 0.9780 
746      746   (5)     10 :  0.0180 0.9820 
747      747  (10)     10 :  0.0250 0.9750 
748      748   (0)     10 :  0.0170 0.9830 
749      749   (0)     10 :  0.0180 0.9820 
750      750   (0)     10 :  0.0260 0.9740 
