1        1   (5)      1  : 0.9624 0.0376
2        2   (5)      1  : 0.9350 0.0650
3        3   (5)      1  : 0.9780 0.0220
4        4   (0)      1  : 0.9834 0.0166
5        5   (0)      1  : 0.9178 0.0822
6        6   (0)      1  : 0.9750 0.0250
7        7   (0)      1  : 0.9158 0.0842
8        8   (5)      1  : 0.9810 0.0190
9        9   (0)      1  : 0.9820 0.0180
10       10   (0)      1  : 0.9260 0.0740
11       11   (0)      1  : 0.9672 0.0328
12       12   (0)      1  : 0.9650 0.0350
13       13   (0)      1  : 0.9800 0.0200
14       14   (0)      1  : 0.9708 0.0292
15       15   (0)      1  : 0.9728 0.0272
16       16   (0)      1  : 0.9850 0.0150
17       17   (0)      1  : 0.9820 0.0180
18       18   (0)      1  : 0.9510 0.0490
19       19   (0)      1  : 0.9820 0.0180
20       20   (0)      1  : 0.9428 0.0572
21       21   (0)      1  : 0.9828 0.0172
22       22   (0)      1  : 0.9860 0.0140
23       23   (0)      1  : 0.9830 0.0170
24       24   (0)      1  : 0.9808 0.0192
25       25   (0)      1  : 0.9480 0.0520
26       26   (0)      1  : 0.9812 0.0188
27       27   (5)      1  : 0.9598 0.0402
28       28   (0)      1  : 0.9610 0.0390
29       29   (0)      1  : 0.9820 0.0180
30       30   (0)      1  : 0.9270 0.0730
31       31   (0)      1  : 0.9770 0.0230
32       32   (0)      1  : 0.9714 0.0286
33       33   (0)      1  : 0.9850 0.0150
34       34   (0)      1  : 0.9850 0.0150
35       35   (0)      1  : 0.9750 0.0250
36       36   (0)      1  : 0.9680 0.0320
37       37   (0)      1  : 0.9580 0.0420
38       38   (0)      1  : 0.9750 0.0250
39       39   (0)      1  : 0.9610 0.0390
40       40   (0)      1  : 0.9770 0.0230
41       41   (0)      1  : 0.9760 0.0240
42       42   (0)      1  : 0.9860 0.0140
43       43   (0)      1  : 0.9700 0.0300
44       44   (0)      1  : 0.9830 0.0170
45       45   (5)      1  : 0.9580 0.0420
46       46   (0)      1  : 0.9820 0.0180
47       47   (0)      1  : 0.9660 0.0340
48       48   (0)      1  : 0.9570 0.0430
49       49   (0)      1  : 0.9710 0.0290
50       50   (0)      1  : 0.9690 0.0310
51       51   (0)      1  : 0.9730 0.0270
52       52   (0)      1  : 0.9100 0.0900
53       53   (0)      1  : 0.9694 0.0306
54       54   (0)      1  : 0.9700 0.0300
55       55   (0)      1  : 0.9692 0.0308
56       56   (0)      1  : 0.9804 0.0196
57       57  (10)      1  : 0.9770 0.0230
58       58   (5)      1  : 0.9708 0.0292
59       59   (0)      1  : 0.9710 0.0290
60       60   (0)      1  : 0.9790 0.0210
61       61   (0)      1  : 0.9740 0.0260
62       62   (0)      1  : 0.9560 0.0440
63       63   (0)      1  : 0.9670 0.0330
64       64   (0)      1  : 0.9710 0.0290
65       65   (0)      1  : 0.9490 0.0510
66       66   (0)      1  : 0.9780 0.0220
67       67   (5)      1  : 0.9738 0.0262
68       68   (0)      1  : 0.9236 0.0764
69       69   (0)      1  : 0.9690 0.0310
70       70   (0)      1  : 0.9680 0.0320
71       71   (5)      1  : 0.9620 0.0380
72       72   (0)      1  : 0.9710 0.0290
73       73   (5)      1  : 0.9780 0.0220
74       74  (10)      1  : 0.9564 0.0436
75       75  (10)      1  : 0.9764 0.0236
76       76   (0)      1  : 0.9830 0.0170
77       77  (10)      1  : 0.9774 0.0226
78       78   (0)      1  : 0.9668 0.0332
79       79   (5)      1  : 0.9760 0.0240
80       80   (0)      1  : 0.9810 0.0190
81       81   (0)      1  : 0.9810 0.0190
82       82   (0)      1  : 0.9820 0.0180
83       83   (0)      1  : 0.9630 0.0370
84       84   (0)      1  : 0.9516 0.0484
85       85   (0)      1  : 0.9790 0.0210
86       86   (5)      1  : 0.9770 0.0230
87       87   (0)      1  : 0.9790 0.0210
88       88   (0)      1  : 0.9482 0.0518
89       89   (0)      1  : 0.9720 0.0280
90       90   (0)      1  : 0.9692 0.0308
91       91   (0)      1  : 0.9730 0.0270
92       92   (0)      1  : 0.9610 0.0390
93       93   (0)      1  : 0.9830 0.0170
94       94   (5)      1  : 0.9760 0.0240
95       95   (0)      1  : 0.9760 0.0240
96       96   (5)      1  : 0.9770 0.0230
97       97   (0)      1  : 0.9640 0.0360
98       98   (0)      1  : 0.9720 0.0280
99       99   (5)      1  : 0.9770 0.0230
100      100   (5)      1  : 0.9810 0.0190
101      101   (0)      2  : 0.9760 0.0240
102      102   (0)      2  : 0.8914 0.1086
103      103   (0)      2  : 0.8510 0.1490
104      104   (0)      2  : 0.9670 0.0330
105      105   (0)      2  : 0.9596 0.0404
106      106   (0)      2  : 0.5580 0.4420
107      107   (0)      2  : 0.9700 0.0300
108      108   (0)      2  : 0.9420 0.0580
109      109   (0)      2  : 0.9148 0.0852
110      110   (0)      2  : 0.9470 0.0530
111      111   (0)      2  : 0.8500 0.1500
112      112   (0)      2  : 0.9830 0.0170
113      113   (0)      2  : 0.8980 0.1020
114      114   (0)      2  : 0.9610 0.0390
115      115   (0)      2  : 0.8568 0.1432
116      116   (0)      2  : 0.9410 0.0590
117      117   (0)      2  : 0.8596 0.1404
118      118   (0)      2  : 0.9590 0.0410
119      119   (0)      2  : 0.9370 0.0630
120      120   (0)      2  : 0.8120 0.1880
121      121   (0)      2  : 0.9312 0.0688
122      122   (0)      2  : 0.9628 0.0372
123      123   (0)      2  : 0.8092 0.1908
124      124   (0)      2  : 0.9620 0.0380
125      125   (0)      2  : 0.8256 0.1744
126      126   (0)      2  : 0.8810 0.1190
127      127   (0)      2  : 0.8470 0.1530
128      128   (0)      2  : 0.9420 0.0580
129      129   (0)      2  : 0.8110 0.1890
130      130   (0)      2  : 0.8932 0.1068
131      131   (0)      2  : 0.9160 0.0840
132      132   (0)      2  : 0.9310 0.0690
133      133   (0)      2  : 0.8890 0.1110
134      134   (0)      2  : 0.9250 0.0750
135      135   (0)      2  : 0.9710 0.0290
136      136   (0)      2  : 0.9080 0.0920
137      137   (0)      2  : 0.9250 0.0750
138      138   (0)      2  : 0.9790 0.0210
139      139   (0)      2  : 0.7720 0.2280
140      140   (0)      2  : 0.9372 0.0628
141      141   (0)      2  : 0.8354 0.1646
142      142   (0)      2  : 0.9740 0.0260
143      143   (0)      2  : 0.9800 0.0200
144      144   (0)      2  : 0.9370 0.0630
145      145   (0)      2  : 0.9670 0.0330
146      146   (0)      2  : 0.7930 0.2070
147      147   (0)      2  : 0.9770 0.0230
148      148   (0)      2  : 0.9588 0.0412
149      149   (0)      2  : 0.9630 0.0370
150      150   (0)      2  : 0.9460 0.0540
151      151   (0)      2  : 0.8198 0.1802
152      152   (0)      2  : 0.9620 0.0380
153      153   (0)      2  : 0.8898 0.1102
154      154   (0)      2  : 0.8666 0.1334
155      155   (0)      2  : 0.8024 0.1976
156      156   (0)      2  : 0.9678 0.0322
157      157   (0)      2  : 0.8818 0.1182
158      158   (0)      2  : 0.9248 0.0752
159      159   (0)      2  : 0.9560 0.0440
160      160   (0)      2  : 0.9348 0.0652
161      161   (0)      2  : 0.9622 0.0378
162      162   (0)      2  : 0.9820 0.0180
163      163   (0)      2  : 0.9738 0.0262
164      164   (0)      2  : 0.8622 0.1378
165      165   (0)      2  : 0.9322 0.0678
166      166   (0)      2  : 0.6672 0.3328
167      167   (0)      2  : 0.9810 0.0190
168      168   (0)      2  : 0.9310 0.0690
169      169   (0)      2  : 0.9740 0.0260
170      170   (0)      2  : 0.8560 0.1440
171      171   (0)      2  : 0.9060 0.0940
172      172   (0)      2  : 0.9810 0.0190
173      173   (0)      2  : 0.9530 0.0470
174      174   (0)      2  : 0.9468 0.0532
175      175   (0)      2  : 0.9492 0.0508
176      176   (0)      2  : 0.9690 0.0310
177      177   (0)      2  : 0.9540 0.0460
178      178   (0)      2  : 0.9460 0.0540
179      179   (0)      2  : 0.5900 0.4100
180      180   (0)      2  : 0.9190 0.0810
181      181   (0)      2  : 0.9640 0.0360
182      182   (0)      2  : 0.8642 0.1358
183      183   (0)      2  : 0.8706 0.1294
184      184   (0)      2  : 0.9560 0.0440
185      185   (0)      2  : 0.9734 0.0266
186      186   (0)      2  : 0.8508 0.1492
187      187   (0)      2  : 0.9780 0.0220
188      188   (0)      2  : 0.9288 0.0712
189      189   (0)      2  : 0.9700 0.0300
190      190   (0)      2  : 0.8414 0.1586
191      191   (0)      2  : 0.9610 0.0390
192      192   (0)      2  : 0.9790 0.0210
193      193   (0)      2  : 0.9496 0.0504
194      194   (0)      2  : 0.9166 0.0834
195      195   (0)      2  : 0.9208 0.0792
196      196   (0)      2  : 0.9672 0.0328
197      197   (0)      2  : 0.9160 0.0840
198      198   (0)      2  : 0.9432 0.0568
199      199   (0)      2  : 0.8760 0.1240
200      200   (0)      2  : 0.5810 0.4190
201      201   (0)      3  : 0.7970 0.2030
202      202   (0)      3  : 0.9220 0.0780
203      203   (0)      3  : 0.7250 0.2750
204      204   (0)      3  : 0.8336 0.1664
205      205   (0)      3  : 0.6658 0.3342
206      206   (0)      3  : 0.9530 0.0470
207      207   (0)      3  : 0.8950 0.1050
208      208   (0)      3  : 0.8588 0.1412
209      209   (0)      3  : 0.4876 0.5124
210      210   (0)      3  : 0.9210 0.0790
211      211   (0)      3  : 0.8980 0.1020
212      212   (0)      3  : 0.9796 0.0204
213      213   (0)      3  : 0.7430 0.2570
214      214   (0)      3  : 0.9442 0.0558
215      215   (0)      3  : 0.8724 0.1276
216      216   (0)      3  : 0.9690 0.0310
217      217   (0)      3  : 0.5812 0.4188
218      218   (0)      3  : 0.5960 0.4040
219      219   (0)      3  : 0.7990 0.2010
220      220   (0)      3  : 0.6952 0.3048
221      221   (0)      3  : 0.5758 0.4242
222      222   (0)      3  : 0.8374 0.1626
223      223   (0)      3  : 0.8918 0.1082
224      224   (0)      3  : 0.8524 0.1476
225      225   (0)      3  : 0.6768 0.3232
226      226   (0)      3  : 0.8328 0.1672
227      227   (0)      3  : 0.9220 0.0780
228      228   (0)      3  : 0.7020 0.2980
229      229   (0)      3  : 0.7610 0.2390
230      230   (0)      3  : 0.9610 0.0390
231      231   (0)      3  : 0.7042 0.2958
232      232   (0)      3  : 0.7434 0.2566
233      233   (0)      3  : 0.9350 0.0650
234      234   (0)      3  : 0.7350 0.2650
235      235   (0)      3  : 0.9590 0.0410
236      236   (0)      3  : 0.7454 0.2546
237      237   (0)      3  : 0.9646 0.0354
238      238   (0)      3  : 0.7970 0.2030
239      239   (0)      3  : 0.8760 0.1240
240      240   (0)      3  : 0.8170 0.1830
241      241   (0)      3  : 0.7290 0.2710
242      242   (0)      3  : 0.9176 0.0824
243      243   (0)      3  : 0.8466 0.1534
244      244   (0)      3  : 0.6412 0.3588
245      245   (0)      3  : 0.6590 0.3410
246      246   (0)      3  : 0.9370 0.0630
247      247   (0)      3  : 0.7470 0.2530
248      248   (0)      3  : 0.9440 0.0560
249      249   (0)      3  : 0.7950 0.2050
250      250   (0)      3  : 0.9780 0.0220
251      251   (0)      3  : 0.8578 0.1422
252      252   (0)      3  : 0.7566 0.2434
253      253   (0)      3  : 0.8378 0.1622
254      254   (0)      3  : 0.7898 0.2102
255      255   (0)      3  : 0.9240 0.0760
256      256   (0)      3  : 0.8606 0.1394
257      257   (0)      3  : 0.8542 0.1458
258      258   (0)      3  : 0.7980 0.2020
259      259   (0)      3  : 0.8864 0.1136
260      260   (0)      3  : 0.9244 0.0756
261      261   (0)      3  : 0.7892 0.2108
262      262   (0)      3  : 0.8448 0.1552
263      263   (0)      3  : 0.8574 0.1426
264      264   (0)      3  : 0.2684 0.7316
265      265   (0)      3  : 0.9320 0.0680
266      266   (0)      3  : 0.9530 0.0470
267      267   (0)      3  : 0.8970 0.1030
268      268   (0)      3  : 0.7570 0.2430
269      269   (0)      3  : 0.7030 0.2970
270      270   (0)      3  : 0.8204 0.1796
271      271   (0)      3  : 0.9440 0.0560
272      272   (0)      3  : 0.8940 0.1060
273      273   (0)      3  : 0.9244 0.0756
274      274   (0)      3  : 0.6740 0.3260
275      275   (0)      3  : 0.7574 0.2426
276      276   (0)      3  : 0.8582 0.1418
277      277   (0)      3  : 0.7842 0.2158
278      278   (0)      3  : 0.6760 0.3240
279      279   (0)      3  : 0.8966 0.1034
280      280   (0)      3  : 0.6712 0.3288
281      281   (0)      3  : 0.7350 0.2650
282      282   (0)      3  : 0.8400 0.1600
283      283   (0)      3  : 0.7320 0.2680
284      284   (0)      3  : 0.9372 0.0628
285      285   (0)      3  : 0.8746 0.1254
286      286   (0)      3  : 0.9710 0.0290
287      287   (0)      3  : 0.6740 0.3260
288      288   (0)      3  : 0.7826 0.2174
289      289   (0)      3  : 0.9602 0.0398
290      290   (0)      3  : 0.6700 0.3300
291      291   (0)      3  : 0.8480 0.1520
292      292   (0)      3  : 0.6830 0.3170
293      293   (0)      3  : 0.6176 0.3824
294      294   (0)      3  : 0.7462 0.2538
295      295   (0)      3  : 0.6790 0.3210
296      296   (0)      3  : 0.7890 0.2110
297      297   (0)      3  : 0.8104 0.1896
298      298   (0)      3  : 0.6420 0.3580
299      299   (0)      3  : 0.6594 0.3406
300      300   (0)      3  : 0.9680 0.0320
301      301   (5)      4  : 0.6386 0.3614
302      302   (0)      4  : 0.3230 0.6770
303      303   (0)      4  : 0.4418 0.5582
304      304   (5)      4  : 0.4068 0.5932
305      305   (5)      4  : 0.3376 0.6624
306      306   (0)      4  : 0.2336 0.7664
307      307   (0)      5  : 0.5152 0.4848
308      308   (0)      5  : 0.4304 0.5696
309      309   (0)      5  : 0.7010 0.2990
310      310   (0)      5  : 0.3514 0.6486
311      311   (0)      5  : 0.5290 0.4710
312      312   (0)      5  : 0.3480 0.6520
313      313   (0)      5  : 0.5680 0.4320
314      314   (0)      5  : 0.5476 0.4524
315      315   (0)      5  : 0.3936 0.6064
316      316   (0)      5  : 0.3560 0.6440
317      317   (0)      5  : 0.4388 0.5612
318      318   (0)      5  : 0.5290 0.4710
319      319   (0)      5  : 0.5690 0.4310
320      320   (0)      5  : 0.5374 0.4626
321      321   (0)      5  : 0.4430 0.5570
322      322   (0)      5  : 0.5418 0.4582
323      323   (0)      5  : 0.5750 0.4250
324      324   (0)      5  : 0.4168 0.5832
325      325   (0)      5  : 0.4550 0.5450
326      326   (0)      5  : 0.5310 0.4690
327      327   (0)      5  : 0.3890 0.6110
328      328   (0)      5  : 0.5614 0.4386
329      329   (0)      5  : 0.4530 0.5470
330      330   (0)      5  : 0.5572 0.4428
331      331   (0)      5  : 0.5560 0.4440
332      332   (0)      5  : 0.6050 0.3950
333      333   (0)      5  : 0.5306 0.4694
334      334   (0)      5  : 0.6020 0.3980
335      335   (0)      5  : 0.5076 0.4924
336      336   (0)      5  : 0.4880 0.5120
337      337   (0)      5  : 0.4450 0.5550
338      338   (0)      5  : 0.6928 0.3072
339      339   (0)      5  : 0.2120 0.7880
340      340   (0)      5  : 0.3676 0.6324
341      341   (0)      5  : 0.5814 0.4186
342      342   (0)      5  : 0.6000 0.4000
343      343   (0)      5  : 0.5408 0.4592
344      344   (0)      5  : 0.5282 0.4718
345      345   (0)      5  : 0.5880 0.4120
346      346   (0)      5  : 0.6502 0.3498
347      347   (0)      5  : 0.4150 0.5850
348      348   (0)      5  : 0.7800 0.2200
349      349   (0)      5  : 0.5630 0.4370
350      350   (0)      5  : 0.4830 0.5170
351      351   (0)      5  : 0.4672 0.5328
352      352   (0)      5  : 0.3330 0.6670
353      353   (0)      5  : 0.4540 0.5460
354      354   (0)      5  : 0.4426 0.5574
355      355   (0)      5  : 0.4966 0.5034
356      356   (0)      5  : 0.4902 0.5098
357      357   (0)      5  : 0.5240 0.4760
358      358   (0)      5  : 0.5050 0.4950
359      359   (0)      5  : 0.4246 0.5754
360      360   (0)      5  : 0.4984 0.5016
361      361   (0)      5  : 0.4558 0.5442
362      362   (0)      5  : 0.3230 0.6770
363      363   (0)      5  : 0.5800 0.4200
364      364   (0)      5  : 0.5060 0.4940
365      365   (0)      5  : 0.8330 0.1670
366      366   (0)      5  : 0.5356 0.4644
367      367   (0)      5  : 0.6170 0.3830
368      368   (0)      5  : 0.5070 0.4930
369      369   (0)      5  : 0.4080 0.5920
370      370   (0)      5  : 0.4660 0.5340
371      371   (0)      5  : 0.5130 0.4870
372      372   (0)      5  : 0.6656 0.3344
373      373   (0)      5  : 0.5060 0.4940
374      374   (0)      5  : 0.6770 0.3230
375      375   (0)      5  : 0.6536 0.3464
376      376   (0)      5  : 0.4410 0.5590
377      377   (0)      5  : 0.5908 0.4092
378      378   (0)      5  : 0.4220 0.5780
379      379   (0)      5  : 0.5312 0.4688
380      380   (0)      5  : 0.6392 0.3608
381      381   (0)      5  : 0.5136 0.4864
382      382   (0)      5  : 0.5956 0.4044
383      383   (0)      5  : 0.3922 0.6078
384      384   (0)      5  : 0.2552 0.7448
385      385   (0)      5  : 0.4040 0.5960
386      386   (0)      5  : 0.6208 0.3792
387      387   (0)      5  : 0.4770 0.5230
388      388   (0)      5  : 0.4872 0.5128
389      389   (0)      5  : 0.6572 0.3428
390      390   (0)      5  : 0.5260 0.4740
391      391   (0)      5  : 0.3950 0.6050
392      392   (0)      5  : 0.5198 0.4802
393      393   (0)      5  : 0.4290 0.5710
394      394   (0)      5  : 0.6828 0.3172
395      395   (0)      5  : 0.5324 0.4676
396      396   (0)      5  : 0.5368 0.4632
397      397   (0)      5  : 0.6130 0.3870
398      398   (0)      5  : 0.4436 0.5564
399      399   (0)      5  : 0.4862 0.5138
400      400   (0)      5  : 0.5330 0.4670
401      401   (0)      5  : 0.5098 0.4902
402      402   (0)      5  : 0.4472 0.5528
403      403   (0)      5  : 0.6730 0.3270
404      404   (0)      5  : 0.4820 0.5180
405      405   (0)      5  : 0.4100 0.5900
406      406   (0)      5  : 0.6230 0.3770
407      407   (0)      6  : 0.0444 0.9556
408      408   (0)      6  : 0.1140 0.8860
409      409   (0)      7  : 0.0966 0.9034
410      410   (0)      7  : 0.0650 0.9350
411      411   (0)      7  : 0.3290 0.6710
412      412   (0)      7  : 0.2340 0.7660
413      413   (0)      7  : 0.1934 0.8066
414      414   (0)      7  : 0.0740 0.9260
415      415   (0)      7  : 0.1280 0.8720
416      416   (0)      7  : 0.1816 0.8184
417      417   (0)      7  : 0.1500 0.8500
418      418   (0)      7  : 0.2298 0.7702
419      419   (0)      7  : 0.2494 0.7506
420      420   (0)      7  : 0.1982 0.8018
421      421   (0)      7  : 0.1970 0.8030
422      422   (0)      7  : 0.0740 0.9260
423      423   (0)      7  : 0.0560 0.9440
424      424   (0)      7  : 0.2410 0.7590
425      425   (0)      7  : 0.1760 0.8240
426      426   (0)      7  : 0.4538 0.5462
427      427   (0)      7  : 0.5410 0.4590
428      428   (0)      7  : 0.1510 0.8490
429      429   (0)      7  : 0.1568 0.8432
430      430   (0)      7  : 0.0642 0.9358
431      431   (0)      7  : 0.0360 0.9640
432      432   (0)      7  : 0.2500 0.7500
433      433   (0)      7  : 0.3080 0.6920
434      434   (0)      7  : 0.0550 0.9450
435      435   (0)      7  : 0.2484 0.7516
436      436   (0)      7  : 0.1702 0.8298
437      437   (0)      7  : 0.1538 0.8462
438      438   (0)      7  : 0.1864 0.8136
439      439   (0)      7  : 0.0350 0.9650
440      440   (0)      7  : 0.2260 0.7740
441      441   (0)      7  : 0.0468 0.9532
442      442   (0)      7  : 0.2760 0.7240
443      443   (0)      7  : 0.3170 0.6830
444      444   (0)      7  : 0.0820 0.9180
445      445   (0)      7  : 0.1644 0.8356
446      446   (0)      7  : 0.2018 0.7982
447      447   (0)      7  : 0.2740 0.7260
448      448   (0)      7  : 0.1490 0.8510
449      449   (0)      7  : 0.0556 0.9444
450      450   (0)      7  : 0.1888 0.8112
451      451   (0)      7  : 0.3052 0.6948
452      452   (0)      7  : 0.0490 0.9510
453      453   (0)      7  : 0.3564 0.6436
454      454   (0)      7  : 0.1908 0.8092
455      455   (0)      7  : 0.2570 0.7430
456      456   (0)      7  : 0.1640 0.8360
457      457   (0)      7  : 0.3348 0.6652
458      458   (0)      7  : 0.2880 0.7120
459      459   (0)      7  : 0.2660 0.7340
460      460   (0)      7  : 0.2980 0.7020
461      461   (0)      7  : 0.0850 0.9150
462      462   (0)      7  : 0.0794 0.9206
463      463   (0)      7  : 0.0926 0.9074
464      464   (0)      7  : 0.0800 0.9200
465      465   (0)      7  : 0.0740 0.9260
466      466   (0)      7  : 0.3832 0.6168
467      467   (0)      7  : 0.1976 0.8024
468      468   (0)      7  : 0.0242 0.9758
469      469   (0)      7  : 0.5232 0.4768
470      470   (0)      7  : 0.3048 0.6952
471      471   (0)      7  : 0.1864 0.8136
472      472   (0)      7  : 0.2790 0.7210
473      473   (0)      7  : 0.1790 0.8210
474      474   (0)      7  : 0.1290 0.8710
475      475   (0)      7  : 0.0470 0.9530
476      476   (0)      7  : 0.2040 0.7960
477      477   (0)      7  : 0.3508 0.6492
478      478   (0)      7  : 0.1770 0.8230
479      479   (0)      7  : 0.2090 0.7910
480      480   (0)      7  : 0.4180 0.5820
481      481   (0)      7  : 0.1200 0.8800
482      482   (0)      7  : 0.0380 0.9620
483      483   (0)      7  : 0.2014 0.7986
484      484   (0)      7  : 0.3300 0.6700
485      485   (0)      7  : 0.2532 0.7468
486      486   (0)      7  : 0.0900 0.9100
487      487   (0)      7  : 0.0850 0.9150
488      488   (0)      7  : 0.3212 0.6788
489      489   (0)      7  : 0.1206 0.8794
490      490   (0)      7  : 0.3050 0.6950
491      491   (0)      7  : 0.1440 0.8560
492      492   (0)      7  : 0.3740 0.6260
493      493   (0)      7  : 0.0880 0.9120
494      494   (0)      7  : 0.3480 0.6520
495      495   (0)      7  : 0.0834 0.9166
496      496   (0)      7  : 0.1404 0.8596
497      497   (0)      7  : 0.1480 0.8520
498      498   (0)      7  : 0.1460 0.8540
499      499   (0)      7  : 0.0418 0.9582
500      500   (0)      7  : 0.2060 0.7940
501      501   (0)      7  : 0.3810 0.6190
502      502   (0)      7  : 0.1228 0.8772
503      503   (0)      7  : 0.2830 0.7170
504      504   (0)      7  : 0.2754 0.7246
505      505   (0)      7  : 0.3160 0.6840
506      506   (0)      7  : 0.2774 0.7226
507      507   (0)      7  : 0.3714 0.6286
508      508   (0)      7  : 0.3138 0.6862
509      509  (10)      8  : 0.0220 0.9780
510      510   (5)      8  : 0.0280 0.9720
511      511   (5)      8  : 0.0838 0.9162
512      512   (5)      8  : 0.0200 0.9800
513      513  (10)      8  : 0.0350 0.9650
514      514   (5)      8  : 0.1310 0.8690
515      515  (10)      8  : 0.0310 0.9690
516      516   (0)      8  : 0.0810 0.9190
517      517   (0)      8  : 0.0428 0.9572
518      518   (0)      8  : 0.0200 0.9800
519      519   (0)      8  : 0.0648 0.9352
520      520   (0)      8  : 0.0896 0.9104
521      521   (0)      8  : 0.0220 0.9780
522      522   (0)      8  : 0.0240 0.9760
523      523   (0)      8  : 0.0350 0.9650
524      524   (0)      8  : 0.0430 0.9570
525      525   (0)      8  : 0.0334 0.9666
526      526   (0)      8  : 0.0988 0.9012
527      527   (0)      8  : 0.0382 0.9618
528      528   (5)      8  : 0.0364 0.9636
529      529   (0)      8  : 0.0270 0.9730
530      530   (0)      8  : 0.0630 0.9370
531      531   (5)      8  : 0.0480 0.9520
532      532   (5)      8  : 0.0344 0.9656
533      533   (0)      8  : 0.1164 0.8836
534      534   (0)      8  : 0.0618 0.9382
535      535   (0)      8  : 0.1080 0.8920
536      536   (0)      8  : 0.0200 0.9800
537      537   (0)      8  : 0.0160 0.9840
538      538   (0)      8  : 0.0170 0.9830
539      539   (0)      8  : 0.0140 0.9860
540      540   (0)      8  : 0.0340 0.9660
541      541   (0)      8  : 0.0450 0.9550
542      542   (0)      8  : 0.0542 0.9458
543      543   (0)      8  : 0.0400 0.9600
544      544   (0)      8  : 0.0540 0.9460
545      545   (0)      8  : 0.1450 0.8550
546      546   (0)      8  : 0.0240 0.9760
547      547   (0)      8  : 0.0460 0.9540
548      548   (0)      8  : 0.0500 0.9500
549      549   (0)      8  : 0.0290 0.9710
550      550   (0)      8  : 0.0348 0.9652
551      551   (0)      9  : 0.2400 0.7600
552      552   (0)      9  : 0.1924 0.8076
553      553   (0)      9  : 0.0200 0.9800
554      554   (0)      9  : 0.1628 0.8372
555      555   (0)      9  : 0.1772 0.8228
556      556   (0)      9  : 0.0692 0.9308
557      557   (0)      9  : 0.0380 0.9620
558      558   (0)      9  : 0.0320 0.9680
559      559   (0)      9  : 0.0462 0.9538
560      560   (0)      9  : 0.0490 0.9510
561      561   (0)      9  : 0.0260 0.9740
562      562   (0)      9  : 0.1174 0.8826
563      563   (0)      9  : 0.1906 0.8094
564      564   (0)      9  : 0.0626 0.9374
565      565   (0)      9  : 0.0522 0.9478
566      566   (0)      9  : 0.0980 0.9020
567      567   (0)      9  : 0.0460 0.9540
568      568   (0)      9  : 0.0516 0.9484
569      569   (0)      9  : 0.1890 0.8110
570      570   (0)      9  : 0.0520 0.9480
571      571   (0)      9  : 0.0370 0.9630
572      572   (0)      9  : 0.0660 0.9340
573      573   (0)      9  : 0.0982 0.9018
574      574   (0)      9  : 0.0734 0.9266
575      575   (0)      9  : 0.0330 0.9670
576      576   (0)      9  : 0.0278 0.9722
577      577   (0)      9  : 0.1512 0.8488
578      578   (0)      9  : 0.1534 0.8466
579      579   (0)      9  : 0.0766 0.9234
580      580   (0)      9  : 0.2796 0.7204
581      581   (0)      9  : 0.0440 0.9560
582      582   (0)      9  : 0.0748 0.9252
583      583   (0)      9  : 0.0380 0.9620
584      584   (0)      9  : 0.1708 0.8292
585      585   (0)      9  : 0.0290 0.9710
586      586   (0)      9  : 0.0230 0.9770
587      587   (0)      9  : 0.1960 0.8040
588      588   (0)      9  : 0.0280 0.9720
589      589   (0)      9  : 0.0230 0.9770
590      590   (0)      9  : 0.0250 0.9750
591      591   (0)      9  : 0.0782 0.9218
592      592   (0)      9  : 0.1596 0.8404
593      593   (0)      9  : 0.0690 0.9310
594      594   (0)      9  : 0.0210 0.9790
595      595   (0)      9  : 0.0270 0.9730
596      596   (0)      9  : 0.0580 0.9420
597      597   (0)      9  : 0.0486 0.9514
598      598   (0)      9  : 0.0310 0.9690
599      599   (0)      9  : 0.1212 0.8788
600      600   (0)      9  : 0.0476 0.9524
601      601   (0)      9  : 0.1150 0.8850
602      602   (0)      9  : 0.1064 0.8936
603      603   (0)      9  : 0.0280 0.9720
604      604   (0)      9  : 0.0782 0.9218
605      605   (0)      9  : 0.0264 0.9736
606      606   (0)      9  : 0.0334 0.9666
607      607   (0)      9  : 0.0260 0.9740
608      608   (0)      9  : 0.0360 0.9640
609      609   (0)      9  : 0.0380 0.9620
610      610   (0)      9  : 0.0300 0.9700
611      611   (0)      9  : 0.1290 0.8710
612      612   (0)      9  : 0.1750 0.8250
613      613   (0)      9  : 0.0430 0.9570
614      614   (0)      9  : 0.0830 0.9170
615      615   (0)      9  : 0.0540 0.9460
616      616   (0)      9  : 0.1042 0.8958
617      617   (0)      9  : 0.1822 0.8178
618      618   (0)      9  : 0.1930 0.8070
619      619   (0)      9  : 0.0236 0.9764
620      620   (0)      9  : 0.1982 0.8018
621      621   (0)      9  : 0.0210 0.9790
622      622   (0)      9  : 0.0580 0.9420
623      623   (0)      9  : 0.1690 0.8310
624      624   (0)      9  : 0.0380 0.9620
625      625   (0)      9  : 0.0330 0.9670
626      626   (0)      9  : 0.1670 0.8330
627      627   (0)      9  : 0.0160 0.9840
628      628   (0)      9  : 0.0500 0.9500
629      629   (0)      9  : 0.0230 0.9770
630      630   (0)      9  : 0.0568 0.9432
631      631   (0)      9  : 0.1580 0.8420
632      632   (0)      9  : 0.3828 0.6172
633      633   (0)      9  : 0.0300 0.9700
634      634   (0)      9  : 0.0300 0.9700
635      635   (0)      9  : 0.0300 0.9700
636      636   (0)      9  : 0.0600 0.9400
637      637   (0)      9  : 0.0938 0.9062
638      638   (0)      9  : 0.0660 0.9340
639      639   (0)      9  : 0.1454 0.8546
640      640   (0)      9  : 0.0800 0.9200
641      641   (0)      9  : 0.0550 0.9450
642      642   (0)      9  : 0.2020 0.7980
643      643   (0)      9  : 0.0340 0.9660
644      644   (0)      9  : 0.1340 0.8660
645      645   (0)      9  : 0.0310 0.9690
646      646   (0)      9  : 0.0270 0.9730
647      647   (0)      9  : 0.0794 0.9206
648      648   (0)      9  : 0.0460 0.9540
649      649   (0)      9  : 0.1542 0.8458
650      650   (0)      9  : 0.1160 0.8840
651      651   (5)     10  : 0.0310 0.9690
652      652   (0)     10  : 0.0160 0.9840
653      653  (10)     10  : 0.0220 0.9780
654      654  (10)     10  : 0.0180 0.9820
655      655   (0)     10  : 0.0270 0.9730
656      656   (0)     10  : 0.0450 0.9550
657      657  (10)     10  : 0.0260 0.9740
658      658   (5)     10  : 0.0160 0.9840
659      659   (0)     10  : 0.0380 0.9620
660      660   (0)     10  : 0.0200 0.9800
661      661   (5)     10  : 0.0280 0.9720
662      662   (0)     10  : 0.0270 0.9730
663      663   (0)     10  : 0.0730 0.9270
664      664   (0)     10  : 0.0160 0.9840
665      665   (0)     10  : 0.0190 0.9810
666      666   (5)     10  : 0.0200 0.9800
667      667   (0)     10  : 0.0170 0.9830
668      668  (10)     10  : 0.0200 0.9800
669      669   (0)     10  : 0.0320 0.9680
670      670  (10)     10  : 0.0170 0.9830
671      671  (10)     10  : 0.0280 0.9720
672      672   (0)     10  : 0.0200 0.9800
673      673   (0)     10  : 0.0714 0.9286
674      674   (5)     10  : 0.0260 0.9740
675      675  (10)     10  : 0.0570 0.9430
676      676   (5)     10  : 0.0390 0.9610
677      677   (0)     10  : 0.0160 0.9840
678      678  (10)     10  : 0.0220 0.9780
679      679   (0)     10  : 0.0140 0.9860
680      680   (0)     10  : 0.0210 0.9790
681      681   (0)     10  : 0.0510 0.9490
682      682   (0)     10  : 0.0170 0.9830
683      683   (0)     10  : 0.0240 0.9760
684      684   (0)     10  : 0.0200 0.9800
685      685  (15)     10  : 0.0348 0.9652
686      686   (0)     10  : 0.0280 0.9720
687      687   (5)     10  : 0.0200 0.9800
688      688   (5)     10  : 0.0652 0.9348
689      689  (10)     10  : 0.0250 0.9750
690      690   (0)     10  : 0.0180 0.9820
691      691   (0)     10  : 0.0180 0.9820
692      692   (0)     10  : 0.0250 0.9750
693      693   (0)     10  : 0.0200 0.9800
694      694   (0)     10  : 0.0190 0.9810
695      695   (0)     10  : 0.0320 0.9680
696      696   (5)     10  : 0.0174 0.9826
697      697   (0)     10  : 0.0180 0.9820
698      698   (5)     10  : 0.0270 0.9730
699      699   (0)     10  : 0.0320 0.9680
700      700   (0)     10  : 0.0280 0.9720
701      701   (5)     10  : 0.0662 0.9338
702      702   (5)     10  : 0.0220 0.9780
703      703   (0)     10  : 0.0270 0.9730
704      704   (0)     10  : 0.0150 0.9850
705      705   (0)     10  : 0.0286 0.9714
706      706   (0)     10  : 0.0230 0.9770
707      707   (0)     10  : 0.0140 0.9860
708      708   (5)     10  : 0.0220 0.9780
709      709   (0)     10  : 0.0150 0.9850
710      710   (0)     10  : 0.0250 0.9750
711      711   (0)     10  : 0.0340 0.9660
712      712   (0)     10  : 0.0140 0.9860
713      713   (0)     10  : 0.0330 0.9670
714      714   (0)     10  : 0.0484 0.9516
715      715   (5)     10  : 0.0360 0.9640
716      716   (0)     10  : 0.0190 0.9810
717      717   (0)     10  : 0.0510 0.9490
718      718   (0)     10  : 0.0280 0.9720
719      719   (0)     10  : 0.0160 0.9840
720      720   (0)     10  : 0.0150 0.9850
721      721   (0)     10  : 0.0130 0.9870
722      722   (5)     10  : 0.0150 0.9850
723      723   (5)     10  : 0.0180 0.9820
724      724   (5)     10  : 0.0160 0.9840
725      725   (0)     10  : 0.0400 0.9600
726      726   (0)     10  : 0.0190 0.9810
727      727  (15)     10  : 0.0570 0.9430
728      728   (0)     10  : 0.2980 0.7020
729      729  (10)     10  : 0.0190 0.9810
730      730   (0)     10  : 0.0160 0.9840
731      731   (0)     10  : 0.0300 0.9700
732      732   (0)     10  : 0.2000 0.8000
733      733   (0)     10  : 0.0200 0.9800
734      734   (0)     10  : 0.0160 0.9840
735      735   (0)     10  : 0.0210 0.9790
736      736   (0)     10  : 0.0450 0.9550
737      737   (0)     10  : 0.0580 0.9420
738      738   (0)     10  : 0.0160 0.9840
739      739   (0)     10  : 0.0170 0.9830
740      740   (0)     10  : 0.0670 0.9330
741      741   (5)     10  : 0.0340 0.9660
742      742   (0)     10  : 0.0122 0.9878
743      743  (10)     10  : 0.0240 0.9760
744      744   (0)     10  : 0.0170 0.9830
745      745   (5)     10  : 0.0250 0.9750
746      746  (10)     10  : 0.0310 0.9690
747      747   (0)     10  : 0.0130 0.9870
748      748   (0)     10  : 0.0160 0.9840
749      749   (5)     10  : 0.0280 0.9720
750      750   (0)     10  : 0.0250 0.9750
