1        1   (5)      1  : 0.9737 0.0050 0.0050 0.0030 0.0073 0.0033 0.0027
2        2   (5)      1  : 0.9404 0.0060 0.0160 0.0043 0.0037 0.0080 0.0217
3        3   (5)      1  : 0.9847 0.0030 0.0020 0.0030 0.0033 0.0020 0.0020
4        4   (0)      1  : 0.9843 0.0030 0.0020 0.0013 0.0033 0.0030 0.0030
5        5   (0)      1  : 0.8983 0.0157 0.0043 0.0107 0.0300 0.0320 0.0090
6        6   (0)      1  : 0.9803 0.0030 0.0040 0.0020 0.0040 0.0030 0.0037
7        7   (0)      1  : 0.8857 0.0070 0.0287 0.0580 0.0027 0.0053 0.0127
8        8   (5)      1  : 0.9860 0.0020 0.0020 0.0020 0.0030 0.0020 0.0030
9        9   (0)      1  : 0.9877 0.0020 0.0020 0.0020 0.0020 0.0020 0.0023
10       10   (0)      1  : 0.9537 0.0047 0.0210 0.0070 0.0030 0.0047 0.0060
11       11   (0)      1  : 0.9760 0.0030 0.0040 0.0053 0.0020 0.0030 0.0067
12       12   (0)      1  : 0.9717 0.0040 0.0057 0.0060 0.0030 0.0060 0.0037
13       13   (0)      1  : 0.9837 0.0030 0.0027 0.0023 0.0020 0.0043 0.0020
14       14   (0)      1  : 0.9787 0.0040 0.0053 0.0023 0.0043 0.0027 0.0027
15       15   (0)      1  : 0.9807 0.0053 0.0040 0.0027 0.0023 0.0023 0.0027
16       16   (0)      1  : 0.9850 0.0023 0.0020 0.0020 0.0047 0.0020 0.0020
17       17   (0)      1  : 0.9880 0.0020 0.0020 0.0020 0.0020 0.0020 0.0020
18       18   (0)      1  : 0.9683 0.0103 0.0050 0.0040 0.0050 0.0053 0.0020
19       19   (0)      1  : 0.9703 0.0020 0.0020 0.0020 0.0067 0.0150 0.0020
20       20   (0)      1  : 0.9417 0.0123 0.0137 0.0133 0.0070 0.0067 0.0053
21       21   (0)      1  : 0.9867 0.0020 0.0023 0.0017 0.0020 0.0027 0.0027
22       22   (0)      1  : 0.9863 0.0020 0.0020 0.0017 0.0040 0.0020 0.0020
23       23   (0)      1  : 0.9837 0.0020 0.0020 0.0020 0.0053 0.0027 0.0023
24       24   (0)      1  : 0.9727 0.0030 0.0020 0.0020 0.0110 0.0063 0.0030
25       25   (0)      1  : 0.9540 0.0040 0.0083 0.0200 0.0030 0.0070 0.0037
26       26   (0)      1  : 0.9817 0.0020 0.0030 0.0027 0.0033 0.0053 0.0020
27       27   (5)      1  : 0.9493 0.0140 0.0083 0.0120 0.0050 0.0050 0.0063
28       28   (0)      1  : 0.9747 0.0080 0.0030 0.0040 0.0050 0.0023 0.0030
29       29   (0)      1  : 0.9840 0.0030 0.0020 0.0020 0.0043 0.0020 0.0027
30       30   (0)      1  : 0.9487 0.0040 0.0087 0.0070 0.0110 0.0110 0.0097
31       31   (0)      1  : 0.9837 0.0020 0.0020 0.0030 0.0043 0.0027 0.0023
32       32   (0)      1  : 0.9483 0.0310 0.0030 0.0020 0.0030 0.0080 0.0047
33       33   (0)      1  : 0.9870 0.0023 0.0017 0.0020 0.0027 0.0023 0.0020
34       34   (0)      1  : 0.9790 0.0020 0.0020 0.0020 0.0097 0.0020 0.0033
35       35   (0)      1  : 0.9363 0.0060 0.0033 0.0057 0.0193 0.0147 0.0147
36       36   (0)      1  : 0.9687 0.0173 0.0020 0.0030 0.0037 0.0033 0.0020
37       37   (0)      1  : 0.9623 0.0040 0.0040 0.0097 0.0033 0.0077 0.0090
38       38   (0)      1  : 0.9753 0.0030 0.0040 0.0030 0.0020 0.0063 0.0063
39       39   (0)      1  : 0.9677 0.0070 0.0093 0.0030 0.0027 0.0047 0.0057
40       40   (0)      1  : 0.9797 0.0033 0.0030 0.0020 0.0063 0.0037 0.0020
41       41   (0)      1  : 0.9823 0.0030 0.0030 0.0030 0.0030 0.0030 0.0027
42       42   (0)      1  : 0.9883 0.0020 0.0020 0.0010 0.0023 0.0023 0.0020
43       43   (0)      1  : 0.9837 0.0030 0.0030 0.0030 0.0023 0.0020 0.0030
44       44   (0)      1  : 0.9887 0.0020 0.0020 0.0020 0.0020 0.0013 0.0020
45       45   (5)      1  : 0.9737 0.0060 0.0067 0.0033 0.0030 0.0047 0.0027
46       46   (0)      1  : 0.9863 0.0020 0.0020 0.0020 0.0043 0.0013 0.0020
47       47   (0)      1  : 0.9773 0.0060 0.0050 0.0030 0.0047 0.0020 0.0020
48       48   (0)      1  : 0.9750 0.0033 0.0050 0.0030 0.0077 0.0030 0.0030
49       49   (0)      1  : 0.9740 0.0040 0.0080 0.0020 0.0020 0.0067 0.0033
50       50   (0)      1  : 0.9840 0.0023 0.0030 0.0030 0.0033 0.0020 0.0023
51       51   (0)      1  : 0.9783 0.0020 0.0047 0.0040 0.0030 0.0057 0.0023
52       52   (0)      1  : 0.9444 0.0050 0.0087 0.0123 0.0070 0.0197 0.0030
53       53   (0)      1  : 0.9424 0.0030 0.0030 0.0080 0.0217 0.0047 0.0173
54       54   (0)      1  : 0.9793 0.0037 0.0050 0.0037 0.0030 0.0020 0.0033
55       55   (0)      1  : 0.9820 0.0030 0.0037 0.0040 0.0027 0.0020 0.0027
56       56   (0)      1  : 0.9857 0.0030 0.0020 0.0020 0.0033 0.0020 0.0020
57       57  (10)      1  : 0.9813 0.0060 0.0020 0.0020 0.0030 0.0037 0.0020
58       58   (5)      1  : 0.9747 0.0060 0.0067 0.0030 0.0043 0.0030 0.0023
59       59   (0)      1  : 0.9710 0.0020 0.0033 0.0030 0.0047 0.0037 0.0123
60       60   (0)      1  : 0.9853 0.0030 0.0037 0.0020 0.0020 0.0020 0.0020
61       61   (0)      1  : 0.9787 0.0030 0.0030 0.0040 0.0050 0.0033 0.0030
62       62   (0)      1  : 0.9523 0.0050 0.0150 0.0030 0.0030 0.0020 0.0197
63       63   (0)      1  : 0.9773 0.0040 0.0050 0.0040 0.0027 0.0030 0.0040
64       64   (0)      1  : 0.9817 0.0030 0.0047 0.0020 0.0037 0.0023 0.0027
65       65   (0)      1  : 0.9453 0.0173 0.0113 0.0053 0.0027 0.0137 0.0043
66       66   (0)      1  : 0.9767 0.0093 0.0030 0.0020 0.0053 0.0027 0.0010
67       67   (5)      1  : 0.9613 0.0053 0.0030 0.0040 0.0090 0.0090 0.0083
68       68   (0)      1  : 0.9580 0.0043 0.0083 0.0073 0.0127 0.0037 0.0057
69       69   (0)      1  : 0.9743 0.0020 0.0050 0.0100 0.0020 0.0020 0.0047
70       70   (0)      1  : 0.9757 0.0060 0.0057 0.0030 0.0037 0.0027 0.0033
71       71   (5)      1  : 0.9690 0.0080 0.0033 0.0050 0.0073 0.0040 0.0033
72       72   (0)      1  : 0.9763 0.0030 0.0040 0.0047 0.0027 0.0073 0.0020
73       73   (5)      1  : 0.9790 0.0030 0.0030 0.0030 0.0067 0.0030 0.0023
74       74  (10)      1  : 0.9733 0.0043 0.0053 0.0047 0.0043 0.0043 0.0037
75       75  (10)      1  : 0.9683 0.0020 0.0030 0.0030 0.0037 0.0147 0.0053
76       76   (0)      1  : 0.8791 0.0043 0.0020 0.0020 0.1073 0.0030 0.0023
77       77  (10)      1  : 0.9673 0.0030 0.0030 0.0020 0.0170 0.0030 0.0047
78       78   (0)      1  : 0.9314 0.0040 0.0040 0.0030 0.0400 0.0067 0.0110
79       79   (5)      1  : 0.9737 0.0030 0.0043 0.0030 0.0053 0.0023 0.0083
80       80   (0)      1  : 0.9877 0.0020 0.0020 0.0020 0.0023 0.0020 0.0020
81       81   (0)      1  : 0.9867 0.0020 0.0020 0.0020 0.0023 0.0020 0.0030
82       82   (0)      1  : 0.9877 0.0020 0.0020 0.0020 0.0020 0.0020 0.0023
83       83   (0)      1  : 0.9527 0.0040 0.0040 0.0030 0.0203 0.0030 0.0130
84       84   (0)      1  : 0.9736 0.0050 0.0087 0.0020 0.0027 0.0060 0.0020
85       85   (0)      1  : 0.9870 0.0020 0.0030 0.0020 0.0020 0.0020 0.0020
86       86   (5)      1  : 0.9847 0.0020 0.0023 0.0027 0.0020 0.0030 0.0033
87       87   (0)      1  : 0.9857 0.0030 0.0020 0.0030 0.0023 0.0020 0.0020
88       88   (0)      1  : 0.8159 0.0133 0.0050 0.0030 0.1514 0.0073 0.0040
89       89   (0)      1  : 0.9653 0.0067 0.0030 0.0020 0.0067 0.0137 0.0027
90       90   (0)      1  : 0.9690 0.0110 0.0047 0.0040 0.0070 0.0023 0.0020
91       91   (0)      1  : 0.9773 0.0030 0.0053 0.0023 0.0050 0.0030 0.0040
92       92   (0)      1  : 0.9663 0.0110 0.0050 0.0080 0.0037 0.0023 0.0037
93       93   (0)      1  : 0.9877 0.0020 0.0020 0.0020 0.0023 0.0020 0.0020
94       94   (5)      1  : 0.9627 0.0040 0.0023 0.0027 0.0150 0.0100 0.0033
95       95   (0)      1  : 0.9800 0.0020 0.0040 0.0020 0.0033 0.0030 0.0057
96       96   (5)      1  : 0.9850 0.0020 0.0020 0.0020 0.0020 0.0020 0.0050
97       97   (0)      1  : 0.9720 0.0047 0.0067 0.0047 0.0073 0.0017 0.0030
98       98   (0)      1  : 0.9783 0.0033 0.0037 0.0030 0.0037 0.0047 0.0033
99       99   (5)      1  : 0.9853 0.0030 0.0023 0.0020 0.0020 0.0030 0.0023
100      100   (5)      1  : 0.9890 0.0020 0.0020 0.0020 0.0020 0.0020 0.0010
101      101   (5)      2  : 0.5903 0.0040 0.0120 0.3521 0.0030 0.0040 0.0346
102      102   (0)      2  : 0.0037 0.0027 0.0027 0.0077 0.0033 0.0047 0.9753
103      103   (0)      2  : 0.0090 0.0030 0.0037 0.0073 0.0073 0.0103 0.9593
104      104   (5)      2  : 0.0057 0.0020 0.0047 0.0043 0.0043 0.0067 0.9723
105      105   (5)      2  : 0.0050 0.0020 0.0053 0.0040 0.0017 0.0040 0.9780
106      106   (0)      2  : 0.0053 0.0027 0.0040 0.0127 0.0050 0.0220 0.9484
107      107   (0)      3  : 0.0017 0.0020 0.0047 0.0060 0.0027 0.0023 0.9807
108      108   (0)      3  : 0.0020 0.0033 0.0020 0.0117 0.0030 0.0023 0.9757
109      109  (10)      4  : 0.0027 0.0123 0.3780 0.0087 0.0057 0.0023 0.5903
110      110   (5)      4  : 0.0037 0.0070 0.8023 0.0107 0.0083 0.0060 0.1620
111      111   (5)      4  : 0.0037 0.0033 0.3257 0.0020 0.0050 0.0030 0.6573
112      112   (5)      4  : 0.0020 0.0083 0.9753 0.0057 0.0023 0.0020 0.0043
113      113  (10)      4  : 0.0017 0.0027 0.3220 0.0023 0.0053 0.0033 0.6627
114      114   (5)      4  : 0.0047 0.0023 0.3247 0.0013 0.0037 0.0023 0.6610
115      115  (10)      4  : 0.0023 0.0030 0.3300 0.0020 0.0040 0.0020 0.6567
116      116   (0)      4  : 0.0063 0.0107 0.8481 0.0100 0.0043 0.1136 0.0070
117      117   (0)      4  : 0.0040 0.0157 0.4625 0.0050 0.0103 0.0033 0.4992
118      118   (0)      4  : 0.0020 0.0037 0.9783 0.0050 0.0020 0.0037 0.0053
119      119   (0)      4  : 0.0117 0.0180 0.8824 0.0037 0.0027 0.0040 0.0776
120      120   (0)      4  : 0.0500 0.0047 0.8253 0.0037 0.0153 0.0023 0.0987
121      121   (0)      4  : 0.0023 0.0030 0.3430 0.0067 0.0017 0.0030 0.6403
122      122   (0)      4  : 0.0013 0.0023 0.3237 0.0020 0.0033 0.0023 0.6650
123      123   (0)      4  : 0.0047 0.0197 0.3860 0.0157 0.0294 0.0063 0.5383
124      124   (0)      4  : 0.0023 0.0047 0.3273 0.0020 0.0063 0.0030 0.6543
125      125   (0)      4  : 0.0023 0.0030 0.3313 0.0020 0.0027 0.0020 0.6567
126      126   (0)      4  : 0.0033 0.0023 0.3270 0.0013 0.0030 0.0020 0.6610
127      127   (0)      4  : 0.0050 0.0070 0.9456 0.0140 0.0033 0.0053 0.0197
128      128   (5)      4  : 0.0060 0.0030 0.9613 0.0100 0.0020 0.0133 0.0043
129      129   (0)      4  : 0.0023 0.0020 0.3240 0.0093 0.0040 0.0043 0.6540
130      130   (0)      4  : 0.0183 0.0067 0.3193 0.0197 0.0060 0.0063 0.6237
131      131   (5)      4  : 0.0070 0.0060 0.3297 0.0030 0.0023 0.0047 0.6473
132      132   (5)      4  : 0.0057 0.0047 0.9717 0.0060 0.0023 0.0060 0.0037
133      133   (0)      4  : 0.1136 0.0077 0.7612 0.0040 0.0203 0.0553 0.0380
134      134   (0)      4  : 0.0443 0.0100 0.9197 0.0070 0.0027 0.0050 0.0113
135      135   (0)      4  : 0.0083 0.0380 0.8807 0.0063 0.0497 0.0037 0.0133
136      136   (0)      4  : 0.0027 0.0037 0.9763 0.0063 0.0030 0.0030 0.0050
137      137   (0)      4  : 0.0020 0.0040 0.9014 0.0780 0.0037 0.0053 0.0057
138      138   (0)      4  : 0.0020 0.0057 0.9727 0.0067 0.0037 0.0037 0.0057
139      139   (0)      4  : 0.0013 0.0030 0.9494 0.0310 0.0020 0.0067 0.0067
140      140   (0)      4  : 0.0040 0.0157 0.9647 0.0047 0.0047 0.0020 0.0043
141      141   (0)      4  : 0.0020 0.0027 0.0060 0.0113 0.0037 0.0027 0.9717
142      142   (0)      4  : 0.0020 0.0027 0.0043 0.0050 0.0073 0.0043 0.9743
143      143   (0)      4  : 0.0117 0.0040 0.9534 0.0050 0.0043 0.0037 0.0180
144      144   (0)      4  : 0.0020 0.0023 0.0047 0.0120 0.0027 0.0027 0.9737
145      145   (0)      4  : 0.0020 0.0020 0.0020 0.0027 0.0037 0.0023 0.9853
146      146   (0)      4  : 0.0030 0.0030 0.0213 0.9613 0.0030 0.0040 0.0043
147      147   (0)      4  : 0.0020 0.0023 0.0053 0.0100 0.0030 0.0027 0.9747
148      148   (0)      4  : 0.0013 0.0027 0.0047 0.0093 0.0023 0.0020 0.9777
149      149   (0)      4  : 0.0050 0.0093 0.8306 0.0077 0.0590 0.0017 0.0867
150      150   (0)      4  : 0.0037 0.1199 0.4536 0.0753 0.0143 0.0037 0.3295
151      151  (10)      5  : 0.0020 0.0120 0.9613 0.0123 0.0037 0.0033 0.0053
152      152   (0)      5  : 0.0050 0.0090 0.0153 0.4794 0.0783 0.0070 0.4060
153      153   (0)      5  : 0.0250 0.0030 0.9250 0.0147 0.0023 0.0233 0.0067
154      154   (0)      5  : 0.0023 0.0043 0.9467 0.0360 0.0033 0.0037 0.0037
155      155   (0)      5  : 0.0030 0.0083 0.0073 0.7348 0.1861 0.0037 0.0567
156      156   (5)      5  : 0.0027 0.0807 0.0160 0.1558 0.1331 0.0043 0.6075
157      157   (0)      5  : 0.0020 0.0137 0.9533 0.0200 0.0030 0.0033 0.0047
158      158   (0)      5  : 0.0033 0.0047 0.8155 0.1672 0.0033 0.0020 0.0040
159      159   (0)      5  : 0.0020 0.0030 0.0037 0.9713 0.0033 0.0133 0.0033
160      160   (0)      5  : 0.0250 0.1230 0.6944 0.0060 0.0970 0.0027 0.0520
161      161   (0)      5  : 0.0020 0.0023 0.0047 0.4925 0.0040 0.4892 0.0053
162      162   (0)      5  : 0.0020 0.0030 0.2300 0.7513 0.0027 0.0043 0.0067
163      163   (0)      5  : 0.0020 0.0227 0.0223 0.9347 0.0027 0.0070 0.0087
164      164   (0)      5  : 0.0030 0.0047 0.0073 0.9633 0.0073 0.0023 0.0120
165      165   (5)      5  : 0.0060 0.0077 0.2127 0.6280 0.0023 0.0047 0.1387
166      166   (0)      5  : 0.0030 0.0057 0.0223 0.9600 0.0027 0.0030 0.0033
167      167   (0)      5  : 0.0040 0.0043 0.0067 0.9680 0.0040 0.0060 0.0070
168      168   (0)      5  : 0.0020 0.0020 0.0030 0.9853 0.0020 0.0027 0.0030
169      169   (0)      5  : 0.0020 0.0040 0.0180 0.9583 0.0070 0.0033 0.0073
170      170   (0)      5  : 0.0010 0.0020 0.0047 0.9733 0.0017 0.0020 0.0153
171      171   (0)      5  : 0.0020 0.0057 0.8920 0.0887 0.0047 0.0030 0.0040
172      172   (5)      5  : 0.0030 0.0083 0.0107 0.9610 0.0047 0.0050 0.0073
173      173   (5)      5  : 0.0030 0.0060 0.0050 0.9476 0.0027 0.0287 0.0070
174      174   (5)      5  : 0.0063 0.0817 0.7185 0.1054 0.0193 0.0057 0.0630
175      175   (0)      5  : 0.0130 0.0213 0.1260 0.6566 0.0300 0.0023 0.1508
176      176   (0)      5  : 0.0020 0.0587 0.7433 0.1867 0.0030 0.0023 0.0040
177      177   (0)      5  : 0.0020 0.0080 0.0210 0.9450 0.0057 0.0067 0.0117
178      178   (0)      5  : 0.0110 0.0110 0.1287 0.6870 0.0400 0.0020 0.1203
179      179   (0)      5  : 0.0020 0.0037 0.0393 0.9387 0.0040 0.0033 0.0090
180      180   (0)      5  : 0.0040 0.0030 0.0077 0.9737 0.0030 0.0040 0.0047
181      181   (0)      5  : 0.0030 0.0033 0.0060 0.9717 0.0030 0.0073 0.0057
182      182   (0)      5  : 0.0020 0.0073 0.0083 0.9630 0.0020 0.0100 0.0073
183      183   (0)      5  : 0.0020 0.0040 0.0323 0.9413 0.0067 0.0033 0.0103
184      184   (0)      5  : 0.0063 0.0250 0.7013 0.1216 0.0060 0.0050 0.1349
185      185   (0)      5  : 0.0037 0.0147 0.0047 0.8893 0.0200 0.0040 0.0637
186      186   (0)      5  : 0.0020 0.0020 0.0037 0.9827 0.0020 0.0037 0.0040
187      187   (5)      5  : 0.0037 0.0077 0.0243 0.9303 0.0073 0.0140 0.0127
188      188   (0)      5  : 0.0027 0.0030 0.0137 0.0699 0.0023 0.0037 0.9047
189      189   (0)      5  : 0.0020 0.0063 0.0203 0.9557 0.0053 0.0050 0.0053
190      190   (0)      5  : 0.0030 0.0043 0.9690 0.0130 0.0023 0.0030 0.0053
191      191   (0)      5  : 0.0027 0.0057 0.0147 0.9623 0.0040 0.0043 0.0063
192      192   (0)      5  : 0.0020 0.0040 0.9783 0.0063 0.0023 0.0027 0.0043
193      193   (5)      5  : 0.0020 0.0027 0.0057 0.9737 0.0023 0.0033 0.0103
194      194   (5)      5  : 0.0067 0.0050 0.5110 0.4383 0.0180 0.0087 0.0123
195      195   (5)      5  : 0.0020 0.0030 0.0080 0.9733 0.0043 0.0060 0.0033
196      196   (5)      5  : 0.0030 0.0030 0.0073 0.9717 0.0030 0.0077 0.0043
197      197   (5)      5  : 0.0083 0.0073 0.4335 0.5191 0.0040 0.0093 0.0183
198      198   (5)      5  : 0.0030 0.0030 0.0140 0.1327 0.0030 0.0037 0.8406
199      199   (0)      5  : 0.0030 0.0994 0.8636 0.0113 0.0077 0.0033 0.0117
200      200   (5)      5  : 0.0020 0.0040 0.0483 0.9240 0.0030 0.0057 0.0130
201      201   (0)      5  : 0.0030 0.8445 0.0226 0.0400 0.0227 0.0203 0.0470
202      202   (0)      5  : 0.0150 0.3311 0.5398 0.0080 0.0490 0.0393 0.0177
203      203   (0)      5  : 0.0020 0.0117 0.2839 0.6838 0.0040 0.0107 0.0040
204      204   (0)      5  : 0.0010 0.0030 0.0050 0.9800 0.0023 0.0023 0.0063
205      205   (0)      5  : 0.0063 0.0200 0.0226 0.8921 0.0523 0.0033 0.0033
206      206   (0)      5  : 0.0020 0.0143 0.8066 0.1424 0.0027 0.0077 0.0243
207      207   (0)      5  : 0.0020 0.0037 0.9350 0.0376 0.0027 0.0057 0.0133
208      208   (0)      5  : 0.0050 0.1026 0.2112 0.6548 0.0080 0.0033 0.0150
209      209   (0)      5  : 0.0020 0.0080 0.0043 0.9730 0.0030 0.0070 0.0027
210      210   (0)      5  : 0.0030 0.0127 0.0360 0.9337 0.0030 0.0033 0.0083
211      211   (0)      5  : 0.0020 0.1001 0.0250 0.0941 0.0274 0.0030 0.7484
212      212   (0)      5  : 0.0020 0.0020 0.0023 0.0023 0.9870 0.0020 0.0023
213      213   (0)      5  : 0.0010 0.0040 0.0057 0.9796 0.0027 0.0037 0.0033
214      214   (0)      5  : 0.0020 0.0070 0.0097 0.9707 0.0033 0.0033 0.0040
215      215   (0)      5  : 0.0020 0.0197 0.0180 0.9490 0.0027 0.0033 0.0053
216      216   (0)      5  : 0.0027 0.0690 0.0307 0.1003 0.0290 0.0060 0.7624
217      217   (0)      5  : 0.0020 0.0057 0.8520 0.1270 0.0060 0.0023 0.0050
218      218   (0)      5  : 0.0060 0.0057 0.1791 0.3854 0.0730 0.3398 0.0110
219      219   (0)      5  : 0.0033 0.0053 0.0047 0.8571 0.0070 0.0143 0.1082
220      220   (0)      5  : 0.0030 0.0107 0.0503 0.6646 0.0237 0.0480 0.1997
221      221   (0)      5  : 0.0017 0.0020 0.0037 0.9817 0.0030 0.0020 0.0060
222      222   (0)      5  : 0.0010 0.0023 0.0150 0.9696 0.0027 0.0027 0.0067
223      223   (0)      5  : 0.0140 0.0420 0.1436 0.7737 0.0037 0.0037 0.0193
224      224   (0)      5  : 0.0060 0.0133 0.0593 0.6860 0.0483 0.0053 0.1817
225      225   (0)      5  : 0.0027 0.0077 0.0073 0.9713 0.0043 0.0023 0.0043
226      226   (0)      5  : 0.0020 0.0190 0.0063 0.9607 0.0033 0.0023 0.0063
227      227   (0)      5  : 0.0033 0.0437 0.4360 0.5023 0.0073 0.0037 0.0037
228      228   (0)      5  : 0.0030 0.0040 0.0806 0.8915 0.0033 0.0117 0.0060
229      229   (0)      5  : 0.0050 0.0080 0.0187 0.9464 0.0070 0.0093 0.0057
230      230   (0)      5  : 0.0030 0.0197 0.0153 0.9494 0.0063 0.0033 0.0030
231      231   (0)      5  : 0.0013 0.0020 0.0097 0.2273 0.0020 0.7531 0.0047
232      232   (0)      5  : 0.0020 0.0040 0.0174 0.9626 0.0033 0.0040 0.0067
233      233   (0)      5  : 0.0020 0.0050 0.0433 0.9347 0.0050 0.0050 0.0050
234      234   (0)      5  : 0.0020 0.0030 0.0073 0.9753 0.0037 0.0047 0.0040
235      235   (0)      5  : 0.0010 0.0030 0.0063 0.9783 0.0030 0.0023 0.0060
236      236   (0)      5  : 0.0033 0.0030 0.0030 0.8883 0.0057 0.0030 0.0937
237      237   (0)      5  : 0.0023 0.0050 0.4248 0.5525 0.0083 0.0023 0.0047
238      238   (0)      5  : 0.0020 0.0090 0.0073 0.9714 0.0027 0.0050 0.0027
239      239   (0)      5  : 0.0020 0.0150 0.9164 0.0500 0.0040 0.0063 0.0063
240      240   (0)      5  : 0.0020 0.0090 0.5199 0.4428 0.0093 0.0040 0.0130
241      241   (0)      5  : 0.0020 0.0110 0.0847 0.8793 0.0040 0.0093 0.0097
242      242   (0)      5  : 0.0033 0.0023 0.0030 0.9067 0.0040 0.0023 0.0783
243      243  (10)      5  : 0.0047 0.0117 0.1737 0.0974 0.0060 0.6802 0.0263
244      244   (0)      5  : 0.0020 0.0020 0.0030 0.9840 0.0030 0.0033 0.0027
245      245   (0)      5  : 0.0020 0.0030 0.8980 0.0103 0.0033 0.0047 0.0787
246      246   (0)      5  : 0.0027 0.0090 0.0043 0.8212 0.0143 0.0233 0.1251
247      247   (0)      5  : 0.0030 0.0020 0.0023 0.9810 0.0030 0.0063 0.0023
248      248   (0)      5  : 0.0067 0.0083 0.0050 0.9323 0.0243 0.0050 0.0183
249      249   (0)      5  : 0.0020 0.0030 0.0050 0.9800 0.0037 0.0020 0.0043
250      250   (0)      5  : 0.0020 0.0540 0.0073 0.7899 0.0147 0.0040 0.1281
251      251   (0)      5  : 0.0010 0.0020 0.0047 0.9727 0.0017 0.0020 0.0160
252      252   (0)      5  : 0.0010 0.0030 0.0497 0.9323 0.0020 0.0033 0.0087
253      253   (0)      5  : 0.0047 0.0077 0.0073 0.9617 0.0040 0.0087 0.0060
254      254   (0)      5  : 0.0010 0.0030 0.0737 0.9103 0.0023 0.0040 0.0057
255      255   (0)      5  : 0.0020 0.0030 0.6015 0.3768 0.0023 0.0060 0.0083
256      256   (0)      6  : 0.0117 0.0093 0.9590 0.0040 0.0027 0.0063 0.0070
257      257  (10)      6  : 0.0047 0.0043 0.9650 0.0053 0.0020 0.0073 0.0113
258      258  (10)      6  : 0.0053 0.0403 0.3434 0.0283 0.0260 0.0190 0.5376
259      259   (5)      6  : 0.0047 0.0037 0.0330 0.9360 0.0027 0.0033 0.0167
260      260   (5)      6  : 0.0020 0.0033 0.9210 0.0137 0.0030 0.0093 0.0477
261      261   (0)      6  : 0.0010 0.0033 0.0030 0.9837 0.0030 0.0030 0.0030
262      262   (5)      6  : 0.0020 0.0020 0.0033 0.9807 0.0037 0.0043 0.0040
263      263   (5)      6  : 0.0020 0.0030 0.0037 0.9827 0.0020 0.0047 0.0020
264      264   (0)      6  : 0.0010 0.0030 0.0107 0.9767 0.0020 0.0030 0.0037
265      265   (0)      6  : 0.0020 0.0073 0.1259 0.8505 0.0023 0.0033 0.0087
266      266   (0)      6  : 0.0020 0.0073 0.1262 0.8501 0.0023 0.0033 0.0087
267      267   (0)      6  : 0.0020 0.2512 0.4179 0.3036 0.0050 0.0057 0.0147
268      268   (0)      6  : 0.0020 0.0040 0.0093 0.9693 0.0043 0.0030 0.0080
269      269   (5)      6  : 0.0020 0.0040 0.9727 0.0110 0.0027 0.0037 0.0040
270      270   (5)      6  : 0.0080 0.0033 0.9316 0.0057 0.0053 0.0030 0.0430
271      271  (10)      6  : 0.0040 0.1540 0.5103 0.3133 0.0033 0.0067 0.0083
272      272   (0)      6  : 0.0020 0.0093 0.0090 0.9630 0.0033 0.0040 0.0093
273      273   (5)      6  : 0.0050 0.0173 0.0030 0.9617 0.0050 0.0047 0.0033
274      274   (5)      6  : 0.0020 0.0050 0.9597 0.0213 0.0053 0.0023 0.0043
275      275   (0)      6  : 0.0010 0.0047 0.0037 0.9827 0.0037 0.0020 0.0023
276      276   (5)      6  : 0.0020 0.0484 0.0180 0.9206 0.0030 0.0050 0.0030
277      277   (0)      6  : 0.0057 0.0047 0.9303 0.0244 0.0120 0.0023 0.0207
278      278   (5)      6  : 0.0010 0.0020 0.0067 0.9753 0.0033 0.0037 0.0080
279      279   (0)      6  : 0.0017 0.0040 0.6430 0.0113 0.0020 0.0070 0.3310
280      280   (0)      6  : 0.0027 0.0020 0.0037 0.9817 0.0023 0.0050 0.0027
281      281   (0)      6  : 0.0030 0.0030 0.0047 0.9793 0.0037 0.0030 0.0033
282      282   (0)      6  : 0.0020 0.0030 0.0030 0.9847 0.0020 0.0033 0.0020
283      283   (0)      6  : 0.0027 0.0163 0.5894 0.0503 0.0050 0.0133 0.3230
284      284   (0)      6  : 0.0030 0.0020 0.0020 0.9827 0.0027 0.0057 0.0020
285      285   (0)      6  : 0.0040 0.0020 0.0047 0.9790 0.0033 0.0047 0.0023
286      286   (0)      6  : 0.0030 0.0020 0.0030 0.9850 0.0027 0.0020 0.0023
287      287   (0)      6  : 0.0043 0.0030 0.0020 0.9763 0.0030 0.0093 0.0020
288      288   (0)      6  : 0.0020 0.0020 0.0063 0.9773 0.0027 0.0047 0.0050
289      289   (0)      6  : 0.0027 0.0160 0.6240 0.0123 0.0087 0.0030 0.3333
290      290   (0)      6  : 0.0040 0.0057 0.9517 0.0143 0.0057 0.0057 0.0130
291      291   (0)      6  : 0.0010 0.0037 0.9773 0.0067 0.0020 0.0027 0.0067
292      292   (0)      6  : 0.0050 0.0073 0.9314 0.0470 0.0033 0.0020 0.0040
293      293   (0)      6  : 0.0020 0.0030 0.9770 0.0090 0.0020 0.0020 0.0050
294      294   (5)      6  : 0.0063 0.0100 0.2927 0.6476 0.0067 0.0050 0.0317
295      295   (5)      6  : 0.0020 0.0030 0.0030 0.9797 0.0040 0.0040 0.0043
296      296   (0)      6  : 0.0023 0.0043 0.8826 0.0944 0.0050 0.0020 0.0093
297      297  (15)      6  : 0.0040 0.0050 0.9680 0.0063 0.0060 0.0060 0.0047
298      298  (10)      6  : 0.0020 0.0040 0.0163 0.9657 0.0020 0.0053 0.0047
299      299  (10)      6  : 0.0020 0.0060 0.9587 0.0200 0.0040 0.0033 0.0060
300      300  (10)      6  : 0.0030 0.0203 0.9143 0.0343 0.0097 0.0070 0.0113
301      301   (5)      6  : 0.0030 0.0110 0.3917 0.5647 0.0187 0.0067 0.0043
302      302   (5)      6  : 0.0020 0.0463 0.9320 0.0043 0.0027 0.0053 0.0073
303      303   (5)      6  : 0.0020 0.0040 0.9770 0.0043 0.0043 0.0023 0.0060
304      304   (5)      6  : 0.0020 0.0040 0.0037 0.9817 0.0030 0.0033 0.0023
305      305   (5)      6  : 0.0030 0.0280 0.7623 0.0700 0.0250 0.0097 0.1020
306      306   (5)      6  : 0.0020 0.0180 0.9643 0.0050 0.0043 0.0027 0.0037
307      307  (15)      6  : 0.0090 0.0323 0.9147 0.0163 0.0077 0.0123 0.0077
308      308   (5)      6  : 0.0070 0.0150 0.9357 0.0053 0.0020 0.0047 0.0303
309      309   (5)      6  : 0.0020 0.0050 0.9790 0.0063 0.0020 0.0030 0.0027
310      310  (15)      6  : 0.0023 0.0103 0.9637 0.0070 0.0030 0.0047 0.0090
311      311   (5)      6  : 0.0157 0.1134 0.7893 0.0337 0.0163 0.0247 0.0070
312      312   (5)      6  : 0.0050 0.0177 0.1380 0.0457 0.0547 0.0354 0.7035
313      313   (5)      6  : 0.0030 0.0457 0.3142 0.0850 0.0063 0.0030 0.5428
314      314   (5)      6  : 0.0020 0.0030 0.0037 0.9833 0.0020 0.0040 0.0020
315      315  (10)      6  : 0.0030 0.0100 0.4113 0.5597 0.0040 0.0040 0.0080
316      316   (5)      6  : 0.0020 0.0050 0.0173 0.9466 0.0030 0.0223 0.0037
317      317   (5)      6  : 0.0023 0.0057 0.8410 0.1410 0.0047 0.0023 0.0030
318      318  (10)      6  : 0.0020 0.0183 0.0177 0.9443 0.0030 0.0107 0.0040
319      319  (10)      6  : 0.0030 0.0087 0.9270 0.0360 0.0137 0.0063 0.0053
320      320  (10)      6  : 0.0087 0.0060 0.9643 0.0053 0.0037 0.0033 0.0087
321      321  (10)      6  : 0.0130 0.0250 0.9260 0.0090 0.0080 0.0110 0.0080
322      322   (5)      6  : 0.0020 0.0103 0.1098 0.0173 0.0050 0.0067 0.8489
323      323  (10)      6  : 0.0030 0.0087 0.3493 0.0193 0.0970 0.0107 0.5121
324      324   (0)      6  : 0.0010 0.0030 0.0077 0.9710 0.0030 0.0073 0.0070
325      325   (5)      6  : 0.0020 0.0027 0.0063 0.9797 0.0027 0.0043 0.0023
326      326   (0)      6  : 0.0013 0.0043 0.9747 0.0110 0.0023 0.0030 0.0033
327      327   (0)      6  : 0.0010 0.0020 0.8739 0.1107 0.0010 0.0030 0.0083
328      328   (0)      6  : 0.0043 0.0063 0.9153 0.0060 0.0023 0.0033 0.0623
329      329   (0)      6  : 0.0057 0.0020 0.9140 0.0526 0.0030 0.0047 0.0180
330      330   (0)      6  : 0.0020 0.0077 0.9560 0.0043 0.0153 0.0020 0.0127
331      331   (0)      6  : 0.0083 0.0023 0.7915 0.1782 0.0020 0.0144 0.0033
332      332   (0)      6  : 0.0030 0.0100 0.9446 0.0073 0.0033 0.0273 0.0043
333      333  (10)      6  : 0.0027 0.0037 0.6750 0.0250 0.0020 0.0047 0.2870
334      334  (10)      6  : 0.0090 0.9407 0.0170 0.0130 0.0100 0.0063 0.0040
335      335   (0)      6  : 0.0153 0.0473 0.9217 0.0040 0.0023 0.0047 0.0047
336      336   (5)      6  : 0.0573 0.3333 0.4847 0.0690 0.0270 0.0083 0.0203
337      337   (0)      6  : 0.0020 0.0210 0.5252 0.0147 0.0040 0.0080 0.4251
338      338   (5)      6  : 0.0163 0.0443 0.9053 0.0073 0.0057 0.0060 0.0150
339      339   (5)      6  : 0.0020 0.0090 0.0223 0.9454 0.0073 0.0103 0.0037
340      340   (5)      6  : 0.0057 0.0063 0.1845 0.6734 0.0083 0.0127 0.1091
341      341  (10)      6  : 0.0020 0.0040 0.9740 0.0110 0.0023 0.0040 0.0027
342      342   (0)      6  : 0.0023 0.0080 0.7523 0.2297 0.0023 0.0020 0.0033
343      343   (0)      6  : 0.0020 0.0050 0.9046 0.0217 0.0040 0.0050 0.0577
344      344   (0)      6  : 0.0223 0.8253 0.1127 0.0070 0.0100 0.0043 0.0183
345      345   (0)      6  : 0.0023 0.0053 0.6690 0.3130 0.0053 0.0023 0.0027
346      346   (0)      6  : 0.0040 0.1777 0.1257 0.5842 0.0073 0.0057 0.0953
347      347   (0)      6  : 0.0020 0.0040 0.0417 0.9383 0.0030 0.0030 0.0080
348      348   (0)      6  : 0.0020 0.0047 0.0240 0.9047 0.0057 0.0330 0.0260
349      349   (0)      6  : 0.0037 0.1006 0.5617 0.0097 0.0063 0.0117 0.3064
350      350   (0)      6  : 0.0020 0.0093 0.0240 0.9463 0.0027 0.0110 0.0047
351      351   (0)      6  : 0.0020 0.0083 0.9537 0.0040 0.0037 0.0033 0.0250
352      352   (0)      6  : 0.0020 0.0053 0.9756 0.0067 0.0043 0.0020 0.0040
353      353   (0)      6  : 0.0097 0.6839 0.1962 0.0416 0.0093 0.0460 0.0133
354      354   (0)      6  : 0.0067 0.5647 0.3346 0.0107 0.0387 0.0163 0.0284
355      355   (0)      6  : 0.0083 0.7453 0.1390 0.0213 0.0580 0.0227 0.0053
356      356   (0)      6  : 0.0027 0.0070 0.0107 0.9240 0.0260 0.0230 0.0067
357      357   (0)      6  : 0.0077 0.0117 0.9470 0.0060 0.0033 0.0110 0.0133
358      358   (0)      6  : 0.0020 0.0030 0.9060 0.0053 0.0020 0.0037 0.0780
359      359   (5)      6  : 0.0040 0.0067 0.9553 0.0097 0.0073 0.0070 0.0100
360      360   (0)      6  : 0.0027 0.0823 0.0690 0.8154 0.0097 0.0077 0.0133
361      361   (5)      6  : 0.2576 0.5818 0.1280 0.0070 0.0127 0.0040 0.0090
362      362   (0)      6  : 0.0027 0.0123 0.5935 0.3199 0.0263 0.0140 0.0313
363      363   (0)      6  : 0.0063 0.3606 0.0326 0.5298 0.0083 0.0443 0.0180
364      364   (0)      6  : 0.0040 0.0420 0.6348 0.0133 0.0234 0.0033 0.2791
365      365   (0)      6  : 0.0040 0.1063 0.8330 0.0317 0.0117 0.0103 0.0030
366      366   (0)      6  : 0.0020 0.0057 0.0233 0.9587 0.0027 0.0040 0.0037
367      367   (0)      6  : 0.0020 0.0037 0.0380 0.9219 0.0087 0.0080 0.0177
368      368   (0)      6  : 0.0053 0.0157 0.9243 0.0110 0.0097 0.0277 0.0063
369      369   (0)      6  : 0.0010 0.0047 0.9840 0.0037 0.0020 0.0020 0.0027
370      370   (0)      6  : 0.0030 0.0437 0.2157 0.7229 0.0057 0.0033 0.0057
371      371   (0)      6  : 0.0023 0.0147 0.3565 0.6162 0.0027 0.0027 0.0050
372      372   (0)      6  : 0.0057 0.5422 0.1266 0.2203 0.0117 0.0863 0.0073
373      373   (0)      6  : 0.0020 0.0050 0.1407 0.8370 0.0043 0.0037 0.0073
374      374   (0)      6  : 0.0030 0.0060 0.9767 0.0053 0.0030 0.0023 0.0037
375      375   (5)      6  : 0.0020 0.0153 0.9583 0.0093 0.0030 0.0040 0.0080
376      376   (0)      6  : 0.0070 0.0153 0.9383 0.0170 0.0040 0.0113 0.0070
377      377   (0)      6  : 0.0030 0.0307 0.8923 0.0087 0.0367 0.0070 0.0217
378      378   (0)      6  : 0.0030 0.0030 0.9684 0.0140 0.0030 0.0030 0.0057
379      379  (10)      6  : 0.0020 0.0077 0.9576 0.0187 0.0027 0.0057 0.0057
380      380   (0)      6  : 0.0020 0.0030 0.9757 0.0040 0.0017 0.0023 0.0113
381      381   (0)      6  : 0.0023 0.0157 0.1566 0.8147 0.0020 0.0030 0.0057
382      382   (0)      6  : 0.0030 0.0077 0.8667 0.0083 0.0020 0.0037 0.1087
383      383  (10)      6  : 0.0030 0.0236 0.8678 0.0723 0.0133 0.0090 0.0110
384      384   (5)      6  : 0.0020 0.0277 0.9304 0.0030 0.0047 0.0033 0.0290
385      385   (0)      6  : 0.0020 0.0053 0.9570 0.0090 0.0040 0.0047 0.0180
386      386   (5)      6  : 0.0023 0.0047 0.6416 0.2580 0.0030 0.0030 0.0873
387      387   (5)      6  : 0.0010 0.0030 0.0354 0.9379 0.0017 0.0033 0.0177
388      388  (10)      6  : 0.0047 0.0280 0.5598 0.3188 0.0097 0.0050 0.0740
389      389   (0)      6  : 0.0020 0.0040 0.6687 0.0083 0.0023 0.0053 0.3094
390      390   (5)      6  : 0.0063 0.0047 0.8874 0.0307 0.0223 0.0047 0.0440
391      391  (10)      6  : 0.0020 0.0073 0.0087 0.9683 0.0027 0.0050 0.0060
392      392   (0)      6  : 0.0053 0.0030 0.9540 0.0030 0.0133 0.0030 0.0183
393      393   (0)      6  : 0.0143 0.0107 0.9450 0.0123 0.0053 0.0083 0.0040
394      394   (0)      6  : 0.0020 0.0080 0.2497 0.0884 0.0273 0.0123 0.6123
395      395   (0)      6  : 0.0037 0.0110 0.3440 0.0353 0.0300 0.0077 0.5684
396      396   (0)      6  : 0.0023 0.0033 0.2804 0.3343 0.0040 0.0100 0.3656
397      397   (0)      6  : 0.0063 0.0040 0.5080 0.4666 0.0030 0.0027 0.0093
398      398   (0)      6  : 0.0020 0.0057 0.3978 0.5749 0.0060 0.0077 0.0060
399      399   (0)      6  : 0.0010 0.0020 0.0030 0.9867 0.0020 0.0030 0.0023
400      400   (0)      6  : 0.0010 0.0030 0.0037 0.9830 0.0017 0.0037 0.0040
401      401   (5)      6  : 0.0053 0.0560 0.8594 0.0523 0.0183 0.0053 0.0033
402      402   (0)      6  : 0.0010 0.0030 0.0060 0.9826 0.0020 0.0027 0.0027
403      403   (0)      6  : 0.0063 0.0040 0.0567 0.8577 0.0177 0.0377 0.0200
404      404   (0)      6  : 0.0020 0.0030 0.9620 0.0237 0.0037 0.0020 0.0037
405      405   (5)      6  : 0.0057 0.0137 0.9333 0.0120 0.0067 0.0163 0.0123
406      406   (0)      6  : 0.0020 0.0047 0.9633 0.0110 0.0030 0.0043 0.0117
407      407   (0)      6  : 0.0103 0.0443 0.8463 0.0197 0.0467 0.0263 0.0063
408      408   (0)      6  : 0.0020 0.0020 0.0037 0.9827 0.0037 0.0030 0.0030
409      409   (0)      6  : 0.0020 0.2057 0.0853 0.5877 0.0083 0.0133 0.0977
410      410   (0)      6  : 0.0030 0.0063 0.3825 0.5952 0.0060 0.0033 0.0037
411      411   (0)      6  : 0.0037 0.0040 0.6514 0.2867 0.0087 0.0310 0.0146
412      412   (0)      6  : 0.0057 0.0090 0.9480 0.0043 0.0033 0.0040 0.0257
413      413   (0)      6  : 0.0023 0.0033 0.8155 0.1535 0.0027 0.0030 0.0196
414      414   (0)      6  : 0.0020 0.0037 0.0047 0.9760 0.0043 0.0050 0.0043
415      415   (0)      6  : 0.0187 0.0316 0.8861 0.0323 0.0153 0.0057 0.0103
416      416   (0)      6  : 0.0020 0.0313 0.0936 0.8179 0.0033 0.0449 0.0070
417      417   (0)      6  : 0.0010 0.0030 0.0163 0.9673 0.0017 0.0040 0.0067
418      418   (0)      6  : 0.0023 0.0120 0.7410 0.2300 0.0027 0.0030 0.0090
419      419   (0)      6  : 0.0020 0.0030 0.0043 0.9833 0.0020 0.0020 0.0033
420      420   (0)      6  : 0.0010 0.0037 0.9663 0.0057 0.0020 0.0023 0.0190
421      421   (0)      6  : 0.0017 0.0030 0.0147 0.9677 0.0020 0.0033 0.0077
422      422   (0)      6  : 0.0020 0.0040 0.9244 0.0277 0.0053 0.0037 0.0330
423      423   (0)      6  : 0.0037 0.0037 0.9770 0.0050 0.0037 0.0033 0.0037
424      424   (0)      6  : 0.0027 0.0033 0.6171 0.3670 0.0030 0.0030 0.0040
425      425   (0)      6  : 0.0020 0.0023 0.6747 0.3127 0.0020 0.0020 0.0043
426      426  (10)      6  : 0.0040 0.0223 0.2693 0.6747 0.0040 0.0067 0.0190
427      427   (5)      6  : 0.0020 0.0470 0.4253 0.2042 0.2951 0.0163 0.0100
428      428  (10)      6  : 0.0020 0.0050 0.9560 0.0130 0.0030 0.0040 0.0170
429      429   (5)      6  : 0.1013 0.0100 0.8310 0.0070 0.0313 0.0143 0.0050
430      430  (10)      6  : 0.0020 0.0047 0.0633 0.9120 0.0047 0.0093 0.0040
431      431  (10)      6  : 0.0020 0.0033 0.9410 0.0077 0.0060 0.0350 0.0050
432      432   (0)      6  : 0.0027 0.0030 0.0030 0.9803 0.0043 0.0033 0.0033
433      433   (5)      6  : 0.0053 0.0050 0.5813 0.0393 0.0067 0.0100 0.3523
434      434   (5)      6  : 0.0120 0.0177 0.9104 0.0187 0.0213 0.0063 0.0137
435      435  (10)      6  : 0.0030 0.0030 0.9563 0.0107 0.0047 0.0087 0.0137
436      436   (0)      6  : 0.0020 0.0030 0.0053 0.9790 0.0027 0.0047 0.0033
437      437   (0)      6  : 0.0030 0.0033 0.6420 0.3437 0.0023 0.0030 0.0027
438      438   (0)      6  : 0.0020 0.0023 0.6960 0.2917 0.0023 0.0030 0.0027
439      439   (0)      6  : 0.0027 0.0037 0.3900 0.5973 0.0020 0.0020 0.0023
440      440   (0)      6  : 0.0077 0.0050 0.9309 0.0073 0.0027 0.0397 0.0067
441      441   (0)      6  : 0.0427 0.2980 0.6090 0.0063 0.0337 0.0060 0.0043
442      442   (0)      6  : 0.0177 0.0037 0.9593 0.0090 0.0027 0.0047 0.0030
443      443   (0)      6  : 0.0020 0.0070 0.9040 0.0773 0.0037 0.0023 0.0037
444      444   (0)      6  : 0.0020 0.0040 0.9427 0.0267 0.0060 0.0030 0.0157
445      445   (5)      6  : 0.0070 0.8280 0.1184 0.0130 0.0107 0.0053 0.0177
446      446   (0)      6  : 0.0100 0.8259 0.0770 0.0043 0.0497 0.0187 0.0143
447      447   (0)      6  : 0.0020 0.0980 0.8600 0.0103 0.0120 0.0087 0.0090
448      448  (10)      6  : 0.0063 0.4055 0.5622 0.0097 0.0033 0.0063 0.0067
449      449   (5)      6  : 0.0037 0.0187 0.9370 0.0140 0.0043 0.0153 0.0070
450      450   (0)      6  : 0.0013 0.0060 0.9660 0.0120 0.0027 0.0027 0.0093
451      451   (5)      6  : 0.0040 0.9607 0.0133 0.0063 0.0053 0.0070 0.0033
452      452   (5)      6  : 0.0030 0.0077 0.8526 0.0817 0.0080 0.0143 0.0327
453      453   (0)      6  : 0.0020 0.0040 0.9077 0.0163 0.0040 0.0097 0.0563
454      454   (0)      6  : 0.0223 0.0050 0.8083 0.1473 0.0043 0.0053 0.0073
455      455   (0)      6  : 0.0030 0.0057 0.9580 0.0153 0.0053 0.0047 0.0080
456      456   (0)      6  : 0.0040 0.5725 0.3795 0.0220 0.0090 0.0033 0.0097
457      457   (0)      6  : 0.0020 0.1120 0.1939 0.6754 0.0027 0.0107 0.0033
458      458   (0)      6  : 0.0050 0.0077 0.9577 0.0083 0.0027 0.0070 0.0117
459      459   (0)      6  : 0.0020 0.0027 0.9774 0.0083 0.0030 0.0030 0.0037
460      460   (0)      6  : 0.0017 0.0090 0.0283 0.9200 0.0157 0.0103 0.0150
461      461   (0)      6  : 0.0020 0.0040 0.9647 0.0203 0.0027 0.0023 0.0040
462      462   (0)      6  : 0.0020 0.0037 0.9534 0.0287 0.0037 0.0033 0.0053
463      463   (0)      6  : 0.0040 0.0030 0.0057 0.9774 0.0033 0.0037 0.0030
464      464   (0)      6  : 0.0020 0.0030 0.4590 0.5096 0.0153 0.0050 0.0060
465      465   (0)      6  : 0.0027 0.0120 0.4335 0.5295 0.0147 0.0027 0.0050
466      466   (0)      6  : 0.0020 0.0053 0.2471 0.7339 0.0060 0.0023 0.0033
467      467   (0)      6  : 0.0020 0.0020 0.0037 0.9833 0.0020 0.0043 0.0027
468      468   (0)      6  : 0.0030 0.0030 0.0060 0.9737 0.0050 0.0043 0.0050
469      469   (0)      6  : 0.0020 0.0020 0.0037 0.9833 0.0020 0.0043 0.0027
470      470   (0)      6  : 0.0020 0.0030 0.0107 0.9733 0.0027 0.0027 0.0057
471      471   (0)      6  : 0.0020 0.0020 0.0037 0.9847 0.0020 0.0020 0.0037
472      472   (0)      6  : 0.0013 0.0020 0.0040 0.9837 0.0027 0.0030 0.0033
473      473   (0)      6  : 0.0013 0.0023 0.0170 0.9690 0.0027 0.0027 0.0050
474      474   (0)      6  : 0.0020 0.0437 0.8709 0.0334 0.0027 0.0327 0.0147
475      475   (0)      6  : 0.0020 0.0326 0.0103 0.9460 0.0020 0.0047 0.0023
476      476   (0)      6  : 0.0037 0.0030 0.9390 0.0137 0.0023 0.0147 0.0237
477      477   (0)      6  : 0.0123 0.0067 0.9167 0.0040 0.0043 0.0033 0.0527
478      478   (0)      6  : 0.0020 0.0030 0.0243 0.9567 0.0027 0.0033 0.0080
479      479   (0)      6  : 0.0047 0.0080 0.0037 0.9707 0.0073 0.0037 0.0020
480      480   (0)      6  : 0.0020 0.0050 0.6250 0.3584 0.0020 0.0050 0.0027
481      481   (0)      6  : 0.0020 0.0047 0.0037 0.9793 0.0050 0.0033 0.0020
482      482   (0)      6  : 0.0020 0.0097 0.0103 0.9673 0.0037 0.0033 0.0037
483      483   (0)      6  : 0.0040 0.0930 0.5085 0.3739 0.0083 0.0070 0.0053
484      484   (0)      6  : 0.0057 0.0130 0.9440 0.0193 0.0043 0.0087 0.0050
485      485   (0)      6  : 0.0020 0.0050 0.9673 0.0107 0.0033 0.0023 0.0093
486      486   (0)      6  : 0.0037 0.0053 0.9183 0.0147 0.0050 0.0080 0.0450
487      487   (0)      6  : 0.0017 0.0020 0.0020 0.9877 0.0017 0.0027 0.0023
488      488   (0)      6  : 0.0057 0.0070 0.9116 0.0050 0.0043 0.0607 0.0057
489      489   (0)      6  : 0.0027 0.0043 0.4537 0.5317 0.0023 0.0020 0.0033
490      490   (0)      6  : 0.0020 0.0047 0.9620 0.0127 0.0020 0.0030 0.0137
491      491   (0)      6  : 0.0030 0.0983 0.6516 0.0280 0.0050 0.0067 0.2075
492      492   (0)      6  : 0.0033 0.0067 0.6806 0.1875 0.0057 0.0033 0.1129
493      493   (0)      6  : 0.0020 0.0053 0.9496 0.0303 0.0033 0.0057 0.0037
494      494   (0)      6  : 0.0020 0.0287 0.9464 0.0087 0.0040 0.0043 0.0060
495      495   (0)      6  : 0.0020 0.0030 0.0047 0.9830 0.0023 0.0020 0.0030
496      496   (5)      7  : 0.0153 0.4723 0.2923 0.0473 0.0257 0.0040 0.1430
497      497   (0)      7  : 0.0030 0.8644 0.1026 0.0083 0.0103 0.0050 0.0063
498      498   (0)      7  : 0.0050 0.8843 0.0690 0.0150 0.0033 0.0147 0.0087
499      499   (0)      7  : 0.0020 0.9610 0.0170 0.0047 0.0027 0.0050 0.0077
500      500   (0)      7  : 0.0030 0.1926 0.7661 0.0087 0.0047 0.0093 0.0157
501      501   (0)      7  : 0.0750 0.4345 0.2081 0.0037 0.0087 0.0047 0.2654
502      502   (0)      7  : 0.0047 0.5148 0.1030 0.0207 0.0110 0.0110 0.3349
503      503   (0)      7  : 0.0226 0.0886 0.7169 0.0163 0.0320 0.1086 0.0150
504      504   (0)      7  : 0.0020 0.9010 0.0143 0.0393 0.0090 0.0197 0.0147
505      505   (0)      7  : 0.0020 0.0030 0.6350 0.3497 0.0020 0.0020 0.0063
506      506   (0)      7  : 0.0050 0.3578 0.1736 0.0270 0.0033 0.0060 0.4274
507      507   (0)      7  : 0.0040 0.4038 0.4551 0.0740 0.0070 0.0193 0.0367
508      508   (0)      7  : 0.0030 0.0103 0.9273 0.0277 0.0047 0.0127 0.0143
509      509   (0)      7  : 0.0020 0.9080 0.0477 0.0230 0.0037 0.0053 0.0103
510      510   (0)      7  : 0.0030 0.7508 0.0490 0.0263 0.0043 0.0700 0.0966
511      511   (0)      7  : 0.0010 0.0030 0.5506 0.3080 0.0027 0.0037 0.1311
512      512   (0)      7  : 0.0020 0.5799 0.3078 0.0944 0.0053 0.0033 0.0073
513      513   (0)      7  : 0.0093 0.5382 0.3729 0.0460 0.0043 0.0037 0.0257
514      514   (0)      7  : 0.0020 0.0087 0.9683 0.0100 0.0047 0.0023 0.0040
515      515   (0)      7  : 0.0087 0.0831 0.7561 0.0340 0.1021 0.0080 0.0080
516      516   (0)      7  : 0.0110 0.0223 0.5003 0.3292 0.0117 0.0876 0.0380
517      517   (0)      7  : 0.0043 0.1244 0.3646 0.1011 0.1571 0.0037 0.2449
518      518   (0)      7  : 0.0030 0.8747 0.0780 0.0137 0.0097 0.0147 0.0063
519      519   (0)      7  : 0.0033 0.8850 0.0570 0.0167 0.0083 0.0240 0.0057
520      520   (0)      7  : 0.0340 0.0090 0.9334 0.0103 0.0037 0.0023 0.0073
521      521   (0)      7  : 0.0040 0.3889 0.2679 0.2696 0.0486 0.0100 0.0110
522      522   (0)      7  : 0.0030 0.6409 0.1801 0.0960 0.0323 0.0157 0.0320
523      523   (0)      7  : 0.0030 0.9753 0.0067 0.0030 0.0057 0.0043 0.0020
524      524   (0)      7  : 0.0040 0.6781 0.2729 0.0227 0.0027 0.0110 0.0087
525      525   (0)      7  : 0.0050 0.6039 0.2783 0.0931 0.0083 0.0023 0.0090
526      526   (0)      7  : 0.0320 0.0177 0.9226 0.0047 0.0033 0.0113 0.0083
527      527  (10)      7  : 0.0020 0.0040 0.8836 0.0570 0.0060 0.0050 0.0423
528      528   (5)      7  : 0.0030 0.5547 0.0390 0.2865 0.0027 0.0173 0.0968
529      529   (0)      7  : 0.0050 0.6902 0.0040 0.0040 0.2635 0.0307 0.0027
530      530   (0)      7  : 0.0030 0.9690 0.0120 0.0047 0.0033 0.0023 0.0057
531      531   (0)      7  : 0.0050 0.9413 0.0183 0.0040 0.0047 0.0110 0.0157
532      532   (0)      7  : 0.0040 0.9477 0.0227 0.0093 0.0047 0.0053 0.0063
533      533   (0)      7  : 0.0067 0.9500 0.0113 0.0040 0.0120 0.0067 0.0093
534      534   (0)      7  : 0.0020 0.9620 0.0203 0.0050 0.0047 0.0023 0.0037
535      535   (0)      7  : 0.0060 0.9347 0.0387 0.0057 0.0037 0.0057 0.0057
536      536   (0)      7  : 0.0050 0.9303 0.0477 0.0030 0.0060 0.0027 0.0053
537      537   (0)      7  : 0.0020 0.9687 0.0067 0.0067 0.0040 0.0033 0.0087
538      538   (5)      7  : 0.0060 0.6957 0.1107 0.1100 0.0467 0.0077 0.0233
539      539   (0)      7  : 0.0040 0.9112 0.0060 0.0020 0.0274 0.0407 0.0087
540      540   (0)      7  : 0.0020 0.7582 0.1272 0.0243 0.0130 0.0060 0.0693
541      541   (0)      7  : 0.0043 0.6428 0.1973 0.0197 0.0956 0.0347 0.0057
542      542   (0)      7  : 0.0133 0.6066 0.2415 0.0643 0.0150 0.0083 0.0510
543      543   (0)      7  : 0.0020 0.9506 0.0170 0.0030 0.0190 0.0033 0.0050
544      544   (5)      7  : 0.0020 0.0087 0.0393 0.0837 0.6876 0.1200 0.0587
545      545   (0)      7  : 0.0067 0.9154 0.0323 0.0087 0.0207 0.0063 0.0100
546      546   (0)      7  : 0.0020 0.9693 0.0033 0.0067 0.0037 0.0107 0.0043
547      547   (0)      7  : 0.0020 0.9750 0.0030 0.0020 0.0057 0.0023 0.0100
548      548   (0)      7  : 0.0030 0.9577 0.0060 0.0097 0.0107 0.0060 0.0070
549      549   (0)      7  : 0.0020 0.0097 0.9380 0.0210 0.0040 0.0070 0.0183
550      550   (0)      7  : 0.0020 0.4111 0.2405 0.0173 0.0053 0.0137 0.3100
551      551   (5)      7  : 0.0030 0.7962 0.1197 0.0357 0.0060 0.0090 0.0304
552      552   (5)      7  : 0.0030 0.9340 0.0050 0.0070 0.0420 0.0027 0.0063
553      553   (0)      7  : 0.0023 0.9587 0.0113 0.0130 0.0030 0.0030 0.0087
554      554   (0)      7  : 0.0020 0.9416 0.0077 0.0050 0.0193 0.0060 0.0183
555      555   (0)      7  : 0.0146 0.8961 0.0093 0.0413 0.0216 0.0067 0.0103
556      556   (0)      7  : 0.0020 0.9427 0.0320 0.0077 0.0037 0.0033 0.0087
557      557   (0)      7  : 0.0060 0.3965 0.1297 0.4348 0.0180 0.0073 0.0077
558      558   (0)      7  : 0.0100 0.9373 0.0213 0.0070 0.0080 0.0080 0.0083
559      559   (0)      7  : 0.0040 0.7272 0.1536 0.0889 0.0080 0.0033 0.0150
560      560   (0)      7  : 0.0020 0.6223 0.2129 0.0726 0.0353 0.0087 0.0463
561      561   (0)      7  : 0.0020 0.6828 0.0304 0.0941 0.0444 0.0130 0.1334
562      562   (0)      7  : 0.0020 0.8980 0.0380 0.0203 0.0050 0.0043 0.0323
563      563   (0)      7  : 0.0057 0.2312 0.5267 0.0183 0.1529 0.0080 0.0573
564      564   (0)      8  : 0.0027 0.8994 0.0230 0.0637 0.0020 0.0050 0.0043
565      565   (0)      8  : 0.0030 0.9474 0.0110 0.0227 0.0027 0.0050 0.0083
566      566   (0)      8  : 0.0050 0.7755 0.1429 0.0090 0.0030 0.0043 0.0603
567      567   (0)      8  : 0.0040 0.9443 0.0093 0.0080 0.0027 0.0067 0.0250
568      568   (0)      8  : 0.0020 0.9637 0.0070 0.0133 0.0047 0.0037 0.0057
569      569   (0)      8  : 0.0010 0.9770 0.0053 0.0040 0.0030 0.0023 0.0073
570      570   (0)      8  : 0.0020 0.9590 0.0117 0.0143 0.0027 0.0050 0.0053
571      571   (0)      8  : 0.0130 0.8870 0.0137 0.0070 0.0560 0.0033 0.0200
572      572   (0)      8  : 0.0163 0.9177 0.0180 0.0087 0.0180 0.0140 0.0073
573      573   (0)      8  : 0.0040 0.8768 0.0186 0.0616 0.0103 0.0127 0.0160
574      574   (0)      8  : 0.0020 0.9783 0.0070 0.0043 0.0030 0.0030 0.0023
575      575   (0)      8  : 0.0040 0.9720 0.0033 0.0050 0.0040 0.0053 0.0063
576      576   (0)      8  : 0.0033 0.8813 0.0520 0.0043 0.0040 0.0020 0.0530
577      577   (0)      8  : 0.0020 0.9343 0.0334 0.0083 0.0037 0.0110 0.0073
578      578   (0)      8  : 0.0040 0.9780 0.0037 0.0040 0.0027 0.0023 0.0053
579      579   (0)      8  : 0.0020 0.9737 0.0077 0.0070 0.0030 0.0030 0.0037
580      580   (0)      8  : 0.0020 0.9807 0.0030 0.0030 0.0047 0.0040 0.0027
581      581   (0)      8  : 0.0043 0.9307 0.0280 0.0073 0.0113 0.0047 0.0137
582      582   (0)      8  : 0.0020 0.9760 0.0060 0.0040 0.0030 0.0020 0.0070
583      583   (0)      8  : 0.0020 0.9797 0.0043 0.0030 0.0037 0.0040 0.0033
584      584   (0)      8  : 0.0040 0.9070 0.0080 0.0417 0.0193 0.0127 0.0073
585      585   (0)      8  : 0.0030 0.9643 0.0033 0.0030 0.0087 0.0140 0.0037
586      586   (0)      8  : 0.0020 0.9694 0.0047 0.0040 0.0030 0.0143 0.0027
587      587   (0)      8  : 0.0020 0.9550 0.0053 0.0040 0.0057 0.0243 0.0037
588      588   (0)      8  : 0.0020 0.9770 0.0043 0.0030 0.0050 0.0043 0.0043
589      589   (0)      8  : 0.0050 0.9653 0.0053 0.0060 0.0043 0.0023 0.0117
590      590   (0)      8  : 0.0030 0.9530 0.0217 0.0050 0.0057 0.0023 0.0093
591      591   (0)      8  : 0.0050 0.9550 0.0057 0.0080 0.0030 0.0033 0.0200
592      592   (0)      8  : 0.0377 0.9414 0.0020 0.0020 0.0037 0.0033 0.0100
593      593   (0)      8  : 0.0037 0.9656 0.0040 0.0060 0.0073 0.0110 0.0023
594      594   (0)      8  : 0.0040 0.9640 0.0090 0.0053 0.0033 0.0073 0.0070
595      595   (0)      9  : 0.0030 0.9747 0.0053 0.0040 0.0040 0.0040 0.0050
596      596   (0)      9  : 0.0057 0.9647 0.0037 0.0110 0.0097 0.0033 0.0020
597      597   (0)      9  : 0.0033 0.9670 0.0047 0.0070 0.0070 0.0073 0.0037
598      598   (0)      9  : 0.0020 0.9440 0.0083 0.0120 0.0147 0.0113 0.0077
599      599   (0)      9  : 0.0020 0.9823 0.0030 0.0030 0.0027 0.0030 0.0040
600      600   (0)      9  : 0.0107 0.9500 0.0063 0.0057 0.0090 0.0040 0.0143
601      601   (0)      9  : 0.0100 0.9710 0.0037 0.0053 0.0060 0.0020 0.0020
602      602   (0)      9  : 0.0167 0.9666 0.0043 0.0037 0.0033 0.0027 0.0027
603      603   (0)      9  : 0.0127 0.9590 0.0067 0.0050 0.0093 0.0037 0.0037
604      604   (0)      9  : 0.0060 0.8843 0.0040 0.0020 0.0143 0.0817 0.0077
605      605   (0)      9  : 0.0020 0.9850 0.0037 0.0020 0.0033 0.0020 0.0020
606      606   (0)      9  : 0.0020 0.9677 0.0030 0.0040 0.0143 0.0060 0.0030
607      607   (0)      9  : 0.0020 0.9707 0.0087 0.0060 0.0053 0.0027 0.0047
608      608   (0)      9  : 0.0030 0.9763 0.0040 0.0040 0.0037 0.0030 0.0060
609      609   (0)      9  : 0.0060 0.8543 0.0940 0.0087 0.0050 0.0037 0.0283
610      610  (10)      9  : 0.0030 0.9787 0.0047 0.0033 0.0037 0.0030 0.0037
611      611   (0)      9  : 0.0040 0.9534 0.0057 0.0087 0.0187 0.0073 0.0023
612      612   (0)      9  : 0.0353 0.8560 0.0427 0.0193 0.0200 0.0143 0.0123
613      613   (0)      9  : 0.0020 0.9557 0.0083 0.0063 0.0057 0.0053 0.0167
614      614   (0)      9  : 0.0040 0.8946 0.0033 0.0073 0.0834 0.0053 0.0020
615      615   (5)      9  : 0.0037 0.9783 0.0027 0.0057 0.0043 0.0030 0.0023
616      616   (0)      9  : 0.0030 0.9730 0.0063 0.0053 0.0040 0.0057 0.0027
617      617   (0)      9  : 0.0020 0.9793 0.0030 0.0043 0.0057 0.0020 0.0037
618      618   (0)      9  : 0.0287 0.9220 0.0057 0.0083 0.0260 0.0073 0.0020
619      619   (0)      9  : 0.0070 0.9807 0.0033 0.0020 0.0030 0.0020 0.0020
620      620   (0)      9  : 0.0020 0.9790 0.0047 0.0043 0.0027 0.0043 0.0030
621      621   (0)      9  : 0.0030 0.9657 0.0030 0.0037 0.0120 0.0040 0.0087
622      622   (5)      9  : 0.0020 0.9773 0.0037 0.0023 0.0057 0.0023 0.0067
623      623   (0)      9  : 0.0050 0.9593 0.0073 0.0107 0.0050 0.0030 0.0097
624      624   (0)      9  : 0.0030 0.9723 0.0070 0.0070 0.0033 0.0030 0.0043
625      625   (0)      9  : 0.0030 0.9780 0.0047 0.0040 0.0057 0.0023 0.0023
626      626   (0)      9  : 0.0083 0.9327 0.0087 0.0187 0.0070 0.0200 0.0047
627      627   (0)      9  : 0.0030 0.9610 0.0057 0.0030 0.0060 0.0067 0.0147
628      628   (0)      9  : 0.0020 0.9323 0.0187 0.0080 0.0100 0.0217 0.0073
629      629   (0)      9  : 0.0020 0.9693 0.0137 0.0030 0.0043 0.0040 0.0037
630      630   (0)      9  : 0.0020 0.9760 0.0057 0.0053 0.0030 0.0040 0.0040
631      631   (0)      9  : 0.0020 0.9760 0.0050 0.0030 0.0073 0.0023 0.0043
632      632   (5)      9  : 0.0030 0.9760 0.0047 0.0040 0.0030 0.0067 0.0027
633      633   (0)      9  : 0.0030 0.9624 0.0057 0.0073 0.0140 0.0043 0.0033
634      634   (0)      9  : 0.0043 0.9510 0.0077 0.0030 0.0113 0.0047 0.0180
635      635   (0)      9  : 0.0020 0.9760 0.0047 0.0050 0.0043 0.0033 0.0047
636      636   (5)      9  : 0.0387 0.9413 0.0053 0.0040 0.0033 0.0030 0.0043
637      637   (5)      9  : 0.0020 0.9536 0.0053 0.0020 0.0260 0.0067 0.0043
638      638  (10)      9  : 0.0040 0.9767 0.0030 0.0050 0.0053 0.0037 0.0023
639      639   (5)      9  : 0.0030 0.9673 0.0030 0.0030 0.0180 0.0027 0.0030
640      640   (5)      9  : 0.0020 0.9850 0.0030 0.0030 0.0027 0.0023 0.0020
641      641   (5)      9  : 0.0030 0.9786 0.0053 0.0030 0.0037 0.0043 0.0020
642      642   (5)      9  : 0.0040 0.8790 0.0140 0.0150 0.0807 0.0030 0.0043
643      643   (5)      9  : 0.0030 0.9787 0.0043 0.0030 0.0043 0.0047 0.0020
644      644  (10)      9  : 0.0030 0.8386 0.0357 0.0437 0.0073 0.0047 0.0670
645      645   (5)      9  : 0.0080 0.8536 0.0263 0.0624 0.0343 0.0087 0.0067
646      646   (5)      9  : 0.0023 0.9803 0.0040 0.0020 0.0027 0.0030 0.0057
647      647   (5)      9  : 0.0043 0.8297 0.0203 0.0833 0.0243 0.0227 0.0153
648      648   (5)     10  : 0.0037 0.0040 0.0053 0.0057 0.0040 0.9737 0.0037
649      649   (0)     10  : 0.0070 0.0183 0.0283 0.0237 0.0147 0.9051 0.0030
650      650   (0)     10  : 0.0023 0.0053 0.0043 0.0033 0.0037 0.9777 0.0033
651      651   (0)     10  : 0.0110 0.0157 0.0063 0.1596 0.0117 0.7931 0.0027
652      652   (0)     10  : 0.0030 0.0023 0.0050 0.0067 0.0023 0.9767 0.0040
653      653   (0)     10  : 0.0033 0.1228 0.0203 0.0130 0.0040 0.8312 0.0053
654      654   (0)     10  : 0.0013 0.0023 0.0033 0.0037 0.0027 0.9827 0.0040
655      655   (0)     10  : 0.0073 0.0047 0.0097 0.0040 0.0030 0.9690 0.0023
656      656   (0)     10  : 0.0073 0.0067 0.0033 0.0037 0.0053 0.9607 0.0130
657      657   (0)     10  : 0.0053 0.0053 0.0057 0.0053 0.0037 0.9697 0.0050
658      658   (0)     10  : 0.0013 0.0020 0.0023 0.0023 0.0020 0.9877 0.0023
659      659   (0)     10  : 0.0020 0.0023 0.0040 0.0037 0.0020 0.9830 0.0030
660      660   (0)     10  : 0.0060 0.0043 0.0073 0.0040 0.0087 0.9660 0.0037
661      661   (5)     10  : 0.0013 0.0020 0.0027 0.0023 0.0020 0.9873 0.0023
662      662   (0)     10  : 0.0050 0.0037 0.0067 0.0023 0.0027 0.9393 0.0403
663      663   (0)     10  : 0.0020 0.0023 0.0027 0.0027 0.0020 0.9860 0.0023
664      664   (0)     10  : 0.0033 0.0037 0.0057 0.0083 0.0140 0.9463 0.0187
665      665   (0)     10  : 0.0053 0.0037 0.0050 0.0023 0.0020 0.9790 0.0027
666      666   (0)     10  : 0.0073 0.0143 0.0040 0.0030 0.0033 0.9656 0.0023
667      667   (0)     10  : 0.0023 0.0027 0.0027 0.0030 0.0023 0.9843 0.0027
668      668   (0)     10  : 0.0020 0.0030 0.0023 0.0020 0.0020 0.9863 0.0023
669      669   (0)     10  : 0.0037 0.0047 0.0043 0.0030 0.0043 0.9777 0.0023
670      670   (0)     10  : 0.0020 0.0033 0.0037 0.0023 0.0020 0.9853 0.0013
671      671   (0)     10  : 0.0010 0.0013 0.0017 0.0020 0.0017 0.9903 0.0020
672      672   (0)     10  : 0.0013 0.0013 0.0020 0.0027 0.0010 0.9903 0.0013
673      673   (0)     10  : 0.0020 0.0030 0.0037 0.0023 0.0027 0.9837 0.0027
674      674   (0)     10  : 0.0027 0.0023 0.0023 0.0057 0.0020 0.9823 0.0027
675      675   (0)     10  : 0.0020 0.0020 0.0027 0.0023 0.0020 0.9860 0.0030
676      676   (5)     11  : 0.0020 0.0033 0.0020 0.0020 0.9850 0.0033 0.0023
677      677   (0)     11  : 0.0020 0.0037 0.0020 0.0017 0.9797 0.0030 0.0080
678      678   (0)     11  : 0.0020 0.0080 0.0027 0.0130 0.9673 0.0047 0.0023
679      679   (0)     11  : 0.0027 0.0040 0.0023 0.0020 0.9853 0.0017 0.0020
680      680   (5)     11  : 0.0037 0.0053 0.0037 0.0030 0.9760 0.0057 0.0027
681      681   (0)     11  : 0.0020 0.0020 0.0020 0.0020 0.9880 0.0020 0.0020
682      682   (0)     11  : 0.0080 0.0027 0.0027 0.0027 0.9787 0.0023 0.0030
683      683   (0)     11  : 0.0027 0.0030 0.0030 0.0020 0.9840 0.0027 0.0027
684      684   (0)     11  : 0.0027 0.0020 0.0020 0.0020 0.9863 0.0030 0.0020
685      685   (0)     11  : 0.0063 0.0020 0.0020 0.0017 0.9827 0.0033 0.0020
686      686   (0)     11  : 0.0027 0.0037 0.0027 0.0017 0.9853 0.0020 0.0020
687      687   (0)     11  : 0.0080 0.0040 0.0020 0.0020 0.9790 0.0023 0.0027
688      688   (5)     11  : 0.0060 0.0057 0.0050 0.0027 0.9747 0.0020 0.0040
689      689   (0)     11  : 0.0020 0.0020 0.0020 0.0020 0.9870 0.0030 0.0020
690      690   (0)     11  : 0.0027 0.0020 0.0020 0.0020 0.9873 0.0020 0.0020
691      691   (0)     11  : 0.0017 0.0020 0.0017 0.0017 0.9890 0.0020 0.0020
692      692   (0)     11  : 0.0140 0.0093 0.0047 0.0050 0.9597 0.0023 0.0050
693      693   (0)     11  : 0.0020 0.0023 0.0017 0.0020 0.9837 0.0063 0.0020
694      694   (0)     11  : 0.0030 0.0033 0.0043 0.0037 0.9764 0.0060 0.0033
695      695   (0)     11  : 0.0423 0.0684 0.0040 0.0120 0.8643 0.0057 0.0033
696      696   (0)     11  : 0.0020 0.0020 0.0020 0.0020 0.9880 0.0020 0.0020
697      697   (0)     11  : 0.0017 0.0037 0.0030 0.0020 0.9847 0.0023 0.0027
698      698   (0)     11  : 0.0040 0.0257 0.0050 0.0073 0.9437 0.0107 0.0037
699      699   (0)     11  : 0.1184 0.0107 0.0030 0.0033 0.8533 0.0090 0.0023
700      700   (0)     11  : 0.0020 0.0027 0.0020 0.0017 0.9877 0.0020 0.0020
701      701   (0)     11  : 0.0027 0.0077 0.0040 0.0070 0.9597 0.0160 0.0030
702      702   (0)     11  : 0.0027 0.0020 0.0020 0.0020 0.9863 0.0027 0.0023
703      703   (0)     12  : 0.0023 0.0630 0.0043 0.0057 0.6404 0.2433 0.0410
704      704   (0)     12  : 0.0023 0.0757 0.0067 0.0057 0.5937 0.2943 0.0217
705      705   (0)     12  : 0.0050 0.1393 0.0217 0.0153 0.6444 0.1637 0.0107
706      706   (0)     12  : 0.0043 0.2528 0.0167 0.0093 0.5580 0.1542 0.0047
707      707   (0)     12  : 0.0183 0.3170 0.0730 0.0093 0.4073 0.1633 0.0117
708      708   (0)     12  : 0.0050 0.2121 0.0257 0.0083 0.5852 0.1154 0.0483
709      709   (0)     12  : 0.0123 0.2434 0.0880 0.0030 0.4716 0.1693 0.0123
710      710   (0)     12  : 0.0020 0.1283 0.0060 0.0127 0.5698 0.2659 0.0153
711      711   (0)     12  : 0.0023 0.1592 0.0063 0.0057 0.5759 0.2289 0.0217
712      712   (0)     12  : 0.0020 0.1267 0.0173 0.0423 0.5307 0.2746 0.0063
713      713   (0)     12  : 0.0017 0.0037 0.0063 0.0067 0.6377 0.3267 0.0173
714      714   (0)     12  : 0.0033 0.0207 0.0147 0.0077 0.6507 0.2933 0.0097
715      715   (0)     12  : 0.0023 0.0050 0.0057 0.0080 0.6387 0.3273 0.0130
716      716   (0)     12  : 0.0023 0.0470 0.0093 0.0197 0.6300 0.2803 0.0113
717      717   (0)     12  : 0.0037 0.0120 0.0063 0.0060 0.6436 0.3144 0.0140
718      718   (0)     12  : 0.0020 0.0083 0.0030 0.0063 0.6573 0.3194 0.0037
719      719   (0)     12  : 0.0486 0.1719 0.0147 0.0277 0.6612 0.0143 0.0617
720      720   (0)     12  : 0.0103 0.0043 0.0053 0.0110 0.6320 0.3250 0.0120
721      721   (0)     12  : 0.0057 0.0450 0.1579 0.0217 0.5566 0.2035 0.0097
722      722   (0)     12  : 0.0023 0.0183 0.0363 0.0390 0.6754 0.2195 0.0090
723      723   (0)     12  : 0.0020 0.0027 0.0020 0.0027 0.6533 0.3340 0.0033
724      724   (0)     12  : 0.0063 0.0033 0.0043 0.0307 0.6153 0.3357 0.0043
725      725   (5)     12  : 0.0020 0.0057 0.0077 0.0093 0.6303 0.3374 0.0077
726      726   (0)     12  : 0.0037 0.0053 0.0057 0.0043 0.7920 0.1867 0.0023
727      727   (0)     12  : 0.0040 0.0033 0.0043 0.0030 0.8072 0.1752 0.0030
728      728   (0)     12  : 0.0040 0.0237 0.0647 0.0210 0.6224 0.2487 0.0157
729      729   (0)     12  : 0.0020 0.0043 0.0050 0.0057 0.6360 0.3437 0.0033
730      730   (0)     12  : 0.0053 0.0047 0.0047 0.0070 0.6610 0.3097 0.0077
731      731   (0)     12  : 0.0030 0.0253 0.0063 0.0083 0.4807 0.4637 0.0127
732      732   (0)     12  : 0.0017 0.0040 0.0030 0.0047 0.6563 0.3257 0.0047
733      733   (5)     12  : 0.0020 0.0040 0.0037 0.0070 0.6497 0.3283 0.0053
734      734   (0)     12  : 0.0020 0.0040 0.0033 0.0043 0.7697 0.2137 0.0030
735      735   (0)     12  : 0.0063 0.1013 0.0323 0.0183 0.4833 0.3230 0.0353
736      736   (0)     12  : 0.0023 0.0133 0.0077 0.0103 0.6603 0.2873 0.0187
737      737   (0)     12  : 0.0060 0.0297 0.0113 0.0037 0.5537 0.3903 0.0053
738      738   (0)     12  : 0.0063 0.4863 0.0160 0.0363 0.3617 0.0717 0.0217
739      739   (5)     12  : 0.0100 0.1914 0.0404 0.0273 0.4788 0.2148 0.0373
740      740   (5)     12  : 0.0093 0.0527 0.0063 0.0057 0.7227 0.1983 0.0050
741      741   (5)     12  : 0.0040 0.0117 0.0050 0.0063 0.6553 0.3143 0.0033
742      742   (5)     12  : 0.0060 0.0073 0.0087 0.0077 0.5674 0.3350 0.0680
