   1        1   (5)      1 :  0.0100 0.9900 
   2        2   (5)      1 :  0.0290 0.9710 
   3        3   (5)      1 :  0.0080 0.9920 
   4        4   (0)      1 :  0.0120 0.9880 
   5        5   (0)      1 :  0.0270 0.9730 
   6        6   (0)      1 :  0.0100 0.9900 
   7        7   (0)      1 :  0.0190 0.9810 
   8        8   (5)      1 :  0.0100 0.9900 
   9        9   (0)      1 :  0.0080 0.9920 
  10       10   (0)      1 :  0.0180 0.9820 
  11       11   (0)      1 :  0.0100 0.9900 
  12       12   (0)      1 :  0.0190 0.9810 
  13       13   (0)      1 :  0.0160 0.9840 
  14       14   (0)      1 :  0.0100 0.9900 
  15       15   (0)      1 :  0.0100 0.9900 
  16       16   (0)      1 :  0.0070 0.9930 
  17       17   (0)      1 :  0.0060 0.9940 
  18       18   (0)      1 :  0.0150 0.9850 
  19       19   (0)      1 :  0.0240 0.9760 
  20       20   (0)      1 :  0.0230 0.9770 
  21       21   (0)      1 :  0.0110 0.9890 
  22       22   (0)      1 :  0.0060 0.9940 
  23       23   (0)      1 :  0.0070 0.9930 
  24       24   (0)      1 :  0.0170 0.9830 
  25       25   (0)      1 :  0.0218 0.9782 
  26       26   (0)      1 :  0.0200 0.9800 
  27       27   (5)      1 :  0.0140 0.9860 
  28       28   (0)      1 :  0.0060 0.9940 
  29       29   (0)      1 :  0.0080 0.9920 
  30       30   (0)      1 :  0.0200 0.9800 
  31       31   (0)      1 :  0.0070 0.9930 
  32       32   (0)      1 :  0.0170 0.9830 
  33       33   (0)      1 :  0.0080 0.9920 
  34       34   (0)      1 :  0.0070 0.9930 
  35       35   (0)      1 :  0.0170 0.9830 
  36       36   (0)      1 :  0.0170 0.9830 
  37       37   (0)      1 :  0.0160 0.9840 
  38       38   (0)      1 :  0.0180 0.9820 
  39       39   (0)      1 :  0.0220 0.9780 
  40       40   (0)      1 :  0.0136 0.9864 
  41       41   (0)      1 :  0.0110 0.9890 
  42       42   (0)      1 :  0.0060 0.9940 
  43       43   (0)      1 :  0.0080 0.9920 
  44       44   (0)      1 :  0.0060 0.9940 
  45       45   (5)      1 :  0.0170 0.9830 
  46       46   (0)      1 :  0.0050 0.9950 
  47       47   (0)      1 :  0.0060 0.9940 
  48       48   (0)      1 :  0.0080 0.9920 
  49       49   (0)      1 :  0.0324 0.9676 
  50       50   (0)      1 :  0.0090 0.9910 
  51       51   (0)      1 :  0.0150 0.9850 
  52       52   (0)      1 :  0.0682 0.9318 
  53       53   (0)      1 :  0.0098 0.9902 
  54       54   (0)      1 :  0.0060 0.9940 
  55       55   (0)      1 :  0.0080 0.9920 
  56       56   (0)      1 :  0.0080 0.9920 
  57       57  (10)      1 :  0.0150 0.9850 
  58       58   (5)      1 :  0.0120 0.9880 
  59       59   (0)      1 :  0.0120 0.9880 
  60       60   (0)      1 :  0.0070 0.9930 
  61       61   (0)      1 :  0.0100 0.9900 
  62       62   (0)      1 :  0.0080 0.9920 
  63       63   (0)      1 :  0.0100 0.9900 
  64       64   (0)      1 :  0.0080 0.9920 
  65       65   (0)      1 :  0.0438 0.9562 
  66       66   (0)      1 :  0.0090 0.9910 
  67       67   (5)      1 :  0.0250 0.9750 
  68       68   (0)      1 :  0.0108 0.9892 
  69       69   (0)      1 :  0.0060 0.9940 
  70       70   (0)      1 :  0.0100 0.9900 
  71       71   (5)      1 :  0.0130 0.9870 
  72       72   (0)      1 :  0.0200 0.9800 
  73       73   (5)      1 :  0.0070 0.9930 
  74       74  (10)      1 :  0.0160 0.9840 
  75       75  (10)      1 :  0.0380 0.9620 
  76       76   (0)      1 :  0.0096 0.9904 
  77       77  (10)      1 :  0.0120 0.9880 
  78       78   (0)      1 :  0.0210 0.9790 
  79       79   (5)      1 :  0.0080 0.9920 
  80       80   (0)      1 :  0.0070 0.9930 
  81       81   (0)      1 :  0.0090 0.9910 
  82       82   (0)      1 :  0.0080 0.9920 
  83       83   (0)      1 :  0.0100 0.9900 
  84       84   (0)      1 :  0.0150 0.9850 
  85       85   (0)      1 :  0.0070 0.9930 
  86       86   (5)      1 :  0.0100 0.9900 
  87       87   (0)      1 :  0.0080 0.9920 
  88       88   (0)      1 :  0.0220 0.9780 
  89       89   (0)      1 :  0.0530 0.9470 
  90       90   (0)      1 :  0.0090 0.9910 
  91       91   (0)      1 :  0.0120 0.9880 
  92       92   (0)      1 :  0.0090 0.9910 
  93       93   (0)      1 :  0.0080 0.9920 
  94       94   (5)      1 :  0.0368 0.9632 
  95       95   (0)      1 :  0.0120 0.9880 
  96       96   (5)      1 :  0.0100 0.9900 
  97       97   (0)      1 :  0.0060 0.9940 
  98       98   (0)      1 :  0.0140 0.9860 
  99       99   (5)      1 :  0.0120 0.9880 
 100      100   (5)      1 :  0.0070 0.9930 
 101      101   (0)      2 :  0.0200 0.9800 
 102      102   (0)      2 :  0.0080 0.9920 
 103      103   (0)      2 :  0.0560 0.9440 
 104      104   (0)      2 :  0.0120 0.9880 
 105      105   (0)      2 :  0.0172 0.9828 
 106      106   (0)      2 :  0.0280 0.9720 
 107      107   (0)      2 :  0.0050 0.9950 
 108      108   (0)      2 :  0.0120 0.9880 
 109      109   (0)      2 :  0.0118 0.9882 
 110      110   (0)      2 :  0.0250 0.9750 
 111      111   (0)      2 :  0.0100 0.9900 
 112      112   (0)      2 :  0.0110 0.9890 
 113      113   (0)      2 :  0.0100 0.9900 
 114      114   (0)      2 :  0.0060 0.9940 
 115      115   (0)      2 :  0.0090 0.9910 
 116      116   (0)      2 :  0.0130 0.9870 
 117      117   (0)      2 :  0.0096 0.9904 
 118      118   (0)      2 :  0.0100 0.9900 
 119      119   (0)      2 :  0.0110 0.9890 
 120      120   (0)      2 :  0.0090 0.9910 
 121      121   (0)      2 :  0.0060 0.9940 
 122      122   (0)      2 :  0.0270 0.9730 
 123      123   (0)      2 :  0.0070 0.9930 
 124      124   (0)      2 :  0.0140 0.9860 
 125      125   (0)      2 :  0.0090 0.9910 
 126      126   (0)      2 :  0.0130 0.9870 
 127      127   (0)      2 :  0.0100 0.9900 
 128      128   (0)      2 :  0.0110 0.9890 
 129      129   (0)      2 :  0.0350 0.9650 
 130      130   (0)      2 :  0.0080 0.9920 
 131      131   (0)      2 :  0.0210 0.9790 
 132      132   (0)      2 :  0.0090 0.9910 
 133      133   (0)      2 :  0.0100 0.9900 
 134      134   (0)      2 :  0.0090 0.9910 
 135      135   (0)      2 :  0.0110 0.9890 
 136      136   (0)      2 :  0.0170 0.9830 
 137      137   (0)      2 :  0.0320 0.9680 
 138      138   (0)      2 :  0.0050 0.9950 
 139      139   (0)      2 :  0.0060 0.9940 
 140      140   (0)      2 :  0.0090 0.9910 
 141      141   (0)      2 :  0.0080 0.9920 
 142      142   (0)      2 :  0.0070 0.9930 
 143      143   (0)      2 :  0.0090 0.9910 
 144      144   (0)      2 :  0.0130 0.9870 
 145      145   (0)      2 :  0.0080 0.9920 
 146      146   (0)      2 :  0.0110 0.9890 
 147      147   (0)      2 :  0.0210 0.9790 
 148      148   (0)      2 :  0.0060 0.9940 
 149      149   (0)      2 :  0.0110 0.9890 
 150      150   (0)      2 :  0.0070 0.9930 
 151      151   (0)      2 :  0.0060 0.9940 
 152      152   (0)      2 :  0.0190 0.9810 
 153      153   (0)      2 :  0.0080 0.9920 
 154      154   (0)      2 :  0.0060 0.9940 
 155      155   (0)      2 :  0.0136 0.9864 
 156      156   (0)      2 :  0.0110 0.9890 
 157      157   (0)      2 :  0.0050 0.9950 
 158      158   (0)      2 :  0.0090 0.9910 
 159      159   (0)      2 :  0.0110 0.9890 
 160      160   (0)      2 :  0.0080 0.9920 
 161      161   (0)      2 :  0.0094 0.9906 
 162      162   (0)      2 :  0.0080 0.9920 
 163      163   (0)      2 :  0.0380 0.9620 
 164      164   (0)      2 :  0.0130 0.9870 
 165      165   (0)      2 :  0.0070 0.9930 
 166      166   (0)      2 :  0.0090 0.9910 
 167      167   (0)      2 :  0.0070 0.9930 
 168      168   (0)      2 :  0.0280 0.9720 
 169      169   (0)      2 :  0.0130 0.9870 
 170      170   (0)      2 :  0.0110 0.9890 
 171      171   (0)      2 :  0.0120 0.9880 
 172      172   (0)      2 :  0.0060 0.9940 
 173      173   (0)      2 :  0.0090 0.9910 
 174      174   (0)      2 :  0.0090 0.9910 
 175      175   (0)      2 :  0.0170 0.9830 
 176      176   (0)      2 :  0.0110 0.9890 
 177      177   (0)      2 :  0.0110 0.9890 
 178      178   (0)      2 :  0.0070 0.9930 
 179      179   (0)      2 :  0.0060 0.9940 
 180      180   (0)      2 :  0.0140 0.9860 
 181      181   (0)      2 :  0.0110 0.9890 
 182      182   (0)      2 :  0.0150 0.9850 
 183      183   (0)      2 :  0.0100 0.9900 
 184      184   (0)      2 :  0.0060 0.9940 
 185      185   (0)      2 :  0.0070 0.9930 
 186      186   (0)      2 :  0.0140 0.9860 
 187      187   (0)      2 :  0.0080 0.9920 
 188      188   (0)      2 :  0.0070 0.9930 
 189      189   (0)      2 :  0.0280 0.9720 
 190      190   (0)      2 :  0.0100 0.9900 
 191      191   (0)      2 :  0.0190 0.9810 
 192      192   (0)      2 :  0.0158 0.9842 
 193      193   (0)      2 :  0.0220 0.9780 
 194      194   (0)      2 :  0.0070 0.9930 
 195      195   (0)      2 :  0.0090 0.9910 
 196      196   (0)      2 :  0.0090 0.9910 
 197      197   (0)      2 :  0.0080 0.9920 
 198      198   (0)      2 :  0.0080 0.9920 
 199      199   (0)      2 :  0.0090 0.9910 
 200      200   (0)      2 :  0.0180 0.9820 
 201      201   (0)      2 :  0.0120 0.9880 
 202      202   (0)      2 :  0.0120 0.9880 
 203      203   (0)      2 :  0.0120 0.9880 
 204      204   (0)      2 :  0.0080 0.9920 
 205      205   (0)      2 :  0.0050 0.9950 
 206      206   (0)      2 :  0.0830 0.9170 
 207      207   (0)      2 :  0.0170 0.9830 
 208      208   (0)      2 :  0.0060 0.9940 
 209      209   (0)      2 :  0.0248 0.9752 
 210      210   (0)      2 :  0.0270 0.9730 
 211      211   (0)      2 :  0.0258 0.9742 
 212      212   (0)      2 :  0.0100 0.9900 
 213      213   (0)      2 :  0.0200 0.9800 
 214      214   (0)      2 :  0.0100 0.9900 
 215      215   (0)      2 :  0.0070 0.9930 
 216      216   (0)      2 :  0.0170 0.9830 
 217      217   (0)      2 :  0.0090 0.9910 
 218      218   (0)      2 :  0.0070 0.9930 
 219      219   (0)      2 :  0.0100 0.9900 
 220      220   (0)      2 :  0.0090 0.9910 
 221      221   (0)      2 :  0.0130 0.9870 
 222      222   (0)      2 :  0.0110 0.9890 
 223      223   (0)      2 :  0.0120 0.9880 
 224      224   (0)      2 :  0.0112 0.9888 
 225      225   (0)      2 :  0.0100 0.9900 
 226      226   (0)      2 :  0.0160 0.9840 
 227      227   (0)      2 :  0.0060 0.9940 
 228      228   (0)      2 :  0.0090 0.9910 
 229      229   (0)      2 :  0.0040 0.9960 
 230      230   (0)      2 :  0.0070 0.9930 
 231      231   (0)      2 :  0.0080 0.9920 
 232      232   (0)      2 :  0.0650 0.9350 
 233      233   (0)      2 :  0.0060 0.9940 
 234      234   (0)      2 :  0.0090 0.9910 
 235      235   (0)      2 :  0.0050 0.9950 
 236      236   (0)      2 :  0.0190 0.9810 
 237      237   (0)      2 :  0.0110 0.9890 
 238      238   (0)      2 :  0.0120 0.9880 
 239      239   (0)      2 :  0.0150 0.9850 
 240      240   (0)      2 :  0.0070 0.9930 
 241      241   (0)      2 :  0.0330 0.9670 
 242      242   (0)      2 :  0.0060 0.9940 
 243      243   (0)      2 :  0.0060 0.9940 
 244      244   (0)      2 :  0.0060 0.9940 
 245      245   (0)      2 :  0.0190 0.9810 
 246      246   (0)      2 :  0.0160 0.9840 
 247      247   (0)      2 :  0.0060 0.9940 
 248      248   (0)      2 :  0.0090 0.9910 
 249      249   (0)      2 :  0.0110 0.9890 
 250      250   (0)      2 :  0.0090 0.9910 
 251      251   (0)      2 :  0.0070 0.9930 
 252      252   (0)      2 :  0.0558 0.9442 
 253      253   (0)      2 :  0.0180 0.9820 
 254      254   (0)      2 :  0.0124 0.9876 
 255      255   (0)      2 :  0.0290 0.9710 
 256      256   (0)      2 :  0.0100 0.9900 
 257      257   (0)      2 :  0.0090 0.9910 
 258      258   (0)      2 :  0.0090 0.9910 
 259      259   (0)      2 :  0.0130 0.9870 
 260      260   (0)      2 :  0.0160 0.9840 
 261      261   (0)      2 :  0.0610 0.9390 
 262      262   (0)      2 :  0.0170 0.9830 
 263      263   (0)      2 :  0.0160 0.9840 
 264      264   (0)      2 :  0.0070 0.9930 
 265      265   (0)      2 :  0.0050 0.9950 
 266      266   (0)      2 :  0.0090 0.9910 
 267      267   (0)      2 :  0.0090 0.9910 
 268      268   (0)      2 :  0.0140 0.9860 
 269      269   (0)      2 :  0.0070 0.9930 
 270      270   (0)      2 :  0.0260 0.9740 
 271      271   (0)      2 :  0.0480 0.9520 
 272      272   (0)      2 :  0.0140 0.9860 
 273      273   (0)      2 :  0.0120 0.9880 
 274      274   (0)      2 :  0.0130 0.9870 
 275      275   (0)      2 :  0.0122 0.9878 
 276      276   (0)      2 :  0.0110 0.9890 
 277      277   (0)      2 :  0.0080 0.9920 
 278      278   (0)      2 :  0.0100 0.9900 
 279      279   (0)      2 :  0.0080 0.9920 
 280      280   (0)      2 :  0.0140 0.9860 
 281      281   (0)      2 :  0.0060 0.9940 
 282      282   (0)      2 :  0.0120 0.9880 
 283      283   (0)      2 :  0.0100 0.9900 
 284      284   (0)      2 :  0.0058 0.9942 
 285      285   (0)      2 :  0.0130 0.9870 
 286      286   (0)      2 :  0.0130 0.9870 
 287      287   (0)      2 :  0.0080 0.9920 
 288      288   (0)      2 :  0.0060 0.9940 
 289      289   (0)      2 :  0.0040 0.9960 
 290      290   (0)      2 :  0.0132 0.9868 
 291      291   (0)      2 :  0.0130 0.9870 
 292      292   (0)      2 :  0.0116 0.9884 
 293      293   (0)      2 :  0.0460 0.9540 
 294      294   (0)      2 :  0.0090 0.9910 
 295      295   (0)      2 :  0.0130 0.9870 
 296      296   (0)      2 :  0.0070 0.9930 
 297      297   (0)      2 :  0.0328 0.9672 
 298      298   (0)      2 :  0.0070 0.9930 
 299      299   (0)      2 :  0.0070 0.9930 
 300      300   (0)      2 :  0.0070 0.9930 
 301      301   (0)      2 :  0.0090 0.9910 
 302      302   (0)      2 :  0.0170 0.9830 
 303      303   (0)      2 :  0.0198 0.9802 
 304      304   (0)      2 :  0.0130 0.9870 
 305      305   (0)      2 :  0.0120 0.9880 
 306      306   (0)      2 :  0.0070 0.9930 
 307      307   (0)      2 :  0.0100 0.9900 
 308      308   (0)      2 :  0.0080 0.9920 
 309      309   (0)      2 :  0.0160 0.9840 
 310      310   (0)      2 :  0.0070 0.9930 
 311      311   (0)      2 :  0.0116 0.9884 
 312      312   (0)      2 :  0.0060 0.9940 
 313      313   (0)      2 :  0.0140 0.9860 
 314      314   (0)      2 :  0.0410 0.9590 
 315      315   (0)      2 :  0.0060 0.9940 
 316      316   (0)      2 :  0.0110 0.9890 
 317      317   (0)      2 :  0.0150 0.9850 
 318      318   (0)      2 :  0.0150 0.9850 
 319      319   (0)      2 :  0.0090 0.9910 
 320      320   (0)      2 :  0.0120 0.9880 
 321      321   (0)      2 :  0.0150 0.9850 
 322      322   (0)      2 :  0.0592 0.9408 
 323      323   (0)      2 :  0.0090 0.9910 
 324      324   (0)      2 :  0.0060 0.9940 
 325      325   (0)      2 :  0.0080 0.9920 
 326      326   (0)      2 :  0.0110 0.9890 
 327      327   (0)      2 :  0.0100 0.9900 
 328      328   (0)      2 :  0.0080 0.9920 
 329      329   (0)      2 :  0.0070 0.9930 
 330      330   (0)      2 :  0.0050 0.9950 
 331      331   (0)      2 :  0.0080 0.9920 
 332      332   (0)      2 :  0.0140 0.9860 
 333      333   (0)      2 :  0.0094 0.9906 
 334      334   (0)      2 :  0.0060 0.9940 
 335      335   (0)      2 :  0.0090 0.9910 
 336      336   (0)      2 :  0.0158 0.9842 
 337      337   (0)      2 :  0.0140 0.9860 
 338      338   (0)      2 :  0.0090 0.9910 
 339      339   (0)      2 :  0.0090 0.9910 
 340      340   (0)      2 :  0.0060 0.9940 
 341      341   (0)      2 :  0.0170 0.9830 
 342      342   (0)      2 :  0.0080 0.9920 
 343      343   (0)      2 :  0.0490 0.9510 
 344      344   (0)      2 :  0.0154 0.9846 
 345      345   (0)      2 :  0.0130 0.9870 
 346      346   (0)      2 :  0.0300 0.9700 
 347      347   (0)      2 :  0.0090 0.9910 
 348      348   (0)      2 :  0.0180 0.9820 
 349      349   (0)      2 :  0.0140 0.9860 
 350      350   (0)      2 :  0.0130 0.9870 
 351      351   (0)      2 :  0.0080 0.9920 
 352      352   (0)      2 :  0.0080 0.9920 
 353      353   (0)      2 :  0.0110 0.9890 
 354      354   (0)      2 :  0.0180 0.9820 
 355      355   (0)      2 :  0.0110 0.9890 
 356      356   (0)      2 :  0.0100 0.9900 
 357      357   (0)      2 :  0.0110 0.9890 
 358      358   (0)      2 :  0.0130 0.9870 
 359      359   (0)      2 :  0.0070 0.9930 
 360      360   (0)      2 :  0.0142 0.9858 
 361      361   (0)      2 :  0.0352 0.9648 
 362      362   (0)      2 :  0.0080 0.9920 
 363      363   (0)      2 :  0.0200 0.9800 
 364      364   (0)      2 :  0.0250 0.9750 
 365      365   (0)      2 :  0.0160 0.9840 
 366      366   (0)      2 :  0.0180 0.9820 
 367      367   (0)      2 :  0.0160 0.9840 
 368      368   (0)      2 :  0.0382 0.9618 
 369      369   (0)      2 :  0.0080 0.9920 
 370      370   (0)      2 :  0.0090 0.9910 
 371      371   (0)      2 :  0.0240 0.9760 
 372      372   (0)      2 :  0.0090 0.9910 
 373      373   (0)      2 :  0.0050 0.9950 
 374      374   (0)      2 :  0.0580 0.9420 
 375      375   (0)      2 :  0.0310 0.9690 
 376      376   (0)      2 :  0.0702 0.9298 
 377      377   (0)      2 :  0.0180 0.9820 
 378      378   (0)      2 :  0.0080 0.9920 
 379      379   (0)      2 :  0.0350 0.9650 
 380      380   (0)      2 :  0.0110 0.9890 
 381      381   (0)      2 :  0.0060 0.9940 
 382      382   (0)      2 :  0.0060 0.9940 
 383      383   (0)      2 :  0.0080 0.9920 
 384      384   (0)      2 :  0.0200 0.9800 
 385      385   (0)      2 :  0.0200 0.9800 
 386      386   (0)      2 :  0.0080 0.9920 
 387      387   (0)      2 :  0.0150 0.9850 
 388      388   (0)      2 :  0.0190 0.9810 
 389      389   (0)      2 :  0.0060 0.9940 
 390      390   (0)      2 :  0.0120 0.9880 
 391      391   (0)      2 :  0.0436 0.9564 
 392      392   (0)      2 :  0.0060 0.9940 
 393      393   (0)      2 :  0.0380 0.9620 
 394      394   (0)      2 :  0.0040 0.9960 
 395      395   (0)      2 :  0.0090 0.9910 
 396      396   (0)      2 :  0.0110 0.9890 
 397      397   (0)      2 :  0.0570 0.9430 
 398      398   (0)      2 :  0.0090 0.9910 
 399      399   (0)      2 :  0.0160 0.9840 
 400      400   (0)      2 :  0.0640 0.9360 
 401      401   (0)      2 :  0.0100 0.9900 
 402      402   (0)      2 :  0.0060 0.9940 
 403      403   (0)      2 :  0.0090 0.9910 
 404      404   (0)      2 :  0.0190 0.9810 
 405      405   (0)      2 :  0.0100 0.9900 
 406      406   (0)      2 :  0.0060 0.9940 
 407      407   (0)      2 :  0.0070 0.9930 
 408      408   (0)      2 :  0.0070 0.9930 
 409      409   (0)      2 :  0.0440 0.9560 
 410      410   (0)      2 :  0.0070 0.9930 
 411      411   (0)      2 :  0.0070 0.9930 
 412      412   (0)      2 :  0.0060 0.9940 
 413      413   (0)      2 :  0.0150 0.9850 
 414      414   (0)      2 :  0.0134 0.9866 
 415      415   (0)      2 :  0.0350 0.9650 
 416      416   (0)      2 :  0.0110 0.9890 
 417      417   (0)      2 :  0.0060 0.9940 
 418      418   (0)      2 :  0.0100 0.9900 
 419      419   (0)      2 :  0.0120 0.9880 
 420      420   (0)      2 :  0.0290 0.9710 
 421      421   (0)      2 :  0.0170 0.9830 
 422      422   (0)      2 :  0.0104 0.9896 
 423      423   (0)      2 :  0.0230 0.9770 
 424      424   (0)      2 :  0.0080 0.9920 
 425      425   (0)      2 :  0.0090 0.9910 
 426      426   (0)      2 :  0.0060 0.9940 
 427      427   (0)      2 :  0.0210 0.9790 
 428      428   (0)      2 :  0.0132 0.9868 
 429      429   (0)      2 :  0.0150 0.9850 
 430      430   (0)      2 :  0.0200 0.9800 
 431      431   (0)      2 :  0.0070 0.9930 
 432      432   (0)      2 :  0.0070 0.9930 
 433      433   (0)      2 :  0.0090 0.9910 
 434      434   (0)      2 :  0.0060 0.9940 
 435      435   (0)      2 :  0.0600 0.9400 
 436      436   (0)      2 :  0.0040 0.9960 
 437      437   (0)      2 :  0.0110 0.9890 
 438      438   (0)      2 :  0.0202 0.9798 
 439      439   (0)      2 :  0.0100 0.9900 
 440      440   (0)      2 :  0.0110 0.9890 
 441      441   (0)      2 :  0.0090 0.9910 
 442      442   (0)      2 :  0.0110 0.9890 
 443      443   (0)      2 :  0.0100 0.9900 
 444      444   (0)      2 :  0.0110 0.9890 
 445      445   (0)      2 :  0.0132 0.9868 
 446      446   (0)      2 :  0.0080 0.9920 
 447      447   (0)      2 :  0.0120 0.9880 
 448      448   (0)      2 :  0.0100 0.9900 
 449      449   (0)      2 :  0.0100 0.9900 
 450      450   (0)      2 :  0.0070 0.9930 
 451      451   (0)      2 :  0.0192 0.9808 
 452      452   (0)      2 :  0.0384 0.9616 
 453      453   (0)      2 :  0.0090 0.9910 
 454      454   (0)      2 :  0.0110 0.9890 
 455      455   (0)      2 :  0.0140 0.9860 
 456      456   (0)      2 :  0.0070 0.9930 
 457      457   (0)      2 :  0.0120 0.9880 
 458      458   (0)      2 :  0.0110 0.9890 
 459      459   (0)      2 :  0.0430 0.9570 
 460      460   (0)      2 :  0.0050 0.9950 
 461      461   (0)      2 :  0.0070 0.9930 
 462      462   (0)      2 :  0.0230 0.9770 
 463      463   (0)      2 :  0.0110 0.9890 
 464      464   (0)      2 :  0.0340 0.9660 
 465      465   (0)      2 :  0.0072 0.9928 
 466      466   (0)      2 :  0.0142 0.9858 
 467      467   (0)      2 :  0.0160 0.9840 
 468      468   (0)      2 :  0.0130 0.9870 
 469      469   (0)      2 :  0.0774 0.9226 
 470      470   (0)      2 :  0.0110 0.9890 
 471      471   (0)      2 :  0.0160 0.9840 
 472      472   (0)      2 :  0.0274 0.9726 
 473      473   (0)      2 :  0.0080 0.9920 
 474      474   (0)      2 :  0.0070 0.9930 
 475      475   (0)      2 :  0.0220 0.9780 
 476      476   (0)      2 :  0.0070 0.9930 
 477      477   (0)      2 :  0.0060 0.9940 
 478      478   (0)      2 :  0.0060 0.9940 
 479      479   (0)      2 :  0.0100 0.9900 
 480      480   (0)      2 :  0.0070 0.9930 
 481      481   (0)      2 :  0.0110 0.9890 
 482      482   (0)      2 :  0.0100 0.9900 
 483      483   (0)      2 :  0.0060 0.9940 
 484      484   (0)      2 :  0.0110 0.9890 
 485      485   (0)      2 :  0.0080 0.9920 
 486      486   (0)      2 :  0.0270 0.9730 
 487      487   (0)      2 :  0.0520 0.9480 
 488      488   (0)      2 :  0.0130 0.9870 
 489      489   (0)      2 :  0.0050 0.9950 
 490      490   (0)      2 :  0.0130 0.9870 
 491      491   (0)      2 :  0.0190 0.9810 
 492      492   (0)      2 :  0.0150 0.9850 
 493      493   (0)      2 :  0.0080 0.9920 
 494      494   (0)      2 :  0.0100 0.9900 
 495      495   (0)      2 :  0.0140 0.9860 
 496      496   (0)      2 :  0.0060 0.9940 
 497      497   (0)      2 :  0.0060 0.9940 
 498      498   (0)      2 :  0.0090 0.9910 
 499      499   (0)      2 :  0.0090 0.9910 
 500      500   (0)      2 :  0.0130 0.9870 
 501      501   (0)      3 :  0.0324 0.9676 
 502      502   (0)      3 :  0.0220 0.9780 
 503      503   (0)      3 :  0.0150 0.9850 
 504      504   (0)      3 :  0.0970 0.9030 
 505      505   (0)      3 :  0.0110 0.9890 
 506      506   (0)      3 :  0.1572 0.8428 
 507      507   (0)      3 :  0.1230 0.8770 
 508      508   (0)      3 :  0.0986 0.9014 
 509      509   (0)      3 :  0.1654 0.8346 
 510      510   (0)      3 :  0.0162 0.9838 
 511      511   (0)      3 :  0.1148 0.8852 
 512      512   (0)      3 :  0.1170 0.8830 
 513      513   (0)      3 :  0.0708 0.9292 
 514      514   (0)      3 :  0.0190 0.9810 
 515      515   (0)      3 :  0.0610 0.9390 
 516      516   (0)      3 :  0.1130 0.8870 
 517      517   (0)      3 :  0.0956 0.9044 
 518      518   (0)      3 :  0.0820 0.9180 
 519      519   (0)      3 :  0.0922 0.9078 
 520      520   (0)      3 :  0.2750 0.7250 
 521      521   (0)      3 :  0.0100 0.9900 
 522      522   (0)      3 :  0.1280 0.8720 
 523      523   (0)      3 :  0.0520 0.9480 
 524      524   (0)      3 :  0.0280 0.9720 
 525      525   (0)      3 :  0.1840 0.8160 
 526      526   (0)      3 :  0.0760 0.9240 
 527      527   (0)      3 :  0.1252 0.8748 
 528      528   (0)      3 :  0.1306 0.8694 
 529      529   (0)      3 :  0.0220 0.9780 
 530      530   (0)      3 :  0.0884 0.9116 
 531      531   (0)      3 :  0.2250 0.7750 
 532      532   (0)      3 :  0.1542 0.8458 
 533      533   (0)      3 :  0.2440 0.7560 
 534      534   (0)      3 :  0.1322 0.8678 
 535      535   (0)      3 :  0.0090 0.9910 
 536      536   (0)      3 :  0.0410 0.9590 
 537      537   (0)      3 :  0.2500 0.7500 
 538      538   (0)      3 :  0.1960 0.8040 
 539      539   (0)      3 :  0.1230 0.8770 
 540      540   (0)      3 :  0.1130 0.8870 
 541      541   (0)      3 :  0.1454 0.8546 
 542      542   (0)      3 :  0.2616 0.7384 
 543      543   (0)      3 :  0.0600 0.9400 
 544      544   (0)      3 :  0.0250 0.9750 
 545      545   (0)      3 :  0.0270 0.9730 
 546      546   (0)      3 :  0.0150 0.9850 
 547      547   (0)      3 :  0.0182 0.9818 
 548      548   (0)      3 :  0.0948 0.9052 
 549      549   (0)      3 :  0.0160 0.9840 
 550      550   (0)      3 :  0.1806 0.8194 
 551      551   (0)      3 :  0.1400 0.8600 
 552      552   (0)      3 :  0.0280 0.9720 
 553      553   (0)      3 :  0.1898 0.8102 
 554      554   (0)      3 :  0.1380 0.8620 
 555      555   (0)      3 :  0.0200 0.9800 
 556      556   (0)      3 :  0.1382 0.8618 
 557      557   (0)      3 :  0.0422 0.9578 
 558      558   (0)      3 :  0.0070 0.9930 
 559      559   (0)      3 :  0.0314 0.9686 
 560      560   (0)      3 :  0.0730 0.9270 
 561      561   (0)      3 :  0.0992 0.9008 
 562      562   (0)      3 :  0.0658 0.9342 
 563      563   (0)      3 :  0.1442 0.8558 
 564      564   (0)      3 :  0.0280 0.9720 
 565      565   (0)      3 :  0.1720 0.8280 
 566      566   (0)      3 :  0.0510 0.9490 
 567      567   (0)      3 :  0.1530 0.8470 
 568      568   (0)      3 :  0.1792 0.8208 
 569      569   (0)      3 :  0.1170 0.8830 
 570      570   (0)      3 :  0.1120 0.8880 
 571      571   (0)      3 :  0.1790 0.8210 
 572      572   (0)      3 :  0.1330 0.8670 
 573      573   (0)      3 :  0.0202 0.9798 
 574      574   (0)      3 :  0.0496 0.9504 
 575      575   (0)      3 :  0.0230 0.9770 
 576      576   (0)      3 :  0.1702 0.8298 
 577      577   (0)      3 :  0.0600 0.9400 
 578      578   (0)      3 :  0.0070 0.9930 
 579      579   (0)      3 :  0.0510 0.9490 
 580      580   (0)      3 :  0.0090 0.9910 
 581      581   (0)      3 :  0.0750 0.9250 
 582      582   (0)      3 :  0.0370 0.9630 
 583      583   (0)      3 :  0.0140 0.9860 
 584      584   (0)      3 :  0.3020 0.6980 
 585      585   (0)      3 :  0.0100 0.9900 
 586      586   (0)      3 :  0.1290 0.8710 
 587      587   (0)      3 :  0.2560 0.7440 
 588      588   (0)      3 :  0.0746 0.9254 
 589      589   (0)      3 :  0.0650 0.9350 
 590      590   (0)      3 :  0.0060 0.9940 
 591      591   (0)      3 :  0.1610 0.8390 
 592      592   (0)      3 :  0.0260 0.9740 
 593      593   (0)      3 :  0.0466 0.9534 
 594      594   (0)      3 :  0.0120 0.9880 
 595      595   (0)      3 :  0.0810 0.9190 
 596      596   (0)      3 :  0.0480 0.9520 
 597      597   (0)      3 :  0.1410 0.8590 
 598      598   (0)      3 :  0.1470 0.8530 
 599      599   (0)      3 :  0.1110 0.8890 
 600      600   (0)      3 :  0.0300 0.9700 
 601      601   (0)      4 :  0.2950 0.7050 
 602      602   (0)      4 :  0.1920 0.8080 
 603      603   (0)      4 :  0.2520 0.7480 
 604      604   (0)      4 :  0.2210 0.7790 
 605      605   (0)      4 :  0.1200 0.8800 
 606      606   (0)      4 :  0.3690 0.6310 
 607      607   (0)      4 :  0.1030 0.8970 
 608      608   (0)      4 :  0.1750 0.8250 
 609      609   (0)      4 :  0.3032 0.6968 
 610      610   (0)      4 :  0.1116 0.8884 
 611      611   (0)      4 :  0.0804 0.9196 
 612      612   (0)      4 :  0.1190 0.8810 
 613      613   (0)      4 :  0.0300 0.9700 
 614      614   (0)      4 :  0.1652 0.8348 
 615      615   (0)      4 :  0.2600 0.7400 
 616      616   (0)      4 :  0.1050 0.8950 
 617      617   (0)      4 :  0.3610 0.6390 
 618      618   (0)      4 :  0.3172 0.6828 
 619      619   (0)      4 :  0.0658 0.9342 
 620      620   (0)      4 :  0.3068 0.6932 
 621      621   (0)      4 :  0.1710 0.8290 
 622      622   (0)      4 :  0.4580 0.5420 
 623      623   (0)      4 :  0.1828 0.8172 
 624      624   (0)      4 :  0.1308 0.8692 
 625      625   (0)      4 :  0.0894 0.9106 
 626      626   (0)      4 :  0.2326 0.7674 
 627      627   (0)      4 :  0.2030 0.7970 
 628      628   (0)      4 :  0.3066 0.6934 
 629      629   (0)      4 :  0.1810 0.8190 
 630      630   (0)      4 :  0.1890 0.8110 
 631      631   (0)      4 :  0.2200 0.7800 
 632      632   (0)      4 :  0.1440 0.8560 
 633      633   (0)      4 :  0.2930 0.7070 
 634      634   (0)      4 :  0.2560 0.7440 
 635      635   (0)      4 :  0.1640 0.8360 
 636      636   (0)      4 :  0.3584 0.6416 
 637      637   (0)      4 :  0.3150 0.6850 
 638      638   (0)      4 :  0.1342 0.8658 
 639      639   (0)      4 :  0.4190 0.5810 
 640      640   (0)      4 :  0.2800 0.7200 
 641      641   (0)      4 :  0.3742 0.6258 
 642      642   (0)      4 :  0.1660 0.8340 
 643      643   (0)      4 :  0.0096 0.9904 
 644      644   (0)      4 :  0.5070 0.4930 
 645      645   (0)      4 :  0.2880 0.7120 
 646      646   (0)      4 :  0.1900 0.8100 
 647      647   (0)      4 :  0.2370 0.7630 
 648      648   (0)      4 :  0.3426 0.6574 
 649      649   (0)      4 :  0.2012 0.7988 
 650      650   (0)      4 :  0.1180 0.8820 
 651      651   (0)      4 :  0.2008 0.7992 
 652      652   (0)      4 :  0.2110 0.7890 
 653      653   (0)      4 :  0.2750 0.7250 
 654      654   (0)      4 :  0.1950 0.8050 
 655      655   (0)      4 :  0.2560 0.7440 
 656      656   (0)      4 :  0.5440 0.4560 
 657      657   (0)      4 :  0.0688 0.9312 
 658      658   (0)      4 :  0.4040 0.5960 
 659      659   (0)      4 :  0.0680 0.9320 
 660      660   (0)      4 :  0.3090 0.6910 
 661      661   (0)      4 :  0.1284 0.8716 
 662      662   (0)      4 :  0.1274 0.8726 
 663      663   (0)      4 :  0.2538 0.7462 
 664      664   (0)      4 :  0.1990 0.8010 
 665      665   (0)      4 :  0.4568 0.5432 
 666      666   (0)      4 :  0.2050 0.7950 
 667      667   (0)      4 :  0.0730 0.9270 
 668      668   (0)      4 :  0.3520 0.6480 
 669      669   (0)      4 :  0.0940 0.9060 
 670      670   (0)      4 :  0.3300 0.6700 
 671      671   (0)      4 :  0.2180 0.7820 
 672      672   (0)      4 :  0.1820 0.8180 
 673      673   (0)      4 :  0.3550 0.6450 
 674      674   (0)      4 :  0.3420 0.6580 
 675      675   (0)      4 :  0.0814 0.9186 
 676      676   (0)      4 :  0.2940 0.7060 
 677      677   (0)      4 :  0.2662 0.7338 
 678      678   (0)      4 :  0.1004 0.8996 
 679      679   (0)      4 :  0.3008 0.6992 
 680      680   (0)      4 :  0.0390 0.9610 
 681      681   (0)      4 :  0.3390 0.6610 
 682      682   (0)      4 :  0.2470 0.7530 
 683      683   (0)      4 :  0.1210 0.8790 
 684      684   (0)      4 :  0.0210 0.9790 
 685      685   (0)      4 :  0.2370 0.7630 
 686      686   (0)      4 :  0.1724 0.8276 
 687      687   (0)      4 :  0.3270 0.6730 
 688      688   (0)      4 :  0.2160 0.7840 
 689      689   (0)      4 :  0.2290 0.7710 
 690      690   (0)      4 :  0.1020 0.8980 
 691      691   (0)      4 :  0.1652 0.8348 
 692      692   (0)      4 :  0.2906 0.7094 
 693      693   (0)      4 :  0.2950 0.7050 
 694      694   (0)      4 :  0.0500 0.9500 
 695      695   (0)      4 :  0.3280 0.6720 
 696      696   (0)      4 :  0.2140 0.7860 
 697      697   (0)      4 :  0.3600 0.6400 
 698      698   (0)      4 :  0.2020 0.7980 
 699      699   (0)      4 :  0.1630 0.8370 
 700      700   (0)      4 :  0.2260 0.7740 
 701      701   (0)      5 :  0.4880 0.5120 
 702      702   (0)      5 :  0.5116 0.4884 
 703      703   (0)      5 :  0.4386 0.5614 
 704      704   (0)      5 :  0.3064 0.6936 
 705      705   (0)      5 :  0.3904 0.6096 
 706      706   (0)      5 :  0.4040 0.5960 
 707      707   (0)      5 :  0.4430 0.5570 
 708      708   (0)      5 :  0.5474 0.4526 
 709      709   (0)      5 :  0.5526 0.4474 
 710      710   (0)      5 :  0.4940 0.5060 
 711      711   (0)      5 :  0.4460 0.5540 
 712      712   (0)      5 :  0.5916 0.4084 
 713      713   (0)      5 :  0.3890 0.6110 
 714      714   (0)      5 :  0.4360 0.5640 
 715      715   (0)      5 :  0.5550 0.4450 
 716      716   (0)      5 :  0.6280 0.3720 
 717      717   (0)      5 :  0.5660 0.4340 
 718      718   (0)      5 :  0.5640 0.4360 
 719      719   (0)      5 :  0.6520 0.3480 
 720      720   (0)      5 :  0.3462 0.6538 
 721      721   (0)      5 :  0.5850 0.4150 
 722      722   (0)      5 :  0.3430 0.6570 
 723      723   (0)      5 :  0.4730 0.5270 
 724      724   (0)      5 :  0.5160 0.4840 
 725      725   (0)      5 :  0.5298 0.4702 
 726      726   (0)      5 :  0.6630 0.3370 
 727      727   (0)      5 :  0.5264 0.4736 
 728      728   (0)      5 :  0.5428 0.4572 
 729      729   (0)      5 :  0.4340 0.5660 
 730      730   (0)      5 :  0.4250 0.5750 
 731      731   (0)      5 :  0.5708 0.4292 
 732      732   (0)      5 :  0.6030 0.3970 
 733      733   (0)      5 :  0.3460 0.6540 
 734      734   (0)      5 :  0.4530 0.5470 
 735      735   (0)      5 :  0.4770 0.5230 
 736      736   (0)      5 :  0.5440 0.4560 
 737      737   (0)      5 :  0.6140 0.3860 
 738      738   (0)      5 :  0.5758 0.4242 
 739      739   (0)      5 :  0.3360 0.6640 
 740      740   (0)      5 :  0.4862 0.5138 
 741      741   (0)      5 :  0.6020 0.3980 
 742      742   (0)      5 :  0.5890 0.4110 
 743      743   (0)      5 :  0.4670 0.5330 
 744      744   (0)      5 :  0.4130 0.5870 
 745      745   (0)      5 :  0.5590 0.4410 
 746      746   (0)      5 :  0.4960 0.5040 
 747      747   (0)      5 :  0.4890 0.5110 
 748      748   (0)      5 :  0.3868 0.6132 
 749      749   (0)      5 :  0.6180 0.3820 
 750      750   (0)      5 :  0.3994 0.6006 
 751      751   (0)      5 :  0.5760 0.4240 
 752      752   (0)      5 :  0.4770 0.5230 
 753      753   (0)      5 :  0.4880 0.5120 
 754      754   (0)      5 :  0.4110 0.5890 
 755      755   (0)      5 :  0.5050 0.4950 
 756      756   (0)      5 :  0.4646 0.5354 
 757      757   (0)      5 :  0.4740 0.5260 
 758      758   (0)      5 :  0.4060 0.5940 
 759      759   (0)      5 :  0.4470 0.5530 
 760      760   (0)      5 :  0.5386 0.4614 
 761      761   (0)      5 :  0.4500 0.5500 
 762      762   (0)      5 :  0.4126 0.5874 
 763      763   (0)      5 :  0.4840 0.5160 
 764      764   (0)      5 :  0.3790 0.6210 
 765      765   (0)      5 :  0.4610 0.5390 
 766      766   (0)      5 :  0.5798 0.4202 
 767      767   (0)      5 :  0.4730 0.5270 
 768      768   (0)      5 :  0.3930 0.6070 
 769      769   (0)      5 :  0.4930 0.5070 
 770      770   (0)      5 :  0.3900 0.6100 
 771      771   (0)      5 :  0.4710 0.5290 
 772      772   (0)      5 :  0.5220 0.4780 
 773      773   (0)      5 :  0.4610 0.5390 
 774      774   (0)      5 :  0.5216 0.4784 
 775      775   (0)      5 :  0.5150 0.4850 
 776      776   (0)      5 :  0.4232 0.5768 
 777      777   (0)      5 :  0.5190 0.4810 
 778      778   (0)      5 :  0.6784 0.3216 
 779      779   (0)      5 :  0.3500 0.6500 
 780      780   (0)      5 :  0.3890 0.6110 
 781      781   (0)      5 :  0.5040 0.4960 
 782      782   (0)      5 :  0.4610 0.5390 
 783      783   (0)      5 :  0.4818 0.5182 
 784      784   (0)      5 :  0.4920 0.5080 
 785      785   (0)      5 :  0.5736 0.4264 
 786      786   (0)      5 :  0.4820 0.5180 
 787      787   (0)      5 :  0.4622 0.5378 
 788      788   (0)      5 :  0.5712 0.4288 
 789      789   (0)      5 :  0.5010 0.4990 
 790      790   (0)      5 :  0.4760 0.5240 
 791      791   (0)      5 :  0.5180 0.4820 
 792      792   (0)      5 :  0.4560 0.5440 
 793      793   (0)      5 :  0.4690 0.5310 
 794      794   (0)      5 :  0.4640 0.5360 
 795      795   (0)      5 :  0.5212 0.4788 
 796      796   (0)      5 :  0.4552 0.5448 
 797      797   (0)      5 :  0.5440 0.4560 
 798      798   (0)      5 :  0.4690 0.5310 
 799      799   (0)      5 :  0.4366 0.5634 
 800      800   (0)      5 :  0.3780 0.6220 
 801      801   (0)      6 :  0.7080 0.2920 
 802      802   (0)      6 :  0.8130 0.1870 
 803      803   (0)      6 :  0.6190 0.3810 
 804      804   (0)      6 :  0.6910 0.3090 
 805      805   (0)      6 :  0.8990 0.1010 
 806      806   (0)      6 :  0.7200 0.2800 
 807      807   (0)      6 :  0.7558 0.2442 
 808      808   (0)      6 :  0.7304 0.2696 
 809      809   (0)      6 :  0.7660 0.2340 
 810      810   (0)      6 :  0.7210 0.2790 
 811      811   (0)      6 :  0.8900 0.1100 
 812      812   (0)      6 :  0.6410 0.3590 
 813      813   (0)      6 :  0.6970 0.3030 
 814      814   (0)      6 :  0.7968 0.2032 
 815      815   (0)      6 :  0.7900 0.2100 
 816      816   (0)      6 :  0.7750 0.2250 
 817      817   (0)      6 :  0.8400 0.1600 
 818      818   (0)      6 :  0.6700 0.3300 
 819      819   (0)      6 :  0.7760 0.2240 
 820      820   (0)      6 :  0.9060 0.0940 
 821      821   (0)      6 :  0.8920 0.1080 
 822      822   (0)      6 :  0.7640 0.2360 
 823      823   (0)      6 :  0.6918 0.3082 
 824      824   (0)      6 :  0.8240 0.1760 
 825      825   (0)      6 :  0.7974 0.2026 
 826      826   (0)      6 :  0.5430 0.4570 
 827      827   (0)      6 :  0.8268 0.1732 
 828      828   (0)      6 :  0.7000 0.3000 
 829      829   (0)      6 :  0.7238 0.2762 
 830      830   (0)      6 :  0.6850 0.3150 
 831      831   (0)      6 :  0.7680 0.2320 
 832      832   (0)      6 :  0.5550 0.4450 
 833      833   (0)      6 :  0.8640 0.1360 
 834      834   (0)      6 :  0.7070 0.2930 
 835      835   (0)      6 :  0.8762 0.1238 
 836      836   (0)      6 :  0.6560 0.3440 
 837      837   (0)      6 :  0.8330 0.1670 
 838      838   (0)      6 :  0.9334 0.0666 
 839      839   (0)      6 :  0.7464 0.2536 
 840      840   (0)      6 :  0.7862 0.2138 
 841      841   (0)      6 :  0.4890 0.5110 
 842      842   (0)      6 :  0.5640 0.4360 
 843      843   (0)      6 :  0.5900 0.4100 
 844      844   (0)      6 :  0.8022 0.1978 
 845      845   (0)      6 :  0.4966 0.5034 
 846      846   (0)      6 :  0.6580 0.3420 
 847      847   (0)      6 :  0.8490 0.1510 
 848      848   (0)      6 :  0.8460 0.1540 
 849      849   (0)      6 :  0.7538 0.2462 
 850      850   (0)      6 :  0.8480 0.1520 
 851      851   (0)      6 :  0.7640 0.2360 
 852      852   (0)      6 :  0.7548 0.2452 
 853      853   (0)      6 :  0.7232 0.2768 
 854      854   (0)      6 :  0.5720 0.4280 
 855      855   (0)      6 :  0.8640 0.1360 
 856      856   (0)      6 :  0.7960 0.2040 
 857      857   (0)      6 :  0.6450 0.3550 
 858      858   (0)      6 :  0.6948 0.3052 
 859      859   (0)      6 :  0.8890 0.1110 
 860      860   (0)      6 :  0.7798 0.2202 
 861      861   (0)      6 :  0.7310 0.2690 
 862      862   (0)      6 :  0.7332 0.2668 
 863      863   (0)      6 :  0.7770 0.2230 
 864      864   (0)      6 :  0.6450 0.3550 
 865      865   (0)      6 :  0.7040 0.2960 
 866      866   (0)      6 :  0.6800 0.3200 
 867      867   (0)      6 :  0.7360 0.2640 
 868      868   (0)      6 :  0.7494 0.2506 
 869      869   (0)      6 :  0.8806 0.1194 
 870      870   (0)      6 :  0.9594 0.0406 
 871      871   (0)      6 :  0.7180 0.2820 
 872      872   (0)      6 :  0.7870 0.2130 
 873      873   (0)      6 :  0.8180 0.1820 
 874      874   (0)      6 :  0.6600 0.3400 
 875      875   (0)      6 :  0.4790 0.5210 
 876      876   (0)      6 :  0.8656 0.1344 
 877      877   (0)      6 :  0.7502 0.2498 
 878      878   (0)      6 :  0.7328 0.2672 
 879      879   (0)      6 :  0.7410 0.2590 
 880      880   (0)      6 :  0.9298 0.0702 
 881      881   (0)      6 :  0.6520 0.3480 
 882      882   (0)      6 :  0.7030 0.2970 
 883      883   (0)      6 :  0.6280 0.3720 
 884      884   (0)      6 :  0.7700 0.2300 
 885      885   (0)      6 :  0.5430 0.4570 
 886      886   (0)      6 :  0.7970 0.2030 
 887      887   (0)      6 :  0.7110 0.2890 
 888      888   (0)      6 :  0.7254 0.2746 
 889      889   (0)      6 :  0.7210 0.2790 
 890      890   (0)      6 :  0.8090 0.1910 
 891      891   (0)      6 :  0.8194 0.1806 
 892      892   (0)      6 :  0.7740 0.2260 
 893      893   (0)      6 :  0.7630 0.2370 
 894      894   (0)      6 :  0.6640 0.3360 
 895      895   (0)      6 :  0.8350 0.1650 
 896      896   (0)      6 :  0.7200 0.2800 
 897      897   (0)      6 :  0.6766 0.3234 
 898      898   (0)      6 :  0.7330 0.2670 
 899      899   (0)      6 :  0.6810 0.3190 
 900      900   (0)      6 :  0.6750 0.3250 
 901      901   (0)      7 :  0.7480 0.2520 
 902      902   (0)      7 :  0.9710 0.0290 
 903      903   (0)      7 :  0.8570 0.1430 
 904      904   (0)      7 :  0.7982 0.2018 
 905      905   (0)      7 :  0.9290 0.0710 
 906      906   (0)      7 :  0.7260 0.2740 
 907      907   (0)      7 :  0.9900 0.0100 
 908      908   (0)      7 :  0.8380 0.1620 
 909      909   (0)      7 :  0.7680 0.2320 
 910      910   (0)      7 :  0.8520 0.1480 
 911      911   (0)      7 :  0.9190 0.0810 
 912      912   (0)      7 :  0.9500 0.0500 
 913      913   (0)      7 :  0.9222 0.0778 
 914      914   (0)      7 :  0.9720 0.0280 
 915      915   (0)      7 :  0.8130 0.1870 
 916      916   (0)      7 :  0.9210 0.0790 
 917      917   (0)      7 :  0.8476 0.1524 
 918      918   (0)      7 :  0.8342 0.1658 
 919      919   (0)      7 :  0.8472 0.1528 
 920      920   (0)      7 :  0.9630 0.0370 
 921      921   (0)      7 :  0.8900 0.1100 
 922      922   (0)      7 :  0.9396 0.0604 
 923      923   (0)      7 :  0.7710 0.2290 
 924      924   (0)      7 :  0.8710 0.1290 
 925      925   (0)      7 :  0.8580 0.1420 
 926      926   (0)      7 :  0.8770 0.1230 
 927      927   (0)      7 :  0.8974 0.1026 
 928      928   (0)      7 :  0.8180 0.1820 
 929      929   (0)      7 :  0.7722 0.2278 
 930      930   (0)      7 :  0.8654 0.1346 
 931      931   (0)      7 :  0.8142 0.1858 
 932      932   (0)      7 :  0.7050 0.2950 
 933      933   (0)      7 :  0.9890 0.0110 
 934      934   (0)      7 :  0.8730 0.1270 
 935      935   (0)      7 :  0.8320 0.1680 
 936      936   (0)      7 :  0.8780 0.1220 
 937      937   (0)      7 :  0.7630 0.2370 
 938      938   (0)      7 :  0.7610 0.2390 
 939      939   (0)      7 :  0.8462 0.1538 
 940      940   (0)      7 :  0.7250 0.2750 
 941      941   (0)      7 :  0.8070 0.1930 
 942      942   (0)      7 :  0.9350 0.0650 
 943      943   (0)      7 :  0.9080 0.0920 
 944      944   (0)      7 :  0.7020 0.2980 
 945      945   (0)      7 :  0.7500 0.2500 
 946      946   (0)      7 :  0.8860 0.1140 
 947      947   (0)      7 :  0.8490 0.1510 
 948      948   (0)      7 :  0.9900 0.0100 
 949      949   (0)      7 :  0.9910 0.0090 
 950      950   (0)      7 :  0.8964 0.1036 
 951      951   (0)      7 :  0.7270 0.2730 
 952      952   (0)      7 :  0.9570 0.0430 
 953      953   (0)      7 :  0.9900 0.0100 
 954      954   (0)      7 :  0.8622 0.1378 
 955      955   (0)      7 :  0.8920 0.1080 
 956      956   (0)      7 :  0.8680 0.1320 
 957      957   (0)      7 :  0.8700 0.1300 
 958      958   (0)      7 :  0.9504 0.0496 
 959      959   (0)      7 :  0.8020 0.1980 
 960      960   (0)      7 :  0.9450 0.0550 
 961      961   (0)      7 :  0.8860 0.1140 
 962      962   (0)      7 :  0.8530 0.1470 
 963      963   (0)      7 :  0.9890 0.0110 
 964      964   (0)      7 :  0.9930 0.0070 
 965      965   (0)      7 :  0.8710 0.1290 
 966      966   (0)      7 :  0.9110 0.0890 
 967      967   (0)      7 :  0.9120 0.0880 
 968      968   (0)      7 :  0.9890 0.0110 
 969      969   (0)      7 :  0.8650 0.1350 
 970      970   (0)      7 :  0.8850 0.1150 
 971      971   (0)      7 :  0.8480 0.1520 
 972      972   (0)      7 :  0.7930 0.2070 
 973      973   (0)      7 :  0.9000 0.1000 
 974      974   (0)      7 :  0.8560 0.1440 
 975      975   (0)      7 :  0.8840 0.1160 
 976      976   (0)      7 :  0.8170 0.1830 
 977      977   (0)      7 :  0.9930 0.0070 
 978      978   (0)      7 :  0.9800 0.0200 
 979      979   (0)      7 :  0.8720 0.1280 
 980      980   (0)      7 :  0.9354 0.0646 
 981      981   (0)      7 :  0.7430 0.2570 
 982      982   (0)      7 :  0.9252 0.0748 
 983      983   (0)      7 :  0.7890 0.2110 
 984      984   (0)      7 :  0.9024 0.0976 
 985      985   (0)      7 :  0.9370 0.0630 
 986      986   (0)      7 :  0.8536 0.1464 
 987      987   (0)      7 :  0.8480 0.1520 
 988      988   (0)      7 :  0.9930 0.0070 
 989      989   (0)      7 :  0.8830 0.1170 
 990      990   (0)      7 :  0.7450 0.2550 
 991      991   (0)      7 :  0.8070 0.1930 
 992      992   (0)      7 :  0.7080 0.2920 
 993      993   (0)      7 :  0.9410 0.0590 
 994      994   (0)      7 :  0.9450 0.0550 
 995      995   (0)      7 :  0.7730 0.2270 
 996      996   (0)      7 :  0.8390 0.1610 
 997      997   (0)      7 :  0.8550 0.1450 
 998      998   (0)      7 :  0.8900 0.1100 
 999      999   (0)      7 :  0.8350 0.1650 
1000     1000   (0)      7 :  0.7590 0.2410 
1001     1001   (5)      8 :  0.9880 0.0120 
1002     1002   (0)      8 :  0.9860 0.0140 
1003     1003   (0)      8 :  0.9930 0.0070 
1004     1004   (0)      8 :  0.9830 0.0170 
1005     1005   (0)      8 :  0.9920 0.0080 
1006     1006   (0)      8 :  0.9910 0.0090 
1007     1007   (0)      8 :  0.9940 0.0060 
1008     1008   (0)      8 :  0.9910 0.0090 
1009     1009   (0)      8 :  0.9920 0.0080 
1010     1010   (0)      8 :  0.9920 0.0080 
1011     1011   (0)      8 :  0.9950 0.0050 
1012     1012   (0)      8 :  0.9930 0.0070 
1013     1013   (0)      8 :  0.9890 0.0110 
1014     1014   (5)      8 :  0.9950 0.0050 
1015     1015   (0)      8 :  0.9930 0.0070 
1016     1016   (0)      8 :  0.9940 0.0060 
1017     1017   (0)      8 :  0.9920 0.0080 
1018     1018   (0)      8 :  0.9910 0.0090 
1019     1019   (0)      8 :  0.9900 0.0100 
1020     1020   (0)      8 :  0.9940 0.0060 
1021     1021   (0)      8 :  0.9950 0.0050 
1022     1022   (0)      8 :  0.9900 0.0100 
1023     1023   (0)      8 :  0.9940 0.0060 
1024     1024   (0)      8 :  0.9950 0.0050 
1025     1025   (0)      8 :  0.9950 0.0050 
1026     1026   (0)      8 :  0.9940 0.0060 
1027     1027   (0)      8 :  0.9940 0.0060 
1028     1028   (0)      8 :  0.9940 0.0060 
1029     1029   (0)      9 :  0.9950 0.0050 
1030     1030   (0)      9 :  0.9900 0.0100 
1031     1031   (0)      9 :  0.9890 0.0110 
1032     1032   (0)      9 :  0.9940 0.0060 
1033     1033   (0)      9 :  0.9920 0.0080 
1034     1034   (0)      9 :  0.9930 0.0070 
1035     1035   (0)      9 :  0.9890 0.0110 
1036     1036   (0)      9 :  0.9830 0.0170 
1037     1037   (0)      9 :  0.9930 0.0070 
1038     1038   (0)      9 :  0.9920 0.0080 
1039     1039   (0)      9 :  0.9920 0.0080 
1040     1040   (0)      9 :  0.9930 0.0070 
1041     1041   (0)      9 :  0.9916 0.0084 
1042     1042   (0)      9 :  0.9920 0.0080 
1043     1043   (0)      9 :  0.9930 0.0070 
1044     1044   (0)      9 :  0.9950 0.0050 
1045     1045   (0)      9 :  0.9720 0.0280 
1046     1046   (0)      9 :  0.9940 0.0060 
1047     1047   (0)      9 :  0.9960 0.0040 
1048     1048   (0)      9 :  0.9940 0.0060 
1049     1049   (0)      9 :  0.9920 0.0080 
1050     1050   (0)      9 :  0.9930 0.0070 
1051     1051   (0)      9 :  0.9950 0.0050 
1052     1052   (0)      9 :  0.9940 0.0060 
1053     1053   (0)      9 :  0.9940 0.0060 
1054     1054   (0)      9 :  0.9930 0.0070 
1055     1055   (0)      9 :  0.9930 0.0070 
1056     1056   (0)      9 :  0.9920 0.0080 
1057     1057   (0)      9 :  0.9920 0.0080 
1058     1058   (0)      9 :  0.9940 0.0060 
1059     1059   (0)      9 :  0.9940 0.0060 
1060     1060   (0)      9 :  0.9930 0.0070 
1061     1061   (0)      9 :  0.9930 0.0070 
1062     1062   (0)      9 :  0.9940 0.0060 
1063     1063   (0)      9 :  0.9910 0.0090 
1064     1064   (0)      9 :  0.9910 0.0090 
1065     1065   (0)      9 :  0.9910 0.0090 
1066     1066   (0)      9 :  0.9910 0.0090 
1067     1067   (0)      9 :  0.9920 0.0080 
1068     1068   (0)      9 :  0.9940 0.0060 
1069     1069   (0)      9 :  0.9930 0.0070 
1070     1070   (0)      9 :  0.9910 0.0090 
1071     1071   (0)      9 :  0.9920 0.0080 
1072     1072   (0)      9 :  0.9934 0.0066 
1073     1073   (0)      9 :  0.9940 0.0060 
1074     1074   (0)      9 :  0.9930 0.0070 
1075     1075   (0)      9 :  0.9920 0.0080 
1076     1076   (0)      9 :  0.9930 0.0070 
1077     1077   (0)      9 :  0.9950 0.0050 
1078     1078   (0)      9 :  0.9930 0.0070 
1079     1079   (0)      9 :  0.9936 0.0064 
1080     1080   (0)      9 :  0.9930 0.0070 
1081     1081   (0)      9 :  0.9930 0.0070 
1082     1082   (0)      9 :  0.9940 0.0060 
1083     1083   (0)      9 :  0.9890 0.0110 
1084     1084   (0)      9 :  0.9940 0.0060 
1085     1085   (0)      9 :  0.9940 0.0060 
1086     1086   (0)      9 :  0.9940 0.0060 
1087     1087   (0)      9 :  0.9930 0.0070 
1088     1088   (0)      9 :  0.9930 0.0070 
1089     1089   (0)      9 :  0.9940 0.0060 
1090     1090   (0)      9 :  0.9958 0.0042 
1091     1091   (0)      9 :  0.9940 0.0060 
1092     1092   (0)      9 :  0.9920 0.0080 
1093     1093   (0)      9 :  0.9950 0.0050 
1094     1094   (0)      9 :  0.9920 0.0080 
1095     1095   (0)      9 :  0.9910 0.0090 
1096     1096   (0)      9 :  0.9940 0.0060 
1097     1097   (0)      9 :  0.9880 0.0120 
1098     1098   (0)      9 :  0.9950 0.0050 
1099     1099   (0)      9 :  0.9920 0.0080 
1100     1100   (0)      9 :  0.9910 0.0090 
1101     1101   (0)      9 :  0.9930 0.0070 
1102     1102   (0)      9 :  0.9830 0.0170 
1103     1103   (0)      9 :  0.9950 0.0050 
1104     1104   (0)      9 :  0.9900 0.0100 
1105     1105   (0)      9 :  0.9920 0.0080 
1106     1106   (0)      9 :  0.9950 0.0050 
1107     1107   (0)      9 :  0.9870 0.0130 
1108     1108   (0)      9 :  0.9930 0.0070 
1109     1109   (0)      9 :  0.9930 0.0070 
1110     1110   (0)      9 :  0.9940 0.0060 
1111     1111   (0)      9 :  0.9940 0.0060 
1112     1112   (0)      9 :  0.9940 0.0060 
1113     1113   (0)      9 :  0.9920 0.0080 
1114     1114   (0)      9 :  0.9950 0.0050 
1115     1115   (0)      9 :  0.9908 0.0092 
1116     1116   (0)      9 :  0.9910 0.0090 
1117     1117   (0)      9 :  0.9890 0.0110 
1118     1118   (0)      9 :  0.9910 0.0090 
1119     1119   (0)      9 :  0.9850 0.0150 
1120     1120   (0)      9 :  0.9940 0.0060 
1121     1121   (0)      9 :  0.9930 0.0070 
1122     1122   (0)      9 :  0.9930 0.0070 
1123     1123   (0)      9 :  0.9920 0.0080 
1124     1124   (0)      9 :  0.9910 0.0090 
1125     1125   (0)      9 :  0.9900 0.0100 
1126     1126   (0)      9 :  0.9930 0.0070 
1127     1127   (0)      9 :  0.9920 0.0080 
1128     1128   (0)      9 :  0.9880 0.0120 
1129     1129   (0)      9 :  0.9920 0.0080 
1130     1130   (0)      9 :  0.9948 0.0052 
1131     1131   (0)      9 :  0.9950 0.0050 
1132     1132   (0)      9 :  0.9930 0.0070 
1133     1133   (0)      9 :  0.9920 0.0080 
1134     1134   (0)      9 :  0.9950 0.0050 
1135     1135   (0)      9 :  0.9930 0.0070 
1136     1136   (0)      9 :  0.9910 0.0090 
1137     1137   (0)      9 :  0.9930 0.0070 
1138     1138   (0)      9 :  0.9930 0.0070 
1139     1139   (0)      9 :  0.9880 0.0120 
1140     1140   (0)      9 :  0.9860 0.0140 
1141     1141   (0)      9 :  0.9940 0.0060 
1142     1142   (0)      9 :  0.9910 0.0090 
1143     1143   (0)      9 :  0.9930 0.0070 
1144     1144   (0)      9 :  0.9930 0.0070 
1145     1145   (0)      9 :  0.9940 0.0060 
1146     1146   (0)      9 :  0.9940 0.0060 
1147     1147   (0)      9 :  0.9810 0.0190 
1148     1148   (0)      9 :  0.9940 0.0060 
1149     1149   (0)      9 :  0.9950 0.0050 
1150     1150   (0)      9 :  0.9930 0.0070 
1151     1151   (0)      9 :  0.9910 0.0090 
1152     1152   (0)      9 :  0.9910 0.0090 
1153     1153   (0)      9 :  0.9930 0.0070 
1154     1154   (0)      9 :  0.9950 0.0050 
1155     1155   (0)      9 :  0.9950 0.0050 
1156     1156   (0)      9 :  0.9940 0.0060 
1157     1157   (0)      9 :  0.9910 0.0090 
1158     1158   (0)      9 :  0.9940 0.0060 
1159     1159   (0)      9 :  0.9940 0.0060 
1160     1160   (0)      9 :  0.9940 0.0060 
1161     1161   (0)      9 :  0.9910 0.0090 
1162     1162   (0)      9 :  0.9940 0.0060 
1163     1163   (0)      9 :  0.9940 0.0060 
1164     1164   (0)      9 :  0.9950 0.0050 
1165     1165   (0)      9 :  0.9928 0.0072 
1166     1166   (0)      9 :  0.9930 0.0070 
1167     1167   (0)      9 :  0.9950 0.0050 
1168     1168   (0)      9 :  0.9950 0.0050 
1169     1169   (0)      9 :  0.9910 0.0090 
1170     1170   (0)      9 :  0.9920 0.0080 
1171     1171   (0)      9 :  0.9950 0.0050 
1172     1172   (0)      9 :  0.9930 0.0070 
1173     1173   (0)      9 :  0.9930 0.0070 
1174     1174   (0)      9 :  0.9940 0.0060 
1175     1175   (0)      9 :  0.9930 0.0070 
1176     1176   (0)      9 :  0.9920 0.0080 
1177     1177   (0)      9 :  0.9950 0.0050 
1178     1178   (0)      9 :  0.9880 0.0120 
1179     1179   (0)      9 :  0.9950 0.0050 
1180     1180   (0)      9 :  0.9870 0.0130 
1181     1181   (0)      9 :  0.9950 0.0050 
1182     1182   (0)      9 :  0.9930 0.0070 
1183     1183   (0)      9 :  0.9758 0.0242 
1184     1184   (0)      9 :  0.9930 0.0070 
1185     1185   (0)      9 :  0.9920 0.0080 
1186     1186   (0)      9 :  0.9910 0.0090 
1187     1187   (0)      9 :  0.9940 0.0060 
1188     1188   (0)      9 :  0.9950 0.0050 
1189     1189   (0)      9 :  0.9940 0.0060 
1190     1190   (0)      9 :  0.9950 0.0050 
1191     1191   (0)      9 :  0.9950 0.0050 
1192     1192   (0)      9 :  0.9900 0.0100 
1193     1193   (0)      9 :  0.9950 0.0050 
1194     1194   (0)      9 :  0.9910 0.0090 
1195     1195   (0)      9 :  0.9910 0.0090 
1196     1196   (0)      9 :  0.9880 0.0120 
1197     1197   (0)      9 :  0.9950 0.0050 
1198     1198   (0)      9 :  0.9950 0.0050 
1199     1199   (0)      9 :  0.9950 0.0050 
1200     1200   (0)      9 :  0.9920 0.0080 
1201     1201   (0)      9 :  0.9950 0.0050 
1202     1202   (0)      9 :  0.9920 0.0080 
1203     1203   (0)      9 :  0.9950 0.0050 
1204     1204   (0)      9 :  0.9950 0.0050 
1205     1205   (0)      9 :  0.9930 0.0070 
1206     1206   (0)      9 :  0.9940 0.0060 
1207     1207   (0)      9 :  0.9940 0.0060 
1208     1208   (0)      9 :  0.9940 0.0060 
1209     1209   (0)      9 :  0.9930 0.0070 
1210     1210   (0)      9 :  0.9940 0.0060 
1211     1211   (0)      9 :  0.9930 0.0070 
1212     1212   (0)      9 :  0.9950 0.0050 
1213     1213   (0)      9 :  0.9940 0.0060 
1214     1214   (0)      9 :  0.9950 0.0050 
1215     1215   (0)      9 :  0.9940 0.0060 
1216     1216   (0)      9 :  0.9920 0.0080 
1217     1217   (0)      9 :  0.9940 0.0060 
1218     1218   (0)      9 :  0.9930 0.0070 
1219     1219   (0)      9 :  0.9940 0.0060 
1220     1220   (0)      9 :  0.9930 0.0070 
1221     1221   (0)      9 :  0.9930 0.0070 
1222     1222   (0)      9 :  0.9950 0.0050 
1223     1223   (0)      9 :  0.9900 0.0100 
1224     1224   (0)      9 :  0.9950 0.0050 
1225     1225   (0)      9 :  0.9880 0.0120 
1226     1226   (0)      9 :  0.9920 0.0080 
1227     1227   (0)      9 :  0.9930 0.0070 
1228     1228   (0)      9 :  0.9920 0.0080 
1229     1229   (0)      9 :  0.9950 0.0050 
1230     1230   (0)      9 :  0.9940 0.0060 
1231     1231   (0)      9 :  0.9920 0.0080 
1232     1232   (0)      9 :  0.9910 0.0090 
1233     1233   (0)      9 :  0.9910 0.0090 
1234     1234   (0)      9 :  0.9940 0.0060 
1235     1235   (0)      9 :  0.9930 0.0070 
1236     1236   (0)      9 :  0.9930 0.0070 
1237     1237   (0)      9 :  0.9860 0.0140 
1238     1238   (0)      9 :  0.9930 0.0070 
1239     1239   (0)      9 :  0.9930 0.0070 
1240     1240   (0)      9 :  0.9920 0.0080 
1241     1241   (0)      9 :  0.9922 0.0078 
1242     1242   (0)      9 :  0.9920 0.0080 
1243     1243   (0)      9 :  0.9800 0.0200 
1244     1244   (0)      9 :  0.9890 0.0110 
1245     1245   (0)      9 :  0.9940 0.0060 
1246     1246   (0)      9 :  0.9940 0.0060 
1247     1247   (0)      9 :  0.9930 0.0070 
1248     1248   (0)      9 :  0.9900 0.0100 
1249     1249   (0)      9 :  0.9930 0.0070 
1250     1250   (0)      9 :  0.9930 0.0070 
1251     1251   (0)      9 :  0.9910 0.0090 
1252     1252   (0)      9 :  0.9920 0.0080 
1253     1253   (0)      9 :  0.9910 0.0090 
1254     1254   (0)      9 :  0.9930 0.0070 
1255     1255   (0)      9 :  0.9596 0.0404 
1256     1256   (0)      9 :  0.9920 0.0080 
1257     1257   (0)      9 :  0.9920 0.0080 
1258     1258   (0)      9 :  0.9940 0.0060 
1259     1259   (0)      9 :  0.9940 0.0060 
1260     1260   (0)      9 :  0.9940 0.0060 
1261     1261   (0)      9 :  0.9950 0.0050 
1262     1262   (0)      9 :  0.9930 0.0070 
1263     1263   (0)      9 :  0.9940 0.0060 
1264     1264   (0)      9 :  0.9850 0.0150 
1265     1265   (0)      9 :  0.9930 0.0070 
1266     1266   (0)      9 :  0.9910 0.0090 
1267     1267   (0)      9 :  0.9940 0.0060 
1268     1268   (0)      9 :  0.9910 0.0090 
1269     1269   (0)      9 :  0.9940 0.0060 
1270     1270   (0)      9 :  0.9920 0.0080 
1271     1271   (0)      9 :  0.9940 0.0060 
1272     1272   (0)      9 :  0.9950 0.0050 
1273     1273   (0)      9 :  0.9940 0.0060 
1274     1274   (0)      9 :  0.9930 0.0070 
1275     1275   (0)      9 :  0.9940 0.0060 
1276     1276   (0)      9 :  0.9910 0.0090 
1277     1277   (0)      9 :  0.9950 0.0050 
1278     1278   (0)      9 :  0.9940 0.0060 
1279     1279   (0)      9 :  0.9940 0.0060 
1280     1280   (0)      9 :  0.9890 0.0110 
1281     1281   (0)      9 :  0.9930 0.0070 
1282     1282   (0)      9 :  0.9930 0.0070 
1283     1283   (0)      9 :  0.9930 0.0070 
1284     1284   (0)      9 :  0.9950 0.0050 
1285     1285   (0)      9 :  0.9910 0.0090 
1286     1286   (0)      9 :  0.9950 0.0050 
1287     1287   (0)      9 :  0.9910 0.0090 
1288     1288   (0)      9 :  0.9920 0.0080 
1289     1289   (0)      9 :  0.9920 0.0080 
1290     1290   (0)      9 :  0.9920 0.0080 
1291     1291   (0)      9 :  0.9910 0.0090 
1292     1292   (0)      9 :  0.9900 0.0100 
1293     1293   (0)      9 :  0.9920 0.0080 
1294     1294   (0)      9 :  0.9940 0.0060 
1295     1295   (0)      9 :  0.9890 0.0110 
1296     1296   (0)      9 :  0.9920 0.0080 
1297     1297   (0)      9 :  0.9890 0.0110 
1298     1298   (0)      9 :  0.9940 0.0060 
1299     1299   (0)      9 :  0.9920 0.0080 
1300     1300   (0)      9 :  0.9950 0.0050 
1301     1301   (0)      9 :  0.9950 0.0050 
1302     1302   (0)      9 :  0.9740 0.0260 
1303     1303   (0)      9 :  0.9930 0.0070 
1304     1304   (0)      9 :  0.9940 0.0060 
1305     1305   (0)      9 :  0.9940 0.0060 
1306     1306   (0)      9 :  0.9940 0.0060 
1307     1307   (0)      9 :  0.9940 0.0060 
1308     1308   (0)      9 :  0.9930 0.0070 
1309     1309   (0)      9 :  0.9950 0.0050 
1310     1310   (0)      9 :  0.9930 0.0070 
1311     1311   (0)      9 :  0.9860 0.0140 
1312     1312   (0)      9 :  0.9940 0.0060 
1313     1313   (0)      9 :  0.9930 0.0070 
1314     1314   (0)      9 :  0.9950 0.0050 
1315     1315   (0)      9 :  0.9940 0.0060 
1316     1316   (0)      9 :  0.9930 0.0070 
1317     1317   (0)      9 :  0.9880 0.0120 
1318     1318   (0)      9 :  0.9950 0.0050 
1319     1319   (0)      9 :  0.9940 0.0060 
1320     1320   (0)      9 :  0.9930 0.0070 
1321     1321   (0)      9 :  0.9940 0.0060 
1322     1322   (0)      9 :  0.9880 0.0120 
1323     1323   (0)      9 :  0.9950 0.0050 
1324     1324   (0)      9 :  0.9930 0.0070 
1325     1325   (0)      9 :  0.9940 0.0060 
1326     1326   (0)      9 :  0.9930 0.0070 
1327     1327   (0)      9 :  0.9930 0.0070 
1328     1328   (0)      9 :  0.9940 0.0060 
1329     1329   (0)      9 :  0.9940 0.0060 
1330     1330   (0)      9 :  0.9930 0.0070 
1331     1331   (0)      9 :  0.9950 0.0050 
1332     1332   (0)      9 :  0.9950 0.0050 
1333     1333   (0)      9 :  0.9940 0.0060 
1334     1334   (0)      9 :  0.9940 0.0060 
1335     1335   (0)      9 :  0.9950 0.0050 
1336     1336   (0)      9 :  0.9930 0.0070 
1337     1337   (0)      9 :  0.9950 0.0050 
1338     1338   (0)      9 :  0.9890 0.0110 
1339     1339   (0)      9 :  0.9940 0.0060 
1340     1340   (0)      9 :  0.9930 0.0070 
1341     1341   (0)      9 :  0.9940 0.0060 
1342     1342   (0)      9 :  0.9910 0.0090 
1343     1343   (0)      9 :  0.9940 0.0060 
1344     1344   (0)      9 :  0.9940 0.0060 
1345     1345   (0)      9 :  0.9950 0.0050 
1346     1346   (0)      9 :  0.9940 0.0060 
1347     1347   (0)      9 :  0.9920 0.0080 
1348     1348   (0)      9 :  0.9920 0.0080 
1349     1349   (0)      9 :  0.9940 0.0060 
1350     1350   (0)      9 :  0.9908 0.0092 
1351     1351   (0)      9 :  0.9940 0.0060 
1352     1352   (0)      9 :  0.9920 0.0080 
1353     1353   (0)      9 :  0.9840 0.0160 
1354     1354   (0)      9 :  0.9950 0.0050 
1355     1355   (0)      9 :  0.9870 0.0130 
1356     1356   (0)      9 :  0.9950 0.0050 
1357     1357   (0)      9 :  0.9860 0.0140 
1358     1358   (0)      9 :  0.9940 0.0060 
1359     1359   (0)      9 :  0.9910 0.0090 
1360     1360   (0)      9 :  0.9940 0.0060 
1361     1361   (0)      9 :  0.9930 0.0070 
1362     1362   (0)      9 :  0.9910 0.0090 
1363     1363   (0)      9 :  0.9920 0.0080 
1364     1364   (0)      9 :  0.9816 0.0184 
1365     1365   (0)      9 :  0.9940 0.0060 
1366     1366   (0)      9 :  0.9930 0.0070 
1367     1367   (0)      9 :  0.9910 0.0090 
1368     1368   (0)      9 :  0.9940 0.0060 
1369     1369   (0)      9 :  0.9950 0.0050 
1370     1370   (0)      9 :  0.9950 0.0050 
1371     1371   (0)      9 :  0.9940 0.0060 
1372     1372   (0)      9 :  0.9940 0.0060 
1373     1373   (0)      9 :  0.9910 0.0090 
1374     1374   (0)      9 :  0.9900 0.0100 
1375     1375   (0)      9 :  0.9920 0.0080 
1376     1376   (0)      9 :  0.9870 0.0130 
1377     1377   (0)      9 :  0.9920 0.0080 
1378     1378   (0)      9 :  0.9890 0.0110 
1379     1379   (0)      9 :  0.9920 0.0080 
1380     1380   (0)      9 :  0.9950 0.0050 
1381     1381   (0)      9 :  0.9940 0.0060 
1382     1382   (0)      9 :  0.9940 0.0060 
1383     1383   (0)      9 :  0.9920 0.0080 
1384     1384   (0)      9 :  0.9940 0.0060 
1385     1385   (0)      9 :  0.9940 0.0060 
1386     1386   (0)      9 :  0.9940 0.0060 
1387     1387   (0)      9 :  0.9920 0.0080 
1388     1388   (0)      9 :  0.9900 0.0100 
1389     1389   (0)      9 :  0.9950 0.0050 
1390     1390   (0)      9 :  0.9830 0.0170 
1391     1391   (0)      9 :  0.9940 0.0060 
1392     1392   (0)      9 :  0.9950 0.0050 
1393     1393   (0)      9 :  0.9950 0.0050 
1394     1394   (0)      9 :  0.9870 0.0130 
1395     1395   (0)      9 :  0.9910 0.0090 
1396     1396   (0)      9 :  0.9950 0.0050 
1397     1397   (0)      9 :  0.9930 0.0070 
1398     1398   (0)      9 :  0.9930 0.0070 
1399     1399   (0)      9 :  0.9910 0.0090 
1400     1400   (0)      9 :  0.9920 0.0080 
1401     1401   (0)      9 :  0.9950 0.0050 
1402     1402   (0)      9 :  0.9930 0.0070 
1403     1403   (0)      9 :  0.9910 0.0090 
1404     1404   (0)      9 :  0.9950 0.0050 
1405     1405   (0)      9 :  0.9872 0.0128 
1406     1406   (0)      9 :  0.9890 0.0110 
1407     1407   (0)      9 :  0.9920 0.0080 
1408     1408   (0)      9 :  0.9930 0.0070 
1409     1409   (0)      9 :  0.9900 0.0100 
1410     1410   (0)      9 :  0.9940 0.0060 
1411     1411   (0)      9 :  0.9890 0.0110 
1412     1412   (0)      9 :  0.9940 0.0060 
1413     1413   (0)      9 :  0.9910 0.0090 
1414     1414   (0)      9 :  0.9950 0.0050 
1415     1415   (0)      9 :  0.9950 0.0050 
1416     1416   (0)      9 :  0.9940 0.0060 
1417     1417   (0)      9 :  0.9940 0.0060 
1418     1418   (0)      9 :  0.9950 0.0050 
1419     1419   (0)      9 :  0.9790 0.0210 
1420     1420   (0)      9 :  0.9930 0.0070 
1421     1421   (0)      9 :  0.9900 0.0100 
1422     1422   (0)      9 :  0.9940 0.0060 
1423     1423   (0)      9 :  0.9930 0.0070 
1424     1424   (0)      9 :  0.9860 0.0140 
1425     1425   (0)      9 :  0.9940 0.0060 
1426     1426   (0)      9 :  0.9930 0.0070 
1427     1427   (0)      9 :  0.9920 0.0080 
1428     1428   (0)      9 :  0.9920 0.0080 
1429     1429   (0)      9 :  0.9940 0.0060 
1430     1430   (0)      9 :  0.9950 0.0050 
1431     1431   (0)      9 :  0.9950 0.0050 
1432     1432   (0)      9 :  0.9924 0.0076 
1433     1433   (0)      9 :  0.9930 0.0070 
1434     1434   (0)      9 :  0.9930 0.0070 
1435     1435   (0)      9 :  0.9950 0.0050 
1436     1436   (0)      9 :  0.9950 0.0050 
1437     1437   (0)      9 :  0.9880 0.0120 
1438     1438   (0)      9 :  0.9948 0.0052 
1439     1439   (0)      9 :  0.9930 0.0070 
1440     1440   (0)      9 :  0.9930 0.0070 
1441     1441   (0)      9 :  0.9940 0.0060 
1442     1442   (0)      9 :  0.9930 0.0070 
1443     1443   (0)      9 :  0.9870 0.0130 
1444     1444   (0)      9 :  0.9930 0.0070 
1445     1445   (0)      9 :  0.9930 0.0070 
1446     1446   (0)      9 :  0.9930 0.0070 
1447     1447   (0)      9 :  0.9930 0.0070 
1448     1448   (0)      9 :  0.9940 0.0060 
1449     1449   (0)      9 :  0.9920 0.0080 
1450     1450   (0)      9 :  0.9940 0.0060 
1451     1451   (0)      9 :  0.9950 0.0050 
1452     1452   (0)      9 :  0.9910 0.0090 
1453     1453   (0)      9 :  0.9920 0.0080 
1454     1454   (0)      9 :  0.9950 0.0050 
1455     1455   (0)      9 :  0.9920 0.0080 
1456     1456   (0)      9 :  0.9922 0.0078 
1457     1457   (0)      9 :  0.9950 0.0050 
1458     1458   (0)      9 :  0.9930 0.0070 
1459     1459   (0)      9 :  0.9900 0.0100 
1460     1460   (0)      9 :  0.9910 0.0090 
1461     1461   (0)      9 :  0.9930 0.0070 
1462     1462   (0)      9 :  0.9940 0.0060 
1463     1463   (0)      9 :  0.9920 0.0080 
1464     1464   (0)      9 :  0.9870 0.0130 
1465     1465   (0)      9 :  0.9760 0.0240 
1466     1466   (0)      9 :  0.9930 0.0070 
1467     1467   (0)      9 :  0.9940 0.0060 
1468     1468   (0)      9 :  0.9950 0.0050 
1469     1469   (0)      9 :  0.9930 0.0070 
1470     1470   (0)      9 :  0.9940 0.0060 
1471     1471   (0)      9 :  0.9950 0.0050 
1472     1472   (0)      9 :  0.9800 0.0200 
1473     1473   (0)      9 :  0.9850 0.0150 
1474     1474   (0)      9 :  0.9950 0.0050 
1475     1475   (0)      9 :  0.9920 0.0080 
1476     1476   (0)      9 :  0.9940 0.0060 
1477     1477   (0)      9 :  0.9940 0.0060 
1478     1478   (0)      9 :  0.9900 0.0100 
1479     1479   (0)      9 :  0.9920 0.0080 
1480     1480   (0)      9 :  0.9940 0.0060 
1481     1481   (0)      9 :  0.9920 0.0080 
1482     1482   (0)      9 :  0.9940 0.0060 
1483     1483   (0)      9 :  0.9900 0.0100 
1484     1484   (0)      9 :  0.9940 0.0060 
1485     1485   (0)      9 :  0.9920 0.0080 
1486     1486   (0)      9 :  0.9940 0.0060 
1487     1487   (0)      9 :  0.9870 0.0130 
1488     1488   (0)      9 :  0.9940 0.0060 
1489     1489   (0)      9 :  0.9950 0.0050 
1490     1490   (0)      9 :  0.9930 0.0070 
1491     1491   (0)      9 :  0.9940 0.0060 
1492     1492   (0)      9 :  0.9940 0.0060 
1493     1493   (0)      9 :  0.9930 0.0070 
1494     1494   (0)      9 :  0.9940 0.0060 
1495     1495   (0)      9 :  0.9930 0.0070 
1496     1496   (0)      9 :  0.9920 0.0080 
1497     1497   (0)      9 :  0.9910 0.0090 
1498     1498   (0)      9 :  0.9940 0.0060 
1499     1499   (0)      9 :  0.9950 0.0050 
1500     1500   (0)      9 :  0.9950 0.0050 
