Wed Jun 24 17:49:54 2026: Job 1782294589 started running.
Wed Jun 24 17:49:54 2026: Job Parameters:
Wed Jun 24 17:49:54 2026: Input file: 1782294589.zip
Wed Jun 24 17:49:54 2026: Input type: STRUCTURE
Wed Jun 24 17:49:54 2026: Labels file: 1782294589.lab
Wed Jun 24 17:49:54 2026: CLUMPP repeats: 2000
Wed Jun 24 17:49:54 2026: CLUMPP search method: LargeKGreedy 
Wed Jun 24 17:49:54 2026: MCL cluster size threshold: 0.1 (default)
Wed Jun 24 17:49:54 2026: Extracting file: "1782294589.zip".
Wed Jun 24 17:49:54 2026: Sorting input files by K
Wed Jun 24 17:49:54 2026: Working on K=4
Wed Jun 24 17:49:54 2026: Executing CLUMPP for K=4.
Wed Jun 24 17:50:06 2026: Clustering K=4 with mcl.
Wed Jun 24 17:50:06 2026: cutoff used: 0.62
Wed Jun 24 17:50:06 2026: Executing CLUMPP for major cluster.
Wed Jun 24 17:50:20 2026: Calculating major cluster LnProb mean and standard deviation.
Wed Jun 24 17:50:20 2026: LnProb mean: -144891.14
Wed Jun 24 17:50:20 2026: LnProb standard deviation: 161.869277505034
Wed Jun 24 17:50:20 2026: Working on K=5
Wed Jun 24 17:50:20 2026: Executing CLUMPP for K=5.
Wed Jun 24 17:50:41 2026: Clustering K=5 with mcl.
Wed Jun 24 17:50:41 2026: no cutoff was used
Wed Jun 24 17:50:41 2026: Executing CLUMPP for major cluster.
Wed Jun 24 17:51:02 2026: Calculating major cluster LnProb mean and standard deviation.
Wed Jun 24 17:51:02 2026: LnProb mean: -139441.78
Wed Jun 24 17:51:02 2026: LnProb standard deviation: 0.870057469364542
Wed Jun 24 17:51:02 2026: Working on K=6
Wed Jun 24 17:51:03 2026: Executing CLUMPP for K=6.
Wed Jun 24 17:51:31 2026: Clustering K=6 with mcl.
Wed Jun 24 17:51:31 2026: no cutoff was used
Wed Jun 24 17:51:31 2026: Executing CLUMPP for major cluster.
Wed Jun 24 17:52:01 2026: Calculating major cluster LnProb mean and standard deviation.
Wed Jun 24 17:52:01 2026: LnProb mean: -136060.66
Wed Jun 24 17:52:01 2026: LnProb standard deviation: 1.69941166289926
Wed Jun 24 17:52:01 2026: Working on K=7
Wed Jun 24 17:52:01 2026: Executing CLUMPP for K=7.
Wed Jun 24 17:52:39 2026: Clustering K=7 with mcl.
Wed Jun 24 17:52:39 2026: cutoff used: 0.61
Wed Jun 24 17:52:39 2026: Executing CLUMPP for major cluster.
Wed Jun 24 17:53:18 2026: Calculating major cluster LnProb mean and standard deviation.
Wed Jun 24 17:53:18 2026: LnProb mean: -135173.66
Wed Jun 24 17:53:18 2026: LnProb standard deviation: 28.4911038747197
Wed Jun 24 17:53:18 2026: Ordering clusters by size for K=4
Wed Jun 24 17:53:18 2026: Calling distruct for K=4.MajorCluster
Wed Jun 24 17:53:20 2026: Calculating best Average Distance between K=4 and K=5..
Wed Jun 24 17:53:24 2026: Calling distruct for K=5.MajorCluster
Wed Jun 24 17:53:26 2026: Calculating best Average Distance between K=5 and K=6..
Wed Jun 24 17:53:56 2026: Calling distruct for K=6.MajorCluster
Wed Jun 24 17:53:58 2026: Calculating best Average Distance between K=6 and K=7..
Wed Jun 24 17:58:22 2026: Calling distruct for K=7.MajorCluster
Wed Jun 24 17:58:23 2026: Creating job summary PDF
Wed Jun 24 17:58:23 2026: Creating job summary PDF for K=4
Wed Jun 24 17:58:23 2026: Creating job summary PDF for K=5
Wed Jun 24 17:58:23 2026: Creating job summary PDF for K=6
Wed Jun 24 17:58:23 2026: Creating job summary PDF for K=7
Wed Jun 24 17:58:23 2026: Creating job zip file
