Wed Jun 24 17:39:14 2026: Job 1782293946 started running.
Wed Jun 24 17:39:14 2026: Job Parameters:
Wed Jun 24 17:39:14 2026: Input file: 1782293946.zip
Wed Jun 24 17:39:14 2026: Input type: STRUCTURE
Wed Jun 24 17:39:14 2026: Labels file: 1782293946.lab
Wed Jun 24 17:39:14 2026: CLUMPP repeats: 2000
Wed Jun 24 17:39:14 2026: CLUMPP search method: LargeKGreedy 
Wed Jun 24 17:39:14 2026: MCL cluster size threshold: 0.1 (default)
Wed Jun 24 17:39:14 2026: Extracting file: "1782293946.zip".
Wed Jun 24 17:39:14 2026: Sorting input files by K
Wed Jun 24 17:39:15 2026: Working on K=4
Wed Jun 24 17:39:15 2026: Executing CLUMPP for K=4.
Wed Jun 24 17:39:29 2026: Clustering K=4 with mcl.
Wed Jun 24 17:39:29 2026: cutoff used: 0.61
Wed Jun 24 17:39:29 2026: Executing CLUMPP for major cluster.
Wed Jun 24 17:39:44 2026: Calculating major cluster LnProb mean and standard deviation.
Wed Jun 24 17:39:44 2026: LnProb mean: -145160.96
Wed Jun 24 17:39:44 2026: LnProb standard deviation: 159.51068302781
Wed Jun 24 17:39:44 2026: Working on K=5
Wed Jun 24 17:39:44 2026: Executing CLUMPP for K=5.
Wed Jun 24 17:40:06 2026: Clustering K=5 with mcl.
Wed Jun 24 17:40:06 2026: cutoff used: 0.61
Wed Jun 24 17:40:06 2026: Executing CLUMPP for major cluster.
Wed Jun 24 17:40:28 2026: Calculating major cluster LnProb mean and standard deviation.
Wed Jun 24 17:40:28 2026: LnProb mean: -139928.18
Wed Jun 24 17:40:28 2026: LnProb standard deviation: 438.784334269127
Wed Jun 24 17:40:28 2026: Working on K=6
Wed Jun 24 17:40:28 2026: Executing CLUMPP for K=6.
Wed Jun 24 17:40:58 2026: Clustering K=6 with mcl.
Wed Jun 24 17:40:59 2026: no cutoff was used
Wed Jun 24 17:40:59 2026: Executing CLUMPP for major cluster.
Wed Jun 24 17:41:29 2026: Calculating major cluster LnProb mean and standard deviation.
Wed Jun 24 17:41:29 2026: LnProb mean: -136339.76
Wed Jun 24 17:41:29 2026: LnProb standard deviation: 0.65421708934188
Wed Jun 24 17:41:29 2026: Working on K=7
Wed Jun 24 17:41:29 2026: Executing CLUMPP for K=7.
Wed Jun 24 17:42:08 2026: Clustering K=7 with mcl.
Wed Jun 24 17:42:08 2026: cutoff used: 0.63
Wed Jun 24 17:42:08 2026: Executing CLUMPP for major cluster.
Wed Jun 24 17:42:48 2026: Calculating major cluster LnProb mean and standard deviation.
Wed Jun 24 17:42:48 2026: LnProb mean: -135600.18
Wed Jun 24 17:42:48 2026: LnProb standard deviation: 369.758362988588
Wed Jun 24 17:42:48 2026: Ordering clusters by size for K=4
Wed Jun 24 17:42:49 2026: Calling distruct for K=4.MajorCluster
Wed Jun 24 17:42:50 2026: Calculating best Average Distance between K=4 and K=5..
Wed Jun 24 17:42:55 2026: Calling distruct for K=5.MajorCluster
Wed Jun 24 17:42:56 2026: Calculating best Average Distance between K=5 and K=6..
Wed Jun 24 17:43:31 2026: Calling distruct for K=6.MajorCluster
Wed Jun 24 17:43:33 2026: Calculating best Average Distance between K=6 and K=7..
Wed Jun 24 17:46:53 2026: Calling distruct for K=7.MajorCluster
Wed Jun 24 17:46:53 2026: Creating job summary PDF
Wed Jun 24 17:46:53 2026: Creating job summary PDF for K=4
Wed Jun 24 17:46:53 2026: Creating job summary PDF for K=5
Wed Jun 24 17:46:53 2026: Creating job summary PDF for K=6
Wed Jun 24 17:46:53 2026: Creating job summary PDF for K=7
Wed Jun 24 17:46:53 2026: Creating job zip file
