1        1   (5)      1  : 0.9770 0.0230
2        2   (5)      1  : 0.9560 0.0440
3        3   (5)      1  : 0.9828 0.0172
4        4   (0)      1  : 0.9778 0.0222
5        5   (0)      1  : 0.9600 0.0400
6        6   (0)      1  : 0.9810 0.0190
7        7   (0)      1  : 0.9680 0.0320
8        8   (5)      1  : 0.9780 0.0220
9        9   (0)      1  : 0.9820 0.0180
10       10   (0)      1  : 0.9584 0.0416
11       11   (0)      1  : 0.9800 0.0200
12       12   (0)      1  : 0.9650 0.0350
13       13   (0)      1  : 0.9640 0.0360
14       14   (0)      1  : 0.9760 0.0240
15       15   (0)      1  : 0.9810 0.0190
16       16   (0)      1  : 0.9830 0.0170
17       17   (0)      1  : 0.9840 0.0160
18       18   (0)      1  : 0.9750 0.0250
19       19   (0)      1  : 0.9390 0.0610
20       20   (0)      1  : 0.9456 0.0544
21       21   (0)      1  : 0.9780 0.0220
22       22   (0)      1  : 0.9860 0.0140
23       23   (0)      1  : 0.9830 0.0170
24       24   (0)      1  : 0.9680 0.0320
25       25   (0)      1  : 0.9590 0.0410
26       26   (0)      1  : 0.9660 0.0340
27       27   (5)      1  : 0.9730 0.0270
28       28   (0)      1  : 0.9860 0.0140
29       29   (0)      1  : 0.9792 0.0208
30       30   (0)      1  : 0.9410 0.0590
31       31   (0)      1  : 0.9830 0.0170
32       32   (0)      1  : 0.9720 0.0280
33       33   (0)      1  : 0.9820 0.0180
34       34   (0)      1  : 0.9850 0.0150
35       35   (0)      1  : 0.9672 0.0328
36       36   (0)      1  : 0.9750 0.0250
37       37   (0)      1  : 0.9672 0.0328
38       38   (0)      1  : 0.9610 0.0390
39       39   (0)      1  : 0.9740 0.0260
40       40   (0)      1  : 0.9700 0.0300
41       41   (0)      1  : 0.9800 0.0200
42       42   (0)      1  : 0.9860 0.0140
43       43   (0)      1  : 0.9830 0.0170
44       44   (0)      1  : 0.9860 0.0140
45       45   (5)      1  : 0.9650 0.0350
46       46   (0)      1  : 0.9880 0.0120
47       47   (0)      1  : 0.9860 0.0140
48       48   (0)      1  : 0.9800 0.0200
49       49   (0)      1  : 0.9630 0.0370
50       50   (0)      1  : 0.9780 0.0220
51       51   (0)      1  : 0.9680 0.0320
52       52   (0)      1  : 0.9126 0.0874
53       53   (0)      1  : 0.9810 0.0190
54       54   (0)      1  : 0.9860 0.0140
55       55   (0)      1  : 0.9820 0.0180
56       56   (0)      1  : 0.9810 0.0190
57       57  (10)      1  : 0.9690 0.0310
58       58   (5)      1  : 0.9730 0.0270
59       59   (0)      1  : 0.9720 0.0280
60       60   (0)      1  : 0.9830 0.0170
61       61   (0)      1  : 0.9780 0.0220
62       62   (0)      1  : 0.9810 0.0190
63       63   (0)      1  : 0.9800 0.0200
64       64   (0)      1  : 0.9840 0.0160
65       65   (0)      1  : 0.9130 0.0870
66       66   (0)      1  : 0.9800 0.0200
67       67   (5)      1  : 0.9568 0.0432
68       68   (0)      1  : 0.9790 0.0210
69       69   (0)      1  : 0.9850 0.0150
70       70   (0)      1  : 0.9784 0.0216
71       71   (5)      1  : 0.9740 0.0260
72       72   (0)      1  : 0.9632 0.0368
73       73   (5)      1  : 0.9830 0.0170
74       74  (10)      1  : 0.9640 0.0360
75       75  (10)      1  : 0.9476 0.0524
76       76   (0)      1  : 0.9770 0.0230
77       77  (10)      1  : 0.9710 0.0290
78       78   (0)      1  : 0.9680 0.0320
79       79   (5)      1  : 0.9816 0.0184
80       80   (0)      1  : 0.9830 0.0170
81       81   (0)      1  : 0.9790 0.0210
82       82   (0)      1  : 0.9830 0.0170
83       83   (0)      1  : 0.9770 0.0230
84       84   (0)      1  : 0.9718 0.0282
85       85   (0)      1  : 0.9840 0.0160
86       86   (5)      1  : 0.9810 0.0190
87       87   (0)      1  : 0.9810 0.0190
88       88   (0)      1  : 0.9502 0.0498
89       89   (0)      1  : 0.9314 0.0686
90       90   (0)      1  : 0.9790 0.0210
91       91   (0)      1  : 0.9730 0.0270
92       92   (0)      1  : 0.9780 0.0220
93       93   (0)      1  : 0.9830 0.0170
94       94   (5)      1  : 0.9514 0.0486
95       95   (0)      1  : 0.9780 0.0220
96       96   (5)      1  : 0.9800 0.0200
97       97   (0)      1  : 0.9850 0.0150
98       98   (0)      1  : 0.9706 0.0294
99       99   (5)      1  : 0.9730 0.0270
100      100   (5)      1  : 0.9840 0.0160
101      101   (0)      2  : 0.9780 0.0220
102      102   (0)      2  : 0.8774 0.1226
103      103   (0)      2  : 0.9320 0.0680
104      104   (0)      2  : 0.9692 0.0308
105      105   (0)      2  : 0.9610 0.0390
106      106   (0)      2  : 0.8558 0.1442
107      107   (0)      2  : 0.8980 0.1020
108      108   (0)      2  : 0.9074 0.0926
109      109   (0)      2  : 0.9644 0.0356
110      110   (0)      2  : 0.8340 0.1660
111      111   (0)      2  : 0.9702 0.0298
112      112   (0)      2  : 0.9722 0.0278
113      113   (0)      2  : 0.9204 0.0796
114      114   (0)      2  : 0.9540 0.0460
115      115   (0)      2  : 0.6702 0.3298
116      116   (0)      2  : 0.9240 0.0760
117      117   (0)      2  : 0.9720 0.0280
118      118   (0)      2  : 0.9700 0.0300
119      119   (0)      2  : 0.8488 0.1512
120      120   (0)      2  : 0.8574 0.1426
121      121   (0)      2  : 0.8618 0.1382
122      122   (0)      2  : 0.9780 0.0220
123      123   (0)      2  : 0.9226 0.0774
124      124   (0)      2  : 0.9454 0.0546
125      125   (0)      2  : 0.7694 0.2306
126      126   (0)      2  : 0.8578 0.1422
127      127   (0)      2  : 0.9360 0.0640
128      128   (0)      2  : 0.9178 0.0822
129      129   (0)      2  : 0.9372 0.0628
130      130   (0)      2  : 0.9610 0.0390
131      131   (0)      2  : 0.8990 0.1010
132      132   (0)      2  : 0.9820 0.0180
133      133   (0)      2  : 0.8818 0.1182
134      134   (0)      2  : 0.9110 0.0890
135      135   (0)      2  : 0.9112 0.0888
136      136   (0)      2  : 0.9388 0.0612
137      137   (0)      2  : 0.9600 0.0400
138      138   (0)      2  : 0.9102 0.0898
139      139   (0)      2  : 0.9044 0.0956
140      140   (0)      2  : 0.9692 0.0308
141      141   (0)      2  : 0.9290 0.0710
142      142   (0)      2  : 0.9750 0.0250
143      143   (0)      2  : 0.9410 0.0590
144      144   (0)      2  : 0.8222 0.1778
145      145   (0)      2  : 0.9620 0.0380
146      146   (0)      2  : 0.8196 0.1804
147      147   (0)      2  : 0.9210 0.0790
148      148   (0)      2  : 0.7990 0.2010
149      149   (0)      2  : 0.9450 0.0550
150      150   (0)      2  : 0.9690 0.0310
151      151   (0)      2  : 0.9600 0.0400
152      152   (0)      2  : 0.9588 0.0412
153      153   (0)      2  : 0.8926 0.1074
154      154   (0)      2  : 0.9530 0.0470
155      155   (0)      2  : 0.9662 0.0338
156      156   (0)      2  : 0.9106 0.0894
157      157   (0)      2  : 0.9048 0.0952
158      158   (0)      2  : 0.9440 0.0560
159      159   (0)      2  : 0.9650 0.0350
160      160   (0)      2  : 0.9068 0.0932
161      161   (0)      2  : 0.9730 0.0270
162      162   (0)      2  : 0.9540 0.0460
163      163   (0)      2  : 0.8464 0.1536
164      164   (0)      2  : 0.9680 0.0320
165      165   (0)      2  : 0.9242 0.0758
166      166   (0)      2  : 0.9750 0.0250
167      167   (0)      2  : 0.8012 0.1988
168      168   (0)      2  : 0.9690 0.0310
169      169   (0)      2  : 0.9428 0.0572
170      170   (0)      2  : 0.9546 0.0454
171      171   (0)      2  : 0.9690 0.0310
172      172   (0)      2  : 0.9378 0.0622
173      173   (0)      2  : 0.9750 0.0250
174      174   (0)      2  : 0.9520 0.0480
175      175   (0)      2  : 0.9600 0.0400
176      176   (0)      2  : 0.8920 0.1080
177      177   (0)      2  : 0.9382 0.0618
178      178   (0)      2  : 0.8756 0.1244
179      179   (0)      2  : 0.9360 0.0640
180      180   (0)      2  : 0.9840 0.0160
181      181   (0)      2  : 0.9470 0.0530
182      182   (0)      2  : 0.9418 0.0582
183      183   (0)      2  : 0.9622 0.0378
184      184   (0)      2  : 0.9498 0.0502
185      185   (0)      2  : 0.8466 0.1534
186      186   (0)      2  : 0.7262 0.2738
187      187   (0)      2  : 0.8740 0.1260
188      188   (0)      2  : 0.9440 0.0560
189      189   (0)      2  : 0.9410 0.0590
190      190   (0)      2  : 0.8770 0.1230
191      191   (0)      2  : 0.8922 0.1078
192      192   (0)      2  : 0.9640 0.0360
193      193   (0)      2  : 0.8872 0.1128
194      194   (0)      2  : 0.9460 0.0540
195      195   (0)      2  : 0.9820 0.0180
196      196   (0)      2  : 0.8688 0.1312
197      197   (0)      2  : 0.9620 0.0380
198      198   (0)      2  : 0.8498 0.1502
199      199   (0)      2  : 0.8686 0.1314
200      200   (0)      2  : 0.8682 0.1318
201      201   (0)      3  : 0.9322 0.0678
202      202   (0)      3  : 0.5550 0.4450
203      203   (0)      3  : 0.7092 0.2908
204      204   (0)      3  : 0.7042 0.2958
205      205   (0)      3  : 0.7880 0.2120
206      206   (0)      3  : 0.9180 0.0820
207      207   (0)      3  : 0.9098 0.0902
208      208   (0)      3  : 0.7326 0.2674
209      209   (0)      3  : 0.9062 0.0938
210      210   (0)      3  : 0.9392 0.0608
211      211   (0)      3  : 0.9050 0.0950
212      212   (0)      3  : 0.9018 0.0982
213      213   (0)      3  : 0.9136 0.0864
214      214   (0)      3  : 0.7704 0.2296
215      215   (0)      3  : 0.8502 0.1498
216      216   (0)      3  : 0.8888 0.1112
217      217   (0)      3  : 0.5556 0.4444
218      218   (0)      3  : 0.7570 0.2430
219      219   (0)      3  : 0.7860 0.2140
220      220   (0)      3  : 0.5974 0.4026
221      221   (0)      3  : 0.9490 0.0510
222      222   (0)      3  : 0.6754 0.3246
223      223   (0)      3  : 0.6892 0.3108
224      224   (0)      3  : 0.8190 0.1810
225      225   (0)      3  : 0.8514 0.1486
226      226   (0)      3  : 0.6438 0.3562
227      227   (0)      3  : 0.9216 0.0784
228      228   (0)      3  : 0.8014 0.1986
229      229   (0)      3  : 0.9270 0.0730
230      230   (0)      3  : 0.9466 0.0534
231      231   (0)      3  : 0.8986 0.1014
232      232   (0)      3  : 0.7922 0.2078
233      233   (0)      3  : 0.9620 0.0380
234      234   (0)      3  : 0.9400 0.0600
235      235   (0)      3  : 0.7812 0.2188
236      236   (0)      3  : 0.8478 0.1522
237      237   (0)      3  : 0.6800 0.3200
238      238   (0)      3  : 0.6960 0.3040
239      239   (0)      3  : 0.5672 0.4328
240      240   (0)      3  : 0.9624 0.0376
241      241   (0)      3  : 0.7312 0.2688
242      242   (0)      3  : 0.7942 0.2058
243      243   (0)      3  : 0.6286 0.3714
244      244   (0)      3  : 0.9510 0.0490
245      245   (0)      3  : 0.8260 0.1740
246      246   (0)      3  : 0.8084 0.1916
247      247   (0)      3  : 0.7982 0.2018
248      248   (0)      3  : 0.7170 0.2830
249      249   (0)      3  : 0.9710 0.0290
250      250   (0)      3  : 0.8548 0.1452
251      251   (0)      3  : 0.7900 0.2100
252      252   (0)      3  : 0.7432 0.2568
253      253   (0)      3  : 0.7578 0.2422
254      254   (0)      3  : 0.7330 0.2670
255      255   (0)      3  : 0.8176 0.1824
256      256   (0)      3  : 0.7476 0.2524
257      257   (0)      3  : 0.6142 0.3858
258      258   (0)      3  : 0.9608 0.0392
259      259   (0)      3  : 0.7522 0.2478
260      260   (0)      3  : 0.7684 0.2316
261      261   (0)      3  : 0.6972 0.3028
262      262   (0)      3  : 0.6738 0.3262
263      263   (0)      3  : 0.6780 0.3220
264      264   (0)      3  : 0.5700 0.4300
265      265   (0)      3  : 0.6744 0.3256
266      266   (0)      3  : 0.7430 0.2570
267      267   (0)      3  : 0.8666 0.1334
268      268   (0)      3  : 0.9342 0.0658
269      269   (0)      3  : 0.8252 0.1748
270      270   (0)      3  : 0.8354 0.1646
271      271   (0)      3  : 0.7904 0.2096
272      272   (0)      3  : 0.6460 0.3540
273      273   (0)      3  : 0.7982 0.2018
274      274   (0)      3  : 0.9096 0.0904
275      275   (0)      3  : 0.8794 0.1206
276      276   (0)      3  : 0.9450 0.0550
277      277   (0)      3  : 0.8560 0.1440
278      278   (0)      3  : 0.8470 0.1530
279      279   (0)      3  : 0.8580 0.1420
280      280   (0)      3  : 0.9432 0.0568
281      281   (0)      3  : 0.7102 0.2898
282      282   (0)      3  : 0.6170 0.3830
283      283   (0)      3  : 0.9730 0.0270
284      284   (0)      3  : 0.7422 0.2578
285      285   (0)      3  : 0.8196 0.1804
286      286   (0)      3  : 0.8576 0.1424
287      287   (0)      3  : 0.9500 0.0500
288      288   (0)      3  : 0.7288 0.2712
289      289   (0)      3  : 0.8028 0.1972
290      290   (0)      3  : 0.9700 0.0300
291      291   (0)      3  : 0.9372 0.0628
292      292   (0)      3  : 0.7696 0.2304
293      293   (0)      3  : 0.8154 0.1846
294      294   (0)      3  : 0.7716 0.2284
295      295   (0)      3  : 0.6990 0.3010
296      296   (0)      3  : 0.7878 0.2122
297      297   (0)      3  : 0.9490 0.0510
298      298   (0)      3  : 0.8508 0.1492
299      299   (0)      3  : 0.9630 0.0370
300      300   (0)      3  : 0.5934 0.4066
301      301   (0)      4  : 0.3700 0.6300
302      302   (0)      4  : 0.4920 0.5080
303      303   (0)      4  : 0.4980 0.5020
304      304   (0)      4  : 0.6360 0.3640
305      305   (0)      4  : 0.5376 0.4624
306      306   (0)      4  : 0.4680 0.5320
307      307   (0)      4  : 0.4182 0.5818
308      308   (0)      4  : 0.3290 0.6710
309      309   (0)      4  : 0.4052 0.5948
310      310   (0)      4  : 0.5760 0.4240
311      311   (0)      4  : 0.4272 0.5728
312      312   (0)      4  : 0.4342 0.5658
313      313   (0)      4  : 0.4820 0.5180
314      314   (0)      4  : 0.6434 0.3566
315      315   (0)      4  : 0.5278 0.4722
316      316   (0)      4  : 0.5546 0.4454
317      317   (0)      4  : 0.4876 0.5124
318      318   (0)      4  : 0.3944 0.6056
319      319   (0)      4  : 0.5612 0.4388
320      320   (0)      4  : 0.4580 0.5420
321      321   (0)      4  : 0.4890 0.5110
322      322   (0)      4  : 0.5466 0.4534
323      323   (0)      4  : 0.4720 0.5280
324      324   (0)      4  : 0.4252 0.5748
325      325   (0)      4  : 0.4900 0.5100
326      326   (0)      4  : 0.3830 0.6170
327      327   (0)      4  : 0.5420 0.4580
328      328   (0)      4  : 0.4760 0.5240
329      329   (0)      4  : 0.4012 0.5988
330      330   (0)      4  : 0.5272 0.4728
331      331   (0)      4  : 0.5150 0.4850
332      332   (0)      4  : 0.5162 0.4838
333      333   (0)      4  : 0.5080 0.4920
334      334   (0)      4  : 0.5450 0.4550
335      335   (0)      4  : 0.6164 0.3836
336      336   (0)      4  : 0.4970 0.5030
337      337   (0)      4  : 0.3284 0.6716
338      338   (0)      4  : 0.3352 0.6648
339      339   (0)      4  : 0.5888 0.4112
340      340   (0)      4  : 0.5122 0.4878
341      341   (0)      4  : 0.5218 0.4782
342      342   (0)      4  : 0.4480 0.5520
343      343   (0)      4  : 0.3652 0.6348
344      344   (0)      4  : 0.6668 0.3332
345      345   (0)      4  : 0.4390 0.5610
346      346   (0)      4  : 0.4930 0.5070
347      347   (0)      4  : 0.4360 0.5640
348      348   (0)      4  : 0.5490 0.4510
349      349   (0)      4  : 0.6054 0.3946
350      350   (0)      4  : 0.3930 0.6070
351      351   (0)      4  : 0.5994 0.4006
352      352   (0)      4  : 0.5330 0.4670
353      353   (0)      4  : 0.4816 0.5184
354      354   (0)      4  : 0.4640 0.5360
355      355   (0)      4  : 0.4190 0.5810
356      356   (0)      4  : 0.5192 0.4808
357      357   (0)      4  : 0.4700 0.5300
358      358   (0)      4  : 0.4032 0.5968
359      359   (0)      4  : 0.5560 0.4440
360      360   (0)      4  : 0.5696 0.4304
361      361   (0)      4  : 0.5374 0.4626
362      362   (0)      4  : 0.5796 0.4204
363      363   (0)      4  : 0.4192 0.5808
364      364   (0)      4  : 0.4790 0.5210
365      365   (0)      4  : 0.5944 0.4056
366      366   (0)      4  : 0.5316 0.4684
367      367   (0)      4  : 0.4160 0.5840
368      368   (0)      4  : 0.5552 0.4448
369      369   (0)      4  : 0.5590 0.4410
370      370   (0)      4  : 0.6804 0.3196
371      371   (0)      4  : 0.4046 0.5954
372      372   (0)      4  : 0.5002 0.4998
373      373   (0)      4  : 0.4862 0.5138
374      374   (0)      4  : 0.5672 0.4328
375      375   (0)      4  : 0.5124 0.4876
376      376   (0)      4  : 0.5058 0.4942
377      377   (0)      4  : 0.6082 0.3918
378      378   (0)      4  : 0.4876 0.5124
379      379   (0)      4  : 0.5550 0.4450
380      380   (0)      4  : 0.5550 0.4450
381      381   (0)      4  : 0.4560 0.5440
382      382   (0)      4  : 0.4420 0.5580
383      383   (0)      4  : 0.4360 0.5640
384      384   (0)      4  : 0.5470 0.4530
385      385   (0)      4  : 0.5010 0.4990
386      386   (0)      4  : 0.4032 0.5968
387      387   (0)      4  : 0.4002 0.5998
388      388   (0)      4  : 0.5020 0.4980
389      389   (0)      4  : 0.4760 0.5240
390      390   (0)      4  : 0.5200 0.4800
391      391   (0)      4  : 0.5410 0.4590
392      392   (0)      4  : 0.5406 0.4594
393      393   (0)      4  : 0.4320 0.5680
394      394   (0)      4  : 0.6140 0.3860
395      395   (0)      4  : 0.5658 0.4342
396      396   (0)      4  : 0.6680 0.3320
397      397   (0)      4  : 0.5620 0.4380
398      398   (0)      4  : 0.6300 0.3700
399      399   (0)      4  : 0.4122 0.5878
400      400   (0)      4  : 0.5118 0.4882
401      401   (0)      5  : 0.0740 0.9260
402      402   (0)      5  : 0.1650 0.8350
403      403   (0)      5  : 0.3580 0.6420
404      404   (0)      5  : 0.2034 0.7966
405      405   (0)      5  : 0.2130 0.7870
406      406   (0)      5  : 0.2650 0.7350
407      407   (0)      5  : 0.2466 0.7534
408      408   (0)      5  : 0.1790 0.8210
409      409   (0)      5  : 0.2660 0.7340
410      410   (0)      5  : 0.2092 0.7908
411      411   (0)      5  : 0.1494 0.8506
412      412   (0)      5  : 0.2650 0.7350
413      413   (0)      5  : 0.0280 0.9720
414      414   (0)      5  : 0.0890 0.9110
415      415   (0)      5  : 0.3700 0.6300
416      416   (0)      5  : 0.1840 0.8160
417      417   (0)      5  : 0.3070 0.6930
418      418   (0)      5  : 0.4122 0.5878
419      419   (0)      5  : 0.2148 0.7852
420      420   (0)      5  : 0.1202 0.8798
421      421   (0)      5  : 0.3364 0.6636
422      422   (0)      5  : 0.1410 0.8590
423      423   (0)      5  : 0.3040 0.6960
424      424   (0)      5  : 0.1272 0.8728
425      425   (0)      5  : 0.2828 0.7172
426      426   (0)      5  : 0.1812 0.8188
427      427   (0)      5  : 0.2948 0.7052
428      428   (0)      5  : 0.3452 0.6548
429      429   (0)      5  : 0.1930 0.8070
430      430   (0)      5  : 0.0848 0.9152
431      431   (0)      5  : 0.2924 0.7076
432      432   (0)      5  : 0.4998 0.5002
433      433   (0)      5  : 0.2130 0.7870
434      434   (0)      5  : 0.1206 0.8794
435      435   (0)      5  : 0.1382 0.8618
436      436   (0)      5  : 0.1280 0.8720
437      437   (0)      5  : 0.3910 0.6090
438      438   (0)      5  : 0.2748 0.7252
439      439   (0)      5  : 0.2574 0.7426
440      440   (0)      5  : 0.1010 0.8990
441      441   (0)      5  : 0.2074 0.7926
442      442   (0)      5  : 0.0930 0.9070
443      443   (0)      5  : 0.2550 0.7450
444      444   (0)      5  : 0.2530 0.7470
445      445   (0)      5  : 0.2350 0.7650
446      446   (0)      5  : 0.0420 0.9580
447      447   (0)      5  : 0.2786 0.7214
448      448   (0)      5  : 0.1810 0.8190
449      449   (0)      5  : 0.0542 0.9458
450      450   (0)      5  : 0.3726 0.6274
451      451   (0)      5  : 0.3718 0.6282
452      452   (0)      5  : 0.1310 0.8690
453      453   (0)      5  : 0.2886 0.7114
454      454   (0)      5  : 0.0480 0.9520
455      455   (0)      5  : 0.1328 0.8672
456      456   (0)      5  : 0.1824 0.8176
457      457   (0)      5  : 0.0416 0.9584
458      458   (0)      5  : 0.0992 0.9008
459      459   (0)      5  : 0.1982 0.8018
460      460   (0)      5  : 0.0710 0.9290
461      461   (0)      5  : 0.2040 0.7960
462      462   (0)      5  : 0.3136 0.6864
463      463   (0)      5  : 0.1492 0.8508
464      464   (0)      5  : 0.2462 0.7538
465      465   (0)      5  : 0.2970 0.7030
466      466   (0)      5  : 0.1064 0.8936
467      467   (0)      5  : 0.1850 0.8150
468      468   (0)      5  : 0.1544 0.8456
469      469   (0)      5  : 0.3164 0.6836
470      470   (0)      5  : 0.1990 0.8010
471      471   (0)      5  : 0.2910 0.7090
472      472   (0)      5  : 0.0620 0.9380
473      473   (0)      5  : 0.2664 0.7336
474      474   (0)      5  : 0.4078 0.5922
475      475   (0)      5  : 0.1982 0.8018
476      476   (0)      5  : 0.3008 0.6992
477      477   (0)      5  : 0.2520 0.7480
478      478   (0)      5  : 0.0450 0.9550
479      479   (0)      5  : 0.0644 0.9356
480      480   (0)      5  : 0.1780 0.8220
481      481   (0)      5  : 0.2190 0.7810
482      482   (0)      5  : 0.1006 0.8994
483      483   (0)      5  : 0.2970 0.7030
484      484   (0)      5  : 0.1832 0.8168
485      485   (0)      5  : 0.0320 0.9680
486      486   (0)      5  : 0.3750 0.6250
487      487   (0)      5  : 0.1272 0.8728
488      488   (0)      5  : 0.1554 0.8446
489      489   (0)      5  : 0.3040 0.6960
490      490   (0)      5  : 0.3150 0.6850
491      491   (0)      5  : 0.0590 0.9410
492      492   (0)      5  : 0.1444 0.8556
493      493   (0)      5  : 0.1740 0.8260
494      494   (0)      5  : 0.1042 0.8958
495      495   (0)      5  : 0.1900 0.8100
496      496   (0)      5  : 0.2758 0.7242
497      497   (0)      5  : 0.0942 0.9058
498      498   (0)      5  : 0.2160 0.7840
499      499   (0)      5  : 0.2300 0.7700
500      500   (0)      5  : 0.3000 0.7000
501      501   (0)      6  : 0.0130 0.9870
502      502   (0)      6  : 0.0760 0.9240
503      503   (0)      6  : 0.1294 0.8706
504      504   (0)      6  : 0.0650 0.9350
505      505   (0)      6  : 0.0600 0.9400
506      506   (0)      6  : 0.1254 0.8746
507      507   (0)      6  : 0.0720 0.9280
508      508   (0)      6  : 0.0540 0.9460
509      509   (0)      6  : 0.0900 0.9100
510      510   (0)      6  : 0.0300 0.9700
511      511   (0)      6  : 0.0240 0.9760
512      512   (0)      6  : 0.0288 0.9712
513      513   (0)      6  : 0.1020 0.8980
514      514   (0)      6  : 0.1038 0.8962
515      515   (0)      6  : 0.0490 0.9510
516      516   (0)      6  : 0.0260 0.9740
517      517   (0)      6  : 0.0190 0.9810
518      518   (0)      6  : 0.0420 0.9580
519      519   (0)      6  : 0.0352 0.9648
520      520   (0)      6  : 0.0190 0.9810
521      521   (0)      6  : 0.0550 0.9450
522      522   (0)      6  : 0.0250 0.9750
523      523   (0)      6  : 0.0620 0.9380
524      524   (0)      6  : 0.0156 0.9844
525      525   (0)      6  : 0.2084 0.7916
526      526   (0)      6  : 0.2150 0.7850
527      527   (0)      6  : 0.0790 0.9210
528      528   (0)      6  : 0.0434 0.9566
529      529   (0)      6  : 0.2406 0.7594
530      530   (0)      6  : 0.1990 0.8010
531      531   (0)      6  : 0.1808 0.8192
532      532   (0)      6  : 0.0860 0.9140
533      533   (0)      6  : 0.0460 0.9540
534      534   (0)      6  : 0.1480 0.8520
535      535   (0)      6  : 0.0562 0.9438
536      536   (0)      6  : 0.0524 0.9476
537      537   (0)      6  : 0.0270 0.9730
538      538   (0)      6  : 0.1654 0.8346
539      539   (0)      6  : 0.0440 0.9560
540      540   (0)      6  : 0.1542 0.8458
541      541   (0)      6  : 0.0636 0.9364
542      542   (0)      6  : 0.1150 0.8850
543      543   (0)      6  : 0.2150 0.7850
544      544   (0)      6  : 0.1038 0.8962
545      545   (0)      6  : 0.0270 0.9730
546      546   (0)      6  : 0.0320 0.9680
547      547   (0)      6  : 0.2730 0.7270
548      548   (0)      6  : 0.1130 0.8870
549      549   (0)      6  : 0.0280 0.9720
550      550   (0)      6  : 0.0960 0.9040
551      551   (0)      6  : 0.0400 0.9600
552      552   (0)      6  : 0.0318 0.9682
553      553   (0)      6  : 0.0702 0.9298
554      554   (0)      6  : 0.0332 0.9668
555      555   (0)      6  : 0.1466 0.8534
556      556   (0)      6  : 0.1230 0.8770
557      557   (0)      6  : 0.0480 0.9520
558      558   (0)      6  : 0.0980 0.9020
559      559   (0)      6  : 0.0180 0.9820
560      560   (0)      6  : 0.1982 0.8018
561      561   (0)      6  : 0.0570 0.9430
562      562   (0)      6  : 0.0496 0.9504
563      563   (0)      6  : 0.0792 0.9208
564      564   (0)      6  : 0.0260 0.9740
565      565   (0)      6  : 0.1600 0.8400
566      566   (0)      6  : 0.0450 0.9550
567      567   (0)      6  : 0.0580 0.9420
568      568   (0)      6  : 0.0610 0.9390
569      569   (0)      6  : 0.0190 0.9810
570      570   (0)      6  : 0.0490 0.9510
571      571   (0)      6  : 0.0302 0.9698
572      572   (0)      6  : 0.0960 0.9040
573      573   (0)      6  : 0.0272 0.9728
574      574   (0)      6  : 0.0678 0.9322
575      575   (0)      6  : 0.0200 0.9800
576      576   (0)      6  : 0.1038 0.8962
577      577   (0)      6  : 0.1140 0.8860
578      578   (0)      6  : 0.0870 0.9130
579      579   (0)      6  : 0.0944 0.9056
580      580   (0)      6  : 0.0880 0.9120
581      581   (0)      6  : 0.1542 0.8458
582      582   (0)      6  : 0.0240 0.9760
583      583   (0)      6  : 0.1628 0.8372
584      584   (0)      6  : 0.0788 0.9212
585      585   (0)      6  : 0.0180 0.9820
586      586   (0)      6  : 0.1920 0.8080
587      587   (0)      6  : 0.0552 0.9448
588      588   (0)      6  : 0.0490 0.9510
589      589   (0)      6  : 0.0708 0.9292
590      590   (0)      6  : 0.0220 0.9780
591      591   (0)      6  : 0.1208 0.8792
592      592   (0)      6  : 0.0354 0.9646
593      593   (0)      6  : 0.0480 0.9520
594      594   (0)      6  : 0.0932 0.9068
595      595   (0)      6  : 0.0140 0.9860
596      596   (0)      6  : 0.0560 0.9440
597      597   (0)      6  : 0.0574 0.9426
598      598   (0)      6  : 0.2402 0.7598
599      599   (0)      6  : 0.0440 0.9560
600      600   (0)      6  : 0.1020 0.8980
601      601   (5)      7  : 0.0270 0.9730
602      602   (0)      7  : 0.0310 0.9690
603      603   (0)      7  : 0.0150 0.9850
604      604   (0)      7  : 0.0370 0.9630
605      605   (0)      7  : 0.0180 0.9820
606      606   (0)      7  : 0.0190 0.9810
607      607   (0)      7  : 0.0130 0.9870
608      608   (0)      7  : 0.0180 0.9820
609      609   (0)      7  : 0.0394 0.9606
610      610   (0)      7  : 0.0160 0.9840
611      611   (0)      7  : 0.0120 0.9880
612      612   (0)      7  : 0.0160 0.9840
613      613   (0)      7  : 0.0270 0.9730
614      614   (5)      7  : 0.0130 0.9870
615      615   (0)      7  : 0.0156 0.9844
616      616   (0)      7  : 0.0140 0.9860
617      617   (0)      7  : 0.0200 0.9800
618      618   (0)      7  : 0.0190 0.9810
619      619   (0)      7  : 0.0190 0.9810
620      620   (0)      7  : 0.0150 0.9850
621      621   (0)      7  : 0.0130 0.9870
622      622   (0)      7  : 0.0220 0.9780
623      623   (0)      7  : 0.0140 0.9860
624      624   (0)      7  : 0.0120 0.9880
625      625   (0)      7  : 0.0120 0.9880
626      626   (0)      7  : 0.0160 0.9840
627      627   (0)      7  : 0.0160 0.9840
628      628   (0)      7  : 0.0150 0.9850
629      629   (0)      8  : 0.0160 0.9840
630      630   (0)      8  : 0.0170 0.9830
631      631   (0)      8  : 0.0130 0.9870
632      632   (0)      8  : 0.0120 0.9880
633      633   (0)      8  : 0.0140 0.9860
634      634   (0)      8  : 0.0160 0.9840
635      635   (0)      8  : 0.0150 0.9850
636      636   (0)      8  : 0.0340 0.9660
637      637   (0)      8  : 0.0250 0.9750
638      638   (0)      8  : 0.0150 0.9850
639      639   (0)      8  : 0.0140 0.9860
640      640   (0)      8  : 0.0170 0.9830
641      641   (0)      8  : 0.0150 0.9850
642      642   (0)      8  : 0.0150 0.9850
643      643   (0)      8  : 0.0120 0.9880
644      644   (0)      8  : 0.0260 0.9740
645      645   (0)      8  : 0.0120 0.9880
646      646   (0)      8  : 0.0164 0.9836
647      647   (0)      8  : 0.0230 0.9770
648      648   (0)      8  : 0.0180 0.9820
649      649   (0)      8  : 0.0130 0.9870
650      650   (0)      8  : 0.0170 0.9830
651      651   (0)      8  : 0.0210 0.9790
652      652   (0)      8  : 0.0220 0.9780
653      653   (0)      8  : 0.0140 0.9860
654      654   (0)      8  : 0.0160 0.9840
655      655   (0)      8  : 0.0190 0.9810
656      656   (0)      8  : 0.0140 0.9860
657      657   (0)      8  : 0.0110 0.9890
658      658   (0)      8  : 0.0210 0.9790
659      659   (0)      8  : 0.0216 0.9784
660      660   (0)      8  : 0.0170 0.9830
661      661   (0)      8  : 0.0280 0.9720
662      662   (0)      8  : 0.0160 0.9840
663      663   (0)      8  : 0.0190 0.9810
664      664   (0)      8  : 0.0150 0.9850
665      665   (0)      8  : 0.0150 0.9850
666      666   (0)      8  : 0.0240 0.9760
667      667   (0)      8  : 0.0170 0.9830
668      668   (0)      8  : 0.0170 0.9830
669      669   (0)      8  : 0.0150 0.9850
670      670   (0)      8  : 0.0160 0.9840
671      671   (0)      8  : 0.0210 0.9790
672      672   (0)      8  : 0.0160 0.9840
673      673   (0)      8  : 0.0160 0.9840
674      674   (0)      8  : 0.0150 0.9850
675      675   (0)      8  : 0.0180 0.9820
676      676   (0)      8  : 0.0260 0.9740
677      677   (0)      8  : 0.0170 0.9830
678      678   (0)      8  : 0.0140 0.9860
679      679   (0)      8  : 0.0334 0.9666
680      680   (0)      8  : 0.0130 0.9870
681      681   (0)      8  : 0.0160 0.9840
682      682   (0)      8  : 0.0170 0.9830
683      683   (0)      8  : 0.0120 0.9880
684      684   (0)      8  : 0.0200 0.9800
685      685   (0)      8  : 0.0140 0.9860
686      686   (0)      8  : 0.0160 0.9840
687      687   (0)      8  : 0.0180 0.9820
688      688   (0)      8  : 0.0150 0.9850
689      689   (0)      8  : 0.0160 0.9840
690      690   (0)      8  : 0.0140 0.9860
691      691   (0)      8  : 0.0180 0.9820
692      692   (0)      8  : 0.0150 0.9850
693      693   (0)      8  : 0.0130 0.9870
694      694   (0)      8  : 0.0160 0.9840
695      695   (0)      8  : 0.0150 0.9850
696      696   (0)      8  : 0.0210 0.9790
697      697   (0)      8  : 0.0130 0.9870
698      698   (0)      8  : 0.0150 0.9850
699      699   (0)      8  : 0.0220 0.9780
700      700   (0)      8  : 0.0160 0.9840
