  1        1   (5)      1 :  0.0152 0.9848 
  2        2   (5)      1 :  0.0160 0.9840 
  3        3   (5)      1 :  0.0290 0.9710 
  4        4   (0)      1 :  0.0126 0.9874 
  5        5   (0)      1 :  0.0380 0.9620 
  6        6   (0)      1 :  0.0108 0.9892 
  7        7   (0)      1 :  0.0352 0.9648 
  8        8   (5)      1 :  0.0150 0.9850 
  9        9   (0)      1 :  0.0140 0.9860 
 10       10   (0)      1 :  0.0250 0.9750 
 11       11   (0)      1 :  0.0170 0.9830 
 12       12   (0)      1 :  0.0204 0.9796 
 13       13   (0)      1 :  0.0140 0.9860 
 14       14   (0)      1 :  0.0220 0.9780 
 15       15   (0)      1 :  0.0140 0.9860 
 16       16   (0)      1 :  0.0130 0.9870 
 17       17   (0)      1 :  0.0150 0.9850 
 18       18   (0)      1 :  0.0150 0.9850 
 19       19   (0)      1 :  0.0130 0.9870 
 20       20   (0)      1 :  0.0458 0.9542 
 21       21   (0)      1 :  0.0140 0.9860 
 22       22   (0)      1 :  0.0140 0.9860 
 23       23   (0)      1 :  0.0150 0.9850 
 24       24   (0)      1 :  0.0130 0.9870 
 25       25   (5)      2 :  0.1974 0.8026 
 26       26   (0)      2 :  0.1826 0.8174 
 27       27   (0)      2 :  0.0738 0.9262 
 28       28   (5)      2 :  0.0388 0.9612 
 29       29   (5)      2 :  0.0480 0.9520 
 30       30   (0)      2 :  0.2084 0.7916 
 31       31   (0)      3 :  0.3720 0.6280 
 32       32   (0)      3 :  0.2628 0.7372 
 33       33  (10)      4 :  0.0598 0.9402 
 34       34   (5)      4 :  0.0856 0.9144 
 35       35   (5)      4 :  0.0160 0.9840 
 36       36   (5)      4 :  0.1996 0.8004 
 37       37  (10)      4 :  0.0280 0.9720 
 38       38   (5)      4 :  0.0110 0.9890 
 39       39  (10)      4 :  0.0190 0.9810 
 40       40   (0)      4 :  0.1466 0.8534 
 41       41   (0)      4 :  0.0480 0.9520 
 42       42   (0)      4 :  0.1154 0.8846 
 43       43   (0)      4 :  0.0524 0.9476 
 44       44   (0)      4 :  0.0324 0.9676 
 45       45   (0)      4 :  0.0752 0.9248 
 46       46   (0)      4 :  0.0230 0.9770 
 47       47   (0)      4 :  0.0726 0.9274 
 48       48   (0)      4 :  0.0180 0.9820 
 49       49   (0)      4 :  0.0180 0.9820 
 50       50   (0)      4 :  0.0130 0.9870 
 51       51   (0)      4 :  0.2014 0.7986 
 52       52   (5)      4 :  0.3432 0.6568 
 53       53   (0)      4 :  0.0480 0.9520 
 54       54   (0)      4 :  0.0528 0.9472 
 55       55   (5)      4 :  0.0300 0.9700 
 56       56   (5)      4 :  0.3988 0.6012 
 57       57   (0)      4 :  0.0508 0.9492 
 58       58   (0)      4 :  0.2576 0.7424 
 59       59   (0)      4 :  0.1408 0.8592 
 60       60   (0)      4 :  0.2220 0.7780 
 61       61   (0)      4 :  0.8872 0.1128 
 62       62   (0)      4 :  0.3638 0.6362 
 63       63   (0)      4 :  0.8838 0.1162 
 64       64   (0)      4 :  0.1342 0.8658 
 65       65   (0)      4 :  0.3902 0.6098 
 66       66   (0)      4 :  0.1692 0.8308 
 67       67   (0)      4 :  0.2718 0.7282 
 68       68   (0)      4 :  0.5790 0.4210 
 69       69   (0)      4 :  0.0622 0.9378 
 70       70   (0)      4 :  0.9594 0.0406 
 71       71   (0)      4 :  0.3978 0.6022 
 72       72   (0)      4 :  0.3228 0.6772 
 73       73   (0)      4 :  0.0868 0.9132 
 74       74   (0)      4 :  0.1674 0.8326 
 75       75  (10)      5 :  0.8254 0.1746 
 76       76   (0)      5 :  0.8380 0.1620 
 77       77   (0)      5 :  0.5108 0.4892 
 78       78   (0)      5 :  0.8516 0.1484 
 79       79   (0)      5 :  0.9680 0.0320 
 80       80   (5)      5 :  0.6678 0.3322 
 81       81   (0)      5 :  0.8690 0.1310 
 82       82   (0)      5 :  0.9630 0.0370 
 83       83   (0)      5 :  0.9860 0.0140 
 84       84   (0)      5 :  0.1596 0.8404 
 85       85   (0)      5 :  0.7822 0.2178 
 86       86   (0)      5 :  0.9740 0.0260 
 87       87   (0)      5 :  0.9580 0.0420 
 88       88   (0)      5 :  0.9790 0.0210 
 89       89   (5)      5 :  0.9702 0.0298 
 90       90   (0)      5 :  0.9550 0.0450 
 91       91   (0)      5 :  0.9700 0.0300 
 92       92   (0)      5 :  0.9860 0.0140 
 93       93   (0)      5 :  0.9474 0.0526 
 94       94   (0)      5 :  0.9860 0.0140 
 95       95   (0)      5 :  0.8784 0.1216 
 96       96   (5)      5 :  0.9630 0.0370 
 97       97   (5)      5 :  0.9072 0.0928 
 98       98   (5)      5 :  0.5936 0.4064 
 99       99   (0)      5 :  0.8174 0.1826 
100      100   (0)      5 :  0.9256 0.0744 
101      101   (0)      5 :  0.9378 0.0622 
102      102   (0)      5 :  0.8356 0.1644 
103      103   (0)      5 :  0.9610 0.0390 
104      104   (0)      5 :  0.9648 0.0352 
105      105   (0)      5 :  0.9740 0.0260 
106      106   (0)      5 :  0.9650 0.0350 
107      107   (0)      5 :  0.9450 0.0550 
108      108   (0)      5 :  0.8268 0.1732 
109      109   (0)      5 :  0.9750 0.0250 
110      110   (0)      5 :  0.9846 0.0154 
111      111   (5)      5 :  0.9238 0.0762 
112      112   (0)      5 :  0.6868 0.3132 
113      113   (0)      5 :  0.9626 0.0374 
114      114   (0)      5 :  0.6124 0.3876 
115      115   (0)      5 :  0.9710 0.0290 
116      116   (0)      5 :  0.5004 0.4996 
117      117   (5)      5 :  0.9796 0.0204 
118      118   (5)      5 :  0.9346 0.0654 
119      119   (5)      5 :  0.9770 0.0230 
120      120   (5)      5 :  0.9648 0.0352 
121      121   (5)      5 :  0.9070 0.0930 
122      122   (5)      5 :  0.7712 0.2288 
123      123   (0)      5 :  0.5666 0.4334 
124      124   (5)      5 :  0.9718 0.0282 
125      125   (0)      5 :  0.2850 0.7150 
126      126   (0)      5 :  0.0390 0.9610 
127      127   (0)      5 :  0.9670 0.0330 
128      128   (0)      5 :  0.9830 0.0170 
129      129   (0)      5 :  0.9690 0.0310 
130      130   (0)      5 :  0.8266 0.1734 
131      131   (0)      5 :  0.7280 0.2720 
132      132   (0)      5 :  0.8702 0.1298 
133      133   (0)      5 :  0.9806 0.0194 
134      134   (0)      5 :  0.8802 0.1198 
135      135   (0)      5 :  0.6200 0.3800 
136      136   (0)      5 :  0.1788 0.8212 
137      137   (0)      5 :  0.9834 0.0166 
138      138   (0)      5 :  0.9770 0.0230 
139      139   (0)      5 :  0.9160 0.0840 
140      140   (0)      5 :  0.8650 0.1350 
141      141   (0)      5 :  0.9590 0.0410 
142      142   (0)      5 :  0.6098 0.3902 
143      143   (0)      5 :  0.9790 0.0210 
144      144   (0)      5 :  0.9174 0.0826 
145      145   (0)      5 :  0.9840 0.0160 
146      146   (0)      5 :  0.9840 0.0160 
147      147   (0)      5 :  0.8766 0.1234 
148      148   (0)      5 :  0.9538 0.0462 
149      149   (0)      5 :  0.9760 0.0240 
150      150   (0)      5 :  0.9720 0.0280 
151      151   (0)      5 :  0.9596 0.0404 
152      152   (0)      5 :  0.9450 0.0550 
153      153   (0)      5 :  0.9504 0.0496 
154      154   (0)      5 :  0.9590 0.0410 
155      155   (0)      5 :  0.4674 0.5326 
156      156   (0)      5 :  0.9730 0.0270 
157      157   (0)      5 :  0.9662 0.0338 
158      158   (0)      5 :  0.9780 0.0220 
159      159   (0)      5 :  0.9810 0.0190 
160      160   (0)      5 :  0.9790 0.0210 
161      161   (0)      5 :  0.9640 0.0360 
162      162   (0)      5 :  0.9770 0.0230 
163      163   (0)      5 :  0.8762 0.1238 
164      164   (0)      5 :  0.9530 0.0470 
165      165   (0)      5 :  0.8992 0.1008 
166      166   (0)      5 :  0.9820 0.0180 
167      167  (10)      5 :  0.5664 0.4336 
168      168   (0)      5 :  0.9850 0.0150 
169      169   (0)      5 :  0.7850 0.2150 
170      170   (0)      5 :  0.9778 0.0222 
171      171   (0)      5 :  0.9840 0.0160 
172      172   (0)      5 :  0.9730 0.0270 
173      173   (0)      5 :  0.9820 0.0180 
174      174   (0)      5 :  0.9708 0.0292 
175      175   (0)      5 :  0.9860 0.0140 
176      176   (0)      5 :  0.9790 0.0210 
177      177   (0)      5 :  0.9242 0.0758 
178      178   (0)      5 :  0.9780 0.0220 
179      179   (0)      5 :  0.9640 0.0360 
180      180   (0)      6 :  0.0786 0.9214 
181      181  (10)      6 :  0.1874 0.8126 
182      182  (10)      6 :  0.3238 0.6762 
183      183   (5)      6 :  0.9810 0.0190 
184      184   (5)      6 :  0.7882 0.2118 
185      185   (0)      6 :  0.9870 0.0130 
186      186   (5)      6 :  0.9830 0.0170 
187      187   (5)      6 :  0.9838 0.0162 
188      188   (0)      6 :  0.9772 0.0228 
189      189   (0)      6 :  0.9790 0.0210 
190      190   (0)      6 :  0.9790 0.0210 
191      191   (0)      6 :  0.4826 0.5174 
192      192   (0)      6 :  0.9820 0.0180 
193      193   (5)      6 :  0.7958 0.2042 
194      194   (5)      6 :  0.2044 0.7956 
195      195  (10)      6 :  0.5432 0.4568 
196      196   (0)      6 :  0.9710 0.0290 
197      197   (5)      6 :  0.9760 0.0240 
198      198   (5)      6 :  0.8550 0.1450 
199      199   (0)      6 :  0.9860 0.0140 
200      200   (5)      6 :  0.9760 0.0240 
201      201   (0)      6 :  0.4508 0.5492 
202      202   (5)      6 :  0.9748 0.0252 
203      203   (0)      6 :  0.9232 0.0768 
204      204   (0)      6 :  0.9830 0.0170 
205      205   (0)      6 :  0.9820 0.0180 
206      206   (0)      6 :  0.9830 0.0170 
207      207   (0)      6 :  0.9214 0.0786 
208      208   (0)      6 :  0.9840 0.0160 
209      209   (0)      6 :  0.9788 0.0212 
210      210   (0)      6 :  0.9860 0.0140 
211      211   (0)      6 :  0.9760 0.0240 
212      212   (0)      6 :  0.9820 0.0180 
213      213   (0)      6 :  0.7086 0.2914 
214      214   (0)      6 :  0.4532 0.5468 
215      215   (0)      6 :  0.4744 0.5256 
216      216   (0)      6 :  0.4686 0.5314 
217      217   (0)      6 :  0.5942 0.4058 
218      218   (5)      6 :  0.9640 0.0360 
219      219   (5)      6 :  0.9820 0.0180 
220      220   (0)      6 :  0.9510 0.0490 
221      221  (15)      6 :  0.4352 0.5648 
222      222  (10)      6 :  0.9752 0.0248 
223      223  (10)      6 :  0.7002 0.2998 
224      224  (10)      6 :  0.7942 0.2058 
225      225   (5)      6 :  0.9750 0.0250 
226      226   (5)      6 :  0.1834 0.8166 
227      227   (5)      6 :  0.1642 0.8358 
228      228   (5)      6 :  0.9852 0.0148 
229      229   (5)      6 :  0.8180 0.1820 
230      230   (5)      6 :  0.1230 0.8770 
231      231  (15)      6 :  0.1922 0.8078 
232      232   (5)      6 :  0.0920 0.9080 
233      233   (5)      6 :  0.2382 0.7618 
234      234  (15)      6 :  0.2104 0.7896 
235      235   (5)      6 :  0.2668 0.7332 
236      236   (5)      6 :  0.2738 0.7262 
237      237   (5)      6 :  0.6280 0.3720 
238      238   (5)      6 :  0.9860 0.0140 
239      239  (10)      6 :  0.9650 0.0350 
240      240   (5)      6 :  0.9720 0.0280 
241      241   (5)      6 :  0.9656 0.0344 
242      242  (10)      6 :  0.9628 0.0372 
243      243  (10)      6 :  0.4438 0.5562 
244      244  (10)      6 :  0.2806 0.7194 
245      245  (10)      6 :  0.2248 0.7752 
246      246   (5)      6 :  0.4732 0.5268 
247      247  (10)      6 :  0.2992 0.7008 
248      248   (0)      6 :  0.9830 0.0170 
249      249   (5)      6 :  0.9810 0.0190 
250      250   (0)      6 :  0.5320 0.4680 
251      251   (0)      6 :  0.9144 0.0856 
252      252   (0)      6 :  0.2348 0.7652 
253      253   (0)      6 :  0.7918 0.2082 
254      254   (0)      6 :  0.1654 0.8346 
255      255   (0)      6 :  0.6486 0.3514 
256      256   (0)      6 :  0.5502 0.4498 
257      257  (10)      6 :  0.2950 0.7050 
258      258  (10)      6 :  0.3866 0.6134 
259      259   (0)      6 :  0.0826 0.9174 
260      260   (5)      6 :  0.2282 0.7718 
261      261   (0)      6 :  0.0954 0.9046 
262      262   (5)      6 :  0.0956 0.9044 
263      263   (5)      6 :  0.9650 0.0350 
264      264   (5)      6 :  0.8206 0.1794 
265      265  (10)      6 :  0.6666 0.3334 
266      266   (0)      6 :  0.9412 0.0588 
267      267   (0)      6 :  0.7550 0.2450 
268      268   (0)      6 :  0.0388 0.9612 
269      269   (0)      6 :  0.9620 0.0380 
270      270   (0)      6 :  0.8344 0.1656 
271      271   (0)      6 :  0.9670 0.0330 
272      272   (0)      6 :  0.9720 0.0280 
273      273   (0)      6 :  0.1080 0.8920 
274      274   (0)      6 :  0.9718 0.0282 
275      275   (0)      6 :  0.0704 0.9296 
276      276   (0)      6 :  0.3154 0.6846 
277      277   (0)      6 :  0.2398 0.7602 
278      278   (0)      6 :  0.1168 0.8832 
279      279   (0)      6 :  0.1720 0.8280 
280      280   (0)      6 :  0.9770 0.0230 
281      281   (0)      6 :  0.1326 0.8674 
282      282   (0)      6 :  0.1998 0.8002 
283      283   (5)      6 :  0.2350 0.7650 
284      284   (0)      6 :  0.9194 0.0806 
285      285   (5)      6 :  0.0418 0.9582 
286      286   (0)      6 :  0.8838 0.1162 
287      287   (0)      6 :  0.5884 0.4116 
288      288   (0)      6 :  0.0598 0.9402 
289      289   (0)      6 :  0.5828 0.4172 
290      290   (0)      6 :  0.9790 0.0210 
291      291   (0)      6 :  0.9640 0.0360 
292      292   (0)      6 :  0.5640 0.4360 
293      293   (0)      6 :  0.2688 0.7312 
294      294   (0)      6 :  0.8954 0.1046 
295      295   (0)      6 :  0.8934 0.1066 
296      296   (0)      6 :  0.3446 0.6554 
297      297   (0)      6 :  0.9780 0.0220 
298      298   (0)      6 :  0.1608 0.8392 
299      299   (5)      6 :  0.3016 0.6984 
300      300   (0)      6 :  0.3538 0.6462 
301      301   (0)      6 :  0.2698 0.7302 
302      302   (0)      6 :  0.5922 0.4078 
303      303  (10)      6 :  0.7606 0.2394 
304      304   (0)      6 :  0.2618 0.7382 
305      305   (0)      6 :  0.9410 0.0590 
306      306   (0)      6 :  0.3506 0.6494 
307      307  (10)      6 :  0.7040 0.2960 
308      308   (5)      6 :  0.0410 0.9590 
309      309   (0)      6 :  0.3916 0.6084 
310      310   (5)      6 :  0.9468 0.0532 
311      311   (5)      6 :  0.9780 0.0220 
312      312  (10)      6 :  0.8838 0.1162 
313      313   (0)      6 :  0.9132 0.0868 
314      314   (5)      6 :  0.3784 0.6216 
315      315  (10)      6 :  0.9762 0.0238 
316      316   (0)      6 :  0.0434 0.9566 
317      317   (0)      6 :  0.1816 0.8184 
318      318   (0)      6 :  0.5364 0.4636 
319      319   (0)      6 :  0.4338 0.5662 
320      320   (0)      6 :  0.9698 0.0302 
321      321   (0)      6 :  0.9340 0.0660 
322      322   (0)      6 :  0.9404 0.0596 
323      323   (0)      6 :  0.9870 0.0130 
324      324   (0)      6 :  0.9860 0.0140 
325      325   (5)      6 :  0.3420 0.6580 
326      326   (0)      6 :  0.9830 0.0170 
327      327   (0)      6 :  0.9304 0.0696 
328      328   (0)      6 :  0.8302 0.1698 
329      329   (5)      6 :  0.2434 0.7566 
330      330   (0)      6 :  0.5928 0.4072 
331      331   (0)      6 :  0.2682 0.7318 
332      332   (0)      6 :  0.9860 0.0140 
333      333   (0)      6 :  0.6970 0.3030 
334      334   (0)      6 :  0.9620 0.0380 
335      335   (0)      6 :  0.9316 0.0684 
336      336   (0)      6 :  0.1660 0.8340 
337      337   (0)      6 :  0.9558 0.0442 
338      338   (0)      6 :  0.9810 0.0190 
339      339   (0)      6 :  0.5256 0.4744 
340      340   (0)      6 :  0.9560 0.0440 
341      341   (0)      6 :  0.9810 0.0190 
342      342   (0)      6 :  0.9466 0.0534 
343      343   (0)      6 :  0.9850 0.0150 
344      344   (0)      6 :  0.1584 0.8416 
345      345   (0)      6 :  0.9790 0.0210 
346      346   (0)      6 :  0.6978 0.3022 
347      347   (0)      6 :  0.1320 0.8680 
348      348   (0)      6 :  0.9780 0.0220 
349      349   (0)      6 :  0.9780 0.0220 
350      350  (10)      6 :  0.9096 0.0904 
351      351   (5)      6 :  0.7880 0.2120 
352      352  (10)      6 :  0.4636 0.5364 
353      353   (5)      6 :  0.1410 0.8590 
354      354  (10)      6 :  0.9710 0.0290 
355      355  (10)      6 :  0.1696 0.8304 
356      356   (0)      6 :  0.9840 0.0160 
357      357   (5)      6 :  0.9166 0.0834 
358      358   (5)      6 :  0.4902 0.5098 
359      359  (10)      6 :  0.5604 0.4396 
360      360   (0)      6 :  0.9830 0.0170 
361      361   (0)      6 :  0.9760 0.0240 
362      362   (0)      6 :  0.9790 0.0210 
363      363   (0)      6 :  0.9830 0.0170 
364      364   (0)      6 :  0.2532 0.7468 
365      365   (0)      6 :  0.0388 0.9612 
366      366   (0)      6 :  0.1890 0.8110 
367      367   (0)      6 :  0.9422 0.0578 
368      368   (0)      6 :  0.5784 0.4216 
369      369   (5)      6 :  0.0256 0.9744 
370      370   (0)      6 :  0.0190 0.9810 
371      371   (0)      6 :  0.2204 0.7796 
372      372  (10)      6 :  0.0868 0.9132 
373      373   (5)      6 :  0.1360 0.8640 
374      374   (0)      6 :  0.6438 0.3562 
375      375   (5)      6 :  0.0918 0.9082 
376      376   (5)      6 :  0.6206 0.3794 
377      377   (0)      6 :  0.4964 0.5036 
378      378   (0)      6 :  0.6656 0.3344 
379      379   (0)      6 :  0.5016 0.4984 
380      380   (0)      6 :  0.0616 0.9384 
381      381   (0)      6 :  0.9284 0.0716 
382      382   (0)      6 :  0.2998 0.7002 
383      383   (0)      6 :  0.5328 0.4672 
384      384   (0)      6 :  0.9710 0.0290 
385      385   (0)      6 :  0.8872 0.1128 
386      386   (0)      6 :  0.7502 0.2498 
387      387   (0)      6 :  0.9798 0.0202 
388      388   (0)      6 :  0.9700 0.0300 
389      389   (0)      6 :  0.9582 0.0418 
390      390   (0)      6 :  0.9830 0.0170 
391      391   (0)      6 :  0.9870 0.0130 
392      392   (0)      6 :  0.9770 0.0230 
393      393   (0)      6 :  0.9870 0.0130 
394      394   (0)      6 :  0.9800 0.0200 
395      395   (0)      6 :  0.9850 0.0150 
396      396   (0)      6 :  0.9850 0.0150 
397      397   (0)      6 :  0.9810 0.0190 
398      398   (0)      6 :  0.7216 0.2784 
399      399   (0)      6 :  0.9826 0.0174 
400      400   (0)      6 :  0.5324 0.4676 
401      401   (0)      6 :  0.0676 0.9324 
402      402   (0)      6 :  0.9720 0.0280 
403      403   (0)      6 :  0.9820 0.0180 
404      404   (0)      6 :  0.9760 0.0240 
405      405   (0)      6 :  0.9794 0.0206 
406      406   (0)      6 :  0.9730 0.0270 
407      407   (0)      6 :  0.6836 0.3164 
408      408   (0)      6 :  0.5904 0.4096 
409      409   (0)      6 :  0.4010 0.5990 
410      410   (0)      6 :  0.3912 0.6088 
411      411   (0)      6 :  0.9880 0.0120 
412      412   (0)      6 :  0.1648 0.8352 
413      413   (0)      6 :  0.9760 0.0240 
414      414   (0)      6 :  0.3802 0.6198 
415      415   (0)      6 :  0.2174 0.7826 
416      416   (0)      6 :  0.9180 0.0820 
417      417   (0)      6 :  0.8500 0.1500 
418      418   (0)      6 :  0.4700 0.5300 
419      419   (0)      6 :  0.9840 0.0160 
