1        1   (5)      1  : 0.9720 0.0280
2        2   (5)      1  : 0.9430 0.0570
3        3   (5)      1  : 0.9790 0.0210
4        4   (0)      1  : 0.9700 0.0300
5        5   (0)      1  : 0.9350 0.0650
6        6   (0)      1  : 0.9730 0.0270
7        7   (0)      1  : 0.9480 0.0520
8        8   (5)      1  : 0.9710 0.0290
9        9   (0)      1  : 0.9770 0.0230
10       10   (0)      1  : 0.9500 0.0500
11       11   (0)      1  : 0.9730 0.0270
12       12   (0)      1  : 0.9482 0.0518
13       13   (0)      1  : 0.9500 0.0500
14       14   (0)      1  : 0.9710 0.0290
15       15   (0)      1  : 0.9700 0.0300
16       16   (0)      1  : 0.9780 0.0220
17       17   (0)      1  : 0.9810 0.0190
18       18   (0)      1  : 0.9594 0.0406
19       19   (0)      1  : 0.9390 0.0610
20       20   (0)      1  : 0.9414 0.0586
21       21   (0)      1  : 0.9700 0.0300
22       22   (0)      1  : 0.9840 0.0160
23       23   (0)      1  : 0.9790 0.0210
24       24   (0)      1  : 0.9620 0.0380
25       25   (0)      1  : 0.9348 0.0652
26       26   (0)      1  : 0.9560 0.0440
27       27   (5)      1  : 0.9594 0.0406
28       28   (0)      1  : 0.9840 0.0160
29       29   (0)      1  : 0.9760 0.0240
30       30   (0)      1  : 0.9336 0.0664
31       31   (0)      1  : 0.9790 0.0210
32       32   (0)      1  : 0.9460 0.0540
33       33   (0)      1  : 0.9760 0.0240
34       34   (0)      1  : 0.9800 0.0200
35       35   (0)      1  : 0.9580 0.0420
36       36   (0)      1  : 0.9662 0.0338
37       37   (0)      1  : 0.9588 0.0412
38       38   (0)      1  : 0.9562 0.0438
39       39   (0)      1  : 0.9606 0.0394
40       40   (0)      1  : 0.9610 0.0390
41       41   (0)      1  : 0.9750 0.0250
42       42   (0)      1  : 0.9820 0.0180
43       43   (0)      1  : 0.9780 0.0220
44       44   (0)      1  : 0.9830 0.0170
45       45   (5)      1  : 0.9510 0.0490
46       46   (0)      1  : 0.9850 0.0150
47       47   (0)      1  : 0.9830 0.0170
48       48   (0)      1  : 0.9744 0.0256
49       49   (0)      1  : 0.9348 0.0652
50       50   (0)      1  : 0.9730 0.0270
51       51   (0)      1  : 0.9560 0.0440
52       52   (0)      1  : 0.8710 0.1290
53       53   (0)      1  : 0.9700 0.0300
54       54   (0)      1  : 0.9830 0.0170
55       55   (0)      1  : 0.9770 0.0230
56       56   (0)      1  : 0.9780 0.0220
57       57  (10)      1  : 0.9610 0.0390
58       58   (5)      1  : 0.9710 0.0290
59       59   (0)      1  : 0.9600 0.0400
60       60   (0)      1  : 0.9786 0.0214
61       61   (0)      1  : 0.9700 0.0300
62       62   (0)      1  : 0.9730 0.0270
63       63   (0)      1  : 0.9720 0.0280
64       64   (0)      1  : 0.9790 0.0210
65       65   (0)      1  : 0.9140 0.0860
66       66   (0)      1  : 0.9750 0.0250
67       67   (5)      1  : 0.9310 0.0690
68       68   (0)      1  : 0.9700 0.0300
69       69   (0)      1  : 0.9820 0.0180
70       70   (0)      1  : 0.9700 0.0300
71       71   (5)      1  : 0.9700 0.0300
72       72   (0)      1  : 0.9386 0.0614
73       73   (5)      1  : 0.9780 0.0220
74       74  (10)      1  : 0.9572 0.0428
75       75  (10)      1  : 0.9150 0.0850
76       76   (0)      1  : 0.9720 0.0280
77       77  (10)      1  : 0.9630 0.0370
78       78   (0)      1  : 0.9620 0.0380
79       79   (5)      1  : 0.9780 0.0220
80       80   (0)      1  : 0.9770 0.0230
81       81   (0)      1  : 0.9720 0.0280
82       82   (0)      1  : 0.9760 0.0240
83       83   (0)      1  : 0.9746 0.0254
84       84   (0)      1  : 0.9490 0.0510
85       85   (0)      1  : 0.9800 0.0200
86       86   (5)      1  : 0.9710 0.0290
87       87   (0)      1  : 0.9770 0.0230
88       88   (0)      1  : 0.9250 0.0750
89       89   (0)      1  : 0.9070 0.0930
90       90   (0)      1  : 0.9744 0.0256
91       91   (0)      1  : 0.9700 0.0300
92       92   (0)      1  : 0.9750 0.0250
93       93   (0)      1  : 0.9810 0.0190
94       94   (5)      1  : 0.9476 0.0524
95       95   (0)      1  : 0.9690 0.0310
96       96   (5)      1  : 0.9760 0.0240
97       97   (0)      1  : 0.9810 0.0190
98       98   (0)      1  : 0.9670 0.0330
99       99   (5)      1  : 0.9664 0.0336
100      100   (5)      1  : 0.9780 0.0220
101      101   (0)      2  : 0.8860 0.1140
102      102   (0)      2  : 0.8100 0.1900
103      103   (0)      2  : 0.9668 0.0332
104      104   (0)      2  : 0.9390 0.0610
105      105   (0)      2  : 0.8458 0.1542
106      106   (0)      2  : 0.9120 0.0880
107      107   (0)      2  : 0.8810 0.1190
108      108   (0)      2  : 0.8480 0.1520
109      109   (0)      2  : 0.8240 0.1760
110      110   (0)      2  : 0.8440 0.1560
111      111   (0)      2  : 0.8958 0.1042
112      112   (0)      2  : 0.9538 0.0462
113      113   (0)      2  : 0.8826 0.1174
114      114   (0)      2  : 0.8744 0.1256
115      115   (0)      2  : 0.9770 0.0230
116      116   (0)      2  : 0.9374 0.0626
117      117   (0)      2  : 0.9800 0.0200
118      118   (0)      2  : 0.8380 0.1620
119      119   (0)      2  : 0.9592 0.0408
120      120   (0)      2  : 0.9800 0.0200
121      121   (0)      2  : 0.8792 0.1208
122      122   (0)      2  : 0.9250 0.0750
123      123   (0)      2  : 0.9540 0.0460
124      124   (0)      2  : 0.8450 0.1550
125      125   (0)      2  : 0.9294 0.0706
126      126   (0)      2  : 0.9400 0.0600
127      127   (0)      2  : 0.8846 0.1154
128      128   (0)      2  : 0.9010 0.0990
129      129   (0)      2  : 0.8198 0.1802
130      130   (0)      2  : 0.9250 0.0750
131      131   (0)      2  : 0.9256 0.0744
132      132   (0)      2  : 0.9640 0.0360
133      133   (0)      2  : 0.9730 0.0270
134      134   (0)      2  : 0.8852 0.1148
135      135   (0)      2  : 0.9310 0.0690
136      136   (0)      2  : 0.9780 0.0220
137      137   (0)      2  : 0.7700 0.2300
138      138   (0)      2  : 0.7318 0.2682
139      139   (0)      2  : 0.9480 0.0520
140      140   (0)      2  : 0.9820 0.0180
141      141   (0)      2  : 0.8464 0.1536
142      142   (0)      2  : 0.8538 0.1462
143      143   (0)      2  : 0.8930 0.1070
144      144   (0)      2  : 0.9620 0.0380
145      145   (0)      2  : 0.8972 0.1028
146      146   (0)      2  : 0.9570 0.0430
147      147   (0)      2  : 0.9610 0.0390
148      148   (0)      2  : 0.8082 0.1918
149      149   (0)      2  : 0.9264 0.0736
150      150   (0)      2  : 0.7310 0.2690
151      151   (0)      2  : 0.9740 0.0260
152      152   (0)      2  : 0.9600 0.0400
153      153   (0)      2  : 0.8350 0.1650
154      154   (0)      2  : 0.9700 0.0300
155      155   (0)      2  : 0.9240 0.0760
156      156   (0)      2  : 0.8256 0.1744
157      157   (0)      2  : 0.9324 0.0676
158      158   (0)      2  : 0.9630 0.0370
159      159   (0)      2  : 0.9440 0.0560
160      160   (0)      2  : 0.9442 0.0558
161      161   (0)      2  : 0.9140 0.0860
162      162   (0)      2  : 0.8130 0.1870
163      163   (0)      2  : 0.8824 0.1176
164      164   (0)      2  : 0.9000 0.1000
165      165   (0)      2  : 0.8994 0.1006
166      166   (0)      2  : 0.9760 0.0240
167      167   (0)      2  : 0.8030 0.1970
168      168   (0)      2  : 0.8588 0.1412
169      169   (0)      2  : 0.5880 0.4120
170      170   (0)      2  : 0.9350 0.0650
171      171   (0)      2  : 0.7030 0.2970
172      172   (0)      2  : 0.6252 0.3748
173      173   (0)      2  : 0.8330 0.1670
174      174   (0)      2  : 0.7220 0.2780
175      175   (0)      2  : 0.8870 0.1130
176      176   (0)      2  : 0.9140 0.0860
177      177   (0)      2  : 0.9172 0.0828
178      178   (0)      2  : 0.9010 0.0990
179      179   (0)      2  : 0.8000 0.2000
180      180   (0)      2  : 0.9264 0.0736
181      181   (0)      2  : 0.9600 0.0400
182      182   (0)      2  : 0.9590 0.0410
183      183   (0)      2  : 0.9750 0.0250
184      184   (0)      2  : 0.7214 0.2786
185      185   (0)      2  : 0.9740 0.0260
186      186   (0)      2  : 0.8854 0.1146
187      187   (0)      2  : 0.9670 0.0330
188      188   (0)      2  : 0.8882 0.1118
189      189   (0)      2  : 0.9720 0.0280
190      190   (0)      2  : 0.8750 0.1250
191      191   (0)      2  : 0.8970 0.1030
192      192   (0)      2  : 0.9416 0.0584
193      193   (0)      2  : 0.7840 0.2160
194      194   (0)      2  : 0.8528 0.1472
195      195   (0)      2  : 0.9212 0.0788
196      196   (0)      2  : 0.9520 0.0480
197      197   (0)      2  : 0.9710 0.0290
198      198   (0)      2  : 0.8490 0.1510
199      199   (0)      2  : 0.9246 0.0754
200      200   (0)      2  : 0.9546 0.0454
201      201   (0)      3  : 0.6760 0.3240
202      202   (0)      3  : 0.8774 0.1226
203      203   (0)      3  : 0.8692 0.1308
204      204   (0)      3  : 0.7640 0.2360
205      205   (0)      3  : 0.7440 0.2560
206      206   (0)      3  : 0.7920 0.2080
207      207   (0)      3  : 0.7062 0.2938
208      208   (0)      3  : 0.8072 0.1928
209      209   (0)      3  : 0.8336 0.1664
210      210   (0)      3  : 0.4454 0.5546
211      211   (0)      3  : 0.7560 0.2440
212      212   (0)      3  : 0.7874 0.2126
213      213   (0)      3  : 0.9420 0.0580
214      214   (0)      3  : 0.6936 0.3064
215      215   (0)      3  : 0.8518 0.1482
216      216   (0)      3  : 0.8218 0.1782
217      217   (0)      3  : 0.6906 0.3094
218      218   (0)      3  : 0.7870 0.2130
219      219   (0)      3  : 0.7500 0.2500
220      220   (0)      3  : 0.7668 0.2332
221      221   (0)      3  : 0.8108 0.1892
222      222   (0)      3  : 0.8040 0.1960
223      223   (0)      3  : 0.7708 0.2292
224      224   (0)      3  : 0.6568 0.3432
225      225   (0)      3  : 0.6706 0.3294
226      226   (0)      3  : 0.8648 0.1352
227      227   (0)      3  : 0.7460 0.2540
228      228   (0)      3  : 0.6040 0.3960
229      229   (0)      3  : 0.7200 0.2800
230      230   (0)      3  : 0.7486 0.2514
231      231   (0)      3  : 0.6280 0.3720
232      232   (0)      3  : 0.7512 0.2488
233      233   (0)      3  : 0.6440 0.3560
234      234   (0)      3  : 0.7960 0.2040
235      235   (0)      3  : 0.7710 0.2290
236      236   (0)      3  : 0.5550 0.4450
237      237   (0)      3  : 0.9400 0.0600
238      238   (0)      3  : 0.9400 0.0600
239      239   (0)      3  : 0.8384 0.1616
240      240   (0)      3  : 0.9220 0.0780
241      241   (0)      3  : 0.8406 0.1594
242      242   (0)      3  : 0.8502 0.1498
243      243   (0)      3  : 0.8450 0.1550
244      244   (0)      3  : 0.6470 0.3530
245      245   (0)      3  : 0.8800 0.1200
246      246   (0)      3  : 0.7660 0.2340
247      247   (0)      3  : 0.6870 0.3130
248      248   (0)      3  : 0.8198 0.1802
249      249   (0)      3  : 0.8300 0.1700
250      250   (0)      3  : 0.7400 0.2600
251      251   (0)      3  : 0.6210 0.3790
252      252   (0)      3  : 0.7560 0.2440
253      253   (0)      3  : 0.6450 0.3550
254      254   (0)      3  : 0.7982 0.2018
255      255   (0)      3  : 0.8000 0.2000
256      256   (0)      3  : 0.6920 0.3080
257      257   (0)      3  : 0.6626 0.3374
258      258   (0)      3  : 0.9480 0.0520
259      259   (0)      3  : 0.7988 0.2012
260      260   (0)      3  : 0.7650 0.2350
261      261   (0)      3  : 0.8260 0.1740
262      262   (0)      3  : 0.7480 0.2520
263      263   (0)      3  : 0.7670 0.2330
264      264   (0)      3  : 0.8220 0.1780
265      265   (0)      3  : 0.8914 0.1086
266      266   (0)      3  : 0.9022 0.0978
267      267   (0)      3  : 0.8130 0.1870
268      268   (0)      3  : 0.8010 0.1990
269      269   (0)      3  : 0.9150 0.0850
270      270   (0)      3  : 0.8560 0.1440
271      271   (0)      3  : 0.7332 0.2668
272      272   (0)      3  : 0.8950 0.1050
273      273   (0)      3  : 0.8326 0.1674
274      274   (0)      3  : 0.7288 0.2712
275      275   (0)      3  : 0.8180 0.1820
276      276   (0)      3  : 0.7474 0.2526
277      277   (0)      3  : 0.9560 0.0440
278      278   (0)      3  : 0.8116 0.1884
279      279   (0)      3  : 0.7420 0.2580
280      280   (0)      3  : 0.9480 0.0520
281      281   (0)      3  : 0.9400 0.0600
282      282   (0)      3  : 0.7970 0.2030
283      283   (0)      3  : 0.7490 0.2510
284      284   (0)      3  : 0.7170 0.2830
285      285   (0)      3  : 0.7910 0.2090
286      286   (0)      3  : 0.9250 0.0750
287      287   (0)      3  : 0.7150 0.2850
288      288   (0)      3  : 0.7192 0.2808
289      289   (0)      3  : 0.9550 0.0450
290      290   (0)      3  : 0.8434 0.1566
291      291   (0)      3  : 0.9520 0.0480
292      292   (0)      3  : 0.6320 0.3680
293      293   (0)      3  : 0.6416 0.3584
294      294   (0)      3  : 0.6610 0.3390
295      295   (0)      3  : 0.8986 0.1014
296      296   (0)      3  : 0.9340 0.0660
297      297   (0)      3  : 0.7964 0.2036
298      298   (0)      3  : 0.8252 0.1748
299      299   (0)      3  : 0.6940 0.3060
300      300   (0)      3  : 0.7620 0.2380
301      301   (0)      4  : 0.4260 0.5740
302      302   (0)      4  : 0.5102 0.4898
303      303   (0)      4  : 0.4870 0.5130
304      304   (0)      4  : 0.5620 0.4380
305      305   (0)      4  : 0.5460 0.4540
306      306   (0)      4  : 0.4830 0.5170
307      307   (0)      4  : 0.5532 0.4468
308      308   (0)      4  : 0.3972 0.6028
309      309   (0)      4  : 0.5080 0.4920
310      310   (0)      4  : 0.4370 0.5630
311      311   (0)      4  : 0.4370 0.5630
312      312   (0)      4  : 0.4430 0.5570
313      313   (0)      4  : 0.6316 0.3684
314      314   (0)      4  : 0.4530 0.5470
315      315   (0)      4  : 0.3714 0.6286
316      316   (0)      4  : 0.4420 0.5580
317      317   (0)      4  : 0.5790 0.4210
318      318   (0)      4  : 0.3990 0.6010
319      319   (0)      4  : 0.5122 0.4878
320      320   (0)      4  : 0.5380 0.4620
321      321   (0)      4  : 0.6578 0.3422
322      322   (0)      4  : 0.6300 0.3700
323      323   (0)      4  : 0.4460 0.5540
324      324   (0)      4  : 0.4120 0.5880
325      325   (0)      4  : 0.5860 0.4140
326      326   (0)      4  : 0.5258 0.4742
327      327   (0)      4  : 0.5050 0.4950
328      328   (0)      4  : 0.5642 0.4358
329      329   (0)      4  : 0.5896 0.4104
330      330   (0)      4  : 0.4474 0.5526
331      331   (0)      4  : 0.5500 0.4500
332      332   (0)      4  : 0.5126 0.4874
333      333   (0)      4  : 0.5550 0.4450
334      334   (0)      4  : 0.5980 0.4020
335      335   (0)      4  : 0.5600 0.4400
336      336   (0)      4  : 0.4920 0.5080
337      337   (0)      4  : 0.6596 0.3404
338      338   (0)      4  : 0.4810 0.5190
339      339   (0)      4  : 0.5450 0.4550
340      340   (0)      4  : 0.5608 0.4392
341      341   (0)      4  : 0.3560 0.6440
342      342   (0)      4  : 0.4988 0.5012
343      343   (0)      4  : 0.4690 0.5310
344      344   (0)      4  : 0.3990 0.6010
345      345   (0)      4  : 0.5090 0.4910
346      346   (0)      4  : 0.6120 0.3880
347      347   (0)      4  : 0.5940 0.4060
348      348   (0)      4  : 0.5640 0.4360
349      349   (0)      4  : 0.6086 0.3914
350      350   (0)      4  : 0.5830 0.4170
351      351   (0)      4  : 0.4446 0.5554
352      352   (0)      4  : 0.5032 0.4968
353      353   (0)      4  : 0.4658 0.5342
354      354   (0)      4  : 0.4660 0.5340
355      355   (0)      4  : 0.5170 0.4830
356      356   (0)      4  : 0.4396 0.5604
357      357   (0)      4  : 0.5596 0.4404
358      358   (0)      4  : 0.6704 0.3296
359      359   (0)      4  : 0.4350 0.5650
360      360   (0)      4  : 0.5610 0.4390
361      361   (0)      4  : 0.4150 0.5850
362      362   (0)      4  : 0.4588 0.5412
363      363   (0)      4  : 0.3710 0.6290
364      364   (0)      4  : 0.4740 0.5260
365      365   (0)      4  : 0.3670 0.6330
366      366   (0)      4  : 0.5702 0.4298
367      367   (0)      4  : 0.5760 0.4240
368      368   (0)      4  : 0.5260 0.4740
369      369   (0)      4  : 0.6172 0.3828
370      370   (0)      4  : 0.3910 0.6090
371      371   (0)      4  : 0.6540 0.3460
372      372   (0)      4  : 0.5602 0.4398
373      373   (0)      4  : 0.5222 0.4778
374      374   (0)      4  : 0.3270 0.6730
375      375   (0)      4  : 0.5290 0.4710
376      376   (0)      4  : 0.6200 0.3800
377      377   (0)      4  : 0.4740 0.5260
378      378   (0)      4  : 0.5514 0.4486
379      379   (0)      4  : 0.4910 0.5090
380      380   (0)      4  : 0.5148 0.4852
381      381   (0)      4  : 0.5088 0.4912
382      382   (0)      4  : 0.4900 0.5100
383      383   (0)      4  : 0.5362 0.4638
384      384   (0)      4  : 0.5380 0.4620
385      385   (0)      4  : 0.3978 0.6022
386      386   (0)      4  : 0.4718 0.5282
387      387   (0)      4  : 0.5980 0.4020
388      388   (0)      4  : 0.5890 0.4110
389      389   (0)      4  : 0.5404 0.4596
390      390   (0)      4  : 0.5470 0.4530
391      391   (0)      4  : 0.5150 0.4850
392      392   (0)      4  : 0.4856 0.5144
393      393   (0)      4  : 0.5600 0.4400
394      394   (0)      4  : 0.4980 0.5020
395      395   (0)      4  : 0.3840 0.6160
396      396   (0)      4  : 0.5272 0.4728
397      397   (0)      4  : 0.4360 0.5640
398      398   (0)      4  : 0.5906 0.4094
399      399   (0)      4  : 0.5324 0.4676
400      400   (0)      4  : 0.5442 0.4558
401      401   (0)      5  : 0.4490 0.5510
402      402   (0)      5  : 0.2510 0.7490
403      403   (0)      5  : 0.1850 0.8150
404      404   (0)      5  : 0.2560 0.7440
405      405   (0)      5  : 0.3290 0.6710
406      406   (0)      5  : 0.3336 0.6664
407      407   (0)      5  : 0.2440 0.7560
408      408   (0)      5  : 0.1520 0.8480
409      409   (0)      5  : 0.2600 0.7400
410      410   (0)      5  : 0.2510 0.7490
411      411   (0)      5  : 0.2830 0.7170
412      412   (0)      5  : 0.1356 0.8644
413      413   (0)      5  : 0.2380 0.7620
414      414   (0)      5  : 0.2536 0.7464
415      415   (0)      5  : 0.3946 0.6054
416      416   (0)      5  : 0.3360 0.6640
417      417   (0)      5  : 0.3220 0.6780
418      418   (0)      5  : 0.1570 0.8430
419      419   (0)      5  : 0.1540 0.8460
420      420   (0)      5  : 0.1430 0.8570
421      421   (0)      5  : 0.2490 0.7510
422      422   (0)      5  : 0.2450 0.7550
423      423   (0)      5  : 0.2370 0.7630
424      424   (0)      5  : 0.2124 0.7876
425      425   (0)      5  : 0.2140 0.7860
426      426   (0)      5  : 0.2180 0.7820
427      427   (0)      5  : 0.0970 0.9030
428      428   (0)      5  : 0.2796 0.7204
429      429   (0)      5  : 0.1990 0.8010
430      430   (0)      5  : 0.1630 0.8370
431      431   (0)      5  : 0.3760 0.6240
432      432   (0)      5  : 0.2890 0.7110
433      433   (0)      5  : 0.3610 0.6390
434      434   (0)      5  : 0.3870 0.6130
435      435   (0)      5  : 0.2950 0.7050
436      436   (0)      5  : 0.2828 0.7172
437      437   (0)      5  : 0.2810 0.7190
438      438   (0)      5  : 0.3280 0.6720
439      439   (0)      5  : 0.2692 0.7308
440      440   (0)      5  : 0.2150 0.7850
441      441   (0)      5  : 0.2960 0.7040
442      442   (0)      5  : 0.2870 0.7130
443      443   (0)      5  : 0.3410 0.6590
444      444   (0)      5  : 0.3690 0.6310
445      445   (0)      5  : 0.2824 0.7176
446      446   (0)      5  : 0.3608 0.6392
447      447   (0)      5  : 0.3546 0.6454
448      448   (0)      5  : 0.1116 0.8884
449      449   (0)      5  : 0.0440 0.9560
450      450   (0)      5  : 0.1660 0.8340
451      451   (0)      5  : 0.1746 0.8254
452      452   (0)      5  : 0.2590 0.7410
453      453   (0)      5  : 0.2922 0.7078
454      454   (0)      5  : 0.3356 0.6644
455      455   (0)      5  : 0.0630 0.9370
456      456   (0)      5  : 0.2900 0.7100
457      457   (0)      5  : 0.1740 0.8260
458      458   (0)      5  : 0.3980 0.6020
459      459   (0)      5  : 0.0670 0.9330
460      460   (0)      5  : 0.0924 0.9076
461      461   (0)      5  : 0.3260 0.6740
462      462   (0)      5  : 0.5300 0.4700
463      463   (0)      5  : 0.0910 0.9090
464      464   (0)      5  : 0.2650 0.7350
465      465   (0)      5  : 0.2210 0.7790
466      466   (0)      5  : 0.3740 0.6260
467      467   (0)      5  : 0.2300 0.7700
468      468   (0)      5  : 0.1988 0.8012
469      469   (0)      5  : 0.2270 0.7730
470      470   (0)      5  : 0.1910 0.8090
471      471   (0)      5  : 0.1500 0.8500
472      472   (0)      5  : 0.2782 0.7218
473      473   (0)      5  : 0.3150 0.6850
474      474   (0)      5  : 0.3030 0.6970
475      475   (0)      5  : 0.2332 0.7668
476      476   (0)      5  : 0.2822 0.7178
477      477   (0)      5  : 0.2470 0.7530
478      478   (0)      5  : 0.1070 0.8930
479      479   (0)      5  : 0.2668 0.7332
480      480   (0)      5  : 0.1530 0.8470
481      481   (0)      5  : 0.2872 0.7128
482      482   (0)      5  : 0.3010 0.6990
483      483   (0)      5  : 0.2028 0.7972
484      484   (0)      5  : 0.1220 0.8780
485      485   (0)      5  : 0.2670 0.7330
486      486   (0)      5  : 0.3640 0.6360
487      487   (0)      5  : 0.2330 0.7670
488      488   (0)      5  : 0.2660 0.7340
489      489   (0)      5  : 0.0650 0.9350
490      490   (0)      5  : 0.3354 0.6646
491      491   (0)      5  : 0.1080 0.8920
492      492   (0)      5  : 0.1800 0.8200
493      493   (0)      5  : 0.3130 0.6870
494      494   (0)      5  : 0.3250 0.6750
495      495   (0)      5  : 0.2234 0.7766
496      496   (0)      5  : 0.1532 0.8468
497      497   (0)      5  : 0.2420 0.7580
498      498   (0)      5  : 0.2440 0.7560
499      499   (0)      5  : 0.3076 0.6924
500      500   (0)      5  : 0.2480 0.7520
501      501   (0)      6  : 0.0900 0.9100
502      502   (0)      6  : 0.0840 0.9160
503      503   (0)      6  : 0.2520 0.7480
504      504   (0)      6  : 0.0906 0.9094
505      505   (0)      6  : 0.1250 0.8750
506      506   (0)      6  : 0.0318 0.9682
507      507   (0)      6  : 0.1330 0.8670
508      508   (0)      6  : 0.0980 0.9020
509      509   (0)      6  : 0.0680 0.9320
510      510   (0)      6  : 0.2270 0.7730
511      511   (0)      6  : 0.0870 0.9130
512      512   (0)      6  : 0.1010 0.8990
513      513   (0)      6  : 0.1680 0.8320
514      514   (0)      6  : 0.0598 0.9402
515      515   (0)      6  : 0.1604 0.8396
516      516   (0)      6  : 0.0500 0.9500
517      517   (0)      6  : 0.1578 0.8422
518      518   (0)      6  : 0.0954 0.9046
519      519   (0)      6  : 0.0510 0.9490
520      520   (0)      6  : 0.1510 0.8490
521      521   (0)      6  : 0.2472 0.7528
522      522   (0)      6  : 0.0540 0.9460
523      523   (0)      6  : 0.0224 0.9776
524      524   (0)      6  : 0.0812 0.9188
525      525   (0)      6  : 0.0800 0.9200
526      526   (0)      6  : 0.1510 0.8490
527      527   (0)      6  : 0.0716 0.9284
528      528   (0)      6  : 0.0540 0.9460
529      529   (0)      6  : 0.1630 0.8370
530      530   (0)      6  : 0.1150 0.8850
531      531   (0)      6  : 0.1280 0.8720
532      532   (0)      6  : 0.1000 0.9000
533      533   (0)      6  : 0.1520 0.8480
534      534   (0)      6  : 0.0240 0.9760
535      535   (0)      6  : 0.0820 0.9180
536      536   (0)      6  : 0.1430 0.8570
537      537   (0)      6  : 0.0332 0.9668
538      538   (0)      6  : 0.0280 0.9720
539      539   (0)      6  : 0.1782 0.8218
540      540   (0)      6  : 0.0840 0.9160
541      541   (0)      6  : 0.0782 0.9218
542      542   (0)      6  : 0.2680 0.7320
543      543   (0)      6  : 0.0460 0.9540
544      544   (0)      6  : 0.0180 0.9820
545      545   (0)      6  : 0.0190 0.9810
546      546   (0)      6  : 0.2168 0.7832
547      547   (0)      6  : 0.1804 0.8196
548      548   (0)      6  : 0.0930 0.9070
549      549   (0)      6  : 0.1840 0.8160
550      550   (0)      6  : 0.2290 0.7710
551      551   (0)      6  : 0.0862 0.9138
552      552   (0)      6  : 0.0440 0.9560
553      553   (0)      6  : 0.1410 0.8590
554      554   (0)      6  : 0.0270 0.9730
555      555   (0)      6  : 0.0312 0.9688
556      556   (0)      6  : 0.1390 0.8610
557      557   (0)      6  : 0.0280 0.9720
558      558   (0)      6  : 0.0830 0.9170
559      559   (0)      6  : 0.1084 0.8916
560      560   (0)      6  : 0.2590 0.7410
561      561   (0)      6  : 0.2490 0.7510
562      562   (0)      6  : 0.1150 0.8850
563      563   (0)      6  : 0.0270 0.9730
564      564   (0)      6  : 0.0220 0.9780
565      565   (0)      6  : 0.1524 0.8476
566      566   (0)      6  : 0.1090 0.8910
567      567   (0)      6  : 0.1898 0.8102
568      568   (0)      6  : 0.1962 0.8038
569      569   (0)      6  : 0.1590 0.8410
570      570   (0)      6  : 0.0750 0.9250
571      571   (0)      6  : 0.1870 0.8130
572      572   (0)      6  : 0.1214 0.8786
573      573   (0)      6  : 0.2170 0.7830
574      574   (0)      6  : 0.1096 0.8904
575      575   (0)      6  : 0.1010 0.8990
576      576   (0)      6  : 0.1396 0.8604
577      577   (0)      6  : 0.1760 0.8240
578      578   (0)      6  : 0.1102 0.8898
579      579   (0)      6  : 0.0410 0.9590
580      580   (0)      6  : 0.0410 0.9590
581      581   (0)      6  : 0.1230 0.8770
582      582   (0)      6  : 0.1270 0.8730
583      583   (0)      6  : 0.1070 0.8930
584      584   (0)      6  : 0.1044 0.8956
585      585   (0)      6  : 0.1872 0.8128
586      586   (0)      6  : 0.2390 0.7610
587      587   (0)      6  : 0.1670 0.8330
588      588   (0)      6  : 0.0350 0.9650
589      589   (0)      6  : 0.0850 0.9150
590      590   (0)      6  : 0.1702 0.8298
591      591   (0)      6  : 0.1674 0.8326
592      592   (0)      6  : 0.1660 0.8340
593      593   (0)      6  : 0.1420 0.8580
594      594   (0)      6  : 0.1410 0.8590
595      595   (0)      6  : 0.0820 0.9180
596      596   (0)      6  : 0.0476 0.9524
597      597   (0)      6  : 0.0410 0.9590
598      598   (0)      6  : 0.1370 0.8630
599      599   (0)      6  : 0.0310 0.9690
600      600   (0)      6  : 0.1120 0.8880
601      601   (5)      7  : 0.0346 0.9654
602      602   (0)      7  : 0.0310 0.9690
603      603   (0)      7  : 0.0200 0.9800
604      604   (0)      7  : 0.0480 0.9520
605      605   (0)      7  : 0.0270 0.9730
606      606   (0)      7  : 0.0230 0.9770
607      607   (0)      7  : 0.0170 0.9830
608      608   (0)      7  : 0.0320 0.9680
609      609   (0)      7  : 0.0270 0.9730
610      610   (0)      7  : 0.0270 0.9730
611      611   (0)      7  : 0.0160 0.9840
612      612   (0)      7  : 0.0190 0.9810
613      613   (0)      7  : 0.0470 0.9530
614      614   (5)      7  : 0.0150 0.9850
615      615   (0)      7  : 0.0240 0.9760
616      616   (0)      7  : 0.0170 0.9830
617      617   (0)      7  : 0.0230 0.9770
618      618   (0)      7  : 0.0230 0.9770
619      619   (0)      7  : 0.0260 0.9740
620      620   (0)      7  : 0.0180 0.9820
621      621   (0)      7  : 0.0170 0.9830
622      622   (0)      7  : 0.0262 0.9738
623      623   (0)      7  : 0.0180 0.9820
624      624   (0)      7  : 0.0150 0.9850
625      625   (0)      7  : 0.0140 0.9860
626      626   (0)      7  : 0.0190 0.9810
627      627   (0)      7  : 0.0170 0.9830
628      628   (0)      7  : 0.0200 0.9800
629      629   (0)      8  : 0.0180 0.9820
630      630   (0)      8  : 0.0398 0.9602
631      631   (0)      8  : 0.0280 0.9720
632      632   (0)      8  : 0.0160 0.9840
633      633   (0)      8  : 0.0180 0.9820
634      634   (0)      8  : 0.0180 0.9820
635      635   (0)      8  : 0.0264 0.9736
636      636   (0)      8  : 0.0466 0.9534
637      637   (0)      8  : 0.0220 0.9780
638      638   (0)      8  : 0.0558 0.9442
639      639   (0)      8  : 0.0170 0.9830
640      640   (0)      8  : 0.0180 0.9820
641      641   (0)      8  : 0.0320 0.9680
642      642   (0)      8  : 0.0218 0.9782
643      643   (0)      8  : 0.0170 0.9830
644      644   (0)      8  : 0.0170 0.9830
645      645   (0)      8  : 0.0150 0.9850
646      646   (0)      8  : 0.0250 0.9750
647      647   (0)      8  : 0.0270 0.9730
648      648   (0)      8  : 0.0200 0.9800
649      649   (0)      8  : 0.0160 0.9840
650      650   (0)      8  : 0.0240 0.9760
651      651   (0)      8  : 0.0400 0.9600
652      652   (0)      8  : 0.0230 0.9770
653      653   (0)      8  : 0.0230 0.9770
654      654   (0)      8  : 0.0220 0.9780
655      655   (0)      8  : 0.0200 0.9800
656      656   (0)      8  : 0.0220 0.9780
657      657   (0)      8  : 0.0230 0.9770
658      658   (0)      8  : 0.0290 0.9710
659      659   (0)      8  : 0.0200 0.9800
660      660   (0)      8  : 0.0672 0.9328
661      661   (0)      8  : 0.0240 0.9760
662      662   (0)      8  : 0.0290 0.9710
663      663   (0)      8  : 0.0170 0.9830
664      664   (0)      8  : 0.0180 0.9820
665      665   (0)      8  : 0.0180 0.9820
666      666   (0)      8  : 0.0210 0.9790
667      667   (0)      8  : 0.0180 0.9820
668      668   (0)      8  : 0.0470 0.9530
669      669   (0)      8  : 0.0350 0.9650
670      670   (0)      8  : 0.0220 0.9780
671      671   (0)      8  : 0.0180 0.9820
672      672   (0)      8  : 0.0490 0.9510
673      673   (0)      8  : 0.0320 0.9680
674      674   (0)      8  : 0.0170 0.9830
675      675   (0)      8  : 0.0182 0.9818
676      676   (0)      8  : 0.0300 0.9700
677      677   (0)      8  : 0.0300 0.9700
678      678   (0)      8  : 0.0190 0.9810
679      679   (0)      8  : 0.0180 0.9820
680      680   (0)      8  : 0.0190 0.9810
681      681   (0)      8  : 0.0180 0.9820
682      682   (0)      8  : 0.0170 0.9830
683      683   (0)      8  : 0.0200 0.9800
684      684   (0)      8  : 0.0180 0.9820
685      685   (0)      8  : 0.0390 0.9610
686      686   (0)      8  : 0.0190 0.9810
687      687   (0)      8  : 0.0170 0.9830
688      688   (0)      8  : 0.0280 0.9720
689      689   (0)      8  : 0.0148 0.9852
690      690   (0)      8  : 0.0180 0.9820
691      691   (0)      8  : 0.0170 0.9830
692      692   (0)      8  : 0.0180 0.9820
693      693   (0)      8  : 0.0220 0.9780
694      694   (0)      8  : 0.0390 0.9610
695      695   (0)      8  : 0.0170 0.9830
696      696   (0)      8  : 0.0350 0.9650
697      697   (0)      8  : 0.0210 0.9790
698      698   (0)      8  : 0.0160 0.9840
699      699   (0)      8  : 0.0250 0.9750
700      700   (0)      8  : 0.0220 0.9780
