  1        1   (5)      1 :  0.9740 0.0260 
  2        2   (5)      1 :  0.9464 0.0536 
  3        3   (5)      1 :  0.9770 0.0230 
  4        4   (0)      1 :  0.9690 0.0310 
  5        5   (0)      1 :  0.9356 0.0644 
  6        6   (0)      1 :  0.9760 0.0240 
  7        7   (0)      1 :  0.9474 0.0526 
  8        8   (5)      1 :  0.9740 0.0260 
  9        9   (0)      1 :  0.9750 0.0250 
 10       10   (0)      1 :  0.9380 0.0620 
 11       11   (0)      1 :  0.9704 0.0296 
 12       12   (0)      1 :  0.9510 0.0490 
 13       13   (0)      1 :  0.9590 0.0410 
 14       14   (0)      1 :  0.9710 0.0290 
 15       15   (0)      1 :  0.9780 0.0220 
 16       16   (0)      1 :  0.9774 0.0226 
 17       17   (0)      1 :  0.9800 0.0200 
 18       18   (0)      1 :  0.9590 0.0410 
 19       19   (0)      1 :  0.9298 0.0702 
 20       20   (0)      1 :  0.9380 0.0620 
 21       21   (0)      1 :  0.9700 0.0300 
 22       22   (0)      1 :  0.9830 0.0170 
 23       23   (0)      1 :  0.9780 0.0220 
 24       24   (0)      1 :  0.9452 0.0548 
 25       25   (0)      1 :  0.9456 0.0544 
 26       26   (0)      1 :  0.9520 0.0480 
 27       27   (5)      1 :  0.9628 0.0372 
 28       28   (0)      1 :  0.9830 0.0170 
 29       29   (0)      1 :  0.9754 0.0246 
 30       30   (0)      1 :  0.9546 0.0454 
 31       31   (0)      1 :  0.9790 0.0210 
 32       32   (0)      1 :  0.9620 0.0380 
 33       33   (0)      1 :  0.9800 0.0200 
 34       34   (0)      1 :  0.9800 0.0200 
 35       35   (0)      1 :  0.9542 0.0458 
 36       36   (0)      1 :  0.9740 0.0260 
 37       37   (0)      1 :  0.9600 0.0400 
 38       38   (0)      1 :  0.9484 0.0516 
 39       39   (0)      1 :  0.9608 0.0392 
 40       40   (0)      1 :  0.9626 0.0374 
 41       41   (0)      1 :  0.9722 0.0278 
 42       42   (0)      1 :  0.9780 0.0220 
 43       43   (0)      1 :  0.9790 0.0210 
 44       44   (0)      1 :  0.9830 0.0170 
 45       45   (5)      1 :  0.9510 0.0490 
 46       46   (0)      1 :  0.9850 0.0150 
 47       47   (0)      1 :  0.9830 0.0170 
 48       48   (0)      1 :  0.9740 0.0260 
 49       49   (0)      1 :  0.9648 0.0352 
 50       50   (0)      1 :  0.9740 0.0260 
 51       51   (0)      1 :  0.9450 0.0550 
 52       52   (0)      1 :  0.8690 0.1310 
 53       53   (0)      1 :  0.9750 0.0250 
 54       54   (0)      1 :  0.9820 0.0180 
 55       55   (0)      1 :  0.9780 0.0220 
 56       56   (0)      1 :  0.9760 0.0240 
 57       57  (10)      1 :  0.9630 0.0370 
 58       58   (5)      1 :  0.9680 0.0320 
 59       59   (0)      1 :  0.9650 0.0350 
 60       60   (0)      1 :  0.9790 0.0210 
 61       61   (0)      1 :  0.9740 0.0260 
 62       62   (0)      1 :  0.9750 0.0250 
 63       63   (0)      1 :  0.9740 0.0260 
 64       64   (0)      1 :  0.9800 0.0200 
 65       65   (0)      1 :  0.8912 0.1088 
 66       66   (0)      1 :  0.9750 0.0250 
 67       67   (5)      1 :  0.9268 0.0732 
 68       68   (0)      1 :  0.9720 0.0280 
 69       69   (0)      1 :  0.9800 0.0200 
 70       70   (0)      1 :  0.9720 0.0280 
 71       71   (5)      1 :  0.9610 0.0390 
 72       72   (0)      1 :  0.9400 0.0600 
 73       73   (5)      1 :  0.9790 0.0210 
 74       74  (10)      1 :  0.9540 0.0460 
 75       75  (10)      1 :  0.9350 0.0650 
 76       76   (0)      1 :  0.9610 0.0390 
 77       77  (10)      1 :  0.9590 0.0410 
 78       78   (0)      1 :  0.9530 0.0470 
 79       79   (5)      1 :  0.9750 0.0250 
 80       80   (0)      1 :  0.9770 0.0230 
 81       81   (0)      1 :  0.9742 0.0258 
 82       82   (0)      1 :  0.9750 0.0250 
 83       83   (0)      1 :  0.9764 0.0236 
 84       84   (0)      1 :  0.9426 0.0574 
 85       85   (0)      1 :  0.9784 0.0216 
 86       86   (5)      1 :  0.9760 0.0240 
 87       87   (0)      1 :  0.9770 0.0230 
 88       88   (0)      1 :  0.9452 0.0548 
 89       89   (0)      1 :  0.8916 0.1084 
 90       90   (0)      1 :  0.9720 0.0280 
 91       91   (0)      1 :  0.9660 0.0340 
 92       92   (0)      1 :  0.9704 0.0296 
 93       93   (0)      1 :  0.9790 0.0210 
 94       94   (5)      1 :  0.9300 0.0700 
 95       95   (0)      1 :  0.9672 0.0328 
 96       96   (5)      1 :  0.9730 0.0270 
 97       97   (0)      1 :  0.9810 0.0190 
 98       98   (0)      1 :  0.9630 0.0370 
 99       99   (5)      1 :  0.9630 0.0370 
100      100   (5)      1 :  0.9790 0.0210 
101      101   (0)      2 :  0.9352 0.0648 
102      102   (0)      2 :  0.9100 0.0900 
103      103   (0)      2 :  0.8744 0.1256 
104      104   (0)      2 :  0.9320 0.0680 
105      105   (0)      2 :  0.7562 0.2438 
106      106   (0)      2 :  0.8432 0.1568 
107      107   (0)      2 :  0.8972 0.1028 
108      108   (0)      2 :  0.8682 0.1318 
109      109   (0)      2 :  0.9160 0.0840 
110      110   (0)      2 :  0.9660 0.0340 
111      111   (0)      2 :  0.9102 0.0898 
112      112   (0)      2 :  0.9520 0.0480 
113      113   (0)      2 :  0.9270 0.0730 
114      114   (0)      2 :  0.8820 0.1180 
115      115   (0)      2 :  0.9072 0.0928 
116      116   (0)      2 :  0.8360 0.1640 
117      117   (0)      2 :  0.8316 0.1684 
118      118   (0)      2 :  0.9122 0.0878 
119      119   (0)      2 :  0.7526 0.2474 
120      120   (0)      2 :  0.8518 0.1482 
121      121   (0)      2 :  0.9078 0.0922 
122      122   (0)      2 :  0.9760 0.0240 
123      123   (0)      2 :  0.8596 0.1404 
124      124   (0)      2 :  0.9360 0.0640 
125      125   (0)      2 :  0.9358 0.0642 
126      126   (0)      2 :  0.9270 0.0730 
127      127   (0)      2 :  0.9790 0.0210 
128      128   (0)      2 :  0.8104 0.1896 
129      129   (0)      2 :  0.9560 0.0440 
130      130   (0)      2 :  0.8914 0.1086 
131      131   (0)      2 :  0.9330 0.0670 
132      132   (0)      2 :  0.8104 0.1896 
133      133   (0)      2 :  0.8872 0.1128 
134      134   (0)      2 :  0.8080 0.1920 
135      135   (0)      2 :  0.8262 0.1738 
136      136   (0)      2 :  0.9610 0.0390 
137      137   (0)      2 :  0.9418 0.0582 
138      138   (0)      2 :  0.9388 0.0612 
139      139   (0)      2 :  0.8594 0.1406 
140      140   (0)      2 :  0.7538 0.2462 
141      141   (0)      2 :  0.9192 0.0808 
142      142   (0)      2 :  0.8916 0.1084 
143      143   (0)      2 :  0.8884 0.1116 
144      144   (0)      2 :  0.8632 0.1368 
145      145   (0)      2 :  0.9470 0.0530 
146      146   (0)      2 :  0.8844 0.1156 
147      147   (0)      2 :  0.8200 0.1800 
148      148   (0)      2 :  0.8866 0.1134 
149      149   (0)      2 :  0.8516 0.1484 
150      150   (0)      2 :  0.8472 0.1528 
151      151   (0)      2 :  0.8654 0.1346 
152      152   (0)      2 :  0.8394 0.1606 
153      153   (0)      2 :  0.9212 0.0788 
154      154   (0)      2 :  0.9780 0.0220 
155      155   (0)      2 :  0.9492 0.0508 
156      156   (0)      2 :  0.6894 0.3106 
157      157   (0)      2 :  0.9396 0.0604 
158      158   (0)      2 :  0.9552 0.0448 
159      159   (0)      2 :  0.9220 0.0780 
160      160   (0)      2 :  0.9740 0.0260 
161      161   (0)      2 :  0.9740 0.0260 
162      162   (0)      2 :  0.9670 0.0330 
163      163   (0)      2 :  0.9410 0.0590 
164      164   (0)      2 :  0.8908 0.1092 
165      165   (0)      2 :  0.9210 0.0790 
166      166   (0)      2 :  0.9340 0.0660 
167      167   (0)      2 :  0.9180 0.0820 
168      168   (0)      2 :  0.9216 0.0784 
169      169   (0)      2 :  0.9700 0.0300 
170      170   (0)      2 :  0.6332 0.3668 
171      171   (0)      2 :  0.9270 0.0730 
172      172   (0)      2 :  0.9236 0.0764 
173      173   (0)      2 :  0.7942 0.2058 
174      174   (0)      2 :  0.9254 0.0746 
175      175   (0)      2 :  0.7120 0.2880 
176      176   (0)      2 :  0.9540 0.0460 
177      177   (0)      2 :  0.8800 0.1200 
178      178   (0)      2 :  0.8418 0.1582 
179      179   (0)      2 :  0.9020 0.0980 
180      180   (0)      2 :  0.8182 0.1818 
181      181   (0)      2 :  0.9520 0.0480 
182      182   (0)      2 :  0.9426 0.0574 
183      183   (0)      2 :  0.9508 0.0492 
184      184   (0)      2 :  0.9680 0.0320 
185      185   (0)      2 :  0.9660 0.0340 
186      186   (0)      2 :  0.9372 0.0628 
187      187   (0)      2 :  0.9600 0.0400 
188      188   (0)      2 :  0.8758 0.1242 
189      189   (0)      2 :  0.9400 0.0600 
190      190   (0)      2 :  0.7410 0.2590 
191      191   (0)      2 :  0.9766 0.0234 
192      192   (0)      2 :  0.9408 0.0592 
193      193   (0)      2 :  0.9578 0.0422 
194      194   (0)      2 :  0.9420 0.0580 
195      195   (0)      2 :  0.9394 0.0606 
196      196   (0)      2 :  0.8644 0.1356 
197      197   (0)      2 :  0.9730 0.0270 
198      198   (0)      2 :  0.9020 0.0980 
199      199   (0)      2 :  0.9710 0.0290 
200      200   (0)      2 :  0.8634 0.1366 
201      201   (0)      3 :  0.7568 0.2432 
202      202   (0)      3 :  0.8244 0.1756 
203      203   (0)      3 :  0.7158 0.2842 
204      204   (0)      3 :  0.6808 0.3192 
205      205   (0)      3 :  0.7460 0.2540 
206      206   (0)      3 :  0.7520 0.2480 
207      207   (0)      3 :  0.6988 0.3012 
208      208   (0)      3 :  0.9772 0.0228 
209      209   (0)      3 :  0.7824 0.2176 
210      210   (0)      3 :  0.7122 0.2878 
211      211   (0)      3 :  0.8694 0.1306 
212      212   (0)      3 :  0.8706 0.1294 
213      213   (0)      3 :  0.7484 0.2516 
214      214   (0)      3 :  0.8870 0.1130 
215      215   (0)      3 :  0.8788 0.1212 
216      216   (0)      3 :  0.7680 0.2320 
217      217   (0)      3 :  0.8448 0.1552 
218      218   (0)      3 :  0.6874 0.3126 
219      219   (0)      3 :  0.8342 0.1658 
220      220   (0)      3 :  0.4594 0.5406 
221      221   (0)      3 :  0.7636 0.2364 
222      222   (0)      3 :  0.8328 0.1672 
223      223   (0)      3 :  0.8136 0.1864 
224      224   (0)      3 :  0.7344 0.2656 
225      225   (0)      3 :  0.9272 0.0728 
226      226   (0)      3 :  0.8224 0.1776 
227      227   (0)      3 :  0.7292 0.2708 
228      228   (0)      3 :  0.9380 0.0620 
229      229   (0)      3 :  0.7248 0.2752 
230      230   (0)      3 :  0.7392 0.2608 
231      231   (0)      3 :  0.7370 0.2630 
232      232   (0)      3 :  0.6292 0.3708 
233      233   (0)      3 :  0.8764 0.1236 
234      234   (0)      3 :  0.9282 0.0718 
235      235   (0)      3 :  0.6500 0.3500 
236      236   (0)      3 :  0.8352 0.1648 
237      237   (0)      3 :  0.7924 0.2076 
238      238   (0)      3 :  0.8906 0.1094 
239      239   (0)      3 :  0.8134 0.1866 
240      240   (0)      3 :  0.8334 0.1666 
241      241   (0)      3 :  0.8488 0.1512 
242      242   (0)      3 :  0.9546 0.0454 
243      243   (0)      3 :  0.7436 0.2564 
244      244   (0)      3 :  0.7984 0.2016 
245      245   (0)      3 :  0.7114 0.2886 
246      246   (0)      3 :  0.8090 0.1910 
247      247   (0)      3 :  0.7956 0.2044 
248      248   (0)      3 :  0.6610 0.3390 
249      249   (0)      3 :  0.7304 0.2696 
250      250   (0)      3 :  0.7300 0.2700 
251      251   (0)      3 :  0.8728 0.1272 
252      252   (0)      3 :  0.7236 0.2764 
253      253   (0)      3 :  0.5250 0.4750 
254      254   (0)      3 :  0.6890 0.3110 
255      255   (0)      3 :  0.9000 0.1000 
256      256   (0)      3 :  0.8982 0.1018 
257      257   (0)      3 :  0.9060 0.0940 
258      258   (0)      3 :  0.8796 0.1204 
259      259   (0)      3 :  0.8374 0.1626 
260      260   (0)      3 :  0.5234 0.4766 
261      261   (0)      3 :  0.6868 0.3132 
262      262   (0)      3 :  0.9450 0.0550 
263      263   (0)      3 :  0.9184 0.0816 
264      264   (0)      3 :  0.8790 0.1210 
265      265   (0)      3 :  0.8550 0.1450 
266      266   (0)      3 :  0.8804 0.1196 
267      267   (0)      3 :  0.8042 0.1958 
268      268   (0)      3 :  0.7572 0.2428 
269      269   (0)      3 :  0.7640 0.2360 
270      270   (0)      3 :  0.9460 0.0540 
271      271   (0)      3 :  0.7720 0.2280 
272      272   (0)      3 :  0.5600 0.4400 
273      273   (0)      3 :  0.6888 0.3112 
274      274   (0)      3 :  0.7630 0.2370 
275      275   (0)      3 :  0.7604 0.2396 
276      276   (0)      3 :  0.9450 0.0550 
277      277   (0)      3 :  0.7380 0.2620 
278      278   (0)      3 :  0.8220 0.1780 
279      279   (0)      3 :  0.7684 0.2316 
280      280   (0)      3 :  0.8828 0.1172 
281      281   (0)      3 :  0.8888 0.1112 
282      282   (0)      3 :  0.5744 0.4256 
283      283   (0)      3 :  0.8742 0.1258 
284      284   (0)      3 :  0.9470 0.0530 
285      285   (0)      3 :  0.9180 0.0820 
286      286   (0)      3 :  0.8086 0.1914 
287      287   (0)      3 :  0.7506 0.2494 
288      288   (0)      3 :  0.8414 0.1586 
289      289   (0)      3 :  0.5876 0.4124 
290      290   (0)      3 :  0.8706 0.1294 
291      291   (0)      3 :  0.6878 0.3122 
292      292   (0)      3 :  0.6882 0.3118 
293      293   (0)      3 :  0.8508 0.1492 
294      294   (0)      3 :  0.8224 0.1776 
295      295   (0)      3 :  0.8210 0.1790 
296      296   (0)      3 :  0.8132 0.1868 
297      297   (0)      3 :  0.8760 0.1240 
298      298   (0)      3 :  0.7674 0.2326 
299      299   (0)      3 :  0.5970 0.4030 
300      300   (0)      3 :  0.8482 0.1518 
301      301   (0)      4 :  0.7136 0.2864 
302      302   (0)      4 :  0.5020 0.4980 
303      303   (0)      4 :  0.5072 0.4928 
304      304   (0)      4 :  0.6588 0.3412 
305      305   (0)      4 :  0.6476 0.3524 
306      306   (0)      4 :  0.4670 0.5330 
307      307   (0)      4 :  0.4660 0.5340 
308      308   (0)      4 :  0.5784 0.4216 
309      309   (0)      4 :  0.4984 0.5016 
310      310   (0)      4 :  0.4126 0.5874 
311      311   (0)      4 :  0.3150 0.6850 
312      312   (0)      4 :  0.6836 0.3164 
313      313   (0)      4 :  0.6424 0.3576 
314      314   (0)      4 :  0.4220 0.5780 
315      315   (0)      4 :  0.5400 0.4600 
316      316   (0)      4 :  0.4582 0.5418 
317      317   (0)      4 :  0.4778 0.5222 
318      318   (0)      4 :  0.4970 0.5030 
319      319   (0)      4 :  0.4310 0.5690 
320      320   (0)      4 :  0.5414 0.4586 
321      321   (0)      4 :  0.5492 0.4508 
322      322   (0)      4 :  0.5000 0.5000 
323      323   (0)      4 :  0.4492 0.5508 
324      324   (0)      4 :  0.6212 0.3788 
325      325   (0)      4 :  0.5900 0.4100 
326      326   (0)      4 :  0.5700 0.4300 
327      327   (0)      4 :  0.4456 0.5544 
328      328   (0)      4 :  0.4768 0.5232 
329      329   (0)      4 :  0.5276 0.4724 
330      330   (0)      4 :  0.5544 0.4456 
331      331   (0)      4 :  0.5380 0.4620 
332      332   (0)      4 :  0.4110 0.5890 
333      333   (0)      4 :  0.4560 0.5440 
334      334   (0)      4 :  0.4610 0.5390 
335      335   (0)      4 :  0.4210 0.5790 
336      336   (0)      4 :  0.5062 0.4938 
337      337   (0)      4 :  0.4750 0.5250 
338      338   (0)      4 :  0.5210 0.4790 
339      339   (0)      4 :  0.6072 0.3928 
340      340   (0)      4 :  0.4282 0.5718 
341      341   (0)      4 :  0.4880 0.5120 
342      342   (0)      4 :  0.4930 0.5070 
343      343   (0)      4 :  0.5286 0.4714 
344      344   (0)      4 :  0.5190 0.4810 
345      345   (0)      4 :  0.5612 0.4388 
346      346   (0)      4 :  0.3820 0.6180 
347      347   (0)      4 :  0.5400 0.4600 
348      348   (0)      4 :  0.4850 0.5150 
349      349   (0)      4 :  0.6438 0.3562 
350      350   (0)      4 :  0.5930 0.4070 
351      351   (0)      4 :  0.5622 0.4378 
352      352   (0)      4 :  0.5302 0.4698 
353      353   (0)      4 :  0.4718 0.5282 
354      354   (0)      4 :  0.7672 0.2328 
355      355   (0)      4 :  0.6228 0.3772 
356      356   (0)      4 :  0.4540 0.5460 
357      357   (0)      4 :  0.3772 0.6228 
358      358   (0)      4 :  0.6370 0.3630 
359      359   (0)      4 :  0.4260 0.5740 
360      360   (0)      4 :  0.6278 0.3722 
361      361   (0)      4 :  0.3560 0.6440 
362      362   (0)      4 :  0.5830 0.4170 
363      363   (0)      4 :  0.5160 0.4840 
364      364   (0)      4 :  0.5278 0.4722 
365      365   (0)      4 :  0.4330 0.5670 
366      366   (0)      4 :  0.6190 0.3810 
367      367   (0)      4 :  0.3312 0.6688 
368      368   (0)      4 :  0.4040 0.5960 
369      369   (0)      4 :  0.5840 0.4160 
370      370   (0)      4 :  0.5144 0.4856 
371      371   (0)      4 :  0.4460 0.5540 
372      372   (0)      4 :  0.6214 0.3786 
373      373   (0)      4 :  0.4312 0.5688 
374      374   (0)      4 :  0.4830 0.5170 
375      375   (0)      4 :  0.4950 0.5050 
376      376   (0)      4 :  0.4670 0.5330 
377      377   (0)      4 :  0.4642 0.5358 
378      378   (0)      4 :  0.4602 0.5398 
379      379   (0)      4 :  0.6070 0.3930 
380      380   (0)      4 :  0.6780 0.3220 
381      381   (0)      4 :  0.4922 0.5078 
382      382   (0)      4 :  0.5040 0.4960 
383      383   (0)      4 :  0.5560 0.4440 
384      384   (0)      4 :  0.4080 0.5920 
385      385   (0)      4 :  0.5118 0.4882 
386      386   (0)      4 :  0.4600 0.5400 
387      387   (0)      4 :  0.5804 0.4196 
388      388   (0)      4 :  0.4816 0.5184 
389      389   (0)      4 :  0.5150 0.4850 
390      390   (0)      4 :  0.5660 0.4340 
391      391   (0)      4 :  0.4820 0.5180 
392      392   (0)      4 :  0.5494 0.4506 
393      393   (0)      4 :  0.5592 0.4408 
394      394   (0)      4 :  0.6284 0.3716 
395      395   (0)      4 :  0.5914 0.4086 
396      396   (0)      4 :  0.4910 0.5090 
397      397   (0)      4 :  0.4840 0.5160 
398      398   (0)      4 :  0.4630 0.5370 
399      399   (0)      4 :  0.4960 0.5040 
400      400   (0)      4 :  0.5086 0.4914 
401      401   (0)      5 :  0.3750 0.6250 
402      402   (0)      5 :  0.3990 0.6010 
403      403   (0)      5 :  0.3676 0.6324 
404      404   (0)      5 :  0.2220 0.7780 
405      405   (0)      5 :  0.3710 0.6290 
406      406   (0)      5 :  0.1630 0.8370 
407      407   (0)      5 :  0.3378 0.6622 
408      408   (0)      5 :  0.2320 0.7680 
409      409   (0)      5 :  0.3050 0.6950 
410      410   (0)      5 :  0.2520 0.7480 
411      411   (0)      5 :  0.1876 0.8124 
412      412   (0)      5 :  0.2728 0.7272 
413      413   (0)      5 :  0.1400 0.8600 
414      414   (0)      5 :  0.2230 0.7770 
415      415   (0)      5 :  0.2456 0.7544 
416      416   (0)      5 :  0.3358 0.6642 
417      417   (0)      5 :  0.0960 0.9040 
418      418   (0)      5 :  0.2760 0.7240 
419      419   (0)      5 :  0.1986 0.8014 
420      420   (0)      5 :  0.2128 0.7872 
421      421   (0)      5 :  0.2560 0.7440 
422      422   (0)      5 :  0.3000 0.7000 
423      423   (0)      5 :  0.3150 0.6850 
424      424   (0)      5 :  0.3242 0.6758 
425      425   (0)      5 :  0.3134 0.6866 
426      426   (0)      5 :  0.3608 0.6392 
427      427   (0)      5 :  0.0760 0.9240 
428      428   (0)      5 :  0.2990 0.7010 
429      429   (0)      5 :  0.2254 0.7746 
430      430   (0)      5 :  0.1610 0.8390 
431      431   (0)      5 :  0.2254 0.7746 
432      432   (0)      5 :  0.2228 0.7772 
433      433   (0)      5 :  0.2210 0.7790 
434      434   (0)      5 :  0.2400 0.7600 
435      435   (0)      5 :  0.1242 0.8758 
436      436   (0)      5 :  0.1960 0.8040 
437      437   (0)      5 :  0.3590 0.6410 
438      438   (0)      5 :  0.0544 0.9456 
439      439   (0)      5 :  0.3556 0.6444 
440      440   (0)      5 :  0.3350 0.6650 
441      441   (0)      5 :  0.2562 0.7438 
442      442   (0)      5 :  0.2796 0.7204 
443      443   (0)      5 :  0.3200 0.6800 
444      444   (0)      5 :  0.2752 0.7248 
445      445   (0)      5 :  0.3264 0.6736 
446      446   (0)      5 :  0.1550 0.8450 
447      447   (0)      5 :  0.3980 0.6020 
448      448   (0)      5 :  0.2274 0.7726 
449      449   (0)      5 :  0.3572 0.6428 
450      450   (0)      5 :  0.0970 0.9030 
451      451   (0)      5 :  0.3748 0.6252 
452      452   (0)      5 :  0.1890 0.8110 
453      453   (0)      5 :  0.1520 0.8480 
454      454   (0)      5 :  0.0350 0.9650 
455      455   (0)      5 :  0.3318 0.6682 
456      456   (0)      5 :  0.2706 0.7294 
457      457   (0)      5 :  0.2560 0.7440 
458      458   (0)      5 :  0.3220 0.6780 
459      459   (0)      5 :  0.2826 0.7174 
460      460   (0)      5 :  0.1990 0.8010 
461      461   (0)      5 :  0.3956 0.6044 
462      462   (0)      5 :  0.3910 0.6090 
463      463   (0)      5 :  0.3348 0.6652 
464      464   (0)      5 :  0.1800 0.8200 
465      465   (0)      5 :  0.3040 0.6960 
466      466   (0)      5 :  0.1108 0.8892 
467      467   (0)      5 :  0.2926 0.7074 
468      468   (0)      5 :  0.2690 0.7310 
469      469   (0)      5 :  0.2576 0.7424 
470      470   (0)      5 :  0.3308 0.6692 
471      471   (0)      5 :  0.2150 0.7850 
472      472   (0)      5 :  0.2198 0.7802 
473      473   (0)      5 :  0.1250 0.8750 
474      474   (0)      5 :  0.2852 0.7148 
475      475   (0)      5 :  0.1518 0.8482 
476      476   (0)      5 :  0.3240 0.6760 
477      477   (0)      5 :  0.1780 0.8220 
478      478   (0)      5 :  0.0680 0.9320 
479      479   (0)      5 :  0.1770 0.8230 
480      480   (0)      5 :  0.3000 0.7000 
481      481   (0)      5 :  0.2802 0.7198 
482      482   (0)      5 :  0.3560 0.6440 
483      483   (0)      5 :  0.2334 0.7666 
484      484   (0)      5 :  0.2554 0.7446 
485      485   (0)      5 :  0.2300 0.7700 
486      486   (0)      5 :  0.2670 0.7330 
487      487   (0)      5 :  0.3278 0.6722 
488      488   (0)      5 :  0.1794 0.8206 
489      489   (0)      5 :  0.1340 0.8660 
490      490   (0)      5 :  0.3500 0.6500 
491      491   (0)      5 :  0.1280 0.8720 
492      492   (0)      5 :  0.1190 0.8810 
493      493   (0)      5 :  0.2170 0.7830 
494      494   (0)      5 :  0.3392 0.6608 
495      495   (0)      5 :  0.2370 0.7630 
496      496   (0)      5 :  0.1640 0.8360 
497      497   (0)      5 :  0.2000 0.8000 
498      498   (0)      5 :  0.4338 0.5662 
499      499   (0)      5 :  0.3390 0.6610 
500      500   (0)      5 :  0.2750 0.7250 
501      501   (0)      6 :  0.0920 0.9080 
502      502   (0)      6 :  0.1660 0.8340 
503      503   (0)      6 :  0.0520 0.9480 
504      504   (0)      6 :  0.3160 0.6840 
505      505   (0)      6 :  0.0410 0.9590 
506      506   (0)      6 :  0.0560 0.9440 
507      507   (0)      6 :  0.0800 0.9200 
508      508   (0)      6 :  0.1660 0.8340 
509      509   (0)      6 :  0.1974 0.8026 
510      510   (0)      6 :  0.0240 0.9760 
511      511   (0)      6 :  0.0810 0.9190 
512      512   (0)      6 :  0.1856 0.8144 
513      513   (0)      6 :  0.1562 0.8438 
514      514   (0)      6 :  0.0640 0.9360 
515      515   (0)      6 :  0.1074 0.8926 
516      516   (0)      6 :  0.0170 0.9830 
517      517   (0)      6 :  0.0940 0.9060 
518      518   (0)      6 :  0.0742 0.9258 
519      519   (0)      6 :  0.2200 0.7800 
520      520   (0)      6 :  0.0560 0.9440 
521      521   (0)      6 :  0.1410 0.8590 
522      522   (0)      6 :  0.2844 0.7156 
523      523   (0)      6 :  0.1492 0.8508 
524      524   (0)      6 :  0.2702 0.7298 
525      525   (0)      6 :  0.1060 0.8940 
526      526   (0)      6 :  0.0940 0.9060 
527      527   (0)      6 :  0.0870 0.9130 
528      528   (0)      6 :  0.2990 0.7010 
529      529   (0)      6 :  0.2600 0.7400 
530      530   (0)      6 :  0.0730 0.9270 
531      531   (0)      6 :  0.0460 0.9540 
532      532   (0)      6 :  0.0840 0.9160 
533      533   (0)      6 :  0.2032 0.7968 
534      534   (0)      6 :  0.1848 0.8152 
535      535   (0)      6 :  0.0710 0.9290 
536      536   (0)      6 :  0.0740 0.9260 
537      537   (0)      6 :  0.0400 0.9600 
538      538   (0)      6 :  0.1780 0.8220 
539      539   (0)      6 :  0.1800 0.8200 
540      540   (0)      6 :  0.1914 0.8086 
541      541   (0)      6 :  0.1180 0.8820 
542      542   (0)      6 :  0.1210 0.8790 
543      543   (0)      6 :  0.0760 0.9240 
544      544   (0)      6 :  0.1600 0.8400 
545      545   (0)      6 :  0.0828 0.9172 
546      546   (0)      6 :  0.1740 0.8260 
547      547   (0)      6 :  0.1970 0.8030 
548      548   (0)      6 :  0.2330 0.7670 
549      549   (0)      6 :  0.0600 0.9400 
550      550   (0)      6 :  0.1516 0.8484 
551      551   (0)      6 :  0.0988 0.9012 
552      552   (0)      6 :  0.1500 0.8500 
553      553   (0)      6 :  0.0930 0.9070 
554      554   (0)      6 :  0.3070 0.6930 
555      555   (0)      6 :  0.1768 0.8232 
556      556   (0)      6 :  0.0282 0.9718 
557      557   (0)      6 :  0.0350 0.9650 
558      558   (0)      6 :  0.0180 0.9820 
559      559   (0)      6 :  0.0266 0.9734 
560      560   (0)      6 :  0.1864 0.8136 
561      561   (0)      6 :  0.1410 0.8590 
562      562   (0)      6 :  0.0980 0.9020 
563      563   (0)      6 :  0.0450 0.9550 
564      564   (0)      6 :  0.0806 0.9194 
565      565   (0)      6 :  0.0280 0.9720 
566      566   (0)      6 :  0.1440 0.8560 
567      567   (0)      6 :  0.0780 0.9220 
568      568   (0)      6 :  0.1150 0.8850 
569      569   (0)      6 :  0.0594 0.9406 
570      570   (0)      6 :  0.0228 0.9772 
571      571   (0)      6 :  0.1016 0.8984 
572      572   (0)      6 :  0.0660 0.9340 
573      573   (0)      6 :  0.0792 0.9208 
574      574   (0)      6 :  0.0210 0.9790 
575      575   (0)      6 :  0.0260 0.9740 
576      576   (0)      6 :  0.2094 0.7906 
577      577   (0)      6 :  0.2516 0.7484 
578      578   (0)      6 :  0.1140 0.8860 
579      579   (0)      6 :  0.1020 0.8980 
580      580   (0)      6 :  0.1654 0.8346 
581      581   (0)      6 :  0.1810 0.8190 
582      582   (0)      6 :  0.0430 0.9570 
583      583   (0)      6 :  0.0594 0.9406 
584      584   (0)      6 :  0.0640 0.9360 
585      585   (0)      6 :  0.2490 0.7510 
586      586   (0)      6 :  0.1426 0.8574 
587      587   (0)      6 :  0.0410 0.9590 
588      588   (0)      6 :  0.1510 0.8490 
589      589   (0)      6 :  0.0620 0.9380 
590      590   (0)      6 :  0.0650 0.9350 
591      591   (0)      6 :  0.0190 0.9810 
592      592   (0)      6 :  0.0600 0.9400 
593      593   (0)      6 :  0.2390 0.7610 
594      594   (0)      6 :  0.0280 0.9720 
595      595   (0)      6 :  0.1550 0.8450 
596      596   (0)      6 :  0.1350 0.8650 
597      597   (0)      6 :  0.0720 0.9280 
598      598   (0)      6 :  0.1110 0.8890 
599      599   (0)      6 :  0.1300 0.8700 
600      600   (0)      6 :  0.1030 0.8970 
601      601   (5)      7 :  0.0320 0.9680 
602      602   (0)      7 :  0.0370 0.9630 
603      603   (0)      7 :  0.0190 0.9810 
604      604   (0)      7 :  0.0710 0.9290 
605      605   (0)      7 :  0.0220 0.9780 
606      606   (0)      7 :  0.0250 0.9750 
607      607   (0)      7 :  0.0160 0.9840 
608      608   (0)      7 :  0.0270 0.9730 
609      609   (0)      7 :  0.0320 0.9680 
610      610   (0)      7 :  0.0300 0.9700 
611      611   (0)      7 :  0.0152 0.9848 
612      612   (0)      7 :  0.0190 0.9810 
613      613   (0)      7 :  0.0310 0.9690 
614      614   (5)      7 :  0.0150 0.9850 
615      615   (0)      7 :  0.0200 0.9800 
616      616   (0)      7 :  0.0180 0.9820 
617      617   (0)      7 :  0.0220 0.9780 
618      618   (0)      7 :  0.0340 0.9660 
619      619   (0)      7 :  0.0290 0.9710 
620      620   (0)      7 :  0.0188 0.9812 
621      621   (0)      7 :  0.0160 0.9840 
622      622   (0)      7 :  0.0280 0.9720 
623      623   (0)      7 :  0.0180 0.9820 
624      624   (0)      7 :  0.0140 0.9860 
625      625   (0)      7 :  0.0150 0.9850 
626      626   (0)      7 :  0.0180 0.9820 
627      627   (0)      7 :  0.0180 0.9820 
628      628   (0)      7 :  0.0188 0.9812 
629      629   (0)      8 :  0.0370 0.9630 
630      630   (0)      8 :  0.0190 0.9810 
631      631   (0)      8 :  0.0220 0.9780 
632      632   (0)      8 :  0.0200 0.9800 
633      633   (0)      8 :  0.0150 0.9850 
634      634   (0)      8 :  0.0180 0.9820 
635      635   (0)      8 :  0.0210 0.9790 
636      636   (0)      8 :  0.0210 0.9790 
637      637   (0)      8 :  0.0240 0.9760 
638      638   (0)      8 :  0.0162 0.9838 
639      639   (0)      8 :  0.0170 0.9830 
640      640   (0)      8 :  0.0240 0.9760 
641      641   (0)      8 :  0.0170 0.9830 
642      642   (0)      8 :  0.0170 0.9830 
643      643   (0)      8 :  0.0170 0.9830 
644      644   (0)      8 :  0.0200 0.9800 
645      645   (0)      8 :  0.0230 0.9770 
646      646   (0)      8 :  0.0240 0.9760 
647      647   (0)      8 :  0.0160 0.9840 
648      648   (0)      8 :  0.0290 0.9710 
649      649   (0)      8 :  0.0160 0.9840 
650      650   (0)      8 :  0.0180 0.9820 
651      651   (0)      8 :  0.0236 0.9764 
652      652   (0)      8 :  0.0310 0.9690 
653      653   (0)      8 :  0.0270 0.9730 
654      654   (0)      8 :  0.0604 0.9396 
655      655   (0)      8 :  0.0160 0.9840 
656      656   (0)      8 :  0.0180 0.9820 
657      657   (0)      8 :  0.0400 0.9600 
658      658   (0)      8 :  0.0200 0.9800 
659      659   (0)      8 :  0.0210 0.9790 
660      660   (0)      8 :  0.0180 0.9820 
661      661   (0)      8 :  0.0290 0.9710 
662      662   (0)      8 :  0.0240 0.9760 
663      663   (0)      8 :  0.0250 0.9750 
664      664   (0)      8 :  0.0140 0.9860 
665      665   (0)      8 :  0.0170 0.9830 
666      666   (0)      8 :  0.0230 0.9770 
667      667   (0)      8 :  0.0390 0.9610 
668      668   (0)      8 :  0.0230 0.9770 
669      669   (0)      8 :  0.0150 0.9850 
670      670   (0)      8 :  0.0240 0.9760 
671      671   (0)      8 :  0.0200 0.9800 
672      672   (0)      8 :  0.0200 0.9800 
673      673   (0)      8 :  0.0280 0.9720 
674      674   (0)      8 :  0.0220 0.9780 
675      675   (0)      8 :  0.0260 0.9740 
676      676   (0)      8 :  0.0190 0.9810 
677      677   (0)      8 :  0.0150 0.9850 
678      678   (0)      8 :  0.0160 0.9840 
679      679   (0)      8 :  0.0190 0.9810 
680      680   (0)      8 :  0.0260 0.9740 
681      681   (0)      8 :  0.0242 0.9758 
682      682   (0)      8 :  0.0386 0.9614 
683      683   (0)      8 :  0.0170 0.9830 
684      684   (0)      8 :  0.0190 0.9810 
685      685   (0)      8 :  0.0170 0.9830 
686      686   (0)      8 :  0.0250 0.9750 
687      687   (0)      8 :  0.0210 0.9790 
688      688   (0)      8 :  0.0240 0.9760 
689      689   (0)      8 :  0.0200 0.9800 
690      690   (0)      8 :  0.0220 0.9780 
691      691   (0)      8 :  0.0310 0.9690 
692      692   (0)      8 :  0.0250 0.9750 
693      693   (0)      8 :  0.0150 0.9850 
694      694   (0)      8 :  0.0250 0.9750 
695      695   (0)      8 :  0.0160 0.9840 
696      696   (0)      8 :  0.0250 0.9750 
697      697   (0)      8 :  0.0160 0.9840 
698      698   (0)      8 :  0.0160 0.9840 
699      699   (0)      8 :  0.0450 0.9550 
700      700   (0)      8 :  0.0270 0.9730 
