  1        1   (5)      1 :  0.0340 0.9660 
  2        2   (5)      1 :  0.0520 0.9480 
  3        3   (5)      1 :  0.0220 0.9780 
  4        4   (0)      1 :  0.0160 0.9840 
  5        5   (0)      1 :  0.0710 0.9290 
  6        6   (0)      1 :  0.0260 0.9740 
  7        7   (0)      1 :  0.0750 0.9250 
  8        8   (5)      1 :  0.0190 0.9810 
  9        9   (0)      1 :  0.0180 0.9820 
 10       10   (0)      1 :  0.0868 0.9132 
 11       11   (0)      1 :  0.0340 0.9660 
 12       12   (0)      1 :  0.0270 0.9730 
 13       13   (0)      1 :  0.0190 0.9810 
 14       14   (0)      1 :  0.0300 0.9700 
 15       15   (0)      1 :  0.0326 0.9674 
 16       16   (0)      1 :  0.0162 0.9838 
 17       17   (0)      1 :  0.0180 0.9820 
 18       18   (0)      1 :  0.0410 0.9590 
 19       19   (0)      1 :  0.0196 0.9804 
 20       20   (0)      1 :  0.0526 0.9474 
 21       21   (0)      1 :  0.0170 0.9830 
 22       22   (0)      1 :  0.0150 0.9850 
 23       23   (0)      1 :  0.0160 0.9840 
 24       24   (0)      1 :  0.0190 0.9810 
 25       25   (0)      1 :  0.0502 0.9498 
 26       26   (0)      1 :  0.0190 0.9810 
 27       27   (5)      1 :  0.0610 0.9390 
 28       28   (0)      1 :  0.0300 0.9700 
 29       29   (0)      1 :  0.0180 0.9820 
 30       30   (0)      1 :  0.0922 0.9078 
 31       31   (0)      1 :  0.0170 0.9830 
 32       32   (0)      1 :  0.0510 0.9490 
 33       33   (0)      1 :  0.0140 0.9860 
 34       34   (0)      1 :  0.0170 0.9830 
 35       35   (0)      1 :  0.0510 0.9490 
 36       36   (0)      1 :  0.0174 0.9826 
 37       37   (0)      1 :  0.0320 0.9680 
 38       38   (0)      1 :  0.0328 0.9672 
 39       39   (0)      1 :  0.0330 0.9670 
 40       40   (0)      1 :  0.0260 0.9740 
 41       41   (0)      1 :  0.0220 0.9780 
 42       42   (0)      1 :  0.0130 0.9870 
 43       43   (0)      1 :  0.0230 0.9770 
 44       44   (0)      1 :  0.0160 0.9840 
 45       45   (5)      1 :  0.0350 0.9650 
 46       46   (0)      1 :  0.0180 0.9820 
 47       47   (0)      1 :  0.0290 0.9710 
 48       48   (0)      1 :  0.0290 0.9710 
 49       49   (0)      1 :  0.0530 0.9470 
 50       50   (0)      1 :  0.0250 0.9750 
 51       51   (0)      1 :  0.0282 0.9718 
 52       52   (0)      1 :  0.0662 0.9338 
 53       53   (0)      1 :  0.0290 0.9710 
 54       54   (0)      1 :  0.0300 0.9700 
 55       55   (0)      1 :  0.0274 0.9726 
 56       56   (0)      1 :  0.0190 0.9810 
 57       57  (10)      1 :  0.0194 0.9806 
 58       58   (5)      1 :  0.0310 0.9690 
 59       59   (0)      1 :  0.0320 0.9680 
 60       60   (0)      1 :  0.0186 0.9814 
 61       61   (0)      1 :  0.0260 0.9740 
 62       62   (0)      1 :  0.0704 0.9296 
 63       63   (0)      1 :  0.0520 0.9480 
 64       64   (0)      1 :  0.0300 0.9700 
 65       65   (0)      1 :  0.0510 0.9490 
 66       66   (0)      1 :  0.0190 0.9810 
 67       67   (5)      1 :  0.0252 0.9748 
 68       68   (0)      1 :  0.0490 0.9510 
 69       69   (0)      1 :  0.0400 0.9600 
 70       70   (0)      1 :  0.0270 0.9730 
 71       71   (5)      1 :  0.0370 0.9630 
 72       72   (0)      1 :  0.0330 0.9670 
 73       73   (5)      1 :  0.0210 0.9790 
 74       74  (10)      1 :  0.0390 0.9610 
 75       75  (10)      1 :  0.0280 0.9720 
 76       76   (0)      1 :  0.0200 0.9800 
 77       77  (10)      1 :  0.0252 0.9748 
 78       78   (0)      1 :  0.0524 0.9476 
 79       79   (5)      1 :  0.0380 0.9620 
 80       80   (0)      1 :  0.0170 0.9830 
 81       81   (0)      1 :  0.0180 0.9820 
 82       82   (0)      1 :  0.0160 0.9840 
 83       83   (0)      1 :  0.0330 0.9670 
 84       84   (0)      1 :  0.0630 0.9370 
 85       85   (0)      1 :  0.0190 0.9810 
 86       86   (5)      1 :  0.0212 0.9788 
 87       87   (0)      1 :  0.0228 0.9772 
 88       88   (0)      1 :  0.1122 0.8878 
 89       89   (0)      1 :  0.0202 0.9798 
 90       90   (0)      1 :  0.0394 0.9606 
 91       91   (0)      1 :  0.0310 0.9690 
 92       92   (0)      1 :  0.0260 0.9740 
 93       93   (0)      1 :  0.0170 0.9830 
 94       94   (5)      1 :  0.0260 0.9740 
 95       95   (0)      1 :  0.0250 0.9750 
 96       96   (5)      1 :  0.0220 0.9780 
 97       97   (0)      1 :  0.0374 0.9626 
 98       98   (0)      1 :  0.0270 0.9730 
 99       99   (5)      1 :  0.0230 0.9770 
100      100   (5)      1 :  0.0200 0.9800 
101      101   (0)      2 :  0.0150 0.9850 
102      102   (0)      2 :  0.0808 0.9192 
103      103   (0)      2 :  0.1600 0.8400 
104      104   (0)      2 :  0.0322 0.9678 
105      105   (0)      2 :  0.0350 0.9650 
106      106   (0)      2 :  0.2624 0.7376 
107      107   (0)      2 :  0.0260 0.9740 
108      108   (0)      2 :  0.0510 0.9490 
109      109   (0)      2 :  0.0450 0.9550 
110      110   (0)      2 :  0.0520 0.9480 
111      111   (0)      2 :  0.0940 0.9060 
112      112   (0)      2 :  0.0330 0.9670 
113      113   (0)      2 :  0.0208 0.9792 
114      114   (0)      2 :  0.0850 0.9150 
115      115   (0)      2 :  0.1626 0.8374 
116      116   (0)      2 :  0.0720 0.9280 
117      117   (0)      2 :  0.1538 0.8462 
118      118   (0)      2 :  0.0230 0.9770 
119      119   (0)      2 :  0.0420 0.9580 
120      120   (0)      2 :  0.0280 0.9720 
121      121   (0)      2 :  0.0500 0.9500 
122      122   (0)      2 :  0.1736 0.8264 
123      123   (0)      2 :  0.1092 0.8908 
124      124   (0)      2 :  0.0530 0.9470 
125      125   (0)      2 :  0.0450 0.9550 
126      126   (0)      2 :  0.0430 0.9570 
127      127   (0)      2 :  0.0480 0.9520 
128      128   (0)      2 :  0.0510 0.9490 
129      129   (0)      2 :  0.0652 0.9348 
130      130   (0)      2 :  0.0632 0.9368 
131      131   (0)      2 :  0.1030 0.8970 
132      132   (0)      2 :  0.0300 0.9700 
133      133   (0)      2 :  0.0810 0.9190 
134      134   (0)      2 :  0.0478 0.9522 
135      135   (0)      2 :  0.0760 0.9240 
136      136   (0)      2 :  0.1480 0.8520 
137      137   (0)      2 :  0.0530 0.9470 
138      138   (0)      2 :  0.0490 0.9510 
139      139   (0)      2 :  0.0220 0.9780 
140      140   (0)      2 :  0.0510 0.9490 
141      141   (0)      2 :  0.1478 0.8522 
142      142   (0)      2 :  0.0160 0.9840 
143      143   (0)      2 :  0.0788 0.9212 
144      144   (0)      2 :  0.0220 0.9780 
145      145   (0)      2 :  0.0280 0.9720 
146      146   (0)      2 :  0.0386 0.9614 
147      147   (0)      2 :  0.0560 0.9440 
148      148   (0)      2 :  0.0690 0.9310 
149      149   (0)      2 :  0.2840 0.7160 
150      150   (0)      2 :  0.0340 0.9660 
151      151   (0)      2 :  0.0402 0.9598 
152      152   (0)      2 :  0.0694 0.9306 
153      153   (0)      2 :  0.0430 0.9570 
154      154   (0)      2 :  0.0540 0.9460 
155      155   (0)      2 :  0.0400 0.9600 
156      156   (0)      2 :  0.0894 0.9106 
157      157   (0)      2 :  0.0200 0.9800 
158      158   (0)      2 :  0.0458 0.9542 
159      159   (0)      2 :  0.0486 0.9514 
160      160   (0)      2 :  0.0260 0.9740 
161      161   (0)      2 :  0.0512 0.9488 
162      162   (0)      2 :  0.0200 0.9800 
163      163   (0)      2 :  0.0218 0.9782 
164      164   (0)      2 :  0.0820 0.9180 
165      165   (0)      2 :  0.0280 0.9720 
166      166   (0)      2 :  0.0220 0.9780 
167      167   (0)      2 :  0.0330 0.9670 
168      168   (0)      2 :  0.0300 0.9700 
169      169   (0)      2 :  0.0310 0.9690 
170      170   (0)      2 :  0.0490 0.9510 
171      171   (0)      2 :  0.0200 0.9800 
172      172   (0)      2 :  0.0236 0.9764 
173      173   (0)      2 :  0.1490 0.8510 
174      174   (0)      2 :  0.0380 0.9620 
175      175   (0)      2 :  0.0330 0.9670 
176      176   (0)      2 :  0.1080 0.8920 
177      177   (0)      2 :  0.0488 0.9512 
178      178   (0)      2 :  0.0480 0.9520 
179      179   (0)      2 :  0.0280 0.9720 
180      180   (0)      2 :  0.0354 0.9646 
181      181   (0)      2 :  0.1862 0.8138 
182      182   (0)      2 :  0.1552 0.8448 
183      183   (0)      2 :  0.0200 0.9800 
184      184   (0)      2 :  0.0508 0.9492 
185      185   (0)      2 :  0.1486 0.8514 
186      186   (0)      2 :  0.1462 0.8538 
187      187   (0)      2 :  0.0786 0.9214 
188      188   (0)      2 :  0.0660 0.9340 
189      189   (0)      2 :  0.0710 0.9290 
190      190   (0)      2 :  0.1584 0.8416 
191      191   (0)      2 :  0.0940 0.9060 
192      192   (0)      2 :  0.0560 0.9440 
193      193   (0)      2 :  0.1686 0.8314 
194      194   (0)      2 :  0.2696 0.7304 
195      195   (0)      2 :  0.0376 0.9624 
196      196   (0)      2 :  0.0320 0.9680 
197      197   (0)      2 :  0.0900 0.9100 
198      198   (0)      2 :  0.1660 0.8340 
199      199   (0)      2 :  0.0320 0.9680 
200      200   (0)      2 :  0.2140 0.7860 
201      201   (0)      3 :  0.0530 0.9470 
202      202   (0)      3 :  0.1620 0.8380 
203      203   (0)      3 :  0.2600 0.7400 
204      204   (0)      3 :  0.4180 0.5820 
205      205   (0)      3 :  0.0752 0.9248 
206      206   (0)      3 :  0.0550 0.9450 
207      207   (0)      3 :  0.3306 0.6694 
208      208   (0)      3 :  0.4220 0.5780 
209      209   (0)      3 :  0.2452 0.7548 
210      210   (0)      3 :  0.3140 0.6860 
211      211   (0)      3 :  0.1402 0.8598 
212      212   (0)      3 :  0.2300 0.7700 
213      213   (0)      3 :  0.4132 0.5868 
214      214   (0)      3 :  0.2816 0.7184 
215      215   (0)      3 :  0.2816 0.7184 
216      216   (0)      3 :  0.2706 0.7294 
217      217   (0)      3 :  0.1048 0.8952 
218      218   (0)      3 :  0.0550 0.9450 
219      219   (0)      3 :  0.0310 0.9690 
220      220   (0)      3 :  0.2730 0.7270 
221      221   (0)      3 :  0.0614 0.9386 
222      222   (0)      3 :  0.1040 0.8960 
223      223   (0)      3 :  0.0470 0.9530 
224      224   (0)      3 :  0.1510 0.8490 
225      225   (0)      3 :  0.1460 0.8540 
226      226   (0)      3 :  0.1568 0.8432 
227      227   (0)      3 :  0.2876 0.7124 
228      228   (0)      3 :  0.2222 0.7778 
229      229   (0)      3 :  0.1676 0.8324 
230      230   (0)      3 :  0.2452 0.7548 
231      231   (0)      3 :  0.1740 0.8260 
232      232   (0)      3 :  0.3000 0.7000 
233      233   (0)      3 :  0.2896 0.7104 
234      234   (0)      3 :  0.2420 0.7580 
235      235   (0)      3 :  0.1156 0.8844 
236      236   (0)      3 :  0.0820 0.9180 
237      237   (0)      3 :  0.4340 0.5660 
238      238   (0)      3 :  0.1100 0.8900 
239      239   (0)      3 :  0.0900 0.9100 
240      240   (0)      3 :  0.1620 0.8380 
241      241   (0)      3 :  0.0850 0.9150 
242      242   (0)      3 :  0.1894 0.8106 
243      243   (0)      3 :  0.0610 0.9390 
244      244   (0)      3 :  0.1668 0.8332 
245      245   (0)      3 :  0.1730 0.8270 
246      246   (0)      3 :  0.2246 0.7754 
247      247   (0)      3 :  0.1700 0.8300 
248      248   (0)      3 :  0.0360 0.9640 
249      249   (0)      3 :  0.2820 0.7180 
250      250   (0)      3 :  0.0730 0.9270 
251      251   (0)      3 :  0.1130 0.8870 
252      252   (0)      3 :  0.2106 0.7894 
253      253   (0)      3 :  0.2400 0.7600 
254      254   (0)      3 :  0.1208 0.8792 
255      255   (0)      3 :  0.3942 0.6058 
256      256   (0)      3 :  0.0810 0.9190 
257      257   (0)      3 :  0.0834 0.9166 
258      258   (0)      3 :  0.4406 0.5594 
259      259   (0)      3 :  0.1130 0.8870 
260      260   (0)      3 :  0.1330 0.8670 
261      261   (0)      3 :  0.1590 0.8410 
262      262   (0)      3 :  0.0360 0.9640 
263      263   (0)      3 :  0.1080 0.8920 
264      264   (0)      3 :  0.1480 0.8520 
265      265   (0)      3 :  0.2082 0.7918 
266      266   (0)      3 :  0.1444 0.8556 
267      267   (0)      3 :  0.3168 0.6832 
268      268   (0)      3 :  0.0690 0.9310 
269      269   (0)      3 :  0.0410 0.9590 
270      270   (0)      3 :  0.0830 0.9170 
271      271   (0)      3 :  0.2020 0.7980 
272      272   (0)      3 :  0.0300 0.9700 
273      273   (0)      3 :  0.1140 0.8860 
274      274   (0)      3 :  0.4426 0.5574 
275      275   (0)      3 :  0.1344 0.8656 
276      276   (0)      3 :  0.2428 0.7572 
277      277   (0)      3 :  0.2482 0.7518 
278      278   (0)      3 :  0.1486 0.8514 
279      279   (0)      3 :  0.4210 0.5790 
280      280   (0)      3 :  0.1704 0.8296 
281      281   (0)      3 :  0.2610 0.7390 
282      282   (0)      3 :  0.1298 0.8702 
283      283   (0)      3 :  0.1784 0.8216 
284      284   (0)      3 :  0.1580 0.8420 
285      285   (0)      3 :  0.1748 0.8252 
286      286   (0)      3 :  0.0746 0.9254 
287      287   (0)      3 :  0.1030 0.8970 
288      288   (0)      3 :  0.3310 0.6690 
289      289   (0)      3 :  0.2784 0.7216 
290      290   (0)      3 :  0.3124 0.6876 
291      291   (0)      3 :  0.3060 0.6940 
292      292   (0)      3 :  0.3630 0.6370 
293      293   (0)      3 :  0.1410 0.8590 
294      294   (0)      3 :  0.0656 0.9344 
295      295   (0)      3 :  0.1210 0.8790 
296      296   (0)      3 :  0.0710 0.9290 
297      297   (0)      3 :  0.0634 0.9366 
298      298   (0)      3 :  0.2268 0.7732 
299      299   (0)      3 :  0.4520 0.5480 
300      300   (0)      3 :  0.2270 0.7730 
301      301   (5)      4 :  0.3700 0.6300 
302      302   (0)      4 :  0.6276 0.3724 
303      303   (0)      4 :  0.5066 0.4934 
304      304   (5)      4 :  0.5642 0.4358 
305      305   (5)      4 :  0.5960 0.4040 
306      306   (0)      4 :  0.6726 0.3274 
307      307   (0)      5 :  0.4320 0.5680 
308      308   (0)      5 :  0.4350 0.5650 
309      309   (0)      5 :  0.3126 0.6874 
310      310   (0)      5 :  0.6052 0.3948 
311      311   (0)      5 :  0.5854 0.4146 
312      312   (0)      5 :  0.6074 0.3926 
313      313   (0)      5 :  0.5990 0.4010 
314      314   (0)      5 :  0.4520 0.5480 
315      315   (0)      5 :  0.4620 0.5380 
316      316   (0)      5 :  0.5140 0.4860 
317      317   (0)      5 :  0.5510 0.4490 
318      318   (0)      5 :  0.5540 0.4460 
319      319   (0)      5 :  0.4820 0.5180 
320      320   (0)      5 :  0.4962 0.5038 
321      321   (0)      5 :  0.3338 0.6662 
322      322   (0)      5 :  0.5108 0.4892 
323      323   (0)      5 :  0.5620 0.4380 
324      324   (0)      5 :  0.3324 0.6676 
325      325   (0)      5 :  0.5102 0.4898 
326      326   (0)      5 :  0.4360 0.5640 
327      327   (0)      5 :  0.4970 0.5030 
328      328   (0)      5 :  0.6542 0.3458 
329      329   (0)      5 :  0.5126 0.4874 
330      330   (0)      5 :  0.5384 0.4616 
331      331   (0)      5 :  0.5790 0.4210 
332      332   (0)      5 :  0.4700 0.5300 
333      333   (0)      5 :  0.5020 0.4980 
334      334   (0)      5 :  0.4398 0.5602 
335      335   (0)      5 :  0.6322 0.3678 
336      336   (0)      5 :  0.4330 0.5670 
337      337   (0)      5 :  0.4968 0.5032 
338      338   (0)      5 :  0.4944 0.5056 
339      339   (0)      5 :  0.7920 0.2080 
340      340   (0)      5 :  0.5820 0.4180 
341      341   (0)      5 :  0.4610 0.5390 
342      342   (0)      5 :  0.3718 0.6282 
343      343   (0)      5 :  0.5200 0.4800 
344      344   (0)      5 :  0.5270 0.4730 
345      345   (0)      5 :  0.5080 0.4920 
346      346   (0)      5 :  0.3650 0.6350 
347      347   (0)      5 :  0.3658 0.6342 
348      348   (0)      5 :  0.6512 0.3488 
349      349   (0)      5 :  0.5960 0.4040 
350      350   (0)      5 :  0.6076 0.3924 
351      351   (0)      5 :  0.5898 0.4102 
352      352   (0)      5 :  0.5750 0.4250 
353      353   (0)      5 :  0.4550 0.5450 
354      354   (0)      5 :  0.5624 0.4376 
355      355   (0)      5 :  0.4620 0.5380 
356      356   (0)      5 :  0.7638 0.2362 
357      357   (0)      5 :  0.4350 0.5650 
358      358   (0)      5 :  0.4200 0.5800 
359      359   (0)      5 :  0.3476 0.6524 
360      360   (0)      5 :  0.2782 0.7218 
361      361   (0)      5 :  0.6408 0.3592 
362      362   (0)      5 :  0.5070 0.4930 
363      363   (0)      5 :  0.2870 0.7130 
364      364   (0)      5 :  0.4846 0.5154 
365      365   (0)      5 :  0.4340 0.5660 
366      366   (0)      5 :  0.5308 0.4692 
367      367   (0)      5 :  0.3770 0.6230 
368      368   (0)      5 :  0.3660 0.6340 
369      369   (0)      5 :  0.3678 0.6322 
370      370   (0)      5 :  0.4152 0.5848 
371      371   (0)      5 :  0.2420 0.7580 
372      372   (0)      5 :  0.3848 0.6152 
373      373   (0)      5 :  0.3936 0.6064 
374      374   (0)      5 :  0.3190 0.6810 
375      375   (0)      5 :  0.5220 0.4780 
376      376   (0)      5 :  0.3850 0.6150 
377      377   (0)      5 :  0.4906 0.5094 
378      378   (0)      5 :  0.3246 0.6754 
379      379   (0)      5 :  0.4086 0.5914 
380      380   (0)      5 :  0.3692 0.6308 
381      381   (0)      5 :  0.5858 0.4142 
382      382   (0)      5 :  0.3360 0.6640 
383      383   (0)      5 :  0.4428 0.5572 
384      384   (0)      5 :  0.4620 0.5380 
385      385   (0)      5 :  0.4668 0.5332 
386      386   (0)      5 :  0.4290 0.5710 
387      387   (0)      5 :  0.4340 0.5660 
388      388   (0)      5 :  0.3880 0.6120 
389      389   (0)      5 :  0.6326 0.3674 
390      390   (0)      5 :  0.2530 0.7470 
391      391   (0)      5 :  0.3470 0.6530 
392      392   (0)      5 :  0.5724 0.4276 
393      393   (0)      5 :  0.4642 0.5358 
394      394   (0)      5 :  0.4260 0.5740 
395      395   (0)      5 :  0.6670 0.3330 
396      396   (0)      5 :  0.5410 0.4590 
397      397   (0)      5 :  0.5310 0.4690 
398      398   (0)      5 :  0.6192 0.3808 
399      399   (0)      5 :  0.5320 0.4680 
400      400   (0)      5 :  0.3780 0.6220 
401      401   (0)      5 :  0.4620 0.5380 
402      402   (0)      5 :  0.4840 0.5160 
403      403   (0)      5 :  0.5464 0.4536 
404      404   (0)      5 :  0.4540 0.5460 
405      405   (0)      5 :  0.5010 0.4990 
406      406   (0)      5 :  0.5578 0.4422 
407      407   (0)      6 :  0.9266 0.0734 
408      408   (0)      6 :  0.8552 0.1448 
409      409   (0)      7 :  0.9330 0.0670 
410      410   (0)      7 :  0.9690 0.0310 
411      411   (0)      7 :  0.9400 0.0600 
412      412   (0)      7 :  0.9580 0.0420 
413      413   (0)      7 :  0.5968 0.4032 
414      414   (0)      7 :  0.6710 0.3290 
415      415   (0)      7 :  0.7544 0.2456 
416      416   (0)      7 :  0.7736 0.2264 
417      417   (0)      7 :  0.8582 0.1418 
418      418   (0)      7 :  0.7768 0.2232 
419      419   (0)      7 :  0.7840 0.2160 
420      420   (0)      7 :  0.5674 0.4326 
421      421   (0)      7 :  0.6860 0.3140 
422      422   (0)      7 :  0.6140 0.3860 
423      423   (0)      7 :  0.8700 0.1300 
424      424   (0)      7 :  0.8852 0.1148 
425      425   (0)      7 :  0.9398 0.0602 
426      426   (0)      7 :  0.7080 0.2920 
427      427   (0)      7 :  0.7764 0.2236 
428      428   (0)      7 :  0.6902 0.3098 
429      429   (0)      7 :  0.7848 0.2152 
430      430   (0)      7 :  0.7550 0.2450 
431      431   (0)      7 :  0.7418 0.2582 
432      432   (0)      7 :  0.8726 0.1274 
433      433   (0)      7 :  0.8032 0.1968 
434      434   (0)      7 :  0.6764 0.3236 
435      435   (0)      7 :  0.9352 0.0648 
436      436   (0)      7 :  0.6910 0.3090 
437      437   (0)      7 :  0.9260 0.0740 
438      438   (0)      7 :  0.8940 0.1060 
439      439   (0)      7 :  0.6876 0.3124 
440      440   (0)      7 :  0.9030 0.0970 
441      441   (0)      7 :  0.9120 0.0880 
442      442   (0)      7 :  0.7652 0.2348 
443      443   (0)      7 :  0.7958 0.2042 
444      444   (0)      7 :  0.9070 0.0930 
445      445   (0)      7 :  0.8170 0.1830 
446      446   (0)      7 :  0.8764 0.1236 
447      447   (0)      7 :  0.8976 0.1024 
448      448   (0)      7 :  0.7140 0.2860 
449      449   (0)      7 :  0.7998 0.2002 
450      450   (0)      7 :  0.9032 0.0968 
451      451   (0)      7 :  0.7150 0.2850 
452      452   (0)      7 :  0.6852 0.3148 
453      453   (0)      7 :  0.8552 0.1448 
454      454   (0)      7 :  0.7882 0.2118 
455      455   (0)      7 :  0.6560 0.3440 
456      456   (0)      7 :  0.7772 0.2228 
457      457   (0)      7 :  0.7510 0.2490 
458      458   (0)      7 :  0.6888 0.3112 
459      459   (0)      7 :  0.8322 0.1678 
460      460   (0)      7 :  0.6688 0.3312 
461      461   (0)      7 :  0.7840 0.2160 
462      462   (0)      7 :  0.7034 0.2966 
463      463   (0)      7 :  0.8364 0.1636 
464      464   (0)      7 :  0.7030 0.2970 
465      465   (0)      7 :  0.6966 0.3034 
466      466   (0)      7 :  0.7892 0.2108 
467      467   (0)      7 :  0.5490 0.4510 
468      468   (0)      7 :  0.6768 0.3232 
469      469   (0)      7 :  0.9320 0.0680 
470      470   (0)      7 :  0.7130 0.2870 
471      471   (0)      7 :  0.7516 0.2484 
472      472   (0)      7 :  0.8154 0.1846 
473      473   (0)      7 :  0.7110 0.2890 
474      474   (0)      7 :  0.7696 0.2304 
475      475   (0)      7 :  0.7136 0.2864 
476      476   (0)      7 :  0.7360 0.2640 
477      477   (0)      7 :  0.8890 0.1110 
478      478   (0)      7 :  0.5556 0.4444 
479      479   (0)      7 :  0.9236 0.0764 
480      480   (0)      7 :  0.7152 0.2848 
481      481   (0)      7 :  0.9612 0.0388 
482      482   (0)      7 :  0.9250 0.0750 
483      483   (0)      7 :  0.9334 0.0666 
484      484   (0)      7 :  0.8220 0.1780 
485      485   (0)      7 :  0.5812 0.4188 
486      486   (0)      7 :  0.7210 0.2790 
487      487   (0)      7 :  0.6552 0.3448 
488      488   (0)      7 :  0.7080 0.2920 
489      489   (0)      7 :  0.8812 0.1188 
490      490   (0)      7 :  0.8110 0.1890 
491      491   (0)      7 :  0.8700 0.1300 
492      492   (0)      7 :  0.8462 0.1538 
493      493   (0)      7 :  0.6902 0.3098 
494      494   (0)      7 :  0.8210 0.1790 
495      495   (0)      7 :  0.9830 0.0170 
496      496   (0)      7 :  0.6842 0.3158 
497      497   (0)      7 :  0.8198 0.1802 
498      498   (0)      7 :  0.8364 0.1636 
499      499   (0)      7 :  0.8200 0.1800 
500      500   (0)      7 :  0.7342 0.2658 
501      501   (0)      7 :  0.7902 0.2098 
502      502   (0)      7 :  0.7080 0.2920 
503      503   (0)      7 :  0.9060 0.0940 
504      504   (0)      7 :  0.7378 0.2622 
505      505   (0)      7 :  0.6838 0.3162 
506      506   (0)      7 :  0.7796 0.2204 
507      507   (0)      7 :  0.8120 0.1880 
508      508   (0)      7 :  0.8446 0.1554 
509      509  (10)      8 :  0.9770 0.0230 
510      510   (5)      8 :  0.9720 0.0280 
511      511   (5)      8 :  0.9060 0.0940 
512      512   (5)      8 :  0.9790 0.0210 
513      513  (10)      8 :  0.9700 0.0300 
514      514   (5)      8 :  0.8470 0.1530 
515      515  (10)      8 :  0.9590 0.0410 
516      516   (0)      8 :  0.9408 0.0592 
517      517   (0)      8 :  0.9560 0.0440 
518      518   (0)      8 :  0.9820 0.0180 
519      519   (0)      8 :  0.9608 0.0392 
520      520   (0)      8 :  0.8800 0.1200 
521      521   (0)      8 :  0.9774 0.0226 
522      522   (0)      8 :  0.9760 0.0240 
523      523   (0)      8 :  0.9640 0.0360 
524      524   (0)      8 :  0.9560 0.0440 
525      525   (0)      8 :  0.9660 0.0340 
526      526   (0)      8 :  0.8904 0.1096 
527      527   (0)      8 :  0.9630 0.0370 
528      528   (5)      8 :  0.9590 0.0410 
529      529   (0)      8 :  0.9730 0.0270 
530      530   (0)      8 :  0.9090 0.0910 
531      531   (5)      8 :  0.9454 0.0546 
532      532   (5)      8 :  0.9370 0.0630 
533      533   (0)      8 :  0.7858 0.2142 
534      534   (0)      8 :  0.9128 0.0872 
535      535   (0)      8 :  0.9300 0.0700 
536      536   (0)      8 :  0.9772 0.0228 
537      537   (0)      8 :  0.9830 0.0170 
538      538   (0)      8 :  0.9720 0.0280 
539      539   (0)      8 :  0.9840 0.0160 
540      540   (0)      8 :  0.9640 0.0360 
541      541   (0)      8 :  0.9154 0.0846 
542      542   (0)      8 :  0.9590 0.0410 
543      543   (0)      8 :  0.9234 0.0766 
544      544   (0)      8 :  0.9440 0.0560 
545      545   (0)      8 :  0.8270 0.1730 
546      546   (0)      8 :  0.9620 0.0380 
547      547   (0)      8 :  0.9154 0.0846 
548      548   (0)      8 :  0.8838 0.1162 
549      549   (0)      8 :  0.9730 0.0270 
550      550   (0)      8 :  0.9660 0.0340 
551      551   (0)      9 :  0.9612 0.0388 
552      552   (0)      9 :  0.9438 0.0562 
553      553   (0)      9 :  0.9580 0.0420 
554      554   (0)      9 :  0.9470 0.0530 
555      555   (0)      9 :  0.8724 0.1276 
556      556   (0)      9 :  0.8920 0.1080 
557      557   (0)      9 :  0.8954 0.1046 
558      558   (0)      9 :  0.9582 0.0418 
559      559   (0)      9 :  0.9820 0.0180 
560      560   (0)      9 :  0.9190 0.0810 
561      561   (0)      9 :  0.8768 0.1232 
562      562   (0)      9 :  0.9840 0.0160 
563      563   (0)      9 :  0.9380 0.0620 
564      564   (0)      9 :  0.9750 0.0250 
565      565   (0)      9 :  0.9618 0.0382 
566      566   (0)      9 :  0.9480 0.0520 
567      567   (0)      9 :  0.8440 0.1560 
568      568   (0)      9 :  0.9608 0.0392 
569      569   (0)      9 :  0.7972 0.2028 
570      570   (0)      9 :  0.9830 0.0170 
571      571   (0)      9 :  0.9310 0.0690 
572      572   (0)      9 :  0.9520 0.0480 
573      573   (0)      9 :  0.8814 0.1186 
574      574   (0)      9 :  0.9740 0.0260 
575      575   (0)      9 :  0.9600 0.0400 
576      576   (0)      9 :  0.9650 0.0350 
577      577   (0)      9 :  0.9450 0.0550 
578      578   (0)      9 :  0.8620 0.1380 
579      579   (0)      9 :  0.8616 0.1384 
580      580   (0)      9 :  0.9520 0.0480 
581      581   (0)      9 :  0.7800 0.2200 
582      582   (0)      9 :  0.9302 0.0698 
583      583   (0)      9 :  0.9520 0.0480 
584      584   (0)      9 :  0.7970 0.2030 
585      585   (0)      9 :  0.8970 0.1030 
586      586   (0)      9 :  0.8602 0.1398 
587      587   (0)      9 :  0.9800 0.0200 
588      588   (0)      9 :  0.8180 0.1820 
589      589   (0)      9 :  0.8942 0.1058 
590      590   (0)      9 :  0.9200 0.0800 
591      591   (0)      9 :  0.8964 0.1036 
592      592   (0)      9 :  0.9760 0.0240 
593      593   (0)      9 :  0.8970 0.1030 
594      594   (0)      9 :  0.8970 0.1030 
595      595   (0)      9 :  0.8718 0.1282 
596      596   (0)      9 :  0.9610 0.0390 
597      597   (0)      9 :  0.9440 0.0560 
598      598   (0)      9 :  0.9368 0.0632 
599      599   (0)      9 :  0.7140 0.2860 
600      600   (0)      9 :  0.9364 0.0636 
601      601   (0)      9 :  0.8356 0.1644 
602      602   (0)      9 :  0.9560 0.0440 
603      603   (0)      9 :  0.9310 0.0690 
604      604   (0)      9 :  0.9204 0.0796 
605      605   (0)      9 :  0.9360 0.0640 
606      606   (0)      9 :  0.9680 0.0320 
607      607   (0)      9 :  0.9560 0.0440 
608      608   (0)      9 :  0.9316 0.0684 
609      609   (0)      9 :  0.9700 0.0300 
610      610   (0)      9 :  0.9820 0.0180 
611      611   (0)      9 :  0.9770 0.0230 
612      612   (0)      9 :  0.8430 0.1570 
613      613   (0)      9 :  0.9520 0.0480 
614      614   (0)      9 :  0.9140 0.0860 
615      615   (0)      9 :  0.7350 0.2650 
616      616   (0)      9 :  0.9654 0.0346 
617      617   (0)      9 :  0.9780 0.0220 
618      618   (0)      9 :  0.9240 0.0760 
619      619   (0)      9 :  0.9510 0.0490 
620      620   (0)      9 :  0.9690 0.0310 
621      621   (0)      9 :  0.9690 0.0310 
622      622   (0)      9 :  0.8996 0.1004 
623      623   (0)      9 :  0.9348 0.0652 
624      624   (0)      9 :  0.8928 0.1072 
625      625   (0)      9 :  0.9184 0.0816 
626      626   (0)      9 :  0.9160 0.0840 
627      627   (0)      9 :  0.9760 0.0240 
628      628   (0)      9 :  0.9520 0.0480 
629      629   (0)      9 :  0.9798 0.0202 
630      630   (0)      9 :  0.9650 0.0350 
631      631   (0)      9 :  0.8990 0.1010 
632      632   (0)      9 :  0.9760 0.0240 
633      633   (0)      9 :  0.9576 0.0424 
634      634   (0)      9 :  0.9566 0.0434 
635      635   (0)      9 :  0.9300 0.0700 
636      636   (0)      9 :  0.9780 0.0220 
637      637   (0)      9 :  0.9360 0.0640 
638      638   (0)      9 :  0.9510 0.0490 
639      639   (0)      9 :  0.9406 0.0594 
640      640   (0)      9 :  0.9420 0.0580 
641      641   (0)      9 :  0.9160 0.0840 
642      642   (0)      9 :  0.9180 0.0820 
643      643   (0)      9 :  0.7912 0.2088 
644      644   (0)      9 :  0.9350 0.0650 
645      645   (0)      9 :  0.8818 0.1182 
646      646   (0)      9 :  0.8350 0.1650 
647      647   (0)      9 :  0.9700 0.0300 
648      648   (0)      9 :  0.8760 0.1240 
649      649   (0)      9 :  0.7162 0.2838 
650      650   (0)      9 :  0.9570 0.0430 
651      651   (0)     10 :  0.9800 0.0200 
652      652  (15)     10 :  0.9440 0.0560 
653      653   (0)     10 :  0.9766 0.0234 
654      654   (0)     10 :  0.9740 0.0260 
655      655  (10)     10 :  0.6096 0.3904 
656      656   (0)     10 :  0.9790 0.0210 
657      657   (0)     10 :  0.9630 0.0370 
658      658   (0)     10 :  0.9820 0.0180 
659      659   (0)     10 :  0.9720 0.0280 
660      660   (0)     10 :  0.9370 0.0630 
661      661   (0)     10 :  0.9760 0.0240 
662      662   (5)     10 :  0.9600 0.0400 
663      663   (5)     10 :  0.9780 0.0220 
664      664   (0)     10 :  0.9544 0.0456 
665      665   (0)     10 :  0.9830 0.0170 
666      666  (10)     10 :  0.9860 0.0140 
667      667  (10)     10 :  0.9752 0.0248 
668      668   (0)     10 :  0.9646 0.0354 
669      669   (5)     10 :  0.9724 0.0276 
670      670  (10)     10 :  0.9720 0.0280 
671      671   (0)     10 :  0.9700 0.0300 
672      672   (0)     10 :  0.9760 0.0240 
673      673   (0)     10 :  0.9860 0.0140 
674      674   (0)     10 :  0.9850 0.0150 
675      675   (5)     10 :  0.9710 0.0290 
676      676   (5)     10 :  0.9820 0.0180 
677      677   (0)     10 :  0.9680 0.0320 
678      678   (5)     10 :  0.9738 0.0262 
679      679  (10)     10 :  0.9780 0.0220 
680      680   (5)     10 :  0.9820 0.0180 
681      681   (5)     10 :  0.9680 0.0320 
682      682  (10)     10 :  0.9550 0.0450 
683      683   (0)     10 :  0.9820 0.0180 
684      684   (0)     10 :  0.9800 0.0200 
685      685   (0)     10 :  0.8596 0.1404 
686      686   (0)     10 :  0.9836 0.0164 
687      687   (0)     10 :  0.9560 0.0440 
688      688   (0)     10 :  0.9620 0.0380 
689      689   (5)     10 :  0.9720 0.0280 
690      690   (0)     10 :  0.9830 0.0170 
691      691   (5)     10 :  0.9660 0.0340 
692      692   (0)     10 :  0.9690 0.0310 
693      693   (0)     10 :  0.9790 0.0210 
694      694   (5)     10 :  0.9830 0.0170 
695      695   (5)     10 :  0.9580 0.0420 
696      696   (5)     10 :  0.8480 0.1520 
697      697   (5)     10 :  0.9780 0.0220 
698      698   (5)     10 :  0.9750 0.0250 
699      699   (0)     10 :  0.9840 0.0160 
700      700   (5)     10 :  0.9800 0.0200 
701      701   (0)     10 :  0.9850 0.0150 
702      702   (0)     10 :  0.9830 0.0170 
703      703   (0)     10 :  0.9710 0.0290 
704      704   (0)     10 :  0.9800 0.0200 
705      705   (0)     10 :  0.9490 0.0510 
706      706   (0)     10 :  0.9810 0.0190 
707      707   (0)     10 :  0.9740 0.0260 
708      708   (0)     10 :  0.9850 0.0150 
709      709   (0)     10 :  0.9520 0.0480 
710      710   (0)     10 :  0.9694 0.0306 
711      711   (5)     10 :  0.9850 0.0150 
712      712   (0)     10 :  0.8882 0.1118 
713      713   (0)     10 :  0.9826 0.0174 
714      714   (5)     10 :  0.9560 0.0440 
715      715   (0)     10 :  0.9820 0.0180 
716      716   (5)     10 :  0.9850 0.0150 
717      717   (0)     10 :  0.9830 0.0170 
718      718  (10)     10 :  0.9670 0.0330 
719      719   (5)     10 :  0.9530 0.0470 
720      720   (0)     10 :  0.8916 0.1084 
721      721   (0)     10 :  0.9840 0.0160 
722      722  (10)     10 :  0.9446 0.0554 
723      723   (5)     10 :  0.9254 0.0746 
724      724   (0)     10 :  0.9840 0.0160 
725      725   (0)     10 :  0.9820 0.0180 
726      726   (5)     10 :  0.9840 0.0160 
727      727   (0)     10 :  0.9730 0.0270 
728      728   (0)     10 :  0.9810 0.0190 
729      729   (0)     10 :  0.9810 0.0190 
730      730   (0)     10 :  0.9590 0.0410 
731      731   (0)     10 :  0.9670 0.0330 
732      732   (0)     10 :  0.9370 0.0630 
733      733   (0)     10 :  0.9178 0.0822 
734      734   (0)     10 :  0.9840 0.0160 
735      735   (0)     10 :  0.9870 0.0130 
736      736   (0)     10 :  0.9870 0.0130 
737      737   (0)     10 :  0.9784 0.0216 
738      738   (0)     10 :  0.9506 0.0494 
739      739   (0)     10 :  0.9520 0.0480 
740      740   (0)     10 :  0.9740 0.0260 
741      741   (5)     10 :  0.9176 0.0824 
742      742   (0)     10 :  0.9720 0.0280 
743      743  (10)     10 :  0.9790 0.0210 
744      744  (10)     10 :  0.9830 0.0170 
745      745   (0)     10 :  0.9780 0.0220 
746      746   (0)     10 :  0.9750 0.0250 
747      747   (5)     10 :  0.9770 0.0230 
748      748   (0)     10 :  0.9830 0.0170 
749      749  (10)     10 :  0.9720 0.0280 
750      750  (10)     10 :  0.9774 0.0226 
