1        1   (5)      1  : 0.9850 0.0150
2        2   (5)      1  : 0.9640 0.0360
3        3   (5)      1  : 0.9900 0.0100
4        4   (0)      1  : 0.9930 0.0070
5        5   (0)      1  : 0.9750 0.0250
6        6   (0)      1  : 0.9870 0.0130
7        7   (0)      1  : 0.8772 0.1228
8        8   (5)      1  : 0.9910 0.0090
9        9   (0)      1  : 0.9920 0.0080
10       10   (0)      1  : 0.9618 0.0382
11       11   (0)      1  : 0.9810 0.0190
12       12   (0)      1  : 0.9790 0.0210
13       13   (0)      1  : 0.9910 0.0090
14       14   (0)      1  : 0.9860 0.0140
15       15   (0)      1  : 0.9850 0.0150
16       16   (0)      1  : 0.9940 0.0060
17       17   (0)      1  : 0.9920 0.0080
18       18   (0)      1  : 0.9820 0.0180
19       19   (0)      1  : 0.9920 0.0080
20       20   (0)      1  : 0.9630 0.0370
21       21   (0)      1  : 0.9920 0.0080
22       22   (0)      1  : 0.9930 0.0070
23       23   (0)      1  : 0.9920 0.0080
24       24   (0)      1  : 0.9920 0.0080
25       25   (0)      1  : 0.9600 0.0400
26       26   (0)      1  : 0.9910 0.0090
27       27   (5)      1  : 0.9488 0.0512
28       28   (0)      1  : 0.9870 0.0130
29       29   (0)      1  : 0.9920 0.0080
30       30   (0)      1  : 0.9700 0.0300
31       31   (0)      1  : 0.9910 0.0090
32       32   (0)      1  : 0.9870 0.0130
33       33   (0)      1  : 0.9930 0.0070
34       34   (0)      1  : 0.9930 0.0070
35       35   (0)      1  : 0.9670 0.0330
36       36   (0)      1  : 0.9870 0.0130
37       37   (0)      1  : 0.9800 0.0200
38       38   (0)      1  : 0.9880 0.0120
39       39   (0)      1  : 0.9710 0.0290
40       40   (0)      1  : 0.9880 0.0120
41       41   (0)      1  : 0.9880 0.0120
42       42   (0)      1  : 0.9940 0.0060
43       43   (0)      1  : 0.9880 0.0120
44       44   (0)      1  : 0.9930 0.0070
45       45   (5)      1  : 0.9780 0.0220
46       46   (0)      1  : 0.9920 0.0080
47       47   (0)      1  : 0.9850 0.0150
48       48   (0)      1  : 0.9830 0.0170
49       49   (0)      1  : 0.9860 0.0140
50       50   (0)      1  : 0.9880 0.0120
51       51   (0)      1  : 0.9840 0.0160
52       52   (0)      1  : 0.9634 0.0366
53       53   (0)      1  : 0.9890 0.0110
54       54   (0)      1  : 0.9820 0.0180
55       55   (0)      1  : 0.9850 0.0150
56       56   (0)      1  : 0.9910 0.0090
57       57  (10)      1  : 0.9910 0.0090
58       58   (5)      1  : 0.9840 0.0160
59       59   (0)      1  : 0.9880 0.0120
60       60   (0)      1  : 0.9880 0.0120
61       61   (0)      1  : 0.9858 0.0142
62       62   (0)      1  : 0.9780 0.0220
63       63   (0)      1  : 0.9830 0.0170
64       64   (0)      1  : 0.9880 0.0120
65       65   (0)      1  : 0.9706 0.0294
66       66   (0)      1  : 0.9910 0.0090
67       67   (5)      1  : 0.9860 0.0140
68       68   (0)      1  : 0.9750 0.0250
69       69   (0)      1  : 0.9770 0.0230
70       70   (0)      1  : 0.9870 0.0130
71       71   (5)      1  : 0.9840 0.0160
72       72   (0)      1  : 0.9840 0.0160
73       73   (5)      1  : 0.9880 0.0120
74       74  (10)      1  : 0.9836 0.0164
75       75  (10)      1  : 0.9886 0.0114
76       76   (0)      1  : 0.9920 0.0080
77       77  (10)      1  : 0.9890 0.0110
78       78   (0)      1  : 0.9876 0.0124
79       79   (5)      1  : 0.9790 0.0210
80       80   (0)      1  : 0.9920 0.0080
81       81   (0)      1  : 0.9920 0.0080
82       82   (0)      1  : 0.9920 0.0080
83       83   (0)      1  : 0.9860 0.0140
84       84   (0)      1  : 0.9860 0.0140
85       85   (0)      1  : 0.9920 0.0080
86       86   (5)      1  : 0.9900 0.0100
87       87   (0)      1  : 0.9900 0.0100
88       88   (0)      1  : 0.9680 0.0320
89       89   (0)      1  : 0.9890 0.0110
90       90   (0)      1  : 0.9830 0.0170
91       91   (0)      1  : 0.9850 0.0150
92       92   (0)      1  : 0.9830 0.0170
93       93   (0)      1  : 0.9910 0.0090
94       94   (5)      1  : 0.9890 0.0110
95       95   (0)      1  : 0.9890 0.0110
96       96   (5)      1  : 0.9910 0.0090
97       97   (0)      1  : 0.9796 0.0204
98       98   (0)      1  : 0.9860 0.0140
99       99   (5)      1  : 0.9900 0.0100
100      100   (5)      1  : 0.9920 0.0080
101      101   (0)      2  : 0.9900 0.0100
102      102   (0)      2  : 0.9884 0.0116
103      103   (0)      2  : 0.9822 0.0178
104      104   (0)      2  : 0.9710 0.0290
105      105   (0)      2  : 0.9870 0.0130
106      106   (0)      2  : 0.9880 0.0120
107      107   (0)      2  : 0.9930 0.0070
108      108   (0)      2  : 0.9910 0.0090
109      109   (0)      2  : 0.9888 0.0112
110      110   (0)      2  : 0.9780 0.0220
111      111   (0)      2  : 0.9930 0.0070
112      112   (0)      2  : 0.9910 0.0090
113      113   (0)      2  : 0.9900 0.0100
114      114   (0)      2  : 0.9930 0.0070
115      115   (0)      2  : 0.9920 0.0080
116      116   (0)      2  : 0.9910 0.0090
117      117   (0)      2  : 0.9870 0.0130
118      118   (0)      2  : 0.9850 0.0150
119      119   (0)      2  : 0.9930 0.0070
120      120   (0)      2  : 0.9516 0.0484
121      121   (0)      2  : 0.9860 0.0140
122      122   (0)      2  : 0.9630 0.0370
123      123   (0)      2  : 0.9900 0.0100
124      124   (0)      2  : 0.9890 0.0110
125      125   (0)      2  : 0.9880 0.0120
126      126   (0)      2  : 0.9830 0.0170
127      127   (0)      2  : 0.9910 0.0090
128      128   (0)      2  : 0.9910 0.0090
129      129   (0)      2  : 0.9898 0.0102
130      130   (0)      2  : 0.9890 0.0110
131      131   (0)      2  : 0.9900 0.0100
132      132   (0)      2  : 0.9850 0.0150
133      133   (0)      2  : 0.9930 0.0070
134      134   (0)      2  : 0.9920 0.0080
135      135   (0)      2  : 0.9910 0.0090
136      136   (0)      2  : 0.9880 0.0120
137      137   (0)      2  : 0.9660 0.0340
138      138   (0)      2  : 0.9920 0.0080
139      139   (0)      2  : 0.9930 0.0070
140      140   (0)      2  : 0.9880 0.0120
141      141   (0)      2  : 0.9892 0.0108
142      142   (0)      2  : 0.9880 0.0120
143      143   (0)      2  : 0.9660 0.0340
144      144   (0)      2  : 0.9840 0.0160
145      145   (0)      2  : 0.9840 0.0160
146      146   (0)      2  : 0.9920 0.0080
147      147   (0)      2  : 0.9740 0.0260
148      148   (0)      2  : 0.9910 0.0090
149      149   (0)      2  : 0.9760 0.0240
150      150   (0)      2  : 0.9930 0.0070
151      151   (0)      2  : 0.9910 0.0090
152      152   (0)      2  : 0.9732 0.0268
153      153   (0)      2  : 0.9892 0.0108
154      154   (0)      2  : 0.9850 0.0150
155      155   (0)      2  : 0.9830 0.0170
156      156   (0)      2  : 0.9840 0.0160
157      157   (0)      2  : 0.9940 0.0060
158      158   (0)      2  : 0.9920 0.0080
159      159   (0)      2  : 0.9820 0.0180
160      160   (0)      2  : 0.9910 0.0090
161      161   (0)      2  : 0.9920 0.0080
162      162   (0)      2  : 0.9880 0.0120
163      163   (0)      2  : 0.9460 0.0540
164      164   (0)      2  : 0.8498 0.1502
165      165   (0)      2  : 0.9920 0.0080
166      166   (0)      2  : 0.9916 0.0084
167      167   (0)      2  : 0.9930 0.0070
168      168   (0)      2  : 0.9830 0.0170
169      169   (0)      2  : 0.9800 0.0200
170      170   (0)      2  : 0.9430 0.0570
171      171   (0)      2  : 0.9920 0.0080
172      172   (0)      2  : 0.9880 0.0120
173      173   (0)      2  : 0.9910 0.0090
174      174   (0)      2  : 0.9860 0.0140
175      175   (0)      2  : 0.9850 0.0150
176      176   (0)      2  : 0.9760 0.0240
177      177   (0)      2  : 0.9920 0.0080
178      178   (0)      2  : 0.9920 0.0080
179      179   (0)      2  : 0.9910 0.0090
180      180   (0)      2  : 0.9890 0.0110
181      181   (0)      2  : 0.9810 0.0190
182      182   (0)      2  : 0.9850 0.0150
183      183   (0)      2  : 0.9928 0.0072
184      184   (0)      2  : 0.9610 0.0390
185      185   (0)      2  : 0.9930 0.0070
186      186   (0)      2  : 0.9910 0.0090
187      187   (0)      2  : 0.9920 0.0080
188      188   (0)      2  : 0.9850 0.0150
189      189   (0)      2  : 0.9880 0.0120
190      190   (0)      2  : 0.9810 0.0190
191      191   (0)      2  : 0.9910 0.0090
192      192   (0)      2  : 0.9800 0.0200
193      193   (0)      2  : 0.9870 0.0130
194      194   (0)      2  : 0.9910 0.0090
195      195   (0)      2  : 0.9930 0.0070
196      196   (0)      2  : 0.9850 0.0150
197      197   (0)      2  : 0.9900 0.0100
198      198   (0)      2  : 0.9950 0.0050
199      199   (0)      2  : 0.9900 0.0100
200      200   (0)      2  : 0.9900 0.0100
201      201   (0)      2  : 0.9930 0.0070
202      202   (0)      2  : 0.9850 0.0150
203      203   (0)      2  : 0.9850 0.0150
204      204   (0)      2  : 0.9870 0.0130
205      205   (0)      2  : 0.9660 0.0340
206      206   (0)      2  : 0.9080 0.0920
207      207   (0)      2  : 0.9870 0.0130
208      208   (0)      2  : 0.9930 0.0070
209      209   (0)      2  : 0.9860 0.0140
210      210   (0)      2  : 0.9840 0.0160
211      211   (0)      2  : 0.9840 0.0160
212      212   (0)      2  : 0.9880 0.0120
213      213   (0)      2  : 0.9408 0.0592
214      214   (0)      2  : 0.9890 0.0110
215      215   (0)      2  : 0.9910 0.0090
216      216   (0)      2  : 0.9860 0.0140
217      217   (0)      2  : 0.9900 0.0100
218      218   (0)      2  : 0.9910 0.0090
219      219   (0)      2  : 0.9920 0.0080
220      220   (0)      2  : 0.9650 0.0350
221      221   (0)      2  : 0.9810 0.0190
222      222   (0)      2  : 0.9650 0.0350
223      223   (0)      2  : 0.9928 0.0072
224      224   (0)      2  : 0.9860 0.0140
225      225   (0)      2  : 0.9900 0.0100
226      226   (0)      2  : 0.9050 0.0950
227      227   (0)      2  : 0.9800 0.0200
228      228   (0)      2  : 0.9920 0.0080
229      229   (0)      2  : 0.9900 0.0100
230      230   (0)      2  : 0.9880 0.0120
231      231   (0)      2  : 0.9860 0.0140
232      232   (0)      2  : 0.9850 0.0150
233      233   (0)      2  : 0.9890 0.0110
234      234   (0)      2  : 0.9630 0.0370
235      235   (0)      2  : 0.9950 0.0050
236      236   (0)      2  : 0.9620 0.0380
237      237   (0)      2  : 0.9910 0.0090
238      238   (0)      2  : 0.9880 0.0120
239      239   (0)      2  : 0.9860 0.0140
240      240   (0)      2  : 0.9890 0.0110
241      241   (0)      2  : 0.9360 0.0640
242      242   (0)      2  : 0.9940 0.0060
243      243   (0)      2  : 0.9922 0.0078
244      244   (0)      2  : 0.9940 0.0060
245      245   (0)      2  : 0.9780 0.0220
246      246   (0)      2  : 0.9630 0.0370
247      247   (0)      2  : 0.9910 0.0090
248      248   (0)      2  : 0.9920 0.0080
249      249   (0)      2  : 0.9800 0.0200
250      250   (0)      2  : 0.9870 0.0130
251      251   (0)      2  : 0.9930 0.0070
252      252   (0)      2  : 0.9760 0.0240
253      253   (0)      2  : 0.9850 0.0150
254      254   (0)      2  : 0.9910 0.0090
255      255   (0)      2  : 0.9860 0.0140
256      256   (0)      2  : 0.9880 0.0120
257      257   (0)      2  : 0.9880 0.0120
258      258   (0)      2  : 0.9840 0.0160
259      259   (0)      2  : 0.9750 0.0250
260      260   (0)      2  : 0.9860 0.0140
261      261   (0)      2  : 0.9660 0.0340
262      262   (0)      2  : 0.9890 0.0110
263      263   (0)      2  : 0.9850 0.0150
264      264   (0)      2  : 0.9900 0.0100
265      265   (0)      2  : 0.9950 0.0050
266      266   (0)      2  : 0.9830 0.0170
267      267   (0)      2  : 0.9800 0.0200
268      268   (0)      2  : 0.9580 0.0420
269      269   (0)      2  : 0.9890 0.0110
270      270   (0)      2  : 0.9910 0.0090
271      271   (0)      2  : 0.9300 0.0700
272      272   (0)      2  : 0.9790 0.0210
273      273   (0)      2  : 0.9930 0.0070
274      274   (0)      2  : 0.9870 0.0130
275      275   (0)      2  : 0.9800 0.0200
276      276   (0)      2  : 0.9890 0.0110
277      277   (0)      2  : 0.9890 0.0110
278      278   (0)      2  : 0.9920 0.0080
279      279   (0)      2  : 0.9910 0.0090
280      280   (0)      2  : 0.9830 0.0170
281      281   (0)      2  : 0.9920 0.0080
282      282   (0)      2  : 0.9840 0.0160
283      283   (0)      2  : 0.9920 0.0080
284      284   (0)      2  : 0.9950 0.0050
285      285   (0)      2  : 0.9842 0.0158
286      286   (0)      2  : 0.9750 0.0250
287      287   (0)      2  : 0.9910 0.0090
288      288   (0)      2  : 0.9750 0.0250
289      289   (0)      2  : 0.9890 0.0110
290      290   (0)      2  : 0.9900 0.0100
291      291   (0)      2  : 0.9910 0.0090
292      292   (0)      2  : 0.9940 0.0060
293      293   (0)      2  : 0.9646 0.0354
294      294   (0)      2  : 0.9754 0.0246
295      295   (0)      2  : 0.9876 0.0124
296      296   (0)      2  : 0.9820 0.0180
297      297   (0)      2  : 0.9800 0.0200
298      298   (0)      2  : 0.9900 0.0100
299      299   (0)      2  : 0.9890 0.0110
300      300   (0)      2  : 0.9930 0.0070
301      301   (0)      2  : 0.9920 0.0080
302      302   (0)      2  : 0.9792 0.0208
303      303   (0)      2  : 0.9920 0.0080
304      304   (0)      2  : 0.9860 0.0140
305      305   (0)      2  : 0.9860 0.0140
306      306   (0)      2  : 0.9890 0.0110
307      307   (0)      2  : 0.9870 0.0130
308      308   (0)      2  : 0.9930 0.0070
309      309   (0)      2  : 0.9850 0.0150
310      310   (0)      2  : 0.9910 0.0090
311      311   (0)      2  : 0.9930 0.0070
312      312   (0)      2  : 0.9940 0.0060
313      313   (0)      2  : 0.9500 0.0500
314      314   (0)      2  : 0.9810 0.0190
315      315   (0)      2  : 0.9890 0.0110
316      316   (0)      2  : 0.9850 0.0150
317      317   (0)      2  : 0.9700 0.0300
318      318   (0)      2  : 0.9582 0.0418
319      319   (0)      2  : 0.9900 0.0100
320      320   (0)      2  : 0.9786 0.0214
321      321   (0)      2  : 0.9760 0.0240
322      322   (0)      2  : 0.9528 0.0472
323      323   (0)      2  : 0.9880 0.0120
324      324   (0)      2  : 0.9930 0.0070
325      325   (0)      2  : 0.9478 0.0522
326      326   (0)      2  : 0.9900 0.0100
327      327   (0)      2  : 0.9890 0.0110
328      328   (0)      2  : 0.9920 0.0080
329      329   (0)      2  : 0.9890 0.0110
330      330   (0)      2  : 0.9900 0.0100
331      331   (0)      2  : 0.9890 0.0110
332      332   (0)      2  : 0.9890 0.0110
333      333   (0)      2  : 0.9904 0.0096
334      334   (0)      2  : 0.9770 0.0230
335      335   (0)      2  : 0.9920 0.0080
336      336   (0)      2  : 0.9890 0.0110
337      337   (0)      2  : 0.9906 0.0094
338      338   (0)      2  : 0.9900 0.0100
339      339   (0)      2  : 0.9750 0.0250
340      340   (0)      2  : 0.9910 0.0090
341      341   (0)      2  : 0.9890 0.0110
342      342   (0)      2  : 0.9910 0.0090
343      343   (0)      2  : 0.9024 0.0976
344      344   (0)      2  : 0.9860 0.0140
345      345   (0)      2  : 0.9860 0.0140
346      346   (0)      2  : 0.9172 0.0828
347      347   (0)      2  : 0.9850 0.0150
348      348   (0)      2  : 0.9880 0.0120
349      349   (0)      2  : 0.9790 0.0210
350      350   (0)      2  : 0.9930 0.0070
351      351   (0)      2  : 0.9900 0.0100
352      352   (0)      2  : 0.9890 0.0110
353      353   (0)      2  : 0.9880 0.0120
354      354   (0)      2  : 0.9840 0.0160
355      355   (0)      2  : 0.9860 0.0140
356      356   (0)      2  : 0.9860 0.0140
357      357   (0)      2  : 0.9654 0.0346
358      358   (0)      2  : 0.9910 0.0090
359      359   (0)      2  : 0.9940 0.0060
360      360   (0)      2  : 0.9860 0.0140
361      361   (0)      2  : 0.9760 0.0240
362      362   (0)      2  : 0.9910 0.0090
363      363   (0)      2  : 0.9870 0.0130
364      364   (0)      2  : 0.9630 0.0370
365      365   (0)      2  : 0.9774 0.0226
366      366   (0)      2  : 0.9720 0.0280
367      367   (0)      2  : 0.9890 0.0110
368      368   (0)      2  : 0.9760 0.0240
369      369   (0)      2  : 0.9930 0.0070
370      370   (0)      2  : 0.9850 0.0150
371      371   (0)      2  : 0.9900 0.0100
372      372   (0)      2  : 0.9750 0.0250
373      373   (0)      2  : 0.9880 0.0120
374      374   (0)      2  : 0.9104 0.0896
375      375   (0)      2  : 0.9832 0.0168
376      376   (0)      2  : 0.9742 0.0258
377      377   (0)      2  : 0.9850 0.0150
378      378   (0)      2  : 0.9880 0.0120
379      379   (0)      2  : 0.9730 0.0270
380      380   (0)      2  : 0.9760 0.0240
381      381   (0)      2  : 0.9830 0.0170
382      382   (0)      2  : 0.9680 0.0320
383      383   (0)      2  : 0.9890 0.0110
384      384   (0)      2  : 0.9850 0.0150
385      385   (0)      2  : 0.9740 0.0260
386      386   (0)      2  : 0.9820 0.0180
387      387   (0)      2  : 0.9866 0.0134
388      388   (0)      2  : 0.9920 0.0080
389      389   (0)      2  : 0.9940 0.0060
390      390   (0)      2  : 0.9810 0.0190
391      391   (0)      2  : 0.9750 0.0250
392      392   (0)      2  : 0.9800 0.0200
393      393   (0)      2  : 0.9600 0.0400
394      394   (0)      2  : 0.9886 0.0114
395      395   (0)      2  : 0.9900 0.0100
396      396   (0)      2  : 0.9770 0.0230
397      397   (0)      2  : 0.9660 0.0340
398      398   (0)      2  : 0.9840 0.0160
399      399   (0)      2  : 0.9780 0.0220
400      400   (0)      2  : 0.9520 0.0480
401      401   (0)      2  : 0.9900 0.0100
402      402   (0)      2  : 0.9930 0.0070
403      403   (0)      2  : 0.9930 0.0070
404      404   (0)      2  : 0.9910 0.0090
405      405   (0)      2  : 0.9920 0.0080
406      406   (0)      2  : 0.9840 0.0160
407      407   (0)      2  : 0.9890 0.0110
408      408   (0)      2  : 0.9920 0.0080
409      409   (0)      2  : 0.9848 0.0152
410      410   (0)      2  : 0.9930 0.0070
411      411   (0)      2  : 0.9910 0.0090
412      412   (0)      2  : 0.9940 0.0060
413      413   (0)      2  : 0.9870 0.0130
414      414   (0)      2  : 0.9930 0.0070
415      415   (0)      2  : 0.9860 0.0140
416      416   (0)      2  : 0.9900 0.0100
417      417   (0)      2  : 0.9930 0.0070
418      418   (0)      2  : 0.9880 0.0120
419      419   (0)      2  : 0.9870 0.0130
420      420   (0)      2  : 0.9860 0.0140
421      421   (0)      2  : 0.9812 0.0188
422      422   (0)      2  : 0.9898 0.0102
423      423   (0)      2  : 0.9890 0.0110
424      424   (0)      2  : 0.9930 0.0070
425      425   (0)      2  : 0.9850 0.0150
426      426   (0)      2  : 0.9920 0.0080
427      427   (0)      2  : 0.9850 0.0150
428      428   (0)      2  : 0.9910 0.0090
429      429   (0)      2  : 0.9830 0.0170
430      430   (0)      2  : 0.9860 0.0140
431      431   (0)      2  : 0.9870 0.0130
432      432   (0)      2  : 0.9880 0.0120
433      433   (0)      2  : 0.9916 0.0084
434      434   (0)      2  : 0.9920 0.0080
435      435   (0)      2  : 0.8718 0.1282
436      436   (0)      2  : 0.9948 0.0052
437      437   (0)      2  : 0.9930 0.0070
438      438   (0)      2  : 0.9788 0.0212
439      439   (0)      2  : 0.9920 0.0080
440      440   (0)      2  : 0.9890 0.0110
441      441   (0)      2  : 0.9810 0.0190
442      442   (0)      2  : 0.9888 0.0112
443      443   (0)      2  : 0.9920 0.0080
444      444   (0)      2  : 0.9910 0.0090
445      445   (0)      2  : 0.9564 0.0436
446      446   (0)      2  : 0.9930 0.0070
447      447   (0)      2  : 0.9816 0.0184
448      448   (0)      2  : 0.9940 0.0060
449      449   (0)      2  : 0.9910 0.0090
450      450   (0)      2  : 0.9890 0.0110
451      451   (0)      2  : 0.9920 0.0080
452      452   (0)      2  : 0.9870 0.0130
453      453   (0)      2  : 0.9860 0.0140
454      454   (0)      2  : 0.9640 0.0360
455      455   (0)      2  : 0.9914 0.0086
456      456   (0)      2  : 0.9890 0.0110
457      457   (0)      2  : 0.9790 0.0210
458      458   (0)      2  : 0.9910 0.0090
459      459   (0)      2  : 0.9910 0.0090
460      460   (0)      2  : 0.9920 0.0080
461      461   (0)      2  : 0.9900 0.0100
462      462   (0)      2  : 0.9890 0.0110
463      463   (0)      2  : 0.9910 0.0090
464      464   (0)      2  : 0.9910 0.0090
465      465   (0)      2  : 0.9900 0.0100
466      466   (0)      2  : 0.9870 0.0130
467      467   (0)      2  : 0.9770 0.0230
468      468   (0)      2  : 0.9900 0.0100
469      469   (0)      2  : 0.9850 0.0150
470      470   (0)      2  : 0.9860 0.0140
471      471   (0)      2  : 0.9812 0.0188
472      472   (0)      2  : 0.9830 0.0170
473      473   (0)      2  : 0.9900 0.0100
474      474   (0)      2  : 0.9858 0.0142
475      475   (0)      2  : 0.9850 0.0150
476      476   (0)      2  : 0.9890 0.0110
477      477   (0)      2  : 0.9920 0.0080
478      478   (0)      2  : 0.9910 0.0090
479      479   (0)      2  : 0.9840 0.0160
480      480   (0)      2  : 0.9920 0.0080
481      481   (0)      2  : 0.9840 0.0160
482      482   (0)      2  : 0.9930 0.0070
483      483   (0)      2  : 0.9860 0.0140
484      484   (0)      2  : 0.9770 0.0230
485      485   (0)      2  : 0.9900 0.0100
486      486   (0)      2  : 0.9880 0.0120
487      487   (0)      2  : 0.9690 0.0310
488      488   (0)      2  : 0.9820 0.0180
489      489   (0)      2  : 0.9940 0.0060
490      490   (0)      2  : 0.9850 0.0150
491      491   (0)      2  : 0.9870 0.0130
492      492   (0)      2  : 0.9870 0.0130
493      493   (0)      2  : 0.9920 0.0080
494      494   (0)      2  : 0.9440 0.0560
495      495   (0)      2  : 0.9518 0.0482
496      496   (0)      2  : 0.9870 0.0130
497      497   (0)      2  : 0.9920 0.0080
498      498   (0)      2  : 0.9890 0.0110
499      499   (0)      2  : 0.9940 0.0060
500      500   (0)      2  : 0.9910 0.0090
501      501   (0)      3  : 0.8860 0.1140
502      502   (0)      3  : 0.9770 0.0230
503      503   (0)      3  : 0.9086 0.0914
504      504   (0)      3  : 0.8080 0.1920
505      505   (0)      3  : 0.8584 0.1416
506      506   (0)      3  : 0.9820 0.0180
507      507   (0)      3  : 0.9910 0.0090
508      508   (0)      3  : 0.8122 0.1878
509      509   (0)      3  : 0.9412 0.0588
510      510   (0)      3  : 0.9610 0.0390
511      511   (0)      3  : 0.9440 0.0560
512      512   (0)      3  : 0.9880 0.0120
513      513   (0)      3  : 0.8860 0.1140
514      514   (0)      3  : 0.9796 0.0204
515      515   (0)      3  : 0.9734 0.0266
516      516   (0)      3  : 0.9520 0.0480
517      517   (0)      3  : 0.9370 0.0630
518      518   (0)      3  : 0.9680 0.0320
519      519   (0)      3  : 0.9600 0.0400
520      520   (0)      3  : 0.9930 0.0070
521      521   (0)      3  : 0.9910 0.0090
522      522   (0)      3  : 0.9500 0.0500
523      523   (0)      3  : 0.8320 0.1680
524      524   (0)      3  : 0.9296 0.0704
525      525   (0)      3  : 0.9850 0.0150
526      526   (0)      3  : 0.9040 0.0960
527      527   (0)      3  : 0.9670 0.0330
528      528   (0)      3  : 0.9480 0.0520
529      529   (0)      3  : 0.8010 0.1990
530      530   (0)      3  : 0.8050 0.1950
531      531   (0)      3  : 0.9558 0.0442
532      532   (0)      3  : 0.9580 0.0420
533      533   (0)      3  : 0.8854 0.1146
534      534   (0)      3  : 0.9030 0.0970
535      535   (0)      3  : 0.9720 0.0280
536      536   (0)      3  : 0.8854 0.1146
537      537   (0)      3  : 0.8666 0.1334
538      538   (0)      3  : 0.8376 0.1624
539      539   (0)      3  : 0.9802 0.0198
540      540   (0)      3  : 0.9116 0.0884
541      541   (0)      3  : 0.9220 0.0780
542      542   (0)      3  : 0.9870 0.0130
543      543   (0)      3  : 0.7832 0.2168
544      544   (0)      3  : 0.9870 0.0130
545      545   (0)      3  : 0.9330 0.0670
546      546   (0)      3  : 0.9930 0.0070
547      547   (0)      3  : 0.9872 0.0128
548      548   (0)      3  : 0.9070 0.0930
549      549   (0)      3  : 0.9294 0.0706
550      550   (0)      3  : 0.9570 0.0430
551      551   (0)      3  : 0.9010 0.0990
552      552   (0)      3  : 0.9700 0.0300
553      553   (0)      3  : 0.9830 0.0170
554      554   (0)      3  : 0.9860 0.0140
555      555   (0)      3  : 0.9850 0.0150
556      556   (0)      3  : 0.9540 0.0460
557      557   (0)      3  : 0.9350 0.0650
558      558   (0)      3  : 0.9800 0.0200
559      559   (0)      3  : 0.9790 0.0210
560      560   (0)      3  : 0.8770 0.1230
561      561   (0)      3  : 0.9900 0.0100
562      562   (0)      3  : 0.9030 0.0970
563      563   (0)      3  : 0.9776 0.0224
564      564   (0)      3  : 0.8040 0.1960
565      565   (0)      3  : 0.7310 0.2690
566      566   (0)      3  : 0.9760 0.0240
567      567   (0)      3  : 0.9078 0.0922
568      568   (0)      3  : 0.9470 0.0530
569      569   (0)      3  : 0.9350 0.0650
570      570   (0)      3  : 0.9348 0.0652
571      571   (0)      3  : 0.8430 0.1570
572      572   (0)      3  : 0.9670 0.0330
573      573   (0)      3  : 0.9800 0.0200
574      574   (0)      3  : 0.9890 0.0110
575      575   (0)      3  : 0.8270 0.1730
576      576   (0)      3  : 0.8990 0.1010
577      577   (0)      3  : 0.8844 0.1156
578      578   (0)      3  : 0.9526 0.0474
579      579   (0)      3  : 0.9100 0.0900
580      580   (0)      3  : 0.9590 0.0410
581      581   (0)      3  : 0.6402 0.3598
582      582   (0)      3  : 0.8718 0.1282
583      583   (0)      3  : 0.9506 0.0494
584      584   (0)      3  : 0.9100 0.0900
585      585   (0)      3  : 0.9690 0.0310
586      586   (0)      3  : 0.9210 0.0790
587      587   (0)      3  : 0.9880 0.0120
588      588   (0)      3  : 0.8950 0.1050
589      589   (0)      3  : 0.9538 0.0462
590      590   (0)      3  : 0.9910 0.0090
591      591   (0)      3  : 0.9460 0.0540
592      592   (0)      3  : 0.7040 0.2960
593      593   (0)      3  : 0.7920 0.2080
594      594   (0)      3  : 0.9280 0.0720
595      595   (0)      3  : 0.7080 0.2920
596      596   (0)      3  : 0.9880 0.0120
597      597   (0)      3  : 0.7506 0.2494
598      598   (0)      3  : 0.9850 0.0150
599      599   (0)      3  : 0.9030 0.0970
600      600   (0)      3  : 0.9714 0.0286
601      601   (0)      4  : 0.9068 0.0932
602      602   (0)      4  : 0.6660 0.3340
603      603   (0)      4  : 0.7102 0.2898
604      604   (0)      4  : 0.9350 0.0650
605      605   (0)      4  : 0.7098 0.2902
606      606   (0)      4  : 0.6838 0.3162
607      607   (0)      4  : 0.7908 0.2092
608      608   (0)      4  : 0.6640 0.3360
609      609   (0)      4  : 0.7100 0.2900
610      610   (0)      4  : 0.6940 0.3060
611      611   (0)      4  : 0.9520 0.0480
612      612   (0)      4  : 0.6560 0.3440
613      613   (0)      4  : 0.7820 0.2180
614      614   (0)      4  : 0.7234 0.2766
615      615   (0)      4  : 0.7604 0.2396
616      616   (0)      4  : 0.8480 0.1520
617      617   (0)      4  : 0.8310 0.1690
618      618   (0)      4  : 0.9354 0.0646
619      619   (0)      4  : 0.8684 0.1316
620      620   (0)      4  : 0.8618 0.1382
621      621   (0)      4  : 0.4864 0.5136
622      622   (0)      4  : 0.7826 0.2174
623      623   (0)      4  : 0.7410 0.2590
624      624   (0)      4  : 0.9172 0.0828
625      625   (0)      4  : 0.8600 0.1400
626      626   (0)      4  : 0.7050 0.2950
627      627   (0)      4  : 0.8140 0.1860
628      628   (0)      4  : 0.9102 0.0898
629      629   (0)      4  : 0.6670 0.3330
630      630   (0)      4  : 0.7904 0.2096
631      631   (0)      4  : 0.7320 0.2680
632      632   (0)      4  : 0.7380 0.2620
633      633   (0)      4  : 0.7024 0.2976
634      634   (0)      4  : 0.9060 0.0940
635      635   (0)      4  : 0.7604 0.2396
636      636   (0)      4  : 0.7330 0.2670
637      637   (0)      4  : 0.7928 0.2072
638      638   (0)      4  : 0.7690 0.2310
639      639   (0)      4  : 0.4140 0.5860
640      640   (0)      4  : 0.5676 0.4324
641      641   (0)      4  : 0.7754 0.2246
642      642   (0)      4  : 0.7840 0.2160
643      643   (0)      4  : 0.8328 0.1672
644      644   (0)      4  : 0.8740 0.1260
645      645   (0)      4  : 0.7850 0.2150
646      646   (0)      4  : 0.9640 0.0360
647      647   (0)      4  : 0.7840 0.2160
648      648   (0)      4  : 0.8190 0.1810
649      649   (0)      4  : 0.6278 0.3722
650      650   (0)      4  : 0.9760 0.0240
651      651   (0)      4  : 0.7838 0.2162
652      652   (0)      4  : 0.7124 0.2876
653      653   (0)      4  : 0.6600 0.3400
654      654   (0)      4  : 0.6138 0.3862
655      655   (0)      4  : 0.7560 0.2440
656      656   (0)      4  : 0.6832 0.3168
657      657   (0)      4  : 0.9610 0.0390
658      658   (0)      4  : 0.8710 0.1290
659      659   (0)      4  : 0.8700 0.1300
660      660   (0)      4  : 0.7980 0.2020
661      661   (0)      4  : 0.5580 0.4420
662      662   (0)      4  : 0.8332 0.1668
663      663   (0)      4  : 0.8550 0.1450
664      664   (0)      4  : 0.7160 0.2840
665      665   (0)      4  : 0.7812 0.2188
666      666   (0)      4  : 0.7640 0.2360
667      667   (0)      4  : 0.8528 0.1472
668      668   (0)      4  : 0.6080 0.3920
669      669   (0)      4  : 0.6720 0.3280
670      670   (0)      4  : 0.6760 0.3240
671      671   (0)      4  : 0.8346 0.1654
672      672   (0)      4  : 0.9590 0.0410
673      673   (0)      4  : 0.9456 0.0544
674      674   (0)      4  : 0.6990 0.3010
675      675   (0)      4  : 0.5532 0.4468
676      676   (0)      4  : 0.6250 0.3750
677      677   (0)      4  : 0.6700 0.3300
678      678   (0)      4  : 0.8290 0.1710
679      679   (0)      4  : 0.6800 0.3200
680      680   (0)      4  : 0.9870 0.0130
681      681   (0)      4  : 0.8960 0.1040
682      682   (0)      4  : 0.6344 0.3656
683      683   (0)      4  : 0.8410 0.1590
684      684   (0)      4  : 0.8230 0.1770
685      685   (0)      4  : 0.9770 0.0230
686      686   (0)      4  : 0.5780 0.4220
687      687   (0)      4  : 0.7558 0.2442
688      688   (0)      4  : 0.8648 0.1352
689      689   (0)      4  : 0.9590 0.0410
690      690   (0)      4  : 0.7450 0.2550
691      691   (0)      4  : 0.8140 0.1860
692      692   (0)      4  : 0.7772 0.2228
693      693   (0)      4  : 0.9324 0.0676
694      694   (0)      4  : 0.7500 0.2500
695      695   (0)      4  : 0.7090 0.2910
696      696   (0)      4  : 0.8040 0.1960
697      697   (0)      4  : 0.8308 0.1692
698      698   (0)      4  : 0.9900 0.0100
699      699   (0)      4  : 0.7162 0.2838
700      700   (0)      4  : 0.6068 0.3932
701      701   (5)      5  : 0.6170 0.3830
702      702   (0)      5  : 0.3764 0.6236
703      703   (0)      5  : 0.5220 0.4780
704      704   (5)      5  : 0.4496 0.5504
705      705   (5)      5  : 0.4290 0.5710
706      706   (0)      5  : 0.3210 0.6790
707      707   (0)      6  : 0.3680 0.6320
708      708   (0)      6  : 0.4040 0.5960
709      709   (0)      6  : 0.4690 0.5310
710      710   (0)      6  : 0.3916 0.6084
711      711   (0)      6  : 0.4040 0.5960
712      712   (0)      6  : 0.4888 0.5112
713      713   (0)      6  : 0.5460 0.4540
714      714   (0)      6  : 0.6268 0.3732
715      715   (0)      6  : 0.4080 0.5920
716      716   (0)      6  : 0.4138 0.5862
717      717   (0)      6  : 0.4684 0.5316
718      718   (0)      6  : 0.5512 0.4488
719      719   (0)      6  : 0.4006 0.5994
720      720   (0)      6  : 0.6066 0.3934
721      721   (0)      6  : 0.5180 0.4820
722      722   (0)      6  : 0.5920 0.4080
723      723   (0)      6  : 0.4334 0.5666
724      724   (0)      6  : 0.2914 0.7086
725      725   (0)      6  : 0.5060 0.4940
726      726   (0)      6  : 0.5348 0.4652
727      727   (0)      6  : 0.2850 0.7150
728      728   (0)      6  : 0.6060 0.3940
729      729   (0)      6  : 0.5876 0.4124
730      730   (0)      6  : 0.4850 0.5150
731      731   (0)      6  : 0.5460 0.4540
732      732   (0)      6  : 0.3720 0.6280
733      733   (0)      6  : 0.6036 0.3964
734      734   (0)      6  : 0.4890 0.5110
735      735   (0)      6  : 0.4720 0.5280
736      736   (0)      6  : 0.6098 0.3902
737      737   (0)      6  : 0.6480 0.3520
738      738   (0)      6  : 0.4470 0.5530
739      739   (0)      6  : 0.5230 0.4770
740      740   (0)      6  : 0.4776 0.5224
741      741   (0)      6  : 0.6014 0.3986
742      742   (0)      6  : 0.3572 0.6428
743      743   (0)      6  : 0.4540 0.5460
744      744   (0)      6  : 0.3922 0.6078
745      745   (0)      6  : 0.3840 0.6160
746      746   (0)      6  : 0.5934 0.4066
747      747   (0)      6  : 0.4994 0.5006
748      748   (0)      6  : 0.5568 0.4432
749      749   (0)      6  : 0.5758 0.4242
750      750   (0)      6  : 0.3330 0.6670
751      751   (0)      6  : 0.4840 0.5160
752      752   (0)      6  : 0.5720 0.4280
753      753   (0)      6  : 0.4672 0.5328
754      754   (0)      6  : 0.6680 0.3320
755      755   (0)      6  : 0.4904 0.5096
756      756   (0)      6  : 0.4350 0.5650
757      757   (0)      6  : 0.6378 0.3622
758      758   (0)      6  : 0.4342 0.5658
759      759   (0)      6  : 0.5350 0.4650
760      760   (0)      6  : 0.7372 0.2628
761      761   (0)      6  : 0.5260 0.4740
762      762   (0)      6  : 0.6162 0.3838
763      763   (0)      6  : 0.5790 0.4210
764      764   (0)      6  : 0.3750 0.6250
765      765   (0)      6  : 0.4090 0.5910
766      766   (0)      6  : 0.4844 0.5156
767      767   (0)      6  : 0.5734 0.4266
768      768   (0)      6  : 0.5620 0.4380
769      769   (0)      6  : 0.3530 0.6470
770      770   (0)      6  : 0.6060 0.3940
771      771   (0)      6  : 0.6216 0.3784
772      772   (0)      6  : 0.5290 0.4710
773      773   (0)      6  : 0.5266 0.4734
774      774   (0)      6  : 0.4822 0.5178
775      775   (0)      6  : 0.3320 0.6680
776      776   (0)      6  : 0.4780 0.5220
777      777   (0)      6  : 0.4400 0.5600
778      778   (0)      6  : 0.4776 0.5224
779      779   (0)      6  : 0.5660 0.4340
780      780   (0)      6  : 0.6316 0.3684
781      781   (0)      6  : 0.6240 0.3760
782      782   (0)      6  : 0.4550 0.5450
783      783   (0)      6  : 0.5676 0.4324
784      784   (0)      6  : 0.5170 0.4830
785      785   (0)      6  : 0.3990 0.6010
786      786   (0)      6  : 0.6388 0.3612
787      787   (0)      6  : 0.5210 0.4790
788      788   (0)      6  : 0.4930 0.5070
789      789   (0)      6  : 0.5412 0.4588
790      790   (0)      6  : 0.5610 0.4390
791      791   (0)      6  : 0.2830 0.7170
792      792   (0)      6  : 0.5550 0.4450
793      793   (0)      6  : 0.5710 0.4290
794      794   (0)      6  : 0.4130 0.5870
795      795   (0)      6  : 0.6290 0.3710
796      796   (0)      6  : 0.5600 0.4400
797      797   (0)      6  : 0.8698 0.1302
798      798   (0)      6  : 0.3954 0.6046
799      799   (0)      6  : 0.3098 0.6902
800      800   (0)      6  : 0.3886 0.6114
801      801   (0)      6  : 0.5110 0.4890
802      802   (0)      6  : 0.5660 0.4340
803      803   (0)      6  : 0.5190 0.4810
804      804   (0)      6  : 0.4210 0.5790
805      805   (0)      6  : 0.5384 0.4616
806      806   (0)      6  : 0.4222 0.5778
807      807   (0)      7  : 0.1310 0.8690
808      808   (0)      7  : 0.2310 0.7690
809      809   (0)      8  : 0.0200 0.9800
810      810   (0)      8  : 0.3440 0.6560
811      811   (0)      8  : 0.3220 0.6780
812      812   (0)      8  : 0.3450 0.6550
813      813   (0)      8  : 0.0810 0.9190
814      814   (0)      8  : 0.1576 0.8424
815      815   (0)      8  : 0.1652 0.8348
816      816   (0)      8  : 0.0994 0.9006
817      817   (0)      8  : 0.2840 0.7160
818      818   (0)      8  : 0.1850 0.8150
819      819   (0)      8  : 0.2760 0.7240
820      820   (0)      8  : 0.3600 0.6400
821      821   (0)      8  : 0.0380 0.9620
822      822   (0)      8  : 0.0950 0.9050
823      823   (0)      8  : 0.0540 0.9460
824      824   (0)      8  : 0.2060 0.7940
825      825   (0)      8  : 0.0460 0.9540
826      826   (0)      8  : 0.1368 0.8632
827      827   (0)      8  : 0.2590 0.7410
828      828   (0)      8  : 0.0430 0.9570
829      829   (0)      8  : 0.2580 0.7420
830      830   (0)      8  : 0.2200 0.7800
831      831   (0)      8  : 0.3110 0.6890
832      832   (0)      8  : 0.2340 0.7660
833      833   (0)      8  : 0.3148 0.6852
834      834   (0)      8  : 0.2954 0.7046
835      835   (0)      8  : 0.2990 0.7010
836      836   (0)      8  : 0.2260 0.7740
837      837   (0)      8  : 0.0970 0.9030
838      838   (0)      8  : 0.1570 0.8430
839      839   (0)      8  : 0.2800 0.7200
840      840   (0)      8  : 0.3560 0.6440
841      841   (0)      8  : 0.1910 0.8090
842      842   (0)      8  : 0.2410 0.7590
843      843   (0)      8  : 0.2780 0.7220
844      844   (0)      8  : 0.4674 0.5326
845      845   (0)      8  : 0.3110 0.6890
846      846   (0)      8  : 0.1272 0.8728
847      847   (0)      8  : 0.3686 0.6314
848      848   (0)      8  : 0.2030 0.7970
849      849   (0)      8  : 0.2916 0.7084
850      850   (0)      8  : 0.1230 0.8770
851      851   (0)      8  : 0.3630 0.6370
852      852   (0)      8  : 0.3140 0.6860
853      853   (0)      8  : 0.5260 0.4740
854      854   (0)      8  : 0.5172 0.4828
855      855   (0)      8  : 0.2110 0.7890
856      856   (0)      8  : 0.3390 0.6610
857      857   (0)      8  : 0.3492 0.6508
858      858   (0)      8  : 0.2020 0.7980
859      859   (0)      8  : 0.2030 0.7970
860      860   (0)      8  : 0.1898 0.8102
861      861   (0)      8  : 0.2640 0.7360
862      862   (0)      8  : 0.1510 0.8490
863      863   (0)      8  : 0.0916 0.9084
864      864   (0)      8  : 0.1996 0.8004
865      865   (0)      8  : 0.3340 0.6660
866      866   (0)      8  : 0.2460 0.7540
867      867   (0)      8  : 0.1676 0.8324
868      868   (0)      8  : 0.3978 0.6022
869      869   (0)      8  : 0.1730 0.8270
870      870   (0)      8  : 0.3288 0.6712
871      871   (0)      8  : 0.4290 0.5710
872      872   (0)      8  : 0.3722 0.6278
873      873   (0)      8  : 0.2790 0.7210
874      874   (0)      8  : 0.1300 0.8700
875      875   (0)      8  : 0.2708 0.7292
876      876   (0)      8  : 0.4806 0.5194
877      877   (0)      8  : 0.1360 0.8640
878      878   (0)      8  : 0.1740 0.8260
879      879   (0)      8  : 0.1250 0.8750
880      880   (0)      8  : 0.3106 0.6894
881      881   (0)      8  : 0.1220 0.8780
882      882   (0)      8  : 0.3380 0.6620
883      883   (0)      8  : 0.1758 0.8242
884      884   (0)      8  : 0.2792 0.7208
885      885   (0)      8  : 0.2360 0.7640
886      886   (0)      8  : 0.0200 0.9800
887      887   (0)      8  : 0.2426 0.7574
888      888   (0)      8  : 0.2508 0.7492
889      889   (0)      8  : 0.3384 0.6616
890      890   (0)      8  : 0.0344 0.9656
891      891   (0)      8  : 0.0950 0.9050
892      892   (0)      8  : 0.4180 0.5820
893      893   (0)      8  : 0.5068 0.4932
894      894   (0)      8  : 0.1320 0.8680
895      895   (0)      8  : 0.3840 0.6160
896      896   (0)      8  : 0.2470 0.7530
897      897   (0)      8  : 0.2930 0.7070
898      898   (0)      8  : 0.1090 0.8910
899      899   (0)      8  : 0.1880 0.8120
900      900   (0)      8  : 0.0830 0.9170
901      901   (0)      8  : 0.3010 0.6990
902      902   (0)      8  : 0.2050 0.7950
903      903   (0)      8  : 0.2430 0.7570
904      904   (0)      8  : 0.2702 0.7298
905      905   (0)      8  : 0.3900 0.6100
906      906   (0)      8  : 0.2650 0.7350
907      907   (0)      8  : 0.2100 0.7900
908      908   (0)      8  : 0.2620 0.7380
909      909  (10)      9  : 0.0868 0.9132
910      910   (5)      9  : 0.0160 0.9840
911      911   (5)      9  : 0.3930 0.6070
912      912   (5)      9  : 0.0110 0.9890
913      913  (10)      9  : 0.2130 0.7870
914      914   (5)      9  : 0.4516 0.5484
915      915  (10)      9  : 0.1014 0.8986
916      916   (0)      9  : 0.0480 0.9520
917      917   (0)      9  : 0.0460 0.9540
918      918   (0)      9  : 0.0090 0.9910
919      919   (0)      9  : 0.0602 0.9398
920      920   (0)      9  : 0.1808 0.8192
921      921   (0)      9  : 0.0180 0.9820
922      922   (0)      9  : 0.1590 0.8410
923      923   (0)      9  : 0.1240 0.8760
924      924   (0)      9  : 0.1716 0.8284
925      925   (0)      9  : 0.2054 0.7946
926      926   (0)      9  : 0.4054 0.5946
927      927   (0)      9  : 0.0190 0.9810
928      928   (5)      9  : 0.0310 0.9690
929      929   (0)      9  : 0.1702 0.8298
930      930   (0)      9  : 0.2400 0.7600
931      931   (5)      9  : 0.0670 0.9330
932      932   (5)      9  : 0.0350 0.9650
933      933   (0)      9  : 0.1980 0.8020
934      934   (0)      9  : 0.0910 0.9090
935      935   (0)      9  : 0.0430 0.9570
936      936   (0)      9  : 0.0110 0.9890
937      937   (0)      9  : 0.0070 0.9930
938      938   (0)      9  : 0.0070 0.9930
939      939   (0)      9  : 0.0070 0.9930
940      940   (0)      9  : 0.0210 0.9790
941      941   (0)      9  : 0.1632 0.8368
942      942   (0)      9  : 0.0530 0.9470
943      943   (0)      9  : 0.0510 0.9490
944      944   (0)      9  : 0.0840 0.9160
945      945   (0)      9  : 0.2240 0.7760
946      946   (0)      9  : 0.0130 0.9870
947      947   (0)      9  : 0.1750 0.8250
948      948   (0)      9  : 0.1768 0.8232
949      949   (0)      9  : 0.0180 0.9820
950      950   (0)      9  : 0.1120 0.8880
951      951   (0)     10  : 0.1180 0.8820
952      952   (0)     10  : 0.0498 0.9502
953      953   (0)     10  : 0.1956 0.8044
954      954   (0)     10  : 0.0300 0.9700
955      955   (0)     10  : 0.0566 0.9434
956      956   (0)     10  : 0.0150 0.9850
957      957   (0)     10  : 0.0660 0.9340
958      958   (0)     10  : 0.0628 0.9372
959      959   (0)     10  : 0.0250 0.9750
960      960   (0)     10  : 0.1220 0.8780
961      961   (0)     10  : 0.1790 0.8210
962      962   (0)     10  : 0.0834 0.9166
963      963   (0)     10  : 0.3000 0.7000
964      964   (0)     10  : 0.1700 0.8300
965      965   (0)     10  : 0.0330 0.9670
966      966   (0)     10  : 0.0622 0.9378
967      967   (0)     10  : 0.0090 0.9910
968      968   (0)     10  : 0.0660 0.9340
969      969   (0)     10  : 0.1544 0.8456
970      970   (0)     10  : 0.0110 0.9890
971      971   (0)     10  : 0.0538 0.9462
972      972   (0)     10  : 0.0768 0.9232
973      973   (0)     10  : 0.1782 0.8218
974      974   (0)     10  : 0.0430 0.9570
975      975   (0)     10  : 0.0160 0.9840
976      976   (0)     10  : 0.0192 0.9808
977      977   (0)     10  : 0.0160 0.9840
978      978   (0)     10  : 0.0636 0.9364
979      979   (0)     10  : 0.0562 0.9438
980      980   (0)     10  : 0.0570 0.9430
981      981   (0)     10  : 0.1700 0.8300
982      982   (0)     10  : 0.1740 0.8260
983      983   (0)     10  : 0.1430 0.8570
984      984   (0)     10  : 0.2728 0.7272
985      985   (0)     10  : 0.2560 0.7440
986      986   (0)     10  : 0.0928 0.9072
987      987   (0)     10  : 0.0280 0.9720
988      988   (0)     10  : 0.0070 0.9930
989      989   (0)     10  : 0.1270 0.8730
990      990   (0)     10  : 0.1830 0.8170
991      991   (0)     10  : 0.1440 0.8560
992      992   (0)     10  : 0.0600 0.9400
993      993   (0)     10  : 0.0670 0.9330
994      994   (0)     10  : 0.1130 0.8870
995      995   (0)     10  : 0.1620 0.8380
996      996   (0)     10  : 0.0160 0.9840
997      997   (0)     10  : 0.1568 0.8432
998      998   (0)     10  : 0.0090 0.9910
999      999   (0)     10  : 0.2396 0.7604
1000     1000   (0)     10  : 0.2934 0.7066
1001     1001   (0)     10  : 0.0600 0.9400
1002     1002   (0)     10  : 0.2250 0.7750
1003     1003   (0)     10  : 0.0140 0.9860
1004     1004   (0)     10  : 0.0232 0.9768
1005     1005   (0)     10  : 0.1250 0.8750
1006     1006   (0)     10  : 0.0724 0.9276
1007     1007   (0)     10  : 0.0190 0.9810
1008     1008   (0)     10  : 0.0250 0.9750
1009     1009   (0)     10  : 0.0300 0.9700
1010     1010   (0)     10  : 0.0950 0.9050
1011     1011   (0)     10  : 0.0354 0.9646
1012     1012   (0)     10  : 0.2044 0.7956
1013     1013   (0)     10  : 0.0080 0.9920
1014     1014   (0)     10  : 0.0480 0.9520
1015     1015   (0)     10  : 0.3250 0.6750
1016     1016   (0)     10  : 0.0116 0.9884
1017     1017   (0)     10  : 0.0940 0.9060
1018     1018   (0)     10  : 0.0070 0.9930
1019     1019   (0)     10  : 0.0340 0.9660
1020     1020   (0)     10  : 0.0770 0.9230
1021     1021   (0)     10  : 0.1798 0.8202
1022     1022   (0)     10  : 0.0410 0.9590
1023     1023   (0)     10  : 0.0100 0.9900
1024     1024   (0)     10  : 0.0360 0.9640
1025     1025   (0)     10  : 0.0170 0.9830
1026     1026   (0)     10  : 0.0440 0.9560
1027     1027   (0)     10  : 0.1150 0.8850
1028     1028   (0)     10  : 0.2438 0.7562
1029     1029   (0)     10  : 0.1140 0.8860
1030     1030   (0)     10  : 0.0140 0.9860
1031     1031   (0)     10  : 0.2262 0.7738
1032     1032   (0)     10  : 0.2238 0.7762
1033     1033   (0)     10  : 0.0960 0.9040
1034     1034   (0)     10  : 0.0510 0.9490
1035     1035   (0)     10  : 0.0130 0.9870
1036     1036   (0)     10  : 0.0410 0.9590
1037     1037   (0)     10  : 0.0120 0.9880
1038     1038   (0)     10  : 0.2360 0.7640
1039     1039   (0)     10  : 0.2110 0.7890
1040     1040   (0)     10  : 0.0560 0.9440
1041     1041   (0)     10  : 0.2706 0.7294
1042     1042   (0)     10  : 0.1210 0.8790
1043     1043   (0)     10  : 0.0610 0.9390
1044     1044   (0)     10  : 0.0754 0.9246
1045     1045   (0)     10  : 0.1094 0.8906
1046     1046   (0)     10  : 0.2130 0.7870
1047     1047   (0)     10  : 0.2866 0.7134
1048     1048   (0)     10  : 0.3230 0.6770
1049     1049   (0)     10  : 0.2210 0.7790
1050     1050   (0)     10  : 0.0190 0.9810
1051     1051   (0)     11  : 0.0420 0.9580
1052     1052  (10)     11  : 0.0146 0.9854
1053     1053  (10)     11  : 0.0140 0.9860
1054     1054   (5)     11  : 0.0070 0.9930
1055     1055   (5)     11  : 0.0084 0.9916
1056     1056   (0)     11  : 0.0064 0.9936
1057     1057   (5)     11  : 0.0090 0.9910
1058     1058   (5)     11  : 0.0100 0.9900
1059     1059   (0)     11  : 0.0060 0.9940
1060     1060   (0)     11  : 0.0070 0.9930
1061     1061   (0)     11  : 0.0070 0.9930
1062     1062   (0)     11  : 0.0070 0.9930
1063     1063   (0)     11  : 0.0080 0.9920
1064     1064   (5)     11  : 0.0060 0.9940
1065     1065   (5)     11  : 0.0350 0.9650
1066     1066  (10)     11  : 0.0150 0.9850
1067     1067   (0)     11  : 0.0070 0.9930
1068     1068   (5)     11  : 0.0390 0.9610
1069     1069   (5)     11  : 0.0100 0.9900
1070     1070   (0)     11  : 0.0060 0.9940
1071     1071   (5)     11  : 0.0080 0.9920
1072     1072   (0)     11  : 0.0130 0.9870
1073     1073   (5)     11  : 0.0050 0.9950
1074     1074   (0)     11  : 0.0080 0.9920
1075     1075   (0)     11  : 0.0120 0.9880
1076     1076   (0)     11  : 0.0290 0.9710
1077     1077   (0)     11  : 0.0080 0.9920
1078     1078   (0)     11  : 0.0090 0.9910
1079     1079   (0)     11  : 0.0130 0.9870
1080     1080   (0)     11  : 0.0230 0.9770
1081     1081   (0)     11  : 0.0202 0.9798
1082     1082   (0)     11  : 0.0220 0.9780
1083     1083   (0)     11  : 0.0080 0.9920
1084     1084   (0)     11  : 0.0150 0.9850
1085     1085   (0)     11  : 0.0180 0.9820
1086     1086   (0)     11  : 0.0060 0.9940
1087     1087   (0)     11  : 0.0150 0.9850
1088     1088   (0)     11  : 0.0070 0.9930
1089     1089   (5)     11  : 0.0100 0.9900
1090     1090   (5)     11  : 0.0100 0.9900
1091     1091   (0)     11  : 0.0110 0.9890
1092     1092  (15)     11  : 0.0170 0.9830
1093     1093  (10)     11  : 0.0060 0.9940
1094     1094  (10)     11  : 0.0080 0.9920
1095     1095  (10)     11  : 0.0120 0.9880
1096     1096   (5)     11  : 0.0140 0.9860
1097     1097   (5)     11  : 0.0070 0.9930
1098     1098   (5)     11  : 0.0080 0.9920
1099     1099   (5)     11  : 0.0080 0.9920
1100     1100   (5)     11  : 0.0160 0.9840
1101     1101   (5)     11  : 0.0090 0.9910
1102     1102  (15)     11  : 0.0230 0.9770
1103     1103   (5)     11  : 0.0260 0.9740
1104     1104   (5)     11  : 0.0060 0.9940
1105     1105  (15)     11  : 0.0108 0.9892
1106     1106   (5)     11  : 0.0490 0.9510
1107     1107   (5)     11  : 0.0720 0.9280
1108     1108   (5)     11  : 0.0100 0.9900
1109     1109   (5)     11  : 0.0070 0.9930
1110     1110  (10)     11  : 0.0120 0.9880
1111     1111   (5)     11  : 0.0090 0.9910
1112     1112   (5)     11  : 0.0120 0.9880
1113     1113  (10)     11  : 0.0090 0.9910
1114     1114  (10)     11  : 0.0100 0.9900
1115     1115  (10)     11  : 0.0402 0.9598
1116     1116  (10)     11  : 0.0438 0.9562
1117     1117   (5)     11  : 0.0080 0.9920
1118     1118  (10)     11  : 0.0150 0.9850
1119     1119   (0)     11  : 0.0060 0.9940
1120     1120   (5)     11  : 0.0080 0.9920
1121     1121   (0)     11  : 0.0060 0.9940
1122     1122   (0)     11  : 0.0060 0.9940
1123     1123   (0)     11  : 0.0100 0.9900
1124     1124   (0)     11  : 0.0170 0.9830
1125     1125   (0)     11  : 0.0076 0.9924
1126     1126   (0)     11  : 0.0230 0.9770
1127     1127   (0)     11  : 0.0100 0.9900
1128     1128  (10)     11  : 0.0100 0.9900
1129     1129  (10)     11  : 0.2920 0.7080
1130     1130   (0)     11  : 0.0190 0.9810
1131     1131   (5)     11  : 0.0826 0.9174
1132     1132   (0)     11  : 0.0120 0.9880
1133     1133   (5)     11  : 0.0320 0.9680
1134     1134   (5)     11  : 0.0070 0.9930
1135     1135   (5)     11  : 0.0090 0.9910
1136     1136  (10)     11  : 0.0060 0.9940
1137     1137   (0)     11  : 0.0070 0.9930
1138     1138   (0)     11  : 0.0070 0.9930
1139     1139   (0)     11  : 0.0650 0.9350
1140     1140   (0)     11  : 0.0080 0.9920
1141     1141   (0)     11  : 0.0130 0.9870
1142     1142   (0)     11  : 0.0070 0.9930
1143     1143   (0)     11  : 0.0070 0.9930
1144     1144   (0)     11  : 0.0120 0.9880
1145     1145   (0)     11  : 0.0080 0.9920
1146     1146   (0)     11  : 0.0100 0.9900
1147     1147   (0)     11  : 0.0110 0.9890
1148     1148   (0)     11  : 0.0650 0.9350
1149     1149   (0)     11  : 0.0190 0.9810
1150     1150   (0)     11  : 0.0210 0.9790
1151     1151   (0)     11  : 0.0090 0.9910
1152     1152   (0)     11  : 0.0278 0.9722
1153     1153   (0)     11  : 0.0070 0.9930
1154     1154   (5)     11  : 0.0110 0.9890
1155     1155   (0)     11  : 0.0090 0.9910
1156     1156   (5)     11  : 0.3080 0.6920
1157     1157   (0)     11  : 0.0090 0.9910
1158     1158   (0)     11  : 0.0260 0.9740
1159     1159   (0)     11  : 0.0130 0.9870
1160     1160   (0)     11  : 0.0120 0.9880
1161     1161   (0)     11  : 0.0080 0.9920
1162     1162   (0)     11  : 0.0070 0.9930
1163     1163   (0)     11  : 0.0176 0.9824
1164     1164   (0)     11  : 0.0060 0.9940
1165     1165   (0)     11  : 0.0110 0.9890
1166     1166   (0)     11  : 0.0070 0.9930
1167     1167   (0)     11  : 0.0602 0.9398
1168     1168   (0)     11  : 0.0070 0.9930
1169     1169   (0)     11  : 0.0160 0.9840
1170     1170   (5)     11  : 0.0090 0.9910
1171     1171   (0)     11  : 0.0160 0.9840
1172     1172   (0)     11  : 0.0120 0.9880
1173     1173   (0)     11  : 0.0160 0.9840
1174     1174  (10)     11  : 0.0080 0.9920
1175     1175   (0)     11  : 0.0080 0.9920
1176     1176   (0)     11  : 0.0070 0.9930
1177     1177   (0)     11  : 0.0100 0.9900
1178     1178  (10)     11  : 0.0150 0.9850
1179     1179   (5)     11  : 0.0070 0.9930
1180     1180   (0)     11  : 0.0090 0.9910
1181     1181   (5)     11  : 0.0090 0.9910
1182     1182   (5)     11  : 0.0060 0.9940
1183     1183  (10)     11  : 0.0122 0.9878
1184     1184   (0)     11  : 0.0070 0.9930
1185     1185   (5)     11  : 0.0140 0.9860
1186     1186  (10)     11  : 0.0080 0.9920
1187     1187   (0)     11  : 0.0320 0.9680
1188     1188   (0)     11  : 0.0412 0.9588
1189     1189   (0)     11  : 0.0080 0.9920
1190     1190   (0)     11  : 0.0120 0.9880
1191     1191   (0)     11  : 0.0070 0.9930
1192     1192   (0)     11  : 0.0160 0.9840
1193     1193   (0)     11  : 0.0070 0.9930
1194     1194   (0)     11  : 0.0070 0.9930
1195     1195   (0)     11  : 0.0070 0.9930
1196     1196   (5)     11  : 0.0150 0.9850
1197     1197   (0)     11  : 0.0060 0.9940
1198     1198   (0)     11  : 0.0080 0.9920
1199     1199   (0)     11  : 0.0080 0.9920
1200     1200   (5)     11  : 0.0190 0.9810
1201     1201   (0)     11  : 0.0100 0.9900
1202     1202   (0)     11  : 0.0270 0.9730
1203     1203   (0)     11  : 0.0080 0.9920
1204     1204   (0)     11  : 0.0080 0.9920
1205     1205   (0)     11  : 0.0080 0.9920
1206     1206   (0)     11  : 0.0122 0.9878
1207     1207   (0)     11  : 0.0230 0.9770
1208     1208   (0)     11  : 0.0080 0.9920
1209     1209   (0)     11  : 0.0080 0.9920
1210     1210   (0)     11  : 0.0260 0.9740
1211     1211   (0)     11  : 0.0080 0.9920
1212     1212   (0)     11  : 0.0060 0.9940
1213     1213   (0)     11  : 0.0090 0.9910
1214     1214   (0)     11  : 0.0070 0.9930
1215     1215   (0)     11  : 0.0060 0.9940
1216     1216   (0)     11  : 0.0070 0.9930
1217     1217   (0)     11  : 0.0070 0.9930
1218     1218   (0)     11  : 0.0140 0.9860
1219     1219   (0)     11  : 0.0118 0.9882
1220     1220   (0)     11  : 0.0078 0.9922
1221     1221  (10)     11  : 0.0170 0.9830
1222     1222   (5)     11  : 0.0084 0.9916
1223     1223  (10)     11  : 0.0100 0.9900
1224     1224   (5)     11  : 0.0980 0.9020
1225     1225  (10)     11  : 0.0080 0.9920
1226     1226  (10)     11  : 0.0090 0.9910
1227     1227   (0)     11  : 0.0180 0.9820
1228     1228   (5)     11  : 0.0270 0.9730
1229     1229   (5)     11  : 0.0420 0.9580
1230     1230  (10)     11  : 0.0120 0.9880
1231     1231   (0)     11  : 0.0076 0.9924
1232     1232   (0)     11  : 0.0120 0.9880
1233     1233   (0)     11  : 0.0090 0.9910
1234     1234   (0)     11  : 0.0120 0.9880
1235     1235   (0)     11  : 0.0410 0.9590
1236     1236   (0)     11  : 0.1550 0.8450
1237     1237   (0)     11  : 0.0690 0.9310
1238     1238   (0)     11  : 0.0080 0.9920
1239     1239   (0)     11  : 0.0070 0.9930
1240     1240   (5)     11  : 0.0934 0.9066
1241     1241   (0)     11  : 0.1226 0.8774
1242     1242   (0)     11  : 0.0070 0.9930
1243     1243  (10)     11  : 0.0260 0.9740
1244     1244   (5)     11  : 0.0110 0.9890
1245     1245   (0)     11  : 0.0060 0.9940
1246     1246   (5)     11  : 0.0440 0.9560
1247     1247   (5)     11  : 0.0100 0.9900
1248     1248   (0)     11  : 0.0070 0.9930
1249     1249   (0)     11  : 0.0330 0.9670
1250     1250   (0)     11  : 0.0110 0.9890
1251     1251   (0)     11  : 0.0388 0.9612
1252     1252   (0)     11  : 0.0070 0.9930
1253     1253   (0)     11  : 0.0210 0.9790
1254     1254   (0)     11  : 0.0060 0.9940
1255     1255   (0)     11  : 0.0060 0.9940
1256     1256   (0)     11  : 0.0060 0.9940
1257     1257   (0)     11  : 0.0090 0.9910
1258     1258   (0)     11  : 0.0270 0.9730
1259     1259   (0)     11  : 0.0084 0.9916
1260     1260   (0)     11  : 0.0090 0.9910
1261     1261   (0)     11  : 0.0100 0.9900
1262     1262   (0)     11  : 0.0090 0.9910
1263     1263   (0)     11  : 0.0178 0.9822
1264     1264   (0)     11  : 0.0090 0.9910
1265     1265   (0)     11  : 0.0070 0.9930
1266     1266   (0)     11  : 0.0070 0.9930
1267     1267   (0)     11  : 0.0060 0.9940
1268     1268   (0)     11  : 0.0060 0.9940
1269     1269   (0)     11  : 0.0070 0.9930
1270     1270   (0)     11  : 0.0070 0.9930
1271     1271   (0)     11  : 0.0210 0.9790
1272     1272   (0)     11  : 0.0320 0.9680
1273     1273   (0)     11  : 0.0070 0.9930
1274     1274   (0)     11  : 0.0670 0.9330
1275     1275   (0)     11  : 0.0068 0.9932
1276     1276   (0)     11  : 0.0070 0.9930
1277     1277   (0)     11  : 0.0070 0.9930
1278     1278   (0)     11  : 0.0130 0.9870
1279     1279   (0)     11  : 0.0230 0.9770
1280     1280   (0)     11  : 0.0070 0.9930
1281     1281   (0)     11  : 0.0140 0.9860
1282     1282   (0)     11  : 0.0080 0.9920
1283     1283   (0)     11  : 0.0248 0.9752
1284     1284   (0)     11  : 0.0080 0.9920
1285     1285   (0)     11  : 0.0080 0.9920
1286     1286   (0)     11  : 0.0100 0.9900
1287     1287   (0)     11  : 0.0100 0.9900
1288     1288   (0)     11  : 0.0070 0.9930
1289     1289   (0)     11  : 0.0070 0.9930
1290     1290   (0)     11  : 0.0070 0.9930
1291     1291   (0)     12  : 0.0138 0.9862
1292     1292   (0)     12  : 0.0070 0.9930
1293     1293   (0)     12  : 0.0130 0.9870
1294     1294   (0)     12  : 0.0060 0.9940
1295     1295   (0)     12  : 0.0090 0.9910
1296     1296   (0)     12  : 0.0080 0.9920
1297     1297   (0)     12  : 0.0150 0.9850
1298     1298   (0)     12  : 0.0100 0.9900
1299     1299   (0)     12  : 0.0200 0.9800
1300     1300   (0)     12  : 0.0090 0.9910
1301     1301   (0)     12  : 0.0090 0.9910
1302     1302   (0)     12  : 0.0060 0.9940
1303     1303   (0)     12  : 0.0120 0.9880
1304     1304   (0)     12  : 0.0110 0.9890
1305     1305   (0)     12  : 0.0110 0.9890
1306     1306   (0)     12  : 0.0120 0.9880
1307     1307   (0)     12  : 0.0160 0.9840
1308     1308   (0)     12  : 0.0612 0.9388
1309     1309   (0)     12  : 0.0650 0.9350
1310     1310   (0)     12  : 0.0140 0.9860
1311     1311   (0)     12  : 0.0080 0.9920
1312     1312   (0)     12  : 0.0100 0.9900
1313     1313   (0)     12  : 0.0090 0.9910
1314     1314   (0)     12  : 0.0070 0.9930
1315     1315   (0)     12  : 0.0100 0.9900
1316     1316   (0)     12  : 0.0090 0.9910
1317     1317   (0)     12  : 0.0070 0.9930
1318     1318   (0)     12  : 0.0094 0.9906
1319     1319   (0)     12  : 0.0140 0.9860
1320     1320   (0)     12  : 0.0332 0.9668
1321     1321   (0)     12  : 0.0190 0.9810
1322     1322   (0)     12  : 0.0490 0.9510
1323     1323   (0)     12  : 0.0060 0.9940
1324     1324   (0)     12  : 0.0080 0.9920
1325     1325   (0)     12  : 0.0150 0.9850
1326     1326   (0)     12  : 0.0070 0.9930
1327     1327   (0)     12  : 0.0190 0.9810
1328     1328   (0)     12  : 0.0090 0.9910
1329     1329   (0)     12  : 0.0090 0.9910
1330     1330   (0)     12  : 0.0190 0.9810
1331     1331   (0)     12  : 0.0110 0.9890
1332     1332   (0)     12  : 0.0100 0.9900
1333     1333   (0)     12  : 0.0090 0.9910
1334     1334   (0)     12  : 0.0130 0.9870
1335     1335   (0)     12  : 0.0070 0.9930
1336     1336   (0)     12  : 0.0160 0.9840
1337     1337   (0)     12  : 0.0120 0.9880
1338     1338   (0)     12  : 0.0070 0.9930
1339     1339   (0)     12  : 0.0080 0.9920
1340     1340   (0)     12  : 0.0162 0.9838
1341     1341   (0)     12  : 0.0090 0.9910
1342     1342   (0)     12  : 0.0130 0.9870
1343     1343   (0)     12  : 0.0130 0.9870
1344     1344   (0)     12  : 0.0090 0.9910
1345     1345   (0)     12  : 0.0100 0.9900
1346     1346   (0)     12  : 0.0090 0.9910
1347     1347   (0)     12  : 0.0080 0.9920
1348     1348   (0)     12  : 0.0090 0.9910
1349     1349   (0)     12  : 0.0130 0.9870
1350     1350   (0)     12  : 0.0120 0.9880
1351     1351   (0)     12  : 0.0080 0.9920
1352     1352   (0)     12  : 0.0070 0.9930
1353     1353   (0)     12  : 0.0090 0.9910
1354     1354   (0)     12  : 0.0100 0.9900
1355     1355   (0)     12  : 0.0070 0.9930
1356     1356   (0)     12  : 0.0160 0.9840
1357     1357   (0)     12  : 0.0080 0.9920
1358     1358   (0)     12  : 0.0180 0.9820
1359     1359   (0)     12  : 0.0110 0.9890
1360     1360   (0)     12  : 0.0110 0.9890
1361     1361   (0)     12  : 0.0140 0.9860
1362     1362   (0)     12  : 0.0070 0.9930
1363     1363   (0)     12  : 0.0210 0.9790
1364     1364   (0)     12  : 0.0080 0.9920
1365     1365   (0)     12  : 0.0150 0.9850
1366     1366   (0)     12  : 0.0070 0.9930
1367     1367   (0)     12  : 0.0070 0.9930
1368     1368   (0)     12  : 0.0070 0.9930
1369     1369   (0)     12  : 0.0070 0.9930
1370     1370   (0)     12  : 0.0066 0.9934
1371     1371   (0)     12  : 0.0130 0.9870
1372     1372   (0)     12  : 0.0080 0.9920
1373     1373   (0)     12  : 0.0130 0.9870
1374     1374   (0)     12  : 0.0140 0.9860
1375     1375   (0)     12  : 0.0120 0.9880
1376     1376   (0)     12  : 0.0060 0.9940
1377     1377   (0)     12  : 0.0110 0.9890
1378     1378   (0)     12  : 0.0080 0.9920
1379     1379   (0)     12  : 0.0070 0.9930
1380     1380   (0)     12  : 0.0360 0.9640
1381     1381   (0)     12  : 0.0050 0.9950
1382     1382   (0)     12  : 0.0070 0.9930
1383     1383   (0)     12  : 0.0120 0.9880
1384     1384   (0)     12  : 0.0110 0.9890
1385     1385   (0)     12  : 0.0110 0.9890
1386     1386   (0)     12  : 0.0240 0.9760
1387     1387   (0)     12  : 0.0090 0.9910
1388     1388   (0)     12  : 0.0128 0.9872
1389     1389   (0)     12  : 0.0120 0.9880
1390     1390   (0)     12  : 0.0110 0.9890
1391     1391   (0)     12  : 0.0130 0.9870
1392     1392   (0)     12  : 0.0160 0.9840
1393     1393   (0)     12  : 0.0080 0.9920
1394     1394   (0)     12  : 0.0080 0.9920
1395     1395   (0)     12  : 0.0130 0.9870
1396     1396   (0)     12  : 0.0110 0.9890
1397     1397   (0)     12  : 0.0320 0.9680
1398     1398   (0)     12  : 0.0230 0.9770
1399     1399   (0)     12  : 0.0140 0.9860
1400     1400   (0)     12  : 0.0090 0.9910
1401     1401   (0)     12  : 0.0120 0.9880
1402     1402   (0)     12  : 0.0110 0.9890
1403     1403   (0)     12  : 0.0110 0.9890
1404     1404   (0)     12  : 0.0260 0.9740
1405     1405   (0)     12  : 0.0280 0.9720
1406     1406   (0)     12  : 0.0120 0.9880
1407     1407   (0)     12  : 0.0160 0.9840
1408     1408   (0)     12  : 0.0160 0.9840
1409     1409   (0)     12  : 0.0200 0.9800
1410     1410   (0)     12  : 0.0090 0.9910
1411     1411   (0)     12  : 0.0122 0.9878
1412     1412   (0)     12  : 0.0090 0.9910
1413     1413   (0)     12  : 0.0160 0.9840
1414     1414   (0)     12  : 0.0080 0.9920
1415     1415   (0)     12  : 0.0180 0.9820
1416     1416   (0)     12  : 0.0090 0.9910
1417     1417   (0)     12  : 0.0090 0.9910
1418     1418   (0)     12  : 0.0100 0.9900
1419     1419   (0)     12  : 0.0080 0.9920
1420     1420   (0)     12  : 0.0070 0.9930
1421     1421   (0)     12  : 0.0070 0.9930
1422     1422   (0)     12  : 0.0070 0.9930
1423     1423   (0)     12  : 0.0120 0.9880
1424     1424   (0)     12  : 0.0070 0.9930
1425     1425   (0)     12  : 0.0160 0.9840
1426     1426   (0)     12  : 0.0250 0.9750
1427     1427   (0)     12  : 0.0110 0.9890
1428     1428   (0)     12  : 0.0170 0.9830
1429     1429   (0)     12  : 0.0070 0.9930
1430     1430   (0)     12  : 0.0080 0.9920
1431     1431   (0)     12  : 0.0070 0.9930
1432     1432   (0)     12  : 0.0100 0.9900
1433     1433   (0)     12  : 0.0090 0.9910
1434     1434   (0)     12  : 0.0140 0.9860
1435     1435   (0)     12  : 0.0118 0.9882
1436     1436   (0)     12  : 0.0150 0.9850
1437     1437   (0)     12  : 0.0090 0.9910
1438     1438   (0)     12  : 0.0090 0.9910
1439     1439   (0)     12  : 0.0080 0.9920
1440     1440   (0)     12  : 0.0100 0.9900
1441     1441   (0)     12  : 0.0360 0.9640
1442     1442   (0)     12  : 0.0200 0.9800
1443     1443   (0)     12  : 0.0070 0.9930
1444     1444   (0)     12  : 0.0348 0.9652
1445     1445   (0)     12  : 0.0160 0.9840
1446     1446   (0)     12  : 0.0110 0.9890
1447     1447   (0)     12  : 0.0220 0.9780
1448     1448   (0)     12  : 0.0110 0.9890
1449     1449   (0)     12  : 0.0072 0.9928
1450     1450   (0)     12  : 0.0540 0.9460
1451     1451   (0)     12  : 0.0250 0.9750
1452     1452   (0)     12  : 0.0230 0.9770
1453     1453   (0)     12  : 0.0380 0.9620
1454     1454   (0)     12  : 0.0100 0.9900
1455     1455   (0)     12  : 0.0100 0.9900
1456     1456   (0)     12  : 0.0110 0.9890
1457     1457   (0)     12  : 0.0090 0.9910
1458     1458   (0)     12  : 0.0140 0.9860
1459     1459   (0)     12  : 0.0110 0.9890
1460     1460   (0)     12  : 0.0090 0.9910
1461     1461   (0)     12  : 0.0268 0.9732
1462     1462   (0)     12  : 0.0070 0.9930
1463     1463   (0)     12  : 0.0144 0.9856
1464     1464   (0)     12  : 0.0100 0.9900
1465     1465   (0)     12  : 0.0080 0.9920
1466     1466   (0)     12  : 0.0100 0.9900
1467     1467   (0)     12  : 0.0070 0.9930
1468     1468   (0)     12  : 0.0070 0.9930
1469     1469   (0)     12  : 0.0114 0.9886
1470     1470   (0)     12  : 0.0070 0.9930
1471     1471   (0)     12  : 0.0060 0.9940
1472     1472   (0)     12  : 0.0110 0.9890
1473     1473   (0)     12  : 0.0480 0.9520
1474     1474   (0)     12  : 0.0080 0.9920
1475     1475   (0)     12  : 0.0140 0.9860
1476     1476   (0)     12  : 0.0070 0.9930
1477     1477   (0)     12  : 0.0160 0.9840
1478     1478   (0)     12  : 0.0120 0.9880
1479     1479   (0)     12  : 0.0190 0.9810
1480     1480   (0)     12  : 0.0092 0.9908
1481     1481   (0)     12  : 0.0180 0.9820
1482     1482   (0)     12  : 0.0160 0.9840
1483     1483   (0)     12  : 0.0100 0.9900
1484     1484   (0)     12  : 0.0180 0.9820
1485     1485   (0)     12  : 0.0120 0.9880
1486     1486   (0)     12  : 0.0070 0.9930
1487     1487   (0)     12  : 0.0150 0.9850
1488     1488   (0)     12  : 0.0080 0.9920
1489     1489   (0)     12  : 0.0080 0.9920
1490     1490   (0)     12  : 0.0080 0.9920
1491     1491   (0)     12  : 0.0090 0.9910
1492     1492   (0)     12  : 0.0120 0.9880
1493     1493   (0)     12  : 0.0170 0.9830
1494     1494   (0)     12  : 0.0100 0.9900
1495     1495   (0)     12  : 0.0080 0.9920
1496     1496   (0)     12  : 0.0080 0.9920
1497     1497   (0)     12  : 0.0120 0.9880
1498     1498   (0)     12  : 0.0150 0.9850
1499     1499   (0)     12  : 0.0120 0.9880
1500     1500   (0)     12  : 0.0070 0.9930
1501     1501   (0)     12  : 0.0190 0.9810
1502     1502   (0)     12  : 0.0100 0.9900
1503     1503   (0)     12  : 0.0080 0.9920
1504     1504   (0)     12  : 0.0130 0.9870
1505     1505   (0)     12  : 0.0100 0.9900
1506     1506   (0)     12  : 0.0070 0.9930
1507     1507   (0)     12  : 0.0090 0.9910
1508     1508   (0)     12  : 0.0100 0.9900
1509     1509   (0)     12  : 0.0104 0.9896
1510     1510   (0)     12  : 0.0230 0.9770
1511     1511   (0)     12  : 0.0160 0.9840
1512     1512   (0)     12  : 0.0100 0.9900
1513     1513   (0)     12  : 0.0592 0.9408
1514     1514   (0)     12  : 0.0080 0.9920
1515     1515   (0)     12  : 0.0490 0.9510
1516     1516   (0)     12  : 0.0130 0.9870
1517     1517   (0)     12  : 0.0060 0.9940
1518     1518   (0)     12  : 0.0100 0.9900
1519     1519   (0)     12  : 0.0120 0.9880
1520     1520   (0)     12  : 0.0136 0.9864
1521     1521   (0)     12  : 0.0070 0.9930
1522     1522   (0)     12  : 0.0080 0.9920
1523     1523   (0)     12  : 0.0302 0.9698
1524     1524   (0)     12  : 0.0132 0.9868
1525     1525   (0)     12  : 0.0140 0.9860
1526     1526   (0)     12  : 0.0070 0.9930
1527     1527   (0)     12  : 0.0090 0.9910
1528     1528   (0)     12  : 0.0230 0.9770
1529     1529   (0)     12  : 0.0080 0.9920
1530     1530   (0)     12  : 0.0080 0.9920
1531     1531   (0)     12  : 0.0230 0.9770
1532     1532   (0)     12  : 0.0080 0.9920
1533     1533   (0)     12  : 0.0252 0.9748
1534     1534   (0)     12  : 0.0080 0.9920
1535     1535   (0)     12  : 0.0280 0.9720
1536     1536   (0)     12  : 0.0110 0.9890
1537     1537   (0)     12  : 0.0100 0.9900
1538     1538   (0)     12  : 0.0240 0.9760
1539     1539   (0)     12  : 0.0090 0.9910
1540     1540   (0)     12  : 0.0240 0.9760
1541     1541   (0)     12  : 0.0160 0.9840
1542     1542   (0)     12  : 0.0100 0.9900
1543     1543   (0)     12  : 0.0110 0.9890
1544     1544   (0)     12  : 0.0080 0.9920
1545     1545   (0)     12  : 0.0080 0.9920
1546     1546   (0)     12  : 0.0098 0.9902
1547     1547   (0)     12  : 0.0080 0.9920
1548     1548   (0)     12  : 0.0184 0.9816
1549     1549   (0)     12  : 0.0120 0.9880
1550     1550   (0)     12  : 0.0144 0.9856
