  1        1   (5)      1 :  0.0230 0.9770 
  2        2   (5)      1 :  0.0440 0.9560 
  3        3   (5)      1 :  0.0172 0.9828 
  4        4   (0)      1 :  0.0222 0.9778 
  5        5   (0)      1 :  0.0400 0.9600 
  6        6   (0)      1 :  0.0190 0.9810 
  7        7   (0)      1 :  0.0320 0.9680 
  8        8   (5)      1 :  0.0220 0.9780 
  9        9   (0)      1 :  0.0180 0.9820 
 10       10   (0)      1 :  0.0416 0.9584 
 11       11   (0)      1 :  0.0200 0.9800 
 12       12   (0)      1 :  0.0350 0.9650 
 13       13   (0)      1 :  0.0360 0.9640 
 14       14   (0)      1 :  0.0240 0.9760 
 15       15   (0)      1 :  0.0190 0.9810 
 16       16   (0)      1 :  0.0170 0.9830 
 17       17   (0)      1 :  0.0160 0.9840 
 18       18   (0)      1 :  0.0250 0.9750 
 19       19   (0)      1 :  0.0610 0.9390 
 20       20   (0)      1 :  0.0544 0.9456 
 21       21   (0)      1 :  0.0220 0.9780 
 22       22   (0)      1 :  0.0140 0.9860 
 23       23   (0)      1 :  0.0170 0.9830 
 24       24   (0)      1 :  0.0320 0.9680 
 25       25   (0)      1 :  0.0410 0.9590 
 26       26   (0)      1 :  0.0340 0.9660 
 27       27   (5)      1 :  0.0270 0.9730 
 28       28   (0)      1 :  0.0140 0.9860 
 29       29   (0)      1 :  0.0208 0.9792 
 30       30   (0)      1 :  0.0590 0.9410 
 31       31   (0)      1 :  0.0170 0.9830 
 32       32   (0)      1 :  0.0280 0.9720 
 33       33   (0)      1 :  0.0180 0.9820 
 34       34   (0)      1 :  0.0150 0.9850 
 35       35   (0)      1 :  0.0328 0.9672 
 36       36   (0)      1 :  0.0250 0.9750 
 37       37   (0)      1 :  0.0328 0.9672 
 38       38   (0)      1 :  0.0390 0.9610 
 39       39   (0)      1 :  0.0260 0.9740 
 40       40   (0)      1 :  0.0300 0.9700 
 41       41   (0)      1 :  0.0200 0.9800 
 42       42   (0)      1 :  0.0140 0.9860 
 43       43   (0)      1 :  0.0170 0.9830 
 44       44   (0)      1 :  0.0140 0.9860 
 45       45   (5)      1 :  0.0350 0.9650 
 46       46   (0)      1 :  0.0120 0.9880 
 47       47   (0)      1 :  0.0140 0.9860 
 48       48   (0)      1 :  0.0200 0.9800 
 49       49   (0)      1 :  0.0370 0.9630 
 50       50   (0)      1 :  0.0220 0.9780 
 51       51   (0)      1 :  0.0320 0.9680 
 52       52   (0)      1 :  0.0874 0.9126 
 53       53   (0)      1 :  0.0190 0.9810 
 54       54   (0)      1 :  0.0140 0.9860 
 55       55   (0)      1 :  0.0180 0.9820 
 56       56   (0)      1 :  0.0190 0.9810 
 57       57  (10)      1 :  0.0310 0.9690 
 58       58   (5)      1 :  0.0270 0.9730 
 59       59   (0)      1 :  0.0280 0.9720 
 60       60   (0)      1 :  0.0170 0.9830 
 61       61   (0)      1 :  0.0220 0.9780 
 62       62   (0)      1 :  0.0190 0.9810 
 63       63   (0)      1 :  0.0200 0.9800 
 64       64   (0)      1 :  0.0160 0.9840 
 65       65   (0)      1 :  0.0870 0.9130 
 66       66   (0)      1 :  0.0200 0.9800 
 67       67   (5)      1 :  0.0432 0.9568 
 68       68   (0)      1 :  0.0210 0.9790 
 69       69   (0)      1 :  0.0150 0.9850 
 70       70   (0)      1 :  0.0216 0.9784 
 71       71   (5)      1 :  0.0260 0.9740 
 72       72   (0)      1 :  0.0368 0.9632 
 73       73   (5)      1 :  0.0170 0.9830 
 74       74  (10)      1 :  0.0360 0.9640 
 75       75  (10)      1 :  0.0524 0.9476 
 76       76   (0)      1 :  0.0230 0.9770 
 77       77  (10)      1 :  0.0290 0.9710 
 78       78   (0)      1 :  0.0320 0.9680 
 79       79   (5)      1 :  0.0184 0.9816 
 80       80   (0)      1 :  0.0170 0.9830 
 81       81   (0)      1 :  0.0210 0.9790 
 82       82   (0)      1 :  0.0170 0.9830 
 83       83   (0)      1 :  0.0230 0.9770 
 84       84   (0)      1 :  0.0282 0.9718 
 85       85   (0)      1 :  0.0160 0.9840 
 86       86   (5)      1 :  0.0190 0.9810 
 87       87   (0)      1 :  0.0190 0.9810 
 88       88   (0)      1 :  0.0498 0.9502 
 89       89   (0)      1 :  0.0686 0.9314 
 90       90   (0)      1 :  0.0210 0.9790 
 91       91   (0)      1 :  0.0270 0.9730 
 92       92   (0)      1 :  0.0220 0.9780 
 93       93   (0)      1 :  0.0170 0.9830 
 94       94   (5)      1 :  0.0486 0.9514 
 95       95   (0)      1 :  0.0220 0.9780 
 96       96   (5)      1 :  0.0200 0.9800 
 97       97   (0)      1 :  0.0150 0.9850 
 98       98   (0)      1 :  0.0294 0.9706 
 99       99   (5)      1 :  0.0270 0.9730 
100      100   (5)      1 :  0.0160 0.9840 
101      101   (0)      2 :  0.0220 0.9780 
102      102   (0)      2 :  0.1226 0.8774 
103      103   (0)      2 :  0.0680 0.9320 
104      104   (0)      2 :  0.0308 0.9692 
105      105   (0)      2 :  0.0390 0.9610 
106      106   (0)      2 :  0.1442 0.8558 
107      107   (0)      2 :  0.1020 0.8980 
108      108   (0)      2 :  0.0926 0.9074 
109      109   (0)      2 :  0.0356 0.9644 
110      110   (0)      2 :  0.1660 0.8340 
111      111   (0)      2 :  0.0298 0.9702 
112      112   (0)      2 :  0.0278 0.9722 
113      113   (0)      2 :  0.0796 0.9204 
114      114   (0)      2 :  0.0460 0.9540 
115      115   (0)      2 :  0.3298 0.6702 
116      116   (0)      2 :  0.0760 0.9240 
117      117   (0)      2 :  0.0280 0.9720 
118      118   (0)      2 :  0.0300 0.9700 
119      119   (0)      2 :  0.1512 0.8488 
120      120   (0)      2 :  0.1426 0.8574 
121      121   (0)      2 :  0.1382 0.8618 
122      122   (0)      2 :  0.0220 0.9780 
123      123   (0)      2 :  0.0774 0.9226 
124      124   (0)      2 :  0.0546 0.9454 
125      125   (0)      2 :  0.2306 0.7694 
126      126   (0)      2 :  0.1422 0.8578 
127      127   (0)      2 :  0.0640 0.9360 
128      128   (0)      2 :  0.0822 0.9178 
129      129   (0)      2 :  0.0628 0.9372 
130      130   (0)      2 :  0.0390 0.9610 
131      131   (0)      2 :  0.1010 0.8990 
132      132   (0)      2 :  0.0180 0.9820 
133      133   (0)      2 :  0.1182 0.8818 
134      134   (0)      2 :  0.0890 0.9110 
135      135   (0)      2 :  0.0888 0.9112 
136      136   (0)      2 :  0.0612 0.9388 
137      137   (0)      2 :  0.0400 0.9600 
138      138   (0)      2 :  0.0898 0.9102 
139      139   (0)      2 :  0.0956 0.9044 
140      140   (0)      2 :  0.0308 0.9692 
141      141   (0)      2 :  0.0710 0.9290 
142      142   (0)      2 :  0.0250 0.9750 
143      143   (0)      2 :  0.0590 0.9410 
144      144   (0)      2 :  0.1778 0.8222 
145      145   (0)      2 :  0.0380 0.9620 
146      146   (0)      2 :  0.1804 0.8196 
147      147   (0)      2 :  0.0790 0.9210 
148      148   (0)      2 :  0.2010 0.7990 
149      149   (0)      2 :  0.0550 0.9450 
150      150   (0)      2 :  0.0310 0.9690 
151      151   (0)      2 :  0.0400 0.9600 
152      152   (0)      2 :  0.0412 0.9588 
153      153   (0)      2 :  0.1074 0.8926 
154      154   (0)      2 :  0.0470 0.9530 
155      155   (0)      2 :  0.0338 0.9662 
156      156   (0)      2 :  0.0894 0.9106 
157      157   (0)      2 :  0.0952 0.9048 
158      158   (0)      2 :  0.0560 0.9440 
159      159   (0)      2 :  0.0350 0.9650 
160      160   (0)      2 :  0.0932 0.9068 
161      161   (0)      2 :  0.0270 0.9730 
162      162   (0)      2 :  0.0460 0.9540 
163      163   (0)      2 :  0.1536 0.8464 
164      164   (0)      2 :  0.0320 0.9680 
165      165   (0)      2 :  0.0758 0.9242 
166      166   (0)      2 :  0.0250 0.9750 
167      167   (0)      2 :  0.1988 0.8012 
168      168   (0)      2 :  0.0310 0.9690 
169      169   (0)      2 :  0.0572 0.9428 
170      170   (0)      2 :  0.0454 0.9546 
171      171   (0)      2 :  0.0310 0.9690 
172      172   (0)      2 :  0.0622 0.9378 
173      173   (0)      2 :  0.0250 0.9750 
174      174   (0)      2 :  0.0480 0.9520 
175      175   (0)      2 :  0.0400 0.9600 
176      176   (0)      2 :  0.1080 0.8920 
177      177   (0)      2 :  0.0618 0.9382 
178      178   (0)      2 :  0.1244 0.8756 
179      179   (0)      2 :  0.0640 0.9360 
180      180   (0)      2 :  0.0160 0.9840 
181      181   (0)      2 :  0.0530 0.9470 
182      182   (0)      2 :  0.0582 0.9418 
183      183   (0)      2 :  0.0378 0.9622 
184      184   (0)      2 :  0.0502 0.9498 
185      185   (0)      2 :  0.1534 0.8466 
186      186   (0)      2 :  0.2738 0.7262 
187      187   (0)      2 :  0.1260 0.8740 
188      188   (0)      2 :  0.0560 0.9440 
189      189   (0)      2 :  0.0590 0.9410 
190      190   (0)      2 :  0.1230 0.8770 
191      191   (0)      2 :  0.1078 0.8922 
192      192   (0)      2 :  0.0360 0.9640 
193      193   (0)      2 :  0.1128 0.8872 
194      194   (0)      2 :  0.0540 0.9460 
195      195   (0)      2 :  0.0180 0.9820 
196      196   (0)      2 :  0.1312 0.8688 
197      197   (0)      2 :  0.0380 0.9620 
198      198   (0)      2 :  0.1502 0.8498 
199      199   (0)      2 :  0.1314 0.8686 
200      200   (0)      2 :  0.1318 0.8682 
201      201   (0)      3 :  0.0678 0.9322 
202      202   (0)      3 :  0.4450 0.5550 
203      203   (0)      3 :  0.2908 0.7092 
204      204   (0)      3 :  0.2958 0.7042 
205      205   (0)      3 :  0.2120 0.7880 
206      206   (0)      3 :  0.0820 0.9180 
207      207   (0)      3 :  0.0902 0.9098 
208      208   (0)      3 :  0.2674 0.7326 
209      209   (0)      3 :  0.0938 0.9062 
210      210   (0)      3 :  0.0608 0.9392 
211      211   (0)      3 :  0.0950 0.9050 
212      212   (0)      3 :  0.0982 0.9018 
213      213   (0)      3 :  0.0864 0.9136 
214      214   (0)      3 :  0.2296 0.7704 
215      215   (0)      3 :  0.1498 0.8502 
216      216   (0)      3 :  0.1112 0.8888 
217      217   (0)      3 :  0.4444 0.5556 
218      218   (0)      3 :  0.2430 0.7570 
219      219   (0)      3 :  0.2140 0.7860 
220      220   (0)      3 :  0.4026 0.5974 
221      221   (0)      3 :  0.0510 0.9490 
222      222   (0)      3 :  0.3246 0.6754 
223      223   (0)      3 :  0.3108 0.6892 
224      224   (0)      3 :  0.1810 0.8190 
225      225   (0)      3 :  0.1486 0.8514 
226      226   (0)      3 :  0.3562 0.6438 
227      227   (0)      3 :  0.0784 0.9216 
228      228   (0)      3 :  0.1986 0.8014 
229      229   (0)      3 :  0.0730 0.9270 
230      230   (0)      3 :  0.0534 0.9466 
231      231   (0)      3 :  0.1014 0.8986 
232      232   (0)      3 :  0.2078 0.7922 
233      233   (0)      3 :  0.0380 0.9620 
234      234   (0)      3 :  0.0600 0.9400 
235      235   (0)      3 :  0.2188 0.7812 
236      236   (0)      3 :  0.1522 0.8478 
237      237   (0)      3 :  0.3200 0.6800 
238      238   (0)      3 :  0.3040 0.6960 
239      239   (0)      3 :  0.4328 0.5672 
240      240   (0)      3 :  0.0376 0.9624 
241      241   (0)      3 :  0.2688 0.7312 
242      242   (0)      3 :  0.2058 0.7942 
243      243   (0)      3 :  0.3714 0.6286 
244      244   (0)      3 :  0.0490 0.9510 
245      245   (0)      3 :  0.1740 0.8260 
246      246   (0)      3 :  0.1916 0.8084 
247      247   (0)      3 :  0.2018 0.7982 
248      248   (0)      3 :  0.2830 0.7170 
249      249   (0)      3 :  0.0290 0.9710 
250      250   (0)      3 :  0.1452 0.8548 
251      251   (0)      3 :  0.2100 0.7900 
252      252   (0)      3 :  0.2568 0.7432 
253      253   (0)      3 :  0.2422 0.7578 
254      254   (0)      3 :  0.2670 0.7330 
255      255   (0)      3 :  0.1824 0.8176 
256      256   (0)      3 :  0.2524 0.7476 
257      257   (0)      3 :  0.3858 0.6142 
258      258   (0)      3 :  0.0392 0.9608 
259      259   (0)      3 :  0.2478 0.7522 
260      260   (0)      3 :  0.2316 0.7684 
261      261   (0)      3 :  0.3028 0.6972 
262      262   (0)      3 :  0.3262 0.6738 
263      263   (0)      3 :  0.3220 0.6780 
264      264   (0)      3 :  0.4300 0.5700 
265      265   (0)      3 :  0.3256 0.6744 
266      266   (0)      3 :  0.2570 0.7430 
267      267   (0)      3 :  0.1334 0.8666 
268      268   (0)      3 :  0.0658 0.9342 
269      269   (0)      3 :  0.1748 0.8252 
270      270   (0)      3 :  0.1646 0.8354 
271      271   (0)      3 :  0.2096 0.7904 
272      272   (0)      3 :  0.3540 0.6460 
273      273   (0)      3 :  0.2018 0.7982 
274      274   (0)      3 :  0.0904 0.9096 
275      275   (0)      3 :  0.1206 0.8794 
276      276   (0)      3 :  0.0550 0.9450 
277      277   (0)      3 :  0.1440 0.8560 
278      278   (0)      3 :  0.1530 0.8470 
279      279   (0)      3 :  0.1420 0.8580 
280      280   (0)      3 :  0.0568 0.9432 
281      281   (0)      3 :  0.2898 0.7102 
282      282   (0)      3 :  0.3830 0.6170 
283      283   (0)      3 :  0.0270 0.9730 
284      284   (0)      3 :  0.2578 0.7422 
285      285   (0)      3 :  0.1804 0.8196 
286      286   (0)      3 :  0.1424 0.8576 
287      287   (0)      3 :  0.0500 0.9500 
288      288   (0)      3 :  0.2712 0.7288 
289      289   (0)      3 :  0.1972 0.8028 
290      290   (0)      3 :  0.0300 0.9700 
291      291   (0)      3 :  0.0628 0.9372 
292      292   (0)      3 :  0.2304 0.7696 
293      293   (0)      3 :  0.1846 0.8154 
294      294   (0)      3 :  0.2284 0.7716 
295      295   (0)      3 :  0.3010 0.6990 
296      296   (0)      3 :  0.2122 0.7878 
297      297   (0)      3 :  0.0510 0.9490 
298      298   (0)      3 :  0.1492 0.8508 
299      299   (0)      3 :  0.0370 0.9630 
300      300   (0)      3 :  0.4066 0.5934 
301      301   (0)      4 :  0.6300 0.3700 
302      302   (0)      4 :  0.5080 0.4920 
303      303   (0)      4 :  0.5020 0.4980 
304      304   (0)      4 :  0.3640 0.6360 
305      305   (0)      4 :  0.4624 0.5376 
306      306   (0)      4 :  0.5320 0.4680 
307      307   (0)      4 :  0.5818 0.4182 
308      308   (0)      4 :  0.6710 0.3290 
309      309   (0)      4 :  0.5948 0.4052 
310      310   (0)      4 :  0.4240 0.5760 
311      311   (0)      4 :  0.5728 0.4272 
312      312   (0)      4 :  0.5658 0.4342 
313      313   (0)      4 :  0.5180 0.4820 
314      314   (0)      4 :  0.3566 0.6434 
315      315   (0)      4 :  0.4722 0.5278 
316      316   (0)      4 :  0.4454 0.5546 
317      317   (0)      4 :  0.5124 0.4876 
318      318   (0)      4 :  0.6056 0.3944 
319      319   (0)      4 :  0.4388 0.5612 
320      320   (0)      4 :  0.5420 0.4580 
321      321   (0)      4 :  0.5110 0.4890 
322      322   (0)      4 :  0.4534 0.5466 
323      323   (0)      4 :  0.5280 0.4720 
324      324   (0)      4 :  0.5748 0.4252 
325      325   (0)      4 :  0.5100 0.4900 
326      326   (0)      4 :  0.6170 0.3830 
327      327   (0)      4 :  0.4580 0.5420 
328      328   (0)      4 :  0.5240 0.4760 
329      329   (0)      4 :  0.5988 0.4012 
330      330   (0)      4 :  0.4728 0.5272 
331      331   (0)      4 :  0.4850 0.5150 
332      332   (0)      4 :  0.4838 0.5162 
333      333   (0)      4 :  0.4920 0.5080 
334      334   (0)      4 :  0.4550 0.5450 
335      335   (0)      4 :  0.3836 0.6164 
336      336   (0)      4 :  0.5030 0.4970 
337      337   (0)      4 :  0.6716 0.3284 
338      338   (0)      4 :  0.6648 0.3352 
339      339   (0)      4 :  0.4112 0.5888 
340      340   (0)      4 :  0.4878 0.5122 
341      341   (0)      4 :  0.4782 0.5218 
342      342   (0)      4 :  0.5520 0.4480 
343      343   (0)      4 :  0.6348 0.3652 
344      344   (0)      4 :  0.3332 0.6668 
345      345   (0)      4 :  0.5610 0.4390 
346      346   (0)      4 :  0.5070 0.4930 
347      347   (0)      4 :  0.5640 0.4360 
348      348   (0)      4 :  0.4510 0.5490 
349      349   (0)      4 :  0.3946 0.6054 
350      350   (0)      4 :  0.6070 0.3930 
351      351   (0)      4 :  0.4006 0.5994 
352      352   (0)      4 :  0.4670 0.5330 
353      353   (0)      4 :  0.5184 0.4816 
354      354   (0)      4 :  0.5360 0.4640 
355      355   (0)      4 :  0.5810 0.4190 
356      356   (0)      4 :  0.4808 0.5192 
357      357   (0)      4 :  0.5300 0.4700 
358      358   (0)      4 :  0.5968 0.4032 
359      359   (0)      4 :  0.4440 0.5560 
360      360   (0)      4 :  0.4304 0.5696 
361      361   (0)      4 :  0.4626 0.5374 
362      362   (0)      4 :  0.4204 0.5796 
363      363   (0)      4 :  0.5808 0.4192 
364      364   (0)      4 :  0.5210 0.4790 
365      365   (0)      4 :  0.4056 0.5944 
366      366   (0)      4 :  0.4684 0.5316 
367      367   (0)      4 :  0.5840 0.4160 
368      368   (0)      4 :  0.4448 0.5552 
369      369   (0)      4 :  0.4410 0.5590 
370      370   (0)      4 :  0.3196 0.6804 
371      371   (0)      4 :  0.5954 0.4046 
372      372   (0)      4 :  0.4998 0.5002 
373      373   (0)      4 :  0.5138 0.4862 
374      374   (0)      4 :  0.4328 0.5672 
375      375   (0)      4 :  0.4876 0.5124 
376      376   (0)      4 :  0.4942 0.5058 
377      377   (0)      4 :  0.3918 0.6082 
378      378   (0)      4 :  0.5124 0.4876 
379      379   (0)      4 :  0.4450 0.5550 
380      380   (0)      4 :  0.4450 0.5550 
381      381   (0)      4 :  0.5440 0.4560 
382      382   (0)      4 :  0.5580 0.4420 
383      383   (0)      4 :  0.5640 0.4360 
384      384   (0)      4 :  0.4530 0.5470 
385      385   (0)      4 :  0.4990 0.5010 
386      386   (0)      4 :  0.5968 0.4032 
387      387   (0)      4 :  0.5998 0.4002 
388      388   (0)      4 :  0.4980 0.5020 
389      389   (0)      4 :  0.5240 0.4760 
390      390   (0)      4 :  0.4800 0.5200 
391      391   (0)      4 :  0.4590 0.5410 
392      392   (0)      4 :  0.4594 0.5406 
393      393   (0)      4 :  0.5680 0.4320 
394      394   (0)      4 :  0.3860 0.6140 
395      395   (0)      4 :  0.4342 0.5658 
396      396   (0)      4 :  0.3320 0.6680 
397      397   (0)      4 :  0.4380 0.5620 
398      398   (0)      4 :  0.3700 0.6300 
399      399   (0)      4 :  0.5878 0.4122 
400      400   (0)      4 :  0.4882 0.5118 
401      401   (0)      5 :  0.9260 0.0740 
402      402   (0)      5 :  0.8350 0.1650 
403      403   (0)      5 :  0.6420 0.3580 
404      404   (0)      5 :  0.7966 0.2034 
405      405   (0)      5 :  0.7870 0.2130 
406      406   (0)      5 :  0.7350 0.2650 
407      407   (0)      5 :  0.7534 0.2466 
408      408   (0)      5 :  0.8210 0.1790 
409      409   (0)      5 :  0.7340 0.2660 
410      410   (0)      5 :  0.7908 0.2092 
411      411   (0)      5 :  0.8506 0.1494 
412      412   (0)      5 :  0.7350 0.2650 
413      413   (0)      5 :  0.9720 0.0280 
414      414   (0)      5 :  0.9110 0.0890 
415      415   (0)      5 :  0.6300 0.3700 
416      416   (0)      5 :  0.8160 0.1840 
417      417   (0)      5 :  0.6930 0.3070 
418      418   (0)      5 :  0.5878 0.4122 
419      419   (0)      5 :  0.7852 0.2148 
420      420   (0)      5 :  0.8798 0.1202 
421      421   (0)      5 :  0.6636 0.3364 
422      422   (0)      5 :  0.8590 0.1410 
423      423   (0)      5 :  0.6960 0.3040 
424      424   (0)      5 :  0.8728 0.1272 
425      425   (0)      5 :  0.7172 0.2828 
426      426   (0)      5 :  0.8188 0.1812 
427      427   (0)      5 :  0.7052 0.2948 
428      428   (0)      5 :  0.6548 0.3452 
429      429   (0)      5 :  0.8070 0.1930 
430      430   (0)      5 :  0.9152 0.0848 
431      431   (0)      5 :  0.7076 0.2924 
432      432   (0)      5 :  0.5002 0.4998 
433      433   (0)      5 :  0.7870 0.2130 
434      434   (0)      5 :  0.8794 0.1206 
435      435   (0)      5 :  0.8618 0.1382 
436      436   (0)      5 :  0.8720 0.1280 
437      437   (0)      5 :  0.6090 0.3910 
438      438   (0)      5 :  0.7252 0.2748 
439      439   (0)      5 :  0.7426 0.2574 
440      440   (0)      5 :  0.8990 0.1010 
441      441   (0)      5 :  0.7926 0.2074 
442      442   (0)      5 :  0.9070 0.0930 
443      443   (0)      5 :  0.7450 0.2550 
444      444   (0)      5 :  0.7470 0.2530 
445      445   (0)      5 :  0.7650 0.2350 
446      446   (0)      5 :  0.9580 0.0420 
447      447   (0)      5 :  0.7214 0.2786 
448      448   (0)      5 :  0.8190 0.1810 
449      449   (0)      5 :  0.9458 0.0542 
450      450   (0)      5 :  0.6274 0.3726 
451      451   (0)      5 :  0.6282 0.3718 
452      452   (0)      5 :  0.8690 0.1310 
453      453   (0)      5 :  0.7114 0.2886 
454      454   (0)      5 :  0.9520 0.0480 
455      455   (0)      5 :  0.8672 0.1328 
456      456   (0)      5 :  0.8176 0.1824 
457      457   (0)      5 :  0.9584 0.0416 
458      458   (0)      5 :  0.9008 0.0992 
459      459   (0)      5 :  0.8018 0.1982 
460      460   (0)      5 :  0.9290 0.0710 
461      461   (0)      5 :  0.7960 0.2040 
462      462   (0)      5 :  0.6864 0.3136 
463      463   (0)      5 :  0.8508 0.1492 
464      464   (0)      5 :  0.7538 0.2462 
465      465   (0)      5 :  0.7030 0.2970 
466      466   (0)      5 :  0.8936 0.1064 
467      467   (0)      5 :  0.8150 0.1850 
468      468   (0)      5 :  0.8456 0.1544 
469      469   (0)      5 :  0.6836 0.3164 
470      470   (0)      5 :  0.8010 0.1990 
471      471   (0)      5 :  0.7090 0.2910 
472      472   (0)      5 :  0.9380 0.0620 
473      473   (0)      5 :  0.7336 0.2664 
474      474   (0)      5 :  0.5922 0.4078 
475      475   (0)      5 :  0.8018 0.1982 
476      476   (0)      5 :  0.6992 0.3008 
477      477   (0)      5 :  0.7480 0.2520 
478      478   (0)      5 :  0.9550 0.0450 
479      479   (0)      5 :  0.9356 0.0644 
480      480   (0)      5 :  0.8220 0.1780 
481      481   (0)      5 :  0.7810 0.2190 
482      482   (0)      5 :  0.8994 0.1006 
483      483   (0)      5 :  0.7030 0.2970 
484      484   (0)      5 :  0.8168 0.1832 
485      485   (0)      5 :  0.9680 0.0320 
486      486   (0)      5 :  0.6250 0.3750 
487      487   (0)      5 :  0.8728 0.1272 
488      488   (0)      5 :  0.8446 0.1554 
489      489   (0)      5 :  0.6960 0.3040 
490      490   (0)      5 :  0.6850 0.3150 
491      491   (0)      5 :  0.9410 0.0590 
492      492   (0)      5 :  0.8556 0.1444 
493      493   (0)      5 :  0.8260 0.1740 
494      494   (0)      5 :  0.8958 0.1042 
495      495   (0)      5 :  0.8100 0.1900 
496      496   (0)      5 :  0.7242 0.2758 
497      497   (0)      5 :  0.9058 0.0942 
498      498   (0)      5 :  0.7840 0.2160 
499      499   (0)      5 :  0.7700 0.2300 
500      500   (0)      5 :  0.7000 0.3000 
501      501   (0)      6 :  0.9870 0.0130 
502      502   (0)      6 :  0.9240 0.0760 
503      503   (0)      6 :  0.8706 0.1294 
504      504   (0)      6 :  0.9350 0.0650 
505      505   (0)      6 :  0.9400 0.0600 
506      506   (0)      6 :  0.8746 0.1254 
507      507   (0)      6 :  0.9280 0.0720 
508      508   (0)      6 :  0.9460 0.0540 
509      509   (0)      6 :  0.9100 0.0900 
510      510   (0)      6 :  0.9700 0.0300 
511      511   (0)      6 :  0.9760 0.0240 
512      512   (0)      6 :  0.9712 0.0288 
513      513   (0)      6 :  0.8980 0.1020 
514      514   (0)      6 :  0.8962 0.1038 
515      515   (0)      6 :  0.9510 0.0490 
516      516   (0)      6 :  0.9740 0.0260 
517      517   (0)      6 :  0.9810 0.0190 
518      518   (0)      6 :  0.9580 0.0420 
519      519   (0)      6 :  0.9648 0.0352 
520      520   (0)      6 :  0.9810 0.0190 
521      521   (0)      6 :  0.9450 0.0550 
522      522   (0)      6 :  0.9750 0.0250 
523      523   (0)      6 :  0.9380 0.0620 
524      524   (0)      6 :  0.9844 0.0156 
525      525   (0)      6 :  0.7916 0.2084 
526      526   (0)      6 :  0.7850 0.2150 
527      527   (0)      6 :  0.9210 0.0790 
528      528   (0)      6 :  0.9566 0.0434 
529      529   (0)      6 :  0.7594 0.2406 
530      530   (0)      6 :  0.8010 0.1990 
531      531   (0)      6 :  0.8192 0.1808 
532      532   (0)      6 :  0.9140 0.0860 
533      533   (0)      6 :  0.9540 0.0460 
534      534   (0)      6 :  0.8520 0.1480 
535      535   (0)      6 :  0.9438 0.0562 
536      536   (0)      6 :  0.9476 0.0524 
537      537   (0)      6 :  0.9730 0.0270 
538      538   (0)      6 :  0.8346 0.1654 
539      539   (0)      6 :  0.9560 0.0440 
540      540   (0)      6 :  0.8458 0.1542 
541      541   (0)      6 :  0.9364 0.0636 
542      542   (0)      6 :  0.8850 0.1150 
543      543   (0)      6 :  0.7850 0.2150 
544      544   (0)      6 :  0.8962 0.1038 
545      545   (0)      6 :  0.9730 0.0270 
546      546   (0)      6 :  0.9680 0.0320 
547      547   (0)      6 :  0.7270 0.2730 
548      548   (0)      6 :  0.8870 0.1130 
549      549   (0)      6 :  0.9720 0.0280 
550      550   (0)      6 :  0.9040 0.0960 
551      551   (0)      6 :  0.9600 0.0400 
552      552   (0)      6 :  0.9682 0.0318 
553      553   (0)      6 :  0.9298 0.0702 
554      554   (0)      6 :  0.9668 0.0332 
555      555   (0)      6 :  0.8534 0.1466 
556      556   (0)      6 :  0.8770 0.1230 
557      557   (0)      6 :  0.9520 0.0480 
558      558   (0)      6 :  0.9020 0.0980 
559      559   (0)      6 :  0.9820 0.0180 
560      560   (0)      6 :  0.8018 0.1982 
561      561   (0)      6 :  0.9430 0.0570 
562      562   (0)      6 :  0.9504 0.0496 
563      563   (0)      6 :  0.9208 0.0792 
564      564   (0)      6 :  0.9740 0.0260 
565      565   (0)      6 :  0.8400 0.1600 
566      566   (0)      6 :  0.9550 0.0450 
567      567   (0)      6 :  0.9420 0.0580 
568      568   (0)      6 :  0.9390 0.0610 
569      569   (0)      6 :  0.9810 0.0190 
570      570   (0)      6 :  0.9510 0.0490 
571      571   (0)      6 :  0.9698 0.0302 
572      572   (0)      6 :  0.9040 0.0960 
573      573   (0)      6 :  0.9728 0.0272 
574      574   (0)      6 :  0.9322 0.0678 
575      575   (0)      6 :  0.9800 0.0200 
576      576   (0)      6 :  0.8962 0.1038 
577      577   (0)      6 :  0.8860 0.1140 
578      578   (0)      6 :  0.9130 0.0870 
579      579   (0)      6 :  0.9056 0.0944 
580      580   (0)      6 :  0.9120 0.0880 
581      581   (0)      6 :  0.8458 0.1542 
582      582   (0)      6 :  0.9760 0.0240 
583      583   (0)      6 :  0.8372 0.1628 
584      584   (0)      6 :  0.9212 0.0788 
585      585   (0)      6 :  0.9820 0.0180 
586      586   (0)      6 :  0.8080 0.1920 
587      587   (0)      6 :  0.9448 0.0552 
588      588   (0)      6 :  0.9510 0.0490 
589      589   (0)      6 :  0.9292 0.0708 
590      590   (0)      6 :  0.9780 0.0220 
591      591   (0)      6 :  0.8792 0.1208 
592      592   (0)      6 :  0.9646 0.0354 
593      593   (0)      6 :  0.9520 0.0480 
594      594   (0)      6 :  0.9068 0.0932 
595      595   (0)      6 :  0.9860 0.0140 
596      596   (0)      6 :  0.9440 0.0560 
597      597   (0)      6 :  0.9426 0.0574 
598      598   (0)      6 :  0.7598 0.2402 
599      599   (0)      6 :  0.9560 0.0440 
600      600   (0)      6 :  0.8980 0.1020 
601      601   (5)      7 :  0.9730 0.0270 
602      602   (0)      7 :  0.9690 0.0310 
603      603   (0)      7 :  0.9850 0.0150 
604      604   (0)      7 :  0.9630 0.0370 
605      605   (0)      7 :  0.9820 0.0180 
606      606   (0)      7 :  0.9810 0.0190 
607      607   (0)      7 :  0.9870 0.0130 
608      608   (0)      7 :  0.9820 0.0180 
609      609   (0)      7 :  0.9606 0.0394 
610      610   (0)      7 :  0.9840 0.0160 
611      611   (0)      7 :  0.9880 0.0120 
612      612   (0)      7 :  0.9840 0.0160 
613      613   (0)      7 :  0.9730 0.0270 
614      614   (5)      7 :  0.9870 0.0130 
615      615   (0)      7 :  0.9844 0.0156 
616      616   (0)      7 :  0.9860 0.0140 
617      617   (0)      7 :  0.9800 0.0200 
618      618   (0)      7 :  0.9810 0.0190 
619      619   (0)      7 :  0.9810 0.0190 
620      620   (0)      7 :  0.9850 0.0150 
621      621   (0)      7 :  0.9870 0.0130 
622      622   (0)      7 :  0.9780 0.0220 
623      623   (0)      7 :  0.9860 0.0140 
624      624   (0)      7 :  0.9880 0.0120 
625      625   (0)      7 :  0.9880 0.0120 
626      626   (0)      7 :  0.9840 0.0160 
627      627   (0)      7 :  0.9840 0.0160 
628      628   (0)      7 :  0.9850 0.0150 
629      629   (0)      8 :  0.9840 0.0160 
630      630   (0)      8 :  0.9830 0.0170 
631      631   (0)      8 :  0.9870 0.0130 
632      632   (0)      8 :  0.9880 0.0120 
633      633   (0)      8 :  0.9860 0.0140 
634      634   (0)      8 :  0.9840 0.0160 
635      635   (0)      8 :  0.9850 0.0150 
636      636   (0)      8 :  0.9660 0.0340 
637      637   (0)      8 :  0.9750 0.0250 
638      638   (0)      8 :  0.9850 0.0150 
639      639   (0)      8 :  0.9860 0.0140 
640      640   (0)      8 :  0.9830 0.0170 
641      641   (0)      8 :  0.9850 0.0150 
642      642   (0)      8 :  0.9850 0.0150 
643      643   (0)      8 :  0.9880 0.0120 
644      644   (0)      8 :  0.9740 0.0260 
645      645   (0)      8 :  0.9880 0.0120 
646      646   (0)      8 :  0.9836 0.0164 
647      647   (0)      8 :  0.9770 0.0230 
648      648   (0)      8 :  0.9820 0.0180 
649      649   (0)      8 :  0.9870 0.0130 
650      650   (0)      8 :  0.9830 0.0170 
651      651   (0)      8 :  0.9790 0.0210 
652      652   (0)      8 :  0.9780 0.0220 
653      653   (0)      8 :  0.9860 0.0140 
654      654   (0)      8 :  0.9840 0.0160 
655      655   (0)      8 :  0.9810 0.0190 
656      656   (0)      8 :  0.9860 0.0140 
657      657   (0)      8 :  0.9890 0.0110 
658      658   (0)      8 :  0.9790 0.0210 
659      659   (0)      8 :  0.9784 0.0216 
660      660   (0)      8 :  0.9830 0.0170 
661      661   (0)      8 :  0.9720 0.0280 
662      662   (0)      8 :  0.9840 0.0160 
663      663   (0)      8 :  0.9810 0.0190 
664      664   (0)      8 :  0.9850 0.0150 
665      665   (0)      8 :  0.9850 0.0150 
666      666   (0)      8 :  0.9760 0.0240 
667      667   (0)      8 :  0.9830 0.0170 
668      668   (0)      8 :  0.9830 0.0170 
669      669   (0)      8 :  0.9850 0.0150 
670      670   (0)      8 :  0.9840 0.0160 
671      671   (0)      8 :  0.9790 0.0210 
672      672   (0)      8 :  0.9840 0.0160 
673      673   (0)      8 :  0.9840 0.0160 
674      674   (0)      8 :  0.9850 0.0150 
675      675   (0)      8 :  0.9820 0.0180 
676      676   (0)      8 :  0.9740 0.0260 
677      677   (0)      8 :  0.9830 0.0170 
678      678   (0)      8 :  0.9860 0.0140 
679      679   (0)      8 :  0.9666 0.0334 
680      680   (0)      8 :  0.9870 0.0130 
681      681   (0)      8 :  0.9840 0.0160 
682      682   (0)      8 :  0.9830 0.0170 
683      683   (0)      8 :  0.9880 0.0120 
684      684   (0)      8 :  0.9800 0.0200 
685      685   (0)      8 :  0.9860 0.0140 
686      686   (0)      8 :  0.9840 0.0160 
687      687   (0)      8 :  0.9820 0.0180 
688      688   (0)      8 :  0.9850 0.0150 
689      689   (0)      8 :  0.9840 0.0160 
690      690   (0)      8 :  0.9860 0.0140 
691      691   (0)      8 :  0.9820 0.0180 
692      692   (0)      8 :  0.9850 0.0150 
693      693   (0)      8 :  0.9870 0.0130 
694      694   (0)      8 :  0.9840 0.0160 
695      695   (0)      8 :  0.9850 0.0150 
696      696   (0)      8 :  0.9790 0.0210 
697      697   (0)      8 :  0.9870 0.0130 
698      698   (0)      8 :  0.9850 0.0150 
699      699   (0)      8 :  0.9780 0.0220 
700      700   (0)      8 :  0.9840 0.0160 
