  1        1   (5)      1 :  0.9844 0.0038 0.0064 0.0054 
  2        2   (5)      1 :  0.9664 0.0066 0.0080 0.0190 
  3        3   (5)      1 :  0.9902 0.0032 0.0038 0.0028 
  4        4   (0)      1 :  0.9920 0.0024 0.0036 0.0020 
  5        5   (0)      1 :  0.9180 0.0254 0.0482 0.0084 
  6        6   (0)      1 :  0.9880 0.0032 0.0044 0.0044 
  7        7   (0)      1 :  0.8962 0.0508 0.0076 0.0454 
  8        8   (5)      1 :  0.9924 0.0022 0.0030 0.0024 
  9        9   (0)      1 :  0.9928 0.0026 0.0020 0.0026 
 10       10   (0)      1 :  0.9640 0.0072 0.0052 0.0236 
 11       11   (0)      1 :  0.9848 0.0054 0.0040 0.0058 
 12       12   (0)      1 :  0.9816 0.0066 0.0050 0.0068 
 13       13   (0)      1 :  0.9904 0.0028 0.0032 0.0036 
 14       14   (0)      1 :  0.9866 0.0032 0.0044 0.0058 
 15       15   (0)      1 :  0.9876 0.0030 0.0048 0.0046 
 16       16   (0)      1 :  0.9920 0.0024 0.0036 0.0020 
 17       17   (0)      1 :  0.9934 0.0020 0.0020 0.0026 
 18       18   (0)      1 :  0.9758 0.0058 0.0124 0.0060 
 19       19   (0)      1 :  0.9902 0.0036 0.0040 0.0022 
 20       20   (0)      1 :  0.9568 0.0144 0.0144 0.0144 
 21       21   (0)      1 :  0.9932 0.0020 0.0020 0.0028 
 22       22   (0)      1 :  0.9928 0.0024 0.0028 0.0020 
 23       23   (0)      1 :  0.9922 0.0030 0.0028 0.0020 
 24       24   (0)      1 :  0.9876 0.0048 0.0050 0.0026 
 25       25   (0)      1 :  0.9648 0.0190 0.0050 0.0112 
 26       26   (0)      1 :  0.9904 0.0034 0.0030 0.0032 
 27       27   (5)      1 :  0.9592 0.0144 0.0144 0.0120 
 28       28   (0)      1 :  0.9836 0.0046 0.0080 0.0038 
 29       29   (0)      1 :  0.9912 0.0024 0.0036 0.0028 
 30       30   (0)      1 :  0.9678 0.0106 0.0084 0.0132 
 31       31   (0)      1 :  0.9902 0.0034 0.0038 0.0026 
 32       32   (0)      1 :  0.9628 0.0040 0.0284 0.0048 
 33       33   (0)      1 :  0.9928 0.0022 0.0030 0.0020 
 34       34   (0)      1 :  0.9918 0.0032 0.0030 0.0020 
 35       35   (0)      1 :  0.9630 0.0148 0.0158 0.0064 
 36       36   (0)      1 :  0.9768 0.0040 0.0166 0.0026 
 37       37   (0)      1 :  0.9770 0.0114 0.0054 0.0062 
 38       38   (0)      1 :  0.9886 0.0034 0.0032 0.0048 
 39       39   (0)      1 :  0.9738 0.0046 0.0080 0.0136 
 40       40   (0)      1 :  0.9876 0.0036 0.0054 0.0034 
 41       41   (0)      1 :  0.9890 0.0036 0.0040 0.0034 
 42       42   (0)      1 :  0.9938 0.0022 0.0020 0.0020 
 43       43   (0)      1 :  0.9892 0.0034 0.0034 0.0040 
 44       44   (0)      1 :  0.9940 0.0020 0.0020 0.0020 
 45       45   (5)      1 :  0.9832 0.0042 0.0054 0.0072 
 46       46   (0)      1 :  0.9924 0.0024 0.0028 0.0024 
 47       47   (0)      1 :  0.9850 0.0036 0.0056 0.0058 
 48       48   (0)      1 :  0.9848 0.0044 0.0052 0.0056 
 49       49   (0)      1 :  0.9836 0.0028 0.0038 0.0098 
 50       50   (0)      1 :  0.9900 0.0030 0.0030 0.0040 
 51       51   (0)      1 :  0.9868 0.0050 0.0030 0.0052 
 52       52   (0)      1 :  0.9656 0.0146 0.0082 0.0116 
 53       53   (0)      1 :  0.9772 0.0124 0.0054 0.0050 
 54       54   (0)      1 :  0.9864 0.0038 0.0040 0.0058 
 55       55   (0)      1 :  0.9884 0.0042 0.0030 0.0044 
 56       56   (0)      1 :  0.9906 0.0030 0.0038 0.0026 
 57       57  (10)      1 :  0.9880 0.0030 0.0060 0.0030 
 58       58   (5)      1 :  0.9844 0.0036 0.0060 0.0060 
 59       59   (0)      1 :  0.9870 0.0046 0.0036 0.0048 
 60       60   (0)      1 :  0.9912 0.0024 0.0028 0.0036 
 61       61   (0)      1 :  0.9870 0.0048 0.0042 0.0040 
 62       62   (0)      1 :  0.9688 0.0044 0.0046 0.0222 
 63       63   (0)      1 :  0.9844 0.0050 0.0048 0.0058 
 64       64   (0)      1 :  0.9884 0.0034 0.0034 0.0048 
 65       65   (0)      1 :  0.9658 0.0070 0.0146 0.0126 
 66       66   (0)      1 :  0.9848 0.0026 0.0098 0.0028 
 67       67   (5)      1 :  0.9806 0.0060 0.0088 0.0046 
 68       68   (0)      1 :  0.9732 0.0092 0.0072 0.0104 
 69       69   (0)      1 :  0.9822 0.0086 0.0028 0.0064 
 70       70   (0)      1 :  0.9852 0.0038 0.0054 0.0056 
 71       71   (5)      1 :  0.9798 0.0060 0.0100 0.0042 
 72       72   (0)      1 :  0.9846 0.0056 0.0044 0.0054 
 73       73   (5)      1 :  0.9876 0.0040 0.0050 0.0034 
 74       74  (10)      1 :  0.9822 0.0056 0.0054 0.0068 
 75       75  (10)      1 :  0.9872 0.0052 0.0034 0.0042 
 76       76   (0)      1 :  0.9676 0.0136 0.0164 0.0024 
 77       77  (10)      1 :  0.9870 0.0050 0.0048 0.0032 
 78       78   (0)      1 :  0.9590 0.0234 0.0120 0.0056 
 79       79   (5)      1 :  0.9852 0.0046 0.0044 0.0058 
 80       80   (0)      1 :  0.9930 0.0024 0.0026 0.0020 
 81       81   (0)      1 :  0.9922 0.0028 0.0026 0.0024 
 82       82   (0)      1 :  0.9936 0.0024 0.0020 0.0020 
 83       83   (0)      1 :  0.9802 0.0070 0.0078 0.0050 
 84       84   (0)      1 :  0.9822 0.0030 0.0054 0.0094 
 85       85   (0)      1 :  0.9924 0.0022 0.0024 0.0030 
 86       86   (5)      1 :  0.9914 0.0030 0.0026 0.0030 
 87       87   (0)      1 :  0.9902 0.0030 0.0038 0.0030 
 88       88   (0)      1 :  0.8816 0.0286 0.0810 0.0088 
 89       89   (0)      1 :  0.9822 0.0036 0.0102 0.0040 
 90       90   (0)      1 :  0.9776 0.0046 0.0126 0.0052 
 91       91   (0)      1 :  0.9866 0.0036 0.0044 0.0054 
 92       92   (0)      1 :  0.9732 0.0084 0.0114 0.0070 
 93       93   (0)      1 :  0.9928 0.0022 0.0024 0.0026 
 94       94   (5)      1 :  0.9822 0.0066 0.0078 0.0034 
 95       95   (0)      1 :  0.9900 0.0024 0.0030 0.0046 
 96       96   (5)      1 :  0.9920 0.0030 0.0020 0.0030 
 97       97   (0)      1 :  0.9840 0.0048 0.0052 0.0060 
 98       98   (0)      1 :  0.9872 0.0040 0.0048 0.0040 
 99       99   (5)      1 :  0.9902 0.0030 0.0038 0.0030 
100      100   (5)      1 :  0.9932 0.0022 0.0026 0.0020 
101      101   (5)      2 :  0.5979 0.3090 0.0044 0.0887 
102      102   (0)      2 :  0.3937 0.2623 0.0412 0.3028 
103      103   (0)      2 :  0.5677 0.3016 0.0088 0.1219 
104      104   (5)      2 :  0.5231 0.0552 0.0172 0.4045 
105      105   (5)      2 :  0.4217 0.0190 0.0062 0.5531 
106      106   (0)      2 :  0.4109 0.3178 0.0166 0.2547 
107      107   (0)      3 :  0.0284 0.1754 0.0706 0.7256 
108      108   (0)      3 :  0.1287 0.4188 0.2299 0.2225 
109      109  (10)      4 :  0.0030 0.0644 0.0106 0.9220 
110      110   (5)      4 :  0.0042 0.0140 0.0106 0.9712 
111      111   (5)      4 :  0.0136 0.1974 0.0074 0.7816 
112      112   (5)      4 :  0.0022 0.0066 0.0106 0.9806 
113      113  (10)      4 :  0.0040 0.1952 0.0084 0.7924 
114      114   (5)      4 :  0.0256 0.1986 0.0068 0.7690 
115      115  (10)      4 :  0.0034 0.1558 0.0072 0.8336 
116      116   (0)      4 :  0.0098 0.0454 0.0404 0.9044 
117      117   (0)      4 :  0.0088 0.0306 0.0076 0.9530 
118      118   (0)      4 :  0.0026 0.0060 0.0046 0.9868 
119      119   (0)      4 :  0.0136 0.0060 0.0434 0.9370 
120      120   (0)      4 :  0.0644 0.0120 0.0090 0.9146 
121      121   (0)      4 :  0.0066 0.0238 0.0046 0.9650 
122      122   (0)      4 :  0.0034 0.1488 0.0062 0.8416 
123      123   (0)      4 :  0.0042 0.1053 0.0136 0.8769 
124      124   (0)      4 :  0.0046 0.1435 0.0132 0.8387 
125      125   (0)      4 :  0.0044 0.1116 0.0070 0.8770 
126      126   (0)      4 :  0.0178 0.1832 0.0074 0.7916 
127      127   (0)      4 :  0.0062 0.0132 0.0074 0.9732 
128      128   (5)      4 :  0.0114 0.0150 0.0046 0.9690 
129      129   (0)      4 :  0.0036 0.0958 0.0046 0.8960 
130      130   (0)      4 :  0.0408 0.1058 0.0144 0.8390 
131      131   (5)      4 :  0.0178 0.0408 0.0368 0.9046 
132      132   (5)      4 :  0.0080 0.0092 0.0052 0.9776 
133      133   (0)      4 :  0.1192 0.0312 0.0276 0.8220 
134      134   (0)      4 :  0.0532 0.0070 0.0090 0.9308 
135      135   (0)      4 :  0.0140 0.0230 0.0965 0.8665 
136      136   (0)      4 :  0.0032 0.0086 0.0046 0.9836 
137      137   (0)      4 :  0.0020 0.1336 0.0062 0.8582 
138      138   (0)      4 :  0.0024 0.0104 0.0062 0.9810 
139      139   (0)      4 :  0.0020 0.0420 0.0032 0.9528 
140      140   (0)      4 :  0.0060 0.0056 0.0162 0.9722 
141      141   (0)      4 :  0.0242 0.1618 0.0068 0.8072 
142      142   (0)      4 :  0.0066 0.2697 0.2763 0.4474 
143      143   (0)      4 :  0.0144 0.0090 0.0052 0.9714 
144      144   (0)      4 :  0.1088 0.4843 0.0074 0.3995 
145      145   (0)      4 :  0.1488 0.3281 0.2429 0.2802 
146      146   (0)      4 :  0.0030 0.7498 0.0042 0.2430 
147      147   (0)      4 :  0.0254 0.1979 0.0070 0.7697 
148      148   (0)      4 :  0.0546 0.3393 0.1743 0.4317 
149      149   (0)      4 :  0.0032 0.0400 0.0684 0.8883 
150      150   (0)      4 :  0.0040 0.0878 0.0552 0.8530 
151      151  (10)      5 :  0.0026 0.0348 0.0144 0.9482 
152      152   (0)      5 :  0.0098 0.6982 0.1170 0.1750 
153      153   (0)      5 :  0.0326 0.0226 0.0042 0.9406 
154      154   (0)      5 :  0.0036 0.1492 0.0076 0.8396 
155      155   (0)      5 :  0.0048 0.7726 0.0836 0.1391 
156      156   (5)      5 :  0.0030 0.3381 0.5133 0.1456 
157      157   (0)      5 :  0.0028 0.0464 0.0128 0.9380 
158      158   (0)      5 :  0.0038 0.3724 0.0052 0.6186 
159      159   (0)      5 :  0.0020 0.7928 0.0054 0.1998 
160      160   (0)      5 :  0.0338 0.0210 0.2068 0.7384 
161      161   (0)      5 :  0.0030 0.6719 0.0752 0.2499 
162      162   (0)      5 :  0.0026 0.6332 0.0040 0.3602 
163      163   (0)      5 :  0.0020 0.7558 0.0188 0.2234 
164      164   (0)      5 :  0.0036 0.7876 0.0068 0.2020 
165      165   (5)      5 :  0.0058 0.5832 0.0066 0.4044 
166      166   (0)      5 :  0.0044 0.4052 0.0060 0.5844 
167      167   (0)      5 :  0.0038 0.7886 0.0048 0.2028 
168      168   (0)      5 :  0.0020 0.7938 0.0032 0.2010 
169      169   (0)      5 :  0.0034 0.4690 0.0094 0.5182 
170      170   (0)      5 :  0.0018 0.7906 0.0020 0.2056 
171      171   (0)      5 :  0.0024 0.2961 0.0068 0.6947 
172      172   (5)      5 :  0.0030 0.7832 0.0068 0.2070 
173      173   (5)      5 :  0.0050 0.7854 0.0086 0.2010 
174      174   (5)      5 :  0.0072 0.0760 0.0414 0.8754 
175      175   (0)      5 :  0.0150 0.5486 0.0282 0.4082 
176      176   (0)      5 :  0.0022 0.2128 0.0366 0.7484 
177      177   (0)      5 :  0.0026 0.4252 0.0142 0.5580 
178      178   (0)      5 :  0.0140 0.5886 0.0180 0.3794 
179      179   (0)      5 :  0.0020 0.3754 0.0040 0.6186 
180      180   (0)      5 :  0.0040 0.7866 0.0038 0.2056 
181      181   (0)      5 :  0.0038 0.7898 0.0044 0.2020 
182      182   (0)      5 :  0.0020 0.7874 0.0046 0.2060 
183      183   (0)      5 :  0.0026 0.3746 0.0052 0.6176 
184      184   (0)      5 :  0.0042 0.0566 0.0136 0.9256 
185      185   (0)      5 :  0.0040 0.7864 0.0242 0.1854 
186      186   (0)      5 :  0.0030 0.7920 0.0028 0.2022 
187      187   (5)      5 :  0.0042 0.7690 0.0122 0.2146 
188      188   (0)      5 :  0.0068 0.2594 0.0052 0.7286 
189      189   (0)      5 :  0.0024 0.4110 0.0084 0.5782 
190      190   (0)      5 :  0.0034 0.0214 0.0046 0.9706 
191      191   (0)      5 :  0.0034 0.5901 0.0090 0.3975 
192      192   (0)      5 :  0.0030 0.0106 0.0040 0.9824 
193      193   (5)      5 :  0.0020 0.7910 0.0030 0.2040 
194      194   (5)      5 :  0.0066 0.3423 0.0098 0.6413 
195      195   (5)      5 :  0.0022 0.7872 0.0048 0.2058 
196      196   (5)      5 :  0.0032 0.7868 0.0038 0.2062 
197      197   (5)      5 :  0.0064 0.5847 0.0066 0.4023 
198      198   (5)      5 :  0.0140 0.4601 0.0050 0.5209 
199      199   (0)      5 :  0.0046 0.0178 0.0716 0.9060 
200      200   (5)      5 :  0.0020 0.7360 0.0046 0.2574 
201      201   (0)      5 :  0.0030 0.0444 0.9258 0.0268 
202      202   (0)      5 :  0.0174 0.0100 0.3786 0.5940 
203      203   (0)      5 :  0.0024 0.4831 0.0092 0.5053 
204      204   (0)      5 :  0.0020 0.7894 0.0036 0.2050 
205      205   (0)      5 :  0.0054 0.7196 0.0652 0.2098 
206      206   (0)      5 :  0.0026 0.1425 0.0098 0.8451 
207      207   (0)      5 :  0.0026 0.0520 0.0046 0.9408 
208      208   (0)      5 :  0.0054 0.5533 0.0566 0.3847 
209      209   (0)      5 :  0.0020 0.7884 0.0128 0.1968 
210      210   (0)      5 :  0.0032 0.4358 0.0084 0.5526 
211      211   (0)      5 :  0.0032 0.3995 0.3024 0.2949 
212      212   (0)      5 :  0.0044 0.2036 0.7870 0.0050 
213      213   (0)      5 :  0.0018 0.7908 0.0046 0.2028 
214      214   (0)      5 :  0.0020 0.7834 0.0090 0.2056 
215      215   (0)      5 :  0.0028 0.3793 0.0148 0.6031 
216      216   (0)      5 :  0.0040 0.4272 0.1612 0.4076 
217      217   (0)      5 :  0.0026 0.3558 0.0068 0.6348 
218      218   (0)      5 :  0.0118 0.4213 0.0644 0.5025 
219      219   (0)      5 :  0.0032 0.7916 0.0092 0.1960 
220      220   (0)      5 :  0.0030 0.7762 0.0242 0.1966 
221      221   (0)      5 :  0.0020 0.7924 0.0034 0.2022 
222      222   (0)      5 :  0.0020 0.7856 0.0030 0.2094 
223      223   (0)      5 :  0.0144 0.6460 0.0158 0.3238 
224      224   (0)      5 :  0.0042 0.7446 0.0314 0.2198 
225      225   (0)      5 :  0.0034 0.7804 0.0100 0.2062 
226      226   (0)      5 :  0.0020 0.7746 0.0232 0.2002 
227      227   (0)      5 :  0.0036 0.3585 0.0308 0.6071 
228      228   (0)      5 :  0.0030 0.6521 0.0048 0.3400 
229      229   (0)      5 :  0.0048 0.7786 0.0072 0.2094 
230      230   (0)      5 :  0.0038 0.4246 0.0374 0.5342 
231      231   (0)      5 :  0.0030 0.4917 0.2308 0.2745 
232      232   (0)      5 :  0.0030 0.7722 0.0052 0.2196 
233      233   (0)      5 :  0.0030 0.7542 0.0060 0.2368 
234      234   (0)      5 :  0.0030 0.7886 0.0044 0.2040 
235      235   (0)      5 :  0.0020 0.7894 0.0036 0.2050 
236      236   (0)      5 :  0.0036 0.7932 0.0040 0.1992 
237      237   (0)      5 :  0.0028 0.4674 0.0060 0.5238 
238      238   (0)      5 :  0.0024 0.7518 0.0144 0.2314 
239      239   (0)      5 :  0.0028 0.0945 0.0148 0.8879 
240      240   (0)      5 :  0.0020 0.3638 0.0098 0.6244 
241      241   (0)      5 :  0.0030 0.4028 0.0128 0.5815 
242      242   (0)      5 :  0.0038 0.7920 0.0036 0.2006 
243      243  (10)      5 :  0.0126 0.4428 0.2068 0.3378 
244      244   (0)      5 :  0.0022 0.7934 0.0032 0.2012 
245      245   (0)      5 :  0.0020 0.0162 0.0040 0.9778 
246      246   (0)      5 :  0.0032 0.7872 0.0188 0.1908 
247      247   (0)      5 :  0.0032 0.7938 0.0038 0.1992 
248      248   (0)      5 :  0.0066 0.7800 0.0158 0.1976 
249      249   (0)      5 :  0.0020 0.7894 0.0044 0.2042 
250      250   (0)      5 :  0.0030 0.7210 0.0652 0.2108 
251      251   (0)      5 :  0.0018 0.7908 0.0020 0.2054 
252      252   (0)      5 :  0.0016 0.7538 0.0030 0.2416 
253      253   (0)      5 :  0.0052 0.7858 0.0072 0.2018 
254      254   (0)      5 :  0.0020 0.7472 0.0030 0.2478 
255      255   (0)      5 :  0.0020 0.4364 0.0036 0.5580 
256      256   (0)      6 :  0.0198 0.0064 0.0112 0.9626 
257      257  (10)      6 :  0.0062 0.0078 0.0058 0.9802 
258      258  (10)      6 :  0.0044 0.0534 0.0362 0.9060 
259      259   (5)      6 :  0.0036 0.7670 0.0038 0.2256 
260      260   (5)      6 :  0.0028 0.0302 0.0040 0.9630 
261      261   (0)      6 :  0.0020 0.7936 0.0046 0.1998 
262      262   (5)      6 :  0.0022 0.7938 0.0032 0.2008 
263      263   (5)      6 :  0.0022 0.7930 0.0036 0.2012 
264      264   (0)      6 :  0.0020 0.7842 0.0030 0.2108 
265      265   (0)      6 :  0.0020 0.7032 0.0054 0.2894 
266      266   (0)      6 :  0.0020 0.7034 0.0054 0.2892 
267      267   (0)      6 :  0.0028 0.1959 0.1590 0.6422 
268      268   (0)      6 :  0.0020 0.7856 0.0048 0.2076 
269      269   (5)      6 :  0.0020 0.0178 0.0054 0.9748 
270      270   (5)      6 :  0.0084 0.0096 0.0046 0.9774 
271      271  (10)      6 :  0.0048 0.2088 0.0316 0.7548 
272      272   (0)      6 :  0.0020 0.7834 0.0080 0.2066 
273      273   (5)      6 :  0.0072 0.7802 0.0286 0.1840 
274      274   (5)      6 :  0.0030 0.2204 0.0074 0.7692 
275      275   (0)      6 :  0.0020 0.7916 0.0058 0.2006 
276      276   (5)      6 :  0.0020 0.7536 0.0320 0.2124 
277      277   (0)      6 :  0.0098 0.0552 0.0094 0.9256 
278      278   (5)      6 :  0.0020 0.7910 0.0030 0.2040 
279      279   (0)      6 :  0.0020 0.1379 0.0048 0.8553 
280      280   (0)      6 :  0.0030 0.7920 0.0028 0.2022 
281      281   (0)      6 :  0.0044 0.7906 0.0040 0.2010 
282      282   (0)      6 :  0.0020 0.7926 0.0048 0.2006 
283      283   (0)      6 :  0.0034 0.2640 0.0262 0.7064 
284      284   (0)      6 :  0.0032 0.7936 0.0034 0.1998 
285      285   (0)      6 :  0.0050 0.7904 0.0032 0.2014 
286      286   (0)      6 :  0.0034 0.7930 0.0032 0.2004 
287      287   (0)      6 :  0.0056 0.7908 0.0064 0.1972 
288      288   (0)      6 :  0.0020 0.7912 0.0030 0.2038 
289      289   (0)      6 :  0.0046 0.0698 0.0198 0.9058 
290      290   (0)      6 :  0.0054 0.0184 0.0084 0.9678 
291      291   (0)      6 :  0.0020 0.0084 0.0036 0.9860 
292      292   (0)      6 :  0.0064 0.0756 0.0072 0.9108 
293      293   (0)      6 :  0.0020 0.0104 0.0032 0.9844 
294      294   (5)      6 :  0.0052 0.5778 0.0102 0.4068 
295      295   (5)      6 :  0.0030 0.7918 0.0042 0.2010 
296      296   (0)      6 :  0.0034 0.3381 0.0052 0.6533 
297      297  (15)      6 :  0.0056 0.0120 0.0076 0.9748 
298      298  (10)      6 :  0.0020 0.7820 0.0040 0.2120 
299      299  (10)      6 :  0.0022 0.0268 0.0072 0.9638 
300      300  (10)      6 :  0.0036 0.0494 0.0220 0.9250 
301      301   (5)      6 :  0.0034 0.4963 0.0206 0.4797 
302      302   (5)      6 :  0.0020 0.0052 0.0316 0.9612 
303      303   (5)      6 :  0.0026 0.0066 0.0056 0.9852 
304      304   (5)      6 :  0.0020 0.7920 0.0050 0.2010 
305      305   (5)      6 :  0.0046 0.1634 0.0388 0.7932 
306      306   (5)      6 :  0.0028 0.0068 0.0182 0.9722 
307      307  (15)      6 :  0.0110 0.0176 0.0488 0.9226 
308      308   (5)      6 :  0.0112 0.0064 0.0150 0.9674 
309      309   (5)      6 :  0.0020 0.0082 0.0058 0.9840 
310      310  (15)      6 :  0.0032 0.0072 0.0158 0.9738 
311      311   (5)      6 :  0.0162 0.0212 0.0488 0.9138 
312      312   (5)      6 :  0.0420 0.0920 0.0304 0.8356 
313      313   (5)      6 :  0.0030 0.0736 0.0158 0.9076 
314      314   (5)      6 :  0.0020 0.7928 0.0038 0.2014 
315      315  (10)      6 :  0.0034 0.4298 0.0058 0.5610 
316      316   (5)      6 :  0.0030 0.7766 0.0074 0.2130 
317      317   (5)      6 :  0.0032 0.3626 0.0066 0.6276 
318      318  (10)      6 :  0.0030 0.7742 0.0218 0.2010 
319      319  (10)      6 :  0.0034 0.0594 0.0194 0.9178 
320      320  (10)      6 :  0.0106 0.0102 0.0080 0.9712 
321      321  (10)      6 :  0.0228 0.0134 0.0436 0.9202 
322      322   (5)      6 :  0.0020 0.0662 0.0148 0.9170 
323      323  (10)      6 :  0.0034 0.0940 0.0154 0.8872 
324      324   (0)      6 :  0.0020 0.7902 0.0032 0.2046 
325      325   (5)      6 :  0.0020 0.7904 0.0030 0.2046 
326      326   (0)      6 :  0.0020 0.0176 0.0048 0.9756 
327      327   (0)      6 :  0.0020 0.1914 0.0024 0.8042 
328      328   (0)      6 :  0.0028 0.0086 0.0068 0.9818 
329      329   (0)      6 :  0.0066 0.0990 0.0030 0.8914 
330      330   (0)      6 :  0.0024 0.0114 0.0154 0.9708 
331      331   (0)      6 :  0.0142 0.2129 0.0046 0.7683 
332      332   (0)      6 :  0.0040 0.0110 0.0164 0.9686 
333      333  (10)      6 :  0.0028 0.0090 0.0032 0.9850 
334      334  (10)      6 :  0.0088 0.0106 0.9642 0.0164 
335      335   (0)      6 :  0.0192 0.0052 0.1010 0.8746 
336      336   (5)      6 :  0.0488 0.0516 0.3568 0.5428 
337      337   (0)      6 :  0.0028 0.0575 0.0180 0.9217 
338      338   (5)      6 :  0.0176 0.0108 0.0366 0.9350 
339      339   (5)      6 :  0.0020 0.7784 0.0098 0.2098 
340      340   (5)      6 :  0.0056 0.4660 0.0084 0.5200 
341      341  (10)      6 :  0.0020 0.0194 0.0048 0.9738 
342      342   (0)      6 :  0.0028 0.3510 0.0092 0.6370 
343      343   (0)      6 :  0.0022 0.0250 0.0050 0.9678 
344      344   (0)      6 :  0.0416 0.0076 0.6644 0.2864 
345      345   (0)      6 :  0.0026 0.3940 0.0068 0.5966 
346      346   (0)      6 :  0.0048 0.4980 0.0912 0.4060 
347      347   (0)      6 :  0.0024 0.6479 0.0052 0.3445 
348      348   (0)      6 :  0.0020 0.7774 0.0062 0.2144 
349      349   (0)      6 :  0.0042 0.0116 0.0324 0.9518 
350      350   (0)      6 :  0.0020 0.7790 0.0080 0.2110 
351      351   (0)      6 :  0.0028 0.0052 0.0116 0.9804 
352      352   (0)      6 :  0.0032 0.0102 0.0080 0.9786 
353      353   (0)      6 :  0.0118 0.0488 0.6227 0.3167 
354      354   (0)      6 :  0.0060 0.0358 0.7840 0.1742 
355      355   (0)      6 :  0.0072 0.0284 0.9104 0.0540 
356      356   (0)      6 :  0.0030 0.7836 0.0152 0.1982 
357      357   (0)      6 :  0.0110 0.0082 0.0130 0.9678 
358      358   (0)      6 :  0.0020 0.0216 0.0036 0.9728 
359      359   (5)      6 :  0.0052 0.0132 0.0118 0.9698 
360      360   (0)      6 :  0.0030 0.4575 0.0997 0.4398 
361      361   (5)      6 :  0.2327 0.0094 0.4877 0.2702 
362      362   (0)      6 :  0.0028 0.2807 0.0176 0.6989 
363      363   (0)      6 :  0.0094 0.4959 0.3698 0.1249 
364      364   (0)      6 :  0.0052 0.0190 0.0610 0.9148 
365      365   (0)      6 :  0.0056 0.0682 0.1182 0.8081 
366      366   (0)      6 :  0.0020 0.7790 0.0054 0.2136 
367      367   (0)      6 :  0.0026 0.7608 0.0048 0.2318 
368      368   (0)      6 :  0.0090 0.0258 0.0332 0.9320 
369      369   (0)      6 :  0.0020 0.0056 0.0056 0.9868 
370      370   (0)      6 :  0.0036 0.5953 0.0204 0.3807 
371      371   (0)      6 :  0.0026 0.5233 0.0062 0.4679 
372      372   (0)      6 :  0.0056 0.2233 0.6441 0.1270 
373      373   (0)      6 :  0.0020 0.7102 0.0050 0.2828 
374      374   (0)      6 :  0.0042 0.0072 0.0076 0.9810 
375      375   (5)      6 :  0.0030 0.0098 0.0248 0.9624 
376      376   (0)      6 :  0.0084 0.0220 0.0166 0.9530 
377      377   (0)      6 :  0.0040 0.0174 0.0486 0.9300 
378      378   (0)      6 :  0.0034 0.0226 0.0040 0.9700 
379      379  (10)      6 :  0.0030 0.0476 0.0114 0.9380 
380      380   (0)      6 :  0.0020 0.0056 0.0034 0.9890 
381      381   (0)      6 :  0.0020 0.6437 0.0058 0.3485 
382      382   (0)      6 :  0.0038 0.0118 0.0064 0.9780 
383      383  (10)      6 :  0.0040 0.0802 0.0240 0.8918 
384      384   (5)      6 :  0.0020 0.0064 0.0442 0.9474 
385      385   (0)      6 :  0.0022 0.0092 0.0058 0.9828 
386      386   (5)      6 :  0.0030 0.3678 0.0042 0.6250 
387      387   (5)      6 :  0.0020 0.7428 0.0034 0.2518 
388      388  (10)      6 :  0.0036 0.2622 0.0140 0.7202 
389      389   (0)      6 :  0.0020 0.0470 0.0042 0.9468 
390      390   (5)      6 :  0.0056 0.0218 0.0066 0.9660 
391      391  (10)      6 :  0.0028 0.7808 0.0078 0.2086 
392      392   (0)      6 :  0.0052 0.0078 0.0058 0.9812 
393      393   (0)      6 :  0.0228 0.0160 0.0204 0.9408 
394      394   (0)      6 :  0.0030 0.1188 0.0316 0.8466 
395      395   (0)      6 :  0.0038 0.0620 0.0194 0.9148 
396      396   (0)      6 :  0.0036 0.5363 0.0054 0.4547 
397      397   (0)      6 :  0.0088 0.3876 0.0042 0.5994 
398      398   (0)      6 :  0.0020 0.5446 0.0072 0.4462 
399      399   (0)      6 :  0.0020 0.7938 0.0030 0.2012 
400      400   (0)      6 :  0.0020 0.7930 0.0032 0.2018 
401      401   (5)      6 :  0.0066 0.0412 0.0300 0.9222 
402      402   (0)      6 :  0.0020 0.7886 0.0036 0.2058 
403      403   (0)      6 :  0.0070 0.7194 0.0070 0.2666 
404      404   (0)      6 :  0.0028 0.2169 0.0060 0.7743 
405      405   (5)      6 :  0.0056 0.0122 0.0138 0.9684 
406      406   (0)      6 :  0.0030 0.0114 0.0050 0.9806 
407      407   (0)      6 :  0.0108 0.0266 0.0724 0.8902 
408      408   (0)      6 :  0.0020 0.7928 0.0034 0.2018 
409      409   (0)      6 :  0.0020 0.4322 0.1279 0.4379 
410      410   (0)      6 :  0.0032 0.5069 0.0060 0.4839 
411      411   (0)      6 :  0.0040 0.4457 0.0060 0.5443 
412      412   (0)      6 :  0.0076 0.0082 0.0090 0.9752 
413      413   (0)      6 :  0.0024 0.3427 0.0034 0.6515 
414      414   (0)      6 :  0.0022 0.7832 0.0076 0.2070 
415      415   (0)      6 :  0.0222 0.0624 0.0376 0.8778 
416      416   (0)      6 :  0.0024 0.7130 0.0368 0.2478 
417      417   (0)      6 :  0.0020 0.7840 0.0030 0.2110 
418      418   (0)      6 :  0.0028 0.3360 0.0074 0.6538 
419      419   (0)      6 :  0.0020 0.7920 0.0036 0.2024 
420      420   (0)      6 :  0.0018 0.0056 0.0036 0.9890 
421      421   (0)      6 :  0.0020 0.7808 0.0030 0.2142 
422      422   (0)      6 :  0.0020 0.0302 0.0052 0.9626 
423      423   (0)      6 :  0.0044 0.0064 0.0048 0.9844 
424      424   (0)      6 :  0.0034 0.4182 0.0038 0.5746 
425      425   (0)      6 :  0.0020 0.3958 0.0030 0.5992 
426      426  (10)      6 :  0.0046 0.3764 0.0120 0.6070 
427      427   (5)      6 :  0.0026 0.2368 0.3495 0.4111 
428      428  (10)      6 :  0.0030 0.0144 0.0062 0.9764 
429      429   (5)      6 :  0.1241 0.0180 0.0360 0.8219 
430      430  (10)      6 :  0.0022 0.7730 0.0052 0.2196 
431      431  (10)      6 :  0.0028 0.0100 0.0064 0.9808 
432      432   (0)      6 :  0.0032 0.7926 0.0042 0.2000 
433      433   (5)      6 :  0.0056 0.2736 0.0100 0.7108 
434      434   (5)      6 :  0.0302 0.0358 0.0352 0.8988 
435      435  (10)      6 :  0.0036 0.0210 0.0042 0.9712 
436      436   (0)      6 :  0.0020 0.7910 0.0042 0.2028 
437      437   (0)      6 :  0.0034 0.4104 0.0038 0.5824 
438      438   (0)      6 :  0.0024 0.3954 0.0030 0.5992 
439      439   (0)      6 :  0.0026 0.4560 0.0034 0.5380 
440      440   (0)      6 :  0.0196 0.0124 0.0154 0.9526 
441      441   (0)      6 :  0.0428 0.0098 0.4045 0.5429 
442      442   (0)      6 :  0.0400 0.0108 0.0050 0.9442 
443      443   (0)      6 :  0.0024 0.2716 0.0092 0.7168 
444      444   (0)      6 :  0.0020 0.0204 0.0060 0.9716 
445      445   (5)      6 :  0.0098 0.0132 0.7927 0.1843 
446      446   (0)      6 :  0.0080 0.0124 0.8674 0.1122 
447      447   (0)      6 :  0.0024 0.0132 0.0608 0.9236 
448      448  (10)      6 :  0.0108 0.0108 0.2990 0.6794 
449      449   (5)      6 :  0.0038 0.0162 0.0162 0.9638 
450      450   (0)      6 :  0.0020 0.0156 0.0054 0.9770 
451      451   (5)      6 :  0.0064 0.0076 0.9642 0.0218 
452      452   (5)      6 :  0.0030 0.0420 0.0086 0.9464 
453      453   (0)      6 :  0.0020 0.0170 0.0048 0.9762 
454      454   (0)      6 :  0.0350 0.1874 0.0058 0.7718 
455      455   (0)      6 :  0.0038 0.0925 0.0088 0.8949 
456      456   (0)      6 :  0.0060 0.0168 0.4623 0.5149 
457      457   (0)      6 :  0.0020 0.5676 0.0460 0.3844 
458      458   (0)      6 :  0.0052 0.0120 0.0092 0.9736 
459      459   (0)      6 :  0.0020 0.0108 0.0032 0.9840 
460      460   (0)      6 :  0.0020 0.7319 0.0158 0.2504 
461      461   (0)      6 :  0.0020 0.0362 0.0052 0.9566 
462      462   (0)      6 :  0.0030 0.0392 0.0052 0.9526 
463      463   (0)      6 :  0.0050 0.7874 0.0040 0.2036 
464      464   (0)      6 :  0.0024 0.4723 0.0058 0.5195 
465      465   (0)      6 :  0.0032 0.4887 0.0180 0.4901 
466      466   (0)      6 :  0.0024 0.5719 0.0084 0.4173 
467      467   (0)      6 :  0.0020 0.7932 0.0026 0.2022 
468      468   (0)      6 :  0.0034 0.7908 0.0040 0.2018 
469      469   (0)      6 :  0.0020 0.7932 0.0026 0.2022 
470      470   (0)      6 :  0.0020 0.7866 0.0034 0.2080 
471      471   (0)      6 :  0.0020 0.7934 0.0030 0.2016 
472      472   (0)      6 :  0.0020 0.7926 0.0030 0.2024 
473      473   (0)      6 :  0.0020 0.7798 0.0030 0.2152 
474      474   (0)      6 :  0.0028 0.0701 0.0410 0.8861 
475      475   (0)      6 :  0.0020 0.7714 0.0202 0.2064 
476      476   (0)      6 :  0.0084 0.0198 0.0038 0.9680 
477      477   (0)      6 :  0.0120 0.0058 0.0092 0.9730 
478      478   (0)      6 :  0.0020 0.5869 0.0042 0.4069 
479      479   (0)      6 :  0.0078 0.7846 0.0158 0.1918 
480      480   (0)      6 :  0.0020 0.4346 0.0046 0.5588 
481      481   (0)      6 :  0.0020 0.7826 0.0112 0.2042 
482      482   (0)      6 :  0.0020 0.7812 0.0108 0.2060 
483      483   (0)      6 :  0.0038 0.1488 0.0322 0.8152 
484      484   (0)      6 :  0.0064 0.0214 0.0132 0.9590 
485      485   (0)      6 :  0.0020 0.0116 0.0060 0.9804 
486      486   (0)      6 :  0.0040 0.0146 0.0064 0.9750 
487      487   (0)      6 :  0.0020 0.7950 0.0022 0.2008 
488      488   (0)      6 :  0.0088 0.0114 0.0172 0.9626 
489      489   (0)      6 :  0.0028 0.4903 0.0038 0.5031 
490      490   (0)      6 :  0.0024 0.0122 0.0042 0.9812 
491      491   (0)      6 :  0.0030 0.0250 0.0764 0.8956 
492      492   (0)      6 :  0.0044 0.2823 0.0090 0.7043 
493      493   (0)      6 :  0.0024 0.0330 0.0062 0.9584 
494      494   (0)      6 :  0.0020 0.0092 0.0376 0.9512 
495      495   (0)      6 :  0.0020 0.7920 0.0036 0.2024 
496      496   (5)      7 :  0.0260 0.0608 0.2910 0.6222 
497      497   (0)      7 :  0.0034 0.0100 0.7898 0.1968 
498      498   (0)      7 :  0.0048 0.0146 0.7455 0.2351 
499      499   (0)      7 :  0.0032 0.0088 0.9204 0.0676 
500      500   (0)      7 :  0.0036 0.0114 0.1581 0.8269 
501      501   (0)      7 :  0.1000 0.0116 0.4178 0.4706 
502      502   (0)      7 :  0.0048 0.0424 0.5575 0.3953 
503      503   (0)      7 :  0.0254 0.0254 0.1774 0.7718 
504      504   (0)      7 :  0.0028 0.0472 0.8598 0.0902 
505      505   (0)      7 :  0.0028 0.4178 0.0030 0.5764 
506      506   (0)      7 :  0.0078 0.0116 0.1018 0.8787 
507      507   (0)      7 :  0.0044 0.0628 0.3271 0.6057 
508      508   (0)      7 :  0.0036 0.0252 0.0106 0.9606 
509      509   (0)      7 :  0.0038 0.0232 0.8073 0.1657 
510      510   (0)      7 :  0.0046 0.0884 0.6957 0.2113 
511      511   (0)      7 :  0.0018 0.3478 0.0034 0.6470 
512      512   (0)      7 :  0.0030 0.0920 0.4446 0.4605 
513      513   (0)      7 :  0.0282 0.0446 0.3267 0.6005 
514      514   (0)      7 :  0.0030 0.0190 0.0102 0.9678 
515      515   (0)      7 :  0.0114 0.1038 0.1603 0.7245 
516      516   (0)      7 :  0.0102 0.3696 0.0514 0.5688 
517      517   (0)      7 :  0.0052 0.2050 0.3227 0.4671 
518      518   (0)      7 :  0.0036 0.0170 0.8822 0.0972 
519      519   (0)      7 :  0.0042 0.0192 0.8998 0.0768 
520      520   (0)      7 :  0.0408 0.0108 0.0080 0.9404 
521      521   (0)      7 :  0.0050 0.1733 0.3537 0.4680 
522      522   (0)      7 :  0.0030 0.1350 0.6811 0.1808 
523      523   (0)      7 :  0.0048 0.0044 0.9748 0.0160 
524      524   (0)      7 :  0.0054 0.0192 0.4972 0.4782 
525      525   (0)      7 :  0.0112 0.0338 0.4149 0.5402 
526      526   (0)      7 :  0.0476 0.0076 0.0594 0.8854 
527      527  (10)      7 :  0.0032 0.0842 0.0050 0.9076 
528      528   (5)      7 :  0.0104 0.3975 0.4661 0.1260 
529      529   (0)      7 :  0.0058 0.0770 0.9120 0.0052 
530      530   (0)      7 :  0.0046 0.0066 0.9326 0.0562 
531      531   (0)      7 :  0.0058 0.0070 0.9462 0.0410 
532      532   (0)      7 :  0.0048 0.0136 0.9340 0.0476 
533      533   (0)      7 :  0.0076 0.0100 0.9612 0.0212 
534      534   (0)      7 :  0.0022 0.0068 0.9160 0.0750 
535      535   (0)      7 :  0.0088 0.0116 0.9004 0.0792 
536      536   (0)      7 :  0.0062 0.0070 0.8028 0.1840 
537      537   (0)      7 :  0.0020 0.0092 0.9750 0.0138 
538      538   (5)      7 :  0.0062 0.1120 0.5956 0.2861 
539      539   (0)      7 :  0.0036 0.0094 0.9804 0.0066 
540      540   (0)      7 :  0.0020 0.0196 0.7003 0.2781 
541      541   (0)      7 :  0.0032 0.0558 0.7732 0.1678 
542      542   (0)      7 :  0.0176 0.0798 0.5702 0.3323 
543      543   (0)      7 :  0.0028 0.0158 0.9304 0.0510 
544      544   (5)      7 :  0.0032 0.2572 0.6890 0.0506 
545      545   (0)      7 :  0.0110 0.0122 0.9070 0.0698 
546      546   (0)      7 :  0.0034 0.0108 0.9790 0.0068 
547      547   (0)      7 :  0.0020 0.0054 0.9868 0.0058 
548      548   (0)      7 :  0.0040 0.0106 0.9748 0.0106 
549      549   (0)      7 :  0.0026 0.0234 0.0084 0.9656 
550      550   (0)      7 :  0.0028 0.0266 0.2701 0.7005 
551      551   (5)      7 :  0.0060 0.0638 0.5689 0.3614 
552      552   (5)      7 :  0.0038 0.0258 0.9630 0.0074 
553      553   (0)      7 :  0.0036 0.0324 0.9140 0.0500 
554      554   (0)      7 :  0.0028 0.0224 0.9582 0.0166 
555      555   (0)      7 :  0.0098 0.0520 0.9122 0.0260 
556      556   (0)      7 :  0.0020 0.0140 0.9288 0.0552 
557      557   (0)      7 :  0.0104 0.3627 0.2412 0.3857 
558      558   (0)      7 :  0.0082 0.0134 0.9392 0.0392 
559      559   (0)      7 :  0.0046 0.1030 0.6249 0.2675 
560      560   (0)      7 :  0.0020 0.0566 0.6597 0.2817 
561      561   (0)      7 :  0.0028 0.0904 0.8436 0.0632 
562      562   (0)      7 :  0.0028 0.0218 0.7998 0.1756 
563      563   (0)      7 :  0.0054 0.0730 0.4858 0.4358 
564      564   (0)      8 :  0.0038 0.2865 0.6505 0.0592 
565      565   (0)      8 :  0.0036 0.0976 0.8610 0.0378 
566      566   (0)      8 :  0.0144 0.0082 0.3985 0.5789 
567      567   (0)      8 :  0.0068 0.0208 0.9236 0.0488 
568      568   (0)      8 :  0.0036 0.0384 0.9352 0.0228 
569      569   (0)      8 :  0.0020 0.0078 0.9712 0.0190 
570      570   (0)      8 :  0.0028 0.0460 0.9172 0.0340 
571      571   (0)      8 :  0.0158 0.0226 0.9356 0.0260 
572      572   (0)      8 :  0.0060 0.0116 0.9552 0.0272 
573      573   (0)      8 :  0.0048 0.0910 0.8572 0.0470 
574      574   (0)      8 :  0.0026 0.0074 0.9750 0.0150 
575      575   (0)      8 :  0.0068 0.0134 0.9708 0.0090 
576      576   (0)      8 :  0.0046 0.0056 0.7896 0.2002 
577      577   (0)      8 :  0.0032 0.0204 0.9044 0.0720 
578      578   (0)      8 :  0.0066 0.0068 0.9800 0.0066 
579      579   (0)      8 :  0.0022 0.0118 0.9684 0.0176 
580      580   (0)      8 :  0.0020 0.0062 0.9862 0.0056 
581      581   (0)      8 :  0.0066 0.0144 0.9146 0.0644 
582      582   (0)      8 :  0.0030 0.0058 0.9706 0.0206 
583      583   (0)      8 :  0.0020 0.0048 0.9850 0.0082 
584      584   (0)      8 :  0.0030 0.0308 0.9530 0.0132 
585      585   (0)      8 :  0.0030 0.0060 0.9864 0.0046 
586      586   (0)      8 :  0.0024 0.0064 0.9836 0.0076 
587      587   (0)      8 :  0.0020 0.0070 0.9824 0.0086 
588      588   (0)      8 :  0.0026 0.0052 0.9842 0.0080 
589      589   (0)      8 :  0.0090 0.0084 0.9716 0.0110 
590      590   (0)      8 :  0.0040 0.0082 0.9142 0.0736 
591      591   (0)      8 :  0.0090 0.0124 0.9646 0.0140 
592      592   (0)      8 :  0.0364 0.0032 0.9562 0.0042 
593      593   (0)      8 :  0.0044 0.0100 0.9796 0.0060 
594      594   (0)      8 :  0.0054 0.0102 0.9622 0.0222 
595      595   (0)      9 :  0.0042 0.0056 0.9792 0.0110 
596      596   (0)      9 :  0.0062 0.0096 0.9790 0.0052 
597      597   (0)      9 :  0.0040 0.0088 0.9810 0.0062 
598      598   (0)      9 :  0.0026 0.0180 0.9646 0.0148 
599      599   (0)      9 :  0.0028 0.0044 0.9882 0.0046 
600      600   (0)      9 :  0.0128 0.0122 0.9640 0.0110 
601      601   (0)      9 :  0.0162 0.0060 0.9726 0.0052 
602      602   (0)      9 :  0.0368 0.0050 0.9518 0.0064 
603      603   (0)      9 :  0.0200 0.0080 0.9624 0.0096 
604      604   (0)      9 :  0.0038 0.0052 0.9854 0.0056 
605      605   (0)      9 :  0.0032 0.0028 0.9896 0.0044 
606      606   (0)      9 :  0.0030 0.0068 0.9866 0.0036 
607      607   (0)      9 :  0.0026 0.0112 0.9730 0.0132 
608      608   (0)      9 :  0.0038 0.0074 0.9820 0.0068 
609      609   (0)      9 :  0.0108 0.0084 0.7874 0.1934 
610      610  (10)      9 :  0.0046 0.0058 0.9814 0.0082 
611      611   (0)      9 :  0.0046 0.0122 0.9764 0.0068 
612      612   (0)      9 :  0.0238 0.0260 0.9116 0.0386 
613      613   (0)      9 :  0.0030 0.0116 0.9656 0.0198 
614      614   (0)      9 :  0.0042 0.0156 0.9754 0.0048 
615      615   (5)      9 :  0.0044 0.0062 0.9856 0.0038 
616      616   (0)      9 :  0.0034 0.0092 0.9762 0.0112 
617      617   (0)      9 :  0.0030 0.0076 0.9842 0.0052 
618      618   (0)      9 :  0.0302 0.0092 0.9530 0.0076 
619      619   (0)      9 :  0.0108 0.0032 0.9792 0.0068 
620      620   (0)      9 :  0.0030 0.0060 0.9832 0.0078 
621      621   (0)      9 :  0.0044 0.0092 0.9832 0.0032 
622      622   (5)      9 :  0.0020 0.0060 0.9864 0.0056 
623      623   (0)      9 :  0.0074 0.0108 0.9686 0.0132 
624      624   (0)      9 :  0.0046 0.0094 0.9742 0.0118 
625      625   (0)      9 :  0.0038 0.0064 0.9806 0.0092 
626      626   (0)      9 :  0.0084 0.0240 0.9438 0.0238 
627      627   (0)      9 :  0.0032 0.0050 0.9752 0.0166 
628      628   (0)      9 :  0.0028 0.0152 0.9400 0.0420 
629      629   (0)      9 :  0.0032 0.0052 0.9508 0.0408 
630      630   (0)      9 :  0.0020 0.0092 0.9782 0.0106 
631      631   (0)      9 :  0.0026 0.0054 0.9858 0.0062 
632      632   (5)      9 :  0.0038 0.0076 0.9776 0.0110 
633      633   (0)      9 :  0.0032 0.0098 0.9800 0.0070 
634      634   (0)      9 :  0.0076 0.0074 0.9756 0.0094 
635      635   (0)      9 :  0.0020 0.0072 0.9834 0.0074 
636      636   (5)      9 :  0.0632 0.0056 0.9182 0.0130 
637      637   (5)      9 :  0.0030 0.0124 0.9790 0.0056 
638      638  (10)      9 :  0.0050 0.0070 0.9834 0.0046 
639      639   (5)      9 :  0.0030 0.0068 0.9864 0.0038 
640      640   (5)      9 :  0.0020 0.0038 0.9904 0.0038 
641      641   (5)      9 :  0.0048 0.0042 0.9826 0.0084 
642      642   (5)      9 :  0.0058 0.0436 0.9272 0.0234 
643      643   (5)      9 :  0.0034 0.0046 0.9856 0.0064 
644      644  (10)      9 :  0.0038 0.0444 0.8798 0.0720 
645      645   (5)      9 :  0.0092 0.0392 0.9242 0.0274 
646      646   (5)      9 :  0.0036 0.0044 0.9834 0.0086 
647      647   (5)      9 :  0.0050 0.1092 0.8506 0.0352 
648      648   (5)     10 :  0.0158 0.3980 0.3860 0.2002 
649      649   (0)     10 :  0.0280 0.3450 0.4196 0.2074 
650      650   (0)     10 :  0.0066 0.3412 0.4352 0.2170 
651      651   (0)     10 :  0.0032 0.6851 0.2202 0.0915 
652      652   (0)     10 :  0.0316 0.5401 0.1665 0.2619 
653      653   (0)     10 :  0.0062 0.3654 0.4342 0.1942 
654      654   (0)     10 :  0.0030 0.4184 0.3678 0.2108 
655      655   (0)     10 :  0.0940 0.3228 0.3790 0.2042 
656      656   (0)     10 :  0.0498 0.3382 0.4402 0.1718 
657      657   (0)     10 :  0.0910 0.3278 0.3798 0.2014 
658      658   (0)     10 :  0.0040 0.3932 0.4014 0.2014 
659      659   (0)     10 :  0.0038 0.4334 0.3542 0.2086 
660      660   (0)     10 :  0.1188 0.3032 0.3728 0.2052 
661      661   (5)     10 :  0.0034 0.3938 0.3948 0.2080 
662      662   (0)     10 :  0.0118 0.2339 0.3604 0.3939 
663      663   (0)     10 :  0.0104 0.3816 0.4134 0.1946 
664      664   (0)     10 :  0.0168 0.4408 0.3208 0.2216 
665      665   (0)     10 :  0.0414 0.3456 0.4210 0.1920 
666      666   (0)     10 :  0.0250 0.3608 0.4172 0.1970 
667      667   (0)     10 :  0.0148 0.3936 0.3928 0.1988 
668      668   (0)     10 :  0.0056 0.3962 0.4010 0.1972 
669      669   (0)     10 :  0.0272 0.3548 0.4098 0.2082 
670      670   (0)     10 :  0.0042 0.3952 0.3990 0.2016 
671      671   (0)     10 :  0.0036 0.4012 0.3948 0.2004 
672      672   (0)     10 :  0.0034 0.4220 0.3726 0.2020 
673      673   (0)     10 :  0.0042 0.3992 0.3912 0.2054 
674      674   (0)     10 :  0.0268 0.4124 0.4453 0.1155 
675      675   (0)     10 :  0.0052 0.4030 0.3850 0.2068 
676      676   (5)     11 :  0.0044 0.2014 0.7904 0.0038 
677      677   (0)     11 :  0.0078 0.2010 0.7874 0.0038 
678      678   (0)     11 :  0.0038 0.2000 0.7926 0.0036 
679      679   (0)     11 :  0.0036 0.2004 0.7924 0.0036 
680      680   (5)     11 :  0.0040 0.2004 0.7916 0.0040 
681      681   (0)     11 :  0.0082 0.2014 0.7860 0.0044 
682      682   (0)     11 :  0.0450 0.2010 0.7484 0.0056 
683      683   (0)     11 :  0.0052 0.2014 0.7878 0.0056 
684      684   (0)     11 :  0.0106 0.2016 0.7842 0.0036 
685      685   (0)     11 :  0.1344 0.2000 0.6616 0.0040 
686      686   (0)     11 :  0.0036 0.2002 0.7926 0.0036 
687      687   (0)     11 :  0.0184 0.1986 0.7802 0.0028 
688      688   (5)     11 :  0.0134 0.1990 0.7806 0.0070 
689      689   (0)     11 :  0.0080 0.2030 0.7854 0.0036 
690      690   (0)     11 :  0.0044 0.2014 0.7900 0.0042 
691      691   (0)     11 :  0.0028 0.2018 0.7926 0.0028 
692      692   (0)     11 :  0.0286 0.1984 0.7694 0.0036 
693      693   (0)     11 :  0.0028 0.2008 0.7944 0.0020 
694      694   (0)     11 :  0.0052 0.2032 0.7836 0.0080 
695      695   (0)     11 :  0.0402 0.1866 0.7696 0.0036 
696      696   (0)     11 :  0.0040 0.2028 0.7884 0.0048 
697      697   (0)     11 :  0.0026 0.2020 0.7908 0.0046 
698      698   (0)     11 :  0.0052 0.1974 0.7912 0.0062 
699      699   (0)     11 :  0.0538 0.1796 0.7634 0.0032 
700      700   (0)     11 :  0.0030 0.2004 0.7928 0.0038 
701      701   (0)     11 :  0.0044 0.2004 0.7920 0.0032 
702      702   (0)     11 :  0.0046 0.2010 0.7902 0.0042 
703      703   (0)     12 :  0.0028 0.2000 0.7928 0.0044 
704      704   (0)     12 :  0.0030 0.1942 0.7966 0.0062 
705      705   (0)     12 :  0.0042 0.1938 0.7882 0.0138 
706      706   (0)     12 :  0.0044 0.1778 0.8056 0.0122 
707      707   (0)     12 :  0.0126 0.1614 0.8000 0.0260 
708      708   (0)     12 :  0.0056 0.1650 0.8066 0.0228 
709      709   (0)     12 :  0.0080 0.1552 0.8169 0.0198 
710      710   (0)     12 :  0.0020 0.1900 0.8016 0.0064 
711      711   (0)     12 :  0.0022 0.1942 0.7972 0.0064 
712      712   (0)     12 :  0.0020 0.1800 0.8062 0.0118 
713      713   (0)     12 :  0.0024 0.2144 0.7694 0.0138 
714      714   (0)     12 :  0.0038 0.1980 0.7910 0.0072 
715      715   (0)     12 :  0.0034 0.2048 0.7852 0.0066 
716      716   (0)     12 :  0.0028 0.1972 0.7906 0.0094 
717      717   (0)     12 :  0.0036 0.2024 0.7864 0.0076 
718      718   (0)     12 :  0.0024 0.2034 0.7888 0.0054 
719      719   (0)     12 :  0.0482 0.1846 0.7586 0.0086 
720      720   (0)     12 :  0.0216 0.2026 0.7642 0.0116 
721      721   (0)     12 :  0.0076 0.1874 0.7084 0.0966 
722      722   (0)     12 :  0.0030 0.2090 0.7696 0.0184 
723      723   (0)     12 :  0.0056 0.2080 0.7820 0.0044 
724      724   (0)     12 :  0.0088 0.2654 0.7136 0.0122 
725      725   (5)     12 :  0.0034 0.2068 0.7812 0.0086 
726      726   (0)     12 :  0.0042 0.2014 0.7886 0.0058 
727      727   (0)     12 :  0.0082 0.2016 0.7838 0.0064 
728      728   (0)     12 :  0.0054 0.2064 0.7616 0.0266 
729      729   (0)     12 :  0.0034 0.2142 0.7734 0.0090 
730      730   (0)     12 :  0.0078 0.2018 0.7844 0.0060 
731      731   (0)     12 :  0.0044 0.1888 0.7988 0.0080 
732      732   (0)     12 :  0.0028 0.2046 0.7882 0.0044 
733      733   (5)     12 :  0.0028 0.2088 0.7824 0.0060 
734      734   (0)     12 :  0.0028 0.2044 0.7872 0.0056 
735      735   (0)     12 :  0.0054 0.1894 0.7948 0.0104 
736      736   (0)     12 :  0.0032 0.2022 0.7892 0.0054 
737      737   (0)     12 :  0.0070 0.1888 0.7948 0.0094 
738      738   (0)     12 :  0.0060 0.1635 0.8141 0.0164 
739      739   (5)     12 :  0.0066 0.1532 0.8208 0.0194 
740      740   (5)     12 :  0.0078 0.1810 0.8028 0.0084 
741      741   (5)     12 :  0.0064 0.2010 0.7842 0.0084 
742      742   (5)     12 :  0.0108 0.1996 0.7806 0.0090 
