1        1   (5)      1  : 0.9840 0.0160
2        2   (5)      1  : 0.9558 0.0442
3        3   (5)      1  : 0.9900 0.0100
4        4   (0)      1  : 0.9930 0.0070
5        5   (0)      1  : 0.9720 0.0280
6        6   (0)      1  : 0.9830 0.0170
7        7   (0)      1  : 0.8960 0.1040
8        8   (5)      1  : 0.9910 0.0090
9        9   (0)      1  : 0.9920 0.0080
10       10   (0)      1  : 0.9500 0.0500
11       11   (0)      1  : 0.9840 0.0160
12       12   (0)      1  : 0.9742 0.0258
13       13   (0)      1  : 0.9890 0.0110
14       14   (0)      1  : 0.9850 0.0150
15       15   (0)      1  : 0.9840 0.0160
16       16   (0)      1  : 0.9930 0.0070
17       17   (0)      1  : 0.9910 0.0090
18       18   (0)      1  : 0.9792 0.0208
19       19   (0)      1  : 0.9920 0.0080
20       20   (0)      1  : 0.9480 0.0520
21       21   (0)      1  : 0.9900 0.0100
22       22   (0)      1  : 0.9930 0.0070
23       23   (0)      1  : 0.9930 0.0070
24       24   (0)      1  : 0.9910 0.0090
25       25   (0)      1  : 0.9650 0.0350
26       26   (0)      1  : 0.9900 0.0100
27       27   (5)      1  : 0.9600 0.0400
28       28   (0)      1  : 0.9840 0.0160
29       29   (0)      1  : 0.9920 0.0080
30       30   (0)      1  : 0.9632 0.0368
31       31   (0)      1  : 0.9910 0.0090
32       32   (0)      1  : 0.9870 0.0130
33       33   (0)      1  : 0.9930 0.0070
34       34   (0)      1  : 0.9930 0.0070
35       35   (0)      1  : 0.9516 0.0484
36       36   (0)      1  : 0.9880 0.0120
37       37   (0)      1  : 0.9750 0.0250
38       38   (0)      1  : 0.9870 0.0130
39       39   (0)      1  : 0.9650 0.0350
40       40   (0)      1  : 0.9880 0.0120
41       41   (0)      1  : 0.9870 0.0130
42       42   (0)      1  : 0.9940 0.0060
43       43   (0)      1  : 0.9870 0.0130
44       44   (0)      1  : 0.9928 0.0072
45       45   (5)      1  : 0.9790 0.0210
46       46   (0)      1  : 0.9920 0.0080
47       47   (0)      1  : 0.9824 0.0176
48       48   (0)      1  : 0.9860 0.0140
49       49   (0)      1  : 0.9770 0.0230
50       50   (0)      1  : 0.9880 0.0120
51       51   (0)      1  : 0.9860 0.0140
52       52   (0)      1  : 0.9670 0.0330
53       53   (0)      1  : 0.9870 0.0130
54       54   (0)      1  : 0.9820 0.0180
55       55   (0)      1  : 0.9850 0.0150
56       56   (0)      1  : 0.9900 0.0100
57       57  (10)      1  : 0.9900 0.0100
58       58   (5)      1  : 0.9830 0.0170
59       59   (0)      1  : 0.9870 0.0130
60       60   (0)      1  : 0.9880 0.0120
61       61   (0)      1  : 0.9850 0.0150
62       62   (0)      1  : 0.9756 0.0244
63       63   (0)      1  : 0.9798 0.0202
64       64   (0)      1  : 0.9870 0.0130
65       65   (0)      1  : 0.9560 0.0440
66       66   (0)      1  : 0.9910 0.0090
67       67   (5)      1  : 0.9840 0.0160
68       68   (0)      1  : 0.9630 0.0370
69       69   (0)      1  : 0.9746 0.0254
70       70   (0)      1  : 0.9850 0.0150
71       71   (5)      1  : 0.9840 0.0160
72       72   (0)      1  : 0.9860 0.0140
73       73   (5)      1  : 0.9870 0.0130
74       74  (10)      1  : 0.9818 0.0182
75       75  (10)      1  : 0.9880 0.0120
76       76   (0)      1  : 0.9900 0.0100
77       77  (10)      1  : 0.9882 0.0118
78       78   (0)      1  : 0.9852 0.0148
79       79   (5)      1  : 0.9840 0.0160
80       80   (0)      1  : 0.9910 0.0090
81       81   (0)      1  : 0.9910 0.0090
82       82   (0)      1  : 0.9920 0.0080
83       83   (0)      1  : 0.9820 0.0180
84       84   (0)      1  : 0.9728 0.0272
85       85   (0)      1  : 0.9910 0.0090
86       86   (5)      1  : 0.9900 0.0100
87       87   (0)      1  : 0.9900 0.0100
88       88   (0)      1  : 0.9530 0.0470
89       89   (0)      1  : 0.9850 0.0150
90       90   (0)      1  : 0.9860 0.0140
91       91   (0)      1  : 0.9840 0.0160
92       92   (0)      1  : 0.9800 0.0200
93       93   (0)      1  : 0.9910 0.0090
94       94   (5)      1  : 0.9900 0.0100
95       95   (0)      1  : 0.9890 0.0110
96       96   (5)      1  : 0.9910 0.0090
97       97   (0)      1  : 0.9790 0.0210
98       98   (0)      1  : 0.9860 0.0140
99       99   (5)      1  : 0.9890 0.0110
100      100   (5)      1  : 0.9920 0.0080
101      101   (0)      2  : 0.9600 0.0400
102      102   (0)      2  : 0.9884 0.0116
103      103   (0)      2  : 0.9720 0.0280
104      104   (0)      2  : 0.9820 0.0180
105      105   (0)      2  : 0.9870 0.0130
106      106   (0)      2  : 0.9812 0.0188
107      107   (0)      2  : 0.9550 0.0450
108      108   (0)      2  : 0.9900 0.0100
109      109   (0)      2  : 0.9890 0.0110
110      110   (0)      2  : 0.9820 0.0180
111      111   (0)      2  : 0.9882 0.0118
112      112   (0)      2  : 0.9890 0.0110
113      113   (0)      2  : 0.9890 0.0110
114      114   (0)      2  : 0.9670 0.0330
115      115   (0)      2  : 0.9900 0.0100
116      116   (0)      2  : 0.9810 0.0190
117      117   (0)      2  : 0.9800 0.0200
118      118   (0)      2  : 0.9840 0.0160
119      119   (0)      2  : 0.9920 0.0080
120      120   (0)      2  : 0.9860 0.0140
121      121   (0)      2  : 0.9890 0.0110
122      122   (0)      2  : 0.9740 0.0260
123      123   (0)      2  : 0.8578 0.1422
124      124   (0)      2  : 0.9622 0.0378
125      125   (0)      2  : 0.9930 0.0070
126      126   (0)      2  : 0.9900 0.0100
127      127   (0)      2  : 0.9640 0.0360
128      128   (0)      2  : 0.9910 0.0090
129      129   (0)      2  : 0.9900 0.0100
130      130   (0)      2  : 0.9940 0.0060
131      131   (0)      2  : 0.9860 0.0140
132      132   (0)      2  : 0.9890 0.0110
133      133   (0)      2  : 0.9820 0.0180
134      134   (0)      2  : 0.9890 0.0110
135      135   (0)      2  : 0.9780 0.0220
136      136   (0)      2  : 0.9626 0.0374
137      137   (0)      2  : 0.9870 0.0130
138      138   (0)      2  : 0.9790 0.0210
139      139   (0)      2  : 0.9452 0.0548
140      140   (0)      2  : 0.9890 0.0110
141      141   (0)      2  : 0.9920 0.0080
142      142   (0)      2  : 0.9920 0.0080
143      143   (0)      2  : 0.9850 0.0150
144      144   (0)      2  : 0.9908 0.0092
145      145   (0)      2  : 0.9830 0.0170
146      146   (0)      2  : 0.9894 0.0106
147      147   (0)      2  : 0.9810 0.0190
148      148   (0)      2  : 0.9830 0.0170
149      149   (0)      2  : 0.9940 0.0060
150      150   (0)      2  : 0.9840 0.0160
151      151   (0)      2  : 0.9830 0.0170
152      152   (0)      2  : 0.9850 0.0150
153      153   (0)      2  : 0.8952 0.1048
154      154   (0)      2  : 0.9880 0.0120
155      155   (0)      2  : 0.9890 0.0110
156      156   (0)      2  : 0.9920 0.0080
157      157   (0)      2  : 0.9902 0.0098
158      158   (0)      2  : 0.9920 0.0080
159      159   (0)      2  : 0.9820 0.0180
160      160   (0)      2  : 0.9930 0.0070
161      161   (0)      2  : 0.9940 0.0060
162      162   (0)      2  : 0.9830 0.0170
163      163   (0)      2  : 0.9922 0.0078
164      164   (0)      2  : 0.9860 0.0140
165      165   (0)      2  : 0.9940 0.0060
166      166   (0)      2  : 0.9502 0.0498
167      167   (0)      2  : 0.9910 0.0090
168      168   (0)      2  : 0.9880 0.0120
169      169   (0)      2  : 0.9910 0.0090
170      170   (0)      2  : 0.9880 0.0120
171      171   (0)      2  : 0.9910 0.0090
172      172   (0)      2  : 0.9790 0.0210
173      173   (0)      2  : 0.9676 0.0324
174      174   (0)      2  : 0.9890 0.0110
175      175   (0)      2  : 0.9770 0.0230
176      176   (0)      2  : 0.9940 0.0060
177      177   (0)      2  : 0.9890 0.0110
178      178   (0)      2  : 0.9910 0.0090
179      179   (0)      2  : 0.9940 0.0060
180      180   (0)      2  : 0.9802 0.0198
181      181   (0)      2  : 0.9900 0.0100
182      182   (0)      2  : 0.9930 0.0070
183      183   (0)      2  : 0.9930 0.0070
184      184   (0)      2  : 0.9940 0.0060
185      185   (0)      2  : 0.9910 0.0090
186      186   (0)      2  : 0.9880 0.0120
187      187   (0)      2  : 0.9870 0.0130
188      188   (0)      2  : 0.9870 0.0130
189      189   (0)      2  : 0.9820 0.0180
190      190   (0)      2  : 0.9910 0.0090
191      191   (0)      2  : 0.9872 0.0128
192      192   (0)      2  : 0.9880 0.0120
193      193   (0)      2  : 0.9880 0.0120
194      194   (0)      2  : 0.9900 0.0100
195      195   (0)      2  : 0.9870 0.0130
196      196   (0)      2  : 0.9920 0.0080
197      197   (0)      2  : 0.9890 0.0110
198      198   (0)      2  : 0.9110 0.0890
199      199   (0)      2  : 0.9910 0.0090
200      200   (0)      2  : 0.9780 0.0220
201      201   (0)      2  : 0.8980 0.1020
202      202   (0)      2  : 0.9840 0.0160
203      203   (0)      2  : 0.9790 0.0210
204      204   (0)      2  : 0.9810 0.0190
205      205   (0)      2  : 0.9940 0.0060
206      206   (0)      2  : 0.9920 0.0080
207      207   (0)      2  : 0.9844 0.0156
208      208   (0)      2  : 0.9830 0.0170
209      209   (0)      2  : 0.9900 0.0100
210      210   (0)      2  : 0.9774 0.0226
211      211   (0)      2  : 0.9780 0.0220
212      212   (0)      2  : 0.9900 0.0100
213      213   (0)      2  : 0.9930 0.0070
214      214   (0)      2  : 0.9830 0.0170
215      215   (0)      2  : 0.9900 0.0100
216      216   (0)      2  : 0.9880 0.0120
217      217   (0)      2  : 0.9890 0.0110
218      218   (0)      2  : 0.9840 0.0160
219      219   (0)      2  : 0.9830 0.0170
220      220   (0)      2  : 0.9840 0.0160
221      221   (0)      2  : 0.9930 0.0070
222      222   (0)      2  : 0.9880 0.0120
223      223   (0)      2  : 0.9730 0.0270
224      224   (0)      2  : 0.9804 0.0196
225      225   (0)      2  : 0.9890 0.0110
226      226   (0)      2  : 0.9870 0.0130
227      227   (0)      2  : 0.9760 0.0240
228      228   (0)      2  : 0.9860 0.0140
229      229   (0)      2  : 0.9810 0.0190
230      230   (0)      2  : 0.9870 0.0130
231      231   (0)      2  : 0.9930 0.0070
232      232   (0)      2  : 0.9902 0.0098
233      233   (0)      2  : 0.9860 0.0140
234      234   (0)      2  : 0.9850 0.0150
235      235   (0)      2  : 0.9880 0.0120
236      236   (0)      2  : 0.9940 0.0060
237      237   (0)      2  : 0.8954 0.1046
238      238   (0)      2  : 0.9910 0.0090
239      239   (0)      2  : 0.9910 0.0090
240      240   (0)      2  : 0.9730 0.0270
241      241   (0)      2  : 0.9450 0.0550
242      242   (0)      2  : 0.9900 0.0100
243      243   (0)      2  : 0.9930 0.0070
244      244   (0)      2  : 0.9930 0.0070
245      245   (0)      2  : 0.9920 0.0080
246      246   (0)      2  : 0.9910 0.0090
247      247   (0)      2  : 0.9890 0.0110
248      248   (0)      2  : 0.9900 0.0100
249      249   (0)      2  : 0.9810 0.0190
250      250   (0)      2  : 0.9926 0.0074
251      251   (0)      2  : 0.9910 0.0090
252      252   (0)      2  : 0.9930 0.0070
253      253   (0)      2  : 0.9920 0.0080
254      254   (0)      2  : 0.9664 0.0336
255      255   (0)      2  : 0.9860 0.0140
256      256   (0)      2  : 0.9760 0.0240
257      257   (0)      2  : 0.9880 0.0120
258      258   (0)      2  : 0.9920 0.0080
259      259   (0)      2  : 0.9900 0.0100
260      260   (0)      2  : 0.9910 0.0090
261      261   (0)      2  : 0.9900 0.0100
262      262   (0)      2  : 0.9848 0.0152
263      263   (0)      2  : 0.9910 0.0090
264      264   (0)      2  : 0.9910 0.0090
265      265   (0)      2  : 0.9930 0.0070
266      266   (0)      2  : 0.9870 0.0130
267      267   (0)      2  : 0.9890 0.0110
268      268   (0)      2  : 0.9718 0.0282
269      269   (0)      2  : 0.9780 0.0220
270      270   (0)      2  : 0.9810 0.0190
271      271   (0)      2  : 0.9730 0.0270
272      272   (0)      2  : 0.9888 0.0112
273      273   (0)      2  : 0.9706 0.0294
274      274   (0)      2  : 0.9790 0.0210
275      275   (0)      2  : 0.9900 0.0100
276      276   (0)      2  : 0.9088 0.0912
277      277   (0)      2  : 0.9878 0.0122
278      278   (0)      2  : 0.9880 0.0120
279      279   (0)      2  : 0.9880 0.0120
280      280   (0)      2  : 0.9880 0.0120
281      281   (0)      2  : 0.9800 0.0200
282      282   (0)      2  : 0.9840 0.0160
283      283   (0)      2  : 0.9642 0.0358
284      284   (0)      2  : 0.9830 0.0170
285      285   (0)      2  : 0.9860 0.0140
286      286   (0)      2  : 0.9802 0.0198
287      287   (0)      2  : 0.9890 0.0110
288      288   (0)      2  : 0.9860 0.0140
289      289   (0)      2  : 0.9840 0.0160
290      290   (0)      2  : 0.9790 0.0210
291      291   (0)      2  : 0.9720 0.0280
292      292   (0)      2  : 0.9880 0.0120
293      293   (0)      2  : 0.9880 0.0120
294      294   (0)      2  : 0.9900 0.0100
295      295   (0)      2  : 0.9920 0.0080
296      296   (0)      2  : 0.9730 0.0270
297      297   (0)      2  : 0.9880 0.0120
298      298   (0)      2  : 0.9910 0.0090
299      299   (0)      2  : 0.9900 0.0100
300      300   (0)      2  : 0.9880 0.0120
301      301   (0)      2  : 0.9630 0.0370
302      302   (0)      2  : 0.9850 0.0150
303      303   (0)      2  : 0.9920 0.0080
304      304   (0)      2  : 0.9590 0.0410
305      305   (0)      2  : 0.9654 0.0346
306      306   (0)      2  : 0.9910 0.0090
307      307   (0)      2  : 0.9920 0.0080
308      308   (0)      2  : 0.9840 0.0160
309      309   (0)      2  : 0.9830 0.0170
310      310   (0)      2  : 0.9880 0.0120
311      311   (0)      2  : 0.9890 0.0110
312      312   (0)      2  : 0.9910 0.0090
313      313   (0)      2  : 0.9850 0.0150
314      314   (0)      2  : 0.9880 0.0120
315      315   (0)      2  : 0.9900 0.0100
316      316   (0)      2  : 0.9780 0.0220
317      317   (0)      2  : 0.9810 0.0190
318      318   (0)      2  : 0.9922 0.0078
319      319   (0)      2  : 0.9910 0.0090
320      320   (0)      2  : 0.9632 0.0368
321      321   (0)      2  : 0.9730 0.0270
322      322   (0)      2  : 0.9740 0.0260
323      323   (0)      2  : 0.9910 0.0090
324      324   (0)      2  : 0.9920 0.0080
325      325   (0)      2  : 0.9920 0.0080
326      326   (0)      2  : 0.9880 0.0120
327      327   (0)      2  : 0.9880 0.0120
328      328   (0)      2  : 0.9910 0.0090
329      329   (0)      2  : 0.9910 0.0090
330      330   (0)      2  : 0.9940 0.0060
331      331   (0)      2  : 0.9910 0.0090
332      332   (0)      2  : 0.9920 0.0080
333      333   (0)      2  : 0.9910 0.0090
334      334   (0)      2  : 0.9910 0.0090
335      335   (0)      2  : 0.9920 0.0080
336      336   (0)      2  : 0.9870 0.0130
337      337   (0)      2  : 0.9880 0.0120
338      338   (0)      2  : 0.9910 0.0090
339      339   (0)      2  : 0.9880 0.0120
340      340   (0)      2  : 0.9430 0.0570
341      341   (0)      2  : 0.9780 0.0220
342      342   (0)      2  : 0.9870 0.0130
343      343   (0)      2  : 0.9890 0.0110
344      344   (0)      2  : 0.9730 0.0270
345      345   (0)      2  : 0.9880 0.0120
346      346   (0)      2  : 0.9920 0.0080
347      347   (0)      2  : 0.9860 0.0140
348      348   (0)      2  : 0.9830 0.0170
349      349   (0)      2  : 0.9868 0.0132
350      350   (0)      2  : 0.9898 0.0102
351      351   (0)      2  : 0.9784 0.0216
352      352   (0)      2  : 0.9870 0.0130
353      353   (0)      2  : 0.9890 0.0110
354      354   (0)      2  : 0.9850 0.0150
355      355   (0)      2  : 0.9900 0.0100
356      356   (0)      2  : 0.9880 0.0120
357      357   (0)      2  : 0.9900 0.0100
358      358   (0)      2  : 0.9770 0.0230
359      359   (0)      2  : 0.9730 0.0270
360      360   (0)      2  : 0.9344 0.0656
361      361   (0)      2  : 0.9790 0.0210
362      362   (0)      2  : 0.9912 0.0088
363      363   (0)      2  : 0.9810 0.0190
364      364   (0)      2  : 0.9910 0.0090
365      365   (0)      2  : 0.9780 0.0220
366      366   (0)      2  : 0.9890 0.0110
367      367   (0)      2  : 0.9130 0.0870
368      368   (0)      2  : 0.9840 0.0160
369      369   (0)      2  : 0.9926 0.0074
370      370   (0)      2  : 0.9350 0.0650
371      371   (0)      2  : 0.9930 0.0070
372      372   (0)      2  : 0.9870 0.0130
373      373   (0)      2  : 0.9730 0.0270
374      374   (0)      2  : 0.9672 0.0328
375      375   (0)      2  : 0.9910 0.0090
376      376   (0)      2  : 0.9940 0.0060
377      377   (0)      2  : 0.9830 0.0170
378      378   (0)      2  : 0.9910 0.0090
379      379   (0)      2  : 0.9930 0.0070
380      380   (0)      2  : 0.9890 0.0110
381      381   (0)      2  : 0.9890 0.0110
382      382   (0)      2  : 0.9830 0.0170
383      383   (0)      2  : 0.9910 0.0090
384      384   (0)      2  : 0.9920 0.0080
385      385   (0)      2  : 0.9890 0.0110
386      386   (0)      2  : 0.9820 0.0180
387      387   (0)      2  : 0.9900 0.0100
388      388   (0)      2  : 0.9610 0.0390
389      389   (0)      2  : 0.9890 0.0110
390      390   (0)      2  : 0.9900 0.0100
391      391   (0)      2  : 0.9770 0.0230
392      392   (0)      2  : 0.9790 0.0210
393      393   (0)      2  : 0.9930 0.0070
394      394   (0)      2  : 0.9530 0.0470
395      395   (0)      2  : 0.9670 0.0330
396      396   (0)      2  : 0.9842 0.0158
397      397   (0)      2  : 0.9920 0.0080
398      398   (0)      2  : 0.9840 0.0160
399      399   (0)      2  : 0.9930 0.0070
400      400   (0)      2  : 0.9930 0.0070
401      401   (0)      2  : 0.9910 0.0090
402      402   (0)      2  : 0.9870 0.0130
403      403   (0)      2  : 0.9890 0.0110
404      404   (0)      2  : 0.9930 0.0070
405      405   (0)      2  : 0.9780 0.0220
406      406   (0)      2  : 0.9920 0.0080
407      407   (0)      2  : 0.9820 0.0180
408      408   (0)      2  : 0.9910 0.0090
409      409   (0)      2  : 0.9800 0.0200
410      410   (0)      2  : 0.9890 0.0110
411      411   (0)      2  : 0.9840 0.0160
412      412   (0)      2  : 0.9890 0.0110
413      413   (0)      2  : 0.9900 0.0100
414      414   (0)      2  : 0.9850 0.0150
415      415   (0)      2  : 0.9790 0.0210
416      416   (0)      2  : 0.9900 0.0100
417      417   (0)      2  : 0.9930 0.0070
418      418   (0)      2  : 0.9500 0.0500
419      419   (0)      2  : 0.9940 0.0060
420      420   (0)      2  : 0.9810 0.0190
421      421   (0)      2  : 0.9880 0.0120
422      422   (0)      2  : 0.9910 0.0090
423      423   (0)      2  : 0.9880 0.0120
424      424   (0)      2  : 0.9788 0.0212
425      425   (0)      2  : 0.9890 0.0110
426      426   (0)      2  : 0.9930 0.0070
427      427   (0)      2  : 0.9900 0.0100
428      428   (0)      2  : 0.9830 0.0170
429      429   (0)      2  : 0.9910 0.0090
430      430   (0)      2  : 0.9900 0.0100
431      431   (0)      2  : 0.9890 0.0110
432      432   (0)      2  : 0.9770 0.0230
433      433   (0)      2  : 0.9800 0.0200
434      434   (0)      2  : 0.9820 0.0180
435      435   (0)      2  : 0.9910 0.0090
436      436   (0)      2  : 0.9890 0.0110
437      437   (0)      2  : 0.9910 0.0090
438      438   (0)      2  : 0.9830 0.0170
439      439   (0)      2  : 0.9920 0.0080
440      440   (0)      2  : 0.9920 0.0080
441      441   (0)      2  : 0.9890 0.0110
442      442   (0)      2  : 0.9840 0.0160
443      443   (0)      2  : 0.9870 0.0130
444      444   (0)      2  : 0.9690 0.0310
445      445   (0)      2  : 0.9922 0.0078
446      446   (0)      2  : 0.9900 0.0100
447      447   (0)      2  : 0.9910 0.0090
448      448   (0)      2  : 0.9640 0.0360
449      449   (0)      2  : 0.9842 0.0158
450      450   (0)      2  : 0.9850 0.0150
451      451   (0)      2  : 0.9880 0.0120
452      452   (0)      2  : 0.9404 0.0596
453      453   (0)      2  : 0.9890 0.0110
454      454   (0)      2  : 0.9720 0.0280
455      455   (0)      2  : 0.9790 0.0210
456      456   (0)      2  : 0.9874 0.0126
457      457   (0)      2  : 0.9810 0.0190
458      458   (0)      2  : 0.9820 0.0180
459      459   (0)      2  : 0.9892 0.0108
460      460   (0)      2  : 0.9880 0.0120
461      461   (0)      2  : 0.9850 0.0150
462      462   (0)      2  : 0.9940 0.0060
463      463   (0)      2  : 0.9920 0.0080
464      464   (0)      2  : 0.9870 0.0130
465      465   (0)      2  : 0.9870 0.0130
466      466   (0)      2  : 0.9932 0.0068
467      467   (0)      2  : 0.9900 0.0100
468      468   (0)      2  : 0.9900 0.0100
469      469   (0)      2  : 0.9920 0.0080
470      470   (0)      2  : 0.9404 0.0596
471      471   (0)      2  : 0.9876 0.0124
472      472   (0)      2  : 0.9750 0.0250
473      473   (0)      2  : 0.9920 0.0080
474      474   (0)      2  : 0.8648 0.1352
475      475   (0)      2  : 0.9790 0.0210
476      476   (0)      2  : 0.9880 0.0120
477      477   (0)      2  : 0.9890 0.0110
478      478   (0)      2  : 0.9790 0.0210
479      479   (0)      2  : 0.9904 0.0096
480      480   (0)      2  : 0.9860 0.0140
481      481   (0)      2  : 0.9840 0.0160
482      482   (0)      2  : 0.9890 0.0110
483      483   (0)      2  : 0.9630 0.0370
484      484   (0)      2  : 0.9780 0.0220
485      485   (0)      2  : 0.9908 0.0092
486      486   (0)      2  : 0.9880 0.0120
487      487   (0)      2  : 0.9916 0.0084
488      488   (0)      2  : 0.9820 0.0180
489      489   (0)      2  : 0.9834 0.0166
490      490   (0)      2  : 0.9910 0.0090
491      491   (0)      2  : 0.9930 0.0070
492      492   (0)      2  : 0.9662 0.0338
493      493   (0)      2  : 0.9880 0.0120
494      494   (0)      2  : 0.9880 0.0120
495      495   (0)      2  : 0.9870 0.0130
496      496   (0)      2  : 0.9760 0.0240
497      497   (0)      2  : 0.9800 0.0200
498      498   (0)      2  : 0.9810 0.0190
499      499   (0)      2  : 0.9940 0.0060
500      500   (0)      2  : 0.9732 0.0268
501      501   (0)      3  : 0.9870 0.0130
502      502   (0)      3  : 0.9272 0.0728
503      503   (0)      3  : 0.8650 0.1350
504      504   (0)      3  : 0.9510 0.0490
505      505   (0)      3  : 0.8652 0.1348
506      506   (0)      3  : 0.9572 0.0428
507      507   (0)      3  : 0.8362 0.1638
508      508   (0)      3  : 0.9280 0.0720
509      509   (0)      3  : 0.8006 0.1994
510      510   (0)      3  : 0.9920 0.0080
511      511   (0)      3  : 0.9596 0.0404
512      512   (0)      3  : 0.7280 0.2720
513      513   (0)      3  : 0.8008 0.1992
514      514   (0)      3  : 0.9362 0.0638
515      515   (0)      3  : 0.9570 0.0430
516      516   (0)      3  : 0.9500 0.0500
517      517   (0)      3  : 0.8990 0.1010
518      518   (0)      3  : 0.7340 0.2660
519      519   (0)      3  : 0.7740 0.2260
520      520   (0)      3  : 0.9880 0.0120
521      521   (0)      3  : 0.9220 0.0780
522      522   (0)      3  : 0.8804 0.1196
523      523   (0)      3  : 0.9860 0.0140
524      524   (0)      3  : 0.9810 0.0190
525      525   (0)      3  : 0.9120 0.0880
526      526   (0)      3  : 0.8320 0.1680
527      527   (0)      3  : 0.8260 0.1740
528      528   (0)      3  : 0.9232 0.0768
529      529   (0)      3  : 0.9252 0.0748
530      530   (0)      3  : 0.9790 0.0210
531      531   (0)      3  : 0.8940 0.1060
532      532   (0)      3  : 0.7460 0.2540
533      533   (0)      3  : 0.8310 0.1690
534      534   (0)      3  : 0.8950 0.1050
535      535   (0)      3  : 0.7328 0.2672
536      536   (0)      3  : 0.9600 0.0400
537      537   (0)      3  : 0.8760 0.1240
538      538   (0)      3  : 0.8788 0.1212
539      539   (0)      3  : 0.7650 0.2350
540      540   (0)      3  : 0.8644 0.1356
541      541   (0)      3  : 0.7970 0.2030
542      542   (0)      3  : 0.9052 0.0948
543      543   (0)      3  : 0.9740 0.0260
544      544   (0)      3  : 0.9398 0.0602
545      545   (0)      3  : 0.7300 0.2700
546      546   (0)      3  : 0.8680 0.1320
547      547   (0)      3  : 0.9610 0.0390
548      548   (0)      3  : 0.9222 0.0778
549      549   (0)      3  : 0.9250 0.0750
550      550   (0)      3  : 0.9354 0.0646
551      551   (0)      3  : 0.8682 0.1318
552      552   (0)      3  : 0.9860 0.0140
553      553   (0)      3  : 0.9470 0.0530
554      554   (0)      3  : 0.9140 0.0860
555      555   (0)      3  : 0.9600 0.0400
556      556   (0)      3  : 0.8360 0.1640
557      557   (0)      3  : 0.8436 0.1564
558      558   (0)      3  : 0.9870 0.0130
559      559   (0)      3  : 0.9890 0.0110
560      560   (0)      3  : 0.9840 0.0160
561      561   (0)      3  : 0.9670 0.0330
562      562   (0)      3  : 0.9290 0.0710
563      563   (0)      3  : 0.9700 0.0300
564      564   (0)      3  : 0.9050 0.0950
565      565   (0)      3  : 0.8718 0.1282
566      566   (0)      3  : 0.9206 0.0794
567      567   (0)      3  : 0.8930 0.1070
568      568   (0)      3  : 0.9006 0.0994
569      569   (0)      3  : 0.9810 0.0190
570      570   (0)      3  : 0.9600 0.0400
571      571   (0)      3  : 0.8618 0.1382
572      572   (0)      3  : 0.9920 0.0080
573      573   (0)      3  : 0.7020 0.2980
574      574   (0)      3  : 0.9770 0.0230
575      575   (0)      3  : 0.7312 0.2688
576      576   (0)      3  : 0.9758 0.0242
577      577   (0)      3  : 0.9780 0.0220
578      578   (0)      3  : 0.9740 0.0260
579      579   (0)      3  : 0.9650 0.0350
580      580   (0)      3  : 0.8978 0.1022
581      581   (0)      3  : 0.7720 0.2280
582      582   (0)      3  : 0.9810 0.0190
583      583   (0)      3  : 0.8200 0.1800
584      584   (0)      3  : 0.8946 0.1054
585      585   (0)      3  : 0.9760 0.0240
586      586   (0)      3  : 0.9800 0.0200
587      587   (0)      3  : 0.7432 0.2568
588      588   (0)      3  : 0.9168 0.0832
589      589   (0)      3  : 0.6818 0.3182
590      590   (0)      3  : 0.9860 0.0140
591      591   (0)      3  : 0.8158 0.1842
592      592   (0)      3  : 0.9910 0.0090
593      593   (0)      3  : 0.7760 0.2240
594      594   (0)      3  : 0.8730 0.1270
595      595   (0)      3  : 0.9410 0.0590
596      596   (0)      3  : 0.8132 0.1868
597      597   (0)      3  : 0.9780 0.0220
598      598   (0)      3  : 0.7240 0.2760
599      599   (0)      3  : 0.8480 0.1520
600      600   (0)      3  : 0.9450 0.0550
601      601   (0)      4  : 0.9248 0.0752
602      602   (0)      4  : 0.6610 0.3390
603      603   (0)      4  : 0.7140 0.2860
604      604   (0)      4  : 0.7370 0.2630
605      605   (0)      4  : 0.9750 0.0250
606      606   (0)      4  : 0.7672 0.2328
607      607   (0)      4  : 0.6420 0.3580
608      608   (0)      4  : 0.8382 0.1618
609      609   (0)      4  : 0.8738 0.1262
610      610   (0)      4  : 0.8010 0.1990
611      611   (0)      4  : 0.6350 0.3650
612      612   (0)      4  : 0.8380 0.1620
613      613   (0)      4  : 0.9270 0.0730
614      614   (0)      4  : 0.7250 0.2750
615      615   (0)      4  : 0.6300 0.3700
616      616   (0)      4  : 0.6480 0.3520
617      617   (0)      4  : 0.9756 0.0244
618      618   (0)      4  : 0.7844 0.2156
619      619   (0)      4  : 0.7008 0.2992
620      620   (0)      4  : 0.8048 0.1952
621      621   (0)      4  : 0.7340 0.2660
622      622   (0)      4  : 0.8140 0.1860
623      623   (0)      4  : 0.7330 0.2670
624      624   (0)      4  : 0.8438 0.1562
625      625   (0)      4  : 0.6190 0.3810
626      626   (0)      4  : 0.8420 0.1580
627      627   (0)      4  : 0.7470 0.2530
628      628   (0)      4  : 0.6640 0.3360
629      629   (0)      4  : 0.8980 0.1020
630      630   (0)      4  : 0.9224 0.0776
631      631   (0)      4  : 0.7438 0.2562
632      632   (0)      4  : 0.7520 0.2480
633      633   (0)      4  : 0.6140 0.3860
634      634   (0)      4  : 0.9900 0.0100
635      635   (0)      4  : 0.8230 0.1770
636      636   (0)      4  : 0.6020 0.3980
637      637   (0)      4  : 0.7140 0.2860
638      638   (0)      4  : 0.7250 0.2750
639      639   (0)      4  : 0.9690 0.0310
640      640   (0)      4  : 0.8998 0.1002
641      641   (0)      4  : 0.8466 0.1534
642      642   (0)      4  : 0.9532 0.0468
643      643   (0)      4  : 0.9450 0.0550
644      644   (0)      4  : 0.6998 0.3002
645      645   (0)      4  : 0.6420 0.3580
646      646   (0)      4  : 0.9648 0.0352
647      647   (0)      4  : 0.8110 0.1890
648      648   (0)      4  : 0.6490 0.3510
649      649   (0)      4  : 0.9850 0.0150
650      650   (0)      4  : 0.8466 0.1534
651      651   (0)      4  : 0.6726 0.3274
652      652   (0)      4  : 0.7058 0.2942
653      653   (0)      4  : 0.7552 0.2448
654      654   (0)      4  : 0.8892 0.1108
655      655   (0)      4  : 0.9650 0.0350
656      656   (0)      4  : 0.7710 0.2290
657      657   (0)      4  : 0.7224 0.2776
658      658   (0)      4  : 0.9280 0.0720
659      659   (0)      4  : 0.6052 0.3948
660      660   (0)      4  : 0.6510 0.3490
661      661   (0)      4  : 0.8036 0.1964
662      662   (0)      4  : 0.9448 0.0552
663      663   (0)      4  : 0.4610 0.5390
664      664   (0)      4  : 0.8132 0.1868
665      665   (0)      4  : 0.9346 0.0654
666      666   (0)      4  : 0.8960 0.1040
667      667   (0)      4  : 0.8520 0.1480
668      668   (0)      4  : 0.6380 0.3620
669      669   (0)      4  : 0.5870 0.4130
670      670   (0)      4  : 0.8138 0.1862
671      671   (0)      4  : 0.8970 0.1030
672      672   (0)      4  : 0.8030 0.1970
673      673   (0)      4  : 0.9870 0.0130
674      674   (0)      4  : 0.8336 0.1664
675      675   (0)      4  : 0.8890 0.1110
676      676   (0)      4  : 0.6384 0.3616
677      677   (0)      4  : 0.8896 0.1104
678      678   (0)      4  : 0.9194 0.0806
679      679   (0)      4  : 0.8398 0.1602
680      680   (0)      4  : 0.9004 0.0996
681      681   (0)      4  : 0.9590 0.0410
682      682   (0)      4  : 0.6340 0.3660
683      683   (0)      4  : 0.7570 0.2430
684      684   (0)      4  : 0.8954 0.1046
685      685   (0)      4  : 0.6878 0.3122
686      686   (0)      4  : 0.9528 0.0472
687      687   (0)      4  : 0.7530 0.2470
688      688   (0)      4  : 0.6712 0.3288
689      689   (0)      4  : 0.7960 0.2040
690      690   (0)      4  : 0.8260 0.1740
691      691   (0)      4  : 0.7330 0.2670
692      692   (0)      4  : 0.8698 0.1302
693      693   (0)      4  : 0.9720 0.0280
694      694   (0)      4  : 0.7758 0.2242
695      695   (0)      4  : 0.6910 0.3090
696      696   (0)      4  : 0.8946 0.1054
697      697   (0)      4  : 0.7628 0.2372
698      698   (0)      4  : 0.6840 0.3160
699      699   (0)      4  : 0.8112 0.1888
700      700   (0)      4  : 0.6834 0.3166
701      701   (5)      5  : 0.6058 0.3942
702      702   (0)      5  : 0.3810 0.6190
703      703   (0)      5  : 0.5086 0.4914
704      704   (5)      5  : 0.4356 0.5644
705      705   (5)      5  : 0.4210 0.5790
706      706   (0)      5  : 0.3100 0.6900
707      707   (0)      6  : 0.3450 0.6550
708      708   (0)      6  : 0.5222 0.4778
709      709   (0)      6  : 0.3930 0.6070
710      710   (0)      6  : 0.4274 0.5726
711      711   (0)      6  : 0.7508 0.2492
712      712   (0)      6  : 0.5672 0.4328
713      713   (0)      6  : 0.5440 0.4560
714      714   (0)      6  : 0.5880 0.4120
715      715   (0)      6  : 0.4626 0.5374
716      716   (0)      6  : 0.6422 0.3578
717      717   (0)      6  : 0.5980 0.4020
718      718   (0)      6  : 0.5358 0.4642
719      719   (0)      6  : 0.4734 0.5266
720      720   (0)      6  : 0.5050 0.4950
721      721   (0)      6  : 0.4546 0.5454
722      722   (0)      6  : 0.4930 0.5070
723      723   (0)      6  : 0.5732 0.4268
724      724   (0)      6  : 0.4610 0.5390
725      725   (0)      6  : 0.4000 0.6000
726      726   (0)      6  : 0.5290 0.4710
727      727   (0)      6  : 0.4920 0.5080
728      728   (0)      6  : 0.4148 0.5852
729      729   (0)      6  : 0.5530 0.4470
730      730   (0)      6  : 0.5120 0.4880
731      731   (0)      6  : 0.4960 0.5040
732      732   (0)      6  : 0.5932 0.4068
733      733   (0)      6  : 0.4620 0.5380
734      734   (0)      6  : 0.6210 0.3790
735      735   (0)      6  : 0.4800 0.5200
736      736   (0)      6  : 0.2454 0.7546
737      737   (0)      6  : 0.5012 0.4988
738      738   (0)      6  : 0.4804 0.5196
739      739   (0)      6  : 0.6218 0.3782
740      740   (0)      6  : 0.5380 0.4620
741      741   (0)      6  : 0.5670 0.4330
742      742   (0)      6  : 0.4640 0.5360
743      743   (0)      6  : 0.5560 0.4440
744      744   (0)      6  : 0.4240 0.5760
745      745   (0)      6  : 0.5240 0.4760
746      746   (0)      6  : 0.5774 0.4226
747      747   (0)      6  : 0.4778 0.5222
748      748   (0)      6  : 0.5830 0.4170
749      749   (0)      6  : 0.5328 0.4672
750      750   (0)      6  : 0.5050 0.4950
751      751   (0)      6  : 0.6710 0.3290
752      752   (0)      6  : 0.3878 0.6122
753      753   (0)      6  : 0.4230 0.5770
754      754   (0)      6  : 0.4620 0.5380
755      755   (0)      6  : 0.3570 0.6430
756      756   (0)      6  : 0.4780 0.5220
757      757   (0)      6  : 0.7122 0.2878
758      758   (0)      6  : 0.4640 0.5360
759      759   (0)      6  : 0.5610 0.4390
760      760   (0)      6  : 0.5890 0.4110
761      761   (0)      6  : 0.3690 0.6310
762      762   (0)      6  : 0.5820 0.4180
763      763   (0)      6  : 0.4410 0.5590
764      764   (0)      6  : 0.3400 0.6600
765      765   (0)      6  : 0.4806 0.5194
766      766   (0)      6  : 0.4054 0.5946
767      767   (0)      6  : 0.6686 0.3314
768      768   (0)      6  : 0.5066 0.4934
769      769   (0)      6  : 0.4040 0.5960
770      770   (0)      6  : 0.4490 0.5510
771      771   (0)      6  : 0.4150 0.5850
772      772   (0)      6  : 0.5270 0.4730
773      773   (0)      6  : 0.6628 0.3372
774      774   (0)      6  : 0.4820 0.5180
775      775   (0)      6  : 0.5396 0.4604
776      776   (0)      6  : 0.7000 0.3000
777      777   (0)      6  : 0.5360 0.4640
778      778   (0)      6  : 0.4466 0.5534
779      779   (0)      6  : 0.4936 0.5064
780      780   (0)      6  : 0.7120 0.2880
781      781   (0)      6  : 0.5240 0.4760
782      782   (0)      6  : 0.5730 0.4270
783      783   (0)      6  : 0.6490 0.3510
784      784   (0)      6  : 0.2908 0.7092
785      785   (0)      6  : 0.4490 0.5510
786      786   (0)      6  : 0.4910 0.5090
787      787   (0)      6  : 0.5560 0.4440
788      788   (0)      6  : 0.4356 0.5644
789      789   (0)      6  : 0.5174 0.4826
790      790   (0)      6  : 0.5940 0.4060
791      791   (0)      6  : 0.5398 0.4602
792      792   (0)      6  : 0.5700 0.4300
793      793   (0)      6  : 0.5522 0.4478
794      794   (0)      6  : 0.4530 0.5470
795      795   (0)      6  : 0.5650 0.4350
796      796   (0)      6  : 0.4370 0.5630
797      797   (0)      6  : 0.5560 0.4440
798      798   (0)      6  : 0.5568 0.4432
799      799   (0)      6  : 0.7354 0.2646
800      800   (0)      6  : 0.5780 0.4220
801      801   (0)      6  : 0.5596 0.4404
802      802   (0)      6  : 0.6252 0.3748
803      803   (0)      6  : 0.4030 0.5970
804      804   (0)      6  : 0.6070 0.3930
805      805   (0)      6  : 0.7570 0.2430
806      806   (0)      6  : 0.5830 0.4170
807      807   (0)      7  : 0.1230 0.8770
808      808   (0)      7  : 0.2276 0.7724
809      809   (0)      8  : 0.0786 0.9214
810      810   (0)      8  : 0.2202 0.7798
811      811   (0)      8  : 0.4100 0.5900
812      812   (0)      8  : 0.2780 0.7220
813      813   (0)      8  : 0.1080 0.8920
814      814   (0)      8  : 0.1210 0.8790
815      815   (0)      8  : 0.2820 0.7180
816      816   (0)      8  : 0.2020 0.7980
817      817   (0)      8  : 0.2874 0.7126
818      818   (0)      8  : 0.0990 0.9010
819      819   (0)      8  : 0.3120 0.6880
820      820   (0)      8  : 0.3728 0.6272
821      821   (0)      8  : 0.3170 0.6830
822      822   (0)      8  : 0.4260 0.5740
823      823   (0)      8  : 0.1870 0.8130
824      824   (0)      8  : 0.2320 0.7680
825      825   (0)      8  : 0.3130 0.6870
826      826   (0)      8  : 0.2800 0.7200
827      827   (0)      8  : 0.3544 0.6456
828      828   (0)      8  : 0.1930 0.8070
829      829   (0)      8  : 0.2430 0.7570
830      830   (0)      8  : 0.1750 0.8250
831      831   (0)      8  : 0.1800 0.8200
832      832   (0)      8  : 0.1930 0.8070
833      833   (0)      8  : 0.2380 0.7620
834      834   (0)      8  : 0.3172 0.6828
835      835   (0)      8  : 0.2468 0.7532
836      836   (0)      8  : 0.1700 0.8300
837      837   (0)      8  : 0.2518 0.7482
838      838   (0)      8  : 0.3730 0.6270
839      839   (0)      8  : 0.1700 0.8300
840      840   (0)      8  : 0.0130 0.9870
841      841   (0)      8  : 0.3164 0.6836
842      842   (0)      8  : 0.3372 0.6628
843      843   (0)      8  : 0.1398 0.8602
844      844   (0)      8  : 0.2252 0.7748
845      845   (0)      8  : 0.0770 0.9230
846      846   (0)      8  : 0.1810 0.8190
847      847   (0)      8  : 0.1790 0.8210
848      848   (0)      8  : 0.0130 0.9870
849      849   (0)      8  : 0.1726 0.8274
850      850   (0)      8  : 0.3298 0.6702
851      851   (0)      8  : 0.1552 0.8448
852      852   (0)      8  : 0.2380 0.7620
853      853   (0)      8  : 0.2350 0.7650
854      854   (0)      8  : 0.1798 0.8202
855      855   (0)      8  : 0.0870 0.9130
856      856   (0)      8  : 0.1980 0.8020
857      857   (0)      8  : 0.3100 0.6900
858      858   (0)      8  : 0.1366 0.8634
859      859   (0)      8  : 0.4698 0.5302
860      860   (0)      8  : 0.1720 0.8280
861      861   (0)      8  : 0.3502 0.6498
862      862   (0)      8  : 0.4054 0.5946
863      863   (0)      8  : 0.1770 0.8230
864      864   (0)      8  : 0.0278 0.9722
865      865   (0)      8  : 0.3976 0.6024
866      866   (0)      8  : 0.2544 0.7456
867      867   (0)      8  : 0.2860 0.7140
868      868   (0)      8  : 0.3010 0.6990
869      869   (0)      8  : 0.2770 0.7230
870      870   (0)      8  : 0.0530 0.9470
871      871   (0)      8  : 0.3430 0.6570
872      872   (0)      8  : 0.1414 0.8586
873      873   (0)      8  : 0.4028 0.5972
874      874   (0)      8  : 0.2174 0.7826
875      875   (0)      8  : 0.0260 0.9740
876      876   (0)      8  : 0.1990 0.8010
877      877   (0)      8  : 0.1606 0.8394
878      878   (0)      8  : 0.3258 0.6742
879      879   (0)      8  : 0.0808 0.9192
880      880   (0)      8  : 0.1800 0.8200
881      881   (0)      8  : 0.3588 0.6412
882      882   (0)      8  : 0.4840 0.5160
883      883   (0)      8  : 0.0110 0.9890
884      884   (0)      8  : 0.2810 0.7190
885      885   (0)      8  : 0.3176 0.6824
886      886   (0)      8  : 0.2688 0.7312
887      887   (0)      8  : 0.0090 0.9910
888      888   (0)      8  : 0.1620 0.8380
889      889   (0)      8  : 0.2600 0.7400
890      890   (0)      8  : 0.2498 0.7502
891      891   (0)      8  : 0.2550 0.7450
892      892   (0)      8  : 0.2080 0.7920
893      893   (0)      8  : 0.4056 0.5944
894      894   (0)      8  : 0.3530 0.6470
895      895   (0)      8  : 0.3230 0.6770
896      896   (0)      8  : 0.2550 0.7450
897      897   (0)      8  : 0.1730 0.8270
898      898   (0)      8  : 0.1300 0.8700
899      899   (0)      8  : 0.3358 0.6642
900      900   (0)      8  : 0.3400 0.6600
901      901   (0)      8  : 0.2610 0.7390
902      902   (0)      8  : 0.2040 0.7960
903      903   (0)      8  : 0.2330 0.7670
904      904   (0)      8  : 0.1810 0.8190
905      905   (0)      8  : 0.1442 0.8558
906      906   (0)      8  : 0.0320 0.9680
907      907   (0)      8  : 0.5000 0.5000
908      908   (0)      8  : 0.0728 0.9272
909      909  (10)      9  : 0.0828 0.9172
910      910   (5)      9  : 0.0174 0.9826
911      911   (5)      9  : 0.4080 0.5920
912      912   (5)      9  : 0.0100 0.9900
913      913  (10)      9  : 0.2256 0.7744
914      914   (5)      9  : 0.4660 0.5340
915      915  (10)      9  : 0.0984 0.9016
916      916   (0)      9  : 0.0532 0.9468
917      917   (0)      9  : 0.0420 0.9580
918      918   (0)      9  : 0.0090 0.9910
919      919   (0)      9  : 0.0610 0.9390
920      920   (0)      9  : 0.1730 0.8270
921      921   (0)      9  : 0.0200 0.9800
922      922   (0)      9  : 0.1674 0.8326
923      923   (0)      9  : 0.1292 0.8708
924      924   (0)      9  : 0.1772 0.8228
925      925   (0)      9  : 0.2090 0.7910
926      926   (0)      9  : 0.4140 0.5860
927      927   (0)      9  : 0.0200 0.9800
928      928   (5)      9  : 0.0250 0.9750
929      929   (0)      9  : 0.1620 0.8380
930      930   (0)      9  : 0.2490 0.7510
931      931   (5)      9  : 0.0740 0.9260
932      932   (5)      9  : 0.0420 0.9580
933      933   (0)      9  : 0.2058 0.7942
934      934   (0)      9  : 0.0872 0.9128
935      935   (0)      9  : 0.0448 0.9552
936      936   (0)      9  : 0.0120 0.9880
937      937   (0)      9  : 0.0080 0.9920
938      938   (0)      9  : 0.0100 0.9900
939      939   (0)      9  : 0.0070 0.9930
940      940   (0)      9  : 0.0280 0.9720
941      941   (0)      9  : 0.1624 0.8376
942      942   (0)      9  : 0.0570 0.9430
943      943   (0)      9  : 0.0694 0.9306
944      944   (0)      9  : 0.0942 0.9058
945      945   (0)      9  : 0.2260 0.7740
946      946   (0)      9  : 0.0124 0.9876
947      947   (0)      9  : 0.1746 0.8254
948      948   (0)      9  : 0.1710 0.8290
949      949   (0)      9  : 0.0236 0.9764
950      950   (0)      9  : 0.1200 0.8800
951      951   (0)     10  : 0.1410 0.8590
952      952   (0)     10  : 0.0640 0.9360
953      953   (0)     10  : 0.1480 0.8520
954      954   (0)     10  : 0.0160 0.9840
955      955   (0)     10  : 0.1096 0.8904
956      956   (0)     10  : 0.0090 0.9910
957      957   (0)     10  : 0.0180 0.9820
958      958   (0)     10  : 0.0210 0.9790
959      959   (0)     10  : 0.0140 0.9860
960      960   (0)     10  : 0.0130 0.9870
961      961   (0)     10  : 0.1630 0.8370
962      962   (0)     10  : 0.0568 0.9432
963      963   (0)     10  : 0.0420 0.9580
964      964   (0)     10  : 0.2218 0.7782
965      965   (0)     10  : 0.1480 0.8520
966      966   (0)     10  : 0.0882 0.9118
967      967   (0)     10  : 0.1120 0.8880
968      968   (0)     10  : 0.0210 0.9790
969      969   (0)     10  : 0.1590 0.8410
970      970   (0)     10  : 0.0518 0.9482
971      971   (0)     10  : 0.0130 0.9870
972      972   (0)     10  : 0.0490 0.9510
973      973   (0)     10  : 0.1910 0.8090
974      974   (0)     10  : 0.1050 0.8950
975      975   (0)     10  : 0.0580 0.9420
976      976   (0)     10  : 0.1460 0.8540
977      977   (0)     10  : 0.0150 0.9850
978      978   (0)     10  : 0.0080 0.9920
979      979   (0)     10  : 0.2290 0.7710
980      980   (0)     10  : 0.0610 0.9390
981      981   (0)     10  : 0.0100 0.9900
982      982   (0)     10  : 0.0674 0.9326
983      983   (0)     10  : 0.0120 0.9880
984      984   (0)     10  : 0.0440 0.9560
985      985   (0)     10  : 0.1790 0.8210
986      986   (0)     10  : 0.1340 0.8660
987      987   (0)     10  : 0.1730 0.8270
988      988   (0)     10  : 0.0880 0.9120
989      989   (0)     10  : 0.0280 0.9720
990      990   (0)     10  : 0.0090 0.9910
991      991   (0)     10  : 0.0182 0.9818
992      992   (0)     10  : 0.1150 0.8850
993      993   (0)     10  : 0.0532 0.9468
994      994   (0)     10  : 0.0204 0.9796
995      995   (0)     10  : 0.1354 0.8646
996      996   (0)     10  : 0.0314 0.9686
997      997   (0)     10  : 0.2466 0.7534
998      998   (0)     10  : 0.0442 0.9558
999      999   (0)     10  : 0.0686 0.9314
1000     1000   (0)     10  : 0.1320 0.8680
1001     1001   (0)     10  : 0.1150 0.8850
1002     1002   (0)     10  : 0.0710 0.9290
1003     1003   (0)     10  : 0.0140 0.9860
1004     1004   (0)     10  : 0.0110 0.9890
1005     1005   (0)     10  : 0.1672 0.8328
1006     1006   (0)     10  : 0.0130 0.9870
1007     1007   (0)     10  : 0.3636 0.6364
1008     1008   (0)     10  : 0.0640 0.9360
1009     1009   (0)     10  : 0.0506 0.9494
1010     1010   (0)     10  : 0.1668 0.8332
1011     1011   (0)     10  : 0.1040 0.8960
1012     1012   (0)     10  : 0.1760 0.8240
1013     1013   (0)     10  : 0.3240 0.6760
1014     1014   (0)     10  : 0.2160 0.7840
1015     1015   (0)     10  : 0.2344 0.7656
1016     1016   (0)     10  : 0.1130 0.8870
1017     1017   (0)     10  : 0.2328 0.7672
1018     1018   (0)     10  : 0.1698 0.8302
1019     1019   (0)     10  : 0.0210 0.9790
1020     1020   (0)     10  : 0.0400 0.9600
1021     1021   (0)     10  : 0.0160 0.9840
1022     1022   (0)     10  : 0.0770 0.9230
1023     1023   (0)     10  : 0.0912 0.9088
1024     1024   (0)     10  : 0.1796 0.8204
1025     1025   (0)     10  : 0.1950 0.8050
1026     1026   (0)     10  : 0.1730 0.8270
1027     1027   (0)     10  : 0.2750 0.7250
1028     1028   (0)     10  : 0.0944 0.9056
1029     1029   (0)     10  : 0.0970 0.9030
1030     1030   (0)     10  : 0.1700 0.8300
1031     1031   (0)     10  : 0.0560 0.9440
1032     1032   (0)     10  : 0.1760 0.8240
1033     1033   (0)     10  : 0.1910 0.8090
1034     1034   (0)     10  : 0.0430 0.9570
1035     1035   (0)     10  : 0.1930 0.8070
1036     1036   (0)     10  : 0.1224 0.8776
1037     1037   (0)     10  : 0.0180 0.9820
1038     1038   (0)     10  : 0.0950 0.9050
1039     1039   (0)     10  : 0.0502 0.9498
1040     1040   (0)     10  : 0.1260 0.8740
1041     1041   (0)     10  : 0.0980 0.9020
1042     1042   (0)     10  : 0.0634 0.9366
1043     1043   (0)     10  : 0.1358 0.8642
1044     1044   (0)     10  : 0.2470 0.7530
1045     1045   (0)     10  : 0.1278 0.8722
1046     1046   (0)     10  : 0.1240 0.8760
1047     1047   (0)     10  : 0.0890 0.9110
1048     1048   (0)     10  : 0.0110 0.9890
1049     1049   (0)     10  : 0.0470 0.9530
1050     1050   (0)     10  : 0.0970 0.9030
1051     1051   (0)     11  : 0.0558 0.9442
1052     1052  (10)     11  : 0.0140 0.9860
1053     1053  (10)     11  : 0.0160 0.9840
1054     1054   (5)     11  : 0.0070 0.9930
1055     1055   (5)     11  : 0.0090 0.9910
1056     1056   (0)     11  : 0.0070 0.9930
1057     1057   (5)     11  : 0.0090 0.9910
1058     1058   (5)     11  : 0.0120 0.9880
1059     1059   (0)     11  : 0.0060 0.9940
1060     1060   (0)     11  : 0.0070 0.9930
1061     1061   (0)     11  : 0.0070 0.9930
1062     1062   (0)     11  : 0.0070 0.9930
1063     1063   (0)     11  : 0.0080 0.9920
1064     1064   (5)     11  : 0.0060 0.9940
1065     1065   (5)     11  : 0.0450 0.9550
1066     1066  (10)     11  : 0.0160 0.9840
1067     1067   (0)     11  : 0.0074 0.9926
1068     1068   (5)     11  : 0.0320 0.9680
1069     1069   (5)     11  : 0.0100 0.9900
1070     1070   (0)     11  : 0.0070 0.9930
1071     1071   (5)     11  : 0.0080 0.9920
1072     1072   (0)     11  : 0.0188 0.9812
1073     1073   (5)     11  : 0.0060 0.9940
1074     1074   (0)     11  : 0.0080 0.9920
1075     1075   (0)     11  : 0.0124 0.9876
1076     1076   (0)     11  : 0.0240 0.9760
1077     1077   (0)     11  : 0.0080 0.9920
1078     1078   (0)     11  : 0.0100 0.9900
1079     1079   (0)     11  : 0.0150 0.9850
1080     1080   (0)     11  : 0.0240 0.9760
1081     1081   (0)     11  : 0.0190 0.9810
1082     1082   (0)     11  : 0.0248 0.9752
1083     1083   (0)     11  : 0.0080 0.9920
1084     1084   (0)     11  : 0.0160 0.9840
1085     1085   (0)     11  : 0.0180 0.9820
1086     1086   (0)     11  : 0.0060 0.9940
1087     1087   (0)     11  : 0.0160 0.9840
1088     1088   (0)     11  : 0.0070 0.9930
1089     1089   (5)     11  : 0.0100 0.9900
1090     1090   (5)     11  : 0.0100 0.9900
1091     1091   (0)     11  : 0.0100 0.9900
1092     1092  (15)     11  : 0.0160 0.9840
1093     1093  (10)     11  : 0.0066 0.9934
1094     1094  (10)     11  : 0.0084 0.9916
1095     1095  (10)     11  : 0.0120 0.9880
1096     1096   (5)     11  : 0.0140 0.9860
1097     1097   (5)     11  : 0.0070 0.9930
1098     1098   (5)     11  : 0.0080 0.9920
1099     1099   (5)     11  : 0.0080 0.9920
1100     1100   (5)     11  : 0.0158 0.9842
1101     1101   (5)     11  : 0.0090 0.9910
1102     1102  (15)     11  : 0.0260 0.9740
1103     1103   (5)     11  : 0.0390 0.9610
1104     1104   (5)     11  : 0.0060 0.9940
1105     1105  (15)     11  : 0.0110 0.9890
1106     1106   (5)     11  : 0.0540 0.9460
1107     1107   (5)     11  : 0.0550 0.9450
1108     1108   (5)     11  : 0.0100 0.9900
1109     1109   (5)     11  : 0.0070 0.9930
1110     1110  (10)     11  : 0.0140 0.9860
1111     1111   (5)     11  : 0.0100 0.9900
1112     1112   (5)     11  : 0.0110 0.9890
1113     1113  (10)     11  : 0.0090 0.9910
1114     1114  (10)     11  : 0.0100 0.9900
1115     1115  (10)     11  : 0.0580 0.9420
1116     1116  (10)     11  : 0.0320 0.9680
1117     1117   (5)     11  : 0.0080 0.9920
1118     1118  (10)     11  : 0.0180 0.9820
1119     1119   (0)     11  : 0.0060 0.9940
1120     1120   (5)     11  : 0.0080 0.9920
1121     1121   (0)     11  : 0.0060 0.9940
1122     1122   (0)     11  : 0.0060 0.9940
1123     1123   (0)     11  : 0.0100 0.9900
1124     1124   (0)     11  : 0.0180 0.9820
1125     1125   (0)     11  : 0.0080 0.9920
1126     1126   (0)     11  : 0.0380 0.9620
1127     1127   (0)     11  : 0.0110 0.9890
1128     1128  (10)     11  : 0.0100 0.9900
1129     1129  (10)     11  : 0.2574 0.7426
1130     1130   (0)     11  : 0.0200 0.9800
1131     1131   (5)     11  : 0.1132 0.8868
1132     1132   (0)     11  : 0.0148 0.9852
1133     1133   (5)     11  : 0.0344 0.9656
1134     1134   (5)     11  : 0.0080 0.9920
1135     1135   (5)     11  : 0.0110 0.9890
1136     1136  (10)     11  : 0.0060 0.9940
1137     1137   (0)     11  : 0.0080 0.9920
1138     1138   (0)     11  : 0.0080 0.9920
1139     1139   (0)     11  : 0.0780 0.9220
1140     1140   (0)     11  : 0.0080 0.9920
1141     1141   (0)     11  : 0.0134 0.9866
1142     1142   (0)     11  : 0.0080 0.9920
1143     1143   (0)     11  : 0.0070 0.9930
1144     1144   (0)     11  : 0.0120 0.9880
1145     1145   (0)     11  : 0.0080 0.9920
1146     1146   (0)     11  : 0.0100 0.9900
1147     1147   (0)     11  : 0.0120 0.9880
1148     1148   (0)     11  : 0.0550 0.9450
1149     1149   (0)     11  : 0.0270 0.9730
1150     1150   (0)     11  : 0.0160 0.9840
1151     1151   (0)     11  : 0.0100 0.9900
1152     1152   (0)     11  : 0.0390 0.9610
1153     1153   (0)     11  : 0.0070 0.9930
1154     1154   (5)     11  : 0.0110 0.9890
1155     1155   (0)     11  : 0.0110 0.9890
1156     1156   (5)     11  : 0.3032 0.6968
1157     1157   (0)     11  : 0.0090 0.9910
1158     1158   (0)     11  : 0.1380 0.8620
1159     1159   (0)     11  : 0.0140 0.9860
1160     1160   (0)     11  : 0.0130 0.9870
1161     1161   (0)     11  : 0.0080 0.9920
1162     1162   (0)     11  : 0.0080 0.9920
1163     1163   (0)     11  : 0.0160 0.9840
1164     1164   (0)     11  : 0.0060 0.9940
1165     1165   (0)     11  : 0.0110 0.9890
1166     1166   (0)     11  : 0.0070 0.9930
1167     1167   (0)     11  : 0.1964 0.8036
1168     1168   (0)     11  : 0.0070 0.9930
1169     1169   (0)     11  : 0.0160 0.9840
1170     1170   (5)     11  : 0.0090 0.9910
1171     1171   (0)     11  : 0.0160 0.9840
1172     1172   (0)     11  : 0.0120 0.9880
1173     1173   (0)     11  : 0.0170 0.9830
1174     1174  (10)     11  : 0.0080 0.9920
1175     1175   (0)     11  : 0.0080 0.9920
1176     1176   (0)     11  : 0.0080 0.9920
1177     1177   (0)     11  : 0.0130 0.9870
1178     1178  (10)     11  : 0.0140 0.9860
1179     1179   (5)     11  : 0.0070 0.9930
1180     1180   (0)     11  : 0.0090 0.9910
1181     1181   (5)     11  : 0.0090 0.9910
1182     1182   (5)     11  : 0.0060 0.9940
1183     1183  (10)     11  : 0.0120 0.9880
1184     1184   (0)     11  : 0.0070 0.9930
1185     1185   (5)     11  : 0.0170 0.9830
1186     1186  (10)     11  : 0.0090 0.9910
1187     1187   (0)     11  : 0.0240 0.9760
1188     1188   (0)     11  : 0.0344 0.9656
1189     1189   (0)     11  : 0.0090 0.9910
1190     1190   (0)     11  : 0.0130 0.9870
1191     1191   (0)     11  : 0.0070 0.9930
1192     1192   (0)     11  : 0.0160 0.9840
1193     1193   (0)     11  : 0.0070 0.9930
1194     1194   (0)     11  : 0.0080 0.9920
1195     1195   (0)     11  : 0.0080 0.9920
1196     1196   (5)     11  : 0.0178 0.9822
1197     1197   (0)     11  : 0.0060 0.9940
1198     1198   (0)     11  : 0.0090 0.9910
1199     1199   (0)     11  : 0.0080 0.9920
1200     1200   (5)     11  : 0.0190 0.9810
1201     1201   (0)     11  : 0.0090 0.9910
1202     1202   (0)     11  : 0.0260 0.9740
1203     1203   (0)     11  : 0.0080 0.9920
1204     1204   (0)     11  : 0.0080 0.9920
1205     1205   (0)     11  : 0.0090 0.9910
1206     1206   (0)     11  : 0.0130 0.9870
1207     1207   (0)     11  : 0.0230 0.9770
1208     1208   (0)     11  : 0.0080 0.9920
1209     1209   (0)     11  : 0.0080 0.9920
1210     1210   (0)     11  : 0.0170 0.9830
1211     1211   (0)     11  : 0.0090 0.9910
1212     1212   (0)     11  : 0.0060 0.9940
1213     1213   (0)     11  : 0.0100 0.9900
1214     1214   (0)     11  : 0.0070 0.9930
1215     1215   (0)     11  : 0.0060 0.9940
1216     1216   (0)     11  : 0.0070 0.9930
1217     1217   (0)     11  : 0.0070 0.9930
1218     1218   (0)     11  : 0.0150 0.9850
1219     1219   (0)     11  : 0.0130 0.9870
1220     1220   (0)     11  : 0.0080 0.9920
1221     1221  (10)     11  : 0.0180 0.9820
1222     1222   (5)     11  : 0.0090 0.9910
1223     1223  (10)     11  : 0.0100 0.9900
1224     1224   (5)     11  : 0.0998 0.9002
1225     1225  (10)     11  : 0.0080 0.9920
1226     1226  (10)     11  : 0.0090 0.9910
1227     1227   (0)     11  : 0.0160 0.9840
1228     1228   (5)     11  : 0.0220 0.9780
1229     1229   (5)     11  : 0.0270 0.9730
1230     1230  (10)     11  : 0.0118 0.9882
1231     1231   (0)     11  : 0.0080 0.9920
1232     1232   (0)     11  : 0.0128 0.9872
1233     1233   (0)     11  : 0.0090 0.9910
1234     1234   (0)     11  : 0.0150 0.9850
1235     1235   (0)     11  : 0.0230 0.9770
1236     1236   (0)     11  : 0.0942 0.9058
1237     1237   (0)     11  : 0.0912 0.9088
1238     1238   (0)     11  : 0.0080 0.9920
1239     1239   (0)     11  : 0.0070 0.9930
1240     1240   (5)     11  : 0.0780 0.9220
1241     1241   (0)     11  : 0.1084 0.8916
1242     1242   (0)     11  : 0.0070 0.9930
1243     1243  (10)     11  : 0.0260 0.9740
1244     1244   (5)     11  : 0.0130 0.9870
1245     1245   (0)     11  : 0.0060 0.9940
1246     1246   (5)     11  : 0.0474 0.9526
1247     1247   (5)     11  : 0.0110 0.9890
1248     1248   (0)     11  : 0.0080 0.9920
1249     1249   (0)     11  : 0.0240 0.9760
1250     1250   (0)     11  : 0.0120 0.9880
1251     1251   (0)     11  : 0.0414 0.9586
1252     1252   (0)     11  : 0.0070 0.9930
1253     1253   (0)     11  : 0.0240 0.9760
1254     1254   (0)     11  : 0.0070 0.9930
1255     1255   (0)     11  : 0.0070 0.9930
1256     1256   (0)     11  : 0.0060 0.9940
1257     1257   (0)     11  : 0.0100 0.9900
1258     1258   (0)     11  : 0.0250 0.9750
1259     1259   (0)     11  : 0.0080 0.9920
1260     1260   (0)     11  : 0.0090 0.9910
1261     1261   (0)     11  : 0.0100 0.9900
1262     1262   (0)     11  : 0.0100 0.9900
1263     1263   (0)     11  : 0.0160 0.9840
1264     1264   (0)     11  : 0.0100 0.9900
1265     1265   (0)     11  : 0.0080 0.9920
1266     1266   (0)     11  : 0.0080 0.9920
1267     1267   (0)     11  : 0.0070 0.9930
1268     1268   (0)     11  : 0.0060 0.9940
1269     1269   (0)     11  : 0.0070 0.9930
1270     1270   (0)     11  : 0.0070 0.9930
1271     1271   (0)     11  : 0.0150 0.9850
1272     1272   (0)     11  : 0.0400 0.9600
1273     1273   (0)     11  : 0.0070 0.9930
1274     1274   (0)     11  : 0.0550 0.9450
1275     1275   (0)     11  : 0.0070 0.9930
1276     1276   (0)     11  : 0.0080 0.9920
1277     1277   (0)     11  : 0.0080 0.9920
1278     1278   (0)     11  : 0.0130 0.9870
1279     1279   (0)     11  : 0.0200 0.9800
1280     1280   (0)     11  : 0.0070 0.9930
1281     1281   (0)     11  : 0.0150 0.9850
1282     1282   (0)     11  : 0.0090 0.9910
1283     1283   (0)     11  : 0.0246 0.9754
1284     1284   (0)     11  : 0.0080 0.9920
1285     1285   (0)     11  : 0.0070 0.9930
1286     1286   (0)     11  : 0.0110 0.9890
1287     1287   (0)     11  : 0.0100 0.9900
1288     1288   (0)     11  : 0.0080 0.9920
1289     1289   (0)     11  : 0.0070 0.9930
1290     1290   (0)     11  : 0.0070 0.9930
1291     1291   (0)     12  : 0.0140 0.9860
1292     1292   (0)     12  : 0.0070 0.9930
1293     1293   (0)     12  : 0.0160 0.9840
1294     1294   (0)     12  : 0.0070 0.9930
1295     1295   (0)     12  : 0.0370 0.9630
1296     1296   (0)     12  : 0.0110 0.9890
1297     1297   (0)     12  : 0.0080 0.9920
1298     1298   (0)     12  : 0.0470 0.9530
1299     1299   (0)     12  : 0.0220 0.9780
1300     1300   (0)     12  : 0.0090 0.9910
1301     1301   (0)     12  : 0.0330 0.9670
1302     1302   (0)     12  : 0.0090 0.9910
1303     1303   (0)     12  : 0.0090 0.9910
1304     1304   (0)     12  : 0.0080 0.9920
1305     1305   (0)     12  : 0.0170 0.9830
1306     1306   (0)     12  : 0.0080 0.9920
1307     1307   (0)     12  : 0.0080 0.9920
1308     1308   (0)     12  : 0.0130 0.9870
1309     1309   (0)     12  : 0.0230 0.9770
1310     1310   (0)     12  : 0.0140 0.9860
1311     1311   (0)     12  : 0.0540 0.9460
1312     1312   (0)     12  : 0.0070 0.9930
1313     1313   (0)     12  : 0.0090 0.9910
1314     1314   (0)     12  : 0.0060 0.9940
1315     1315   (0)     12  : 0.0080 0.9920
1316     1316   (0)     12  : 0.0200 0.9800
1317     1317   (0)     12  : 0.0110 0.9890
1318     1318   (0)     12  : 0.0134 0.9866
1319     1319   (0)     12  : 0.0070 0.9930
1320     1320   (0)     12  : 0.0060 0.9940
1321     1321   (0)     12  : 0.0218 0.9782
1322     1322   (0)     12  : 0.0178 0.9822
1323     1323   (0)     12  : 0.0110 0.9890
1324     1324   (0)     12  : 0.0090 0.9910
1325     1325   (0)     12  : 0.0140 0.9860
1326     1326   (0)     12  : 0.0282 0.9718
1327     1327   (0)     12  : 0.0090 0.9910
1328     1328   (0)     12  : 0.0110 0.9890
1329     1329   (0)     12  : 0.0298 0.9702
1330     1330   (0)     12  : 0.0270 0.9730
1331     1331   (0)     12  : 0.0124 0.9876
1332     1332   (0)     12  : 0.0090 0.9910
1333     1333   (0)     12  : 0.0080 0.9920
1334     1334   (0)     12  : 0.0210 0.9790
1335     1335   (0)     12  : 0.0090 0.9910
1336     1336   (0)     12  : 0.0070 0.9930
1337     1337   (0)     12  : 0.0130 0.9870
1338     1338   (0)     12  : 0.0090 0.9910
1339     1339   (0)     12  : 0.0100 0.9900
1340     1340   (0)     12  : 0.0100 0.9900
1341     1341   (0)     12  : 0.0120 0.9880
1342     1342   (0)     12  : 0.0110 0.9890
1343     1343   (0)     12  : 0.0130 0.9870
1344     1344   (0)     12  : 0.0140 0.9860
1345     1345   (0)     12  : 0.0500 0.9500
1346     1346   (0)     12  : 0.0350 0.9650
1347     1347   (0)     12  : 0.0110 0.9890
1348     1348   (0)     12  : 0.0080 0.9920
1349     1349   (0)     12  : 0.0100 0.9900
1350     1350   (0)     12  : 0.0110 0.9890
1351     1351   (0)     12  : 0.0100 0.9900
1352     1352   (0)     12  : 0.0162 0.9838
1353     1353   (0)     12  : 0.0070 0.9930
1354     1354   (0)     12  : 0.0170 0.9830
1355     1355   (0)     12  : 0.0120 0.9880
1356     1356   (0)     12  : 0.0060 0.9940
1357     1357   (0)     12  : 0.0090 0.9910
1358     1358   (0)     12  : 0.0070 0.9930
1359     1359   (0)     12  : 0.0130 0.9870
1360     1360   (0)     12  : 0.0090 0.9910
1361     1361   (0)     12  : 0.0140 0.9860
1362     1362   (0)     12  : 0.0080 0.9920
1363     1363   (0)     12  : 0.0330 0.9670
1364     1364   (0)     12  : 0.0080 0.9920
1365     1365   (0)     12  : 0.0210 0.9790
1366     1366   (0)     12  : 0.0070 0.9930
1367     1367   (0)     12  : 0.0080 0.9920
1368     1368   (0)     12  : 0.0090 0.9910
1369     1369   (0)     12  : 0.0140 0.9860
1370     1370   (0)     12  : 0.0136 0.9864
1371     1371   (0)     12  : 0.0190 0.9810
1372     1372   (0)     12  : 0.0140 0.9860
1373     1373   (0)     12  : 0.0070 0.9930
1374     1374   (0)     12  : 0.0100 0.9900
1375     1375   (0)     12  : 0.0150 0.9850
1376     1376   (0)     12  : 0.0070 0.9930
1377     1377   (0)     12  : 0.0110 0.9890
1378     1378   (0)     12  : 0.0112 0.9888
1379     1379   (0)     12  : 0.0080 0.9920
1380     1380   (0)     12  : 0.0190 0.9810
1381     1381   (0)     12  : 0.0740 0.9260
1382     1382   (0)     12  : 0.0240 0.9760
1383     1383   (0)     12  : 0.0060 0.9940
1384     1384   (0)     12  : 0.0180 0.9820
1385     1385   (0)     12  : 0.0116 0.9884
1386     1386   (0)     12  : 0.0170 0.9830
1387     1387   (0)     12  : 0.0140 0.9860
1388     1388   (0)     12  : 0.0092 0.9908
1389     1389   (0)     12  : 0.0080 0.9920
1390     1390   (0)     12  : 0.0200 0.9800
1391     1391   (0)     12  : 0.0428 0.9572
1392     1392   (0)     12  : 0.0170 0.9830
1393     1393   (0)     12  : 0.0070 0.9930
1394     1394   (0)     12  : 0.0060 0.9940
1395     1395   (0)     12  : 0.0080 0.9920
1396     1396   (0)     12  : 0.0100 0.9900
1397     1397   (0)     12  : 0.0070 0.9930
1398     1398   (0)     12  : 0.0080 0.9920
1399     1399   (0)     12  : 0.0120 0.9880
1400     1400   (0)     12  : 0.0096 0.9904
1401     1401   (0)     12  : 0.0070 0.9930
1402     1402   (0)     12  : 0.0130 0.9870
1403     1403   (0)     12  : 0.0536 0.9464
1404     1404   (0)     12  : 0.0420 0.9580
1405     1405   (0)     12  : 0.0070 0.9930
1406     1406   (0)     12  : 0.0080 0.9920
1407     1407   (0)     12  : 0.0080 0.9920
1408     1408   (0)     12  : 0.0222 0.9778
1409     1409   (0)     12  : 0.0080 0.9920
1410     1410   (0)     12  : 0.0160 0.9840
1411     1411   (0)     12  : 0.0112 0.9888
1412     1412   (0)     12  : 0.0070 0.9930
1413     1413   (0)     12  : 0.0090 0.9910
1414     1414   (0)     12  : 0.0090 0.9910
1415     1415   (0)     12  : 0.0188 0.9812
1416     1416   (0)     12  : 0.0180 0.9820
1417     1417   (0)     12  : 0.0070 0.9930
1418     1418   (0)     12  : 0.0090 0.9910
1419     1419   (0)     12  : 0.0140 0.9860
1420     1420   (0)     12  : 0.0110 0.9890
1421     1421   (0)     12  : 0.0140 0.9860
1422     1422   (0)     12  : 0.0100 0.9900
1423     1423   (0)     12  : 0.0078 0.9922
1424     1424   (0)     12  : 0.0060 0.9940
1425     1425   (0)     12  : 0.0118 0.9882
1426     1426   (0)     12  : 0.0320 0.9680
1427     1427   (0)     12  : 0.0100 0.9900
1428     1428   (0)     12  : 0.0070 0.9930
1429     1429   (0)     12  : 0.0170 0.9830
1430     1430   (0)     12  : 0.0090 0.9910
1431     1431   (0)     12  : 0.0100 0.9900
1432     1432   (0)     12  : 0.0120 0.9880
1433     1433   (0)     12  : 0.0110 0.9890
1434     1434   (0)     12  : 0.0170 0.9830
1435     1435   (0)     12  : 0.0060 0.9940
1436     1436   (0)     12  : 0.0200 0.9800
1437     1437   (0)     12  : 0.0220 0.9780
1438     1438   (0)     12  : 0.0074 0.9926
1439     1439   (0)     12  : 0.0080 0.9920
1440     1440   (0)     12  : 0.0170 0.9830
1441     1441   (0)     12  : 0.0110 0.9890
1442     1442   (0)     12  : 0.0130 0.9870
1443     1443   (0)     12  : 0.0070 0.9930
1444     1444   (0)     12  : 0.0188 0.9812
1445     1445   (0)     12  : 0.0090 0.9910
1446     1446   (0)     12  : 0.0090 0.9910
1447     1447   (0)     12  : 0.0460 0.9540
1448     1448   (0)     12  : 0.0090 0.9910
1449     1449   (0)     12  : 0.0140 0.9860
1450     1450   (0)     12  : 0.0124 0.9876
1451     1451   (0)     12  : 0.0120 0.9880
1452     1452   (0)     12  : 0.0080 0.9920
1453     1453   (0)     12  : 0.0070 0.9930
1454     1454   (0)     12  : 0.0120 0.9880
1455     1455   (0)     12  : 0.0090 0.9910
1456     1456   (0)     12  : 0.0100 0.9900
1457     1457   (0)     12  : 0.0210 0.9790
1458     1458   (0)     12  : 0.0070 0.9930
1459     1459   (0)     12  : 0.0098 0.9902
1460     1460   (0)     12  : 0.0180 0.9820
1461     1461   (0)     12  : 0.0080 0.9920
1462     1462   (0)     12  : 0.0090 0.9910
1463     1463   (0)     12  : 0.0060 0.9940
1464     1464   (0)     12  : 0.0120 0.9880
1465     1465   (0)     12  : 0.0180 0.9820
1466     1466   (0)     12  : 0.0110 0.9890
1467     1467   (0)     12  : 0.0170 0.9830
1468     1468   (0)     12  : 0.0370 0.9630
1469     1469   (0)     12  : 0.0110 0.9890
1470     1470   (0)     12  : 0.0120 0.9880
1471     1471   (0)     12  : 0.0132 0.9868
1472     1472   (0)     12  : 0.0070 0.9930
1473     1473   (0)     12  : 0.0080 0.9920
1474     1474   (0)     12  : 0.0150 0.9850
1475     1475   (0)     12  : 0.0130 0.9870
1476     1476   (0)     12  : 0.0250 0.9750
1477     1477   (0)     12  : 0.0090 0.9910
1478     1478   (0)     12  : 0.0070 0.9930
1479     1479   (0)     12  : 0.0100 0.9900
1480     1480   (0)     12  : 0.0120 0.9880
1481     1481   (0)     12  : 0.0140 0.9860
1482     1482   (0)     12  : 0.0180 0.9820
1483     1483   (0)     12  : 0.0120 0.9880
1484     1484   (0)     12  : 0.0140 0.9860
1485     1485   (0)     12  : 0.0060 0.9940
1486     1486   (0)     12  : 0.0400 0.9600
1487     1487   (0)     12  : 0.0080 0.9920
1488     1488   (0)     12  : 0.0110 0.9890
1489     1489   (0)     12  : 0.0070 0.9930
1490     1490   (0)     12  : 0.0170 0.9830
1491     1491   (0)     12  : 0.0140 0.9860
1492     1492   (0)     12  : 0.0130 0.9870
1493     1493   (0)     12  : 0.0120 0.9880
1494     1494   (0)     12  : 0.0110 0.9890
1495     1495   (0)     12  : 0.0080 0.9920
1496     1496   (0)     12  : 0.0150 0.9850
1497     1497   (0)     12  : 0.0370 0.9630
1498     1498   (0)     12  : 0.0120 0.9880
1499     1499   (0)     12  : 0.0070 0.9930
1500     1500   (0)     12  : 0.0080 0.9920
1501     1501   (0)     12  : 0.0090 0.9910
1502     1502   (0)     12  : 0.0100 0.9900
1503     1503   (0)     12  : 0.0150 0.9850
1504     1504   (0)     12  : 0.0080 0.9920
1505     1505   (0)     12  : 0.0130 0.9870
1506     1506   (0)     12  : 0.0110 0.9890
1507     1507   (0)     12  : 0.0090 0.9910
1508     1508   (0)     12  : 0.0090 0.9910
1509     1509   (0)     12  : 0.0090 0.9910
1510     1510   (0)     12  : 0.0070 0.9930
1511     1511   (0)     12  : 0.0130 0.9870
1512     1512   (0)     12  : 0.0170 0.9830
1513     1513   (0)     12  : 0.0100 0.9900
1514     1514   (0)     12  : 0.0120 0.9880
1515     1515   (0)     12  : 0.0120 0.9880
1516     1516   (0)     12  : 0.0080 0.9920
1517     1517   (0)     12  : 0.0080 0.9920
1518     1518   (0)     12  : 0.0080 0.9920
1519     1519   (0)     12  : 0.1476 0.8524
1520     1520   (0)     12  : 0.0070 0.9930
1521     1521   (0)     12  : 0.0170 0.9830
1522     1522   (0)     12  : 0.0090 0.9910
1523     1523   (0)     12  : 0.0070 0.9930
1524     1524   (0)     12  : 0.0100 0.9900
1525     1525   (0)     12  : 0.0100 0.9900
1526     1526   (0)     12  : 0.0170 0.9830
1527     1527   (0)     12  : 0.0080 0.9920
1528     1528   (0)     12  : 0.0160 0.9840
1529     1529   (0)     12  : 0.0160 0.9840
1530     1530   (0)     12  : 0.0170 0.9830
1531     1531   (0)     12  : 0.0080 0.9920
1532     1532   (0)     12  : 0.0176 0.9824
1533     1533   (0)     12  : 0.0240 0.9760
1534     1534   (0)     12  : 0.0190 0.9810
1535     1535   (0)     12  : 0.0120 0.9880
1536     1536   (0)     12  : 0.0150 0.9850
1537     1537   (0)     12  : 0.0090 0.9910
1538     1538   (0)     12  : 0.0110 0.9890
1539     1539   (0)     12  : 0.0110 0.9890
1540     1540   (0)     12  : 0.0090 0.9910
1541     1541   (0)     12  : 0.0210 0.9790
1542     1542   (0)     12  : 0.0080 0.9920
1543     1543   (0)     12  : 0.0110 0.9890
1544     1544   (0)     12  : 0.0100 0.9900
1545     1545   (0)     12  : 0.0200 0.9800
1546     1546   (0)     12  : 0.0380 0.9620
1547     1547   (0)     12  : 0.0070 0.9930
1548     1548   (0)     12  : 0.0120 0.9880
1549     1549   (0)     12  : 0.0240 0.9760
1550     1550   (0)     12  : 0.0060 0.9940
