  1        1   (5)      1 :  0.0362 0.9638 
  2        2   (5)      1 :  0.0874 0.9126 
  3        3   (5)      1 :  0.0230 0.9770 
  4        4   (0)      1 :  0.0170 0.9830 
  5        5   (0)      1 :  0.0680 0.9320 
  6        6   (0)      1 :  0.0290 0.9710 
  7        7   (0)      1 :  0.1150 0.8850 
  8        8   (5)      1 :  0.0180 0.9820 
  9        9   (0)      1 :  0.0190 0.9810 
 10       10   (0)      1 :  0.1102 0.8898 
 11       11   (0)      1 :  0.0360 0.9640 
 12       12   (0)      1 :  0.0340 0.9660 
 13       13   (0)      1 :  0.0218 0.9782 
 14       14   (0)      1 :  0.0310 0.9690 
 15       15   (0)      1 :  0.0540 0.9460 
 16       16   (0)      1 :  0.0170 0.9830 
 17       17   (0)      1 :  0.0190 0.9810 
 18       18   (0)      1 :  0.0430 0.9570 
 19       19   (0)      1 :  0.0200 0.9800 
 20       20   (0)      1 :  0.0690 0.9310 
 21       21   (0)      1 :  0.0180 0.9820 
 22       22   (0)      1 :  0.0160 0.9840 
 23       23   (0)      1 :  0.0170 0.9830 
 24       24   (0)      1 :  0.0230 0.9770 
 25       25   (0)      1 :  0.0510 0.9490 
 26       26   (0)      1 :  0.0190 0.9810 
 27       27   (5)      1 :  0.0470 0.9530 
 28       28   (0)      1 :  0.0240 0.9760 
 29       29   (0)      1 :  0.0198 0.9802 
 30       30   (0)      1 :  0.0522 0.9478 
 31       31   (0)      1 :  0.0194 0.9806 
 32       32   (0)      1 :  0.0350 0.9650 
 33       33   (0)      1 :  0.0150 0.9850 
 34       34   (0)      1 :  0.0160 0.9840 
 35       35   (0)      1 :  0.0390 0.9610 
 36       36   (0)      1 :  0.0180 0.9820 
 37       37   (0)      1 :  0.0390 0.9610 
 38       38   (0)      1 :  0.0320 0.9680 
 39       39   (0)      1 :  0.0680 0.9320 
 40       40   (0)      1 :  0.0260 0.9740 
 41       41   (0)      1 :  0.0240 0.9760 
 42       42   (0)      1 :  0.0150 0.9850 
 43       43   (0)      1 :  0.0240 0.9760 
 44       44   (0)      1 :  0.0180 0.9820 
 45       45   (5)      1 :  0.0630 0.9370 
 46       46   (0)      1 :  0.0160 0.9840 
 47       47   (0)      1 :  0.0310 0.9690 
 48       48   (0)      1 :  0.0300 0.9700 
 49       49   (0)      1 :  0.0470 0.9530 
 50       50   (0)      1 :  0.0240 0.9760 
 51       51   (0)      1 :  0.0330 0.9670 
 52       52   (0)      1 :  0.0860 0.9140 
 53       53   (0)      1 :  0.0400 0.9600 
 54       54   (0)      1 :  0.0310 0.9690 
 55       55   (0)      1 :  0.0300 0.9700 
 56       56   (0)      1 :  0.0210 0.9790 
 57       57  (10)      1 :  0.0220 0.9780 
 58       58   (5)      1 :  0.0400 0.9600 
 59       59   (0)      1 :  0.0300 0.9700 
 60       60   (0)      1 :  0.0312 0.9688 
 61       61   (0)      1 :  0.0280 0.9720 
 62       62   (0)      1 :  0.0750 0.9250 
 63       63   (0)      1 :  0.0430 0.9570 
 64       64   (0)      1 :  0.0290 0.9710 
 65       65   (0)      1 :  0.0540 0.9460 
 66       66   (0)      1 :  0.0210 0.9790 
 67       67   (5)      1 :  0.0268 0.9732 
 68       68   (0)      1 :  0.0530 0.9470 
 69       69   (0)      1 :  0.0320 0.9680 
 70       70   (0)      1 :  0.0310 0.9690 
 71       71   (5)      1 :  0.0380 0.9620 
 72       72   (0)      1 :  0.0402 0.9598 
 73       73   (5)      1 :  0.0270 0.9730 
 74       74  (10)      1 :  0.0370 0.9630 
 75       75  (10)      1 :  0.0250 0.9750 
 76       76   (0)      1 :  0.0186 0.9814 
 77       77  (10)      1 :  0.0310 0.9690 
 78       78   (0)      1 :  0.0390 0.9610 
 79       79   (5)      1 :  0.0310 0.9690 
 80       80   (0)      1 :  0.0200 0.9800 
 81       81   (0)      1 :  0.0220 0.9780 
 82       82   (0)      1 :  0.0202 0.9798 
 83       83   (0)      1 :  0.0340 0.9660 
 84       84   (0)      1 :  0.0462 0.9538 
 85       85   (0)      1 :  0.0180 0.9820 
 86       86   (5)      1 :  0.0240 0.9760 
 87       87   (0)      1 :  0.0190 0.9810 
 88       88   (0)      1 :  0.0986 0.9014 
 89       89   (0)      1 :  0.0220 0.9780 
 90       90   (0)      1 :  0.0520 0.9480 
 91       91   (0)      1 :  0.0350 0.9650 
 92       92   (0)      1 :  0.0490 0.9510 
 93       93   (0)      1 :  0.0200 0.9800 
 94       94   (5)      1 :  0.0270 0.9730 
 95       95   (0)      1 :  0.0290 0.9710 
 96       96   (5)      1 :  0.0230 0.9770 
 97       97   (0)      1 :  0.0582 0.9418 
 98       98   (0)      1 :  0.0320 0.9680 
 99       99   (5)      1 :  0.0310 0.9690 
100      100   (5)      1 :  0.0172 0.9828 
101      101   (0)      2 :  0.1698 0.8302 
102      102   (0)      2 :  0.0760 0.9240 
103      103   (0)      2 :  0.0600 0.9400 
104      104   (0)      2 :  0.0220 0.9780 
105      105   (0)      2 :  0.0150 0.9850 
106      106   (0)      2 :  0.1446 0.8554 
107      107   (0)      2 :  0.0850 0.9150 
108      108   (0)      2 :  0.0388 0.9612 
109      109   (0)      2 :  0.0210 0.9790 
110      110   (0)      2 :  0.0200 0.9800 
111      111   (0)      2 :  0.1158 0.8842 
112      112   (0)      2 :  0.0782 0.9218 
113      113   (0)      2 :  0.0330 0.9670 
114      114   (0)      2 :  0.0200 0.9800 
115      115   (0)      2 :  0.0962 0.9038 
116      116   (0)      2 :  0.0770 0.9230 
117      117   (0)      2 :  0.0790 0.9210 
118      118   (0)      2 :  0.0700 0.9300 
119      119   (0)      2 :  0.0460 0.9540 
120      120   (0)      2 :  0.1036 0.8964 
121      121   (0)      2 :  0.0360 0.9640 
122      122   (0)      2 :  0.0750 0.9250 
123      123   (0)      2 :  0.0210 0.9790 
124      124   (0)      2 :  0.0540 0.9460 
125      125   (0)      2 :  0.0190 0.9810 
126      126   (0)      2 :  0.0976 0.9024 
127      127   (0)      2 :  0.0200 0.9800 
128      128   (0)      2 :  0.0350 0.9650 
129      129   (0)      2 :  0.0500 0.9500 
130      130   (0)      2 :  0.0540 0.9460 
131      131   (0)      2 :  0.0500 0.9500 
132      132   (0)      2 :  0.0200 0.9800 
133      133   (0)      2 :  0.0302 0.9698 
134      134   (0)      2 :  0.2094 0.7906 
135      135   (0)      2 :  0.1154 0.8846 
136      136   (0)      2 :  0.0140 0.9860 
137      137   (0)      2 :  0.0268 0.9732 
138      138   (0)      2 :  0.1154 0.8846 
139      139   (0)      2 :  0.0900 0.9100 
140      140   (0)      2 :  0.0170 0.9830 
141      141   (0)      2 :  0.1456 0.8544 
142      142   (0)      2 :  0.0250 0.9750 
143      143   (0)      2 :  0.2640 0.7360 
144      144   (0)      2 :  0.1048 0.8952 
145      145   (0)      2 :  0.0250 0.9750 
146      146   (0)      2 :  0.1370 0.8630 
147      147   (0)      2 :  0.0400 0.9600 
148      148   (0)      2 :  0.0750 0.9250 
149      149   (0)      2 :  0.0440 0.9560 
150      150   (0)      2 :  0.1126 0.8874 
151      151   (0)      2 :  0.0160 0.9840 
152      152   (0)      2 :  0.0350 0.9650 
153      153   (0)      2 :  0.0380 0.9620 
154      154   (0)      2 :  0.1070 0.8930 
155      155   (0)      2 :  0.1060 0.8940 
156      156   (0)      2 :  0.0472 0.9528 
157      157   (0)      2 :  0.1880 0.8120 
158      158   (0)      2 :  0.0370 0.9630 
159      159   (0)      2 :  0.0784 0.9216 
160      160   (0)      2 :  0.0440 0.9560 
161      161   (0)      2 :  0.0250 0.9750 
162      162   (0)      2 :  0.2680 0.7320 
163      163   (0)      2 :  0.0470 0.9530 
164      164   (0)      2 :  0.0870 0.9130 
165      165   (0)      2 :  0.0310 0.9690 
166      166   (0)      2 :  0.0170 0.9830 
167      167   (0)      2 :  0.2134 0.7866 
168      168   (0)      2 :  0.0190 0.9810 
169      169   (0)      2 :  0.0430 0.9570 
170      170   (0)      2 :  0.0570 0.9430 
171      171   (0)      2 :  0.0982 0.9018 
172      172   (0)      2 :  0.1180 0.8820 
173      173   (0)      2 :  0.0492 0.9508 
174      174   (0)      2 :  0.1356 0.8644 
175      175   (0)      2 :  0.0642 0.9358 
176      176   (0)      2 :  0.0570 0.9430 
177      177   (0)      2 :  0.1250 0.8750 
178      178   (0)      2 :  0.0310 0.9690 
179      179   (0)      2 :  0.1092 0.8908 
180      180   (0)      2 :  0.0280 0.9720 
181      181   (0)      2 :  0.0590 0.9410 
182      182   (0)      2 :  0.0988 0.9012 
183      183   (0)      2 :  0.0280 0.9720 
184      184   (0)      2 :  0.0700 0.9300 
185      185   (0)      2 :  0.0180 0.9820 
186      186   (0)      2 :  0.2160 0.7840 
187      187   (0)      2 :  0.0370 0.9630 
188      188   (0)      2 :  0.0694 0.9306 
189      189   (0)      2 :  0.0490 0.9510 
190      190   (0)      2 :  0.0560 0.9440 
191      191   (0)      2 :  0.0610 0.9390 
192      192   (0)      2 :  0.0600 0.9400 
193      193   (0)      2 :  0.0580 0.9420 
194      194   (0)      2 :  0.0338 0.9662 
195      195   (0)      2 :  0.1020 0.8980 
196      196   (0)      2 :  0.0240 0.9760 
197      197   (0)      2 :  0.0612 0.9388 
198      198   (0)      2 :  0.1160 0.8840 
199      199   (0)      2 :  0.1712 0.8288 
200      200   (0)      2 :  0.0480 0.9520 
201      201   (0)      3 :  0.1946 0.8054 
202      202   (0)      3 :  0.2770 0.7230 
203      203   (0)      3 :  0.0546 0.9454 
204      204   (0)      3 :  0.0970 0.9030 
205      205   (0)      3 :  0.4150 0.5850 
206      206   (0)      3 :  0.1298 0.8702 
207      207   (0)      3 :  0.0698 0.9302 
208      208   (0)      3 :  0.4786 0.5214 
209      209   (0)      3 :  0.6806 0.3194 
210      210   (0)      3 :  0.1476 0.8524 
211      211   (0)      3 :  0.5890 0.4110 
212      212   (0)      3 :  0.0430 0.9570 
213      213   (0)      3 :  0.0290 0.9710 
214      214   (0)      3 :  0.3028 0.6972 
215      215   (0)      3 :  0.3542 0.6458 
216      216   (0)      3 :  0.1870 0.8130 
217      217   (0)      3 :  0.3672 0.6328 
218      218   (0)      3 :  0.1938 0.8062 
219      219   (0)      3 :  0.0760 0.9240 
220      220   (0)      3 :  0.3200 0.6800 
221      221   (0)      3 :  0.1990 0.8010 
222      222   (0)      3 :  0.0460 0.9540 
223      223   (0)      3 :  0.2680 0.7320 
224      224   (0)      3 :  0.0970 0.9030 
225      225   (0)      3 :  0.0462 0.9538 
226      226   (0)      3 :  0.3720 0.6280 
227      227   (0)      3 :  0.1706 0.8294 
228      228   (0)      3 :  0.0484 0.9516 
229      229   (0)      3 :  0.1712 0.8288 
230      230   (0)      3 :  0.0670 0.9330 
231      231   (0)      3 :  0.3226 0.6774 
232      232   (0)      3 :  0.3194 0.6806 
233      233   (0)      3 :  0.1604 0.8396 
234      234   (0)      3 :  0.1226 0.8774 
235      235   (0)      3 :  0.0380 0.9620 
236      236   (0)      3 :  0.1424 0.8576 
237      237   (0)      3 :  0.2158 0.7842 
238      238   (0)      3 :  0.1092 0.8908 
239      239   (0)      3 :  0.0390 0.9610 
240      240   (0)      3 :  0.0948 0.9052 
241      241   (0)      3 :  0.0624 0.9376 
242      242   (0)      3 :  0.3350 0.6650 
243      243   (0)      3 :  0.3380 0.6620 
244      244   (0)      3 :  0.0362 0.9638 
245      245   (0)      3 :  0.1958 0.8042 
246      246   (0)      3 :  0.0640 0.9360 
247      247   (0)      3 :  0.1748 0.8252 
248      248   (0)      3 :  0.1046 0.8954 
249      249   (0)      3 :  0.2884 0.7116 
250      250   (0)      3 :  0.2930 0.7070 
251      251   (0)      3 :  0.1254 0.8746 
252      252   (0)      3 :  0.1300 0.8700 
253      253   (0)      3 :  0.1710 0.8290 
254      254   (0)      3 :  0.0580 0.9420 
255      255   (0)      3 :  0.2058 0.7942 
256      256   (0)      3 :  0.1130 0.8870 
257      257   (0)      3 :  0.3370 0.6630 
258      258   (0)      3 :  0.1400 0.8600 
259      259   (0)      3 :  0.1540 0.8460 
260      260   (0)      3 :  0.2422 0.7578 
261      261   (0)      3 :  0.0508 0.9492 
262      262   (0)      3 :  0.3430 0.6570 
263      263   (0)      3 :  0.1560 0.8440 
264      264   (0)      3 :  0.1598 0.8402 
265      265   (0)      3 :  0.3492 0.6508 
266      266   (0)      3 :  0.2148 0.7852 
267      267   (0)      3 :  0.0802 0.9198 
268      268   (0)      3 :  0.4950 0.5050 
269      269   (0)      3 :  0.0580 0.9420 
270      270   (0)      3 :  0.1796 0.8204 
271      271   (0)      3 :  0.3414 0.6586 
272      272   (0)      3 :  0.1464 0.8536 
273      273   (0)      3 :  0.3700 0.6300 
274      274   (0)      3 :  0.0564 0.9436 
275      275   (0)      3 :  0.0824 0.9176 
276      276   (0)      3 :  0.2082 0.7918 
277      277   (0)      3 :  0.0840 0.9160 
278      278   (0)      3 :  0.2272 0.7728 
279      279   (0)      3 :  0.0602 0.9398 
280      280   (0)      3 :  0.2160 0.7840 
281      281   (0)      3 :  0.1896 0.8104 
282      282   (0)      3 :  0.1844 0.8156 
283      283   (0)      3 :  0.1610 0.8390 
284      284   (0)      3 :  0.0940 0.9060 
285      285   (0)      3 :  0.2654 0.7346 
286      286   (0)      3 :  0.1670 0.8330 
287      287   (0)      3 :  0.0950 0.9050 
288      288   (0)      3 :  0.1100 0.8900 
289      289   (0)      3 :  0.2714 0.7286 
290      290   (0)      3 :  0.4038 0.5962 
291      291   (0)      3 :  0.4946 0.5054 
292      292   (0)      3 :  0.2880 0.7120 
293      293   (0)      3 :  0.3798 0.6202 
294      294   (0)      3 :  0.1020 0.8980 
295      295   (0)      3 :  0.0990 0.9010 
296      296   (0)      3 :  0.2180 0.7820 
297      297   (0)      3 :  0.0714 0.9286 
298      298   (0)      3 :  0.1576 0.8424 
299      299   (0)      3 :  0.2052 0.7948 
300      300   (0)      3 :  0.2254 0.7746 
301      301   (5)      4 :  0.3280 0.6720 
302      302   (0)      4 :  0.6574 0.3426 
303      303   (0)      4 :  0.5368 0.4632 
304      304   (5)      4 :  0.5748 0.4252 
305      305   (5)      4 :  0.6358 0.3642 
306      306   (0)      4 :  0.7092 0.2908 
307      307   (0)      5 :  0.3192 0.6808 
308      308   (0)      5 :  0.4694 0.5306 
309      309   (0)      5 :  0.4330 0.5670 
310      310   (0)      5 :  0.2402 0.7598 
311      311   (0)      5 :  0.5046 0.4954 
312      312   (0)      5 :  0.6310 0.3690 
313      313   (0)      5 :  0.5800 0.4200 
314      314   (0)      5 :  0.3922 0.6078 
315      315   (0)      5 :  0.3950 0.6050 
316      316   (0)      5 :  0.4650 0.5350 
317      317   (0)      5 :  0.5372 0.4628 
318      318   (0)      5 :  0.2260 0.7740 
319      319   (0)      5 :  0.3814 0.6186 
320      320   (0)      5 :  0.5086 0.4914 
321      321   (0)      5 :  0.3998 0.6002 
322      322   (0)      5 :  0.3580 0.6420 
323      323   (0)      5 :  0.3318 0.6682 
324      324   (0)      5 :  0.5104 0.4896 
325      325   (0)      5 :  0.3900 0.6100 
326      326   (0)      5 :  0.6280 0.3720 
327      327   (0)      5 :  0.4392 0.5608 
328      328   (0)      5 :  0.4780 0.5220 
329      329   (0)      5 :  0.4598 0.5402 
330      330   (0)      5 :  0.5900 0.4100 
331      331   (0)      5 :  0.4880 0.5120 
332      332   (0)      5 :  0.5758 0.4242 
333      333   (0)      5 :  0.6886 0.3114 
334      334   (0)      5 :  0.6744 0.3256 
335      335   (0)      5 :  0.4596 0.5404 
336      336   (0)      5 :  0.6050 0.3950 
337      337   (0)      5 :  0.4878 0.5122 
338      338   (0)      5 :  0.3426 0.6574 
339      339   (0)      5 :  0.5600 0.4400 
340      340   (0)      5 :  0.5150 0.4850 
341      341   (0)      5 :  0.2274 0.7726 
342      342   (0)      5 :  0.4040 0.5960 
343      343   (0)      5 :  0.2564 0.7436 
344      344   (0)      5 :  0.5030 0.4970 
345      345   (0)      5 :  0.3970 0.6030 
346      346   (0)      5 :  0.6718 0.3282 
347      347   (0)      5 :  0.4300 0.5700 
348      348   (0)      5 :  0.3688 0.6312 
349      349   (0)      5 :  0.6550 0.3450 
350      350   (0)      5 :  0.3560 0.6440 
351      351   (0)      5 :  0.5440 0.4560 
352      352   (0)      5 :  0.5060 0.4940 
353      353   (0)      5 :  0.2630 0.7370 
354      354   (0)      5 :  0.3540 0.6460 
355      355   (0)      5 :  0.5712 0.4288 
356      356   (0)      5 :  0.4272 0.5728 
357      357   (0)      5 :  0.5866 0.4134 
358      358   (0)      5 :  0.4450 0.5550 
359      359   (0)      5 :  0.5050 0.4950 
360      360   (0)      5 :  0.5050 0.4950 
361      361   (0)      5 :  0.5520 0.4480 
362      362   (0)      5 :  0.4600 0.5400 
363      363   (0)      5 :  0.4556 0.5444 
364      364   (0)      5 :  0.6636 0.3364 
365      365   (0)      5 :  0.5790 0.4210 
366      366   (0)      5 :  0.5188 0.4812 
367      367   (0)      5 :  0.3616 0.6384 
368      368   (0)      5 :  0.4724 0.5276 
369      369   (0)      5 :  0.4710 0.5290 
370      370   (0)      5 :  0.4780 0.5220 
371      371   (0)      5 :  0.0710 0.9290 
372      372   (0)      5 :  0.4528 0.5472 
373      373   (0)      5 :  0.5382 0.4618 
374      374   (0)      5 :  0.2838 0.7162 
375      375   (0)      5 :  0.3780 0.6220 
376      376   (0)      5 :  0.3640 0.6360 
377      377   (0)      5 :  0.4658 0.5342 
378      378   (0)      5 :  0.4098 0.5902 
379      379   (0)      5 :  0.6040 0.3960 
380      380   (0)      5 :  0.4400 0.5600 
381      381   (0)      5 :  0.1664 0.8336 
382      382   (0)      5 :  0.6014 0.3986 
383      383   (0)      5 :  0.3354 0.6646 
384      384   (0)      5 :  0.4378 0.5622 
385      385   (0)      5 :  0.5698 0.4302 
386      386   (0)      5 :  0.4930 0.5070 
387      387   (0)      5 :  0.5518 0.4482 
388      388   (0)      5 :  0.5330 0.4670 
389      389   (0)      5 :  0.5722 0.4278 
390      390   (0)      5 :  0.1396 0.8604 
391      391   (0)      5 :  0.4170 0.5830 
392      392   (0)      5 :  0.7668 0.2332 
393      393   (0)      5 :  0.2452 0.7548 
394      394   (0)      5 :  0.4238 0.5762 
395      395   (0)      5 :  0.4930 0.5070 
396      396   (0)      5 :  0.5330 0.4670 
397      397   (0)      5 :  0.5060 0.4940 
398      398   (0)      5 :  0.4640 0.5360 
399      399   (0)      5 :  0.6262 0.3738 
400      400   (0)      5 :  0.3126 0.6874 
401      401   (0)      5 :  0.5326 0.4674 
402      402   (0)      5 :  0.4740 0.5260 
403      403   (0)      5 :  0.5880 0.4120 
404      404   (0)      5 :  0.4810 0.5190 
405      405   (0)      5 :  0.4600 0.5400 
406      406   (0)      5 :  0.5148 0.4852 
407      407   (0)      6 :  0.9398 0.0602 
408      408   (0)      6 :  0.9014 0.0986 
409      409   (0)      7 :  0.7030 0.2970 
410      410   (0)      7 :  0.6028 0.3972 
411      411   (0)      7 :  0.6620 0.3380 
412      412   (0)      7 :  0.7820 0.2180 
413      413   (0)      7 :  0.9520 0.0480 
414      414   (0)      7 :  0.5838 0.4162 
415      415   (0)      7 :  0.7210 0.2790 
416      416   (0)      7 :  0.8456 0.1544 
417      417   (0)      7 :  0.8770 0.1230 
418      418   (0)      7 :  0.5732 0.4268 
419      419   (0)      7 :  0.8792 0.1208 
420      420   (0)      7 :  0.8736 0.1264 
421      421   (0)      7 :  0.9208 0.0792 
422      422   (0)      7 :  0.7710 0.2290 
423      423   (0)      7 :  0.6508 0.3492 
424      424   (0)      7 :  0.6800 0.3200 
425      425   (0)      7 :  0.8054 0.1946 
426      426   (0)      7 :  0.7020 0.2980 
427      427   (0)      7 :  0.6220 0.3780 
428      428   (0)      7 :  0.6900 0.3100 
429      429   (0)      7 :  0.7980 0.2020 
430      430   (0)      7 :  0.6996 0.3004 
431      431   (0)      7 :  0.7754 0.2246 
432      432   (0)      7 :  0.8370 0.1630 
433      433   (0)      7 :  0.5920 0.4080 
434      434   (0)      7 :  0.9490 0.0510 
435      435   (0)      7 :  0.7752 0.2248 
436      436   (0)      7 :  0.6336 0.3664 
437      437   (0)      7 :  0.7300 0.2700 
438      438   (0)      7 :  0.7024 0.2976 
439      439   (0)      7 :  0.9400 0.0600 
440      440   (0)      7 :  0.8780 0.1220 
441      441   (0)      7 :  0.7300 0.2700 
442      442   (0)      7 :  0.9210 0.0790 
443      443   (0)      7 :  0.6628 0.3372 
444      444   (0)      7 :  0.6876 0.3124 
445      445   (0)      7 :  0.7728 0.2272 
446      446   (0)      7 :  0.5586 0.4414 
447      447   (0)      7 :  0.5880 0.4120 
448      448   (0)      7 :  0.9360 0.0640 
449      449   (0)      7 :  0.6874 0.3126 
450      450   (0)      7 :  0.8628 0.1372 
451      451   (0)      7 :  0.9726 0.0274 
452      452   (0)      7 :  0.7924 0.2076 
453      453   (0)      7 :  0.6932 0.3068 
454      454   (0)      7 :  0.8800 0.1200 
455      455   (0)      7 :  0.7740 0.2260 
456      456   (0)      7 :  0.7518 0.2482 
457      457   (0)      7 :  0.8530 0.1470 
458      458   (0)      7 :  0.8050 0.1950 
459      459   (0)      7 :  0.7722 0.2278 
460      460   (0)      7 :  0.4780 0.5220 
461      461   (0)      7 :  0.7550 0.2450 
462      462   (0)      7 :  0.7766 0.2234 
463      463   (0)      7 :  0.8608 0.1392 
464      464   (0)      7 :  0.6692 0.3308 
465      465   (0)      7 :  0.7280 0.2720 
466      466   (0)      7 :  0.9048 0.0952 
467      467   (0)      7 :  0.8012 0.1988 
468      468   (0)      7 :  0.8272 0.1728 
469      469   (0)      7 :  0.9100 0.0900 
470      470   (0)      7 :  0.8014 0.1986 
471      471   (0)      7 :  0.8546 0.1454 
472      472   (0)      7 :  0.6020 0.3980 
473      473   (0)      7 :  0.6732 0.3268 
474      474   (0)      7 :  0.6924 0.3076 
475      475   (0)      7 :  0.7970 0.2030 
476      476   (0)      7 :  0.9040 0.0960 
477      477   (0)      7 :  0.5760 0.4240 
478      478   (0)      7 :  0.6690 0.3310 
479      479   (0)      7 :  0.8756 0.1244 
480      480   (0)      7 :  0.7824 0.2176 
481      481   (0)      7 :  0.7782 0.2218 
482      482   (0)      7 :  0.7960 0.2040 
483      483   (0)      7 :  0.8540 0.1460 
484      484   (0)      7 :  0.8690 0.1310 
485      485   (0)      7 :  0.6048 0.3952 
486      486   (0)      7 :  0.8500 0.1500 
487      487   (0)      7 :  0.5332 0.4668 
488      488   (0)      7 :  0.7570 0.2430 
489      489   (0)      7 :  0.9454 0.0546 
490      490   (0)      7 :  0.5996 0.4004 
491      491   (0)      7 :  0.8800 0.1200 
492      492   (0)      7 :  0.7140 0.2860 
493      493   (0)      7 :  0.8428 0.1572 
494      494   (0)      7 :  0.6760 0.3240 
495      495   (0)      7 :  0.7906 0.2094 
496      496   (0)      7 :  0.8058 0.1942 
497      497   (0)      7 :  0.9340 0.0660 
498      498   (0)      7 :  0.7960 0.2040 
499      499   (0)      7 :  0.8650 0.1350 
500      500   (0)      7 :  0.7796 0.2204 
501      501   (0)      7 :  0.6026 0.3974 
502      502   (0)      7 :  0.7220 0.2780 
503      503   (0)      7 :  0.6914 0.3086 
504      504   (0)      7 :  0.7190 0.2810 
505      505   (0)      7 :  0.6632 0.3368 
506      506   (0)      7 :  0.9300 0.0700 
507      507   (0)      7 :  0.8428 0.1572 
508      508   (0)      7 :  0.5688 0.4312 
509      509  (10)      8 :  0.9800 0.0200 
510      510   (5)      8 :  0.9660 0.0340 
511      511   (5)      8 :  0.9188 0.0812 
512      512   (5)      8 :  0.9830 0.0170 
513      513  (10)      8 :  0.9710 0.0290 
514      514   (5)      8 :  0.9048 0.0952 
515      515  (10)      8 :  0.9700 0.0300 
516      516   (0)      8 :  0.9420 0.0580 
517      517   (0)      8 :  0.9640 0.0360 
518      518   (0)      8 :  0.9810 0.0190 
519      519   (0)      8 :  0.9488 0.0512 
520      520   (0)      8 :  0.8780 0.1220 
521      521   (0)      8 :  0.9730 0.0270 
522      522   (0)      8 :  0.9756 0.0244 
523      523   (0)      8 :  0.9680 0.0320 
524      524   (0)      8 :  0.9650 0.0350 
525      525   (0)      8 :  0.9680 0.0320 
526      526   (0)      8 :  0.9280 0.0720 
527      527   (0)      8 :  0.9440 0.0560 
528      528   (5)      8 :  0.9342 0.0658 
529      529   (0)      8 :  0.9710 0.0290 
530      530   (0)      8 :  0.9040 0.0960 
531      531   (5)      8 :  0.9468 0.0532 
532      532   (5)      8 :  0.9366 0.0634 
533      533   (0)      8 :  0.8078 0.1922 
534      534   (0)      8 :  0.9008 0.0992 
535      535   (0)      8 :  0.9358 0.0642 
536      536   (0)      8 :  0.9750 0.0250 
537      537   (0)      8 :  0.9820 0.0180 
538      538   (0)      8 :  0.9850 0.0150 
539      539   (0)      8 :  0.9850 0.0150 
540      540   (0)      8 :  0.9520 0.0480 
541      541   (0)      8 :  0.9520 0.0480 
542      542   (0)      8 :  0.9608 0.0392 
543      543   (0)      8 :  0.9292 0.0708 
544      544   (0)      8 :  0.9660 0.0340 
545      545   (0)      8 :  0.8880 0.1120 
546      546   (0)      8 :  0.9700 0.0300 
547      547   (0)      8 :  0.9520 0.0480 
548      548   (0)      8 :  0.9190 0.0810 
549      549   (0)      8 :  0.9710 0.0290 
550      550   (0)      8 :  0.9730 0.0270 
551      551   (0)      9 :  0.9790 0.0210 
552      552   (0)      9 :  0.8978 0.1022 
553      553   (0)      9 :  0.8620 0.1380 
554      554   (0)      9 :  0.7026 0.2974 
555      555   (0)      9 :  0.9770 0.0230 
556      556   (0)      9 :  0.6730 0.3270 
557      557   (0)      9 :  0.8880 0.1120 
558      558   (0)      9 :  0.8830 0.1170 
559      559   (0)      9 :  0.9500 0.0500 
560      560   (0)      9 :  0.9598 0.0402 
561      561   (0)      9 :  0.9328 0.0672 
562      562   (0)      9 :  0.9790 0.0210 
563      563   (0)      9 :  0.9650 0.0350 
564      564   (0)      9 :  0.9730 0.0270 
565      565   (0)      9 :  0.9760 0.0240 
566      566   (0)      9 :  0.9840 0.0160 
567      567   (0)      9 :  0.9130 0.0870 
568      568   (0)      9 :  0.9480 0.0520 
569      569   (0)      9 :  0.8214 0.1786 
570      570   (0)      9 :  0.7040 0.2960 
571      571   (0)      9 :  0.9550 0.0450 
572      572   (0)      9 :  0.7760 0.2240 
573      573   (0)      9 :  0.8182 0.1818 
574      574   (0)      9 :  0.8880 0.1120 
575      575   (0)      9 :  0.8168 0.1832 
576      576   (0)      9 :  0.9680 0.0320 
577      577   (0)      9 :  0.9308 0.0692 
578      578   (0)      9 :  0.8650 0.1350 
579      579   (0)      9 :  0.9620 0.0380 
580      580   (0)      9 :  0.9480 0.0520 
581      581   (0)      9 :  0.8850 0.1150 
582      582   (0)      9 :  0.8782 0.1218 
583      583   (0)      9 :  0.8904 0.1096 
584      584   (0)      9 :  0.8600 0.1400 
585      585   (0)      9 :  0.8376 0.1624 
586      586   (0)      9 :  0.9462 0.0538 
587      587   (0)      9 :  0.8000 0.2000 
588      588   (0)      9 :  0.6512 0.3488 
589      589   (0)      9 :  0.9510 0.0490 
590      590   (0)      9 :  0.9750 0.0250 
591      591   (0)      9 :  0.9660 0.0340 
592      592   (0)      9 :  0.8578 0.1422 
593      593   (0)      9 :  0.9014 0.0986 
594      594   (0)      9 :  0.8834 0.1166 
595      595   (0)      9 :  0.9690 0.0310 
596      596   (0)      9 :  0.9270 0.0730 
597      597   (0)      9 :  0.9086 0.0914 
598      598   (0)      9 :  0.9766 0.0234 
599      599   (0)      9 :  0.8492 0.1508 
600      600   (0)      9 :  0.9620 0.0380 
601      601   (0)      9 :  0.9430 0.0570 
602      602   (0)      9 :  0.7970 0.2030 
603      603   (0)      9 :  0.9040 0.0960 
604      604   (0)      9 :  0.9386 0.0614 
605      605   (0)      9 :  0.8218 0.1782 
606      606   (0)      9 :  0.8604 0.1396 
607      607   (0)      9 :  0.9630 0.0370 
608      608   (0)      9 :  0.9592 0.0408 
609      609   (0)      9 :  0.9074 0.0926 
610      610   (0)      9 :  0.9240 0.0760 
611      611   (0)      9 :  0.8518 0.1482 
612      612   (0)      9 :  0.9610 0.0390 
613      613   (0)      9 :  0.8630 0.1370 
614      614   (0)      9 :  0.8762 0.1238 
615      615   (0)      9 :  0.7950 0.2050 
616      616   (0)      9 :  0.8318 0.1682 
617      617   (0)      9 :  0.9560 0.0440 
618      618   (0)      9 :  0.9000 0.1000 
619      619   (0)      9 :  0.9268 0.0732 
620      620   (0)      9 :  0.9092 0.0908 
621      621   (0)      9 :  0.8090 0.1910 
622      622   (0)      9 :  0.9620 0.0380 
623      623   (0)      9 :  0.9550 0.0450 
624      624   (0)      9 :  0.9040 0.0960 
625      625   (0)      9 :  0.9760 0.0240 
626      626   (0)      9 :  0.8902 0.1098 
627      627   (0)      9 :  0.7436 0.2564 
628      628   (0)      9 :  0.9008 0.0992 
629      629   (0)      9 :  0.8340 0.1660 
630      630   (0)      9 :  0.9850 0.0150 
631      631   (0)      9 :  0.9480 0.0520 
632      632   (0)      9 :  0.9086 0.0914 
633      633   (0)      9 :  0.8942 0.1058 
634      634   (0)      9 :  0.8240 0.1760 
635      635   (0)      9 :  0.9560 0.0440 
636      636   (0)      9 :  0.5980 0.4020 
637      637   (0)      9 :  0.9710 0.0290 
638      638   (0)      9 :  0.9540 0.0460 
639      639   (0)      9 :  0.9700 0.0300 
640      640   (0)      9 :  0.9630 0.0370 
641      641   (0)      9 :  0.9800 0.0200 
642      642   (0)      9 :  0.9360 0.0640 
643      643   (0)      9 :  0.9720 0.0280 
644      644   (0)      9 :  0.8420 0.1580 
645      645   (0)      9 :  0.9618 0.0382 
646      646   (0)      9 :  0.9212 0.0788 
647      647   (0)      9 :  0.8936 0.1064 
648      648   (0)      9 :  0.9594 0.0406 
649      649   (0)      9 :  0.9350 0.0650 
650      650   (0)      9 :  0.8840 0.1160 
651      651   (5)     10 :  0.9800 0.0200 
652      652   (0)     10 :  0.8710 0.1290 
653      653   (0)     10 :  0.9750 0.0250 
654      654   (0)     10 :  0.9710 0.0290 
655      655   (0)     10 :  0.9860 0.0140 
656      656   (0)     10 :  0.9840 0.0160 
657      657   (0)     10 :  0.9790 0.0210 
658      658   (0)     10 :  0.9810 0.0190 
659      659   (0)     10 :  0.9840 0.0160 
660      660  (10)     10 :  0.9810 0.0190 
661      661   (0)     10 :  0.9830 0.0170 
662      662   (0)     10 :  0.9640 0.0360 
663      663   (0)     10 :  0.9780 0.0220 
664      664   (0)     10 :  0.9640 0.0360 
665      665   (5)     10 :  0.9800 0.0200 
666      666   (5)     10 :  0.9700 0.0300 
667      667   (0)     10 :  0.9770 0.0230 
668      668   (0)     10 :  0.9610 0.0390 
669      669   (5)     10 :  0.9700 0.0300 
670      670   (0)     10 :  0.9240 0.0760 
671      671   (0)     10 :  0.8914 0.1086 
672      672   (0)     10 :  0.9840 0.0160 
673      673   (0)     10 :  0.9866 0.0134 
674      674   (0)     10 :  0.9730 0.0270 
675      675   (0)     10 :  0.9840 0.0160 
676      676   (5)     10 :  0.9808 0.0192 
677      677   (0)     10 :  0.9830 0.0170 
678      678   (5)     10 :  0.8980 0.1020 
679      679   (0)     10 :  0.9810 0.0190 
680      680   (0)     10 :  0.9790 0.0210 
681      681   (0)     10 :  0.9660 0.0340 
682      682   (5)     10 :  0.9730 0.0270 
683      683   (0)     10 :  0.9740 0.0260 
684      684   (0)     10 :  0.9780 0.0220 
685      685   (5)     10 :  0.9290 0.0710 
686      686   (5)     10 :  0.9780 0.0220 
687      687   (0)     10 :  0.9780 0.0220 
688      688   (5)     10 :  0.9470 0.0530 
689      689   (0)     10 :  0.9498 0.0502 
690      690   (0)     10 :  0.9860 0.0140 
691      691   (0)     10 :  0.9650 0.0350 
692      692   (0)     10 :  0.9830 0.0170 
693      693   (5)     10 :  0.9770 0.0230 
694      694   (5)     10 :  0.9690 0.0310 
695      695   (0)     10 :  0.9840 0.0160 
696      696   (0)     10 :  0.9748 0.0252 
697      697   (0)     10 :  0.9720 0.0280 
698      698   (0)     10 :  0.9280 0.0720 
699      699   (0)     10 :  0.8970 0.1030 
700      700  (10)     10 :  0.9740 0.0260 
701      701   (0)     10 :  0.9820 0.0180 
702      702   (5)     10 :  0.9770 0.0230 
703      703   (0)     10 :  0.9840 0.0160 
704      704   (0)     10 :  0.9830 0.0170 
705      705   (0)     10 :  0.9264 0.0736 
706      706   (0)     10 :  0.9790 0.0210 
707      707   (5)     10 :  0.9720 0.0280 
708      708  (10)     10 :  0.9320 0.0680 
709      709   (0)     10 :  0.9850 0.0150 
710      710   (0)     10 :  0.9720 0.0280 
711      711   (5)     10 :  0.9610 0.0390 
712      712  (10)     10 :  0.9730 0.0270 
713      713   (5)     10 :  0.9770 0.0230 
714      714   (0)     10 :  0.9810 0.0190 
715      715  (10)     10 :  0.9570 0.0430 
716      716   (0)     10 :  0.9780 0.0220 
717      717  (10)     10 :  0.9820 0.0180 
718      718   (0)     10 :  0.9830 0.0170 
719      719   (5)     10 :  0.9850 0.0150 
720      720   (5)     10 :  0.9698 0.0302 
721      721   (0)     10 :  0.9840 0.0160 
722      722   (0)     10 :  0.9840 0.0160 
723      723   (0)     10 :  0.9800 0.0200 
724      724  (10)     10 :  0.9600 0.0400 
725      725   (0)     10 :  0.7816 0.2184 
726      726   (0)     10 :  0.9800 0.0200 
727      727   (0)     10 :  0.9840 0.0160 
728      728   (0)     10 :  0.9860 0.0140 
729      729   (0)     10 :  0.9830 0.0170 
730      730   (0)     10 :  0.9450 0.0550 
731      731   (5)     10 :  0.9588 0.0412 
732      732   (0)     10 :  0.9848 0.0152 
733      733   (5)     10 :  0.9800 0.0200 
734      734   (0)     10 :  0.9810 0.0190 
735      735  (10)     10 :  0.9188 0.0812 
736      736   (0)     10 :  0.9810 0.0190 
737      737   (0)     10 :  0.9820 0.0180 
738      738   (5)     10 :  0.9700 0.0300 
739      739   (5)     10 :  0.9840 0.0160 
740      740   (5)     10 :  0.9280 0.0720 
741      741  (10)     10 :  0.9510 0.0490 
742      742   (0)     10 :  0.9820 0.0180 
743      743   (0)     10 :  0.9830 0.0170 
744      744   (5)     10 :  0.9570 0.0430 
745      745   (0)     10 :  0.8638 0.1362 
746      746   (0)     10 :  0.9678 0.0322 
747      747   (0)     10 :  0.9820 0.0180 
748      748   (5)     10 :  0.9730 0.0270 
749      749   (0)     10 :  0.9720 0.0280 
750      750   (0)     10 :  0.9760 0.0240 
