1        1   (5)      1  : 0.9780 0.0220
2        2   (5)      1  : 0.9536 0.0464
3        3   (5)      1  : 0.9810 0.0190
4        4   (0)      1  : 0.9720 0.0280
5        5   (0)      1  : 0.9438 0.0562
6        6   (0)      1  : 0.9780 0.0220
7        7   (0)      1  : 0.9660 0.0340
8        8   (5)      1  : 0.9750 0.0250
9        9   (0)      1  : 0.9800 0.0200
10       10   (0)      1  : 0.9590 0.0410
11       11   (0)      1  : 0.9760 0.0240
12       12   (0)      1  : 0.9600 0.0400
13       13   (0)      1  : 0.9630 0.0370
14       14   (0)      1  : 0.9740 0.0260
15       15   (0)      1  : 0.9800 0.0200
16       16   (0)      1  : 0.9810 0.0190
17       17   (0)      1  : 0.9830 0.0170
18       18   (0)      1  : 0.9680 0.0320
19       19   (0)      1  : 0.9450 0.0550
20       20   (0)      1  : 0.9328 0.0672
21       21   (0)      1  : 0.9770 0.0230
22       22   (0)      1  : 0.9850 0.0150
23       23   (0)      1  : 0.9810 0.0190
24       24   (0)      1  : 0.9640 0.0360
25       25   (0)      1  : 0.9530 0.0470
26       26   (0)      1  : 0.9600 0.0400
27       27   (5)      1  : 0.9700 0.0300
28       28   (0)      1  : 0.9860 0.0140
29       29   (0)      1  : 0.9780 0.0220
30       30   (0)      1  : 0.9438 0.0562
31       31   (0)      1  : 0.9820 0.0180
32       32   (0)      1  : 0.9620 0.0380
33       33   (0)      1  : 0.9810 0.0190
34       34   (0)      1  : 0.9820 0.0180
35       35   (0)      1  : 0.9540 0.0460
36       36   (0)      1  : 0.9750 0.0250
37       37   (0)      1  : 0.9540 0.0460
38       38   (0)      1  : 0.9560 0.0440
39       39   (0)      1  : 0.9570 0.0430
40       40   (0)      1  : 0.9710 0.0290
41       41   (0)      1  : 0.9750 0.0250
42       42   (0)      1  : 0.9810 0.0190
43       43   (0)      1  : 0.9820 0.0180
44       44   (0)      1  : 0.9850 0.0150
45       45   (5)      1  : 0.9700 0.0300
46       46   (0)      1  : 0.9870 0.0130
47       47   (0)      1  : 0.9850 0.0150
48       48   (0)      1  : 0.9790 0.0210
49       49   (0)      1  : 0.9670 0.0330
50       50   (0)      1  : 0.9788 0.0212
51       51   (0)      1  : 0.9660 0.0340
52       52   (0)      1  : 0.9100 0.0900
53       53   (0)      1  : 0.9720 0.0280
54       54   (0)      1  : 0.9850 0.0150
55       55   (0)      1  : 0.9800 0.0200
56       56   (0)      1  : 0.9800 0.0200
57       57  (10)      1  : 0.9658 0.0342
58       58   (5)      1  : 0.9730 0.0270
59       59   (0)      1  : 0.9674 0.0326
60       60   (0)      1  : 0.9820 0.0180
61       61   (0)      1  : 0.9710 0.0290
62       62   (0)      1  : 0.9750 0.0250
63       63   (0)      1  : 0.9730 0.0270
64       64   (0)      1  : 0.9810 0.0190
65       65   (0)      1  : 0.9150 0.0850
66       66   (0)      1  : 0.9810 0.0190
67       67   (5)      1  : 0.9440 0.0560
68       68   (0)      1  : 0.9730 0.0270
69       69   (0)      1  : 0.9840 0.0160
70       70   (0)      1  : 0.9730 0.0270
71       71   (5)      1  : 0.9740 0.0260
72       72   (0)      1  : 0.9594 0.0406
73       73   (5)      1  : 0.9790 0.0210
74       74  (10)      1  : 0.9630 0.0370
75       75  (10)      1  : 0.9240 0.0760
76       76   (0)      1  : 0.9720 0.0280
77       77  (10)      1  : 0.9684 0.0316
78       78   (0)      1  : 0.9580 0.0420
79       79   (5)      1  : 0.9802 0.0198
80       80   (0)      1  : 0.9810 0.0190
81       81   (0)      1  : 0.9766 0.0234
82       82   (0)      1  : 0.9800 0.0200
83       83   (0)      1  : 0.9780 0.0220
84       84   (0)      1  : 0.9656 0.0344
85       85   (0)      1  : 0.9810 0.0190
86       86   (5)      1  : 0.9730 0.0270
87       87   (0)      1  : 0.9810 0.0190
88       88   (0)      1  : 0.9582 0.0418
89       89   (0)      1  : 0.9280 0.0720
90       90   (0)      1  : 0.9780 0.0220
91       91   (0)      1  : 0.9728 0.0272
92       92   (0)      1  : 0.9760 0.0240
93       93   (0)      1  : 0.9820 0.0180
94       94   (5)      1  : 0.9390 0.0610
95       95   (0)      1  : 0.9720 0.0280
96       96   (5)      1  : 0.9760 0.0240
97       97   (0)      1  : 0.9840 0.0160
98       98   (0)      1  : 0.9650 0.0350
99       99   (5)      1  : 0.9692 0.0308
100      100   (5)      1  : 0.9840 0.0160
101      101   (0)      2  : 0.6830 0.3170
102      102   (0)      2  : 0.9530 0.0470
103      103   (0)      2  : 0.9560 0.0440
104      104   (0)      2  : 0.9140 0.0860
105      105   (0)      2  : 0.9596 0.0404
106      106   (0)      2  : 0.9400 0.0600
107      107   (0)      2  : 0.9140 0.0860
108      108   (0)      2  : 0.7710 0.2290
109      109   (0)      2  : 0.8948 0.1052
110      110   (0)      2  : 0.9470 0.0530
111      111   (0)      2  : 0.9082 0.0918
112      112   (0)      2  : 0.9750 0.0250
113      113   (0)      2  : 0.8640 0.1360
114      114   (0)      2  : 0.9830 0.0170
115      115   (0)      2  : 0.8360 0.1640
116      116   (0)      2  : 0.9650 0.0350
117      117   (0)      2  : 0.8472 0.1528
118      118   (0)      2  : 0.9700 0.0300
119      119   (0)      2  : 0.9370 0.0630
120      120   (0)      2  : 0.8348 0.1652
121      121   (0)      2  : 0.9130 0.0870
122      122   (0)      2  : 0.9550 0.0450
123      123   (0)      2  : 0.9530 0.0470
124      124   (0)      2  : 0.9234 0.0766
125      125   (0)      2  : 0.9232 0.0768
126      126   (0)      2  : 0.9650 0.0350
127      127   (0)      2  : 0.9750 0.0250
128      128   (0)      2  : 0.7610 0.2390
129      129   (0)      2  : 0.9570 0.0430
130      130   (0)      2  : 0.9750 0.0250
131      131   (0)      2  : 0.9650 0.0350
132      132   (0)      2  : 0.9352 0.0648
133      133   (0)      2  : 0.9600 0.0400
134      134   (0)      2  : 0.9594 0.0406
135      135   (0)      2  : 0.9830 0.0170
136      136   (0)      2  : 0.9032 0.0968
137      137   (0)      2  : 0.9430 0.0570
138      138   (0)      2  : 0.8646 0.1354
139      139   (0)      2  : 0.9550 0.0450
140      140   (0)      2  : 0.9680 0.0320
141      141   (0)      2  : 0.9500 0.0500
142      142   (0)      2  : 0.8390 0.1610
143      143   (0)      2  : 0.9476 0.0524
144      144   (0)      2  : 0.9380 0.0620
145      145   (0)      2  : 0.9730 0.0270
146      146   (0)      2  : 0.9300 0.0700
147      147   (0)      2  : 0.9150 0.0850
148      148   (0)      2  : 0.9022 0.0978
149      149   (0)      2  : 0.8944 0.1056
150      150   (0)      2  : 0.9710 0.0290
151      151   (0)      2  : 0.9690 0.0310
152      152   (0)      2  : 0.8940 0.1060
153      153   (0)      2  : 0.9384 0.0616
154      154   (0)      2  : 0.9150 0.0850
155      155   (0)      2  : 0.8890 0.1110
156      156   (0)      2  : 0.7682 0.2318
157      157   (0)      2  : 0.8562 0.1438
158      158   (0)      2  : 0.9660 0.0340
159      159   (0)      2  : 0.8260 0.1740
160      160   (0)      2  : 0.8450 0.1550
161      161   (0)      2  : 0.9180 0.0820
162      162   (0)      2  : 0.8168 0.1832
163      163   (0)      2  : 0.9660 0.0340
164      164   (0)      2  : 0.9270 0.0730
165      165   (0)      2  : 0.9790 0.0210
166      166   (0)      2  : 0.9350 0.0650
167      167   (0)      2  : 0.9800 0.0200
168      168   (0)      2  : 0.6350 0.3650
169      169   (0)      2  : 0.9610 0.0390
170      170   (0)      2  : 0.9530 0.0470
171      171   (0)      2  : 0.9510 0.0490
172      172   (0)      2  : 0.7712 0.2288
173      173   (0)      2  : 0.9570 0.0430
174      174   (0)      2  : 0.9510 0.0490
175      175   (0)      2  : 0.7226 0.2774
176      176   (0)      2  : 0.8998 0.1002
177      177   (0)      2  : 0.9290 0.0710
178      178   (0)      2  : 0.8000 0.2000
179      179   (0)      2  : 0.7770 0.2230
180      180   (0)      2  : 0.9048 0.0952
181      181   (0)      2  : 0.8100 0.1900
182      182   (0)      2  : 0.9740 0.0260
183      183   (0)      2  : 0.9590 0.0410
184      184   (0)      2  : 0.9390 0.0610
185      185   (0)      2  : 0.8690 0.1310
186      186   (0)      2  : 0.8906 0.1094
187      187   (0)      2  : 0.9380 0.0620
188      188   (0)      2  : 0.9150 0.0850
189      189   (0)      2  : 0.9424 0.0576
190      190   (0)      2  : 0.9052 0.0948
191      191   (0)      2  : 0.9610 0.0390
192      192   (0)      2  : 0.9730 0.0270
193      193   (0)      2  : 0.8902 0.1098
194      194   (0)      2  : 0.8960 0.1040
195      195   (0)      2  : 0.9480 0.0520
196      196   (0)      2  : 0.9060 0.0940
197      197   (0)      2  : 0.9490 0.0510
198      198   (0)      2  : 0.8160 0.1840
199      199   (0)      2  : 0.8586 0.1414
200      200   (0)      2  : 0.9260 0.0740
201      201   (0)      3  : 0.6700 0.3300
202      202   (0)      3  : 0.6680 0.3320
203      203   (0)      3  : 0.8130 0.1870
204      204   (0)      3  : 0.8630 0.1370
205      205   (0)      3  : 0.7448 0.2552
206      206   (0)      3  : 0.7982 0.2018
207      207   (0)      3  : 0.7030 0.2970
208      208   (0)      3  : 0.8490 0.1510
209      209   (0)      3  : 0.8874 0.1126
210      210   (0)      3  : 0.8350 0.1650
211      211   (0)      3  : 0.8116 0.1884
212      212   (0)      3  : 0.7372 0.2628
213      213   (0)      3  : 0.8320 0.1680
214      214   (0)      3  : 0.7500 0.2500
215      215   (0)      3  : 0.5840 0.4160
216      216   (0)      3  : 0.8530 0.1470
217      217   (0)      3  : 0.6190 0.3810
218      218   (0)      3  : 0.6770 0.3230
219      219   (0)      3  : 0.6480 0.3520
220      220   (0)      3  : 0.7658 0.2342
221      221   (0)      3  : 0.9050 0.0950
222      222   (0)      3  : 0.7750 0.2250
223      223   (0)      3  : 0.6800 0.3200
224      224   (0)      3  : 0.8368 0.1632
225      225   (0)      3  : 0.9324 0.0676
226      226   (0)      3  : 0.7242 0.2758
227      227   (0)      3  : 0.8200 0.1800
228      228   (0)      3  : 0.7404 0.2596
229      229   (0)      3  : 0.6320 0.3680
230      230   (0)      3  : 0.6840 0.3160
231      231   (0)      3  : 0.6618 0.3382
232      232   (0)      3  : 0.9136 0.0864
233      233   (0)      3  : 0.9576 0.0424
234      234   (0)      3  : 0.6424 0.3576
235      235   (0)      3  : 0.6900 0.3100
236      236   (0)      3  : 0.6906 0.3094
237      237   (0)      3  : 0.8906 0.1094
238      238   (0)      3  : 0.9276 0.0724
239      239   (0)      3  : 0.8390 0.1610
240      240   (0)      3  : 0.8070 0.1930
241      241   (0)      3  : 0.7940 0.2060
242      242   (0)      3  : 0.6308 0.3692
243      243   (0)      3  : 0.8836 0.1164
244      244   (0)      3  : 0.7778 0.2222
245      245   (0)      3  : 0.7114 0.2886
246      246   (0)      3  : 0.7156 0.2844
247      247   (0)      3  : 0.9490 0.0510
248      248   (0)      3  : 0.9450 0.0550
249      249   (0)      3  : 0.8532 0.1468
250      250   (0)      3  : 0.6770 0.3230
251      251   (0)      3  : 0.6338 0.3662
252      252   (0)      3  : 0.8692 0.1308
253      253   (0)      3  : 0.8218 0.1782
254      254   (0)      3  : 0.6380 0.3620
255      255   (0)      3  : 0.8690 0.1310
256      256   (0)      3  : 0.5820 0.4180
257      257   (0)      3  : 0.8088 0.1912
258      258   (0)      3  : 0.6748 0.3252
259      259   (0)      3  : 0.7516 0.2484
260      260   (0)      3  : 0.8300 0.1700
261      261   (0)      3  : 0.7120 0.2880
262      262   (0)      3  : 0.8382 0.1618
263      263   (0)      3  : 0.9480 0.0520
264      264   (0)      3  : 0.7786 0.2214
265      265   (0)      3  : 0.6832 0.3168
266      266   (0)      3  : 0.7998 0.2002
267      267   (0)      3  : 0.9100 0.0900
268      268   (0)      3  : 0.9740 0.0260
269      269   (0)      3  : 0.7738 0.2262
270      270   (0)      3  : 0.7428 0.2572
271      271   (0)      3  : 0.8474 0.1526
272      272   (0)      3  : 0.6910 0.3090
273      273   (0)      3  : 0.7534 0.2466
274      274   (0)      3  : 0.7680 0.2320
275      275   (0)      3  : 0.8004 0.1996
276      276   (0)      3  : 0.9230 0.0770
277      277   (0)      3  : 0.7770 0.2230
278      278   (0)      3  : 0.7510 0.2490
279      279   (0)      3  : 0.7680 0.2320
280      280   (0)      3  : 0.8802 0.1198
281      281   (0)      3  : 0.8522 0.1478
282      282   (0)      3  : 0.7930 0.2070
283      283   (0)      3  : 0.7340 0.2660
284      284   (0)      3  : 0.8610 0.1390
285      285   (0)      3  : 0.6776 0.3224
286      286   (0)      3  : 0.8760 0.1240
287      287   (0)      3  : 0.9510 0.0490
288      288   (0)      3  : 0.8116 0.1884
289      289   (0)      3  : 0.7370 0.2630
290      290   (0)      3  : 0.8752 0.1248
291      291   (0)      3  : 0.6238 0.3762
292      292   (0)      3  : 0.7700 0.2300
293      293   (0)      3  : 0.8654 0.1346
294      294   (0)      3  : 0.8902 0.1098
295      295   (0)      3  : 0.8042 0.1958
296      296   (0)      3  : 0.9550 0.0450
297      297   (0)      3  : 0.8138 0.1862
298      298   (0)      3  : 0.5270 0.4730
299      299   (0)      3  : 0.8040 0.1960
300      300   (0)      3  : 0.8970 0.1030
301      301   (0)      4  : 0.4870 0.5130
302      302   (0)      4  : 0.4720 0.5280
303      303   (0)      4  : 0.4616 0.5384
304      304   (0)      4  : 0.5424 0.4576
305      305   (0)      4  : 0.5410 0.4590
306      306   (0)      4  : 0.6156 0.3844
307      307   (0)      4  : 0.3710 0.6290
308      308   (0)      4  : 0.5786 0.4214
309      309   (0)      4  : 0.3778 0.6222
310      310   (0)      4  : 0.3990 0.6010
311      311   (0)      4  : 0.5716 0.4284
312      312   (0)      4  : 0.3800 0.6200
313      313   (0)      4  : 0.4840 0.5160
314      314   (0)      4  : 0.4870 0.5130
315      315   (0)      4  : 0.5570 0.4430
316      316   (0)      4  : 0.4140 0.5860
317      317   (0)      4  : 0.5700 0.4300
318      318   (0)      4  : 0.4070 0.5930
319      319   (0)      4  : 0.5200 0.4800
320      320   (0)      4  : 0.5170 0.4830
321      321   (0)      4  : 0.5632 0.4368
322      322   (0)      4  : 0.6102 0.3898
323      323   (0)      4  : 0.4920 0.5080
324      324   (0)      4  : 0.5474 0.4526
325      325   (0)      4  : 0.3890 0.6110
326      326   (0)      4  : 0.5330 0.4670
327      327   (0)      4  : 0.5710 0.4290
328      328   (0)      4  : 0.4950 0.5050
329      329   (0)      4  : 0.6650 0.3350
330      330   (0)      4  : 0.3020 0.6980
331      331   (0)      4  : 0.6778 0.3222
332      332   (0)      4  : 0.4770 0.5230
333      333   (0)      4  : 0.4380 0.5620
334      334   (0)      4  : 0.5948 0.4052
335      335   (0)      4  : 0.3658 0.6342
336      336   (0)      4  : 0.4540 0.5460
337      337   (0)      4  : 0.3034 0.6966
338      338   (0)      4  : 0.4910 0.5090
339      339   (0)      4  : 0.5300 0.4700
340      340   (0)      4  : 0.3890 0.6110
341      341   (0)      4  : 0.6050 0.3950
342      342   (0)      4  : 0.7180 0.2820
343      343   (0)      4  : 0.6640 0.3360
344      344   (0)      4  : 0.6572 0.3428
345      345   (0)      4  : 0.5800 0.4200
346      346   (0)      4  : 0.5770 0.4230
347      347   (0)      4  : 0.3888 0.6112
348      348   (0)      4  : 0.4700 0.5300
349      349   (0)      4  : 0.5020 0.4980
350      350   (0)      4  : 0.4390 0.5610
351      351   (0)      4  : 0.4148 0.5852
352      352   (0)      4  : 0.5704 0.4296
353      353   (0)      4  : 0.5812 0.4188
354      354   (0)      4  : 0.6034 0.3966
355      355   (0)      4  : 0.3550 0.6450
356      356   (0)      4  : 0.4360 0.5640
357      357   (0)      4  : 0.5904 0.4096
358      358   (0)      4  : 0.5200 0.4800
359      359   (0)      4  : 0.5040 0.4960
360      360   (0)      4  : 0.5420 0.4580
361      361   (0)      4  : 0.4870 0.5130
362      362   (0)      4  : 0.5390 0.4610
363      363   (0)      4  : 0.3948 0.6052
364      364   (0)      4  : 0.5560 0.4440
365      365   (0)      4  : 0.4742 0.5258
366      366   (0)      4  : 0.4400 0.5600
367      367   (0)      4  : 0.4844 0.5156
368      368   (0)      4  : 0.4880 0.5120
369      369   (0)      4  : 0.4030 0.5970
370      370   (0)      4  : 0.7130 0.2870
371      371   (0)      4  : 0.4740 0.5260
372      372   (0)      4  : 0.4452 0.5548
373      373   (0)      4  : 0.5608 0.4392
374      374   (0)      4  : 0.3780 0.6220
375      375   (0)      4  : 0.4880 0.5120
376      376   (0)      4  : 0.4744 0.5256
377      377   (0)      4  : 0.6660 0.3340
378      378   (0)      4  : 0.3658 0.6342
379      379   (0)      4  : 0.5510 0.4490
380      380   (0)      4  : 0.5890 0.4110
381      381   (0)      4  : 0.6080 0.3920
382      382   (0)      4  : 0.5582 0.4418
383      383   (0)      4  : 0.3370 0.6630
384      384   (0)      4  : 0.5430 0.4570
385      385   (0)      4  : 0.5314 0.4686
386      386   (0)      4  : 0.3760 0.6240
387      387   (0)      4  : 0.3860 0.6140
388      388   (0)      4  : 0.4610 0.5390
389      389   (0)      4  : 0.5270 0.4730
390      390   (0)      4  : 0.5090 0.4910
391      391   (0)      4  : 0.4720 0.5280
392      392   (0)      4  : 0.4622 0.5378
393      393   (0)      4  : 0.6620 0.3380
394      394   (0)      4  : 0.4560 0.5440
395      395   (0)      4  : 0.6534 0.3466
396      396   (0)      4  : 0.5698 0.4302
397      397   (0)      4  : 0.6402 0.3598
398      398   (0)      4  : 0.6606 0.3394
399      399   (0)      4  : 0.5490 0.4510
400      400   (0)      4  : 0.5912 0.4088
401      401   (0)      5  : 0.2782 0.7218
402      402   (0)      5  : 0.2730 0.7270
403      403   (0)      5  : 0.3540 0.6460
404      404   (0)      5  : 0.2430 0.7570
405      405   (0)      5  : 0.1400 0.8600
406      406   (0)      5  : 0.3400 0.6600
407      407   (0)      5  : 0.2380 0.7620
408      408   (0)      5  : 0.1658 0.8342
409      409   (0)      5  : 0.3196 0.6804
410      410   (0)      5  : 0.1730 0.8270
411      411   (0)      5  : 0.1940 0.8060
412      412   (0)      5  : 0.4200 0.5800
413      413   (0)      5  : 0.4598 0.5402
414      414   (0)      5  : 0.3110 0.6890
415      415   (0)      5  : 0.1626 0.8374
416      416   (0)      5  : 0.3078 0.6922
417      417   (0)      5  : 0.0782 0.9218
418      418   (0)      5  : 0.2498 0.7502
419      419   (0)      5  : 0.2440 0.7560
420      420   (0)      5  : 0.3140 0.6860
421      421   (0)      5  : 0.4230 0.5770
422      422   (0)      5  : 0.2580 0.7420
423      423   (0)      5  : 0.3100 0.6900
424      424   (0)      5  : 0.2800 0.7200
425      425   (0)      5  : 0.1820 0.8180
426      426   (0)      5  : 0.0822 0.9178
427      427   (0)      5  : 0.1070 0.8930
428      428   (0)      5  : 0.2462 0.7538
429      429   (0)      5  : 0.1668 0.8332
430      430   (0)      5  : 0.2530 0.7470
431      431   (0)      5  : 0.3790 0.6210
432      432   (0)      5  : 0.2786 0.7214
433      433   (0)      5  : 0.1440 0.8560
434      434   (0)      5  : 0.2390 0.7610
435      435   (0)      5  : 0.3090 0.6910
436      436   (0)      5  : 0.0800 0.9200
437      437   (0)      5  : 0.1438 0.8562
438      438   (0)      5  : 0.2740 0.7260
439      439   (0)      5  : 0.2350 0.7650
440      440   (0)      5  : 0.2630 0.7370
441      441   (0)      5  : 0.1710 0.8290
442      442   (0)      5  : 0.1860 0.8140
443      443   (0)      5  : 0.2010 0.7990
444      444   (0)      5  : 0.2300 0.7700
445      445   (0)      5  : 0.1840 0.8160
446      446   (0)      5  : 0.1414 0.8586
447      447   (0)      5  : 0.2430 0.7570
448      448   (0)      5  : 0.2260 0.7740
449      449   (0)      5  : 0.3160 0.6840
450      450   (0)      5  : 0.1710 0.8290
451      451   (0)      5  : 0.1800 0.8200
452      452   (0)      5  : 0.0750 0.9250
453      453   (0)      5  : 0.2490 0.7510
454      454   (0)      5  : 0.1010 0.8990
455      455   (0)      5  : 0.2550 0.7450
456      456   (0)      5  : 0.2360 0.7640
457      457   (0)      5  : 0.1376 0.8624
458      458   (0)      5  : 0.2048 0.7952
459      459   (0)      5  : 0.4210 0.5790
460      460   (0)      5  : 0.3320 0.6680
461      461   (0)      5  : 0.0520 0.9480
462      462   (0)      5  : 0.1950 0.8050
463      463   (0)      5  : 0.1874 0.8126
464      464   (0)      5  : 0.2260 0.7740
465      465   (0)      5  : 0.2838 0.7162
466      466   (0)      5  : 0.4912 0.5088
467      467   (0)      5  : 0.2460 0.7540
468      468   (0)      5  : 0.2736 0.7264
469      469   (0)      5  : 0.2458 0.7542
470      470   (0)      5  : 0.3046 0.6954
471      471   (0)      5  : 0.1500 0.8500
472      472   (0)      5  : 0.1410 0.8590
473      473   (0)      5  : 0.2122 0.7878
474      474   (0)      5  : 0.1700 0.8300
475      475   (0)      5  : 0.2050 0.7950
476      476   (0)      5  : 0.1950 0.8050
477      477   (0)      5  : 0.1520 0.8480
478      478   (0)      5  : 0.1750 0.8250
479      479   (0)      5  : 0.5490 0.4510
480      480   (0)      5  : 0.0742 0.9258
481      481   (0)      5  : 0.1080 0.8920
482      482   (0)      5  : 0.2450 0.7550
483      483   (0)      5  : 0.1050 0.8950
484      484   (0)      5  : 0.1860 0.8140
485      485   (0)      5  : 0.2950 0.7050
486      486   (0)      5  : 0.0610 0.9390
487      487   (0)      5  : 0.3400 0.6600
488      488   (0)      5  : 0.1260 0.8740
489      489   (0)      5  : 0.3506 0.6494
490      490   (0)      5  : 0.2980 0.7020
491      491   (0)      5  : 0.2812 0.7188
492      492   (0)      5  : 0.2352 0.7648
493      493   (0)      5  : 0.2020 0.7980
494      494   (0)      5  : 0.2910 0.7090
495      495   (0)      5  : 0.3900 0.6100
496      496   (0)      5  : 0.2710 0.7290
497      497   (0)      5  : 0.1432 0.8568
498      498   (0)      5  : 0.0460 0.9540
499      499   (0)      5  : 0.3246 0.6754
500      500   (0)      5  : 0.2140 0.7860
501      501   (0)      6  : 0.2444 0.7556
502      502   (0)      6  : 0.0530 0.9470
503      503   (0)      6  : 0.1180 0.8820
504      504   (0)      6  : 0.0528 0.9472
505      505   (0)      6  : 0.1308 0.8692
506      506   (0)      6  : 0.0420 0.9580
507      507   (0)      6  : 0.0334 0.9666
508      508   (0)      6  : 0.1030 0.8970
509      509   (0)      6  : 0.0708 0.9292
510      510   (0)      6  : 0.0450 0.9550
511      511   (0)      6  : 0.0650 0.9350
512      512   (0)      6  : 0.0810 0.9190
513      513   (0)      6  : 0.1832 0.8168
514      514   (0)      6  : 0.0622 0.9378
515      515   (0)      6  : 0.1760 0.8240
516      516   (0)      6  : 0.2474 0.7526
517      517   (0)      6  : 0.1750 0.8250
518      518   (0)      6  : 0.1970 0.8030
519      519   (0)      6  : 0.0744 0.9256
520      520   (0)      6  : 0.0460 0.9540
521      521   (0)      6  : 0.0710 0.9290
522      522   (0)      6  : 0.0612 0.9388
523      523   (0)      6  : 0.0820 0.9180
524      524   (0)      6  : 0.2270 0.7730
525      525   (0)      6  : 0.1130 0.8870
526      526   (0)      6  : 0.0480 0.9520
527      527   (0)      6  : 0.0240 0.9760
528      528   (0)      6  : 0.1810 0.8190
529      529   (0)      6  : 0.0320 0.9680
530      530   (0)      6  : 0.0350 0.9650
531      531   (0)      6  : 0.0310 0.9690
532      532   (0)      6  : 0.1980 0.8020
533      533   (0)      6  : 0.1060 0.8940
534      534   (0)      6  : 0.0380 0.9620
535      535   (0)      6  : 0.0790 0.9210
536      536   (0)      6  : 0.0190 0.9810
537      537   (0)      6  : 0.0680 0.9320
538      538   (0)      6  : 0.0670 0.9330
539      539   (0)      6  : 0.0490 0.9510
540      540   (0)      6  : 0.1330 0.8670
541      541   (0)      6  : 0.0754 0.9246
542      542   (0)      6  : 0.1100 0.8900
543      543   (0)      6  : 0.2280 0.7720
544      544   (0)      6  : 0.1376 0.8624
545      545   (0)      6  : 0.0514 0.9486
546      546   (0)      6  : 0.0270 0.9730
547      547   (0)      6  : 0.0386 0.9614
548      548   (0)      6  : 0.0420 0.9580
549      549   (0)      6  : 0.1554 0.8446
550      550   (0)      6  : 0.1770 0.8230
551      551   (0)      6  : 0.1450 0.8550
552      552   (0)      6  : 0.0730 0.9270
553      553   (0)      6  : 0.0670 0.9330
554      554   (0)      6  : 0.1762 0.8238
555      555   (0)      6  : 0.0930 0.9070
556      556   (0)      6  : 0.1290 0.8710
557      557   (0)      6  : 0.1260 0.8740
558      558   (0)      6  : 0.1340 0.8660
559      559   (0)      6  : 0.1062 0.8938
560      560   (0)      6  : 0.1140 0.8860
561      561   (0)      6  : 0.0350 0.9650
562      562   (0)      6  : 0.1160 0.8840
563      563   (0)      6  : 0.1270 0.8730
564      564   (0)      6  : 0.1420 0.8580
565      565   (0)      6  : 0.0190 0.9810
566      566   (0)      6  : 0.0500 0.9500
567      567   (0)      6  : 0.0220 0.9780
568      568   (0)      6  : 0.0740 0.9260
569      569   (0)      6  : 0.0440 0.9560
570      570   (0)      6  : 0.0830 0.9170
571      571   (0)      6  : 0.0726 0.9274
572      572   (0)      6  : 0.0860 0.9140
573      573   (0)      6  : 0.0180 0.9820
574      574   (0)      6  : 0.0870 0.9130
575      575   (0)      6  : 0.0220 0.9780
576      576   (0)      6  : 0.1900 0.8100
577      577   (0)      6  : 0.1200 0.8800
578      578   (0)      6  : 0.0320 0.9680
579      579   (0)      6  : 0.0240 0.9760
580      580   (0)      6  : 0.1792 0.8208
581      581   (0)      6  : 0.1678 0.8322
582      582   (0)      6  : 0.0210 0.9790
583      583   (0)      6  : 0.1160 0.8840
584      584   (0)      6  : 0.0920 0.9080
585      585   (0)      6  : 0.0700 0.9300
586      586   (0)      6  : 0.0200 0.9800
587      587   (0)      6  : 0.1090 0.8910
588      588   (0)      6  : 0.2230 0.7770
589      589   (0)      6  : 0.1600 0.8400
590      590   (0)      6  : 0.0200 0.9800
591      591   (0)      6  : 0.1372 0.8628
592      592   (0)      6  : 0.2786 0.7214
593      593   (0)      6  : 0.0340 0.9660
594      594   (0)      6  : 0.0890 0.9110
595      595   (0)      6  : 0.0936 0.9064
596      596   (0)      6  : 0.1280 0.8720
597      597   (0)      6  : 0.0870 0.9130
598      598   (0)      6  : 0.0686 0.9314
599      599   (0)      6  : 0.1650 0.8350
600      600   (0)      6  : 0.0530 0.9470
601      601   (5)      7  : 0.0250 0.9750
602      602   (0)      7  : 0.0510 0.9490
603      603   (0)      7  : 0.0180 0.9820
604      604   (0)      7  : 0.0420 0.9580
605      605   (0)      7  : 0.0240 0.9760
606      606   (0)      7  : 0.0430 0.9570
607      607   (0)      7  : 0.0150 0.9850
608      608   (0)      7  : 0.0240 0.9760
609      609   (0)      7  : 0.0200 0.9800
610      610   (0)      7  : 0.0226 0.9774
611      611   (0)      7  : 0.0140 0.9860
612      612   (0)      7  : 0.0190 0.9810
613      613   (0)      7  : 0.0606 0.9394
614      614   (5)      7  : 0.0140 0.9860
615      615   (0)      7  : 0.0190 0.9810
616      616   (0)      7  : 0.0170 0.9830
617      617   (0)      7  : 0.0210 0.9790
618      618   (0)      7  : 0.0240 0.9760
619      619   (0)      7  : 0.0320 0.9680
620      620   (0)      7  : 0.0170 0.9830
621      621   (0)      7  : 0.0140 0.9860
622      622   (0)      7  : 0.0270 0.9730
623      623   (0)      7  : 0.0170 0.9830
624      624   (0)      7  : 0.0130 0.9870
625      625   (0)      7  : 0.0132 0.9868
626      626   (0)      7  : 0.0170 0.9830
627      627   (0)      7  : 0.0160 0.9840
628      628   (0)      7  : 0.0172 0.9828
629      629   (0)      8  : 0.0160 0.9840
630      630   (0)      8  : 0.0180 0.9820
631      631   (0)      8  : 0.0240 0.9760
632      632   (0)      8  : 0.0150 0.9850
633      633   (0)      8  : 0.0190 0.9810
634      634   (0)      8  : 0.0310 0.9690
635      635   (0)      8  : 0.0160 0.9840
636      636   (0)      8  : 0.0200 0.9800
637      637   (0)      8  : 0.0130 0.9870
638      638   (0)      8  : 0.0260 0.9740
639      639   (0)      8  : 0.0160 0.9840
640      640   (0)      8  : 0.0400 0.9600
641      641   (0)      8  : 0.0180 0.9820
642      642   (0)      8  : 0.0150 0.9850
643      643   (0)      8  : 0.0140 0.9860
644      644   (0)      8  : 0.0150 0.9850
645      645   (0)      8  : 0.0220 0.9780
646      646   (0)      8  : 0.0170 0.9830
647      647   (0)      8  : 0.0150 0.9850
648      648   (0)      8  : 0.0190 0.9810
649      649   (0)      8  : 0.0170 0.9830
650      650   (0)      8  : 0.0170 0.9830
651      651   (0)      8  : 0.0210 0.9790
652      652   (0)      8  : 0.0280 0.9720
653      653   (0)      8  : 0.0350 0.9650
654      654   (0)      8  : 0.0170 0.9830
655      655   (0)      8  : 0.0150 0.9850
656      656   (0)      8  : 0.0180 0.9820
657      657   (0)      8  : 0.0210 0.9790
658      658   (0)      8  : 0.0184 0.9816
659      659   (0)      8  : 0.0260 0.9740
660      660   (0)      8  : 0.0190 0.9810
661      661   (0)      8  : 0.0200 0.9800
662      662   (0)      8  : 0.0140 0.9860
663      663   (0)      8  : 0.0200 0.9800
664      664   (0)      8  : 0.0240 0.9760
665      665   (0)      8  : 0.0180 0.9820
666      666   (0)      8  : 0.0200 0.9800
667      667   (0)      8  : 0.0180 0.9820
668      668   (0)      8  : 0.0160 0.9840
669      669   (0)      8  : 0.0180 0.9820
670      670   (0)      8  : 0.0230 0.9770
671      671   (0)      8  : 0.0150 0.9850
672      672   (0)      8  : 0.0140 0.9860
673      673   (0)      8  : 0.0230 0.9770
674      674   (0)      8  : 0.0380 0.9620
675      675   (0)      8  : 0.0170 0.9830
676      676   (0)      8  : 0.0300 0.9700
677      677   (0)      8  : 0.0210 0.9790
678      678   (0)      8  : 0.0190 0.9810
679      679   (0)      8  : 0.0290 0.9710
680      680   (0)      8  : 0.0190 0.9810
681      681   (0)      8  : 0.0210 0.9790
682      682   (0)      8  : 0.0180 0.9820
683      683   (0)      8  : 0.0200 0.9800
684      684   (0)      8  : 0.0160 0.9840
685      685   (0)      8  : 0.0160 0.9840
686      686   (0)      8  : 0.0140 0.9860
687      687   (0)      8  : 0.0150 0.9850
688      688   (0)      8  : 0.0140 0.9860
689      689   (0)      8  : 0.0150 0.9850
690      690   (0)      8  : 0.0182 0.9818
691      691   (0)      8  : 0.0130 0.9870
692      692   (0)      8  : 0.0150 0.9850
693      693   (0)      8  : 0.0224 0.9776
694      694   (0)      8  : 0.0190 0.9810
695      695   (0)      8  : 0.0210 0.9790
696      696   (0)      8  : 0.0244 0.9756
697      697   (0)      8  : 0.0230 0.9770
698      698   (0)      8  : 0.0240 0.9760
699      699   (0)      8  : 0.0180 0.9820
700      700   (0)      8  : 0.0250 0.9750
