1        1   (5)      1  : 0.9638 0.0362
2        2   (5)      1  : 0.9126 0.0874
3        3   (5)      1  : 0.9770 0.0230
4        4   (0)      1  : 0.9830 0.0170
5        5   (0)      1  : 0.9320 0.0680
6        6   (0)      1  : 0.9710 0.0290
7        7   (0)      1  : 0.8850 0.1150
8        8   (5)      1  : 0.9820 0.0180
9        9   (0)      1  : 0.9810 0.0190
10       10   (0)      1  : 0.8898 0.1102
11       11   (0)      1  : 0.9640 0.0360
12       12   (0)      1  : 0.9660 0.0340
13       13   (0)      1  : 0.9782 0.0218
14       14   (0)      1  : 0.9690 0.0310
15       15   (0)      1  : 0.9460 0.0540
16       16   (0)      1  : 0.9830 0.0170
17       17   (0)      1  : 0.9810 0.0190
18       18   (0)      1  : 0.9570 0.0430
19       19   (0)      1  : 0.9800 0.0200
20       20   (0)      1  : 0.9310 0.0690
21       21   (0)      1  : 0.9820 0.0180
22       22   (0)      1  : 0.9840 0.0160
23       23   (0)      1  : 0.9830 0.0170
24       24   (0)      1  : 0.9770 0.0230
25       25   (0)      1  : 0.9490 0.0510
26       26   (0)      1  : 0.9810 0.0190
27       27   (5)      1  : 0.9530 0.0470
28       28   (0)      1  : 0.9760 0.0240
29       29   (0)      1  : 0.9802 0.0198
30       30   (0)      1  : 0.9478 0.0522
31       31   (0)      1  : 0.9806 0.0194
32       32   (0)      1  : 0.9650 0.0350
33       33   (0)      1  : 0.9850 0.0150
34       34   (0)      1  : 0.9840 0.0160
35       35   (0)      1  : 0.9610 0.0390
36       36   (0)      1  : 0.9820 0.0180
37       37   (0)      1  : 0.9610 0.0390
38       38   (0)      1  : 0.9680 0.0320
39       39   (0)      1  : 0.9320 0.0680
40       40   (0)      1  : 0.9740 0.0260
41       41   (0)      1  : 0.9760 0.0240
42       42   (0)      1  : 0.9850 0.0150
43       43   (0)      1  : 0.9760 0.0240
44       44   (0)      1  : 0.9820 0.0180
45       45   (5)      1  : 0.9370 0.0630
46       46   (0)      1  : 0.9840 0.0160
47       47   (0)      1  : 0.9690 0.0310
48       48   (0)      1  : 0.9700 0.0300
49       49   (0)      1  : 0.9530 0.0470
50       50   (0)      1  : 0.9760 0.0240
51       51   (0)      1  : 0.9670 0.0330
52       52   (0)      1  : 0.9140 0.0860
53       53   (0)      1  : 0.9600 0.0400
54       54   (0)      1  : 0.9690 0.0310
55       55   (0)      1  : 0.9700 0.0300
56       56   (0)      1  : 0.9790 0.0210
57       57  (10)      1  : 0.9780 0.0220
58       58   (5)      1  : 0.9600 0.0400
59       59   (0)      1  : 0.9700 0.0300
60       60   (0)      1  : 0.9688 0.0312
61       61   (0)      1  : 0.9720 0.0280
62       62   (0)      1  : 0.9250 0.0750
63       63   (0)      1  : 0.9570 0.0430
64       64   (0)      1  : 0.9710 0.0290
65       65   (0)      1  : 0.9460 0.0540
66       66   (0)      1  : 0.9790 0.0210
67       67   (5)      1  : 0.9732 0.0268
68       68   (0)      1  : 0.9470 0.0530
69       69   (0)      1  : 0.9680 0.0320
70       70   (0)      1  : 0.9690 0.0310
71       71   (5)      1  : 0.9620 0.0380
72       72   (0)      1  : 0.9598 0.0402
73       73   (5)      1  : 0.9730 0.0270
74       74  (10)      1  : 0.9630 0.0370
75       75  (10)      1  : 0.9750 0.0250
76       76   (0)      1  : 0.9814 0.0186
77       77  (10)      1  : 0.9690 0.0310
78       78   (0)      1  : 0.9610 0.0390
79       79   (5)      1  : 0.9690 0.0310
80       80   (0)      1  : 0.9800 0.0200
81       81   (0)      1  : 0.9780 0.0220
82       82   (0)      1  : 0.9798 0.0202
83       83   (0)      1  : 0.9660 0.0340
84       84   (0)      1  : 0.9538 0.0462
85       85   (0)      1  : 0.9820 0.0180
86       86   (5)      1  : 0.9760 0.0240
87       87   (0)      1  : 0.9810 0.0190
88       88   (0)      1  : 0.9014 0.0986
89       89   (0)      1  : 0.9780 0.0220
90       90   (0)      1  : 0.9480 0.0520
91       91   (0)      1  : 0.9650 0.0350
92       92   (0)      1  : 0.9510 0.0490
93       93   (0)      1  : 0.9800 0.0200
94       94   (5)      1  : 0.9730 0.0270
95       95   (0)      1  : 0.9710 0.0290
96       96   (5)      1  : 0.9770 0.0230
97       97   (0)      1  : 0.9418 0.0582
98       98   (0)      1  : 0.9680 0.0320
99       99   (5)      1  : 0.9690 0.0310
100      100   (5)      1  : 0.9828 0.0172
101      101   (0)      2  : 0.8302 0.1698
102      102   (0)      2  : 0.9240 0.0760
103      103   (0)      2  : 0.9400 0.0600
104      104   (0)      2  : 0.9780 0.0220
105      105   (0)      2  : 0.9850 0.0150
106      106   (0)      2  : 0.8554 0.1446
107      107   (0)      2  : 0.9150 0.0850
108      108   (0)      2  : 0.9612 0.0388
109      109   (0)      2  : 0.9790 0.0210
110      110   (0)      2  : 0.9800 0.0200
111      111   (0)      2  : 0.8842 0.1158
112      112   (0)      2  : 0.9218 0.0782
113      113   (0)      2  : 0.9670 0.0330
114      114   (0)      2  : 0.9800 0.0200
115      115   (0)      2  : 0.9038 0.0962
116      116   (0)      2  : 0.9230 0.0770
117      117   (0)      2  : 0.9210 0.0790
118      118   (0)      2  : 0.9300 0.0700
119      119   (0)      2  : 0.9540 0.0460
120      120   (0)      2  : 0.8964 0.1036
121      121   (0)      2  : 0.9640 0.0360
122      122   (0)      2  : 0.9250 0.0750
123      123   (0)      2  : 0.9790 0.0210
124      124   (0)      2  : 0.9460 0.0540
125      125   (0)      2  : 0.9810 0.0190
126      126   (0)      2  : 0.9024 0.0976
127      127   (0)      2  : 0.9800 0.0200
128      128   (0)      2  : 0.9650 0.0350
129      129   (0)      2  : 0.9500 0.0500
130      130   (0)      2  : 0.9460 0.0540
131      131   (0)      2  : 0.9500 0.0500
132      132   (0)      2  : 0.9800 0.0200
133      133   (0)      2  : 0.9698 0.0302
134      134   (0)      2  : 0.7906 0.2094
135      135   (0)      2  : 0.8846 0.1154
136      136   (0)      2  : 0.9860 0.0140
137      137   (0)      2  : 0.9732 0.0268
138      138   (0)      2  : 0.8846 0.1154
139      139   (0)      2  : 0.9100 0.0900
140      140   (0)      2  : 0.9830 0.0170
141      141   (0)      2  : 0.8544 0.1456
142      142   (0)      2  : 0.9750 0.0250
143      143   (0)      2  : 0.7360 0.2640
144      144   (0)      2  : 0.8952 0.1048
145      145   (0)      2  : 0.9750 0.0250
146      146   (0)      2  : 0.8630 0.1370
147      147   (0)      2  : 0.9600 0.0400
148      148   (0)      2  : 0.9250 0.0750
149      149   (0)      2  : 0.9560 0.0440
150      150   (0)      2  : 0.8874 0.1126
151      151   (0)      2  : 0.9840 0.0160
152      152   (0)      2  : 0.9650 0.0350
153      153   (0)      2  : 0.9620 0.0380
154      154   (0)      2  : 0.8930 0.1070
155      155   (0)      2  : 0.8940 0.1060
156      156   (0)      2  : 0.9528 0.0472
157      157   (0)      2  : 0.8120 0.1880
158      158   (0)      2  : 0.9630 0.0370
159      159   (0)      2  : 0.9216 0.0784
160      160   (0)      2  : 0.9560 0.0440
161      161   (0)      2  : 0.9750 0.0250
162      162   (0)      2  : 0.7320 0.2680
163      163   (0)      2  : 0.9530 0.0470
164      164   (0)      2  : 0.9130 0.0870
165      165   (0)      2  : 0.9690 0.0310
166      166   (0)      2  : 0.9830 0.0170
167      167   (0)      2  : 0.7866 0.2134
168      168   (0)      2  : 0.9810 0.0190
169      169   (0)      2  : 0.9570 0.0430
170      170   (0)      2  : 0.9430 0.0570
171      171   (0)      2  : 0.9018 0.0982
172      172   (0)      2  : 0.8820 0.1180
173      173   (0)      2  : 0.9508 0.0492
174      174   (0)      2  : 0.8644 0.1356
175      175   (0)      2  : 0.9358 0.0642
176      176   (0)      2  : 0.9430 0.0570
177      177   (0)      2  : 0.8750 0.1250
178      178   (0)      2  : 0.9690 0.0310
179      179   (0)      2  : 0.8908 0.1092
180      180   (0)      2  : 0.9720 0.0280
181      181   (0)      2  : 0.9410 0.0590
182      182   (0)      2  : 0.9012 0.0988
183      183   (0)      2  : 0.9720 0.0280
184      184   (0)      2  : 0.9300 0.0700
185      185   (0)      2  : 0.9820 0.0180
186      186   (0)      2  : 0.7840 0.2160
187      187   (0)      2  : 0.9630 0.0370
188      188   (0)      2  : 0.9306 0.0694
189      189   (0)      2  : 0.9510 0.0490
190      190   (0)      2  : 0.9440 0.0560
191      191   (0)      2  : 0.9390 0.0610
192      192   (0)      2  : 0.9400 0.0600
193      193   (0)      2  : 0.9420 0.0580
194      194   (0)      2  : 0.9662 0.0338
195      195   (0)      2  : 0.8980 0.1020
196      196   (0)      2  : 0.9760 0.0240
197      197   (0)      2  : 0.9388 0.0612
198      198   (0)      2  : 0.8840 0.1160
199      199   (0)      2  : 0.8288 0.1712
200      200   (0)      2  : 0.9520 0.0480
201      201   (0)      3  : 0.8054 0.1946
202      202   (0)      3  : 0.7230 0.2770
203      203   (0)      3  : 0.9454 0.0546
204      204   (0)      3  : 0.9030 0.0970
205      205   (0)      3  : 0.5850 0.4150
206      206   (0)      3  : 0.8702 0.1298
207      207   (0)      3  : 0.9302 0.0698
208      208   (0)      3  : 0.5214 0.4786
209      209   (0)      3  : 0.3194 0.6806
210      210   (0)      3  : 0.8524 0.1476
211      211   (0)      3  : 0.4110 0.5890
212      212   (0)      3  : 0.9570 0.0430
213      213   (0)      3  : 0.9710 0.0290
214      214   (0)      3  : 0.6972 0.3028
215      215   (0)      3  : 0.6458 0.3542
216      216   (0)      3  : 0.8130 0.1870
217      217   (0)      3  : 0.6328 0.3672
218      218   (0)      3  : 0.8062 0.1938
219      219   (0)      3  : 0.9240 0.0760
220      220   (0)      3  : 0.6800 0.3200
221      221   (0)      3  : 0.8010 0.1990
222      222   (0)      3  : 0.9540 0.0460
223      223   (0)      3  : 0.7320 0.2680
224      224   (0)      3  : 0.9030 0.0970
225      225   (0)      3  : 0.9538 0.0462
226      226   (0)      3  : 0.6280 0.3720
227      227   (0)      3  : 0.8294 0.1706
228      228   (0)      3  : 0.9516 0.0484
229      229   (0)      3  : 0.8288 0.1712
230      230   (0)      3  : 0.9330 0.0670
231      231   (0)      3  : 0.6774 0.3226
232      232   (0)      3  : 0.6806 0.3194
233      233   (0)      3  : 0.8396 0.1604
234      234   (0)      3  : 0.8774 0.1226
235      235   (0)      3  : 0.9620 0.0380
236      236   (0)      3  : 0.8576 0.1424
237      237   (0)      3  : 0.7842 0.2158
238      238   (0)      3  : 0.8908 0.1092
239      239   (0)      3  : 0.9610 0.0390
240      240   (0)      3  : 0.9052 0.0948
241      241   (0)      3  : 0.9376 0.0624
242      242   (0)      3  : 0.6650 0.3350
243      243   (0)      3  : 0.6620 0.3380
244      244   (0)      3  : 0.9638 0.0362
245      245   (0)      3  : 0.8042 0.1958
246      246   (0)      3  : 0.9360 0.0640
247      247   (0)      3  : 0.8252 0.1748
248      248   (0)      3  : 0.8954 0.1046
249      249   (0)      3  : 0.7116 0.2884
250      250   (0)      3  : 0.7070 0.2930
251      251   (0)      3  : 0.8746 0.1254
252      252   (0)      3  : 0.8700 0.1300
253      253   (0)      3  : 0.8290 0.1710
254      254   (0)      3  : 0.9420 0.0580
255      255   (0)      3  : 0.7942 0.2058
256      256   (0)      3  : 0.8870 0.1130
257      257   (0)      3  : 0.6630 0.3370
258      258   (0)      3  : 0.8600 0.1400
259      259   (0)      3  : 0.8460 0.1540
260      260   (0)      3  : 0.7578 0.2422
261      261   (0)      3  : 0.9492 0.0508
262      262   (0)      3  : 0.6570 0.3430
263      263   (0)      3  : 0.8440 0.1560
264      264   (0)      3  : 0.8402 0.1598
265      265   (0)      3  : 0.6508 0.3492
266      266   (0)      3  : 0.7852 0.2148
267      267   (0)      3  : 0.9198 0.0802
268      268   (0)      3  : 0.5050 0.4950
269      269   (0)      3  : 0.9420 0.0580
270      270   (0)      3  : 0.8204 0.1796
271      271   (0)      3  : 0.6586 0.3414
272      272   (0)      3  : 0.8536 0.1464
273      273   (0)      3  : 0.6300 0.3700
274      274   (0)      3  : 0.9436 0.0564
275      275   (0)      3  : 0.9176 0.0824
276      276   (0)      3  : 0.7918 0.2082
277      277   (0)      3  : 0.9160 0.0840
278      278   (0)      3  : 0.7728 0.2272
279      279   (0)      3  : 0.9398 0.0602
280      280   (0)      3  : 0.7840 0.2160
281      281   (0)      3  : 0.8104 0.1896
282      282   (0)      3  : 0.8156 0.1844
283      283   (0)      3  : 0.8390 0.1610
284      284   (0)      3  : 0.9060 0.0940
285      285   (0)      3  : 0.7346 0.2654
286      286   (0)      3  : 0.8330 0.1670
287      287   (0)      3  : 0.9050 0.0950
288      288   (0)      3  : 0.8900 0.1100
289      289   (0)      3  : 0.7286 0.2714
290      290   (0)      3  : 0.5962 0.4038
291      291   (0)      3  : 0.5054 0.4946
292      292   (0)      3  : 0.7120 0.2880
293      293   (0)      3  : 0.6202 0.3798
294      294   (0)      3  : 0.8980 0.1020
295      295   (0)      3  : 0.9010 0.0990
296      296   (0)      3  : 0.7820 0.2180
297      297   (0)      3  : 0.9286 0.0714
298      298   (0)      3  : 0.8424 0.1576
299      299   (0)      3  : 0.7948 0.2052
300      300   (0)      3  : 0.7746 0.2254
301      301   (5)      4  : 0.6720 0.3280
302      302   (0)      4  : 0.3426 0.6574
303      303   (0)      4  : 0.4632 0.5368
304      304   (5)      4  : 0.4252 0.5748
305      305   (5)      4  : 0.3642 0.6358
306      306   (0)      4  : 0.2908 0.7092
307      307   (0)      5  : 0.6808 0.3192
308      308   (0)      5  : 0.5306 0.4694
309      309   (0)      5  : 0.5670 0.4330
310      310   (0)      5  : 0.7598 0.2402
311      311   (0)      5  : 0.4954 0.5046
312      312   (0)      5  : 0.3690 0.6310
313      313   (0)      5  : 0.4200 0.5800
314      314   (0)      5  : 0.6078 0.3922
315      315   (0)      5  : 0.6050 0.3950
316      316   (0)      5  : 0.5350 0.4650
317      317   (0)      5  : 0.4628 0.5372
318      318   (0)      5  : 0.7740 0.2260
319      319   (0)      5  : 0.6186 0.3814
320      320   (0)      5  : 0.4914 0.5086
321      321   (0)      5  : 0.6002 0.3998
322      322   (0)      5  : 0.6420 0.3580
323      323   (0)      5  : 0.6682 0.3318
324      324   (0)      5  : 0.4896 0.5104
325      325   (0)      5  : 0.6100 0.3900
326      326   (0)      5  : 0.3720 0.6280
327      327   (0)      5  : 0.5608 0.4392
328      328   (0)      5  : 0.5220 0.4780
329      329   (0)      5  : 0.5402 0.4598
330      330   (0)      5  : 0.4100 0.5900
331      331   (0)      5  : 0.5120 0.4880
332      332   (0)      5  : 0.4242 0.5758
333      333   (0)      5  : 0.3114 0.6886
334      334   (0)      5  : 0.3256 0.6744
335      335   (0)      5  : 0.5404 0.4596
336      336   (0)      5  : 0.3950 0.6050
337      337   (0)      5  : 0.5122 0.4878
338      338   (0)      5  : 0.6574 0.3426
339      339   (0)      5  : 0.4400 0.5600
340      340   (0)      5  : 0.4850 0.5150
341      341   (0)      5  : 0.7726 0.2274
342      342   (0)      5  : 0.5960 0.4040
343      343   (0)      5  : 0.7436 0.2564
344      344   (0)      5  : 0.4970 0.5030
345      345   (0)      5  : 0.6030 0.3970
346      346   (0)      5  : 0.3282 0.6718
347      347   (0)      5  : 0.5700 0.4300
348      348   (0)      5  : 0.6312 0.3688
349      349   (0)      5  : 0.3450 0.6550
350      350   (0)      5  : 0.6440 0.3560
351      351   (0)      5  : 0.4560 0.5440
352      352   (0)      5  : 0.4940 0.5060
353      353   (0)      5  : 0.7370 0.2630
354      354   (0)      5  : 0.6460 0.3540
355      355   (0)      5  : 0.4288 0.5712
356      356   (0)      5  : 0.5728 0.4272
357      357   (0)      5  : 0.4134 0.5866
358      358   (0)      5  : 0.5550 0.4450
359      359   (0)      5  : 0.4950 0.5050
360      360   (0)      5  : 0.4950 0.5050
361      361   (0)      5  : 0.4480 0.5520
362      362   (0)      5  : 0.5400 0.4600
363      363   (0)      5  : 0.5444 0.4556
364      364   (0)      5  : 0.3364 0.6636
365      365   (0)      5  : 0.4210 0.5790
366      366   (0)      5  : 0.4812 0.5188
367      367   (0)      5  : 0.6384 0.3616
368      368   (0)      5  : 0.5276 0.4724
369      369   (0)      5  : 0.5290 0.4710
370      370   (0)      5  : 0.5220 0.4780
371      371   (0)      5  : 0.9290 0.0710
372      372   (0)      5  : 0.5472 0.4528
373      373   (0)      5  : 0.4618 0.5382
374      374   (0)      5  : 0.7162 0.2838
375      375   (0)      5  : 0.6220 0.3780
376      376   (0)      5  : 0.6360 0.3640
377      377   (0)      5  : 0.5342 0.4658
378      378   (0)      5  : 0.5902 0.4098
379      379   (0)      5  : 0.3960 0.6040
380      380   (0)      5  : 0.5600 0.4400
381      381   (0)      5  : 0.8336 0.1664
382      382   (0)      5  : 0.3986 0.6014
383      383   (0)      5  : 0.6646 0.3354
384      384   (0)      5  : 0.5622 0.4378
385      385   (0)      5  : 0.4302 0.5698
386      386   (0)      5  : 0.5070 0.4930
387      387   (0)      5  : 0.4482 0.5518
388      388   (0)      5  : 0.4670 0.5330
389      389   (0)      5  : 0.4278 0.5722
390      390   (0)      5  : 0.8604 0.1396
391      391   (0)      5  : 0.5830 0.4170
392      392   (0)      5  : 0.2332 0.7668
393      393   (0)      5  : 0.7548 0.2452
394      394   (0)      5  : 0.5762 0.4238
395      395   (0)      5  : 0.5070 0.4930
396      396   (0)      5  : 0.4670 0.5330
397      397   (0)      5  : 0.4940 0.5060
398      398   (0)      5  : 0.5360 0.4640
399      399   (0)      5  : 0.3738 0.6262
400      400   (0)      5  : 0.6874 0.3126
401      401   (0)      5  : 0.4674 0.5326
402      402   (0)      5  : 0.5260 0.4740
403      403   (0)      5  : 0.4120 0.5880
404      404   (0)      5  : 0.5190 0.4810
405      405   (0)      5  : 0.5400 0.4600
406      406   (0)      5  : 0.4852 0.5148
407      407   (0)      6  : 0.0602 0.9398
408      408   (0)      6  : 0.0986 0.9014
409      409   (0)      7  : 0.2970 0.7030
410      410   (0)      7  : 0.3972 0.6028
411      411   (0)      7  : 0.3380 0.6620
412      412   (0)      7  : 0.2180 0.7820
413      413   (0)      7  : 0.0480 0.9520
414      414   (0)      7  : 0.4162 0.5838
415      415   (0)      7  : 0.2790 0.7210
416      416   (0)      7  : 0.1544 0.8456
417      417   (0)      7  : 0.1230 0.8770
418      418   (0)      7  : 0.4268 0.5732
419      419   (0)      7  : 0.1208 0.8792
420      420   (0)      7  : 0.1264 0.8736
421      421   (0)      7  : 0.0792 0.9208
422      422   (0)      7  : 0.2290 0.7710
423      423   (0)      7  : 0.3492 0.6508
424      424   (0)      7  : 0.3200 0.6800
425      425   (0)      7  : 0.1946 0.8054
426      426   (0)      7  : 0.2980 0.7020
427      427   (0)      7  : 0.3780 0.6220
428      428   (0)      7  : 0.3100 0.6900
429      429   (0)      7  : 0.2020 0.7980
430      430   (0)      7  : 0.3004 0.6996
431      431   (0)      7  : 0.2246 0.7754
432      432   (0)      7  : 0.1630 0.8370
433      433   (0)      7  : 0.4080 0.5920
434      434   (0)      7  : 0.0510 0.9490
435      435   (0)      7  : 0.2248 0.7752
436      436   (0)      7  : 0.3664 0.6336
437      437   (0)      7  : 0.2700 0.7300
438      438   (0)      7  : 0.2976 0.7024
439      439   (0)      7  : 0.0600 0.9400
440      440   (0)      7  : 0.1220 0.8780
441      441   (0)      7  : 0.2700 0.7300
442      442   (0)      7  : 0.0790 0.9210
443      443   (0)      7  : 0.3372 0.6628
444      444   (0)      7  : 0.3124 0.6876
445      445   (0)      7  : 0.2272 0.7728
446      446   (0)      7  : 0.4414 0.5586
447      447   (0)      7  : 0.4120 0.5880
448      448   (0)      7  : 0.0640 0.9360
449      449   (0)      7  : 0.3126 0.6874
450      450   (0)      7  : 0.1372 0.8628
451      451   (0)      7  : 0.0274 0.9726
452      452   (0)      7  : 0.2076 0.7924
453      453   (0)      7  : 0.3068 0.6932
454      454   (0)      7  : 0.1200 0.8800
455      455   (0)      7  : 0.2260 0.7740
456      456   (0)      7  : 0.2482 0.7518
457      457   (0)      7  : 0.1470 0.8530
458      458   (0)      7  : 0.1950 0.8050
459      459   (0)      7  : 0.2278 0.7722
460      460   (0)      7  : 0.5220 0.4780
461      461   (0)      7  : 0.2450 0.7550
462      462   (0)      7  : 0.2234 0.7766
463      463   (0)      7  : 0.1392 0.8608
464      464   (0)      7  : 0.3308 0.6692
465      465   (0)      7  : 0.2720 0.7280
466      466   (0)      7  : 0.0952 0.9048
467      467   (0)      7  : 0.1988 0.8012
468      468   (0)      7  : 0.1728 0.8272
469      469   (0)      7  : 0.0900 0.9100
470      470   (0)      7  : 0.1986 0.8014
471      471   (0)      7  : 0.1454 0.8546
472      472   (0)      7  : 0.3980 0.6020
473      473   (0)      7  : 0.3268 0.6732
474      474   (0)      7  : 0.3076 0.6924
475      475   (0)      7  : 0.2030 0.7970
476      476   (0)      7  : 0.0960 0.9040
477      477   (0)      7  : 0.4240 0.5760
478      478   (0)      7  : 0.3310 0.6690
479      479   (0)      7  : 0.1244 0.8756
480      480   (0)      7  : 0.2176 0.7824
481      481   (0)      7  : 0.2218 0.7782
482      482   (0)      7  : 0.2040 0.7960
483      483   (0)      7  : 0.1460 0.8540
484      484   (0)      7  : 0.1310 0.8690
485      485   (0)      7  : 0.3952 0.6048
486      486   (0)      7  : 0.1500 0.8500
487      487   (0)      7  : 0.4668 0.5332
488      488   (0)      7  : 0.2430 0.7570
489      489   (0)      7  : 0.0546 0.9454
490      490   (0)      7  : 0.4004 0.5996
491      491   (0)      7  : 0.1200 0.8800
492      492   (0)      7  : 0.2860 0.7140
493      493   (0)      7  : 0.1572 0.8428
494      494   (0)      7  : 0.3240 0.6760
495      495   (0)      7  : 0.2094 0.7906
496      496   (0)      7  : 0.1942 0.8058
497      497   (0)      7  : 0.0660 0.9340
498      498   (0)      7  : 0.2040 0.7960
499      499   (0)      7  : 0.1350 0.8650
500      500   (0)      7  : 0.2204 0.7796
501      501   (0)      7  : 0.3974 0.6026
502      502   (0)      7  : 0.2780 0.7220
503      503   (0)      7  : 0.3086 0.6914
504      504   (0)      7  : 0.2810 0.7190
505      505   (0)      7  : 0.3368 0.6632
506      506   (0)      7  : 0.0700 0.9300
507      507   (0)      7  : 0.1572 0.8428
508      508   (0)      7  : 0.4312 0.5688
509      509  (10)      8  : 0.0200 0.9800
510      510   (5)      8  : 0.0340 0.9660
511      511   (5)      8  : 0.0812 0.9188
512      512   (5)      8  : 0.0170 0.9830
513      513  (10)      8  : 0.0290 0.9710
514      514   (5)      8  : 0.0952 0.9048
515      515  (10)      8  : 0.0300 0.9700
516      516   (0)      8  : 0.0580 0.9420
517      517   (0)      8  : 0.0360 0.9640
518      518   (0)      8  : 0.0190 0.9810
519      519   (0)      8  : 0.0512 0.9488
520      520   (0)      8  : 0.1220 0.8780
521      521   (0)      8  : 0.0270 0.9730
522      522   (0)      8  : 0.0244 0.9756
523      523   (0)      8  : 0.0320 0.9680
524      524   (0)      8  : 0.0350 0.9650
525      525   (0)      8  : 0.0320 0.9680
526      526   (0)      8  : 0.0720 0.9280
527      527   (0)      8  : 0.0560 0.9440
528      528   (5)      8  : 0.0658 0.9342
529      529   (0)      8  : 0.0290 0.9710
530      530   (0)      8  : 0.0960 0.9040
531      531   (5)      8  : 0.0532 0.9468
532      532   (5)      8  : 0.0634 0.9366
533      533   (0)      8  : 0.1922 0.8078
534      534   (0)      8  : 0.0992 0.9008
535      535   (0)      8  : 0.0642 0.9358
536      536   (0)      8  : 0.0250 0.9750
537      537   (0)      8  : 0.0180 0.9820
538      538   (0)      8  : 0.0150 0.9850
539      539   (0)      8  : 0.0150 0.9850
540      540   (0)      8  : 0.0480 0.9520
541      541   (0)      8  : 0.0480 0.9520
542      542   (0)      8  : 0.0392 0.9608
543      543   (0)      8  : 0.0708 0.9292
544      544   (0)      8  : 0.0340 0.9660
545      545   (0)      8  : 0.1120 0.8880
546      546   (0)      8  : 0.0300 0.9700
547      547   (0)      8  : 0.0480 0.9520
548      548   (0)      8  : 0.0810 0.9190
549      549   (0)      8  : 0.0290 0.9710
550      550   (0)      8  : 0.0270 0.9730
551      551   (0)      9  : 0.0210 0.9790
552      552   (0)      9  : 0.1022 0.8978
553      553   (0)      9  : 0.1380 0.8620
554      554   (0)      9  : 0.2974 0.7026
555      555   (0)      9  : 0.0230 0.9770
556      556   (0)      9  : 0.3270 0.6730
557      557   (0)      9  : 0.1120 0.8880
558      558   (0)      9  : 0.1170 0.8830
559      559   (0)      9  : 0.0500 0.9500
560      560   (0)      9  : 0.0402 0.9598
561      561   (0)      9  : 0.0672 0.9328
562      562   (0)      9  : 0.0210 0.9790
563      563   (0)      9  : 0.0350 0.9650
564      564   (0)      9  : 0.0270 0.9730
565      565   (0)      9  : 0.0240 0.9760
566      566   (0)      9  : 0.0160 0.9840
567      567   (0)      9  : 0.0870 0.9130
568      568   (0)      9  : 0.0520 0.9480
569      569   (0)      9  : 0.1786 0.8214
570      570   (0)      9  : 0.2960 0.7040
571      571   (0)      9  : 0.0450 0.9550
572      572   (0)      9  : 0.2240 0.7760
573      573   (0)      9  : 0.1818 0.8182
574      574   (0)      9  : 0.1120 0.8880
575      575   (0)      9  : 0.1832 0.8168
576      576   (0)      9  : 0.0320 0.9680
577      577   (0)      9  : 0.0692 0.9308
578      578   (0)      9  : 0.1350 0.8650
579      579   (0)      9  : 0.0380 0.9620
580      580   (0)      9  : 0.0520 0.9480
581      581   (0)      9  : 0.1150 0.8850
582      582   (0)      9  : 0.1218 0.8782
583      583   (0)      9  : 0.1096 0.8904
584      584   (0)      9  : 0.1400 0.8600
585      585   (0)      9  : 0.1624 0.8376
586      586   (0)      9  : 0.0538 0.9462
587      587   (0)      9  : 0.2000 0.8000
588      588   (0)      9  : 0.3488 0.6512
589      589   (0)      9  : 0.0490 0.9510
590      590   (0)      9  : 0.0250 0.9750
591      591   (0)      9  : 0.0340 0.9660
592      592   (0)      9  : 0.1422 0.8578
593      593   (0)      9  : 0.0986 0.9014
594      594   (0)      9  : 0.1166 0.8834
595      595   (0)      9  : 0.0310 0.9690
596      596   (0)      9  : 0.0730 0.9270
597      597   (0)      9  : 0.0914 0.9086
598      598   (0)      9  : 0.0234 0.9766
599      599   (0)      9  : 0.1508 0.8492
600      600   (0)      9  : 0.0380 0.9620
601      601   (0)      9  : 0.0570 0.9430
602      602   (0)      9  : 0.2030 0.7970
603      603   (0)      9  : 0.0960 0.9040
604      604   (0)      9  : 0.0614 0.9386
605      605   (0)      9  : 0.1782 0.8218
606      606   (0)      9  : 0.1396 0.8604
607      607   (0)      9  : 0.0370 0.9630
608      608   (0)      9  : 0.0408 0.9592
609      609   (0)      9  : 0.0926 0.9074
610      610   (0)      9  : 0.0760 0.9240
611      611   (0)      9  : 0.1482 0.8518
612      612   (0)      9  : 0.0390 0.9610
613      613   (0)      9  : 0.1370 0.8630
614      614   (0)      9  : 0.1238 0.8762
615      615   (0)      9  : 0.2050 0.7950
616      616   (0)      9  : 0.1682 0.8318
617      617   (0)      9  : 0.0440 0.9560
618      618   (0)      9  : 0.1000 0.9000
619      619   (0)      9  : 0.0732 0.9268
620      620   (0)      9  : 0.0908 0.9092
621      621   (0)      9  : 0.1910 0.8090
622      622   (0)      9  : 0.0380 0.9620
623      623   (0)      9  : 0.0450 0.9550
624      624   (0)      9  : 0.0960 0.9040
625      625   (0)      9  : 0.0240 0.9760
626      626   (0)      9  : 0.1098 0.8902
627      627   (0)      9  : 0.2564 0.7436
628      628   (0)      9  : 0.0992 0.9008
629      629   (0)      9  : 0.1660 0.8340
630      630   (0)      9  : 0.0150 0.9850
631      631   (0)      9  : 0.0520 0.9480
632      632   (0)      9  : 0.0914 0.9086
633      633   (0)      9  : 0.1058 0.8942
634      634   (0)      9  : 0.1760 0.8240
635      635   (0)      9  : 0.0440 0.9560
636      636   (0)      9  : 0.4020 0.5980
637      637   (0)      9  : 0.0290 0.9710
638      638   (0)      9  : 0.0460 0.9540
639      639   (0)      9  : 0.0300 0.9700
640      640   (0)      9  : 0.0370 0.9630
641      641   (0)      9  : 0.0200 0.9800
642      642   (0)      9  : 0.0640 0.9360
643      643   (0)      9  : 0.0280 0.9720
644      644   (0)      9  : 0.1580 0.8420
645      645   (0)      9  : 0.0382 0.9618
646      646   (0)      9  : 0.0788 0.9212
647      647   (0)      9  : 0.1064 0.8936
648      648   (0)      9  : 0.0406 0.9594
649      649   (0)      9  : 0.0650 0.9350
650      650   (0)      9  : 0.1160 0.8840
651      651   (5)     10  : 0.0200 0.9800
652      652   (0)     10  : 0.1290 0.8710
653      653   (0)     10  : 0.0250 0.9750
654      654   (0)     10  : 0.0290 0.9710
655      655   (0)     10  : 0.0140 0.9860
656      656   (0)     10  : 0.0160 0.9840
657      657   (0)     10  : 0.0210 0.9790
658      658   (0)     10  : 0.0190 0.9810
659      659   (0)     10  : 0.0160 0.9840
660      660  (10)     10  : 0.0190 0.9810
661      661   (0)     10  : 0.0170 0.9830
662      662   (0)     10  : 0.0360 0.9640
663      663   (0)     10  : 0.0220 0.9780
664      664   (0)     10  : 0.0360 0.9640
665      665   (5)     10  : 0.0200 0.9800
666      666   (5)     10  : 0.0300 0.9700
667      667   (0)     10  : 0.0230 0.9770
668      668   (0)     10  : 0.0390 0.9610
669      669   (5)     10  : 0.0300 0.9700
670      670   (0)     10  : 0.0760 0.9240
671      671   (0)     10  : 0.1086 0.8914
672      672   (0)     10  : 0.0160 0.9840
673      673   (0)     10  : 0.0134 0.9866
674      674   (0)     10  : 0.0270 0.9730
675      675   (0)     10  : 0.0160 0.9840
676      676   (5)     10  : 0.0192 0.9808
677      677   (0)     10  : 0.0170 0.9830
678      678   (5)     10  : 0.1020 0.8980
679      679   (0)     10  : 0.0190 0.9810
680      680   (0)     10  : 0.0210 0.9790
681      681   (0)     10  : 0.0340 0.9660
682      682   (5)     10  : 0.0270 0.9730
683      683   (0)     10  : 0.0260 0.9740
684      684   (0)     10  : 0.0220 0.9780
685      685   (5)     10  : 0.0710 0.9290
686      686   (5)     10  : 0.0220 0.9780
687      687   (0)     10  : 0.0220 0.9780
688      688   (5)     10  : 0.0530 0.9470
689      689   (0)     10  : 0.0502 0.9498
690      690   (0)     10  : 0.0140 0.9860
691      691   (0)     10  : 0.0350 0.9650
692      692   (0)     10  : 0.0170 0.9830
693      693   (5)     10  : 0.0230 0.9770
694      694   (5)     10  : 0.0310 0.9690
695      695   (0)     10  : 0.0160 0.9840
696      696   (0)     10  : 0.0252 0.9748
697      697   (0)     10  : 0.0280 0.9720
698      698   (0)     10  : 0.0720 0.9280
699      699   (0)     10  : 0.1030 0.8970
700      700  (10)     10  : 0.0260 0.9740
701      701   (0)     10  : 0.0180 0.9820
702      702   (5)     10  : 0.0230 0.9770
703      703   (0)     10  : 0.0160 0.9840
704      704   (0)     10  : 0.0170 0.9830
705      705   (0)     10  : 0.0736 0.9264
706      706   (0)     10  : 0.0210 0.9790
707      707   (5)     10  : 0.0280 0.9720
708      708  (10)     10  : 0.0680 0.9320
709      709   (0)     10  : 0.0150 0.9850
710      710   (0)     10  : 0.0280 0.9720
711      711   (5)     10  : 0.0390 0.9610
712      712  (10)     10  : 0.0270 0.9730
713      713   (5)     10  : 0.0230 0.9770
714      714   (0)     10  : 0.0190 0.9810
715      715  (10)     10  : 0.0430 0.9570
716      716   (0)     10  : 0.0220 0.9780
717      717  (10)     10  : 0.0180 0.9820
718      718   (0)     10  : 0.0170 0.9830
719      719   (5)     10  : 0.0150 0.9850
720      720   (5)     10  : 0.0302 0.9698
721      721   (0)     10  : 0.0160 0.9840
722      722   (0)     10  : 0.0160 0.9840
723      723   (0)     10  : 0.0200 0.9800
724      724  (10)     10  : 0.0400 0.9600
725      725   (0)     10  : 0.2184 0.7816
726      726   (0)     10  : 0.0200 0.9800
727      727   (0)     10  : 0.0160 0.9840
728      728   (0)     10  : 0.0140 0.9860
729      729   (0)     10  : 0.0170 0.9830
730      730   (0)     10  : 0.0550 0.9450
731      731   (5)     10  : 0.0412 0.9588
732      732   (0)     10  : 0.0152 0.9848
733      733   (5)     10  : 0.0200 0.9800
734      734   (0)     10  : 0.0190 0.9810
735      735  (10)     10  : 0.0812 0.9188
736      736   (0)     10  : 0.0190 0.9810
737      737   (0)     10  : 0.0180 0.9820
738      738   (5)     10  : 0.0300 0.9700
739      739   (5)     10  : 0.0160 0.9840
740      740   (5)     10  : 0.0720 0.9280
741      741  (10)     10  : 0.0490 0.9510
742      742   (0)     10  : 0.0180 0.9820
743      743   (0)     10  : 0.0170 0.9830
744      744   (5)     10  : 0.0430 0.9570
745      745   (0)     10  : 0.1362 0.8638
746      746   (0)     10  : 0.0322 0.9678
747      747   (0)     10  : 0.0180 0.9820
748      748   (5)     10  : 0.0270 0.9730
749      749   (0)     10  : 0.0280 0.9720
750      750   (0)     10  : 0.0240 0.9760
