1        1   (5)      1  : 0.9840 0.0160
2        2   (5)      1  : 0.9530 0.0470
3        3   (5)      1  : 0.9890 0.0110
4        4   (0)      1  : 0.9920 0.0080
5        5   (0)      1  : 0.9638 0.0362
6        6   (0)      1  : 0.9850 0.0150
7        7   (0)      1  : 0.9008 0.0992
8        8   (5)      1  : 0.9910 0.0090
9        9   (0)      1  : 0.9910 0.0090
10       10   (0)      1  : 0.9650 0.0350
11       11   (0)      1  : 0.9830 0.0170
12       12   (0)      1  : 0.9760 0.0240
13       13   (0)      1  : 0.9900 0.0100
14       14   (0)      1  : 0.9840 0.0160
15       15   (0)      1  : 0.9890 0.0110
16       16   (0)      1  : 0.9930 0.0070
17       17   (0)      1  : 0.9910 0.0090
18       18   (0)      1  : 0.9800 0.0200
19       19   (0)      1  : 0.9920 0.0080
20       20   (0)      1  : 0.9506 0.0494
21       21   (0)      1  : 0.9900 0.0100
22       22   (0)      1  : 0.9930 0.0070
23       23   (0)      1  : 0.9930 0.0070
24       24   (0)      1  : 0.9910 0.0090
25       25   (0)      1  : 0.9620 0.0380
26       26   (0)      1  : 0.9900 0.0100
27       27   (5)      1  : 0.9418 0.0582
28       28   (0)      1  : 0.9850 0.0150
29       29   (0)      1  : 0.9910 0.0090
30       30   (0)      1  : 0.9540 0.0460
31       31   (0)      1  : 0.9910 0.0090
32       32   (0)      1  : 0.9880 0.0120
33       33   (0)      1  : 0.9930 0.0070
34       34   (0)      1  : 0.9920 0.0080
35       35   (0)      1  : 0.9730 0.0270
36       36   (0)      1  : 0.9900 0.0100
37       37   (0)      1  : 0.9810 0.0190
38       38   (0)      1  : 0.9870 0.0130
39       39   (0)      1  : 0.9642 0.0358
40       40   (0)      1  : 0.9870 0.0130
41       41   (0)      1  : 0.9860 0.0140
42       42   (0)      1  : 0.9940 0.0060
43       43   (0)      1  : 0.9880 0.0120
44       44   (0)      1  : 0.9920 0.0080
45       45   (5)      1  : 0.9810 0.0190
46       46   (0)      1  : 0.9920 0.0080
47       47   (0)      1  : 0.9850 0.0150
48       48   (0)      1  : 0.9850 0.0150
49       49   (0)      1  : 0.9850 0.0150
50       50   (0)      1  : 0.9870 0.0130
51       51   (0)      1  : 0.9850 0.0150
52       52   (0)      1  : 0.9632 0.0368
53       53   (0)      1  : 0.9880 0.0120
54       54   (0)      1  : 0.9820 0.0180
55       55   (0)      1  : 0.9830 0.0170
56       56   (0)      1  : 0.9906 0.0094
57       57  (10)      1  : 0.9900 0.0100
58       58   (5)      1  : 0.9820 0.0180
59       59   (0)      1  : 0.9870 0.0130
60       60   (0)      1  : 0.9890 0.0110
61       61   (0)      1  : 0.9840 0.0160
62       62   (0)      1  : 0.9790 0.0210
63       63   (0)      1  : 0.9830 0.0170
64       64   (0)      1  : 0.9870 0.0130
65       65   (0)      1  : 0.9610 0.0390
66       66   (0)      1  : 0.9910 0.0090
67       67   (5)      1  : 0.9850 0.0150
68       68   (0)      1  : 0.9700 0.0300
69       69   (0)      1  : 0.9752 0.0248
70       70   (0)      1  : 0.9870 0.0130
71       71   (5)      1  : 0.9840 0.0160
72       72   (0)      1  : 0.9840 0.0160
73       73   (5)      1  : 0.9870 0.0130
74       74  (10)      1  : 0.9780 0.0220
75       75  (10)      1  : 0.9880 0.0120
76       76   (0)      1  : 0.9910 0.0090
77       77  (10)      1  : 0.9880 0.0120
78       78   (0)      1  : 0.9870 0.0130
79       79   (5)      1  : 0.9760 0.0240
80       80   (0)      1  : 0.9910 0.0090
81       81   (0)      1  : 0.9910 0.0090
82       82   (0)      1  : 0.9920 0.0080
83       83   (0)      1  : 0.9890 0.0110
84       84   (0)      1  : 0.9830 0.0170
85       85   (0)      1  : 0.9900 0.0100
86       86   (5)      1  : 0.9900 0.0100
87       87   (0)      1  : 0.9900 0.0100
88       88   (0)      1  : 0.9652 0.0348
89       89   (0)      1  : 0.9860 0.0140
90       90   (0)      1  : 0.9840 0.0160
91       91   (0)      1  : 0.9810 0.0190
92       92   (0)      1  : 0.9770 0.0230
93       93   (0)      1  : 0.9910 0.0090
94       94   (5)      1  : 0.9880 0.0120
95       95   (0)      1  : 0.9870 0.0130
96       96   (5)      1  : 0.9900 0.0100
97       97   (0)      1  : 0.9820 0.0180
98       98   (0)      1  : 0.9860 0.0140
99       99   (5)      1  : 0.9880 0.0120
100      100   (5)      1  : 0.9920 0.0080
101      101   (0)      2  : 0.9830 0.0170
102      102   (0)      2  : 0.9870 0.0130
103      103   (0)      2  : 0.9900 0.0100
104      104   (0)      2  : 0.9900 0.0100
105      105   (0)      2  : 0.9920 0.0080
106      106   (0)      2  : 0.9890 0.0110
107      107   (0)      2  : 0.9930 0.0070
108      108   (0)      2  : 0.9890 0.0110
109      109   (0)      2  : 0.9890 0.0110
110      110   (0)      2  : 0.9600 0.0400
111      111   (0)      2  : 0.9930 0.0070
112      112   (0)      2  : 0.9830 0.0170
113      113   (0)      2  : 0.9880 0.0120
114      114   (0)      2  : 0.9910 0.0090
115      115   (0)      2  : 0.9910 0.0090
116      116   (0)      2  : 0.9730 0.0270
117      117   (0)      2  : 0.9920 0.0080
118      118   (0)      2  : 0.9820 0.0180
119      119   (0)      2  : 0.9700 0.0300
120      120   (0)      2  : 0.9900 0.0100
121      121   (0)      2  : 0.9786 0.0214
122      122   (0)      2  : 0.9792 0.0208
123      123   (0)      2  : 0.9810 0.0190
124      124   (0)      2  : 0.9860 0.0140
125      125   (0)      2  : 0.9880 0.0120
126      126   (0)      2  : 0.9910 0.0090
127      127   (0)      2  : 0.9930 0.0070
128      128   (0)      2  : 0.9930 0.0070
129      129   (0)      2  : 0.9940 0.0060
130      130   (0)      2  : 0.9860 0.0140
131      131   (0)      2  : 0.9920 0.0080
132      132   (0)      2  : 0.9860 0.0140
133      133   (0)      2  : 0.9900 0.0100
134      134   (0)      2  : 0.9920 0.0080
135      135   (0)      2  : 0.9870 0.0130
136      136   (0)      2  : 0.9820 0.0180
137      137   (0)      2  : 0.8904 0.1096
138      138   (0)      2  : 0.9910 0.0090
139      139   (0)      2  : 0.9920 0.0080
140      140   (0)      2  : 0.9930 0.0070
141      141   (0)      2  : 0.9880 0.0120
142      142   (0)      2  : 0.9870 0.0130
143      143   (0)      2  : 0.9570 0.0430
144      144   (0)      2  : 0.9790 0.0210
145      145   (0)      2  : 0.9860 0.0140
146      146   (0)      2  : 0.9850 0.0150
147      147   (0)      2  : 0.9850 0.0150
148      148   (0)      2  : 0.9880 0.0120
149      149   (0)      2  : 0.9940 0.0060
150      150   (0)      2  : 0.9880 0.0120
151      151   (0)      2  : 0.9880 0.0120
152      152   (0)      2  : 0.9920 0.0080
153      153   (0)      2  : 0.9910 0.0090
154      154   (0)      2  : 0.9910 0.0090
155      155   (0)      2  : 0.9870 0.0130
156      156   (0)      2  : 0.9940 0.0060
157      157   (0)      2  : 0.9754 0.0246
158      158   (0)      2  : 0.9880 0.0120
159      159   (0)      2  : 0.9910 0.0090
160      160   (0)      2  : 0.9660 0.0340
161      161   (0)      2  : 0.9870 0.0130
162      162   (0)      2  : 0.9860 0.0140
163      163   (0)      2  : 0.9890 0.0110
164      164   (0)      2  : 0.9900 0.0100
165      165   (0)      2  : 0.9890 0.0110
166      166   (0)      2  : 0.9880 0.0120
167      167   (0)      2  : 0.9140 0.0860
168      168   (0)      2  : 0.9780 0.0220
169      169   (0)      2  : 0.9760 0.0240
170      170   (0)      2  : 0.9790 0.0210
171      171   (0)      2  : 0.9714 0.0286
172      172   (0)      2  : 0.9890 0.0110
173      173   (0)      2  : 0.9796 0.0204
174      174   (0)      2  : 0.9920 0.0080
175      175   (0)      2  : 0.9900 0.0100
176      176   (0)      2  : 0.9760 0.0240
177      177   (0)      2  : 0.9920 0.0080
178      178   (0)      2  : 0.9680 0.0320
179      179   (0)      2  : 0.9880 0.0120
180      180   (0)      2  : 0.9810 0.0190
181      181   (0)      2  : 0.9920 0.0080
182      182   (0)      2  : 0.9910 0.0090
183      183   (0)      2  : 0.9850 0.0150
184      184   (0)      2  : 0.9890 0.0110
185      185   (0)      2  : 0.9910 0.0090
186      186   (0)      2  : 0.9900 0.0100
187      187   (0)      2  : 0.9622 0.0378
188      188   (0)      2  : 0.9830 0.0170
189      189   (0)      2  : 0.9680 0.0320
190      190   (0)      2  : 0.9610 0.0390
191      191   (0)      2  : 0.9890 0.0110
192      192   (0)      2  : 0.9880 0.0120
193      193   (0)      2  : 0.9822 0.0178
194      194   (0)      2  : 0.9710 0.0290
195      195   (0)      2  : 0.9880 0.0120
196      196   (0)      2  : 0.9790 0.0210
197      197   (0)      2  : 0.9740 0.0260
198      198   (0)      2  : 0.9840 0.0160
199      199   (0)      2  : 0.9330 0.0670
200      200   (0)      2  : 0.9880 0.0120
201      201   (0)      2  : 0.9938 0.0062
202      202   (0)      2  : 0.9818 0.0182
203      203   (0)      2  : 0.9890 0.0110
204      204   (0)      2  : 0.9830 0.0170
205      205   (0)      2  : 0.9900 0.0100
206      206   (0)      2  : 0.9890 0.0110
207      207   (0)      2  : 0.9750 0.0250
208      208   (0)      2  : 0.9930 0.0070
209      209   (0)      2  : 0.9880 0.0120
210      210   (0)      2  : 0.9940 0.0060
211      211   (0)      2  : 0.9910 0.0090
212      212   (0)      2  : 0.9880 0.0120
213      213   (0)      2  : 0.9830 0.0170
214      214   (0)      2  : 0.9890 0.0110
215      215   (0)      2  : 0.9730 0.0270
216      216   (0)      2  : 0.9540 0.0460
217      217   (0)      2  : 0.9930 0.0070
218      218   (0)      2  : 0.9920 0.0080
219      219   (0)      2  : 0.9500 0.0500
220      220   (0)      2  : 0.9790 0.0210
221      221   (0)      2  : 0.9870 0.0130
222      222   (0)      2  : 0.9890 0.0110
223      223   (0)      2  : 0.9830 0.0170
224      224   (0)      2  : 0.9860 0.0140
225      225   (0)      2  : 0.9774 0.0226
226      226   (0)      2  : 0.9830 0.0170
227      227   (0)      2  : 0.9450 0.0550
228      228   (0)      2  : 0.9800 0.0200
229      229   (0)      2  : 0.9880 0.0120
230      230   (0)      2  : 0.9910 0.0090
231      231   (0)      2  : 0.9870 0.0130
232      232   (0)      2  : 0.9212 0.0788
233      233   (0)      2  : 0.9830 0.0170
234      234   (0)      2  : 0.9900 0.0100
235      235   (0)      2  : 0.9810 0.0190
236      236   (0)      2  : 0.9900 0.0100
237      237   (0)      2  : 0.9920 0.0080
238      238   (0)      2  : 0.9902 0.0098
239      239   (0)      2  : 0.9840 0.0160
240      240   (0)      2  : 0.9350 0.0650
241      241   (0)      2  : 0.9880 0.0120
242      242   (0)      2  : 0.9800 0.0200
243      243   (0)      2  : 0.9900 0.0100
244      244   (0)      2  : 0.9870 0.0130
245      245   (0)      2  : 0.9870 0.0130
246      246   (0)      2  : 0.9890 0.0110
247      247   (0)      2  : 0.9920 0.0080
248      248   (0)      2  : 0.9890 0.0110
249      249   (0)      2  : 0.9720 0.0280
250      250   (0)      2  : 0.9870 0.0130
251      251   (0)      2  : 0.9842 0.0158
252      252   (0)      2  : 0.9910 0.0090
253      253   (0)      2  : 0.9920 0.0080
254      254   (0)      2  : 0.9770 0.0230
255      255   (0)      2  : 0.9930 0.0070
256      256   (0)      2  : 0.9470 0.0530
257      257   (0)      2  : 0.9912 0.0088
258      258   (0)      2  : 0.9860 0.0140
259      259   (0)      2  : 0.9800 0.0200
260      260   (0)      2  : 0.9920 0.0080
261      261   (0)      2  : 0.9710 0.0290
262      262   (0)      2  : 0.9910 0.0090
263      263   (0)      2  : 0.9910 0.0090
264      264   (0)      2  : 0.9900 0.0100
265      265   (0)      2  : 0.9246 0.0754
266      266   (0)      2  : 0.9910 0.0090
267      267   (0)      2  : 0.9920 0.0080
268      268   (0)      2  : 0.9870 0.0130
269      269   (0)      2  : 0.9710 0.0290
270      270   (0)      2  : 0.9900 0.0100
271      271   (0)      2  : 0.9720 0.0280
272      272   (0)      2  : 0.9720 0.0280
273      273   (0)      2  : 0.9850 0.0150
274      274   (0)      2  : 0.9880 0.0120
275      275   (0)      2  : 0.9910 0.0090
276      276   (0)      2  : 0.9840 0.0160
277      277   (0)      2  : 0.9870 0.0130
278      278   (0)      2  : 0.9890 0.0110
279      279   (0)      2  : 0.9760 0.0240
280      280   (0)      2  : 0.9870 0.0130
281      281   (0)      2  : 0.9926 0.0074
282      282   (0)      2  : 0.9920 0.0080
283      283   (0)      2  : 0.9860 0.0140
284      284   (0)      2  : 0.9910 0.0090
285      285   (0)      2  : 0.9680 0.0320
286      286   (0)      2  : 0.9890 0.0110
287      287   (0)      2  : 0.9910 0.0090
288      288   (0)      2  : 0.9930 0.0070
289      289   (0)      2  : 0.9860 0.0140
290      290   (0)      2  : 0.9858 0.0142
291      291   (0)      2  : 0.9718 0.0282
292      292   (0)      2  : 0.9450 0.0550
293      293   (0)      2  : 0.9930 0.0070
294      294   (0)      2  : 0.9910 0.0090
295      295   (0)      2  : 0.9708 0.0292
296      296   (0)      2  : 0.9870 0.0130
297      297   (0)      2  : 0.9900 0.0100
298      298   (0)      2  : 0.9778 0.0222
299      299   (0)      2  : 0.9736 0.0264
300      300   (0)      2  : 0.9830 0.0170
301      301   (0)      2  : 0.9850 0.0150
302      302   (0)      2  : 0.9810 0.0190
303      303   (0)      2  : 0.9570 0.0430
304      304   (0)      2  : 0.9940 0.0060
305      305   (0)      2  : 0.9770 0.0230
306      306   (0)      2  : 0.9910 0.0090
307      307   (0)      2  : 0.9900 0.0100
308      308   (0)      2  : 0.8152 0.1848
309      309   (0)      2  : 0.9920 0.0080
310      310   (0)      2  : 0.9820 0.0180
311      311   (0)      2  : 0.9930 0.0070
312      312   (0)      2  : 0.9870 0.0130
313      313   (0)      2  : 0.9890 0.0110
314      314   (0)      2  : 0.9210 0.0790
315      315   (0)      2  : 0.9820 0.0180
316      316   (0)      2  : 0.9870 0.0130
317      317   (0)      2  : 0.9860 0.0140
318      318   (0)      2  : 0.9770 0.0230
319      319   (0)      2  : 0.9760 0.0240
320      320   (0)      2  : 0.9900 0.0100
321      321   (0)      2  : 0.9914 0.0086
322      322   (0)      2  : 0.9790 0.0210
323      323   (0)      2  : 0.9910 0.0090
324      324   (0)      2  : 0.9710 0.0290
325      325   (0)      2  : 0.9890 0.0110
326      326   (0)      2  : 0.9910 0.0090
327      327   (0)      2  : 0.9876 0.0124
328      328   (0)      2  : 0.9850 0.0150
329      329   (0)      2  : 0.9860 0.0140
330      330   (0)      2  : 0.9790 0.0210
331      331   (0)      2  : 0.9910 0.0090
332      332   (0)      2  : 0.9930 0.0070
333      333   (0)      2  : 0.9530 0.0470
334      334   (0)      2  : 0.9530 0.0470
335      335   (0)      2  : 0.9880 0.0120
336      336   (0)      2  : 0.9860 0.0140
337      337   (0)      2  : 0.9840 0.0160
338      338   (0)      2  : 0.9850 0.0150
339      339   (0)      2  : 0.9890 0.0110
340      340   (0)      2  : 0.9920 0.0080
341      341   (0)      2  : 0.9900 0.0100
342      342   (0)      2  : 0.9840 0.0160
343      343   (0)      2  : 0.9920 0.0080
344      344   (0)      2  : 0.9770 0.0230
345      345   (0)      2  : 0.9900 0.0100
346      346   (0)      2  : 0.9670 0.0330
347      347   (0)      2  : 0.9940 0.0060
348      348   (0)      2  : 0.9840 0.0160
349      349   (0)      2  : 0.9800 0.0200
350      350   (0)      2  : 0.9930 0.0070
351      351   (0)      2  : 0.9900 0.0100
352      352   (0)      2  : 0.9870 0.0130
353      353   (0)      2  : 0.9920 0.0080
354      354   (0)      2  : 0.9860 0.0140
355      355   (0)      2  : 0.9920 0.0080
356      356   (0)      2  : 0.9886 0.0114
357      357   (0)      2  : 0.9890 0.0110
358      358   (0)      2  : 0.9672 0.0328
359      359   (0)      2  : 0.9890 0.0110
360      360   (0)      2  : 0.9870 0.0130
361      361   (0)      2  : 0.9790 0.0210
362      362   (0)      2  : 0.9906 0.0094
363      363   (0)      2  : 0.9910 0.0090
364      364   (0)      2  : 0.9840 0.0160
365      365   (0)      2  : 0.9920 0.0080
366      366   (0)      2  : 0.9814 0.0186
367      367   (0)      2  : 0.9880 0.0120
368      368   (0)      2  : 0.9930 0.0070
369      369   (0)      2  : 0.9920 0.0080
370      370   (0)      2  : 0.9820 0.0180
371      371   (0)      2  : 0.9900 0.0100
372      372   (0)      2  : 0.9830 0.0170
373      373   (0)      2  : 0.9840 0.0160
374      374   (0)      2  : 0.9820 0.0180
375      375   (0)      2  : 0.9910 0.0090
376      376   (0)      2  : 0.9780 0.0220
377      377   (0)      2  : 0.9940 0.0060
378      378   (0)      2  : 0.9900 0.0100
379      379   (0)      2  : 0.9910 0.0090
380      380   (0)      2  : 0.9880 0.0120
381      381   (0)      2  : 0.9774 0.0226
382      382   (0)      2  : 0.9832 0.0168
383      383   (0)      2  : 0.9872 0.0128
384      384   (0)      2  : 0.9760 0.0240
385      385   (0)      2  : 0.9920 0.0080
386      386   (0)      2  : 0.9660 0.0340
387      387   (0)      2  : 0.9730 0.0270
388      388   (0)      2  : 0.9890 0.0110
389      389   (0)      2  : 0.9670 0.0330
390      390   (0)      2  : 0.9880 0.0120
391      391   (0)      2  : 0.9632 0.0368
392      392   (0)      2  : 0.9870 0.0130
393      393   (0)      2  : 0.9780 0.0220
394      394   (0)      2  : 0.9910 0.0090
395      395   (0)      2  : 0.9770 0.0230
396      396   (0)      2  : 0.9890 0.0110
397      397   (0)      2  : 0.9880 0.0120
398      398   (0)      2  : 0.9930 0.0070
399      399   (0)      2  : 0.9900 0.0100
400      400   (0)      2  : 0.9900 0.0100
401      401   (0)      2  : 0.9860 0.0140
402      402   (0)      2  : 0.9902 0.0098
403      403   (0)      2  : 0.9490 0.0510
404      404   (0)      2  : 0.9850 0.0150
405      405   (0)      2  : 0.9910 0.0090
406      406   (0)      2  : 0.9890 0.0110
407      407   (0)      2  : 0.9790 0.0210
408      408   (0)      2  : 0.9900 0.0100
409      409   (0)      2  : 0.9830 0.0170
410      410   (0)      2  : 0.9920 0.0080
411      411   (0)      2  : 0.9890 0.0110
412      412   (0)      2  : 0.9860 0.0140
413      413   (0)      2  : 0.9910 0.0090
414      414   (0)      2  : 0.9600 0.0400
415      415   (0)      2  : 0.9940 0.0060
416      416   (0)      2  : 0.9940 0.0060
417      417   (0)      2  : 0.9420 0.0580
418      418   (0)      2  : 0.9850 0.0150
419      419   (0)      2  : 0.9920 0.0080
420      420   (0)      2  : 0.9594 0.0406
421      421   (0)      2  : 0.9900 0.0100
422      422   (0)      2  : 0.9586 0.0414
423      423   (0)      2  : 0.9830 0.0170
424      424   (0)      2  : 0.9890 0.0110
425      425   (0)      2  : 0.9870 0.0130
426      426   (0)      2  : 0.9872 0.0128
427      427   (0)      2  : 0.9880 0.0120
428      428   (0)      2  : 0.9470 0.0530
429      429   (0)      2  : 0.9880 0.0120
430      430   (0)      2  : 0.9920 0.0080
431      431   (0)      2  : 0.9820 0.0180
432      432   (0)      2  : 0.9854 0.0146
433      433   (0)      2  : 0.9900 0.0100
434      434   (0)      2  : 0.9840 0.0160
435      435   (0)      2  : 0.9840 0.0160
436      436   (0)      2  : 0.9912 0.0088
437      437   (0)      2  : 0.9860 0.0140
438      438   (0)      2  : 0.9750 0.0250
439      439   (0)      2  : 0.9910 0.0090
440      440   (0)      2  : 0.9858 0.0142
441      441   (0)      2  : 0.9710 0.0290
442      442   (0)      2  : 0.9362 0.0638
443      443   (0)      2  : 0.9900 0.0100
444      444   (0)      2  : 0.9910 0.0090
445      445   (0)      2  : 0.9920 0.0080
446      446   (0)      2  : 0.9830 0.0170
447      447   (0)      2  : 0.9800 0.0200
448      448   (0)      2  : 0.9830 0.0170
449      449   (0)      2  : 0.9910 0.0090
450      450   (0)      2  : 0.9940 0.0060
451      451   (0)      2  : 0.9910 0.0090
452      452   (0)      2  : 0.8608 0.1392
453      453   (0)      2  : 0.9670 0.0330
454      454   (0)      2  : 0.9580 0.0420
455      455   (0)      2  : 0.9850 0.0150
456      456   (0)      2  : 0.9880 0.0120
457      457   (0)      2  : 0.9880 0.0120
458      458   (0)      2  : 0.9920 0.0080
459      459   (0)      2  : 0.9870 0.0130
460      460   (0)      2  : 0.9792 0.0208
461      461   (0)      2  : 0.9830 0.0170
462      462   (0)      2  : 0.9460 0.0540
463      463   (0)      2  : 0.9930 0.0070
464      464   (0)      2  : 0.9920 0.0080
465      465   (0)      2  : 0.9780 0.0220
466      466   (0)      2  : 0.9910 0.0090
467      467   (0)      2  : 0.9920 0.0080
468      468   (0)      2  : 0.9580 0.0420
469      469   (0)      2  : 0.9920 0.0080
470      470   (0)      2  : 0.9110 0.0890
471      471   (0)      2  : 0.9870 0.0130
472      472   (0)      2  : 0.9810 0.0190
473      473   (0)      2  : 0.9730 0.0270
474      474   (0)      2  : 0.9870 0.0130
475      475   (0)      2  : 0.9370 0.0630
476      476   (0)      2  : 0.9900 0.0100
477      477   (0)      2  : 0.9890 0.0110
478      478   (0)      2  : 0.9850 0.0150
479      479   (0)      2  : 0.9760 0.0240
480      480   (0)      2  : 0.9880 0.0120
481      481   (0)      2  : 0.9920 0.0080
482      482   (0)      2  : 0.9880 0.0120
483      483   (0)      2  : 0.9840 0.0160
484      484   (0)      2  : 0.9772 0.0228
485      485   (0)      2  : 0.9460 0.0540
486      486   (0)      2  : 0.9880 0.0120
487      487   (0)      2  : 0.9840 0.0160
488      488   (0)      2  : 0.9780 0.0220
489      489   (0)      2  : 0.9870 0.0130
490      490   (0)      2  : 0.9908 0.0092
491      491   (0)      2  : 0.9870 0.0130
492      492   (0)      2  : 0.9580 0.0420
493      493   (0)      2  : 0.9828 0.0172
494      494   (0)      2  : 0.9790 0.0210
495      495   (0)      2  : 0.9860 0.0140
496      496   (0)      2  : 0.9930 0.0070
497      497   (0)      2  : 0.9900 0.0100
498      498   (0)      2  : 0.9826 0.0174
499      499   (0)      2  : 0.9688 0.0312
500      500   (0)      2  : 0.9930 0.0070
501      501   (0)      3  : 0.9610 0.0390
502      502   (0)      3  : 0.8632 0.1368
503      503   (0)      3  : 0.7750 0.2250
504      504   (0)      3  : 0.9880 0.0120
505      505   (0)      3  : 0.9670 0.0330
506      506   (0)      3  : 0.8620 0.1380
507      507   (0)      3  : 0.8172 0.1828
508      508   (0)      3  : 0.9560 0.0440
509      509   (0)      3  : 0.7346 0.2654
510      510   (0)      3  : 0.9080 0.0920
511      511   (0)      3  : 0.8800 0.1200
512      512   (0)      3  : 0.8160 0.1840
513      513   (0)      3  : 0.9890 0.0110
514      514   (0)      3  : 0.9800 0.0200
515      515   (0)      3  : 0.9650 0.0350
516      516   (0)      3  : 0.9660 0.0340
517      517   (0)      3  : 0.9870 0.0130
518      518   (0)      3  : 0.9230 0.0770
519      519   (0)      3  : 0.9728 0.0272
520      520   (0)      3  : 0.9840 0.0160
521      521   (0)      3  : 0.9600 0.0400
522      522   (0)      3  : 0.9518 0.0482
523      523   (0)      3  : 0.9462 0.0538
524      524   (0)      3  : 0.9498 0.0502
525      525   (0)      3  : 0.7044 0.2956
526      526   (0)      3  : 0.7220 0.2780
527      527   (0)      3  : 0.9008 0.0992
528      528   (0)      3  : 0.9520 0.0480
529      529   (0)      3  : 0.8850 0.1150
530      530   (0)      3  : 0.9304 0.0696
531      531   (0)      3  : 0.9800 0.0200
532      532   (0)      3  : 0.8026 0.1974
533      533   (0)      3  : 0.8790 0.1210
534      534   (0)      3  : 0.9920 0.0080
535      535   (0)      3  : 0.8250 0.1750
536      536   (0)      3  : 0.9860 0.0140
537      537   (0)      3  : 0.8870 0.1130
538      538   (0)      3  : 0.9082 0.0918
539      539   (0)      3  : 0.9700 0.0300
540      540   (0)      3  : 0.9910 0.0090
541      541   (0)      3  : 0.6748 0.3252
542      542   (0)      3  : 0.8380 0.1620
543      543   (0)      3  : 0.9770 0.0230
544      544   (0)      3  : 0.8558 0.1442
545      545   (0)      3  : 0.9236 0.0764
546      546   (0)      3  : 0.9640 0.0360
547      547   (0)      3  : 0.9350 0.0650
548      548   (0)      3  : 0.8902 0.1098
549      549   (0)      3  : 0.8990 0.1010
550      550   (0)      3  : 0.8562 0.1438
551      551   (0)      3  : 0.9320 0.0680
552      552   (0)      3  : 0.7140 0.2860
553      553   (0)      3  : 0.7818 0.2182
554      554   (0)      3  : 0.9830 0.0170
555      555   (0)      3  : 0.9800 0.0200
556      556   (0)      3  : 0.9650 0.0350
557      557   (0)      3  : 0.9120 0.0880
558      558   (0)      3  : 0.9690 0.0310
559      559   (0)      3  : 0.9830 0.0170
560      560   (0)      3  : 0.9210 0.0790
561      561   (0)      3  : 0.9778 0.0222
562      562   (0)      3  : 0.9760 0.0240
563      563   (0)      3  : 0.8970 0.1030
564      564   (0)      3  : 0.8250 0.1750
565      565   (0)      3  : 0.9780 0.0220
566      566   (0)      3  : 0.7242 0.2758
567      567   (0)      3  : 0.9300 0.0700
568      568   (0)      3  : 0.8850 0.1150
569      569   (0)      3  : 0.8036 0.1964
570      570   (0)      3  : 0.9820 0.0180
571      571   (0)      3  : 0.9060 0.0940
572      572   (0)      3  : 0.9120 0.0880
573      573   (0)      3  : 0.8980 0.1020
574      574   (0)      3  : 0.9370 0.0630
575      575   (0)      3  : 0.7534 0.2466
576      576   (0)      3  : 0.6270 0.3730
577      577   (0)      3  : 0.8302 0.1698
578      578   (0)      3  : 0.9850 0.0150
579      579   (0)      3  : 0.9260 0.0740
580      580   (0)      3  : 0.8786 0.1214
581      581   (0)      3  : 0.9890 0.0110
582      582   (0)      3  : 0.6630 0.3370
583      583   (0)      3  : 0.7820 0.2180
584      584   (0)      3  : 0.9558 0.0442
585      585   (0)      3  : 0.7922 0.2078
586      586   (0)      3  : 0.8680 0.1320
587      587   (0)      3  : 0.9188 0.0812
588      588   (0)      3  : 0.8440 0.1560
589      589   (0)      3  : 0.8330 0.1670
590      590   (0)      3  : 0.8070 0.1930
591      591   (0)      3  : 0.8740 0.1260
592      592   (0)      3  : 0.9700 0.0300
593      593   (0)      3  : 0.9650 0.0350
594      594   (0)      3  : 0.9740 0.0260
595      595   (0)      3  : 0.9230 0.0770
596      596   (0)      3  : 0.7220 0.2780
597      597   (0)      3  : 0.9730 0.0270
598      598   (0)      3  : 0.7170 0.2830
599      599   (0)      3  : 0.7480 0.2520
600      600   (0)      3  : 0.8540 0.1460
601      601   (0)      4  : 0.7132 0.2868
602      602   (0)      4  : 0.5670 0.4330
603      603   (0)      4  : 0.7770 0.2230
604      604   (0)      4  : 0.6396 0.3604
605      605   (0)      4  : 0.8064 0.1936
606      606   (0)      4  : 0.6390 0.3610
607      607   (0)      4  : 0.9010 0.0990
608      608   (0)      4  : 0.6140 0.3860
609      609   (0)      4  : 0.6880 0.3120
610      610   (0)      4  : 0.6984 0.3016
611      611   (0)      4  : 0.9518 0.0482
612      612   (0)      4  : 0.5160 0.4840
613      613   (0)      4  : 0.7350 0.2650
614      614   (0)      4  : 0.9840 0.0160
615      615   (0)      4  : 0.8812 0.1188
616      616   (0)      4  : 0.7698 0.2302
617      617   (0)      4  : 0.7210 0.2790
618      618   (0)      4  : 0.8430 0.1570
619      619   (0)      4  : 0.7390 0.2610
620      620   (0)      4  : 0.7424 0.2576
621      621   (0)      4  : 0.6386 0.3614
622      622   (0)      4  : 0.8230 0.1770
623      623   (0)      4  : 0.7910 0.2090
624      624   (0)      4  : 0.9580 0.0420
625      625   (0)      4  : 0.7698 0.2302
626      626   (0)      4  : 0.7802 0.2198
627      627   (0)      4  : 0.6840 0.3160
628      628   (0)      4  : 0.6906 0.3094
629      629   (0)      4  : 0.5880 0.4120
630      630   (0)      4  : 0.8784 0.1216
631      631   (0)      4  : 0.9780 0.0220
632      632   (0)      4  : 0.7532 0.2468
633      633   (0)      4  : 0.9116 0.0884
634      634   (0)      4  : 0.8478 0.1522
635      635   (0)      4  : 0.6860 0.3140
636      636   (0)      4  : 0.7864 0.2136
637      637   (0)      4  : 0.8660 0.1340
638      638   (0)      4  : 0.6950 0.3050
639      639   (0)      4  : 0.6648 0.3352
640      640   (0)      4  : 0.9740 0.0260
641      641   (0)      4  : 0.7540 0.2460
642      642   (0)      4  : 0.7290 0.2710
643      643   (0)      4  : 0.7068 0.2932
644      644   (0)      4  : 0.7754 0.2246
645      645   (0)      4  : 0.6910 0.3090
646      646   (0)      4  : 0.8542 0.1458
647      647   (0)      4  : 0.7274 0.2726
648      648   (0)      4  : 0.6664 0.3336
649      649   (0)      4  : 0.8630 0.1370
650      650   (0)      4  : 0.7848 0.2152
651      651   (0)      4  : 0.9430 0.0570
652      652   (0)      4  : 0.7160 0.2840
653      653   (0)      4  : 0.8810 0.1190
654      654   (0)      4  : 0.5640 0.4360
655      655   (0)      4  : 0.8278 0.1722
656      656   (0)      4  : 0.8126 0.1874
657      657   (0)      4  : 0.7450 0.2550
658      658   (0)      4  : 0.7184 0.2816
659      659   (0)      4  : 0.8642 0.1358
660      660   (0)      4  : 0.8472 0.1528
661      661   (0)      4  : 0.7560 0.2440
662      662   (0)      4  : 0.6510 0.3490
663      663   (0)      4  : 0.7890 0.2110
664      664   (0)      4  : 0.8078 0.1922
665      665   (0)      4  : 0.7420 0.2580
666      666   (0)      4  : 0.6428 0.3572
667      667   (0)      4  : 0.8078 0.1922
668      668   (0)      4  : 0.7538 0.2462
669      669   (0)      4  : 0.7530 0.2470
670      670   (0)      4  : 0.7734 0.2266
671      671   (0)      4  : 0.5880 0.4120
672      672   (0)      4  : 0.6490 0.3510
673      673   (0)      4  : 0.7510 0.2490
674      674   (0)      4  : 0.8650 0.1350
675      675   (0)      4  : 0.5366 0.4634
676      676   (0)      4  : 0.7950 0.2050
677      677   (0)      4  : 0.6692 0.3308
678      678   (0)      4  : 0.9380 0.0620
679      679   (0)      4  : 0.5130 0.4870
680      680   (0)      4  : 0.6112 0.3888
681      681   (0)      4  : 0.8120 0.1880
682      682   (0)      4  : 0.9602 0.0398
683      683   (0)      4  : 0.8128 0.1872
684      684   (0)      4  : 0.6980 0.3020
685      685   (0)      4  : 0.6860 0.3140
686      686   (0)      4  : 0.7800 0.2200
687      687   (0)      4  : 0.5486 0.4514
688      688   (0)      4  : 0.5598 0.4402
689      689   (0)      4  : 0.8926 0.1074
690      690   (0)      4  : 0.7520 0.2480
691      691   (0)      4  : 0.8320 0.1680
692      692   (0)      4  : 0.5070 0.4930
693      693   (0)      4  : 0.6780 0.3220
694      694   (0)      4  : 0.7314 0.2686
695      695   (0)      4  : 0.6250 0.3750
696      696   (0)      4  : 0.8500 0.1500
697      697   (0)      4  : 0.7606 0.2394
698      698   (0)      4  : 0.9426 0.0574
699      699   (0)      4  : 0.9770 0.0230
700      700   (0)      4  : 0.6708 0.3292
701      701   (5)      5  : 0.6060 0.3940
702      702   (0)      5  : 0.3878 0.6122
703      703   (0)      5  : 0.5158 0.4842
704      704   (5)      5  : 0.4508 0.5492
705      705   (5)      5  : 0.4354 0.5646
706      706   (0)      5  : 0.3220 0.6780
707      707   (0)      6  : 0.5460 0.4540
708      708   (0)      6  : 0.5520 0.4480
709      709   (0)      6  : 0.3118 0.6882
710      710   (0)      6  : 0.5390 0.4610
711      711   (0)      6  : 0.3880 0.6120
712      712   (0)      6  : 0.5020 0.4980
713      713   (0)      6  : 0.5300 0.4700
714      714   (0)      6  : 0.4640 0.5360
715      715   (0)      6  : 0.5428 0.4572
716      716   (0)      6  : 0.5810 0.4190
717      717   (0)      6  : 0.5998 0.4002
718      718   (0)      6  : 0.8170 0.1830
719      719   (0)      6  : 0.7250 0.2750
720      720   (0)      6  : 0.4330 0.5670
721      721   (0)      6  : 0.4770 0.5230
722      722   (0)      6  : 0.4558 0.5442
723      723   (0)      6  : 0.6190 0.3810
724      724   (0)      6  : 0.4482 0.5518
725      725   (0)      6  : 0.5648 0.4352
726      726   (0)      6  : 0.3752 0.6248
727      727   (0)      6  : 0.5040 0.4960
728      728   (0)      6  : 0.5800 0.4200
729      729   (0)      6  : 0.4670 0.5330
730      730   (0)      6  : 0.5110 0.4890
731      731   (0)      6  : 0.4890 0.5110
732      732   (0)      6  : 0.4332 0.5668
733      733   (0)      6  : 0.4622 0.5378
734      734   (0)      6  : 0.5874 0.4126
735      735   (0)      6  : 0.4090 0.5910
736      736   (0)      6  : 0.5498 0.4502
737      737   (0)      6  : 0.4914 0.5086
738      738   (0)      6  : 0.3832 0.6168
739      739   (0)      6  : 0.4710 0.5290
740      740   (0)      6  : 0.5510 0.4490
741      741   (0)      6  : 0.4892 0.5108
742      742   (0)      6  : 0.5280 0.4720
743      743   (0)      6  : 0.5790 0.4210
744      744   (0)      6  : 0.4374 0.5626
745      745   (0)      6  : 0.6000 0.4000
746      746   (0)      6  : 0.6168 0.3832
747      747   (0)      6  : 0.5370 0.4630
748      748   (0)      6  : 0.4980 0.5020
749      749   (0)      6  : 0.5600 0.4400
750      750   (0)      6  : 0.5076 0.4924
751      751   (0)      6  : 0.5398 0.4602
752      752   (0)      6  : 0.4162 0.5838
753      753   (0)      6  : 0.5150 0.4850
754      754   (0)      6  : 0.4750 0.5250
755      755   (0)      6  : 0.3810 0.6190
756      756   (0)      6  : 0.4930 0.5070
757      757   (0)      6  : 0.3964 0.6036
758      758   (0)      6  : 0.6488 0.3512
759      759   (0)      6  : 0.6520 0.3480
760      760   (0)      6  : 0.7842 0.2158
761      761   (0)      6  : 0.4310 0.5690
762      762   (0)      6  : 0.5780 0.4220
763      763   (0)      6  : 0.5020 0.4980
764      764   (0)      6  : 0.4324 0.5676
765      765   (0)      6  : 0.4052 0.5948
766      766   (0)      6  : 0.4880 0.5120
767      767   (0)      6  : 0.6080 0.3920
768      768   (0)      6  : 0.4382 0.5618
769      769   (0)      6  : 0.4216 0.5784
770      770   (0)      6  : 0.4880 0.5120
771      771   (0)      6  : 0.4620 0.5380
772      772   (0)      6  : 0.3712 0.6288
773      773   (0)      6  : 0.7630 0.2370
774      774   (0)      6  : 0.4160 0.5840
775      775   (0)      6  : 0.5160 0.4840
776      776   (0)      6  : 0.3120 0.6880
777      777   (0)      6  : 0.5392 0.4608
778      778   (0)      6  : 0.5770 0.4230
779      779   (0)      6  : 0.5670 0.4330
780      780   (0)      6  : 0.3044 0.6956
781      781   (0)      6  : 0.5670 0.4330
782      782   (0)      6  : 0.7582 0.2418
783      783   (0)      6  : 0.5716 0.4284
784      784   (0)      6  : 0.3770 0.6230
785      785   (0)      6  : 0.4680 0.5320
786      786   (0)      6  : 0.4260 0.5740
787      787   (0)      6  : 0.4440 0.5560
788      788   (0)      6  : 0.5248 0.4752
789      789   (0)      6  : 0.5072 0.4928
790      790   (0)      6  : 0.5050 0.4950
791      791   (0)      6  : 0.4062 0.5938
792      792   (0)      6  : 0.4210 0.5790
793      793   (0)      6  : 0.4880 0.5120
794      794   (0)      6  : 0.5284 0.4716
795      795   (0)      6  : 0.6180 0.3820
796      796   (0)      6  : 0.4170 0.5830
797      797   (0)      6  : 0.4740 0.5260
798      798   (0)      6  : 0.6602 0.3398
799      799   (0)      6  : 0.4360 0.5640
800      800   (0)      6  : 0.4780 0.5220
801      801   (0)      6  : 0.5120 0.4880
802      802   (0)      6  : 0.4470 0.5530
803      803   (0)      6  : 0.5060 0.4940
804      804   (0)      6  : 0.5134 0.4866
805      805   (0)      6  : 0.6216 0.3784
806      806   (0)      6  : 0.5408 0.4592
807      807   (0)      7  : 0.1258 0.8742
808      808   (0)      7  : 0.2290 0.7710
809      809   (0)      8  : 0.1918 0.8082
810      810   (0)      8  : 0.2088 0.7912
811      811   (0)      8  : 0.1422 0.8578
812      812   (0)      8  : 0.3310 0.6690
813      813   (0)      8  : 0.3548 0.6452
814      814   (0)      8  : 0.4378 0.5622
815      815   (0)      8  : 0.2210 0.7790
816      816   (0)      8  : 0.4070 0.5930
817      817   (0)      8  : 0.0160 0.9840
818      818   (0)      8  : 0.1740 0.8260
819      819   (0)      8  : 0.0770 0.9230
820      820   (0)      8  : 0.3860 0.6140
821      821   (0)      8  : 0.2088 0.7912
822      822   (0)      8  : 0.2540 0.7460
823      823   (0)      8  : 0.2440 0.7560
824      824   (0)      8  : 0.1630 0.8370
825      825   (0)      8  : 0.1302 0.8698
826      826   (0)      8  : 0.3008 0.6992
827      827   (0)      8  : 0.4160 0.5840
828      828   (0)      8  : 0.1010 0.8990
829      829   (0)      8  : 0.1692 0.8308
830      830   (0)      8  : 0.2792 0.7208
831      831   (0)      8  : 0.3250 0.6750
832      832   (0)      8  : 0.0400 0.9600
833      833   (0)      8  : 0.4450 0.5550
834      834   (0)      8  : 0.2530 0.7470
835      835   (0)      8  : 0.3150 0.6850
836      836   (0)      8  : 0.4040 0.5960
837      837   (0)      8  : 0.3290 0.6710
838      838   (0)      8  : 0.0110 0.9890
839      839   (0)      8  : 0.1974 0.8026
840      840   (0)      8  : 0.1110 0.8890
841      841   (0)      8  : 0.2570 0.7430
842      842   (0)      8  : 0.2860 0.7140
843      843   (0)      8  : 0.2830 0.7170
844      844   (0)      8  : 0.0640 0.9360
845      845   (0)      8  : 0.2730 0.7270
846      846   (0)      8  : 0.3210 0.6790
847      847   (0)      8  : 0.1388 0.8612
848      848   (0)      8  : 0.2830 0.7170
849      849   (0)      8  : 0.2830 0.7170
850      850   (0)      8  : 0.0940 0.9060
851      851   (0)      8  : 0.2860 0.7140
852      852   (0)      8  : 0.2260 0.7740
853      853   (0)      8  : 0.2500 0.7500
854      854   (0)      8  : 0.1212 0.8788
855      855   (0)      8  : 0.0690 0.9310
856      856   (0)      8  : 0.1950 0.8050
857      857   (0)      8  : 0.3150 0.6850
858      858   (0)      8  : 0.4740 0.5260
859      859   (0)      8  : 0.2832 0.7168
860      860   (0)      8  : 0.3010 0.6990
861      861   (0)      8  : 0.2710 0.7290
862      862   (0)      8  : 0.1500 0.8500
863      863   (0)      8  : 0.3030 0.6970
864      864   (0)      8  : 0.3540 0.6460
865      865   (0)      8  : 0.2510 0.7490
866      866   (0)      8  : 0.5830 0.4170
867      867   (0)      8  : 0.1878 0.8122
868      868   (0)      8  : 0.3840 0.6160
869      869   (0)      8  : 0.3280 0.6720
870      870   (0)      8  : 0.3518 0.6482
871      871   (0)      8  : 0.1322 0.8678
872      872   (0)      8  : 0.2982 0.7018
873      873   (0)      8  : 0.2196 0.7804
874      874   (0)      8  : 0.0520 0.9480
875      875   (0)      8  : 0.2820 0.7180
876      876   (0)      8  : 0.3340 0.6660
877      877   (0)      8  : 0.2150 0.7850
878      878   (0)      8  : 0.0520 0.9480
879      879   (0)      8  : 0.2324 0.7676
880      880   (0)      8  : 0.3244 0.6756
881      881   (0)      8  : 0.2304 0.7696
882      882   (0)      8  : 0.3152 0.6848
883      883   (0)      8  : 0.2840 0.7160
884      884   (0)      8  : 0.2980 0.7020
885      885   (0)      8  : 0.1010 0.8990
886      886   (0)      8  : 0.2962 0.7038
887      887   (0)      8  : 0.2200 0.7800
888      888   (0)      8  : 0.2798 0.7202
889      889   (0)      8  : 0.2320 0.7680
890      890   (0)      8  : 0.2300 0.7700
891      891   (0)      8  : 0.0370 0.9630
892      892   (0)      8  : 0.2530 0.7470
893      893   (0)      8  : 0.2356 0.7644
894      894   (0)      8  : 0.3142 0.6858
895      895   (0)      8  : 0.2714 0.7286
896      896   (0)      8  : 0.1332 0.8668
897      897   (0)      8  : 0.2952 0.7048
898      898   (0)      8  : 0.1796 0.8204
899      899   (0)      8  : 0.2536 0.7464
900      900   (0)      8  : 0.2690 0.7310
901      901   (0)      8  : 0.2032 0.7968
902      902   (0)      8  : 0.2750 0.7250
903      903   (0)      8  : 0.2578 0.7422
904      904   (0)      8  : 0.2660 0.7340
905      905   (0)      8  : 0.2518 0.7482
906      906   (0)      8  : 0.0110 0.9890
907      907   (0)      8  : 0.2860 0.7140
908      908   (0)      8  : 0.3780 0.6220
909      909  (10)      9  : 0.0570 0.9430
910      910   (5)      9  : 0.0160 0.9840
911      911   (5)      9  : 0.3876 0.6124
912      912   (5)      9  : 0.0110 0.9890
913      913  (10)      9  : 0.1978 0.8022
914      914   (5)      9  : 0.4414 0.5586
915      915  (10)      9  : 0.0714 0.9286
916      916   (0)      9  : 0.0838 0.9162
917      917   (0)      9  : 0.0550 0.9450
918      918   (0)      9  : 0.0100 0.9900
919      919   (0)      9  : 0.0630 0.9370
920      920   (0)      9  : 0.1626 0.8374
921      921   (0)      9  : 0.0270 0.9730
922      922   (0)      9  : 0.1268 0.8732
923      923   (0)      9  : 0.0956 0.9044
924      924   (0)      9  : 0.1490 0.8510
925      925   (0)      9  : 0.1784 0.8216
926      926   (0)      9  : 0.3900 0.6100
927      927   (0)      9  : 0.0190 0.9810
928      928   (5)      9  : 0.0332 0.9668
929      929   (0)      9  : 0.1248 0.8752
930      930   (0)      9  : 0.2300 0.7700
931      931   (5)      9  : 0.0690 0.9310
932      932   (5)      9  : 0.0360 0.9640
933      933   (0)      9  : 0.2020 0.7980
934      934   (0)      9  : 0.0930 0.9070
935      935   (0)      9  : 0.0410 0.9590
936      936   (0)      9  : 0.0120 0.9880
937      937   (0)      9  : 0.0080 0.9920
938      938   (0)      9  : 0.0070 0.9930
939      939   (0)      9  : 0.0070 0.9930
940      940   (0)      9  : 0.0250 0.9750
941      941   (0)      9  : 0.1650 0.8350
942      942   (0)      9  : 0.0976 0.9024
943      943   (0)      9  : 0.0480 0.9520
944      944   (0)      9  : 0.0930 0.9070
945      945   (0)      9  : 0.2390 0.7610
946      946   (0)      9  : 0.0130 0.9870
947      947   (0)      9  : 0.1730 0.8270
948      948   (0)      9  : 0.1730 0.8270
949      949   (0)      9  : 0.0234 0.9766
950      950   (0)      9  : 0.0916 0.9084
951      951   (0)     10  : 0.0080 0.9920
952      952   (0)     10  : 0.0130 0.9870
953      953   (0)     10  : 0.0190 0.9810
954      954   (0)     10  : 0.2240 0.7760
955      955   (0)     10  : 0.1520 0.8480
956      956   (0)     10  : 0.2680 0.7320
957      957   (0)     10  : 0.0530 0.9470
958      958   (0)     10  : 0.1620 0.8380
959      959   (0)     10  : 0.2070 0.7930
960      960   (0)     10  : 0.0360 0.9640
961      961   (0)     10  : 0.2270 0.7730
962      962   (0)     10  : 0.2020 0.7980
963      963   (0)     10  : 0.1806 0.8194
964      964   (0)     10  : 0.1900 0.8100
965      965   (0)     10  : 0.0650 0.9350
966      966   (0)     10  : 0.1030 0.8970
967      967   (0)     10  : 0.0670 0.9330
968      968   (0)     10  : 0.0462 0.9538
969      969   (0)     10  : 0.0090 0.9910
970      970   (0)     10  : 0.1530 0.8470
971      971   (0)     10  : 0.0130 0.9870
972      972   (0)     10  : 0.0768 0.9232
973      973   (0)     10  : 0.0470 0.9530
974      974   (0)     10  : 0.2870 0.7130
975      975   (0)     10  : 0.0080 0.9920
976      976   (0)     10  : 0.0982 0.9018
977      977   (0)     10  : 0.0198 0.9802
978      978   (0)     10  : 0.1150 0.8850
979      979   (0)     10  : 0.1464 0.8536
980      980   (0)     10  : 0.0490 0.9510
981      981   (0)     10  : 0.0140 0.9860
982      982   (0)     10  : 0.3560 0.6440
983      983   (0)     10  : 0.2468 0.7532
984      984   (0)     10  : 0.0140 0.9860
985      985   (0)     10  : 0.0160 0.9840
986      986   (0)     10  : 0.1890 0.8110
987      987   (0)     10  : 0.1346 0.8654
988      988   (0)     10  : 0.2180 0.7820
989      989   (0)     10  : 0.2150 0.7850
990      990   (0)     10  : 0.0098 0.9902
991      991   (0)     10  : 0.2172 0.7828
992      992   (0)     10  : 0.1750 0.8250
993      993   (0)     10  : 0.2148 0.7852
994      994   (0)     10  : 0.1050 0.8950
995      995   (0)     10  : 0.1218 0.8782
996      996   (0)     10  : 0.0898 0.9102
997      997   (0)     10  : 0.0790 0.9210
998      998   (0)     10  : 0.1008 0.8992
999      999   (0)     10  : 0.0240 0.9760
1000     1000   (0)     10  : 0.1412 0.8588
1001     1001   (0)     10  : 0.0570 0.9430
1002     1002   (0)     10  : 0.0580 0.9420
1003     1003   (0)     10  : 0.0150 0.9850
1004     1004   (0)     10  : 0.1030 0.8970
1005     1005   (0)     10  : 0.1000 0.9000
1006     1006   (0)     10  : 0.0230 0.9770
1007     1007   (0)     10  : 0.2040 0.7960
1008     1008   (0)     10  : 0.0928 0.9072
1009     1009   (0)     10  : 0.0650 0.9350
1010     1010   (0)     10  : 0.0394 0.9606
1011     1011   (0)     10  : 0.0834 0.9166
1012     1012   (0)     10  : 0.1870 0.8130
1013     1013   (0)     10  : 0.1760 0.8240
1014     1014   (0)     10  : 0.0610 0.9390
1015     1015   (0)     10  : 0.2708 0.7292
1016     1016   (0)     10  : 0.1026 0.8974
1017     1017   (0)     10  : 0.0420 0.9580
1018     1018   (0)     10  : 0.0088 0.9912
1019     1019   (0)     10  : 0.0230 0.9770
1020     1020   (0)     10  : 0.0820 0.9180
1021     1021   (0)     10  : 0.3730 0.6270
1022     1022   (0)     10  : 0.0270 0.9730
1023     1023   (0)     10  : 0.2400 0.7600
1024     1024   (0)     10  : 0.0350 0.9650
1025     1025   (0)     10  : 0.1940 0.8060
1026     1026   (0)     10  : 0.1580 0.8420
1027     1027   (0)     10  : 0.0248 0.9752
1028     1028   (0)     10  : 0.1380 0.8620
1029     1029   (0)     10  : 0.1040 0.8960
1030     1030   (0)     10  : 0.1148 0.8852
1031     1031   (0)     10  : 0.2560 0.7440
1032     1032   (0)     10  : 0.0120 0.9880
1033     1033   (0)     10  : 0.3538 0.6462
1034     1034   (0)     10  : 0.0110 0.9890
1035     1035   (0)     10  : 0.1360 0.8640
1036     1036   (0)     10  : 0.1590 0.8410
1037     1037   (0)     10  : 0.1004 0.8996
1038     1038   (0)     10  : 0.0302 0.9698
1039     1039   (0)     10  : 0.1110 0.8890
1040     1040   (0)     10  : 0.0360 0.9640
1041     1041   (0)     10  : 0.1464 0.8536
1042     1042   (0)     10  : 0.0380 0.9620
1043     1043   (0)     10  : 0.0210 0.9790
1044     1044   (0)     10  : 0.1760 0.8240
1045     1045   (0)     10  : 0.0602 0.9398
1046     1046   (0)     10  : 0.0170 0.9830
1047     1047   (0)     10  : 0.1964 0.8036
1048     1048   (0)     10  : 0.1230 0.8770
1049     1049   (0)     10  : 0.1410 0.8590
1050     1050   (0)     10  : 0.0070 0.9930
1051     1051   (0)     11  : 0.0470 0.9530
1052     1052  (10)     11  : 0.0180 0.9820
1053     1053  (10)     11  : 0.0150 0.9850
1054     1054   (5)     11  : 0.0070 0.9930
1055     1055   (5)     11  : 0.0090 0.9910
1056     1056   (0)     11  : 0.0070 0.9930
1057     1057   (5)     11  : 0.0100 0.9900
1058     1058   (5)     11  : 0.0110 0.9890
1059     1059   (0)     11  : 0.0060 0.9940
1060     1060   (0)     11  : 0.0070 0.9930
1061     1061   (0)     11  : 0.0070 0.9930
1062     1062   (0)     11  : 0.0070 0.9930
1063     1063   (0)     11  : 0.0090 0.9910
1064     1064   (5)     11  : 0.0070 0.9930
1065     1065   (5)     11  : 0.0320 0.9680
1066     1066  (10)     11  : 0.0156 0.9844
1067     1067   (0)     11  : 0.0080 0.9920
1068     1068   (5)     11  : 0.0364 0.9636
1069     1069   (5)     11  : 0.0110 0.9890
1070     1070   (0)     11  : 0.0070 0.9930
1071     1071   (5)     11  : 0.0090 0.9910
1072     1072   (0)     11  : 0.0120 0.9880
1073     1073   (5)     11  : 0.0060 0.9940
1074     1074   (0)     11  : 0.0080 0.9920
1075     1075   (0)     11  : 0.0130 0.9870
1076     1076   (0)     11  : 0.0230 0.9770
1077     1077   (0)     11  : 0.0080 0.9920
1078     1078   (0)     11  : 0.0090 0.9910
1079     1079   (0)     11  : 0.0146 0.9854
1080     1080   (0)     11  : 0.0250 0.9750
1081     1081   (0)     11  : 0.0180 0.9820
1082     1082   (0)     11  : 0.0270 0.9730
1083     1083   (0)     11  : 0.0080 0.9920
1084     1084   (0)     11  : 0.0160 0.9840
1085     1085   (0)     11  : 0.0180 0.9820
1086     1086   (0)     11  : 0.0060 0.9940
1087     1087   (0)     11  : 0.0170 0.9830
1088     1088   (0)     11  : 0.0078 0.9922
1089     1089   (5)     11  : 0.0110 0.9890
1090     1090   (5)     11  : 0.0110 0.9890
1091     1091   (0)     11  : 0.0120 0.9880
1092     1092  (15)     11  : 0.0188 0.9812
1093     1093  (10)     11  : 0.0070 0.9930
1094     1094  (10)     11  : 0.0090 0.9910
1095     1095  (10)     11  : 0.0130 0.9870
1096     1096   (5)     11  : 0.0154 0.9846
1097     1097   (5)     11  : 0.0072 0.9928
1098     1098   (5)     11  : 0.0090 0.9910
1099     1099   (5)     11  : 0.0080 0.9920
1100     1100   (5)     11  : 0.0120 0.9880
1101     1101   (5)     11  : 0.0110 0.9890
1102     1102  (15)     11  : 0.0256 0.9744
1103     1103   (5)     11  : 0.0250 0.9750
1104     1104   (5)     11  : 0.0070 0.9930
1105     1105  (15)     11  : 0.0110 0.9890
1106     1106   (5)     11  : 0.0542 0.9458
1107     1107   (5)     11  : 0.0580 0.9420
1108     1108   (5)     11  : 0.0108 0.9892
1109     1109   (5)     11  : 0.0080 0.9920
1110     1110  (10)     11  : 0.0130 0.9870
1111     1111   (5)     11  : 0.0100 0.9900
1112     1112   (5)     11  : 0.0120 0.9880
1113     1113  (10)     11  : 0.0120 0.9880
1114     1114  (10)     11  : 0.0100 0.9900
1115     1115  (10)     11  : 0.0390 0.9610
1116     1116  (10)     11  : 0.0400 0.9600
1117     1117   (5)     11  : 0.0080 0.9920
1118     1118  (10)     11  : 0.0160 0.9840
1119     1119   (0)     11  : 0.0060 0.9940
1120     1120   (5)     11  : 0.0090 0.9910
1121     1121   (0)     11  : 0.0062 0.9938
1122     1122   (0)     11  : 0.0060 0.9940
1123     1123   (0)     11  : 0.0110 0.9890
1124     1124   (0)     11  : 0.0220 0.9780
1125     1125   (0)     11  : 0.0080 0.9920
1126     1126   (0)     11  : 0.0490 0.9510
1127     1127   (0)     11  : 0.0122 0.9878
1128     1128  (10)     11  : 0.0110 0.9890
1129     1129  (10)     11  : 0.3320 0.6680
1130     1130   (0)     11  : 0.0250 0.9750
1131     1131   (5)     11  : 0.1250 0.8750
1132     1132   (0)     11  : 0.0130 0.9870
1133     1133   (5)     11  : 0.0400 0.9600
1134     1134   (5)     11  : 0.0080 0.9920
1135     1135   (5)     11  : 0.0110 0.9890
1136     1136  (10)     11  : 0.0070 0.9930
1137     1137   (0)     11  : 0.0070 0.9930
1138     1138   (0)     11  : 0.0082 0.9918
1139     1139   (0)     11  : 0.0930 0.9070
1140     1140   (0)     11  : 0.0080 0.9920
1141     1141   (0)     11  : 0.0150 0.9850
1142     1142   (0)     11  : 0.0080 0.9920
1143     1143   (0)     11  : 0.0080 0.9920
1144     1144   (0)     11  : 0.0130 0.9870
1145     1145   (0)     11  : 0.0090 0.9910
1146     1146   (0)     11  : 0.0100 0.9900
1147     1147   (0)     11  : 0.0120 0.9880
1148     1148   (0)     11  : 0.0450 0.9550
1149     1149   (0)     11  : 0.0320 0.9680
1150     1150   (0)     11  : 0.0180 0.9820
1151     1151   (0)     11  : 0.0100 0.9900
1152     1152   (0)     11  : 0.0280 0.9720
1153     1153   (0)     11  : 0.0070 0.9930
1154     1154   (5)     11  : 0.0140 0.9860
1155     1155   (0)     11  : 0.0130 0.9870
1156     1156   (5)     11  : 0.3072 0.6928
1157     1157   (0)     11  : 0.0090 0.9910
1158     1158   (0)     11  : 0.0330 0.9670
1159     1159   (0)     11  : 0.0140 0.9860
1160     1160   (0)     11  : 0.0160 0.9840
1161     1161   (0)     11  : 0.0080 0.9920
1162     1162   (0)     11  : 0.0080 0.9920
1163     1163   (0)     11  : 0.0380 0.9620
1164     1164   (0)     11  : 0.0070 0.9930
1165     1165   (0)     11  : 0.0120 0.9880
1166     1166   (0)     11  : 0.0070 0.9930
1167     1167   (0)     11  : 0.0760 0.9240
1168     1168   (0)     11  : 0.0070 0.9930
1169     1169   (0)     11  : 0.0200 0.9800
1170     1170   (5)     11  : 0.0090 0.9910
1171     1171   (0)     11  : 0.0180 0.9820
1172     1172   (0)     11  : 0.0126 0.9874
1173     1173   (0)     11  : 0.0170 0.9830
1174     1174  (10)     11  : 0.0080 0.9920
1175     1175   (0)     11  : 0.0080 0.9920
1176     1176   (0)     11  : 0.0080 0.9920
1177     1177   (0)     11  : 0.0160 0.9840
1178     1178  (10)     11  : 0.0110 0.9890
1179     1179   (5)     11  : 0.0070 0.9930
1180     1180   (0)     11  : 0.0098 0.9902
1181     1181   (5)     11  : 0.0090 0.9910
1182     1182   (5)     11  : 0.0070 0.9930
1183     1183  (10)     11  : 0.0120 0.9880
1184     1184   (0)     11  : 0.0080 0.9920
1185     1185   (5)     11  : 0.0160 0.9840
1186     1186  (10)     11  : 0.0090 0.9910
1187     1187   (0)     11  : 0.0280 0.9720
1188     1188   (0)     11  : 0.0350 0.9650
1189     1189   (0)     11  : 0.0090 0.9910
1190     1190   (0)     11  : 0.0130 0.9870
1191     1191   (0)     11  : 0.0070 0.9930
1192     1192   (0)     11  : 0.0160 0.9840
1193     1193   (0)     11  : 0.0070 0.9930
1194     1194   (0)     11  : 0.0080 0.9920
1195     1195   (0)     11  : 0.0070 0.9930
1196     1196   (5)     11  : 0.0170 0.9830
1197     1197   (0)     11  : 0.0060 0.9940
1198     1198   (0)     11  : 0.0090 0.9910
1199     1199   (0)     11  : 0.0090 0.9910
1200     1200   (5)     11  : 0.0190 0.9810
1201     1201   (0)     11  : 0.0090 0.9910
1202     1202   (0)     11  : 0.0270 0.9730
1203     1203   (0)     11  : 0.0080 0.9920
1204     1204   (0)     11  : 0.0080 0.9920
1205     1205   (0)     11  : 0.0080 0.9920
1206     1206   (0)     11  : 0.0140 0.9860
1207     1207   (0)     11  : 0.0210 0.9790
1208     1208   (0)     11  : 0.0090 0.9910
1209     1209   (0)     11  : 0.0080 0.9920
1210     1210   (0)     11  : 0.0150 0.9850
1211     1211   (0)     11  : 0.0100 0.9900
1212     1212   (0)     11  : 0.0070 0.9930
1213     1213   (0)     11  : 0.0096 0.9904
1214     1214   (0)     11  : 0.0070 0.9930
1215     1215   (0)     11  : 0.0070 0.9930
1216     1216   (0)     11  : 0.0070 0.9930
1217     1217   (0)     11  : 0.0080 0.9920
1218     1218   (0)     11  : 0.0160 0.9840
1219     1219   (0)     11  : 0.0120 0.9880
1220     1220   (0)     11  : 0.0080 0.9920
1221     1221  (10)     11  : 0.0180 0.9820
1222     1222   (5)     11  : 0.0090 0.9910
1223     1223  (10)     11  : 0.0110 0.9890
1224     1224   (5)     11  : 0.1294 0.8706
1225     1225  (10)     11  : 0.0090 0.9910
1226     1226  (10)     11  : 0.0090 0.9910
1227     1227   (0)     11  : 0.0160 0.9840
1228     1228   (5)     11  : 0.0290 0.9710
1229     1229   (5)     11  : 0.0350 0.9650
1230     1230  (10)     11  : 0.0130 0.9870
1231     1231   (0)     11  : 0.0080 0.9920
1232     1232   (0)     11  : 0.0120 0.9880
1233     1233   (0)     11  : 0.0100 0.9900
1234     1234   (0)     11  : 0.0120 0.9880
1235     1235   (0)     11  : 0.0350 0.9650
1236     1236   (0)     11  : 0.0636 0.9364
1237     1237   (0)     11  : 0.1294 0.8706
1238     1238   (0)     11  : 0.0080 0.9920
1239     1239   (0)     11  : 0.0070 0.9930
1240     1240   (5)     11  : 0.1302 0.8698
1241     1241   (0)     11  : 0.1802 0.8198
1242     1242   (0)     11  : 0.0080 0.9920
1243     1243  (10)     11  : 0.0310 0.9690
1244     1244   (5)     11  : 0.0130 0.9870
1245     1245   (0)     11  : 0.0060 0.9940
1246     1246   (5)     11  : 0.1048 0.8952
1247     1247   (5)     11  : 0.0120 0.9880
1248     1248   (0)     11  : 0.0090 0.9910
1249     1249   (0)     11  : 0.0360 0.9640
1250     1250   (0)     11  : 0.0120 0.9880
1251     1251   (0)     11  : 0.0552 0.9448
1252     1252   (0)     11  : 0.0070 0.9930
1253     1253   (0)     11  : 0.0220 0.9780
1254     1254   (0)     11  : 0.0070 0.9930
1255     1255   (0)     11  : 0.0068 0.9932
1256     1256   (0)     11  : 0.0070 0.9930
1257     1257   (0)     11  : 0.0100 0.9900
1258     1258   (0)     11  : 0.0230 0.9770
1259     1259   (0)     11  : 0.0100 0.9900
1260     1260   (0)     11  : 0.0100 0.9900
1261     1261   (0)     11  : 0.0110 0.9890
1262     1262   (0)     11  : 0.0100 0.9900
1263     1263   (0)     11  : 0.0160 0.9840
1264     1264   (0)     11  : 0.0100 0.9900
1265     1265   (0)     11  : 0.0080 0.9920
1266     1266   (0)     11  : 0.0080 0.9920
1267     1267   (0)     11  : 0.0070 0.9930
1268     1268   (0)     11  : 0.0070 0.9930
1269     1269   (0)     11  : 0.0070 0.9930
1270     1270   (0)     11  : 0.0070 0.9930
1271     1271   (0)     11  : 0.0180 0.9820
1272     1272   (0)     11  : 0.0280 0.9720
1273     1273   (0)     11  : 0.0070 0.9930
1274     1274   (0)     11  : 0.0486 0.9514
1275     1275   (0)     11  : 0.0070 0.9930
1276     1276   (0)     11  : 0.0080 0.9920
1277     1277   (0)     11  : 0.0080 0.9920
1278     1278   (0)     11  : 0.0130 0.9870
1279     1279   (0)     11  : 0.0200 0.9800
1280     1280   (0)     11  : 0.0070 0.9930
1281     1281   (0)     11  : 0.0140 0.9860
1282     1282   (0)     11  : 0.0090 0.9910
1283     1283   (0)     11  : 0.0230 0.9770
1284     1284   (0)     11  : 0.0090 0.9910
1285     1285   (0)     11  : 0.0090 0.9910
1286     1286   (0)     11  : 0.0110 0.9890
1287     1287   (0)     11  : 0.0100 0.9900
1288     1288   (0)     11  : 0.0080 0.9920
1289     1289   (0)     11  : 0.0080 0.9920
1290     1290   (0)     11  : 0.0070 0.9930
1291     1291   (0)     12  : 0.0060 0.9940
1292     1292   (0)     12  : 0.0080 0.9920
1293     1293   (0)     12  : 0.0080 0.9920
1294     1294   (0)     12  : 0.0110 0.9890
1295     1295   (0)     12  : 0.0140 0.9860
1296     1296   (0)     12  : 0.0182 0.9818
1297     1297   (0)     12  : 0.0080 0.9920
1298     1298   (0)     12  : 0.0120 0.9880
1299     1299   (0)     12  : 0.0150 0.9850
1300     1300   (0)     12  : 0.0160 0.9840
1301     1301   (0)     12  : 0.0130 0.9870
1302     1302   (0)     12  : 0.0198 0.9802
1303     1303   (0)     12  : 0.0300 0.9700
1304     1304   (0)     12  : 0.0110 0.9890
1305     1305   (0)     12  : 0.0120 0.9880
1306     1306   (0)     12  : 0.0270 0.9730
1307     1307   (0)     12  : 0.0110 0.9890
1308     1308   (0)     12  : 0.0080 0.9920
1309     1309   (0)     12  : 0.0120 0.9880
1310     1310   (0)     12  : 0.0250 0.9750
1311     1311   (0)     12  : 0.0110 0.9890
1312     1312   (0)     12  : 0.0120 0.9880
1313     1313   (0)     12  : 0.0070 0.9930
1314     1314   (0)     12  : 0.0100 0.9900
1315     1315   (0)     12  : 0.0060 0.9940
1316     1316   (0)     12  : 0.0160 0.9840
1317     1317   (0)     12  : 0.0196 0.9804
1318     1318   (0)     12  : 0.0180 0.9820
1319     1319   (0)     12  : 0.0100 0.9900
1320     1320   (0)     12  : 0.0220 0.9780
1321     1321   (0)     12  : 0.0060 0.9940
1322     1322   (0)     12  : 0.0150 0.9850
1323     1323   (0)     12  : 0.0320 0.9680
1324     1324   (0)     12  : 0.0130 0.9870
1325     1325   (0)     12  : 0.0184 0.9816
1326     1326   (0)     12  : 0.0090 0.9910
1327     1327   (0)     12  : 0.0400 0.9600
1328     1328   (0)     12  : 0.0070 0.9930
1329     1329   (0)     12  : 0.0172 0.9828
1330     1330   (0)     12  : 0.0090 0.9910
1331     1331   (0)     12  : 0.0140 0.9860
1332     1332   (0)     12  : 0.0130 0.9870
1333     1333   (0)     12  : 0.0210 0.9790
1334     1334   (0)     12  : 0.0070 0.9930
1335     1335   (0)     12  : 0.0070 0.9930
1336     1336   (0)     12  : 0.0120 0.9880
1337     1337   (0)     12  : 0.0130 0.9870
1338     1338   (0)     12  : 0.0090 0.9910
1339     1339   (0)     12  : 0.0110 0.9890
1340     1340   (0)     12  : 0.0080 0.9920
1341     1341   (0)     12  : 0.0110 0.9890
1342     1342   (0)     12  : 0.0100 0.9900
1343     1343   (0)     12  : 0.0120 0.9880
1344     1344   (0)     12  : 0.0168 0.9832
1345     1345   (0)     12  : 0.0110 0.9890
1346     1346   (0)     12  : 0.0092 0.9908
1347     1347   (0)     12  : 0.0140 0.9860
1348     1348   (0)     12  : 0.0120 0.9880
1349     1349   (0)     12  : 0.0100 0.9900
1350     1350   (0)     12  : 0.0060 0.9940
1351     1351   (0)     12  : 0.0094 0.9906
1352     1352   (0)     12  : 0.0100 0.9900
1353     1353   (0)     12  : 0.0090 0.9910
1354     1354   (0)     12  : 0.0110 0.9890
1355     1355   (0)     12  : 0.0100 0.9900
1356     1356   (0)     12  : 0.0080 0.9920
1357     1357   (0)     12  : 0.0410 0.9590
1358     1358   (0)     12  : 0.0110 0.9890
1359     1359   (0)     12  : 0.0130 0.9870
1360     1360   (0)     12  : 0.0170 0.9830
1361     1361   (0)     12  : 0.0100 0.9900
1362     1362   (0)     12  : 0.0110 0.9890
1363     1363   (0)     12  : 0.0150 0.9850
1364     1364   (0)     12  : 0.0080 0.9920
1365     1365   (0)     12  : 0.0110 0.9890
1366     1366   (0)     12  : 0.0190 0.9810
1367     1367   (0)     12  : 0.0080 0.9920
1368     1368   (0)     12  : 0.0100 0.9900
1369     1369   (0)     12  : 0.0194 0.9806
1370     1370   (0)     12  : 0.0080 0.9920
1371     1371   (0)     12  : 0.0090 0.9910
1372     1372   (0)     12  : 0.0130 0.9870
1373     1373   (0)     12  : 0.0110 0.9890
1374     1374   (0)     12  : 0.0080 0.9920
1375     1375   (0)     12  : 0.0160 0.9840
1376     1376   (0)     12  : 0.0070 0.9930
1377     1377   (0)     12  : 0.0140 0.9860
1378     1378   (0)     12  : 0.0110 0.9890
1379     1379   (0)     12  : 0.0140 0.9860
1380     1380   (0)     12  : 0.0120 0.9880
1381     1381   (0)     12  : 0.0130 0.9870
1382     1382   (0)     12  : 0.0070 0.9930
1383     1383   (0)     12  : 0.0090 0.9910
1384     1384   (0)     12  : 0.0120 0.9880
1385     1385   (0)     12  : 0.0170 0.9830
1386     1386   (0)     12  : 0.0180 0.9820
1387     1387   (0)     12  : 0.0066 0.9934
1388     1388   (0)     12  : 0.0070 0.9930
1389     1389   (0)     12  : 0.0574 0.9426
1390     1390   (0)     12  : 0.0090 0.9910
1391     1391   (0)     12  : 0.0290 0.9710
1392     1392   (0)     12  : 0.0230 0.9770
1393     1393   (0)     12  : 0.0098 0.9902
1394     1394   (0)     12  : 0.0060 0.9940
1395     1395   (0)     12  : 0.0100 0.9900
1396     1396   (0)     12  : 0.0150 0.9850
1397     1397   (0)     12  : 0.0080 0.9920
1398     1398   (0)     12  : 0.0370 0.9630
1399     1399   (0)     12  : 0.0120 0.9880
1400     1400   (0)     12  : 0.0240 0.9760
1401     1401   (0)     12  : 0.0090 0.9910
1402     1402   (0)     12  : 0.0110 0.9890
1403     1403   (0)     12  : 0.0120 0.9880
1404     1404   (0)     12  : 0.0070 0.9930
1405     1405   (0)     12  : 0.0240 0.9760
1406     1406   (0)     12  : 0.0190 0.9810
1407     1407   (0)     12  : 0.0150 0.9850
1408     1408   (0)     12  : 0.0130 0.9870
1409     1409   (0)     12  : 0.0170 0.9830
1410     1410   (0)     12  : 0.0060 0.9940
1411     1411   (0)     12  : 0.0080 0.9920
1412     1412   (0)     12  : 0.0100 0.9900
1413     1413   (0)     12  : 0.0370 0.9630
1414     1414   (0)     12  : 0.0210 0.9790
1415     1415   (0)     12  : 0.0110 0.9890
1416     1416   (0)     12  : 0.0100 0.9900
1417     1417   (0)     12  : 0.0146 0.9854
1418     1418   (0)     12  : 0.0140 0.9860
1419     1419   (0)     12  : 0.0050 0.9950
1420     1420   (0)     12  : 0.0100 0.9900
1421     1421   (0)     12  : 0.0080 0.9920
1422     1422   (0)     12  : 0.0450 0.9550
1423     1423   (0)     12  : 0.0108 0.9892
1424     1424   (0)     12  : 0.0610 0.9390
1425     1425   (0)     12  : 0.0530 0.9470
1426     1426   (0)     12  : 0.0110 0.9890
1427     1427   (0)     12  : 0.0120 0.9880
1428     1428   (0)     12  : 0.0070 0.9930
1429     1429   (0)     12  : 0.0070 0.9930
1430     1430   (0)     12  : 0.0100 0.9900
1431     1431   (0)     12  : 0.0270 0.9730
1432     1432   (0)     12  : 0.0200 0.9800
1433     1433   (0)     12  : 0.0080 0.9920
1434     1434   (0)     12  : 0.0080 0.9920
1435     1435   (0)     12  : 0.0180 0.9820
1436     1436   (0)     12  : 0.0110 0.9890
1437     1437   (0)     12  : 0.0110 0.9890
1438     1438   (0)     12  : 0.0224 0.9776
1439     1439   (0)     12  : 0.0090 0.9910
1440     1440   (0)     12  : 0.0150 0.9850
1441     1441   (0)     12  : 0.0100 0.9900
1442     1442   (0)     12  : 0.0150 0.9850
1443     1443   (0)     12  : 0.0090 0.9910
1444     1444   (0)     12  : 0.0190 0.9810
1445     1445   (0)     12  : 0.0100 0.9900
1446     1446   (0)     12  : 0.0060 0.9940
1447     1447   (0)     12  : 0.0110 0.9890
1448     1448   (0)     12  : 0.0080 0.9920
1449     1449   (0)     12  : 0.0140 0.9860
1450     1450   (0)     12  : 0.0660 0.9340
1451     1451   (0)     12  : 0.0130 0.9870
1452     1452   (0)     12  : 0.0100 0.9900
1453     1453   (0)     12  : 0.0100 0.9900
1454     1454   (0)     12  : 0.0100 0.9900
1455     1455   (0)     12  : 0.0070 0.9930
1456     1456   (0)     12  : 0.0120 0.9880
1457     1457   (0)     12  : 0.0090 0.9910
1458     1458   (0)     12  : 0.0100 0.9900
1459     1459   (0)     12  : 0.0110 0.9890
1460     1460   (0)     12  : 0.0100 0.9900
1461     1461   (0)     12  : 0.0210 0.9790
1462     1462   (0)     12  : 0.0120 0.9880
1463     1463   (0)     12  : 0.0230 0.9770
1464     1464   (0)     12  : 0.0320 0.9680
1465     1465   (0)     12  : 0.0180 0.9820
1466     1466   (0)     12  : 0.0100 0.9900
1467     1467   (0)     12  : 0.0098 0.9902
1468     1468   (0)     12  : 0.0100 0.9900
1469     1469   (0)     12  : 0.0170 0.9830
1470     1470   (0)     12  : 0.0490 0.9510
1471     1471   (0)     12  : 0.0080 0.9920
1472     1472   (0)     12  : 0.0070 0.9930
1473     1473   (0)     12  : 0.0100 0.9900
1474     1474   (0)     12  : 0.0260 0.9740
1475     1475   (0)     12  : 0.0110 0.9890
1476     1476   (0)     12  : 0.0100 0.9900
1477     1477   (0)     12  : 0.0092 0.9908
1478     1478   (0)     12  : 0.0140 0.9860
1479     1479   (0)     12  : 0.0120 0.9880
1480     1480   (0)     12  : 0.0100 0.9900
1481     1481   (0)     12  : 0.0130 0.9870
1482     1482   (0)     12  : 0.0078 0.9922
1483     1483   (0)     12  : 0.0090 0.9910
1484     1484   (0)     12  : 0.0180 0.9820
1485     1485   (0)     12  : 0.0222 0.9778
1486     1486   (0)     12  : 0.0138 0.9862
1487     1487   (0)     12  : 0.0110 0.9890
1488     1488   (0)     12  : 0.0120 0.9880
1489     1489   (0)     12  : 0.0128 0.9872
1490     1490   (0)     12  : 0.0070 0.9930
1491     1491   (0)     12  : 0.0060 0.9940
1492     1492   (0)     12  : 0.0370 0.9630
1493     1493   (0)     12  : 0.0420 0.9580
1494     1494   (0)     12  : 0.0070 0.9930
1495     1495   (0)     12  : 0.0090 0.9910
1496     1496   (0)     12  : 0.0100 0.9900
1497     1497   (0)     12  : 0.0090 0.9910
1498     1498   (0)     12  : 0.0070 0.9930
1499     1499   (0)     12  : 0.0090 0.9910
1500     1500   (0)     12  : 0.0110 0.9890
1501     1501   (0)     12  : 0.0120 0.9880
1502     1502   (0)     12  : 0.0080 0.9920
1503     1503   (0)     12  : 0.0120 0.9880
1504     1504   (0)     12  : 0.0080 0.9920
1505     1505   (0)     12  : 0.0110 0.9890
1506     1506   (0)     12  : 0.0150 0.9850
1507     1507   (0)     12  : 0.0290 0.9710
1508     1508   (0)     12  : 0.0172 0.9828
1509     1509   (0)     12  : 0.0060 0.9940
1510     1510   (0)     12  : 0.0090 0.9910
1511     1511   (0)     12  : 0.0080 0.9920
1512     1512   (0)     12  : 0.0202 0.9798
1513     1513   (0)     12  : 0.0090 0.9910
1514     1514   (0)     12  : 0.0300 0.9700
1515     1515   (0)     12  : 0.0170 0.9830
1516     1516   (0)     12  : 0.0230 0.9770
1517     1517   (0)     12  : 0.0190 0.9810
1518     1518   (0)     12  : 0.0060 0.9940
1519     1519   (0)     12  : 0.0210 0.9790
1520     1520   (0)     12  : 0.0120 0.9880
1521     1521   (0)     12  : 0.0100 0.9900
1522     1522   (0)     12  : 0.0150 0.9850
1523     1523   (0)     12  : 0.0120 0.9880
1524     1524   (0)     12  : 0.0080 0.9920
1525     1525   (0)     12  : 0.0350 0.9650
1526     1526   (0)     12  : 0.0120 0.9880
1527     1527   (0)     12  : 0.0200 0.9800
1528     1528   (0)     12  : 0.0100 0.9900
1529     1529   (0)     12  : 0.0240 0.9760
1530     1530   (0)     12  : 0.0060 0.9940
1531     1531   (0)     12  : 0.0090 0.9910
1532     1532   (0)     12  : 0.0130 0.9870
1533     1533   (0)     12  : 0.0080 0.9920
1534     1534   (0)     12  : 0.0070 0.9930
1535     1535   (0)     12  : 0.0090 0.9910
1536     1536   (0)     12  : 0.0094 0.9906
1537     1537   (0)     12  : 0.0190 0.9810
1538     1538   (0)     12  : 0.0110 0.9890
1539     1539   (0)     12  : 0.0090 0.9910
1540     1540   (0)     12  : 0.0100 0.9900
1541     1541   (0)     12  : 0.0230 0.9770
1542     1542   (0)     12  : 0.0140 0.9860
1543     1543   (0)     12  : 0.0180 0.9820
1544     1544   (0)     12  : 0.0090 0.9910
1545     1545   (0)     12  : 0.0300 0.9700
1546     1546   (0)     12  : 0.0210 0.9790
1547     1547   (0)     12  : 0.0090 0.9910
1548     1548   (0)     12  : 0.0110 0.9890
1549     1549   (0)     12  : 0.0170 0.9830
1550     1550   (0)     12  : 0.0130 0.9870
