   1        1   (5)      1 :  0.0090 0.9910 
   2        2   (5)      1 :  0.0360 0.9640 
   3        3   (5)      1 :  0.0070 0.9930 
   4        4   (0)      1 :  0.0100 0.9900 
   5        5   (0)      1 :  0.0266 0.9734 
   6        6   (0)      1 :  0.0120 0.9880 
   7        7   (0)      1 :  0.0220 0.9780 
   8        8   (5)      1 :  0.0090 0.9910 
   9        9   (0)      1 :  0.0070 0.9930 
  10       10   (0)      1 :  0.0180 0.9820 
  11       11   (0)      1 :  0.0100 0.9900 
  12       12   (0)      1 :  0.0190 0.9810 
  13       13   (0)      1 :  0.0168 0.9832 
  14       14   (0)      1 :  0.0090 0.9910 
  15       15   (0)      1 :  0.0080 0.9920 
  16       16   (0)      1 :  0.0070 0.9930 
  17       17   (0)      1 :  0.0060 0.9940 
  18       18   (0)      1 :  0.0140 0.9860 
  19       19   (0)      1 :  0.0300 0.9700 
  20       20   (0)      1 :  0.0256 0.9744 
  21       21   (0)      1 :  0.0130 0.9870 
  22       22   (0)      1 :  0.0050 0.9950 
  23       23   (0)      1 :  0.0070 0.9930 
  24       24   (0)      1 :  0.0150 0.9850 
  25       25   (0)      1 :  0.0234 0.9766 
  26       26   (0)      1 :  0.0170 0.9830 
  27       27   (5)      1 :  0.0130 0.9870 
  28       28   (0)      1 :  0.0060 0.9940 
  29       29   (0)      1 :  0.0080 0.9920 
  30       30   (0)      1 :  0.0160 0.9840 
  31       31   (0)      1 :  0.0070 0.9930 
  32       32   (0)      1 :  0.0220 0.9780 
  33       33   (0)      1 :  0.0070 0.9930 
  34       34   (0)      1 :  0.0060 0.9940 
  35       35   (0)      1 :  0.0130 0.9870 
  36       36   (0)      1 :  0.0120 0.9880 
  37       37   (0)      1 :  0.0170 0.9830 
  38       38   (0)      1 :  0.0190 0.9810 
  39       39   (0)      1 :  0.0248 0.9752 
  40       40   (0)      1 :  0.0120 0.9880 
  41       41   (0)      1 :  0.0100 0.9900 
  42       42   (0)      1 :  0.0060 0.9940 
  43       43   (0)      1 :  0.0070 0.9930 
  44       44   (0)      1 :  0.0050 0.9950 
  45       45   (5)      1 :  0.0150 0.9850 
  46       46   (0)      1 :  0.0050 0.9950 
  47       47   (0)      1 :  0.0050 0.9950 
  48       48   (0)      1 :  0.0080 0.9920 
  49       49   (0)      1 :  0.0150 0.9850 
  50       50   (0)      1 :  0.0080 0.9920 
  51       51   (0)      1 :  0.0160 0.9840 
  52       52   (0)      1 :  0.0520 0.9480 
  53       53   (0)      1 :  0.0090 0.9910 
  54       54   (0)      1 :  0.0060 0.9940 
  55       55   (0)      1 :  0.0070 0.9930 
  56       56   (0)      1 :  0.0080 0.9920 
  57       57  (10)      1 :  0.0150 0.9850 
  58       58   (5)      1 :  0.0100 0.9900 
  59       59   (0)      1 :  0.0130 0.9870 
  60       60   (0)      1 :  0.0070 0.9930 
  61       61   (0)      1 :  0.0090 0.9910 
  62       62   (0)      1 :  0.0090 0.9910 
  63       63   (0)      1 :  0.0100 0.9900 
  64       64   (0)      1 :  0.0070 0.9930 
  65       65   (0)      1 :  0.0590 0.9410 
  66       66   (0)      1 :  0.0078 0.9922 
  67       67   (5)      1 :  0.0280 0.9720 
  68       68   (0)      1 :  0.0110 0.9890 
  69       69   (0)      1 :  0.0060 0.9940 
  70       70   (0)      1 :  0.0100 0.9900 
  71       71   (5)      1 :  0.0110 0.9890 
  72       72   (0)      1 :  0.0240 0.9760 
  73       73   (5)      1 :  0.0070 0.9930 
  74       74  (10)      1 :  0.0150 0.9850 
  75       75  (10)      1 :  0.0320 0.9680 
  76       76   (0)      1 :  0.0090 0.9910 
  77       77  (10)      1 :  0.0110 0.9890 
  78       78   (0)      1 :  0.0170 0.9830 
  79       79   (5)      1 :  0.0070 0.9930 
  80       80   (0)      1 :  0.0070 0.9930 
  81       81   (0)      1 :  0.0080 0.9920 
  82       82   (0)      1 :  0.0070 0.9930 
  83       83   (0)      1 :  0.0090 0.9910 
  84       84   (0)      1 :  0.0322 0.9678 
  85       85   (0)      1 :  0.0070 0.9930 
  86       86   (5)      1 :  0.0090 0.9910 
  87       87   (0)      1 :  0.0070 0.9930 
  88       88   (0)      1 :  0.0206 0.9794 
  89       89   (0)      1 :  0.0512 0.9488 
  90       90   (0)      1 :  0.0080 0.9920 
  91       91   (0)      1 :  0.0100 0.9900 
  92       92   (0)      1 :  0.0084 0.9916 
  93       93   (0)      1 :  0.0070 0.9930 
  94       94   (5)      1 :  0.0260 0.9740 
  95       95   (0)      1 :  0.0110 0.9890 
  96       96   (5)      1 :  0.0090 0.9910 
  97       97   (0)      1 :  0.0060 0.9940 
  98       98   (0)      1 :  0.0140 0.9860 
  99       99   (5)      1 :  0.0120 0.9880 
 100      100   (5)      1 :  0.0060 0.9940 
 101      101   (0)      2 :  0.0120 0.9880 
 102      102   (0)      2 :  0.0110 0.9890 
 103      103   (0)      2 :  0.0220 0.9780 
 104      104   (0)      2 :  0.0240 0.9760 
 105      105   (0)      2 :  0.0100 0.9900 
 106      106   (0)      2 :  0.0090 0.9910 
 107      107   (0)      2 :  0.0614 0.9386 
 108      108   (0)      2 :  0.0070 0.9930 
 109      109   (0)      2 :  0.0140 0.9860 
 110      110   (0)      2 :  0.0100 0.9900 
 111      111   (0)      2 :  0.0114 0.9886 
 112      112   (0)      2 :  0.0080 0.9920 
 113      113   (0)      2 :  0.0110 0.9890 
 114      114   (0)      2 :  0.0150 0.9850 
 115      115   (0)      2 :  0.0130 0.9870 
 116      116   (0)      2 :  0.0100 0.9900 
 117      117   (0)      2 :  0.0090 0.9910 
 118      118   (0)      2 :  0.0082 0.9918 
 119      119   (0)      2 :  0.0060 0.9940 
 120      120   (0)      2 :  0.0070 0.9930 
 121      121   (0)      2 :  0.0160 0.9840 
 122      122   (0)      2 :  0.0144 0.9856 
 123      123   (0)      2 :  0.0230 0.9770 
 124      124   (0)      2 :  0.0202 0.9798 
 125      125   (0)      2 :  0.0070 0.9930 
 126      126   (0)      2 :  0.0120 0.9880 
 127      127   (0)      2 :  0.0244 0.9756 
 128      128   (0)      2 :  0.0060 0.9940 
 129      129   (0)      2 :  0.0070 0.9930 
 130      130   (0)      2 :  0.0050 0.9950 
 131      131   (0)      2 :  0.0172 0.9828 
 132      132   (0)      2 :  0.0090 0.9910 
 133      133   (0)      2 :  0.0100 0.9900 
 134      134   (0)      2 :  0.0100 0.9900 
 135      135   (0)      2 :  0.0100 0.9900 
 136      136   (0)      2 :  0.0520 0.9480 
 137      137   (0)      2 :  0.0130 0.9870 
 138      138   (0)      2 :  0.0220 0.9780 
 139      139   (0)      2 :  0.0270 0.9730 
 140      140   (0)      2 :  0.0220 0.9780 
 141      141   (0)      2 :  0.0080 0.9920 
 142      142   (0)      2 :  0.0060 0.9940 
 143      143   (0)      2 :  0.0060 0.9940 
 144      144   (0)      2 :  0.0100 0.9900 
 145      145   (0)      2 :  0.0066 0.9934 
 146      146   (0)      2 :  0.0090 0.9910 
 147      147   (0)      2 :  0.0220 0.9780 
 148      148   (0)      2 :  0.0140 0.9860 
 149      149   (0)      2 :  0.0060 0.9940 
 150      150   (0)      2 :  0.0120 0.9880 
 151      151   (0)      2 :  0.0400 0.9600 
 152      152   (0)      2 :  0.0090 0.9910 
 153      153   (0)      2 :  0.0130 0.9870 
 154      154   (0)      2 :  0.0060 0.9940 
 155      155   (0)      2 :  0.0060 0.9940 
 156      156   (0)      2 :  0.0060 0.9940 
 157      157   (0)      2 :  0.0140 0.9860 
 158      158   (0)      2 :  0.0310 0.9690 
 159      159   (0)      2 :  0.0120 0.9880 
 160      160   (0)      2 :  0.0070 0.9930 
 161      161   (0)      2 :  0.0060 0.9940 
 162      162   (0)      2 :  0.0142 0.9858 
 163      163   (0)      2 :  0.0080 0.9920 
 164      164   (0)      2 :  0.0120 0.9880 
 165      165   (0)      2 :  0.0070 0.9930 
 166      166   (0)      2 :  0.0130 0.9870 
 167      167   (0)      2 :  0.0100 0.9900 
 168      168   (0)      2 :  0.0070 0.9930 
 169      169   (0)      2 :  0.0130 0.9870 
 170      170   (0)      2 :  0.0146 0.9854 
 171      171   (0)      2 :  0.0112 0.9888 
 172      172   (0)      2 :  0.0110 0.9890 
 173      173   (0)      2 :  0.0200 0.9800 
 174      174   (0)      2 :  0.0130 0.9870 
 175      175   (0)      2 :  0.0050 0.9950 
 176      176   (0)      2 :  0.0070 0.9930 
 177      177   (0)      2 :  0.0258 0.9742 
 178      178   (0)      2 :  0.0130 0.9870 
 179      179   (0)      2 :  0.0040 0.9960 
 180      180   (0)      2 :  0.0070 0.9930 
 181      181   (0)      2 :  0.0130 0.9870 
 182      182   (0)      2 :  0.0060 0.9940 
 183      183   (0)      2 :  0.0060 0.9940 
 184      184   (0)      2 :  0.0050 0.9950 
 185      185   (0)      2 :  0.0180 0.9820 
 186      186   (0)      2 :  0.0080 0.9920 
 187      187   (0)      2 :  0.0070 0.9930 
 188      188   (0)      2 :  0.0132 0.9868 
 189      189   (0)      2 :  0.0140 0.9860 
 190      190   (0)      2 :  0.0110 0.9890 
 191      191   (0)      2 :  0.0178 0.9822 
 192      192   (0)      2 :  0.0070 0.9930 
 193      193   (0)      2 :  0.0150 0.9850 
 194      194   (0)      2 :  0.0100 0.9900 
 195      195   (0)      2 :  0.0070 0.9930 
 196      196   (0)      2 :  0.0080 0.9920 
 197      197   (0)      2 :  0.0070 0.9930 
 198      198   (0)      2 :  0.0360 0.9640 
 199      199   (0)      2 :  0.0090 0.9910 
 200      200   (0)      2 :  0.0554 0.9446 
 201      201   (0)      2 :  0.0130 0.9870 
 202      202   (0)      2 :  0.0090 0.9910 
 203      203   (0)      2 :  0.0710 0.9290 
 204      204   (0)      2 :  0.0080 0.9920 
 205      205   (0)      2 :  0.0060 0.9940 
 206      206   (0)      2 :  0.0060 0.9940 
 207      207   (0)      2 :  0.0120 0.9880 
 208      208   (0)      2 :  0.0240 0.9760 
 209      209   (0)      2 :  0.0080 0.9920 
 210      210   (0)      2 :  0.0330 0.9670 
 211      211   (0)      2 :  0.0498 0.9502 
 212      212   (0)      2 :  0.0090 0.9910 
 213      213   (0)      2 :  0.0070 0.9930 
 214      214   (0)      2 :  0.0100 0.9900 
 215      215   (0)      2 :  0.0170 0.9830 
 216      216   (0)      2 :  0.0090 0.9910 
 217      217   (0)      2 :  0.0210 0.9790 
 218      218   (0)      2 :  0.0090 0.9910 
 219      219   (0)      2 :  0.0150 0.9850 
 220      220   (0)      2 :  0.0150 0.9850 
 221      221   (0)      2 :  0.0060 0.9940 
 222      222   (0)      2 :  0.0340 0.9660 
 223      223   (0)      2 :  0.0070 0.9930 
 224      224   (0)      2 :  0.0290 0.9710 
 225      225   (0)      2 :  0.0120 0.9880 
 226      226   (0)      2 :  0.0090 0.9910 
 227      227   (0)      2 :  0.0280 0.9720 
 228      228   (0)      2 :  0.0090 0.9910 
 229      229   (0)      2 :  0.0070 0.9930 
 230      230   (0)      2 :  0.0070 0.9930 
 231      231   (0)      2 :  0.0050 0.9950 
 232      232   (0)      2 :  0.0060 0.9940 
 233      233   (0)      2 :  0.0060 0.9940 
 234      234   (0)      2 :  0.0110 0.9890 
 235      235   (0)      2 :  0.0110 0.9890 
 236      236   (0)      2 :  0.0110 0.9890 
 237      237   (0)      2 :  0.0120 0.9880 
 238      238   (0)      2 :  0.0070 0.9930 
 239      239   (0)      2 :  0.0100 0.9900 
 240      240   (0)      2 :  0.0120 0.9880 
 241      241   (0)      2 :  0.0220 0.9780 
 242      242   (0)      2 :  0.0080 0.9920 
 243      243   (0)      2 :  0.0060 0.9940 
 244      244   (0)      2 :  0.0060 0.9940 
 245      245   (0)      2 :  0.0092 0.9908 
 246      246   (0)      2 :  0.0080 0.9920 
 247      247   (0)      2 :  0.0132 0.9868 
 248      248   (0)      2 :  0.0104 0.9896 
 249      249   (0)      2 :  0.0316 0.9684 
 250      250   (0)      2 :  0.0080 0.9920 
 251      251   (0)      2 :  0.0104 0.9896 
 252      252   (0)      2 :  0.0060 0.9940 
 253      253   (0)      2 :  0.0080 0.9920 
 254      254   (0)      2 :  0.0090 0.9910 
 255      255   (0)      2 :  0.0130 0.9870 
 256      256   (0)      2 :  0.0186 0.9814 
 257      257   (0)      2 :  0.0160 0.9840 
 258      258   (0)      2 :  0.0060 0.9940 
 259      259   (0)      2 :  0.0060 0.9940 
 260      260   (0)      2 :  0.0080 0.9920 
 261      261   (0)      2 :  0.0080 0.9920 
 262      262   (0)      2 :  0.0070 0.9930 
 263      263   (0)      2 :  0.0080 0.9920 
 264      264   (0)      2 :  0.0190 0.9810 
 265      265   (0)      2 :  0.0050 0.9950 
 266      266   (0)      2 :  0.0190 0.9810 
 267      267   (0)      2 :  0.0160 0.9840 
 268      268   (0)      2 :  0.0250 0.9750 
 269      269   (0)      2 :  0.0190 0.9810 
 270      270   (0)      2 :  0.0072 0.9928 
 271      271   (0)      2 :  0.0130 0.9870 
 272      272   (0)      2 :  0.0160 0.9840 
 273      273   (0)      2 :  0.0430 0.9570 
 274      274   (0)      2 :  0.0380 0.9620 
 275      275   (0)      2 :  0.0200 0.9800 
 276      276   (0)      2 :  0.0080 0.9920 
 277      277   (0)      2 :  0.0158 0.9842 
 278      278   (0)      2 :  0.0070 0.9930 
 279      279   (0)      2 :  0.0184 0.9816 
 280      280   (0)      2 :  0.0140 0.9860 
 281      281   (0)      2 :  0.0060 0.9940 
 282      282   (0)      2 :  0.0320 0.9680 
 283      283   (0)      2 :  0.0250 0.9750 
 284      284   (0)      2 :  0.0150 0.9850 
 285      285   (0)      2 :  0.0100 0.9900 
 286      286   (0)      2 :  0.0090 0.9910 
 287      287   (0)      2 :  0.0130 0.9870 
 288      288   (0)      2 :  0.0220 0.9780 
 289      289   (0)      2 :  0.0310 0.9690 
 290      290   (0)      2 :  0.0086 0.9914 
 291      291   (0)      2 :  0.0080 0.9920 
 292      292   (0)      2 :  0.0070 0.9930 
 293      293   (0)      2 :  0.0070 0.9930 
 294      294   (0)      2 :  0.0052 0.9948 
 295      295   (0)      2 :  0.0060 0.9940 
 296      296   (0)      2 :  0.0060 0.9940 
 297      297   (0)      2 :  0.0110 0.9890 
 298      298   (0)      2 :  0.0070 0.9930 
 299      299   (0)      2 :  0.0070 0.9930 
 300      300   (0)      2 :  0.0070 0.9930 
 301      301   (0)      2 :  0.0170 0.9830 
 302      302   (0)      2 :  0.0080 0.9920 
 303      303   (0)      2 :  0.0050 0.9950 
 304      304   (0)      2 :  0.0842 0.9158 
 305      305   (0)      2 :  0.0890 0.9110 
 306      306   (0)      2 :  0.0130 0.9870 
 307      307   (0)      2 :  0.0140 0.9860 
 308      308   (0)      2 :  0.0180 0.9820 
 309      309   (0)      2 :  0.0090 0.9910 
 310      310   (0)      2 :  0.0150 0.9850 
 311      311   (0)      2 :  0.0070 0.9930 
 312      312   (0)      2 :  0.0110 0.9890 
 313      313   (0)      2 :  0.0180 0.9820 
 314      314   (0)      2 :  0.0092 0.9908 
 315      315   (0)      2 :  0.0060 0.9940 
 316      316   (0)      2 :  0.0214 0.9786 
 317      317   (0)      2 :  0.0120 0.9880 
 318      318   (0)      2 :  0.0070 0.9930 
 319      319   (0)      2 :  0.0070 0.9930 
 320      320   (0)      2 :  0.0456 0.9544 
 321      321   (0)      2 :  0.0080 0.9920 
 322      322   (0)      2 :  0.0250 0.9750 
 323      323   (0)      2 :  0.0070 0.9930 
 324      324   (0)      2 :  0.0060 0.9940 
 325      325   (0)      2 :  0.0050 0.9950 
 326      326   (0)      2 :  0.0090 0.9910 
 327      327   (0)      2 :  0.0206 0.9794 
 328      328   (0)      2 :  0.0050 0.9950 
 329      329   (0)      2 :  0.0090 0.9910 
 330      330   (0)      2 :  0.0040 0.9960 
 331      331   (0)      2 :  0.0110 0.9890 
 332      332   (0)      2 :  0.0120 0.9880 
 333      333   (0)      2 :  0.0100 0.9900 
 334      334   (0)      2 :  0.0140 0.9860 
 335      335   (0)      2 :  0.0060 0.9940 
 336      336   (0)      2 :  0.0100 0.9900 
 337      337   (0)      2 :  0.0120 0.9880 
 338      338   (0)      2 :  0.0080 0.9920 
 339      339   (0)      2 :  0.0080 0.9920 
 340      340   (0)      2 :  0.0930 0.9070 
 341      341   (0)      2 :  0.0522 0.9478 
 342      342   (0)      2 :  0.0090 0.9910 
 343      343   (0)      2 :  0.0110 0.9890 
 344      344   (0)      2 :  0.0380 0.9620 
 345      345   (0)      2 :  0.0130 0.9870 
 346      346   (0)      2 :  0.0080 0.9920 
 347      347   (0)      2 :  0.0120 0.9880 
 348      348   (0)      2 :  0.0140 0.9860 
 349      349   (0)      2 :  0.0800 0.9200 
 350      350   (0)      2 :  0.0560 0.9440 
 351      351   (0)      2 :  0.0168 0.9832 
 352      352   (0)      2 :  0.0070 0.9930 
 353      353   (0)      2 :  0.0090 0.9910 
 354      354   (0)      2 :  0.0140 0.9860 
 355      355   (0)      2 :  0.0090 0.9910 
 356      356   (0)      2 :  0.0110 0.9890 
 357      357   (0)      2 :  0.0090 0.9910 
 358      358   (0)      2 :  0.0422 0.9578 
 359      359   (0)      2 :  0.0204 0.9796 
 360      360   (0)      2 :  0.0668 0.9332 
 361      361   (0)      2 :  0.0120 0.9880 
 362      362   (0)      2 :  0.0060 0.9940 
 363      363   (0)      2 :  0.0250 0.9750 
 364      364   (0)      2 :  0.0120 0.9880 
 365      365   (0)      2 :  0.0140 0.9860 
 366      366   (0)      2 :  0.0122 0.9878 
 367      367   (0)      2 :  0.0180 0.9820 
 368      368   (0)      2 :  0.0070 0.9930 
 369      369   (0)      2 :  0.0100 0.9900 
 370      370   (0)      2 :  0.0150 0.9850 
 371      371   (0)      2 :  0.0060 0.9940 
 372      372   (0)      2 :  0.0070 0.9930 
 373      373   (0)      2 :  0.0050 0.9950 
 374      374   (0)      2 :  0.0380 0.9620 
 375      375   (0)      2 :  0.0100 0.9900 
 376      376   (0)      2 :  0.0090 0.9910 
 377      377   (0)      2 :  0.0560 0.9440 
 378      378   (0)      2 :  0.0080 0.9920 
 379      379   (0)      2 :  0.0060 0.9940 
 380      380   (0)      2 :  0.0060 0.9940 
 381      381   (0)      2 :  0.0200 0.9800 
 382      382   (0)      2 :  0.0080 0.9920 
 383      383   (0)      2 :  0.0050 0.9950 
 384      384   (0)      2 :  0.0050 0.9950 
 385      385   (0)      2 :  0.0202 0.9798 
 386      386   (0)      2 :  0.0088 0.9912 
 387      387   (0)      2 :  0.0120 0.9880 
 388      388   (0)      2 :  0.0520 0.9480 
 389      389   (0)      2 :  0.0090 0.9910 
 390      390   (0)      2 :  0.0080 0.9920 
 391      391   (0)      2 :  0.0050 0.9950 
 392      392   (0)      2 :  0.0068 0.9932 
 393      393   (0)      2 :  0.0110 0.9890 
 394      394   (0)      2 :  0.0370 0.9630 
 395      395   (0)      2 :  0.0120 0.9880 
 396      396   (0)      2 :  0.0180 0.9820 
 397      397   (0)      2 :  0.0060 0.9940 
 398      398   (0)      2 :  0.0160 0.9840 
 399      399   (0)      2 :  0.0090 0.9910 
 400      400   (0)      2 :  0.0050 0.9950 
 401      401   (0)      2 :  0.0100 0.9900 
 402      402   (0)      2 :  0.0060 0.9940 
 403      403   (0)      2 :  0.0080 0.9920 
 404      404   (0)      2 :  0.0080 0.9920 
 405      405   (0)      2 :  0.0120 0.9880 
 406      406   (0)      2 :  0.0050 0.9950 
 407      407   (0)      2 :  0.0110 0.9890 
 408      408   (0)      2 :  0.0070 0.9930 
 409      409   (0)      2 :  0.0100 0.9900 
 410      410   (0)      2 :  0.0080 0.9920 
 411      411   (0)      2 :  0.0080 0.9920 
 412      412   (0)      2 :  0.0070 0.9930 
 413      413   (0)      2 :  0.0090 0.9910 
 414      414   (0)      2 :  0.0194 0.9806 
 415      415   (0)      2 :  0.0088 0.9912 
 416      416   (0)      2 :  0.0070 0.9930 
 417      417   (0)      2 :  0.0060 0.9940 
 418      418   (0)      2 :  0.0568 0.9432 
 419      419   (0)      2 :  0.0060 0.9940 
 420      420   (0)      2 :  0.0100 0.9900 
 421      421   (0)      2 :  0.0090 0.9910 
 422      422   (0)      2 :  0.0090 0.9910 
 423      423   (0)      2 :  0.0090 0.9910 
 424      424   (0)      2 :  0.0190 0.9810 
 425      425   (0)      2 :  0.0080 0.9920 
 426      426   (0)      2 :  0.0150 0.9850 
 427      427   (0)      2 :  0.0132 0.9868 
 428      428   (0)      2 :  0.0110 0.9890 
 429      429   (0)      2 :  0.0080 0.9920 
 430      430   (0)      2 :  0.0070 0.9930 
 431      431   (0)      2 :  0.0120 0.9880 
 432      432   (0)      2 :  0.0080 0.9920 
 433      433   (0)      2 :  0.0060 0.9940 
 434      434   (0)      2 :  0.0150 0.9850 
 435      435   (0)      2 :  0.0050 0.9950 
 436      436   (0)      2 :  0.0230 0.9770 
 437      437   (0)      2 :  0.0070 0.9930 
 438      438   (0)      2 :  0.0130 0.9870 
 439      439   (0)      2 :  0.0110 0.9890 
 440      440   (0)      2 :  0.0060 0.9940 
 441      441   (0)      2 :  0.0080 0.9920 
 442      442   (0)      2 :  0.0260 0.9740 
 443      443   (0)      2 :  0.0228 0.9772 
 444      444   (0)      2 :  0.0080 0.9920 
 445      445   (0)      2 :  0.0060 0.9940 
 446      446   (0)      2 :  0.0100 0.9900 
 447      447   (0)      2 :  0.0050 0.9950 
 448      448   (0)      2 :  0.0120 0.9880 
 449      449   (0)      2 :  0.0050 0.9950 
 450      450   (0)      2 :  0.0250 0.9750 
 451      451   (0)      2 :  0.0330 0.9670 
 452      452   (0)      2 :  0.1400 0.8600 
 453      453   (0)      2 :  0.0130 0.9870 
 454      454   (0)      2 :  0.0216 0.9784 
 455      455   (0)      2 :  0.0100 0.9900 
 456      456   (0)      2 :  0.0064 0.9936 
 457      457   (0)      2 :  0.0200 0.9800 
 458      458   (0)      2 :  0.0110 0.9890 
 459      459   (0)      2 :  0.0110 0.9890 
 460      460   (0)      2 :  0.0070 0.9930 
 461      461   (0)      2 :  0.0280 0.9720 
 462      462   (0)      2 :  0.0060 0.9940 
 463      463   (0)      2 :  0.0060 0.9940 
 464      464   (0)      2 :  0.0130 0.9870 
 465      465   (0)      2 :  0.0140 0.9860 
 466      466   (0)      2 :  0.0050 0.9950 
 467      467   (0)      2 :  0.0090 0.9910 
 468      468   (0)      2 :  0.0070 0.9930 
 469      469   (0)      2 :  0.0070 0.9930 
 470      470   (0)      2 :  0.0690 0.9310 
 471      471   (0)      2 :  0.0100 0.9900 
 472      472   (0)      2 :  0.0170 0.9830 
 473      473   (0)      2 :  0.0150 0.9850 
 474      474   (0)      2 :  0.0050 0.9950 
 475      475   (0)      2 :  0.0092 0.9908 
 476      476   (0)      2 :  0.0050 0.9950 
 477      477   (0)      2 :  0.0320 0.9680 
 478      478   (0)      2 :  0.0120 0.9880 
 479      479   (0)      2 :  0.0050 0.9950 
 480      480   (0)      2 :  0.0120 0.9880 
 481      481   (0)      2 :  0.0288 0.9712 
 482      482   (0)      2 :  0.0060 0.9940 
 483      483   (0)      2 :  0.0152 0.9848 
 484      484   (0)      2 :  0.0068 0.9932 
 485      485   (0)      2 :  0.0080 0.9920 
 486      486   (0)      2 :  0.0110 0.9890 
 487      487   (0)      2 :  0.0070 0.9930 
 488      488   (0)      2 :  0.0100 0.9900 
 489      489   (0)      2 :  0.0150 0.9850 
 490      490   (0)      2 :  0.0100 0.9900 
 491      491   (0)      2 :  0.0070 0.9930 
 492      492   (0)      2 :  0.0250 0.9750 
 493      493   (0)      2 :  0.0240 0.9760 
 494      494   (0)      2 :  0.0510 0.9490 
 495      495   (0)      2 :  0.0110 0.9890 
 496      496   (0)      2 :  0.0290 0.9710 
 497      497   (0)      2 :  0.0110 0.9890 
 498      498   (0)      2 :  0.0092 0.9908 
 499      499   (0)      2 :  0.0070 0.9930 
 500      500   (0)      2 :  0.0120 0.9880 
 501      501   (0)      3 :  0.0220 0.9780 
 502      502   (0)      3 :  0.0970 0.9030 
 503      503   (0)      3 :  0.2466 0.7534 
 504      504   (0)      3 :  0.0970 0.9030 
 505      505   (0)      3 :  0.0730 0.9270 
 506      506   (0)      3 :  0.0470 0.9530 
 507      507   (0)      3 :  0.0950 0.9050 
 508      508   (0)      3 :  0.0270 0.9730 
 509      509   (0)      3 :  0.1008 0.8992 
 510      510   (0)      3 :  0.1120 0.8880 
 511      511   (0)      3 :  0.0796 0.9204 
 512      512   (0)      3 :  0.0572 0.9428 
 513      513   (0)      3 :  0.0190 0.9810 
 514      514   (0)      3 :  0.0470 0.9530 
 515      515   (0)      3 :  0.1942 0.8058 
 516      516   (0)      3 :  0.0794 0.9206 
 517      517   (0)      3 :  0.0932 0.9068 
 518      518   (0)      3 :  0.0510 0.9490 
 519      519   (0)      3 :  0.0574 0.9426 
 520      520   (0)      3 :  0.0816 0.9184 
 521      521   (0)      3 :  0.0340 0.9660 
 522      522   (0)      3 :  0.1646 0.8354 
 523      523   (0)      3 :  0.0180 0.9820 
 524      524   (0)      3 :  0.0080 0.9920 
 525      525   (0)      3 :  0.2140 0.7860 
 526      526   (0)      3 :  0.0120 0.9880 
 527      527   (0)      3 :  0.0420 0.9580 
 528      528   (0)      3 :  0.1146 0.8854 
 529      529   (0)      3 :  0.2182 0.7818 
 530      530   (0)      3 :  0.1526 0.8474 
 531      531   (0)      3 :  0.1376 0.8624 
 532      532   (0)      3 :  0.0732 0.9268 
 533      533   (0)      3 :  0.0270 0.9730 
 534      534   (0)      3 :  0.0710 0.9290 
 535      535   (0)      3 :  0.0830 0.9170 
 536      536   (0)      3 :  0.0310 0.9690 
 537      537   (0)      3 :  0.1130 0.8870 
 538      538   (0)      3 :  0.0100 0.9900 
 539      539   (0)      3 :  0.0980 0.9020 
 540      540   (0)      3 :  0.0140 0.9860 
 541      541   (0)      3 :  0.0220 0.9780 
 542      542   (0)      3 :  0.0140 0.9860 
 543      543   (0)      3 :  0.0120 0.9880 
 544      544   (0)      3 :  0.0100 0.9900 
 545      545   (0)      3 :  0.3380 0.6620 
 546      546   (0)      3 :  0.1296 0.8704 
 547      547   (0)      3 :  0.0060 0.9940 
 548      548   (0)      3 :  0.2660 0.7340 
 549      549   (0)      3 :  0.0800 0.9200 
 550      550   (0)      3 :  0.0190 0.9810 
 551      551   (0)      3 :  0.1280 0.8720 
 552      552   (0)      3 :  0.2754 0.7246 
 553      553   (0)      3 :  0.0238 0.9762 
 554      554   (0)      3 :  0.0834 0.9166 
 555      555   (0)      3 :  0.1030 0.8970 
 556      556   (0)      3 :  0.0130 0.9870 
 557      557   (0)      3 :  0.0268 0.9732 
 558      558   (0)      3 :  0.0760 0.9240 
 559      559   (0)      3 :  0.0510 0.9490 
 560      560   (0)      3 :  0.2144 0.7856 
 561      561   (0)      3 :  0.0080 0.9920 
 562      562   (0)      3 :  0.0090 0.9910 
 563      563   (0)      3 :  0.0172 0.9828 
 564      564   (0)      3 :  0.0100 0.9900 
 565      565   (0)      3 :  0.1370 0.8630 
 566      566   (0)      3 :  0.0080 0.9920 
 567      567   (0)      3 :  0.0290 0.9710 
 568      568   (0)      3 :  0.0470 0.9530 
 569      569   (0)      3 :  0.0220 0.9780 
 570      570   (0)      3 :  0.0100 0.9900 
 571      571   (0)      3 :  0.1300 0.8700 
 572      572   (0)      3 :  0.0130 0.9870 
 573      573   (0)      3 :  0.0180 0.9820 
 574      574   (0)      3 :  0.0990 0.9010 
 575      575   (0)      3 :  0.0110 0.9890 
 576      576   (0)      3 :  0.0510 0.9490 
 577      577   (0)      3 :  0.1880 0.8120 
 578      578   (0)      3 :  0.1878 0.8122 
 579      579   (0)      3 :  0.1070 0.8930 
 580      580   (0)      3 :  0.0770 0.9230 
 581      581   (0)      3 :  0.0364 0.9636 
 582      582   (0)      3 :  0.0970 0.9030 
 583      583   (0)      3 :  0.1980 0.8020 
 584      584   (0)      3 :  0.0150 0.9850 
 585      585   (0)      3 :  0.0420 0.9580 
 586      586   (0)      3 :  0.0680 0.9320 
 587      587   (0)      3 :  0.0760 0.9240 
 588      588   (0)      3 :  0.0882 0.9118 
 589      589   (0)      3 :  0.2150 0.7850 
 590      590   (0)      3 :  0.1168 0.8832 
 591      591   (0)      3 :  0.0230 0.9770 
 592      592   (0)      3 :  0.0706 0.9294 
 593      593   (0)      3 :  0.0490 0.9510 
 594      594   (0)      3 :  0.0930 0.9070 
 595      595   (0)      3 :  0.0390 0.9610 
 596      596   (0)      3 :  0.0110 0.9890 
 597      597   (0)      3 :  0.1506 0.8494 
 598      598   (0)      3 :  0.1846 0.8154 
 599      599   (0)      3 :  0.0278 0.9722 
 600      600   (0)      3 :  0.0970 0.9030 
 601      601   (0)      4 :  0.2454 0.7546 
 602      602   (0)      4 :  0.3816 0.6184 
 603      603   (0)      4 :  0.0850 0.9150 
 604      604   (0)      4 :  0.3280 0.6720 
 605      605   (0)      4 :  0.1242 0.8758 
 606      606   (0)      4 :  0.4040 0.5960 
 607      607   (0)      4 :  0.0188 0.9812 
 608      608   (0)      4 :  0.3552 0.6448 
 609      609   (0)      4 :  0.0752 0.9248 
 610      610   (0)      4 :  0.3578 0.6422 
 611      611   (0)      4 :  0.2864 0.7136 
 612      612   (0)      4 :  0.1788 0.8212 
 613      613   (0)      4 :  0.1890 0.8110 
 614      614   (0)      4 :  0.1662 0.8338 
 615      615   (0)      4 :  0.2410 0.7590 
 616      616   (0)      4 :  0.3132 0.6868 
 617      617   (0)      4 :  0.1532 0.8468 
 618      618   (0)      4 :  0.2270 0.7730 
 619      619   (0)      4 :  0.1940 0.8060 
 620      620   (0)      4 :  0.0200 0.9800 
 621      621   (0)      4 :  0.3020 0.6980 
 622      622   (0)      4 :  0.2610 0.7390 
 623      623   (0)      4 :  0.0220 0.9780 
 624      624   (0)      4 :  0.2236 0.7764 
 625      625   (0)      4 :  0.2510 0.7490 
 626      626   (0)      4 :  0.2746 0.7254 
 627      627   (0)      4 :  0.0710 0.9290 
 628      628   (0)      4 :  0.2320 0.7680 
 629      629   (0)      4 :  0.1962 0.8038 
 630      630   (0)      4 :  0.2560 0.7440 
 631      631   (0)      4 :  0.2110 0.7890 
 632      632   (0)      4 :  0.2280 0.7720 
 633      633   (0)      4 :  0.2610 0.7390 
 634      634   (0)      4 :  0.4110 0.5890 
 635      635   (0)      4 :  0.3060 0.6940 
 636      636   (0)      4 :  0.1134 0.8866 
 637      637   (0)      4 :  0.2710 0.7290 
 638      638   (0)      4 :  0.0318 0.9682 
 639      639   (0)      4 :  0.5350 0.4650 
 640      640   (0)      4 :  0.3294 0.6706 
 641      641   (0)      4 :  0.1840 0.8160 
 642      642   (0)      4 :  0.3448 0.6552 
 643      643   (0)      4 :  0.4790 0.5210 
 644      644   (0)      4 :  0.2330 0.7670 
 645      645   (0)      4 :  0.2734 0.7266 
 646      646   (0)      4 :  0.2530 0.7470 
 647      647   (0)      4 :  0.1470 0.8530 
 648      648   (0)      4 :  0.1680 0.8320 
 649      649   (0)      4 :  0.3410 0.6590 
 650      650   (0)      4 :  0.1320 0.8680 
 651      651   (0)      4 :  0.1966 0.8034 
 652      652   (0)      4 :  0.2082 0.7918 
 653      653   (0)      4 :  0.0270 0.9730 
 654      654   (0)      4 :  0.3302 0.6698 
 655      655   (0)      4 :  0.3250 0.6750 
 656      656   (0)      4 :  0.3228 0.6772 
 657      657   (0)      4 :  0.1810 0.8190 
 658      658   (0)      4 :  0.2260 0.7740 
 659      659   (0)      4 :  0.0450 0.9550 
 660      660   (0)      4 :  0.1070 0.8930 
 661      661   (0)      4 :  0.2308 0.7692 
 662      662   (0)      4 :  0.3000 0.7000 
 663      663   (0)      4 :  0.1210 0.8790 
 664      664   (0)      4 :  0.2870 0.7130 
 665      665   (0)      4 :  0.0180 0.9820 
 666      666   (0)      4 :  0.0680 0.9320 
 667      667   (0)      4 :  0.1048 0.8952 
 668      668   (0)      4 :  0.3016 0.6984 
 669      669   (0)      4 :  0.1188 0.8812 
 670      670   (0)      4 :  0.2150 0.7850 
 671      671   (0)      4 :  0.4004 0.5996 
 672      672   (0)      4 :  0.2620 0.7380 
 673      673   (0)      4 :  0.0840 0.9160 
 674      674   (0)      4 :  0.3384 0.6616 
 675      675   (0)      4 :  0.1300 0.8700 
 676      676   (0)      4 :  0.1790 0.8210 
 677      677   (0)      4 :  0.0300 0.9700 
 678      678   (0)      4 :  0.3720 0.6280 
 679      679   (0)      4 :  0.2896 0.7104 
 680      680   (0)      4 :  0.1550 0.8450 
 681      681   (0)      4 :  0.0220 0.9780 
 682      682   (0)      4 :  0.3060 0.6940 
 683      683   (0)      4 :  0.3670 0.6330 
 684      684   (0)      4 :  0.1940 0.8060 
 685      685   (0)      4 :  0.0870 0.9130 
 686      686   (0)      4 :  0.1910 0.8090 
 687      687   (0)      4 :  0.3850 0.6150 
 688      688   (0)      4 :  0.2280 0.7720 
 689      689   (0)      4 :  0.2540 0.7460 
 690      690   (0)      4 :  0.2500 0.7500 
 691      691   (0)      4 :  0.0720 0.9280 
 692      692   (0)      4 :  0.2998 0.7002 
 693      693   (0)      4 :  0.2930 0.7070 
 694      694   (0)      4 :  0.2730 0.7270 
 695      695   (0)      4 :  0.1570 0.8430 
 696      696   (0)      4 :  0.3210 0.6790 
 697      697   (0)      4 :  0.1030 0.8970 
 698      698   (0)      4 :  0.0260 0.9740 
 699      699   (0)      4 :  0.0620 0.9380 
 700      700   (0)      4 :  0.2702 0.7298 
 701      701   (0)      5 :  0.5620 0.4380 
 702      702   (0)      5 :  0.5600 0.4400 
 703      703   (0)      5 :  0.3850 0.6150 
 704      704   (0)      5 :  0.4680 0.5320 
 705      705   (0)      5 :  0.4870 0.5130 
 706      706   (0)      5 :  0.3930 0.6070 
 707      707   (0)      5 :  0.4256 0.5744 
 708      708   (0)      5 :  0.5432 0.4568 
 709      709   (0)      5 :  0.6162 0.3838 
 710      710   (0)      5 :  0.4594 0.5406 
 711      711   (0)      5 :  0.5122 0.4878 
 712      712   (0)      5 :  0.5680 0.4320 
 713      713   (0)      5 :  0.5100 0.4900 
 714      714   (0)      5 :  0.4020 0.5980 
 715      715   (0)      5 :  0.5070 0.4930 
 716      716   (0)      5 :  0.4450 0.5550 
 717      717   (0)      5 :  0.6070 0.3930 
 718      718   (0)      5 :  0.4860 0.5140 
 719      719   (0)      5 :  0.4504 0.5496 
 720      720   (0)      5 :  0.5290 0.4710 
 721      721   (0)      5 :  0.5882 0.4118 
 722      722   (0)      5 :  0.3854 0.6146 
 723      723   (0)      5 :  0.5290 0.4710 
 724      724   (0)      5 :  0.4690 0.5310 
 725      725   (0)      5 :  0.4622 0.5378 
 726      726   (0)      5 :  0.4180 0.5820 
 727      727   (0)      5 :  0.5530 0.4470 
 728      728   (0)      5 :  0.6080 0.3920 
 729      729   (0)      5 :  0.5840 0.4160 
 730      730   (0)      5 :  0.5510 0.4490 
 731      731   (0)      5 :  0.4888 0.5112 
 732      732   (0)      5 :  0.5330 0.4670 
 733      733   (0)      5 :  0.5594 0.4406 
 734      734   (0)      5 :  0.5210 0.4790 
 735      735   (0)      5 :  0.6580 0.3420 
 736      736   (0)      5 :  0.5380 0.4620 
 737      737   (0)      5 :  0.4580 0.5420 
 738      738   (0)      5 :  0.4454 0.5546 
 739      739   (0)      5 :  0.5184 0.4816 
 740      740   (0)      5 :  0.5450 0.4550 
 741      741   (0)      5 :  0.5250 0.4750 
 742      742   (0)      5 :  0.4566 0.5434 
 743      743   (0)      5 :  0.4316 0.5684 
 744      744   (0)      5 :  0.5350 0.4650 
 745      745   (0)      5 :  0.4634 0.5366 
 746      746   (0)      5 :  0.4780 0.5220 
 747      747   (0)      5 :  0.6010 0.3990 
 748      748   (0)      5 :  0.4950 0.5050 
 749      749   (0)      5 :  0.4950 0.5050 
 750      750   (0)      5 :  0.4390 0.5610 
 751      751   (0)      5 :  0.4008 0.5992 
 752      752   (0)      5 :  0.4370 0.5630 
 753      753   (0)      5 :  0.4708 0.5292 
 754      754   (0)      5 :  0.6200 0.3800 
 755      755   (0)      5 :  0.6088 0.3912 
 756      756   (0)      5 :  0.4130 0.5870 
 757      757   (0)      5 :  0.3980 0.6020 
 758      758   (0)      5 :  0.5090 0.4910 
 759      759   (0)      5 :  0.5200 0.4800 
 760      760   (0)      5 :  0.5690 0.4310 
 761      761   (0)      5 :  0.5532 0.4468 
 762      762   (0)      5 :  0.4330 0.5670 
 763      763   (0)      5 :  0.6180 0.3820 
 764      764   (0)      5 :  0.5728 0.4272 
 765      765   (0)      5 :  0.4884 0.5116 
 766      766   (0)      5 :  0.5770 0.4230 
 767      767   (0)      5 :  0.4610 0.5390 
 768      768   (0)      5 :  0.6330 0.3670 
 769      769   (0)      5 :  0.5390 0.4610 
 770      770   (0)      5 :  0.3720 0.6280 
 771      771   (0)      5 :  0.5790 0.4210 
 772      772   (0)      5 :  0.5810 0.4190 
 773      773   (0)      5 :  0.4494 0.5506 
 774      774   (0)      5 :  0.4826 0.5174 
 775      775   (0)      5 :  0.6312 0.3688 
 776      776   (0)      5 :  0.3820 0.6180 
 777      777   (0)      5 :  0.4250 0.5750 
 778      778   (0)      5 :  0.5992 0.4008 
 779      779   (0)      5 :  0.5120 0.4880 
 780      780   (0)      5 :  0.4778 0.5222 
 781      781   (0)      5 :  0.3712 0.6288 
 782      782   (0)      5 :  0.4470 0.5530 
 783      783   (0)      5 :  0.3870 0.6130 
 784      784   (0)      5 :  0.4166 0.5834 
 785      785   (0)      5 :  0.4780 0.5220 
 786      786   (0)      5 :  0.5826 0.4174 
 787      787   (0)      5 :  0.4300 0.5700 
 788      788   (0)      5 :  0.3574 0.6426 
 789      789   (0)      5 :  0.5520 0.4480 
 790      790   (0)      5 :  0.5618 0.4382 
 791      791   (0)      5 :  0.5950 0.4050 
 792      792   (0)      5 :  0.5470 0.4530 
 793      793   (0)      5 :  0.4220 0.5780 
 794      794   (0)      5 :  0.4980 0.5020 
 795      795   (0)      5 :  0.4700 0.5300 
 796      796   (0)      5 :  0.4762 0.5238 
 797      797   (0)      5 :  0.6590 0.3410 
 798      798   (0)      5 :  0.4400 0.5600 
 799      799   (0)      5 :  0.3340 0.6660 
 800      800   (0)      5 :  0.5780 0.4220 
 801      801   (0)      6 :  0.5580 0.4420 
 802      802   (0)      6 :  0.7660 0.2340 
 803      803   (0)      6 :  0.8380 0.1620 
 804      804   (0)      6 :  0.7510 0.2490 
 805      805   (0)      6 :  0.7880 0.2120 
 806      806   (0)      6 :  0.7964 0.2036 
 807      807   (0)      6 :  0.7290 0.2710 
 808      808   (0)      6 :  0.8172 0.1828 
 809      809   (0)      6 :  0.6256 0.3744 
 810      810   (0)      6 :  0.7440 0.2560 
 811      811   (0)      6 :  0.9280 0.0720 
 812      812   (0)      6 :  0.7580 0.2420 
 813      813   (0)      6 :  0.7142 0.2858 
 814      814   (0)      6 :  0.8062 0.1938 
 815      815   (0)      6 :  0.7860 0.2140 
 816      816   (0)      6 :  0.8840 0.1160 
 817      817   (0)      6 :  0.6830 0.3170 
 818      818   (0)      6 :  0.6680 0.3320 
 819      819   (0)      6 :  0.8320 0.1680 
 820      820   (0)      6 :  0.8630 0.1370 
 821      821   (0)      6 :  0.7150 0.2850 
 822      822   (0)      6 :  0.7362 0.2638 
 823      823   (0)      6 :  0.8124 0.1876 
 824      824   (0)      6 :  0.6714 0.3286 
 825      825   (0)      6 :  0.6030 0.3970 
 826      826   (0)      6 :  0.5462 0.4538 
 827      827   (0)      6 :  0.7692 0.2308 
 828      828   (0)      6 :  0.7710 0.2290 
 829      829   (0)      6 :  0.7370 0.2630 
 830      830   (0)      6 :  0.9490 0.0510 
 831      831   (0)      6 :  0.7760 0.2240 
 832      832   (0)      6 :  0.9270 0.0730 
 833      833   (0)      6 :  0.8090 0.1910 
 834      834   (0)      6 :  0.7270 0.2730 
 835      835   (0)      6 :  0.8490 0.1510 
 836      836   (0)      6 :  0.8870 0.1130 
 837      837   (0)      6 :  0.6378 0.3622 
 838      838   (0)      6 :  0.6210 0.3790 
 839      839   (0)      6 :  0.8080 0.1920 
 840      840   (0)      6 :  0.7880 0.2120 
 841      841   (0)      6 :  0.8042 0.1958 
 842      842   (0)      6 :  0.7910 0.2090 
 843      843   (0)      6 :  0.7490 0.2510 
 844      844   (0)      6 :  0.6640 0.3360 
 845      845   (0)      6 :  0.5090 0.4910 
 846      846   (0)      6 :  0.8610 0.1390 
 847      847   (0)      6 :  0.7030 0.2970 
 848      848   (0)      6 :  0.6626 0.3374 
 849      849   (0)      6 :  0.7310 0.2690 
 850      850   (0)      6 :  0.7376 0.2624 
 851      851   (0)      6 :  0.8340 0.1660 
 852      852   (0)      6 :  0.8720 0.1280 
 853      853   (0)      6 :  0.7924 0.2076 
 854      854   (0)      6 :  0.6410 0.3590 
 855      855   (0)      6 :  0.8410 0.1590 
 856      856   (0)      6 :  0.9490 0.0510 
 857      857   (0)      6 :  0.8074 0.1926 
 858      858   (0)      6 :  0.8868 0.1132 
 859      859   (0)      6 :  0.7230 0.2770 
 860      860   (0)      6 :  0.7090 0.2910 
 861      861   (0)      6 :  0.8090 0.1910 
 862      862   (0)      6 :  0.7580 0.2420 
 863      863   (0)      6 :  0.7700 0.2300 
 864      864   (0)      6 :  0.7910 0.2090 
 865      865   (0)      6 :  0.8290 0.1710 
 866      866   (0)      6 :  0.7058 0.2942 
 867      867   (0)      6 :  0.7564 0.2436 
 868      868   (0)      6 :  0.9650 0.0350 
 869      869   (0)      6 :  0.7580 0.2420 
 870      870   (0)      6 :  0.7670 0.2330 
 871      871   (0)      6 :  0.8070 0.1930 
 872      872   (0)      6 :  0.9260 0.0740 
 873      873   (0)      6 :  0.7230 0.2770 
 874      874   (0)      6 :  0.7840 0.2160 
 875      875   (0)      6 :  0.8260 0.1740 
 876      876   (0)      6 :  0.5400 0.4600 
 877      877   (0)      6 :  0.8186 0.1814 
 878      878   (0)      6 :  0.8420 0.1580 
 879      879   (0)      6 :  0.6660 0.3340 
 880      880   (0)      6 :  0.6420 0.3580 
 881      881   (0)      6 :  0.7780 0.2220 
 882      882   (0)      6 :  0.7000 0.3000 
 883      883   (0)      6 :  0.9424 0.0576 
 884      884   (0)      6 :  0.6080 0.3920 
 885      885   (0)      6 :  0.6640 0.3360 
 886      886   (0)      6 :  0.8280 0.1720 
 887      887   (0)      6 :  0.8300 0.1700 
 888      888   (0)      6 :  0.7810 0.2190 
 889      889   (0)      6 :  0.8758 0.1242 
 890      890   (0)      6 :  0.8528 0.1472 
 891      891   (0)      6 :  0.7760 0.2240 
 892      892   (0)      6 :  0.7598 0.2402 
 893      893   (0)      6 :  0.7324 0.2676 
 894      894   (0)      6 :  0.7750 0.2250 
 895      895   (0)      6 :  0.9148 0.0852 
 896      896   (0)      6 :  0.6258 0.3742 
 897      897   (0)      6 :  0.7420 0.2580 
 898      898   (0)      6 :  0.7660 0.2340 
 899      899   (0)      6 :  0.7230 0.2770 
 900      900   (0)      6 :  0.9950 0.0050 
 901      901   (0)      7 :  0.8026 0.1974 
 902      902   (0)      7 :  0.9026 0.0974 
 903      903   (0)      7 :  0.8790 0.1210 
 904      904   (0)      7 :  0.9630 0.0370 
 905      905   (0)      7 :  0.9420 0.0580 
 906      906   (0)      7 :  0.7310 0.2690 
 907      907   (0)      7 :  0.9500 0.0500 
 908      908   (0)      7 :  0.8770 0.1230 
 909      909   (0)      7 :  0.7584 0.2416 
 910      910   (0)      7 :  0.9920 0.0080 
 911      911   (0)      7 :  0.8908 0.1092 
 912      912   (0)      7 :  0.9500 0.0500 
 913      913   (0)      7 :  0.7900 0.2100 
 914      914   (0)      7 :  0.8386 0.1614 
 915      915   (0)      7 :  0.9304 0.0696 
 916      916   (0)      7 :  0.7060 0.2940 
 917      917   (0)      7 :  0.8568 0.1432 
 918      918   (0)      7 :  0.8792 0.1208 
 919      919   (0)      7 :  0.7028 0.2972 
 920      920   (0)      7 :  0.9700 0.0300 
 921      921   (0)      7 :  0.9944 0.0056 
 922      922   (0)      7 :  0.7000 0.3000 
 923      923   (0)      7 :  0.8560 0.1440 
 924      924   (0)      7 :  0.8780 0.1220 
 925      925   (0)      7 :  0.8080 0.1920 
 926      926   (0)      7 :  0.8970 0.1030 
 927      927   (0)      7 :  0.8862 0.1138 
 928      928   (0)      7 :  0.7480 0.2520 
 929      929   (0)      7 :  0.9580 0.0420 
 930      930   (0)      7 :  0.8442 0.1558 
 931      931   (0)      7 :  0.9448 0.0552 
 932      932   (0)      7 :  0.9530 0.0470 
 933      933   (0)      7 :  0.8666 0.1334 
 934      934   (0)      7 :  0.9030 0.0970 
 935      935   (0)      7 :  0.9598 0.0402 
 936      936   (0)      7 :  0.7450 0.2550 
 937      937   (0)      7 :  0.9440 0.0560 
 938      938   (0)      7 :  0.7930 0.2070 
 939      939   (0)      7 :  0.8310 0.1690 
 940      940   (0)      7 :  0.8314 0.1686 
 941      941   (0)      7 :  0.9620 0.0380 
 942      942   (0)      7 :  0.9930 0.0070 
 943      943   (0)      7 :  0.7490 0.2510 
 944      944   (0)      7 :  0.8986 0.1014 
 945      945   (0)      7 :  0.8280 0.1720 
 946      946   (0)      7 :  0.9148 0.0852 
 947      947   (0)      7 :  0.8960 0.1040 
 948      948   (0)      7 :  0.8166 0.1834 
 949      949   (0)      7 :  0.9930 0.0070 
 950      950   (0)      7 :  0.9290 0.0710 
 951      951   (0)      7 :  0.8320 0.1680 
 952      952   (0)      7 :  0.8578 0.1422 
 953      953   (0)      7 :  0.6240 0.3760 
 954      954   (0)      7 :  0.9160 0.0840 
 955      955   (0)      7 :  0.9420 0.0580 
 956      956   (0)      7 :  0.8350 0.1650 
 957      957   (0)      7 :  0.7880 0.2120 
 958      958   (0)      7 :  0.8560 0.1440 
 959      959   (0)      7 :  0.7750 0.2250 
 960      960   (0)      7 :  0.9620 0.0380 
 961      961   (0)      7 :  0.9330 0.0670 
 962      962   (0)      7 :  0.8510 0.1490 
 963      963   (0)      7 :  0.9920 0.0080 
 964      964   (0)      7 :  0.9520 0.0480 
 965      965   (0)      7 :  0.9230 0.0770 
 966      966   (0)      7 :  0.8060 0.1940 
 967      967   (0)      7 :  0.9890 0.0110 
 968      968   (0)      7 :  0.8914 0.1086 
 969      969   (0)      7 :  0.8580 0.1420 
 970      970   (0)      7 :  0.8530 0.1470 
 971      971   (0)      7 :  0.7766 0.2234 
 972      972   (0)      7 :  0.8548 0.1452 
 973      973   (0)      7 :  0.8020 0.1980 
 974      974   (0)      7 :  0.8230 0.1770 
 975      975   (0)      7 :  0.9400 0.0600 
 976      976   (0)      7 :  0.9500 0.0500 
 977      977   (0)      7 :  0.8470 0.1530 
 978      978   (0)      7 :  0.8718 0.1282 
 979      979   (0)      7 :  0.6916 0.3084 
 980      980   (0)      7 :  0.9570 0.0430 
 981      981   (0)      7 :  0.9060 0.0940 
 982      982   (0)      7 :  0.8880 0.1120 
 983      983   (0)      7 :  0.9030 0.0970 
 984      984   (0)      7 :  0.9282 0.0718 
 985      985   (0)      7 :  0.8790 0.1210 
 986      986   (0)      7 :  0.8780 0.1220 
 987      987   (0)      7 :  0.7810 0.2190 
 988      988   (0)      7 :  0.9940 0.0060 
 989      989   (0)      7 :  0.8948 0.1052 
 990      990   (0)      7 :  0.7920 0.2080 
 991      991   (0)      7 :  0.9590 0.0410 
 992      992   (0)      7 :  0.9702 0.0298 
 993      993   (0)      7 :  0.7500 0.2500 
 994      994   (0)      7 :  0.9670 0.0330 
 995      995   (0)      7 :  0.9390 0.0610 
 996      996   (0)      7 :  0.9240 0.0760 
 997      997   (0)      7 :  0.9546 0.0454 
 998      998   (0)      7 :  0.7470 0.2530 
 999      999   (0)      7 :  0.9570 0.0430 
1000     1000   (0)      7 :  0.9240 0.0760 
1001     1001   (5)      8 :  0.9890 0.0110 
1002     1002   (0)      8 :  0.9870 0.0130 
1003     1003   (0)      8 :  0.9940 0.0060 
1004     1004   (0)      8 :  0.9702 0.0298 
1005     1005   (0)      8 :  0.9930 0.0070 
1006     1006   (0)      8 :  0.9920 0.0080 
1007     1007   (0)      8 :  0.9950 0.0050 
1008     1008   (0)      8 :  0.9910 0.0090 
1009     1009   (0)      8 :  0.9930 0.0070 
1010     1010   (0)      8 :  0.9920 0.0080 
1011     1011   (0)      8 :  0.9950 0.0050 
1012     1012   (0)      8 :  0.9940 0.0060 
1013     1013   (0)      8 :  0.9890 0.0110 
1014     1014   (5)      8 :  0.9950 0.0050 
1015     1015   (0)      8 :  0.9930 0.0070 
1016     1016   (0)      8 :  0.9940 0.0060 
1017     1017   (0)      8 :  0.9922 0.0078 
1018     1018   (0)      8 :  0.9920 0.0080 
1019     1019   (0)      8 :  0.9910 0.0090 
1020     1020   (0)      8 :  0.9940 0.0060 
1021     1021   (0)      8 :  0.9950 0.0050 
1022     1022   (0)      8 :  0.9920 0.0080 
1023     1023   (0)      8 :  0.9940 0.0060 
1024     1024   (0)      8 :  0.9950 0.0050 
1025     1025   (0)      8 :  0.9950 0.0050 
1026     1026   (0)      8 :  0.9940 0.0060 
1027     1027   (0)      8 :  0.9940 0.0060 
1028     1028   (0)      8 :  0.9940 0.0060 
1029     1029   (0)      9 :  0.9920 0.0080 
1030     1030   (0)      9 :  0.9940 0.0060 
1031     1031   (0)      9 :  0.9950 0.0050 
1032     1032   (0)      9 :  0.9850 0.0150 
1033     1033   (0)      9 :  0.9940 0.0060 
1034     1034   (0)      9 :  0.9940 0.0060 
1035     1035   (0)      9 :  0.9940 0.0060 
1036     1036   (0)      9 :  0.9940 0.0060 
1037     1037   (0)      9 :  0.9920 0.0080 
1038     1038   (0)      9 :  0.9940 0.0060 
1039     1039   (0)      9 :  0.9930 0.0070 
1040     1040   (0)      9 :  0.9890 0.0110 
1041     1041   (0)      9 :  0.9880 0.0120 
1042     1042   (0)      9 :  0.9930 0.0070 
1043     1043   (0)      9 :  0.9950 0.0050 
1044     1044   (0)      9 :  0.9910 0.0090 
1045     1045   (0)      9 :  0.9946 0.0054 
1046     1046   (0)      9 :  0.9950 0.0050 
1047     1047   (0)      9 :  0.9928 0.0072 
1048     1048   (0)      9 :  0.9940 0.0060 
1049     1049   (0)      9 :  0.9930 0.0070 
1050     1050   (0)      9 :  0.9940 0.0060 
1051     1051   (0)      9 :  0.9952 0.0048 
1052     1052   (0)      9 :  0.9760 0.0240 
1053     1053   (0)      9 :  0.9930 0.0070 
1054     1054   (0)      9 :  0.9940 0.0060 
1055     1055   (0)      9 :  0.9930 0.0070 
1056     1056   (0)      9 :  0.9960 0.0040 
1057     1057   (0)      9 :  0.9940 0.0060 
1058     1058   (0)      9 :  0.9940 0.0060 
1059     1059   (0)      9 :  0.9950 0.0050 
1060     1060   (0)      9 :  0.9900 0.0100 
1061     1061   (0)      9 :  0.9890 0.0110 
1062     1062   (0)      9 :  0.9920 0.0080 
1063     1063   (0)      9 :  0.9850 0.0150 
1064     1064   (0)      9 :  0.9950 0.0050 
1065     1065   (0)      9 :  0.9950 0.0050 
1066     1066   (0)      9 :  0.9950 0.0050 
1067     1067   (0)      9 :  0.9950 0.0050 
1068     1068   (0)      9 :  0.9950 0.0050 
1069     1069   (0)      9 :  0.9930 0.0070 
1070     1070   (0)      9 :  0.9930 0.0070 
1071     1071   (0)      9 :  0.9950 0.0050 
1072     1072   (0)      9 :  0.9940 0.0060 
1073     1073   (0)      9 :  0.9930 0.0070 
1074     1074   (0)      9 :  0.9950 0.0050 
1075     1075   (0)      9 :  0.9760 0.0240 
1076     1076   (0)      9 :  0.9922 0.0078 
1077     1077   (0)      9 :  0.9880 0.0120 
1078     1078   (0)      9 :  0.9930 0.0070 
1079     1079   (0)      9 :  0.9940 0.0060 
1080     1080   (0)      9 :  0.9940 0.0060 
1081     1081   (0)      9 :  0.9890 0.0110 
1082     1082   (0)      9 :  0.9940 0.0060 
1083     1083   (0)      9 :  0.9930 0.0070 
1084     1084   (0)      9 :  0.9910 0.0090 
1085     1085   (0)      9 :  0.9950 0.0050 
1086     1086   (0)      9 :  0.9930 0.0070 
1087     1087   (0)      9 :  0.9920 0.0080 
1088     1088   (0)      9 :  0.9940 0.0060 
1089     1089   (0)      9 :  0.9950 0.0050 
1090     1090   (0)      9 :  0.9950 0.0050 
1091     1091   (0)      9 :  0.9950 0.0050 
1092     1092   (0)      9 :  0.9900 0.0100 
1093     1093   (0)      9 :  0.9910 0.0090 
1094     1094   (0)      9 :  0.9950 0.0050 
1095     1095   (0)      9 :  0.9950 0.0050 
1096     1096   (0)      9 :  0.9940 0.0060 
1097     1097   (0)      9 :  0.9950 0.0050 
1098     1098   (0)      9 :  0.9890 0.0110 
1099     1099   (0)      9 :  0.9910 0.0090 
1100     1100   (0)      9 :  0.9910 0.0090 
1101     1101   (0)      9 :  0.9920 0.0080 
1102     1102   (0)      9 :  0.9900 0.0100 
1103     1103   (0)      9 :  0.9940 0.0060 
1104     1104   (0)      9 :  0.9910 0.0090 
1105     1105   (0)      9 :  0.9910 0.0090 
1106     1106   (0)      9 :  0.9930 0.0070 
1107     1107   (0)      9 :  0.9910 0.0090 
1108     1108   (0)      9 :  0.9920 0.0080 
1109     1109   (0)      9 :  0.9930 0.0070 
1110     1110   (0)      9 :  0.9940 0.0060 
1111     1111   (0)      9 :  0.9920 0.0080 
1112     1112   (0)      9 :  0.9880 0.0120 
1113     1113   (0)      9 :  0.9940 0.0060 
1114     1114   (0)      9 :  0.9930 0.0070 
1115     1115   (0)      9 :  0.9930 0.0070 
1116     1116   (0)      9 :  0.9932 0.0068 
1117     1117   (0)      9 :  0.9950 0.0050 
1118     1118   (0)      9 :  0.9900 0.0100 
1119     1119   (0)      9 :  0.9950 0.0050 
1120     1120   (0)      9 :  0.9900 0.0100 
1121     1121   (0)      9 :  0.9950 0.0050 
1122     1122   (0)      9 :  0.9890 0.0110 
1123     1123   (0)      9 :  0.9950 0.0050 
1124     1124   (0)      9 :  0.9940 0.0060 
1125     1125   (0)      9 :  0.9930 0.0070 
1126     1126   (0)      9 :  0.9930 0.0070 
1127     1127   (0)      9 :  0.9906 0.0094 
1128     1128   (0)      9 :  0.9870 0.0130 
1129     1129   (0)      9 :  0.9900 0.0100 
1130     1130   (0)      9 :  0.9940 0.0060 
1131     1131   (0)      9 :  0.9950 0.0050 
1132     1132   (0)      9 :  0.9920 0.0080 
1133     1133   (0)      9 :  0.9940 0.0060 
1134     1134   (0)      9 :  0.9930 0.0070 
1135     1135   (0)      9 :  0.9940 0.0060 
1136     1136   (0)      9 :  0.9940 0.0060 
1137     1137   (0)      9 :  0.9930 0.0070 
1138     1138   (0)      9 :  0.9950 0.0050 
1139     1139   (0)      9 :  0.9860 0.0140 
1140     1140   (0)      9 :  0.9950 0.0050 
1141     1141   (0)      9 :  0.9920 0.0080 
1142     1142   (0)      9 :  0.9950 0.0050 
1143     1143   (0)      9 :  0.9940 0.0060 
1144     1144   (0)      9 :  0.9940 0.0060 
1145     1145   (0)      9 :  0.9920 0.0080 
1146     1146   (0)      9 :  0.9940 0.0060 
1147     1147   (0)      9 :  0.9942 0.0058 
1148     1148   (0)      9 :  0.9930 0.0070 
1149     1149   (0)      9 :  0.9940 0.0060 
1150     1150   (0)      9 :  0.9910 0.0090 
1151     1151   (0)      9 :  0.9930 0.0070 
1152     1152   (0)      9 :  0.9910 0.0090 
1153     1153   (0)      9 :  0.9940 0.0060 
1154     1154   (0)      9 :  0.9910 0.0090 
1155     1155   (0)      9 :  0.9950 0.0050 
1156     1156   (0)      9 :  0.9950 0.0050 
1157     1157   (0)      9 :  0.9900 0.0100 
1158     1158   (0)      9 :  0.9920 0.0080 
1159     1159   (0)      9 :  0.9938 0.0062 
1160     1160   (0)      9 :  0.9930 0.0070 
1161     1161   (0)      9 :  0.9940 0.0060 
1162     1162   (0)      9 :  0.9950 0.0050 
1163     1163   (0)      9 :  0.9940 0.0060 
1164     1164   (0)      9 :  0.9920 0.0080 
1165     1165   (0)      9 :  0.9880 0.0120 
1166     1166   (0)      9 :  0.9890 0.0110 
1167     1167   (0)      9 :  0.9940 0.0060 
1168     1168   (0)      9 :  0.9900 0.0100 
1169     1169   (0)      9 :  0.9930 0.0070 
1170     1170   (0)      9 :  0.9950 0.0050 
1171     1171   (0)      9 :  0.9940 0.0060 
1172     1172   (0)      9 :  0.9940 0.0060 
1173     1173   (0)      9 :  0.9950 0.0050 
1174     1174   (0)      9 :  0.9940 0.0060 
1175     1175   (0)      9 :  0.9940 0.0060 
1176     1176   (0)      9 :  0.9930 0.0070 
1177     1177   (0)      9 :  0.9930 0.0070 
1178     1178   (0)      9 :  0.9900 0.0100 
1179     1179   (0)      9 :  0.9930 0.0070 
1180     1180   (0)      9 :  0.9930 0.0070 
1181     1181   (0)      9 :  0.9940 0.0060 
1182     1182   (0)      9 :  0.9922 0.0078 
1183     1183   (0)      9 :  0.9930 0.0070 
1184     1184   (0)      9 :  0.9930 0.0070 
1185     1185   (0)      9 :  0.9890 0.0110 
1186     1186   (0)      9 :  0.9940 0.0060 
1187     1187   (0)      9 :  0.9940 0.0060 
1188     1188   (0)      9 :  0.9950 0.0050 
1189     1189   (0)      9 :  0.9900 0.0100 
1190     1190   (0)      9 :  0.9930 0.0070 
1191     1191   (0)      9 :  0.9940 0.0060 
1192     1192   (0)      9 :  0.9940 0.0060 
1193     1193   (0)      9 :  0.9950 0.0050 
1194     1194   (0)      9 :  0.9930 0.0070 
1195     1195   (0)      9 :  0.9940 0.0060 
1196     1196   (0)      9 :  0.9930 0.0070 
1197     1197   (0)      9 :  0.9900 0.0100 
1198     1198   (0)      9 :  0.9930 0.0070 
1199     1199   (0)      9 :  0.9940 0.0060 
1200     1200   (0)      9 :  0.9822 0.0178 
1201     1201   (0)      9 :  0.9930 0.0070 
1202     1202   (0)      9 :  0.9920 0.0080 
1203     1203   (0)      9 :  0.9910 0.0090 
1204     1204   (0)      9 :  0.9920 0.0080 
1205     1205   (0)      9 :  0.9930 0.0070 
1206     1206   (0)      9 :  0.9820 0.0180 
1207     1207   (0)      9 :  0.9910 0.0090 
1208     1208   (0)      9 :  0.9940 0.0060 
1209     1209   (0)      9 :  0.9930 0.0070 
1210     1210   (0)      9 :  0.9940 0.0060 
1211     1211   (0)      9 :  0.9930 0.0070 
1212     1212   (0)      9 :  0.9920 0.0080 
1213     1213   (0)      9 :  0.9930 0.0070 
1214     1214   (0)      9 :  0.9930 0.0070 
1215     1215   (0)      9 :  0.9930 0.0070 
1216     1216   (0)      9 :  0.9900 0.0100 
1217     1217   (0)      9 :  0.9910 0.0090 
1218     1218   (0)      9 :  0.9940 0.0060 
1219     1219   (0)      9 :  0.9950 0.0050 
1220     1220   (0)      9 :  0.9940 0.0060 
1221     1221   (0)      9 :  0.9960 0.0040 
1222     1222   (0)      9 :  0.9900 0.0100 
1223     1223   (0)      9 :  0.9950 0.0050 
1224     1224   (0)      9 :  0.9940 0.0060 
1225     1225   (0)      9 :  0.9950 0.0050 
1226     1226   (0)      9 :  0.9930 0.0070 
1227     1227   (0)      9 :  0.9900 0.0100 
1228     1228   (0)      9 :  0.9950 0.0050 
1229     1229   (0)      9 :  0.9920 0.0080 
1230     1230   (0)      9 :  0.9940 0.0060 
1231     1231   (0)      9 :  0.9940 0.0060 
1232     1232   (0)      9 :  0.9930 0.0070 
1233     1233   (0)      9 :  0.9900 0.0100 
1234     1234   (0)      9 :  0.9950 0.0050 
1235     1235   (0)      9 :  0.9930 0.0070 
1236     1236   (0)      9 :  0.9890 0.0110 
1237     1237   (0)      9 :  0.9950 0.0050 
1238     1238   (0)      9 :  0.9908 0.0092 
1239     1239   (0)      9 :  0.9940 0.0060 
1240     1240   (0)      9 :  0.9950 0.0050 
1241     1241   (0)      9 :  0.9912 0.0088 
1242     1242   (0)      9 :  0.9910 0.0090 
1243     1243   (0)      9 :  0.9950 0.0050 
1244     1244   (0)      9 :  0.9950 0.0050 
1245     1245   (0)      9 :  0.9910 0.0090 
1246     1246   (0)      9 :  0.9950 0.0050 
1247     1247   (0)      9 :  0.9930 0.0070 
1248     1248   (0)      9 :  0.9940 0.0060 
1249     1249   (0)      9 :  0.9940 0.0060 
1250     1250   (0)      9 :  0.9930 0.0070 
1251     1251   (0)      9 :  0.9950 0.0050 
1252     1252   (0)      9 :  0.9940 0.0060 
1253     1253   (0)      9 :  0.9910 0.0090 
1254     1254   (0)      9 :  0.9920 0.0080 
1255     1255   (0)      9 :  0.9950 0.0050 
1256     1256   (0)      9 :  0.9940 0.0060 
1257     1257   (0)      9 :  0.9940 0.0060 
1258     1258   (0)      9 :  0.9940 0.0060 
1259     1259   (0)      9 :  0.9940 0.0060 
1260     1260   (0)      9 :  0.9920 0.0080 
1261     1261   (0)      9 :  0.9910 0.0090 
1262     1262   (0)      9 :  0.9930 0.0070 
1263     1263   (0)      9 :  0.9870 0.0130 
1264     1264   (0)      9 :  0.9940 0.0060 
1265     1265   (0)      9 :  0.9930 0.0070 
1266     1266   (0)      9 :  0.9950 0.0050 
1267     1267   (0)      9 :  0.9950 0.0050 
1268     1268   (0)      9 :  0.9862 0.0138 
1269     1269   (0)      9 :  0.9910 0.0090 
1270     1270   (0)      9 :  0.9850 0.0150 
1271     1271   (0)      9 :  0.9900 0.0100 
1272     1272   (0)      9 :  0.9930 0.0070 
1273     1273   (0)      9 :  0.9950 0.0050 
1274     1274   (0)      9 :  0.9930 0.0070 
1275     1275   (0)      9 :  0.9920 0.0080 
1276     1276   (0)      9 :  0.9930 0.0070 
1277     1277   (0)      9 :  0.9940 0.0060 
1278     1278   (0)      9 :  0.9940 0.0060 
1279     1279   (0)      9 :  0.9920 0.0080 
1280     1280   (0)      9 :  0.9930 0.0070 
1281     1281   (0)      9 :  0.9900 0.0100 
1282     1282   (0)      9 :  0.9850 0.0150 
1283     1283   (0)      9 :  0.9930 0.0070 
1284     1284   (0)      9 :  0.9900 0.0100 
1285     1285   (0)      9 :  0.9880 0.0120 
1286     1286   (0)      9 :  0.9930 0.0070 
1287     1287   (0)      9 :  0.9940 0.0060 
1288     1288   (0)      9 :  0.9870 0.0130 
1289     1289   (0)      9 :  0.9950 0.0050 
1290     1290   (0)      9 :  0.9950 0.0050 
1291     1291   (0)      9 :  0.9940 0.0060 
1292     1292   (0)      9 :  0.9940 0.0060 
1293     1293   (0)      9 :  0.9950 0.0050 
1294     1294   (0)      9 :  0.9930 0.0070 
1295     1295   (0)      9 :  0.9948 0.0052 
1296     1296   (0)      9 :  0.9950 0.0050 
1297     1297   (0)      9 :  0.9928 0.0072 
1298     1298   (0)      9 :  0.9940 0.0060 
1299     1299   (0)      9 :  0.9930 0.0070 
1300     1300   (0)      9 :  0.9930 0.0070 
1301     1301   (0)      9 :  0.9930 0.0070 
1302     1302   (0)      9 :  0.9930 0.0070 
1303     1303   (0)      9 :  0.9860 0.0140 
1304     1304   (0)      9 :  0.9940 0.0060 
1305     1305   (0)      9 :  0.9940 0.0060 
1306     1306   (0)      9 :  0.9930 0.0070 
1307     1307   (0)      9 :  0.9910 0.0090 
1308     1308   (0)      9 :  0.9910 0.0090 
1309     1309   (0)      9 :  0.9920 0.0080 
1310     1310   (0)      9 :  0.9920 0.0080 
1311     1311   (0)      9 :  0.9930 0.0070 
1312     1312   (0)      9 :  0.9950 0.0050 
1313     1313   (0)      9 :  0.9940 0.0060 
1314     1314   (0)      9 :  0.9940 0.0060 
1315     1315   (0)      9 :  0.9940 0.0060 
1316     1316   (0)      9 :  0.9910 0.0090 
1317     1317   (0)      9 :  0.9950 0.0050 
1318     1318   (0)      9 :  0.9950 0.0050 
1319     1319   (0)      9 :  0.9950 0.0050 
1320     1320   (0)      9 :  0.9940 0.0060 
1321     1321   (0)      9 :  0.9940 0.0060 
1322     1322   (0)      9 :  0.9910 0.0090 
1323     1323   (0)      9 :  0.9894 0.0106 
1324     1324   (0)      9 :  0.9930 0.0070 
1325     1325   (0)      9 :  0.9910 0.0090 
1326     1326   (0)      9 :  0.9930 0.0070 
1327     1327   (0)      9 :  0.9950 0.0050 
1328     1328   (0)      9 :  0.9948 0.0052 
1329     1329   (0)      9 :  0.9912 0.0088 
1330     1330   (0)      9 :  0.9920 0.0080 
1331     1331   (0)      9 :  0.9920 0.0080 
1332     1332   (0)      9 :  0.9950 0.0050 
1333     1333   (0)      9 :  0.9950 0.0050 
1334     1334   (0)      9 :  0.9930 0.0070 
1335     1335   (0)      9 :  0.9920 0.0080 
1336     1336   (0)      9 :  0.9950 0.0050 
1337     1337   (0)      9 :  0.9930 0.0070 
1338     1338   (0)      9 :  0.9940 0.0060 
1339     1339   (0)      9 :  0.9880 0.0120 
1340     1340   (0)      9 :  0.9910 0.0090 
1341     1341   (0)      9 :  0.9920 0.0080 
1342     1342   (0)      9 :  0.9928 0.0072 
1343     1343   (0)      9 :  0.9920 0.0080 
1344     1344   (0)      9 :  0.9890 0.0110 
1345     1345   (0)      9 :  0.9950 0.0050 
1346     1346   (0)      9 :  0.9910 0.0090 
1347     1347   (0)      9 :  0.9930 0.0070 
1348     1348   (0)      9 :  0.9900 0.0100 
1349     1349   (0)      9 :  0.9940 0.0060 
1350     1350   (0)      9 :  0.9950 0.0050 
1351     1351   (0)      9 :  0.9900 0.0100 
1352     1352   (0)      9 :  0.9950 0.0050 
1353     1353   (0)      9 :  0.9930 0.0070 
1354     1354   (0)      9 :  0.9820 0.0180 
1355     1355   (0)      9 :  0.9950 0.0050 
1356     1356   (0)      9 :  0.9950 0.0050 
1357     1357   (0)      9 :  0.9950 0.0050 
1358     1358   (0)      9 :  0.9930 0.0070 
1359     1359   (0)      9 :  0.9920 0.0080 
1360     1360   (0)      9 :  0.9900 0.0100 
1361     1361   (0)      9 :  0.9940 0.0060 
1362     1362   (0)      9 :  0.9930 0.0070 
1363     1363   (0)      9 :  0.9930 0.0070 
1364     1364   (0)      9 :  0.9920 0.0080 
1365     1365   (0)      9 :  0.9940 0.0060 
1366     1366   (0)      9 :  0.9940 0.0060 
1367     1367   (0)      9 :  0.9904 0.0096 
1368     1368   (0)      9 :  0.9910 0.0090 
1369     1369   (0)      9 :  0.9940 0.0060 
1370     1370   (0)      9 :  0.9940 0.0060 
1371     1371   (0)      9 :  0.9900 0.0100 
1372     1372   (0)      9 :  0.9930 0.0070 
1373     1373   (0)      9 :  0.9930 0.0070 
1374     1374   (0)      9 :  0.9950 0.0050 
1375     1375   (0)      9 :  0.9940 0.0060 
1376     1376   (0)      9 :  0.9940 0.0060 
1377     1377   (0)      9 :  0.9940 0.0060 
1378     1378   (0)      9 :  0.9940 0.0060 
1379     1379   (0)      9 :  0.9940 0.0060 
1380     1380   (0)      9 :  0.9940 0.0060 
1381     1381   (0)      9 :  0.9930 0.0070 
1382     1382   (0)      9 :  0.9950 0.0050 
1383     1383   (0)      9 :  0.9940 0.0060 
1384     1384   (0)      9 :  0.9940 0.0060 
1385     1385   (0)      9 :  0.9942 0.0058 
1386     1386   (0)      9 :  0.9940 0.0060 
1387     1387   (0)      9 :  0.9950 0.0050 
1388     1388   (0)      9 :  0.9940 0.0060 
1389     1389   (0)      9 :  0.9920 0.0080 
1390     1390   (0)      9 :  0.9930 0.0070 
1391     1391   (0)      9 :  0.9760 0.0240 
1392     1392   (0)      9 :  0.9880 0.0120 
1393     1393   (0)      9 :  0.9930 0.0070 
1394     1394   (0)      9 :  0.9960 0.0040 
1395     1395   (0)      9 :  0.9940 0.0060 
1396     1396   (0)      9 :  0.9900 0.0100 
1397     1397   (0)      9 :  0.9940 0.0060 
1398     1398   (0)      9 :  0.9910 0.0090 
1399     1399   (0)      9 :  0.9930 0.0070 
1400     1400   (0)      9 :  0.9930 0.0070 
1401     1401   (0)      9 :  0.9950 0.0050 
1402     1402   (0)      9 :  0.9940 0.0060 
1403     1403   (0)      9 :  0.9930 0.0070 
1404     1404   (0)      9 :  0.9844 0.0156 
1405     1405   (0)      9 :  0.9940 0.0060 
1406     1406   (0)      9 :  0.9910 0.0090 
1407     1407   (0)      9 :  0.9930 0.0070 
1408     1408   (0)      9 :  0.9930 0.0070 
1409     1409   (0)      9 :  0.9940 0.0060 
1410     1410   (0)      9 :  0.9910 0.0090 
1411     1411   (0)      9 :  0.9930 0.0070 
1412     1412   (0)      9 :  0.9920 0.0080 
1413     1413   (0)      9 :  0.9950 0.0050 
1414     1414   (0)      9 :  0.9930 0.0070 
1415     1415   (0)      9 :  0.9950 0.0050 
1416     1416   (0)      9 :  0.9940 0.0060 
1417     1417   (0)      9 :  0.9920 0.0080 
1418     1418   (0)      9 :  0.9950 0.0050 
1419     1419   (0)      9 :  0.9880 0.0120 
1420     1420   (0)      9 :  0.9940 0.0060 
1421     1421   (0)      9 :  0.9904 0.0096 
1422     1422   (0)      9 :  0.9940 0.0060 
1423     1423   (0)      9 :  0.9920 0.0080 
1424     1424   (0)      9 :  0.9940 0.0060 
1425     1425   (0)      9 :  0.9820 0.0180 
1426     1426   (0)      9 :  0.9888 0.0112 
1427     1427   (0)      9 :  0.9940 0.0060 
1428     1428   (0)      9 :  0.9950 0.0050 
1429     1429   (0)      9 :  0.9940 0.0060 
1430     1430   (0)      9 :  0.9930 0.0070 
1431     1431   (0)      9 :  0.9940 0.0060 
1432     1432   (0)      9 :  0.9920 0.0080 
1433     1433   (0)      9 :  0.9890 0.0110 
1434     1434   (0)      9 :  0.9890 0.0110 
1435     1435   (0)      9 :  0.9920 0.0080 
1436     1436   (0)      9 :  0.9950 0.0050 
1437     1437   (0)      9 :  0.9940 0.0060 
1438     1438   (0)      9 :  0.9880 0.0120 
1439     1439   (0)      9 :  0.9930 0.0070 
1440     1440   (0)      9 :  0.9930 0.0070 
1441     1441   (0)      9 :  0.9930 0.0070 
1442     1442   (0)      9 :  0.9940 0.0060 
1443     1443   (0)      9 :  0.9940 0.0060 
1444     1444   (0)      9 :  0.9900 0.0100 
1445     1445   (0)      9 :  0.9950 0.0050 
1446     1446   (0)      9 :  0.9920 0.0080 
1447     1447   (0)      9 :  0.9940 0.0060 
1448     1448   (0)      9 :  0.9940 0.0060 
1449     1449   (0)      9 :  0.9940 0.0060 
1450     1450   (0)      9 :  0.9950 0.0050 
1451     1451   (0)      9 :  0.9930 0.0070 
1452     1452   (0)      9 :  0.9950 0.0050 
1453     1453   (0)      9 :  0.9910 0.0090 
1454     1454   (0)      9 :  0.9930 0.0070 
1455     1455   (0)      9 :  0.9920 0.0080 
1456     1456   (0)      9 :  0.9890 0.0110 
1457     1457   (0)      9 :  0.9940 0.0060 
1458     1458   (0)      9 :  0.9930 0.0070 
1459     1459   (0)      9 :  0.9930 0.0070 
1460     1460   (0)      9 :  0.9950 0.0050 
1461     1461   (0)      9 :  0.9920 0.0080 
1462     1462   (0)      9 :  0.9910 0.0090 
1463     1463   (0)      9 :  0.9940 0.0060 
1464     1464   (0)      9 :  0.9910 0.0090 
1465     1465   (0)      9 :  0.9930 0.0070 
1466     1466   (0)      9 :  0.9950 0.0050 
1467     1467   (0)      9 :  0.9930 0.0070 
1468     1468   (0)      9 :  0.9888 0.0112 
1469     1469   (0)      9 :  0.9940 0.0060 
1470     1470   (0)      9 :  0.9940 0.0060 
1471     1471   (0)      9 :  0.9950 0.0050 
1472     1472   (0)      9 :  0.9950 0.0050 
1473     1473   (0)      9 :  0.9940 0.0060 
1474     1474   (0)      9 :  0.9840 0.0160 
1475     1475   (0)      9 :  0.9880 0.0120 
1476     1476   (0)      9 :  0.9950 0.0050 
1477     1477   (0)      9 :  0.9910 0.0090 
1478     1478   (0)      9 :  0.9920 0.0080 
1479     1479   (0)      9 :  0.9940 0.0060 
1480     1480   (0)      9 :  0.9910 0.0090 
1481     1481   (0)      9 :  0.9950 0.0050 
1482     1482   (0)      9 :  0.9900 0.0100 
1483     1483   (0)      9 :  0.9940 0.0060 
1484     1484   (0)      9 :  0.9960 0.0040 
1485     1485   (0)      9 :  0.9940 0.0060 
1486     1486   (0)      9 :  0.9950 0.0050 
1487     1487   (0)      9 :  0.9920 0.0080 
1488     1488   (0)      9 :  0.9950 0.0050 
1489     1489   (0)      9 :  0.9940 0.0060 
1490     1490   (0)      9 :  0.9950 0.0050 
1491     1491   (0)      9 :  0.9940 0.0060 
1492     1492   (0)      9 :  0.9940 0.0060 
1493     1493   (0)      9 :  0.9870 0.0130 
1494     1494   (0)      9 :  0.9920 0.0080 
1495     1495   (0)      9 :  0.9910 0.0090 
1496     1496   (0)      9 :  0.9950 0.0050 
1497     1497   (0)      9 :  0.9900 0.0100 
1498     1498   (0)      9 :  0.9862 0.0138 
1499     1499   (0)      9 :  0.9940 0.0060 
1500     1500   (0)      9 :  0.9940 0.0060 
