  1        1   (5)      1 :  0.0052 0.0030 0.9812 0.0054 0.0052 
  2        2   (5)      1 :  0.0070 0.0050 0.9614 0.0068 0.0198 
  3        3   (5)      1 :  0.0028 0.0030 0.9892 0.0030 0.0020 
  4        4   (0)      1 :  0.0036 0.0020 0.9894 0.0030 0.0020 
  5        5   (0)      1 :  0.0490 0.0124 0.9024 0.0302 0.0060 
  6        6   (0)      1 :  0.0038 0.0020 0.9862 0.0038 0.0042 
  7        7   (0)      1 :  0.0046 0.0590 0.8946 0.0072 0.0346 
  8        8   (5)      1 :  0.0030 0.0020 0.9908 0.0022 0.0020 
  9        9   (0)      1 :  0.0020 0.0020 0.9920 0.0020 0.0020 
 10       10   (0)      1 :  0.0046 0.0080 0.9596 0.0048 0.0230 
 11       11   (0)      1 :  0.0030 0.0052 0.9824 0.0036 0.0058 
 12       12   (0)      1 :  0.0054 0.0062 0.9780 0.0046 0.0058 
 13       13   (0)      1 :  0.0032 0.0026 0.9884 0.0028 0.0030 
 14       14   (0)      1 :  0.0030 0.0030 0.9840 0.0044 0.0056 
 15       15   (0)      1 :  0.0028 0.0030 0.9850 0.0052 0.0040 
 16       16   (0)      1 :  0.0028 0.0020 0.9902 0.0030 0.0020 
 17       17   (0)      1 :  0.0020 0.0020 0.9920 0.0020 0.0020 
 18       18   (0)      1 :  0.0062 0.0050 0.9716 0.0120 0.0052 
 19       19   (0)      1 :  0.0126 0.0020 0.9804 0.0030 0.0020 
 20       20   (0)      1 :  0.0080 0.0156 0.9526 0.0130 0.0108 
 21       21   (0)      1 :  0.0024 0.0020 0.9910 0.0020 0.0026 
 22       22   (0)      1 :  0.0026 0.0020 0.9914 0.0020 0.0020 
 23       23   (0)      1 :  0.0040 0.0020 0.9896 0.0024 0.0020 
 24       24   (0)      1 :  0.0102 0.0020 0.9820 0.0038 0.0020 
 25       25   (0)      1 :  0.0058 0.0228 0.9600 0.0042 0.0072 
 26       26   (0)      1 :  0.0046 0.0026 0.9868 0.0030 0.0030 
 27       27   (5)      1 :  0.0058 0.0136 0.9568 0.0142 0.0096 
 28       28   (0)      1 :  0.0036 0.0040 0.9810 0.0082 0.0032 
 29       29   (0)      1 :  0.0032 0.0020 0.9896 0.0030 0.0022 
 30       30   (0)      1 :  0.0126 0.0076 0.9624 0.0060 0.0114 
 31       31   (0)      1 :  0.0036 0.0030 0.9884 0.0030 0.0020 
 32       32   (0)      1 :  0.0066 0.0030 0.9546 0.0318 0.0040 
 33       33   (0)      1 :  0.0026 0.0020 0.9904 0.0030 0.0020 
 34       34   (0)      1 :  0.0042 0.0020 0.9894 0.0024 0.0020 
 35       35   (0)      1 :  0.0190 0.0064 0.9572 0.0112 0.0062 
 36       36   (0)      1 :  0.0038 0.0030 0.9734 0.0178 0.0020 
 37       37   (0)      1 :  0.0068 0.0102 0.9736 0.0044 0.0050 
 38       38   (0)      1 :  0.0052 0.0030 0.9842 0.0032 0.0044 
 39       39   (0)      1 :  0.0046 0.0040 0.9720 0.0072 0.0122 
 40       40   (0)      1 :  0.0056 0.0030 0.9840 0.0044 0.0030 
 41       41   (0)      1 :  0.0030 0.0030 0.9880 0.0030 0.0030 
 42       42   (0)      1 :  0.0030 0.0020 0.9910 0.0020 0.0020 
 43       43   (0)      1 :  0.0022 0.0030 0.9878 0.0030 0.0040 
 44       44   (0)      1 :  0.0020 0.0020 0.9920 0.0020 0.0020 
 45       45   (5)      1 :  0.0042 0.0050 0.9794 0.0054 0.0060 
 46       46   (0)      1 :  0.0024 0.0020 0.9912 0.0024 0.0020 
 47       47   (0)      1 :  0.0028 0.0040 0.9828 0.0054 0.0050 
 48       48   (0)      1 :  0.0046 0.0040 0.9820 0.0044 0.0050 
 49       49   (0)      1 :  0.0052 0.0028 0.9790 0.0040 0.0090 
 50       50   (0)      1 :  0.0026 0.0030 0.9876 0.0030 0.0038 
 51       51   (0)      1 :  0.0050 0.0042 0.9830 0.0030 0.0048 
 52       52   (0)      1 :  0.0168 0.0122 0.9556 0.0064 0.0090 
 53       53   (0)      1 :  0.0128 0.0084 0.9708 0.0040 0.0040 
 54       54   (0)      1 :  0.0026 0.0040 0.9846 0.0036 0.0052 
 55       55   (0)      1 :  0.0026 0.0050 0.9862 0.0030 0.0032 
 56       56   (0)      1 :  0.0026 0.0022 0.9902 0.0030 0.0020 
 57       57  (10)      1 :  0.0038 0.0030 0.9850 0.0062 0.0020 
 58       58   (5)      1 :  0.0036 0.0030 0.9818 0.0058 0.0058 
 59       59   (0)      1 :  0.0046 0.0030 0.9846 0.0030 0.0048 
 60       60   (0)      1 :  0.0020 0.0028 0.9896 0.0026 0.0030 
 61       61   (0)      1 :  0.0042 0.0040 0.9852 0.0034 0.0032 
 62       62   (0)      1 :  0.0028 0.0030 0.9616 0.0046 0.0280 
 63       63   (0)      1 :  0.0030 0.0050 0.9822 0.0046 0.0052 
 64       64   (0)      1 :  0.0028 0.0026 0.9866 0.0030 0.0050 
 65       65   (0)      1 :  0.0094 0.0060 0.9570 0.0166 0.0110 
 66       66   (0)      1 :  0.0042 0.0020 0.9808 0.0100 0.0030 
 67       67   (5)      1 :  0.0112 0.0042 0.9738 0.0068 0.0040 
 68       68   (0)      1 :  0.0078 0.0098 0.9684 0.0058 0.0082 
 69       69   (0)      1 :  0.0020 0.0102 0.9798 0.0024 0.0056 
 70       70   (0)      1 :  0.0030 0.0032 0.9828 0.0058 0.0052 
 71       71   (5)      1 :  0.0062 0.0050 0.9760 0.0088 0.0040 
 72       72   (0)      1 :  0.0062 0.0050 0.9804 0.0040 0.0044 
 73       73   (5)      1 :  0.0046 0.0030 0.9854 0.0040 0.0030 
 74       74  (10)      1 :  0.0050 0.0050 0.9784 0.0050 0.0066 
 75       75  (10)      1 :  0.0110 0.0036 0.9792 0.0026 0.0036 
 76       76   (0)      1 :  0.0338 0.0030 0.9508 0.0104 0.0020 
 77       77  (10)      1 :  0.0074 0.0030 0.9828 0.0038 0.0030 
 78       78   (0)      1 :  0.0288 0.0040 0.9542 0.0080 0.0050 
 79       79   (5)      1 :  0.0036 0.0040 0.9836 0.0034 0.0054 
 80       80   (0)      1 :  0.0020 0.0020 0.9920 0.0020 0.0020 
 81       81   (0)      1 :  0.0030 0.0020 0.9910 0.0020 0.0020 
 82       82   (0)      1 :  0.0020 0.0020 0.9920 0.0020 0.0020 
 83       83   (0)      1 :  0.0088 0.0040 0.9772 0.0054 0.0046 
 84       84   (0)      1 :  0.0046 0.0030 0.9770 0.0054 0.0100 
 85       85   (0)      1 :  0.0020 0.0020 0.9910 0.0020 0.0030 
 86       86   (5)      1 :  0.0030 0.0030 0.9890 0.0020 0.0030 
 87       87   (0)      1 :  0.0026 0.0030 0.9888 0.0036 0.0020 
 88       88   (0)      1 :  0.0968 0.0044 0.8477 0.0438 0.0074 
 89       89   (0)      1 :  0.0124 0.0022 0.9736 0.0086 0.0032 
 90       90   (0)      1 :  0.0040 0.0042 0.9760 0.0116 0.0042 
 91       91   (0)      1 :  0.0038 0.0030 0.9838 0.0038 0.0056 
 92       92   (0)      1 :  0.0038 0.0088 0.9704 0.0114 0.0056 
 93       93   (0)      1 :  0.0022 0.0020 0.9918 0.0020 0.0020 
 94       94   (5)      1 :  0.0156 0.0030 0.9728 0.0056 0.0030 
 95       95   (0)      1 :  0.0030 0.0020 0.9882 0.0022 0.0046 
 96       96   (5)      1 :  0.0024 0.0030 0.9896 0.0020 0.0030 
 97       97   (0)      1 :  0.0030 0.0058 0.9818 0.0044 0.0050 
 98       98   (0)      1 :  0.0046 0.0040 0.9834 0.0040 0.0040 
 99       99   (5)      1 :  0.0028 0.0026 0.9880 0.0036 0.0030 
100      100   (5)      1 :  0.0020 0.0020 0.9920 0.0020 0.0020 
101      101   (5)      2 :  0.0034 0.3886 0.5934 0.0040 0.0106 
102      102   (0)      2 :  0.0406 0.1261 0.3904 0.0322 0.4106 
103      103   (0)      2 :  0.0272 0.3194 0.5737 0.0068 0.0730 
104      104   (5)      2 :  0.0330 0.0176 0.5020 0.0074 0.4400 
105      105   (5)      2 :  0.0038 0.0070 0.3924 0.0038 0.5930 
106      106   (0)      2 :  0.0698 0.2145 0.4018 0.0116 0.3022 
107      107   (0)      3 :  0.0438 0.0346 0.0102 0.0198 0.8916 
108      108   (0)      3 :  0.1283 0.2525 0.1128 0.1038 0.4026 
109      109  (10)      4 :  0.0044 0.0040 0.0020 0.0066 0.9830 
110      110   (5)      4 :  0.0056 0.0060 0.0030 0.0050 0.9804 
111      111   (5)      4 :  0.0052 0.0020 0.0086 0.0046 0.9796 
112      112   (5)      4 :  0.0020 0.0070 0.0020 0.0066 0.9824 
113      113  (10)      4 :  0.0084 0.0030 0.0030 0.0050 0.9806 
114      114   (5)      4 :  0.0052 0.0020 0.0130 0.0042 0.9756 
115      115  (10)      4 :  0.0038 0.0024 0.0030 0.0034 0.9874 
116      116   (0)      4 :  0.0374 0.0274 0.0066 0.0308 0.8978 
117      117   (0)      4 :  0.0042 0.0040 0.0042 0.0042 0.9834 
118      118   (0)      4 :  0.0034 0.0056 0.0020 0.0036 0.9854 
119      119   (0)      4 :  0.0032 0.0040 0.0072 0.0086 0.9770 
120      120   (0)      4 :  0.0050 0.0030 0.0260 0.0048 0.9612 
121      121   (0)      4 :  0.0030 0.0042 0.0030 0.0032 0.9866 
122      122   (0)      4 :  0.0044 0.0030 0.0030 0.0034 0.9862 
123      123   (0)      4 :  0.0124 0.0050 0.0036 0.0070 0.9720 
124      124   (0)      4 :  0.0070 0.0022 0.0040 0.0056 0.9812 
125      125   (0)      4 :  0.0028 0.0020 0.0030 0.0038 0.9884 
126      126   (0)      4 :  0.0042 0.0020 0.0098 0.0034 0.9806 
127      127   (0)      4 :  0.0040 0.0146 0.0060 0.0068 0.9686 
128      128   (5)      4 :  0.0114 0.0138 0.0076 0.0034 0.9638 
129      129   (0)      4 :  0.0086 0.0140 0.0030 0.0034 0.9710 
130      130   (0)      4 :  0.0100 0.0150 0.0252 0.0082 0.9416 
131      131   (5)      4 :  0.0046 0.0030 0.0112 0.0054 0.9758 
132      132   (5)      4 :  0.0054 0.0114 0.0070 0.0054 0.9708 
133      133   (0)      4 :  0.0456 0.0040 0.1030 0.0152 0.8322 
134      134   (0)      4 :  0.0038 0.0074 0.0408 0.0072 0.9408 
135      135   (0)      4 :  0.0198 0.0084 0.0092 0.0478 0.9148 
136      136   (0)      4 :  0.0034 0.0094 0.0030 0.0036 0.9806 
137      137   (0)      4 :  0.0054 0.1905 0.0020 0.0054 0.7967 
138      138   (0)      4 :  0.0038 0.0104 0.0020 0.0056 0.9782 
139      139   (0)      4 :  0.0056 0.0616 0.0020 0.0032 0.9276 
140      140   (0)      4 :  0.0034 0.0060 0.0040 0.0154 0.9712 
141      141   (0)      4 :  0.0132 0.0148 0.0072 0.0042 0.9606 
142      142   (0)      4 :  0.2272 0.0258 0.0046 0.0866 0.6557 
143      143   (0)      4 :  0.0044 0.0088 0.0082 0.0040 0.9746 
144      144   (0)      4 :  0.0200 0.3291 0.0798 0.0064 0.5646 
145      145   (0)      4 :  0.2022 0.0190 0.1194 0.0728 0.5867 
146      146   (0)      4 :  0.0044 0.9602 0.0030 0.0038 0.0286 
147      147   (0)      4 :  0.0142 0.0720 0.0134 0.0046 0.8958 
148      148   (0)      4 :  0.0802 0.1778 0.0420 0.0726 0.6274 
149      149   (0)      4 :  0.0298 0.0084 0.0030 0.0318 0.9270 
150      150   (0)      4 :  0.0092 0.0114 0.0036 0.0328 0.9430 
151      151  (10)      5 :  0.0038 0.0248 0.0024 0.0160 0.9530 
152      152   (0)      5 :  0.1183 0.7915 0.0074 0.0566 0.0262 
153      153   (0)      5 :  0.0166 0.0274 0.0236 0.0030 0.9294 
154      154   (0)      5 :  0.0052 0.1666 0.0030 0.0074 0.8178 
155      155   (0)      5 :  0.0789 0.8917 0.0038 0.0198 0.0058 
156      156   (5)      5 :  0.1788 0.3342 0.0030 0.3753 0.1086 
157      157   (0)      5 :  0.0036 0.0332 0.0026 0.0162 0.9444 
158      158   (0)      5 :  0.0030 0.8515 0.0040 0.0062 0.1353 
159      159   (0)      5 :  0.0108 0.9798 0.0020 0.0042 0.0032 
160      160   (0)      5 :  0.0316 0.0106 0.0266 0.1656 0.7656 
161      161   (0)      5 :  0.3748 0.5726 0.0022 0.0438 0.0066 
162      162   (0)      5 :  0.0042 0.9060 0.0020 0.0036 0.0842 
163      163   (0)      5 :  0.0038 0.9576 0.0020 0.0176 0.0190 
164      164   (0)      5 :  0.0046 0.9824 0.0030 0.0048 0.0052 
165      165   (5)      5 :  0.0044 0.8920 0.0070 0.0094 0.0872 
166      166   (0)      5 :  0.0030 0.9534 0.0032 0.0060 0.0344 
167      167   (0)      5 :  0.0056 0.9788 0.0040 0.0046 0.0070 
168      168   (0)      5 :  0.0030 0.9890 0.0020 0.0030 0.0030 
169      169   (0)      5 :  0.0062 0.9458 0.0026 0.0056 0.0398 
170      170   (0)      5 :  0.0020 0.9900 0.0010 0.0020 0.0050 
171      171   (0)      5 :  0.0040 0.5767 0.0030 0.0090 0.4074 
172      172   (5)      5 :  0.0056 0.9704 0.0030 0.0082 0.0128 
173      173   (5)      5 :  0.0264 0.9562 0.0040 0.0074 0.0060 
174      174   (5)      5 :  0.0102 0.0962 0.0056 0.0484 0.8396 
175      175   (0)      5 :  0.0160 0.8006 0.0200 0.0276 0.1358 
176      176   (0)      5 :  0.0028 0.3007 0.0020 0.0682 0.6262 
177      177   (0)      5 :  0.0070 0.9180 0.0020 0.0102 0.0628 
178      178   (0)      5 :  0.0154 0.8226 0.0174 0.0182 0.1264 
179      179   (0)      5 :  0.0036 0.9274 0.0020 0.0040 0.0630 
180      180   (0)      5 :  0.0038 0.9816 0.0040 0.0030 0.0076 
181      181   (0)      5 :  0.0062 0.9810 0.0040 0.0038 0.0050 
182      182   (0)      5 :  0.0062 0.9774 0.0020 0.0054 0.0090 
183      183   (0)      5 :  0.0054 0.9074 0.0020 0.0048 0.0804 
184      184   (0)      5 :  0.0050 0.0514 0.0030 0.0152 0.9254 
185      185   (0)      5 :  0.0142 0.9614 0.0032 0.0166 0.0046 
186      186   (0)      5 :  0.0034 0.9886 0.0020 0.0020 0.0040 
187      187   (5)      5 :  0.0128 0.9510 0.0040 0.0098 0.0224 
188      188   (0)      5 :  0.0050 0.1932 0.0052 0.0042 0.7924 
189      189   (0)      5 :  0.0056 0.9414 0.0020 0.0074 0.0436 
190      190   (0)      5 :  0.0030 0.0188 0.0030 0.0042 0.9710 
191      191   (0)      5 :  0.0042 0.9754 0.0030 0.0056 0.0118 
192      192   (0)      5 :  0.0028 0.0108 0.0020 0.0036 0.9808 
193      193   (5)      5 :  0.0034 0.9860 0.0020 0.0030 0.0056 
194      194   (5)      5 :  0.0162 0.4707 0.0080 0.0072 0.4979 
195      195   (5)      5 :  0.0066 0.9804 0.0020 0.0036 0.0074 
196      196   (5)      5 :  0.0072 0.9786 0.0030 0.0032 0.0080 
197      197   (5)      5 :  0.0080 0.7396 0.0066 0.0076 0.2382 
198      198   (5)      5 :  0.0072 0.3816 0.0116 0.0052 0.5944 
199      199   (0)      5 :  0.0058 0.0140 0.0036 0.0646 0.9120 
200      200   (5)      5 :  0.0044 0.9612 0.0020 0.0042 0.0282 
201      201   (0)      5 :  0.0300 0.0456 0.0030 0.8850 0.0364 
202      202   (0)      5 :  0.0650 0.0066 0.0172 0.2572 0.6541 
203      203   (0)      5 :  0.0054 0.9520 0.0020 0.0082 0.0324 
204      204   (0)      5 :  0.0026 0.9862 0.0020 0.0032 0.0060 
205      205   (0)      5 :  0.0076 0.9586 0.0036 0.0250 0.0052 
206      206   (0)      5 :  0.0060 0.1446 0.0020 0.0110 0.8364 
207      207   (0)      5 :  0.0050 0.0678 0.0020 0.0046 0.9206 
208      208   (0)      5 :  0.0054 0.8091 0.0052 0.0824 0.0978 
209      209   (0)      5 :  0.0062 0.9784 0.0020 0.0094 0.0040 
210      210   (0)      5 :  0.0040 0.8962 0.0030 0.0116 0.0852 
211      211   (0)      5 :  0.0842 0.3553 0.0030 0.2491 0.3085 
212      212   (0)      5 :  0.5938 0.0048 0.0032 0.3948 0.0034 
213      213   (0)      5 :  0.0036 0.9862 0.0010 0.0046 0.0046 
214      214   (0)      5 :  0.0038 0.9802 0.0020 0.0072 0.0068 
215      215   (0)      5 :  0.0034 0.9000 0.0026 0.0212 0.0728 
216      216   (0)      5 :  0.0658 0.5015 0.0038 0.1104 0.3185 
217      217   (0)      5 :  0.0038 0.7805 0.0030 0.0096 0.2031 
218      218   (0)      5 :  0.3355 0.4130 0.0084 0.0232 0.2199 
219      219   (0)      5 :  0.0096 0.9766 0.0030 0.0066 0.0042 
220      220   (0)      5 :  0.0484 0.8788 0.0030 0.0148 0.0550 
221      221   (0)      5 :  0.0026 0.9884 0.0020 0.0030 0.0040 
222      222   (0)      5 :  0.0026 0.9862 0.0018 0.0022 0.0072 
223      223   (0)      5 :  0.0042 0.8574 0.0192 0.0280 0.0912 
224      224   (0)      5 :  0.0362 0.9172 0.0032 0.0138 0.0296 
225      225   (0)      5 :  0.0034 0.9812 0.0026 0.0066 0.0062 
226      226   (0)      5 :  0.0036 0.9662 0.0020 0.0202 0.0080 
227      227   (0)      5 :  0.0052 0.7356 0.0042 0.0560 0.1990 
228      228   (0)      5 :  0.0088 0.9022 0.0030 0.0042 0.0818 
229      229   (0)      5 :  0.0084 0.9652 0.0048 0.0074 0.0142 
230      230   (0)      5 :  0.0052 0.9444 0.0030 0.0224 0.0250 
231      231   (0)      5 :  0.5968 0.2810 0.0022 0.1080 0.0120 
232      232   (0)      5 :  0.0042 0.9770 0.0022 0.0040 0.0126 
233      233   (0)      5 :  0.0054 0.9570 0.0030 0.0054 0.0292 
234      234   (0)      5 :  0.0050 0.9814 0.0026 0.0040 0.0070 
235      235   (0)      5 :  0.0028 0.9860 0.0012 0.0030 0.0070 
236      236   (0)      5 :  0.0052 0.9842 0.0032 0.0034 0.0040 
237      237   (0)      5 :  0.0038 0.9548 0.0030 0.0058 0.0326 
238      238   (0)      5 :  0.0046 0.9766 0.0020 0.0094 0.0074 
239      239   (0)      5 :  0.0062 0.1017 0.0020 0.0184 0.8717 
240      240   (0)      5 :  0.0064 0.6028 0.0020 0.0084 0.3804 
241      241   (0)      5 :  0.0074 0.8457 0.0026 0.0126 0.1317 
242      242   (0)      5 :  0.0030 0.9872 0.0032 0.0030 0.0036 
243      243  (10)      5 :  0.5185 0.1681 0.0048 0.1287 0.1800 
244      244   (0)      5 :  0.0034 0.9890 0.0020 0.0026 0.0030 
245      245   (0)      5 :  0.0040 0.0156 0.0020 0.0036 0.9748 
246      246   (0)      5 :  0.0246 0.9540 0.0030 0.0136 0.0048 
247      247   (0)      5 :  0.0072 0.9838 0.0030 0.0030 0.0030 
248      248   (0)      5 :  0.0108 0.9690 0.0050 0.0102 0.0050 
249      249   (0)      5 :  0.0028 0.9870 0.0020 0.0030 0.0052 
250      250   (0)      5 :  0.0132 0.9074 0.0022 0.0656 0.0116 
251      251   (0)      5 :  0.0020 0.9900 0.0010 0.0020 0.0050 
252      252   (0)      5 :  0.0024 0.9772 0.0010 0.0028 0.0166 
253      253   (0)      5 :  0.0080 0.9744 0.0042 0.0070 0.0064 
254      254   (0)      5 :  0.0034 0.9748 0.0014 0.0030 0.0174 
255      255   (0)      5 :  0.0044 0.8344 0.0020 0.0032 0.1560 
256      256   (0)      6 :  0.0050 0.0050 0.0110 0.0080 0.9710 
257      257  (10)      6 :  0.0048 0.0070 0.0046 0.0042 0.9794 
258      258  (10)      6 :  0.0416 0.0312 0.0040 0.0232 0.9000 
259      259   (5)      6 :  0.0030 0.9826 0.0022 0.0030 0.0092 
260      260   (5)      6 :  0.0062 0.0330 0.0020 0.0032 0.9556 
261      261   (0)      6 :  0.0040 0.9870 0.0020 0.0040 0.0030 
262      262   (5)      6 :  0.0048 0.9862 0.0020 0.0030 0.0040 
263      263   (5)      6 :  0.0044 0.9868 0.0020 0.0032 0.0036 
264      264   (0)      6 :  0.0028 0.9816 0.0020 0.0030 0.0106 
265      265   (0)      6 :  0.0030 0.9676 0.0020 0.0052 0.0222 
266      266   (0)      6 :  0.0030 0.9674 0.0020 0.0050 0.0226 
267      267   (0)      6 :  0.0056 0.3187 0.0024 0.2221 0.4511 
268      268   (0)      6 :  0.0036 0.9832 0.0020 0.0040 0.0072 
269      269   (5)      6 :  0.0038 0.0206 0.0020 0.0050 0.9686 
270      270   (5)      6 :  0.0042 0.0090 0.0056 0.0040 0.9772 
271      271  (10)      6 :  0.0052 0.3712 0.0048 0.1028 0.5161 
272      272   (0)      6 :  0.0044 0.9732 0.0020 0.0094 0.0110 
273      273   (5)      6 :  0.0060 0.9666 0.0056 0.0188 0.0030 
274      274   (5)      6 :  0.0042 0.2466 0.0030 0.0078 0.7384 
275      275   (0)      6 :  0.0028 0.9866 0.0020 0.0050 0.0036 
276      276   (5)      6 :  0.0048 0.9402 0.0020 0.0410 0.0120 
277      277   (0)      6 :  0.0080 0.0639 0.0096 0.0066 0.9119 
278      278   (5)      6 :  0.0044 0.9854 0.0010 0.0026 0.0066 
279      279   (0)      6 :  0.0090 0.1682 0.0020 0.0054 0.8154 
280      280   (0)      6 :  0.0048 0.9864 0.0030 0.0022 0.0036 
281      281   (0)      6 :  0.0040 0.9858 0.0032 0.0030 0.0040 
282      282   (0)      6 :  0.0034 0.9880 0.0020 0.0036 0.0030 
283      283   (0)      6 :  0.0144 0.3513 0.0040 0.0358 0.5945 
284      284   (0)      6 :  0.0050 0.9874 0.0030 0.0026 0.0020 
285      285   (0)      6 :  0.0046 0.9836 0.0050 0.0028 0.0040 
286      286   (0)      6 :  0.0026 0.9884 0.0030 0.0030 0.0030 
287      287   (0)      6 :  0.0096 0.9778 0.0050 0.0046 0.0030 
288      288   (0)      6 :  0.0034 0.9866 0.0020 0.0026 0.0054 
289      289   (0)      6 :  0.0080 0.0530 0.0040 0.0218 0.9132 
290      290   (0)      6 :  0.0066 0.0162 0.0042 0.0062 0.9668 
291      291   (0)      6 :  0.0030 0.0100 0.0014 0.0036 0.9820 
292      292   (0)      6 :  0.0030 0.1078 0.0082 0.0102 0.8708 
293      293   (0)      6 :  0.0020 0.0110 0.0020 0.0026 0.9824 
294      294   (5)      6 :  0.0050 0.9540 0.0042 0.0072 0.0296 
295      295   (5)      6 :  0.0048 0.9852 0.0020 0.0040 0.0040 
296      296   (0)      6 :  0.0042 0.6879 0.0040 0.0058 0.2981 
297      297  (15)      6 :  0.0070 0.0134 0.0050 0.0064 0.9682 
298      298  (10)      6 :  0.0046 0.9756 0.0020 0.0038 0.0140 
299      299  (10)      6 :  0.0042 0.0288 0.0020 0.0066 0.9584 
300      300  (10)      6 :  0.0090 0.0444 0.0030 0.0194 0.9242 
301      301   (5)      6 :  0.0062 0.9700 0.0026 0.0064 0.0148 
302      302   (5)      6 :  0.0046 0.0050 0.0020 0.0232 0.9652 
303      303   (5)      6 :  0.0034 0.0060 0.0020 0.0042 0.9844 
304      304   (5)      6 :  0.0040 0.9864 0.0020 0.0046 0.0030 
305      305   (5)      6 :  0.0262 0.2358 0.0040 0.0428 0.6912 
306      306   (5)      6 :  0.0040 0.0064 0.0026 0.0160 0.9710 
307      307  (15)      6 :  0.0116 0.0178 0.0092 0.0314 0.9300 
308      308   (5)      6 :  0.0038 0.0070 0.0082 0.0124 0.9686 
309      309   (5)      6 :  0.0030 0.0100 0.0020 0.0052 0.9798 
310      310  (15)      6 :  0.0048 0.0080 0.0028 0.0086 0.9758 
311      311   (5)      6 :  0.0172 0.0288 0.0136 0.0777 0.8627 
312      312   (5)      6 :  0.0488 0.0204 0.0420 0.0178 0.8710 
313      313   (5)      6 :  0.0046 0.0622 0.0030 0.0146 0.9156 
314      314   (5)      6 :  0.0038 0.9880 0.0020 0.0032 0.0030 
315      315  (10)      6 :  0.0040 0.9544 0.0030 0.0062 0.0324 
316      316   (5)      6 :  0.0154 0.9658 0.0026 0.0062 0.0100 
317      317   (5)      6 :  0.0036 0.8173 0.0030 0.0100 0.1661 
318      318  (10)      6 :  0.0084 0.9580 0.0022 0.0208 0.0106 
319      319  (10)      6 :  0.0108 0.0512 0.0030 0.0132 0.9218 
320      320  (10)      6 :  0.0036 0.0110 0.0070 0.0066 0.9718 
321      321  (10)      6 :  0.0116 0.0110 0.0136 0.0284 0.9354 
322      322   (5)      6 :  0.0106 0.0682 0.0020 0.0126 0.9066 
323      323  (10)      6 :  0.0364 0.0106 0.0030 0.0084 0.9416 
324      324   (0)      6 :  0.0060 0.9826 0.0010 0.0030 0.0074 
325      325   (5)      6 :  0.0038 0.9854 0.0020 0.0030 0.0058 
326      326   (0)      6 :  0.0030 0.0208 0.0020 0.0046 0.9696 
327      327   (0)      6 :  0.0020 0.1913 0.0010 0.0020 0.8037 
328      328   (0)      6 :  0.0030 0.0072 0.0020 0.0050 0.9828 
329      329   (0)      6 :  0.0042 0.1276 0.0056 0.0030 0.8596 
330      330   (0)      6 :  0.0056 0.0050 0.0020 0.0070 0.9804 
331      331   (0)      6 :  0.0130 0.3160 0.0114 0.0048 0.6548 
332      332   (0)      6 :  0.0200 0.0114 0.0030 0.0108 0.9548 
333      333  (10)      6 :  0.0030 0.0072 0.0020 0.0030 0.9848 
334      334  (10)      6 :  0.0084 0.0126 0.0088 0.9558 0.0144 
335      335   (0)      6 :  0.0042 0.0040 0.0140 0.0302 0.9476 
336      336   (5)      6 :  0.0190 0.0644 0.0468 0.3141 0.5556 
337      337   (0)      6 :  0.0050 0.0050 0.0020 0.0056 0.9824 
338      338   (5)      6 :  0.0056 0.0118 0.0186 0.0332 0.9308 
339      339   (5)      6 :  0.0116 0.9608 0.0020 0.0100 0.0156 
340      340   (5)      6 :  0.0174 0.6402 0.0060 0.0070 0.3294 
341      341  (10)      6 :  0.0038 0.0250 0.0020 0.0048 0.9644 
342      342   (0)      6 :  0.0030 0.7915 0.0030 0.0198 0.1827 
343      343   (0)      6 :  0.0044 0.0312 0.0020 0.0050 0.9574 
344      344   (0)      6 :  0.0068 0.0060 0.0386 0.5957 0.3529 
345      345   (0)      6 :  0.0056 0.9162 0.0040 0.0088 0.0654 
346      346   (0)      6 :  0.0100 0.6374 0.0050 0.1382 0.2094 
347      347   (0)      6 :  0.0030 0.9654 0.0020 0.0040 0.0256 
348      348   (0)      6 :  0.0142 0.9602 0.0020 0.0056 0.0180 
349      349   (0)      6 :  0.0102 0.0100 0.0030 0.0374 0.9394 
350      350   (0)      6 :  0.0074 0.9648 0.0020 0.0094 0.0164 
351      351   (0)      6 :  0.0030 0.0040 0.0020 0.0060 0.9850 
352      352   (0)      6 :  0.0034 0.0100 0.0024 0.0060 0.9782 
353      353   (0)      6 :  0.0384 0.0402 0.0098 0.6362 0.2754 
354      354   (0)      6 :  0.0428 0.0148 0.0056 0.6454 0.2914 
355      355   (0)      6 :  0.0644 0.0336 0.0070 0.8224 0.0726 
356      356   (0)      6 :  0.0198 0.9642 0.0022 0.0082 0.0056 
357      357   (0)      6 :  0.0068 0.0060 0.0070 0.0086 0.9716 
358      358   (0)      6 :  0.0026 0.0168 0.0020 0.0034 0.9752 
359      359   (5)      6 :  0.0068 0.0142 0.0044 0.0094 0.9652 
360      360   (0)      6 :  0.0094 0.8486 0.0030 0.0800 0.0590 
361      361   (5)      6 :  0.0064 0.0084 0.2577 0.4118 0.3158 
362      362   (0)      6 :  0.0134 0.4705 0.0030 0.0130 0.5001 
363      363   (0)      6 :  0.0394 0.5735 0.0076 0.3639 0.0156 
364      364   (0)      6 :  0.0118 0.0050 0.0040 0.0286 0.9506 
365      365   (0)      6 :  0.0132 0.1199 0.0044 0.1461 0.7164 
366      366   (0)      6 :  0.0034 0.9786 0.0020 0.0052 0.0108 
367      367   (0)      6 :  0.0080 0.9618 0.0020 0.0040 0.0242 
368      368   (0)      6 :  0.0188 0.0250 0.0064 0.0216 0.9282 
369      369   (0)      6 :  0.0020 0.0058 0.0020 0.0060 0.9842 
370      370   (0)      6 :  0.0044 0.9062 0.0032 0.0240 0.0622 
371      371   (0)      6 :  0.0030 0.9072 0.0026 0.0124 0.0748 
372      372   (0)      6 :  0.0622 0.2691 0.0054 0.5973 0.0660 
373      373   (0)      6 :  0.0036 0.9718 0.0020 0.0046 0.0180 
374      374   (0)      6 :  0.0032 0.0070 0.0030 0.0062 0.9806 
375      375   (5)      6 :  0.0040 0.0098 0.0020 0.0116 0.9726 
376      376   (0)      6 :  0.0088 0.0334 0.0088 0.0204 0.9286 
377      377   (0)      6 :  0.0194 0.0140 0.0030 0.0324 0.9312 
378      378   (0)      6 :  0.0030 0.0266 0.0030 0.0036 0.9638 
379      379  (10)      6 :  0.0050 0.0650 0.0020 0.0116 0.9164 
380      380   (0)      6 :  0.0020 0.0050 0.0020 0.0030 0.9880 
381      381   (0)      6 :  0.0024 0.9636 0.0020 0.0084 0.0236 
382      382   (0)      6 :  0.0028 0.0086 0.0020 0.0058 0.9808 
383      383  (10)      6 :  0.0148 0.1145 0.0040 0.0332 0.8335 
384      384   (5)      6 :  0.0034 0.0030 0.0020 0.0142 0.9774 
385      385   (0)      6 :  0.0038 0.0090 0.0020 0.0046 0.9806 
386      386   (5)      6 :  0.0034 0.7984 0.0030 0.0054 0.1898 
387      387   (5)      6 :  0.0030 0.9736 0.0018 0.0030 0.0186 
388      388  (10)      6 :  0.0070 0.5084 0.0040 0.0168 0.4638 
389      389   (0)      6 :  0.0046 0.0364 0.0020 0.0036 0.9534 
390      390   (5)      6 :  0.0068 0.0170 0.0040 0.0052 0.9670 
391      391  (10)      6 :  0.0050 0.9752 0.0020 0.0080 0.0098 
392      392   (0)      6 :  0.0042 0.0038 0.0032 0.0034 0.9854 
393      393   (0)      6 :  0.0084 0.0208 0.0222 0.0166 0.9320 
394      394   (0)      6 :  0.0302 0.0888 0.0020 0.0184 0.8606 
395      395   (0)      6 :  0.0210 0.0224 0.0030 0.0122 0.9414 
396      396   (0)      6 :  0.0066 0.8092 0.0040 0.0054 0.1748 
397      397   (0)      6 :  0.0028 0.7711 0.0052 0.0040 0.2169 
398      398   (0)      6 :  0.0110 0.8878 0.0020 0.0094 0.0898 
399      399   (0)      6 :  0.0030 0.9898 0.0020 0.0022 0.0030 
400      400   (0)      6 :  0.0028 0.9884 0.0016 0.0032 0.0040 
401      401   (5)      6 :  0.0112 0.0590 0.0060 0.0444 0.8794 
402      402   (0)      6 :  0.0024 0.9876 0.0012 0.0036 0.0052 
403      403   (0)      6 :  0.0404 0.8736 0.0078 0.0058 0.0724 
404      404   (0)      6 :  0.0042 0.2409 0.0024 0.0056 0.7469 
405      405   (5)      6 :  0.0112 0.0126 0.0056 0.0124 0.9582 
406      406   (0)      6 :  0.0034 0.0122 0.0020 0.0042 0.9782 
407      407   (0)      6 :  0.0422 0.0296 0.0120 0.0630 0.8532 
408      408   (0)      6 :  0.0036 0.9888 0.0020 0.0026 0.0030 
409      409   (0)      6 :  0.0154 0.6045 0.0020 0.1674 0.2106 
410      410   (0)      6 :  0.0060 0.9634 0.0040 0.0066 0.0200 
411      411   (0)      6 :  0.0166 0.6974 0.0040 0.0048 0.2772 
412      412   (0)      6 :  0.0034 0.0074 0.0076 0.0086 0.9730 
413      413   (0)      6 :  0.0030 0.7004 0.0030 0.0036 0.2900 
414      414   (0)      6 :  0.0050 0.9842 0.0020 0.0040 0.0048 
415      415   (0)      6 :  0.0100 0.0684 0.0170 0.0286 0.8760 
416      416   (0)      6 :  0.0264 0.8874 0.0020 0.0422 0.0420 
417      417   (0)      6 :  0.0034 0.9808 0.0012 0.0030 0.0116 
418      418   (0)      6 :  0.0040 0.7328 0.0030 0.0154 0.2448 
419      419   (0)      6 :  0.0026 0.9884 0.0020 0.0030 0.0040 
420      420   (0)      6 :  0.0020 0.0050 0.0010 0.0030 0.9890 
421      421   (0)      6 :  0.0030 0.9830 0.0020 0.0030 0.0090 
422      422   (0)      6 :  0.0048 0.0370 0.0020 0.0050 0.9512 
423      423   (0)      6 :  0.0036 0.0060 0.0040 0.0040 0.9824 
424      424   (0)      6 :  0.0030 0.9730 0.0026 0.0036 0.0178 
425      425   (0)      6 :  0.0022 0.9456 0.0020 0.0030 0.0472 
426      426  (10)      6 :  0.0054 0.8148 0.0040 0.0132 0.1626 
427      427   (5)      6 :  0.2414 0.3115 0.0020 0.2006 0.2445 
428      428  (10)      6 :  0.0040 0.0134 0.0026 0.0046 0.9754 
429      429   (5)      6 :  0.0330 0.0108 0.1020 0.0198 0.8344 
430      430  (10)      6 :  0.0082 0.9700 0.0020 0.0052 0.0146 
431      431  (10)      6 :  0.0212 0.0078 0.0022 0.0044 0.9644 
432      432   (0)      6 :  0.0046 0.9864 0.0030 0.0030 0.0030 
433      433   (5)      6 :  0.0092 0.3424 0.0052 0.0078 0.6354 
434      434   (5)      6 :  0.0160 0.0322 0.0176 0.0222 0.9119 
435      435  (10)      6 :  0.0074 0.0184 0.0030 0.0032 0.9680 
436      436   (0)      6 :  0.0044 0.9850 0.0020 0.0036 0.0050 
437      437   (0)      6 :  0.0030 0.9680 0.0030 0.0038 0.0222 
438      438   (0)      6 :  0.0030 0.9372 0.0020 0.0030 0.0548 
439      439   (0)      6 :  0.0020 0.9862 0.0020 0.0028 0.0070 
440      440   (0)      6 :  0.0242 0.0080 0.0082 0.0066 0.9530 
441      441   (0)      6 :  0.0192 0.0080 0.0436 0.3207 0.6085 
442      442   (0)      6 :  0.0048 0.0118 0.0234 0.0040 0.9560 
443      443   (0)      6 :  0.0042 0.4846 0.0020 0.0128 0.4964 
444      444   (0)      6 :  0.0036 0.0190 0.0020 0.0044 0.9710 
445      445   (5)      6 :  0.0104 0.0146 0.0080 0.7716 0.1954 
446      446   (0)      6 :  0.0410 0.0048 0.0088 0.8026 0.1428 
447      447   (0)      6 :  0.0144 0.0184 0.0026 0.0780 0.8867 
448      448  (10)      6 :  0.0064 0.0114 0.0098 0.2994 0.6730 
449      449   (5)      6 :  0.0148 0.0254 0.0046 0.0264 0.9288 
450      450   (0)      6 :  0.0030 0.0148 0.0016 0.0050 0.9756 
451      451   (5)      6 :  0.0092 0.0074 0.0050 0.9646 0.0138 
452      452   (5)      6 :  0.0094 0.0470 0.0030 0.0080 0.9326 
453      453   (0)      6 :  0.0062 0.0198 0.0020 0.0042 0.9678 
454      454   (0)      6 :  0.0056 0.2414 0.0320 0.0058 0.7151 
455      455   (0)      6 :  0.0052 0.0908 0.0030 0.0072 0.8938 
456      456   (0)      6 :  0.0072 0.0162 0.0052 0.3985 0.5729 
457      457   (0)      6 :  0.0082 0.7944 0.0020 0.0854 0.1100 
458      458   (0)      6 :  0.0060 0.0102 0.0040 0.0080 0.9718 
459      459   (0)      6 :  0.0030 0.0126 0.0020 0.0030 0.9794 
460      460   (0)      6 :  0.0122 0.9512 0.0020 0.0112 0.0234 
461      461   (0)      6 :  0.0028 0.0324 0.0020 0.0044 0.9584 
462      462   (0)      6 :  0.0040 0.0458 0.0026 0.0040 0.9436 
463      463   (0)      6 :  0.0040 0.9836 0.0040 0.0032 0.0052 
464      464   (0)      6 :  0.0068 0.9554 0.0020 0.0038 0.0320 
465      465   (0)      6 :  0.0058 0.9354 0.0032 0.0126 0.0430 
466      466   (0)      6 :  0.0030 0.9848 0.0020 0.0040 0.0062 
467      467   (0)      6 :  0.0040 0.9890 0.0020 0.0020 0.0030 
468      468   (0)      6 :  0.0052 0.9834 0.0030 0.0030 0.0054 
469      469   (0)      6 :  0.0040 0.9888 0.0020 0.0022 0.0030 
470      470   (0)      6 :  0.0032 0.9832 0.0020 0.0030 0.0086 
471      471   (0)      6 :  0.0026 0.9898 0.0020 0.0020 0.0036 
472      472   (0)      6 :  0.0030 0.9880 0.0020 0.0030 0.0040 
473      473   (0)      6 :  0.0030 0.9814 0.0020 0.0030 0.0106 
474      474   (0)      6 :  0.0228 0.0546 0.0020 0.0434 0.8772 
475      475   (0)      6 :  0.0038 0.9578 0.0020 0.0282 0.0082 
476      476   (0)      6 :  0.0106 0.0160 0.0040 0.0032 0.9662 
477      477   (0)      6 :  0.0030 0.0040 0.0050 0.0052 0.9828 
478      478   (0)      6 :  0.0036 0.9490 0.0020 0.0036 0.0418 
479      479   (0)      6 :  0.0060 0.9770 0.0048 0.0092 0.0030 
480      480   (0)      6 :  0.0032 0.9666 0.0020 0.0056 0.0226 
481      481   (0)      6 :  0.0044 0.9854 0.0020 0.0050 0.0032 
482      482   (0)      6 :  0.0036 0.9758 0.0020 0.0100 0.0086 
483      483   (0)      6 :  0.0084 0.3479 0.0040 0.0798 0.5599 
484      484   (0)      6 :  0.0082 0.0298 0.0058 0.0134 0.9428 
485      485   (0)      6 :  0.0030 0.0120 0.0020 0.0050 0.9780 
486      486   (0)      6 :  0.0054 0.0152 0.0032 0.0042 0.9720 
487      487   (0)      6 :  0.0024 0.9916 0.0020 0.0020 0.0020 
488      488   (0)      6 :  0.0352 0.0072 0.0066 0.0096 0.9414 
489      489   (0)      6 :  0.0026 0.9676 0.0032 0.0046 0.0220 
490      490   (0)      6 :  0.0020 0.0132 0.0020 0.0036 0.9792 
491      491   (0)      6 :  0.0056 0.0160 0.0030 0.0256 0.9498 
492      492   (0)      6 :  0.0058 0.4145 0.0040 0.0100 0.5657 
493      493   (0)      6 :  0.0048 0.0472 0.0020 0.0066 0.9394 
494      494   (0)      6 :  0.0036 0.0104 0.0020 0.0268 0.9572 
495      495   (0)      6 :  0.0026 0.9884 0.0020 0.0030 0.0040 
496      496   (5)      7 :  0.0152 0.0706 0.0220 0.3267 0.5655 
497      497   (0)      7 :  0.0088 0.0092 0.0030 0.7903 0.1887 
498      498   (0)      7 :  0.0120 0.0162 0.0050 0.8148 0.1520 
499      499   (0)      7 :  0.0060 0.0072 0.0024 0.9362 0.0482 
500      500   (0)      7 :  0.0072 0.0130 0.0030 0.1416 0.8352 
501      501   (0)      7 :  0.0072 0.0042 0.0730 0.3307 0.5849 
502      502   (0)      7 :  0.0226 0.0276 0.0050 0.4631 0.4817 
503      503   (0)      7 :  0.0934 0.0182 0.0192 0.1168 0.7524 
504      504   (0)      7 :  0.0176 0.0408 0.0026 0.8670 0.0720 
505      505   (0)      7 :  0.0022 0.8385 0.0030 0.0030 0.1533 
506      506   (0)      7 :  0.0042 0.0116 0.0062 0.1246 0.8534 
507      507   (0)      7 :  0.0102 0.0814 0.0040 0.3560 0.5484 
508      508   (0)      7 :  0.0096 0.0396 0.0040 0.0118 0.9350 
509      509   (0)      7 :  0.0054 0.0252 0.0034 0.8303 0.1357 
510      510   (0)      7 :  0.0468 0.0360 0.0042 0.7311 0.1819 
511      511   (0)      7 :  0.0034 0.6200 0.0016 0.0030 0.3720 
512      512   (0)      7 :  0.0048 0.1336 0.0022 0.4921 0.3673 
513      513   (0)      7 :  0.0044 0.0654 0.0174 0.4281 0.4847 
514      514   (0)      7 :  0.0034 0.0150 0.0020 0.0086 0.9710 
515      515   (0)      7 :  0.0384 0.0448 0.0096 0.1196 0.7875 
516      516   (0)      7 :  0.0696 0.3839 0.0104 0.0426 0.4935 
517      517   (0)      7 :  0.0932 0.2014 0.0048 0.2117 0.4889 
518      518   (0)      7 :  0.0144 0.0180 0.0034 0.8866 0.0776 
519      519   (0)      7 :  0.0224 0.0218 0.0038 0.9008 0.0512 
520      520   (0)      7 :  0.0034 0.0114 0.0356 0.0076 0.9420 
521      521   (0)      7 :  0.0344 0.3443 0.0042 0.4057 0.2115 
522      522   (0)      7 :  0.0278 0.1399 0.0030 0.6737 0.1557 
523      523   (0)      7 :  0.0054 0.0040 0.0036 0.9760 0.0110 
524      524   (0)      7 :  0.0082 0.0266 0.0044 0.5831 0.3777 
525      525   (0)      7 :  0.0056 0.0624 0.0090 0.4260 0.4970 
526      526   (0)      7 :  0.0090 0.0048 0.0288 0.0144 0.9430 
527      527  (10)      7 :  0.0054 0.1082 0.0030 0.0044 0.8790 
528      528   (5)      7 :  0.0148 0.4256 0.0082 0.5028 0.0486 
529      529   (0)      7 :  0.1666 0.0042 0.0054 0.8194 0.0044 
530      530   (0)      7 :  0.0034 0.0064 0.0038 0.9470 0.0394 
531      531   (0)      7 :  0.0110 0.0058 0.0052 0.9434 0.0346 
532      532   (0)      7 :  0.0056 0.0122 0.0042 0.9394 0.0386 
533      533   (0)      7 :  0.0144 0.0040 0.0076 0.9518 0.0222 
534      534   (0)      7 :  0.0046 0.0056 0.0020 0.9314 0.0564 
535      535   (0)      7 :  0.0066 0.0108 0.0074 0.9200 0.0552 
536      536   (0)      7 :  0.0058 0.0058 0.0060 0.8573 0.1251 
537      537   (0)      7 :  0.0042 0.0078 0.0020 0.9746 0.0114 
538      538   (5)      7 :  0.0370 0.1319 0.0068 0.6373 0.1869 
539      539   (0)      7 :  0.0344 0.0026 0.0038 0.9524 0.0068 
540      540   (0)      7 :  0.0102 0.0226 0.0020 0.6643 0.3010 
541      541   (0)      7 :  0.0774 0.0318 0.0040 0.7144 0.1724 
542      542   (0)      7 :  0.0148 0.1022 0.0160 0.6112 0.2557 
543      543   (0)      7 :  0.0304 0.0042 0.0020 0.9046 0.0588 
544      544   (5)      7 :  0.4987 0.0983 0.0024 0.3596 0.0410 
545      545   (0)      7 :  0.0150 0.0086 0.0086 0.9038 0.0640 
546      546   (0)      7 :  0.0112 0.0066 0.0028 0.9750 0.0044 
547      547   (0)      7 :  0.0048 0.0026 0.0020 0.9852 0.0054 
548      548   (0)      7 :  0.0088 0.0090 0.0032 0.9706 0.0084 
549      549   (0)      7 :  0.0056 0.0312 0.0026 0.0090 0.9516 
550      550   (0)      7 :  0.0264 0.0152 0.0026 0.2162 0.7395 
551      551   (5)      7 :  0.0088 0.0654 0.0040 0.6994 0.2224 
552      552   (5)      7 :  0.0232 0.0074 0.0032 0.9598 0.0064 
553      553   (0)      7 :  0.0032 0.0256 0.0030 0.9388 0.0294 
554      554   (0)      7 :  0.0206 0.0056 0.0022 0.9546 0.0170 
555      555   (0)      7 :  0.0194 0.0476 0.0122 0.9056 0.0152 
556      556   (0)      7 :  0.0042 0.0130 0.0020 0.9314 0.0494 
557      557   (0)      7 :  0.0158 0.5230 0.0086 0.3250 0.1276 
558      558   (0)      7 :  0.0094 0.0098 0.0088 0.9350 0.0370 
559      559   (0)      7 :  0.0070 0.1188 0.0042 0.6462 0.2238 
560      560   (0)      7 :  0.0230 0.0812 0.0020 0.6210 0.2728 
561      561   (0)      7 :  0.0472 0.1194 0.0026 0.7754 0.0554 
562      562   (0)      7 :  0.0048 0.0264 0.0022 0.8406 0.1260 
563      563   (0)      7 :  0.0814 0.0398 0.0058 0.3383 0.5346 
564      564   (0)      8 :  0.0054 0.2396 0.0034 0.7362 0.0154 
565      565   (0)      8 :  0.0056 0.0510 0.0030 0.9178 0.0226 
566      566   (0)      8 :  0.0040 0.0104 0.0116 0.5054 0.4686 
567      567   (0)      8 :  0.0058 0.0134 0.0050 0.9424 0.0334 
568      568   (0)      8 :  0.0056 0.0292 0.0030 0.9520 0.0102 
569      569   (0)      8 :  0.0034 0.0060 0.0020 0.9762 0.0124 
570      570   (0)      8 :  0.0050 0.0382 0.0024 0.9362 0.0182 
571      571   (0)      8 :  0.0294 0.0098 0.0156 0.9161 0.0290 
572      572   (0)      8 :  0.0170 0.0106 0.0108 0.9384 0.0232 
573      573   (0)      8 :  0.0160 0.0876 0.0042 0.8652 0.0270 
574      574   (0)      8 :  0.0030 0.0072 0.0020 0.9788 0.0090 
575      575   (0)      8 :  0.0064 0.0084 0.0050 0.9740 0.0062 
576      576   (0)      8 :  0.0032 0.0048 0.0038 0.7778 0.2104 
577      577   (0)      8 :  0.0092 0.0152 0.0028 0.9168 0.0560 
578      578   (0)      8 :  0.0034 0.0058 0.0050 0.9804 0.0054 
579      579   (0)      8 :  0.0032 0.0098 0.0020 0.9724 0.0126 
580      580   (0)      8 :  0.0050 0.0048 0.0020 0.9846 0.0036 
581      581   (0)      8 :  0.0088 0.0106 0.0056 0.9196 0.0554 
582      582   (0)      8 :  0.0032 0.0046 0.0024 0.9728 0.0170 
583      583   (0)      8 :  0.0048 0.0034 0.0020 0.9832 0.0066 
584      584   (0)      8 :  0.0158 0.0332 0.0034 0.9389 0.0086 
585      585   (0)      8 :  0.0130 0.0038 0.0030 0.9760 0.0042 
586      586   (0)      8 :  0.0114 0.0042 0.0020 0.9764 0.0060 
587      587   (0)      8 :  0.0234 0.0042 0.0020 0.9636 0.0068 
588      588   (0)      8 :  0.0060 0.0034 0.0020 0.9814 0.0072 
589      589   (0)      8 :  0.0040 0.0076 0.0066 0.9726 0.0092 
590      590   (0)      8 :  0.0048 0.0058 0.0036 0.9213 0.0644 
591      591   (0)      8 :  0.0050 0.0110 0.0064 0.9662 0.0114 
592      592   (0)      8 :  0.0038 0.0020 0.0410 0.9488 0.0044 
593      593   (0)      8 :  0.0132 0.0070 0.0040 0.9714 0.0044 
594      594   (0)      8 :  0.0078 0.0078 0.0042 0.9654 0.0148 
595      595   (0)      9 :  0.0044 0.0050 0.0034 0.9790 0.0082 
596      596   (0)      9 :  0.0060 0.0118 0.0058 0.9734 0.0030 
597      597   (0)      9 :  0.0088 0.0082 0.0036 0.9750 0.0044 
598      598   (0)      9 :  0.0146 0.0182 0.0020 0.9560 0.0092 
599      599   (0)      9 :  0.0036 0.0034 0.0020 0.9876 0.0034 
600      600   (0)      9 :  0.0082 0.0062 0.0118 0.9632 0.0106 
601      601   (0)      9 :  0.0040 0.0058 0.0130 0.9736 0.0036 
602      602   (0)      9 :  0.0042 0.0046 0.0252 0.9614 0.0046 
603      603   (0)      9 :  0.0082 0.0058 0.0166 0.9614 0.0080 
604      604   (0)      9 :  0.0494 0.0026 0.0048 0.9380 0.0052 
605      605   (0)      9 :  0.0028 0.0020 0.0026 0.9890 0.0036 
606      606   (0)      9 :  0.0100 0.0042 0.0030 0.9798 0.0030 
607      607   (0)      9 :  0.0052 0.0098 0.0020 0.9726 0.0104 
608      608   (0)      9 :  0.0040 0.0054 0.0034 0.9814 0.0058 
609      609   (0)      9 :  0.0052 0.0088 0.0080 0.7738 0.2042 
610      610  (10)      9 :  0.0044 0.0050 0.0034 0.9818 0.0054 
611      611   (0)      9 :  0.0146 0.0100 0.0042 0.9660 0.0052 
612      612   (0)      9 :  0.0248 0.0240 0.0302 0.8785 0.0424 
613      613   (0)      9 :  0.0076 0.0082 0.0030 0.9650 0.0162 
614      614   (0)      9 :  0.0336 0.0070 0.0038 0.9524 0.0032 
615      615   (5)      9 :  0.0038 0.0056 0.0040 0.9836 0.0030 
616      616   (0)      9 :  0.0072 0.0080 0.0030 0.9754 0.0064 
617      617   (0)      9 :  0.0042 0.0064 0.0024 0.9834 0.0036 
618      618   (0)      9 :  0.0168 0.0086 0.0286 0.9406 0.0054 
619      619   (0)      9 :  0.0032 0.0020 0.0088 0.9806 0.0054 
620      620   (0)      9 :  0.0048 0.0054 0.0024 0.9816 0.0058 
621      621   (0)      9 :  0.0124 0.0036 0.0036 0.9774 0.0030 
622      622   (5)      9 :  0.0040 0.0030 0.0020 0.9856 0.0054 
623      623   (0)      9 :  0.0064 0.0122 0.0058 0.9650 0.0106 
624      624   (0)      9 :  0.0046 0.0084 0.0036 0.9738 0.0096 
625      625   (0)      9 :  0.0040 0.0052 0.0032 0.9808 0.0068 
626      626   (0)      9 :  0.0152 0.0208 0.0082 0.9378 0.0180 
627      627   (0)      9 :  0.0058 0.0036 0.0030 0.9738 0.0138 
628      628   (0)      9 :  0.0204 0.0100 0.0020 0.9322 0.0354 
629      629   (0)      9 :  0.0058 0.0034 0.0026 0.9520 0.0362 
630      630   (0)      9 :  0.0044 0.0086 0.0020 0.9782 0.0068 
631      631   (0)      9 :  0.0058 0.0036 0.0020 0.9826 0.0060 
632      632   (5)      9 :  0.0068 0.0056 0.0030 0.9762 0.0084 
633      633   (0)      9 :  0.0106 0.0084 0.0032 0.9722 0.0056 
634      634   (0)      9 :  0.0112 0.0036 0.0068 0.9656 0.0128 
635      635   (0)      9 :  0.0052 0.0066 0.0020 0.9802 0.0060 
636      636   (5)      9 :  0.0044 0.0044 0.0512 0.9296 0.0104 
637      637   (5)      9 :  0.0202 0.0030 0.0026 0.9686 0.0056 
638      638  (10)      9 :  0.0056 0.0066 0.0042 0.9802 0.0034 
639      639   (5)      9 :  0.0112 0.0030 0.0030 0.9796 0.0032 
640      640   (5)      9 :  0.0032 0.0032 0.0020 0.9884 0.0032 
641      641   (5)      9 :  0.0050 0.0036 0.0044 0.9802 0.0068 
642      642   (5)      9 :  0.0528 0.0262 0.0052 0.9032 0.0126 
643      643   (5)      9 :  0.0056 0.0036 0.0030 0.9824 0.0054 
644      644  (10)      9 :  0.0076 0.0798 0.0036 0.8588 0.0502 
645      645   (5)      9 :  0.0296 0.0598 0.0090 0.8836 0.0180 
646      646   (5)      9 :  0.0032 0.0034 0.0030 0.9836 0.0068 
647      647   (5)      9 :  0.0426 0.1030 0.0046 0.8310 0.0188 
648      648   (5)     10 :  0.7764 0.0240 0.0046 0.1874 0.0076 
649      649   (0)     10 :  0.7229 0.0416 0.0074 0.1992 0.0290 
650      650   (0)     10 :  0.7644 0.0080 0.0028 0.2002 0.0246 
651      651   (0)     10 :  0.4728 0.4017 0.0074 0.1122 0.0060 
652      652   (0)     10 :  0.6828 0.1951 0.0086 0.0965 0.0170 
653      653   (0)     10 :  0.6251 0.0222 0.0038 0.3221 0.0268 
654      654   (0)     10 :  0.7820 0.0202 0.0022 0.1844 0.0112 
655      655   (0)     10 :  0.7470 0.0076 0.0128 0.1968 0.0358 
656      656   (0)     10 :  0.7888 0.0050 0.0102 0.1922 0.0038 
657      657   (0)     10 :  0.7722 0.0074 0.0112 0.1974 0.0118 
658      658   (0)     10 :  0.7912 0.0044 0.0018 0.1986 0.0040 
659      659   (0)     10 :  0.7852 0.0154 0.0028 0.1880 0.0086 
660      660   (0)     10 :  0.7658 0.0068 0.0220 0.1870 0.0184 
661      661   (5)     10 :  0.7868 0.0076 0.0018 0.1968 0.0070 
662      662   (0)     10 :  0.6875 0.0046 0.0072 0.1728 0.1279 
663      663   (0)     10 :  0.7914 0.0106 0.0034 0.1886 0.0060 
664      664   (0)     10 :  0.7556 0.0584 0.0062 0.1614 0.0184 
665      665   (0)     10 :  0.7674 0.0052 0.0078 0.2028 0.0168 
666      666   (0)     10 :  0.7810 0.0036 0.0062 0.2054 0.0038 
667      667   (0)     10 :  0.7874 0.0078 0.0042 0.1964 0.0042 
668      668   (0)     10 :  0.7902 0.0038 0.0022 0.1998 0.0040 
669      669   (0)     10 :  0.7828 0.0056 0.0046 0.2000 0.0070 
670      670   (0)     10 :  0.7886 0.0048 0.0022 0.1996 0.0048 
671      671   (0)     10 :  0.7922 0.0044 0.0016 0.1986 0.0032 
672      672   (0)     10 :  0.7886 0.0116 0.0018 0.1944 0.0036 
673      673   (0)     10 :  0.7842 0.0060 0.0026 0.1986 0.0086 
674      674   (0)     10 :  0.7618 0.0472 0.0052 0.1800 0.0058 
675      675   (0)     10 :  0.7844 0.0076 0.0036 0.1960 0.0084 
676      676   (5)     11 :  0.5934 0.0030 0.0034 0.3972 0.0030 
677      677   (0)     11 :  0.5940 0.0022 0.0050 0.3954 0.0034 
678      678   (0)     11 :  0.5874 0.0068 0.0030 0.4004 0.0024 
679      679   (0)     11 :  0.5878 0.0028 0.0034 0.4026 0.0034 
680      680   (5)     11 :  0.5908 0.0030 0.0040 0.3984 0.0038 
681      681   (0)     11 :  0.5954 0.0024 0.0054 0.3936 0.0032 
682      682   (0)     11 :  0.5878 0.0038 0.0284 0.3752 0.0048 
683      683   (0)     11 :  0.5910 0.0034 0.0046 0.3958 0.0052 
684      684   (0)     11 :  0.5958 0.0028 0.0064 0.3918 0.0032 
685      685   (0)     11 :  0.5922 0.0020 0.0840 0.3186 0.0032 
686      686   (0)     11 :  0.5890 0.0028 0.0034 0.4014 0.0034 
687      687   (0)     11 :  0.5878 0.0020 0.0140 0.3940 0.0022 
688      688   (5)     11 :  0.5818 0.0038 0.0112 0.3962 0.0070 
689      689   (0)     11 :  0.5968 0.0032 0.0050 0.3926 0.0024 
690      690   (0)     11 :  0.5944 0.0028 0.0034 0.3962 0.0032 
691      691   (0)     11 :  0.5956 0.0024 0.0024 0.3976 0.0020 
692      692   (0)     11 :  0.5780 0.0038 0.0230 0.3908 0.0044 
693      693   (0)     11 :  0.5976 0.0020 0.0024 0.3960 0.0020 
694      694   (0)     11 :  0.5946 0.0044 0.0038 0.3916 0.0056 
695      695   (0)     11 :  0.5392 0.0058 0.0508 0.4008 0.0034 
696      696   (0)     11 :  0.5940 0.0036 0.0034 0.3952 0.0038 
697      697   (0)     11 :  0.5928 0.0034 0.0020 0.3980 0.0038 
698      698   (0)     11 :  0.5802 0.0048 0.0050 0.4050 0.0050 
699      699   (0)     11 :  0.5322 0.0030 0.0710 0.3908 0.0030 
700      700   (0)     11 :  0.5952 0.0024 0.0024 0.3968 0.0032 
701      701   (0)     11 :  0.5946 0.0026 0.0032 0.3972 0.0024 
702      702   (0)     11 :  0.5948 0.0024 0.0034 0.3962 0.0032 
703      703   (0)     12 :  0.5732 0.0058 0.0024 0.4132 0.0054 
704      704   (0)     12 :  0.5586 0.0058 0.0026 0.4268 0.0062 
705      705   (0)     12 :  0.5510 0.0138 0.0046 0.4170 0.0136 
706      706   (0)     12 :  0.4535 0.0128 0.0042 0.5183 0.0112 
707      707   (0)     12 :  0.3348 0.0112 0.0156 0.5839 0.0544 
708      708   (0)     12 :  0.4798 0.0114 0.0052 0.4804 0.0232 
709      709   (0)     12 :  0.4131 0.0036 0.0104 0.4962 0.0766 
710      710   (0)     12 :  0.5036 0.0114 0.0020 0.4770 0.0060 
711      711   (0)     12 :  0.5150 0.0068 0.0026 0.4688 0.0068 
712      712   (0)     12 :  0.5024 0.0260 0.0020 0.4554 0.0142 
713      713   (0)     12 :  0.5870 0.0122 0.0020 0.3862 0.0126 
714      714   (0)     12 :  0.5674 0.0082 0.0038 0.4078 0.0128 
715      715   (0)     12 :  0.5876 0.0094 0.0026 0.3946 0.0058 
716      716   (0)     12 :  0.5700 0.0132 0.0020 0.4070 0.0078 
717      717   (0)     12 :  0.5876 0.0062 0.0030 0.3966 0.0066 
718      718   (0)     12 :  0.5942 0.0062 0.0020 0.3940 0.0036 
719      719   (0)     12 :  0.4696 0.0176 0.0586 0.4423 0.0120 
720      720   (0)     12 :  0.5832 0.0120 0.0152 0.3830 0.0066 
721      721   (0)     12 :  0.5388 0.0224 0.0060 0.3568 0.0760 
722      722   (0)     12 :  0.5658 0.0224 0.0028 0.3910 0.0180 
723      723   (0)     12 :  0.6224 0.0038 0.0036 0.3672 0.0030 
724      724   (0)     12 :  0.6154 0.0300 0.0076 0.3416 0.0054 
725      725   (5)     12 :  0.5946 0.0088 0.0024 0.3870 0.0072 
726      726   (0)     12 :  0.5898 0.0050 0.0038 0.3964 0.0050 
727      727   (0)     12 :  0.6000 0.0034 0.0060 0.3862 0.0044 
728      728   (0)     12 :  0.5448 0.0190 0.0048 0.3936 0.0378 
729      729   (0)     12 :  0.6354 0.0066 0.0024 0.3500 0.0056 
730      730   (0)     12 :  0.5894 0.0060 0.0066 0.3934 0.0046 
731      731   (0)     12 :  0.6194 0.0068 0.0026 0.3648 0.0064 
732      732   (0)     12 :  0.5904 0.0068 0.0020 0.3970 0.0038 
733      733   (5)     12 :  0.5898 0.0092 0.0024 0.3936 0.0050 
734      734   (0)     12 :  0.5946 0.0052 0.0020 0.3940 0.0042 
735      735   (0)     12 :  0.4936 0.0122 0.0060 0.4640 0.0242 
736      736   (0)     12 :  0.5858 0.0066 0.0030 0.3990 0.0056 
737      737   (0)     12 :  0.6204 0.0044 0.0054 0.3614 0.0084 
738      738   (0)     12 :  0.2689 0.0350 0.0062 0.6777 0.0122 
739      739   (5)     12 :  0.4129 0.0234 0.0082 0.5193 0.0362 
740      740   (5)     12 :  0.5722 0.0052 0.0074 0.4096 0.0056 
741      741   (5)     12 :  0.5840 0.0074 0.0048 0.3980 0.0058 
742      742   (5)     12 :  0.5822 0.0072 0.0086 0.3920 0.0100 
