Wed Jun 24 18:51:12 2026: Job 1782298268 started running.
Wed Jun 24 18:51:12 2026: Job Parameters:
Wed Jun 24 18:51:12 2026: Input file: 1782298268.zip
Wed Jun 24 18:51:12 2026: Input type: STRUCTURE
Wed Jun 24 18:51:12 2026: Labels file: 1782298268.lab
Wed Jun 24 18:51:12 2026: CLUMPP repeats: 2000
Wed Jun 24 18:51:12 2026: CLUMPP search method: LargeKGreedy 
Wed Jun 24 18:51:12 2026: MCL cluster size threshold: 0.1 (default)
Wed Jun 24 18:51:12 2026: Extracting file: "1782298268.zip".
Wed Jun 24 18:51:12 2026: Sorting input files by K
Wed Jun 24 18:51:13 2026: Working on K=4
Wed Jun 24 18:51:13 2026: Executing CLUMPP for K=4.
Wed Jun 24 18:51:22 2026: Clustering K=4 with mcl.
Wed Jun 24 18:51:22 2026: cutoff used: 0.50
Wed Jun 24 18:51:22 2026: Executing CLUMPP for major cluster.
Wed Jun 24 18:51:32 2026: Calculating major cluster LnProb mean and standard deviation.
Wed Jun 24 18:51:32 2026: LnProb mean: -258380.16
Wed Jun 24 18:51:32 2026: LnProb standard deviation: 1833.51417038429
Wed Jun 24 18:51:32 2026: Working on K=5
Wed Jun 24 18:51:32 2026: Executing CLUMPP for K=5.
Wed Jun 24 18:51:46 2026: Clustering K=5 with mcl.
Wed Jun 24 18:51:46 2026: cutoff used: 0.62
Wed Jun 24 18:51:46 2026: Executing CLUMPP for major cluster.
Wed Jun 24 18:51:51 2026: Calculating major cluster LnProb mean and standard deviation.
Wed Jun 24 18:51:51 2026: LnProb mean: -250029.333333333
Wed Jun 24 18:51:51 2026: LnProb standard deviation: 778.779406079363
Wed Jun 24 18:51:51 2026: Executing CLUMPP for minor clusters.
Wed Jun 24 18:51:53 2026: Calculating MinorCluster1 LnProb mean and standard deviation.
Wed Jun 24 18:51:53 2026: LnProb mean: -251178.85
Wed Jun 24 18:51:53 2026: LnProb standard deviation: 2.05060966543687
Wed Jun 24 18:51:53 2026: Working on K=6
Wed Jun 24 18:51:53 2026: Executing CLUMPP for K=6.
Wed Jun 24 18:52:13 2026: Clustering K=6 with mcl.
Wed Jun 24 18:52:13 2026: no cutoff was used
Wed Jun 24 18:52:13 2026: Executing CLUMPP for major cluster.
Wed Jun 24 18:52:33 2026: Calculating major cluster LnProb mean and standard deviation.
Wed Jun 24 18:52:33 2026: LnProb mean: -244113.58
Wed Jun 24 18:52:33 2026: LnProb standard deviation: 1.43422452914893
Wed Jun 24 18:52:33 2026: Working on K=7
Wed Jun 24 18:52:33 2026: Executing CLUMPP for K=7.
Wed Jun 24 18:52:59 2026: Clustering K=7 with mcl.
Wed Jun 24 18:52:59 2026: cutoff used: 0.70
Wed Jun 24 18:52:59 2026: Executing CLUMPP for major cluster.
Wed Jun 24 18:53:25 2026: Calculating major cluster LnProb mean and standard deviation.
Wed Jun 24 18:53:25 2026: LnProb mean: -243502.08
Wed Jun 24 18:53:25 2026: LnProb standard deviation: 339.834322869255
Wed Jun 24 18:53:25 2026: Ordering clusters by size for K=4
Wed Jun 24 18:53:25 2026: Calling distruct for K=4.MajorCluster
Wed Jun 24 18:53:26 2026: Calculating best Average Distance between K=4 and K=5..
Wed Jun 24 18:53:29 2026: Calling distruct for K=5.MajorCluster
Wed Jun 24 18:53:30 2026: Calculating best Average Distance between K=5 and K=6..
Wed Jun 24 18:53:53 2026: Calling distruct for K=6.MajorCluster
Wed Jun 24 18:53:53 2026: Calculating best Average Distance between K=6 and K=7..
Wed Jun 24 18:57:18 2026: Calling distruct for K=7.MajorCluster
Wed Jun 24 18:57:19 2026: Calculating best Average Distance between large cluster and K=5.MinorCluster1..
Wed Jun 24 18:57:22 2026: Calling distruct for K=5.MinorCluster1
Wed Jun 24 18:57:23 2026: Creating job summary PDF
Wed Jun 24 18:57:23 2026: Creating job summary PDF for K=4
Wed Jun 24 18:57:23 2026: Creating job summary PDF for K=5
Wed Jun 24 18:57:23 2026: Creating job summary PDF for K=6
Wed Jun 24 18:57:23 2026: Creating job summary PDF for K=7
Wed Jun 24 18:57:23 2026: Creating job zip file
