  1        1   (5)      1 :  0.0050 0.9736 0.0072 0.0030 0.0032 0.0044 0.0036 
  2        2   (5)      1 :  0.0064 0.9434 0.0038 0.0042 0.0080 0.0136 0.0206 
  3        3   (5)      1 :  0.0030 0.9844 0.0032 0.0030 0.0020 0.0024 0.0020 
  4        4   (0)      1 :  0.0030 0.9846 0.0032 0.0016 0.0030 0.0020 0.0026 
  5        5   (0)      1 :  0.0162 0.8982 0.0368 0.0116 0.0248 0.0042 0.0082 
  6        6   (0)      1 :  0.0030 0.9802 0.0040 0.0020 0.0030 0.0036 0.0042 
  7        7   (0)      1 :  0.0066 0.8805 0.0028 0.0626 0.0052 0.0208 0.0216 
  8        8   (5)      1 :  0.0020 0.9860 0.0030 0.0020 0.0024 0.0020 0.0026 
  9        9   (0)      1 :  0.0020 0.9878 0.0020 0.0020 0.0020 0.0020 0.0022 
 10       10   (0)      1 :  0.0048 0.9508 0.0030 0.0066 0.0050 0.0200 0.0098 
 11       11   (0)      1 :  0.0034 0.9752 0.0024 0.0056 0.0030 0.0040 0.0064 
 12       12   (0)      1 :  0.0040 0.9702 0.0030 0.0060 0.0064 0.0066 0.0038 
 13       13   (0)      1 :  0.0032 0.9828 0.0020 0.0026 0.0046 0.0028 0.0020 
 14       14   (0)      1 :  0.0040 0.9784 0.0038 0.0022 0.0028 0.0052 0.0036 
 15       15   (0)      1 :  0.0052 0.9796 0.0022 0.0024 0.0026 0.0048 0.0032 
 16       16   (0)      1 :  0.0026 0.9850 0.0044 0.0020 0.0020 0.0020 0.0020 
 17       17   (0)      1 :  0.0020 0.9880 0.0020 0.0020 0.0020 0.0020 0.0020 
 18       18   (0)      1 :  0.0106 0.9668 0.0054 0.0044 0.0050 0.0042 0.0036 
 19       19   (0)      1 :  0.0020 0.9706 0.0072 0.0020 0.0142 0.0020 0.0020 
 20       20   (0)      1 :  0.0122 0.9412 0.0070 0.0136 0.0066 0.0134 0.0060 
 21       21   (0)      1 :  0.0020 0.9864 0.0020 0.0018 0.0028 0.0022 0.0028 
 22       22   (0)      1 :  0.0020 0.9866 0.0036 0.0018 0.0020 0.0020 0.0020 
 23       23   (0)      1 :  0.0020 0.9838 0.0056 0.0020 0.0024 0.0020 0.0022 
 24       24   (0)      1 :  0.0030 0.9732 0.0110 0.0020 0.0062 0.0020 0.0026 
 25       25   (0)      1 :  0.0040 0.9524 0.0030 0.0200 0.0074 0.0090 0.0042 
 26       26   (0)      1 :  0.0020 0.9810 0.0032 0.0028 0.0056 0.0026 0.0028 
 27       27   (5)      1 :  0.0136 0.9484 0.0054 0.0120 0.0046 0.0082 0.0078 
 28       28   (0)      1 :  0.0084 0.9740 0.0050 0.0040 0.0022 0.0030 0.0034 
 29       29   (0)      1 :  0.0030 0.9844 0.0042 0.0020 0.0020 0.0020 0.0024 
 30       30   (0)      1 :  0.0040 0.9480 0.0114 0.0074 0.0102 0.0068 0.0122 
 31       31   (0)      1 :  0.0020 0.9838 0.0046 0.0030 0.0024 0.0020 0.0022 
 32       32   (0)      1 :  0.0312 0.9476 0.0030 0.0020 0.0088 0.0030 0.0044 
 33       33   (0)      1 :  0.0026 0.9866 0.0028 0.0020 0.0022 0.0018 0.0020 
 34       34   (0)      1 :  0.0020 0.9802 0.0090 0.0020 0.0020 0.0020 0.0028 
 35       35   (0)      1 :  0.0064 0.9388 0.0232 0.0058 0.0108 0.0040 0.0110 
 36       36   (0)      1 :  0.0176 0.9684 0.0038 0.0030 0.0032 0.0020 0.0020 
 37       37   (0)      1 :  0.0040 0.9630 0.0036 0.0102 0.0078 0.0040 0.0074 
 38       38   (0)      1 :  0.0030 0.9758 0.0022 0.0030 0.0066 0.0040 0.0054 
 39       39   (0)      1 :  0.0068 0.9668 0.0028 0.0030 0.0048 0.0080 0.0078 
 40       40   (0)      1 :  0.0036 0.9786 0.0066 0.0020 0.0038 0.0030 0.0024 
 41       41   (0)      1 :  0.0030 0.9822 0.0030 0.0030 0.0030 0.0030 0.0028 
 42       42   (0)      1 :  0.0020 0.9878 0.0022 0.0014 0.0026 0.0020 0.0020 
 43       43   (0)      1 :  0.0030 0.9838 0.0022 0.0030 0.0020 0.0030 0.0030 
 44       44   (0)      1 :  0.0020 0.9886 0.0020 0.0020 0.0014 0.0020 0.0020 
 45       45   (5)      1 :  0.0060 0.9728 0.0030 0.0032 0.0048 0.0070 0.0032 
 46       46   (0)      1 :  0.0020 0.9866 0.0042 0.0020 0.0012 0.0020 0.0020 
 47       47   (0)      1 :  0.0060 0.9764 0.0044 0.0030 0.0020 0.0058 0.0024 
 48       48   (0)      1 :  0.0036 0.9748 0.0072 0.0030 0.0030 0.0050 0.0034 
 49       49   (0)      1 :  0.0036 0.9694 0.0020 0.0020 0.0078 0.0116 0.0036 
 50       50   (0)      1 :  0.0026 0.9832 0.0032 0.0030 0.0020 0.0034 0.0026 
 51       51   (0)      1 :  0.0020 0.9778 0.0030 0.0040 0.0058 0.0044 0.0030 
 52       52   (0)      1 :  0.0050 0.9426 0.0074 0.0130 0.0198 0.0076 0.0046 
 53       53   (0)      1 :  0.0030 0.9452 0.0232 0.0088 0.0040 0.0030 0.0128 
 54       54   (0)      1 :  0.0038 0.9788 0.0030 0.0038 0.0020 0.0042 0.0044 
 55       55   (0)      1 :  0.0030 0.9808 0.0028 0.0040 0.0020 0.0046 0.0028 
 56       56   (0)      1 :  0.0030 0.9858 0.0032 0.0020 0.0020 0.0020 0.0020 
 57       57  (10)      1 :  0.0060 0.9812 0.0030 0.0020 0.0038 0.0020 0.0020 
 58       58   (5)      1 :  0.0060 0.9740 0.0042 0.0030 0.0030 0.0064 0.0034 
 59       59   (0)      1 :  0.0022 0.9740 0.0044 0.0030 0.0038 0.0032 0.0094 
 60       60   (0)      1 :  0.0030 0.9850 0.0020 0.0020 0.0020 0.0038 0.0022 
 61       61   (0)      1 :  0.0030 0.9784 0.0050 0.0040 0.0032 0.0030 0.0034 
 62       62   (0)      1 :  0.0050 0.9502 0.0030 0.0030 0.0020 0.0110 0.0258 
 63       63   (0)      1 :  0.0040 0.9768 0.0028 0.0040 0.0030 0.0046 0.0048 
 64       64   (0)      1 :  0.0030 0.9814 0.0038 0.0020 0.0022 0.0040 0.0036 
 65       65   (0)      1 :  0.0176 0.9440 0.0028 0.0056 0.0144 0.0098 0.0058 
 66       66   (0)      1 :  0.0096 0.9760 0.0056 0.0020 0.0024 0.0030 0.0014 
 67       67   (5)      1 :  0.0054 0.9634 0.0082 0.0040 0.0094 0.0030 0.0066 
 68       68   (0)      1 :  0.0046 0.9572 0.0124 0.0072 0.0034 0.0074 0.0078 
 69       69   (0)      1 :  0.0020 0.9738 0.0020 0.0108 0.0020 0.0046 0.0048 
 70       70   (0)      1 :  0.0060 0.9754 0.0034 0.0030 0.0028 0.0054 0.0040 
 71       71   (5)      1 :  0.0080 0.9690 0.0076 0.0050 0.0036 0.0036 0.0032 
 72       72   (0)      1 :  0.0034 0.9746 0.0028 0.0048 0.0076 0.0036 0.0032 
 73       73   (5)      1 :  0.0030 0.9788 0.0072 0.0030 0.0026 0.0030 0.0024 
 74       74  (10)      1 :  0.0042 0.9728 0.0042 0.0048 0.0046 0.0048 0.0046 
 75       75  (10)      1 :  0.0020 0.9680 0.0042 0.0030 0.0150 0.0034 0.0044 
 76       76   (0)      1 :  0.0046 0.8938 0.0924 0.0020 0.0030 0.0020 0.0022 
 77       77  (10)      1 :  0.0030 0.9702 0.0144 0.0024 0.0030 0.0030 0.0040 
 78       78   (0)      1 :  0.0040 0.9342 0.0398 0.0030 0.0064 0.0040 0.0086 
 79       79   (5)      1 :  0.0030 0.9750 0.0052 0.0030 0.0022 0.0046 0.0070 
 80       80   (0)      1 :  0.0020 0.9878 0.0022 0.0020 0.0020 0.0020 0.0020 
 81       81   (0)      1 :  0.0020 0.9872 0.0022 0.0020 0.0020 0.0020 0.0026 
 82       82   (0)      1 :  0.0020 0.9878 0.0020 0.0020 0.0020 0.0020 0.0022 
 83       83   (0)      1 :  0.0042 0.9580 0.0174 0.0032 0.0030 0.0044 0.0098 
 84       84   (0)      1 :  0.0050 0.9728 0.0028 0.0024 0.0056 0.0074 0.0040 
 85       85   (0)      1 :  0.0020 0.9870 0.0020 0.0020 0.0020 0.0030 0.0020 
 86       86   (5)      1 :  0.0020 0.9844 0.0020 0.0028 0.0030 0.0026 0.0032 
 87       87   (0)      1 :  0.0034 0.9854 0.0022 0.0030 0.0020 0.0020 0.0020 
 88       88   (0)      1 :  0.0144 0.8150 0.1498 0.0034 0.0072 0.0042 0.0060 
 89       89   (0)      1 :  0.0068 0.9642 0.0060 0.0020 0.0152 0.0030 0.0028 
 90       90   (0)      1 :  0.0114 0.9682 0.0066 0.0036 0.0022 0.0052 0.0028 
 91       91   (0)      1 :  0.0030 0.9772 0.0050 0.0022 0.0030 0.0048 0.0048 
 92       92   (0)      1 :  0.0110 0.9658 0.0038 0.0084 0.0022 0.0046 0.0042 
 93       93   (0)      1 :  0.0020 0.9878 0.0022 0.0020 0.0020 0.0020 0.0020 
 94       94   (5)      1 :  0.0040 0.9636 0.0142 0.0028 0.0100 0.0022 0.0032 
 95       95   (0)      1 :  0.0020 0.9808 0.0032 0.0020 0.0030 0.0036 0.0054 
 96       96   (5)      1 :  0.0020 0.9846 0.0020 0.0024 0.0024 0.0024 0.0042 
 97       97   (0)      1 :  0.0044 0.9724 0.0060 0.0044 0.0018 0.0076 0.0034 
 98       98   (0)      1 :  0.0036 0.9780 0.0040 0.0030 0.0044 0.0038 0.0032 
 99       99   (5)      1 :  0.0030 0.9850 0.0020 0.0022 0.0030 0.0022 0.0026 
100      100   (5)      1 :  0.0020 0.9886 0.0020 0.0020 0.0020 0.0020 0.0014 
101      101   (5)      2 :  0.0040 0.5902 0.0030 0.3581 0.0040 0.0156 0.0252 
102      102   (0)      2 :  0.0048 0.0548 0.0108 0.0158 0.0068 0.0048 0.9022 
103      103   (0)      2 :  0.0038 0.1269 0.0136 0.0330 0.0114 0.0086 0.8028 
104      104   (5)      2 :  0.0024 0.0887 0.0202 0.0060 0.0072 0.0092 0.8663 
105      105   (5)      2 :  0.0024 0.0549 0.0018 0.0044 0.0040 0.0052 0.9273 
106      106   (0)      2 :  0.0032 0.0542 0.0132 0.0276 0.0312 0.0082 0.8625 
107      107   (0)      3 :  0.0024 0.0022 0.0046 0.0080 0.0026 0.0056 0.9746 
108      108   (0)      3 :  0.0052 0.0048 0.0170 0.0312 0.0022 0.0024 0.9371 
109      109  (10)      4 :  0.0098 0.0024 0.0054 0.0068 0.0022 0.2296 0.7438 
110      110   (5)      4 :  0.0058 0.0034 0.0066 0.0088 0.0056 0.4842 0.4856 
111      111   (5)      4 :  0.0032 0.0038 0.0050 0.0020 0.0030 0.1966 0.7864 
112      112   (5)      4 :  0.0090 0.0020 0.0022 0.0062 0.0020 0.5960 0.3826 
113      113  (10)      4 :  0.0028 0.0018 0.0056 0.0026 0.0032 0.1944 0.7896 
114      114   (5)      4 :  0.0026 0.0042 0.0038 0.0016 0.0022 0.1956 0.7900 
115      115  (10)      4 :  0.0030 0.0022 0.0044 0.0020 0.0020 0.2000 0.7864 
116      116   (0)      4 :  0.0138 0.0062 0.0046 0.0146 0.1076 0.7202 0.1331 
117      117   (0)      4 :  0.0110 0.0036 0.0078 0.0042 0.0028 0.2799 0.6907 
118      118   (0)      4 :  0.0038 0.0020 0.0020 0.0050 0.0038 0.5960 0.3874 
119      119   (0)      4 :  0.0132 0.0086 0.0024 0.0034 0.0040 0.5318 0.4366 
120      120   (0)      4 :  0.0040 0.0342 0.0108 0.0034 0.0022 0.4976 0.4478 
121      121   (0)      4 :  0.0030 0.0022 0.0018 0.0052 0.0030 0.2070 0.7778 
122      122   (0)      4 :  0.0022 0.0016 0.0032 0.0020 0.0022 0.1954 0.7934 
123      123   (0)      4 :  0.0142 0.0044 0.0270 0.0118 0.0046 0.2348 0.7032 
124      124   (0)      4 :  0.0040 0.0026 0.0062 0.0020 0.0026 0.1976 0.7850 
125      125   (0)      4 :  0.0030 0.0022 0.0028 0.0020 0.0020 0.2004 0.7876 
126      126   (0)      4 :  0.0022 0.0032 0.0034 0.0016 0.0020 0.1970 0.7906 
127      127   (0)      4 :  0.0094 0.0058 0.0040 0.0184 0.0058 0.8203 0.1363 
128      128   (5)      4 :  0.0030 0.0060 0.0020 0.0140 0.0160 0.5862 0.3728 
129      129   (0)      4 :  0.0020 0.0022 0.0044 0.0108 0.0046 0.1956 0.7804 
130      130   (0)      4 :  0.0056 0.0146 0.0056 0.0178 0.0062 0.1928 0.7574 
131      131   (5)      4 :  0.0056 0.0074 0.0026 0.0030 0.0052 0.1994 0.7768 
132      132   (5)      4 :  0.0052 0.0054 0.0022 0.0060 0.0074 0.9670 0.0068 
133      133   (0)      4 :  0.0080 0.1048 0.0194 0.0040 0.0544 0.4857 0.3237 
134      134   (0)      4 :  0.0252 0.0464 0.0028 0.0074 0.0054 0.7777 0.1351 
135      135   (0)      4 :  0.0584 0.0108 0.0620 0.0082 0.0038 0.7621 0.0946 
136      136   (0)      4 :  0.0034 0.0024 0.0030 0.0058 0.0030 0.5904 0.3920 
137      137   (0)      4 :  0.0048 0.0020 0.0052 0.1002 0.0052 0.6563 0.2263 
138      138   (0)      4 :  0.0086 0.0020 0.0058 0.0120 0.0038 0.6038 0.3640 
139      139   (0)      4 :  0.0030 0.0016 0.0020 0.0362 0.0082 0.7506 0.1984 
140      140   (0)      4 :  0.0138 0.0040 0.0044 0.0056 0.0020 0.9570 0.0132 
141      141   (0)      4 :  0.0028 0.0024 0.0042 0.0124 0.0036 0.0064 0.9682 
142      142   (0)      4 :  0.0028 0.0024 0.0578 0.0062 0.0054 0.0054 0.9200 
143      143   (0)      4 :  0.0044 0.0190 0.0046 0.0054 0.0042 0.9358 0.0266 
144      144   (0)      4 :  0.0026 0.0036 0.0032 0.0322 0.0028 0.0056 0.9500 
145      145   (0)      4 :  0.0024 0.0052 0.0098 0.0034 0.0034 0.0024 0.9734 
146      146   (0)      4 :  0.0030 0.0026 0.0030 0.9602 0.0040 0.0144 0.0128 
147      147   (0)      4 :  0.0022 0.0024 0.0038 0.0148 0.0036 0.0056 0.9676 
148      148   (0)      4 :  0.0052 0.0024 0.0086 0.0216 0.0020 0.0104 0.9498 
149      149   (0)      4 :  0.0102 0.0042 0.0666 0.0084 0.0018 0.5062 0.4027 
150      150   (0)      4 :  0.1135 0.0038 0.0168 0.0526 0.0034 0.2864 0.5235 
151      151  (10)      5 :  0.0172 0.0024 0.0046 0.0238 0.0032 0.5918 0.3570 
152      152   (0)      5 :  0.0078 0.0042 0.1666 0.4628 0.0054 0.1052 0.2480 
153      153   (0)      5 :  0.0030 0.0242 0.0022 0.0120 0.0228 0.9282 0.0076 
154      154   (0)      5 :  0.0042 0.0022 0.0038 0.0276 0.0038 0.9510 0.0074 
155      155   (0)      5 :  0.0082 0.0030 0.2113 0.7275 0.0030 0.0110 0.0360 
156      156   (5)      5 :  0.1008 0.0028 0.2390 0.1295 0.0038 0.1394 0.3847 
157      157   (0)      5 :  0.0194 0.0024 0.0038 0.0376 0.0032 0.5918 0.3418 
158      158   (0)      5 :  0.0040 0.0028 0.0032 0.1019 0.0016 0.8829 0.0036 
159      159   (0)      5 :  0.0034 0.0020 0.0044 0.9119 0.0594 0.0156 0.0032 
160      160   (0)      5 :  0.1024 0.0310 0.0988 0.0056 0.0024 0.7227 0.0372 
161      161   (0)      5 :  0.0022 0.0020 0.0044 0.5109 0.4717 0.0040 0.0048 
162      162   (0)      5 :  0.0030 0.0020 0.0028 0.8204 0.0046 0.1534 0.0138 
163      163   (0)      5 :  0.0208 0.0020 0.0028 0.9404 0.0066 0.0170 0.0104 
164      164   (0)      5 :  0.0048 0.0030 0.0080 0.9604 0.0022 0.0124 0.0092 
165      165   (5)      5 :  0.0062 0.0044 0.0022 0.4447 0.0044 0.4517 0.0864 
166      166   (0)      5 :  0.0062 0.0030 0.0028 0.9602 0.0030 0.0174 0.0074 
167      167   (0)      5 :  0.0042 0.0040 0.0040 0.9688 0.0060 0.0064 0.0066 
168      168   (0)      5 :  0.0020 0.0020 0.0020 0.9856 0.0024 0.0034 0.0026 
169      169   (0)      5 :  0.0040 0.0020 0.0078 0.9516 0.0032 0.0132 0.0182 
170      170   (0)      5 :  0.0020 0.0010 0.0018 0.9760 0.0020 0.0060 0.0112 
171      171   (0)      5 :  0.0054 0.0020 0.0048 0.0560 0.0030 0.9168 0.0120 
172      172   (5)      5 :  0.0078 0.0030 0.0044 0.9622 0.0050 0.0088 0.0088 
173      173   (5)      5 :  0.0060 0.0030 0.0028 0.9494 0.0276 0.0050 0.0062 
174      174   (5)      5 :  0.0588 0.0062 0.0152 0.0708 0.0054 0.8014 0.0422 
175      175   (0)      5 :  0.0236 0.0140 0.0292 0.6655 0.0022 0.1238 0.1417 
176      176   (0)      5 :  0.0628 0.0020 0.0034 0.2339 0.0022 0.4504 0.2454 
177      177   (0)      5 :  0.0084 0.0020 0.0066 0.9358 0.0060 0.0154 0.0258 
178      178   (0)      5 :  0.0116 0.0114 0.0336 0.6753 0.0020 0.1485 0.1176 
179      179   (0)      5 :  0.0038 0.0020 0.0044 0.9358 0.0032 0.0284 0.0224 
180      180   (0)      5 :  0.0030 0.0036 0.0030 0.9736 0.0040 0.0076 0.0052 
181      181   (0)      5 :  0.0034 0.0030 0.0030 0.9702 0.0076 0.0078 0.0050 
182      182   (0)      5 :  0.0068 0.0020 0.0022 0.9644 0.0092 0.0070 0.0084 
183      183   (0)      5 :  0.0040 0.0020 0.0074 0.9206 0.0032 0.0230 0.0398 
184      184   (0)      5 :  0.0190 0.0070 0.0048 0.0821 0.0046 0.7751 0.1074 
185      185   (0)      5 :  0.0132 0.0034 0.0204 0.9150 0.0032 0.0050 0.0398 
186      186   (0)      5 :  0.0020 0.0020 0.0020 0.9826 0.0038 0.0038 0.0038 
187      187   (5)      5 :  0.0074 0.0036 0.0080 0.9260 0.0124 0.0182 0.0244 
188      188   (0)      5 :  0.0030 0.0032 0.0026 0.1102 0.0038 0.0154 0.8618 
189      189   (0)      5 :  0.0066 0.0020 0.0060 0.9502 0.0046 0.0160 0.0146 
190      190   (0)      5 :  0.0042 0.0030 0.0022 0.0104 0.0030 0.9706 0.0066 
191      191   (0)      5 :  0.0062 0.0028 0.0044 0.9468 0.0042 0.0288 0.0068 
192      192   (0)      5 :  0.0038 0.0020 0.0022 0.0058 0.0028 0.9760 0.0074 
193      193   (5)      5 :  0.0028 0.0020 0.0026 0.9748 0.0034 0.0058 0.0086 
194      194   (5)      5 :  0.0050 0.0074 0.0172 0.5441 0.0080 0.3336 0.0847 
195      195   (5)      5 :  0.0030 0.0020 0.0042 0.9738 0.0056 0.0066 0.0048 
196      196   (5)      5 :  0.0030 0.0030 0.0030 0.9718 0.0078 0.0060 0.0054 
197      197   (5)      5 :  0.0082 0.0078 0.0040 0.5629 0.0112 0.3700 0.0358 
198      198   (5)      5 :  0.0034 0.0042 0.0032 0.2151 0.0046 0.0164 0.7531 
199      199   (0)      5 :  0.0748 0.0030 0.0066 0.0116 0.0032 0.8871 0.0136 
200      200   (5)      5 :  0.0040 0.0020 0.0034 0.9128 0.0054 0.0590 0.0134 
201      201   (0)      5 :  0.8513 0.0030 0.0250 0.0412 0.0150 0.0188 0.0458 
202      202   (0)      5 :  0.3440 0.0168 0.0450 0.0076 0.0362 0.3293 0.2210 
203      203   (0)      5 :  0.0122 0.0020 0.0044 0.7543 0.0094 0.2087 0.0090 
204      204   (0)      5 :  0.0030 0.0012 0.0024 0.9804 0.0022 0.0050 0.0058 
205      205   (0)      5 :  0.0216 0.0066 0.0500 0.8656 0.0032 0.0488 0.0042 
206      206   (0)      5 :  0.0126 0.0024 0.0032 0.1680 0.0086 0.4883 0.3169 
207      207   (0)      5 :  0.0034 0.0020 0.0024 0.0254 0.0050 0.9514 0.0104 
208      208   (0)      5 :  0.0838 0.0046 0.0072 0.5791 0.0032 0.3095 0.0126 
209      209   (0)      5 :  0.0108 0.0020 0.0034 0.7684 0.0142 0.1984 0.0028 
210      210   (0)      5 :  0.0140 0.0030 0.0034 0.9310 0.0032 0.0310 0.0144 
211      211   (0)      5 :  0.1358 0.0024 0.0804 0.1020 0.0026 0.1903 0.4864 
212      212   (0)      5 :  0.0020 0.0020 0.9866 0.0026 0.0020 0.0026 0.0022 
213      213   (0)      5 :  0.0040 0.0010 0.0028 0.9786 0.0038 0.0058 0.0040 
214      214   (0)      5 :  0.0112 0.0020 0.0044 0.8010 0.0044 0.1722 0.0048 
215      215   (0)      5 :  0.0196 0.0020 0.0028 0.9500 0.0032 0.0136 0.0088 
216      216   (0)      5 :  0.0568 0.0028 0.0886 0.1190 0.0048 0.2471 0.4809 
217      217   (0)      5 :  0.0050 0.0020 0.0052 0.0782 0.0022 0.9028 0.0046 
218      218   (0)      5 :  0.0058 0.0060 0.0792 0.3906 0.3089 0.1108 0.0987 
219      219   (0)      5 :  0.0068 0.0036 0.0152 0.8705 0.0168 0.0210 0.0661 
220      220   (0)      5 :  0.0112 0.0030 0.0478 0.7177 0.0314 0.0366 0.1522 
221      221   (0)      5 :  0.0024 0.0018 0.0030 0.9814 0.0020 0.0042 0.0052 
222      222   (0)      5 :  0.0024 0.0014 0.0028 0.9490 0.0028 0.0356 0.0060 
223      223   (0)      5 :  0.0380 0.0124 0.0038 0.7513 0.0034 0.1665 0.0246 
224      224   (0)      5 :  0.0126 0.0054 0.0776 0.5275 0.0044 0.2608 0.1118 
225      225   (0)      5 :  0.0078 0.0028 0.0046 0.9700 0.0022 0.0072 0.0054 
226      226   (0)      5 :  0.0180 0.0020 0.0032 0.9622 0.0022 0.0054 0.0070 
227      227   (0)      5 :  0.0510 0.0036 0.0076 0.6043 0.0034 0.2692 0.0608 
228      228   (0)      5 :  0.0036 0.0030 0.0032 0.9105 0.0110 0.0531 0.0156 
229      229   (0)      5 :  0.0078 0.0046 0.0066 0.9468 0.0096 0.0164 0.0082 
230      230   (0)      5 :  0.0214 0.0030 0.0066 0.9462 0.0032 0.0132 0.0064 
231      231   (0)      5 :  0.0020 0.0012 0.0020 0.2285 0.7521 0.0070 0.0072 
232      232   (0)      5 :  0.0040 0.0020 0.0036 0.9622 0.0036 0.0170 0.0076 
233      233   (0)      5 :  0.0048 0.0020 0.0054 0.9412 0.0044 0.0332 0.0090 
234      234   (0)      5 :  0.0030 0.0020 0.0038 0.9756 0.0044 0.0068 0.0044 
235      235   (0)      5 :  0.0046 0.0014 0.0054 0.8788 0.0026 0.0990 0.0082 
236      236   (0)      5 :  0.0030 0.0032 0.0058 0.9242 0.0030 0.0030 0.0578 
237      237   (0)      5 :  0.0042 0.0022 0.0070 0.3395 0.0022 0.6397 0.0052 
238      238   (0)      5 :  0.0094 0.0020 0.0028 0.9698 0.0050 0.0074 0.0036 
239      239   (0)      5 :  0.0346 0.0024 0.0044 0.0867 0.0082 0.6581 0.2056 
240      240   (0)      5 :  0.0094 0.0020 0.0080 0.5247 0.0044 0.3573 0.0942 
241      241   (0)      5 :  0.0114 0.0020 0.0044 0.8762 0.0084 0.0598 0.0378 
242      242   (0)      5 :  0.0022 0.0032 0.0040 0.9368 0.0022 0.0030 0.0486 
243      243  (10)      5 :  0.0118 0.0048 0.0070 0.1076 0.6907 0.1396 0.0384 
244      244   (0)      5 :  0.0020 0.0020 0.0030 0.9836 0.0032 0.0034 0.0028 
245      245   (0)      5 :  0.0042 0.0020 0.0060 0.0098 0.0040 0.8918 0.0822 
246      246   (0)      5 :  0.0114 0.0030 0.0324 0.7825 0.0284 0.0660 0.0763 
247      247   (0)      5 :  0.0020 0.0030 0.0030 0.9806 0.0066 0.0026 0.0022 
248      248   (0)      5 :  0.0082 0.0060 0.0216 0.9410 0.0042 0.0058 0.0132 
249      249   (0)      5 :  0.0030 0.0020 0.0036 0.9798 0.0020 0.0050 0.0046 
250      250   (0)      5 :  0.0436 0.0020 0.0126 0.6644 0.0044 0.1941 0.0789 
251      251   (0)      5 :  0.0020 0.0010 0.0018 0.9756 0.0020 0.0060 0.0116 
252      252   (0)      5 :  0.0030 0.0010 0.0020 0.9282 0.0036 0.0514 0.0108 
253      253   (0)      5 :  0.0078 0.0048 0.0044 0.9614 0.0084 0.0064 0.0068 
254      254   (0)      5 :  0.0030 0.0010 0.0026 0.9170 0.0040 0.0642 0.0082 
255      255   (0)      5 :  0.0030 0.0020 0.0022 0.4001 0.0060 0.5619 0.0248 
256      256   (0)      6 :  0.0120 0.0194 0.0032 0.0048 0.0078 0.7768 0.1760 
257      257  (10)      6 :  0.0046 0.0048 0.0020 0.0060 0.0088 0.9366 0.0372 
258      258  (10)      6 :  0.0308 0.0056 0.0496 0.0312 0.0178 0.5062 0.3588 
259      259   (5)      6 :  0.0038 0.0052 0.0028 0.9210 0.0032 0.0414 0.0226 
260      260   (5)      6 :  0.0032 0.0020 0.0026 0.0098 0.0084 0.9424 0.0316 
261      261   (0)      6 :  0.0032 0.0010 0.0030 0.9838 0.0030 0.0030 0.0030 
262      262   (5)      6 :  0.0020 0.0020 0.0034 0.9812 0.0042 0.0032 0.0040 
263      263   (5)      6 :  0.0030 0.0020 0.0020 0.9826 0.0046 0.0034 0.0024 
264      264   (0)      6 :  0.0030 0.0012 0.0020 0.9744 0.0030 0.0086 0.0078 
265      265   (0)      6 :  0.0072 0.0020 0.0026 0.8050 0.0036 0.1700 0.0096 
266      266   (0)      6 :  0.0072 0.0020 0.0024 0.8044 0.0036 0.1708 0.0096 
267      267   (0)      6 :  0.2525 0.0020 0.0050 0.2685 0.0054 0.2651 0.2015 
268      268   (0)      6 :  0.0040 0.0020 0.0042 0.9684 0.0030 0.0108 0.0076 
269      269   (5)      6 :  0.0044 0.0020 0.0028 0.0114 0.0038 0.6066 0.3690 
270      270   (5)      6 :  0.0036 0.0084 0.0052 0.0084 0.0034 0.7817 0.1893 
271      271  (10)      6 :  0.1943 0.0040 0.0036 0.3395 0.0068 0.4261 0.0258 
272      272   (0)      6 :  0.0090 0.0020 0.0032 0.9632 0.0040 0.0082 0.0104 
273      273   (5)      6 :  0.0168 0.0050 0.0046 0.9628 0.0046 0.0030 0.0032 
274      274   (5)      6 :  0.0050 0.0020 0.0048 0.0152 0.0022 0.9646 0.0062 
275      275   (0)      6 :  0.0046 0.0010 0.0034 0.9826 0.0020 0.0038 0.0026 
276      276   (5)      6 :  0.0482 0.0020 0.0034 0.9206 0.0050 0.0146 0.0062 
277      277   (0)      6 :  0.0044 0.0054 0.0108 0.0316 0.0022 0.5680 0.3776 
278      278   (5)      6 :  0.0020 0.0010 0.0032 0.9662 0.0042 0.0162 0.0072 
279      279   (0)      6 :  0.0036 0.0018 0.0020 0.0092 0.0066 0.7758 0.2010 
280      280   (0)      6 :  0.0020 0.0028 0.0022 0.9810 0.0054 0.0038 0.0028 
281      281   (0)      6 :  0.0030 0.0030 0.0034 0.9790 0.0032 0.0048 0.0036 
282      282   (0)      6 :  0.0030 0.0020 0.0020 0.9848 0.0032 0.0030 0.0020 
283      283   (0)      6 :  0.0138 0.0024 0.0054 0.0358 0.0108 0.7352 0.1966 
284      284   (0)      6 :  0.0020 0.0026 0.0028 0.9832 0.0054 0.0020 0.0020 
285      285   (0)      6 :  0.0020 0.0040 0.0032 0.9794 0.0048 0.0040 0.0026 
286      286   (0)      6 :  0.0020 0.0030 0.0028 0.9850 0.0020 0.0030 0.0022 
287      287   (0)      6 :  0.0030 0.0038 0.0030 0.9782 0.0080 0.0020 0.0020 
288      288   (0)      6 :  0.0020 0.0020 0.0028 0.9758 0.0044 0.0084 0.0046 
289      289   (0)      6 :  0.0156 0.0028 0.0092 0.0102 0.0028 0.7570 0.2024 
290      290   (0)      6 :  0.0070 0.0052 0.0074 0.0154 0.0058 0.9324 0.0268 
291      291   (0)      6 :  0.0034 0.0010 0.0020 0.0064 0.0024 0.5908 0.3940 
292      292   (0)      6 :  0.0096 0.0058 0.0040 0.0582 0.0020 0.6352 0.2852 
293      293   (0)      6 :  0.0026 0.0016 0.0020 0.0082 0.0020 0.5878 0.3958 
294      294   (5)      6 :  0.0090 0.0046 0.0060 0.4146 0.0058 0.5378 0.0222 
295      295   (5)      6 :  0.0032 0.0020 0.0040 0.9796 0.0040 0.0030 0.0042 
296      296   (0)      6 :  0.0038 0.0022 0.0042 0.0583 0.0020 0.9223 0.0072 
297      297  (15)      6 :  0.0046 0.0042 0.0054 0.0054 0.0060 0.9688 0.0056 
298      298  (10)      6 :  0.0040 0.0020 0.0020 0.9642 0.0056 0.0134 0.0088 
299      299  (10)      6 :  0.0060 0.0020 0.0044 0.0196 0.0032 0.5812 0.3836 
300      300  (10)      6 :  0.0222 0.0030 0.0118 0.0428 0.0064 0.8807 0.0330 
301      301   (5)      6 :  0.0086 0.0026 0.0144 0.3432 0.0056 0.6210 0.0046 
302      302   (5)      6 :  0.0516 0.0020 0.0028 0.0046 0.0056 0.9202 0.0132 
303      303   (5)      6 :  0.0040 0.0020 0.0050 0.0042 0.0022 0.9732 0.0094 
304      304   (5)      6 :  0.0040 0.0020 0.0030 0.9810 0.0032 0.0042 0.0026 
305      305   (5)      6 :  0.0204 0.0030 0.0212 0.0472 0.0074 0.8368 0.0640 
306      306   (5)      6 :  0.0180 0.0024 0.0050 0.0050 0.0024 0.5900 0.3772 
307      307  (15)      6 :  0.1002 0.0102 0.0094 0.0364 0.0150 0.7540 0.0748 
308      308   (5)      6 :  0.0144 0.0070 0.0020 0.0056 0.0052 0.9107 0.0550 
309      309   (5)      6 :  0.0066 0.0020 0.0024 0.0078 0.0034 0.8059 0.1719 
310      310  (15)      6 :  0.0102 0.0026 0.0030 0.0074 0.0056 0.5908 0.3804 
311      311   (5)      6 :  0.1274 0.0182 0.0186 0.0408 0.0218 0.7330 0.0402 
312      312   (5)      6 :  0.0178 0.0124 0.0588 0.0456 0.0298 0.1072 0.7283 
313      313   (5)      6 :  0.0380 0.0030 0.0066 0.0706 0.0030 0.2541 0.6247 
314      314   (5)      6 :  0.0030 0.0020 0.0024 0.9806 0.0044 0.0052 0.0024 
315      315  (10)      6 :  0.0084 0.0030 0.0040 0.3810 0.0044 0.5900 0.0092 
316      316   (5)      6 :  0.0066 0.0020 0.0038 0.6399 0.0256 0.3167 0.0054 
317      317   (5)      6 :  0.0046 0.0022 0.0040 0.0858 0.0022 0.8986 0.0026 
318      318  (10)      6 :  0.0186 0.0020 0.0034 0.6172 0.0104 0.3428 0.0056 
319      319  (10)      6 :  0.0096 0.0030 0.0158 0.0482 0.0054 0.5804 0.3376 
320      320  (10)      6 :  0.0060 0.0126 0.0038 0.0052 0.0032 0.9534 0.0158 
321      321  (10)      6 :  0.0222 0.0106 0.0080 0.0078 0.0086 0.5584 0.3844 
322      322   (5)      6 :  0.0106 0.0020 0.0078 0.0336 0.0056 0.0797 0.8607 
323      323  (10)      6 :  0.0068 0.0030 0.0686 0.0152 0.0088 0.2132 0.6845 
324      324   (0)      6 :  0.0030 0.0010 0.0030 0.9674 0.0076 0.0114 0.0066 
325      325   (5)      6 :  0.0024 0.0020 0.0024 0.9802 0.0042 0.0054 0.0034 
326      326   (0)      6 :  0.0046 0.0016 0.0026 0.0094 0.0040 0.9710 0.0068 
327      327   (0)      6 :  0.0020 0.0010 0.0014 0.1061 0.0034 0.8723 0.0138 
328      328   (0)      6 :  0.0066 0.0034 0.0026 0.0068 0.0036 0.5554 0.4216 
329      329   (0)      6 :  0.0024 0.0054 0.0030 0.0574 0.0052 0.6397 0.2869 
330      330   (0)      6 :  0.0070 0.0020 0.0116 0.0042 0.0020 0.5964 0.3768 
331      331   (0)      6 :  0.0030 0.0102 0.0024 0.2476 0.0192 0.5976 0.1199 
332      332   (0)      6 :  0.0080 0.0026 0.0032 0.0064 0.0228 0.9524 0.0046 
333      333  (10)      6 :  0.0034 0.0024 0.0020 0.0174 0.0040 0.4068 0.5640 
334      334  (10)      6 :  0.9384 0.0090 0.0104 0.0138 0.0062 0.0134 0.0088 
335      335   (0)      6 :  0.0440 0.0148 0.0026 0.0040 0.0050 0.5570 0.3726 
336      336   (5)      6 :  0.3403 0.0524 0.0248 0.0754 0.0070 0.3046 0.1955 
337      337   (0)      6 :  0.0178 0.0020 0.0040 0.0116 0.0070 0.3378 0.6198 
338      338   (5)      6 :  0.0298 0.0126 0.0054 0.0060 0.0052 0.9294 0.0116 
339      339   (5)      6 :  0.0086 0.0020 0.0068 0.9488 0.0102 0.0166 0.0070 
340      340   (5)      6 :  0.0062 0.0050 0.0074 0.5958 0.0158 0.1169 0.2529 
341      341  (10)      6 :  0.0042 0.0020 0.0026 0.0098 0.0066 0.9678 0.0070 
342      342   (0)      6 :  0.0064 0.0022 0.0022 0.1494 0.0020 0.8330 0.0048 
343      343   (0)      6 :  0.0054 0.0020 0.0040 0.0256 0.0050 0.7692 0.1888 
344      344   (0)      6 :  0.7792 0.0230 0.0092 0.0066 0.0046 0.0762 0.1012 
345      345   (0)      6 :  0.0048 0.0022 0.0044 0.1930 0.0022 0.7902 0.0032 
346      346   (0)      6 :  0.1994 0.0040 0.0080 0.5957 0.0058 0.0912 0.0958 
347      347   (0)      6 :  0.0044 0.0020 0.0034 0.9260 0.0032 0.0416 0.0194 
348      348   (0)      6 :  0.0048 0.0020 0.0060 0.9167 0.0254 0.0264 0.0188 
349      349   (0)      6 :  0.0910 0.0034 0.0078 0.0110 0.0130 0.6732 0.2006 
350      350   (0)      6 :  0.0100 0.0020 0.0028 0.8912 0.0132 0.0744 0.0064 
351      351   (0)      6 :  0.0078 0.0020 0.0030 0.0040 0.0032 0.5786 0.4014 
352      352   (0)      6 :  0.0060 0.0024 0.0046 0.0088 0.0024 0.5954 0.3804 
353      353   (0)      6 :  0.6976 0.0096 0.0094 0.0426 0.0508 0.1453 0.0448 
354      354   (0)      6 :  0.5504 0.0072 0.0396 0.0096 0.0134 0.3561 0.0236 
355      355   (0)      6 :  0.7566 0.0082 0.0634 0.0184 0.0198 0.1176 0.0160 
356      356   (0)      6 :  0.0070 0.0028 0.0302 0.9252 0.0158 0.0122 0.0068 
357      357   (0)      6 :  0.0142 0.0128 0.0040 0.0076 0.0136 0.7592 0.1886 
358      358   (0)      6 :  0.0038 0.0020 0.0020 0.0072 0.0038 0.6042 0.3770 
359      359   (5)      6 :  0.0068 0.0036 0.0076 0.0106 0.0066 0.9468 0.0180 
360      360   (0)      6 :  0.0654 0.0024 0.0106 0.5356 0.0066 0.3636 0.0158 
361      361   (5)      6 :  0.5674 0.2601 0.0114 0.0070 0.0040 0.0896 0.0606 
362      362   (0)      6 :  0.0126 0.0024 0.0414 0.2348 0.0096 0.6692 0.0300 
363      363   (0)      6 :  0.3653 0.0062 0.0082 0.4810 0.0518 0.0735 0.0140 
364      364   (0)      6 :  0.0332 0.0040 0.0198 0.0100 0.0036 0.3841 0.5453 
365      365   (0)      6 :  0.1132 0.0040 0.0130 0.0250 0.0086 0.8292 0.0070 
366      366   (0)      6 :  0.0058 0.0020 0.0028 0.9566 0.0040 0.0230 0.0058 
367      367   (0)      6 :  0.0038 0.0020 0.0092 0.9176 0.0076 0.0388 0.0210 
368      368   (0)      6 :  0.0146 0.0050 0.0106 0.0086 0.0202 0.9348 0.0062 
369      369   (0)      6 :  0.0044 0.0010 0.0020 0.0034 0.0020 0.9822 0.0050 
370      370   (0)      6 :  0.0422 0.0030 0.0054 0.6862 0.0032 0.2528 0.0072 
371      371   (0)      6 :  0.0134 0.0022 0.0024 0.5606 0.0028 0.4124 0.0062 
372      372   (0)      6 :  0.5460 0.0058 0.0126 0.1949 0.0858 0.1445 0.0104 
373      373   (0)      6 :  0.0050 0.0020 0.0042 0.8406 0.0038 0.1314 0.0130 
374      374   (0)      6 :  0.0076 0.0034 0.0038 0.0056 0.0022 0.6028 0.3746 
375      375   (5)      6 :  0.0136 0.0020 0.0026 0.0088 0.0040 0.5770 0.3920 
376      376   (0)      6 :  0.0120 0.0054 0.0036 0.0130 0.0092 0.9506 0.0062 
377      377   (0)      6 :  0.0252 0.0030 0.0312 0.0072 0.0062 0.9122 0.0150 
378      378   (0)      6 :  0.0034 0.0030 0.0030 0.0152 0.0030 0.6736 0.2988 
379      379  (10)      6 :  0.0072 0.0020 0.0028 0.0162 0.0058 0.9506 0.0154 
380      380   (0)      6 :  0.0034 0.0020 0.0018 0.0044 0.0026 0.7342 0.2516 
381      381   (0)      6 :  0.0154 0.0022 0.0020 0.7890 0.0030 0.1830 0.0054 
382      382   (0)      6 :  0.0144 0.0026 0.0020 0.0106 0.0038 0.5715 0.3951 
383      383  (10)      6 :  0.0186 0.0030 0.0112 0.0742 0.0074 0.8651 0.0206 
384      384   (5)      6 :  0.0332 0.0020 0.0060 0.0034 0.0028 0.5724 0.3802 
385      385   (0)      6 :  0.0048 0.0020 0.0040 0.0082 0.0040 0.5770 0.4000 
386      386   (5)      6 :  0.0042 0.0022 0.0026 0.1624 0.0030 0.7712 0.0544 
387      387   (5)      6 :  0.0030 0.0012 0.0022 0.9380 0.0032 0.0362 0.0162 
388      388  (10)      6 :  0.0284 0.0048 0.0114 0.2582 0.0046 0.3463 0.3463 
389      389   (0)      6 :  0.0036 0.0020 0.0022 0.0070 0.0048 0.7928 0.1876 
390      390   (5)      6 :  0.0048 0.0058 0.0174 0.0306 0.0044 0.5394 0.3976 
391      391  (10)      6 :  0.0084 0.0020 0.0028 0.9522 0.0054 0.0236 0.0056 
392      392   (0)      6 :  0.0026 0.0040 0.0092 0.0030 0.0026 0.5752 0.4034 
393      393   (0)      6 :  0.0286 0.0260 0.0112 0.0282 0.0178 0.8146 0.0736 
394      394   (0)      6 :  0.0094 0.0020 0.0368 0.1024 0.0086 0.1628 0.6779 
395      395   (0)      6 :  0.0102 0.0034 0.0276 0.0338 0.0070 0.2132 0.7048 
396      396   (0)      6 :  0.0036 0.0022 0.0068 0.2992 0.0076 0.4486 0.2320 
397      397   (0)      6 :  0.0044 0.0058 0.0030 0.5303 0.0024 0.3853 0.0688 
398      398   (0)      6 :  0.0066 0.0020 0.0072 0.5033 0.0158 0.4265 0.0386 
399      399   (0)      6 :  0.0020 0.0014 0.0020 0.9856 0.0030 0.0034 0.0026 
400      400   (0)      6 :  0.0030 0.0010 0.0018 0.9822 0.0038 0.0046 0.0036 
401      401   (5)      6 :  0.0810 0.0064 0.0212 0.1048 0.0044 0.6441 0.1381 
402      402   (0)      6 :  0.0030 0.0010 0.0020 0.9820 0.0028 0.0056 0.0036 
403      403   (0)      6 :  0.0040 0.0066 0.0158 0.8546 0.0380 0.0416 0.0394 
404      404   (0)      6 :  0.0030 0.0020 0.0034 0.0154 0.0020 0.9704 0.0038 
405      405   (5)      6 :  0.0178 0.0066 0.0080 0.0140 0.0186 0.6650 0.2701 
406      406   (0)      6 :  0.0044 0.0020 0.0030 0.0106 0.0046 0.5910 0.3844 
407      407   (0)      6 :  0.0806 0.0132 0.0688 0.0360 0.0226 0.5704 0.2085 
408      408   (0)      6 :  0.0020 0.0020 0.0038 0.9826 0.0028 0.0038 0.0030 
409      409   (0)      6 :  0.2184 0.0020 0.0090 0.5869 0.0124 0.0710 0.1002 
410      410   (0)      6 :  0.0054 0.0026 0.0048 0.4109 0.0032 0.5679 0.0052 
411      411   (0)      6 :  0.0040 0.0038 0.0100 0.2682 0.0372 0.6603 0.0166 
412      412   (0)      6 :  0.0074 0.0058 0.0044 0.0042 0.0036 0.9550 0.0196 
413      413   (0)      6 :  0.0030 0.0022 0.0024 0.0953 0.0030 0.8807 0.0134 
414      414   (0)      6 :  0.0038 0.0020 0.0046 0.9744 0.0050 0.0056 0.0046 
415      415   (0)      6 :  0.0362 0.0212 0.0168 0.0354 0.0054 0.8469 0.0382 
416      416   (0)      6 :  0.0294 0.0020 0.0040 0.5071 0.0372 0.4126 0.0078 
417      417   (0)      6 :  0.0030 0.0010 0.0018 0.9668 0.0038 0.0162 0.0074 
418      418   (0)      6 :  0.0092 0.0022 0.0028 0.1404 0.0026 0.8362 0.0066 
419      419   (0)      6 :  0.0030 0.0020 0.0024 0.9796 0.0020 0.0078 0.0032 
420      420   (0)      6 :  0.0034 0.0010 0.0020 0.0054 0.0022 0.5856 0.4004 
421      421   (0)      6 :  0.0030 0.0018 0.0020 0.9654 0.0032 0.0176 0.0070 
422      422   (0)      6 :  0.0040 0.0020 0.0052 0.0242 0.0038 0.5614 0.3994 
423      423   (0)      6 :  0.0038 0.0038 0.0038 0.0054 0.0032 0.5960 0.3840 
424      424   (0)      6 :  0.0032 0.0028 0.0026 0.2312 0.0030 0.7532 0.0040 
425      425   (0)      6 :  0.0022 0.0020 0.0020 0.1908 0.0020 0.7968 0.0042 
426      426  (10)      6 :  0.0222 0.0040 0.0040 0.7305 0.0060 0.1808 0.0526 
427      427   (5)      6 :  0.0500 0.0020 0.2602 0.1480 0.0144 0.5163 0.0092 
428      428  (10)      6 :  0.0046 0.0020 0.0030 0.0114 0.0040 0.5760 0.3990 
429      429   (5)      6 :  0.0080 0.1004 0.0252 0.0062 0.0122 0.8430 0.0050 
430      430  (10)      6 :  0.0050 0.0020 0.0048 0.9222 0.0092 0.0496 0.0072 
431      431  (10)      6 :  0.0044 0.0032 0.0064 0.0098 0.0552 0.5692 0.3518 
432      432   (0)      6 :  0.0030 0.0028 0.0042 0.9806 0.0032 0.0030 0.0032 
433      433   (5)      6 :  0.0046 0.0060 0.0084 0.0278 0.0076 0.7308 0.2148 
434      434   (5)      6 :  0.0146 0.0104 0.0180 0.0176 0.0054 0.5486 0.3854 
435      435  (10)      6 :  0.0030 0.0030 0.0050 0.0142 0.0100 0.6577 0.3071 
436      436   (0)      6 :  0.0034 0.0020 0.0028 0.9770 0.0048 0.0064 0.0036 
437      437   (0)      6 :  0.0032 0.0030 0.0022 0.2116 0.0030 0.7742 0.0028 
438      438   (0)      6 :  0.0022 0.0020 0.0022 0.1770 0.0026 0.8112 0.0028 
439      439   (0)      6 :  0.0034 0.0024 0.0020 0.4265 0.0020 0.5607 0.0030 
440      440   (0)      6 :  0.0050 0.0062 0.0028 0.0076 0.0342 0.5606 0.3836 
441      441   (0)      6 :  0.3823 0.0412 0.0326 0.0126 0.0044 0.4578 0.0690 
442      442   (0)      6 :  0.0038 0.0198 0.0028 0.0090 0.0044 0.5784 0.3818 
443      443   (0)      6 :  0.0086 0.0020 0.0042 0.0754 0.0022 0.5818 0.3258 
444      444   (0)      6 :  0.0040 0.0020 0.0056 0.0230 0.0026 0.5684 0.3944 
445      445   (5)      6 :  0.8240 0.0070 0.0100 0.0122 0.0048 0.0762 0.0658 
446      446   (0)      6 :  0.8468 0.0104 0.0480 0.0046 0.0156 0.0514 0.0232 
447      447   (0)      6 :  0.0640 0.0020 0.0088 0.0078 0.0064 0.9028 0.0082 
448      448  (10)      6 :  0.4760 0.0054 0.0036 0.0098 0.0068 0.4634 0.0350 
449      449   (5)      6 :  0.0132 0.0030 0.0038 0.0100 0.0108 0.9530 0.0062 
450      450   (0)      6 :  0.0076 0.0012 0.0028 0.0166 0.0028 0.7238 0.2452 
451      451   (5)      6 :  0.9576 0.0040 0.0056 0.0062 0.0070 0.0152 0.0044 
452      452   (5)      6 :  0.0066 0.0026 0.0068 0.0606 0.0114 0.5135 0.3984 
453      453   (0)      6 :  0.0040 0.0020 0.0044 0.0186 0.0090 0.5494 0.4126 
454      454   (0)      6 :  0.0054 0.0230 0.0042 0.2295 0.0052 0.4920 0.2408 
455      455   (0)      6 :  0.0078 0.0034 0.0092 0.0140 0.0044 0.9268 0.0344 
456      456   (0)      6 :  0.6334 0.0036 0.0088 0.0286 0.0032 0.2413 0.0810 
457      457   (0)      6 :  0.1361 0.0020 0.0028 0.7083 0.0098 0.1328 0.0082 
458      458   (0)      6 :  0.0074 0.0042 0.0032 0.0088 0.0070 0.5770 0.3924 
459      459   (0)      6 :  0.0028 0.0020 0.0030 0.0084 0.0030 0.5914 0.3894 
460      460   (0)      6 :  0.0094 0.0018 0.0188 0.9162 0.0074 0.0210 0.0254 
461      461   (0)      6 :  0.0048 0.0020 0.0030 0.0234 0.0026 0.5988 0.3655 
462      462   (0)      6 :  0.0042 0.0020 0.0038 0.0572 0.0036 0.5990 0.3302 
463      463   (0)      6 :  0.0030 0.0040 0.0032 0.9768 0.0038 0.0058 0.0034 
464      464   (0)      6 :  0.0026 0.0020 0.0132 0.3128 0.0042 0.6580 0.0072 
465      465   (0)      6 :  0.0092 0.0024 0.0116 0.3221 0.0024 0.6465 0.0058 
466      466   (0)      6 :  0.0044 0.0020 0.0052 0.4493 0.0022 0.5333 0.0036 
467      467   (0)      6 :  0.0020 0.0020 0.0020 0.9828 0.0046 0.0038 0.0028 
468      468   (0)      6 :  0.0030 0.0030 0.0050 0.9738 0.0042 0.0056 0.0054 
469      469   (0)      6 :  0.0020 0.0020 0.0020 0.9828 0.0046 0.0038 0.0028 
470      470   (0)      6 :  0.0030 0.0020 0.0028 0.9708 0.0028 0.0122 0.0064 
471      471   (0)      6 :  0.0020 0.0020 0.0024 0.9840 0.0020 0.0042 0.0034 
472      472   (0)      6 :  0.0020 0.0012 0.0028 0.9842 0.0026 0.0040 0.0032 
473      473   (0)      6 :  0.0026 0.0016 0.0028 0.9690 0.0024 0.0150 0.0066 
474      474   (0)      6 :  0.0468 0.0020 0.0028 0.0370 0.0350 0.7833 0.0930 
475      475   (0)      6 :  0.0318 0.0020 0.0020 0.9466 0.0048 0.0086 0.0042 
476      476   (0)      6 :  0.0030 0.0030 0.0022 0.0128 0.0120 0.5672 0.3998 
477      477   (0)      6 :  0.0076 0.0110 0.0038 0.0052 0.0040 0.5832 0.3852 
478      478   (0)      6 :  0.0030 0.0020 0.0028 0.9574 0.0032 0.0218 0.0098 
479      479   (0)      6 :  0.0084 0.0048 0.0070 0.9698 0.0038 0.0038 0.0024 
480      480   (0)      6 :  0.0042 0.0016 0.0020 0.2174 0.0042 0.7678 0.0028 
481      481   (0)      6 :  0.0052 0.0020 0.0054 0.9760 0.0032 0.0058 0.0024 
482      482   (0)      6 :  0.0102 0.0020 0.0038 0.9628 0.0032 0.0122 0.0058 
483      483   (0)      6 :  0.1318 0.0044 0.0102 0.4327 0.0074 0.3629 0.0506 
484      484   (0)      6 :  0.0202 0.0076 0.0052 0.0326 0.0124 0.6456 0.2765 
485      485   (0)      6 :  0.0054 0.0020 0.0032 0.0096 0.0026 0.5932 0.3840 
486      486   (0)      6 :  0.0052 0.0038 0.0046 0.0160 0.0080 0.5794 0.3830 
487      487   (0)      6 :  0.0020 0.0018 0.0018 0.9874 0.0024 0.0024 0.0022 
488      488   (0)      6 :  0.0074 0.0062 0.0050 0.0046 0.0886 0.8788 0.0094 
489      489   (0)      6 :  0.0034 0.0024 0.0022 0.3238 0.0020 0.6626 0.0036 
490      490   (0)      6 :  0.0040 0.0020 0.0020 0.0124 0.0026 0.5796 0.3974 
491      491   (0)      6 :  0.1109 0.0034 0.0062 0.0240 0.0068 0.5193 0.3294 
492      492   (0)      6 :  0.0064 0.0036 0.0066 0.1333 0.0028 0.7744 0.0729 
493      493   (0)      6 :  0.0064 0.0020 0.0038 0.0390 0.0054 0.5952 0.3482 
494      494   (0)      6 :  0.0466 0.0020 0.0044 0.0092 0.0042 0.6548 0.2789 
495      495   (0)      6 :  0.0030 0.0020 0.0026 0.9806 0.0020 0.0064 0.0034 
496      496   (5)      7 :  0.3437 0.0208 0.0334 0.0396 0.0040 0.4683 0.0902 
497      497   (0)      7 :  0.8808 0.0030 0.0106 0.0084 0.0046 0.0752 0.0174 
498      498   (0)      7 :  0.8489 0.0046 0.0032 0.0110 0.0136 0.1079 0.0108 
499      499   (0)      7 :  0.9572 0.0020 0.0028 0.0048 0.0054 0.0192 0.0086 
500      500   (0)      7 :  0.2448 0.0030 0.0044 0.0108 0.0112 0.5519 0.1739 
501      501   (0)      7 :  0.4562 0.0795 0.0094 0.0038 0.0052 0.2190 0.2269 
502      502   (0)      7 :  0.4816 0.0044 0.0138 0.0208 0.0098 0.0664 0.4032 
503      503   (0)      7 :  0.0991 0.0258 0.0498 0.0142 0.0831 0.6640 0.0640 
504      504   (0)      7 :  0.8970 0.0020 0.0090 0.0408 0.0196 0.0106 0.0210 
505      505   (0)      7 :  0.0026 0.0020 0.0020 0.3214 0.0020 0.6626 0.0074 
506      506   (0)      7 :  0.3683 0.0050 0.0036 0.0264 0.0056 0.1385 0.4526 
507      507   (0)      7 :  0.4225 0.0040 0.0086 0.0638 0.0198 0.4379 0.0434 
508      508   (0)      7 :  0.0120 0.0034 0.0050 0.0334 0.0132 0.8813 0.0516 
509      509   (0)      7 :  0.9102 0.0020 0.0042 0.0238 0.0052 0.0368 0.0178 
510      510   (0)      7 :  0.7633 0.0030 0.0046 0.0270 0.0704 0.0524 0.0794 
511      511   (0)      7 :  0.0030 0.0014 0.0028 0.3396 0.0038 0.5359 0.1135 
512      512   (0)      7 :  0.5737 0.0020 0.0056 0.0908 0.0034 0.2011 0.1234 
513      513   (0)      7 :  0.5347 0.0096 0.0046 0.0444 0.0034 0.3666 0.0368 
514      514   (0)      7 :  0.0084 0.0020 0.0048 0.0108 0.0022 0.5852 0.3866 
515      515   (0)      7 :  0.0653 0.0082 0.1180 0.0246 0.0056 0.7685 0.0098 
516      516   (0)      7 :  0.0178 0.0098 0.0106 0.2221 0.0858 0.6272 0.0268 
517      517   (0)      7 :  0.0989 0.0046 0.1899 0.0814 0.0034 0.4693 0.1525 
518      518   (0)      7 :  0.8742 0.0030 0.0098 0.0126 0.0140 0.0676 0.0188 
519      519   (0)      7 :  0.8790 0.0036 0.0086 0.0146 0.0244 0.0584 0.0114 
520      520   (0)      7 :  0.0118 0.0406 0.0046 0.0162 0.0022 0.7134 0.2112 
521      521   (0)      7 :  0.4102 0.0040 0.0440 0.2389 0.0088 0.2251 0.0690 
522      522   (0)      7 :  0.6610 0.0030 0.0282 0.1020 0.0162 0.1568 0.0328 
523      523   (0)      7 :  0.9740 0.0030 0.0058 0.0030 0.0042 0.0068 0.0032 
524      524   (0)      7 :  0.6981 0.0040 0.0028 0.0216 0.0122 0.2379 0.0234 
525      525   (0)      7 :  0.6045 0.0050 0.0082 0.1063 0.0022 0.1718 0.1020 
526      526   (0)      7 :  0.0154 0.0276 0.0032 0.0048 0.0114 0.5552 0.3824 
527      527  (10)      7 :  0.0048 0.0032 0.0060 0.0452 0.0050 0.8369 0.0988 
528      528   (5)      7 :  0.5049 0.0034 0.0032 0.2047 0.0172 0.2005 0.0660 
529      529   (0)      7 :  0.6574 0.0050 0.3072 0.0040 0.0192 0.0040 0.0032 
530      530   (0)      7 :  0.9666 0.0030 0.0036 0.0044 0.0022 0.0132 0.0070 
531      531   (0)      7 :  0.9382 0.0050 0.0052 0.0040 0.0114 0.0220 0.0142 
532      532   (0)      7 :  0.9438 0.0040 0.0052 0.0092 0.0048 0.0232 0.0098 
533      533   (0)      7 :  0.9482 0.0068 0.0136 0.0040 0.0056 0.0132 0.0086 
534      534   (0)      7 :  0.9612 0.0020 0.0048 0.0050 0.0022 0.0186 0.0062 
535      535   (0)      7 :  0.9276 0.0060 0.0038 0.0054 0.0054 0.0428 0.0090 
536      536   (0)      7 :  0.9396 0.0046 0.0060 0.0030 0.0028 0.0350 0.0090 
537      537   (0)      7 :  0.9696 0.0020 0.0040 0.0068 0.0032 0.0060 0.0084 
538      538   (5)      7 :  0.6489 0.0056 0.0568 0.0850 0.0058 0.1644 0.0334 
539      539   (0)      7 :  0.9167 0.0040 0.0316 0.0020 0.0308 0.0048 0.0100 
540      540   (0)      7 :  0.7276 0.0020 0.0134 0.0230 0.0048 0.0843 0.1449 
541      541   (0)      7 :  0.6612 0.0042 0.1198 0.0202 0.0224 0.1598 0.0124 
542      542   (0)      7 :  0.5936 0.0132 0.0166 0.0626 0.0074 0.1699 0.1368 
543      543   (0)      7 :  0.9496 0.0020 0.0206 0.0030 0.0028 0.0150 0.0070 
544      544   (5)      7 :  0.0076 0.0020 0.7401 0.0736 0.0756 0.0610 0.0400 
545      545   (0)      7 :  0.9152 0.0068 0.0190 0.0090 0.0066 0.0262 0.0172 
546      546   (0)      7 :  0.9692 0.0020 0.0038 0.0068 0.0108 0.0032 0.0042 
547      547   (0)      7 :  0.9778 0.0020 0.0058 0.0020 0.0022 0.0026 0.0076 
548      548   (0)      7 :  0.9576 0.0030 0.0108 0.0098 0.0060 0.0066 0.0062 
549      549   (0)      7 :  0.0162 0.0020 0.0046 0.0186 0.0122 0.9006 0.0458 
550      550   (0)      7 :  0.3825 0.0024 0.0064 0.0182 0.0166 0.1771 0.3968 
551      551   (5)      7 :  0.8015 0.0030 0.0064 0.0338 0.0088 0.0944 0.0520 
552      552   (5)      7 :  0.9368 0.0030 0.0392 0.0070 0.0028 0.0054 0.0058 
553      553   (0)      7 :  0.9558 0.0026 0.0030 0.0124 0.0030 0.0144 0.0088 
554      554   (0)      7 :  0.9410 0.0020 0.0204 0.0046 0.0056 0.0070 0.0194 
555      555   (0)      7 :  0.8976 0.0148 0.0234 0.0380 0.0052 0.0092 0.0118 
556      556   (0)      7 :  0.9388 0.0020 0.0038 0.0074 0.0032 0.0304 0.0144 
557      557   (0)      7 :  0.4165 0.0060 0.0164 0.4211 0.0068 0.1194 0.0138 
558      558   (0)      7 :  0.9344 0.0100 0.0088 0.0068 0.0076 0.0172 0.0152 
559      559   (0)      7 :  0.7229 0.0040 0.0080 0.0816 0.0032 0.1537 0.0266 
560      560   (0)      7 :  0.6157 0.0020 0.0432 0.0737 0.0076 0.2204 0.0374 
561      561   (0)      7 :  0.6876 0.0024 0.0558 0.1082 0.0122 0.0288 0.1050 
562      562   (0)      7 :  0.9006 0.0020 0.0050 0.0204 0.0042 0.0374 0.0304 
563      563   (0)      7 :  0.2995 0.0062 0.1367 0.0226 0.0064 0.4296 0.0990 
564      564   (0)      8 :  0.8968 0.0028 0.0020 0.0600 0.0050 0.0280 0.0054 
565      565   (0)      8 :  0.9452 0.0030 0.0028 0.0232 0.0050 0.0110 0.0098 
566      566   (0)      8 :  0.6898 0.0050 0.0030 0.0082 0.0042 0.0914 0.1984 
567      567   (0)      8 :  0.9468 0.0040 0.0032 0.0086 0.0072 0.0080 0.0222 
568      568   (0)      8 :  0.9626 0.0024 0.0048 0.0134 0.0034 0.0074 0.0060 
569      569   (0)      8 :  0.9772 0.0010 0.0034 0.0040 0.0022 0.0052 0.0070 
570      570   (0)      8 :  0.9554 0.0020 0.0028 0.0138 0.0050 0.0158 0.0052 
571      571   (0)      8 :  0.8940 0.0134 0.0516 0.0074 0.0032 0.0120 0.0184 
572      572   (0)      8 :  0.9178 0.0162 0.0180 0.0088 0.0132 0.0154 0.0106 
573      573   (0)      8 :  0.8760 0.0040 0.0112 0.0601 0.0120 0.0228 0.0140 
574      574   (0)      8 :  0.9768 0.0020 0.0030 0.0044 0.0030 0.0082 0.0026 
575      575   (0)      8 :  0.9728 0.0040 0.0044 0.0050 0.0048 0.0036 0.0054 
576      576   (0)      8 :  0.8244 0.0032 0.0036 0.0042 0.0020 0.0332 0.1294 
577      577   (0)      8 :  0.9295 0.0020 0.0038 0.0078 0.0106 0.0378 0.0084 
578      578   (0)      8 :  0.9784 0.0040 0.0028 0.0040 0.0022 0.0038 0.0048 
579      579   (0)      8 :  0.9732 0.0020 0.0030 0.0070 0.0030 0.0076 0.0042 
580      580   (0)      8 :  0.9804 0.0020 0.0048 0.0030 0.0040 0.0034 0.0024 
581      581   (0)      8 :  0.9236 0.0046 0.0104 0.0072 0.0048 0.0292 0.0202 
582      582   (0)      8 :  0.9750 0.0020 0.0030 0.0040 0.0020 0.0056 0.0084 
583      583   (0)      8 :  0.9794 0.0020 0.0038 0.0030 0.0040 0.0038 0.0040 
584      584   (0)      8 :  0.9040 0.0040 0.0220 0.0436 0.0104 0.0084 0.0076 
585      585   (0)      8 :  0.9646 0.0030 0.0096 0.0034 0.0124 0.0032 0.0038 
586      586   (0)      8 :  0.9700 0.0020 0.0034 0.0040 0.0130 0.0040 0.0036 
587      587   (0)      8 :  0.9554 0.0020 0.0062 0.0040 0.0230 0.0048 0.0046 
588      588   (0)      8 :  0.9770 0.0020 0.0054 0.0030 0.0038 0.0038 0.0050 
589      589   (0)      8 :  0.9664 0.0050 0.0042 0.0064 0.0022 0.0048 0.0110 
590      590   (0)      8 :  0.9480 0.0030 0.0060 0.0046 0.0022 0.0242 0.0120 
591      591   (0)      8 :  0.9574 0.0050 0.0034 0.0084 0.0036 0.0054 0.0168 
592      592   (0)      8 :  0.9428 0.0378 0.0038 0.0020 0.0032 0.0020 0.0084 
593      593   (0)      8 :  0.9644 0.0038 0.0076 0.0060 0.0112 0.0044 0.0026 
594      594   (0)      8 :  0.9624 0.0040 0.0036 0.0052 0.0076 0.0090 0.0082 
595      595   (0)      9 :  0.9744 0.0030 0.0040 0.0040 0.0040 0.0048 0.0058 
596      596   (0)      9 :  0.9636 0.0058 0.0094 0.0106 0.0036 0.0050 0.0020 
597      597   (0)      9 :  0.9656 0.0034 0.0074 0.0066 0.0072 0.0064 0.0034 
598      598   (0)      9 :  0.9400 0.0020 0.0176 0.0122 0.0102 0.0114 0.0066 
599      599   (0)      9 :  0.9828 0.0020 0.0028 0.0030 0.0030 0.0026 0.0038 
600      600   (0)      9 :  0.9516 0.0108 0.0090 0.0058 0.0040 0.0054 0.0134 
601      601   (0)      9 :  0.9702 0.0108 0.0060 0.0052 0.0020 0.0034 0.0024 
602      602   (0)      9 :  0.9660 0.0166 0.0036 0.0038 0.0026 0.0042 0.0032 
603      603   (0)      9 :  0.9578 0.0128 0.0100 0.0050 0.0034 0.0052 0.0058 
604      604   (0)      9 :  0.8906 0.0060 0.0168 0.0020 0.0738 0.0038 0.0070 
605      605   (0)      9 :  0.9850 0.0020 0.0032 0.0020 0.0020 0.0038 0.0020 
606      606   (0)      9 :  0.9666 0.0020 0.0166 0.0040 0.0048 0.0034 0.0026 
607      607   (0)      9 :  0.9696 0.0020 0.0060 0.0060 0.0024 0.0080 0.0060 
608      608   (0)      9 :  0.9770 0.0030 0.0034 0.0040 0.0030 0.0036 0.0060 
609      609   (0)      9 :  0.8169 0.0060 0.0054 0.0084 0.0034 0.0588 0.1011 
610      610  (10)      9 :  0.9780 0.0030 0.0038 0.0032 0.0030 0.0052 0.0038 
611      611   (0)      9 :  0.9502 0.0040 0.0218 0.0088 0.0064 0.0058 0.0030 
612      612   (0)      9 :  0.8552 0.0338 0.0192 0.0196 0.0142 0.0424 0.0156 
613      613   (0)      9 :  0.9570 0.0020 0.0054 0.0062 0.0056 0.0082 0.0156 
614      614   (0)      9 :  0.9005 0.0040 0.0775 0.0072 0.0052 0.0032 0.0024 
615      615   (5)      9 :  0.9778 0.0038 0.0042 0.0058 0.0030 0.0028 0.0026 
616      616   (0)      9 :  0.9710 0.0030 0.0040 0.0052 0.0062 0.0078 0.0028 
617      617   (0)      9 :  0.9796 0.0020 0.0054 0.0046 0.0020 0.0030 0.0034 
618      618   (0)      9 :  0.9234 0.0290 0.0228 0.0082 0.0080 0.0058 0.0028 
619      619   (0)      9 :  0.9796 0.0074 0.0030 0.0020 0.0020 0.0032 0.0028 
620      620   (0)      9 :  0.9778 0.0020 0.0028 0.0046 0.0046 0.0048 0.0034 
621      621   (0)      9 :  0.9656 0.0030 0.0150 0.0038 0.0032 0.0030 0.0064 
622      622   (5)      9 :  0.9772 0.0020 0.0058 0.0026 0.0022 0.0034 0.0068 
623      623   (0)      9 :  0.9584 0.0050 0.0050 0.0112 0.0034 0.0068 0.0102 
624      624   (0)      9 :  0.9708 0.0030 0.0036 0.0070 0.0030 0.0058 0.0068 
625      625   (0)      9 :  0.9778 0.0030 0.0054 0.0040 0.0026 0.0042 0.0030 
626      626   (0)      9 :  0.9350 0.0084 0.0078 0.0196 0.0168 0.0076 0.0048 
627      627   (0)      9 :  0.9632 0.0030 0.0068 0.0030 0.0060 0.0072 0.0108 
628      628   (0)      9 :  0.9292 0.0020 0.0112 0.0072 0.0192 0.0158 0.0154 
629      629   (0)      9 :  0.9676 0.0020 0.0046 0.0030 0.0040 0.0102 0.0086 
630      630   (0)      9 :  0.9748 0.0020 0.0030 0.0048 0.0040 0.0074 0.0040 
631      631   (0)      9 :  0.9760 0.0020 0.0072 0.0030 0.0022 0.0046 0.0050 
632      632   (5)      9 :  0.9744 0.0030 0.0030 0.0044 0.0068 0.0044 0.0040 
633      633   (0)      9 :  0.9606 0.0030 0.0156 0.0076 0.0038 0.0058 0.0036 
634      634   (0)      9 :  0.9496 0.0046 0.0128 0.0030 0.0040 0.0136 0.0124 
635      635   (0)      9 :  0.9756 0.0020 0.0046 0.0054 0.0032 0.0044 0.0048 
636      636   (5)      9 :  0.9396 0.0392 0.0036 0.0040 0.0034 0.0048 0.0054 
637      637   (5)      9 :  0.9492 0.0020 0.0298 0.0020 0.0060 0.0068 0.0042 
638      638  (10)      9 :  0.9752 0.0040 0.0056 0.0048 0.0036 0.0042 0.0026 
639      639   (5)      9 :  0.9674 0.0030 0.0178 0.0030 0.0028 0.0030 0.0030 
640      640   (5)      9 :  0.9846 0.0020 0.0028 0.0030 0.0022 0.0030 0.0024 
641      641   (5)      9 :  0.9780 0.0030 0.0038 0.0030 0.0042 0.0048 0.0032 
642      642   (5)      9 :  0.8726 0.0042 0.0846 0.0158 0.0030 0.0136 0.0062 
643      643   (5)      9 :  0.9780 0.0030 0.0046 0.0030 0.0048 0.0042 0.0024 
644      644  (10)      9 :  0.8404 0.0030 0.0080 0.0424 0.0044 0.0378 0.0640 
645      645   (5)      9 :  0.8460 0.0084 0.0390 0.0618 0.0080 0.0268 0.0100 
646      646   (5)      9 :  0.9802 0.0026 0.0028 0.0020 0.0030 0.0044 0.0050 
647      647   (5)      9 :  0.8244 0.0042 0.0292 0.0786 0.0212 0.0304 0.0120 
648      648   (5)     10 :  0.0040 0.0038 0.0044 0.0058 0.9722 0.0056 0.0042 
649      649   (0)     10 :  0.0180 0.0070 0.0146 0.0226 0.9062 0.0194 0.0122 
650      650   (0)     10 :  0.0048 0.0022 0.0036 0.0032 0.9788 0.0042 0.0032 
651      651   (0)     10 :  0.0162 0.0118 0.0130 0.1583 0.7889 0.0090 0.0028 
652      652   (0)     10 :  0.0022 0.0030 0.0026 0.0068 0.9768 0.0046 0.0040 
653      653   (0)     10 :  0.0962 0.0036 0.0036 0.0106 0.8653 0.0150 0.0056 
654      654   (0)     10 :  0.0022 0.0016 0.0028 0.0038 0.9828 0.0028 0.0040 
655      655   (0)     10 :  0.0048 0.0066 0.0030 0.0036 0.9716 0.0074 0.0030 
656      656   (0)     10 :  0.0068 0.0084 0.0052 0.0034 0.9612 0.0028 0.0122 
657      657   (0)     10 :  0.0056 0.0048 0.0038 0.0056 0.9690 0.0054 0.0058 
658      658   (0)     10 :  0.0020 0.0012 0.0020 0.0022 0.9882 0.0022 0.0022 
659      659   (0)     10 :  0.0022 0.0020 0.0020 0.0034 0.9838 0.0036 0.0030 
660      660   (0)     10 :  0.0050 0.0064 0.0104 0.0044 0.9607 0.0088 0.0042 
661      661   (5)     10 :  0.0020 0.0012 0.0020 0.0022 0.9880 0.0024 0.0022 
662      662   (0)     10 :  0.0034 0.0054 0.0028 0.0026 0.9424 0.0048 0.0386 
663      663   (0)     10 :  0.0022 0.0020 0.0020 0.0024 0.9868 0.0024 0.0022 
664      664   (0)     10 :  0.0038 0.0036 0.0144 0.0070 0.9520 0.0048 0.0144 
665      665   (0)     10 :  0.0034 0.0048 0.0020 0.0022 0.9802 0.0046 0.0028 
666      666   (0)     10 :  0.0156 0.0080 0.0036 0.0030 0.9620 0.0048 0.0030 
667      667   (0)     10 :  0.0024 0.0022 0.0022 0.0030 0.9854 0.0024 0.0024 
668      668   (0)     10 :  0.0030 0.0020 0.0024 0.0020 0.9862 0.0022 0.0022 
669      669   (0)     10 :  0.0048 0.0038 0.0046 0.0030 0.9770 0.0042 0.0026 
670      670   (0)     10 :  0.0032 0.0020 0.0020 0.0022 0.9860 0.0030 0.0016 
671      671   (0)     10 :  0.0016 0.0010 0.0018 0.0020 0.9898 0.0018 0.0020 
672      672   (0)     10 :  0.0012 0.0012 0.0010 0.0024 0.9906 0.0020 0.0016 
673      673   (0)     10 :  0.0030 0.0020 0.0028 0.0022 0.9838 0.0034 0.0028 
674      674   (0)     10 :  0.0022 0.0028 0.0020 0.0046 0.9838 0.0022 0.0024 
675      675   (0)     10 :  0.0020 0.0020 0.0020 0.0022 0.9868 0.0024 0.0026 
676      676   (5)     11 :  0.0036 0.0024 0.9842 0.0020 0.0036 0.0020 0.0022 
677      677   (0)     11 :  0.0034 0.0020 0.9822 0.0018 0.0026 0.0020 0.0060 
678      678   (0)     11 :  0.0076 0.0020 0.9708 0.0090 0.0040 0.0044 0.0022 
679      679   (0)     11 :  0.0044 0.0028 0.9844 0.0020 0.0018 0.0026 0.0020 
680      680   (5)     11 :  0.0048 0.0034 0.9788 0.0030 0.0042 0.0034 0.0024 
681      681   (0)     11 :  0.0020 0.0024 0.9876 0.0020 0.0020 0.0020 0.0020 
682      682   (0)     11 :  0.0028 0.0088 0.9772 0.0028 0.0026 0.0028 0.0030 
683      683   (0)     11 :  0.0030 0.0028 0.9840 0.0020 0.0024 0.0030 0.0028 
684      684   (0)     11 :  0.0020 0.0030 0.9860 0.0020 0.0030 0.0020 0.0020 
685      685   (0)     11 :  0.0020 0.0062 0.9830 0.0018 0.0030 0.0020 0.0020 
686      686   (0)     11 :  0.0042 0.0028 0.9844 0.0018 0.0020 0.0028 0.0020 
687      687   (0)     11 :  0.0040 0.0084 0.9790 0.0020 0.0022 0.0020 0.0024 
688      688   (5)     11 :  0.0058 0.0068 0.9740 0.0024 0.0020 0.0046 0.0044 
689      689   (0)     11 :  0.0020 0.0020 0.9870 0.0020 0.0030 0.0020 0.0020 
690      690   (0)     11 :  0.0022 0.0028 0.9870 0.0020 0.0020 0.0020 0.0020 
691      691   (0)     11 :  0.0020 0.0018 0.9886 0.0018 0.0020 0.0018 0.0020 
692      692   (0)     11 :  0.0080 0.0142 0.9628 0.0042 0.0022 0.0040 0.0046 
693      693   (0)     11 :  0.0022 0.0020 0.9858 0.0020 0.0046 0.0018 0.0016 
694      694   (0)     11 :  0.0032 0.0030 0.9774 0.0034 0.0056 0.0042 0.0032 
695      695   (0)     11 :  0.0494 0.0458 0.8838 0.0096 0.0046 0.0036 0.0032 
696      696   (0)     11 :  0.0020 0.0024 0.9872 0.0020 0.0020 0.0024 0.0020 
697      697   (0)     11 :  0.0038 0.0018 0.9844 0.0020 0.0022 0.0030 0.0028 
698      698   (0)     11 :  0.0216 0.0044 0.9510 0.0062 0.0080 0.0046 0.0042 
699      699   (0)     11 :  0.0108 0.1065 0.8677 0.0032 0.0066 0.0030 0.0022 
700      700   (0)     11 :  0.0028 0.0020 0.9868 0.0018 0.0022 0.0024 0.0020 
701      701   (0)     11 :  0.0058 0.0024 0.9702 0.0050 0.0108 0.0032 0.0026 
702      702   (0)     11 :  0.0024 0.0028 0.9858 0.0020 0.0028 0.0020 0.0022 
703      703   (0)     12 :  0.0438 0.0022 0.7692 0.0058 0.1472 0.0038 0.0280 
704      704   (0)     12 :  0.0688 0.0026 0.7144 0.0058 0.1826 0.0096 0.0162 
705      705   (0)     12 :  0.0932 0.0046 0.7520 0.0166 0.1014 0.0206 0.0116 
706      706   (0)     12 :  0.2088 0.0042 0.6589 0.0080 0.0937 0.0190 0.0074 
707      707   (0)     12 :  0.2879 0.0170 0.4848 0.0086 0.1004 0.0504 0.0510 
708      708   (0)     12 :  0.1564 0.0054 0.6916 0.0082 0.0772 0.0242 0.0370 
709      709   (0)     12 :  0.2240 0.0122 0.5559 0.0032 0.1052 0.0658 0.0338 
710      710   (0)     12 :  0.1130 0.0020 0.6911 0.0136 0.1612 0.0072 0.0120 
711      711   (0)     12 :  0.1317 0.0022 0.6965 0.0058 0.1393 0.0070 0.0174 
712      712   (0)     12 :  0.1194 0.0020 0.6312 0.0466 0.1744 0.0140 0.0124 
713      713   (0)     12 :  0.0038 0.0018 0.7688 0.0076 0.1972 0.0060 0.0148 
714      714   (0)     12 :  0.0164 0.0028 0.7740 0.0070 0.1768 0.0160 0.0070 
715      715   (0)     12 :  0.0050 0.0026 0.7694 0.0080 0.1984 0.0060 0.0106 
716      716   (0)     12 :  0.0406 0.0022 0.7476 0.0194 0.1726 0.0076 0.0100 
717      717   (0)     12 :  0.0104 0.0030 0.7710 0.0060 0.1914 0.0074 0.0108 
718      718   (0)     12 :  0.0078 0.0020 0.7808 0.0070 0.1960 0.0030 0.0034 
719      719   (0)     12 :  0.1325 0.0498 0.7120 0.0256 0.0110 0.0154 0.0538 
720      720   (0)     12 :  0.0042 0.0106 0.7596 0.0118 0.1982 0.0052 0.0104 
721      721   (0)     12 :  0.0354 0.0058 0.6554 0.0222 0.1373 0.1225 0.0214 
722      722   (0)     12 :  0.0138 0.0022 0.7825 0.0306 0.1329 0.0258 0.0122 
723      723   (0)     12 :  0.0028 0.0020 0.7832 0.0028 0.2038 0.0022 0.0032 
724      724   (0)     12 :  0.0032 0.0066 0.7344 0.0362 0.2108 0.0042 0.0046 
725      725   (5)     12 :  0.0058 0.0020 0.7550 0.0108 0.2100 0.0074 0.0090 
726      726   (0)     12 :  0.0048 0.0034 0.8664 0.0042 0.1132 0.0050 0.0030 
727      727   (0)     12 :  0.0032 0.0040 0.8731 0.0030 0.1091 0.0038 0.0038 
728      728   (0)     12 :  0.0190 0.0040 0.7432 0.0186 0.1508 0.0456 0.0188 
729      729   (0)     12 :  0.0042 0.0020 0.7604 0.0062 0.2182 0.0050 0.0040 
730      730   (0)     12 :  0.0044 0.0052 0.7842 0.0062 0.1882 0.0056 0.0062 
731      731   (0)     12 :  0.0290 0.0030 0.5768 0.0100 0.3636 0.0062 0.0114 
732      732   (0)     12 :  0.0036 0.0018 0.7866 0.0048 0.1962 0.0030 0.0040 
733      733   (5)     12 :  0.0044 0.0020 0.7784 0.0080 0.1986 0.0034 0.0052 
734      734   (0)     12 :  0.0036 0.0020 0.8542 0.0042 0.1298 0.0032 0.0030 
735      735   (0)     12 :  0.1114 0.0066 0.5798 0.0208 0.2076 0.0304 0.0434 
736      736   (0)     12 :  0.0096 0.0022 0.7882 0.0082 0.1732 0.0058 0.0128 
737      737   (0)     12 :  0.0316 0.0064 0.6629 0.0042 0.2758 0.0112 0.0080 
738      738   (0)     12 :  0.4301 0.0064 0.4419 0.0354 0.0446 0.0236 0.0180 
739      739   (5)     12 :  0.1845 0.0096 0.5686 0.0276 0.1313 0.0316 0.0468 
740      740   (5)     12 :  0.0500 0.0096 0.7890 0.0058 0.1342 0.0058 0.0056 
741      741   (5)     12 :  0.0116 0.0036 0.7790 0.0062 0.1910 0.0046 0.0040 
742      742   (5)     12 :  0.0084 0.0068 0.7062 0.0094 0.2082 0.0104 0.0506 
