  1        1   (5)      1 :  0.9740 0.0260 
  2        2   (5)      1 :  0.9400 0.0600 
  3        3   (5)      1 :  0.9760 0.0240 
  4        4   (0)      1 :  0.9690 0.0310 
  5        5   (0)      1 :  0.9412 0.0588 
  6        6   (0)      1 :  0.9730 0.0270 
  7        7   (0)      1 :  0.9548 0.0452 
  8        8   (5)      1 :  0.9730 0.0270 
  9        9   (0)      1 :  0.9772 0.0228 
 10       10   (0)      1 :  0.9510 0.0490 
 11       11   (0)      1 :  0.9708 0.0292 
 12       12   (0)      1 :  0.9620 0.0380 
 13       13   (0)      1 :  0.9630 0.0370 
 14       14   (0)      1 :  0.9720 0.0280 
 15       15   (0)      1 :  0.9720 0.0280 
 16       16   (0)      1 :  0.9780 0.0220 
 17       17   (0)      1 :  0.9800 0.0200 
 18       18   (0)      1 :  0.9610 0.0390 
 19       19   (0)      1 :  0.8940 0.1060 
 20       20   (0)      1 :  0.9540 0.0460 
 21       21   (0)      1 :  0.9690 0.0310 
 22       22   (0)      1 :  0.9830 0.0170 
 23       23   (0)      1 :  0.9770 0.0230 
 24       24   (0)      1 :  0.9470 0.0530 
 25       25   (0)      1 :  0.9530 0.0470 
 26       26   (0)      1 :  0.9576 0.0424 
 27       27   (5)      1 :  0.9660 0.0340 
 28       28   (0)      1 :  0.9830 0.0170 
 29       29   (0)      1 :  0.9770 0.0230 
 30       30   (0)      1 :  0.9290 0.0710 
 31       31   (0)      1 :  0.9810 0.0190 
 32       32   (0)      1 :  0.9630 0.0370 
 33       33   (0)      1 :  0.9780 0.0220 
 34       34   (0)      1 :  0.9810 0.0190 
 35       35   (0)      1 :  0.9530 0.0470 
 36       36   (0)      1 :  0.9730 0.0270 
 37       37   (0)      1 :  0.9622 0.0378 
 38       38   (0)      1 :  0.9520 0.0480 
 39       39   (0)      1 :  0.9700 0.0300 
 40       40   (0)      1 :  0.9650 0.0350 
 41       41   (0)      1 :  0.9740 0.0260 
 42       42   (0)      1 :  0.9790 0.0210 
 43       43   (0)      1 :  0.9790 0.0210 
 44       44   (0)      1 :  0.9824 0.0176 
 45       45   (5)      1 :  0.9550 0.0450 
 46       46   (0)      1 :  0.9850 0.0150 
 47       47   (0)      1 :  0.9820 0.0180 
 48       48   (0)      1 :  0.9740 0.0260 
 49       49   (0)      1 :  0.9302 0.0698 
 50       50   (0)      1 :  0.9750 0.0250 
 51       51   (0)      1 :  0.9460 0.0540 
 52       52   (0)      1 :  0.8670 0.1330 
 53       53   (0)      1 :  0.9760 0.0240 
 54       54   (0)      1 :  0.9820 0.0180 
 55       55   (0)      1 :  0.9760 0.0240 
 56       56   (0)      1 :  0.9770 0.0230 
 57       57  (10)      1 :  0.9680 0.0320 
 58       58   (5)      1 :  0.9694 0.0306 
 59       59   (0)      1 :  0.9700 0.0300 
 60       60   (0)      1 :  0.9800 0.0200 
 61       61   (0)      1 :  0.9690 0.0310 
 62       62   (0)      1 :  0.9768 0.0232 
 63       63   (0)      1 :  0.9740 0.0260 
 64       64   (0)      1 :  0.9780 0.0220 
 65       65   (0)      1 :  0.9040 0.0960 
 66       66   (0)      1 :  0.9770 0.0230 
 67       67   (5)      1 :  0.9440 0.0560 
 68       68   (0)      1 :  0.9714 0.0286 
 69       69   (0)      1 :  0.9818 0.0182 
 70       70   (0)      1 :  0.9740 0.0260 
 71       71   (5)      1 :  0.9650 0.0350 
 72       72   (0)      1 :  0.9470 0.0530 
 73       73   (5)      1 :  0.9798 0.0202 
 74       74  (10)      1 :  0.9580 0.0420 
 75       75  (10)      1 :  0.9180 0.0820 
 76       76   (0)      1 :  0.9660 0.0340 
 77       77  (10)      1 :  0.9660 0.0340 
 78       78   (0)      1 :  0.9550 0.0450 
 79       79   (5)      1 :  0.9760 0.0240 
 80       80   (0)      1 :  0.9780 0.0220 
 81       81   (0)      1 :  0.9750 0.0250 
 82       82   (0)      1 :  0.9776 0.0224 
 83       83   (0)      1 :  0.9720 0.0280 
 84       84   (0)      1 :  0.9450 0.0550 
 85       85   (0)      1 :  0.9790 0.0210 
 86       86   (5)      1 :  0.9720 0.0280 
 87       87   (0)      1 :  0.9760 0.0240 
 88       88   (0)      1 :  0.9440 0.0560 
 89       89   (0)      1 :  0.8888 0.1112 
 90       90   (0)      1 :  0.9760 0.0240 
 91       91   (0)      1 :  0.9700 0.0300 
 92       92   (0)      1 :  0.9724 0.0276 
 93       93   (0)      1 :  0.9790 0.0210 
 94       94   (5)      1 :  0.9300 0.0700 
 95       95   (0)      1 :  0.9710 0.0290 
 96       96   (5)      1 :  0.9740 0.0260 
 97       97   (0)      1 :  0.9820 0.0180 
 98       98   (0)      1 :  0.9640 0.0360 
 99       99   (5)      1 :  0.9560 0.0440 
100      100   (5)      1 :  0.9800 0.0200 
101      101   (0)      2 :  0.9660 0.0340 
102      102   (0)      2 :  0.7708 0.2292 
103      103   (0)      2 :  0.9488 0.0512 
104      104   (0)      2 :  0.9530 0.0470 
105      105   (0)      2 :  0.9840 0.0160 
106      106   (0)      2 :  0.9310 0.0690 
107      107   (0)      2 :  0.9120 0.0880 
108      108   (0)      2 :  0.8590 0.1410 
109      109   (0)      2 :  0.7930 0.2070 
110      110   (0)      2 :  0.9730 0.0270 
111      111   (0)      2 :  0.9578 0.0422 
112      112   (0)      2 :  0.6270 0.3730 
113      113   (0)      2 :  0.9420 0.0580 
114      114   (0)      2 :  0.9450 0.0550 
115      115   (0)      2 :  0.8830 0.1170 
116      116   (0)      2 :  0.7738 0.2262 
117      117   (0)      2 :  0.9052 0.0948 
118      118   (0)      2 :  0.7978 0.2022 
119      119   (0)      2 :  0.8900 0.1100 
120      120   (0)      2 :  0.9232 0.0768 
121      121   (0)      2 :  0.8830 0.1170 
122      122   (0)      2 :  0.8830 0.1170 
123      123   (0)      2 :  0.9000 0.1000 
124      124   (0)      2 :  0.9210 0.0790 
125      125   (0)      2 :  0.8500 0.1500 
126      126   (0)      2 :  0.8998 0.1002 
127      127   (0)      2 :  0.8312 0.1688 
128      128   (0)      2 :  0.9730 0.0270 
129      129   (0)      2 :  0.9040 0.0960 
130      130   (0)      2 :  0.9580 0.0420 
131      131   (0)      2 :  0.8540 0.1460 
132      132   (0)      2 :  0.7872 0.2128 
133      133   (0)      2 :  0.9740 0.0260 
134      134   (0)      2 :  0.9430 0.0570 
135      135   (0)      2 :  0.9210 0.0790 
136      136   (0)      2 :  0.6798 0.3202 
137      137   (0)      2 :  0.8612 0.1388 
138      138   (0)      2 :  0.8422 0.1578 
139      139   (0)      2 :  0.8920 0.1080 
140      140   (0)      2 :  0.7744 0.2256 
141      141   (0)      2 :  0.9438 0.0562 
142      142   (0)      2 :  0.9110 0.0890 
143      143   (0)      2 :  0.7740 0.2260 
144      144   (0)      2 :  0.7984 0.2016 
145      145   (0)      2 :  0.9540 0.0460 
146      146   (0)      2 :  0.9620 0.0380 
147      147   (0)      2 :  0.8692 0.1308 
148      148   (0)      2 :  0.8888 0.1112 
149      149   (0)      2 :  0.8944 0.1056 
150      150   (0)      2 :  0.9670 0.0330 
151      151   (0)      2 :  0.9760 0.0240 
152      152   (0)      2 :  0.8466 0.1534 
153      153   (0)      2 :  0.9450 0.0550 
154      154   (0)      2 :  0.9500 0.0500 
155      155   (0)      2 :  0.9700 0.0300 
156      156   (0)      2 :  0.8930 0.1070 
157      157   (0)      2 :  0.9540 0.0460 
158      158   (0)      2 :  0.9580 0.0420 
159      159   (0)      2 :  0.9600 0.0400 
160      160   (0)      2 :  0.7120 0.2880 
161      161   (0)      2 :  0.9320 0.0680 
162      162   (0)      2 :  0.7938 0.2062 
163      163   (0)      2 :  0.9524 0.0476 
164      164   (0)      2 :  0.9796 0.0204 
165      165   (0)      2 :  0.6680 0.3320 
166      166   (0)      2 :  0.9610 0.0390 
167      167   (0)      2 :  0.8472 0.1528 
168      168   (0)      2 :  0.8980 0.1020 
169      169   (0)      2 :  0.9370 0.0630 
170      170   (0)      2 :  0.7660 0.2340 
171      171   (0)      2 :  0.9350 0.0650 
172      172   (0)      2 :  0.8008 0.1992 
173      173   (0)      2 :  0.9350 0.0650 
174      174   (0)      2 :  0.8780 0.1220 
175      175   (0)      2 :  0.9330 0.0670 
176      176   (0)      2 :  0.7462 0.2538 
177      177   (0)      2 :  0.9800 0.0200 
178      178   (0)      2 :  0.9260 0.0740 
179      179   (0)      2 :  0.8610 0.1390 
180      180   (0)      2 :  0.9212 0.0788 
181      181   (0)      2 :  0.9250 0.0750 
182      182   (0)      2 :  0.8230 0.1770 
183      183   (0)      2 :  0.9630 0.0370 
184      184   (0)      2 :  0.9030 0.0970 
185      185   (0)      2 :  0.8956 0.1044 
186      186   (0)      2 :  0.9760 0.0240 
187      187   (0)      2 :  0.8770 0.1230 
188      188   (0)      2 :  0.9216 0.0784 
189      189   (0)      2 :  0.9140 0.0860 
190      190   (0)      2 :  0.9640 0.0360 
191      191   (0)      2 :  0.9560 0.0440 
192      192   (0)      2 :  0.9690 0.0310 
193      193   (0)      2 :  0.8150 0.1850 
194      194   (0)      2 :  0.9220 0.0780 
195      195   (0)      2 :  0.9662 0.0338 
196      196   (0)      2 :  0.8540 0.1460 
197      197   (0)      2 :  0.9500 0.0500 
198      198   (0)      2 :  0.9600 0.0400 
199      199   (0)      2 :  0.9580 0.0420 
200      200   (0)      2 :  0.8184 0.1816 
201      201   (0)      3 :  0.6730 0.3270 
202      202   (0)      3 :  0.7890 0.2110 
203      203   (0)      3 :  0.7354 0.2646 
204      204   (0)      3 :  0.8052 0.1948 
205      205   (0)      3 :  0.7520 0.2480 
206      206   (0)      3 :  0.6310 0.3690 
207      207   (0)      3 :  0.8992 0.1008 
208      208   (0)      3 :  0.9400 0.0600 
209      209   (0)      3 :  0.8028 0.1972 
210      210   (0)      3 :  0.8410 0.1590 
211      211   (0)      3 :  0.6420 0.3580 
212      212   (0)      3 :  0.8680 0.1320 
213      213   (0)      3 :  0.8830 0.1170 
214      214   (0)      3 :  0.7874 0.2126 
215      215   (0)      3 :  0.7882 0.2118 
216      216   (0)      3 :  0.8798 0.1202 
217      217   (0)      3 :  0.7980 0.2020 
218      218   (0)      3 :  0.8694 0.1306 
219      219   (0)      3 :  0.7990 0.2010 
220      220   (0)      3 :  0.5620 0.4380 
221      221   (0)      3 :  0.5300 0.4700 
222      222   (0)      3 :  0.7042 0.2958 
223      223   (0)      3 :  0.7932 0.2068 
224      224   (0)      3 :  0.7430 0.2570 
225      225   (0)      3 :  0.9260 0.0740 
226      226   (0)      3 :  0.6330 0.3670 
227      227   (0)      3 :  0.7910 0.2090 
228      228   (0)      3 :  0.7960 0.2040 
229      229   (0)      3 :  0.8878 0.1122 
230      230   (0)      3 :  0.6868 0.3132 
231      231   (0)      3 :  0.9200 0.0800 
232      232   (0)      3 :  0.4784 0.5216 
233      233   (0)      3 :  0.8140 0.1860 
234      234   (0)      3 :  0.7120 0.2880 
235      235   (0)      3 :  0.9400 0.0600 
236      236   (0)      3 :  0.7178 0.2822 
237      237   (0)      3 :  0.8030 0.1970 
238      238   (0)      3 :  0.8020 0.1980 
239      239   (0)      3 :  0.8638 0.1362 
240      240   (0)      3 :  0.5372 0.4628 
241      241   (0)      3 :  0.7520 0.2480 
242      242   (0)      3 :  0.7208 0.2792 
243      243   (0)      3 :  0.7186 0.2814 
244      244   (0)      3 :  0.8860 0.1140 
245      245   (0)      3 :  0.6774 0.3226 
246      246   (0)      3 :  0.7440 0.2560 
247      247   (0)      3 :  0.6190 0.3810 
248      248   (0)      3 :  0.5440 0.4560 
249      249   (0)      3 :  0.8532 0.1468 
250      250   (0)      3 :  0.6890 0.3110 
251      251   (0)      3 :  0.8136 0.1864 
252      252   (0)      3 :  0.8036 0.1964 
253      253   (0)      3 :  0.8666 0.1334 
254      254   (0)      3 :  0.7520 0.2480 
255      255   (0)      3 :  0.7278 0.2722 
256      256   (0)      3 :  0.7086 0.2914 
257      257   (0)      3 :  0.8864 0.1136 
258      258   (0)      3 :  0.7350 0.2650 
259      259   (0)      3 :  0.9342 0.0658 
260      260   (0)      3 :  0.6546 0.3454 
261      261   (0)      3 :  0.7682 0.2318 
262      262   (0)      3 :  0.8834 0.1166 
263      263   (0)      3 :  0.7960 0.2040 
264      264   (0)      3 :  0.7612 0.2388 
265      265   (0)      3 :  0.9146 0.0854 
266      266   (0)      3 :  0.7810 0.2190 
267      267   (0)      3 :  0.7136 0.2864 
268      268   (0)      3 :  0.8390 0.1610 
269      269   (0)      3 :  0.6140 0.3860 
270      270   (0)      3 :  0.9464 0.0536 
271      271   (0)      3 :  0.7986 0.2014 
272      272   (0)      3 :  0.9140 0.0860 
273      273   (0)      3 :  0.8532 0.1468 
274      274   (0)      3 :  0.6620 0.3380 
275      275   (0)      3 :  0.7464 0.2536 
276      276   (0)      3 :  0.7060 0.2940 
277      277   (0)      3 :  0.7560 0.2440 
278      278   (0)      3 :  0.8700 0.1300 
279      279   (0)      3 :  0.7884 0.2116 
280      280   (0)      3 :  0.6010 0.3990 
281      281   (0)      3 :  0.9260 0.0740 
282      282   (0)      3 :  0.7330 0.2670 
283      283   (0)      3 :  0.9030 0.0970 
284      284   (0)      3 :  0.8320 0.1680 
285      285   (0)      3 :  0.6906 0.3094 
286      286   (0)      3 :  0.8404 0.1596 
287      287   (0)      3 :  0.7026 0.2974 
288      288   (0)      3 :  0.8840 0.1160 
289      289   (0)      3 :  0.7110 0.2890 
290      290   (0)      3 :  0.8372 0.1628 
291      291   (0)      3 :  0.7250 0.2750 
292      292   (0)      3 :  0.7630 0.2370 
293      293   (0)      3 :  0.6794 0.3206 
294      294   (0)      3 :  0.6920 0.3080 
295      295   (0)      3 :  0.9160 0.0840 
296      296   (0)      3 :  0.7644 0.2356 
297      297   (0)      3 :  0.7318 0.2682 
298      298   (0)      3 :  0.5396 0.4604 
299      299   (0)      3 :  0.8396 0.1604 
300      300   (0)      3 :  0.7720 0.2280 
301      301   (0)      4 :  0.5460 0.4540 
302      302   (0)      4 :  0.4460 0.5540 
303      303   (0)      4 :  0.4820 0.5180 
304      304   (0)      4 :  0.4082 0.5918 
305      305   (0)      4 :  0.5590 0.4410 
306      306   (0)      4 :  0.3600 0.6400 
307      307   (0)      4 :  0.5012 0.4988 
308      308   (0)      4 :  0.4032 0.5968 
309      309   (0)      4 :  0.4720 0.5280 
310      310   (0)      4 :  0.4370 0.5630 
311      311   (0)      4 :  0.6316 0.3684 
312      312   (0)      4 :  0.3664 0.6336 
313      313   (0)      4 :  0.5288 0.4712 
314      314   (0)      4 :  0.5854 0.4146 
315      315   (0)      4 :  0.5354 0.4646 
316      316   (0)      4 :  0.4318 0.5682 
317      317   (0)      4 :  0.4034 0.5966 
318      318   (0)      4 :  0.4560 0.5440 
319      319   (0)      4 :  0.6450 0.3550 
320      320   (0)      4 :  0.5900 0.4100 
321      321   (0)      4 :  0.3730 0.6270 
322      322   (0)      4 :  0.4780 0.5220 
323      323   (0)      4 :  0.5842 0.4158 
324      324   (0)      4 :  0.5670 0.4330 
325      325   (0)      4 :  0.4040 0.5960 
326      326   (0)      4 :  0.4232 0.5768 
327      327   (0)      4 :  0.4558 0.5442 
328      328   (0)      4 :  0.5650 0.4350 
329      329   (0)      4 :  0.4844 0.5156 
330      330   (0)      4 :  0.5040 0.4960 
331      331   (0)      4 :  0.6520 0.3480 
332      332   (0)      4 :  0.5492 0.4508 
333      333   (0)      4 :  0.6078 0.3922 
334      334   (0)      4 :  0.5300 0.4700 
335      335   (0)      4 :  0.5560 0.4440 
336      336   (0)      4 :  0.6790 0.3210 
337      337   (0)      4 :  0.5230 0.4770 
338      338   (0)      4 :  0.3600 0.6400 
339      339   (0)      4 :  0.5160 0.4840 
340      340   (0)      4 :  0.5462 0.4538 
341      341   (0)      4 :  0.6810 0.3190 
342      342   (0)      4 :  0.3746 0.6254 
343      343   (0)      4 :  0.4620 0.5380 
344      344   (0)      4 :  0.4438 0.5562 
345      345   (0)      4 :  0.4108 0.5892 
346      346   (0)      4 :  0.4800 0.5200 
347      347   (0)      4 :  0.6638 0.3362 
348      348   (0)      4 :  0.6020 0.3980 
349      349   (0)      4 :  0.5080 0.4920 
350      350   (0)      4 :  0.4840 0.5160 
351      351   (0)      4 :  0.3540 0.6460 
352      352   (0)      4 :  0.3742 0.6258 
353      353   (0)      4 :  0.4812 0.5188 
354      354   (0)      4 :  0.4440 0.5560 
355      355   (0)      4 :  0.6528 0.3472 
356      356   (0)      4 :  0.3860 0.6140 
357      357   (0)      4 :  0.5714 0.4286 
358      358   (0)      4 :  0.5088 0.4912 
359      359   (0)      4 :  0.6140 0.3860 
360      360   (0)      4 :  0.5500 0.4500 
361      361   (0)      4 :  0.4590 0.5410 
362      362   (0)      4 :  0.5150 0.4850 
363      363   (0)      4 :  0.5740 0.4260 
364      364   (0)      4 :  0.4600 0.5400 
365      365   (0)      4 :  0.6448 0.3552 
366      366   (0)      4 :  0.4722 0.5278 
367      367   (0)      4 :  0.6270 0.3730 
368      368   (0)      4 :  0.4580 0.5420 
369      369   (0)      4 :  0.4854 0.5146 
370      370   (0)      4 :  0.4604 0.5396 
371      371   (0)      4 :  0.5660 0.4340 
372      372   (0)      4 :  0.5368 0.4632 
373      373   (0)      4 :  0.5650 0.4350 
374      374   (0)      4 :  0.5050 0.4950 
375      375   (0)      4 :  0.4696 0.5304 
376      376   (0)      4 :  0.5540 0.4460 
377      377   (0)      4 :  0.4440 0.5560 
378      378   (0)      4 :  0.3618 0.6382 
379      379   (0)      4 :  0.4880 0.5120 
380      380   (0)      4 :  0.6812 0.3188 
381      381   (0)      4 :  0.5650 0.4350 
382      382   (0)      4 :  0.5020 0.4980 
383      383   (0)      4 :  0.3610 0.6390 
384      384   (0)      4 :  0.5522 0.4478 
385      385   (0)      4 :  0.5092 0.4908 
386      386   (0)      4 :  0.4170 0.5830 
387      387   (0)      4 :  0.4164 0.5836 
388      388   (0)      4 :  0.5690 0.4310 
389      389   (0)      4 :  0.5150 0.4850 
390      390   (0)      4 :  0.4610 0.5390 
391      391   (0)      4 :  0.5162 0.4838 
392      392   (0)      4 :  0.4018 0.5982 
393      393   (0)      4 :  0.4700 0.5300 
394      394   (0)      4 :  0.4910 0.5090 
395      395   (0)      4 :  0.4934 0.5066 
396      396   (0)      4 :  0.3700 0.6300 
397      397   (0)      4 :  0.4230 0.5770 
398      398   (0)      4 :  0.3688 0.6312 
399      399   (0)      4 :  0.4490 0.5510 
400      400   (0)      4 :  0.5340 0.4660 
401      401   (0)      5 :  0.1630 0.8370 
402      402   (0)      5 :  0.1638 0.8362 
403      403   (0)      5 :  0.1706 0.8294 
404      404   (0)      5 :  0.2360 0.7640 
405      405   (0)      5 :  0.1680 0.8320 
406      406   (0)      5 :  0.2504 0.7496 
407      407   (0)      5 :  0.2180 0.7820 
408      408   (0)      5 :  0.2650 0.7350 
409      409   (0)      5 :  0.1620 0.8380 
410      410   (0)      5 :  0.1622 0.8378 
411      411   (0)      5 :  0.1758 0.8242 
412      412   (0)      5 :  0.0580 0.9420 
413      413   (0)      5 :  0.3816 0.6184 
414      414   (0)      5 :  0.2828 0.7172 
415      415   (0)      5 :  0.0898 0.9102 
416      416   (0)      5 :  0.1730 0.8270 
417      417   (0)      5 :  0.4214 0.5786 
418      418   (0)      5 :  0.2550 0.7450 
419      419   (0)      5 :  0.1976 0.8024 
420      420   (0)      5 :  0.2666 0.7334 
421      421   (0)      5 :  0.2050 0.7950 
422      422   (0)      5 :  0.1400 0.8600 
423      423   (0)      5 :  0.4780 0.5220 
424      424   (0)      5 :  0.1240 0.8760 
425      425   (0)      5 :  0.1410 0.8590 
426      426   (0)      5 :  0.2740 0.7260 
427      427   (0)      5 :  0.1900 0.8100 
428      428   (0)      5 :  0.2722 0.7278 
429      429   (0)      5 :  0.2720 0.7280 
430      430   (0)      5 :  0.2432 0.7568 
431      431   (0)      5 :  0.3388 0.6612 
432      432   (0)      5 :  0.2660 0.7340 
433      433   (0)      5 :  0.2740 0.7260 
434      434   (0)      5 :  0.3170 0.6830 
435      435   (0)      5 :  0.2160 0.7840 
436      436   (0)      5 :  0.2594 0.7406 
437      437   (0)      5 :  0.2764 0.7236 
438      438   (0)      5 :  0.2520 0.7480 
439      439   (0)      5 :  0.2064 0.7936 
440      440   (0)      5 :  0.2250 0.7750 
441      441   (0)      5 :  0.3700 0.6300 
442      442   (0)      5 :  0.2208 0.7792 
443      443   (0)      5 :  0.2634 0.7366 
444      444   (0)      5 :  0.3554 0.6446 
445      445   (0)      5 :  0.0840 0.9160 
446      446   (0)      5 :  0.3570 0.6430 
447      447   (0)      5 :  0.2342 0.7658 
448      448   (0)      5 :  0.4000 0.6000 
449      449   (0)      5 :  0.1798 0.8202 
450      450   (0)      5 :  0.1190 0.8810 
451      451   (0)      5 :  0.1350 0.8650 
452      452   (0)      5 :  0.1850 0.8150 
453      453   (0)      5 :  0.1800 0.8200 
454      454   (0)      5 :  0.1758 0.8242 
455      455   (0)      5 :  0.0880 0.9120 
456      456   (0)      5 :  0.1440 0.8560 
457      457   (0)      5 :  0.1390 0.8610 
458      458   (0)      5 :  0.3838 0.6162 
459      459   (0)      5 :  0.2260 0.7740 
460      460   (0)      5 :  0.3724 0.6276 
461      461   (0)      5 :  0.2870 0.7130 
462      462   (0)      5 :  0.2710 0.7290 
463      463   (0)      5 :  0.1800 0.8200 
464      464   (0)      5 :  0.3390 0.6610 
465      465   (0)      5 :  0.0592 0.9408 
466      466   (0)      5 :  0.4250 0.5750 
467      467   (0)      5 :  0.2930 0.7070 
468      468   (0)      5 :  0.1936 0.8064 
469      469   (0)      5 :  0.3470 0.6530 
470      470   (0)      5 :  0.2030 0.7970 
471      471   (0)      5 :  0.1210 0.8790 
472      472   (0)      5 :  0.3120 0.6880 
473      473   (0)      5 :  0.2002 0.7998 
474      474   (0)      5 :  0.1240 0.8760 
475      475   (0)      5 :  0.2670 0.7330 
476      476   (0)      5 :  0.2412 0.7588 
477      477   (0)      5 :  0.3242 0.6758 
478      478   (0)      5 :  0.1830 0.8170 
479      479   (0)      5 :  0.2268 0.7732 
480      480   (0)      5 :  0.1730 0.8270 
481      481   (0)      5 :  0.3310 0.6690 
482      482   (0)      5 :  0.2300 0.7700 
483      483   (0)      5 :  0.2878 0.7122 
484      484   (0)      5 :  0.3100 0.6900 
485      485   (0)      5 :  0.3460 0.6540 
486      486   (0)      5 :  0.2682 0.7318 
487      487   (0)      5 :  0.3728 0.6272 
488      488   (0)      5 :  0.1600 0.8400 
489      489   (0)      5 :  0.2910 0.7090 
490      490   (0)      5 :  0.1362 0.8638 
491      491   (0)      5 :  0.2898 0.7102 
492      492   (0)      5 :  0.2170 0.7830 
493      493   (0)      5 :  0.2580 0.7420 
494      494   (0)      5 :  0.2954 0.7046 
495      495   (0)      5 :  0.2300 0.7700 
496      496   (0)      5 :  0.3418 0.6582 
497      497   (0)      5 :  0.2240 0.7760 
498      498   (0)      5 :  0.3328 0.6672 
499      499   (0)      5 :  0.1946 0.8054 
500      500   (0)      5 :  0.4400 0.5600 
501      501   (0)      6 :  0.0400 0.9600 
502      502   (0)      6 :  0.0820 0.9180 
503      503   (0)      6 :  0.0350 0.9650 
504      504   (0)      6 :  0.0950 0.9050 
505      505   (0)      6 :  0.0230 0.9770 
506      506   (0)      6 :  0.0590 0.9410 
507      507   (0)      6 :  0.0320 0.9680 
508      508   (0)      6 :  0.1760 0.8240 
509      509   (0)      6 :  0.0560 0.9440 
510      510   (0)      6 :  0.1998 0.8002 
511      511   (0)      6 :  0.1750 0.8250 
512      512   (0)      6 :  0.0200 0.9800 
513      513   (0)      6 :  0.0170 0.9830 
514      514   (0)      6 :  0.1384 0.8616 
515      515   (0)      6 :  0.0560 0.9440 
516      516   (0)      6 :  0.1530 0.8470 
517      517   (0)      6 :  0.1600 0.8400 
518      518   (0)      6 :  0.1784 0.8216 
519      519   (0)      6 :  0.1490 0.8510 
520      520   (0)      6 :  0.0990 0.9010 
521      521   (0)      6 :  0.1140 0.8860 
522      522   (0)      6 :  0.0420 0.9580 
523      523   (0)      6 :  0.0930 0.9070 
524      524   (0)      6 :  0.2410 0.7590 
525      525   (0)      6 :  0.0358 0.9642 
526      526   (0)      6 :  0.1120 0.8880 
527      527   (0)      6 :  0.1970 0.8030 
528      528   (0)      6 :  0.0432 0.9568 
529      529   (0)      6 :  0.0974 0.9026 
530      530   (0)      6 :  0.2658 0.7342 
531      531   (0)      6 :  0.0500 0.9500 
532      532   (0)      6 :  0.1280 0.8720 
533      533   (0)      6 :  0.1226 0.8774 
534      534   (0)      6 :  0.1260 0.8740 
535      535   (0)      6 :  0.1142 0.8858 
536      536   (0)      6 :  0.1160 0.8840 
537      537   (0)      6 :  0.1740 0.8260 
538      538   (0)      6 :  0.0560 0.9440 
539      539   (0)      6 :  0.1006 0.8994 
540      540   (0)      6 :  0.0410 0.9590 
541      541   (0)      6 :  0.0800 0.9200 
542      542   (0)      6 :  0.0540 0.9460 
543      543   (0)      6 :  0.0220 0.9780 
544      544   (0)      6 :  0.1196 0.8804 
545      545   (0)      6 :  0.1740 0.8260 
546      546   (0)      6 :  0.1350 0.8650 
547      547   (0)      6 :  0.0240 0.9760 
548      548   (0)      6 :  0.1580 0.8420 
549      549   (0)      6 :  0.0794 0.9206 
550      550   (0)      6 :  0.0640 0.9360 
551      551   (0)      6 :  0.2776 0.7224 
552      552   (0)      6 :  0.1180 0.8820 
553      553   (0)      6 :  0.1810 0.8190 
554      554   (0)      6 :  0.0220 0.9780 
555      555   (0)      6 :  0.1440 0.8560 
556      556   (0)      6 :  0.0590 0.9410 
557      557   (0)      6 :  0.1368 0.8632 
558      558   (0)      6 :  0.1350 0.8650 
559      559   (0)      6 :  0.0720 0.9280 
560      560   (0)      6 :  0.0350 0.9650 
561      561   (0)      6 :  0.0290 0.9710 
562      562   (0)      6 :  0.1510 0.8490 
563      563   (0)      6 :  0.1460 0.8540 
564      564   (0)      6 :  0.2950 0.7050 
565      565   (0)      6 :  0.1090 0.8910 
566      566   (0)      6 :  0.0540 0.9460 
567      567   (0)      6 :  0.2112 0.7888 
568      568   (0)      6 :  0.0870 0.9130 
569      569   (0)      6 :  0.1692 0.8308 
570      570   (0)      6 :  0.0954 0.9046 
571      571   (0)      6 :  0.2774 0.7226 
572      572   (0)      6 :  0.0180 0.9820 
573      573   (0)      6 :  0.2310 0.7690 
574      574   (0)      6 :  0.2280 0.7720 
575      575   (0)      6 :  0.2070 0.7930 
576      576   (0)      6 :  0.0190 0.9810 
577      577   (0)      6 :  0.1670 0.8330 
578      578   (0)      6 :  0.0816 0.9184 
579      579   (0)      6 :  0.1720 0.8280 
580      580   (0)      6 :  0.1662 0.8338 
581      581   (0)      6 :  0.1670 0.8330 
582      582   (0)      6 :  0.1400 0.8600 
583      583   (0)      6 :  0.2060 0.7940 
584      584   (0)      6 :  0.0900 0.9100 
585      585   (0)      6 :  0.0310 0.9690 
586      586   (0)      6 :  0.1026 0.8974 
587      587   (0)      6 :  0.1010 0.8990 
588      588   (0)      6 :  0.0716 0.9284 
589      589   (0)      6 :  0.0370 0.9630 
590      590   (0)      6 :  0.1840 0.8160 
591      591   (0)      6 :  0.1510 0.8490 
592      592   (0)      6 :  0.0280 0.9720 
593      593   (0)      6 :  0.0210 0.9790 
594      594   (0)      6 :  0.0440 0.9560 
595      595   (0)      6 :  0.1340 0.8660 
596      596   (0)      6 :  0.0540 0.9460 
597      597   (0)      6 :  0.1980 0.8020 
598      598   (0)      6 :  0.1518 0.8482 
599      599   (0)      6 :  0.0520 0.9480 
600      600   (0)      6 :  0.0920 0.9080 
601      601   (5)      7 :  0.0310 0.9690 
602      602   (0)      7 :  0.0310 0.9690 
603      603   (0)      7 :  0.0190 0.9810 
604      604   (0)      7 :  0.0710 0.9290 
605      605   (0)      7 :  0.0210 0.9790 
606      606   (0)      7 :  0.0270 0.9730 
607      607   (0)      7 :  0.0170 0.9830 
608      608   (0)      7 :  0.0270 0.9730 
609      609   (0)      7 :  0.0188 0.9812 
610      610   (0)      7 :  0.0240 0.9760 
611      611   (0)      7 :  0.0160 0.9840 
612      612   (0)      7 :  0.0190 0.9810 
613      613   (0)      7 :  0.0300 0.9700 
614      614   (5)      7 :  0.0154 0.9846 
615      615   (0)      7 :  0.0232 0.9768 
616      616   (0)      7 :  0.0176 0.9824 
617      617   (0)      7 :  0.0250 0.9750 
618      618   (0)      7 :  0.0350 0.9650 
619      619   (0)      7 :  0.0260 0.9740 
620      620   (0)      7 :  0.0180 0.9820 
621      621   (0)      7 :  0.0160 0.9840 
622      622   (0)      7 :  0.0290 0.9710 
623      623   (0)      7 :  0.0180 0.9820 
624      624   (0)      7 :  0.0150 0.9850 
625      625   (0)      7 :  0.0150 0.9850 
626      626   (0)      7 :  0.0190 0.9810 
627      627   (0)      7 :  0.0180 0.9820 
628      628   (0)      7 :  0.0190 0.9810 
629      629   (0)      8 :  0.0140 0.9860 
630      630   (0)      8 :  0.0220 0.9780 
631      631   (0)      8 :  0.0230 0.9770 
632      632   (0)      8 :  0.0190 0.9810 
633      633   (0)      8 :  0.0390 0.9610 
634      634   (0)      8 :  0.0140 0.9860 
635      635   (0)      8 :  0.0170 0.9830 
636      636   (0)      8 :  0.0230 0.9770 
637      637   (0)      8 :  0.0150 0.9850 
638      638   (0)      8 :  0.0200 0.9800 
639      639   (0)      8 :  0.0160 0.9840 
640      640   (0)      8 :  0.0180 0.9820 
641      641   (0)      8 :  0.0180 0.9820 
642      642   (0)      8 :  0.0190 0.9810 
643      643   (0)      8 :  0.0260 0.9740 
644      644   (0)      8 :  0.0180 0.9820 
645      645   (0)      8 :  0.0270 0.9730 
646      646   (0)      8 :  0.0180 0.9820 
647      647   (0)      8 :  0.0202 0.9798 
648      648   (0)      8 :  0.0410 0.9590 
649      649   (0)      8 :  0.0440 0.9560 
650      650   (0)      8 :  0.0180 0.9820 
651      651   (0)      8 :  0.0210 0.9790 
652      652   (0)      8 :  0.0290 0.9710 
653      653   (0)      8 :  0.0170 0.9830 
654      654   (0)      8 :  0.0220 0.9780 
655      655   (0)      8 :  0.0170 0.9830 
656      656   (0)      8 :  0.0170 0.9830 
657      657   (0)      8 :  0.0260 0.9740 
658      658   (0)      8 :  0.0260 0.9740 
659      659   (0)      8 :  0.0460 0.9540 
660      660   (0)      8 :  0.0230 0.9770 
661      661   (0)      8 :  0.0190 0.9810 
662      662   (0)      8 :  0.0380 0.9620 
663      663   (0)      8 :  0.0220 0.9780 
664      664   (0)      8 :  0.0200 0.9800 
665      665   (0)      8 :  0.0210 0.9790 
666      666   (0)      8 :  0.0230 0.9770 
667      667   (0)      8 :  0.0210 0.9790 
668      668   (0)      8 :  0.0170 0.9830 
669      669   (0)      8 :  0.0404 0.9596 
670      670   (0)      8 :  0.0150 0.9850 
671      671   (0)      8 :  0.0140 0.9860 
672      672   (0)      8 :  0.0190 0.9810 
673      673   (0)      8 :  0.0240 0.9760 
674      674   (0)      8 :  0.0330 0.9670 
675      675   (0)      8 :  0.0160 0.9840 
676      676   (0)      8 :  0.0150 0.9850 
677      677   (0)      8 :  0.0320 0.9680 
678      678   (0)      8 :  0.0210 0.9790 
679      679   (0)      8 :  0.0272 0.9728 
680      680   (0)      8 :  0.0280 0.9720 
681      681   (0)      8 :  0.0160 0.9840 
682      682   (0)      8 :  0.0250 0.9750 
683      683   (0)      8 :  0.0150 0.9850 
684      684   (0)      8 :  0.0230 0.9770 
685      685   (0)      8 :  0.0180 0.9820 
686      686   (0)      8 :  0.0170 0.9830 
687      687   (0)      8 :  0.0300 0.9700 
688      688   (0)      8 :  0.0230 0.9770 
689      689   (0)      8 :  0.0290 0.9710 
690      690   (0)      8 :  0.0220 0.9780 
691      691   (0)      8 :  0.0240 0.9760 
692      692   (0)      8 :  0.0240 0.9760 
693      693   (0)      8 :  0.0180 0.9820 
694      694   (0)      8 :  0.0230 0.9770 
695      695   (0)      8 :  0.0180 0.9820 
696      696   (0)      8 :  0.0260 0.9740 
697      697   (0)      8 :  0.0160 0.9840 
698      698   (0)      8 :  0.0180 0.9820 
699      699   (0)      8 :  0.0180 0.9820 
700      700   (0)      8 :  0.0172 0.9828 
