   1        1   (5)      1 :  0.0100 0.9900 
   2        2   (5)      1 :  0.0270 0.9730 
   3        3   (5)      1 :  0.0080 0.9920 
   4        4   (0)      1 :  0.0100 0.9900 
   5        5   (0)      1 :  0.0300 0.9700 
   6        6   (0)      1 :  0.0100 0.9900 
   7        7   (0)      1 :  0.0170 0.9830 
   8        8   (5)      1 :  0.0100 0.9900 
   9        9   (0)      1 :  0.0080 0.9920 
  10       10   (0)      1 :  0.0180 0.9820 
  11       11   (0)      1 :  0.0100 0.9900 
  12       12   (0)      1 :  0.0200 0.9800 
  13       13   (0)      1 :  0.0176 0.9824 
  14       14   (0)      1 :  0.0100 0.9900 
  15       15   (0)      1 :  0.0090 0.9910 
  16       16   (0)      1 :  0.0070 0.9930 
  17       17   (0)      1 :  0.0070 0.9930 
  18       18   (0)      1 :  0.0160 0.9840 
  19       19   (0)      1 :  0.0280 0.9720 
  20       20   (0)      1 :  0.0230 0.9770 
  21       21   (0)      1 :  0.0110 0.9890 
  22       22   (0)      1 :  0.0060 0.9940 
  23       23   (0)      1 :  0.0070 0.9930 
  24       24   (0)      1 :  0.0172 0.9828 
  25       25   (0)      1 :  0.0202 0.9798 
  26       26   (0)      1 :  0.0190 0.9810 
  27       27   (5)      1 :  0.0140 0.9860 
  28       28   (0)      1 :  0.0060 0.9940 
  29       29   (0)      1 :  0.0080 0.9920 
  30       30   (0)      1 :  0.0450 0.9550 
  31       31   (0)      1 :  0.0070 0.9930 
  32       32   (0)      1 :  0.0160 0.9840 
  33       33   (0)      1 :  0.0070 0.9930 
  34       34   (0)      1 :  0.0066 0.9934 
  35       35   (0)      1 :  0.0150 0.9850 
  36       36   (0)      1 :  0.0300 0.9700 
  37       37   (0)      1 :  0.0170 0.9830 
  38       38   (0)      1 :  0.0190 0.9810 
  39       39   (0)      1 :  0.0260 0.9740 
  40       40   (0)      1 :  0.0140 0.9860 
  41       41   (0)      1 :  0.0100 0.9900 
  42       42   (0)      1 :  0.0060 0.9940 
  43       43   (0)      1 :  0.0080 0.9920 
  44       44   (0)      1 :  0.0060 0.9940 
  45       45   (5)      1 :  0.0150 0.9850 
  46       46   (0)      1 :  0.0050 0.9950 
  47       47   (0)      1 :  0.0060 0.9940 
  48       48   (0)      1 :  0.0080 0.9920 
  49       49   (0)      1 :  0.0280 0.9720 
  50       50   (0)      1 :  0.0090 0.9910 
  51       51   (0)      1 :  0.0150 0.9850 
  52       52   (0)      1 :  0.0584 0.9416 
  53       53   (0)      1 :  0.0090 0.9910 
  54       54   (0)      1 :  0.0060 0.9940 
  55       55   (0)      1 :  0.0076 0.9924 
  56       56   (0)      1 :  0.0080 0.9920 
  57       57  (10)      1 :  0.0150 0.9850 
  58       58   (5)      1 :  0.0110 0.9890 
  59       59   (0)      1 :  0.0130 0.9870 
  60       60   (0)      1 :  0.0070 0.9930 
  61       61   (0)      1 :  0.0100 0.9900 
  62       62   (0)      1 :  0.0080 0.9920 
  63       63   (0)      1 :  0.0100 0.9900 
  64       64   (0)      1 :  0.0080 0.9920 
  65       65   (0)      1 :  0.0488 0.9512 
  66       66   (0)      1 :  0.0080 0.9920 
  67       67   (5)      1 :  0.0294 0.9706 
  68       68   (0)      1 :  0.0100 0.9900 
  69       69   (0)      1 :  0.0060 0.9940 
  70       70   (0)      1 :  0.0100 0.9900 
  71       71   (5)      1 :  0.0110 0.9890 
  72       72   (0)      1 :  0.0190 0.9810 
  73       73   (5)      1 :  0.0070 0.9930 
  74       74  (10)      1 :  0.0150 0.9850 
  75       75  (10)      1 :  0.0420 0.9580 
  76       76   (0)      1 :  0.0090 0.9910 
  77       77  (10)      1 :  0.0120 0.9880 
  78       78   (0)      1 :  0.0180 0.9820 
  79       79   (5)      1 :  0.0070 0.9930 
  80       80   (0)      1 :  0.0080 0.9920 
  81       81   (0)      1 :  0.0090 0.9910 
  82       82   (0)      1 :  0.0090 0.9910 
  83       83   (0)      1 :  0.0100 0.9900 
  84       84   (0)      1 :  0.0160 0.9840 
  85       85   (0)      1 :  0.0070 0.9930 
  86       86   (5)      1 :  0.0100 0.9900 
  87       87   (0)      1 :  0.0080 0.9920 
  88       88   (0)      1 :  0.0260 0.9740 
  89       89   (0)      1 :  0.0470 0.9530 
  90       90   (0)      1 :  0.0090 0.9910 
  91       91   (0)      1 :  0.0106 0.9894 
  92       92   (0)      1 :  0.0090 0.9910 
  93       93   (0)      1 :  0.0070 0.9930 
  94       94   (5)      1 :  0.0262 0.9738 
  95       95   (0)      1 :  0.0110 0.9890 
  96       96   (5)      1 :  0.0090 0.9910 
  97       97   (0)      1 :  0.0068 0.9932 
  98       98   (0)      1 :  0.0150 0.9850 
  99       99   (5)      1 :  0.0120 0.9880 
 100      100   (5)      1 :  0.0070 0.9930 
 101      101   (0)      2 :  0.0110 0.9890 
 102      102   (0)      2 :  0.0250 0.9750 
 103      103   (0)      2 :  0.0070 0.9930 
 104      104   (0)      2 :  0.0070 0.9930 
 105      105   (0)      2 :  0.0132 0.9868 
 106      106   (0)      2 :  0.0460 0.9540 
 107      107   (0)      2 :  0.0070 0.9930 
 108      108   (0)      2 :  0.0060 0.9940 
 109      109   (0)      2 :  0.0060 0.9940 
 110      110   (0)      2 :  0.0100 0.9900 
 111      111   (0)      2 :  0.0160 0.9840 
 112      112   (0)      2 :  0.0100 0.9900 
 113      113   (0)      2 :  0.0190 0.9810 
 114      114   (0)      2 :  0.0130 0.9870 
 115      115   (0)      2 :  0.0140 0.9860 
 116      116   (0)      2 :  0.0080 0.9920 
 117      117   (0)      2 :  0.0060 0.9940 
 118      118   (0)      2 :  0.0060 0.9940 
 119      119   (0)      2 :  0.0110 0.9890 
 120      120   (0)      2 :  0.0050 0.9950 
 121      121   (0)      2 :  0.0160 0.9840 
 122      122   (0)      2 :  0.0100 0.9900 
 123      123   (0)      2 :  0.0120 0.9880 
 124      124   (0)      2 :  0.0190 0.9810 
 125      125   (0)      2 :  0.0088 0.9912 
 126      126   (0)      2 :  0.0080 0.9920 
 127      127   (0)      2 :  0.0100 0.9900 
 128      128   (0)      2 :  0.0130 0.9870 
 129      129   (0)      2 :  0.0100 0.9900 
 130      130   (0)      2 :  0.0100 0.9900 
 131      131   (0)      2 :  0.0152 0.9848 
 132      132   (0)      2 :  0.0180 0.9820 
 133      133   (0)      2 :  0.0110 0.9890 
 134      134   (0)      2 :  0.0070 0.9930 
 135      135   (0)      2 :  0.0070 0.9930 
 136      136   (0)      2 :  0.0110 0.9890 
 137      137   (0)      2 :  0.0210 0.9790 
 138      138   (0)      2 :  0.0060 0.9940 
 139      139   (0)      2 :  0.0080 0.9920 
 140      140   (0)      2 :  0.0090 0.9910 
 141      141   (0)      2 :  0.0128 0.9872 
 142      142   (0)      2 :  0.0240 0.9760 
 143      143   (0)      2 :  0.0130 0.9870 
 144      144   (0)      2 :  0.0070 0.9930 
 145      145   (0)      2 :  0.0090 0.9910 
 146      146   (0)      2 :  0.0070 0.9930 
 147      147   (0)      2 :  0.0060 0.9940 
 148      148   (0)      2 :  0.0180 0.9820 
 149      149   (0)      2 :  0.0174 0.9826 
 150      150   (0)      2 :  0.0270 0.9730 
 151      151   (0)      2 :  0.0240 0.9760 
 152      152   (0)      2 :  0.0070 0.9930 
 153      153   (0)      2 :  0.0130 0.9870 
 154      154   (0)      2 :  0.0150 0.9850 
 155      155   (0)      2 :  0.0090 0.9910 
 156      156   (0)      2 :  0.0110 0.9890 
 157      157   (0)      2 :  0.0130 0.9870 
 158      158   (0)      2 :  0.0070 0.9930 
 159      159   (0)      2 :  0.0090 0.9910 
 160      160   (0)      2 :  0.0266 0.9734 
 161      161   (0)      2 :  0.0050 0.9950 
 162      162   (0)      2 :  0.0094 0.9906 
 163      163   (0)      2 :  0.0080 0.9920 
 164      164   (0)      2 :  0.0070 0.9930 
 165      165   (0)      2 :  0.0140 0.9860 
 166      166   (0)      2 :  0.0150 0.9850 
 167      167   (0)      2 :  0.0090 0.9910 
 168      168   (0)      2 :  0.0280 0.9720 
 169      169   (0)      2 :  0.0194 0.9806 
 170      170   (0)      2 :  0.0100 0.9900 
 171      171   (0)      2 :  0.0190 0.9810 
 172      172   (0)      2 :  0.0540 0.9460 
 173      173   (0)      2 :  0.0050 0.9950 
 174      174   (0)      2 :  0.0220 0.9780 
 175      175   (0)      2 :  0.0130 0.9870 
 176      176   (0)      2 :  0.0130 0.9870 
 177      177   (0)      2 :  0.0080 0.9920 
 178      178   (0)      2 :  0.0120 0.9880 
 179      179   (0)      2 :  0.0220 0.9780 
 180      180   (0)      2 :  0.0070 0.9930 
 181      181   (0)      2 :  0.0120 0.9880 
 182      182   (0)      2 :  0.0080 0.9920 
 183      183   (0)      2 :  0.0060 0.9940 
 184      184   (0)      2 :  0.0120 0.9880 
 185      185   (0)      2 :  0.0130 0.9870 
 186      186   (0)      2 :  0.0200 0.9800 
 187      187   (0)      2 :  0.0160 0.9840 
 188      188   (0)      2 :  0.0160 0.9840 
 189      189   (0)      2 :  0.0070 0.9930 
 190      190   (0)      2 :  0.0642 0.9358 
 191      191   (0)      2 :  0.1920 0.8080 
 192      192   (0)      2 :  0.0110 0.9890 
 193      193   (0)      2 :  0.0180 0.9820 
 194      194   (0)      2 :  0.0050 0.9950 
 195      195   (0)      2 :  0.0090 0.9910 
 196      196   (0)      2 :  0.0070 0.9930 
 197      197   (0)      2 :  0.0320 0.9680 
 198      198   (0)      2 :  0.0150 0.9850 
 199      199   (0)      2 :  0.0110 0.9890 
 200      200   (0)      2 :  0.0422 0.9578 
 201      201   (0)      2 :  0.0060 0.9940 
 202      202   (0)      2 :  0.0110 0.9890 
 203      203   (0)      2 :  0.0070 0.9930 
 204      204   (0)      2 :  0.0090 0.9910 
 205      205   (0)      2 :  0.0110 0.9890 
 206      206   (0)      2 :  0.0050 0.9950 
 207      207   (0)      2 :  0.0120 0.9880 
 208      208   (0)      2 :  0.0080 0.9920 
 209      209   (0)      2 :  0.0100 0.9900 
 210      210   (0)      2 :  0.0080 0.9920 
 211      211   (0)      2 :  0.0160 0.9840 
 212      212   (0)      2 :  0.0200 0.9800 
 213      213   (0)      2 :  0.0100 0.9900 
 214      214   (0)      2 :  0.0110 0.9890 
 215      215   (0)      2 :  0.0206 0.9794 
 216      216   (0)      2 :  0.0100 0.9900 
 217      217   (0)      2 :  0.0060 0.9940 
 218      218   (0)      2 :  0.0200 0.9800 
 219      219   (0)      2 :  0.0080 0.9920 
 220      220   (0)      2 :  0.0382 0.9618 
 221      221   (0)      2 :  0.0540 0.9460 
 222      222   (0)      2 :  0.0130 0.9870 
 223      223   (0)      2 :  0.0090 0.9910 
 224      224   (0)      2 :  0.0120 0.9880 
 225      225   (0)      2 :  0.0090 0.9910 
 226      226   (0)      2 :  0.0160 0.9840 
 227      227   (0)      2 :  0.0180 0.9820 
 228      228   (0)      2 :  0.0080 0.9920 
 229      229   (0)      2 :  0.0380 0.9620 
 230      230   (0)      2 :  0.0140 0.9860 
 231      231   (0)      2 :  0.0050 0.9950 
 232      232   (0)      2 :  0.0080 0.9920 
 233      233   (0)      2 :  0.0820 0.9180 
 234      234   (0)      2 :  0.0080 0.9920 
 235      235   (0)      2 :  0.0264 0.9736 
 236      236   (0)      2 :  0.0090 0.9910 
 237      237   (0)      2 :  0.0130 0.9870 
 238      238   (0)      2 :  0.0070 0.9930 
 239      239   (0)      2 :  0.0070 0.9930 
 240      240   (0)      2 :  0.0050 0.9950 
 241      241   (0)      2 :  0.0370 0.9630 
 242      242   (0)      2 :  0.0070 0.9930 
 243      243   (0)      2 :  0.0060 0.9940 
 244      244   (0)      2 :  0.0070 0.9930 
 245      245   (0)      2 :  0.0130 0.9870 
 246      246   (0)      2 :  0.0170 0.9830 
 247      247   (0)      2 :  0.0060 0.9940 
 248      248   (0)      2 :  0.0100 0.9900 
 249      249   (0)      2 :  0.0130 0.9870 
 250      250   (0)      2 :  0.0150 0.9850 
 251      251   (0)      2 :  0.0050 0.9950 
 252      252   (0)      2 :  0.0982 0.9018 
 253      253   (0)      2 :  0.0060 0.9940 
 254      254   (0)      2 :  0.0090 0.9910 
 255      255   (0)      2 :  0.0140 0.9860 
 256      256   (0)      2 :  0.0316 0.9684 
 257      257   (0)      2 :  0.0140 0.9860 
 258      258   (0)      2 :  0.0060 0.9940 
 259      259   (0)      2 :  0.0100 0.9900 
 260      260   (0)      2 :  0.0080 0.9920 
 261      261   (0)      2 :  0.0130 0.9870 
 262      262   (0)      2 :  0.0160 0.9840 
 263      263   (0)      2 :  0.0060 0.9940 
 264      264   (0)      2 :  0.0100 0.9900 
 265      265   (0)      2 :  0.0120 0.9880 
 266      266   (0)      2 :  0.0120 0.9880 
 267      267   (0)      2 :  0.0080 0.9920 
 268      268   (0)      2 :  0.0090 0.9910 
 269      269   (0)      2 :  0.0090 0.9910 
 270      270   (0)      2 :  0.0134 0.9866 
 271      271   (0)      2 :  0.0170 0.9830 
 272      272   (0)      2 :  0.0080 0.9920 
 273      273   (0)      2 :  0.0070 0.9930 
 274      274   (0)      2 :  0.0120 0.9880 
 275      275   (0)      2 :  0.0360 0.9640 
 276      276   (0)      2 :  0.0060 0.9940 
 277      277   (0)      2 :  0.0270 0.9730 
 278      278   (0)      2 :  0.0060 0.9940 
 279      279   (0)      2 :  0.0050 0.9950 
 280      280   (0)      2 :  0.0090 0.9910 
 281      281   (0)      2 :  0.0080 0.9920 
 282      282   (0)      2 :  0.0090 0.9910 
 283      283   (0)      2 :  0.0200 0.9800 
 284      284   (0)      2 :  0.0080 0.9920 
 285      285   (0)      2 :  0.0090 0.9910 
 286      286   (0)      2 :  0.0582 0.9418 
 287      287   (0)      2 :  0.0150 0.9850 
 288      288   (0)      2 :  0.0070 0.9930 
 289      289   (0)      2 :  0.0070 0.9930 
 290      290   (0)      2 :  0.0090 0.9910 
 291      291   (0)      2 :  0.0100 0.9900 
 292      292   (0)      2 :  0.0110 0.9890 
 293      293   (0)      2 :  0.0120 0.9880 
 294      294   (0)      2 :  0.0110 0.9890 
 295      295   (0)      2 :  0.0090 0.9910 
 296      296   (0)      2 :  0.0060 0.9940 
 297      297   (0)      2 :  0.0088 0.9912 
 298      298   (0)      2 :  0.0090 0.9910 
 299      299   (0)      2 :  0.0270 0.9730 
 300      300   (0)      2 :  0.0170 0.9830 
 301      301   (0)      2 :  0.0090 0.9910 
 302      302   (0)      2 :  0.0060 0.9940 
 303      303   (0)      2 :  0.0150 0.9850 
 304      304   (0)      2 :  0.0110 0.9890 
 305      305   (0)      2 :  0.0120 0.9880 
 306      306   (0)      2 :  0.0160 0.9840 
 307      307   (0)      2 :  0.0090 0.9910 
 308      308   (0)      2 :  0.0090 0.9910 
 309      309   (0)      2 :  0.0070 0.9930 
 310      310   (0)      2 :  0.0120 0.9880 
 311      311   (0)      2 :  0.0070 0.9930 
 312      312   (0)      2 :  0.0080 0.9920 
 313      313   (0)      2 :  0.0120 0.9880 
 314      314   (0)      2 :  0.0100 0.9900 
 315      315   (0)      2 :  0.0100 0.9900 
 316      316   (0)      2 :  0.0130 0.9870 
 317      317   (0)      2 :  0.0070 0.9930 
 318      318   (0)      2 :  0.0100 0.9900 
 319      319   (0)      2 :  0.0210 0.9790 
 320      320   (0)      2 :  0.0190 0.9810 
 321      321   (0)      2 :  0.0682 0.9318 
 322      322   (0)      2 :  0.0590 0.9410 
 323      323   (0)      2 :  0.0110 0.9890 
 324      324   (0)      2 :  0.0360 0.9640 
 325      325   (0)      2 :  0.0140 0.9860 
 326      326   (0)      2 :  0.0060 0.9940 
 327      327   (0)      2 :  0.0130 0.9870 
 328      328   (0)      2 :  0.0120 0.9880 
 329      329   (0)      2 :  0.0080 0.9920 
 330      330   (0)      2 :  0.0060 0.9940 
 331      331   (0)      2 :  0.0060 0.9940 
 332      332   (0)      2 :  0.0080 0.9920 
 333      333   (0)      2 :  0.0110 0.9890 
 334      334   (0)      2 :  0.0110 0.9890 
 335      335   (0)      2 :  0.0300 0.9700 
 336      336   (0)      2 :  0.0154 0.9846 
 337      337   (0)      2 :  0.0070 0.9930 
 338      338   (0)      2 :  0.0064 0.9936 
 339      339   (0)      2 :  0.0080 0.9920 
 340      340   (0)      2 :  0.0080 0.9920 
 341      341   (0)      2 :  0.0050 0.9950 
 342      342   (0)      2 :  0.0080 0.9920 
 343      343   (0)      2 :  0.0110 0.9890 
 344      344   (0)      2 :  0.0100 0.9900 
 345      345   (0)      2 :  0.0130 0.9870 
 346      346   (0)      2 :  0.0090 0.9910 
 347      347   (0)      2 :  0.0060 0.9940 
 348      348   (0)      2 :  0.0188 0.9812 
 349      349   (0)      2 :  0.0120 0.9880 
 350      350   (0)      2 :  0.0190 0.9810 
 351      351   (0)      2 :  0.0140 0.9860 
 352      352   (0)      2 :  0.0120 0.9880 
 353      353   (0)      2 :  0.0070 0.9930 
 354      354   (0)      2 :  0.0216 0.9784 
 355      355   (0)      2 :  0.0758 0.9242 
 356      356   (0)      2 :  0.0100 0.9900 
 357      357   (0)      2 :  0.0150 0.9850 
 358      358   (0)      2 :  0.0140 0.9860 
 359      359   (0)      2 :  0.0228 0.9772 
 360      360   (0)      2 :  0.0070 0.9930 
 361      361   (0)      2 :  0.0060 0.9940 
 362      362   (0)      2 :  0.0130 0.9870 
 363      363   (0)      2 :  0.0070 0.9930 
 364      364   (0)      2 :  0.0130 0.9870 
 365      365   (0)      2 :  0.0056 0.9944 
 366      366   (0)      2 :  0.0080 0.9920 
 367      367   (0)      2 :  0.0230 0.9770 
 368      368   (0)      2 :  0.0060 0.9940 
 369      369   (0)      2 :  0.0100 0.9900 
 370      370   (0)      2 :  0.0070 0.9930 
 371      371   (0)      2 :  0.0420 0.9580 
 372      372   (0)      2 :  0.0100 0.9900 
 373      373   (0)      2 :  0.0390 0.9610 
 374      374   (0)      2 :  0.0060 0.9940 
 375      375   (0)      2 :  0.0070 0.9930 
 376      376   (0)      2 :  0.0210 0.9790 
 377      377   (0)      2 :  0.0200 0.9800 
 378      378   (0)      2 :  0.0090 0.9910 
 379      379   (0)      2 :  0.0360 0.9640 
 380      380   (0)      2 :  0.0090 0.9910 
 381      381   (0)      2 :  0.0100 0.9900 
 382      382   (0)      2 :  0.0222 0.9778 
 383      383   (0)      2 :  0.0070 0.9930 
 384      384   (0)      2 :  0.0300 0.9700 
 385      385   (0)      2 :  0.0080 0.9920 
 386      386   (0)      2 :  0.0080 0.9920 
 387      387   (0)      2 :  0.0282 0.9718 
 388      388   (0)      2 :  0.0080 0.9920 
 389      389   (0)      2 :  0.0120 0.9880 
 390      390   (0)      2 :  0.0332 0.9668 
 391      391   (0)      2 :  0.0890 0.9110 
 392      392   (0)      2 :  0.0090 0.9910 
 393      393   (0)      2 :  0.0098 0.9902 
 394      394   (0)      2 :  0.0110 0.9890 
 395      395   (0)      2 :  0.0070 0.9930 
 396      396   (0)      2 :  0.0180 0.9820 
 397      397   (0)      2 :  0.0200 0.9800 
 398      398   (0)      2 :  0.0110 0.9890 
 399      399   (0)      2 :  0.0130 0.9870 
 400      400   (0)      2 :  0.0350 0.9650 
 401      401   (0)      2 :  0.0190 0.9810 
 402      402   (0)      2 :  0.0080 0.9920 
 403      403   (0)      2 :  0.0140 0.9860 
 404      404   (0)      2 :  0.0100 0.9900 
 405      405   (0)      2 :  0.0168 0.9832 
 406      406   (0)      2 :  0.0130 0.9870 
 407      407   (0)      2 :  0.0060 0.9940 
 408      408   (0)      2 :  0.0740 0.9260 
 409      409   (0)      2 :  0.0100 0.9900 
 410      410   (0)      2 :  0.0080 0.9920 
 411      411   (0)      2 :  0.0090 0.9910 
 412      412   (0)      2 :  0.0100 0.9900 
 413      413   (0)      2 :  0.0110 0.9890 
 414      414   (0)      2 :  0.0170 0.9830 
 415      415   (0)      2 :  0.0060 0.9940 
 416      416   (0)      2 :  0.0210 0.9790 
 417      417   (0)      2 :  0.0130 0.9870 
 418      418   (0)      2 :  0.0088 0.9912 
 419      419   (0)      2 :  0.0070 0.9930 
 420      420   (0)      2 :  0.0160 0.9840 
 421      421   (0)      2 :  0.0080 0.9920 
 422      422   (0)      2 :  0.0100 0.9900 
 423      423   (0)      2 :  0.0058 0.9942 
 424      424   (0)      2 :  0.1718 0.8282 
 425      425   (0)      2 :  0.0090 0.9910 
 426      426   (0)      2 :  0.0160 0.9840 
 427      427   (0)      2 :  0.0120 0.9880 
 428      428   (0)      2 :  0.0128 0.9872 
 429      429   (0)      2 :  0.0140 0.9860 
 430      430   (0)      2 :  0.0150 0.9850 
 431      431   (0)      2 :  0.0050 0.9950 
 432      432   (0)      2 :  0.0150 0.9850 
 433      433   (0)      2 :  0.0070 0.9930 
 434      434   (0)      2 :  0.0060 0.9940 
 435      435   (0)      2 :  0.0110 0.9890 
 436      436   (0)      2 :  0.0130 0.9870 
 437      437   (0)      2 :  0.0070 0.9930 
 438      438   (0)      2 :  0.0060 0.9940 
 439      439   (0)      2 :  0.0100 0.9900 
 440      440   (0)      2 :  0.0212 0.9788 
 441      441   (0)      2 :  0.0060 0.9940 
 442      442   (0)      2 :  0.0080 0.9920 
 443      443   (0)      2 :  0.0078 0.9922 
 444      444   (0)      2 :  0.0170 0.9830 
 445      445   (0)      2 :  0.0070 0.9930 
 446      446   (0)      2 :  0.0190 0.9810 
 447      447   (0)      2 :  0.0080 0.9920 
 448      448   (0)      2 :  0.0080 0.9920 
 449      449   (0)      2 :  0.0122 0.9878 
 450      450   (0)      2 :  0.0100 0.9900 
 451      451   (0)      2 :  0.0260 0.9740 
 452      452   (0)      2 :  0.0120 0.9880 
 453      453   (0)      2 :  0.0130 0.9870 
 454      454   (0)      2 :  0.0150 0.9850 
 455      455   (0)      2 :  0.0150 0.9850 
 456      456   (0)      2 :  0.0250 0.9750 
 457      457   (0)      2 :  0.0060 0.9940 
 458      458   (0)      2 :  0.0150 0.9850 
 459      459   (0)      2 :  0.0100 0.9900 
 460      460   (0)      2 :  0.0060 0.9940 
 461      461   (0)      2 :  0.0090 0.9910 
 462      462   (0)      2 :  0.0090 0.9910 
 463      463   (0)      2 :  0.0130 0.9870 
 464      464   (0)      2 :  0.0060 0.9940 
 465      465   (0)      2 :  0.0120 0.9880 
 466      466   (0)      2 :  0.0140 0.9860 
 467      467   (0)      2 :  0.0060 0.9940 
 468      468   (0)      2 :  0.0320 0.9680 
 469      469   (0)      2 :  0.0060 0.9940 
 470      470   (0)      2 :  0.1058 0.8942 
 471      471   (0)      2 :  0.0100 0.9900 
 472      472   (0)      2 :  0.0080 0.9920 
 473      473   (0)      2 :  0.0342 0.9658 
 474      474   (0)      2 :  0.0060 0.9940 
 475      475   (0)      2 :  0.0940 0.9060 
 476      476   (0)      2 :  0.0140 0.9860 
 477      477   (0)      2 :  0.0070 0.9930 
 478      478   (0)      2 :  0.0170 0.9830 
 479      479   (0)      2 :  0.0100 0.9900 
 480      480   (0)      2 :  0.0060 0.9940 
 481      481   (0)      2 :  0.0074 0.9926 
 482      482   (0)      2 :  0.0120 0.9880 
 483      483   (0)      2 :  0.0080 0.9920 
 484      484   (0)      2 :  0.0090 0.9910 
 485      485   (0)      2 :  0.0216 0.9784 
 486      486   (0)      2 :  0.0050 0.9950 
 487      487   (0)      2 :  0.0130 0.9870 
 488      488   (0)      2 :  0.0110 0.9890 
 489      489   (0)      2 :  0.0060 0.9940 
 490      490   (0)      2 :  0.0120 0.9880 
 491      491   (0)      2 :  0.0120 0.9880 
 492      492   (0)      2 :  0.0210 0.9790 
 493      493   (0)      2 :  0.0140 0.9860 
 494      494   (0)      2 :  0.0180 0.9820 
 495      495   (0)      2 :  0.0060 0.9940 
 496      496   (0)      2 :  0.0110 0.9890 
 497      497   (0)      2 :  0.0080 0.9920 
 498      498   (0)      2 :  0.0090 0.9910 
 499      499   (0)      2 :  0.0070 0.9930 
 500      500   (0)      2 :  0.0090 0.9910 
 501      501   (0)      3 :  0.0560 0.9440 
 502      502   (0)      3 :  0.1268 0.8732 
 503      503   (0)      3 :  0.1540 0.8460 
 504      504   (0)      3 :  0.0220 0.9780 
 505      505   (0)      3 :  0.1214 0.8786 
 506      506   (0)      3 :  0.0880 0.9120 
 507      507   (0)      3 :  0.0200 0.9800 
 508      508   (0)      3 :  0.1336 0.8664 
 509      509   (0)      3 :  0.1280 0.8720 
 510      510   (0)      3 :  0.0930 0.9070 
 511      511   (0)      3 :  0.1210 0.8790 
 512      512   (0)      3 :  0.0210 0.9790 
 513      513   (0)      3 :  0.1400 0.8600 
 514      514   (0)      3 :  0.1320 0.8680 
 515      515   (0)      3 :  0.0242 0.9758 
 516      516   (0)      3 :  0.0350 0.9650 
 517      517   (0)      3 :  0.0260 0.9740 
 518      518   (0)      3 :  0.0140 0.9860 
 519      519   (0)      3 :  0.0214 0.9786 
 520      520   (0)      3 :  0.0340 0.9660 
 521      521   (0)      3 :  0.0210 0.9790 
 522      522   (0)      3 :  0.0780 0.9220 
 523      523   (0)      3 :  0.1720 0.8280 
 524      524   (0)      3 :  0.0280 0.9720 
 525      525   (0)      3 :  0.1048 0.8952 
 526      526   (0)      3 :  0.0140 0.9860 
 527      527   (0)      3 :  0.1460 0.8540 
 528      528   (0)      3 :  0.0080 0.9920 
 529      529   (0)      3 :  0.0524 0.9476 
 530      530   (0)      3 :  0.2094 0.7906 
 531      531   (0)      3 :  0.0760 0.9240 
 532      532   (0)      3 :  0.1690 0.8310 
 533      533   (0)      3 :  0.0450 0.9550 
 534      534   (0)      3 :  0.2312 0.7688 
 535      535   (0)      3 :  0.2662 0.7338 
 536      536   (0)      3 :  0.3116 0.6884 
 537      537   (0)      3 :  0.0120 0.9880 
 538      538   (0)      3 :  0.0530 0.9470 
 539      539   (0)      3 :  0.1070 0.8930 
 540      540   (0)      3 :  0.0090 0.9910 
 541      541   (0)      3 :  0.0194 0.9806 
 542      542   (0)      3 :  0.1620 0.8380 
 543      543   (0)      3 :  0.1802 0.8198 
 544      544   (0)      3 :  0.0230 0.9770 
 545      545   (0)      3 :  0.0650 0.9350 
 546      546   (0)      3 :  0.0110 0.9890 
 547      547   (0)      3 :  0.0460 0.9540 
 548      548   (0)      3 :  0.0610 0.9390 
 549      549   (0)      3 :  0.2870 0.7130 
 550      550   (0)      3 :  0.1150 0.8850 
 551      551   (0)      3 :  0.0440 0.9560 
 552      552   (0)      3 :  0.1190 0.8810 
 553      553   (0)      3 :  0.1114 0.8886 
 554      554   (0)      3 :  0.1698 0.8302 
 555      555   (0)      3 :  0.0540 0.9460 
 556      556   (0)      3 :  0.0390 0.9610 
 557      557   (0)      3 :  0.2240 0.7760 
 558      558   (0)      3 :  0.1200 0.8800 
 559      559   (0)      3 :  0.0350 0.9650 
 560      560   (0)      3 :  0.2590 0.7410 
 561      561   (0)      3 :  0.0850 0.9150 
 562      562   (0)      3 :  0.0802 0.9198 
 563      563   (0)      3 :  0.0430 0.9570 
 564      564   (0)      3 :  0.0690 0.9310 
 565      565   (0)      3 :  0.0188 0.9812 
 566      566   (0)      3 :  0.0630 0.9370 
 567      567   (0)      3 :  0.1490 0.8510 
 568      568   (0)      3 :  0.1270 0.8730 
 569      569   (0)      3 :  0.2258 0.7742 
 570      570   (0)      3 :  0.0446 0.9554 
 571      571   (0)      3 :  0.0756 0.9244 
 572      572   (0)      3 :  0.1620 0.8380 
 573      573   (0)      3 :  0.1076 0.8924 
 574      574   (0)      3 :  0.1850 0.8150 
 575      575   (0)      3 :  0.0680 0.9320 
 576      576   (0)      3 :  0.1332 0.8668 
 577      577   (0)      3 :  0.0960 0.9040 
 578      578   (0)      3 :  0.0100 0.9900 
 579      579   (0)      3 :  0.0780 0.9220 
 580      580   (0)      3 :  0.0410 0.9590 
 581      581   (0)      3 :  0.0686 0.9314 
 582      582   (0)      3 :  0.0580 0.9420 
 583      583   (0)      3 :  0.0300 0.9700 
 584      584   (0)      3 :  0.3540 0.6460 
 585      585   (0)      3 :  0.2280 0.7720 
 586      586   (0)      3 :  0.0794 0.9206 
 587      587   (0)      3 :  0.1850 0.8150 
 588      588   (0)      3 :  0.1126 0.8874 
 589      589   (0)      3 :  0.2760 0.7240 
 590      590   (0)      3 :  0.0670 0.9330 
 591      591   (0)      3 :  0.0886 0.9114 
 592      592   (0)      3 :  0.2098 0.7902 
 593      593   (0)      3 :  0.1150 0.8850 
 594      594   (0)      3 :  0.0110 0.9890 
 595      595   (0)      3 :  0.0920 0.9080 
 596      596   (0)      3 :  0.0096 0.9904 
 597      597   (0)      3 :  0.0318 0.9682 
 598      598   (0)      3 :  0.0736 0.9264 
 599      599   (0)      3 :  0.1460 0.8540 
 600      600   (0)      3 :  0.0390 0.9610 
 601      601   (0)      4 :  0.2386 0.7614 
 602      602   (0)      4 :  0.3800 0.6200 
 603      603   (0)      4 :  0.3330 0.6670 
 604      604   (0)      4 :  0.3210 0.6790 
 605      605   (0)      4 :  0.3330 0.6670 
 606      606   (0)      4 :  0.2798 0.7202 
 607      607   (0)      4 :  0.1770 0.8230 
 608      608   (0)      4 :  0.1920 0.8080 
 609      609   (0)      4 :  0.1412 0.8588 
 610      610   (0)      4 :  0.1888 0.8112 
 611      611   (0)      4 :  0.2578 0.7422 
 612      612   (0)      4 :  0.2484 0.7516 
 613      613   (0)      4 :  0.3794 0.6206 
 614      614   (0)      4 :  0.2756 0.7244 
 615      615   (0)      4 :  0.2954 0.7046 
 616      616   (0)      4 :  0.1590 0.8410 
 617      617   (0)      4 :  0.0880 0.9120 
 618      618   (0)      4 :  0.3730 0.6270 
 619      619   (0)      4 :  0.2520 0.7480 
 620      620   (0)      4 :  0.4730 0.5270 
 621      621   (0)      4 :  0.3410 0.6590 
 622      622   (0)      4 :  0.1740 0.8260 
 623      623   (0)      4 :  0.0706 0.9294 
 624      624   (0)      4 :  0.1626 0.8374 
 625      625   (0)      4 :  0.3540 0.6460 
 626      626   (0)      4 :  0.0500 0.9500 
 627      627   (0)      4 :  0.0212 0.9788 
 628      628   (0)      4 :  0.0490 0.9510 
 629      629   (0)      4 :  0.2494 0.7506 
 630      630   (0)      4 :  0.4250 0.5750 
 631      631   (0)      4 :  0.1578 0.8422 
 632      632   (0)      4 :  0.3816 0.6184 
 633      633   (0)      4 :  0.3434 0.6566 
 634      634   (0)      4 :  0.1776 0.8224 
 635      635   (0)      4 :  0.0120 0.9880 
 636      636   (0)      4 :  0.3550 0.6450 
 637      637   (0)      4 :  0.2542 0.7458 
 638      638   (0)      4 :  0.1980 0.8020 
 639      639   (0)      4 :  0.1428 0.8572 
 640      640   (0)      4 :  0.2810 0.7190 
 641      641   (0)      4 :  0.2438 0.7562 
 642      642   (0)      4 :  0.4070 0.5930 
 643      643   (0)      4 :  0.2770 0.7230 
 644      644   (0)      4 :  0.3890 0.6110 
 645      645   (0)      4 :  0.2780 0.7220 
 646      646   (0)      4 :  0.1912 0.8088 
 647      647   (0)      4 :  0.1190 0.8810 
 648      648   (0)      4 :  0.1420 0.8580 
 649      649   (0)      4 :  0.1176 0.8824 
 650      650   (0)      4 :  0.2116 0.7884 
 651      651   (0)      4 :  0.2830 0.7170 
 652      652   (0)      4 :  0.0710 0.9290 
 653      653   (0)      4 :  0.1128 0.8872 
 654      654   (0)      4 :  0.2414 0.7586 
 655      655   (0)      4 :  0.2732 0.7268 
 656      656   (0)      4 :  0.1800 0.8200 
 657      657   (0)      4 :  0.2820 0.7180 
 658      658   (0)      4 :  0.3450 0.6550 
 659      659   (0)      4 :  0.2540 0.7460 
 660      660   (0)      4 :  0.2360 0.7640 
 661      661   (0)      4 :  0.1890 0.8110 
 662      662   (0)      4 :  0.2900 0.7100 
 663      663   (0)      4 :  0.1670 0.8330 
 664      664   (0)      4 :  0.1700 0.8300 
 665      665   (0)      4 :  0.0814 0.9186 
 666      666   (0)      4 :  0.2684 0.7316 
 667      667   (0)      4 :  0.0940 0.9060 
 668      668   (0)      4 :  0.1018 0.8982 
 669      669   (0)      4 :  0.2712 0.7288 
 670      670   (0)      4 :  0.2236 0.7764 
 671      671   (0)      4 :  0.2040 0.7960 
 672      672   (0)      4 :  0.1840 0.8160 
 673      673   (0)      4 :  0.2130 0.7870 
 674      674   (0)      4 :  0.3040 0.6960 
 675      675   (0)      4 :  0.2960 0.7040 
 676      676   (0)      4 :  0.3520 0.6480 
 677      677   (0)      4 :  0.1890 0.8110 
 678      678   (0)      4 :  0.1020 0.8980 
 679      679   (0)      4 :  0.1880 0.8120 
 680      680   (0)      4 :  0.2188 0.7812 
 681      681   (0)      4 :  0.2580 0.7420 
 682      682   (0)      4 :  0.0984 0.9016 
 683      683   (0)      4 :  0.1230 0.8770 
 684      684   (0)      4 :  0.1770 0.8230 
 685      685   (0)      4 :  0.1820 0.8180 
 686      686   (0)      4 :  0.0340 0.9660 
 687      687   (0)      4 :  0.2020 0.7980 
 688      688   (0)      4 :  0.2410 0.7590 
 689      689   (0)      4 :  0.1864 0.8136 
 690      690   (0)      4 :  0.2406 0.7594 
 691      691   (0)      4 :  0.1570 0.8430 
 692      692   (0)      4 :  0.3418 0.6582 
 693      693   (0)      4 :  0.3100 0.6900 
 694      694   (0)      4 :  0.1680 0.8320 
 695      695   (0)      4 :  0.3090 0.6910 
 696      696   (0)      4 :  0.1290 0.8710 
 697      697   (0)      4 :  0.1990 0.8010 
 698      698   (0)      4 :  0.2546 0.7454 
 699      699   (0)      4 :  0.2400 0.7600 
 700      700   (0)      4 :  0.3090 0.6910 
 701      701   (0)      5 :  0.4372 0.5628 
 702      702   (0)      5 :  0.4930 0.5070 
 703      703   (0)      5 :  0.4630 0.5370 
 704      704   (0)      5 :  0.3810 0.6190 
 705      705   (0)      5 :  0.4670 0.5330 
 706      706   (0)      5 :  0.4750 0.5250 
 707      707   (0)      5 :  0.5200 0.4800 
 708      708   (0)      5 :  0.5910 0.4090 
 709      709   (0)      5 :  0.6230 0.3770 
 710      710   (0)      5 :  0.5950 0.4050 
 711      711   (0)      5 :  0.4510 0.5490 
 712      712   (0)      5 :  0.4860 0.5140 
 713      713   (0)      5 :  0.4420 0.5580 
 714      714   (0)      5 :  0.4192 0.5808 
 715      715   (0)      5 :  0.4170 0.5830 
 716      716   (0)      5 :  0.4758 0.5242 
 717      717   (0)      5 :  0.6700 0.3300 
 718      718   (0)      5 :  0.4570 0.5430 
 719      719   (0)      5 :  0.4200 0.5800 
 720      720   (0)      5 :  0.5470 0.4530 
 721      721   (0)      5 :  0.5612 0.4388 
 722      722   (0)      5 :  0.5390 0.4610 
 723      723   (0)      5 :  0.4938 0.5062 
 724      724   (0)      5 :  0.4600 0.5400 
 725      725   (0)      5 :  0.4542 0.5458 
 726      726   (0)      5 :  0.4744 0.5256 
 727      727   (0)      5 :  0.3080 0.6920 
 728      728   (0)      5 :  0.3630 0.6370 
 729      729   (0)      5 :  0.3340 0.6660 
 730      730   (0)      5 :  0.4960 0.5040 
 731      731   (0)      5 :  0.5670 0.4330 
 732      732   (0)      5 :  0.5616 0.4384 
 733      733   (0)      5 :  0.5350 0.4650 
 734      734   (0)      5 :  0.6150 0.3850 
 735      735   (0)      5 :  0.4962 0.5038 
 736      736   (0)      5 :  0.6970 0.3030 
 737      737   (0)      5 :  0.3760 0.6240 
 738      738   (0)      5 :  0.6080 0.3920 
 739      739   (0)      5 :  0.5660 0.4340 
 740      740   (0)      5 :  0.6070 0.3930 
 741      741   (0)      5 :  0.4772 0.5228 
 742      742   (0)      5 :  0.3780 0.6220 
 743      743   (0)      5 :  0.5266 0.4734 
 744      744   (0)      5 :  0.5092 0.4908 
 745      745   (0)      5 :  0.6000 0.4000 
 746      746   (0)      5 :  0.6570 0.3430 
 747      747   (0)      5 :  0.4912 0.5088 
 748      748   (0)      5 :  0.5560 0.4440 
 749      749   (0)      5 :  0.4840 0.5160 
 750      750   (0)      5 :  0.4736 0.5264 
 751      751   (0)      5 :  0.5470 0.4530 
 752      752   (0)      5 :  0.5362 0.4638 
 753      753   (0)      5 :  0.4150 0.5850 
 754      754   (0)      5 :  0.5178 0.4822 
 755      755   (0)      5 :  0.4172 0.5828 
 756      756   (0)      5 :  0.6210 0.3790 
 757      757   (0)      5 :  0.5230 0.4770 
 758      758   (0)      5 :  0.4420 0.5580 
 759      759   (0)      5 :  0.5114 0.4886 
 760      760   (0)      5 :  0.4994 0.5006 
 761      761   (0)      5 :  0.5020 0.4980 
 762      762   (0)      5 :  0.4470 0.5530 
 763      763   (0)      5 :  0.4710 0.5290 
 764      764   (0)      5 :  0.5840 0.4160 
 765      765   (0)      5 :  0.4770 0.5230 
 766      766   (0)      5 :  0.4922 0.5078 
 767      767   (0)      5 :  0.4880 0.5120 
 768      768   (0)      5 :  0.4380 0.5620 
 769      769   (0)      5 :  0.4782 0.5218 
 770      770   (0)      5 :  0.3408 0.6592 
 771      771   (0)      5 :  0.4648 0.5352 
 772      772   (0)      5 :  0.4614 0.5386 
 773      773   (0)      5 :  0.5708 0.4292 
 774      774   (0)      5 :  0.4650 0.5350 
 775      775   (0)      5 :  0.5314 0.4686 
 776      776   (0)      5 :  0.4440 0.5560 
 777      777   (0)      5 :  0.4016 0.5984 
 778      778   (0)      5 :  0.5100 0.4900 
 779      779   (0)      5 :  0.5488 0.4512 
 780      780   (0)      5 :  0.5410 0.4590 
 781      781   (0)      5 :  0.4360 0.5640 
 782      782   (0)      5 :  0.4860 0.5140 
 783      783   (0)      5 :  0.5240 0.4760 
 784      784   (0)      5 :  0.4298 0.5702 
 785      785   (0)      5 :  0.4388 0.5612 
 786      786   (0)      5 :  0.5690 0.4310 
 787      787   (0)      5 :  0.3950 0.6050 
 788      788   (0)      5 :  0.4690 0.5310 
 789      789   (0)      5 :  0.4890 0.5110 
 790      790   (0)      5 :  0.4800 0.5200 
 791      791   (0)      5 :  0.5214 0.4786 
 792      792   (0)      5 :  0.5718 0.4282 
 793      793   (0)      5 :  0.4604 0.5396 
 794      794   (0)      5 :  0.5000 0.5000 
 795      795   (0)      5 :  0.5340 0.4660 
 796      796   (0)      5 :  0.5180 0.4820 
 797      797   (0)      5 :  0.4860 0.5140 
 798      798   (0)      5 :  0.3278 0.6722 
 799      799   (0)      5 :  0.5010 0.4990 
 800      800   (0)      5 :  0.4314 0.5686 
 801      801   (0)      6 :  0.6840 0.3160 
 802      802   (0)      6 :  0.7640 0.2360 
 803      803   (0)      6 :  0.6758 0.3242 
 804      804   (0)      6 :  0.6770 0.3230 
 805      805   (0)      6 :  0.7450 0.2550 
 806      806   (0)      6 :  0.7030 0.2970 
 807      807   (0)      6 :  0.7830 0.2170 
 808      808   (0)      6 :  0.7610 0.2390 
 809      809   (0)      6 :  0.7914 0.2086 
 810      810   (0)      6 :  0.7020 0.2980 
 811      811   (0)      6 :  0.7030 0.2970 
 812      812   (0)      6 :  0.7750 0.2250 
 813      813   (0)      6 :  0.7508 0.2492 
 814      814   (0)      6 :  0.7230 0.2770 
 815      815   (0)      6 :  0.6720 0.3280 
 816      816   (0)      6 :  0.7320 0.2680 
 817      817   (0)      6 :  0.8258 0.1742 
 818      818   (0)      6 :  0.7210 0.2790 
 819      819   (0)      6 :  0.7740 0.2260 
 820      820   (0)      6 :  0.7900 0.2100 
 821      821   (0)      6 :  0.7090 0.2910 
 822      822   (0)      6 :  0.7720 0.2280 
 823      823   (0)      6 :  0.8090 0.1910 
 824      824   (0)      6 :  0.6958 0.3042 
 825      825   (0)      6 :  0.8130 0.1870 
 826      826   (0)      6 :  0.7514 0.2486 
 827      827   (0)      6 :  0.7180 0.2820 
 828      828   (0)      6 :  0.8130 0.1870 
 829      829   (0)      6 :  0.8490 0.1510 
 830      830   (0)      6 :  0.5950 0.4050 
 831      831   (0)      6 :  0.5770 0.4230 
 832      832   (0)      6 :  0.6590 0.3410 
 833      833   (0)      6 :  0.7750 0.2250 
 834      834   (0)      6 :  0.6540 0.3460 
 835      835   (0)      6 :  0.7130 0.2870 
 836      836   (0)      6 :  0.7990 0.2010 
 837      837   (0)      6 :  0.8040 0.1960 
 838      838   (0)      6 :  0.8340 0.1660 
 839      839   (0)      6 :  0.8060 0.1940 
 840      840   (0)      6 :  0.6450 0.3550 
 841      841   (0)      6 :  0.6980 0.3020 
 842      842   (0)      6 :  0.7130 0.2870 
 843      843   (0)      6 :  0.8560 0.1440 
 844      844   (0)      6 :  0.8130 0.1870 
 845      845   (0)      6 :  0.7760 0.2240 
 846      846   (0)      6 :  0.6828 0.3172 
 847      847   (0)      6 :  0.7370 0.2630 
 848      848   (0)      6 :  0.4884 0.5116 
 849      849   (0)      6 :  0.7480 0.2520 
 850      850   (0)      6 :  0.6338 0.3662 
 851      851   (0)      6 :  0.7450 0.2550 
 852      852   (0)      6 :  0.6900 0.3100 
 853      853   (0)      6 :  0.6490 0.3510 
 854      854   (0)      6 :  0.8630 0.1370 
 855      855   (0)      6 :  0.7380 0.2620 
 856      856   (0)      6 :  0.7696 0.2304 
 857      857   (0)      6 :  0.7410 0.2590 
 858      858   (0)      6 :  0.7474 0.2526 
 859      859   (0)      6 :  0.8560 0.1440 
 860      860   (0)      6 :  0.8830 0.1170 
 861      861   (0)      6 :  0.5460 0.4540 
 862      862   (0)      6 :  0.9790 0.0210 
 863      863   (0)      6 :  0.8726 0.1274 
 864      864   (0)      6 :  0.7582 0.2418 
 865      865   (0)      6 :  0.7530 0.2470 
 866      866   (0)      6 :  0.7578 0.2422 
 867      867   (0)      6 :  0.8166 0.1834 
 868      868   (0)      6 :  0.7464 0.2536 
 869      869   (0)      6 :  0.7660 0.2340 
 870      870   (0)      6 :  0.7240 0.2760 
 871      871   (0)      6 :  0.7260 0.2740 
 872      872   (0)      6 :  0.7382 0.2618 
 873      873   (0)      6 :  0.7830 0.2170 
 874      874   (0)      6 :  0.6450 0.3550 
 875      875   (0)      6 :  0.4840 0.5160 
 876      876   (0)      6 :  0.6940 0.3060 
 877      877   (0)      6 :  0.5510 0.4490 
 878      878   (0)      6 :  0.6990 0.3010 
 879      879   (0)      6 :  0.6710 0.3290 
 880      880   (0)      6 :  0.6940 0.3060 
 881      881   (0)      6 :  0.7110 0.2890 
 882      882   (0)      6 :  0.6500 0.3500 
 883      883   (0)      6 :  0.6240 0.3760 
 884      884   (0)      6 :  0.6090 0.3910 
 885      885   (0)      6 :  0.7290 0.2710 
 886      886   (0)      6 :  0.6922 0.3078 
 887      887   (0)      6 :  0.7238 0.2762 
 888      888   (0)      6 :  0.8490 0.1510 
 889      889   (0)      6 :  0.7520 0.2480 
 890      890   (0)      6 :  0.8410 0.1590 
 891      891   (0)      6 :  0.7880 0.2120 
 892      892   (0)      6 :  0.6180 0.3820 
 893      893   (0)      6 :  0.8030 0.1970 
 894      894   (0)      6 :  0.7034 0.2966 
 895      895   (0)      6 :  0.9586 0.0414 
 896      896   (0)      6 :  0.7208 0.2792 
 897      897   (0)      6 :  0.8290 0.1710 
 898      898   (0)      6 :  0.8284 0.1716 
 899      899   (0)      6 :  0.7350 0.2650 
 900      900   (0)      6 :  0.7450 0.2550 
 901      901   (0)      7 :  0.8080 0.1920 
 902      902   (0)      7 :  0.8530 0.1470 
 903      903   (0)      7 :  0.7200 0.2800 
 904      904   (0)      7 :  0.9890 0.0110 
 905      905   (0)      7 :  0.8126 0.1874 
 906      906   (0)      7 :  0.9880 0.0120 
 907      907   (0)      7 :  0.9610 0.0390 
 908      908   (0)      7 :  0.9640 0.0360 
 909      909   (0)      7 :  0.6850 0.3150 
 910      910   (0)      7 :  0.8488 0.1512 
 911      911   (0)      7 :  0.8990 0.1010 
 912      912   (0)      7 :  0.9240 0.0760 
 913      913   (0)      7 :  0.8280 0.1720 
 914      914   (0)      7 :  0.9550 0.0450 
 915      915   (0)      7 :  0.8420 0.1580 
 916      916   (0)      7 :  0.8570 0.1430 
 917      917   (0)      7 :  0.8758 0.1242 
 918      918   (0)      7 :  0.9810 0.0190 
 919      919   (0)      7 :  0.8910 0.1090 
 920      920   (0)      7 :  0.9840 0.0160 
 921      921   (0)      7 :  0.9940 0.0060 
 922      922   (0)      7 :  0.8790 0.1210 
 923      923   (0)      7 :  0.9050 0.0950 
 924      924   (0)      7 :  0.8740 0.1260 
 925      925   (0)      7 :  0.8530 0.1470 
 926      926   (0)      7 :  0.8666 0.1334 
 927      927   (0)      7 :  0.7696 0.2304 
 928      928   (0)      7 :  0.8790 0.1210 
 929      929   (0)      7 :  0.8600 0.1400 
 930      930   (0)      7 :  0.9180 0.0820 
 931      931   (0)      7 :  0.8010 0.1990 
 932      932   (0)      7 :  0.8400 0.1600 
 933      933   (0)      7 :  0.9590 0.0410 
 934      934   (0)      7 :  0.9450 0.0550 
 935      935   (0)      7 :  0.7490 0.2510 
 936      936   (0)      7 :  0.8920 0.1080 
 937      937   (0)      7 :  0.7570 0.2430 
 938      938   (0)      7 :  0.8060 0.1940 
 939      939   (0)      7 :  0.9070 0.0930 
 940      940   (0)      7 :  0.9580 0.0420 
 941      941   (0)      7 :  0.9010 0.0990 
 942      942   (0)      7 :  0.7130 0.2870 
 943      943   (0)      7 :  0.7768 0.2232 
 944      944   (0)      7 :  0.8732 0.1268 
 945      945   (0)      7 :  0.8080 0.1920 
 946      946   (0)      7 :  0.9364 0.0636 
 947      947   (0)      7 :  0.9280 0.0720 
 948      948   (0)      7 :  0.8920 0.1080 
 949      949   (0)      7 :  0.7660 0.2340 
 950      950   (0)      7 :  0.8810 0.1190 
 951      951   (0)      7 :  0.9040 0.0960 
 952      952   (0)      7 :  0.9100 0.0900 
 953      953   (0)      7 :  0.7694 0.2306 
 954      954   (0)      7 :  0.8870 0.1130 
 955      955   (0)      7 :  0.9350 0.0650 
 956      956   (0)      7 :  0.8810 0.1190 
 957      957   (0)      7 :  0.9292 0.0708 
 958      958   (0)      7 :  0.9580 0.0420 
 959      959   (0)      7 :  0.7768 0.2232 
 960      960   (0)      7 :  0.9210 0.0790 
 961      961   (0)      7 :  0.9090 0.0910 
 962      962   (0)      7 :  0.8540 0.1460 
 963      963   (0)      7 :  0.8290 0.1710 
 964      964   (0)      7 :  0.8876 0.1124 
 965      965   (0)      7 :  0.9580 0.0420 
 966      966   (0)      7 :  0.9866 0.0134 
 967      967   (0)      7 :  0.9540 0.0460 
 968      968   (0)      7 :  0.9930 0.0070 
 969      969   (0)      7 :  0.7040 0.2960 
 970      970   (0)      7 :  0.9530 0.0470 
 971      971   (0)      7 :  0.7960 0.2040 
 972      972   (0)      7 :  0.8092 0.1908 
 973      973   (0)      7 :  0.9720 0.0280 
 974      974   (0)      7 :  0.8340 0.1660 
 975      975   (0)      7 :  0.7930 0.2070 
 976      976   (0)      7 :  0.8440 0.1560 
 977      977   (0)      7 :  0.8232 0.1768 
 978      978   (0)      7 :  0.8000 0.2000 
 979      979   (0)      7 :  0.8890 0.1110 
 980      980   (0)      7 :  0.7996 0.2004 
 981      981   (0)      7 :  0.8384 0.1616 
 982      982   (0)      7 :  0.8854 0.1146 
 983      983   (0)      7 :  0.9490 0.0510 
 984      984   (0)      7 :  0.8720 0.1280 
 985      985   (0)      7 :  0.8600 0.1400 
 986      986   (0)      7 :  0.9060 0.0940 
 987      987   (0)      7 :  0.9740 0.0260 
 988      988   (0)      7 :  0.9408 0.0592 
 989      989   (0)      7 :  0.7504 0.2496 
 990      990   (0)      7 :  0.7830 0.2170 
 991      991   (0)      7 :  0.8260 0.1740 
 992      992   (0)      7 :  0.8900 0.1100 
 993      993   (0)      7 :  0.7890 0.2110 
 994      994   (0)      7 :  0.9110 0.0890 
 995      995   (0)      7 :  0.8878 0.1122 
 996      996   (0)      7 :  0.8770 0.1230 
 997      997   (0)      7 :  0.8450 0.1550 
 998      998   (0)      7 :  0.9940 0.0060 
 999      999   (0)      7 :  0.7544 0.2456 
1000     1000   (0)      7 :  0.8290 0.1710 
1001     1001   (5)      8 :  0.9880 0.0120 
1002     1002   (0)      8 :  0.9850 0.0150 
1003     1003   (0)      8 :  0.9930 0.0070 
1004     1004   (0)      8 :  0.9680 0.0320 
1005     1005   (0)      8 :  0.9920 0.0080 
1006     1006   (0)      8 :  0.9910 0.0090 
1007     1007   (0)      8 :  0.9940 0.0060 
1008     1008   (0)      8 :  0.9900 0.0100 
1009     1009   (0)      8 :  0.9930 0.0070 
1010     1010   (0)      8 :  0.9910 0.0090 
1011     1011   (0)      8 :  0.9950 0.0050 
1012     1012   (0)      8 :  0.9930 0.0070 
1013     1013   (0)      8 :  0.9870 0.0130 
1014     1014   (5)      8 :  0.9950 0.0050 
1015     1015   (0)      8 :  0.9930 0.0070 
1016     1016   (0)      8 :  0.9940 0.0060 
1017     1017   (0)      8 :  0.9920 0.0080 
1018     1018   (0)      8 :  0.9910 0.0090 
1019     1019   (0)      8 :  0.9870 0.0130 
1020     1020   (0)      8 :  0.9940 0.0060 
1021     1021   (0)      8 :  0.9950 0.0050 
1022     1022   (0)      8 :  0.9890 0.0110 
1023     1023   (0)      8 :  0.9940 0.0060 
1024     1024   (0)      8 :  0.9950 0.0050 
1025     1025   (0)      8 :  0.9950 0.0050 
1026     1026   (0)      8 :  0.9936 0.0064 
1027     1027   (0)      8 :  0.9940 0.0060 
1028     1028   (0)      8 :  0.9930 0.0070 
1029     1029   (0)      9 :  0.9940 0.0060 
1030     1030   (0)      9 :  0.9930 0.0070 
1031     1031   (0)      9 :  0.9930 0.0070 
1032     1032   (0)      9 :  0.9940 0.0060 
1033     1033   (0)      9 :  0.9940 0.0060 
1034     1034   (0)      9 :  0.9950 0.0050 
1035     1035   (0)      9 :  0.9920 0.0080 
1036     1036   (0)      9 :  0.9940 0.0060 
1037     1037   (0)      9 :  0.9940 0.0060 
1038     1038   (0)      9 :  0.9920 0.0080 
1039     1039   (0)      9 :  0.9920 0.0080 
1040     1040   (0)      9 :  0.9880 0.0120 
1041     1041   (0)      9 :  0.9940 0.0060 
1042     1042   (0)      9 :  0.9920 0.0080 
1043     1043   (0)      9 :  0.9940 0.0060 
1044     1044   (0)      9 :  0.9920 0.0080 
1045     1045   (0)      9 :  0.9910 0.0090 
1046     1046   (0)      9 :  0.9930 0.0070 
1047     1047   (0)      9 :  0.9930 0.0070 
1048     1048   (0)      9 :  0.9942 0.0058 
1049     1049   (0)      9 :  0.9940 0.0060 
1050     1050   (0)      9 :  0.9910 0.0090 
1051     1051   (0)      9 :  0.9940 0.0060 
1052     1052   (0)      9 :  0.9940 0.0060 
1053     1053   (0)      9 :  0.9900 0.0100 
1054     1054   (0)      9 :  0.9930 0.0070 
1055     1055   (0)      9 :  0.9740 0.0260 
1056     1056   (0)      9 :  0.9830 0.0170 
1057     1057   (0)      9 :  0.9910 0.0090 
1058     1058   (0)      9 :  0.9920 0.0080 
1059     1059   (0)      9 :  0.9940 0.0060 
1060     1060   (0)      9 :  0.9950 0.0050 
1061     1061   (0)      9 :  0.9950 0.0050 
1062     1062   (0)      9 :  0.9940 0.0060 
1063     1063   (0)      9 :  0.9890 0.0110 
1064     1064   (0)      9 :  0.9940 0.0060 
1065     1065   (0)      9 :  0.9940 0.0060 
1066     1066   (0)      9 :  0.9900 0.0100 
1067     1067   (0)      9 :  0.9950 0.0050 
1068     1068   (0)      9 :  0.9840 0.0160 
1069     1069   (0)      9 :  0.9940 0.0060 
1070     1070   (0)      9 :  0.9950 0.0050 
1071     1071   (0)      9 :  0.9940 0.0060 
1072     1072   (0)      9 :  0.9910 0.0090 
1073     1073   (0)      9 :  0.9930 0.0070 
1074     1074   (0)      9 :  0.9930 0.0070 
1075     1075   (0)      9 :  0.9930 0.0070 
1076     1076   (0)      9 :  0.9930 0.0070 
1077     1077   (0)      9 :  0.9910 0.0090 
1078     1078   (0)      9 :  0.9920 0.0080 
1079     1079   (0)      9 :  0.9940 0.0060 
1080     1080   (0)      9 :  0.9930 0.0070 
1081     1081   (0)      9 :  0.9930 0.0070 
1082     1082   (0)      9 :  0.9900 0.0100 
1083     1083   (0)      9 :  0.9910 0.0090 
1084     1084   (0)      9 :  0.9890 0.0110 
1085     1085   (0)      9 :  0.9930 0.0070 
1086     1086   (0)      9 :  0.9930 0.0070 
1087     1087   (0)      9 :  0.9930 0.0070 
1088     1088   (0)      9 :  0.9890 0.0110 
1089     1089   (0)      9 :  0.9890 0.0110 
1090     1090   (0)      9 :  0.9900 0.0100 
1091     1091   (0)      9 :  0.9920 0.0080 
1092     1092   (0)      9 :  0.9940 0.0060 
1093     1093   (0)      9 :  0.9810 0.0190 
1094     1094   (0)      9 :  0.9940 0.0060 
1095     1095   (0)      9 :  0.9940 0.0060 
1096     1096   (0)      9 :  0.9928 0.0072 
1097     1097   (0)      9 :  0.9880 0.0120 
1098     1098   (0)      9 :  0.9930 0.0070 
1099     1099   (0)      9 :  0.9950 0.0050 
1100     1100   (0)      9 :  0.9940 0.0060 
1101     1101   (0)      9 :  0.9900 0.0100 
1102     1102   (0)      9 :  0.9810 0.0190 
1103     1103   (0)      9 :  0.9940 0.0060 
1104     1104   (0)      9 :  0.9880 0.0120 
1105     1105   (0)      9 :  0.9940 0.0060 
1106     1106   (0)      9 :  0.9930 0.0070 
1107     1107   (0)      9 :  0.9936 0.0064 
1108     1108   (0)      9 :  0.9950 0.0050 
1109     1109   (0)      9 :  0.9910 0.0090 
1110     1110   (0)      9 :  0.9920 0.0080 
1111     1111   (0)      9 :  0.9940 0.0060 
1112     1112   (0)      9 :  0.9930 0.0070 
1113     1113   (0)      9 :  0.9940 0.0060 
1114     1114   (0)      9 :  0.9940 0.0060 
1115     1115   (0)      9 :  0.9910 0.0090 
1116     1116   (0)      9 :  0.9940 0.0060 
1117     1117   (0)      9 :  0.9880 0.0120 
1118     1118   (0)      9 :  0.9930 0.0070 
1119     1119   (0)      9 :  0.9930 0.0070 
1120     1120   (0)      9 :  0.9950 0.0050 
1121     1121   (0)      9 :  0.9940 0.0060 
1122     1122   (0)      9 :  0.9940 0.0060 
1123     1123   (0)      9 :  0.9950 0.0050 
1124     1124   (0)      9 :  0.9930 0.0070 
1125     1125   (0)      9 :  0.9930 0.0070 
1126     1126   (0)      9 :  0.9940 0.0060 
1127     1127   (0)      9 :  0.9940 0.0060 
1128     1128   (0)      9 :  0.9950 0.0050 
1129     1129   (0)      9 :  0.9890 0.0110 
1130     1130   (0)      9 :  0.9930 0.0070 
1131     1131   (0)      9 :  0.9940 0.0060 
1132     1132   (0)      9 :  0.9950 0.0050 
1133     1133   (0)      9 :  0.9930 0.0070 
1134     1134   (0)      9 :  0.9920 0.0080 
1135     1135   (0)      9 :  0.9930 0.0070 
1136     1136   (0)      9 :  0.9910 0.0090 
1137     1137   (0)      9 :  0.9900 0.0100 
1138     1138   (0)      9 :  0.9940 0.0060 
1139     1139   (0)      9 :  0.9860 0.0140 
1140     1140   (0)      9 :  0.9920 0.0080 
1141     1141   (0)      9 :  0.9920 0.0080 
1142     1142   (0)      9 :  0.9810 0.0190 
1143     1143   (0)      9 :  0.9940 0.0060 
1144     1144   (0)      9 :  0.9930 0.0070 
1145     1145   (0)      9 :  0.9950 0.0050 
1146     1146   (0)      9 :  0.9880 0.0120 
1147     1147   (0)      9 :  0.9950 0.0050 
1148     1148   (0)      9 :  0.9950 0.0050 
1149     1149   (0)      9 :  0.9900 0.0100 
1150     1150   (0)      9 :  0.9816 0.0184 
1151     1151   (0)      9 :  0.9950 0.0050 
1152     1152   (0)      9 :  0.9936 0.0064 
1153     1153   (0)      9 :  0.9900 0.0100 
1154     1154   (0)      9 :  0.9920 0.0080 
1155     1155   (0)      9 :  0.9930 0.0070 
1156     1156   (0)      9 :  0.9930 0.0070 
1157     1157   (0)      9 :  0.9930 0.0070 
1158     1158   (0)      9 :  0.9940 0.0060 
1159     1159   (0)      9 :  0.9930 0.0070 
1160     1160   (0)      9 :  0.9950 0.0050 
1161     1161   (0)      9 :  0.9900 0.0100 
1162     1162   (0)      9 :  0.9950 0.0050 
1163     1163   (0)      9 :  0.9950 0.0050 
1164     1164   (0)      9 :  0.9920 0.0080 
1165     1165   (0)      9 :  0.9930 0.0070 
1166     1166   (0)      9 :  0.9940 0.0060 
1167     1167   (0)      9 :  0.9950 0.0050 
1168     1168   (0)      9 :  0.9940 0.0060 
1169     1169   (0)      9 :  0.9930 0.0070 
1170     1170   (0)      9 :  0.9930 0.0070 
1171     1171   (0)      9 :  0.9740 0.0260 
1172     1172   (0)      9 :  0.9950 0.0050 
1173     1173   (0)      9 :  0.9910 0.0090 
1174     1174   (0)      9 :  0.9940 0.0060 
1175     1175   (0)      9 :  0.9932 0.0068 
1176     1176   (0)      9 :  0.9930 0.0070 
1177     1177   (0)      9 :  0.9940 0.0060 
1178     1178   (0)      9 :  0.9890 0.0110 
1179     1179   (0)      9 :  0.9940 0.0060 
1180     1180   (0)      9 :  0.9940 0.0060 
1181     1181   (0)      9 :  0.9910 0.0090 
1182     1182   (0)      9 :  0.9920 0.0080 
1183     1183   (0)      9 :  0.9950 0.0050 
1184     1184   (0)      9 :  0.9900 0.0100 
1185     1185   (0)      9 :  0.9790 0.0210 
1186     1186   (0)      9 :  0.9940 0.0060 
1187     1187   (0)      9 :  0.9930 0.0070 
1188     1188   (0)      9 :  0.9890 0.0110 
1189     1189   (0)      9 :  0.9920 0.0080 
1190     1190   (0)      9 :  0.9922 0.0078 
1191     1191   (0)      9 :  0.9910 0.0090 
1192     1192   (0)      9 :  0.9930 0.0070 
1193     1193   (0)      9 :  0.9930 0.0070 
1194     1194   (0)      9 :  0.9820 0.0180 
1195     1195   (0)      9 :  0.9950 0.0050 
1196     1196   (0)      9 :  0.9940 0.0060 
1197     1197   (0)      9 :  0.9874 0.0126 
1198     1198   (0)      9 :  0.9930 0.0070 
1199     1199   (0)      9 :  0.9940 0.0060 
1200     1200   (0)      9 :  0.9930 0.0070 
1201     1201   (0)      9 :  0.9940 0.0060 
1202     1202   (0)      9 :  0.9940 0.0060 
1203     1203   (0)      9 :  0.9920 0.0080 
1204     1204   (0)      9 :  0.9910 0.0090 
1205     1205   (0)      9 :  0.9910 0.0090 
1206     1206   (0)      9 :  0.9930 0.0070 
1207     1207   (0)      9 :  0.9920 0.0080 
1208     1208   (0)      9 :  0.9910 0.0090 
1209     1209   (0)      9 :  0.9940 0.0060 
1210     1210   (0)      9 :  0.9860 0.0140 
1211     1211   (0)      9 :  0.9950 0.0050 
1212     1212   (0)      9 :  0.9950 0.0050 
1213     1213   (0)      9 :  0.9940 0.0060 
1214     1214   (0)      9 :  0.9910 0.0090 
1215     1215   (0)      9 :  0.9940 0.0060 
1216     1216   (0)      9 :  0.9930 0.0070 
1217     1217   (0)      9 :  0.9930 0.0070 
1218     1218   (0)      9 :  0.9940 0.0060 
1219     1219   (0)      9 :  0.9900 0.0100 
1220     1220   (0)      9 :  0.9940 0.0060 
1221     1221   (0)      9 :  0.9900 0.0100 
1222     1222   (0)      9 :  0.9850 0.0150 
1223     1223   (0)      9 :  0.9930 0.0070 
1224     1224   (0)      9 :  0.9930 0.0070 
1225     1225   (0)      9 :  0.9920 0.0080 
1226     1226   (0)      9 :  0.9920 0.0080 
1227     1227   (0)      9 :  0.9940 0.0060 
1228     1228   (0)      9 :  0.9940 0.0060 
1229     1229   (0)      9 :  0.9950 0.0050 
1230     1230   (0)      9 :  0.9924 0.0076 
1231     1231   (0)      9 :  0.9890 0.0110 
1232     1232   (0)      9 :  0.9920 0.0080 
1233     1233   (0)      9 :  0.9930 0.0070 
1234     1234   (0)      9 :  0.9950 0.0050 
1235     1235   (0)      9 :  0.9940 0.0060 
1236     1236   (0)      9 :  0.9930 0.0070 
1237     1237   (0)      9 :  0.9920 0.0080 
1238     1238   (0)      9 :  0.9920 0.0080 
1239     1239   (0)      9 :  0.9920 0.0080 
1240     1240   (0)      9 :  0.9930 0.0070 
1241     1241   (0)      9 :  0.9940 0.0060 
1242     1242   (0)      9 :  0.9950 0.0050 
1243     1243   (0)      9 :  0.9940 0.0060 
1244     1244   (0)      9 :  0.9860 0.0140 
1245     1245   (0)      9 :  0.9880 0.0120 
1246     1246   (0)      9 :  0.9920 0.0080 
1247     1247   (0)      9 :  0.9940 0.0060 
1248     1248   (0)      9 :  0.9900 0.0100 
1249     1249   (0)      9 :  0.9940 0.0060 
1250     1250   (0)      9 :  0.9900 0.0100 
1251     1251   (0)      9 :  0.9930 0.0070 
1252     1252   (0)      9 :  0.9930 0.0070 
1253     1253   (0)      9 :  0.9920 0.0080 
1254     1254   (0)      9 :  0.9920 0.0080 
1255     1255   (0)      9 :  0.9940 0.0060 
1256     1256   (0)      9 :  0.9942 0.0058 
1257     1257   (0)      9 :  0.9930 0.0070 
1258     1258   (0)      9 :  0.9830 0.0170 
1259     1259   (0)      9 :  0.9940 0.0060 
1260     1260   (0)      9 :  0.9900 0.0100 
1261     1261   (0)      9 :  0.9920 0.0080 
1262     1262   (0)      9 :  0.9900 0.0100 
1263     1263   (0)      9 :  0.9950 0.0050 
1264     1264   (0)      9 :  0.9890 0.0110 
1265     1265   (0)      9 :  0.9920 0.0080 
1266     1266   (0)      9 :  0.9940 0.0060 
1267     1267   (0)      9 :  0.9940 0.0060 
1268     1268   (0)      9 :  0.9940 0.0060 
1269     1269   (0)      9 :  0.9760 0.0240 
1270     1270   (0)      9 :  0.9940 0.0060 
1271     1271   (0)      9 :  0.9950 0.0050 
1272     1272   (0)      9 :  0.9910 0.0090 
1273     1273   (0)      9 :  0.9950 0.0050 
1274     1274   (0)      9 :  0.9940 0.0060 
1275     1275   (0)      9 :  0.9930 0.0070 
1276     1276   (0)      9 :  0.9940 0.0060 
1277     1277   (0)      9 :  0.9910 0.0090 
1278     1278   (0)      9 :  0.9940 0.0060 
1279     1279   (0)      9 :  0.9950 0.0050 
1280     1280   (0)      9 :  0.9850 0.0150 
1281     1281   (0)      9 :  0.9950 0.0050 
1282     1282   (0)      9 :  0.9940 0.0060 
1283     1283   (0)      9 :  0.9880 0.0120 
1284     1284   (0)      9 :  0.9880 0.0120 
1285     1285   (0)      9 :  0.9950 0.0050 
1286     1286   (0)      9 :  0.9934 0.0066 
1287     1287   (0)      9 :  0.9930 0.0070 
1288     1288   (0)      9 :  0.9940 0.0060 
1289     1289   (0)      9 :  0.9940 0.0060 
1290     1290   (0)      9 :  0.9960 0.0040 
1291     1291   (0)      9 :  0.9930 0.0070 
1292     1292   (0)      9 :  0.9880 0.0120 
1293     1293   (0)      9 :  0.9870 0.0130 
1294     1294   (0)      9 :  0.9910 0.0090 
1295     1295   (0)      9 :  0.9940 0.0060 
1296     1296   (0)      9 :  0.9920 0.0080 
1297     1297   (0)      9 :  0.9904 0.0096 
1298     1298   (0)      9 :  0.9930 0.0070 
1299     1299   (0)      9 :  0.9860 0.0140 
1300     1300   (0)      9 :  0.9930 0.0070 
1301     1301   (0)      9 :  0.9910 0.0090 
1302     1302   (0)      9 :  0.9938 0.0062 
1303     1303   (0)      9 :  0.9940 0.0060 
1304     1304   (0)      9 :  0.9930 0.0070 
1305     1305   (0)      9 :  0.9820 0.0180 
1306     1306   (0)      9 :  0.9780 0.0220 
1307     1307   (0)      9 :  0.9920 0.0080 
1308     1308   (0)      9 :  0.9940 0.0060 
1309     1309   (0)      9 :  0.9940 0.0060 
1310     1310   (0)      9 :  0.9940 0.0060 
1311     1311   (0)      9 :  0.9930 0.0070 
1312     1312   (0)      9 :  0.9920 0.0080 
1313     1313   (0)      9 :  0.9900 0.0100 
1314     1314   (0)      9 :  0.9900 0.0100 
1315     1315   (0)      9 :  0.9850 0.0150 
1316     1316   (0)      9 :  0.9940 0.0060 
1317     1317   (0)      9 :  0.9940 0.0060 
1318     1318   (0)      9 :  0.9900 0.0100 
1319     1319   (0)      9 :  0.9860 0.0140 
1320     1320   (0)      9 :  0.9940 0.0060 
1321     1321   (0)      9 :  0.9940 0.0060 
1322     1322   (0)      9 :  0.9930 0.0070 
1323     1323   (0)      9 :  0.9940 0.0060 
1324     1324   (0)      9 :  0.9920 0.0080 
1325     1325   (0)      9 :  0.9940 0.0060 
1326     1326   (0)      9 :  0.9930 0.0070 
1327     1327   (0)      9 :  0.9950 0.0050 
1328     1328   (0)      9 :  0.9920 0.0080 
1329     1329   (0)      9 :  0.9940 0.0060 
1330     1330   (0)      9 :  0.9870 0.0130 
1331     1331   (0)      9 :  0.9910 0.0090 
1332     1332   (0)      9 :  0.9950 0.0050 
1333     1333   (0)      9 :  0.9950 0.0050 
1334     1334   (0)      9 :  0.9900 0.0100 
1335     1335   (0)      9 :  0.9940 0.0060 
1336     1336   (0)      9 :  0.9950 0.0050 
1337     1337   (0)      9 :  0.9940 0.0060 
1338     1338   (0)      9 :  0.9910 0.0090 
1339     1339   (0)      9 :  0.9934 0.0066 
1340     1340   (0)      9 :  0.9940 0.0060 
1341     1341   (0)      9 :  0.9940 0.0060 
1342     1342   (0)      9 :  0.9940 0.0060 
1343     1343   (0)      9 :  0.9940 0.0060 
1344     1344   (0)      9 :  0.9920 0.0080 
1345     1345   (0)      9 :  0.9940 0.0060 
1346     1346   (0)      9 :  0.9950 0.0050 
1347     1347   (0)      9 :  0.9940 0.0060 
1348     1348   (0)      9 :  0.9890 0.0110 
1349     1349   (0)      9 :  0.9920 0.0080 
1350     1350   (0)      9 :  0.9930 0.0070 
1351     1351   (0)      9 :  0.9940 0.0060 
1352     1352   (0)      9 :  0.9940 0.0060 
1353     1353   (0)      9 :  0.9950 0.0050 
1354     1354   (0)      9 :  0.9940 0.0060 
1355     1355   (0)      9 :  0.9930 0.0070 
1356     1356   (0)      9 :  0.9940 0.0060 
1357     1357   (0)      9 :  0.9940 0.0060 
1358     1358   (0)      9 :  0.9810 0.0190 
1359     1359   (0)      9 :  0.9930 0.0070 
1360     1360   (0)      9 :  0.9940 0.0060 
1361     1361   (0)      9 :  0.9930 0.0070 
1362     1362   (0)      9 :  0.9930 0.0070 
1363     1363   (0)      9 :  0.9940 0.0060 
1364     1364   (0)      9 :  0.9920 0.0080 
1365     1365   (0)      9 :  0.9942 0.0058 
1366     1366   (0)      9 :  0.9910 0.0090 
1367     1367   (0)      9 :  0.9950 0.0050 
1368     1368   (0)      9 :  0.9700 0.0300 
1369     1369   (0)      9 :  0.9920 0.0080 
1370     1370   (0)      9 :  0.9930 0.0070 
1371     1371   (0)      9 :  0.9940 0.0060 
1372     1372   (0)      9 :  0.9920 0.0080 
1373     1373   (0)      9 :  0.9910 0.0090 
1374     1374   (0)      9 :  0.9920 0.0080 
1375     1375   (0)      9 :  0.9840 0.0160 
1376     1376   (0)      9 :  0.9890 0.0110 
1377     1377   (0)      9 :  0.9930 0.0070 
1378     1378   (0)      9 :  0.9890 0.0110 
1379     1379   (0)      9 :  0.9850 0.0150 
1380     1380   (0)      9 :  0.9940 0.0060 
1381     1381   (0)      9 :  0.9940 0.0060 
1382     1382   (0)      9 :  0.9950 0.0050 
1383     1383   (0)      9 :  0.9940 0.0060 
1384     1384   (0)      9 :  0.9930 0.0070 
1385     1385   (0)      9 :  0.9940 0.0060 
1386     1386   (0)      9 :  0.9870 0.0130 
1387     1387   (0)      9 :  0.9950 0.0050 
1388     1388   (0)      9 :  0.9950 0.0050 
1389     1389   (0)      9 :  0.9950 0.0050 
1390     1390   (0)      9 :  0.9900 0.0100 
1391     1391   (0)      9 :  0.9940 0.0060 
1392     1392   (0)      9 :  0.9920 0.0080 
1393     1393   (0)      9 :  0.9910 0.0090 
1394     1394   (0)      9 :  0.9890 0.0110 
1395     1395   (0)      9 :  0.9950 0.0050 
1396     1396   (0)      9 :  0.9940 0.0060 
1397     1397   (0)      9 :  0.9950 0.0050 
1398     1398   (0)      9 :  0.9890 0.0110 
1399     1399   (0)      9 :  0.9940 0.0060 
1400     1400   (0)      9 :  0.9920 0.0080 
1401     1401   (0)      9 :  0.9940 0.0060 
1402     1402   (0)      9 :  0.9870 0.0130 
1403     1403   (0)      9 :  0.9940 0.0060 
1404     1404   (0)      9 :  0.9940 0.0060 
1405     1405   (0)      9 :  0.9930 0.0070 
1406     1406   (0)      9 :  0.9940 0.0060 
1407     1407   (0)      9 :  0.9830 0.0170 
1408     1408   (0)      9 :  0.9950 0.0050 
1409     1409   (0)      9 :  0.9950 0.0050 
1410     1410   (0)      9 :  0.9930 0.0070 
1411     1411   (0)      9 :  0.9940 0.0060 
1412     1412   (0)      9 :  0.9950 0.0050 
1413     1413   (0)      9 :  0.9930 0.0070 
1414     1414   (0)      9 :  0.9900 0.0100 
1415     1415   (0)      9 :  0.9954 0.0046 
1416     1416   (0)      9 :  0.9920 0.0080 
1417     1417   (0)      9 :  0.9950 0.0050 
1418     1418   (0)      9 :  0.9860 0.0140 
1419     1419   (0)      9 :  0.9930 0.0070 
1420     1420   (0)      9 :  0.9940 0.0060 
1421     1421   (0)      9 :  0.9930 0.0070 
1422     1422   (0)      9 :  0.9920 0.0080 
1423     1423   (0)      9 :  0.9940 0.0060 
1424     1424   (0)      9 :  0.9940 0.0060 
1425     1425   (0)      9 :  0.9920 0.0080 
1426     1426   (0)      9 :  0.9920 0.0080 
1427     1427   (0)      9 :  0.9950 0.0050 
1428     1428   (0)      9 :  0.9920 0.0080 
1429     1429   (0)      9 :  0.9920 0.0080 
1430     1430   (0)      9 :  0.9950 0.0050 
1431     1431   (0)      9 :  0.9900 0.0100 
1432     1432   (0)      9 :  0.9940 0.0060 
1433     1433   (0)      9 :  0.9920 0.0080 
1434     1434   (0)      9 :  0.9920 0.0080 
1435     1435   (0)      9 :  0.9910 0.0090 
1436     1436   (0)      9 :  0.9910 0.0090 
1437     1437   (0)      9 :  0.9950 0.0050 
1438     1438   (0)      9 :  0.9950 0.0050 
1439     1439   (0)      9 :  0.9860 0.0140 
1440     1440   (0)      9 :  0.9930 0.0070 
1441     1441   (0)      9 :  0.9930 0.0070 
1442     1442   (0)      9 :  0.9930 0.0070 
1443     1443   (0)      9 :  0.9938 0.0062 
1444     1444   (0)      9 :  0.9940 0.0060 
1445     1445   (0)      9 :  0.9924 0.0076 
1446     1446   (0)      9 :  0.9930 0.0070 
1447     1447   (0)      9 :  0.9930 0.0070 
1448     1448   (0)      9 :  0.9940 0.0060 
1449     1449   (0)      9 :  0.9940 0.0060 
1450     1450   (0)      9 :  0.9940 0.0060 
1451     1451   (0)      9 :  0.9940 0.0060 
1452     1452   (0)      9 :  0.9940 0.0060 
1453     1453   (0)      9 :  0.9940 0.0060 
1454     1454   (0)      9 :  0.9930 0.0070 
1455     1455   (0)      9 :  0.9890 0.0110 
1456     1456   (0)      9 :  0.9880 0.0120 
1457     1457   (0)      9 :  0.9930 0.0070 
1458     1458   (0)      9 :  0.9940 0.0060 
1459     1459   (0)      9 :  0.9920 0.0080 
1460     1460   (0)      9 :  0.9930 0.0070 
1461     1461   (0)      9 :  0.9910 0.0090 
1462     1462   (0)      9 :  0.9820 0.0180 
1463     1463   (0)      9 :  0.9940 0.0060 
1464     1464   (0)      9 :  0.9930 0.0070 
1465     1465   (0)      9 :  0.9910 0.0090 
1466     1466   (0)      9 :  0.9900 0.0100 
1467     1467   (0)      9 :  0.9950 0.0050 
1468     1468   (0)      9 :  0.9900 0.0100 
1469     1469   (0)      9 :  0.9930 0.0070 
1470     1470   (0)      9 :  0.9930 0.0070 
1471     1471   (0)      9 :  0.9950 0.0050 
1472     1472   (0)      9 :  0.9940 0.0060 
1473     1473   (0)      9 :  0.9872 0.0128 
1474     1474   (0)      9 :  0.9930 0.0070 
1475     1475   (0)      9 :  0.9940 0.0060 
1476     1476   (0)      9 :  0.9910 0.0090 
1477     1477   (0)      9 :  0.9930 0.0070 
1478     1478   (0)      9 :  0.9932 0.0068 
1479     1479   (0)      9 :  0.9920 0.0080 
1480     1480   (0)      9 :  0.9940 0.0060 
1481     1481   (0)      9 :  0.9920 0.0080 
1482     1482   (0)      9 :  0.9930 0.0070 
1483     1483   (0)      9 :  0.9940 0.0060 
1484     1484   (0)      9 :  0.9940 0.0060 
1485     1485   (0)      9 :  0.9890 0.0110 
1486     1486   (0)      9 :  0.9940 0.0060 
1487     1487   (0)      9 :  0.9890 0.0110 
1488     1488   (0)      9 :  0.9794 0.0206 
1489     1489   (0)      9 :  0.9920 0.0080 
1490     1490   (0)      9 :  0.9930 0.0070 
1491     1491   (0)      9 :  0.9930 0.0070 
1492     1492   (0)      9 :  0.9920 0.0080 
1493     1493   (0)      9 :  0.9940 0.0060 
1494     1494   (0)      9 :  0.9918 0.0082 
1495     1495   (0)      9 :  0.9930 0.0070 
1496     1496   (0)      9 :  0.9902 0.0098 
1497     1497   (0)      9 :  0.9920 0.0080 
1498     1498   (0)      9 :  0.9950 0.0050 
1499     1499   (0)      9 :  0.9800 0.0200 
1500     1500   (0)      9 :  0.9930 0.0070 
