1        1   (5)      1  : 0.9726 0.0274
2        2   (5)      1  : 0.9542 0.0458
3        3   (5)      1  : 0.9794 0.0206
4        4   (0)      1  : 0.9750 0.0250
5        5   (0)      1  : 0.9558 0.0442
6        6   (0)      1  : 0.9770 0.0230
7        7   (0)      1  : 0.9626 0.0374
8        8   (5)      1  : 0.9706 0.0294
9        9   (0)      1  : 0.9800 0.0200
10       10   (0)      1  : 0.9530 0.0470
11       11   (0)      1  : 0.9750 0.0250
12       12   (0)      1  : 0.9572 0.0428
13       13   (0)      1  : 0.9550 0.0450
14       14   (0)      1  : 0.9746 0.0254
15       15   (0)      1  : 0.9782 0.0218
16       16   (0)      1  : 0.9796 0.0204
17       17   (0)      1  : 0.9826 0.0174
18       18   (0)      1  : 0.9740 0.0260
19       19   (0)      1  : 0.9264 0.0736
20       20   (0)      1  : 0.9346 0.0654
21       21   (0)      1  : 0.9760 0.0240
22       22   (0)      1  : 0.9860 0.0140
23       23   (0)      1  : 0.9820 0.0180
24       24   (0)      1  : 0.9506 0.0494
25       25   (0)      1  : 0.9416 0.0584
26       26   (0)      1  : 0.9552 0.0448
27       27   (5)      1  : 0.9724 0.0276
28       28   (0)      1  : 0.9840 0.0160
29       29   (0)      1  : 0.9780 0.0220
30       30   (0)      1  : 0.9424 0.0576
31       31   (0)      1  : 0.9790 0.0210
32       32   (0)      1  : 0.9706 0.0294
33       33   (0)      1  : 0.9790 0.0210
34       34   (0)      1  : 0.9824 0.0176
35       35   (0)      1  : 0.9606 0.0394
36       36   (0)      1  : 0.9790 0.0210
37       37   (0)      1  : 0.9524 0.0476
38       38   (0)      1  : 0.9526 0.0474
39       39   (0)      1  : 0.9736 0.0264
40       40   (0)      1  : 0.9636 0.0364
41       41   (0)      1  : 0.9770 0.0230
42       42   (0)      1  : 0.9806 0.0194
43       43   (0)      1  : 0.9800 0.0200
44       44   (0)      1  : 0.9850 0.0150
45       45   (5)      1  : 0.9556 0.0444
46       46   (0)      1  : 0.9870 0.0130
47       47   (0)      1  : 0.9850 0.0150
48       48   (0)      1  : 0.9780 0.0220
49       49   (0)      1  : 0.9500 0.0500
50       50   (0)      1  : 0.9770 0.0230
51       51   (0)      1  : 0.9576 0.0424
52       52   (0)      1  : 0.8876 0.1124
53       53   (0)      1  : 0.9750 0.0250
54       54   (0)      1  : 0.9850 0.0150
55       55   (0)      1  : 0.9786 0.0214
56       56   (0)      1  : 0.9790 0.0210
57       57  (10)      1  : 0.9626 0.0374
58       58   (5)      1  : 0.9730 0.0270
59       59   (0)      1  : 0.9650 0.0350
60       60   (0)      1  : 0.9806 0.0194
61       61   (0)      1  : 0.9730 0.0270
62       62   (0)      1  : 0.9770 0.0230
63       63   (0)      1  : 0.9722 0.0278
64       64   (0)      1  : 0.9776 0.0224
65       65   (0)      1  : 0.9120 0.0880
66       66   (0)      1  : 0.9794 0.0206
67       67   (5)      1  : 0.9484 0.0516
68       68   (0)      1  : 0.9760 0.0240
69       69   (0)      1  : 0.9826 0.0174
70       70   (0)      1  : 0.9740 0.0260
71       71   (5)      1  : 0.9694 0.0306
72       72   (0)      1  : 0.9606 0.0394
73       73   (5)      1  : 0.9768 0.0232
74       74  (10)      1  : 0.9660 0.0340
75       75  (10)      1  : 0.9346 0.0654
76       76   (0)      1  : 0.9754 0.0246
77       77  (10)      1  : 0.9670 0.0330
78       78   (0)      1  : 0.9682 0.0318
79       79   (5)      1  : 0.9780 0.0220
80       80   (0)      1  : 0.9800 0.0200
81       81   (0)      1  : 0.9762 0.0238
82       82   (0)      1  : 0.9790 0.0210
83       83   (0)      1  : 0.9710 0.0290
84       84   (0)      1  : 0.9706 0.0294
85       85   (0)      1  : 0.9814 0.0186
86       86   (5)      1  : 0.9740 0.0260
87       87   (0)      1  : 0.9772 0.0228
88       88   (0)      1  : 0.9576 0.0424
89       89   (0)      1  : 0.9456 0.0544
90       90   (0)      1  : 0.9772 0.0228
91       91   (0)      1  : 0.9680 0.0320
92       92   (0)      1  : 0.9770 0.0230
93       93   (0)      1  : 0.9810 0.0190
94       94   (5)      1  : 0.9526 0.0474
95       95   (0)      1  : 0.9740 0.0260
96       96   (5)      1  : 0.9770 0.0230
97       97   (0)      1  : 0.9816 0.0184
98       98   (0)      1  : 0.9628 0.0372
99       99   (5)      1  : 0.9660 0.0340
100      100   (5)      1  : 0.9830 0.0170
101      101   (0)      2  : 0.9160 0.0840
102      102   (0)      2  : 0.9402 0.0598
103      103   (0)      2  : 0.8754 0.1246
104      104   (0)      2  : 0.7924 0.2076
105      105   (0)      2  : 0.8386 0.1614
106      106   (0)      2  : 0.8932 0.1068
107      107   (0)      2  : 0.8866 0.1134
108      108   (0)      2  : 0.8778 0.1222
109      109   (0)      2  : 0.9740 0.0260
110      110   (0)      2  : 0.9266 0.0734
111      111   (0)      2  : 0.9304 0.0696
112      112   (0)      2  : 0.9760 0.0240
113      113   (0)      2  : 0.9820 0.0180
114      114   (0)      2  : 0.8478 0.1522
115      115   (0)      2  : 0.9242 0.0758
116      116   (0)      2  : 0.9586 0.0414
117      117   (0)      2  : 0.8504 0.1496
118      118   (0)      2  : 0.9584 0.0416
119      119   (0)      2  : 0.8956 0.1044
120      120   (0)      2  : 0.9282 0.0718
121      121   (0)      2  : 0.8214 0.1786
122      122   (0)      2  : 0.9490 0.0510
123      123   (0)      2  : 0.9626 0.0374
124      124   (0)      2  : 0.9516 0.0484
125      125   (0)      2  : 0.9106 0.0894
126      126   (0)      2  : 0.9524 0.0476
127      127   (0)      2  : 0.8342 0.1658
128      128   (0)      2  : 0.8886 0.1114
129      129   (0)      2  : 0.9528 0.0472
130      130   (0)      2  : 0.9016 0.0984
131      131   (0)      2  : 0.9256 0.0744
132      132   (0)      2  : 0.9574 0.0426
133      133   (0)      2  : 0.8638 0.1362
134      134   (0)      2  : 0.9748 0.0252
135      135   (0)      2  : 0.9756 0.0244
136      136   (0)      2  : 0.9170 0.0830
137      137   (0)      2  : 0.9416 0.0584
138      138   (0)      2  : 0.7574 0.2426
139      139   (0)      2  : 0.9536 0.0464
140      140   (0)      2  : 0.9660 0.0340
141      141   (0)      2  : 0.9502 0.0498
142      142   (0)      2  : 0.9096 0.0904
143      143   (0)      2  : 0.9506 0.0494
144      144   (0)      2  : 0.9098 0.0902
145      145   (0)      2  : 0.8492 0.1508
146      146   (0)      2  : 0.9626 0.0374
147      147   (0)      2  : 0.8022 0.1978
148      148   (0)      2  : 0.9430 0.0570
149      149   (0)      2  : 0.9706 0.0294
150      150   (0)      2  : 0.9574 0.0426
151      151   (0)      2  : 0.9716 0.0284
152      152   (0)      2  : 0.9614 0.0386
153      153   (0)      2  : 0.8806 0.1194
154      154   (0)      2  : 0.9310 0.0690
155      155   (0)      2  : 0.9756 0.0244
156      156   (0)      2  : 0.7040 0.2960
157      157   (0)      2  : 0.8866 0.1134
158      158   (0)      2  : 0.9712 0.0288
159      159   (0)      2  : 0.8544 0.1456
160      160   (0)      2  : 0.9466 0.0534
161      161   (0)      2  : 0.8930 0.1070
162      162   (0)      2  : 0.8666 0.1334
163      163   (0)      2  : 0.8542 0.1458
164      164   (0)      2  : 0.9506 0.0494
165      165   (0)      2  : 0.8022 0.1978
166      166   (0)      2  : 0.9372 0.0628
167      167   (0)      2  : 0.9820 0.0180
168      168   (0)      2  : 0.9764 0.0236
169      169   (0)      2  : 0.9192 0.0808
170      170   (0)      2  : 0.9740 0.0260
171      171   (0)      2  : 0.8588 0.1412
172      172   (0)      2  : 0.9340 0.0660
173      173   (0)      2  : 0.8952 0.1048
174      174   (0)      2  : 0.9610 0.0390
175      175   (0)      2  : 0.8868 0.1132
176      176   (0)      2  : 0.8010 0.1990
177      177   (0)      2  : 0.8670 0.1330
178      178   (0)      2  : 0.9250 0.0750
179      179   (0)      2  : 0.9460 0.0540
180      180   (0)      2  : 0.9840 0.0160
181      181   (0)      2  : 0.9096 0.0904
182      182   (0)      2  : 0.8930 0.1070
183      183   (0)      2  : 0.9700 0.0300
184      184   (0)      2  : 0.9392 0.0608
185      185   (0)      2  : 0.9426 0.0574
186      186   (0)      2  : 0.9502 0.0498
187      187   (0)      2  : 0.9760 0.0240
188      188   (0)      2  : 0.9558 0.0442
189      189   (0)      2  : 0.9356 0.0644
190      190   (0)      2  : 0.8774 0.1226
191      191   (0)      2  : 0.7604 0.2396
192      192   (0)      2  : 0.8994 0.1006
193      193   (0)      2  : 0.7904 0.2096
194      194   (0)      2  : 0.9136 0.0864
195      195   (0)      2  : 0.7442 0.2558
196      196   (0)      2  : 0.9258 0.0742
197      197   (0)      2  : 0.8720 0.1280
198      198   (0)      2  : 0.9556 0.0444
199      199   (0)      2  : 0.8954 0.1046
200      200   (0)      2  : 0.9760 0.0240
201      201   (0)      3  : 0.9746 0.0254
202      202   (0)      3  : 0.7976 0.2024
203      203   (0)      3  : 0.5964 0.4036
204      204   (0)      3  : 0.6998 0.3002
205      205   (0)      3  : 0.6370 0.3630
206      206   (0)      3  : 0.9064 0.0936
207      207   (0)      3  : 0.5976 0.4024
208      208   (0)      3  : 0.8272 0.1728
209      209   (0)      3  : 0.9238 0.0762
210      210   (0)      3  : 0.7982 0.2018
211      211   (0)      3  : 0.8142 0.1858
212      212   (0)      3  : 0.8844 0.1156
213      213   (0)      3  : 0.7880 0.2120
214      214   (0)      3  : 0.7438 0.2562
215      215   (0)      3  : 0.8444 0.1556
216      216   (0)      3  : 0.8242 0.1758
217      217   (0)      3  : 0.7970 0.2030
218      218   (0)      3  : 0.6252 0.3748
219      219   (0)      3  : 0.6678 0.3322
220      220   (0)      3  : 0.7646 0.2354
221      221   (0)      3  : 0.6712 0.3288
222      222   (0)      3  : 0.8028 0.1972
223      223   (0)      3  : 0.9048 0.0952
224      224   (0)      3  : 0.9236 0.0764
225      225   (0)      3  : 0.8116 0.1884
226      226   (0)      3  : 0.7120 0.2880
227      227   (0)      3  : 0.9722 0.0278
228      228   (0)      3  : 0.6516 0.3484
229      229   (0)      3  : 0.7232 0.2768
230      230   (0)      3  : 0.7664 0.2336
231      231   (0)      3  : 0.9212 0.0788
232      232   (0)      3  : 0.8076 0.1924
233      233   (0)      3  : 0.6980 0.3020
234      234   (0)      3  : 0.7988 0.2012
235      235   (0)      3  : 0.7180 0.2820
236      236   (0)      3  : 0.8166 0.1834
237      237   (0)      3  : 0.6772 0.3228
238      238   (0)      3  : 0.8006 0.1994
239      239   (0)      3  : 0.7886 0.2114
240      240   (0)      3  : 0.8888 0.1112
241      241   (0)      3  : 0.8528 0.1472
242      242   (0)      3  : 0.8712 0.1288
243      243   (0)      3  : 0.9528 0.0472
244      244   (0)      3  : 0.7860 0.2140
245      245   (0)      3  : 0.8230 0.1770
246      246   (0)      3  : 0.7996 0.2004
247      247   (0)      3  : 0.7628 0.2372
248      248   (0)      3  : 0.8852 0.1148
249      249   (0)      3  : 0.7716 0.2284
250      250   (0)      3  : 0.9466 0.0534
251      251   (0)      3  : 0.7306 0.2694
252      252   (0)      3  : 0.7624 0.2376
253      253   (0)      3  : 0.5852 0.4148
254      254   (0)      3  : 0.8336 0.1664
255      255   (0)      3  : 0.7672 0.2328
256      256   (0)      3  : 0.7020 0.2980
257      257   (0)      3  : 0.8296 0.1704
258      258   (0)      3  : 0.9000 0.1000
259      259   (0)      3  : 0.6794 0.3206
260      260   (0)      3  : 0.7322 0.2678
261      261   (0)      3  : 0.7726 0.2274
262      262   (0)      3  : 0.6196 0.3804
263      263   (0)      3  : 0.9110 0.0890
264      264   (0)      3  : 0.7368 0.2632
265      265   (0)      3  : 0.6692 0.3308
266      266   (0)      3  : 0.6992 0.3008
267      267   (0)      3  : 0.8162 0.1838
268      268   (0)      3  : 0.5806 0.4194
269      269   (0)      3  : 0.7114 0.2886
270      270   (0)      3  : 0.7830 0.2170
271      271   (0)      3  : 0.9052 0.0948
272      272   (0)      3  : 0.7052 0.2948
273      273   (0)      3  : 0.8806 0.1194
274      274   (0)      3  : 0.6584 0.3416
275      275   (0)      3  : 0.7932 0.2068
276      276   (0)      3  : 0.7080 0.2920
277      277   (0)      3  : 0.9526 0.0474
278      278   (0)      3  : 0.6400 0.3600
279      279   (0)      3  : 0.8472 0.1528
280      280   (0)      3  : 0.5522 0.4478
281      281   (0)      3  : 0.9280 0.0720
282      282   (0)      3  : 0.8156 0.1844
283      283   (0)      3  : 0.8230 0.1770
284      284   (0)      3  : 0.7392 0.2608
285      285   (0)      3  : 0.8706 0.1294
286      286   (0)      3  : 0.8336 0.1664
287      287   (0)      3  : 0.5616 0.4384
288      288   (0)      3  : 0.7332 0.2668
289      289   (0)      3  : 0.6852 0.3148
290      290   (0)      3  : 0.9390 0.0610
291      291   (0)      3  : 0.8668 0.1332
292      292   (0)      3  : 0.6446 0.3554
293      293   (0)      3  : 0.7358 0.2642
294      294   (0)      3  : 0.9266 0.0734
295      295   (0)      3  : 0.7654 0.2346
296      296   (0)      3  : 0.8032 0.1968
297      297   (0)      3  : 0.8168 0.1832
298      298   (0)      3  : 0.9198 0.0802
299      299   (0)      3  : 0.7770 0.2230
300      300   (0)      3  : 0.7890 0.2110
301      301   (0)      4  : 0.4070 0.5930
302      302   (0)      4  : 0.4164 0.5836
303      303   (0)      4  : 0.5948 0.4052
304      304   (0)      4  : 0.4762 0.5238
305      305   (0)      4  : 0.6560 0.3440
306      306   (0)      4  : 0.3986 0.6014
307      307   (0)      4  : 0.5596 0.4404
308      308   (0)      4  : 0.6260 0.3740
309      309   (0)      4  : 0.4626 0.5374
310      310   (0)      4  : 0.4394 0.5606
311      311   (0)      4  : 0.6246 0.3754
312      312   (0)      4  : 0.3584 0.6416
313      313   (0)      4  : 0.5004 0.4996
314      314   (0)      4  : 0.5806 0.4194
315      315   (0)      4  : 0.3506 0.6494
316      316   (0)      4  : 0.4610 0.5390
317      317   (0)      4  : 0.4316 0.5684
318      318   (0)      4  : 0.5126 0.4874
319      319   (0)      4  : 0.5456 0.4544
320      320   (0)      4  : 0.4854 0.5146
321      321   (0)      4  : 0.4948 0.5052
322      322   (0)      4  : 0.5864 0.4136
323      323   (0)      4  : 0.4366 0.5634
324      324   (0)      4  : 0.4334 0.5666
325      325   (0)      4  : 0.5632 0.4368
326      326   (0)      4  : 0.4790 0.5210
327      327   (0)      4  : 0.4656 0.5344
328      328   (0)      4  : 0.5386 0.4614
329      329   (0)      4  : 0.5380 0.4620
330      330   (0)      4  : 0.4376 0.5624
331      331   (0)      4  : 0.4494 0.5506
332      332   (0)      4  : 0.3578 0.6422
333      333   (0)      4  : 0.6322 0.3678
334      334   (0)      4  : 0.5156 0.4844
335      335   (0)      4  : 0.5712 0.4288
336      336   (0)      4  : 0.5160 0.4840
337      337   (0)      4  : 0.4642 0.5358
338      338   (0)      4  : 0.5692 0.4308
339      339   (0)      4  : 0.4876 0.5124
340      340   (0)      4  : 0.5388 0.4612
341      341   (0)      4  : 0.4240 0.5760
342      342   (0)      4  : 0.5524 0.4476
343      343   (0)      4  : 0.5360 0.4640
344      344   (0)      4  : 0.6214 0.3786
345      345   (0)      4  : 0.5236 0.4764
346      346   (0)      4  : 0.6046 0.3954
347      347   (0)      4  : 0.4300 0.5700
348      348   (0)      4  : 0.5854 0.4146
349      349   (0)      4  : 0.3550 0.6450
350      350   (0)      4  : 0.7064 0.2936
351      351   (0)      4  : 0.5946 0.4054
352      352   (0)      4  : 0.3826 0.6174
353      353   (0)      4  : 0.4138 0.5862
354      354   (0)      4  : 0.4894 0.5106
355      355   (0)      4  : 0.5016 0.4984
356      356   (0)      4  : 0.4402 0.5598
357      357   (0)      4  : 0.5776 0.4224
358      358   (0)      4  : 0.4700 0.5300
359      359   (0)      4  : 0.5846 0.4154
360      360   (0)      4  : 0.4604 0.5396
361      361   (0)      4  : 0.5220 0.4780
362      362   (0)      4  : 0.4644 0.5356
363      363   (0)      4  : 0.6698 0.3302
364      364   (0)      4  : 0.5036 0.4964
365      365   (0)      4  : 0.4806 0.5194
366      366   (0)      4  : 0.4356 0.5644
367      367   (0)      4  : 0.4946 0.5054
368      368   (0)      4  : 0.4674 0.5326
369      369   (0)      4  : 0.5620 0.4380
370      370   (0)      4  : 0.3618 0.6382
371      371   (0)      4  : 0.5194 0.4806
372      372   (0)      4  : 0.5092 0.4908
373      373   (0)      4  : 0.5396 0.4604
374      374   (0)      4  : 0.4832 0.5168
375      375   (0)      4  : 0.6224 0.3776
376      376   (0)      4  : 0.5430 0.4570
377      377   (0)      4  : 0.5162 0.4838
378      378   (0)      4  : 0.5134 0.4866
379      379   (0)      4  : 0.5008 0.4992
380      380   (0)      4  : 0.5016 0.4984
381      381   (0)      4  : 0.5588 0.4412
382      382   (0)      4  : 0.4730 0.5270
383      383   (0)      4  : 0.5182 0.4818
384      384   (0)      4  : 0.5430 0.4570
385      385   (0)      4  : 0.4100 0.5900
386      386   (0)      4  : 0.6964 0.3036
387      387   (0)      4  : 0.3582 0.6418
388      388   (0)      4  : 0.2492 0.7508
389      389   (0)      4  : 0.5016 0.4984
390      390   (0)      4  : 0.5406 0.4594
391      391   (0)      4  : 0.3296 0.6704
392      392   (0)      4  : 0.4632 0.5368
393      393   (0)      4  : 0.4866 0.5134
394      394   (0)      4  : 0.3570 0.6430
395      395   (0)      4  : 0.6482 0.3518
396      396   (0)      4  : 0.5214 0.4786
397      397   (0)      4  : 0.3720 0.6280
398      398   (0)      4  : 0.5336 0.4664
399      399   (0)      4  : 0.4066 0.5934
400      400   (0)      4  : 0.4778 0.5222
401      401   (0)      5  : 0.3456 0.6544
402      402   (0)      5  : 0.1904 0.8096
403      403   (0)      5  : 0.2460 0.7540
404      404   (0)      5  : 0.2124 0.7876
405      405   (0)      5  : 0.2950 0.7050
406      406   (0)      5  : 0.0364 0.9636
407      407   (0)      5  : 0.2104 0.7896
408      408   (0)      5  : 0.1472 0.8528
409      409   (0)      5  : 0.1716 0.8284
410      410   (0)      5  : 0.2124 0.7876
411      411   (0)      5  : 0.1000 0.9000
412      412   (0)      5  : 0.5308 0.4692
413      413   (0)      5  : 0.2036 0.7964
414      414   (0)      5  : 0.1702 0.8298
415      415   (0)      5  : 0.1086 0.8914
416      416   (0)      5  : 0.3190 0.6810
417      417   (0)      5  : 0.2400 0.7600
418      418   (0)      5  : 0.3178 0.6822
419      419   (0)      5  : 0.2610 0.7390
420      420   (0)      5  : 0.1436 0.8564
421      421   (0)      5  : 0.0594 0.9406
422      422   (0)      5  : 0.2320 0.7680
423      423   (0)      5  : 0.0516 0.9484
424      424   (0)      5  : 0.1942 0.8058
425      425   (0)      5  : 0.3320 0.6680
426      426   (0)      5  : 0.2674 0.7326
427      427   (0)      5  : 0.2418 0.7582
428      428   (0)      5  : 0.2930 0.7070
429      429   (0)      5  : 0.2144 0.7856
430      430   (0)      5  : 0.2820 0.7180
431      431   (0)      5  : 0.2042 0.7958
432      432   (0)      5  : 0.3730 0.6270
433      433   (0)      5  : 0.1628 0.8372
434      434   (0)      5  : 0.4622 0.5378
435      435   (0)      5  : 0.4000 0.6000
436      436   (0)      5  : 0.1240 0.8760
437      437   (0)      5  : 0.0904 0.9096
438      438   (0)      5  : 0.2546 0.7454
439      439   (0)      5  : 0.0624 0.9376
440      440   (0)      5  : 0.3520 0.6480
441      441   (0)      5  : 0.3648 0.6352
442      442   (0)      5  : 0.2306 0.7694
443      443   (0)      5  : 0.2354 0.7646
444      444   (0)      5  : 0.0664 0.9336
445      445   (0)      5  : 0.2888 0.7112
446      446   (0)      5  : 0.2118 0.7882
447      447   (0)      5  : 0.3020 0.6980
448      448   (0)      5  : 0.0384 0.9616
449      449   (0)      5  : 0.4986 0.5014
450      450   (0)      5  : 0.0906 0.9094
451      451   (0)      5  : 0.2632 0.7368
452      452   (0)      5  : 0.1984 0.8016
453      453   (0)      5  : 0.1884 0.8116
454      454   (0)      5  : 0.2804 0.7196
455      455   (0)      5  : 0.2970 0.7030
456      456   (0)      5  : 0.1226 0.8774
457      457   (0)      5  : 0.4236 0.5764
458      458   (0)      5  : 0.2440 0.7560
459      459   (0)      5  : 0.1502 0.8498
460      460   (0)      5  : 0.2306 0.7694
461      461   (0)      5  : 0.1324 0.8676
462      462   (0)      5  : 0.4832 0.5168
463      463   (0)      5  : 0.3346 0.6654
464      464   (0)      5  : 0.1590 0.8410
465      465   (0)      5  : 0.2770 0.7230
466      466   (0)      5  : 0.1400 0.8600
467      467   (0)      5  : 0.0424 0.9576
468      468   (0)      5  : 0.1554 0.8446
469      469   (0)      5  : 0.1990 0.8010
470      470   (0)      5  : 0.0454 0.9546
471      471   (0)      5  : 0.0418 0.9582
472      472   (0)      5  : 0.0190 0.9810
473      473   (0)      5  : 0.3516 0.6484
474      474   (0)      5  : 0.1114 0.8886
475      475   (0)      5  : 0.2490 0.7510
476      476   (0)      5  : 0.1156 0.8844
477      477   (0)      5  : 0.2616 0.7384
478      478   (0)      5  : 0.0534 0.9466
479      479   (0)      5  : 0.2550 0.7450
480      480   (0)      5  : 0.2970 0.7030
481      481   (0)      5  : 0.2660 0.7340
482      482   (0)      5  : 0.0336 0.9664
483      483   (0)      5  : 0.3536 0.6464
484      484   (0)      5  : 0.0464 0.9536
485      485   (0)      5  : 0.3380 0.6620
486      486   (0)      5  : 0.1040 0.8960
487      487   (0)      5  : 0.2040 0.7960
488      488   (0)      5  : 0.3904 0.6096
489      489   (0)      5  : 0.3120 0.6880
490      490   (0)      5  : 0.1642 0.8358
491      491   (0)      5  : 0.2564 0.7436
492      492   (0)      5  : 0.2840 0.7160
493      493   (0)      5  : 0.1734 0.8266
494      494   (0)      5  : 0.1710 0.8290
495      495   (0)      5  : 0.2720 0.7280
496      496   (0)      5  : 0.1900 0.8100
497      497   (0)      5  : 0.1350 0.8650
498      498   (0)      5  : 0.1238 0.8762
499      499   (0)      5  : 0.1134 0.8866
500      500   (0)      5  : 0.2194 0.7806
501      501   (0)      6  : 0.0380 0.9620
502      502   (0)      6  : 0.0604 0.9396
503      503   (0)      6  : 0.1176 0.8824
504      504   (0)      6  : 0.0300 0.9700
505      505   (0)      6  : 0.0438 0.9562
506      506   (0)      6  : 0.1084 0.8916
507      507   (0)      6  : 0.0754 0.9246
508      508   (0)      6  : 0.1704 0.8296
509      509   (0)      6  : 0.0170 0.9830
510      510   (0)      6  : 0.1444 0.8556
511      511   (0)      6  : 0.0552 0.9448
512      512   (0)      6  : 0.0200 0.9800
513      513   (0)      6  : 0.1454 0.8546
514      514   (0)      6  : 0.0240 0.9760
515      515   (0)      6  : 0.0580 0.9420
516      516   (0)      6  : 0.1512 0.8488
517      517   (0)      6  : 0.0320 0.9680
518      518   (0)      6  : 0.0216 0.9784
519      519   (0)      6  : 0.1330 0.8670
520      520   (0)      6  : 0.1260 0.8740
521      521   (0)      6  : 0.1134 0.8866
522      522   (0)      6  : 0.0180 0.9820
523      523   (0)      6  : 0.0306 0.9694
524      524   (0)      6  : 0.0688 0.9312
525      525   (0)      6  : 0.0410 0.9590
526      526   (0)      6  : 0.0420 0.9580
527      527   (0)      6  : 0.1924 0.8076
528      528   (0)      6  : 0.0290 0.9710
529      529   (0)      6  : 0.0470 0.9530
530      530   (0)      6  : 0.1302 0.8698
531      531   (0)      6  : 0.0620 0.9380
532      532   (0)      6  : 0.1116 0.8884
533      533   (0)      6  : 0.2030 0.7970
534      534   (0)      6  : 0.0620 0.9380
535      535   (0)      6  : 0.1944 0.8056
536      536   (0)      6  : 0.0310 0.9690
537      537   (0)      6  : 0.0434 0.9566
538      538   (0)      6  : 0.0520 0.9480
539      539   (0)      6  : 0.0452 0.9548
540      540   (0)      6  : 0.0952 0.9048
541      541   (0)      6  : 0.2204 0.7796
542      542   (0)      6  : 0.2116 0.7884
543      543   (0)      6  : 0.0728 0.9272
544      544   (0)      6  : 0.1514 0.8486
545      545   (0)      6  : 0.0184 0.9816
546      546   (0)      6  : 0.1956 0.8044
547      547   (0)      6  : 0.0250 0.9750
548      548   (0)      6  : 0.0686 0.9314
549      549   (0)      6  : 0.0340 0.9660
550      550   (0)      6  : 0.2512 0.7488
551      551   (0)      6  : 0.1268 0.8732
552      552   (0)      6  : 0.0564 0.9436
553      553   (0)      6  : 0.0320 0.9680
554      554   (0)      6  : 0.0334 0.9666
555      555   (0)      6  : 0.0514 0.9486
556      556   (0)      6  : 0.0926 0.9074
557      557   (0)      6  : 0.0370 0.9630
558      558   (0)      6  : 0.3136 0.6864
559      559   (0)      6  : 0.0260 0.9740
560      560   (0)      6  : 0.1034 0.8966
561      561   (0)      6  : 0.1366 0.8634
562      562   (0)      6  : 0.0306 0.9694
563      563   (0)      6  : 0.0210 0.9790
564      564   (0)      6  : 0.0454 0.9546
565      565   (0)      6  : 0.0504 0.9496
566      566   (0)      6  : 0.3366 0.6634
567      567   (0)      6  : 0.2476 0.7524
568      568   (0)      6  : 0.0814 0.9186
569      569   (0)      6  : 0.1404 0.8596
570      570   (0)      6  : 0.0930 0.9070
571      571   (0)      6  : 0.1918 0.8082
572      572   (0)      6  : 0.0748 0.9252
573      573   (0)      6  : 0.0392 0.9608
574      574   (0)      6  : 0.0714 0.9286
575      575   (0)      6  : 0.1370 0.8630
576      576   (0)      6  : 0.1360 0.8640
577      577   (0)      6  : 0.1800 0.8200
578      578   (0)      6  : 0.1220 0.8780
579      579   (0)      6  : 0.1860 0.8140
580      580   (0)      6  : 0.1180 0.8820
581      581   (0)      6  : 0.0514 0.9486
582      582   (0)      6  : 0.2962 0.7038
583      583   (0)      6  : 0.0664 0.9336
584      584   (0)      6  : 0.1100 0.8900
585      585   (0)      6  : 0.0864 0.9136
586      586   (0)      6  : 0.1878 0.8122
587      587   (0)      6  : 0.0944 0.9056
588      588   (0)      6  : 0.0750 0.9250
589      589   (0)      6  : 0.0494 0.9506
590      590   (0)      6  : 0.0954 0.9046
591      591   (0)      6  : 0.0804 0.9196
592      592   (0)      6  : 0.1174 0.8826
593      593   (0)      6  : 0.0348 0.9652
594      594   (0)      6  : 0.0280 0.9720
595      595   (0)      6  : 0.0470 0.9530
596      596   (0)      6  : 0.0586 0.9414
597      597   (0)      6  : 0.0940 0.9060
598      598   (0)      6  : 0.1296 0.8704
599      599   (0)      6  : 0.2194 0.7806
600      600   (0)      6  : 0.0990 0.9010
601      601   (5)      7  : 0.0306 0.9694
602      602   (0)      7  : 0.0336 0.9664
603      603   (0)      7  : 0.0168 0.9832
604      604   (0)      7  : 0.0612 0.9388
605      605   (0)      7  : 0.0248 0.9752
606      606   (0)      7  : 0.0260 0.9740
607      607   (0)      7  : 0.0140 0.9860
608      608   (0)      7  : 0.0290 0.9710
609      609   (0)      7  : 0.0194 0.9806
610      610   (0)      7  : 0.0250 0.9750
611      611   (0)      7  : 0.0140 0.9860
612      612   (0)      7  : 0.0174 0.9826
613      613   (0)      7  : 0.0250 0.9750
614      614   (5)      7  : 0.0140 0.9860
615      615   (0)      7  : 0.0170 0.9830
616      616   (0)      7  : 0.0150 0.9850
617      617   (0)      7  : 0.0210 0.9790
618      618   (0)      7  : 0.0220 0.9780
619      619   (0)      7  : 0.0290 0.9710
620      620   (0)      7  : 0.0170 0.9830
621      621   (0)      7  : 0.0150 0.9850
622      622   (0)      7  : 0.0300 0.9700
623      623   (0)      7  : 0.0170 0.9830
624      624   (0)      7  : 0.0130 0.9870
625      625   (0)      7  : 0.0130 0.9870
626      626   (0)      7  : 0.0180 0.9820
627      627   (0)      7  : 0.0150 0.9850
628      628   (0)      7  : 0.0170 0.9830
629      629   (0)      8  : 0.0170 0.9830
630      630   (0)      8  : 0.0150 0.9850
631      631   (0)      8  : 0.0250 0.9750
632      632   (0)      8  : 0.0144 0.9856
633      633   (0)      8  : 0.0210 0.9790
634      634   (0)      8  : 0.0180 0.9820
635      635   (0)      8  : 0.0324 0.9676
636      636   (0)      8  : 0.0200 0.9800
637      637   (0)      8  : 0.0184 0.9816
638      638   (0)      8  : 0.0180 0.9820
639      639   (0)      8  : 0.0150 0.9850
640      640   (0)      8  : 0.0210 0.9790
641      641   (0)      8  : 0.0170 0.9830
642      642   (0)      8  : 0.0170 0.9830
643      643   (0)      8  : 0.0190 0.9810
644      644   (0)      8  : 0.0270 0.9730
645      645   (0)      8  : 0.0158 0.9842
646      646   (0)      8  : 0.0120 0.9880
647      647   (0)      8  : 0.0190 0.9810
648      648   (0)      8  : 0.0160 0.9840
649      649   (0)      8  : 0.0160 0.9840
650      650   (0)      8  : 0.0206 0.9794
651      651   (0)      8  : 0.0180 0.9820
652      652   (0)      8  : 0.0274 0.9726
653      653   (0)      8  : 0.0230 0.9770
654      654   (0)      8  : 0.0180 0.9820
655      655   (0)      8  : 0.0190 0.9810
656      656   (0)      8  : 0.0142 0.9858
657      657   (0)      8  : 0.0160 0.9840
658      658   (0)      8  : 0.0140 0.9860
659      659   (0)      8  : 0.0130 0.9870
660      660   (0)      8  : 0.0162 0.9838
661      661   (0)      8  : 0.0214 0.9786
662      662   (0)      8  : 0.0144 0.9856
663      663   (0)      8  : 0.0240 0.9760
664      664   (0)      8  : 0.0174 0.9826
665      665   (0)      8  : 0.0332 0.9668
666      666   (0)      8  : 0.0190 0.9810
667      667   (0)      8  : 0.0140 0.9860
668      668   (0)      8  : 0.0172 0.9828
669      669   (0)      8  : 0.0150 0.9850
670      670   (0)      8  : 0.0226 0.9774
671      671   (0)      8  : 0.0230 0.9770
672      672   (0)      8  : 0.0240 0.9760
673      673   (0)      8  : 0.0210 0.9790
674      674   (0)      8  : 0.0150 0.9850
675      675   (0)      8  : 0.0216 0.9784
676      676   (0)      8  : 0.0200 0.9800
677      677   (0)      8  : 0.0200 0.9800
678      678   (0)      8  : 0.0186 0.9814
679      679   (0)      8  : 0.0180 0.9820
680      680   (0)      8  : 0.0470 0.9530
681      681   (0)      8  : 0.0140 0.9860
682      682   (0)      8  : 0.0180 0.9820
683      683   (0)      8  : 0.0150 0.9850
684      684   (0)      8  : 0.0302 0.9698
685      685   (0)      8  : 0.0210 0.9790
686      686   (0)      8  : 0.0210 0.9790
687      687   (0)      8  : 0.0140 0.9860
688      688   (0)      8  : 0.0250 0.9750
689      689   (0)      8  : 0.0524 0.9476
690      690   (0)      8  : 0.0220 0.9780
691      691   (0)      8  : 0.0360 0.9640
692      692   (0)      8  : 0.0140 0.9860
693      693   (0)      8  : 0.0190 0.9810
694      694   (0)      8  : 0.0190 0.9810
695      695   (0)      8  : 0.0296 0.9704
696      696   (0)      8  : 0.0254 0.9746
697      697   (0)      8  : 0.0160 0.9840
698      698   (0)      8  : 0.0152 0.9848
699      699   (0)      8  : 0.0160 0.9840
700      700   (0)      8  : 0.0546 0.9454
