1        1   (5)      1  : 0.9910 0.0090
2        2   (5)      1  : 0.9750 0.0250
3        3   (5)      1  : 0.9920 0.0080
4        4   (0)      1  : 0.9890 0.0110
5        5   (0)      1  : 0.9700 0.0300
6        6   (0)      1  : 0.9910 0.0090
7        7   (0)      1  : 0.9760 0.0240
8        8   (5)      1  : 0.9910 0.0090
9        9   (0)      1  : 0.9930 0.0070
10       10   (0)      1  : 0.9840 0.0160
11       11   (0)      1  : 0.9890 0.0110
12       12   (0)      1  : 0.9820 0.0180
13       13   (0)      1  : 0.9840 0.0160
14       14   (0)      1  : 0.9910 0.0090
15       15   (0)      1  : 0.9890 0.0110
16       16   (0)      1  : 0.9930 0.0070
17       17   (0)      1  : 0.9940 0.0060
18       18   (0)      1  : 0.9860 0.0140
19       19   (0)      1  : 0.9700 0.0300
20       20   (0)      1  : 0.9820 0.0180
21       21   (0)      1  : 0.9900 0.0100
22       22   (0)      1  : 0.9940 0.0060
23       23   (0)      1  : 0.9930 0.0070
24       24   (0)      1  : 0.9842 0.0158
25       25   (0)      1  : 0.9750 0.0250
26       26   (0)      1  : 0.9790 0.0210
27       27   (5)      1  : 0.9870 0.0130
28       28   (0)      1  : 0.9948 0.0052
29       29   (0)      1  : 0.9920 0.0080
30       30   (0)      1  : 0.9814 0.0186
31       31   (0)      1  : 0.9930 0.0070
32       32   (0)      1  : 0.9850 0.0150
33       33   (0)      1  : 0.9920 0.0080
34       34   (0)      1  : 0.9940 0.0060
35       35   (0)      1  : 0.9860 0.0140
36       36   (0)      1  : 0.9704 0.0296
37       37   (0)      1  : 0.9830 0.0170
38       38   (0)      1  : 0.9830 0.0170
39       39   (0)      1  : 0.9690 0.0310
40       40   (0)      1  : 0.9880 0.0120
41       41   (0)      1  : 0.9900 0.0100
42       42   (0)      1  : 0.9920 0.0080
43       43   (0)      1  : 0.9930 0.0070
44       44   (0)      1  : 0.9950 0.0050
45       45   (5)      1  : 0.9840 0.0160
46       46   (0)      1  : 0.9950 0.0050
47       47   (0)      1  : 0.9950 0.0050
48       48   (0)      1  : 0.9910 0.0090
49       49   (0)      1  : 0.9640 0.0360
50       50   (0)      1  : 0.9910 0.0090
51       51   (0)      1  : 0.9822 0.0178
52       52   (0)      1  : 0.9318 0.0682
53       53   (0)      1  : 0.9910 0.0090
54       54   (0)      1  : 0.9940 0.0060
55       55   (0)      1  : 0.9920 0.0080
56       56   (0)      1  : 0.9920 0.0080
57       57  (10)      1  : 0.9878 0.0122
58       58   (5)      1  : 0.9900 0.0100
59       59   (0)      1  : 0.9890 0.0110
60       60   (0)      1  : 0.9930 0.0070
61       61   (0)      1  : 0.9900 0.0100
62       62   (0)      1  : 0.9920 0.0080
63       63   (0)      1  : 0.9910 0.0090
64       64   (0)      1  : 0.9930 0.0070
65       65   (0)      1  : 0.9660 0.0340
66       66   (0)      1  : 0.9920 0.0080
67       67   (5)      1  : 0.9740 0.0260
68       68   (0)      1  : 0.9890 0.0110
69       69   (0)      1  : 0.9940 0.0060
70       70   (0)      1  : 0.9910 0.0090
71       71   (5)      1  : 0.9880 0.0120
72       72   (0)      1  : 0.9780 0.0220
73       73   (5)      1  : 0.9930 0.0070
74       74  (10)      1  : 0.9850 0.0150
75       75  (10)      1  : 0.9580 0.0420
76       76   (0)      1  : 0.9912 0.0088
77       77  (10)      1  : 0.9890 0.0110
78       78   (0)      1  : 0.9790 0.0210
79       79   (5)      1  : 0.9930 0.0070
80       80   (0)      1  : 0.9930 0.0070
81       81   (0)      1  : 0.9920 0.0080
82       82   (0)      1  : 0.9924 0.0076
83       83   (0)      1  : 0.9900 0.0100
84       84   (0)      1  : 0.9820 0.0180
85       85   (0)      1  : 0.9930 0.0070
86       86   (5)      1  : 0.9900 0.0100
87       87   (0)      1  : 0.9920 0.0080
88       88   (0)      1  : 0.9826 0.0174
89       89   (0)      1  : 0.9540 0.0460
90       90   (0)      1  : 0.9920 0.0080
91       91   (0)      1  : 0.9900 0.0100
92       92   (0)      1  : 0.9920 0.0080
93       93   (0)      1  : 0.9930 0.0070
94       94   (5)      1  : 0.9660 0.0340
95       95   (0)      1  : 0.9890 0.0110
96       96   (5)      1  : 0.9910 0.0090
97       97   (0)      1  : 0.9940 0.0060
98       98   (0)      1  : 0.9870 0.0130
99       99   (5)      1  : 0.9880 0.0120
100      100   (5)      1  : 0.9930 0.0070
101      101   (0)      2  : 0.9828 0.0172
102      102   (0)      2  : 0.9930 0.0070
103      103   (0)      2  : 0.9900 0.0100
104      104   (0)      2  : 0.9480 0.0520
105      105   (0)      2  : 0.9920 0.0080
106      106   (0)      2  : 0.9930 0.0070
107      107   (0)      2  : 0.9920 0.0080
108      108   (0)      2  : 0.9800 0.0200
109      109   (0)      2  : 0.9890 0.0110
110      110   (0)      2  : 0.9860 0.0140
111      111   (0)      2  : 0.9920 0.0080
112      112   (0)      2  : 0.9930 0.0070
113      113   (0)      2  : 0.9780 0.0220
114      114   (0)      2  : 0.9910 0.0090
115      115   (0)      2  : 0.9930 0.0070
116      116   (0)      2  : 0.9410 0.0590
117      117   (0)      2  : 0.9910 0.0090
118      118   (0)      2  : 0.9940 0.0060
119      119   (0)      2  : 0.9870 0.0130
120      120   (0)      2  : 0.9890 0.0110
121      121   (0)      2  : 0.9850 0.0150
122      122   (0)      2  : 0.9940 0.0060
123      123   (0)      2  : 0.9940 0.0060
124      124   (0)      2  : 0.9880 0.0120
125      125   (0)      2  : 0.9900 0.0100
126      126   (0)      2  : 0.9890 0.0110
127      127   (0)      2  : 0.9910 0.0090
128      128   (0)      2  : 0.9496 0.0504
129      129   (0)      2  : 0.9890 0.0110
130      130   (0)      2  : 0.9900 0.0100
131      131   (0)      2  : 0.9840 0.0160
132      132   (0)      2  : 0.9880 0.0120
133      133   (0)      2  : 0.9930 0.0070
134      134   (0)      2  : 0.9930 0.0070
135      135   (0)      2  : 0.9874 0.0126
136      136   (0)      2  : 0.9870 0.0130
137      137   (0)      2  : 0.9920 0.0080
138      138   (0)      2  : 0.9810 0.0190
139      139   (0)      2  : 0.9940 0.0060
140      140   (0)      2  : 0.9950 0.0050
141      141   (0)      2  : 0.9930 0.0070
142      142   (0)      2  : 0.9910 0.0090
143      143   (0)      2  : 0.9850 0.0150
144      144   (0)      2  : 0.9920 0.0080
145      145   (0)      2  : 0.9910 0.0090
146      146   (0)      2  : 0.9830 0.0170
147      147   (0)      2  : 0.9950 0.0050
148      148   (0)      2  : 0.9890 0.0110
149      149   (0)      2  : 0.9930 0.0070
150      150   (0)      2  : 0.9910 0.0090
151      151   (0)      2  : 0.9810 0.0190
152      152   (0)      2  : 0.9910 0.0090
153      153   (0)      2  : 0.9880 0.0120
154      154   (0)      2  : 0.9920 0.0080
155      155   (0)      2  : 0.9646 0.0354
156      156   (0)      2  : 0.9900 0.0100
157      157   (0)      2  : 0.9930 0.0070
158      158   (0)      2  : 0.9910 0.0090
159      159   (0)      2  : 0.9930 0.0070
160      160   (0)      2  : 0.9850 0.0150
161      161   (0)      2  : 0.9830 0.0170
162      162   (0)      2  : 0.9860 0.0140
163      163   (0)      2  : 0.9550 0.0450
164      164   (0)      2  : 0.9912 0.0088
165      165   (0)      2  : 0.9900 0.0100
166      166   (0)      2  : 0.9900 0.0100
167      167   (0)      2  : 0.9930 0.0070
168      168   (0)      2  : 0.9600 0.0400
169      169   (0)      2  : 0.9750 0.0250
170      170   (0)      2  : 0.9900 0.0100
171      171   (0)      2  : 0.9890 0.0110
172      172   (0)      2  : 0.9870 0.0130
173      173   (0)      2  : 0.9940 0.0060
174      174   (0)      2  : 0.9930 0.0070
175      175   (0)      2  : 0.9930 0.0070
176      176   (0)      2  : 0.9900 0.0100
177      177   (0)      2  : 0.9760 0.0240
178      178   (0)      2  : 0.9770 0.0230
179      179   (0)      2  : 0.9860 0.0140
180      180   (0)      2  : 0.9870 0.0130
181      181   (0)      2  : 0.9820 0.0180
182      182   (0)      2  : 0.9792 0.0208
183      183   (0)      2  : 0.9882 0.0118
184      184   (0)      2  : 0.9950 0.0050
185      185   (0)      2  : 0.9940 0.0060
186      186   (0)      2  : 0.9940 0.0060
187      187   (0)      2  : 0.9900 0.0100
188      188   (0)      2  : 0.9940 0.0060
189      189   (0)      2  : 0.9906 0.0094
190      190   (0)      2  : 0.9810 0.0190
191      191   (0)      2  : 0.9854 0.0146
192      192   (0)      2  : 0.9900 0.0100
193      193   (0)      2  : 0.9820 0.0180
194      194   (0)      2  : 0.9620 0.0380
195      195   (0)      2  : 0.9900 0.0100
196      196   (0)      2  : 0.9880 0.0120
197      197   (0)      2  : 0.9930 0.0070
198      198   (0)      2  : 0.9670 0.0330
199      199   (0)      2  : 0.9892 0.0108
200      200   (0)      2  : 0.9930 0.0070
201      201   (0)      2  : 0.9910 0.0090
202      202   (0)      2  : 0.9040 0.0960
203      203   (0)      2  : 0.9780 0.0220
204      204   (0)      2  : 0.9920 0.0080
205      205   (0)      2  : 0.9930 0.0070
206      206   (0)      2  : 0.9880 0.0120
207      207   (0)      2  : 0.9930 0.0070
208      208   (0)      2  : 0.9830 0.0170
209      209   (0)      2  : 0.9940 0.0060
210      210   (0)      2  : 0.9900 0.0100
211      211   (0)      2  : 0.9880 0.0120
212      212   (0)      2  : 0.9920 0.0080
213      213   (0)      2  : 0.9920 0.0080
214      214   (0)      2  : 0.9900 0.0100
215      215   (0)      2  : 0.9810 0.0190
216      216   (0)      2  : 0.9930 0.0070
217      217   (0)      2  : 0.9490 0.0510
218      218   (0)      2  : 0.9930 0.0070
219      219   (0)      2  : 0.9810 0.0190
220      220   (0)      2  : 0.9920 0.0080
221      221   (0)      2  : 0.9870 0.0130
222      222   (0)      2  : 0.9940 0.0060
223      223   (0)      2  : 0.9930 0.0070
224      224   (0)      2  : 0.9870 0.0130
225      225   (0)      2  : 0.9940 0.0060
226      226   (0)      2  : 0.9830 0.0170
227      227   (0)      2  : 0.9902 0.0098
228      228   (0)      2  : 0.9960 0.0040
229      229   (0)      2  : 0.9900 0.0100
230      230   (0)      2  : 0.9650 0.0350
231      231   (0)      2  : 0.9900 0.0100
232      232   (0)      2  : 0.9890 0.0110
233      233   (0)      2  : 0.9930 0.0070
234      234   (0)      2  : 0.9690 0.0310
235      235   (0)      2  : 0.9930 0.0070
236      236   (0)      2  : 0.9950 0.0050
237      237   (0)      2  : 0.9910 0.0090
238      238   (0)      2  : 0.9910 0.0090
239      239   (0)      2  : 0.9920 0.0080
240      240   (0)      2  : 0.9660 0.0340
241      241   (0)      2  : 0.9910 0.0090
242      242   (0)      2  : 0.9890 0.0110
243      243   (0)      2  : 0.9890 0.0110
244      244   (0)      2  : 0.9820 0.0180
245      245   (0)      2  : 0.9860 0.0140
246      246   (0)      2  : 0.9920 0.0080
247      247   (0)      2  : 0.9880 0.0120
248      248   (0)      2  : 0.9890 0.0110
249      249   (0)      2  : 0.9890 0.0110
250      250   (0)      2  : 0.9940 0.0060
251      251   (0)      2  : 0.9870 0.0130
252      252   (0)      2  : 0.9940 0.0060
253      253   (0)      2  : 0.9920 0.0080
254      254   (0)      2  : 0.9920 0.0080
255      255   (0)      2  : 0.9920 0.0080
256      256   (0)      2  : 0.9830 0.0170
257      257   (0)      2  : 0.9860 0.0140
258      258   (0)      2  : 0.9740 0.0260
259      259   (0)      2  : 0.9894 0.0106
260      260   (0)      2  : 0.9920 0.0080
261      261   (0)      2  : 0.9830 0.0170
262      262   (0)      2  : 0.9510 0.0490
263      263   (0)      2  : 0.9920 0.0080
264      264   (0)      2  : 0.9930 0.0070
265      265   (0)      2  : 0.9930 0.0070
266      266   (0)      2  : 0.9900 0.0100
267      267   (0)      2  : 0.9780 0.0220
268      268   (0)      2  : 0.9920 0.0080
269      269   (0)      2  : 0.9860 0.0140
270      270   (0)      2  : 0.9870 0.0130
271      271   (0)      2  : 0.9878 0.0122
272      272   (0)      2  : 0.9950 0.0050
273      273   (0)      2  : 0.9920 0.0080
274      274   (0)      2  : 0.9860 0.0140
275      275   (0)      2  : 0.9950 0.0050
276      276   (0)      2  : 0.9870 0.0130
277      277   (0)      2  : 0.9890 0.0110
278      278   (0)      2  : 0.9890 0.0110
279      279   (0)      2  : 0.9840 0.0160
280      280   (0)      2  : 0.9890 0.0110
281      281   (0)      2  : 0.9880 0.0120
282      282   (0)      2  : 0.9920 0.0080
283      283   (0)      2  : 0.9920 0.0080
284      284   (0)      2  : 0.9930 0.0070
285      285   (0)      2  : 0.9870 0.0130
286      286   (0)      2  : 0.9950 0.0050
287      287   (0)      2  : 0.9890 0.0110
288      288   (0)      2  : 0.9940 0.0060
289      289   (0)      2  : 0.9890 0.0110
290      290   (0)      2  : 0.9868 0.0132
291      291   (0)      2  : 0.9870 0.0130
292      292   (0)      2  : 0.9920 0.0080
293      293   (0)      2  : 0.9640 0.0360
294      294   (0)      2  : 0.9860 0.0140
295      295   (0)      2  : 0.9818 0.0182
296      296   (0)      2  : 0.9850 0.0150
297      297   (0)      2  : 0.9810 0.0190
298      298   (0)      2  : 0.9700 0.0300
299      299   (0)      2  : 0.9670 0.0330
300      300   (0)      2  : 0.9890 0.0110
301      301   (0)      2  : 0.9860 0.0140
302      302   (0)      2  : 0.9828 0.0172
303      303   (0)      2  : 0.9850 0.0150
304      304   (0)      2  : 0.9910 0.0090
305      305   (0)      2  : 0.9640 0.0360
306      306   (0)      2  : 0.9920 0.0080
307      307   (0)      2  : 0.9910 0.0090
308      308   (0)      2  : 0.9568 0.0432
309      309   (0)      2  : 0.9900 0.0100
310      310   (0)      2  : 0.9910 0.0090
311      311   (0)      2  : 0.9832 0.0168
312      312   (0)      2  : 0.9860 0.0140
313      313   (0)      2  : 0.9840 0.0160
314      314   (0)      2  : 0.9940 0.0060
315      315   (0)      2  : 0.9940 0.0060
316      316   (0)      2  : 0.9790 0.0210
317      317   (0)      2  : 0.9900 0.0100
318      318   (0)      2  : 0.9900 0.0100
319      319   (0)      2  : 0.9930 0.0070
320      320   (0)      2  : 0.9940 0.0060
321      321   (0)      2  : 0.9880 0.0120
322      322   (0)      2  : 0.9830 0.0170
323      323   (0)      2  : 0.9930 0.0070
324      324   (0)      2  : 0.9780 0.0220
325      325   (0)      2  : 0.9814 0.0186
326      326   (0)      2  : 0.9930 0.0070
327      327   (0)      2  : 0.9930 0.0070
328      328   (0)      2  : 0.9742 0.0258
329      329   (0)      2  : 0.9940 0.0060
330      330   (0)      2  : 0.9762 0.0238
331      331   (0)      2  : 0.9864 0.0136
332      332   (0)      2  : 0.9840 0.0160
333      333   (0)      2  : 0.9900 0.0100
334      334   (0)      2  : 0.9780 0.0220
335      335   (0)      2  : 0.9890 0.0110
336      336   (0)      2  : 0.9930 0.0070
337      337   (0)      2  : 0.9890 0.0110
338      338   (0)      2  : 0.9900 0.0100
339      339   (0)      2  : 0.9850 0.0150
340      340   (0)      2  : 0.9900 0.0100
341      341   (0)      2  : 0.9940 0.0060
342      342   (0)      2  : 0.9920 0.0080
343      343   (0)      2  : 0.9890 0.0110
344      344   (0)      2  : 0.9866 0.0134
345      345   (0)      2  : 0.9930 0.0070
346      346   (0)      2  : 0.9930 0.0070
347      347   (0)      2  : 0.9690 0.0310
348      348   (0)      2  : 0.9930 0.0070
349      349   (0)      2  : 0.9850 0.0150
350      350   (0)      2  : 0.9940 0.0060
351      351   (0)      2  : 0.9920 0.0080
352      352   (0)      2  : 0.9890 0.0110
353      353   (0)      2  : 0.9894 0.0106
354      354   (0)      2  : 0.9912 0.0088
355      355   (0)      2  : 0.9608 0.0392
356      356   (0)      2  : 0.9900 0.0100
357      357   (0)      2  : 0.9770 0.0230
358      358   (0)      2  : 0.9940 0.0060
359      359   (0)      2  : 0.9800 0.0200
360      360   (0)      2  : 0.9130 0.0870
361      361   (0)      2  : 0.9900 0.0100
362      362   (0)      2  : 0.9936 0.0064
363      363   (0)      2  : 0.9880 0.0120
364      364   (0)      2  : 0.9920 0.0080
365      365   (0)      2  : 0.9890 0.0110
366      366   (0)      2  : 0.9900 0.0100
367      367   (0)      2  : 0.9890 0.0110
368      368   (0)      2  : 0.9940 0.0060
369      369   (0)      2  : 0.9916 0.0084
370      370   (0)      2  : 0.9830 0.0170
371      371   (0)      2  : 0.9940 0.0060
372      372   (0)      2  : 0.9918 0.0082
373      373   (0)      2  : 0.9850 0.0150
374      374   (0)      2  : 0.9940 0.0060
375      375   (0)      2  : 0.9750 0.0250
376      376   (0)      2  : 0.9820 0.0180
377      377   (0)      2  : 0.9844 0.0156
378      378   (0)      2  : 0.9870 0.0130
379      379   (0)      2  : 0.9910 0.0090
380      380   (0)      2  : 0.9920 0.0080
381      381   (0)      2  : 0.9760 0.0240
382      382   (0)      2  : 0.9920 0.0080
383      383   (0)      2  : 0.9800 0.0200
384      384   (0)      2  : 0.9920 0.0080
385      385   (0)      2  : 0.9690 0.0310
386      386   (0)      2  : 0.9860 0.0140
387      387   (0)      2  : 0.9910 0.0090
388      388   (0)      2  : 0.9920 0.0080
389      389   (0)      2  : 0.9930 0.0070
390      390   (0)      2  : 0.9930 0.0070
391      391   (0)      2  : 0.9860 0.0140
392      392   (0)      2  : 0.9900 0.0100
393      393   (0)      2  : 0.9920 0.0080
394      394   (0)      2  : 0.9940 0.0060
395      395   (0)      2  : 0.9950 0.0050
396      396   (0)      2  : 0.9930 0.0070
397      397   (0)      2  : 0.9830 0.0170
398      398   (0)      2  : 0.9920 0.0080
399      399   (0)      2  : 0.9840 0.0160
400      400   (0)      2  : 0.9860 0.0140
401      401   (0)      2  : 0.9930 0.0070
402      402   (0)      2  : 0.9950 0.0050
403      403   (0)      2  : 0.9920 0.0080
404      404   (0)      2  : 0.9930 0.0070
405      405   (0)      2  : 0.9890 0.0110
406      406   (0)      2  : 0.9940 0.0060
407      407   (0)      2  : 0.9900 0.0100
408      408   (0)      2  : 0.9850 0.0150
409      409   (0)      2  : 0.9850 0.0150
410      410   (0)      2  : 0.9920 0.0080
411      411   (0)      2  : 0.9830 0.0170
412      412   (0)      2  : 0.9870 0.0130
413      413   (0)      2  : 0.9940 0.0060
414      414   (0)      2  : 0.9950 0.0050
415      415   (0)      2  : 0.9896 0.0104
416      416   (0)      2  : 0.9930 0.0070
417      417   (0)      2  : 0.9910 0.0090
418      418   (0)      2  : 0.9940 0.0060
419      419   (0)      2  : 0.9920 0.0080
420      420   (0)      2  : 0.9930 0.0070
421      421   (0)      2  : 0.9940 0.0060
422      422   (0)      2  : 0.9930 0.0070
423      423   (0)      2  : 0.9890 0.0110
424      424   (0)      2  : 0.9712 0.0288
425      425   (0)      2  : 0.9880 0.0120
426      426   (0)      2  : 0.9946 0.0054
427      427   (0)      2  : 0.9850 0.0150
428      428   (0)      2  : 0.9930 0.0070
429      429   (0)      2  : 0.9910 0.0090
430      430   (0)      2  : 0.9816 0.0184
431      431   (0)      2  : 0.9940 0.0060
432      432   (0)      2  : 0.9810 0.0190
433      433   (0)      2  : 0.9930 0.0070
434      434   (0)      2  : 0.9940 0.0060
435      435   (0)      2  : 0.9760 0.0240
436      436   (0)      2  : 0.9912 0.0088
437      437   (0)      2  : 0.9750 0.0250
438      438   (0)      2  : 0.9930 0.0070
439      439   (0)      2  : 0.9580 0.0420
440      440   (0)      2  : 0.9900 0.0100
441      441   (0)      2  : 0.9920 0.0080
442      442   (0)      2  : 0.9930 0.0070
443      443   (0)      2  : 0.9920 0.0080
444      444   (0)      2  : 0.9870 0.0130
445      445   (0)      2  : 0.9810 0.0190
446      446   (0)      2  : 0.9930 0.0070
447      447   (0)      2  : 0.9940 0.0060
448      448   (0)      2  : 0.9920 0.0080
449      449   (0)      2  : 0.9940 0.0060
450      450   (0)      2  : 0.9900 0.0100
451      451   (0)      2  : 0.9930 0.0070
452      452   (0)      2  : 0.9940 0.0060
453      453   (0)      2  : 0.9920 0.0080
454      454   (0)      2  : 0.9940 0.0060
455      455   (0)      2  : 0.9870 0.0130
456      456   (0)      2  : 0.9880 0.0120
457      457   (0)      2  : 0.9850 0.0150
458      458   (0)      2  : 0.9910 0.0090
459      459   (0)      2  : 0.9940 0.0060
460      460   (0)      2  : 0.9840 0.0160
461      461   (0)      2  : 0.9930 0.0070
462      462   (0)      2  : 0.9900 0.0100
463      463   (0)      2  : 0.9940 0.0060
464      464   (0)      2  : 0.9910 0.0090
465      465   (0)      2  : 0.9840 0.0160
466      466   (0)      2  : 0.9720 0.0280
467      467   (0)      2  : 0.9920 0.0080
468      468   (0)      2  : 0.9828 0.0172
469      469   (0)      2  : 0.9920 0.0080
470      470   (0)      2  : 0.9930 0.0070
471      471   (0)      2  : 0.9920 0.0080
472      472   (0)      2  : 0.9890 0.0110
473      473   (0)      2  : 0.9880 0.0120
474      474   (0)      2  : 0.9590 0.0410
475      475   (0)      2  : 0.9900 0.0100
476      476   (0)      2  : 0.9930 0.0070
477      477   (0)      2  : 0.9830 0.0170
478      478   (0)      2  : 0.9920 0.0080
479      479   (0)      2  : 0.9930 0.0070
480      480   (0)      2  : 0.9870 0.0130
481      481   (0)      2  : 0.9870 0.0130
482      482   (0)      2  : 0.9900 0.0100
483      483   (0)      2  : 0.9930 0.0070
484      484   (0)      2  : 0.9930 0.0070
485      485   (0)      2  : 0.9850 0.0150
486      486   (0)      2  : 0.9642 0.0358
487      487   (0)      2  : 0.9888 0.0112
488      488   (0)      2  : 0.9930 0.0070
489      489   (0)      2  : 0.9610 0.0390
490      490   (0)      2  : 0.9890 0.0110
491      491   (0)      2  : 0.9840 0.0160
492      492   (0)      2  : 0.9882 0.0118
493      493   (0)      2  : 0.9810 0.0190
494      494   (0)      2  : 0.9790 0.0210
495      495   (0)      2  : 0.9910 0.0090
496      496   (0)      2  : 0.9940 0.0060
497      497   (0)      2  : 0.9802 0.0198
498      498   (0)      2  : 0.9920 0.0080
499      499   (0)      2  : 0.9910 0.0090
500      500   (0)      2  : 0.9920 0.0080
501      501   (0)      3  : 0.9300 0.0700
502      502   (0)      3  : 0.9890 0.0110
503      503   (0)      3  : 0.8040 0.1960
504      504   (0)      3  : 0.9684 0.0316
505      505   (0)      3  : 0.8860 0.1140
506      506   (0)      3  : 0.9900 0.0100
507      507   (0)      3  : 0.9840 0.0160
508      508   (0)      3  : 0.9610 0.0390
509      509   (0)      3  : 0.9630 0.0370
510      510   (0)      3  : 0.9500 0.0500
511      511   (0)      3  : 0.8328 0.1672
512      512   (0)      3  : 0.8732 0.1268
513      513   (0)      3  : 0.8908 0.1092
514      514   (0)      3  : 0.9930 0.0070
515      515   (0)      3  : 0.7742 0.2258
516      516   (0)      3  : 0.8940 0.1060
517      517   (0)      3  : 0.9600 0.0400
518      518   (0)      3  : 0.9720 0.0280
519      519   (0)      3  : 0.9270 0.0730
520      520   (0)      3  : 0.9412 0.0588
521      521   (0)      3  : 0.9830 0.0170
522      522   (0)      3  : 0.8358 0.1642
523      523   (0)      3  : 0.9520 0.0480
524      524   (0)      3  : 0.9500 0.0500
525      525   (0)      3  : 0.8552 0.1448
526      526   (0)      3  : 0.7910 0.2090
527      527   (0)      3  : 0.9300 0.0700
528      528   (0)      3  : 0.7880 0.2120
529      529   (0)      3  : 0.9850 0.0150
530      530   (0)      3  : 0.8260 0.1740
531      531   (0)      3  : 0.9012 0.0988
532      532   (0)      3  : 0.8830 0.1170
533      533   (0)      3  : 0.7224 0.2776
534      534   (0)      3  : 0.9730 0.0270
535      535   (0)      3  : 0.9710 0.0290
536      536   (0)      3  : 0.8762 0.1238
537      537   (0)      3  : 0.7910 0.2090
538      538   (0)      3  : 0.8616 0.1384
539      539   (0)      3  : 0.9234 0.0766
540      540   (0)      3  : 0.9690 0.0310
541      541   (0)      3  : 0.8150 0.1850
542      542   (0)      3  : 0.8930 0.1070
543      543   (0)      3  : 0.9290 0.0710
544      544   (0)      3  : 0.9460 0.0540
545      545   (0)      3  : 0.9560 0.0440
546      546   (0)      3  : 0.8650 0.1350
547      547   (0)      3  : 0.8140 0.1860
548      548   (0)      3  : 0.9830 0.0170
549      549   (0)      3  : 0.8570 0.1430
550      550   (0)      3  : 0.7310 0.2690
551      551   (0)      3  : 0.7850 0.2150
552      552   (0)      3  : 0.7740 0.2260
553      553   (0)      3  : 0.9462 0.0538
554      554   (0)      3  : 0.8890 0.1110
555      555   (0)      3  : 0.9920 0.0080
556      556   (0)      3  : 0.9520 0.0480
557      557   (0)      3  : 0.9006 0.0994
558      558   (0)      3  : 0.9640 0.0360
559      559   (0)      3  : 0.9860 0.0140
560      560   (0)      3  : 0.8860 0.1140
561      561   (0)      3  : 0.8836 0.1164
562      562   (0)      3  : 0.8100 0.1900
563      563   (0)      3  : 0.8720 0.1280
564      564   (0)      3  : 0.8460 0.1540
565      565   (0)      3  : 0.9160 0.0840
566      566   (0)      3  : 0.7904 0.2096
567      567   (0)      3  : 0.8340 0.1660
568      568   (0)      3  : 0.7818 0.2182
569      569   (0)      3  : 0.8240 0.1760
570      570   (0)      3  : 0.8930 0.1070
571      571   (0)      3  : 0.8638 0.1362
572      572   (0)      3  : 0.8268 0.1732
573      573   (0)      3  : 0.7160 0.2840
574      574   (0)      3  : 0.9584 0.0416
575      575   (0)      3  : 0.9644 0.0356
576      576   (0)      3  : 0.9350 0.0650
577      577   (0)      3  : 0.9350 0.0650
578      578   (0)      3  : 0.8020 0.1980
579      579   (0)      3  : 0.9500 0.0500
580      580   (0)      3  : 0.9390 0.0610
581      581   (0)      3  : 0.9338 0.0662
582      582   (0)      3  : 0.9750 0.0250
583      583   (0)      3  : 0.9700 0.0300
584      584   (0)      3  : 0.8802 0.1198
585      585   (0)      3  : 0.9910 0.0090
586      586   (0)      3  : 0.8620 0.1380
587      587   (0)      3  : 0.8000 0.2000
588      588   (0)      3  : 0.9860 0.0140
589      589   (0)      3  : 0.9360 0.0640
590      590   (0)      3  : 0.9810 0.0190
591      591   (0)      3  : 0.9804 0.0196
592      592   (0)      3  : 0.8230 0.1770
593      593   (0)      3  : 0.8788 0.1212
594      594   (0)      3  : 0.9540 0.0460
595      595   (0)      3  : 0.9710 0.0290
596      596   (0)      3  : 0.8930 0.1070
597      597   (0)      3  : 0.6084 0.3916
598      598   (0)      3  : 0.8820 0.1180
599      599   (0)      3  : 0.9830 0.0170
600      600   (0)      3  : 0.8700 0.1300
601      601   (0)      4  : 0.7600 0.2400
602      602   (0)      4  : 0.9880 0.0120
603      603   (0)      4  : 0.8100 0.1900
604      604   (0)      4  : 0.6582 0.3418
605      605   (0)      4  : 0.9716 0.0284
606      606   (0)      4  : 0.8758 0.1242
607      607   (0)      4  : 0.8164 0.1836
608      608   (0)      4  : 0.9040 0.0960
609      609   (0)      4  : 0.9386 0.0614
610      610   (0)      4  : 0.5140 0.4860
611      611   (0)      4  : 0.5900 0.4100
612      612   (0)      4  : 0.4992 0.5008
613      613   (0)      4  : 0.8454 0.1546
614      614   (0)      4  : 0.8170 0.1830
615      615   (0)      4  : 0.7520 0.2480
616      616   (0)      4  : 0.7890 0.2110
617      617   (0)      4  : 0.8256 0.1744
618      618   (0)      4  : 0.6374 0.3626
619      619   (0)      4  : 0.8520 0.1480
620      620   (0)      4  : 0.5210 0.4790
621      621   (0)      4  : 0.6482 0.3518
622      622   (0)      4  : 0.8192 0.1808
623      623   (0)      4  : 0.8690 0.1310
624      624   (0)      4  : 0.9330 0.0670
625      625   (0)      4  : 0.6952 0.3048
626      626   (0)      4  : 0.7290 0.2710
627      627   (0)      4  : 0.7470 0.2530
628      628   (0)      4  : 0.7006 0.2994
629      629   (0)      4  : 0.9210 0.0790
630      630   (0)      4  : 0.6100 0.3900
631      631   (0)      4  : 0.7310 0.2690
632      632   (0)      4  : 0.6380 0.3620
633      633   (0)      4  : 0.5132 0.4868
634      634   (0)      4  : 0.7340 0.2660
635      635   (0)      4  : 0.7150 0.2850
636      636   (0)      4  : 0.7700 0.2300
637      637   (0)      4  : 0.8500 0.1500
638      638   (0)      4  : 0.8890 0.1110
639      639   (0)      4  : 0.9710 0.0290
640      640   (0)      4  : 0.7022 0.2978
641      641   (0)      4  : 0.7818 0.2182
642      642   (0)      4  : 0.7640 0.2360
643      643   (0)      4  : 0.6470 0.3530
644      644   (0)      4  : 0.7490 0.2510
645      645   (0)      4  : 0.9040 0.0960
646      646   (0)      4  : 0.7520 0.2480
647      647   (0)      4  : 0.8472 0.1528
648      648   (0)      4  : 0.8160 0.1840
649      649   (0)      4  : 0.9170 0.0830
650      650   (0)      4  : 0.6420 0.3580
651      651   (0)      4  : 0.6780 0.3220
652      652   (0)      4  : 0.8418 0.1582
653      653   (0)      4  : 0.8150 0.1850
654      654   (0)      4  : 0.6810 0.3190
655      655   (0)      4  : 0.7170 0.2830
656      656   (0)      4  : 0.8876 0.1124
657      657   (0)      4  : 0.5790 0.4210
658      658   (0)      4  : 0.7550 0.2450
659      659   (0)      4  : 0.7050 0.2950
660      660   (0)      4  : 0.7078 0.2922
661      661   (0)      4  : 0.9880 0.0120
662      662   (0)      4  : 0.7384 0.2616
663      663   (0)      4  : 0.8210 0.1790
664      664   (0)      4  : 0.9460 0.0540
665      665   (0)      4  : 0.8638 0.1362
666      666   (0)      4  : 0.9580 0.0420
667      667   (0)      4  : 0.7368 0.2632
668      668   (0)      4  : 0.7770 0.2230
669      669   (0)      4  : 0.5536 0.4464
670      670   (0)      4  : 0.6960 0.3040
671      671   (0)      4  : 0.5950 0.4050
672      672   (0)      4  : 0.8138 0.1862
673      673   (0)      4  : 0.5480 0.4520
674      674   (0)      4  : 0.8798 0.1202
675      675   (0)      4  : 0.7206 0.2794
676      676   (0)      4  : 0.7590 0.2410
677      677   (0)      4  : 0.8910 0.1090
678      678   (0)      4  : 0.9332 0.0668
679      679   (0)      4  : 0.6630 0.3370
680      680   (0)      4  : 0.8270 0.1730
681      681   (0)      4  : 0.7140 0.2860
682      682   (0)      4  : 0.6872 0.3128
683      683   (0)      4  : 0.8458 0.1542
684      684   (0)      4  : 0.9570 0.0430
685      685   (0)      4  : 0.9720 0.0280
686      686   (0)      4  : 0.7580 0.2420
687      687   (0)      4  : 0.9600 0.0400
688      688   (0)      4  : 0.9882 0.0118
689      689   (0)      4  : 0.6136 0.3864
690      690   (0)      4  : 0.7612 0.2388
691      691   (0)      4  : 0.7022 0.2978
692      692   (0)      4  : 0.7634 0.2366
693      693   (0)      4  : 0.6740 0.3260
694      694   (0)      4  : 0.8020 0.1980
695      695   (0)      4  : 0.8790 0.1210
696      696   (0)      4  : 0.7844 0.2156
697      697   (0)      4  : 0.5960 0.4040
698      698   (0)      4  : 0.7300 0.2700
699      699   (0)      4  : 0.6474 0.3526
700      700   (0)      4  : 0.8710 0.1290
701      701   (0)      5  : 0.7600 0.2400
702      702   (0)      5  : 0.5500 0.4500
703      703   (0)      5  : 0.5140 0.4860
704      704   (0)      5  : 0.5750 0.4250
705      705   (0)      5  : 0.5506 0.4494
706      706   (0)      5  : 0.3528 0.6472
707      707   (0)      5  : 0.5900 0.4100
708      708   (0)      5  : 0.5440 0.4560
709      709   (0)      5  : 0.5030 0.4970
710      710   (0)      5  : 0.5098 0.4902
711      711   (0)      5  : 0.4610 0.5390
712      712   (0)      5  : 0.4540 0.5460
713      713   (0)      5  : 0.4120 0.5880
714      714   (0)      5  : 0.4758 0.5242
715      715   (0)      5  : 0.4490 0.5510
716      716   (0)      5  : 0.6002 0.3998
717      717   (0)      5  : 0.5340 0.4660
718      718   (0)      5  : 0.5790 0.4210
719      719   (0)      5  : 0.5830 0.4170
720      720   (0)      5  : 0.5530 0.4470
721      721   (0)      5  : 0.4790 0.5210
722      722   (0)      5  : 0.4358 0.5642
723      723   (0)      5  : 0.3628 0.6372
724      724   (0)      5  : 0.4808 0.5192
725      725   (0)      5  : 0.6260 0.3740
726      726   (0)      5  : 0.5700 0.4300
727      727   (0)      5  : 0.4998 0.5002
728      728   (0)      5  : 0.4630 0.5370
729      729   (0)      5  : 0.4840 0.5160
730      730   (0)      5  : 0.5138 0.4862
731      731   (0)      5  : 0.4266 0.5734
732      732   (0)      5  : 0.4440 0.5560
733      733   (0)      5  : 0.4920 0.5080
734      734   (0)      5  : 0.4708 0.5292
735      735   (0)      5  : 0.4624 0.5376
736      736   (0)      5  : 0.5226 0.4774
737      737   (0)      5  : 0.5300 0.4700
738      738   (0)      5  : 0.5340 0.4660
739      739   (0)      5  : 0.3500 0.6500
740      740   (0)      5  : 0.5840 0.4160
741      741   (0)      5  : 0.5610 0.4390
742      742   (0)      5  : 0.5320 0.4680
743      743   (0)      5  : 0.4900 0.5100
744      744   (0)      5  : 0.4950 0.5050
745      745   (0)      5  : 0.5810 0.4190
746      746   (0)      5  : 0.5860 0.4140
747      747   (0)      5  : 0.4310 0.5690
748      748   (0)      5  : 0.5870 0.4130
749      749   (0)      5  : 0.5150 0.4850
750      750   (0)      5  : 0.5160 0.4840
751      751   (0)      5  : 0.4890 0.5110
752      752   (0)      5  : 0.4450 0.5550
753      753   (0)      5  : 0.5860 0.4140
754      754   (0)      5  : 0.5450 0.4550
755      755   (0)      5  : 0.4550 0.5450
756      756   (0)      5  : 0.3370 0.6630
757      757   (0)      5  : 0.6048 0.3952
758      758   (0)      5  : 0.4380 0.5620
759      759   (0)      5  : 0.3190 0.6810
760      760   (0)      5  : 0.4390 0.5610
761      761   (0)      5  : 0.5440 0.4560
762      762   (0)      5  : 0.5444 0.4556
763      763   (0)      5  : 0.4302 0.5698
764      764   (0)      5  : 0.4360 0.5640
765      765   (0)      5  : 0.5150 0.4850
766      766   (0)      5  : 0.3284 0.6716
767      767   (0)      5  : 0.5610 0.4390
768      768   (0)      5  : 0.7360 0.2640
769      769   (0)      5  : 0.6270 0.3730
770      770   (0)      5  : 0.3680 0.6320
771      771   (0)      5  : 0.4930 0.5070
772      772   (0)      5  : 0.5120 0.4880
773      773   (0)      5  : 0.4840 0.5160
774      774   (0)      5  : 0.5042 0.4958
775      775   (0)      5  : 0.4060 0.5940
776      776   (0)      5  : 0.5630 0.4370
777      777   (0)      5  : 0.6196 0.3804
778      778   (0)      5  : 0.5368 0.4632
779      779   (0)      5  : 0.4582 0.5418
780      780   (0)      5  : 0.5048 0.4952
781      781   (0)      5  : 0.4010 0.5990
782      782   (0)      5  : 0.5050 0.4950
783      783   (0)      5  : 0.5790 0.4210
784      784   (0)      5  : 0.5190 0.4810
785      785   (0)      5  : 0.4720 0.5280
786      786   (0)      5  : 0.4360 0.5640
787      787   (0)      5  : 0.5944 0.4056
788      788   (0)      5  : 0.5104 0.4896
789      789   (0)      5  : 0.5250 0.4750
790      790   (0)      5  : 0.4910 0.5090
791      791   (0)      5  : 0.5200 0.4800
792      792   (0)      5  : 0.4560 0.5440
793      793   (0)      5  : 0.5406 0.4594
794      794   (0)      5  : 0.5850 0.4150
795      795   (0)      5  : 0.5530 0.4470
796      796   (0)      5  : 0.3730 0.6270
797      797   (0)      5  : 0.5030 0.4970
798      798   (0)      5  : 0.5870 0.4130
799      799   (0)      5  : 0.4960 0.5040
800      800   (0)      5  : 0.5480 0.4520
801      801   (0)      6  : 0.1318 0.8682
802      802   (0)      6  : 0.3134 0.6866
803      803   (0)      6  : 0.0872 0.9128
804      804   (0)      6  : 0.3162 0.6838
805      805   (0)      6  : 0.1016 0.8984
806      806   (0)      6  : 0.3490 0.6510
807      807   (0)      6  : 0.1970 0.8030
808      808   (0)      6  : 0.3284 0.6716
809      809   (0)      6  : 0.3718 0.6282
810      810   (0)      6  : 0.1410 0.8590
811      811   (0)      6  : 0.3660 0.6340
812      812   (0)      6  : 0.2940 0.7060
813      813   (0)      6  : 0.2450 0.7550
814      814   (0)      6  : 0.1950 0.8050
815      815   (0)      6  : 0.3040 0.6960
816      816   (0)      6  : 0.3460 0.6540
817      817   (0)      6  : 0.3306 0.6694
818      818   (0)      6  : 0.1928 0.8072
819      819   (0)      6  : 0.3790 0.6210
820      820   (0)      6  : 0.3734 0.6266
821      821   (0)      6  : 0.2370 0.7630
822      822   (0)      6  : 0.3966 0.6034
823      823   (0)      6  : 0.2310 0.7690
824      824   (0)      6  : 0.2596 0.7404
825      825   (0)      6  : 0.2640 0.7360
826      826   (0)      6  : 0.0170 0.9830
827      827   (0)      6  : 0.4200 0.5800
828      828   (0)      6  : 0.1490 0.8510
829      829   (0)      6  : 0.3320 0.6680
830      830   (0)      6  : 0.1920 0.8080
831      831   (0)      6  : 0.2700 0.7300
832      832   (0)      6  : 0.4280 0.5720
833      833   (0)      6  : 0.2800 0.7200
834      834   (0)      6  : 0.1460 0.8540
835      835   (0)      6  : 0.1250 0.8750
836      836   (0)      6  : 0.3718 0.6282
837      837   (0)      6  : 0.2690 0.7310
838      838   (0)      6  : 0.3020 0.6980
839      839   (0)      6  : 0.3100 0.6900
840      840   (0)      6  : 0.2778 0.7222
841      841   (0)      6  : 0.1472 0.8528
842      842   (0)      6  : 0.1232 0.8768
843      843   (0)      6  : 0.1740 0.8260
844      844   (0)      6  : 0.1990 0.8010
845      845   (0)      6  : 0.1570 0.8430
846      846   (0)      6  : 0.3420 0.6580
847      847   (0)      6  : 0.2802 0.7198
848      848   (0)      6  : 0.2730 0.7270
849      849   (0)      6  : 0.4018 0.5982
850      850   (0)      6  : 0.3130 0.6870
851      851   (0)      6  : 0.3650 0.6350
852      852   (0)      6  : 0.2720 0.7280
853      853   (0)      6  : 0.3800 0.6200
854      854   (0)      6  : 0.2760 0.7240
855      855   (0)      6  : 0.3030 0.6970
856      856   (0)      6  : 0.1970 0.8030
857      857   (0)      6  : 0.2420 0.7580
858      858   (0)      6  : 0.2900 0.7100
859      859   (0)      6  : 0.2560 0.7440
860      860   (0)      6  : 0.1670 0.8330
861      861   (0)      6  : 0.0440 0.9560
862      862   (0)      6  : 0.1710 0.8290
863      863   (0)      6  : 0.2750 0.7250
864      864   (0)      6  : 0.1090 0.8910
865      865   (0)      6  : 0.2780 0.7220
866      866   (0)      6  : 0.3760 0.6240
867      867   (0)      6  : 0.3700 0.6300
868      868   (0)      6  : 0.2960 0.7040
869      869   (0)      6  : 0.3460 0.6540
870      870   (0)      6  : 0.2520 0.7480
871      871   (0)      6  : 0.2000 0.8000
872      872   (0)      6  : 0.2038 0.7962
873      873   (0)      6  : 0.4300 0.5700
874      874   (0)      6  : 0.1600 0.8400
875      875   (0)      6  : 0.3280 0.6720
876      876   (0)      6  : 0.1490 0.8510
877      877   (0)      6  : 0.1510 0.8490
878      878   (0)      6  : 0.2970 0.7030
879      879   (0)      6  : 0.3518 0.6482
880      880   (0)      6  : 0.1332 0.8668
881      881   (0)      6  : 0.1990 0.8010
882      882   (0)      6  : 0.2960 0.7040
883      883   (0)      6  : 0.3870 0.6130
884      884   (0)      6  : 0.2062 0.7938
885      885   (0)      6  : 0.1080 0.8920
886      886   (0)      6  : 0.2770 0.7230
887      887   (0)      6  : 0.1690 0.8310
888      888   (0)      6  : 0.0956 0.9044
889      889   (0)      6  : 0.1330 0.8670
890      890   (0)      6  : 0.2328 0.7672
891      891   (0)      6  : 0.2940 0.7060
892      892   (0)      6  : 0.2090 0.7910
893      893   (0)      6  : 0.2750 0.7250
894      894   (0)      6  : 0.2322 0.7678
895      895   (0)      6  : 0.3500 0.6500
896      896   (0)      6  : 0.1222 0.8778
897      897   (0)      6  : 0.3370 0.6630
898      898   (0)      6  : 0.1250 0.8750
899      899   (0)      6  : 0.2714 0.7286
900      900   (0)      6  : 0.1530 0.8470
901      901   (0)      7  : 0.1650 0.8350
902      902   (0)      7  : 0.1618 0.8382
903      903   (0)      7  : 0.0850 0.9150
904      904   (0)      7  : 0.1220 0.8780
905      905   (0)      7  : 0.1044 0.8956
906      906   (0)      7  : 0.0120 0.9880
907      907   (0)      7  : 0.1180 0.8820
908      908   (0)      7  : 0.1308 0.8692
909      909   (0)      7  : 0.1656 0.8344
910      910   (0)      7  : 0.1168 0.8832
911      911   (0)      7  : 0.0860 0.9140
912      912   (0)      7  : 0.1430 0.8570
913      913   (0)      7  : 0.2510 0.7490
914      914   (0)      7  : 0.1350 0.8650
915      915   (0)      7  : 0.1770 0.8230
916      916   (0)      7  : 0.1100 0.8900
917      917   (0)      7  : 0.1130 0.8870
918      918   (0)      7  : 0.0670 0.9330
919      919   (0)      7  : 0.0990 0.9010
920      920   (0)      7  : 0.1010 0.8990
921      921   (0)      7  : 0.0704 0.9296
922      922   (0)      7  : 0.0510 0.9490
923      923   (0)      7  : 0.1170 0.8830
924      924   (0)      7  : 0.2920 0.7080
925      925   (0)      7  : 0.0084 0.9916
926      926   (0)      7  : 0.1604 0.8396
927      927   (0)      7  : 0.0100 0.9900
928      928   (0)      7  : 0.1528 0.8472
929      929   (0)      7  : 0.0290 0.9710
930      930   (0)      7  : 0.2350 0.7650
931      931   (0)      7  : 0.0942 0.9058
932      932   (0)      7  : 0.1760 0.8240
933      933   (0)      7  : 0.1170 0.8830
934      934   (0)      7  : 0.0422 0.9578
935      935   (0)      7  : 0.2010 0.7990
936      936   (0)      7  : 0.1170 0.8830
937      937   (0)      7  : 0.1690 0.8310
938      938   (0)      7  : 0.0070 0.9930
939      939   (0)      7  : 0.0740 0.9260
940      940   (0)      7  : 0.0970 0.9030
941      941   (0)      7  : 0.0970 0.9030
942      942   (0)      7  : 0.1252 0.8748
943      943   (0)      7  : 0.1950 0.8050
944      944   (0)      7  : 0.2222 0.7778
945      945   (0)      7  : 0.0642 0.9358
946      946   (0)      7  : 0.0470 0.9530
947      947   (0)      7  : 0.1060 0.8940
948      948   (0)      7  : 0.0400 0.9600
949      949   (0)      7  : 0.0280 0.9720
950      950   (0)      7  : 0.1250 0.8750
951      951   (0)      7  : 0.0648 0.9352
952      952   (0)      7  : 0.1920 0.8080
953      953   (0)      7  : 0.0510 0.9490
954      954   (0)      7  : 0.2500 0.7500
955      955   (0)      7  : 0.0070 0.9930
956      956   (0)      7  : 0.1850 0.8150
957      957   (0)      7  : 0.1040 0.8960
958      958   (0)      7  : 0.1308 0.8692
959      959   (0)      7  : 0.1188 0.8812
960      960   (0)      7  : 0.0270 0.9730
961      961   (0)      7  : 0.1380 0.8620
962      962   (0)      7  : 0.0050 0.9950
963      963   (0)      7  : 0.1610 0.8390
964      964   (0)      7  : 0.0280 0.9720
965      965   (0)      7  : 0.0050 0.9950
966      966   (0)      7  : 0.2130 0.7870
967      967   (0)      7  : 0.0060 0.9940
968      968   (0)      7  : 0.1506 0.8494
969      969   (0)      7  : 0.0110 0.9890
970      970   (0)      7  : 0.0360 0.9640
971      971   (0)      7  : 0.0050 0.9950
972      972   (0)      7  : 0.1940 0.8060
973      973   (0)      7  : 0.2020 0.7980
974      974   (0)      7  : 0.0640 0.9360
975      975   (0)      7  : 0.1840 0.8160
976      976   (0)      7  : 0.1180 0.8820
977      977   (0)      7  : 0.0266 0.9734
978      978   (0)      7  : 0.1300 0.8700
979      979   (0)      7  : 0.1070 0.8930
980      980   (0)      7  : 0.0970 0.9030
981      981   (0)      7  : 0.0060 0.9940
982      982   (0)      7  : 0.0920 0.9080
983      983   (0)      7  : 0.0842 0.9158
984      984   (0)      7  : 0.1900 0.8100
985      985   (0)      7  : 0.1198 0.8802
986      986   (0)      7  : 0.0460 0.9540
987      987   (0)      7  : 0.0080 0.9920
988      988   (0)      7  : 0.0234 0.9766
989      989   (0)      7  : 0.0070 0.9930
990      990   (0)      7  : 0.0090 0.9910
991      991   (0)      7  : 0.1020 0.8980
992      992   (0)      7  : 0.1588 0.8412
993      993   (0)      7  : 0.1800 0.8200
994      994   (0)      7  : 0.0060 0.9940
995      995   (0)      7  : 0.2270 0.7730
996      996   (0)      7  : 0.1560 0.8440
997      997   (0)      7  : 0.1530 0.8470
998      998   (0)      7  : 0.1324 0.8676
999      999   (0)      7  : 0.0150 0.9850
1000     1000   (0)      7  : 0.1204 0.8796
1001     1001   (5)      8  : 0.0110 0.9890
1002     1002   (0)      8  : 0.0130 0.9870
1003     1003   (0)      8  : 0.0066 0.9934
1004     1004   (0)      8  : 0.0220 0.9780
1005     1005   (0)      8  : 0.0080 0.9920
1006     1006   (0)      8  : 0.0080 0.9920
1007     1007   (0)      8  : 0.0050 0.9950
1008     1008   (0)      8  : 0.0090 0.9910
1009     1009   (0)      8  : 0.0078 0.9922
1010     1010   (0)      8  : 0.0080 0.9920
1011     1011   (0)      8  : 0.0050 0.9950
1012     1012   (0)      8  : 0.0070 0.9930
1013     1013   (0)      8  : 0.0110 0.9890
1014     1014   (5)      8  : 0.0050 0.9950
1015     1015   (0)      8  : 0.0070 0.9930
1016     1016   (0)      8  : 0.0058 0.9942
1017     1017   (0)      8  : 0.0072 0.9928
1018     1018   (0)      8  : 0.0090 0.9910
1019     1019   (0)      8  : 0.0090 0.9910
1020     1020   (0)      8  : 0.0060 0.9940
1021     1021   (0)      8  : 0.0050 0.9950
1022     1022   (0)      8  : 0.0090 0.9910
1023     1023   (0)      8  : 0.0060 0.9940
1024     1024   (0)      8  : 0.0050 0.9950
1025     1025   (0)      8  : 0.0050 0.9950
1026     1026   (0)      8  : 0.0060 0.9940
1027     1027   (0)      8  : 0.0060 0.9940
1028     1028   (0)      8  : 0.0060 0.9940
1029     1029   (0)      9  : 0.0060 0.9940
1030     1030   (0)      9  : 0.0050 0.9950
1031     1031   (0)      9  : 0.0070 0.9930
1032     1032   (0)      9  : 0.0060 0.9940
1033     1033   (0)      9  : 0.0060 0.9940
1034     1034   (0)      9  : 0.0060 0.9940
1035     1035   (0)      9  : 0.0050 0.9950
1036     1036   (0)      9  : 0.0060 0.9940
1037     1037   (0)      9  : 0.0070 0.9930
1038     1038   (0)      9  : 0.0060 0.9940
1039     1039   (0)      9  : 0.0060 0.9940
1040     1040   (0)      9  : 0.0070 0.9930
1041     1041   (0)      9  : 0.0110 0.9890
1042     1042   (0)      9  : 0.0050 0.9950
1043     1043   (0)      9  : 0.0080 0.9920
1044     1044   (0)      9  : 0.0070 0.9930
1045     1045   (0)      9  : 0.0070 0.9930
1046     1046   (0)      9  : 0.0130 0.9870
1047     1047   (0)      9  : 0.0050 0.9950
1048     1048   (0)      9  : 0.0050 0.9950
1049     1049   (0)      9  : 0.0050 0.9950
1050     1050   (0)      9  : 0.0070 0.9930
1051     1051   (0)      9  : 0.0090 0.9910
1052     1052   (0)      9  : 0.0290 0.9710
1053     1053   (0)      9  : 0.0060 0.9940
1054     1054   (0)      9  : 0.0080 0.9920
1055     1055   (0)      9  : 0.0060 0.9940
1056     1056   (0)      9  : 0.0090 0.9910
1057     1057   (0)      9  : 0.0070 0.9930
1058     1058   (0)      9  : 0.0070 0.9930
1059     1059   (0)      9  : 0.0050 0.9950
1060     1060   (0)      9  : 0.0080 0.9920
1061     1061   (0)      9  : 0.0060 0.9940
1062     1062   (0)      9  : 0.0070 0.9930
1063     1063   (0)      9  : 0.0050 0.9950
1064     1064   (0)      9  : 0.0070 0.9930
1065     1065   (0)      9  : 0.0060 0.9940
1066     1066   (0)      9  : 0.0060 0.9940
1067     1067   (0)      9  : 0.0070 0.9930
1068     1068   (0)      9  : 0.0060 0.9940
1069     1069   (0)      9  : 0.0060 0.9940
1070     1070   (0)      9  : 0.0060 0.9940
1071     1071   (0)      9  : 0.0060 0.9940
1072     1072   (0)      9  : 0.0050 0.9950
1073     1073   (0)      9  : 0.0070 0.9930
1074     1074   (0)      9  : 0.0050 0.9950
1075     1075   (0)      9  : 0.0060 0.9940
1076     1076   (0)      9  : 0.0070 0.9930
1077     1077   (0)      9  : 0.0050 0.9950
1078     1078   (0)      9  : 0.0060 0.9940
1079     1079   (0)      9  : 0.0060 0.9940
1080     1080   (0)      9  : 0.0070 0.9930
1081     1081   (0)      9  : 0.0070 0.9930
1082     1082   (0)      9  : 0.0080 0.9920
1083     1083   (0)      9  : 0.0070 0.9930
1084     1084   (0)      9  : 0.0100 0.9900
1085     1085   (0)      9  : 0.0050 0.9950
1086     1086   (0)      9  : 0.0132 0.9868
1087     1087   (0)      9  : 0.0060 0.9940
1088     1088   (0)      9  : 0.0050 0.9950
1089     1089   (0)      9  : 0.0080 0.9920
1090     1090   (0)      9  : 0.0080 0.9920
1091     1091   (0)      9  : 0.0060 0.9940
1092     1092   (0)      9  : 0.0080 0.9920
1093     1093   (0)      9  : 0.0060 0.9940
1094     1094   (0)      9  : 0.0050 0.9950
1095     1095   (0)      9  : 0.0150 0.9850
1096     1096   (0)      9  : 0.0080 0.9920
1097     1097   (0)      9  : 0.0060 0.9940
1098     1098   (0)      9  : 0.0050 0.9950
1099     1099   (0)      9  : 0.0080 0.9920
1100     1100   (0)      9  : 0.0070 0.9930
1101     1101   (0)      9  : 0.0070 0.9930
1102     1102   (0)      9  : 0.0070 0.9930
1103     1103   (0)      9  : 0.0070 0.9930
1104     1104   (0)      9  : 0.0070 0.9930
1105     1105   (0)      9  : 0.0070 0.9930
1106     1106   (0)      9  : 0.0082 0.9918
1107     1107   (0)      9  : 0.0050 0.9950
1108     1108   (0)      9  : 0.0050 0.9950
1109     1109   (0)      9  : 0.0070 0.9930
1110     1110   (0)      9  : 0.0080 0.9920
1111     1111   (0)      9  : 0.0090 0.9910
1112     1112   (0)      9  : 0.0070 0.9930
1113     1113   (0)      9  : 0.0050 0.9950
1114     1114   (0)      9  : 0.0074 0.9926
1115     1115   (0)      9  : 0.0080 0.9920
1116     1116   (0)      9  : 0.0110 0.9890
1117     1117   (0)      9  : 0.0080 0.9920
1118     1118   (0)      9  : 0.0070 0.9930
1119     1119   (0)      9  : 0.0050 0.9950
1120     1120   (0)      9  : 0.0060 0.9940
1121     1121   (0)      9  : 0.0060 0.9940
1122     1122   (0)      9  : 0.0092 0.9908
1123     1123   (0)      9  : 0.0070 0.9930
1124     1124   (0)      9  : 0.0060 0.9940
1125     1125   (0)      9  : 0.0120 0.9880
1126     1126   (0)      9  : 0.0130 0.9870
1127     1127   (0)      9  : 0.0110 0.9890
1128     1128   (0)      9  : 0.0090 0.9910
1129     1129   (0)      9  : 0.0080 0.9920
1130     1130   (0)      9  : 0.0070 0.9930
1131     1131   (0)      9  : 0.0080 0.9920
1132     1132   (0)      9  : 0.0050 0.9950
1133     1133   (0)      9  : 0.0148 0.9852
1134     1134   (0)      9  : 0.0070 0.9930
1135     1135   (0)      9  : 0.0080 0.9920
1136     1136   (0)      9  : 0.0080 0.9920
1137     1137   (0)      9  : 0.0110 0.9890
1138     1138   (0)      9  : 0.0060 0.9940
1139     1139   (0)      9  : 0.0070 0.9930
1140     1140   (0)      9  : 0.0060 0.9940
1141     1141   (0)      9  : 0.0060 0.9940
1142     1142   (0)      9  : 0.0050 0.9950
1143     1143   (0)      9  : 0.0070 0.9930
1144     1144   (0)      9  : 0.0084 0.9916
1145     1145   (0)      9  : 0.0080 0.9920
1146     1146   (0)      9  : 0.0090 0.9910
1147     1147   (0)      9  : 0.0090 0.9910
1148     1148   (0)      9  : 0.0120 0.9880
1149     1149   (0)      9  : 0.0090 0.9910
1150     1150   (0)      9  : 0.0080 0.9920
1151     1151   (0)      9  : 0.0060 0.9940
1152     1152   (0)      9  : 0.0080 0.9920
1153     1153   (0)      9  : 0.0040 0.9960
1154     1154   (0)      9  : 0.0060 0.9940
1155     1155   (0)      9  : 0.0060 0.9940
1156     1156   (0)      9  : 0.0060 0.9940
1157     1157   (0)      9  : 0.0060 0.9940
1158     1158   (0)      9  : 0.0110 0.9890
1159     1159   (0)      9  : 0.0150 0.9850
1160     1160   (0)      9  : 0.0090 0.9910
1161     1161   (0)      9  : 0.0080 0.9920
1162     1162   (0)      9  : 0.0060 0.9940
1163     1163   (0)      9  : 0.0070 0.9930
1164     1164   (0)      9  : 0.0110 0.9890
1165     1165   (0)      9  : 0.0060 0.9940
1166     1166   (0)      9  : 0.0070 0.9930
1167     1167   (0)      9  : 0.0080 0.9920
1168     1168   (0)      9  : 0.0060 0.9940
1169     1169   (0)      9  : 0.0060 0.9940
1170     1170   (0)      9  : 0.0070 0.9930
1171     1171   (0)      9  : 0.0080 0.9920
1172     1172   (0)      9  : 0.0060 0.9940
1173     1173   (0)      9  : 0.0050 0.9950
1174     1174   (0)      9  : 0.0090 0.9910
1175     1175   (0)      9  : 0.0070 0.9930
1176     1176   (0)      9  : 0.0120 0.9880
1177     1177   (0)      9  : 0.0100 0.9900
1178     1178   (0)      9  : 0.0080 0.9920
1179     1179   (0)      9  : 0.0050 0.9950
1180     1180   (0)      9  : 0.0040 0.9960
1181     1181   (0)      9  : 0.0070 0.9930
1182     1182   (0)      9  : 0.0110 0.9890
1183     1183   (0)      9  : 0.0060 0.9940
1184     1184   (0)      9  : 0.0040 0.9960
1185     1185   (0)      9  : 0.0090 0.9910
1186     1186   (0)      9  : 0.0170 0.9830
1187     1187   (0)      9  : 0.0070 0.9930
1188     1188   (0)      9  : 0.0060 0.9940
1189     1189   (0)      9  : 0.0070 0.9930
1190     1190   (0)      9  : 0.0060 0.9940
1191     1191   (0)      9  : 0.0080 0.9920
1192     1192   (0)      9  : 0.0050 0.9950
1193     1193   (0)      9  : 0.0050 0.9950
1194     1194   (0)      9  : 0.0060 0.9940
1195     1195   (0)      9  : 0.0050 0.9950
1196     1196   (0)      9  : 0.0060 0.9940
1197     1197   (0)      9  : 0.0070 0.9930
1198     1198   (0)      9  : 0.0060 0.9940
1199     1199   (0)      9  : 0.0060 0.9940
1200     1200   (0)      9  : 0.0060 0.9940
1201     1201   (0)      9  : 0.0070 0.9930
1202     1202   (0)      9  : 0.0080 0.9920
1203     1203   (0)      9  : 0.0060 0.9940
1204     1204   (0)      9  : 0.0060 0.9940
1205     1205   (0)      9  : 0.0060 0.9940
1206     1206   (0)      9  : 0.0070 0.9930
1207     1207   (0)      9  : 0.0230 0.9770
1208     1208   (0)      9  : 0.0060 0.9940
1209     1209   (0)      9  : 0.0070 0.9930
1210     1210   (0)      9  : 0.0072 0.9928
1211     1211   (0)      9  : 0.0050 0.9950
1212     1212   (0)      9  : 0.0050 0.9950
1213     1213   (0)      9  : 0.0090 0.9910
1214     1214   (0)      9  : 0.0070 0.9930
1215     1215   (0)      9  : 0.0060 0.9940
1216     1216   (0)      9  : 0.0100 0.9900
1217     1217   (0)      9  : 0.0060 0.9940
1218     1218   (0)      9  : 0.0050 0.9950
1219     1219   (0)      9  : 0.0070 0.9930
1220     1220   (0)      9  : 0.0060 0.9940
1221     1221   (0)      9  : 0.0060 0.9940
1222     1222   (0)      9  : 0.0070 0.9930
1223     1223   (0)      9  : 0.0080 0.9920
1224     1224   (0)      9  : 0.0080 0.9920
1225     1225   (0)      9  : 0.0070 0.9930
1226     1226   (0)      9  : 0.0080 0.9920
1227     1227   (0)      9  : 0.0100 0.9900
1228     1228   (0)      9  : 0.0060 0.9940
1229     1229   (0)      9  : 0.0090 0.9910
1230     1230   (0)      9  : 0.0070 0.9930
1231     1231   (0)      9  : 0.0070 0.9930
1232     1232   (0)      9  : 0.0050 0.9950
1233     1233   (0)      9  : 0.0050 0.9950
1234     1234   (0)      9  : 0.0070 0.9930
1235     1235   (0)      9  : 0.0080 0.9920
1236     1236   (0)      9  : 0.0060 0.9940
1237     1237   (0)      9  : 0.0120 0.9880
1238     1238   (0)      9  : 0.0060 0.9940
1239     1239   (0)      9  : 0.0060 0.9940
1240     1240   (0)      9  : 0.0090 0.9910
1241     1241   (0)      9  : 0.0070 0.9930
1242     1242   (0)      9  : 0.0050 0.9950
1243     1243   (0)      9  : 0.0080 0.9920
1244     1244   (0)      9  : 0.0050 0.9950
1245     1245   (0)      9  : 0.0068 0.9932
1246     1246   (0)      9  : 0.0100 0.9900
1247     1247   (0)      9  : 0.0070 0.9930
1248     1248   (0)      9  : 0.0070 0.9930
1249     1249   (0)      9  : 0.0080 0.9920
1250     1250   (0)      9  : 0.0060 0.9940
1251     1251   (0)      9  : 0.0060 0.9940
1252     1252   (0)      9  : 0.0120 0.9880
1253     1253   (0)      9  : 0.0060 0.9940
1254     1254   (0)      9  : 0.0090 0.9910
1255     1255   (0)      9  : 0.0060 0.9940
1256     1256   (0)      9  : 0.0060 0.9940
1257     1257   (0)      9  : 0.0080 0.9920
1258     1258   (0)      9  : 0.0050 0.9950
1259     1259   (0)      9  : 0.0060 0.9940
1260     1260   (0)      9  : 0.0080 0.9920
1261     1261   (0)      9  : 0.0090 0.9910
1262     1262   (0)      9  : 0.0060 0.9940
1263     1263   (0)      9  : 0.0090 0.9910
1264     1264   (0)      9  : 0.0080 0.9920
1265     1265   (0)      9  : 0.0060 0.9940
1266     1266   (0)      9  : 0.0100 0.9900
1267     1267   (0)      9  : 0.0070 0.9930
1268     1268   (0)      9  : 0.0110 0.9890
1269     1269   (0)      9  : 0.0100 0.9900
1270     1270   (0)      9  : 0.0090 0.9910
1271     1271   (0)      9  : 0.0060 0.9940
1272     1272   (0)      9  : 0.0060 0.9940
1273     1273   (0)      9  : 0.0060 0.9940
1274     1274   (0)      9  : 0.0084 0.9916
1275     1275   (0)      9  : 0.0120 0.9880
1276     1276   (0)      9  : 0.0060 0.9940
1277     1277   (0)      9  : 0.0090 0.9910
1278     1278   (0)      9  : 0.0050 0.9950
1279     1279   (0)      9  : 0.0042 0.9958
1280     1280   (0)      9  : 0.0080 0.9920
1281     1281   (0)      9  : 0.0070 0.9930
1282     1282   (0)      9  : 0.0060 0.9940
1283     1283   (0)      9  : 0.0060 0.9940
1284     1284   (0)      9  : 0.0060 0.9940
1285     1285   (0)      9  : 0.0150 0.9850
1286     1286   (0)      9  : 0.0080 0.9920
1287     1287   (0)      9  : 0.0050 0.9950
1288     1288   (0)      9  : 0.0082 0.9918
1289     1289   (0)      9  : 0.0080 0.9920
1290     1290   (0)      9  : 0.0050 0.9950
1291     1291   (0)      9  : 0.0120 0.9880
1292     1292   (0)      9  : 0.0060 0.9940
1293     1293   (0)      9  : 0.0060 0.9940
1294     1294   (0)      9  : 0.0060 0.9940
1295     1295   (0)      9  : 0.0050 0.9950
1296     1296   (0)      9  : 0.0050 0.9950
1297     1297   (0)      9  : 0.0060 0.9940
1298     1298   (0)      9  : 0.0060 0.9940
1299     1299   (0)      9  : 0.0090 0.9910
1300     1300   (0)      9  : 0.0070 0.9930
1301     1301   (0)      9  : 0.0060 0.9940
1302     1302   (0)      9  : 0.0070 0.9930
1303     1303   (0)      9  : 0.0070 0.9930
1304     1304   (0)      9  : 0.0100 0.9900
1305     1305   (0)      9  : 0.0070 0.9930
1306     1306   (0)      9  : 0.0060 0.9940
1307     1307   (0)      9  : 0.0060 0.9940
1308     1308   (0)      9  : 0.0060 0.9940
1309     1309   (0)      9  : 0.0050 0.9950
1310     1310   (0)      9  : 0.0100 0.9900
1311     1311   (0)      9  : 0.0100 0.9900
1312     1312   (0)      9  : 0.0060 0.9940
1313     1313   (0)      9  : 0.0050 0.9950
1314     1314   (0)      9  : 0.0080 0.9920
1315     1315   (0)      9  : 0.0090 0.9910
1316     1316   (0)      9  : 0.0100 0.9900
1317     1317   (0)      9  : 0.0050 0.9950
1318     1318   (0)      9  : 0.0080 0.9920
1319     1319   (0)      9  : 0.0060 0.9940
1320     1320   (0)      9  : 0.0050 0.9950
1321     1321   (0)      9  : 0.0090 0.9910
1322     1322   (0)      9  : 0.0060 0.9940
1323     1323   (0)      9  : 0.0090 0.9910
1324     1324   (0)      9  : 0.0080 0.9920
1325     1325   (0)      9  : 0.0060 0.9940
1326     1326   (0)      9  : 0.0110 0.9890
1327     1327   (0)      9  : 0.0050 0.9950
1328     1328   (0)      9  : 0.0080 0.9920
1329     1329   (0)      9  : 0.0050 0.9950
1330     1330   (0)      9  : 0.0070 0.9930
1331     1331   (0)      9  : 0.0080 0.9920
1332     1332   (0)      9  : 0.0060 0.9940
1333     1333   (0)      9  : 0.0080 0.9920
1334     1334   (0)      9  : 0.0130 0.9870
1335     1335   (0)      9  : 0.0050 0.9950
1336     1336   (0)      9  : 0.0070 0.9930
1337     1337   (0)      9  : 0.0070 0.9930
1338     1338   (0)      9  : 0.0060 0.9940
1339     1339   (0)      9  : 0.0170 0.9830
1340     1340   (0)      9  : 0.0050 0.9950
1341     1341   (0)      9  : 0.0080 0.9920
1342     1342   (0)      9  : 0.0100 0.9900
1343     1343   (0)      9  : 0.0090 0.9910
1344     1344   (0)      9  : 0.0070 0.9930
1345     1345   (0)      9  : 0.0060 0.9940
1346     1346   (0)      9  : 0.0070 0.9930
1347     1347   (0)      9  : 0.0060 0.9940
1348     1348   (0)      9  : 0.0040 0.9960
1349     1349   (0)      9  : 0.0070 0.9930
1350     1350   (0)      9  : 0.0080 0.9920
1351     1351   (0)      9  : 0.0050 0.9950
1352     1352   (0)      9  : 0.0080 0.9920
1353     1353   (0)      9  : 0.0100 0.9900
1354     1354   (0)      9  : 0.0060 0.9940
1355     1355   (0)      9  : 0.0090 0.9910
1356     1356   (0)      9  : 0.0060 0.9940
1357     1357   (0)      9  : 0.0060 0.9940
1358     1358   (0)      9  : 0.0090 0.9910
1359     1359   (0)      9  : 0.0100 0.9900
1360     1360   (0)      9  : 0.0096 0.9904
1361     1361   (0)      9  : 0.0100 0.9900
1362     1362   (0)      9  : 0.0110 0.9890
1363     1363   (0)      9  : 0.0060 0.9940
1364     1364   (0)      9  : 0.0070 0.9930
1365     1365   (0)      9  : 0.0060 0.9940
1366     1366   (0)      9  : 0.0200 0.9800
1367     1367   (0)      9  : 0.0070 0.9930
1368     1368   (0)      9  : 0.0060 0.9940
1369     1369   (0)      9  : 0.0060 0.9940
1370     1370   (0)      9  : 0.0070 0.9930
1371     1371   (0)      9  : 0.0100 0.9900
1372     1372   (0)      9  : 0.0060 0.9940
1373     1373   (0)      9  : 0.0070 0.9930
1374     1374   (0)      9  : 0.0070 0.9930
1375     1375   (0)      9  : 0.0060 0.9940
1376     1376   (0)      9  : 0.0130 0.9870
1377     1377   (0)      9  : 0.0170 0.9830
1378     1378   (0)      9  : 0.0110 0.9890
1379     1379   (0)      9  : 0.0130 0.9870
1380     1380   (0)      9  : 0.0060 0.9940
1381     1381   (0)      9  : 0.0080 0.9920
1382     1382   (0)      9  : 0.0070 0.9930
1383     1383   (0)      9  : 0.0050 0.9950
1384     1384   (0)      9  : 0.0050 0.9950
1385     1385   (0)      9  : 0.0070 0.9930
1386     1386   (0)      9  : 0.0060 0.9940
1387     1387   (0)      9  : 0.0080 0.9920
1388     1388   (0)      9  : 0.0050 0.9950
1389     1389   (0)      9  : 0.0070 0.9930
1390     1390   (0)      9  : 0.0050 0.9950
1391     1391   (0)      9  : 0.0430 0.9570
1392     1392   (0)      9  : 0.0050 0.9950
1393     1393   (0)      9  : 0.0060 0.9940
1394     1394   (0)      9  : 0.0070 0.9930
1395     1395   (0)      9  : 0.0110 0.9890
1396     1396   (0)      9  : 0.0050 0.9950
1397     1397   (0)      9  : 0.0090 0.9910
1398     1398   (0)      9  : 0.0090 0.9910
1399     1399   (0)      9  : 0.0080 0.9920
1400     1400   (0)      9  : 0.0050 0.9950
1401     1401   (0)      9  : 0.0050 0.9950
1402     1402   (0)      9  : 0.0060 0.9940
1403     1403   (0)      9  : 0.0070 0.9930
1404     1404   (0)      9  : 0.0050 0.9950
1405     1405   (0)      9  : 0.0060 0.9940
1406     1406   (0)      9  : 0.0070 0.9930
1407     1407   (0)      9  : 0.0060 0.9940
1408     1408   (0)      9  : 0.0050 0.9950
1409     1409   (0)      9  : 0.0080 0.9920
1410     1410   (0)      9  : 0.0070 0.9930
1411     1411   (0)      9  : 0.0052 0.9948
1412     1412   (0)      9  : 0.0060 0.9940
1413     1413   (0)      9  : 0.0060 0.9940
1414     1414   (0)      9  : 0.0050 0.9950
1415     1415   (0)      9  : 0.0080 0.9920
1416     1416   (0)      9  : 0.0060 0.9940
1417     1417   (0)      9  : 0.0110 0.9890
1418     1418   (0)      9  : 0.0060 0.9940
1419     1419   (0)      9  : 0.0130 0.9870
1420     1420   (0)      9  : 0.0080 0.9920
1421     1421   (0)      9  : 0.0070 0.9930
1422     1422   (0)      9  : 0.0060 0.9940
1423     1423   (0)      9  : 0.0080 0.9920
1424     1424   (0)      9  : 0.0080 0.9920
1425     1425   (0)      9  : 0.0260 0.9740
1426     1426   (0)      9  : 0.0070 0.9930
1427     1427   (0)      9  : 0.0050 0.9950
1428     1428   (0)      9  : 0.0060 0.9940
1429     1429   (0)      9  : 0.0090 0.9910
1430     1430   (0)      9  : 0.0100 0.9900
1431     1431   (0)      9  : 0.0060 0.9940
1432     1432   (0)      9  : 0.0070 0.9930
1433     1433   (0)      9  : 0.0070 0.9930
1434     1434   (0)      9  : 0.0070 0.9930
1435     1435   (0)      9  : 0.0060 0.9940
1436     1436   (0)      9  : 0.0070 0.9930
1437     1437   (0)      9  : 0.0060 0.9940
1438     1438   (0)      9  : 0.0098 0.9902
1439     1439   (0)      9  : 0.0180 0.9820
1440     1440   (0)      9  : 0.0050 0.9950
1441     1441   (0)      9  : 0.0080 0.9920
1442     1442   (0)      9  : 0.0090 0.9910
1443     1443   (0)      9  : 0.0100 0.9900
1444     1444   (0)      9  : 0.0130 0.9870
1445     1445   (0)      9  : 0.0110 0.9890
1446     1446   (0)      9  : 0.0060 0.9940
1447     1447   (0)      9  : 0.0060 0.9940
1448     1448   (0)      9  : 0.0060 0.9940
1449     1449   (0)      9  : 0.0090 0.9910
1450     1450   (0)      9  : 0.0060 0.9940
1451     1451   (0)      9  : 0.0050 0.9950
1452     1452   (0)      9  : 0.0080 0.9920
1453     1453   (0)      9  : 0.0070 0.9930
1454     1454   (0)      9  : 0.0060 0.9940
1455     1455   (0)      9  : 0.0060 0.9940
1456     1456   (0)      9  : 0.0100 0.9900
1457     1457   (0)      9  : 0.0070 0.9930
1458     1458   (0)      9  : 0.0060 0.9940
1459     1459   (0)      9  : 0.0120 0.9880
1460     1460   (0)      9  : 0.0080 0.9920
1461     1461   (0)      9  : 0.0070 0.9930
1462     1462   (0)      9  : 0.0060 0.9940
1463     1463   (0)      9  : 0.0080 0.9920
1464     1464   (0)      9  : 0.0090 0.9910
1465     1465   (0)      9  : 0.0114 0.9886
1466     1466   (0)      9  : 0.0168 0.9832
1467     1467   (0)      9  : 0.0050 0.9950
1468     1468   (0)      9  : 0.0070 0.9930
1469     1469   (0)      9  : 0.0060 0.9940
1470     1470   (0)      9  : 0.0130 0.9870
1471     1471   (0)      9  : 0.0070 0.9930
1472     1472   (0)      9  : 0.0060 0.9940
1473     1473   (0)      9  : 0.0080 0.9920
1474     1474   (0)      9  : 0.0060 0.9940
1475     1475   (0)      9  : 0.0110 0.9890
1476     1476   (0)      9  : 0.0060 0.9940
1477     1477   (0)      9  : 0.0060 0.9940
1478     1478   (0)      9  : 0.0050 0.9950
1479     1479   (0)      9  : 0.0070 0.9930
1480     1480   (0)      9  : 0.0050 0.9950
1481     1481   (0)      9  : 0.0080 0.9920
1482     1482   (0)      9  : 0.0060 0.9940
1483     1483   (0)      9  : 0.0060 0.9940
1484     1484   (0)      9  : 0.0070 0.9930
1485     1485   (0)      9  : 0.0060 0.9940
1486     1486   (0)      9  : 0.0080 0.9920
1487     1487   (0)      9  : 0.0060 0.9940
1488     1488   (0)      9  : 0.0060 0.9940
1489     1489   (0)      9  : 0.0070 0.9930
1490     1490   (0)      9  : 0.0080 0.9920
1491     1491   (0)      9  : 0.0090 0.9910
1492     1492   (0)      9  : 0.0080 0.9920
1493     1493   (0)      9  : 0.0050 0.9950
1494     1494   (0)      9  : 0.0050 0.9950
1495     1495   (0)      9  : 0.0070 0.9930
1496     1496   (0)      9  : 0.0060 0.9940
1497     1497   (0)      9  : 0.0070 0.9930
1498     1498   (0)      9  : 0.0060 0.9940
1499     1499   (0)      9  : 0.0090 0.9910
1500     1500   (0)      9  : 0.0070 0.9930
