  1        1   (5)      1 :  0.0270 0.9730 
  2        2   (5)      1 :  0.0392 0.9608 
  3        3   (5)      1 :  0.0240 0.9760 
  4        4   (0)      1 :  0.0348 0.9652 
  5        5   (0)      1 :  0.0580 0.9420 
  6        6   (0)      1 :  0.0240 0.9760 
  7        7   (0)      1 :  0.0702 0.9298 
  8        8   (5)      1 :  0.0290 0.9710 
  9        9   (0)      1 :  0.0240 0.9760 
 10       10   (0)      1 :  0.0462 0.9538 
 11       11   (0)      1 :  0.0380 0.9620 
 12       12   (0)      1 :  0.0510 0.9490 
 13       13   (0)      1 :  0.0410 0.9590 
 14       14   (0)      1 :  0.0270 0.9730 
 15       15   (0)      1 :  0.0230 0.9770 
 16       16   (0)      1 :  0.0210 0.9790 
 17       17   (0)      1 :  0.0200 0.9800 
 18       18   (0)      1 :  0.0330 0.9670 
 19       19   (0)      1 :  0.0620 0.9380 
 20       20   (0)      1 :  0.0542 0.9458 
 21       21   (0)      1 :  0.0314 0.9686 
 22       22   (0)      1 :  0.0170 0.9830 
 23       23   (0)      1 :  0.0200 0.9800 
 24       24   (0)      1 :  0.0470 0.9530 
 25       25   (0)      1 :  0.0650 0.9350 
 26       26   (0)      1 :  0.0470 0.9530 
 27       27   (5)      1 :  0.0386 0.9614 
 28       28   (0)      1 :  0.0180 0.9820 
 29       29   (0)      1 :  0.0230 0.9770 
 30       30   (0)      1 :  0.0440 0.9560 
 31       31   (0)      1 :  0.0200 0.9800 
 32       32   (0)      1 :  0.0320 0.9680 
 33       33   (0)      1 :  0.0200 0.9800 
 34       34   (0)      1 :  0.0190 0.9810 
 35       35   (0)      1 :  0.0400 0.9600 
 36       36   (0)      1 :  0.0220 0.9780 
 37       37   (0)      1 :  0.0496 0.9504 
 38       38   (0)      1 :  0.0478 0.9522 
 39       39   (0)      1 :  0.0346 0.9654 
 40       40   (0)      1 :  0.0350 0.9650 
 41       41   (0)      1 :  0.0310 0.9690 
 42       42   (0)      1 :  0.0190 0.9810 
 43       43   (0)      1 :  0.0220 0.9780 
 44       44   (0)      1 :  0.0170 0.9830 
 45       45   (5)      1 :  0.0462 0.9538 
 46       46   (0)      1 :  0.0160 0.9840 
 47       47   (0)      1 :  0.0160 0.9840 
 48       48   (0)      1 :  0.0422 0.9578 
 49       49   (0)      1 :  0.0420 0.9580 
 50       50   (0)      1 :  0.0260 0.9740 
 51       51   (0)      1 :  0.0560 0.9440 
 52       52   (0)      1 :  0.1132 0.8868 
 53       53   (0)      1 :  0.0252 0.9748 
 54       54   (0)      1 :  0.0170 0.9830 
 55       55   (0)      1 :  0.0218 0.9782 
 56       56   (0)      1 :  0.0218 0.9782 
 57       57  (10)      1 :  0.0360 0.9640 
 58       58   (5)      1 :  0.0300 0.9700 
 59       59   (0)      1 :  0.0350 0.9650 
 60       60   (0)      1 :  0.0220 0.9780 
 61       61   (0)      1 :  0.0280 0.9720 
 62       62   (0)      1 :  0.0240 0.9760 
 63       63   (0)      1 :  0.0280 0.9720 
 64       64   (0)      1 :  0.0200 0.9800 
 65       65   (0)      1 :  0.0716 0.9284 
 66       66   (0)      1 :  0.0240 0.9760 
 67       67   (5)      1 :  0.0746 0.9254 
 68       68   (0)      1 :  0.0340 0.9660 
 69       69   (0)      1 :  0.0180 0.9820 
 70       70   (0)      1 :  0.0250 0.9750 
 71       71   (5)      1 :  0.0350 0.9650 
 72       72   (0)      1 :  0.0556 0.9444 
 73       73   (5)      1 :  0.0220 0.9780 
 74       74  (10)      1 :  0.0370 0.9630 
 75       75  (10)      1 :  0.0680 0.9320 
 76       76   (0)      1 :  0.0330 0.9670 
 77       77  (10)      1 :  0.0340 0.9660 
 78       78   (0)      1 :  0.0550 0.9450 
 79       79   (5)      1 :  0.0220 0.9780 
 80       80   (0)      1 :  0.0230 0.9770 
 81       81   (0)      1 :  0.0240 0.9760 
 82       82   (0)      1 :  0.0240 0.9760 
 83       83   (0)      1 :  0.0270 0.9730 
 84       84   (0)      1 :  0.0500 0.9500 
 85       85   (0)      1 :  0.0200 0.9800 
 86       86   (5)      1 :  0.0240 0.9760 
 87       87   (0)      1 :  0.0220 0.9780 
 88       88   (0)      1 :  0.0628 0.9372 
 89       89   (0)      1 :  0.1010 0.8990 
 90       90   (0)      1 :  0.0260 0.9740 
 91       91   (0)      1 :  0.0320 0.9680 
 92       92   (0)      1 :  0.0260 0.9740 
 93       93   (0)      1 :  0.0210 0.9790 
 94       94   (5)      1 :  0.0744 0.9256 
 95       95   (0)      1 :  0.0270 0.9730 
 96       96   (5)      1 :  0.0290 0.9710 
 97       97   (0)      1 :  0.0180 0.9820 
 98       98   (0)      1 :  0.0360 0.9640 
 99       99   (5)      1 :  0.0360 0.9640 
100      100   (5)      1 :  0.0210 0.9790 
101      101   (0)      2 :  0.1476 0.8524 
102      102   (0)      2 :  0.0810 0.9190 
103      103   (0)      2 :  0.0716 0.9284 
104      104   (0)      2 :  0.0876 0.9124 
105      105   (0)      2 :  0.2020 0.7980 
106      106   (0)      2 :  0.0360 0.9640 
107      107   (0)      2 :  0.0634 0.9366 
108      108   (0)      2 :  0.0858 0.9142 
109      109   (0)      2 :  0.1780 0.8220 
110      110   (0)      2 :  0.0770 0.9230 
111      111   (0)      2 :  0.0190 0.9810 
112      112   (0)      2 :  0.0462 0.9538 
113      113   (0)      2 :  0.0498 0.9502 
114      114   (0)      2 :  0.0918 0.9082 
115      115   (0)      2 :  0.0820 0.9180 
116      116   (0)      2 :  0.0602 0.9398 
117      117   (0)      2 :  0.0940 0.9060 
118      118   (0)      2 :  0.0900 0.9100 
119      119   (0)      2 :  0.1550 0.8450 
120      120   (0)      2 :  0.0686 0.9314 
121      121   (0)      2 :  0.0280 0.9720 
122      122   (0)      2 :  0.1014 0.8986 
123      123   (0)      2 :  0.0722 0.9278 
124      124   (0)      2 :  0.1792 0.8208 
125      125   (0)      2 :  0.0490 0.9510 
126      126   (0)      2 :  0.0350 0.9650 
127      127   (0)      2 :  0.1254 0.8746 
128      128   (0)      2 :  0.0866 0.9134 
129      129   (0)      2 :  0.1990 0.8010 
130      130   (0)      2 :  0.0800 0.9200 
131      131   (0)      2 :  0.0670 0.9330 
132      132   (0)      2 :  0.0742 0.9258 
133      133   (0)      2 :  0.0390 0.9610 
134      134   (0)      2 :  0.0230 0.9770 
135      135   (0)      2 :  0.1100 0.8900 
136      136   (0)      2 :  0.1820 0.8180 
137      137   (0)      2 :  0.0360 0.9640 
138      138   (0)      2 :  0.0992 0.9008 
139      139   (0)      2 :  0.0690 0.9310 
140      140   (0)      2 :  0.0714 0.9286 
141      141   (0)      2 :  0.0944 0.9056 
142      142   (0)      2 :  0.0450 0.9550 
143      143   (0)      2 :  0.0688 0.9312 
144      144   (0)      2 :  0.1970 0.8030 
145      145   (0)      2 :  0.0520 0.9480 
146      146   (0)      2 :  0.0270 0.9730 
147      147   (0)      2 :  0.0856 0.9144 
148      148   (0)      2 :  0.0320 0.9680 
149      149   (0)      2 :  0.0380 0.9620 
150      150   (0)      2 :  0.0950 0.9050 
151      151   (0)      2 :  0.1998 0.8002 
152      152   (0)      2 :  0.2234 0.7766 
153      153   (0)      2 :  0.1072 0.8928 
154      154   (0)      2 :  0.0370 0.9630 
155      155   (0)      2 :  0.1620 0.8380 
156      156   (0)      2 :  0.1430 0.8570 
157      157   (0)      2 :  0.0644 0.9356 
158      158   (0)      2 :  0.0500 0.9500 
159      159   (0)      2 :  0.1078 0.8922 
160      160   (0)      2 :  0.2570 0.7430 
161      161   (0)      2 :  0.0660 0.9340 
162      162   (0)      2 :  0.0610 0.9390 
163      163   (0)      2 :  0.0962 0.9038 
164      164   (0)      2 :  0.1962 0.8038 
165      165   (0)      2 :  0.0320 0.9680 
166      166   (0)      2 :  0.1028 0.8972 
167      167   (0)      2 :  0.1142 0.8858 
168      168   (0)      2 :  0.1462 0.8538 
169      169   (0)      2 :  0.0410 0.9590 
170      170   (0)      2 :  0.1228 0.8772 
171      171   (0)      2 :  0.1422 0.8578 
172      172   (0)      2 :  0.0942 0.9058 
173      173   (0)      2 :  0.1330 0.8670 
174      174   (0)      2 :  0.0330 0.9670 
175      175   (0)      2 :  0.2298 0.7702 
176      176   (0)      2 :  0.1600 0.8400 
177      177   (0)      2 :  0.0380 0.9620 
178      178   (0)      2 :  0.1020 0.8980 
179      179   (0)      2 :  0.1724 0.8276 
180      180   (0)      2 :  0.2696 0.7304 
181      181   (0)      2 :  0.1670 0.8330 
182      182   (0)      2 :  0.0410 0.9590 
183      183   (0)      2 :  0.0644 0.9356 
184      184   (0)      2 :  0.1062 0.8938 
185      185   (0)      2 :  0.0312 0.9688 
186      186   (0)      2 :  0.0808 0.9192 
187      187   (0)      2 :  0.0700 0.9300 
188      188   (0)      2 :  0.0950 0.9050 
189      189   (0)      2 :  0.1070 0.8930 
190      190   (0)      2 :  0.0480 0.9520 
191      191   (0)      2 :  0.0608 0.9392 
192      192   (0)      2 :  0.0240 0.9760 
193      193   (0)      2 :  0.0420 0.9580 
194      194   (0)      2 :  0.1604 0.8396 
195      195   (0)      2 :  0.0288 0.9712 
196      196   (0)      2 :  0.0230 0.9770 
197      197   (0)      2 :  0.1354 0.8646 
198      198   (0)      2 :  0.0390 0.9610 
199      199   (0)      2 :  0.1402 0.8598 
200      200   (0)      2 :  0.1996 0.8004 
201      201   (0)      3 :  0.2190 0.7810 
202      202   (0)      3 :  0.1108 0.8892 
203      203   (0)      3 :  0.1142 0.8858 
204      204   (0)      3 :  0.3610 0.6390 
205      205   (0)      3 :  0.2706 0.7294 
206      206   (0)      3 :  0.4080 0.5920 
207      207   (0)      3 :  0.2504 0.7496 
208      208   (0)      3 :  0.2408 0.7592 
209      209   (0)      3 :  0.1252 0.8748 
210      210   (0)      3 :  0.4110 0.5890 
211      211   (0)      3 :  0.1488 0.8512 
212      212   (0)      3 :  0.3560 0.6440 
213      213   (0)      3 :  0.1792 0.8208 
214      214   (0)      3 :  0.4350 0.5650 
215      215   (0)      3 :  0.2412 0.7588 
216      216   (0)      3 :  0.1570 0.8430 
217      217   (0)      3 :  0.1880 0.8120 
218      218   (0)      3 :  0.1704 0.8296 
219      219   (0)      3 :  0.1932 0.8068 
220      220   (0)      3 :  0.0800 0.9200 
221      221   (0)      3 :  0.1934 0.8066 
222      222   (0)      3 :  0.2804 0.7196 
223      223   (0)      3 :  0.1220 0.8780 
224      224   (0)      3 :  0.1314 0.8686 
225      225   (0)      3 :  0.3100 0.6900 
226      226   (0)      3 :  0.1810 0.8190 
227      227   (0)      3 :  0.0416 0.9584 
228      228   (0)      3 :  0.2910 0.7090 
229      229   (0)      3 :  0.1796 0.8204 
230      230   (0)      3 :  0.2030 0.7970 
231      231   (0)      3 :  0.0806 0.9194 
232      232   (0)      3 :  0.0500 0.9500 
233      233   (0)      3 :  0.0894 0.9106 
234      234   (0)      3 :  0.2476 0.7524 
235      235   (0)      3 :  0.0940 0.9060 
236      236   (0)      3 :  0.2150 0.7850 
237      237   (0)      3 :  0.1580 0.8420 
238      238   (0)      3 :  0.1590 0.8410 
239      239   (0)      3 :  0.2050 0.7950 
240      240   (0)      3 :  0.1190 0.8810 
241      241   (0)      3 :  0.3818 0.6182 
242      242   (0)      3 :  0.2050 0.7950 
243      243   (0)      3 :  0.3812 0.6188 
244      244   (0)      3 :  0.2964 0.7036 
245      245   (0)      3 :  0.2950 0.7050 
246      246   (0)      3 :  0.2134 0.7866 
247      247   (0)      3 :  0.2558 0.7442 
248      248   (0)      3 :  0.3010 0.6990 
249      249   (0)      3 :  0.1918 0.8082 
250      250   (0)      3 :  0.0938 0.9062 
251      251   (0)      3 :  0.2310 0.7690 
252      252   (0)      3 :  0.2530 0.7470 
253      253   (0)      3 :  0.0726 0.9274 
254      254   (0)      3 :  0.2572 0.7428 
255      255   (0)      3 :  0.3132 0.6868 
256      256   (0)      3 :  0.2060 0.7940 
257      257   (0)      3 :  0.3060 0.6940 
258      258   (0)      3 :  0.1470 0.8530 
259      259   (0)      3 :  0.4034 0.5966 
260      260   (0)      3 :  0.2216 0.7784 
261      261   (0)      3 :  0.0900 0.9100 
262      262   (0)      3 :  0.2670 0.7330 
263      263   (0)      3 :  0.2466 0.7534 
264      264   (0)      3 :  0.2792 0.7208 
265      265   (0)      3 :  0.1430 0.8570 
266      266   (0)      3 :  0.3990 0.6010 
267      267   (0)      3 :  0.0742 0.9258 
268      268   (0)      3 :  0.2678 0.7322 
269      269   (0)      3 :  0.3510 0.6490 
270      270   (0)      3 :  0.2998 0.7002 
271      271   (0)      3 :  0.2724 0.7276 
272      272   (0)      3 :  0.3142 0.6858 
273      273   (0)      3 :  0.1980 0.8020 
274      274   (0)      3 :  0.1848 0.8152 
275      275   (0)      3 :  0.2480 0.7520 
276      276   (0)      3 :  0.2962 0.7038 
277      277   (0)      3 :  0.2012 0.7988 
278      278   (0)      3 :  0.2216 0.7784 
279      279   (0)      3 :  0.2134 0.7866 
280      280   (0)      3 :  0.1848 0.8152 
281      281   (0)      3 :  0.2576 0.7424 
282      282   (0)      3 :  0.2884 0.7116 
283      283   (0)      3 :  0.4176 0.5824 
284      284   (0)      3 :  0.0396 0.9604 
285      285   (0)      3 :  0.1354 0.8646 
286      286   (0)      3 :  0.0810 0.9190 
287      287   (0)      3 :  0.2410 0.7590 
288      288   (0)      3 :  0.0410 0.9590 
289      289   (0)      3 :  0.0948 0.9052 
290      290   (0)      3 :  0.1152 0.8848 
291      291   (0)      3 :  0.1422 0.8578 
292      292   (0)      3 :  0.3022 0.6978 
293      293   (0)      3 :  0.1822 0.8178 
294      294   (0)      3 :  0.1246 0.8754 
295      295   (0)      3 :  0.3912 0.6088 
296      296   (0)      3 :  0.0240 0.9760 
297      297   (0)      3 :  0.2100 0.7900 
298      298   (0)      3 :  0.2812 0.7188 
299      299   (0)      3 :  0.1494 0.8506 
300      300   (0)      3 :  0.5054 0.4946 
301      301   (0)      4 :  0.5346 0.4654 
302      302   (0)      4 :  0.5770 0.4230 
303      303   (0)      4 :  0.5778 0.4222 
304      304   (0)      4 :  0.5490 0.4510 
305      305   (0)      4 :  0.4770 0.5230 
306      306   (0)      4 :  0.5442 0.4558 
307      307   (0)      4 :  0.4080 0.5920 
308      308   (0)      4 :  0.5354 0.4646 
309      309   (0)      4 :  0.5090 0.4910 
310      310   (0)      4 :  0.3940 0.6060 
311      311   (0)      4 :  0.5842 0.4158 
312      312   (0)      4 :  0.4632 0.5368 
313      313   (0)      4 :  0.5750 0.4250 
314      314   (0)      4 :  0.5320 0.4680 
315      315   (0)      4 :  0.5950 0.4050 
316      316   (0)      4 :  0.5370 0.4630 
317      317   (0)      4 :  0.4472 0.5528 
318      318   (0)      4 :  0.5692 0.4308 
319      319   (0)      4 :  0.5440 0.4560 
320      320   (0)      4 :  0.5940 0.4060 
321      321   (0)      4 :  0.4650 0.5350 
322      322   (0)      4 :  0.3734 0.6266 
323      323   (0)      4 :  0.3882 0.6118 
324      324   (0)      4 :  0.4992 0.5008 
325      325   (0)      4 :  0.4570 0.5430 
326      326   (0)      4 :  0.4338 0.5662 
327      327   (0)      4 :  0.4220 0.5780 
328      328   (0)      4 :  0.5950 0.4050 
329      329   (0)      4 :  0.4568 0.5432 
330      330   (0)      4 :  0.4992 0.5008 
331      331   (0)      4 :  0.5240 0.4760 
332      332   (0)      4 :  0.5264 0.4736 
333      333   (0)      4 :  0.5000 0.5000 
334      334   (0)      4 :  0.3890 0.6110 
335      335   (0)      4 :  0.4440 0.5560 
336      336   (0)      4 :  0.3596 0.6404 
337      337   (0)      4 :  0.4862 0.5138 
338      338   (0)      4 :  0.4080 0.5920 
339      339   (0)      4 :  0.3260 0.6740 
340      340   (0)      4 :  0.4436 0.5564 
341      341   (0)      4 :  0.5770 0.4230 
342      342   (0)      4 :  0.5430 0.4570 
343      343   (0)      4 :  0.5870 0.4130 
344      344   (0)      4 :  0.5490 0.4510 
345      345   (0)      4 :  0.4240 0.5760 
346      346   (0)      4 :  0.4760 0.5240 
347      347   (0)      4 :  0.4740 0.5260 
348      348   (0)      4 :  0.5220 0.4780 
349      349   (0)      4 :  0.4450 0.5550 
350      350   (0)      4 :  0.4714 0.5286 
351      351   (0)      4 :  0.5340 0.4660 
352      352   (0)      4 :  0.4470 0.5530 
353      353   (0)      4 :  0.4570 0.5430 
354      354   (0)      4 :  0.6404 0.3596 
355      355   (0)      4 :  0.6170 0.3830 
356      356   (0)      4 :  0.3790 0.6210 
357      357   (0)      4 :  0.5422 0.4578 
358      358   (0)      4 :  0.4740 0.5260 
359      359   (0)      4 :  0.5428 0.4572 
360      360   (0)      4 :  0.5840 0.4160 
361      361   (0)      4 :  0.5350 0.4650 
362      362   (0)      4 :  0.5738 0.4262 
363      363   (0)      4 :  0.5486 0.4514 
364      364   (0)      4 :  0.5260 0.4740 
365      365   (0)      4 :  0.6410 0.3590 
366      366   (0)      4 :  0.4750 0.5250 
367      367   (0)      4 :  0.5458 0.4542 
368      368   (0)      4 :  0.5010 0.4990 
369      369   (0)      4 :  0.4750 0.5250 
370      370   (0)      4 :  0.4726 0.5274 
371      371   (0)      4 :  0.5676 0.4324 
372      372   (0)      4 :  0.4830 0.5170 
373      373   (0)      4 :  0.6840 0.3160 
374      374   (0)      4 :  0.6070 0.3930 
375      375   (0)      4 :  0.4622 0.5378 
376      376   (0)      4 :  0.5240 0.4760 
377      377   (0)      4 :  0.6570 0.3430 
378      378   (0)      4 :  0.4870 0.5130 
379      379   (0)      4 :  0.4880 0.5120 
380      380   (0)      4 :  0.5004 0.4996 
381      381   (0)      4 :  0.2770 0.7230 
382      382   (0)      4 :  0.5276 0.4724 
383      383   (0)      4 :  0.5650 0.4350 
384      384   (0)      4 :  0.3196 0.6804 
385      385   (0)      4 :  0.4990 0.5010 
386      386   (0)      4 :  0.5746 0.4254 
387      387   (0)      4 :  0.5060 0.4940 
388      388   (0)      4 :  0.5690 0.4310 
389      389   (0)      4 :  0.5204 0.4796 
390      390   (0)      4 :  0.4330 0.5670 
391      391   (0)      4 :  0.4976 0.5024 
392      392   (0)      4 :  0.6060 0.3940 
393      393   (0)      4 :  0.4210 0.5790 
394      394   (0)      4 :  0.3688 0.6312 
395      395   (0)      4 :  0.4880 0.5120 
396      396   (0)      4 :  0.5140 0.4860 
397      397   (0)      4 :  0.5560 0.4440 
398      398   (0)      4 :  0.5208 0.4792 
399      399   (0)      4 :  0.5860 0.4140 
400      400   (0)      4 :  0.3278 0.6722 
401      401   (0)      5 :  0.7650 0.2350 
402      402   (0)      5 :  0.6022 0.3978 
403      403   (0)      5 :  0.7128 0.2872 
404      404   (0)      5 :  0.7092 0.2908 
405      405   (0)      5 :  0.7462 0.2538 
406      406   (0)      5 :  0.6890 0.3110 
407      407   (0)      5 :  0.8120 0.1880 
408      408   (0)      5 :  0.6000 0.4000 
409      409   (0)      5 :  0.6210 0.3790 
410      410   (0)      5 :  0.8138 0.1862 
411      411   (0)      5 :  0.8190 0.1810 
412      412   (0)      5 :  0.7790 0.2210 
413      413   (0)      5 :  0.7380 0.2620 
414      414   (0)      5 :  0.6820 0.3180 
415      415   (0)      5 :  0.7450 0.2550 
416      416   (0)      5 :  0.6990 0.3010 
417      417   (0)      5 :  0.7700 0.2300 
418      418   (0)      5 :  0.7270 0.2730 
419      419   (0)      5 :  0.6684 0.3316 
420      420   (0)      5 :  0.6760 0.3240 
421      421   (0)      5 :  0.6810 0.3190 
422      422   (0)      5 :  0.9030 0.0970 
423      423   (0)      5 :  0.7550 0.2450 
424      424   (0)      5 :  0.7870 0.2130 
425      425   (0)      5 :  0.7980 0.2020 
426      426   (0)      5 :  0.5880 0.4120 
427      427   (0)      5 :  0.5920 0.4080 
428      428   (0)      5 :  0.7664 0.2336 
429      429   (0)      5 :  0.6790 0.3210 
430      430   (0)      5 :  0.8412 0.1588 
431      431   (0)      5 :  0.4780 0.5220 
432      432   (0)      5 :  0.7060 0.2940 
433      433   (0)      5 :  0.8530 0.1470 
434      434   (0)      5 :  0.7520 0.2480 
435      435   (0)      5 :  0.5948 0.4052 
436      436   (0)      5 :  0.6260 0.3740 
437      437   (0)      5 :  0.7620 0.2380 
438      438   (0)      5 :  0.9018 0.0982 
439      439   (0)      5 :  0.7732 0.2268 
440      440   (0)      5 :  0.8160 0.1840 
441      441   (0)      5 :  0.7732 0.2268 
442      442   (0)      5 :  0.8696 0.1304 
443      443   (0)      5 :  0.8178 0.1822 
444      444   (0)      5 :  0.8080 0.1920 
445      445   (0)      5 :  0.8040 0.1960 
446      446   (0)      5 :  0.8614 0.1386 
447      447   (0)      5 :  0.6410 0.3590 
448      448   (0)      5 :  0.7240 0.2760 
449      449   (0)      5 :  0.7840 0.2160 
450      450   (0)      5 :  0.8282 0.1718 
451      451   (0)      5 :  0.9302 0.0698 
452      452   (0)      5 :  0.7928 0.2072 
453      453   (0)      5 :  0.8390 0.1610 
454      454   (0)      5 :  0.8570 0.1430 
455      455   (0)      5 :  0.7010 0.2990 
456      456   (0)      5 :  0.6890 0.3110 
457      457   (0)      5 :  0.6314 0.3686 
458      458   (0)      5 :  0.7510 0.2490 
459      459   (0)      5 :  0.6654 0.3346 
460      460   (0)      5 :  0.7882 0.2118 
461      461   (0)      5 :  0.7510 0.2490 
462      462   (0)      5 :  0.7706 0.2294 
463      463   (0)      5 :  0.6180 0.3820 
464      464   (0)      5 :  0.8718 0.1282 
465      465   (0)      5 :  0.7532 0.2468 
466      466   (0)      5 :  0.7060 0.2940 
467      467   (0)      5 :  0.7548 0.2452 
468      468   (0)      5 :  0.8710 0.1290 
469      469   (0)      5 :  0.7772 0.2228 
470      470   (0)      5 :  0.8850 0.1150 
471      471   (0)      5 :  0.7980 0.2020 
472      472   (0)      5 :  0.8800 0.1200 
473      473   (0)      5 :  0.5210 0.4790 
474      474   (0)      5 :  0.7150 0.2850 
475      475   (0)      5 :  0.8480 0.1520 
476      476   (0)      5 :  0.7336 0.2664 
477      477   (0)      5 :  0.9436 0.0564 
478      478   (0)      5 :  0.9368 0.0632 
479      479   (0)      5 :  0.7854 0.2146 
480      480   (0)      5 :  0.6770 0.3230 
481      481   (0)      5 :  0.8896 0.1104 
482      482   (0)      5 :  0.7540 0.2460 
483      483   (0)      5 :  0.8250 0.1750 
484      484   (0)      5 :  0.8500 0.1500 
485      485   (0)      5 :  0.6420 0.3580 
486      486   (0)      5 :  0.8808 0.1192 
487      487   (0)      5 :  0.6242 0.3758 
488      488   (0)      5 :  0.7300 0.2700 
489      489   (0)      5 :  0.6900 0.3100 
490      490   (0)      5 :  0.7900 0.2100 
491      491   (0)      5 :  0.6376 0.3624 
492      492   (0)      5 :  0.6420 0.3580 
493      493   (0)      5 :  0.6600 0.3400 
494      494   (0)      5 :  0.6920 0.3080 
495      495   (0)      5 :  0.8152 0.1848 
496      496   (0)      5 :  0.9450 0.0550 
497      497   (0)      5 :  0.8102 0.1898 
498      498   (0)      5 :  0.7600 0.2400 
499      499   (0)      5 :  0.6600 0.3400 
500      500   (0)      5 :  0.6768 0.3232 
501      501   (0)      6 :  0.9340 0.0660 
502      502   (0)      6 :  0.9180 0.0820 
503      503   (0)      6 :  0.7720 0.2280 
504      504   (0)      6 :  0.9820 0.0180 
505      505   (0)      6 :  0.8112 0.1888 
506      506   (0)      6 :  0.8692 0.1308 
507      507   (0)      6 :  0.9210 0.0790 
508      508   (0)      6 :  0.9362 0.0638 
509      509   (0)      6 :  0.7290 0.2710 
510      510   (0)      6 :  0.9188 0.0812 
511      511   (0)      6 :  0.8848 0.1152 
512      512   (0)      6 :  0.9740 0.0260 
513      513   (0)      6 :  0.8998 0.1002 
514      514   (0)      6 :  0.8430 0.1570 
515      515   (0)      6 :  0.8572 0.1428 
516      516   (0)      6 :  0.8852 0.1148 
517      517   (0)      6 :  0.8080 0.1920 
518      518   (0)      6 :  0.9550 0.0450 
519      519   (0)      6 :  0.9170 0.0830 
520      520   (0)      6 :  0.8650 0.1350 
521      521   (0)      6 :  0.8160 0.1840 
522      522   (0)      6 :  0.9182 0.0818 
523      523   (0)      6 :  0.7410 0.2590 
524      524   (0)      6 :  0.8290 0.1710 
525      525   (0)      6 :  0.8776 0.1224 
526      526   (0)      6 :  0.9406 0.0594 
527      527   (0)      6 :  0.8876 0.1124 
528      528   (0)      6 :  0.7592 0.2408 
529      529   (0)      6 :  0.8240 0.1760 
530      530   (0)      6 :  0.7474 0.2526 
531      531   (0)      6 :  0.8350 0.1650 
532      532   (0)      6 :  0.9810 0.0190 
533      533   (0)      6 :  0.9262 0.0738 
534      534   (0)      6 :  0.8280 0.1720 
535      535   (0)      6 :  0.6964 0.3036 
536      536   (0)      6 :  0.9770 0.0230 
537      537   (0)      6 :  0.8876 0.1124 
538      538   (0)      6 :  0.9228 0.0772 
539      539   (0)      6 :  0.9480 0.0520 
540      540   (0)      6 :  0.8780 0.1220 
541      541   (0)      6 :  0.8390 0.1610 
542      542   (0)      6 :  0.9150 0.0850 
543      543   (0)      6 :  0.9790 0.0210 
544      544   (0)      6 :  0.8660 0.1340 
545      545   (0)      6 :  0.8090 0.1910 
546      546   (0)      6 :  0.8610 0.1390 
547      547   (0)      6 :  0.8896 0.1104 
548      548   (0)      6 :  0.9750 0.0250 
549      549   (0)      6 :  0.9080 0.0920 
550      550   (0)      6 :  0.9388 0.0612 
551      551   (0)      6 :  0.8734 0.1266 
552      552   (0)      6 :  0.9160 0.0840 
553      553   (0)      6 :  0.8600 0.1400 
554      554   (0)      6 :  0.9242 0.0758 
555      555   (0)      6 :  0.9710 0.0290 
556      556   (0)      6 :  0.8980 0.1020 
557      557   (0)      6 :  0.9364 0.0636 
558      558   (0)      6 :  0.6740 0.3260 
559      559   (0)      6 :  0.9362 0.0638 
560      560   (0)      6 :  0.9284 0.0716 
561      561   (0)      6 :  0.8780 0.1220 
562      562   (0)      6 :  0.8600 0.1400 
563      563   (0)      6 :  0.9810 0.0190 
564      564   (0)      6 :  0.7998 0.2002 
565      565   (0)      6 :  0.9334 0.0666 
566      566   (0)      6 :  0.8892 0.1108 
567      567   (0)      6 :  0.9524 0.0476 
568      568   (0)      6 :  0.8660 0.1340 
569      569   (0)      6 :  0.7250 0.2750 
570      570   (0)      6 :  0.8512 0.1488 
571      571   (0)      6 :  0.8302 0.1698 
572      572   (0)      6 :  0.9090 0.0910 
573      573   (0)      6 :  0.7868 0.2132 
574      574   (0)      6 :  0.9188 0.0812 
575      575   (0)      6 :  0.8470 0.1530 
576      576   (0)      6 :  0.8266 0.1734 
577      577   (0)      6 :  0.8492 0.1508 
578      578   (0)      6 :  0.8610 0.1390 
579      579   (0)      6 :  0.8988 0.1012 
580      580   (0)      6 :  0.8360 0.1640 
581      581   (0)      6 :  0.8860 0.1140 
582      582   (0)      6 :  0.6670 0.3330 
583      583   (0)      6 :  0.8538 0.1462 
584      584   (0)      6 :  0.8990 0.1010 
585      585   (0)      6 :  0.9470 0.0530 
586      586   (0)      6 :  0.8400 0.1600 
587      587   (0)      6 :  0.8788 0.1212 
588      588   (0)      6 :  0.9520 0.0480 
589      589   (0)      6 :  0.9180 0.0820 
590      590   (0)      6 :  0.8380 0.1620 
591      591   (0)      6 :  0.8818 0.1182 
592      592   (0)      6 :  0.8804 0.1196 
593      593   (0)      6 :  0.9410 0.0590 
594      594   (0)      6 :  0.8666 0.1334 
595      595   (0)      6 :  0.9810 0.0190 
596      596   (0)      6 :  0.7420 0.2580 
597      597   (0)      6 :  0.7522 0.2478 
598      598   (0)      6 :  0.9620 0.0380 
599      599   (0)      6 :  0.8100 0.1900 
600      600   (0)      6 :  0.9126 0.0874 
601      601   (5)      7 :  0.9730 0.0270 
602      602   (0)      7 :  0.9670 0.0330 
603      603   (0)      7 :  0.9800 0.0200 
604      604   (0)      7 :  0.8880 0.1120 
605      605   (0)      7 :  0.9740 0.0260 
606      606   (0)      7 :  0.9740 0.0260 
607      607   (0)      7 :  0.9840 0.0160 
608      608   (0)      7 :  0.9750 0.0250 
609      609   (0)      7 :  0.9720 0.0280 
610      610   (0)      7 :  0.9760 0.0240 
611      611   (0)      7 :  0.9840 0.0160 
612      612   (0)      7 :  0.9810 0.0190 
613      613   (0)      7 :  0.9500 0.0500 
614      614   (5)      7 :  0.9840 0.0160 
615      615   (0)      7 :  0.9780 0.0220 
616      616   (0)      7 :  0.9830 0.0170 
617      617   (0)      7 :  0.9760 0.0240 
618      618   (0)      7 :  0.9650 0.0350 
619      619   (0)      7 :  0.9530 0.0470 
620      620   (0)      7 :  0.9810 0.0190 
621      621   (0)      7 :  0.9830 0.0170 
622      622   (0)      7 :  0.9768 0.0232 
623      623   (0)      7 :  0.9830 0.0170 
624      624   (0)      7 :  0.9854 0.0146 
625      625   (0)      7 :  0.9850 0.0150 
626      626   (0)      7 :  0.9810 0.0190 
627      627   (0)      7 :  0.9814 0.0186 
628      628   (0)      7 :  0.9810 0.0190 
629      629   (0)      8 :  0.9760 0.0240 
630      630   (0)      8 :  0.9830 0.0170 
631      631   (0)      8 :  0.9820 0.0180 
632      632   (0)      8 :  0.9700 0.0300 
633      633   (0)      8 :  0.9860 0.0140 
634      634   (0)      8 :  0.9340 0.0660 
635      635   (0)      8 :  0.9830 0.0170 
636      636   (0)      8 :  0.9810 0.0190 
637      637   (0)      8 :  0.9770 0.0230 
638      638   (0)      8 :  0.9794 0.0206 
639      639   (0)      8 :  0.9730 0.0270 
640      640   (0)      8 :  0.9850 0.0150 
641      641   (0)      8 :  0.9730 0.0270 
642      642   (0)      8 :  0.9620 0.0380 
643      643   (0)      8 :  0.9860 0.0140 
644      644   (0)      8 :  0.9810 0.0190 
645      645   (0)      8 :  0.9790 0.0210 
646      646   (0)      8 :  0.9760 0.0240 
647      647   (0)      8 :  0.9740 0.0260 
648      648   (0)      8 :  0.9820 0.0180 
649      649   (0)      8 :  0.9828 0.0172 
650      650   (0)      8 :  0.9810 0.0190 
651      651   (0)      8 :  0.9678 0.0322 
652      652   (0)      8 :  0.9640 0.0360 
653      653   (0)      8 :  0.9810 0.0190 
654      654   (0)      8 :  0.9840 0.0160 
655      655   (0)      8 :  0.9790 0.0210 
656      656   (0)      8 :  0.9840 0.0160 
657      657   (0)      8 :  0.9800 0.0200 
658      658   (0)      8 :  0.9850 0.0150 
659      659   (0)      8 :  0.9820 0.0180 
660      660   (0)      8 :  0.9820 0.0180 
661      661   (0)      8 :  0.9640 0.0360 
662      662   (0)      8 :  0.9152 0.0848 
663      663   (0)      8 :  0.9778 0.0222 
664      664   (0)      8 :  0.9670 0.0330 
665      665   (0)      8 :  0.9790 0.0210 
666      666   (0)      8 :  0.9790 0.0210 
667      667   (0)      8 :  0.9782 0.0218 
668      668   (0)      8 :  0.9740 0.0260 
669      669   (0)      8 :  0.9690 0.0310 
670      670   (0)      8 :  0.9500 0.0500 
671      671   (0)      8 :  0.9780 0.0220 
672      672   (0)      8 :  0.9790 0.0210 
673      673   (0)      8 :  0.9710 0.0290 
674      674   (0)      8 :  0.9800 0.0200 
675      675   (0)      8 :  0.9770 0.0230 
676      676   (0)      8 :  0.9734 0.0266 
677      677   (0)      8 :  0.9830 0.0170 
678      678   (0)      8 :  0.9810 0.0190 
679      679   (0)      8 :  0.9830 0.0170 
680      680   (0)      8 :  0.9810 0.0190 
681      681   (0)      8 :  0.9810 0.0190 
682      682   (0)      8 :  0.9680 0.0320 
683      683   (0)      8 :  0.9770 0.0230 
684      684   (0)      8 :  0.9720 0.0280 
685      685   (0)      8 :  0.9730 0.0270 
686      686   (0)      8 :  0.9840 0.0160 
687      687   (0)      8 :  0.9830 0.0170 
688      688   (0)      8 :  0.9790 0.0210 
689      689   (0)      8 :  0.9810 0.0190 
690      690   (0)      8 :  0.9830 0.0170 
691      691   (0)      8 :  0.9810 0.0190 
692      692   (0)      8 :  0.9830 0.0170 
693      693   (0)      8 :  0.9810 0.0190 
694      694   (0)      8 :  0.9840 0.0160 
695      695   (0)      8 :  0.9860 0.0140 
696      696   (0)      8 :  0.9800 0.0200 
697      697   (0)      8 :  0.9720 0.0280 
698      698   (0)      8 :  0.9780 0.0220 
699      699   (0)      8 :  0.9820 0.0180 
700      700   (0)      8 :  0.9710 0.0290 
