1        1   (5)      1  : 0.9848 0.0152
2        2   (5)      1  : 0.9840 0.0160
3        3   (5)      1  : 0.9710 0.0290
4        4   (0)      1  : 0.9874 0.0126
5        5   (0)      1  : 0.9620 0.0380
6        6   (0)      1  : 0.9892 0.0108
7        7   (0)      1  : 0.9648 0.0352
8        8   (5)      1  : 0.9850 0.0150
9        9   (0)      1  : 0.9860 0.0140
10       10   (0)      1  : 0.9750 0.0250
11       11   (0)      1  : 0.9830 0.0170
12       12   (0)      1  : 0.9796 0.0204
13       13   (0)      1  : 0.9860 0.0140
14       14   (0)      1  : 0.9780 0.0220
15       15   (0)      1  : 0.9860 0.0140
16       16   (0)      1  : 0.9870 0.0130
17       17   (0)      1  : 0.9850 0.0150
18       18   (0)      1  : 0.9850 0.0150
19       19   (0)      1  : 0.9870 0.0130
20       20   (0)      1  : 0.9542 0.0458
21       21   (0)      1  : 0.9860 0.0140
22       22   (0)      1  : 0.9860 0.0140
23       23   (0)      1  : 0.9850 0.0150
24       24   (0)      1  : 0.9870 0.0130
25       25   (5)      2  : 0.8026 0.1974
26       26   (0)      2  : 0.8174 0.1826
27       27   (0)      2  : 0.9262 0.0738
28       28   (5)      2  : 0.9612 0.0388
29       29   (5)      2  : 0.9520 0.0480
30       30   (0)      2  : 0.7916 0.2084
31       31   (0)      3  : 0.6280 0.3720
32       32   (0)      3  : 0.7372 0.2628
33       33  (10)      4  : 0.9402 0.0598
34       34   (5)      4  : 0.9144 0.0856
35       35   (5)      4  : 0.9840 0.0160
36       36   (5)      4  : 0.8004 0.1996
37       37  (10)      4  : 0.9720 0.0280
38       38   (5)      4  : 0.9890 0.0110
39       39  (10)      4  : 0.9810 0.0190
40       40   (0)      4  : 0.8534 0.1466
41       41   (0)      4  : 0.9520 0.0480
42       42   (0)      4  : 0.8846 0.1154
43       43   (0)      4  : 0.9476 0.0524
44       44   (0)      4  : 0.9676 0.0324
45       45   (0)      4  : 0.9248 0.0752
46       46   (0)      4  : 0.9770 0.0230
47       47   (0)      4  : 0.9274 0.0726
48       48   (0)      4  : 0.9820 0.0180
49       49   (0)      4  : 0.9820 0.0180
50       50   (0)      4  : 0.9870 0.0130
51       51   (0)      4  : 0.7986 0.2014
52       52   (5)      4  : 0.6568 0.3432
53       53   (0)      4  : 0.9520 0.0480
54       54   (0)      4  : 0.9472 0.0528
55       55   (5)      4  : 0.9700 0.0300
56       56   (5)      4  : 0.6012 0.3988
57       57   (0)      4  : 0.9492 0.0508
58       58   (0)      4  : 0.7424 0.2576
59       59   (0)      4  : 0.8592 0.1408
60       60   (0)      4  : 0.7780 0.2220
61       61   (0)      4  : 0.1128 0.8872
62       62   (0)      4  : 0.6362 0.3638
63       63   (0)      4  : 0.1162 0.8838
64       64   (0)      4  : 0.8658 0.1342
65       65   (0)      4  : 0.6098 0.3902
66       66   (0)      4  : 0.8308 0.1692
67       67   (0)      4  : 0.7282 0.2718
68       68   (0)      4  : 0.4210 0.5790
69       69   (0)      4  : 0.9378 0.0622
70       70   (0)      4  : 0.0406 0.9594
71       71   (0)      4  : 0.6022 0.3978
72       72   (0)      4  : 0.6772 0.3228
73       73   (0)      4  : 0.9132 0.0868
74       74   (0)      4  : 0.8326 0.1674
75       75  (10)      5  : 0.1746 0.8254
76       76   (0)      5  : 0.1620 0.8380
77       77   (0)      5  : 0.4892 0.5108
78       78   (0)      5  : 0.1484 0.8516
79       79   (0)      5  : 0.0320 0.9680
80       80   (5)      5  : 0.3322 0.6678
81       81   (0)      5  : 0.1310 0.8690
82       82   (0)      5  : 0.0370 0.9630
83       83   (0)      5  : 0.0140 0.9860
84       84   (0)      5  : 0.8404 0.1596
85       85   (0)      5  : 0.2178 0.7822
86       86   (0)      5  : 0.0260 0.9740
87       87   (0)      5  : 0.0420 0.9580
88       88   (0)      5  : 0.0210 0.9790
89       89   (5)      5  : 0.0298 0.9702
90       90   (0)      5  : 0.0450 0.9550
91       91   (0)      5  : 0.0300 0.9700
92       92   (0)      5  : 0.0140 0.9860
93       93   (0)      5  : 0.0526 0.9474
94       94   (0)      5  : 0.0140 0.9860
95       95   (0)      5  : 0.1216 0.8784
96       96   (5)      5  : 0.0370 0.9630
97       97   (5)      5  : 0.0928 0.9072
98       98   (5)      5  : 0.4064 0.5936
99       99   (0)      5  : 0.1826 0.8174
100      100   (0)      5  : 0.0744 0.9256
101      101   (0)      5  : 0.0622 0.9378
102      102   (0)      5  : 0.1644 0.8356
103      103   (0)      5  : 0.0390 0.9610
104      104   (0)      5  : 0.0352 0.9648
105      105   (0)      5  : 0.0260 0.9740
106      106   (0)      5  : 0.0350 0.9650
107      107   (0)      5  : 0.0550 0.9450
108      108   (0)      5  : 0.1732 0.8268
109      109   (0)      5  : 0.0250 0.9750
110      110   (0)      5  : 0.0154 0.9846
111      111   (5)      5  : 0.0762 0.9238
112      112   (0)      5  : 0.3132 0.6868
113      113   (0)      5  : 0.0374 0.9626
114      114   (0)      5  : 0.3876 0.6124
115      115   (0)      5  : 0.0290 0.9710
116      116   (0)      5  : 0.4996 0.5004
117      117   (5)      5  : 0.0204 0.9796
118      118   (5)      5  : 0.0654 0.9346
119      119   (5)      5  : 0.0230 0.9770
120      120   (5)      5  : 0.0352 0.9648
121      121   (5)      5  : 0.0930 0.9070
122      122   (5)      5  : 0.2288 0.7712
123      123   (0)      5  : 0.4334 0.5666
124      124   (5)      5  : 0.0282 0.9718
125      125   (0)      5  : 0.7150 0.2850
126      126   (0)      5  : 0.9610 0.0390
127      127   (0)      5  : 0.0330 0.9670
128      128   (0)      5  : 0.0170 0.9830
129      129   (0)      5  : 0.0310 0.9690
130      130   (0)      5  : 0.1734 0.8266
131      131   (0)      5  : 0.2720 0.7280
132      132   (0)      5  : 0.1298 0.8702
133      133   (0)      5  : 0.0194 0.9806
134      134   (0)      5  : 0.1198 0.8802
135      135   (0)      5  : 0.3800 0.6200
136      136   (0)      5  : 0.8212 0.1788
137      137   (0)      5  : 0.0166 0.9834
138      138   (0)      5  : 0.0230 0.9770
139      139   (0)      5  : 0.0840 0.9160
140      140   (0)      5  : 0.1350 0.8650
141      141   (0)      5  : 0.0410 0.9590
142      142   (0)      5  : 0.3902 0.6098
143      143   (0)      5  : 0.0210 0.9790
144      144   (0)      5  : 0.0826 0.9174
145      145   (0)      5  : 0.0160 0.9840
146      146   (0)      5  : 0.0160 0.9840
147      147   (0)      5  : 0.1234 0.8766
148      148   (0)      5  : 0.0462 0.9538
149      149   (0)      5  : 0.0240 0.9760
150      150   (0)      5  : 0.0280 0.9720
151      151   (0)      5  : 0.0404 0.9596
152      152   (0)      5  : 0.0550 0.9450
153      153   (0)      5  : 0.0496 0.9504
154      154   (0)      5  : 0.0410 0.9590
155      155   (0)      5  : 0.5326 0.4674
156      156   (0)      5  : 0.0270 0.9730
157      157   (0)      5  : 0.0338 0.9662
158      158   (0)      5  : 0.0220 0.9780
159      159   (0)      5  : 0.0190 0.9810
160      160   (0)      5  : 0.0210 0.9790
161      161   (0)      5  : 0.0360 0.9640
162      162   (0)      5  : 0.0230 0.9770
163      163   (0)      5  : 0.1238 0.8762
164      164   (0)      5  : 0.0470 0.9530
165      165   (0)      5  : 0.1008 0.8992
166      166   (0)      5  : 0.0180 0.9820
167      167  (10)      5  : 0.4336 0.5664
168      168   (0)      5  : 0.0150 0.9850
169      169   (0)      5  : 0.2150 0.7850
170      170   (0)      5  : 0.0222 0.9778
171      171   (0)      5  : 0.0160 0.9840
172      172   (0)      5  : 0.0270 0.9730
173      173   (0)      5  : 0.0180 0.9820
174      174   (0)      5  : 0.0292 0.9708
175      175   (0)      5  : 0.0140 0.9860
176      176   (0)      5  : 0.0210 0.9790
177      177   (0)      5  : 0.0758 0.9242
178      178   (0)      5  : 0.0220 0.9780
179      179   (0)      5  : 0.0360 0.9640
180      180   (0)      6  : 0.9214 0.0786
181      181  (10)      6  : 0.8126 0.1874
182      182  (10)      6  : 0.6762 0.3238
183      183   (5)      6  : 0.0190 0.9810
184      184   (5)      6  : 0.2118 0.7882
185      185   (0)      6  : 0.0130 0.9870
186      186   (5)      6  : 0.0170 0.9830
187      187   (5)      6  : 0.0162 0.9838
188      188   (0)      6  : 0.0228 0.9772
189      189   (0)      6  : 0.0210 0.9790
190      190   (0)      6  : 0.0210 0.9790
191      191   (0)      6  : 0.5174 0.4826
192      192   (0)      6  : 0.0180 0.9820
193      193   (5)      6  : 0.2042 0.7958
194      194   (5)      6  : 0.7956 0.2044
195      195  (10)      6  : 0.4568 0.5432
196      196   (0)      6  : 0.0290 0.9710
197      197   (5)      6  : 0.0240 0.9760
198      198   (5)      6  : 0.1450 0.8550
199      199   (0)      6  : 0.0140 0.9860
200      200   (5)      6  : 0.0240 0.9760
201      201   (0)      6  : 0.5492 0.4508
202      202   (5)      6  : 0.0252 0.9748
203      203   (0)      6  : 0.0768 0.9232
204      204   (0)      6  : 0.0170 0.9830
205      205   (0)      6  : 0.0180 0.9820
206      206   (0)      6  : 0.0170 0.9830
207      207   (0)      6  : 0.0786 0.9214
208      208   (0)      6  : 0.0160 0.9840
209      209   (0)      6  : 0.0212 0.9788
210      210   (0)      6  : 0.0140 0.9860
211      211   (0)      6  : 0.0240 0.9760
212      212   (0)      6  : 0.0180 0.9820
213      213   (0)      6  : 0.2914 0.7086
214      214   (0)      6  : 0.5468 0.4532
215      215   (0)      6  : 0.5256 0.4744
216      216   (0)      6  : 0.5314 0.4686
217      217   (0)      6  : 0.4058 0.5942
218      218   (5)      6  : 0.0360 0.9640
219      219   (5)      6  : 0.0180 0.9820
220      220   (0)      6  : 0.0490 0.9510
221      221  (15)      6  : 0.5648 0.4352
222      222  (10)      6  : 0.0248 0.9752
223      223  (10)      6  : 0.2998 0.7002
224      224  (10)      6  : 0.2058 0.7942
225      225   (5)      6  : 0.0250 0.9750
226      226   (5)      6  : 0.8166 0.1834
227      227   (5)      6  : 0.8358 0.1642
228      228   (5)      6  : 0.0148 0.9852
229      229   (5)      6  : 0.1820 0.8180
230      230   (5)      6  : 0.8770 0.1230
231      231  (15)      6  : 0.8078 0.1922
232      232   (5)      6  : 0.9080 0.0920
233      233   (5)      6  : 0.7618 0.2382
234      234  (15)      6  : 0.7896 0.2104
235      235   (5)      6  : 0.7332 0.2668
236      236   (5)      6  : 0.7262 0.2738
237      237   (5)      6  : 0.3720 0.6280
238      238   (5)      6  : 0.0140 0.9860
239      239  (10)      6  : 0.0350 0.9650
240      240   (5)      6  : 0.0280 0.9720
241      241   (5)      6  : 0.0344 0.9656
242      242  (10)      6  : 0.0372 0.9628
243      243  (10)      6  : 0.5562 0.4438
244      244  (10)      6  : 0.7194 0.2806
245      245  (10)      6  : 0.7752 0.2248
246      246   (5)      6  : 0.5268 0.4732
247      247  (10)      6  : 0.7008 0.2992
248      248   (0)      6  : 0.0170 0.9830
249      249   (5)      6  : 0.0190 0.9810
250      250   (0)      6  : 0.4680 0.5320
251      251   (0)      6  : 0.0856 0.9144
252      252   (0)      6  : 0.7652 0.2348
253      253   (0)      6  : 0.2082 0.7918
254      254   (0)      6  : 0.8346 0.1654
255      255   (0)      6  : 0.3514 0.6486
256      256   (0)      6  : 0.4498 0.5502
257      257  (10)      6  : 0.7050 0.2950
258      258  (10)      6  : 0.6134 0.3866
259      259   (0)      6  : 0.9174 0.0826
260      260   (5)      6  : 0.7718 0.2282
261      261   (0)      6  : 0.9046 0.0954
262      262   (5)      6  : 0.9044 0.0956
263      263   (5)      6  : 0.0350 0.9650
264      264   (5)      6  : 0.1794 0.8206
265      265  (10)      6  : 0.3334 0.6666
266      266   (0)      6  : 0.0588 0.9412
267      267   (0)      6  : 0.2450 0.7550
268      268   (0)      6  : 0.9612 0.0388
269      269   (0)      6  : 0.0380 0.9620
270      270   (0)      6  : 0.1656 0.8344
271      271   (0)      6  : 0.0330 0.9670
272      272   (0)      6  : 0.0280 0.9720
273      273   (0)      6  : 0.8920 0.1080
274      274   (0)      6  : 0.0282 0.9718
275      275   (0)      6  : 0.9296 0.0704
276      276   (0)      6  : 0.6846 0.3154
277      277   (0)      6  : 0.7602 0.2398
278      278   (0)      6  : 0.8832 0.1168
279      279   (0)      6  : 0.8280 0.1720
280      280   (0)      6  : 0.0230 0.9770
281      281   (0)      6  : 0.8674 0.1326
282      282   (0)      6  : 0.8002 0.1998
283      283   (5)      6  : 0.7650 0.2350
284      284   (0)      6  : 0.0806 0.9194
285      285   (5)      6  : 0.9582 0.0418
286      286   (0)      6  : 0.1162 0.8838
287      287   (0)      6  : 0.4116 0.5884
288      288   (0)      6  : 0.9402 0.0598
289      289   (0)      6  : 0.4172 0.5828
290      290   (0)      6  : 0.0210 0.9790
291      291   (0)      6  : 0.0360 0.9640
292      292   (0)      6  : 0.4360 0.5640
293      293   (0)      6  : 0.7312 0.2688
294      294   (0)      6  : 0.1046 0.8954
295      295   (0)      6  : 0.1066 0.8934
296      296   (0)      6  : 0.6554 0.3446
297      297   (0)      6  : 0.0220 0.9780
298      298   (0)      6  : 0.8392 0.1608
299      299   (5)      6  : 0.6984 0.3016
300      300   (0)      6  : 0.6462 0.3538
301      301   (0)      6  : 0.7302 0.2698
302      302   (0)      6  : 0.4078 0.5922
303      303  (10)      6  : 0.2394 0.7606
304      304   (0)      6  : 0.7382 0.2618
305      305   (0)      6  : 0.0590 0.9410
306      306   (0)      6  : 0.6494 0.3506
307      307  (10)      6  : 0.2960 0.7040
308      308   (5)      6  : 0.9590 0.0410
309      309   (0)      6  : 0.6084 0.3916
310      310   (5)      6  : 0.0532 0.9468
311      311   (5)      6  : 0.0220 0.9780
312      312  (10)      6  : 0.1162 0.8838
313      313   (0)      6  : 0.0868 0.9132
314      314   (5)      6  : 0.6216 0.3784
315      315  (10)      6  : 0.0238 0.9762
316      316   (0)      6  : 0.9566 0.0434
317      317   (0)      6  : 0.8184 0.1816
318      318   (0)      6  : 0.4636 0.5364
319      319   (0)      6  : 0.5662 0.4338
320      320   (0)      6  : 0.0302 0.9698
321      321   (0)      6  : 0.0660 0.9340
322      322   (0)      6  : 0.0596 0.9404
323      323   (0)      6  : 0.0130 0.9870
324      324   (0)      6  : 0.0140 0.9860
325      325   (5)      6  : 0.6580 0.3420
326      326   (0)      6  : 0.0170 0.9830
327      327   (0)      6  : 0.0696 0.9304
328      328   (0)      6  : 0.1698 0.8302
329      329   (5)      6  : 0.7566 0.2434
330      330   (0)      6  : 0.4072 0.5928
331      331   (0)      6  : 0.7318 0.2682
332      332   (0)      6  : 0.0140 0.9860
333      333   (0)      6  : 0.3030 0.6970
334      334   (0)      6  : 0.0380 0.9620
335      335   (0)      6  : 0.0684 0.9316
336      336   (0)      6  : 0.8340 0.1660
337      337   (0)      6  : 0.0442 0.9558
338      338   (0)      6  : 0.0190 0.9810
339      339   (0)      6  : 0.4744 0.5256
340      340   (0)      6  : 0.0440 0.9560
341      341   (0)      6  : 0.0190 0.9810
342      342   (0)      6  : 0.0534 0.9466
343      343   (0)      6  : 0.0150 0.9850
344      344   (0)      6  : 0.8416 0.1584
345      345   (0)      6  : 0.0210 0.9790
346      346   (0)      6  : 0.3022 0.6978
347      347   (0)      6  : 0.8680 0.1320
348      348   (0)      6  : 0.0220 0.9780
349      349   (0)      6  : 0.0220 0.9780
350      350  (10)      6  : 0.0904 0.9096
351      351   (5)      6  : 0.2120 0.7880
352      352  (10)      6  : 0.5364 0.4636
353      353   (5)      6  : 0.8590 0.1410
354      354  (10)      6  : 0.0290 0.9710
355      355  (10)      6  : 0.8304 0.1696
356      356   (0)      6  : 0.0160 0.9840
357      357   (5)      6  : 0.0834 0.9166
358      358   (5)      6  : 0.5098 0.4902
359      359  (10)      6  : 0.4396 0.5604
360      360   (0)      6  : 0.0170 0.9830
361      361   (0)      6  : 0.0240 0.9760
362      362   (0)      6  : 0.0210 0.9790
363      363   (0)      6  : 0.0170 0.9830
364      364   (0)      6  : 0.7468 0.2532
365      365   (0)      6  : 0.9612 0.0388
366      366   (0)      6  : 0.8110 0.1890
367      367   (0)      6  : 0.0578 0.9422
368      368   (0)      6  : 0.4216 0.5784
369      369   (5)      6  : 0.9744 0.0256
370      370   (0)      6  : 0.9810 0.0190
371      371   (0)      6  : 0.7796 0.2204
372      372  (10)      6  : 0.9132 0.0868
373      373   (5)      6  : 0.8640 0.1360
374      374   (0)      6  : 0.3562 0.6438
375      375   (5)      6  : 0.9082 0.0918
376      376   (5)      6  : 0.3794 0.6206
377      377   (0)      6  : 0.5036 0.4964
378      378   (0)      6  : 0.3344 0.6656
379      379   (0)      6  : 0.4984 0.5016
380      380   (0)      6  : 0.9384 0.0616
381      381   (0)      6  : 0.0716 0.9284
382      382   (0)      6  : 0.7002 0.2998
383      383   (0)      6  : 0.4672 0.5328
384      384   (0)      6  : 0.0290 0.9710
385      385   (0)      6  : 0.1128 0.8872
386      386   (0)      6  : 0.2498 0.7502
387      387   (0)      6  : 0.0202 0.9798
388      388   (0)      6  : 0.0300 0.9700
389      389   (0)      6  : 0.0418 0.9582
390      390   (0)      6  : 0.0170 0.9830
391      391   (0)      6  : 0.0130 0.9870
392      392   (0)      6  : 0.0230 0.9770
393      393   (0)      6  : 0.0130 0.9870
394      394   (0)      6  : 0.0200 0.9800
395      395   (0)      6  : 0.0150 0.9850
396      396   (0)      6  : 0.0150 0.9850
397      397   (0)      6  : 0.0190 0.9810
398      398   (0)      6  : 0.2784 0.7216
399      399   (0)      6  : 0.0174 0.9826
400      400   (0)      6  : 0.4676 0.5324
401      401   (0)      6  : 0.9324 0.0676
402      402   (0)      6  : 0.0280 0.9720
403      403   (0)      6  : 0.0180 0.9820
404      404   (0)      6  : 0.0240 0.9760
405      405   (0)      6  : 0.0206 0.9794
406      406   (0)      6  : 0.0270 0.9730
407      407   (0)      6  : 0.3164 0.6836
408      408   (0)      6  : 0.4096 0.5904
409      409   (0)      6  : 0.5990 0.4010
410      410   (0)      6  : 0.6088 0.3912
411      411   (0)      6  : 0.0120 0.9880
412      412   (0)      6  : 0.8352 0.1648
413      413   (0)      6  : 0.0240 0.9760
414      414   (0)      6  : 0.6198 0.3802
415      415   (0)      6  : 0.7826 0.2174
416      416   (0)      6  : 0.0820 0.9180
417      417   (0)      6  : 0.1500 0.8500
418      418   (0)      6  : 0.5300 0.4700
419      419   (0)      6  : 0.0160 0.9840
