1        1   (5)      1  : 0.9660 0.0340
2        2   (5)      1  : 0.9300 0.0700
3        3   (5)      1  : 0.9780 0.0220
4        4   (0)      1  : 0.9824 0.0176
5        5   (0)      1  : 0.9300 0.0700
6        6   (0)      1  : 0.9746 0.0254
7        7   (0)      1  : 0.9166 0.0834
8        8   (5)      1  : 0.9800 0.0200
9        9   (0)      1  : 0.9810 0.0190
10       10   (0)      1  : 0.9300 0.0700
11       11   (0)      1  : 0.9700 0.0300
12       12   (0)      1  : 0.9680 0.0320
13       13   (0)      1  : 0.9800 0.0200
14       14   (0)      1  : 0.9670 0.0330
15       15   (0)      1  : 0.9670 0.0330
16       16   (0)      1  : 0.9850 0.0150
17       17   (0)      1  : 0.9820 0.0180
18       18   (0)      1  : 0.9650 0.0350
19       19   (0)      1  : 0.9810 0.0190
20       20   (0)      1  : 0.9450 0.0550
21       21   (0)      1  : 0.9826 0.0174
22       22   (0)      1  : 0.9850 0.0150
23       23   (0)      1  : 0.9840 0.0160
24       24   (0)      1  : 0.9830 0.0170
25       25   (0)      1  : 0.9562 0.0438
26       26   (0)      1  : 0.9676 0.0324
27       27   (5)      1  : 0.9340 0.0660
28       28   (0)      1  : 0.9750 0.0250
29       29   (0)      1  : 0.9810 0.0190
30       30   (0)      1  : 0.9506 0.0494
31       31   (0)      1  : 0.9810 0.0190
32       32   (0)      1  : 0.9484 0.0516
33       33   (0)      1  : 0.9850 0.0150
34       34   (0)      1  : 0.9810 0.0190
35       35   (0)      1  : 0.9400 0.0600
36       36   (0)      1  : 0.9640 0.0360
37       37   (0)      1  : 0.9706 0.0294
38       38   (0)      1  : 0.9710 0.0290
39       39   (0)      1  : 0.9438 0.0562
40       40   (0)      1  : 0.9780 0.0220
41       41   (0)      1  : 0.9750 0.0250
42       42   (0)      1  : 0.9850 0.0150
43       43   (0)      1  : 0.9750 0.0250
44       44   (0)      1  : 0.9820 0.0180
45       45   (5)      1  : 0.9590 0.0410
46       46   (0)      1  : 0.9810 0.0190
47       47   (0)      1  : 0.9720 0.0280
48       48   (0)      1  : 0.9700 0.0300
49       49   (0)      1  : 0.9720 0.0280
50       50   (0)      1  : 0.9718 0.0282
51       51   (0)      1  : 0.9760 0.0240
52       52   (0)      1  : 0.9380 0.0620
53       53   (0)      1  : 0.9684 0.0316
54       54   (0)      1  : 0.9630 0.0370
55       55   (0)      1  : 0.9720 0.0280
56       56   (0)      1  : 0.9810 0.0190
57       57  (10)      1  : 0.9800 0.0200
58       58   (5)      1  : 0.9650 0.0350
59       59   (0)      1  : 0.9700 0.0300
60       60   (0)      1  : 0.9810 0.0190
61       61   (0)      1  : 0.9690 0.0310
62       62   (0)      1  : 0.9590 0.0410
63       63   (0)      1  : 0.9590 0.0410
64       64   (0)      1  : 0.9752 0.0248
65       65   (0)      1  : 0.9502 0.0498
66       66   (0)      1  : 0.9780 0.0220
67       67   (5)      1  : 0.9680 0.0320
68       68   (0)      1  : 0.9472 0.0528
69       69   (0)      1  : 0.9620 0.0380
70       70   (0)      1  : 0.9690 0.0310
71       71   (5)      1  : 0.9690 0.0310
72       72   (0)      1  : 0.9710 0.0290
73       73   (5)      1  : 0.9758 0.0242
74       74  (10)      1  : 0.9600 0.0400
75       75  (10)      1  : 0.9690 0.0310
76       76   (0)      1  : 0.9820 0.0180
77       77  (10)      1  : 0.9730 0.0270
78       78   (0)      1  : 0.9586 0.0414
79       79   (5)      1  : 0.9630 0.0370
80       80   (0)      1  : 0.9800 0.0200
81       81   (0)      1  : 0.9800 0.0200
82       82   (0)      1  : 0.9830 0.0170
83       83   (0)      1  : 0.9710 0.0290
84       84   (0)      1  : 0.9600 0.0400
85       85   (0)      1  : 0.9810 0.0190
86       86   (5)      1  : 0.9790 0.0210
87       87   (0)      1  : 0.9790 0.0210
88       88   (0)      1  : 0.9244 0.0756
89       89   (0)      1  : 0.9760 0.0240
90       90   (0)      1  : 0.9660 0.0340
91       91   (0)      1  : 0.9574 0.0426
92       92   (0)      1  : 0.9660 0.0340
93       93   (0)      1  : 0.9820 0.0180
94       94   (5)      1  : 0.9730 0.0270
95       95   (0)      1  : 0.9700 0.0300
96       96   (5)      1  : 0.9790 0.0210
97       97   (0)      1  : 0.9690 0.0310
98       98   (0)      1  : 0.9700 0.0300
99       99   (5)      1  : 0.9760 0.0240
100      100   (5)      1  : 0.9840 0.0160
101      101   (0)      2  : 0.9118 0.0882
102      102   (0)      2  : 0.9650 0.0350
103      103   (0)      2  : 0.9800 0.0200
104      104   (0)      2  : 0.9410 0.0590
105      105   (0)      2  : 0.9590 0.0410
106      106   (0)      2  : 0.9410 0.0590
107      107   (0)      2  : 0.9022 0.0978
108      108   (0)      2  : 0.9450 0.0550
109      109   (0)      2  : 0.7782 0.2218
110      110   (0)      2  : 0.9368 0.0632
111      111   (0)      2  : 0.9018 0.0982
112      112   (0)      2  : 0.8994 0.1006
113      113   (0)      2  : 0.9740 0.0260
114      114   (0)      2  : 0.9750 0.0250
115      115   (0)      2  : 0.9690 0.0310
116      116   (0)      2  : 0.9620 0.0380
117      117   (0)      2  : 0.8550 0.1450
118      118   (0)      2  : 0.9690 0.0310
119      119   (0)      2  : 0.9560 0.0440
120      120   (0)      2  : 0.9560 0.0440
121      121   (0)      2  : 0.9660 0.0340
122      122   (0)      2  : 0.9630 0.0370
123      123   (0)      2  : 0.9580 0.0420
124      124   (0)      2  : 0.9700 0.0300
125      125   (0)      2  : 0.9530 0.0470
126      126   (0)      2  : 0.9700 0.0300
127      127   (0)      2  : 0.9640 0.0360
128      128   (0)      2  : 0.9730 0.0270
129      129   (0)      2  : 0.9420 0.0580
130      130   (0)      2  : 0.9370 0.0630
131      131   (0)      2  : 0.9228 0.0772
132      132   (0)      2  : 0.7340 0.2660
133      133   (0)      2  : 0.9260 0.0740
134      134   (0)      2  : 0.9562 0.0438
135      135   (0)      2  : 0.9664 0.0336
136      136   (0)      2  : 0.9460 0.0540
137      137   (0)      2  : 0.7880 0.2120
138      138   (0)      2  : 0.9290 0.0710
139      139   (0)      2  : 0.9640 0.0360
140      140   (0)      2  : 0.8280 0.1720
141      141   (0)      2  : 0.9610 0.0390
142      142   (0)      2  : 0.8420 0.1580
143      143   (0)      2  : 0.9556 0.0444
144      144   (0)      2  : 0.9320 0.0680
145      145   (0)      2  : 0.9750 0.0250
146      146   (0)      2  : 0.7318 0.2682
147      147   (0)      2  : 0.8670 0.1330
148      148   (0)      2  : 0.8960 0.1040
149      149   (0)      2  : 0.9620 0.0380
150      150   (0)      2  : 0.9760 0.0240
151      151   (0)      2  : 0.7724 0.2276
152      152   (0)      2  : 0.8570 0.1430
153      153   (0)      2  : 0.8568 0.1432
154      154   (0)      2  : 0.9690 0.0310
155      155   (0)      2  : 0.9662 0.0338
156      156   (0)      2  : 0.8460 0.1540
157      157   (0)      2  : 0.9544 0.0456
158      158   (0)      2  : 0.9480 0.0520
159      159   (0)      2  : 0.9560 0.0440
160      160   (0)      2  : 0.9230 0.0770
161      161   (0)      2  : 0.8504 0.1496
162      162   (0)      2  : 0.9550 0.0450
163      163   (0)      2  : 0.9708 0.0292
164      164   (0)      2  : 0.9424 0.0576
165      165   (0)      2  : 0.9560 0.0440
166      166   (0)      2  : 0.9090 0.0910
167      167   (0)      2  : 0.9670 0.0330
168      168   (0)      2  : 0.9076 0.0924
169      169   (0)      2  : 0.8648 0.1352
170      170   (0)      2  : 0.9492 0.0508
171      171   (0)      2  : 0.9320 0.0680
172      172   (0)      2  : 0.9170 0.0830
173      173   (0)      2  : 0.9790 0.0210
174      174   (0)      2  : 0.9566 0.0434
175      175   (0)      2  : 0.9730 0.0270
176      176   (0)      2  : 0.9590 0.0410
177      177   (0)      2  : 0.7358 0.2642
178      178   (0)      2  : 0.9340 0.0660
179      179   (0)      2  : 0.8896 0.1104
180      180   (0)      2  : 0.9450 0.0550
181      181   (0)      2  : 0.9820 0.0180
182      182   (0)      2  : 0.9682 0.0318
183      183   (0)      2  : 0.7688 0.2312
184      184   (0)      2  : 0.9470 0.0530
185      185   (0)      2  : 0.9230 0.0770
186      186   (0)      2  : 0.9480 0.0520
187      187   (0)      2  : 0.9726 0.0274
188      188   (0)      2  : 0.9590 0.0410
189      189   (0)      2  : 0.9102 0.0898
190      190   (0)      2  : 0.7966 0.2034
191      191   (0)      2  : 0.6600 0.3400
192      192   (0)      2  : 0.9310 0.0690
193      193   (0)      2  : 0.7910 0.2090
194      194   (0)      2  : 0.9660 0.0340
195      195   (0)      2  : 0.9840 0.0160
196      196   (0)      2  : 0.9050 0.0950
197      197   (0)      2  : 0.9720 0.0280
198      198   (0)      2  : 0.9040 0.0960
199      199   (0)      2  : 0.9740 0.0260
200      200   (0)      2  : 0.9380 0.0620
201      201   (0)      3  : 0.7582 0.2418
202      202   (0)      3  : 0.8554 0.1446
203      203   (0)      3  : 0.9340 0.0660
204      204   (0)      3  : 0.9074 0.0926
205      205   (0)      3  : 0.8470 0.1530
206      206   (0)      3  : 0.8092 0.1908
207      207   (0)      3  : 0.8420 0.1580
208      208   (0)      3  : 0.9230 0.0770
209      209   (0)      3  : 0.9250 0.0750
210      210   (0)      3  : 0.7960 0.2040
211      211   (0)      3  : 0.7538 0.2462
212      212   (0)      3  : 0.9174 0.0826
213      213   (0)      3  : 0.6430 0.3570
214      214   (0)      3  : 0.9480 0.0520
215      215   (0)      3  : 0.6640 0.3360
216      216   (0)      3  : 0.9378 0.0622
217      217   (0)      3  : 0.6796 0.3204
218      218   (0)      3  : 0.7450 0.2550
219      219   (0)      3  : 0.9390 0.0610
220      220   (0)      3  : 0.6500 0.3500
221      221   (0)      3  : 0.6940 0.3060
222      222   (0)      3  : 0.8798 0.1202
223      223   (0)      3  : 0.8794 0.1206
224      224   (0)      3  : 0.7970 0.2030
225      225   (0)      3  : 0.8002 0.1998
226      226   (0)      3  : 0.7432 0.2568
227      227   (0)      3  : 0.7520 0.2480
228      228   (0)      3  : 0.8776 0.1224
229      229   (0)      3  : 0.7218 0.2782
230      230   (0)      3  : 0.8388 0.1612
231      231   (0)      3  : 0.6312 0.3688
232      232   (0)      3  : 0.8960 0.1040
233      233   (0)      3  : 0.7458 0.2542
234      234   (0)      3  : 0.7790 0.2210
235      235   (0)      3  : 0.6980 0.3020
236      236   (0)      3  : 0.7268 0.2732
237      237   (0)      3  : 0.9670 0.0330
238      238   (0)      3  : 0.8720 0.1280
239      239   (0)      3  : 0.8406 0.1594
240      240   (0)      3  : 0.9220 0.0780
241      241   (0)      3  : 0.5618 0.4382
242      242   (0)      3  : 0.7178 0.2822
243      243   (0)      3  : 0.8172 0.1828
244      244   (0)      3  : 0.9490 0.0510
245      245   (0)      3  : 0.8674 0.1326
246      246   (0)      3  : 0.7124 0.2876
247      247   (0)      3  : 0.7880 0.2120
248      248   (0)      3  : 0.9102 0.0898
249      249   (0)      3  : 0.5520 0.4480
250      250   (0)      3  : 0.8916 0.1084
251      251   (0)      3  : 0.8142 0.1858
252      252   (0)      3  : 0.7346 0.2654
253      253   (0)      3  : 0.7158 0.2842
254      254   (0)      3  : 0.8460 0.1540
255      255   (0)      3  : 0.8358 0.1642
256      256   (0)      3  : 0.7570 0.2430
257      257   (0)      3  : 0.9020 0.0980
258      258   (0)      3  : 0.8050 0.1950
259      259   (0)      3  : 0.7040 0.2960
260      260   (0)      3  : 0.8080 0.1920
261      261   (0)      3  : 0.8422 0.1578
262      262   (0)      3  : 0.9192 0.0808
263      263   (0)      3  : 0.6972 0.3028
264      264   (0)      3  : 0.9480 0.0520
265      265   (0)      3  : 0.8840 0.1160
266      266   (0)      3  : 0.8336 0.1664
267      267   (0)      3  : 0.9340 0.0660
268      268   (0)      3  : 0.9234 0.0766
269      269   (0)      3  : 0.8286 0.1714
270      270   (0)      3  : 0.8300 0.1700
271      271   (0)      3  : 0.6134 0.3866
272      272   (0)      3  : 0.6682 0.3318
273      273   (0)      3  : 0.9680 0.0320
274      274   (0)      3  : 0.6534 0.3466
275      275   (0)      3  : 0.9770 0.0230
276      276   (0)      3  : 0.7920 0.2080
277      277   (0)      3  : 0.7280 0.2720
278      278   (0)      3  : 0.9560 0.0440
279      279   (0)      3  : 0.8106 0.1894
280      280   (0)      3  : 0.8022 0.1978
281      281   (0)      3  : 0.6230 0.3770
282      282   (0)      3  : 0.8110 0.1890
283      283   (0)      3  : 0.8840 0.1160
284      284   (0)      3  : 0.6070 0.3930
285      285   (0)      3  : 0.6980 0.3020
286      286   (0)      3  : 0.9006 0.0994
287      287   (0)      3  : 0.9560 0.0440
288      288   (0)      3  : 0.9250 0.0750
289      289   (0)      3  : 0.8360 0.1640
290      290   (0)      3  : 0.9540 0.0460
291      291   (0)      3  : 0.6624 0.3376
292      292   (0)      3  : 0.6938 0.3062
293      293   (0)      3  : 0.8042 0.1958
294      294   (0)      3  : 0.8106 0.1894
295      295   (0)      3  : 0.9652 0.0348
296      296   (0)      3  : 0.5734 0.4266
297      297   (0)      3  : 0.7736 0.2264
298      298   (0)      3  : 0.7830 0.2170
299      299   (0)      3  : 0.7750 0.2250
300      300   (0)      3  : 0.8900 0.1100
301      301   (5)      4  : 0.5920 0.4080
302      302   (0)      4  : 0.2756 0.7244
303      303   (0)      4  : 0.3984 0.6016
304      304   (5)      4  : 0.3616 0.6384
305      305   (5)      4  : 0.3372 0.6628
306      306   (0)      4  : 0.2328 0.7672
307      307   (0)      5  : 0.5046 0.4954
308      308   (0)      5  : 0.3612 0.6388
309      309   (0)      5  : 0.5650 0.4350
310      310   (0)      5  : 0.5140 0.4860
311      311   (0)      5  : 0.3802 0.6198
312      312   (0)      5  : 0.4470 0.5530
313      313   (0)      5  : 0.4020 0.5980
314      314   (0)      5  : 0.4808 0.5192
315      315   (0)      5  : 0.5728 0.4272
316      316   (0)      5  : 0.6412 0.3588
317      317   (0)      5  : 0.4368 0.5632
318      318   (0)      5  : 0.5046 0.4954
319      319   (0)      5  : 0.5250 0.4750
320      320   (0)      5  : 0.6030 0.3970
321      321   (0)      5  : 0.4756 0.5244
322      322   (0)      5  : 0.9180 0.0820
323      323   (0)      5  : 0.6792 0.3208
324      324   (0)      5  : 0.7708 0.2292
325      325   (0)      5  : 0.6740 0.3260
326      326   (0)      5  : 0.2260 0.7740
327      327   (0)      5  : 0.4090 0.5910
328      328   (0)      5  : 0.4290 0.5710
329      329   (0)      5  : 0.6250 0.3750
330      330   (0)      5  : 0.5712 0.4288
331      331   (0)      5  : 0.4448 0.5552
332      332   (0)      5  : 0.4046 0.5954
333      333   (0)      5  : 0.4208 0.5792
334      334   (0)      5  : 0.6060 0.3940
335      335   (0)      5  : 0.4086 0.5914
336      336   (0)      5  : 0.3292 0.6708
337      337   (0)      5  : 0.5710 0.4290
338      338   (0)      5  : 0.3620 0.6380
339      339   (0)      5  : 0.5000 0.5000
340      340   (0)      5  : 0.5454 0.4546
341      341   (0)      5  : 0.3264 0.6736
342      342   (0)      5  : 0.4412 0.5588
343      343   (0)      5  : 0.4952 0.5048
344      344   (0)      5  : 0.4110 0.5890
345      345   (0)      5  : 0.6520 0.3480
346      346   (0)      5  : 0.5836 0.4164
347      347   (0)      5  : 0.4760 0.5240
348      348   (0)      5  : 0.5590 0.4410
349      349   (0)      5  : 0.6420 0.3580
350      350   (0)      5  : 0.5710 0.4290
351      351   (0)      5  : 0.4890 0.5110
352      352   (0)      5  : 0.4376 0.5624
353      353   (0)      5  : 0.3240 0.6760
354      354   (0)      5  : 0.2992 0.7008
355      355   (0)      5  : 0.5302 0.4698
356      356   (0)      5  : 0.4786 0.5214
357      357   (0)      5  : 0.8238 0.1762
358      358   (0)      5  : 0.4680 0.5320
359      359   (0)      5  : 0.3160 0.6840
360      360   (0)      5  : 0.4378 0.5622
361      361   (0)      5  : 0.3920 0.6080
362      362   (0)      5  : 0.3716 0.6284
363      363   (0)      5  : 0.5320 0.4680
364      364   (0)      5  : 0.3890 0.6110
365      365   (0)      5  : 0.3880 0.6120
366      366   (0)      5  : 0.7794 0.2206
367      367   (0)      5  : 0.4800 0.5200
368      368   (0)      5  : 0.3276 0.6724
369      369   (0)      5  : 0.6050 0.3950
370      370   (0)      5  : 0.4712 0.5288
371      371   (0)      5  : 0.4292 0.5708
372      372   (0)      5  : 0.6434 0.3566
373      373   (0)      5  : 0.5720 0.4280
374      374   (0)      5  : 0.6378 0.3622
375      375   (0)      5  : 0.5932 0.4068
376      376   (0)      5  : 0.3508 0.6492
377      377   (0)      5  : 0.3780 0.6220
378      378   (0)      5  : 0.7542 0.2458
379      379   (0)      5  : 0.5356 0.4644
380      380   (0)      5  : 0.5268 0.4732
381      381   (0)      5  : 0.4910 0.5090
382      382   (0)      5  : 0.4440 0.5560
383      383   (0)      5  : 0.4440 0.5560
384      384   (0)      5  : 0.5388 0.4612
385      385   (0)      5  : 0.4090 0.5910
386      386   (0)      5  : 0.5988 0.4012
387      387   (0)      5  : 0.6378 0.3622
388      388   (0)      5  : 0.6538 0.3462
389      389   (0)      5  : 0.3210 0.6790
390      390   (0)      5  : 0.5340 0.4660
391      391   (0)      5  : 0.2448 0.7552
392      392   (0)      5  : 0.7218 0.2782
393      393   (0)      5  : 0.5050 0.4950
394      394   (0)      5  : 0.4458 0.5542
395      395   (0)      5  : 0.6200 0.3800
396      396   (0)      5  : 0.7706 0.2294
397      397   (0)      5  : 0.5060 0.4940
398      398   (0)      5  : 0.6404 0.3596
399      399   (0)      5  : 0.4056 0.5944
400      400   (0)      5  : 0.5518 0.4482
401      401   (0)      5  : 0.3480 0.6520
402      402   (0)      5  : 0.5538 0.4462
403      403   (0)      5  : 0.6230 0.3770
404      404   (0)      5  : 0.5880 0.4120
405      405   (0)      5  : 0.5504 0.4496
406      406   (0)      5  : 0.6000 0.4000
407      407   (0)      6  : 0.0496 0.9504
408      408   (0)      6  : 0.1476 0.8524
409      409   (0)      7  : 0.2340 0.7660
410      410   (0)      7  : 0.0322 0.9678
411      411   (0)      7  : 0.0900 0.9100
412      412   (0)      7  : 0.2568 0.7432
413      413   (0)      7  : 0.2748 0.7252
414      414   (0)      7  : 0.2410 0.7590
415      415   (0)      7  : 0.3144 0.6856
416      416   (0)      7  : 0.1350 0.8650
417      417   (0)      7  : 0.1988 0.8012
418      418   (0)      7  : 0.1974 0.8026
419      419   (0)      7  : 0.2188 0.7812
420      420   (0)      7  : 0.1220 0.8780
421      421   (0)      7  : 0.1726 0.8274
422      422   (0)      7  : 0.4140 0.5860
423      423   (0)      7  : 0.4722 0.5278
424      424   (0)      7  : 0.4222 0.5778
425      425   (0)      7  : 0.0260 0.9740
426      426   (0)      7  : 0.0436 0.9564
427      427   (0)      7  : 0.0800 0.9200
428      428   (0)      7  : 0.3690 0.6310
429      429   (0)      7  : 0.3556 0.6444
430      430   (0)      7  : 0.0470 0.9530
431      431   (0)      7  : 0.1158 0.8842
432      432   (0)      7  : 0.0940 0.9060
433      433   (0)      7  : 0.1162 0.8838
434      434   (0)      7  : 0.2360 0.7640
435      435   (0)      7  : 0.2502 0.7498
436      436   (0)      7  : 0.0460 0.9540
437      437   (0)      7  : 0.1696 0.8304
438      438   (0)      7  : 0.1840 0.8160
439      439   (0)      7  : 0.2328 0.7672
440      440   (0)      7  : 0.3120 0.6880
441      441   (0)      7  : 0.3650 0.6350
442      442   (0)      7  : 0.3738 0.6262
443      443   (0)      7  : 0.0830 0.9170
444      444   (0)      7  : 0.1620 0.8380
445      445   (0)      7  : 0.2120 0.7880
446      446   (0)      7  : 0.2780 0.7220
447      447   (0)      7  : 0.3574 0.6426
448      448   (0)      7  : 0.2120 0.7880
449      449   (0)      7  : 0.3380 0.6620
450      450   (0)      7  : 0.3622 0.6378
451      451   (0)      7  : 0.0620 0.9380
452      452   (0)      7  : 0.3794 0.6206
453      453   (0)      7  : 0.0730 0.9270
454      454   (0)      7  : 0.2350 0.7650
455      455   (0)      7  : 0.2474 0.7526
456      456   (0)      7  : 0.2202 0.7798
457      457   (0)      7  : 0.2028 0.7972
458      458   (0)      7  : 0.0480 0.9520
459      459   (0)      7  : 0.0520 0.9480
460      460   (0)      7  : 0.2638 0.7362
461      461   (0)      7  : 0.1018 0.8982
462      462   (0)      7  : 0.1376 0.8624
463      463   (0)      7  : 0.1150 0.8850
464      464   (0)      7  : 0.1208 0.8792
465      465   (0)      7  : 0.2978 0.7022
466      466   (0)      7  : 0.0836 0.9164
467      467   (0)      7  : 0.0676 0.9324
468      468   (0)      7  : 0.3000 0.7000
469      469   (0)      7  : 0.0696 0.9304
470      470   (0)      7  : 0.4248 0.5752
471      471   (0)      7  : 0.1666 0.8334
472      472   (0)      7  : 0.1540 0.8460
473      473   (0)      7  : 0.1862 0.8138
474      474   (0)      7  : 0.1190 0.8810
475      475   (0)      7  : 0.1270 0.8730
476      476   (0)      7  : 0.0920 0.9080
477      477   (0)      7  : 0.3790 0.6210
478      478   (0)      7  : 0.1162 0.8838
479      479   (0)      7  : 0.1220 0.8780
480      480   (0)      7  : 0.0320 0.9680
481      481   (0)      7  : 0.4200 0.5800
482      482   (0)      7  : 0.3040 0.6960
483      483   (0)      7  : 0.1220 0.8780
484      484   (0)      7  : 0.1700 0.8300
485      485   (0)      7  : 0.4322 0.5678
486      486   (0)      7  : 0.2940 0.7060
487      487   (0)      7  : 0.4130 0.5870
488      488   (0)      7  : 0.3210 0.6790
489      489   (0)      7  : 0.2334 0.7666
490      490   (0)      7  : 0.2650 0.7350
491      491   (0)      7  : 0.0470 0.9530
492      492   (0)      7  : 0.5388 0.4612
493      493   (0)      7  : 0.1130 0.8870
494      494   (0)      7  : 0.1818 0.8182
495      495   (0)      7  : 0.2056 0.7944
496      496   (0)      7  : 0.2392 0.7608
497      497   (0)      7  : 0.1638 0.8362
498      498   (0)      7  : 0.2344 0.7656
499      499   (0)      7  : 0.4014 0.5986
500      500   (0)      7  : 0.0560 0.9440
501      501   (0)      7  : 0.3030 0.6970
502      502   (0)      7  : 0.2596 0.7404
503      503   (0)      7  : 0.2900 0.7100
504      504   (0)      7  : 0.2500 0.7500
505      505   (0)      7  : 0.2940 0.7060
506      506   (0)      7  : 0.0480 0.9520
507      507   (0)      7  : 0.4164 0.5836
508      508   (0)      7  : 0.2068 0.7932
509      509  (10)      8  : 0.0220 0.9780
510      510   (5)      8  : 0.0290 0.9710
511      511   (5)      8  : 0.0918 0.9082
512      512   (5)      8  : 0.0170 0.9830
513      513  (10)      8  : 0.0360 0.9640
514      514   (5)      8  : 0.1224 0.8776
515      515  (10)      8  : 0.0370 0.9630
516      516   (0)      8  : 0.0662 0.9338
517      517   (0)      8  : 0.0472 0.9528
518      518   (0)      8  : 0.0190 0.9810
519      519   (0)      8  : 0.0300 0.9700
520      520   (0)      8  : 0.1082 0.8918
521      521   (0)      8  : 0.0230 0.9770
522      522   (0)      8  : 0.0242 0.9758
523      523   (0)      8  : 0.0320 0.9680
524      524   (0)      8  : 0.0410 0.9590
525      525   (0)      8  : 0.0360 0.9640
526      526   (0)      8  : 0.0908 0.9092
527      527   (0)      8  : 0.0380 0.9620
528      528   (5)      8  : 0.0710 0.9290
529      529   (0)      8  : 0.0280 0.9720
530      530   (0)      8  : 0.0730 0.9270
531      531   (5)      8  : 0.0430 0.9570
532      532   (5)      8  : 0.0590 0.9410
533      533   (0)      8  : 0.1630 0.8370
534      534   (0)      8  : 0.0480 0.9520
535      535   (0)      8  : 0.1230 0.8770
536      536   (0)      8  : 0.0220 0.9780
537      537   (0)      8  : 0.0170 0.9830
538      538   (0)      8  : 0.0180 0.9820
539      539   (0)      8  : 0.0150 0.9850
540      540   (0)      8  : 0.0400 0.9600
541      541   (0)      8  : 0.0440 0.9560
542      542   (0)      8  : 0.0414 0.9586
543      543   (0)      8  : 0.0450 0.9550
544      544   (0)      8  : 0.0490 0.9510
545      545   (0)      8  : 0.1576 0.8424
546      546   (0)      8  : 0.0280 0.9720
547      547   (0)      8  : 0.0470 0.9530
548      548   (0)      8  : 0.1082 0.8918
549      549   (0)      8  : 0.0280 0.9720
550      550   (0)      8  : 0.0310 0.9690
551      551   (0)      9  : 0.2180 0.7820
552      552   (0)      9  : 0.1158 0.8842
553      553   (0)      9  : 0.0450 0.9550
554      554   (0)      9  : 0.0180 0.9820
555      555   (0)      9  : 0.2086 0.7914
556      556   (0)      9  : 0.0860 0.9140
557      557   (0)      9  : 0.0690 0.9310
558      558   (0)      9  : 0.0418 0.9582
559      559   (0)      9  : 0.0150 0.9850
560      560   (0)      9  : 0.0180 0.9820
561      561   (0)      9  : 0.0320 0.9680
562      562   (0)      9  : 0.1076 0.8924
563      563   (0)      9  : 0.0300 0.9700
564      564   (0)      9  : 0.0690 0.9310
565      565   (0)      9  : 0.0590 0.9410
566      566   (0)      9  : 0.3832 0.6168
567      567   (0)      9  : 0.1600 0.8400
568      568   (0)      9  : 0.0610 0.9390
569      569   (0)      9  : 0.0230 0.9770
570      570   (0)      9  : 0.0934 0.9066
571      571   (0)      9  : 0.0470 0.9530
572      572   (0)      9  : 0.0768 0.9232
573      573   (0)      9  : 0.0200 0.9800
574      574   (0)      9  : 0.0260 0.9740
575      575   (0)      9  : 0.3318 0.6682
576      576   (0)      9  : 0.1430 0.8570
577      577   (0)      9  : 0.2300 0.7700
578      578   (0)      9  : 0.1268 0.8732
579      579   (0)      9  : 0.1010 0.8990
580      580   (0)      9  : 0.0210 0.9790
581      581   (0)      9  : 0.2020 0.7980
582      582   (0)      9  : 0.0748 0.9252
583      583   (0)      9  : 0.0400 0.9600
584      584   (0)      9  : 0.0790 0.9210
585      585   (0)      9  : 0.0340 0.9660
586      586   (0)      9  : 0.0760 0.9240
587      587   (0)      9  : 0.1060 0.8940
588      588   (0)      9  : 0.2250 0.7750
589      589   (0)      9  : 0.0230 0.9770
590      590   (0)      9  : 0.2628 0.7372
591      591   (0)      9  : 0.0858 0.9142
592      592   (0)      9  : 0.0738 0.9262
593      593   (0)      9  : 0.0828 0.9172
594      594   (0)      9  : 0.0908 0.9092
595      595   (0)      9  : 0.1334 0.8666
596      596   (0)      9  : 0.0476 0.9524
597      597   (0)      9  : 0.2922 0.7078
598      598   (0)      9  : 0.3010 0.6990
599      599   (0)      9  : 0.1466 0.8534
600      600   (0)      9  : 0.1738 0.8262
601      601   (0)      9  : 0.2350 0.7650
602      602   (0)      9  : 0.1658 0.8342
603      603   (0)      9  : 0.0400 0.9600
604      604   (0)      9  : 0.2228 0.7772
605      605   (0)      9  : 0.1024 0.8976
606      606   (0)      9  : 0.0272 0.9728
607      607   (0)      9  : 0.0342 0.9658
608      608   (0)      9  : 0.2332 0.7668
609      609   (0)      9  : 0.1352 0.8648
610      610   (0)      9  : 0.0300 0.9700
611      611   (0)      9  : 0.3028 0.6972
612      612   (0)      9  : 0.0440 0.9560
613      613   (0)      9  : 0.0270 0.9730
614      614   (0)      9  : 0.0250 0.9750
615      615   (0)      9  : 0.0510 0.9490
616      616   (0)      9  : 0.0280 0.9720
617      617   (0)      9  : 0.0410 0.9590
618      618   (0)      9  : 0.1270 0.8730
619      619   (0)      9  : 0.3200 0.6800
620      620   (0)      9  : 0.0338 0.9662
621      621   (0)      9  : 0.0520 0.9480
622      622   (0)      9  : 0.0370 0.9630
623      623   (0)      9  : 0.0804 0.9196
624      624   (0)      9  : 0.1254 0.8746
625      625   (0)      9  : 0.0930 0.9070
626      626   (0)      9  : 0.1512 0.8488
627      627   (0)      9  : 0.0670 0.9330
628      628   (0)      9  : 0.1876 0.8124
629      629   (0)      9  : 0.0458 0.9542
630      630   (0)      9  : 0.1636 0.8364
631      631   (0)      9  : 0.0878 0.9122
632      632   (0)      9  : 0.0460 0.9540
633      633   (0)      9  : 0.2740 0.7260
634      634   (0)      9  : 0.1162 0.8838
635      635   (0)      9  : 0.2630 0.7370
636      636   (0)      9  : 0.0892 0.9108
637      637   (0)      9  : 0.0270 0.9730
638      638   (0)      9  : 0.1190 0.8810
639      639   (0)      9  : 0.1284 0.8716
640      640   (0)      9  : 0.0900 0.9100
641      641   (0)      9  : 0.0750 0.9250
642      642   (0)      9  : 0.1150 0.8850
643      643   (0)      9  : 0.0746 0.9254
644      644   (0)      9  : 0.0790 0.9210
645      645   (0)      9  : 0.0220 0.9780
646      646   (0)      9  : 0.0316 0.9684
647      647   (0)      9  : 0.1780 0.8220
648      648   (0)      9  : 0.0900 0.9100
649      649   (0)      9  : 0.1488 0.8512
650      650   (0)      9  : 0.0680 0.9320
651      651  (15)     10  : 0.0370 0.9630
652      652   (0)     10  : 0.0220 0.9780
653      653   (0)     10  : 0.0200 0.9800
654      654   (0)     10  : 0.0160 0.9840
655      655   (0)     10  : 0.0180 0.9820
656      656   (5)     10  : 0.0290 0.9710
657      657   (5)     10  : 0.0380 0.9620
658      658   (0)     10  : 0.0140 0.9860
659      659   (0)     10  : 0.0160 0.9840
660      660  (10)     10  : 0.0188 0.9812
661      661   (5)     10  : 0.0170 0.9830
662      662   (0)     10  : 0.0160 0.9840
663      663   (0)     10  : 0.0300 0.9700
664      664   (0)     10  : 0.0330 0.9670
665      665  (10)     10  : 0.0200 0.9800
666      666   (0)     10  : 0.0262 0.9738
667      667   (5)     10  : 0.0170 0.9830
668      668   (0)     10  : 0.0180 0.9820
669      669   (0)     10  : 0.0200 0.9800
670      670   (5)     10  : 0.0938 0.9062
671      671   (0)     10  : 0.0174 0.9826
672      672   (5)     10  : 0.0230 0.9770
673      673   (0)     10  : 0.0410 0.9590
674      674   (0)     10  : 0.0190 0.9810
675      675   (0)     10  : 0.0180 0.9820
676      676   (0)     10  : 0.0180 0.9820
677      677   (5)     10  : 0.0350 0.9650
678      678   (0)     10  : 0.1340 0.8660
679      679   (5)     10  : 0.0196 0.9804
680      680   (5)     10  : 0.0150 0.9850
681      681   (0)     10  : 0.0160 0.9840
682      682   (0)     10  : 0.0510 0.9490
683      683   (0)     10  : 0.0490 0.9510
684      684   (0)     10  : 0.0190 0.9810
685      685   (0)     10  : 0.0822 0.9178
686      686   (0)     10  : 0.0152 0.9848
687      687  (10)     10  : 0.0340 0.9660
688      688   (0)     10  : 0.0220 0.9780
689      689  (10)     10  : 0.0210 0.9790
690      690   (0)     10  : 0.0300 0.9700
691      691   (0)     10  : 0.0140 0.9860
692      692  (10)     10  : 0.0250 0.9750
693      693   (0)     10  : 0.0242 0.9758
694      694   (0)     10  : 0.0170 0.9830
695      695   (0)     10  : 0.0150 0.9850
696      696   (0)     10  : 0.0226 0.9774
697      697   (5)     10  : 0.0200 0.9800
698      698   (0)     10  : 0.0170 0.9830
699      699   (5)     10  : 0.0270 0.9730
700      700  (10)     10  : 0.0220 0.9780
701      701   (0)     10  : 0.0180 0.9820
702      702   (0)     10  : 0.0510 0.9490
703      703   (0)     10  : 0.0370 0.9630
704      704   (0)     10  : 0.0460 0.9540
705      705   (0)     10  : 0.0210 0.9790
706      706   (0)     10  : 0.0180 0.9820
707      707   (0)     10  : 0.0130 0.9870
708      708   (5)     10  : 0.1710 0.8290
709      709   (0)     10  : 0.0320 0.9680
710      710   (5)     10  : 0.1488 0.8512
711      711   (0)     10  : 0.0270 0.9730
712      712   (0)     10  : 0.0670 0.9330
713      713   (0)     10  : 0.0150 0.9850
714      714   (0)     10  : 0.0180 0.9820
715      715  (10)     10  : 0.0270 0.9730
716      716   (0)     10  : 0.0320 0.9680
717      717   (0)     10  : 0.0150 0.9850
718      718   (0)     10  : 0.1046 0.8954
719      719   (5)     10  : 0.0300 0.9700
720      720  (15)     10  : 0.0240 0.9760
721      721   (0)     10  : 0.0300 0.9700
722      722   (0)     10  : 0.0222 0.9778
723      723  (10)     10  : 0.0318 0.9682
724      724   (5)     10  : 0.0774 0.9226
725      725   (0)     10  : 0.0200 0.9800
726      726   (0)     10  : 0.0170 0.9830
727      727   (0)     10  : 0.0168 0.9832
728      728   (0)     10  : 0.0160 0.9840
729      729  (10)     10  : 0.0220 0.9780
730      730   (0)     10  : 0.0440 0.9560
731      731   (0)     10  : 0.0190 0.9810
732      732   (5)     10  : 0.0630 0.9370
733      733  (10)     10  : 0.0612 0.9388
734      734   (0)     10  : 0.0160 0.9840
735      735  (10)     10  : 0.0170 0.9830
736      736   (0)     10  : 0.0250 0.9750
737      737   (0)     10  : 0.0410 0.9590
738      738   (0)     10  : 0.0160 0.9840
739      739   (0)     10  : 0.0150 0.9850
740      740   (0)     10  : 0.0174 0.9826
741      741   (0)     10  : 0.0180 0.9820
742      742  (10)     10  : 0.0190 0.9810
743      743   (0)     10  : 0.0252 0.9748
744      744   (5)     10  : 0.0184 0.9816
745      745   (5)     10  : 0.0220 0.9780
746      746   (0)     10  : 0.0320 0.9680
747      747   (0)     10  : 0.0282 0.9718
748      748   (0)     10  : 0.0160 0.9840
749      749  (10)     10  : 0.0140 0.9860
750      750   (0)     10  : 0.0176 0.9824
