1        1   (5)      1  : 0.9970 0.0030
2        2   (5)      1  : 0.9918 0.0082
3        3   (5)      1  : 0.9980 0.0020
4        4   (0)      1  : 0.9980 0.0020
5        5   (0)      1  : 0.9930 0.0070
6        6   (0)      1  : 0.9970 0.0030
7        7   (0)      1  : 0.9246 0.0754
8        8   (5)      1  : 0.9980 0.0020
9        9   (0)      1  : 0.9980 0.0020
10       10   (0)      1  : 0.9900 0.0100
11       11   (0)      1  : 0.9960 0.0040
12       12   (0)      1  : 0.9948 0.0052
13       13   (0)      1  : 0.9980 0.0020
14       14   (0)      1  : 0.9970 0.0030
15       15   (0)      1  : 0.9980 0.0020
16       16   (0)      1  : 0.9980 0.0020
17       17   (0)      1  : 0.9980 0.0020
18       18   (0)      1  : 0.9970 0.0030
19       19   (0)      1  : 0.9980 0.0020
20       20   (0)      1  : 0.9880 0.0120
21       21   (0)      1  : 0.9980 0.0020
22       22   (0)      1  : 0.9980 0.0020
23       23   (0)      1  : 0.9980 0.0020
24       24   (0)      1  : 0.9980 0.0020
25       25   (0)      1  : 0.9910 0.0090
26       26   (0)      1  : 0.9980 0.0020
27       27   (5)      1  : 0.9900 0.0100
28       28   (0)      1  : 0.9970 0.0030
29       29   (0)      1  : 0.9980 0.0020
30       30   (0)      1  : 0.9860 0.0140
31       31   (0)      1  : 0.9980 0.0020
32       32   (0)      1  : 0.9960 0.0040
33       33   (0)      1  : 0.9990 0.0010
34       34   (0)      1  : 0.9980 0.0020
35       35   (0)      1  : 0.9720 0.0280
36       36   (0)      1  : 0.9980 0.0020
37       37   (0)      1  : 0.9948 0.0052
38       38   (0)      1  : 0.9970 0.0030
39       39   (0)      1  : 0.9696 0.0304
40       40   (0)      1  : 0.9972 0.0028
41       41   (0)      1  : 0.9970 0.0030
42       42   (0)      1  : 0.9990 0.0010
43       43   (0)      1  : 0.9970 0.0030
44       44   (0)      1  : 0.9980 0.0020
45       45   (5)      1  : 0.9960 0.0040
46       46   (0)      1  : 0.9980 0.0020
47       47   (0)      1  : 0.9960 0.0040
48       48   (0)      1  : 0.9960 0.0040
49       49   (0)      1  : 0.9970 0.0030
50       50   (0)      1  : 0.9970 0.0030
51       51   (0)      1  : 0.9960 0.0040
52       52   (0)      1  : 0.9890 0.0110
53       53   (0)      1  : 0.9910 0.0090
54       54   (0)      1  : 0.9956 0.0044
55       55   (0)      1  : 0.9960 0.0040
56       56   (0)      1  : 0.9980 0.0020
57       57  (10)      1  : 0.9980 0.0020
58       58   (5)      1  : 0.9960 0.0040
59       59   (0)      1  : 0.9960 0.0040
60       60   (0)      1  : 0.9980 0.0020
61       61   (0)      1  : 0.9970 0.0030
62       62   (0)      1  : 0.9920 0.0080
63       63   (0)      1  : 0.9940 0.0060
64       64   (0)      1  : 0.9970 0.0030
65       65   (0)      1  : 0.9910 0.0090
66       66   (0)      1  : 0.9980 0.0020
67       67   (5)      1  : 0.9970 0.0030
68       68   (0)      1  : 0.9940 0.0060
69       69   (0)      1  : 0.9928 0.0072
70       70   (0)      1  : 0.9970 0.0030
71       71   (5)      1  : 0.9960 0.0040
72       72   (0)      1  : 0.9970 0.0030
73       73   (5)      1  : 0.9970 0.0030
74       74  (10)      1  : 0.9960 0.0040
75       75  (10)      1  : 0.9970 0.0030
76       76   (0)      1  : 0.9980 0.0020
77       77  (10)      1  : 0.9970 0.0030
78       78   (0)      1  : 0.9950 0.0050
79       79   (5)      1  : 0.9960 0.0040
80       80   (0)      1  : 0.9980 0.0020
81       81   (0)      1  : 0.9980 0.0020
82       82   (0)      1  : 0.9980 0.0020
83       83   (0)      1  : 0.9950 0.0050
84       84   (0)      1  : 0.9968 0.0032
85       85   (0)      1  : 0.9980 0.0020
86       86   (5)      1  : 0.9980 0.0020
87       87   (0)      1  : 0.9980 0.0020
88       88   (0)      1  : 0.9900 0.0100
89       89   (0)      1  : 0.9970 0.0030
90       90   (0)      1  : 0.9950 0.0050
91       91   (0)      1  : 0.9970 0.0030
92       92   (0)      1  : 0.9898 0.0102
93       93   (0)      1  : 0.9980 0.0020
94       94   (5)      1  : 0.9970 0.0030
95       95   (0)      1  : 0.9980 0.0020
96       96   (5)      1  : 0.9980 0.0020
97       97   (0)      1  : 0.9940 0.0060
98       98   (0)      1  : 0.9970 0.0030
99       99   (5)      1  : 0.9980 0.0020
100      100   (5)      1  : 0.9980 0.0020
101      101   (0)      2  : 0.9820 0.0180
102      102   (0)      2  : 0.9960 0.0040
103      103   (0)      2  : 0.9980 0.0020
104      104   (0)      2  : 0.9940 0.0060
105      105   (0)      2  : 0.9980 0.0020
106      106   (0)      2  : 0.9970 0.0030
107      107   (0)      2  : 0.9960 0.0040
108      108   (0)      2  : 0.9970 0.0030
109      109   (0)      2  : 0.9960 0.0040
110      110   (0)      2  : 0.9960 0.0040
111      111   (0)      2  : 0.9960 0.0040
112      112   (0)      2  : 0.9962 0.0038
113      113   (0)      2  : 0.9980 0.0020
114      114   (0)      2  : 0.9980 0.0020
115      115   (0)      2  : 0.9736 0.0264
116      116   (0)      2  : 0.9980 0.0020
117      117   (0)      2  : 0.9980 0.0020
118      118   (0)      2  : 0.9980 0.0020
119      119   (0)      2  : 0.9950 0.0050
120      120   (0)      2  : 0.9930 0.0070
121      121   (0)      2  : 0.9930 0.0070
122      122   (0)      2  : 0.9960 0.0040
123      123   (0)      2  : 0.9980 0.0020
124      124   (0)      2  : 0.9960 0.0040
125      125   (0)      2  : 0.9980 0.0020
126      126   (0)      2  : 0.9970 0.0030
127      127   (0)      2  : 0.9970 0.0030
128      128   (0)      2  : 0.9940 0.0060
129      129   (0)      2  : 0.9980 0.0020
130      130   (0)      2  : 0.9910 0.0090
131      131   (0)      2  : 0.9990 0.0010
132      132   (0)      2  : 0.9980 0.0020
133      133   (0)      2  : 0.9920 0.0080
134      134   (0)      2  : 0.9970 0.0030
135      135   (0)      2  : 0.9964 0.0036
136      136   (0)      2  : 0.9970 0.0030
137      137   (0)      2  : 0.9980 0.0020
138      138   (0)      2  : 0.9910 0.0090
139      139   (0)      2  : 0.9980 0.0020
140      140   (0)      2  : 0.9950 0.0050
141      141   (0)      2  : 0.9980 0.0020
142      142   (0)      2  : 0.9940 0.0060
143      143   (0)      2  : 0.9940 0.0060
144      144   (0)      2  : 0.9970 0.0030
145      145   (0)      2  : 0.9950 0.0050
146      146   (0)      2  : 0.9950 0.0050
147      147   (0)      2  : 0.9970 0.0030
148      148   (0)      2  : 0.9970 0.0030
149      149   (0)      2  : 0.9960 0.0040
150      150   (0)      2  : 0.9970 0.0030
151      151   (0)      2  : 0.9960 0.0040
152      152   (0)      2  : 0.9950 0.0050
153      153   (0)      2  : 0.9980 0.0020
154      154   (0)      2  : 0.9960 0.0040
155      155   (0)      2  : 0.9980 0.0020
156      156   (0)      2  : 0.9980 0.0020
157      157   (0)      2  : 0.9980 0.0020
158      158   (0)      2  : 0.9970 0.0030
159      159   (0)      2  : 0.9960 0.0040
160      160   (0)      2  : 0.9950 0.0050
161      161   (0)      2  : 0.9970 0.0030
162      162   (0)      2  : 0.9980 0.0020
163      163   (0)      2  : 0.9970 0.0030
164      164   (0)      2  : 0.9970 0.0030
165      165   (0)      2  : 0.9958 0.0042
166      166   (0)      2  : 0.9980 0.0020
167      167   (0)      2  : 0.9950 0.0050
168      168   (0)      2  : 0.9970 0.0030
169      169   (0)      2  : 0.9980 0.0020
170      170   (0)      2  : 0.9980 0.0020
171      171   (0)      2  : 0.9940 0.0060
172      172   (0)      2  : 0.9980 0.0020
173      173   (0)      2  : 0.9980 0.0020
174      174   (0)      2  : 0.9980 0.0020
175      175   (0)      2  : 0.9970 0.0030
176      176   (0)      2  : 0.9970 0.0030
177      177   (0)      2  : 0.9980 0.0020
178      178   (0)      2  : 0.9990 0.0010
179      179   (0)      2  : 0.9980 0.0020
180      180   (0)      2  : 0.9460 0.0540
181      181   (0)      2  : 0.9980 0.0020
182      182   (0)      2  : 0.9970 0.0030
183      183   (0)      2  : 0.9960 0.0040
184      184   (0)      2  : 0.9990 0.0010
185      185   (0)      2  : 0.9970 0.0030
186      186   (0)      2  : 0.9880 0.0120
187      187   (0)      2  : 0.9970 0.0030
188      188   (0)      2  : 0.9930 0.0070
189      189   (0)      2  : 0.9960 0.0040
190      190   (0)      2  : 0.9950 0.0050
191      191   (0)      2  : 0.9990 0.0010
192      192   (0)      2  : 0.9890 0.0110
193      193   (0)      2  : 0.9980 0.0020
194      194   (0)      2  : 0.9976 0.0024
195      195   (0)      2  : 0.9970 0.0030
196      196   (0)      2  : 0.9970 0.0030
197      197   (0)      2  : 0.9980 0.0020
198      198   (0)      2  : 0.9980 0.0020
199      199   (0)      2  : 0.9978 0.0022
200      200   (0)      2  : 0.9950 0.0050
201      201   (0)      2  : 0.9980 0.0020
202      202   (0)      2  : 0.9950 0.0050
203      203   (0)      2  : 0.9980 0.0020
204      204   (0)      2  : 0.9980 0.0020
205      205   (0)      2  : 0.9960 0.0040
206      206   (0)      2  : 0.9980 0.0020
207      207   (0)      2  : 0.9920 0.0080
208      208   (0)      2  : 0.9970 0.0030
209      209   (0)      2  : 0.9940 0.0060
210      210   (0)      2  : 0.9930 0.0070
211      211   (0)      2  : 0.9980 0.0020
212      212   (0)      2  : 0.9920 0.0080
213      213   (0)      2  : 0.8528 0.1472
214      214   (0)      2  : 0.9960 0.0040
215      215   (0)      2  : 0.9960 0.0040
216      216   (0)      2  : 0.9950 0.0050
217      217   (0)      2  : 0.9870 0.0130
218      218   (0)      2  : 0.9980 0.0020
219      219   (0)      2  : 0.9962 0.0038
220      220   (0)      2  : 0.9930 0.0070
221      221   (0)      2  : 0.9970 0.0030
222      222   (0)      2  : 0.9960 0.0040
223      223   (0)      2  : 0.9970 0.0030
224      224   (0)      2  : 0.9942 0.0058
225      225   (0)      2  : 0.9970 0.0030
226      226   (0)      2  : 0.9980 0.0020
227      227   (0)      2  : 0.9960 0.0040
228      228   (0)      2  : 0.9934 0.0066
229      229   (0)      2  : 0.9568 0.0432
230      230   (0)      2  : 0.9966 0.0034
231      231   (0)      2  : 0.9970 0.0030
232      232   (0)      2  : 0.9962 0.0038
233      233   (0)      2  : 0.9980 0.0020
234      234   (0)      2  : 0.9980 0.0020
235      235   (0)      2  : 0.9970 0.0030
236      236   (0)      2  : 0.9970 0.0030
237      237   (0)      2  : 0.9990 0.0010
238      238   (0)      2  : 0.9980 0.0020
239      239   (0)      2  : 0.9980 0.0020
240      240   (0)      2  : 0.9970 0.0030
241      241   (0)      2  : 0.9980 0.0020
242      242   (0)      2  : 0.9970 0.0030
243      243   (0)      2  : 0.9980 0.0020
244      244   (0)      2  : 0.9970 0.0030
245      245   (0)      2  : 0.9980 0.0020
246      246   (0)      2  : 0.9980 0.0020
247      247   (0)      2  : 0.9980 0.0020
248      248   (0)      2  : 0.9970 0.0030
249      249   (0)      2  : 0.9950 0.0050
250      250   (0)      2  : 0.9980 0.0020
251      251   (0)      2  : 0.9980 0.0020
252      252   (0)      2  : 0.9980 0.0020
253      253   (0)      2  : 0.9980 0.0020
254      254   (0)      2  : 0.9960 0.0040
255      255   (0)      2  : 0.9980 0.0020
256      256   (0)      2  : 0.9980 0.0020
257      257   (0)      2  : 0.9980 0.0020
258      258   (0)      2  : 0.9980 0.0020
259      259   (0)      2  : 0.9970 0.0030
260      260   (0)      2  : 0.9960 0.0040
261      261   (0)      2  : 0.9980 0.0020
262      262   (0)      2  : 0.9960 0.0040
263      263   (0)      2  : 0.9980 0.0020
264      264   (0)      2  : 0.9980 0.0020
265      265   (0)      2  : 0.9950 0.0050
266      266   (0)      2  : 0.9924 0.0076
267      267   (0)      2  : 0.9980 0.0020
268      268   (0)      2  : 0.9980 0.0020
269      269   (0)      2  : 0.9960 0.0040
270      270   (0)      2  : 0.9960 0.0040
271      271   (0)      2  : 0.9960 0.0040
272      272   (0)      2  : 0.9970 0.0030
273      273   (0)      2  : 0.9980 0.0020
274      274   (0)      2  : 0.9980 0.0020
275      275   (0)      2  : 0.9970 0.0030
276      276   (0)      2  : 0.9940 0.0060
277      277   (0)      2  : 0.9970 0.0030
278      278   (0)      2  : 0.9970 0.0030
279      279   (0)      2  : 0.9930 0.0070
280      280   (0)      2  : 0.9970 0.0030
281      281   (0)      2  : 0.9980 0.0020
282      282   (0)      2  : 0.9960 0.0040
283      283   (0)      2  : 0.9980 0.0020
284      284   (0)      2  : 0.9716 0.0284
285      285   (0)      2  : 0.9970 0.0030
286      286   (0)      2  : 0.9970 0.0030
287      287   (0)      2  : 0.9980 0.0020
288      288   (0)      2  : 0.9970 0.0030
289      289   (0)      2  : 0.9980 0.0020
290      290   (0)      2  : 0.9810 0.0190
291      291   (0)      2  : 0.9950 0.0050
292      292   (0)      2  : 0.9980 0.0020
293      293   (0)      2  : 0.9960 0.0040
294      294   (0)      2  : 0.9970 0.0030
295      295   (0)      2  : 0.9932 0.0068
296      296   (0)      2  : 0.9732 0.0268
297      297   (0)      2  : 0.9970 0.0030
298      298   (0)      2  : 0.9990 0.0010
299      299   (0)      2  : 0.9970 0.0030
300      300   (0)      2  : 0.9990 0.0010
301      301   (0)      2  : 0.9960 0.0040
302      302   (0)      2  : 0.9980 0.0020
303      303   (0)      2  : 0.9970 0.0030
304      304   (0)      2  : 0.9970 0.0030
305      305   (0)      2  : 0.9970 0.0030
306      306   (0)      2  : 0.9970 0.0030
307      307   (0)      2  : 0.9980 0.0020
308      308   (0)      2  : 0.9980 0.0020
309      309   (0)      2  : 0.9980 0.0020
310      310   (0)      2  : 0.9990 0.0010
311      311   (0)      2  : 0.9960 0.0040
312      312   (0)      2  : 0.9980 0.0020
313      313   (0)      2  : 0.9970 0.0030
314      314   (0)      2  : 0.9970 0.0030
315      315   (0)      2  : 0.9980 0.0020
316      316   (0)      2  : 0.9970 0.0030
317      317   (0)      2  : 0.9988 0.0012
318      318   (0)      2  : 0.9980 0.0020
319      319   (0)      2  : 0.9970 0.0030
320      320   (0)      2  : 0.9970 0.0030
321      321   (0)      2  : 0.9970 0.0030
322      322   (0)      2  : 0.9980 0.0020
323      323   (0)      2  : 0.9950 0.0050
324      324   (0)      2  : 0.9980 0.0020
325      325   (0)      2  : 0.9970 0.0030
326      326   (0)      2  : 0.9980 0.0020
327      327   (0)      2  : 0.9970 0.0030
328      328   (0)      2  : 0.9940 0.0060
329      329   (0)      2  : 0.9950 0.0050
330      330   (0)      2  : 0.9900 0.0100
331      331   (0)      2  : 0.9960 0.0040
332      332   (0)      2  : 0.9980 0.0020
333      333   (0)      2  : 0.9980 0.0020
334      334   (0)      2  : 0.9980 0.0020
335      335   (0)      2  : 0.9960 0.0040
336      336   (0)      2  : 0.9950 0.0050
337      337   (0)      2  : 0.9964 0.0036
338      338   (0)      2  : 0.9880 0.0120
339      339   (0)      2  : 0.9970 0.0030
340      340   (0)      2  : 0.9980 0.0020
341      341   (0)      2  : 0.9980 0.0020
342      342   (0)      2  : 0.9980 0.0020
343      343   (0)      2  : 0.9980 0.0020
344      344   (0)      2  : 0.9980 0.0020
345      345   (0)      2  : 0.9976 0.0024
346      346   (0)      2  : 0.9940 0.0060
347      347   (0)      2  : 0.9970 0.0030
348      348   (0)      2  : 0.9990 0.0010
349      349   (0)      2  : 0.9970 0.0030
350      350   (0)      2  : 0.9970 0.0030
351      351   (5)      3  : 0.6028 0.3972
352      352   (0)      3  : 0.3226 0.6774
353      353   (0)      3  : 0.4800 0.5200
354      354   (5)      3  : 0.4070 0.5930
355      355   (5)      3  : 0.3650 0.6350
356      356   (0)      3  : 0.2728 0.7272
357      357   (0)      4  : 0.0080 0.9920
358      358   (0)      4  : 0.0528 0.9472
359      359  (10)      5  : 0.0030 0.9970
360      360   (5)      5  : 0.0040 0.9960
361      361   (5)      5  : 0.1270 0.8730
362      362   (5)      5  : 0.0020 0.9980
363      363  (10)      5  : 0.0130 0.9870
364      364   (5)      5  : 0.2742 0.7258
365      365  (10)      5  : 0.0080 0.9920
366      366   (0)      5  : 0.0050 0.9950
367      367   (0)      5  : 0.0080 0.9920
368      368   (0)      5  : 0.0020 0.9980
369      369   (0)      5  : 0.0210 0.9790
370      370   (0)      5  : 0.0862 0.9138
371      371   (0)      5  : 0.0030 0.9970
372      372   (0)      5  : 0.0070 0.9930
373      373   (0)      5  : 0.0060 0.9940
374      374   (0)      5  : 0.0170 0.9830
375      375   (0)      5  : 0.0162 0.9838
376      376   (0)      5  : 0.2088 0.7912
377      377   (0)      5  : 0.0050 0.9950
378      378   (5)      5  : 0.0110 0.9890
379      379   (0)      5  : 0.0060 0.9940
380      380   (0)      5  : 0.1094 0.8906
381      381   (5)      5  : 0.0228 0.9772
382      382   (5)      5  : 0.0090 0.9910
383      383   (0)      5  : 0.1950 0.8050
384      384   (0)      5  : 0.0590 0.9410
385      385   (0)      5  : 0.0148 0.9852
386      386   (0)      5  : 0.0030 0.9970
387      387   (0)      5  : 0.0020 0.9980
388      388   (0)      5  : 0.0020 0.9980
389      389   (0)      5  : 0.0010 0.9990
390      390   (0)      5  : 0.0060 0.9940
391      391   (0)      5  : 0.0130 0.9870
392      392   (0)      5  : 0.0050 0.9950
393      393   (0)      5  : 0.0136 0.9864
394      394   (0)      5  : 0.0238 0.9762
395      395   (0)      5  : 0.0994 0.9006
396      396   (0)      5  : 0.0020 0.9980
397      397   (0)      5  : 0.0130 0.9870
398      398   (0)      5  : 0.0150 0.9850
399      399   (0)      5  : 0.0030 0.9970
400      400   (0)      5  : 0.0050 0.9950
401      401  (10)      6  : 0.0020 0.9980
402      402   (0)      6  : 0.0040 0.9960
403      403   (0)      6  : 0.0334 0.9666
404      404   (0)      6  : 0.0020 0.9980
405      405   (0)      6  : 0.0050 0.9950
406      406   (5)      6  : 0.0030 0.9970
407      407   (0)      6  : 0.0020 0.9980
408      408   (0)      6  : 0.0030 0.9970
409      409   (0)      6  : 0.0020 0.9980
410      410   (0)      6  : 0.0260 0.9740
411      411   (0)      6  : 0.0040 0.9960
412      412   (0)      6  : 0.0020 0.9980
413      413   (0)      6  : 0.0010 0.9990
414      414   (0)      6  : 0.0030 0.9970
415      415   (5)      6  : 0.0020 0.9980
416      416   (0)      6  : 0.0030 0.9970
417      417   (0)      6  : 0.0040 0.9960
418      418   (0)      6  : 0.0020 0.9980
419      419   (0)      6  : 0.0020 0.9980
420      420   (0)      6  : 0.0010 0.9990
421      421   (0)      6  : 0.0020 0.9980
422      422   (5)      6  : 0.0030 0.9970
423      423   (5)      6  : 0.0030 0.9970
424      424   (5)      6  : 0.0050 0.9950
425      425   (0)      6  : 0.0040 0.9960
426      426   (0)      6  : 0.0020 0.9980
427      427   (0)      6  : 0.0020 0.9980
428      428   (0)      6  : 0.0040 0.9960
429      429   (0)      6  : 0.0020 0.9980
430      430   (0)      6  : 0.0040 0.9960
431      431   (0)      6  : 0.0040 0.9960
432      432   (0)      6  : 0.0020 0.9980
433      433   (0)      6  : 0.0020 0.9980
434      434   (0)      6  : 0.0020 0.9980
435      435   (0)      6  : 0.0040 0.9960
436      436   (0)      6  : 0.0028 0.9972
437      437   (5)      6  : 0.0040 0.9960
438      438   (0)      6  : 0.0040 0.9960
439      439   (0)      6  : 0.0020 0.9980
440      440   (0)      6  : 0.0030 0.9970
441      441   (0)      6  : 0.0030 0.9970
442      442   (0)      6  : 0.0030 0.9970
443      443   (5)      6  : 0.0020 0.9980
444      444   (5)      6  : 0.0030 0.9970
445      445   (5)      6  : 0.0020 0.9980
446      446   (5)      6  : 0.0030 0.9970
447      447   (5)      6  : 0.0040 0.9960
448      448   (5)      6  : 0.0050 0.9950
449      449   (0)      6  : 0.0120 0.9880
450      450   (5)      6  : 0.0020 0.9980
451      451   (0)      6  : 0.1826 0.8174
452      452   (0)      6  : 0.0750 0.9250
453      453   (0)      6  : 0.0020 0.9980
454      454   (0)      6  : 0.0010 0.9990
455      455   (0)      6  : 0.0030 0.9970
456      456   (0)      6  : 0.0020 0.9980
457      457   (0)      6  : 0.0020 0.9980
458      458   (0)      6  : 0.0030 0.9970
459      459   (0)      6  : 0.0020 0.9980
460      460   (0)      6  : 0.0020 0.9980
461      461   (0)      6  : 0.0030 0.9970
462      462   (0)      6  : 0.4080 0.5920
463      463   (0)      6  : 0.0010 0.9990
464      464   (0)      6  : 0.0020 0.9980
465      465   (0)      6  : 0.0020 0.9980
466      466   (0)      6  : 0.0030 0.9970
467      467   (0)      6  : 0.0020 0.9980
468      468   (0)      6  : 0.0050 0.9950
469      469   (0)      6  : 0.0030 0.9970
470      470   (0)      6  : 0.0020 0.9980
471      471   (0)      6  : 0.0014 0.9986
472      472   (0)      6  : 0.0010 0.9990
473      473   (0)      6  : 0.0040 0.9960
474      474   (0)      6  : 0.0030 0.9970
475      475   (0)      6  : 0.0020 0.9980
476      476   (0)      6  : 0.0010 0.9990
477      477   (0)      6  : 0.0020 0.9980
478      478   (0)      6  : 0.0020 0.9980
479      479   (0)      6  : 0.0040 0.9960
480      480   (0)      6  : 0.0030 0.9970
481      481   (0)      6  : 0.1184 0.8816
482      482   (0)      6  : 0.0020 0.9980
483      483   (0)      6  : 0.0020 0.9980
484      484   (0)      6  : 0.0020 0.9980
485      485   (0)      6  : 0.0010 0.9990
486      486   (0)      6  : 0.0030 0.9970
487      487   (0)      6  : 0.0020 0.9980
488      488   (0)      6  : 0.0020 0.9980
489      489   (0)      6  : 0.0020 0.9980
490      490   (0)      6  : 0.0010 0.9990
491      491   (0)      6  : 0.0020 0.9980
492      492   (0)      6  : 0.0030 0.9970
493      493  (10)      6  : 0.0150 0.9850
494      494   (0)      6  : 0.0020 0.9980
495      495   (0)      6  : 0.0020 0.9980
496      496   (0)      6  : 0.0030 0.9970
497      497   (0)      6  : 0.0040 0.9960
498      498   (0)      6  : 0.0050 0.9950
499      499   (0)      6  : 0.0020 0.9980
500      500   (0)      6  : 0.0020 0.9980
501      501   (0)      6  : 0.0010 0.9990
502      502   (0)      6  : 0.0010 0.9990
503      503   (0)      6  : 0.0030 0.9970
504      504   (0)      6  : 0.0010 0.9990
505      505   (0)      6  : 0.0010 0.9990
506      506   (0)      7  : 0.0190 0.9810
507      507  (10)      7  : 0.0050 0.9950
508      508  (10)      7  : 0.0040 0.9960
509      509   (5)      7  : 0.0010 0.9990
510      510   (5)      7  : 0.0020 0.9980
511      511   (0)      7  : 0.0020 0.9980
512      512   (5)      7  : 0.0020 0.9980
513      513   (5)      7  : 0.0020 0.9980
514      514   (0)      7  : 0.0010 0.9990
515      515   (0)      7  : 0.0018 0.9982
516      516   (0)      7  : 0.0020 0.9980
517      517   (0)      7  : 0.0020 0.9980
518      518   (0)      7  : 0.0020 0.9980
519      519   (5)      7  : 0.0020 0.9980
520      520   (5)      7  : 0.0080 0.9920
521      521  (10)      7  : 0.0040 0.9960
522      522   (0)      7  : 0.0020 0.9980
523      523   (5)      7  : 0.0070 0.9930
524      524   (5)      7  : 0.0020 0.9980
525      525   (0)      7  : 0.0010 0.9990
526      526   (5)      7  : 0.0020 0.9980
527      527   (0)      7  : 0.0050 0.9950
528      528   (5)      7  : 0.0010 0.9990
529      529   (0)      7  : 0.0020 0.9980
530      530   (0)      7  : 0.0030 0.9970
531      531   (0)      7  : 0.0050 0.9950
532      532   (0)      7  : 0.0020 0.9980
533      533   (0)      7  : 0.0020 0.9980
534      534   (0)      7  : 0.0030 0.9970
535      535   (0)      7  : 0.0060 0.9940
536      536   (0)      7  : 0.0040 0.9960
537      537   (0)      7  : 0.0060 0.9940
538      538   (0)      7  : 0.0020 0.9980
539      539   (0)      7  : 0.0040 0.9960
540      540   (0)      7  : 0.0050 0.9950
541      541   (0)      7  : 0.0010 0.9990
542      542   (0)      7  : 0.0050 0.9950
543      543   (0)      7  : 0.0020 0.9980
544      544   (5)      7  : 0.0020 0.9980
545      545   (5)      7  : 0.0020 0.9980
546      546   (0)      7  : 0.0020 0.9980
547      547  (15)      7  : 0.0040 0.9960
548      548  (10)      7  : 0.0010 0.9990
549      549  (10)      7  : 0.0020 0.9980
550      550  (10)      7  : 0.0030 0.9970
551      551   (5)      7  : 0.0030 0.9970
552      552   (5)      7  : 0.0020 0.9980
553      553   (5)      7  : 0.0020 0.9980
554      554   (5)      7  : 0.0020 0.9980
555      555   (5)      7  : 0.0048 0.9952
556      556   (5)      7  : 0.0020 0.9980
557      557  (15)      7  : 0.0086 0.9914
558      558   (5)      7  : 0.0100 0.9900
559      559   (5)      7  : 0.0010 0.9990
560      560  (15)      7  : 0.0020 0.9980
561      561   (5)      7  : 0.0150 0.9850
562      562   (5)      7  : 0.0500 0.9500
563      563   (5)      7  : 0.0020 0.9980
564      564   (5)      7  : 0.0020 0.9980
565      565  (10)      7  : 0.0030 0.9970
566      566   (5)      7  : 0.0020 0.9980
567      567   (5)      7  : 0.0030 0.9970
568      568  (10)      7  : 0.0020 0.9980
569      569  (10)      7  : 0.0020 0.9980
570      570  (10)      7  : 0.0100 0.9900
571      571  (10)      7  : 0.0278 0.9722
572      572   (5)      7  : 0.0020 0.9980
573      573  (10)      7  : 0.0040 0.9960
574      574   (0)      7  : 0.0010 0.9990
575      575   (5)      7  : 0.0020 0.9980
576      576   (0)      7  : 0.0010 0.9990
577      577   (0)      7  : 0.0010 0.9990
578      578   (0)      7  : 0.0020 0.9980
579      579   (0)      7  : 0.0050 0.9950
580      580   (0)      7  : 0.0020 0.9980
581      581   (0)      7  : 0.0220 0.9780
582      582   (0)      7  : 0.0030 0.9970
583      583  (10)      7  : 0.0020 0.9980
584      584  (10)      7  : 0.2466 0.7534
585      585   (0)      7  : 0.0292 0.9708
586      586   (5)      7  : 0.0690 0.9310
587      587   (0)      7  : 0.0030 0.9970
588      588   (5)      7  : 0.0148 0.9852
589      589   (5)      7  : 0.0020 0.9980
590      590   (5)      7  : 0.0030 0.9970
591      591  (10)      7  : 0.0010 0.9990
592      592   (0)      7  : 0.0020 0.9980
593      593   (0)      7  : 0.0020 0.9980
594      594   (0)      7  : 0.1856 0.8144
595      595   (0)      7  : 0.0020 0.9980
596      596   (0)      7  : 0.0040 0.9960
597      597   (0)      7  : 0.0020 0.9980
598      598   (0)      7  : 0.0020 0.9980
599      599   (0)      7  : 0.0030 0.9970
600      600   (0)      7  : 0.0020 0.9980
601      601   (0)      7  : 0.0030 0.9970
602      602   (0)      7  : 0.0024 0.9976
603      603   (0)      7  : 0.0202 0.9798
604      604   (0)      7  : 0.0080 0.9920
605      605   (0)      7  : 0.0050 0.9950
606      606   (0)      7  : 0.0020 0.9980
607      607   (0)      7  : 0.0100 0.9900
608      608   (0)      7  : 0.0020 0.9980
609      609   (5)      7  : 0.0040 0.9960
610      610   (0)      7  : 0.0020 0.9980
611      611   (5)      7  : 0.4016 0.5984
612      612   (0)      7  : 0.0020 0.9980
613      613   (0)      7  : 0.0510 0.9490
614      614   (0)      7  : 0.0030 0.9970
615      615   (0)      7  : 0.0050 0.9950
616      616   (0)      7  : 0.0020 0.9980
617      617   (0)      7  : 0.0020 0.9980
618      618   (0)      7  : 0.0160 0.9840
619      619   (0)      7  : 0.0014 0.9986
620      620   (0)      7  : 0.0024 0.9976
621      621   (0)      7  : 0.0020 0.9980
622      622   (0)      7  : 0.0856 0.9144
623      623   (0)      7  : 0.0010 0.9990
624      624   (0)      7  : 0.0040 0.9960
625      625   (5)      7  : 0.0020 0.9980
626      626   (0)      7  : 0.0060 0.9940
627      627   (0)      7  : 0.0030 0.9970
628      628   (0)      7  : 0.0030 0.9970
629      629  (10)      7  : 0.0020 0.9980
630      630   (0)      7  : 0.0020 0.9980
631      631   (0)      7  : 0.0016 0.9984
632      632   (0)      7  : 0.0020 0.9980
633      633  (10)      7  : 0.0040 0.9960
634      634   (5)      7  : 0.0020 0.9980
635      635   (0)      7  : 0.0020 0.9980
636      636   (5)      7  : 0.0020 0.9980
637      637   (5)      7  : 0.0010 0.9990
638      638  (10)      7  : 0.0030 0.9970
639      639   (0)      7  : 0.0020 0.9980
640      640   (5)      7  : 0.0040 0.9960
641      641  (10)      7  : 0.0020 0.9980
642      642   (0)      7  : 0.0040 0.9960
643      643   (0)      7  : 0.0220 0.9780
644      644   (0)      7  : 0.0020 0.9980
645      645   (0)      7  : 0.0040 0.9960
646      646   (0)      7  : 0.0020 0.9980
647      647   (0)      7  : 0.0030 0.9970
648      648   (0)      7  : 0.0010 0.9990
649      649   (0)      7  : 0.0020 0.9980
650      650   (0)      7  : 0.0010 0.9990
651      651   (5)      7  : 0.0040 0.9960
652      652   (0)      7  : 0.0010 0.9990
653      653   (0)      7  : 0.0020 0.9980
654      654   (0)      7  : 0.0020 0.9980
655      655   (5)      7  : 0.0040 0.9960
656      656   (0)      7  : 0.0020 0.9980
657      657   (0)      7  : 0.0060 0.9940
658      658   (0)      7  : 0.0020 0.9980
659      659   (0)      7  : 0.0020 0.9980
660      660   (0)      7  : 0.0020 0.9980
661      661   (0)      7  : 0.0030 0.9970
662      662   (0)      7  : 0.0070 0.9930
663      663   (0)      7  : 0.0020 0.9980
664      664   (0)      7  : 0.0020 0.9980
665      665   (0)      7  : 0.0050 0.9950
666      666   (0)      7  : 0.0020 0.9980
667      667   (0)      7  : 0.0010 0.9990
668      668   (0)      7  : 0.0020 0.9980
669      669   (0)      7  : 0.0010 0.9990
670      670   (0)      7  : 0.0010 0.9990
671      671   (0)      7  : 0.0010 0.9990
672      672   (0)      7  : 0.0020 0.9980
673      673   (0)      7  : 0.0040 0.9960
674      674   (0)      7  : 0.0020 0.9980
675      675   (0)      7  : 0.0020 0.9980
676      676  (10)      7  : 0.0040 0.9960
677      677   (5)      7  : 0.0020 0.9980
678      678  (10)      7  : 0.0020 0.9980
679      679   (5)      7  : 0.0778 0.9222
680      680  (10)      7  : 0.0020 0.9980
681      681  (10)      7  : 0.0020 0.9980
682      682   (0)      7  : 0.0036 0.9964
683      683   (5)      7  : 0.0030 0.9970
684      684   (5)      7  : 0.0200 0.9800
685      685  (10)      7  : 0.0030 0.9970
686      686   (0)      7  : 0.0020 0.9980
687      687   (0)      7  : 0.0024 0.9976
688      688   (0)      7  : 0.0020 0.9980
689      689   (0)      7  : 0.0020 0.9980
690      690   (0)      7  : 0.0300 0.9700
691      691   (0)      7  : 0.1338 0.8662
692      692   (0)      7  : 0.0916 0.9084
693      693   (0)      7  : 0.0020 0.9980
694      694   (0)      7  : 0.0020 0.9980
695      695   (5)      7  : 0.1508 0.8492
696      696   (0)      7  : 0.1284 0.8716
697      697   (0)      7  : 0.0020 0.9980
698      698  (10)      7  : 0.0086 0.9914
699      699   (5)      7  : 0.0030 0.9970
700      700   (0)      7  : 0.0010 0.9990
701      701   (5)      7  : 0.0974 0.9026
702      702   (5)      7  : 0.0020 0.9980
703      703   (0)      7  : 0.0020 0.9980
704      704   (0)      7  : 0.0110 0.9890
705      705   (0)      7  : 0.0030 0.9970
706      706   (0)      7  : 0.0348 0.9652
707      707   (0)      7  : 0.0010 0.9990
708      708   (0)      7  : 0.0050 0.9950
709      709   (0)      7  : 0.0016 0.9984
710      710   (0)      7  : 0.0010 0.9990
711      711   (0)      7  : 0.0010 0.9990
712      712   (0)      7  : 0.0020 0.9980
713      713   (0)      7  : 0.0056 0.9944
714      714   (0)      7  : 0.0020 0.9980
715      715   (0)      7  : 0.0020 0.9980
716      716   (0)      7  : 0.0020 0.9980
717      717   (0)      7  : 0.0020 0.9980
718      718   (0)      7  : 0.0038 0.9962
719      719   (0)      7  : 0.0020 0.9980
720      720   (0)      7  : 0.0020 0.9980
721      721   (0)      7  : 0.0020 0.9980
722      722   (0)      7  : 0.0012 0.9988
723      723   (0)      7  : 0.0010 0.9990
724      724   (0)      7  : 0.0020 0.9980
725      725   (0)      7  : 0.0016 0.9984
726      726   (0)      7  : 0.0080 0.9920
727      727   (0)      7  : 0.0080 0.9920
728      728   (0)      7  : 0.0010 0.9990
729      729   (0)      7  : 0.0110 0.9890
730      730   (0)      7  : 0.0014 0.9986
731      731   (0)      7  : 0.0020 0.9980
732      732   (0)      7  : 0.0020 0.9980
733      733   (0)      7  : 0.0030 0.9970
734      734   (0)      7  : 0.0060 0.9940
735      735   (0)      7  : 0.0020 0.9980
736      736   (0)      7  : 0.0030 0.9970
737      737   (0)      7  : 0.0020 0.9980
738      738   (0)      7  : 0.0070 0.9930
739      739   (0)      7  : 0.0020 0.9980
740      740   (0)      7  : 0.0020 0.9980
741      741   (0)      7  : 0.0030 0.9970
742      742   (0)      7  : 0.0020 0.9980
743      743   (0)      7  : 0.0020 0.9980
744      744   (0)      7  : 0.0020 0.9980
745      745   (0)      7  : 0.0010 0.9990
