1        1   (5)      1  : 0.9970 0.0030
2        2   (5)      1  : 0.9920 0.0080
3        3   (5)      1  : 0.9980 0.0020
4        4   (0)      1  : 0.9980 0.0020
5        5   (0)      1  : 0.9880 0.0120
6        6   (0)      1  : 0.9970 0.0030
7        7   (0)      1  : 0.9598 0.0402
8        8   (5)      1  : 0.9980 0.0020
9        9   (0)      1  : 0.9980 0.0020
10       10   (0)      1  : 0.9896 0.0104
11       11   (0)      1  : 0.9960 0.0040
12       12   (0)      1  : 0.9960 0.0040
13       13   (0)      1  : 0.9980 0.0020
14       14   (0)      1  : 0.9970 0.0030
15       15   (0)      1  : 0.9970 0.0030
16       16   (0)      1  : 0.9980 0.0020
17       17   (0)      1  : 0.9980 0.0020
18       18   (0)      1  : 0.9950 0.0050
19       19   (0)      1  : 0.9980 0.0020
20       20   (0)      1  : 0.9890 0.0110
21       21   (0)      1  : 0.9980 0.0020
22       22   (0)      1  : 0.9990 0.0010
23       23   (0)      1  : 0.9980 0.0020
24       24   (0)      1  : 0.9980 0.0020
25       25   (0)      1  : 0.9920 0.0080
26       26   (0)      1  : 0.9980 0.0020
27       27   (5)      1  : 0.9760 0.0240
28       28   (0)      1  : 0.9960 0.0040
29       29   (0)      1  : 0.9980 0.0020
30       30   (0)      1  : 0.9902 0.0098
31       31   (0)      1  : 0.9980 0.0020
32       32   (0)      1  : 0.9970 0.0030
33       33   (0)      1  : 0.9990 0.0010
34       34   (0)      1  : 0.9980 0.0020
35       35   (0)      1  : 0.9890 0.0110
36       36   (0)      1  : 0.9930 0.0070
37       37   (0)      1  : 0.9930 0.0070
38       38   (0)      1  : 0.9970 0.0030
39       39   (0)      1  : 0.9908 0.0092
40       40   (0)      1  : 0.9980 0.0020
41       41   (0)      1  : 0.9970 0.0030
42       42   (0)      1  : 0.9990 0.0010
43       43   (0)      1  : 0.9970 0.0030
44       44   (0)      1  : 0.9980 0.0020
45       45   (5)      1  : 0.9960 0.0040
46       46   (0)      1  : 0.9980 0.0020
47       47   (0)      1  : 0.9960 0.0040
48       48   (0)      1  : 0.9960 0.0040
49       49   (0)      1  : 0.9970 0.0030
50       50   (0)      1  : 0.9970 0.0030
51       51   (0)      1  : 0.9960 0.0040
52       52   (0)      1  : 0.9910 0.0090
53       53   (0)      1  : 0.9970 0.0030
54       54   (0)      1  : 0.9960 0.0040
55       55   (0)      1  : 0.9970 0.0030
56       56   (0)      1  : 0.9980 0.0020
57       57  (10)      1  : 0.9980 0.0020
58       58   (5)      1  : 0.9960 0.0040
59       59   (0)      1  : 0.9970 0.0030
60       60   (0)      1  : 0.9980 0.0020
61       61   (0)      1  : 0.9970 0.0030
62       62   (0)      1  : 0.9950 0.0050
63       63   (0)      1  : 0.9960 0.0040
64       64   (0)      1  : 0.9970 0.0030
65       65   (0)      1  : 0.9930 0.0070
66       66   (0)      1  : 0.9980 0.0020
67       67   (5)      1  : 0.9970 0.0030
68       68   (0)      1  : 0.9904 0.0096
69       69   (0)      1  : 0.9940 0.0060
70       70   (0)      1  : 0.9950 0.0050
71       71   (5)      1  : 0.9960 0.0040
72       72   (0)      1  : 0.9966 0.0034
73       73   (5)      1  : 0.9970 0.0030
74       74  (10)      1  : 0.9950 0.0050
75       75  (10)      1  : 0.9970 0.0030
76       76   (0)      1  : 0.9980 0.0020
77       77  (10)      1  : 0.9970 0.0030
78       78   (0)      1  : 0.9970 0.0030
79       79   (5)      1  : 0.9910 0.0090
80       80   (0)      1  : 0.9980 0.0020
81       81   (0)      1  : 0.9980 0.0020
82       82   (0)      1  : 0.9980 0.0020
83       83   (0)      1  : 0.9950 0.0050
84       84   (0)      1  : 0.9860 0.0140
85       85   (0)      1  : 0.9980 0.0020
86       86   (5)      1  : 0.9980 0.0020
87       87   (0)      1  : 0.9980 0.0020
88       88   (0)      1  : 0.9910 0.0090
89       89   (0)      1  : 0.9970 0.0030
90       90   (0)      1  : 0.9970 0.0030
91       91   (0)      1  : 0.9970 0.0030
92       92   (0)      1  : 0.9950 0.0050
93       93   (0)      1  : 0.9980 0.0020
94       94   (5)      1  : 0.9976 0.0024
95       95   (0)      1  : 0.9980 0.0020
96       96   (5)      1  : 0.9980 0.0020
97       97   (0)      1  : 0.9960 0.0040
98       98   (0)      1  : 0.9970 0.0030
99       99   (5)      1  : 0.9980 0.0020
100      100   (5)      1  : 0.9980 0.0020
101      101   (0)      2  : 0.9980 0.0020
102      102   (0)      2  : 0.9980 0.0020
103      103   (0)      2  : 0.9986 0.0014
104      104   (0)      2  : 0.9980 0.0020
105      105   (0)      2  : 0.9920 0.0080
106      106   (0)      2  : 0.9940 0.0060
107      107   (0)      2  : 0.9960 0.0040
108      108   (0)      2  : 0.9980 0.0020
109      109   (0)      2  : 0.9960 0.0040
110      110   (0)      2  : 0.9980 0.0020
111      111   (0)      2  : 0.9970 0.0030
112      112   (0)      2  : 0.9980 0.0020
113      113   (0)      2  : 0.9942 0.0058
114      114   (0)      2  : 0.9970 0.0030
115      115   (0)      2  : 0.9980 0.0020
116      116   (0)      2  : 0.9990 0.0010
117      117   (0)      2  : 0.9970 0.0030
118      118   (0)      2  : 0.9900 0.0100
119      119   (0)      2  : 0.9980 0.0020
120      120   (0)      2  : 0.9950 0.0050
121      121   (0)      2  : 0.9980 0.0020
122      122   (0)      2  : 0.9980 0.0020
123      123   (0)      2  : 0.9970 0.0030
124      124   (0)      2  : 0.9966 0.0034
125      125   (0)      2  : 0.9980 0.0020
126      126   (0)      2  : 0.9980 0.0020
127      127   (0)      2  : 0.9980 0.0020
128      128   (0)      2  : 0.9946 0.0054
129      129   (0)      2  : 0.9970 0.0030
130      130   (0)      2  : 0.9980 0.0020
131      131   (0)      2  : 0.9960 0.0040
132      132   (0)      2  : 0.9970 0.0030
133      133   (0)      2  : 0.9990 0.0010
134      134   (0)      2  : 0.9970 0.0030
135      135   (0)      2  : 0.9970 0.0030
136      136   (0)      2  : 0.9950 0.0050
137      137   (0)      2  : 0.9950 0.0050
138      138   (0)      2  : 0.9980 0.0020
139      139   (0)      2  : 0.9960 0.0040
140      140   (0)      2  : 0.9960 0.0040
141      141   (0)      2  : 0.9970 0.0030
142      142   (0)      2  : 0.9980 0.0020
143      143   (0)      2  : 0.9970 0.0030
144      144   (0)      2  : 0.9980 0.0020
145      145   (0)      2  : 0.9990 0.0010
146      146   (0)      2  : 0.9960 0.0040
147      147   (0)      2  : 0.9970 0.0030
148      148   (0)      2  : 0.9970 0.0030
149      149   (0)      2  : 0.9990 0.0010
150      150   (0)      2  : 0.9970 0.0030
151      151   (0)      2  : 0.9970 0.0030
152      152   (0)      2  : 0.9950 0.0050
153      153   (0)      2  : 0.9960 0.0040
154      154   (0)      2  : 0.9970 0.0030
155      155   (0)      2  : 0.9960 0.0040
156      156   (0)      2  : 0.9970 0.0030
157      157   (0)      2  : 0.9960 0.0040
158      158   (0)      2  : 0.9980 0.0020
159      159   (0)      2  : 0.9940 0.0060
160      160   (0)      2  : 0.9970 0.0030
161      161   (0)      2  : 0.9980 0.0020
162      162   (0)      2  : 0.9970 0.0030
163      163   (0)      2  : 0.9980 0.0020
164      164   (0)      2  : 0.9970 0.0030
165      165   (0)      2  : 0.9990 0.0010
166      166   (0)      2  : 0.9860 0.0140
167      167   (0)      2  : 0.9970 0.0030
168      168   (0)      2  : 0.9970 0.0030
169      169   (0)      2  : 0.9980 0.0020
170      170   (0)      2  : 0.9980 0.0020
171      171   (0)      2  : 0.9970 0.0030
172      172   (0)      2  : 0.9980 0.0020
173      173   (0)      2  : 0.9920 0.0080
174      174   (0)      2  : 0.9920 0.0080
175      175   (0)      2  : 0.9980 0.0020
176      176   (0)      2  : 0.9980 0.0020
177      177   (0)      2  : 0.9980 0.0020
178      178   (0)      2  : 0.9860 0.0140
179      179   (0)      2  : 0.9970 0.0030
180      180   (0)      2  : 0.9960 0.0040
181      181   (0)      2  : 0.9922 0.0078
182      182   (0)      2  : 0.9890 0.0110
183      183   (0)      2  : 0.9980 0.0020
184      184   (0)      2  : 0.9980 0.0020
185      185   (0)      2  : 0.9980 0.0020
186      186   (0)      2  : 0.9980 0.0020
187      187   (0)      2  : 0.9980 0.0020
188      188   (0)      2  : 0.9980 0.0020
189      189   (0)      2  : 0.9970 0.0030
190      190   (0)      2  : 0.9960 0.0040
191      191   (0)      2  : 0.9960 0.0040
192      192   (0)      2  : 0.9970 0.0030
193      193   (0)      2  : 0.9980 0.0020
194      194   (0)      2  : 0.9970 0.0030
195      195   (0)      2  : 0.9980 0.0020
196      196   (0)      2  : 0.9980 0.0020
197      197   (0)      2  : 0.9860 0.0140
198      198   (0)      2  : 0.9950 0.0050
199      199   (0)      2  : 0.9980 0.0020
200      200   (0)      2  : 0.9970 0.0030
201      201   (0)      2  : 0.9980 0.0020
202      202   (0)      2  : 0.9960 0.0040
203      203   (0)      2  : 0.9980 0.0020
204      204   (0)      2  : 0.9960 0.0040
205      205   (0)      2  : 0.9950 0.0050
206      206   (0)      2  : 0.9960 0.0040
207      207   (0)      2  : 0.9950 0.0050
208      208   (0)      2  : 0.9900 0.0100
209      209   (0)      2  : 0.9920 0.0080
210      210   (0)      2  : 0.9950 0.0050
211      211   (0)      2  : 0.9950 0.0050
212      212   (0)      2  : 0.9980 0.0020
213      213   (0)      2  : 0.9670 0.0330
214      214   (0)      2  : 0.9980 0.0020
215      215   (0)      2  : 0.9858 0.0142
216      216   (0)      2  : 0.9900 0.0100
217      217   (0)      2  : 0.9872 0.0128
218      218   (0)      2  : 0.9970 0.0030
219      219   (0)      2  : 0.9980 0.0020
220      220   (0)      2  : 0.9980 0.0020
221      221   (0)      2  : 0.9980 0.0020
222      222   (0)      2  : 0.9980 0.0020
223      223   (0)      2  : 0.9980 0.0020
224      224   (0)      2  : 0.9980 0.0020
225      225   (0)      2  : 0.9980 0.0020
226      226   (0)      2  : 0.9980 0.0020
227      227   (0)      2  : 0.9820 0.0180
228      228   (0)      2  : 0.9900 0.0100
229      229   (0)      2  : 0.9958 0.0042
230      230   (0)      2  : 0.9952 0.0048
231      231   (0)      2  : 0.9970 0.0030
232      232   (0)      2  : 0.9980 0.0020
233      233   (0)      2  : 0.9970 0.0030
234      234   (0)      2  : 0.9960 0.0040
235      235   (0)      2  : 0.9942 0.0058
236      236   (0)      2  : 0.9950 0.0050
237      237   (0)      2  : 0.9980 0.0020
238      238   (0)      2  : 0.9988 0.0012
239      239   (0)      2  : 0.9870 0.0130
240      240   (0)      2  : 0.9980 0.0020
241      241   (0)      2  : 0.9960 0.0040
242      242   (0)      2  : 0.9980 0.0020
243      243   (0)      2  : 0.9930 0.0070
244      244   (0)      2  : 0.9980 0.0020
245      245   (0)      2  : 0.9980 0.0020
246      246   (0)      2  : 0.9970 0.0030
247      247   (0)      2  : 0.9980 0.0020
248      248   (0)      2  : 0.9980 0.0020
249      249   (0)      2  : 0.9970 0.0030
250      250   (0)      2  : 0.9736 0.0264
251      251   (0)      2  : 0.9940 0.0060
252      252   (0)      2  : 0.9980 0.0020
253      253   (0)      2  : 0.9980 0.0020
254      254   (0)      2  : 0.9920 0.0080
255      255   (0)      2  : 0.9980 0.0020
256      256   (0)      2  : 0.9940 0.0060
257      257   (0)      2  : 0.9970 0.0030
258      258   (0)      2  : 0.9990 0.0010
259      259   (0)      2  : 0.9886 0.0114
260      260   (0)      2  : 0.9950 0.0050
261      261   (0)      2  : 0.9980 0.0020
262      262   (0)      2  : 0.9850 0.0150
263      263   (0)      2  : 0.9972 0.0028
264      264   (0)      2  : 0.9910 0.0090
265      265   (0)      2  : 0.9970 0.0030
266      266   (0)      2  : 0.9950 0.0050
267      267   (0)      2  : 0.9960 0.0040
268      268   (0)      2  : 0.9970 0.0030
269      269   (0)      2  : 0.9980 0.0020
270      270   (0)      2  : 0.9910 0.0090
271      271   (0)      2  : 0.9990 0.0010
272      272   (0)      2  : 0.9980 0.0020
273      273   (0)      2  : 0.9960 0.0040
274      274   (0)      2  : 0.9980 0.0020
275      275   (0)      2  : 0.9980 0.0020
276      276   (0)      2  : 0.9960 0.0040
277      277   (0)      2  : 0.9980 0.0020
278      278   (0)      2  : 0.9990 0.0010
279      279   (0)      2  : 0.9970 0.0030
280      280   (0)      2  : 0.9980 0.0020
281      281   (0)      2  : 0.9960 0.0040
282      282   (0)      2  : 0.9970 0.0030
283      283   (0)      2  : 0.9746 0.0254
284      284   (0)      2  : 0.9930 0.0070
285      285   (0)      2  : 0.9970 0.0030
286      286   (0)      2  : 0.9960 0.0040
287      287   (0)      2  : 0.9970 0.0030
288      288   (0)      2  : 0.9950 0.0050
289      289   (0)      2  : 0.9980 0.0020
290      290   (0)      2  : 0.9950 0.0050
291      291   (0)      2  : 0.9950 0.0050
292      292   (0)      2  : 0.9970 0.0030
293      293   (0)      2  : 0.9910 0.0090
294      294   (0)      2  : 0.9790 0.0210
295      295   (0)      2  : 0.9980 0.0020
296      296   (0)      2  : 0.9980 0.0020
297      297   (0)      2  : 0.9980 0.0020
298      298   (0)      2  : 0.9930 0.0070
299      299   (0)      2  : 0.9970 0.0030
300      300   (0)      2  : 0.9970 0.0030
301      301   (0)      2  : 0.9970 0.0030
302      302   (0)      2  : 0.9966 0.0034
303      303   (0)      2  : 0.9980 0.0020
304      304   (0)      2  : 0.9980 0.0020
305      305   (0)      2  : 0.9980 0.0020
306      306   (0)      2  : 0.9970 0.0030
307      307   (0)      2  : 0.9980 0.0020
308      308   (0)      2  : 0.9970 0.0030
309      309   (0)      2  : 0.9980 0.0020
310      310   (0)      2  : 0.9970 0.0030
311      311   (0)      2  : 0.9970 0.0030
312      312   (0)      2  : 0.9980 0.0020
313      313   (0)      2  : 0.9980 0.0020
314      314   (0)      2  : 0.9970 0.0030
315      315   (0)      2  : 0.9990 0.0010
316      316   (0)      2  : 0.9980 0.0020
317      317   (0)      2  : 0.9980 0.0020
318      318   (0)      2  : 0.9960 0.0040
319      319   (0)      2  : 0.9950 0.0050
320      320   (0)      2  : 0.9970 0.0030
321      321   (0)      2  : 0.9970 0.0030
322      322   (0)      2  : 0.9980 0.0020
323      323   (0)      2  : 0.9980 0.0020
324      324   (0)      2  : 0.9850 0.0150
325      325   (0)      2  : 0.9980 0.0020
326      326   (0)      2  : 0.9980 0.0020
327      327   (0)      2  : 0.9940 0.0060
328      328   (0)      2  : 0.9870 0.0130
329      329   (0)      2  : 0.9960 0.0040
330      330   (0)      2  : 0.9980 0.0020
331      331   (0)      2  : 0.9978 0.0022
332      332   (0)      2  : 0.9970 0.0030
333      333   (0)      2  : 0.9900 0.0100
334      334   (0)      2  : 0.9972 0.0028
335      335   (0)      2  : 0.9980 0.0020
336      336   (0)      2  : 0.9950 0.0050
337      337   (0)      2  : 0.9920 0.0080
338      338   (0)      2  : 0.9970 0.0030
339      339   (0)      2  : 0.9980 0.0020
340      340   (0)      2  : 0.9980 0.0020
341      341   (0)      2  : 0.9970 0.0030
342      342   (0)      2  : 0.9950 0.0050
343      343   (0)      2  : 0.9970 0.0030
344      344   (0)      2  : 0.9970 0.0030
345      345   (0)      2  : 0.9940 0.0060
346      346   (0)      2  : 0.9970 0.0030
347      347   (0)      2  : 0.9960 0.0040
348      348   (0)      2  : 0.9980 0.0020
349      349   (0)      2  : 0.9980 0.0020
350      350   (0)      2  : 0.9958 0.0042
351      351   (5)      3  : 0.6060 0.3940
352      352   (0)      3  : 0.3214 0.6786
353      353   (0)      3  : 0.4886 0.5114
354      354   (5)      3  : 0.4120 0.5880
355      355   (5)      3  : 0.3720 0.6280
356      356   (0)      3  : 0.2644 0.7356
357      357   (0)      4  : 0.0090 0.9910
358      358   (0)      4  : 0.0522 0.9478
359      359  (10)      5  : 0.0030 0.9970
360      360   (5)      5  : 0.0040 0.9960
361      361   (5)      5  : 0.1990 0.8010
362      362   (5)      5  : 0.0020 0.9980
363      363  (10)      5  : 0.0200 0.9800
364      364   (5)      5  : 0.3410 0.6590
365      365  (10)      5  : 0.0090 0.9910
366      366   (0)      5  : 0.0050 0.9950
367      367   (0)      5  : 0.0070 0.9930
368      368   (0)      5  : 0.0020 0.9980
369      369   (0)      5  : 0.0266 0.9734
370      370   (0)      5  : 0.1000 0.9000
371      371   (0)      5  : 0.0040 0.9960
372      372   (0)      5  : 0.0120 0.9880
373      373   (0)      5  : 0.0070 0.9930
374      374   (0)      5  : 0.0194 0.9806
375      375   (0)      5  : 0.0248 0.9752
376      376   (0)      5  : 0.2740 0.7260
377      377   (0)      5  : 0.0050 0.9950
378      378   (5)      5  : 0.0100 0.9900
379      379   (0)      5  : 0.0082 0.9918
380      380   (0)      5  : 0.1354 0.8646
381      381   (5)      5  : 0.0220 0.9780
382      382   (5)      5  : 0.0106 0.9894
383      383   (0)      5  : 0.1960 0.8040
384      384   (0)      5  : 0.0660 0.9340
385      385   (0)      5  : 0.0160 0.9840
386      386   (0)      5  : 0.0030 0.9970
387      387   (0)      5  : 0.0020 0.9980
388      388   (0)      5  : 0.0020 0.9980
389      389   (0)      5  : 0.0010 0.9990
390      390   (0)      5  : 0.0080 0.9920
391      391   (0)      5  : 0.0120 0.9880
392      392   (0)      5  : 0.0050 0.9950
393      393   (0)      5  : 0.0132 0.9868
394      394   (0)      5  : 0.0220 0.9780
395      395   (0)      5  : 0.0908 0.9092
396      396   (0)      5  : 0.0030 0.9970
397      397   (0)      5  : 0.0128 0.9872
398      398   (0)      5  : 0.0160 0.9840
399      399   (0)      5  : 0.0040 0.9960
400      400   (0)      5  : 0.0060 0.9940
401      401  (10)      6  : 0.0020 0.9980
402      402   (0)      6  : 0.0040 0.9960
403      403   (0)      6  : 0.0360 0.9640
404      404   (0)      6  : 0.0020 0.9980
405      405   (0)      6  : 0.0050 0.9950
406      406   (5)      6  : 0.0030 0.9970
407      407   (0)      6  : 0.0020 0.9980
408      408   (0)      6  : 0.0030 0.9970
409      409   (0)      6  : 0.0020 0.9980
410      410   (0)      6  : 0.0360 0.9640
411      411   (0)      6  : 0.0040 0.9960
412      412   (0)      6  : 0.0020 0.9980
413      413   (0)      6  : 0.0010 0.9990
414      414   (0)      6  : 0.0030 0.9970
415      415   (5)      6  : 0.0020 0.9980
416      416   (0)      6  : 0.0030 0.9970
417      417   (0)      6  : 0.0040 0.9960
418      418   (0)      6  : 0.0020 0.9980
419      419   (0)      6  : 0.0020 0.9980
420      420   (0)      6  : 0.0010 0.9990
421      421   (0)      6  : 0.0020 0.9980
422      422   (5)      6  : 0.0030 0.9970
423      423   (5)      6  : 0.0030 0.9970
424      424   (5)      6  : 0.0050 0.9950
425      425   (0)      6  : 0.0040 0.9960
426      426   (0)      6  : 0.0020 0.9980
427      427   (0)      6  : 0.0020 0.9980
428      428   (0)      6  : 0.0040 0.9960
429      429   (0)      6  : 0.0020 0.9980
430      430   (0)      6  : 0.0040 0.9960
431      431   (0)      6  : 0.0040 0.9960
432      432   (0)      6  : 0.0020 0.9980
433      433   (0)      6  : 0.0020 0.9980
434      434   (0)      6  : 0.0030 0.9970
435      435   (0)      6  : 0.0030 0.9970
436      436   (0)      6  : 0.0020 0.9980
437      437   (5)      6  : 0.0040 0.9960
438      438   (0)      6  : 0.0040 0.9960
439      439   (0)      6  : 0.0020 0.9980
440      440   (0)      6  : 0.0030 0.9970
441      441   (0)      6  : 0.0030 0.9970
442      442   (0)      6  : 0.0030 0.9970
443      443   (5)      6  : 0.0020 0.9980
444      444   (5)      6  : 0.0030 0.9970
445      445   (5)      6  : 0.0020 0.9980
446      446   (5)      6  : 0.0030 0.9970
447      447   (5)      6  : 0.0040 0.9960
448      448   (5)      6  : 0.0040 0.9960
449      449   (0)      6  : 0.0130 0.9870
450      450   (5)      6  : 0.0020 0.9980
451      451   (0)      6  : 0.1496 0.8504
452      452   (0)      6  : 0.0752 0.9248
453      453   (0)      6  : 0.0020 0.9980
454      454   (0)      6  : 0.0010 0.9990
455      455   (0)      6  : 0.0030 0.9970
456      456   (0)      6  : 0.0020 0.9980
457      457   (0)      6  : 0.0020 0.9980
458      458   (0)      6  : 0.0030 0.9970
459      459   (0)      6  : 0.0020 0.9980
460      460   (0)      6  : 0.0020 0.9980
461      461   (0)      6  : 0.0030 0.9970
462      462   (0)      6  : 0.4252 0.5748
463      463   (0)      6  : 0.0010 0.9990
464      464   (0)      6  : 0.0020 0.9980
465      465   (0)      6  : 0.0020 0.9980
466      466   (0)      6  : 0.0030 0.9970
467      467   (0)      6  : 0.0020 0.9980
468      468   (0)      6  : 0.0050 0.9950
469      469   (0)      6  : 0.0030 0.9970
470      470   (0)      6  : 0.0020 0.9980
471      471   (0)      6  : 0.0020 0.9980
472      472   (0)      6  : 0.0010 0.9990
473      473   (0)      6  : 0.0040 0.9960
474      474   (0)      6  : 0.0040 0.9960
475      475   (0)      6  : 0.0020 0.9980
476      476   (0)      6  : 0.0010 0.9990
477      477   (0)      6  : 0.0020 0.9980
478      478   (0)      6  : 0.0020 0.9980
479      479   (0)      6  : 0.0030 0.9970
480      480   (0)      6  : 0.0030 0.9970
481      481   (0)      6  : 0.1218 0.8782
482      482   (0)      6  : 0.0020 0.9980
483      483   (0)      6  : 0.0020 0.9980
484      484   (0)      6  : 0.0020 0.9980
485      485   (0)      6  : 0.0010 0.9990
486      486   (0)      6  : 0.0030 0.9970
487      487   (0)      6  : 0.0020 0.9980
488      488   (0)      6  : 0.0020 0.9980
489      489   (0)      6  : 0.0020 0.9980
490      490   (0)      6  : 0.0010 0.9990
491      491   (0)      6  : 0.0020 0.9980
492      492   (0)      6  : 0.0030 0.9970
493      493  (10)      6  : 0.0110 0.9890
494      494   (0)      6  : 0.0020 0.9980
495      495   (0)      6  : 0.0020 0.9980
496      496   (0)      6  : 0.0030 0.9970
497      497   (0)      6  : 0.0040 0.9960
498      498   (0)      6  : 0.0050 0.9950
499      499   (0)      6  : 0.0020 0.9980
500      500   (0)      6  : 0.0020 0.9980
501      501   (0)      6  : 0.0010 0.9990
502      502   (0)      6  : 0.0010 0.9990
503      503   (0)      6  : 0.0030 0.9970
504      504   (0)      6  : 0.0010 0.9990
505      505   (0)      6  : 0.0010 0.9990
506      506   (0)      7  : 0.0222 0.9778
507      507  (10)      7  : 0.0050 0.9950
508      508  (10)      7  : 0.0040 0.9960
509      509   (5)      7  : 0.0018 0.9982
510      510   (5)      7  : 0.0020 0.9980
511      511   (0)      7  : 0.0012 0.9988
512      512   (5)      7  : 0.0020 0.9980
513      513   (5)      7  : 0.0020 0.9980
514      514   (0)      7  : 0.0010 0.9990
515      515   (0)      7  : 0.0020 0.9980
516      516   (0)      7  : 0.0020 0.9980
517      517   (0)      7  : 0.0020 0.9980
518      518   (0)      7  : 0.0020 0.9980
519      519   (5)      7  : 0.0020 0.9980
520      520   (5)      7  : 0.0070 0.9930
521      521  (10)      7  : 0.0040 0.9960
522      522   (0)      7  : 0.0020 0.9980
523      523   (5)      7  : 0.0080 0.9920
524      524   (5)      7  : 0.0020 0.9980
525      525   (0)      7  : 0.0010 0.9990
526      526   (5)      7  : 0.0020 0.9980
527      527   (0)      7  : 0.0070 0.9930
528      528   (5)      7  : 0.0010 0.9990
529      529   (0)      7  : 0.0020 0.9980
530      530   (0)      7  : 0.0030 0.9970
531      531   (0)      7  : 0.0050 0.9950
532      532   (0)      7  : 0.0020 0.9980
533      533   (0)      7  : 0.0020 0.9980
534      534   (0)      7  : 0.0030 0.9970
535      535   (0)      7  : 0.0050 0.9950
536      536   (0)      7  : 0.0040 0.9960
537      537   (0)      7  : 0.0060 0.9940
538      538   (0)      7  : 0.0020 0.9980
539      539   (0)      7  : 0.0040 0.9960
540      540   (0)      7  : 0.0050 0.9950
541      541   (0)      7  : 0.0010 0.9990
542      542   (0)      7  : 0.0050 0.9950
543      543   (0)      7  : 0.0020 0.9980
544      544   (5)      7  : 0.0020 0.9980
545      545   (5)      7  : 0.0020 0.9980
546      546   (0)      7  : 0.0020 0.9980
547      547  (15)      7  : 0.0040 0.9960
548      548  (10)      7  : 0.0010 0.9990
549      549  (10)      7  : 0.0020 0.9980
550      550  (10)      7  : 0.0030 0.9970
551      551   (5)      7  : 0.0024 0.9976
552      552   (5)      7  : 0.0020 0.9980
553      553   (5)      7  : 0.0020 0.9980
554      554   (5)      7  : 0.0020 0.9980
555      555   (5)      7  : 0.0050 0.9950
556      556   (5)      7  : 0.0020 0.9980
557      557  (15)      7  : 0.0090 0.9910
558      558   (5)      7  : 0.0100 0.9900
559      559   (5)      7  : 0.0010 0.9990
560      560  (15)      7  : 0.0020 0.9980
561      561   (5)      7  : 0.0150 0.9850
562      562   (5)      7  : 0.0406 0.9594
563      563   (5)      7  : 0.0020 0.9980
564      564   (5)      7  : 0.0020 0.9980
565      565  (10)      7  : 0.0030 0.9970
566      566   (5)      7  : 0.0020 0.9980
567      567   (5)      7  : 0.0030 0.9970
568      568  (10)      7  : 0.0020 0.9980
569      569  (10)      7  : 0.0020 0.9980
570      570  (10)      7  : 0.0090 0.9910
571      571  (10)      7  : 0.0236 0.9764
572      572   (5)      7  : 0.0020 0.9980
573      573  (10)      7  : 0.0040 0.9960
574      574   (0)      7  : 0.0010 0.9990
575      575   (5)      7  : 0.0020 0.9980
576      576   (0)      7  : 0.0010 0.9990
577      577   (0)      7  : 0.0010 0.9990
578      578   (0)      7  : 0.0020 0.9980
579      579   (0)      7  : 0.0050 0.9950
580      580   (0)      7  : 0.0020 0.9980
581      581   (0)      7  : 0.0210 0.9790
582      582   (0)      7  : 0.0030 0.9970
583      583  (10)      7  : 0.0020 0.9980
584      584  (10)      7  : 0.2190 0.7810
585      585   (0)      7  : 0.0212 0.9788
586      586   (5)      7  : 0.0718 0.9282
587      587   (0)      7  : 0.0030 0.9970
588      588   (5)      7  : 0.0122 0.9878
589      589   (5)      7  : 0.0020 0.9980
590      590   (5)      7  : 0.0020 0.9980
591      591  (10)      7  : 0.0020 0.9980
592      592   (0)      7  : 0.0020 0.9980
593      593   (0)      7  : 0.0020 0.9980
594      594   (0)      7  : 0.1472 0.8528
595      595   (0)      7  : 0.0020 0.9980
596      596   (0)      7  : 0.0030 0.9970
597      597   (0)      7  : 0.0020 0.9980
598      598   (0)      7  : 0.0020 0.9980
599      599   (0)      7  : 0.0030 0.9970
600      600   (0)      7  : 0.0020 0.9980
601      601   (0)      7  : 0.0030 0.9970
602      602   (0)      7  : 0.0024 0.9976
603      603   (0)      7  : 0.0194 0.9806
604      604   (0)      7  : 0.0078 0.9922
605      605   (0)      7  : 0.0040 0.9960
606      606   (0)      7  : 0.0020 0.9980
607      607   (0)      7  : 0.0100 0.9900
608      608   (0)      7  : 0.0020 0.9980
609      609   (5)      7  : 0.0040 0.9960
610      610   (0)      7  : 0.0020 0.9980
611      611   (5)      7  : 0.3824 0.6176
612      612   (0)      7  : 0.0020 0.9980
613      613   (0)      7  : 0.0852 0.9148
614      614   (0)      7  : 0.0032 0.9968
615      615   (0)      7  : 0.0050 0.9950
616      616   (0)      7  : 0.0020 0.9980
617      617   (0)      7  : 0.0020 0.9980
618      618   (0)      7  : 0.0166 0.9834
619      619   (0)      7  : 0.0020 0.9980
620      620   (0)      7  : 0.0030 0.9970
621      621   (0)      7  : 0.0020 0.9980
622      622   (0)      7  : 0.1330 0.8670
623      623   (0)      7  : 0.0020 0.9980
624      624   (0)      7  : 0.0040 0.9960
625      625   (5)      7  : 0.0020 0.9980
626      626   (0)      7  : 0.0060 0.9940
627      627   (0)      7  : 0.0030 0.9970
628      628   (0)      7  : 0.0040 0.9960
629      629  (10)      7  : 0.0020 0.9980
630      630   (0)      7  : 0.0020 0.9980
631      631   (0)      7  : 0.0020 0.9980
632      632   (0)      7  : 0.0020 0.9980
633      633  (10)      7  : 0.0040 0.9960
634      634   (5)      7  : 0.0020 0.9980
635      635   (0)      7  : 0.0020 0.9980
636      636   (5)      7  : 0.0020 0.9980
637      637   (5)      7  : 0.0010 0.9990
638      638  (10)      7  : 0.0030 0.9970
639      639   (0)      7  : 0.0020 0.9980
640      640   (5)      7  : 0.0040 0.9960
641      641  (10)      7  : 0.0020 0.9980
642      642   (0)      7  : 0.0040 0.9960
643      643   (0)      7  : 0.0190 0.9810
644      644   (0)      7  : 0.0020 0.9980
645      645   (0)      7  : 0.0030 0.9970
646      646   (0)      7  : 0.0020 0.9980
647      647   (0)      7  : 0.0030 0.9970
648      648   (0)      7  : 0.0020 0.9980
649      649   (0)      7  : 0.0020 0.9980
650      650   (0)      7  : 0.0010 0.9990
651      651   (5)      7  : 0.0040 0.9960
652      652   (0)      7  : 0.0010 0.9990
653      653   (0)      7  : 0.0020 0.9980
654      654   (0)      7  : 0.0020 0.9980
655      655   (5)      7  : 0.0040 0.9960
656      656   (0)      7  : 0.0030 0.9970
657      657   (0)      7  : 0.0060 0.9940
658      658   (0)      7  : 0.0020 0.9980
659      659   (0)      7  : 0.0020 0.9980
660      660   (0)      7  : 0.0020 0.9980
661      661   (0)      7  : 0.0030 0.9970
662      662   (0)      7  : 0.0070 0.9930
663      663   (0)      7  : 0.0020 0.9980
664      664   (0)      7  : 0.0020 0.9980
665      665   (0)      7  : 0.0040 0.9960
666      666   (0)      7  : 0.0020 0.9980
667      667   (0)      7  : 0.0010 0.9990
668      668   (0)      7  : 0.0020 0.9980
669      669   (0)      7  : 0.0010 0.9990
670      670   (0)      7  : 0.0010 0.9990
671      671   (0)      7  : 0.0020 0.9980
672      672   (0)      7  : 0.0020 0.9980
673      673   (0)      7  : 0.0040 0.9960
674      674   (0)      7  : 0.0020 0.9980
675      675   (0)      7  : 0.0020 0.9980
676      676  (10)      7  : 0.0040 0.9960
677      677   (5)      7  : 0.0020 0.9980
678      678  (10)      7  : 0.0020 0.9980
679      679   (5)      7  : 0.0766 0.9234
680      680  (10)      7  : 0.0020 0.9980
681      681  (10)      7  : 0.0020 0.9980
682      682   (0)      7  : 0.0040 0.9960
683      683   (5)      7  : 0.0030 0.9970
684      684   (5)      7  : 0.0230 0.9770
685      685  (10)      7  : 0.0030 0.9970
686      686   (0)      7  : 0.0020 0.9980
687      687   (0)      7  : 0.0030 0.9970
688      688   (0)      7  : 0.0020 0.9980
689      689   (0)      7  : 0.0020 0.9980
690      690   (0)      7  : 0.0270 0.9730
691      691   (0)      7  : 0.1282 0.8718
692      692   (0)      7  : 0.0854 0.9146
693      693   (0)      7  : 0.0020 0.9980
694      694   (0)      7  : 0.0016 0.9984
695      695   (5)      7  : 0.2042 0.7958
696      696   (0)      7  : 0.1760 0.8240
697      697   (0)      7  : 0.0020 0.9980
698      698  (10)      7  : 0.0080 0.9920
699      699   (5)      7  : 0.0030 0.9970
700      700   (0)      7  : 0.0010 0.9990
701      701   (5)      7  : 0.0790 0.9210
702      702   (5)      7  : 0.0030 0.9970
703      703   (0)      7  : 0.0020 0.9980
704      704   (0)      7  : 0.0122 0.9878
705      705   (0)      7  : 0.0030 0.9970
706      706   (0)      7  : 0.0290 0.9710
707      707   (0)      7  : 0.0020 0.9980
708      708   (0)      7  : 0.0050 0.9950
709      709   (0)      7  : 0.0012 0.9988
710      710   (0)      7  : 0.0010 0.9990
711      711   (0)      7  : 0.0010 0.9990
712      712   (0)      7  : 0.0020 0.9980
713      713   (0)      7  : 0.0060 0.9940
714      714   (0)      7  : 0.0020 0.9980
715      715   (0)      7  : 0.0020 0.9980
716      716   (0)      7  : 0.0020 0.9980
717      717   (0)      7  : 0.0020 0.9980
718      718   (0)      7  : 0.0032 0.9968
719      719   (0)      7  : 0.0020 0.9980
720      720   (0)      7  : 0.0020 0.9980
721      721   (0)      7  : 0.0020 0.9980
722      722   (0)      7  : 0.0010 0.9990
723      723   (0)      7  : 0.0010 0.9990
724      724   (0)      7  : 0.0020 0.9980
725      725   (0)      7  : 0.0010 0.9990
726      726   (0)      7  : 0.0080 0.9920
727      727   (0)      7  : 0.0080 0.9920
728      728   (0)      7  : 0.0014 0.9986
729      729   (0)      7  : 0.0120 0.9880
730      730   (0)      7  : 0.0020 0.9980
731      731   (0)      7  : 0.0020 0.9980
732      732   (0)      7  : 0.0020 0.9980
733      733   (0)      7  : 0.0030 0.9970
734      734   (0)      7  : 0.0070 0.9930
735      735   (0)      7  : 0.0020 0.9980
736      736   (0)      7  : 0.0030 0.9970
737      737   (0)      7  : 0.0020 0.9980
738      738   (0)      7  : 0.0070 0.9930
739      739   (0)      7  : 0.0020 0.9980
740      740   (0)      7  : 0.0020 0.9980
741      741   (0)      7  : 0.0020 0.9980
742      742   (0)      7  : 0.0020 0.9980
743      743   (0)      7  : 0.0020 0.9980
744      744   (0)      7  : 0.0020 0.9980
745      745   (0)      7  : 0.0018 0.9982
