Wed Jun 24 17:50:06 2026: Job 1782294599 started running.
Wed Jun 24 17:50:06 2026: Job Parameters:
Wed Jun 24 17:50:06 2026: Input file: 1782294599.zip
Wed Jun 24 17:50:06 2026: Input type: STRUCTURE
Wed Jun 24 17:50:06 2026: Labels file: 1782294599.lab
Wed Jun 24 17:50:06 2026: CLUMPP repeats: 2000
Wed Jun 24 17:50:06 2026: CLUMPP search method: LargeKGreedy 
Wed Jun 24 17:50:06 2026: MCL cluster size threshold: 0.1 (default)
Wed Jun 24 17:50:06 2026: Extracting file: "1782294599.zip".
Wed Jun 24 17:50:06 2026: Sorting input files by K
Wed Jun 24 17:50:07 2026: Working on K=4
Wed Jun 24 17:50:07 2026: Executing CLUMPP for K=4.
Wed Jun 24 17:50:21 2026: Clustering K=4 with mcl.
Wed Jun 24 17:50:21 2026: cutoff used: 0.62
Wed Jun 24 17:50:21 2026: Executing CLUMPP for major cluster.
Wed Jun 24 17:50:35 2026: Calculating major cluster LnProb mean and standard deviation.
Wed Jun 24 17:50:35 2026: LnProb mean: -145003.82
Wed Jun 24 17:50:35 2026: LnProb standard deviation: 257.585892470844
Wed Jun 24 17:50:35 2026: Working on K=5
Wed Jun 24 17:50:36 2026: Executing CLUMPP for K=5.
Wed Jun 24 17:50:57 2026: Clustering K=5 with mcl.
Wed Jun 24 17:50:57 2026: cutoff used: 0.61
Wed Jun 24 17:50:57 2026: Executing CLUMPP for major cluster.
Wed Jun 24 17:51:18 2026: Calculating major cluster LnProb mean and standard deviation.
Wed Jun 24 17:51:18 2026: LnProb mean: -139860.38
Wed Jun 24 17:51:18 2026: LnProb standard deviation: 361.584252975711
Wed Jun 24 17:51:18 2026: Working on K=6
Wed Jun 24 17:51:18 2026: Executing CLUMPP for K=6.
Wed Jun 24 17:51:47 2026: Clustering K=6 with mcl.
Wed Jun 24 17:51:47 2026: no cutoff was used
Wed Jun 24 17:51:47 2026: Executing CLUMPP for major cluster.
Wed Jun 24 17:52:17 2026: Calculating major cluster LnProb mean and standard deviation.
Wed Jun 24 17:52:17 2026: LnProb mean: -136346.34
Wed Jun 24 17:52:17 2026: LnProb standard deviation: 0.753657747257289
Wed Jun 24 17:52:17 2026: Working on K=7
Wed Jun 24 17:52:18 2026: Executing CLUMPP for K=7.
Wed Jun 24 17:52:56 2026: Clustering K=7 with mcl.
Wed Jun 24 17:52:56 2026: cutoff used: 0.61
Wed Jun 24 17:52:56 2026: Executing CLUMPP for major cluster.
Wed Jun 24 17:53:35 2026: Calculating major cluster LnProb mean and standard deviation.
Wed Jun 24 17:53:35 2026: LnProb mean: -135451.06
Wed Jun 24 17:53:35 2026: LnProb standard deviation: 37.8356049244702
Wed Jun 24 17:53:35 2026: Ordering clusters by size for K=4
Wed Jun 24 17:53:35 2026: Calling distruct for K=4.MajorCluster
Wed Jun 24 17:53:36 2026: Calculating best Average Distance between K=4 and K=5..
Wed Jun 24 17:53:40 2026: Calling distruct for K=5.MajorCluster
Wed Jun 24 17:53:42 2026: Calculating best Average Distance between K=5 and K=6..
Wed Jun 24 17:54:12 2026: Calling distruct for K=6.MajorCluster
Wed Jun 24 17:54:14 2026: Calculating best Average Distance between K=6 and K=7..
Wed Jun 24 17:58:28 2026: Calling distruct for K=7.MajorCluster
Wed Jun 24 17:58:29 2026: Creating job summary PDF
Wed Jun 24 17:58:29 2026: Creating job summary PDF for K=4
Wed Jun 24 17:58:29 2026: Creating job summary PDF for K=5
Wed Jun 24 17:58:29 2026: Creating job summary PDF for K=6
Wed Jun 24 17:58:29 2026: Creating job summary PDF for K=7
Wed Jun 24 17:58:29 2026: Creating job zip file
