1        1   (5)      1  : 0.9850 0.0150
2        2   (5)      1  : 0.9658 0.0342
3        3   (5)      1  : 0.9900 0.0100
4        4   (0)      1  : 0.9930 0.0070
5        5   (0)      1  : 0.9690 0.0310
6        6   (0)      1  : 0.9860 0.0140
7        7   (0)      1  : 0.8850 0.1150
8        8   (5)      1  : 0.9910 0.0090
9        9   (0)      1  : 0.9920 0.0080
10       10   (0)      1  : 0.9560 0.0440
11       11   (0)      1  : 0.9800 0.0200
12       12   (0)      1  : 0.9800 0.0200
13       13   (0)      1  : 0.9900 0.0100
14       14   (0)      1  : 0.9850 0.0150
15       15   (0)      1  : 0.9862 0.0138
16       16   (0)      1  : 0.9930 0.0070
17       17   (0)      1  : 0.9918 0.0082
18       18   (0)      1  : 0.9820 0.0180
19       19   (0)      1  : 0.9920 0.0080
20       20   (0)      1  : 0.9522 0.0478
21       21   (0)      1  : 0.9910 0.0090
22       22   (0)      1  : 0.9930 0.0070
23       23   (0)      1  : 0.9930 0.0070
24       24   (0)      1  : 0.9910 0.0090
25       25   (0)      1  : 0.9562 0.0438
26       26   (0)      1  : 0.9900 0.0100
27       27   (5)      1  : 0.9630 0.0370
28       28   (0)      1  : 0.9870 0.0130
29       29   (0)      1  : 0.9914 0.0086
30       30   (0)      1  : 0.9420 0.0580
31       31   (0)      1  : 0.9910 0.0090
32       32   (0)      1  : 0.9870 0.0130
33       33   (0)      1  : 0.9932 0.0068
34       34   (0)      1  : 0.9930 0.0070
35       35   (0)      1  : 0.9760 0.0240
36       36   (0)      1  : 0.9760 0.0240
37       37   (0)      1  : 0.9802 0.0198
38       38   (0)      1  : 0.9870 0.0130
39       39   (0)      1  : 0.9690 0.0310
40       40   (0)      1  : 0.9880 0.0120
41       41   (0)      1  : 0.9870 0.0130
42       42   (0)      1  : 0.9940 0.0060
43       43   (0)      1  : 0.9880 0.0120
44       44   (0)      1  : 0.9920 0.0080
45       45   (5)      1  : 0.9770 0.0230
46       46   (0)      1  : 0.9920 0.0080
47       47   (0)      1  : 0.9770 0.0230
48       48   (0)      1  : 0.9820 0.0180
49       49   (0)      1  : 0.9850 0.0150
50       50   (0)      1  : 0.9860 0.0140
51       51   (0)      1  : 0.9822 0.0178
52       52   (0)      1  : 0.9570 0.0430
53       53   (0)      1  : 0.9880 0.0120
54       54   (0)      1  : 0.9844 0.0156
55       55   (0)      1  : 0.9850 0.0150
56       56   (0)      1  : 0.9910 0.0090
57       57  (10)      1  : 0.9900 0.0100
58       58   (5)      1  : 0.9820 0.0180
59       59   (0)      1  : 0.9880 0.0120
60       60   (0)      1  : 0.9890 0.0110
61       61   (0)      1  : 0.9850 0.0150
62       62   (0)      1  : 0.9810 0.0190
63       63   (0)      1  : 0.9818 0.0182
64       64   (0)      1  : 0.9866 0.0134
65       65   (0)      1  : 0.9650 0.0350
66       66   (0)      1  : 0.9910 0.0090
67       67   (5)      1  : 0.9850 0.0150
68       68   (0)      1  : 0.9780 0.0220
69       69   (0)      1  : 0.9760 0.0240
70       70   (0)      1  : 0.9860 0.0140
71       71   (5)      1  : 0.9830 0.0170
72       72   (0)      1  : 0.9820 0.0180
73       73   (5)      1  : 0.9880 0.0120
74       74  (10)      1  : 0.9810 0.0190
75       75  (10)      1  : 0.9880 0.0120
76       76   (0)      1  : 0.9910 0.0090
77       77  (10)      1  : 0.9880 0.0120
78       78   (0)      1  : 0.9870 0.0130
79       79   (5)      1  : 0.9852 0.0148
80       80   (0)      1  : 0.9910 0.0090
81       81   (0)      1  : 0.9910 0.0090
82       82   (0)      1  : 0.9920 0.0080
83       83   (0)      1  : 0.9890 0.0110
84       84   (0)      1  : 0.9750 0.0250
85       85   (0)      1  : 0.9920 0.0080
86       86   (5)      1  : 0.9890 0.0110
87       87   (0)      1  : 0.9900 0.0100
88       88   (0)      1  : 0.9660 0.0340
89       89   (0)      1  : 0.9870 0.0130
90       90   (0)      1  : 0.9820 0.0180
91       91   (0)      1  : 0.9850 0.0150
92       92   (0)      1  : 0.9810 0.0190
93       93   (0)      1  : 0.9910 0.0090
94       94   (5)      1  : 0.9890 0.0110
95       95   (0)      1  : 0.9890 0.0110
96       96   (5)      1  : 0.9904 0.0096
97       97   (0)      1  : 0.9814 0.0186
98       98   (0)      1  : 0.9860 0.0140
99       99   (5)      1  : 0.9890 0.0110
100      100   (5)      1  : 0.9920 0.0080
101      101   (0)      2  : 0.9920 0.0080
102      102   (0)      2  : 0.9910 0.0090
103      103   (0)      2  : 0.9726 0.0274
104      104   (0)      2  : 0.9910 0.0090
105      105   (0)      2  : 0.9880 0.0120
106      106   (0)      2  : 0.9582 0.0418
107      107   (0)      2  : 0.9870 0.0130
108      108   (0)      2  : 0.9680 0.0320
109      109   (0)      2  : 0.9850 0.0150
110      110   (0)      2  : 0.9940 0.0060
111      111   (0)      2  : 0.9810 0.0190
112      112   (0)      2  : 0.9890 0.0110
113      113   (0)      2  : 0.9940 0.0060
114      114   (0)      2  : 0.9920 0.0080
115      115   (0)      2  : 0.9860 0.0140
116      116   (0)      2  : 0.9910 0.0090
117      117   (0)      2  : 0.9910 0.0090
118      118   (0)      2  : 0.9930 0.0070
119      119   (0)      2  : 0.9740 0.0260
120      120   (0)      2  : 0.9890 0.0110
121      121   (0)      2  : 0.9890 0.0110
122      122   (0)      2  : 0.9742 0.0258
123      123   (0)      2  : 0.9920 0.0080
124      124   (0)      2  : 0.9900 0.0100
125      125   (0)      2  : 0.9842 0.0158
126      126   (0)      2  : 0.9340 0.0660
127      127   (0)      2  : 0.9880 0.0120
128      128   (0)      2  : 0.9900 0.0100
129      129   (0)      2  : 0.9880 0.0120
130      130   (0)      2  : 0.9900 0.0100
131      131   (0)      2  : 0.9740 0.0260
132      132   (0)      2  : 0.9730 0.0270
133      133   (0)      2  : 0.9900 0.0100
134      134   (0)      2  : 0.9850 0.0150
135      135   (0)      2  : 0.9890 0.0110
136      136   (0)      2  : 0.9900 0.0100
137      137   (0)      2  : 0.9840 0.0160
138      138   (0)      2  : 0.9870 0.0130
139      139   (0)      2  : 0.9900 0.0100
140      140   (0)      2  : 0.9920 0.0080
141      141   (0)      2  : 0.9750 0.0250
142      142   (0)      2  : 0.9810 0.0190
143      143   (0)      2  : 0.9862 0.0138
144      144   (0)      2  : 0.9900 0.0100
145      145   (0)      2  : 0.9910 0.0090
146      146   (0)      2  : 0.9848 0.0152
147      147   (0)      2  : 0.9850 0.0150
148      148   (0)      2  : 0.9870 0.0130
149      149   (0)      2  : 0.9940 0.0060
150      150   (0)      2  : 0.9880 0.0120
151      151   (0)      2  : 0.9920 0.0080
152      152   (0)      2  : 0.9840 0.0160
153      153   (0)      2  : 0.9920 0.0080
154      154   (0)      2  : 0.9900 0.0100
155      155   (0)      2  : 0.9900 0.0100
156      156   (0)      2  : 0.9830 0.0170
157      157   (0)      2  : 0.9880 0.0120
158      158   (0)      2  : 0.9840 0.0160
159      159   (0)      2  : 0.9812 0.0188
160      160   (0)      2  : 0.9830 0.0170
161      161   (0)      2  : 0.9866 0.0134
162      162   (0)      2  : 0.9870 0.0130
163      163   (0)      2  : 0.9900 0.0100
164      164   (0)      2  : 0.9920 0.0080
165      165   (0)      2  : 0.9940 0.0060
166      166   (0)      2  : 0.9740 0.0260
167      167   (0)      2  : 0.9910 0.0090
168      168   (0)      2  : 0.9774 0.0226
169      169   (0)      2  : 0.9790 0.0210
170      170   (0)      2  : 0.9850 0.0150
171      171   (0)      2  : 0.9730 0.0270
172      172   (0)      2  : 0.9870 0.0130
173      173   (0)      2  : 0.9840 0.0160
174      174   (0)      2  : 0.9930 0.0070
175      175   (0)      2  : 0.9910 0.0090
176      176   (0)      2  : 0.9682 0.0318
177      177   (0)      2  : 0.9910 0.0090
178      178   (0)      2  : 0.9890 0.0110
179      179   (0)      2  : 0.9910 0.0090
180      180   (0)      2  : 0.9940 0.0060
181      181   (0)      2  : 0.9410 0.0590
182      182   (0)      2  : 0.9910 0.0090
183      183   (0)      2  : 0.9910 0.0090
184      184   (0)      2  : 0.9048 0.0952
185      185   (0)      2  : 0.9920 0.0080
186      186   (0)      2  : 0.9806 0.0194
187      187   (0)      2  : 0.9788 0.0212
188      188   (0)      2  : 0.9890 0.0110
189      189   (0)      2  : 0.9860 0.0140
190      190   (0)      2  : 0.9740 0.0260
191      191   (0)      2  : 0.8980 0.1020
192      192   (0)      2  : 0.9860 0.0140
193      193   (0)      2  : 0.9760 0.0240
194      194   (0)      2  : 0.9920 0.0080
195      195   (0)      2  : 0.9930 0.0070
196      196   (0)      2  : 0.9720 0.0280
197      197   (0)      2  : 0.9610 0.0390
198      198   (0)      2  : 0.9830 0.0170
199      199   (0)      2  : 0.9850 0.0150
200      200   (0)      2  : 0.9730 0.0270
201      201   (0)      2  : 0.9650 0.0350
202      202   (0)      2  : 0.9890 0.0110
203      203   (0)      2  : 0.9860 0.0140
204      204   (0)      2  : 0.9830 0.0170
205      205   (0)      2  : 0.9890 0.0110
206      206   (0)      2  : 0.9900 0.0100
207      207   (0)      2  : 0.9890 0.0110
208      208   (0)      2  : 0.9910 0.0090
209      209   (0)      2  : 0.9910 0.0090
210      210   (0)      2  : 0.9870 0.0130
211      211   (0)      2  : 0.9880 0.0120
212      212   (0)      2  : 0.9840 0.0160
213      213   (0)      2  : 0.9730 0.0270
214      214   (0)      2  : 0.9872 0.0128
215      215   (0)      2  : 0.9680 0.0320
216      216   (0)      2  : 0.9830 0.0170
217      217   (0)      2  : 0.9114 0.0886
218      218   (0)      2  : 0.9880 0.0120
219      219   (0)      2  : 0.9720 0.0280
220      220   (0)      2  : 0.9910 0.0090
221      221   (0)      2  : 0.9880 0.0120
222      222   (0)      2  : 0.9700 0.0300
223      223   (0)      2  : 0.9910 0.0090
224      224   (0)      2  : 0.9910 0.0090
225      225   (0)      2  : 0.9900 0.0100
226      226   (0)      2  : 0.9620 0.0380
227      227   (0)      2  : 0.9880 0.0120
228      228   (0)      2  : 0.9910 0.0090
229      229   (0)      2  : 0.9870 0.0130
230      230   (0)      2  : 0.9904 0.0096
231      231   (0)      2  : 0.9880 0.0120
232      232   (0)      2  : 0.9760 0.0240
233      233   (0)      2  : 0.9900 0.0100
234      234   (0)      2  : 0.9930 0.0070
235      235   (0)      2  : 0.9920 0.0080
236      236   (0)      2  : 0.9930 0.0070
237      237   (0)      2  : 0.9890 0.0110
238      238   (0)      2  : 0.9860 0.0140
239      239   (0)      2  : 0.9920 0.0080
240      240   (0)      2  : 0.9920 0.0080
241      241   (0)      2  : 0.9820 0.0180
242      242   (0)      2  : 0.9910 0.0090
243      243   (0)      2  : 0.9900 0.0100
244      244   (0)      2  : 0.9466 0.0534
245      245   (0)      2  : 0.9624 0.0376
246      246   (0)      2  : 0.9910 0.0090
247      247   (0)      2  : 0.9800 0.0200
248      248   (0)      2  : 0.9630 0.0370
249      249   (0)      2  : 0.9900 0.0100
250      250   (0)      2  : 0.8870 0.1130
251      251   (0)      2  : 0.9920 0.0080
252      252   (0)      2  : 0.9840 0.0160
253      253   (0)      2  : 0.9888 0.0112
254      254   (0)      2  : 0.9890 0.0110
255      255   (0)      2  : 0.9890 0.0110
256      256   (0)      2  : 0.9890 0.0110
257      257   (0)      2  : 0.9810 0.0190
258      258   (0)      2  : 0.9620 0.0380
259      259   (0)      2  : 0.9930 0.0070
260      260   (0)      2  : 0.9630 0.0370
261      261   (0)      2  : 0.9870 0.0130
262      262   (0)      2  : 0.9900 0.0100
263      263   (0)      2  : 0.9890 0.0110
264      264   (0)      2  : 0.9660 0.0340
265      265   (0)      2  : 0.9860 0.0140
266      266   (0)      2  : 0.9940 0.0060
267      267   (0)      2  : 0.9690 0.0310
268      268   (0)      2  : 0.9940 0.0060
269      269   (0)      2  : 0.9920 0.0080
270      270   (0)      2  : 0.9810 0.0190
271      271   (0)      2  : 0.9920 0.0080
272      272   (0)      2  : 0.9914 0.0086
273      273   (0)      2  : 0.9870 0.0130
274      274   (0)      2  : 0.9840 0.0160
275      275   (0)      2  : 0.9820 0.0180
276      276   (0)      2  : 0.9910 0.0090
277      277   (0)      2  : 0.9700 0.0300
278      278   (0)      2  : 0.9820 0.0180
279      279   (0)      2  : 0.9900 0.0100
280      280   (0)      2  : 0.9910 0.0090
281      281   (0)      2  : 0.9910 0.0090
282      282   (0)      2  : 0.9850 0.0150
283      283   (0)      2  : 0.9910 0.0090
284      284   (0)      2  : 0.9940 0.0060
285      285   (0)      2  : 0.9930 0.0070
286      286   (0)      2  : 0.9910 0.0090
287      287   (0)      2  : 0.9910 0.0090
288      288   (0)      2  : 0.9880 0.0120
289      289   (0)      2  : 0.9860 0.0140
290      290   (0)      2  : 0.9920 0.0080
291      291   (0)      2  : 0.9880 0.0120
292      292   (0)      2  : 0.9888 0.0112
293      293   (0)      2  : 0.9490 0.0510
294      294   (0)      2  : 0.9900 0.0100
295      295   (0)      2  : 0.9910 0.0090
296      296   (0)      2  : 0.9930 0.0070
297      297   (0)      2  : 0.9920 0.0080
298      298   (0)      2  : 0.9880 0.0120
299      299   (0)      2  : 0.9820 0.0180
300      300   (0)      2  : 0.9790 0.0210
301      301   (0)      2  : 0.9730 0.0270
302      302   (0)      2  : 0.9914 0.0086
303      303   (0)      2  : 0.9870 0.0130
304      304   (0)      2  : 0.9704 0.0296
305      305   (0)      2  : 0.9860 0.0140
306      306   (0)      2  : 0.9834 0.0166
307      307   (0)      2  : 0.9890 0.0110
308      308   (0)      2  : 0.9898 0.0102
309      309   (0)      2  : 0.9780 0.0220
310      310   (0)      2  : 0.9930 0.0070
311      311   (0)      2  : 0.9840 0.0160
312      312   (0)      2  : 0.9880 0.0120
313      313   (0)      2  : 0.9880 0.0120
314      314   (0)      2  : 0.9742 0.0258
315      315   (0)      2  : 0.9780 0.0220
316      316   (0)      2  : 0.9820 0.0180
317      317   (0)      2  : 0.9830 0.0170
318      318   (0)      2  : 0.9920 0.0080
319      319   (0)      2  : 0.9930 0.0070
320      320   (0)      2  : 0.9910 0.0090
321      321   (0)      2  : 0.9910 0.0090
322      322   (0)      2  : 0.9920 0.0080
323      323   (0)      2  : 0.9910 0.0090
324      324   (0)      2  : 0.9910 0.0090
325      325   (0)      2  : 0.9530 0.0470
326      326   (0)      2  : 0.9860 0.0140
327      327   (0)      2  : 0.9640 0.0360
328      328   (0)      2  : 0.9870 0.0130
329      329   (0)      2  : 0.9810 0.0190
330      330   (0)      2  : 0.9840 0.0160
331      331   (0)      2  : 0.9920 0.0080
332      332   (0)      2  : 0.9924 0.0076
333      333   (0)      2  : 0.9910 0.0090
334      334   (0)      2  : 0.9816 0.0184
335      335   (0)      2  : 0.9940 0.0060
336      336   (0)      2  : 0.9812 0.0188
337      337   (0)      2  : 0.9260 0.0740
338      338   (0)      2  : 0.9068 0.0932
339      339   (0)      2  : 0.9880 0.0120
340      340   (0)      2  : 0.9870 0.0130
341      341   (0)      2  : 0.9910 0.0090
342      342   (0)      2  : 0.9920 0.0080
343      343   (0)      2  : 0.9930 0.0070
344      344   (0)      2  : 0.9930 0.0070
345      345   (0)      2  : 0.9940 0.0060
346      346   (0)      2  : 0.9900 0.0100
347      347   (0)      2  : 0.9910 0.0090
348      348   (0)      2  : 0.9920 0.0080
349      349   (0)      2  : 0.9520 0.0480
350      350   (0)      2  : 0.9850 0.0150
351      351   (0)      2  : 0.9790 0.0210
352      352   (0)      2  : 0.9920 0.0080
353      353   (0)      2  : 0.9920 0.0080
354      354   (0)      2  : 0.9910 0.0090
355      355   (0)      2  : 0.9890 0.0110
356      356   (0)      2  : 0.9900 0.0100
357      357   (0)      2  : 0.9800 0.0200
358      358   (0)      2  : 0.9910 0.0090
359      359   (0)      2  : 0.9380 0.0620
360      360   (0)      2  : 0.9820 0.0180
361      361   (0)      2  : 0.9900 0.0100
362      362   (0)      2  : 0.9910 0.0090
363      363   (0)      2  : 0.9740 0.0260
364      364   (0)      2  : 0.9800 0.0200
365      365   (0)      2  : 0.9910 0.0090
366      366   (0)      2  : 0.9870 0.0130
367      367   (0)      2  : 0.9844 0.0156
368      368   (0)      2  : 0.9910 0.0090
369      369   (0)      2  : 0.9860 0.0140
370      370   (0)      2  : 0.8590 0.1410
371      371   (0)      2  : 0.9930 0.0070
372      372   (0)      2  : 0.9930 0.0070
373      373   (0)      2  : 0.9900 0.0100
374      374   (0)      2  : 0.9910 0.0090
375      375   (0)      2  : 0.9850 0.0150
376      376   (0)      2  : 0.9740 0.0260
377      377   (0)      2  : 0.9900 0.0100
378      378   (0)      2  : 0.9512 0.0488
379      379   (0)      2  : 0.9852 0.0148
380      380   (0)      2  : 0.9930 0.0070
381      381   (0)      2  : 0.9900 0.0100
382      382   (0)      2  : 0.9660 0.0340
383      383   (0)      2  : 0.9940 0.0060
384      384   (0)      2  : 0.9820 0.0180
385      385   (0)      2  : 0.9910 0.0090
386      386   (0)      2  : 0.9880 0.0120
387      387   (0)      2  : 0.9900 0.0100
388      388   (0)      2  : 0.9810 0.0190
389      389   (0)      2  : 0.9920 0.0080
390      390   (0)      2  : 0.9830 0.0170
391      391   (0)      2  : 0.9850 0.0150
392      392   (0)      2  : 0.9900 0.0100
393      393   (0)      2  : 0.9910 0.0090
394      394   (0)      2  : 0.9870 0.0130
395      395   (0)      2  : 0.9850 0.0150
396      396   (0)      2  : 0.9878 0.0122
397      397   (0)      2  : 0.9930 0.0070
398      398   (0)      2  : 0.9920 0.0080
399      399   (0)      2  : 0.9850 0.0150
400      400   (0)      2  : 0.9930 0.0070
401      401   (0)      2  : 0.9880 0.0120
402      402   (0)      2  : 0.9880 0.0120
403      403   (0)      2  : 0.9920 0.0080
404      404   (0)      2  : 0.9850 0.0150
405      405   (0)      2  : 0.9680 0.0320
406      406   (0)      2  : 0.9920 0.0080
407      407   (0)      2  : 0.9950 0.0050
408      408   (0)      2  : 0.9910 0.0090
409      409   (0)      2  : 0.9240 0.0760
410      410   (0)      2  : 0.9920 0.0080
411      411   (0)      2  : 0.9850 0.0150
412      412   (0)      2  : 0.9860 0.0140
413      413   (0)      2  : 0.9900 0.0100
414      414   (0)      2  : 0.9830 0.0170
415      415   (0)      2  : 0.9900 0.0100
416      416   (0)      2  : 0.9840 0.0160
417      417   (0)      2  : 0.9530 0.0470
418      418   (0)      2  : 0.9900 0.0100
419      419   (0)      2  : 0.9890 0.0110
420      420   (0)      2  : 0.9880 0.0120
421      421   (0)      2  : 0.9830 0.0170
422      422   (0)      2  : 0.9730 0.0270
423      423   (0)      2  : 0.9910 0.0090
424      424   (0)      2  : 0.9850 0.0150
425      425   (0)      2  : 0.9850 0.0150
426      426   (0)      2  : 0.9890 0.0110
427      427   (0)      2  : 0.9810 0.0190
428      428   (0)      2  : 0.9420 0.0580
429      429   (0)      2  : 0.9710 0.0290
430      430   (0)      2  : 0.9890 0.0110
431      431   (0)      2  : 0.9460 0.0540
432      432   (0)      2  : 0.9910 0.0090
433      433   (0)      2  : 0.9900 0.0100
434      434   (0)      2  : 0.9930 0.0070
435      435   (0)      2  : 0.9940 0.0060
436      436   (0)      2  : 0.9890 0.0110
437      437   (0)      2  : 0.9370 0.0630
438      438   (0)      2  : 0.9870 0.0130
439      439   (0)      2  : 0.9930 0.0070
440      440   (0)      2  : 0.9750 0.0250
441      441   (0)      2  : 0.9920 0.0080
442      442   (0)      2  : 0.9780 0.0220
443      443   (0)      2  : 0.9880 0.0120
444      444   (0)      2  : 0.9780 0.0220
445      445   (0)      2  : 0.9900 0.0100
446      446   (0)      2  : 0.9890 0.0110
447      447   (0)      2  : 0.9900 0.0100
448      448   (0)      2  : 0.9900 0.0100
449      449   (0)      2  : 0.9930 0.0070
450      450   (0)      2  : 0.9880 0.0120
451      451   (0)      2  : 0.9900 0.0100
452      452   (0)      2  : 0.9720 0.0280
453      453   (0)      2  : 0.9930 0.0070
454      454   (0)      2  : 0.9880 0.0120
455      455   (0)      2  : 0.9910 0.0090
456      456   (0)      2  : 0.9810 0.0190
457      457   (0)      2  : 0.9798 0.0202
458      458   (0)      2  : 0.9890 0.0110
459      459   (0)      2  : 0.9880 0.0120
460      460   (0)      2  : 0.9840 0.0160
461      461   (0)      2  : 0.9910 0.0090
462      462   (0)      2  : 0.9770 0.0230
463      463   (0)      2  : 0.9890 0.0110
464      464   (0)      2  : 0.9710 0.0290
465      465   (0)      2  : 0.9846 0.0154
466      466   (0)      2  : 0.9890 0.0110
467      467   (0)      2  : 0.9776 0.0224
468      468   (0)      2  : 0.9890 0.0110
469      469   (0)      2  : 0.9870 0.0130
470      470   (0)      2  : 0.9920 0.0080
471      471   (0)      2  : 0.9880 0.0120
472      472   (0)      2  : 0.9820 0.0180
473      473   (0)      2  : 0.9718 0.0282
474      474   (0)      2  : 0.9830 0.0170
475      475   (0)      2  : 0.9822 0.0178
476      476   (0)      2  : 0.9510 0.0490
477      477   (0)      2  : 0.9880 0.0120
478      478   (0)      2  : 0.9880 0.0120
479      479   (0)      2  : 0.9790 0.0210
480      480   (0)      2  : 0.9436 0.0564
481      481   (0)      2  : 0.9332 0.0668
482      482   (0)      2  : 0.9664 0.0336
483      483   (0)      2  : 0.9930 0.0070
484      484   (0)      2  : 0.9830 0.0170
485      485   (0)      2  : 0.9780 0.0220
486      486   (0)      2  : 0.9820 0.0180
487      487   (0)      2  : 0.9920 0.0080
488      488   (0)      2  : 0.9860 0.0140
489      489   (0)      2  : 0.9718 0.0282
490      490   (0)      2  : 0.9890 0.0110
491      491   (0)      2  : 0.9910 0.0090
492      492   (0)      2  : 0.9900 0.0100
493      493   (0)      2  : 0.9900 0.0100
494      494   (0)      2  : 0.9798 0.0202
495      495   (0)      2  : 0.9920 0.0080
496      496   (0)      2  : 0.9870 0.0130
497      497   (0)      2  : 0.9850 0.0150
498      498   (0)      2  : 0.9900 0.0100
499      499   (0)      2  : 0.9860 0.0140
500      500   (0)      2  : 0.9870 0.0130
501      501   (0)      3  : 0.9620 0.0380
502      502   (0)      3  : 0.9462 0.0538
503      503   (0)      3  : 0.9680 0.0320
504      504   (0)      3  : 0.6120 0.3880
505      505   (0)      3  : 0.9290 0.0710
506      506   (0)      3  : 0.8858 0.1142
507      507   (0)      3  : 0.8430 0.1570
508      508   (0)      3  : 0.8210 0.1790
509      509   (0)      3  : 0.7550 0.2450
510      510   (0)      3  : 0.8236 0.1764
511      511   (0)      3  : 0.8652 0.1348
512      512   (0)      3  : 0.8560 0.1440
513      513   (0)      3  : 0.7152 0.2848
514      514   (0)      3  : 0.8420 0.1580
515      515   (0)      3  : 0.9840 0.0160
516      516   (0)      3  : 0.9192 0.0808
517      517   (0)      3  : 0.8800 0.1200
518      518   (0)      3  : 0.9092 0.0908
519      519   (0)      3  : 0.9740 0.0260
520      520   (0)      3  : 0.9700 0.0300
521      521   (0)      3  : 0.9720 0.0280
522      522   (0)      3  : 0.9870 0.0130
523      523   (0)      3  : 0.8470 0.1530
524      524   (0)      3  : 0.8774 0.1226
525      525   (0)      3  : 0.8680 0.1320
526      526   (0)      3  : 0.9430 0.0570
527      527   (0)      3  : 0.8698 0.1302
528      528   (0)      3  : 0.9290 0.0710
529      529   (0)      3  : 0.9008 0.0992
530      530   (0)      3  : 0.8650 0.1350
531      531   (0)      3  : 0.9190 0.0810
532      532   (0)      3  : 0.9910 0.0090
533      533   (0)      3  : 0.9840 0.0160
534      534   (0)      3  : 0.9760 0.0240
535      535   (0)      3  : 0.9250 0.0750
536      536   (0)      3  : 0.8150 0.1850
537      537   (0)      3  : 0.9830 0.0170
538      538   (0)      3  : 0.9820 0.0180
539      539   (0)      3  : 0.9410 0.0590
540      540   (0)      3  : 0.9448 0.0552
541      541   (0)      3  : 0.7550 0.2450
542      542   (0)      3  : 0.7598 0.2402
543      543   (0)      3  : 0.7120 0.2880
544      544   (0)      3  : 0.8110 0.1890
545      545   (0)      3  : 0.9528 0.0472
546      546   (0)      3  : 0.8990 0.1010
547      547   (0)      3  : 0.9890 0.0110
548      548   (0)      3  : 0.8600 0.1400
549      549   (0)      3  : 0.9370 0.0630
550      550   (0)      3  : 0.9260 0.0740
551      551   (0)      3  : 0.9350 0.0650
552      552   (0)      3  : 0.8500 0.1500
553      553   (0)      3  : 0.9040 0.0960
554      554   (0)      3  : 0.9880 0.0120
555      555   (0)      3  : 0.7494 0.2506
556      556   (0)      3  : 0.8030 0.1970
557      557   (0)      3  : 0.9790 0.0210
558      558   (0)      3  : 0.9660 0.0340
559      559   (0)      3  : 0.9230 0.0770
560      560   (0)      3  : 0.9280 0.0720
561      561   (0)      3  : 0.9050 0.0950
562      562   (0)      3  : 0.9790 0.0210
563      563   (0)      3  : 0.8580 0.1420
564      564   (0)      3  : 0.9670 0.0330
565      565   (0)      3  : 0.9910 0.0090
566      566   (0)      3  : 0.8424 0.1576
567      567   (0)      3  : 0.9850 0.0150
568      568   (0)      3  : 0.9916 0.0084
569      569   (0)      3  : 0.9530 0.0470
570      570   (0)      3  : 0.9850 0.0150
571      571   (0)      3  : 0.8570 0.1430
572      572   (0)      3  : 0.7318 0.2682
573      573   (0)      3  : 0.8160 0.1840
574      574   (0)      3  : 0.9810 0.0190
575      575   (0)      3  : 0.8710 0.1290
576      576   (0)      3  : 0.8430 0.1570
577      577   (0)      3  : 0.6890 0.3110
578      578   (0)      3  : 0.9528 0.0472
579      579   (0)      3  : 0.9720 0.0280
580      580   (0)      3  : 0.9240 0.0760
581      581   (0)      3  : 0.8840 0.1160
582      582   (0)      3  : 0.8648 0.1352
583      583   (0)      3  : 0.9630 0.0370
584      584   (0)      3  : 0.9862 0.0138
585      585   (0)      3  : 0.7838 0.2162
586      586   (0)      3  : 0.8820 0.1180
587      587   (0)      3  : 0.9730 0.0270
588      588   (0)      3  : 0.9730 0.0270
589      589   (0)      3  : 0.9890 0.0110
590      590   (0)      3  : 0.9600 0.0400
591      591   (0)      3  : 0.9770 0.0230
592      592   (0)      3  : 0.8942 0.1058
593      593   (0)      3  : 0.8850 0.1150
594      594   (0)      3  : 0.8000 0.2000
595      595   (0)      3  : 0.7162 0.2838
596      596   (0)      3  : 0.9780 0.0220
597      597   (0)      3  : 0.9840 0.0160
598      598   (0)      3  : 0.9294 0.0706
599      599   (0)      3  : 0.9910 0.0090
600      600   (0)      3  : 0.7920 0.2080
601      601   (0)      4  : 0.6510 0.3490
602      602   (0)      4  : 0.7550 0.2450
603      603   (0)      4  : 0.7420 0.2580
604      604   (0)      4  : 0.8094 0.1906
605      605   (0)      4  : 0.8320 0.1680
606      606   (0)      4  : 0.9730 0.0270
607      607   (0)      4  : 0.6570 0.3430
608      608   (0)      4  : 0.6128 0.3872
609      609   (0)      4  : 0.8866 0.1134
610      610   (0)      4  : 0.6782 0.3218
611      611   (0)      4  : 0.7702 0.2298
612      612   (0)      4  : 0.7380 0.2620
613      613   (0)      4  : 0.6038 0.3962
614      614   (0)      4  : 0.7276 0.2724
615      615   (0)      4  : 0.8334 0.1666
616      616   (0)      4  : 0.9106 0.0894
617      617   (0)      4  : 0.7440 0.2560
618      618   (0)      4  : 0.7518 0.2482
619      619   (0)      4  : 0.8794 0.1206
620      620   (0)      4  : 0.8700 0.1300
621      621   (0)      4  : 0.7926 0.2074
622      622   (0)      4  : 0.8262 0.1738
623      623   (0)      4  : 0.5844 0.4156
624      624   (0)      4  : 0.6260 0.3740
625      625   (0)      4  : 0.8354 0.1646
626      626   (0)      4  : 0.8280 0.1720
627      627   (0)      4  : 0.8894 0.1106
628      628   (0)      4  : 0.5560 0.4440
629      629   (0)      4  : 0.7160 0.2840
630      630   (0)      4  : 0.8528 0.1472
631      631   (0)      4  : 0.6420 0.3580
632      632   (0)      4  : 0.8094 0.1906
633      633   (0)      4  : 0.8508 0.1492
634      634   (0)      4  : 0.6546 0.3454
635      635   (0)      4  : 0.8200 0.1800
636      636   (0)      4  : 0.5490 0.4510
637      637   (0)      4  : 0.8102 0.1898
638      638   (0)      4  : 0.5978 0.4022
639      639   (0)      4  : 0.9632 0.0368
640      640   (0)      4  : 0.8498 0.1502
641      641   (0)      4  : 0.9270 0.0730
642      642   (0)      4  : 0.9790 0.0210
643      643   (0)      4  : 0.7820 0.2180
644      644   (0)      4  : 0.6930 0.3070
645      645   (0)      4  : 0.8650 0.1350
646      646   (0)      4  : 0.7038 0.2962
647      647   (0)      4  : 0.7560 0.2440
648      648   (0)      4  : 0.7516 0.2484
649      649   (0)      4  : 0.7456 0.2544
650      650   (0)      4  : 0.8160 0.1840
651      651   (0)      4  : 0.8930 0.1070
652      652   (0)      4  : 0.7546 0.2454
653      653   (0)      4  : 0.6480 0.3520
654      654   (0)      4  : 0.4220 0.5780
655      655   (0)      4  : 0.7530 0.2470
656      656   (0)      4  : 0.7498 0.2502
657      657   (0)      4  : 0.6980 0.3020
658      658   (0)      4  : 0.8120 0.1880
659      659   (0)      4  : 0.7530 0.2470
660      660   (0)      4  : 0.8496 0.1504
661      661   (0)      4  : 0.8152 0.1848
662      662   (0)      4  : 0.7226 0.2774
663      663   (0)      4  : 0.6890 0.3110
664      664   (0)      4  : 0.6076 0.3924
665      665   (0)      4  : 0.7090 0.2910
666      666   (0)      4  : 0.8256 0.1744
667      667   (0)      4  : 0.6524 0.3476
668      668   (0)      4  : 0.6760 0.3240
669      669   (0)      4  : 0.7010 0.2990
670      670   (0)      4  : 0.8316 0.1684
671      671   (0)      4  : 0.6910 0.3090
672      672   (0)      4  : 0.7558 0.2442
673      673   (0)      4  : 0.8660 0.1340
674      674   (0)      4  : 0.7130 0.2870
675      675   (0)      4  : 0.8926 0.1074
676      676   (0)      4  : 0.7760 0.2240
677      677   (0)      4  : 0.7312 0.2688
678      678   (0)      4  : 0.8500 0.1500
679      679   (0)      4  : 0.6002 0.3998
680      680   (0)      4  : 0.6430 0.3570
681      681   (0)      4  : 0.8738 0.1262
682      682   (0)      4  : 0.6710 0.3290
683      683   (0)      4  : 0.6930 0.3070
684      684   (0)      4  : 0.8810 0.1190
685      685   (0)      4  : 0.8720 0.1280
686      686   (0)      4  : 0.9570 0.0430
687      687   (0)      4  : 0.9820 0.0180
688      688   (0)      4  : 0.9460 0.0540
689      689   (0)      4  : 0.6056 0.3944
690      690   (0)      4  : 0.8842 0.1158
691      691   (0)      4  : 0.6538 0.3462
692      692   (0)      4  : 0.8736 0.1264
693      693   (0)      4  : 0.7430 0.2570
694      694   (0)      4  : 0.6942 0.3058
695      695   (0)      4  : 0.6224 0.3776
696      696   (0)      4  : 0.7768 0.2232
697      697   (0)      4  : 0.8574 0.1426
698      698   (0)      4  : 0.6200 0.3800
699      699   (0)      4  : 0.7430 0.2570
700      700   (0)      4  : 0.7780 0.2220
701      701   (5)      5  : 0.6030 0.3970
702      702   (0)      5  : 0.3790 0.6210
703      703   (0)      5  : 0.5082 0.4918
704      704   (5)      5  : 0.4376 0.5624
705      705   (5)      5  : 0.4230 0.5770
706      706   (0)      5  : 0.3016 0.6984
707      707   (0)      6  : 0.5082 0.4918
708      708   (0)      6  : 0.5050 0.4950
709      709   (0)      6  : 0.4330 0.5670
710      710   (0)      6  : 0.5150 0.4850
711      711   (0)      6  : 0.5490 0.4510
712      712   (0)      6  : 0.4454 0.5546
713      713   (0)      6  : 0.4330 0.5670
714      714   (0)      6  : 0.5450 0.4550
715      715   (0)      6  : 0.5088 0.4912
716      716   (0)      6  : 0.5420 0.4580
717      717   (0)      6  : 0.4010 0.5990
718      718   (0)      6  : 0.5588 0.4412
719      719   (0)      6  : 0.4010 0.5990
720      720   (0)      6  : 0.4620 0.5380
721      721   (0)      6  : 0.4100 0.5900
722      722   (0)      6  : 0.6148 0.3852
723      723   (0)      6  : 0.3622 0.6378
724      724   (0)      6  : 0.5350 0.4650
725      725   (0)      6  : 0.5390 0.4610
726      726   (0)      6  : 0.5122 0.4878
727      727   (0)      6  : 0.5956 0.4044
728      728   (0)      6  : 0.5006 0.4994
729      729   (0)      6  : 0.4460 0.5540
730      730   (0)      6  : 0.5130 0.4870
731      731   (0)      6  : 0.4150 0.5850
732      732   (0)      6  : 0.4250 0.5750
733      733   (0)      6  : 0.5510 0.4490
734      734   (0)      6  : 0.4140 0.5860
735      735   (0)      6  : 0.5846 0.4154
736      736   (0)      6  : 0.4070 0.5930
737      737   (0)      6  : 0.6450 0.3550
738      738   (0)      6  : 0.5580 0.4420
739      739   (0)      6  : 0.5444 0.4556
740      740   (0)      6  : 0.4900 0.5100
741      741   (0)      6  : 0.4246 0.5754
742      742   (0)      6  : 0.4396 0.5604
743      743   (0)      6  : 0.5572 0.4428
744      744   (0)      6  : 0.5610 0.4390
745      745   (0)      6  : 0.4992 0.5008
746      746   (0)      6  : 0.4020 0.5980
747      747   (0)      6  : 0.3854 0.6146
748      748   (0)      6  : 0.6282 0.3718
749      749   (0)      6  : 0.4910 0.5090
750      750   (0)      6  : 0.4034 0.5966
751      751   (0)      6  : 0.7366 0.2634
752      752   (0)      6  : 0.5960 0.4040
753      753   (0)      6  : 0.3700 0.6300
754      754   (0)      6  : 0.5310 0.4690
755      755   (0)      6  : 0.7182 0.2818
756      756   (0)      6  : 0.3730 0.6270
757      757   (0)      6  : 0.4790 0.5210
758      758   (0)      6  : 0.4090 0.5910
759      759   (0)      6  : 0.6042 0.3958
760      760   (0)      6  : 0.6512 0.3488
761      761   (0)      6  : 0.4970 0.5030
762      762   (0)      6  : 0.5898 0.4102
763      763   (0)      6  : 0.4928 0.5072
764      764   (0)      6  : 0.4750 0.5250
765      765   (0)      6  : 0.4070 0.5930
766      766   (0)      6  : 0.5110 0.4890
767      767   (0)      6  : 0.5950 0.4050
768      768   (0)      6  : 0.3908 0.6092
769      769   (0)      6  : 0.3680 0.6320
770      770   (0)      6  : 0.5370 0.4630
771      771   (0)      6  : 0.4470 0.5530
772      772   (0)      6  : 0.5080 0.4920
773      773   (0)      6  : 0.4678 0.5322
774      774   (0)      6  : 0.5080 0.4920
775      775   (0)      6  : 0.5590 0.4410
776      776   (0)      6  : 0.5218 0.4782
777      777   (0)      6  : 0.4872 0.5128
778      778   (0)      6  : 0.4948 0.5052
779      779   (0)      6  : 0.3526 0.6474
780      780   (0)      6  : 0.6530 0.3470
781      781   (0)      6  : 0.5780 0.4220
782      782   (0)      6  : 0.4030 0.5970
783      783   (0)      6  : 0.5670 0.4330
784      784   (0)      6  : 0.6620 0.3380
785      785   (0)      6  : 0.4070 0.5930
786      786   (0)      6  : 0.4898 0.5102
787      787   (0)      6  : 0.5660 0.4340
788      788   (0)      6  : 0.3380 0.6620
789      789   (0)      6  : 0.5310 0.4690
790      790   (0)      6  : 0.4860 0.5140
791      791   (0)      6  : 0.3270 0.6730
792      792   (0)      6  : 0.6074 0.3926
793      793   (0)      6  : 0.5490 0.4510
794      794   (0)      6  : 0.4640 0.5360
795      795   (0)      6  : 0.6820 0.3180
796      796   (0)      6  : 0.3978 0.6022
797      797   (0)      6  : 0.5346 0.4654
798      798   (0)      6  : 0.4752 0.5248
799      799   (0)      6  : 0.4286 0.5714
800      800   (0)      6  : 0.3904 0.6096
801      801   (0)      6  : 0.3110 0.6890
802      802   (0)      6  : 0.4224 0.5776
803      803   (0)      6  : 0.5470 0.4530
804      804   (0)      6  : 0.5640 0.4360
805      805   (0)      6  : 0.5680 0.4320
806      806   (0)      6  : 0.4972 0.5028
807      807   (0)      7  : 0.1260 0.8740
808      808   (0)      7  : 0.2434 0.7566
809      809   (0)      8  : 0.2040 0.7960
810      810   (0)      8  : 0.1080 0.8920
811      811   (0)      8  : 0.2750 0.7250
812      812   (0)      8  : 0.4700 0.5300
813      813   (0)      8  : 0.0730 0.9270
814      814   (0)      8  : 0.2420 0.7580
815      815   (0)      8  : 0.1690 0.8310
816      816   (0)      8  : 0.2618 0.7382
817      817   (0)      8  : 0.1598 0.8402
818      818   (0)      8  : 0.1986 0.8014
819      819   (0)      8  : 0.3120 0.6880
820      820   (0)      8  : 0.1870 0.8130
821      821   (0)      8  : 0.0160 0.9840
822      822   (0)      8  : 0.1570 0.8430
823      823   (0)      8  : 0.1500 0.8500
824      824   (0)      8  : 0.1608 0.8392
825      825   (0)      8  : 0.2140 0.7860
826      826   (0)      8  : 0.2080 0.7920
827      827   (0)      8  : 0.2230 0.7770
828      828   (0)      8  : 0.0300 0.9700
829      829   (0)      8  : 0.2710 0.7290
830      830   (0)      8  : 0.1900 0.8100
831      831   (0)      8  : 0.3450 0.6550
832      832   (0)      8  : 0.3100 0.6900
833      833   (0)      8  : 0.1680 0.8320
834      834   (0)      8  : 0.0220 0.9780
835      835   (0)      8  : 0.0834 0.9166
836      836   (0)      8  : 0.3570 0.6430
837      837   (0)      8  : 0.2320 0.7680
838      838   (0)      8  : 0.2050 0.7950
839      839   (0)      8  : 0.1700 0.8300
840      840   (0)      8  : 0.1550 0.8450
841      841   (0)      8  : 0.2250 0.7750
842      842   (0)      8  : 0.0970 0.9030
843      843   (0)      8  : 0.1950 0.8050
844      844   (0)      8  : 0.0952 0.9048
845      845   (0)      8  : 0.0200 0.9800
846      846   (0)      8  : 0.2150 0.7850
847      847   (0)      8  : 0.2438 0.7562
848      848   (0)      8  : 0.1560 0.8440
849      849   (0)      8  : 0.0080 0.9920
850      850   (0)      8  : 0.1890 0.8110
851      851   (0)      8  : 0.2340 0.7660
852      852   (0)      8  : 0.0672 0.9328
853      853   (0)      8  : 0.2950 0.7050
854      854   (0)      8  : 0.1870 0.8130
855      855   (0)      8  : 0.1870 0.8130
856      856   (0)      8  : 0.2660 0.7340
857      857   (0)      8  : 0.3280 0.6720
858      858   (0)      8  : 0.1850 0.8150
859      859   (0)      8  : 0.2440 0.7560
860      860   (0)      8  : 0.3390 0.6610
861      861   (0)      8  : 0.1850 0.8150
862      862   (0)      8  : 0.0790 0.9210
863      863   (0)      8  : 0.1620 0.8380
864      864   (0)      8  : 0.0290 0.9710
865      865   (0)      8  : 0.2480 0.7520
866      866   (0)      8  : 0.0794 0.9206
867      867   (0)      8  : 0.0682 0.9318
868      868   (0)      8  : 0.4230 0.5770
869      869   (0)      8  : 0.4270 0.5730
870      870   (0)      8  : 0.1440 0.8560
871      871   (0)      8  : 0.4434 0.5566
872      872   (0)      8  : 0.2598 0.7402
873      873   (0)      8  : 0.3008 0.6992
874      874   (0)      8  : 0.2250 0.7750
875      875   (0)      8  : 0.2170 0.7830
876      876   (0)      8  : 0.3498 0.6502
877      877   (0)      8  : 0.1030 0.8970
878      878   (0)      8  : 0.2232 0.7768
879      879   (0)      8  : 0.2830 0.7170
880      880   (0)      8  : 0.0620 0.9380
881      881   (0)      8  : 0.3098 0.6902
882      882   (0)      8  : 0.2210 0.7790
883      883   (0)      8  : 0.3940 0.6060
884      884   (0)      8  : 0.2582 0.7418
885      885   (0)      8  : 0.4240 0.5760
886      886   (0)      8  : 0.0478 0.9522
887      887   (0)      8  : 0.3560 0.6440
888      888   (0)      8  : 0.1730 0.8270
889      889   (0)      8  : 0.1560 0.8440
890      890   (0)      8  : 0.2450 0.7550
891      891   (0)      8  : 0.3220 0.6780
892      892   (0)      8  : 0.1432 0.8568
893      893   (0)      8  : 0.1380 0.8620
894      894   (0)      8  : 0.3486 0.6514
895      895   (0)      8  : 0.2364 0.7636
896      896   (0)      8  : 0.1610 0.8390
897      897   (0)      8  : 0.3000 0.7000
898      898   (0)      8  : 0.0620 0.9380
899      899   (0)      8  : 0.2940 0.7060
900      900   (0)      8  : 0.3040 0.6960
901      901   (0)      8  : 0.3160 0.6840
902      902   (0)      8  : 0.3526 0.6474
903      903   (0)      8  : 0.2010 0.7990
904      904   (0)      8  : 0.3674 0.6326
905      905   (0)      8  : 0.1242 0.8758
906      906   (0)      8  : 0.2380 0.7620
907      907   (0)      8  : 0.1562 0.8438
908      908   (0)      8  : 0.1590 0.8410
909      909  (10)      9  : 0.0802 0.9198
910      910   (5)      9  : 0.0150 0.9850
911      911   (5)      9  : 0.4170 0.5830
912      912   (5)      9  : 0.0160 0.9840
913      913  (10)      9  : 0.2218 0.7782
914      914   (5)      9  : 0.4684 0.5316
915      915  (10)      9  : 0.1218 0.8782
916      916   (0)      9  : 0.1040 0.8960
917      917   (0)      9  : 0.0720 0.9280
918      918   (0)      9  : 0.0090 0.9910
919      919   (0)      9  : 0.0758 0.9242
920      920   (0)      9  : 0.1920 0.8080
921      921   (0)      9  : 0.0282 0.9718
922      922   (0)      9  : 0.1596 0.8404
923      923   (0)      9  : 0.1056 0.8944
924      924   (0)      9  : 0.1480 0.8520
925      925   (0)      9  : 0.1960 0.8040
926      926   (0)      9  : 0.4180 0.5820
927      927   (0)      9  : 0.0230 0.9770
928      928   (5)      9  : 0.0260 0.9740
929      929   (0)      9  : 0.1578 0.8422
930      930   (0)      9  : 0.2520 0.7480
931      931   (5)      9  : 0.0814 0.9186
932      932   (5)      9  : 0.0270 0.9730
933      933   (0)      9  : 0.2184 0.7816
934      934   (0)      9  : 0.0870 0.9130
935      935   (0)      9  : 0.0330 0.9670
936      936   (0)      9  : 0.0110 0.9890
937      937   (0)      9  : 0.0080 0.9920
938      938   (0)      9  : 0.0070 0.9930
939      939   (0)      9  : 0.0070 0.9930
940      940   (0)      9  : 0.0240 0.9760
941      941   (0)      9  : 0.1730 0.8270
942      942   (0)      9  : 0.1136 0.8864
943      943   (0)      9  : 0.0430 0.9570
944      944   (0)      9  : 0.0892 0.9108
945      945   (0)      9  : 0.2410 0.7590
946      946   (0)      9  : 0.0126 0.9874
947      947   (0)      9  : 0.1850 0.8150
948      948   (0)      9  : 0.1712 0.8288
949      949   (0)      9  : 0.0272 0.9728
950      950   (0)      9  : 0.0886 0.9114
951      951   (0)     10  : 0.1382 0.8618
952      952   (0)     10  : 0.4010 0.5990
953      953   (0)     10  : 0.2230 0.7770
954      954   (0)     10  : 0.0100 0.9900
955      955   (0)     10  : 0.0130 0.9870
956      956   (0)     10  : 0.1920 0.8080
957      957   (0)     10  : 0.2230 0.7770
958      958   (0)     10  : 0.0740 0.9260
959      959   (0)     10  : 0.3180 0.6820
960      960   (0)     10  : 0.0090 0.9910
961      961   (0)     10  : 0.0130 0.9870
962      962   (0)     10  : 0.0810 0.9190
963      963   (0)     10  : 0.0706 0.9294
964      964   (0)     10  : 0.1642 0.8358
965      965   (0)     10  : 0.0340 0.9660
966      966   (0)     10  : 0.0140 0.9860
967      967   (0)     10  : 0.1490 0.8510
968      968   (0)     10  : 0.0190 0.9810
969      969   (0)     10  : 0.0718 0.9282
970      970   (0)     10  : 0.0160 0.9840
971      971   (0)     10  : 0.0370 0.9630
972      972   (0)     10  : 0.0370 0.9630
973      973   (0)     10  : 0.0130 0.9870
974      974   (0)     10  : 0.0760 0.9240
975      975   (0)     10  : 0.2520 0.7480
976      976   (0)     10  : 0.0450 0.9550
977      977   (0)     10  : 0.0160 0.9840
978      978   (0)     10  : 0.1170 0.8830
979      979   (0)     10  : 0.1696 0.8304
980      980   (0)     10  : 0.0440 0.9560
981      981   (0)     10  : 0.0740 0.9260
982      982   (0)     10  : 0.2948 0.7052
983      983   (0)     10  : 0.0644 0.9356
984      984   (0)     10  : 0.0470 0.9530
985      985   (0)     10  : 0.1542 0.8458
986      986   (0)     10  : 0.1940 0.8060
987      987   (0)     10  : 0.2254 0.7746
988      988   (0)     10  : 0.2810 0.7190
989      989   (0)     10  : 0.0570 0.9430
990      990   (0)     10  : 0.1590 0.8410
991      991   (0)     10  : 0.1408 0.8592
992      992   (0)     10  : 0.0930 0.9070
993      993   (0)     10  : 0.0522 0.9478
994      994   (0)     10  : 0.0130 0.9870
995      995   (0)     10  : 0.0400 0.9600
996      996   (0)     10  : 0.0320 0.9680
997      997   (0)     10  : 0.0680 0.9320
998      998   (0)     10  : 0.0950 0.9050
999      999   (0)     10  : 0.1016 0.8984
1000     1000   (0)     10  : 0.0110 0.9890
1001     1001   (0)     10  : 0.0780 0.9220
1002     1002   (0)     10  : 0.0380 0.9620
1003     1003   (0)     10  : 0.0776 0.9224
1004     1004   (0)     10  : 0.0506 0.9494
1005     1005   (0)     10  : 0.1340 0.8660
1006     1006   (0)     10  : 0.0140 0.9860
1007     1007   (0)     10  : 0.0190 0.9810
1008     1008   (0)     10  : 0.0390 0.9610
1009     1009   (0)     10  : 0.0348 0.9652
1010     1010   (0)     10  : 0.0380 0.9620
1011     1011   (0)     10  : 0.1644 0.8356
1012     1012   (0)     10  : 0.0766 0.9234
1013     1013   (0)     10  : 0.1850 0.8150
1014     1014   (0)     10  : 0.0280 0.9720
1015     1015   (0)     10  : 0.2910 0.7090
1016     1016   (0)     10  : 0.0100 0.9900
1017     1017   (0)     10  : 0.0130 0.9870
1018     1018   (0)     10  : 0.0220 0.9780
1019     1019   (0)     10  : 0.0260 0.9740
1020     1020   (0)     10  : 0.0858 0.9142
1021     1021   (0)     10  : 0.0180 0.9820
1022     1022   (0)     10  : 0.1116 0.8884
1023     1023   (0)     10  : 0.2184 0.7816
1024     1024   (0)     10  : 0.0160 0.9840
1025     1025   (0)     10  : 0.1722 0.8278
1026     1026   (0)     10  : 0.0372 0.9628
1027     1027   (0)     10  : 0.0764 0.9236
1028     1028   (0)     10  : 0.1400 0.8600
1029     1029   (0)     10  : 0.0220 0.9780
1030     1030   (0)     10  : 0.1264 0.8736
1031     1031   (0)     10  : 0.1720 0.8280
1032     1032   (0)     10  : 0.2082 0.7918
1033     1033   (0)     10  : 0.1826 0.8174
1034     1034   (0)     10  : 0.2540 0.7460
1035     1035   (0)     10  : 0.0090 0.9910
1036     1036   (0)     10  : 0.0440 0.9560
1037     1037   (0)     10  : 0.0210 0.9790
1038     1038   (0)     10  : 0.2154 0.7846
1039     1039   (0)     10  : 0.0856 0.9144
1040     1040   (0)     10  : 0.0300 0.9700
1041     1041   (0)     10  : 0.1220 0.8780
1042     1042   (0)     10  : 0.0140 0.9860
1043     1043   (0)     10  : 0.0190 0.9810
1044     1044   (0)     10  : 0.1490 0.8510
1045     1045   (0)     10  : 0.2682 0.7318
1046     1046   (0)     10  : 0.3620 0.6380
1047     1047   (0)     10  : 0.0450 0.9550
1048     1048   (0)     10  : 0.0722 0.9278
1049     1049   (0)     10  : 0.0090 0.9910
1050     1050   (0)     10  : 0.0150 0.9850
1051     1051   (0)     11  : 0.0540 0.9460
1052     1052  (10)     11  : 0.0150 0.9850
1053     1053  (10)     11  : 0.0180 0.9820
1054     1054   (5)     11  : 0.0070 0.9930
1055     1055   (5)     11  : 0.0090 0.9910
1056     1056   (0)     11  : 0.0070 0.9930
1057     1057   (5)     11  : 0.0090 0.9910
1058     1058   (5)     11  : 0.0110 0.9890
1059     1059   (0)     11  : 0.0060 0.9940
1060     1060   (0)     11  : 0.0070 0.9930
1061     1061   (0)     11  : 0.0070 0.9930
1062     1062   (0)     11  : 0.0070 0.9930
1063     1063   (0)     11  : 0.0080 0.9920
1064     1064   (5)     11  : 0.0070 0.9930
1065     1065   (5)     11  : 0.0326 0.9674
1066     1066  (10)     11  : 0.0180 0.9820
1067     1067   (0)     11  : 0.0070 0.9930
1068     1068   (5)     11  : 0.0270 0.9730
1069     1069   (5)     11  : 0.0110 0.9890
1070     1070   (0)     11  : 0.0060 0.9940
1071     1071   (5)     11  : 0.0090 0.9910
1072     1072   (0)     11  : 0.0120 0.9880
1073     1073   (5)     11  : 0.0060 0.9940
1074     1074   (0)     11  : 0.0070 0.9930
1075     1075   (0)     11  : 0.0120 0.9880
1076     1076   (0)     11  : 0.0210 0.9790
1077     1077   (0)     11  : 0.0078 0.9922
1078     1078   (0)     11  : 0.0090 0.9910
1079     1079   (0)     11  : 0.0130 0.9870
1080     1080   (0)     11  : 0.0232 0.9768
1081     1081   (0)     11  : 0.0180 0.9820
1082     1082   (0)     11  : 0.0234 0.9766
1083     1083   (0)     11  : 0.0080 0.9920
1084     1084   (0)     11  : 0.0140 0.9860
1085     1085   (0)     11  : 0.0168 0.9832
1086     1086   (0)     11  : 0.0060 0.9940
1087     1087   (0)     11  : 0.0172 0.9828
1088     1088   (0)     11  : 0.0070 0.9930
1089     1089   (5)     11  : 0.0100 0.9900
1090     1090   (5)     11  : 0.0100 0.9900
1091     1091   (0)     11  : 0.0110 0.9890
1092     1092  (15)     11  : 0.0170 0.9830
1093     1093  (10)     11  : 0.0060 0.9940
1094     1094  (10)     11  : 0.0090 0.9910
1095     1095  (10)     11  : 0.0120 0.9880
1096     1096   (5)     11  : 0.0140 0.9860
1097     1097   (5)     11  : 0.0070 0.9930
1098     1098   (5)     11  : 0.0084 0.9916
1099     1099   (5)     11  : 0.0080 0.9920
1100     1100   (5)     11  : 0.0170 0.9830
1101     1101   (5)     11  : 0.0110 0.9890
1102     1102  (15)     11  : 0.0330 0.9670
1103     1103   (5)     11  : 0.0242 0.9758
1104     1104   (5)     11  : 0.0060 0.9940
1105     1105  (15)     11  : 0.0110 0.9890
1106     1106   (5)     11  : 0.0512 0.9488
1107     1107   (5)     11  : 0.0350 0.9650
1108     1108   (5)     11  : 0.0100 0.9900
1109     1109   (5)     11  : 0.0070 0.9930
1110     1110  (10)     11  : 0.0128 0.9872
1111     1111   (5)     11  : 0.0090 0.9910
1112     1112   (5)     11  : 0.0130 0.9870
1113     1113  (10)     11  : 0.0090 0.9910
1114     1114  (10)     11  : 0.0100 0.9900
1115     1115  (10)     11  : 0.0340 0.9660
1116     1116  (10)     11  : 0.0380 0.9620
1117     1117   (5)     11  : 0.0080 0.9920
1118     1118  (10)     11  : 0.0140 0.9860
1119     1119   (0)     11  : 0.0060 0.9940
1120     1120   (5)     11  : 0.0080 0.9920
1121     1121   (0)     11  : 0.0060 0.9940
1122     1122   (0)     11  : 0.0060 0.9940
1123     1123   (0)     11  : 0.0090 0.9910
1124     1124   (0)     11  : 0.0220 0.9780
1125     1125   (0)     11  : 0.0070 0.9930
1126     1126   (0)     11  : 0.0560 0.9440
1127     1127   (0)     11  : 0.0110 0.9890
1128     1128  (10)     11  : 0.0100 0.9900
1129     1129  (10)     11  : 0.2774 0.7226
1130     1130   (0)     11  : 0.0250 0.9750
1131     1131   (5)     11  : 0.0850 0.9150
1132     1132   (0)     11  : 0.0150 0.9850
1133     1133   (5)     11  : 0.0360 0.9640
1134     1134   (5)     11  : 0.0070 0.9930
1135     1135   (5)     11  : 0.0120 0.9880
1136     1136  (10)     11  : 0.0070 0.9930
1137     1137   (0)     11  : 0.0070 0.9930
1138     1138   (0)     11  : 0.0090 0.9910
1139     1139   (0)     11  : 0.1748 0.8252
1140     1140   (0)     11  : 0.0080 0.9920
1141     1141   (0)     11  : 0.0140 0.9860
1142     1142   (0)     11  : 0.0070 0.9930
1143     1143   (0)     11  : 0.0070 0.9930
1144     1144   (0)     11  : 0.0134 0.9866
1145     1145   (0)     11  : 0.0080 0.9920
1146     1146   (0)     11  : 0.0110 0.9890
1147     1147   (0)     11  : 0.0110 0.9890
1148     1148   (0)     11  : 0.1190 0.8810
1149     1149   (0)     11  : 0.0570 0.9430
1150     1150   (0)     11  : 0.0338 0.9662
1151     1151   (0)     11  : 0.0094 0.9906
1152     1152   (0)     11  : 0.0384 0.9616
1153     1153   (0)     11  : 0.0070 0.9930
1154     1154   (5)     11  : 0.0130 0.9870
1155     1155   (0)     11  : 0.0100 0.9900
1156     1156   (5)     11  : 0.3472 0.6528
1157     1157   (0)     11  : 0.0090 0.9910
1158     1158   (0)     11  : 0.0650 0.9350
1159     1159   (0)     11  : 0.0140 0.9860
1160     1160   (0)     11  : 0.0150 0.9850
1161     1161   (0)     11  : 0.0080 0.9920
1162     1162   (0)     11  : 0.0080 0.9920
1163     1163   (0)     11  : 0.0400 0.9600
1164     1164   (0)     11  : 0.0060 0.9940
1165     1165   (0)     11  : 0.0110 0.9890
1166     1166   (0)     11  : 0.0070 0.9930
1167     1167   (0)     11  : 0.1044 0.8956
1168     1168   (0)     11  : 0.0070 0.9930
1169     1169   (0)     11  : 0.0200 0.9800
1170     1170   (5)     11  : 0.0090 0.9910
1171     1171   (0)     11  : 0.0180 0.9820
1172     1172   (0)     11  : 0.0120 0.9880
1173     1173   (0)     11  : 0.0150 0.9850
1174     1174  (10)     11  : 0.0080 0.9920
1175     1175   (0)     11  : 0.0080 0.9920
1176     1176   (0)     11  : 0.0080 0.9920
1177     1177   (0)     11  : 0.0180 0.9820
1178     1178  (10)     11  : 0.0150 0.9850
1179     1179   (5)     11  : 0.0070 0.9930
1180     1180   (0)     11  : 0.0090 0.9910
1181     1181   (5)     11  : 0.0090 0.9910
1182     1182   (5)     11  : 0.0060 0.9940
1183     1183  (10)     11  : 0.0140 0.9860
1184     1184   (0)     11  : 0.0070 0.9930
1185     1185   (5)     11  : 0.0130 0.9870
1186     1186  (10)     11  : 0.0080 0.9920
1187     1187   (0)     11  : 0.0510 0.9490
1188     1188   (0)     11  : 0.0500 0.9500
1189     1189   (0)     11  : 0.0080 0.9920
1190     1190   (0)     11  : 0.0120 0.9880
1191     1191   (0)     11  : 0.0070 0.9930
1192     1192   (0)     11  : 0.0160 0.9840
1193     1193   (0)     11  : 0.0070 0.9930
1194     1194   (0)     11  : 0.0080 0.9920
1195     1195   (0)     11  : 0.0074 0.9926
1196     1196   (5)     11  : 0.0160 0.9840
1197     1197   (0)     11  : 0.0060 0.9940
1198     1198   (0)     11  : 0.0090 0.9910
1199     1199   (0)     11  : 0.0080 0.9920
1200     1200   (5)     11  : 0.0210 0.9790
1201     1201   (0)     11  : 0.0100 0.9900
1202     1202   (0)     11  : 0.0280 0.9720
1203     1203   (0)     11  : 0.0080 0.9920
1204     1204   (0)     11  : 0.0080 0.9920
1205     1205   (0)     11  : 0.0080 0.9920
1206     1206   (0)     11  : 0.0120 0.9880
1207     1207   (0)     11  : 0.0310 0.9690
1208     1208   (0)     11  : 0.0080 0.9920
1209     1209   (0)     11  : 0.0080 0.9920
1210     1210   (0)     11  : 0.0170 0.9830
1211     1211   (0)     11  : 0.0080 0.9920
1212     1212   (0)     11  : 0.0060 0.9940
1213     1213   (0)     11  : 0.0090 0.9910
1214     1214   (0)     11  : 0.0070 0.9930
1215     1215   (0)     11  : 0.0060 0.9940
1216     1216   (0)     11  : 0.0070 0.9930
1217     1217   (0)     11  : 0.0070 0.9930
1218     1218   (0)     11  : 0.0140 0.9860
1219     1219   (0)     11  : 0.0110 0.9890
1220     1220   (0)     11  : 0.0070 0.9930
1221     1221  (10)     11  : 0.0180 0.9820
1222     1222   (5)     11  : 0.0090 0.9910
1223     1223  (10)     11  : 0.0110 0.9890
1224     1224   (5)     11  : 0.1438 0.8562
1225     1225  (10)     11  : 0.0080 0.9920
1226     1226  (10)     11  : 0.0090 0.9910
1227     1227   (0)     11  : 0.0130 0.9870
1228     1228   (5)     11  : 0.0400 0.9600
1229     1229   (5)     11  : 0.0360 0.9640
1230     1230  (10)     11  : 0.0120 0.9880
1231     1231   (0)     11  : 0.0080 0.9920
1232     1232   (0)     11  : 0.0120 0.9880
1233     1233   (0)     11  : 0.0100 0.9900
1234     1234   (0)     11  : 0.0120 0.9880
1235     1235   (0)     11  : 0.0310 0.9690
1236     1236   (0)     11  : 0.1264 0.8736
1237     1237   (0)     11  : 0.1140 0.8860
1238     1238   (0)     11  : 0.0080 0.9920
1239     1239   (0)     11  : 0.0070 0.9930
1240     1240   (5)     11  : 0.1234 0.8766
1241     1241   (0)     11  : 0.1540 0.8460
1242     1242   (0)     11  : 0.0070 0.9930
1243     1243  (10)     11  : 0.0270 0.9730
1244     1244   (5)     11  : 0.0118 0.9882
1245     1245   (0)     11  : 0.0060 0.9940
1246     1246   (5)     11  : 0.0758 0.9242
1247     1247   (5)     11  : 0.0120 0.9880
1248     1248   (0)     11  : 0.0080 0.9920
1249     1249   (0)     11  : 0.0310 0.9690
1250     1250   (0)     11  : 0.0116 0.9884
1251     1251   (0)     11  : 0.0470 0.9530
1252     1252   (0)     11  : 0.0070 0.9930
1253     1253   (0)     11  : 0.0150 0.9850
1254     1254   (0)     11  : 0.0070 0.9930
1255     1255   (0)     11  : 0.0060 0.9940
1256     1256   (0)     11  : 0.0060 0.9940
1257     1257   (0)     11  : 0.0090 0.9910
1258     1258   (0)     11  : 0.0230 0.9770
1259     1259   (0)     11  : 0.0090 0.9910
1260     1260   (0)     11  : 0.0090 0.9910
1261     1261   (0)     11  : 0.0100 0.9900
1262     1262   (0)     11  : 0.0090 0.9910
1263     1263   (0)     11  : 0.0140 0.9860
1264     1264   (0)     11  : 0.0090 0.9910
1265     1265   (0)     11  : 0.0080 0.9920
1266     1266   (0)     11  : 0.0080 0.9920
1267     1267   (0)     11  : 0.0070 0.9930
1268     1268   (0)     11  : 0.0060 0.9940
1269     1269   (0)     11  : 0.0070 0.9930
1270     1270   (0)     11  : 0.0070 0.9930
1271     1271   (0)     11  : 0.0164 0.9836
1272     1272   (0)     11  : 0.0220 0.9780
1273     1273   (0)     11  : 0.0070 0.9930
1274     1274   (0)     11  : 0.0430 0.9570
1275     1275   (0)     11  : 0.0070 0.9930
1276     1276   (0)     11  : 0.0080 0.9920
1277     1277   (0)     11  : 0.0080 0.9920
1278     1278   (0)     11  : 0.0170 0.9830
1279     1279   (0)     11  : 0.0250 0.9750
1280     1280   (0)     11  : 0.0070 0.9930
1281     1281   (0)     11  : 0.0140 0.9860
1282     1282   (0)     11  : 0.0080 0.9920
1283     1283   (0)     11  : 0.0340 0.9660
1284     1284   (0)     11  : 0.0090 0.9910
1285     1285   (0)     11  : 0.0090 0.9910
1286     1286   (0)     11  : 0.0100 0.9900
1287     1287   (0)     11  : 0.0090 0.9910
1288     1288   (0)     11  : 0.0070 0.9930
1289     1289   (0)     11  : 0.0070 0.9930
1290     1290   (0)     11  : 0.0070 0.9930
1291     1291   (0)     12  : 0.0270 0.9730
1292     1292   (0)     12  : 0.0090 0.9910
1293     1293   (0)     12  : 0.0110 0.9890
1294     1294   (0)     12  : 0.0072 0.9928
1295     1295   (0)     12  : 0.0380 0.9620
1296     1296   (0)     12  : 0.0140 0.9860
1297     1297   (0)     12  : 0.0100 0.9900
1298     1298   (0)     12  : 0.0110 0.9890
1299     1299   (0)     12  : 0.0250 0.9750
1300     1300   (0)     12  : 0.0070 0.9930
1301     1301   (0)     12  : 0.0100 0.9900
1302     1302   (0)     12  : 0.0100 0.9900
1303     1303   (0)     12  : 0.0070 0.9930
1304     1304   (0)     12  : 0.0080 0.9920
1305     1305   (0)     12  : 0.0100 0.9900
1306     1306   (0)     12  : 0.0060 0.9940
1307     1307   (0)     12  : 0.0320 0.9680
1308     1308   (0)     12  : 0.0100 0.9900
1309     1309   (0)     12  : 0.0070 0.9930
1310     1310   (0)     12  : 0.0090 0.9910
1311     1311   (0)     12  : 0.0100 0.9900
1312     1312   (0)     12  : 0.0080 0.9920
1313     1313   (0)     12  : 0.0210 0.9790
1314     1314   (0)     12  : 0.0250 0.9750
1315     1315   (0)     12  : 0.0130 0.9870
1316     1316   (0)     12  : 0.0060 0.9940
1317     1317   (0)     12  : 0.0080 0.9920
1318     1318   (0)     12  : 0.0090 0.9910
1319     1319   (0)     12  : 0.0090 0.9910
1320     1320   (0)     12  : 0.0110 0.9890
1321     1321   (0)     12  : 0.0100 0.9900
1322     1322   (0)     12  : 0.0080 0.9920
1323     1323   (0)     12  : 0.0550 0.9450
1324     1324   (0)     12  : 0.0202 0.9798
1325     1325   (0)     12  : 0.0058 0.9942
1326     1326   (0)     12  : 0.0234 0.9766
1327     1327   (0)     12  : 0.1066 0.8934
1328     1328   (0)     12  : 0.0390 0.9610
1329     1329   (0)     12  : 0.0190 0.9810
1330     1330   (0)     12  : 0.0070 0.9930
1331     1331   (0)     12  : 0.0082 0.9918
1332     1332   (0)     12  : 0.0080 0.9920
1333     1333   (0)     12  : 0.0080 0.9920
1334     1334   (0)     12  : 0.0060 0.9940
1335     1335   (0)     12  : 0.0130 0.9870
1336     1336   (0)     12  : 0.0120 0.9880
1337     1337   (0)     12  : 0.0090 0.9910
1338     1338   (0)     12  : 0.0070 0.9930
1339     1339   (0)     12  : 0.0120 0.9880
1340     1340   (0)     12  : 0.0530 0.9470
1341     1341   (0)     12  : 0.0110 0.9890
1342     1342   (0)     12  : 0.0100 0.9900
1343     1343   (0)     12  : 0.0130 0.9870
1344     1344   (0)     12  : 0.0076 0.9924
1345     1345   (0)     12  : 0.0180 0.9820
1346     1346   (0)     12  : 0.0090 0.9910
1347     1347   (0)     12  : 0.0070 0.9930
1348     1348   (0)     12  : 0.0070 0.9930
1349     1349   (0)     12  : 0.0110 0.9890
1350     1350   (0)     12  : 0.0140 0.9860
1351     1351   (0)     12  : 0.0060 0.9940
1352     1352   (0)     12  : 0.0246 0.9754
1353     1353   (0)     12  : 0.0276 0.9724
1354     1354   (0)     12  : 0.0090 0.9910
1355     1355   (0)     12  : 0.0442 0.9558
1356     1356   (0)     12  : 0.0120 0.9880
1357     1357   (0)     12  : 0.0110 0.9890
1358     1358   (0)     12  : 0.0180 0.9820
1359     1359   (0)     12  : 0.0080 0.9920
1360     1360   (0)     12  : 0.0210 0.9790
1361     1361   (0)     12  : 0.0080 0.9920
1362     1362   (0)     12  : 0.0070 0.9930
1363     1363   (0)     12  : 0.0070 0.9930
1364     1364   (0)     12  : 0.0308 0.9692
1365     1365   (0)     12  : 0.1176 0.8824
1366     1366   (0)     12  : 0.0190 0.9810
1367     1367   (0)     12  : 0.0060 0.9940
1368     1368   (0)     12  : 0.0100 0.9900
1369     1369   (0)     12  : 0.0150 0.9850
1370     1370   (0)     12  : 0.0070 0.9930
1371     1371   (0)     12  : 0.0060 0.9940
1372     1372   (0)     12  : 0.0150 0.9850
1373     1373   (0)     12  : 0.0090 0.9910
1374     1374   (0)     12  : 0.0110 0.9890
1375     1375   (0)     12  : 0.0100 0.9900
1376     1376   (0)     12  : 0.0090 0.9910
1377     1377   (0)     12  : 0.0090 0.9910
1378     1378   (0)     12  : 0.0076 0.9924
1379     1379   (0)     12  : 0.0170 0.9830
1380     1380   (0)     12  : 0.0090 0.9910
1381     1381   (0)     12  : 0.0130 0.9870
1382     1382   (0)     12  : 0.0070 0.9930
1383     1383   (0)     12  : 0.0090 0.9910
1384     1384   (0)     12  : 0.0100 0.9900
1385     1385   (0)     12  : 0.0070 0.9930
1386     1386   (0)     12  : 0.0072 0.9928
1387     1387   (0)     12  : 0.0090 0.9910
1388     1388   (0)     12  : 0.0180 0.9820
1389     1389   (0)     12  : 0.0080 0.9920
1390     1390   (0)     12  : 0.0070 0.9930
1391     1391   (0)     12  : 0.0190 0.9810
1392     1392   (0)     12  : 0.0110 0.9890
1393     1393   (0)     12  : 0.0070 0.9930
1394     1394   (0)     12  : 0.0452 0.9548
1395     1395   (0)     12  : 0.0090 0.9910
1396     1396   (0)     12  : 0.0090 0.9910
1397     1397   (0)     12  : 0.0060 0.9940
1398     1398   (0)     12  : 0.0110 0.9890
1399     1399   (0)     12  : 0.0090 0.9910
1400     1400   (0)     12  : 0.0140 0.9860
1401     1401   (0)     12  : 0.0170 0.9830
1402     1402   (0)     12  : 0.0130 0.9870
1403     1403   (0)     12  : 0.0090 0.9910
1404     1404   (0)     12  : 0.0090 0.9910
1405     1405   (0)     12  : 0.0180 0.9820
1406     1406   (0)     12  : 0.0080 0.9920
1407     1407   (0)     12  : 0.0340 0.9660
1408     1408   (0)     12  : 0.0080 0.9920
1409     1409   (0)     12  : 0.0132 0.9868
1410     1410   (0)     12  : 0.0080 0.9920
1411     1411   (0)     12  : 0.0050 0.9950
1412     1412   (0)     12  : 0.0130 0.9870
1413     1413   (0)     12  : 0.0190 0.9810
1414     1414   (0)     12  : 0.0070 0.9930
1415     1415   (0)     12  : 0.0100 0.9900
1416     1416   (0)     12  : 0.0110 0.9890
1417     1417   (0)     12  : 0.0060 0.9940
1418     1418   (0)     12  : 0.0060 0.9940
1419     1419   (0)     12  : 0.0070 0.9930
1420     1420   (0)     12  : 0.0140 0.9860
1421     1421   (0)     12  : 0.0160 0.9840
1422     1422   (0)     12  : 0.0100 0.9900
1423     1423   (0)     12  : 0.0100 0.9900
1424     1424   (0)     12  : 0.0100 0.9900
1425     1425   (0)     12  : 0.0080 0.9920
1426     1426   (0)     12  : 0.0160 0.9840
1427     1427   (0)     12  : 0.0580 0.9420
1428     1428   (0)     12  : 0.0170 0.9830
1429     1429   (0)     12  : 0.0060 0.9940
1430     1430   (0)     12  : 0.0118 0.9882
1431     1431   (0)     12  : 0.0070 0.9930
1432     1432   (0)     12  : 0.0120 0.9880
1433     1433   (0)     12  : 0.0140 0.9860
1434     1434   (0)     12  : 0.0100 0.9900
1435     1435   (0)     12  : 0.0200 0.9800
1436     1436   (0)     12  : 0.0050 0.9950
1437     1437   (0)     12  : 0.0180 0.9820
1438     1438   (0)     12  : 0.0150 0.9850
1439     1439   (0)     12  : 0.0100 0.9900
1440     1440   (0)     12  : 0.0080 0.9920
1441     1441   (0)     12  : 0.0100 0.9900
1442     1442   (0)     12  : 0.0150 0.9850
1443     1443   (0)     12  : 0.0130 0.9870
1444     1444   (0)     12  : 0.0428 0.9572
1445     1445   (0)     12  : 0.0988 0.9012
1446     1446   (0)     12  : 0.0110 0.9890
1447     1447   (0)     12  : 0.0078 0.9922
1448     1448   (0)     12  : 0.0060 0.9940
1449     1449   (0)     12  : 0.0080 0.9920
1450     1450   (0)     12  : 0.0050 0.9950
1451     1451   (0)     12  : 0.0080 0.9920
1452     1452   (0)     12  : 0.0270 0.9730
1453     1453   (0)     12  : 0.0110 0.9890
1454     1454   (0)     12  : 0.0100 0.9900
1455     1455   (0)     12  : 0.0090 0.9910
1456     1456   (0)     12  : 0.0090 0.9910
1457     1457   (0)     12  : 0.0090 0.9910
1458     1458   (0)     12  : 0.0100 0.9900
1459     1459   (0)     12  : 0.0070 0.9930
1460     1460   (0)     12  : 0.0060 0.9940
1461     1461   (0)     12  : 0.0180 0.9820
1462     1462   (0)     12  : 0.0080 0.9920
1463     1463   (0)     12  : 0.0150 0.9850
1464     1464   (0)     12  : 0.0110 0.9890
1465     1465   (0)     12  : 0.0090 0.9910
1466     1466   (0)     12  : 0.0070 0.9930
1467     1467   (0)     12  : 0.0090 0.9910
1468     1468   (0)     12  : 0.0370 0.9630
1469     1469   (0)     12  : 0.0120 0.9880
1470     1470   (0)     12  : 0.0110 0.9890
1471     1471   (0)     12  : 0.0100 0.9900
1472     1472   (0)     12  : 0.0120 0.9880
1473     1473   (0)     12  : 0.0130 0.9870
1474     1474   (0)     12  : 0.0232 0.9768
1475     1475   (0)     12  : 0.0100 0.9900
1476     1476   (0)     12  : 0.0090 0.9910
1477     1477   (0)     12  : 0.0858 0.9142
1478     1478   (0)     12  : 0.0070 0.9930
1479     1479   (0)     12  : 0.0060 0.9940
1480     1480   (0)     12  : 0.0060 0.9940
1481     1481   (0)     12  : 0.0060 0.9940
1482     1482   (0)     12  : 0.0130 0.9870
1483     1483   (0)     12  : 0.0090 0.9910
1484     1484   (0)     12  : 0.0090 0.9910
1485     1485   (0)     12  : 0.0150 0.9850
1486     1486   (0)     12  : 0.0080 0.9920
1487     1487   (0)     12  : 0.0070 0.9930
1488     1488   (0)     12  : 0.0080 0.9920
1489     1489   (0)     12  : 0.0170 0.9830
1490     1490   (0)     12  : 0.0080 0.9920
1491     1491   (0)     12  : 0.0080 0.9920
1492     1492   (0)     12  : 0.0130 0.9870
1493     1493   (0)     12  : 0.0100 0.9900
1494     1494   (0)     12  : 0.0070 0.9930
1495     1495   (0)     12  : 0.0230 0.9770
1496     1496   (0)     12  : 0.0070 0.9930
1497     1497   (0)     12  : 0.0080 0.9920
1498     1498   (0)     12  : 0.0108 0.9892
1499     1499   (0)     12  : 0.0120 0.9880
1500     1500   (0)     12  : 0.0060 0.9940
1501     1501   (0)     12  : 0.0060 0.9940
1502     1502   (0)     12  : 0.0110 0.9890
1503     1503   (0)     12  : 0.0060 0.9940
1504     1504   (0)     12  : 0.0100 0.9900
1505     1505   (0)     12  : 0.0060 0.9940
1506     1506   (0)     12  : 0.0050 0.9950
1507     1507   (0)     12  : 0.0070 0.9930
1508     1508   (0)     12  : 0.0100 0.9900
1509     1509   (0)     12  : 0.0140 0.9860
1510     1510   (0)     12  : 0.0100 0.9900
1511     1511   (0)     12  : 0.0180 0.9820
1512     1512   (0)     12  : 0.0130 0.9870
1513     1513   (0)     12  : 0.0120 0.9880
1514     1514   (0)     12  : 0.0128 0.9872
1515     1515   (0)     12  : 0.0090 0.9910
1516     1516   (0)     12  : 0.0140 0.9860
1517     1517   (0)     12  : 0.0060 0.9940
1518     1518   (0)     12  : 0.0090 0.9910
1519     1519   (0)     12  : 0.0090 0.9910
1520     1520   (0)     12  : 0.0100 0.9900
1521     1521   (0)     12  : 0.0080 0.9920
1522     1522   (0)     12  : 0.0110 0.9890
1523     1523   (0)     12  : 0.0090 0.9910
1524     1524   (0)     12  : 0.0126 0.9874
1525     1525   (0)     12  : 0.0120 0.9880
1526     1526   (0)     12  : 0.0090 0.9910
1527     1527   (0)     12  : 0.0070 0.9930
1528     1528   (0)     12  : 0.0100 0.9900
1529     1529   (0)     12  : 0.0150 0.9850
1530     1530   (0)     12  : 0.0090 0.9910
1531     1531   (0)     12  : 0.0120 0.9880
1532     1532   (0)     12  : 0.0090 0.9910
1533     1533   (0)     12  : 0.0120 0.9880
1534     1534   (0)     12  : 0.0100 0.9900
1535     1535   (0)     12  : 0.0100 0.9900
1536     1536   (0)     12  : 0.0070 0.9930
1537     1537   (0)     12  : 0.0130 0.9870
1538     1538   (0)     12  : 0.0080 0.9920
1539     1539   (0)     12  : 0.0060 0.9940
1540     1540   (0)     12  : 0.0100 0.9900
1541     1541   (0)     12  : 0.0080 0.9920
1542     1542   (0)     12  : 0.0130 0.9870
1543     1543   (0)     12  : 0.0090 0.9910
1544     1544   (0)     12  : 0.0090 0.9910
1545     1545   (0)     12  : 0.0090 0.9910
1546     1546   (0)     12  : 0.0400 0.9600
1547     1547   (0)     12  : 0.0110 0.9890
1548     1548   (0)     12  : 0.0060 0.9940
1549     1549   (0)     12  : 0.0090 0.9910
1550     1550   (0)     12  : 0.0090 0.9910
