  1        1   (5)      1 :  0.0376 0.9624 
  2        2   (5)      1 :  0.0650 0.9350 
  3        3   (5)      1 :  0.0220 0.9780 
  4        4   (0)      1 :  0.0166 0.9834 
  5        5   (0)      1 :  0.0822 0.9178 
  6        6   (0)      1 :  0.0250 0.9750 
  7        7   (0)      1 :  0.0842 0.9158 
  8        8   (5)      1 :  0.0190 0.9810 
  9        9   (0)      1 :  0.0180 0.9820 
 10       10   (0)      1 :  0.0740 0.9260 
 11       11   (0)      1 :  0.0328 0.9672 
 12       12   (0)      1 :  0.0350 0.9650 
 13       13   (0)      1 :  0.0200 0.9800 
 14       14   (0)      1 :  0.0292 0.9708 
 15       15   (0)      1 :  0.0272 0.9728 
 16       16   (0)      1 :  0.0150 0.9850 
 17       17   (0)      1 :  0.0180 0.9820 
 18       18   (0)      1 :  0.0490 0.9510 
 19       19   (0)      1 :  0.0180 0.9820 
 20       20   (0)      1 :  0.0572 0.9428 
 21       21   (0)      1 :  0.0172 0.9828 
 22       22   (0)      1 :  0.0140 0.9860 
 23       23   (0)      1 :  0.0170 0.9830 
 24       24   (0)      1 :  0.0192 0.9808 
 25       25   (0)      1 :  0.0520 0.9480 
 26       26   (0)      1 :  0.0188 0.9812 
 27       27   (5)      1 :  0.0402 0.9598 
 28       28   (0)      1 :  0.0390 0.9610 
 29       29   (0)      1 :  0.0180 0.9820 
 30       30   (0)      1 :  0.0730 0.9270 
 31       31   (0)      1 :  0.0230 0.9770 
 32       32   (0)      1 :  0.0286 0.9714 
 33       33   (0)      1 :  0.0150 0.9850 
 34       34   (0)      1 :  0.0150 0.9850 
 35       35   (0)      1 :  0.0250 0.9750 
 36       36   (0)      1 :  0.0320 0.9680 
 37       37   (0)      1 :  0.0420 0.9580 
 38       38   (0)      1 :  0.0250 0.9750 
 39       39   (0)      1 :  0.0390 0.9610 
 40       40   (0)      1 :  0.0230 0.9770 
 41       41   (0)      1 :  0.0240 0.9760 
 42       42   (0)      1 :  0.0140 0.9860 
 43       43   (0)      1 :  0.0300 0.9700 
 44       44   (0)      1 :  0.0170 0.9830 
 45       45   (5)      1 :  0.0420 0.9580 
 46       46   (0)      1 :  0.0180 0.9820 
 47       47   (0)      1 :  0.0340 0.9660 
 48       48   (0)      1 :  0.0430 0.9570 
 49       49   (0)      1 :  0.0290 0.9710 
 50       50   (0)      1 :  0.0310 0.9690 
 51       51   (0)      1 :  0.0270 0.9730 
 52       52   (0)      1 :  0.0900 0.9100 
 53       53   (0)      1 :  0.0306 0.9694 
 54       54   (0)      1 :  0.0300 0.9700 
 55       55   (0)      1 :  0.0308 0.9692 
 56       56   (0)      1 :  0.0196 0.9804 
 57       57  (10)      1 :  0.0230 0.9770 
 58       58   (5)      1 :  0.0292 0.9708 
 59       59   (0)      1 :  0.0290 0.9710 
 60       60   (0)      1 :  0.0210 0.9790 
 61       61   (0)      1 :  0.0260 0.9740 
 62       62   (0)      1 :  0.0440 0.9560 
 63       63   (0)      1 :  0.0330 0.9670 
 64       64   (0)      1 :  0.0290 0.9710 
 65       65   (0)      1 :  0.0510 0.9490 
 66       66   (0)      1 :  0.0220 0.9780 
 67       67   (5)      1 :  0.0262 0.9738 
 68       68   (0)      1 :  0.0764 0.9236 
 69       69   (0)      1 :  0.0310 0.9690 
 70       70   (0)      1 :  0.0320 0.9680 
 71       71   (5)      1 :  0.0380 0.9620 
 72       72   (0)      1 :  0.0290 0.9710 
 73       73   (5)      1 :  0.0220 0.9780 
 74       74  (10)      1 :  0.0436 0.9564 
 75       75  (10)      1 :  0.0236 0.9764 
 76       76   (0)      1 :  0.0170 0.9830 
 77       77  (10)      1 :  0.0226 0.9774 
 78       78   (0)      1 :  0.0332 0.9668 
 79       79   (5)      1 :  0.0240 0.9760 
 80       80   (0)      1 :  0.0190 0.9810 
 81       81   (0)      1 :  0.0190 0.9810 
 82       82   (0)      1 :  0.0180 0.9820 
 83       83   (0)      1 :  0.0370 0.9630 
 84       84   (0)      1 :  0.0484 0.9516 
 85       85   (0)      1 :  0.0210 0.9790 
 86       86   (5)      1 :  0.0230 0.9770 
 87       87   (0)      1 :  0.0210 0.9790 
 88       88   (0)      1 :  0.0518 0.9482 
 89       89   (0)      1 :  0.0280 0.9720 
 90       90   (0)      1 :  0.0308 0.9692 
 91       91   (0)      1 :  0.0270 0.9730 
 92       92   (0)      1 :  0.0390 0.9610 
 93       93   (0)      1 :  0.0170 0.9830 
 94       94   (5)      1 :  0.0240 0.9760 
 95       95   (0)      1 :  0.0240 0.9760 
 96       96   (5)      1 :  0.0230 0.9770 
 97       97   (0)      1 :  0.0360 0.9640 
 98       98   (0)      1 :  0.0280 0.9720 
 99       99   (5)      1 :  0.0230 0.9770 
100      100   (5)      1 :  0.0190 0.9810 
101      101   (0)      2 :  0.0240 0.9760 
102      102   (0)      2 :  0.1086 0.8914 
103      103   (0)      2 :  0.1490 0.8510 
104      104   (0)      2 :  0.0330 0.9670 
105      105   (0)      2 :  0.0404 0.9596 
106      106   (0)      2 :  0.4420 0.5580 
107      107   (0)      2 :  0.0300 0.9700 
108      108   (0)      2 :  0.0580 0.9420 
109      109   (0)      2 :  0.0852 0.9148 
110      110   (0)      2 :  0.0530 0.9470 
111      111   (0)      2 :  0.1500 0.8500 
112      112   (0)      2 :  0.0170 0.9830 
113      113   (0)      2 :  0.1020 0.8980 
114      114   (0)      2 :  0.0390 0.9610 
115      115   (0)      2 :  0.1432 0.8568 
116      116   (0)      2 :  0.0590 0.9410 
117      117   (0)      2 :  0.1404 0.8596 
118      118   (0)      2 :  0.0410 0.9590 
119      119   (0)      2 :  0.0630 0.9370 
120      120   (0)      2 :  0.1880 0.8120 
121      121   (0)      2 :  0.0688 0.9312 
122      122   (0)      2 :  0.0372 0.9628 
123      123   (0)      2 :  0.1908 0.8092 
124      124   (0)      2 :  0.0380 0.9620 
125      125   (0)      2 :  0.1744 0.8256 
126      126   (0)      2 :  0.1190 0.8810 
127      127   (0)      2 :  0.1530 0.8470 
128      128   (0)      2 :  0.0580 0.9420 
129      129   (0)      2 :  0.1890 0.8110 
130      130   (0)      2 :  0.1068 0.8932 
131      131   (0)      2 :  0.0840 0.9160 
132      132   (0)      2 :  0.0690 0.9310 
133      133   (0)      2 :  0.1110 0.8890 
134      134   (0)      2 :  0.0750 0.9250 
135      135   (0)      2 :  0.0290 0.9710 
136      136   (0)      2 :  0.0920 0.9080 
137      137   (0)      2 :  0.0750 0.9250 
138      138   (0)      2 :  0.0210 0.9790 
139      139   (0)      2 :  0.2280 0.7720 
140      140   (0)      2 :  0.0628 0.9372 
141      141   (0)      2 :  0.1646 0.8354 
142      142   (0)      2 :  0.0260 0.9740 
143      143   (0)      2 :  0.0200 0.9800 
144      144   (0)      2 :  0.0630 0.9370 
145      145   (0)      2 :  0.0330 0.9670 
146      146   (0)      2 :  0.2070 0.7930 
147      147   (0)      2 :  0.0230 0.9770 
148      148   (0)      2 :  0.0412 0.9588 
149      149   (0)      2 :  0.0370 0.9630 
150      150   (0)      2 :  0.0540 0.9460 
151      151   (0)      2 :  0.1802 0.8198 
152      152   (0)      2 :  0.0380 0.9620 
153      153   (0)      2 :  0.1102 0.8898 
154      154   (0)      2 :  0.1334 0.8666 
155      155   (0)      2 :  0.1976 0.8024 
156      156   (0)      2 :  0.0322 0.9678 
157      157   (0)      2 :  0.1182 0.8818 
158      158   (0)      2 :  0.0752 0.9248 
159      159   (0)      2 :  0.0440 0.9560 
160      160   (0)      2 :  0.0652 0.9348 
161      161   (0)      2 :  0.0378 0.9622 
162      162   (0)      2 :  0.0180 0.9820 
163      163   (0)      2 :  0.0262 0.9738 
164      164   (0)      2 :  0.1378 0.8622 
165      165   (0)      2 :  0.0678 0.9322 
166      166   (0)      2 :  0.3328 0.6672 
167      167   (0)      2 :  0.0190 0.9810 
168      168   (0)      2 :  0.0690 0.9310 
169      169   (0)      2 :  0.0260 0.9740 
170      170   (0)      2 :  0.1440 0.8560 
171      171   (0)      2 :  0.0940 0.9060 
172      172   (0)      2 :  0.0190 0.9810 
173      173   (0)      2 :  0.0470 0.9530 
174      174   (0)      2 :  0.0532 0.9468 
175      175   (0)      2 :  0.0508 0.9492 
176      176   (0)      2 :  0.0310 0.9690 
177      177   (0)      2 :  0.0460 0.9540 
178      178   (0)      2 :  0.0540 0.9460 
179      179   (0)      2 :  0.4100 0.5900 
180      180   (0)      2 :  0.0810 0.9190 
181      181   (0)      2 :  0.0360 0.9640 
182      182   (0)      2 :  0.1358 0.8642 
183      183   (0)      2 :  0.1294 0.8706 
184      184   (0)      2 :  0.0440 0.9560 
185      185   (0)      2 :  0.0266 0.9734 
186      186   (0)      2 :  0.1492 0.8508 
187      187   (0)      2 :  0.0220 0.9780 
188      188   (0)      2 :  0.0712 0.9288 
189      189   (0)      2 :  0.0300 0.9700 
190      190   (0)      2 :  0.1586 0.8414 
191      191   (0)      2 :  0.0390 0.9610 
192      192   (0)      2 :  0.0210 0.9790 
193      193   (0)      2 :  0.0504 0.9496 
194      194   (0)      2 :  0.0834 0.9166 
195      195   (0)      2 :  0.0792 0.9208 
196      196   (0)      2 :  0.0328 0.9672 
197      197   (0)      2 :  0.0840 0.9160 
198      198   (0)      2 :  0.0568 0.9432 
199      199   (0)      2 :  0.1240 0.8760 
200      200   (0)      2 :  0.4190 0.5810 
201      201   (0)      3 :  0.2030 0.7970 
202      202   (0)      3 :  0.0780 0.9220 
203      203   (0)      3 :  0.2750 0.7250 
204      204   (0)      3 :  0.1664 0.8336 
205      205   (0)      3 :  0.3342 0.6658 
206      206   (0)      3 :  0.0470 0.9530 
207      207   (0)      3 :  0.1050 0.8950 
208      208   (0)      3 :  0.1412 0.8588 
209      209   (0)      3 :  0.5124 0.4876 
210      210   (0)      3 :  0.0790 0.9210 
211      211   (0)      3 :  0.1020 0.8980 
212      212   (0)      3 :  0.0204 0.9796 
213      213   (0)      3 :  0.2570 0.7430 
214      214   (0)      3 :  0.0558 0.9442 
215      215   (0)      3 :  0.1276 0.8724 
216      216   (0)      3 :  0.0310 0.9690 
217      217   (0)      3 :  0.4188 0.5812 
218      218   (0)      3 :  0.4040 0.5960 
219      219   (0)      3 :  0.2010 0.7990 
220      220   (0)      3 :  0.3048 0.6952 
221      221   (0)      3 :  0.4242 0.5758 
222      222   (0)      3 :  0.1626 0.8374 
223      223   (0)      3 :  0.1082 0.8918 
224      224   (0)      3 :  0.1476 0.8524 
225      225   (0)      3 :  0.3232 0.6768 
226      226   (0)      3 :  0.1672 0.8328 
227      227   (0)      3 :  0.0780 0.9220 
228      228   (0)      3 :  0.2980 0.7020 
229      229   (0)      3 :  0.2390 0.7610 
230      230   (0)      3 :  0.0390 0.9610 
231      231   (0)      3 :  0.2958 0.7042 
232      232   (0)      3 :  0.2566 0.7434 
233      233   (0)      3 :  0.0650 0.9350 
234      234   (0)      3 :  0.2650 0.7350 
235      235   (0)      3 :  0.0410 0.9590 
236      236   (0)      3 :  0.2546 0.7454 
237      237   (0)      3 :  0.0354 0.9646 
238      238   (0)      3 :  0.2030 0.7970 
239      239   (0)      3 :  0.1240 0.8760 
240      240   (0)      3 :  0.1830 0.8170 
241      241   (0)      3 :  0.2710 0.7290 
242      242   (0)      3 :  0.0824 0.9176 
243      243   (0)      3 :  0.1534 0.8466 
244      244   (0)      3 :  0.3588 0.6412 
245      245   (0)      3 :  0.3410 0.6590 
246      246   (0)      3 :  0.0630 0.9370 
247      247   (0)      3 :  0.2530 0.7470 
248      248   (0)      3 :  0.0560 0.9440 
249      249   (0)      3 :  0.2050 0.7950 
250      250   (0)      3 :  0.0220 0.9780 
251      251   (0)      3 :  0.1422 0.8578 
252      252   (0)      3 :  0.2434 0.7566 
253      253   (0)      3 :  0.1622 0.8378 
254      254   (0)      3 :  0.2102 0.7898 
255      255   (0)      3 :  0.0760 0.9240 
256      256   (0)      3 :  0.1394 0.8606 
257      257   (0)      3 :  0.1458 0.8542 
258      258   (0)      3 :  0.2020 0.7980 
259      259   (0)      3 :  0.1136 0.8864 
260      260   (0)      3 :  0.0756 0.9244 
261      261   (0)      3 :  0.2108 0.7892 
262      262   (0)      3 :  0.1552 0.8448 
263      263   (0)      3 :  0.1426 0.8574 
264      264   (0)      3 :  0.7316 0.2684 
265      265   (0)      3 :  0.0680 0.9320 
266      266   (0)      3 :  0.0470 0.9530 
267      267   (0)      3 :  0.1030 0.8970 
268      268   (0)      3 :  0.2430 0.7570 
269      269   (0)      3 :  0.2970 0.7030 
270      270   (0)      3 :  0.1796 0.8204 
271      271   (0)      3 :  0.0560 0.9440 
272      272   (0)      3 :  0.1060 0.8940 
273      273   (0)      3 :  0.0756 0.9244 
274      274   (0)      3 :  0.3260 0.6740 
275      275   (0)      3 :  0.2426 0.7574 
276      276   (0)      3 :  0.1418 0.8582 
277      277   (0)      3 :  0.2158 0.7842 
278      278   (0)      3 :  0.3240 0.6760 
279      279   (0)      3 :  0.1034 0.8966 
280      280   (0)      3 :  0.3288 0.6712 
281      281   (0)      3 :  0.2650 0.7350 
282      282   (0)      3 :  0.1600 0.8400 
283      283   (0)      3 :  0.2680 0.7320 
284      284   (0)      3 :  0.0628 0.9372 
285      285   (0)      3 :  0.1254 0.8746 
286      286   (0)      3 :  0.0290 0.9710 
287      287   (0)      3 :  0.3260 0.6740 
288      288   (0)      3 :  0.2174 0.7826 
289      289   (0)      3 :  0.0398 0.9602 
290      290   (0)      3 :  0.3300 0.6700 
291      291   (0)      3 :  0.1520 0.8480 
292      292   (0)      3 :  0.3170 0.6830 
293      293   (0)      3 :  0.3824 0.6176 
294      294   (0)      3 :  0.2538 0.7462 
295      295   (0)      3 :  0.3210 0.6790 
296      296   (0)      3 :  0.2110 0.7890 
297      297   (0)      3 :  0.1896 0.8104 
298      298   (0)      3 :  0.3580 0.6420 
299      299   (0)      3 :  0.3406 0.6594 
300      300   (0)      3 :  0.0320 0.9680 
301      301   (5)      4 :  0.3614 0.6386 
302      302   (0)      4 :  0.6770 0.3230 
303      303   (0)      4 :  0.5582 0.4418 
304      304   (5)      4 :  0.5932 0.4068 
305      305   (5)      4 :  0.6624 0.3376 
306      306   (0)      4 :  0.7664 0.2336 
307      307   (0)      5 :  0.4848 0.5152 
308      308   (0)      5 :  0.5696 0.4304 
309      309   (0)      5 :  0.2990 0.7010 
310      310   (0)      5 :  0.6486 0.3514 
311      311   (0)      5 :  0.4710 0.5290 
312      312   (0)      5 :  0.6520 0.3480 
313      313   (0)      5 :  0.4320 0.5680 
314      314   (0)      5 :  0.4524 0.5476 
315      315   (0)      5 :  0.6064 0.3936 
316      316   (0)      5 :  0.6440 0.3560 
317      317   (0)      5 :  0.5612 0.4388 
318      318   (0)      5 :  0.4710 0.5290 
319      319   (0)      5 :  0.4310 0.5690 
320      320   (0)      5 :  0.4626 0.5374 
321      321   (0)      5 :  0.5570 0.4430 
322      322   (0)      5 :  0.4582 0.5418 
323      323   (0)      5 :  0.4250 0.5750 
324      324   (0)      5 :  0.5832 0.4168 
325      325   (0)      5 :  0.5450 0.4550 
326      326   (0)      5 :  0.4690 0.5310 
327      327   (0)      5 :  0.6110 0.3890 
328      328   (0)      5 :  0.4386 0.5614 
329      329   (0)      5 :  0.5470 0.4530 
330      330   (0)      5 :  0.4428 0.5572 
331      331   (0)      5 :  0.4440 0.5560 
332      332   (0)      5 :  0.3950 0.6050 
333      333   (0)      5 :  0.4694 0.5306 
334      334   (0)      5 :  0.3980 0.6020 
335      335   (0)      5 :  0.4924 0.5076 
336      336   (0)      5 :  0.5120 0.4880 
337      337   (0)      5 :  0.5550 0.4450 
338      338   (0)      5 :  0.3072 0.6928 
339      339   (0)      5 :  0.7880 0.2120 
340      340   (0)      5 :  0.6324 0.3676 
341      341   (0)      5 :  0.4186 0.5814 
342      342   (0)      5 :  0.4000 0.6000 
343      343   (0)      5 :  0.4592 0.5408 
344      344   (0)      5 :  0.4718 0.5282 
345      345   (0)      5 :  0.4120 0.5880 
346      346   (0)      5 :  0.3498 0.6502 
347      347   (0)      5 :  0.5850 0.4150 
348      348   (0)      5 :  0.2200 0.7800 
349      349   (0)      5 :  0.4370 0.5630 
350      350   (0)      5 :  0.5170 0.4830 
351      351   (0)      5 :  0.5328 0.4672 
352      352   (0)      5 :  0.6670 0.3330 
353      353   (0)      5 :  0.5460 0.4540 
354      354   (0)      5 :  0.5574 0.4426 
355      355   (0)      5 :  0.5034 0.4966 
356      356   (0)      5 :  0.5098 0.4902 
357      357   (0)      5 :  0.4760 0.5240 
358      358   (0)      5 :  0.4950 0.5050 
359      359   (0)      5 :  0.5754 0.4246 
360      360   (0)      5 :  0.5016 0.4984 
361      361   (0)      5 :  0.5442 0.4558 
362      362   (0)      5 :  0.6770 0.3230 
363      363   (0)      5 :  0.4200 0.5800 
364      364   (0)      5 :  0.4940 0.5060 
365      365   (0)      5 :  0.1670 0.8330 
366      366   (0)      5 :  0.4644 0.5356 
367      367   (0)      5 :  0.3830 0.6170 
368      368   (0)      5 :  0.4930 0.5070 
369      369   (0)      5 :  0.5920 0.4080 
370      370   (0)      5 :  0.5340 0.4660 
371      371   (0)      5 :  0.4870 0.5130 
372      372   (0)      5 :  0.3344 0.6656 
373      373   (0)      5 :  0.4940 0.5060 
374      374   (0)      5 :  0.3230 0.6770 
375      375   (0)      5 :  0.3464 0.6536 
376      376   (0)      5 :  0.5590 0.4410 
377      377   (0)      5 :  0.4092 0.5908 
378      378   (0)      5 :  0.5780 0.4220 
379      379   (0)      5 :  0.4688 0.5312 
380      380   (0)      5 :  0.3608 0.6392 
381      381   (0)      5 :  0.4864 0.5136 
382      382   (0)      5 :  0.4044 0.5956 
383      383   (0)      5 :  0.6078 0.3922 
384      384   (0)      5 :  0.7448 0.2552 
385      385   (0)      5 :  0.5960 0.4040 
386      386   (0)      5 :  0.3792 0.6208 
387      387   (0)      5 :  0.5230 0.4770 
388      388   (0)      5 :  0.5128 0.4872 
389      389   (0)      5 :  0.3428 0.6572 
390      390   (0)      5 :  0.4740 0.5260 
391      391   (0)      5 :  0.6050 0.3950 
392      392   (0)      5 :  0.4802 0.5198 
393      393   (0)      5 :  0.5710 0.4290 
394      394   (0)      5 :  0.3172 0.6828 
395      395   (0)      5 :  0.4676 0.5324 
396      396   (0)      5 :  0.4632 0.5368 
397      397   (0)      5 :  0.3870 0.6130 
398      398   (0)      5 :  0.5564 0.4436 
399      399   (0)      5 :  0.5138 0.4862 
400      400   (0)      5 :  0.4670 0.5330 
401      401   (0)      5 :  0.4902 0.5098 
402      402   (0)      5 :  0.5528 0.4472 
403      403   (0)      5 :  0.3270 0.6730 
404      404   (0)      5 :  0.5180 0.4820 
405      405   (0)      5 :  0.5900 0.4100 
406      406   (0)      5 :  0.3770 0.6230 
407      407   (0)      6 :  0.9556 0.0444 
408      408   (0)      6 :  0.8860 0.1140 
409      409   (0)      7 :  0.9034 0.0966 
410      410   (0)      7 :  0.9350 0.0650 
411      411   (0)      7 :  0.6710 0.3290 
412      412   (0)      7 :  0.7660 0.2340 
413      413   (0)      7 :  0.8066 0.1934 
414      414   (0)      7 :  0.9260 0.0740 
415      415   (0)      7 :  0.8720 0.1280 
416      416   (0)      7 :  0.8184 0.1816 
417      417   (0)      7 :  0.8500 0.1500 
418      418   (0)      7 :  0.7702 0.2298 
419      419   (0)      7 :  0.7506 0.2494 
420      420   (0)      7 :  0.8018 0.1982 
421      421   (0)      7 :  0.8030 0.1970 
422      422   (0)      7 :  0.9260 0.0740 
423      423   (0)      7 :  0.9440 0.0560 
424      424   (0)      7 :  0.7590 0.2410 
425      425   (0)      7 :  0.8240 0.1760 
426      426   (0)      7 :  0.5462 0.4538 
427      427   (0)      7 :  0.4590 0.5410 
428      428   (0)      7 :  0.8490 0.1510 
429      429   (0)      7 :  0.8432 0.1568 
430      430   (0)      7 :  0.9358 0.0642 
431      431   (0)      7 :  0.9640 0.0360 
432      432   (0)      7 :  0.7500 0.2500 
433      433   (0)      7 :  0.6920 0.3080 
434      434   (0)      7 :  0.9450 0.0550 
435      435   (0)      7 :  0.7516 0.2484 
436      436   (0)      7 :  0.8298 0.1702 
437      437   (0)      7 :  0.8462 0.1538 
438      438   (0)      7 :  0.8136 0.1864 
439      439   (0)      7 :  0.9650 0.0350 
440      440   (0)      7 :  0.7740 0.2260 
441      441   (0)      7 :  0.9532 0.0468 
442      442   (0)      7 :  0.7240 0.2760 
443      443   (0)      7 :  0.6830 0.3170 
444      444   (0)      7 :  0.9180 0.0820 
445      445   (0)      7 :  0.8356 0.1644 
446      446   (0)      7 :  0.7982 0.2018 
447      447   (0)      7 :  0.7260 0.2740 
448      448   (0)      7 :  0.8510 0.1490 
449      449   (0)      7 :  0.9444 0.0556 
450      450   (0)      7 :  0.8112 0.1888 
451      451   (0)      7 :  0.6948 0.3052 
452      452   (0)      7 :  0.9510 0.0490 
453      453   (0)      7 :  0.6436 0.3564 
454      454   (0)      7 :  0.8092 0.1908 
455      455   (0)      7 :  0.7430 0.2570 
456      456   (0)      7 :  0.8360 0.1640 
457      457   (0)      7 :  0.6652 0.3348 
458      458   (0)      7 :  0.7120 0.2880 
459      459   (0)      7 :  0.7340 0.2660 
460      460   (0)      7 :  0.7020 0.2980 
461      461   (0)      7 :  0.9150 0.0850 
462      462   (0)      7 :  0.9206 0.0794 
463      463   (0)      7 :  0.9074 0.0926 
464      464   (0)      7 :  0.9200 0.0800 
465      465   (0)      7 :  0.9260 0.0740 
466      466   (0)      7 :  0.6168 0.3832 
467      467   (0)      7 :  0.8024 0.1976 
468      468   (0)      7 :  0.9758 0.0242 
469      469   (0)      7 :  0.4768 0.5232 
470      470   (0)      7 :  0.6952 0.3048 
471      471   (0)      7 :  0.8136 0.1864 
472      472   (0)      7 :  0.7210 0.2790 
473      473   (0)      7 :  0.8210 0.1790 
474      474   (0)      7 :  0.8710 0.1290 
475      475   (0)      7 :  0.9530 0.0470 
476      476   (0)      7 :  0.7960 0.2040 
477      477   (0)      7 :  0.6492 0.3508 
478      478   (0)      7 :  0.8230 0.1770 
479      479   (0)      7 :  0.7910 0.2090 
480      480   (0)      7 :  0.5820 0.4180 
481      481   (0)      7 :  0.8800 0.1200 
482      482   (0)      7 :  0.9620 0.0380 
483      483   (0)      7 :  0.7986 0.2014 
484      484   (0)      7 :  0.6700 0.3300 
485      485   (0)      7 :  0.7468 0.2532 
486      486   (0)      7 :  0.9100 0.0900 
487      487   (0)      7 :  0.9150 0.0850 
488      488   (0)      7 :  0.6788 0.3212 
489      489   (0)      7 :  0.8794 0.1206 
490      490   (0)      7 :  0.6950 0.3050 
491      491   (0)      7 :  0.8560 0.1440 
492      492   (0)      7 :  0.6260 0.3740 
493      493   (0)      7 :  0.9120 0.0880 
494      494   (0)      7 :  0.6520 0.3480 
495      495   (0)      7 :  0.9166 0.0834 
496      496   (0)      7 :  0.8596 0.1404 
497      497   (0)      7 :  0.8520 0.1480 
498      498   (0)      7 :  0.8540 0.1460 
499      499   (0)      7 :  0.9582 0.0418 
500      500   (0)      7 :  0.7940 0.2060 
501      501   (0)      7 :  0.6190 0.3810 
502      502   (0)      7 :  0.8772 0.1228 
503      503   (0)      7 :  0.7170 0.2830 
504      504   (0)      7 :  0.7246 0.2754 
505      505   (0)      7 :  0.6840 0.3160 
506      506   (0)      7 :  0.7226 0.2774 
507      507   (0)      7 :  0.6286 0.3714 
508      508   (0)      7 :  0.6862 0.3138 
509      509  (10)      8 :  0.9780 0.0220 
510      510   (5)      8 :  0.9720 0.0280 
511      511   (5)      8 :  0.9162 0.0838 
512      512   (5)      8 :  0.9800 0.0200 
513      513  (10)      8 :  0.9650 0.0350 
514      514   (5)      8 :  0.8690 0.1310 
515      515  (10)      8 :  0.9690 0.0310 
516      516   (0)      8 :  0.9190 0.0810 
517      517   (0)      8 :  0.9572 0.0428 
518      518   (0)      8 :  0.9800 0.0200 
519      519   (0)      8 :  0.9352 0.0648 
520      520   (0)      8 :  0.9104 0.0896 
521      521   (0)      8 :  0.9780 0.0220 
522      522   (0)      8 :  0.9760 0.0240 
523      523   (0)      8 :  0.9650 0.0350 
524      524   (0)      8 :  0.9570 0.0430 
525      525   (0)      8 :  0.9666 0.0334 
526      526   (0)      8 :  0.9012 0.0988 
527      527   (0)      8 :  0.9618 0.0382 
528      528   (5)      8 :  0.9636 0.0364 
529      529   (0)      8 :  0.9730 0.0270 
530      530   (0)      8 :  0.9370 0.0630 
531      531   (5)      8 :  0.9520 0.0480 
532      532   (5)      8 :  0.9656 0.0344 
533      533   (0)      8 :  0.8836 0.1164 
534      534   (0)      8 :  0.9382 0.0618 
535      535   (0)      8 :  0.8920 0.1080 
536      536   (0)      8 :  0.9800 0.0200 
537      537   (0)      8 :  0.9840 0.0160 
538      538   (0)      8 :  0.9830 0.0170 
539      539   (0)      8 :  0.9860 0.0140 
540      540   (0)      8 :  0.9660 0.0340 
541      541   (0)      8 :  0.9550 0.0450 
542      542   (0)      8 :  0.9458 0.0542 
543      543   (0)      8 :  0.9600 0.0400 
544      544   (0)      8 :  0.9460 0.0540 
545      545   (0)      8 :  0.8550 0.1450 
546      546   (0)      8 :  0.9760 0.0240 
547      547   (0)      8 :  0.9540 0.0460 
548      548   (0)      8 :  0.9500 0.0500 
549      549   (0)      8 :  0.9710 0.0290 
550      550   (0)      8 :  0.9652 0.0348 
551      551   (0)      9 :  0.7600 0.2400 
552      552   (0)      9 :  0.8076 0.1924 
553      553   (0)      9 :  0.9800 0.0200 
554      554   (0)      9 :  0.8372 0.1628 
555      555   (0)      9 :  0.8228 0.1772 
556      556   (0)      9 :  0.9308 0.0692 
557      557   (0)      9 :  0.9620 0.0380 
558      558   (0)      9 :  0.9680 0.0320 
559      559   (0)      9 :  0.9538 0.0462 
560      560   (0)      9 :  0.9510 0.0490 
561      561   (0)      9 :  0.9740 0.0260 
562      562   (0)      9 :  0.8826 0.1174 
563      563   (0)      9 :  0.8094 0.1906 
564      564   (0)      9 :  0.9374 0.0626 
565      565   (0)      9 :  0.9478 0.0522 
566      566   (0)      9 :  0.9020 0.0980 
567      567   (0)      9 :  0.9540 0.0460 
568      568   (0)      9 :  0.9484 0.0516 
569      569   (0)      9 :  0.8110 0.1890 
570      570   (0)      9 :  0.9480 0.0520 
571      571   (0)      9 :  0.9630 0.0370 
572      572   (0)      9 :  0.9340 0.0660 
573      573   (0)      9 :  0.9018 0.0982 
574      574   (0)      9 :  0.9266 0.0734 
575      575   (0)      9 :  0.9670 0.0330 
576      576   (0)      9 :  0.9722 0.0278 
577      577   (0)      9 :  0.8488 0.1512 
578      578   (0)      9 :  0.8466 0.1534 
579      579   (0)      9 :  0.9234 0.0766 
580      580   (0)      9 :  0.7204 0.2796 
581      581   (0)      9 :  0.9560 0.0440 
582      582   (0)      9 :  0.9252 0.0748 
583      583   (0)      9 :  0.9620 0.0380 
584      584   (0)      9 :  0.8292 0.1708 
585      585   (0)      9 :  0.9710 0.0290 
586      586   (0)      9 :  0.9770 0.0230 
587      587   (0)      9 :  0.8040 0.1960 
588      588   (0)      9 :  0.9720 0.0280 
589      589   (0)      9 :  0.9770 0.0230 
590      590   (0)      9 :  0.9750 0.0250 
591      591   (0)      9 :  0.9218 0.0782 
592      592   (0)      9 :  0.8404 0.1596 
593      593   (0)      9 :  0.9310 0.0690 
594      594   (0)      9 :  0.9790 0.0210 
595      595   (0)      9 :  0.9730 0.0270 
596      596   (0)      9 :  0.9420 0.0580 
597      597   (0)      9 :  0.9514 0.0486 
598      598   (0)      9 :  0.9690 0.0310 
599      599   (0)      9 :  0.8788 0.1212 
600      600   (0)      9 :  0.9524 0.0476 
601      601   (0)      9 :  0.8850 0.1150 
602      602   (0)      9 :  0.8936 0.1064 
603      603   (0)      9 :  0.9720 0.0280 
604      604   (0)      9 :  0.9218 0.0782 
605      605   (0)      9 :  0.9736 0.0264 
606      606   (0)      9 :  0.9666 0.0334 
607      607   (0)      9 :  0.9740 0.0260 
608      608   (0)      9 :  0.9640 0.0360 
609      609   (0)      9 :  0.9620 0.0380 
610      610   (0)      9 :  0.9700 0.0300 
611      611   (0)      9 :  0.8710 0.1290 
612      612   (0)      9 :  0.8250 0.1750 
613      613   (0)      9 :  0.9570 0.0430 
614      614   (0)      9 :  0.9170 0.0830 
615      615   (0)      9 :  0.9460 0.0540 
616      616   (0)      9 :  0.8958 0.1042 
617      617   (0)      9 :  0.8178 0.1822 
618      618   (0)      9 :  0.8070 0.1930 
619      619   (0)      9 :  0.9764 0.0236 
620      620   (0)      9 :  0.8018 0.1982 
621      621   (0)      9 :  0.9790 0.0210 
622      622   (0)      9 :  0.9420 0.0580 
623      623   (0)      9 :  0.8310 0.1690 
624      624   (0)      9 :  0.9620 0.0380 
625      625   (0)      9 :  0.9670 0.0330 
626      626   (0)      9 :  0.8330 0.1670 
627      627   (0)      9 :  0.9840 0.0160 
628      628   (0)      9 :  0.9500 0.0500 
629      629   (0)      9 :  0.9770 0.0230 
630      630   (0)      9 :  0.9432 0.0568 
631      631   (0)      9 :  0.8420 0.1580 
632      632   (0)      9 :  0.6172 0.3828 
633      633   (0)      9 :  0.9700 0.0300 
634      634   (0)      9 :  0.9700 0.0300 
635      635   (0)      9 :  0.9700 0.0300 
636      636   (0)      9 :  0.9400 0.0600 
637      637   (0)      9 :  0.9062 0.0938 
638      638   (0)      9 :  0.9340 0.0660 
639      639   (0)      9 :  0.8546 0.1454 
640      640   (0)      9 :  0.9200 0.0800 
641      641   (0)      9 :  0.9450 0.0550 
642      642   (0)      9 :  0.7980 0.2020 
643      643   (0)      9 :  0.9660 0.0340 
644      644   (0)      9 :  0.8660 0.1340 
645      645   (0)      9 :  0.9690 0.0310 
646      646   (0)      9 :  0.9730 0.0270 
647      647   (0)      9 :  0.9206 0.0794 
648      648   (0)      9 :  0.9540 0.0460 
649      649   (0)      9 :  0.8458 0.1542 
650      650   (0)      9 :  0.8840 0.1160 
651      651   (5)     10 :  0.9690 0.0310 
652      652   (0)     10 :  0.9840 0.0160 
653      653  (10)     10 :  0.9780 0.0220 
654      654  (10)     10 :  0.9820 0.0180 
655      655   (0)     10 :  0.9730 0.0270 
656      656   (0)     10 :  0.9550 0.0450 
657      657  (10)     10 :  0.9740 0.0260 
658      658   (5)     10 :  0.9840 0.0160 
659      659   (0)     10 :  0.9620 0.0380 
660      660   (0)     10 :  0.9800 0.0200 
661      661   (5)     10 :  0.9720 0.0280 
662      662   (0)     10 :  0.9730 0.0270 
663      663   (0)     10 :  0.9270 0.0730 
664      664   (0)     10 :  0.9840 0.0160 
665      665   (0)     10 :  0.9810 0.0190 
666      666   (5)     10 :  0.9800 0.0200 
667      667   (0)     10 :  0.9830 0.0170 
668      668  (10)     10 :  0.9800 0.0200 
669      669   (0)     10 :  0.9680 0.0320 
670      670  (10)     10 :  0.9830 0.0170 
671      671  (10)     10 :  0.9720 0.0280 
672      672   (0)     10 :  0.9800 0.0200 
673      673   (0)     10 :  0.9286 0.0714 
674      674   (5)     10 :  0.9740 0.0260 
675      675  (10)     10 :  0.9430 0.0570 
676      676   (5)     10 :  0.9610 0.0390 
677      677   (0)     10 :  0.9840 0.0160 
678      678  (10)     10 :  0.9780 0.0220 
679      679   (0)     10 :  0.9860 0.0140 
680      680   (0)     10 :  0.9790 0.0210 
681      681   (0)     10 :  0.9490 0.0510 
682      682   (0)     10 :  0.9830 0.0170 
683      683   (0)     10 :  0.9760 0.0240 
684      684   (0)     10 :  0.9800 0.0200 
685      685  (15)     10 :  0.9652 0.0348 
686      686   (0)     10 :  0.9720 0.0280 
687      687   (5)     10 :  0.9800 0.0200 
688      688   (5)     10 :  0.9348 0.0652 
689      689  (10)     10 :  0.9750 0.0250 
690      690   (0)     10 :  0.9820 0.0180 
691      691   (0)     10 :  0.9820 0.0180 
692      692   (0)     10 :  0.9750 0.0250 
693      693   (0)     10 :  0.9800 0.0200 
694      694   (0)     10 :  0.9810 0.0190 
695      695   (0)     10 :  0.9680 0.0320 
696      696   (5)     10 :  0.9826 0.0174 
697      697   (0)     10 :  0.9820 0.0180 
698      698   (5)     10 :  0.9730 0.0270 
699      699   (0)     10 :  0.9680 0.0320 
700      700   (0)     10 :  0.9720 0.0280 
701      701   (5)     10 :  0.9338 0.0662 
702      702   (5)     10 :  0.9780 0.0220 
703      703   (0)     10 :  0.9730 0.0270 
704      704   (0)     10 :  0.9850 0.0150 
705      705   (0)     10 :  0.9714 0.0286 
706      706   (0)     10 :  0.9770 0.0230 
707      707   (0)     10 :  0.9860 0.0140 
708      708   (5)     10 :  0.9780 0.0220 
709      709   (0)     10 :  0.9850 0.0150 
710      710   (0)     10 :  0.9750 0.0250 
711      711   (0)     10 :  0.9660 0.0340 
712      712   (0)     10 :  0.9860 0.0140 
713      713   (0)     10 :  0.9670 0.0330 
714      714   (0)     10 :  0.9516 0.0484 
715      715   (5)     10 :  0.9640 0.0360 
716      716   (0)     10 :  0.9810 0.0190 
717      717   (0)     10 :  0.9490 0.0510 
718      718   (0)     10 :  0.9720 0.0280 
719      719   (0)     10 :  0.9840 0.0160 
720      720   (0)     10 :  0.9850 0.0150 
721      721   (0)     10 :  0.9870 0.0130 
722      722   (5)     10 :  0.9850 0.0150 
723      723   (5)     10 :  0.9820 0.0180 
724      724   (5)     10 :  0.9840 0.0160 
725      725   (0)     10 :  0.9600 0.0400 
726      726   (0)     10 :  0.9810 0.0190 
727      727  (15)     10 :  0.9430 0.0570 
728      728   (0)     10 :  0.7020 0.2980 
729      729  (10)     10 :  0.9810 0.0190 
730      730   (0)     10 :  0.9840 0.0160 
731      731   (0)     10 :  0.9700 0.0300 
732      732   (0)     10 :  0.8000 0.2000 
733      733   (0)     10 :  0.9800 0.0200 
734      734   (0)     10 :  0.9840 0.0160 
735      735   (0)     10 :  0.9790 0.0210 
736      736   (0)     10 :  0.9550 0.0450 
737      737   (0)     10 :  0.9420 0.0580 
738      738   (0)     10 :  0.9840 0.0160 
739      739   (0)     10 :  0.9830 0.0170 
740      740   (0)     10 :  0.9330 0.0670 
741      741   (5)     10 :  0.9660 0.0340 
742      742   (0)     10 :  0.9878 0.0122 
743      743  (10)     10 :  0.9760 0.0240 
744      744   (0)     10 :  0.9830 0.0170 
745      745   (5)     10 :  0.9750 0.0250 
746      746  (10)     10 :  0.9690 0.0310 
747      747   (0)     10 :  0.9870 0.0130 
748      748   (0)     10 :  0.9840 0.0160 
749      749   (5)     10 :  0.9720 0.0280 
750      750   (0)     10 :  0.9750 0.0250 
