1        1   (5)      1  : 0.9830 0.0060 0.0050 0.0030 0.0030
2        2   (5)      1  : 0.9625 0.0060 0.0185 0.0050 0.0080
3        3   (5)      1  : 0.9900 0.0030 0.0020 0.0030 0.0020
4        4   (0)      1  : 0.9900 0.0030 0.0020 0.0020 0.0030
5        5   (0)      1  : 0.9180 0.0455 0.0060 0.0140 0.0165
6        6   (0)      1  : 0.9870 0.0040 0.0040 0.0020 0.0030
7        7   (0)      1  : 0.8941 0.0060 0.0350 0.0590 0.0060
8        8   (5)      1  : 0.9910 0.0020 0.0020 0.0020 0.0030
9        9   (0)      1  : 0.9920 0.0020 0.0020 0.0020 0.0020
10       10   (0)      1  : 0.9600 0.0040 0.0220 0.0080 0.0060
11       11   (0)      1  : 0.9835 0.0030 0.0055 0.0050 0.0030
12       12   (0)      1  : 0.9775 0.0040 0.0055 0.0060 0.0070
13       13   (0)      1  : 0.9880 0.0020 0.0030 0.0020 0.0050
14       14   (0)      1  : 0.9850 0.0040 0.0050 0.0030 0.0030
15       15   (0)      1  : 0.9860 0.0040 0.0040 0.0030 0.0030
16       16   (0)      1  : 0.9910 0.0030 0.0020 0.0020 0.0020
17       17   (0)      1  : 0.9920 0.0020 0.0020 0.0020 0.0020
18       18   (0)      1  : 0.9740 0.0110 0.0050 0.0050 0.0050
19       19   (0)      1  : 0.9775 0.0040 0.0020 0.0020 0.0145
20       20   (0)      1  : 0.9550 0.0120 0.0110 0.0150 0.0070
21       21   (0)      1  : 0.9910 0.0020 0.0020 0.0020 0.0030
22       22   (0)      1  : 0.9920 0.0020 0.0020 0.0020 0.0020
23       23   (0)      1  : 0.9910 0.0030 0.0020 0.0020 0.0020
24       24   (0)      1  : 0.9855 0.0045 0.0020 0.0020 0.0060
25       25   (0)      1  : 0.9590 0.0040 0.0070 0.0220 0.0080
26       26   (0)      1  : 0.9860 0.0030 0.0030 0.0020 0.0060
27       27   (5)      1  : 0.9580 0.0140 0.0100 0.0140 0.0040
28       28   (0)      1  : 0.9830 0.0080 0.0030 0.0040 0.0020
29       29   (0)      1  : 0.9910 0.0030 0.0020 0.0020 0.0020
30       30   (0)      1  : 0.9655 0.0070 0.0110 0.0070 0.0095
31       31   (0)      1  : 0.9900 0.0030 0.0020 0.0030 0.0020
32       32   (0)      1  : 0.9630 0.0210 0.0040 0.0030 0.0090
33       33   (0)      1  : 0.9910 0.0030 0.0020 0.0020 0.0020
34       34   (0)      1  : 0.9910 0.0030 0.0020 0.0020 0.0020
35       35   (0)      1  : 0.9640 0.0170 0.0070 0.0070 0.0050
36       36   (0)      1  : 0.9780 0.0140 0.0020 0.0030 0.0030
37       37   (0)      1  : 0.9730 0.0040 0.0050 0.0100 0.0080
38       38   (0)      1  : 0.9825 0.0030 0.0040 0.0030 0.0075
39       39   (0)      1  : 0.9720 0.0060 0.0120 0.0040 0.0060
40       40   (0)      1  : 0.9850 0.0050 0.0030 0.0030 0.0040
41       41   (0)      1  : 0.9880 0.0030 0.0030 0.0030 0.0030
42       42   (0)      1  : 0.9910 0.0020 0.0020 0.0020 0.0030
43       43   (0)      1  : 0.9880 0.0030 0.0040 0.0030 0.0020
44       44   (0)      1  : 0.9920 0.0020 0.0020 0.0020 0.0020
45       45   (5)      1  : 0.9800 0.0040 0.0060 0.0050 0.0050
46       46   (0)      1  : 0.9920 0.0030 0.0020 0.0020 0.0010
47       47   (0)      1  : 0.9840 0.0050 0.0050 0.0040 0.0020
48       48   (0)      1  : 0.9830 0.0050 0.0050 0.0040 0.0030
49       49   (0)      1  : 0.9765 0.0030 0.0090 0.0025 0.0090
50       50   (0)      1  : 0.9885 0.0030 0.0035 0.0030 0.0020
51       51   (0)      1  : 0.9820 0.0030 0.0045 0.0040 0.0065
52       52   (0)      1  : 0.9510 0.0060 0.0090 0.0110 0.0230
53       53   (0)      1  : 0.9795 0.0055 0.0040 0.0080 0.0030
54       54   (0)      1  : 0.9855 0.0035 0.0050 0.0040 0.0020
55       55   (0)      1  : 0.9870 0.0030 0.0030 0.0050 0.0020
56       56   (0)      1  : 0.9910 0.0030 0.0020 0.0020 0.0020
57       57  (10)      1  : 0.9850 0.0050 0.0020 0.0030 0.0050
58       58   (5)      1  : 0.9835 0.0050 0.0055 0.0030 0.0030
59       59   (0)      1  : 0.9855 0.0030 0.0045 0.0030 0.0040
60       60   (0)      1  : 0.9905 0.0020 0.0030 0.0025 0.0020
61       61   (0)      1  : 0.9860 0.0040 0.0030 0.0040 0.0030
62       62   (0)      1  : 0.9630 0.0040 0.0275 0.0030 0.0025
63       63   (0)      1  : 0.9830 0.0040 0.0050 0.0050 0.0030
64       64   (0)      1  : 0.9880 0.0030 0.0050 0.0020 0.0020
65       65   (0)      1  : 0.9580 0.0090 0.0110 0.0060 0.0160
66       66   (0)      1  : 0.9830 0.0100 0.0030 0.0020 0.0020
67       67   (5)      1  : 0.9740 0.0070 0.0040 0.0040 0.0110
68       68   (0)      1  : 0.9725 0.0070 0.0080 0.0095 0.0030
69       69   (0)      1  : 0.9810 0.0020 0.0050 0.0100 0.0020
70       70   (0)      1  : 0.9840 0.0050 0.0050 0.0030 0.0030
71       71   (5)      1  : 0.9780 0.0090 0.0040 0.0050 0.0040
72       72   (0)      1  : 0.9785 0.0035 0.0040 0.0050 0.0090
73       73   (5)      1  : 0.9870 0.0050 0.0030 0.0030 0.0020
74       74  (10)      1  : 0.9790 0.0050 0.0060 0.0050 0.0050
75       75  (10)      1  : 0.9760 0.0030 0.0030 0.0030 0.0150
76       76   (0)      1  : 0.9750 0.0170 0.0020 0.0030 0.0030
77       77  (10)      1  : 0.9860 0.0050 0.0030 0.0030 0.0030
78       78   (0)      1  : 0.9730 0.0120 0.0050 0.0040 0.0060
79       79   (5)      1  : 0.9840 0.0040 0.0060 0.0040 0.0020
80       80   (0)      1  : 0.9920 0.0020 0.0020 0.0020 0.0020
81       81   (0)      1  : 0.9910 0.0020 0.0020 0.0020 0.0030
82       82   (0)      1  : 0.9920 0.0020 0.0020 0.0020 0.0020
83       83   (0)      1  : 0.9820 0.0070 0.0040 0.0040 0.0030
84       84   (0)      1  : 0.9780 0.0040 0.0090 0.0030 0.0060
85       85   (0)      1  : 0.9910 0.0020 0.0030 0.0020 0.0020
86       86   (5)      1  : 0.9890 0.0020 0.0030 0.0030 0.0030
87       87   (0)      1  : 0.9900 0.0030 0.0020 0.0030 0.0020
88       88   (0)      1  : 0.8956 0.0824 0.0090 0.0050 0.0080
89       89   (0)      1  : 0.9700 0.0080 0.0030 0.0020 0.0170
90       90   (0)      1  : 0.9780 0.0120 0.0040 0.0040 0.0020
91       91   (0)      1  : 0.9850 0.0040 0.0050 0.0030 0.0030
92       92   (0)      1  : 0.9720 0.0100 0.0060 0.0090 0.0030
93       93   (0)      1  : 0.9920 0.0020 0.0020 0.0020 0.0020
94       94   (5)      1  : 0.9770 0.0060 0.0030 0.0030 0.0110
95       95   (0)      1  : 0.9890 0.0020 0.0040 0.0020 0.0030
96       96   (5)      1  : 0.9890 0.0020 0.0030 0.0030 0.0030
97       97   (0)      1  : 0.9835 0.0040 0.0050 0.0055 0.0020
98       98   (0)      1  : 0.9840 0.0040 0.0040 0.0040 0.0040
99       99   (5)      1  : 0.9890 0.0030 0.0030 0.0020 0.0030
100      100   (5)      1  : 0.9920 0.0020 0.0020 0.0020 0.0020
101      101   (5)      2  : 0.5937 0.0040 0.0100 0.3883 0.0040
102      102   (0)      2  : 0.3902 0.0395 0.4182 0.1251 0.0270
103      103   (0)      2  : 0.5772 0.0090 0.0715 0.3298 0.0125
104      104   (5)      2  : 0.5050 0.0130 0.4605 0.0145 0.0070
105      105   (5)      2  : 0.3892 0.0030 0.5958 0.0070 0.0050
106      106   (0)      2  : 0.4129 0.0170 0.3013 0.2187 0.0501
107      107   (0)      3  : 0.0115 0.0385 0.9105 0.0365 0.0030
108      108   (0)      3  : 0.1245 0.2270 0.3995 0.2460 0.0030
109      109  (10)      4  : 0.0020 0.0070 0.9850 0.0040 0.0020
110      110   (5)      4  : 0.0030 0.0050 0.9810 0.0060 0.0050
111      111   (5)      4  : 0.0090 0.0055 0.9805 0.0020 0.0030
112      112   (5)      4  : 0.0020 0.0045 0.9845 0.0070 0.0020
113      113  (10)      4  : 0.0030 0.0060 0.9830 0.0030 0.0050
114      114   (5)      4  : 0.0130 0.0050 0.9770 0.0020 0.0030
115      115  (10)      4  : 0.0030 0.0040 0.9890 0.0020 0.0020
116      116   (0)      4  : 0.0060 0.0120 0.8895 0.0210 0.0715
117      117   (0)      4  : 0.0040 0.0050 0.9850 0.0040 0.0020
118      118   (0)      4  : 0.0020 0.0030 0.9860 0.0050 0.0040
119      119   (0)      4  : 0.0070 0.0055 0.9795 0.0040 0.0040
120      120   (0)      4  : 0.0240 0.0060 0.9650 0.0030 0.0020
121      121   (0)      4  : 0.0030 0.0030 0.9870 0.0040 0.0030
122      122   (0)      4  : 0.0030 0.0040 0.9870 0.0030 0.0030
123      123   (0)      4  : 0.0030 0.0100 0.9800 0.0050 0.0020
124      124   (0)      4  : 0.0040 0.0070 0.9840 0.0020 0.0030
125      125   (0)      4  : 0.0030 0.0040 0.9890 0.0020 0.0020
126      126   (0)      4  : 0.0100 0.0040 0.9820 0.0020 0.0020
127      127   (0)      4  : 0.0060 0.0055 0.9710 0.0135 0.0040
128      128   (5)      4  : 0.0080 0.0030 0.9520 0.0140 0.0230
129      129   (0)      4  : 0.0030 0.0040 0.9740 0.0130 0.0060
130      130   (0)      4  : 0.0240 0.0090 0.9465 0.0140 0.0065
131      131   (5)      4  : 0.0110 0.0040 0.9760 0.0030 0.0060
132      132   (5)      4  : 0.0070 0.0040 0.9690 0.0120 0.0080
133      133   (0)      4  : 0.0930 0.0135 0.8401 0.0040 0.0495
134      134   (0)      4  : 0.0390 0.0050 0.9450 0.0070 0.0040
135      135   (0)      4  : 0.0090 0.0595 0.9190 0.0085 0.0040
136      136   (0)      4  : 0.0030 0.0030 0.9815 0.0095 0.0030
137      137   (0)      4  : 0.0020 0.0060 0.7855 0.2015 0.0050
138      138   (0)      4  : 0.0020 0.0050 0.9800 0.0100 0.0030
139      139   (0)      4  : 0.0020 0.0030 0.9181 0.0669 0.0100
140      140   (0)      4  : 0.0040 0.0110 0.9770 0.0060 0.0020
141      141   (0)      4  : 0.0070 0.0040 0.9620 0.0150 0.0120
142      142   (0)      4  : 0.0070 0.2091 0.7379 0.0300 0.0160
143      143   (0)      4  : 0.0080 0.0040 0.9750 0.0090 0.0040
144      144   (0)      4  : 0.0870 0.0070 0.5593 0.3407 0.0060
145      145   (0)      4  : 0.1470 0.1690 0.6440 0.0265 0.0135
146      146   (0)      4  : 0.0030 0.0035 0.0285 0.9600 0.0050
147      147   (0)      4  : 0.0130 0.0050 0.9015 0.0705 0.0100
148      148   (0)      4  : 0.0425 0.1386 0.6363 0.1796 0.0030
149      149   (0)      4  : 0.0030 0.0675 0.9195 0.0080 0.0020
150      150   (0)      4  : 0.0030 0.0380 0.9459 0.0110 0.0020
151      151  (10)      5  : 0.0020 0.0120 0.9565 0.0265 0.0030
152      152   (0)      5  : 0.0100 0.1220 0.0290 0.8360 0.0030
153      153   (0)      5  : 0.0205 0.0020 0.9160 0.0275 0.0340
154      154   (0)      5  : 0.0030 0.0075 0.8030 0.1825 0.0040
155      155   (0)      5  : 0.0040 0.0380 0.0050 0.9510 0.0020
156      156   (5)      5  : 0.0030 0.6022 0.0720 0.3188 0.0040
157      157   (0)      5  : 0.0020 0.0115 0.9480 0.0355 0.0030
158      158   (0)      5  : 0.0040 0.0060 0.0495 0.9385 0.0020
159      159   (0)      5  : 0.0020 0.0040 0.0030 0.9730 0.0180
160      160   (0)      5  : 0.0230 0.2076 0.7574 0.0100 0.0020
161      161   (0)      5  : 0.0020 0.0030 0.0055 0.4952 0.4942
162      162   (0)      5  : 0.0020 0.0030 0.0790 0.9110 0.0050
163      163   (0)      5  : 0.0020 0.0120 0.0190 0.9620 0.0050
164      164   (0)      5  : 0.0030 0.0050 0.0050 0.9850 0.0020
165      165   (5)      5  : 0.0070 0.0070 0.0861 0.8959 0.0040
166      166   (0)      5  : 0.0030 0.0050 0.0435 0.9455 0.0030
167      167   (0)      5  : 0.0040 0.0040 0.0070 0.9780 0.0070
168      168   (0)      5  : 0.0020 0.0030 0.0030 0.9890 0.0030
169      169   (0)      5  : 0.0020 0.0070 0.0470 0.9410 0.0030
170      170   (0)      5  : 0.0010 0.0020 0.0050 0.9900 0.0020
171      171   (0)      5  : 0.0030 0.0085 0.3202 0.6653 0.0030
172      172   (5)      5  : 0.0030 0.0070 0.0130 0.9710 0.0060
173      173   (5)      5  : 0.0040 0.0060 0.0060 0.9291 0.0549
174      174   (5)      5  : 0.0050 0.0250 0.8865 0.0785 0.0050
175      175   (0)      5  : 0.0200 0.0360 0.1380 0.8040 0.0020
176      176   (0)      5  : 0.0020 0.0380 0.6783 0.2796 0.0020
177      177   (0)      5  : 0.0020 0.0110 0.0770 0.9045 0.0055
178      178   (0)      5  : 0.0180 0.0250 0.1255 0.8295 0.0020
179      179   (0)      5  : 0.0020 0.0040 0.0760 0.9155 0.0025
180      180   (0)      5  : 0.0040 0.0030 0.0070 0.9820 0.0040
181      181   (0)      5  : 0.0040 0.0030 0.0050 0.9780 0.0100
182      182   (0)      5  : 0.0020 0.0040 0.0090 0.9750 0.0100
183      183   (0)      5  : 0.0020 0.0060 0.0940 0.8951 0.0030
184      184   (0)      5  : 0.0030 0.0070 0.9430 0.0420 0.0050
185      185   (0)      5  : 0.0030 0.0215 0.0040 0.9685 0.0030
186      186   (0)      5  : 0.0020 0.0020 0.0040 0.9880 0.0040
187      187   (5)      5  : 0.0040 0.0100 0.0210 0.9530 0.0120
188      188   (0)      5  : 0.0050 0.0040 0.7890 0.1970 0.0050
189      189   (0)      5  : 0.0020 0.0080 0.0555 0.9305 0.0040
190      190   (0)      5  : 0.0030 0.0035 0.9725 0.0180 0.0030
191      191   (0)      5  : 0.0030 0.0050 0.0120 0.9760 0.0040
192      192   (0)      5  : 0.0020 0.0030 0.9810 0.0110 0.0030
193      193   (5)      5  : 0.0020 0.0030 0.0050 0.9860 0.0040
194      194   (5)      5  : 0.0085 0.0085 0.4738 0.5022 0.0070
195      195   (5)      5  : 0.0020 0.0040 0.0070 0.9800 0.0070
196      196   (5)      5  : 0.0030 0.0030 0.0080 0.9750 0.0110
197      197   (5)      5  : 0.0060 0.0060 0.2345 0.7415 0.0120
198      198   (5)      5  : 0.0120 0.0050 0.5805 0.3935 0.0090
199      199   (0)      5  : 0.0040 0.0420 0.9379 0.0130 0.0030
200      200   (5)      5  : 0.0020 0.0040 0.0260 0.9630 0.0050
201      201   (0)      5  : 0.0030 0.9195 0.0250 0.0445 0.0080
202      202   (0)      5  : 0.0210 0.2344 0.7141 0.0060 0.0245
203      203   (0)      5  : 0.0020 0.0070 0.0265 0.9585 0.0060
204      204   (0)      5  : 0.0020 0.0030 0.0060 0.9870 0.0020
205      205   (0)      5  : 0.0030 0.0280 0.0050 0.9610 0.0030
206      206   (0)      5  : 0.0020 0.0080 0.8310 0.1510 0.0080
207      207   (0)      5  : 0.0020 0.0040 0.9165 0.0705 0.0070
208      208   (0)      5  : 0.0050 0.0576 0.1031 0.8313 0.0030
209      209   (0)      5  : 0.0020 0.0060 0.0040 0.9790 0.0090
210      210   (0)      5  : 0.0030 0.0080 0.1089 0.8761 0.0040
211      211   (0)      5  : 0.0030 0.3345 0.2925 0.3680 0.0020
212      212   (0)      5  : 0.0040 0.9825 0.0040 0.0065 0.0030
213      213   (0)      5  : 0.0010 0.0040 0.0040 0.9870 0.0040
214      214   (0)      5  : 0.0020 0.0060 0.0070 0.9820 0.0030
215      215   (0)      5  : 0.0030 0.0130 0.1009 0.8791 0.0040
216      216   (0)      5  : 0.0040 0.1626 0.2866 0.5438 0.0030
217      217   (0)      5  : 0.0030 0.0100 0.0995 0.8855 0.0020
218      218   (0)      5  : 0.0070 0.0385 0.1824 0.4293 0.3428
219      219   (0)      5  : 0.0030 0.0070 0.0040 0.9780 0.0080
220      220   (0)      5  : 0.0030 0.0210 0.0445 0.9245 0.0070
221      221   (0)      5  : 0.0020 0.0030 0.0040 0.9890 0.0020
222      222   (0)      5  : 0.0015 0.0020 0.0070 0.9875 0.0020
223      223   (0)      5  : 0.0200 0.0150 0.0930 0.8681 0.0040
224      224   (0)      5  : 0.0030 0.0170 0.0215 0.9555 0.0030
225      225   (0)      5  : 0.0020 0.0060 0.0060 0.9840 0.0020
226      226   (0)      5  : 0.0020 0.0160 0.0080 0.9710 0.0030
227      227   (0)      5  : 0.0040 0.0505 0.1916 0.7509 0.0030
228      228   (0)      5  : 0.0030 0.0040 0.0860 0.8930 0.0140
229      229   (0)      5  : 0.0045 0.0060 0.0140 0.9645 0.0110
230      230   (0)      5  : 0.0030 0.0200 0.0310 0.9429 0.0030
231      231   (0)      5  : 0.0020 0.0020 0.0140 0.2144 0.7676
232      232   (0)      5  : 0.0020 0.0040 0.0120 0.9790 0.0030
233      233   (0)      5  : 0.0030 0.0060 0.0285 0.9585 0.0040
234      234   (0)      5  : 0.0020 0.0040 0.0070 0.9820 0.0050
235      235   (0)      5  : 0.0010 0.0030 0.0070 0.9870 0.0020
236      236   (0)      5  : 0.0030 0.0040 0.0040 0.9860 0.0030
237      237   (0)      5  : 0.0030 0.0060 0.0170 0.9720 0.0020
238      238   (0)      5  : 0.0020 0.0070 0.0075 0.9775 0.0060
239      239   (0)      5  : 0.0020 0.0110 0.8804 0.0996 0.0070
240      240   (0)      5  : 0.0020 0.0070 0.3533 0.6327 0.0050
241      241   (0)      5  : 0.0020 0.0110 0.1456 0.8323 0.0090
242      242   (0)      5  : 0.0030 0.0030 0.0030 0.9890 0.0020
243      243  (10)      5  : 0.0050 0.0120 0.1524 0.1219 0.7086
244      244   (0)      5  : 0.0020 0.0030 0.0030 0.9890 0.0030
245      245   (0)      5  : 0.0020 0.0040 0.9740 0.0160 0.0040
246      246   (0)      5  : 0.0030 0.0165 0.0045 0.9680 0.0080
247      247   (0)      5  : 0.0030 0.0030 0.0030 0.9810 0.0100
248      248   (0)      5  : 0.0045 0.0125 0.0050 0.9750 0.0030
249      249   (0)      5  : 0.0020 0.0030 0.0050 0.9880 0.0020
250      250   (0)      5  : 0.0020 0.0605 0.0145 0.9190 0.0040
251      251   (0)      5  : 0.0010 0.0020 0.0050 0.9900 0.0020
252      252   (0)      5  : 0.0010 0.0025 0.0150 0.9785 0.0030
253      253   (0)      5  : 0.0040 0.0060 0.0060 0.9730 0.0110
254      254   (0)      5  : 0.0010 0.0030 0.0165 0.9755 0.0040
255      255   (0)      5  : 0.0020 0.0030 0.1259 0.8621 0.0070
256      256   (0)      6  : 0.0110 0.0060 0.9710 0.0050 0.0070
257      257  (10)      6  : 0.0040 0.0030 0.9780 0.0070 0.0080
258      258  (10)      6  : 0.0040 0.0365 0.9090 0.0325 0.0180
259      259   (5)      6  : 0.0020 0.0030 0.0080 0.9840 0.0030
260      260   (5)      6  : 0.0020 0.0030 0.9484 0.0365 0.0100
261      261   (0)      6  : 0.0020 0.0040 0.0030 0.9870 0.0040
262      262   (5)      6  : 0.0020 0.0030 0.0040 0.9860 0.0050
263      263   (5)      6  : 0.0020 0.0030 0.0030 0.9850 0.0070
264      264   (0)      6  : 0.0020 0.0030 0.0100 0.9820 0.0030
265      265   (0)      6  : 0.0020 0.0040 0.0180 0.9730 0.0030
266      266   (0)      6  : 0.0020 0.0040 0.0185 0.9725 0.0030
267      267   (0)      6  : 0.0030 0.1460 0.5080 0.3380 0.0050
268      268   (0)      6  : 0.0020 0.0040 0.0070 0.9840 0.0030
269      269   (5)      6  : 0.0020 0.0050 0.9670 0.0220 0.0040
270      270   (5)      6  : 0.0050 0.0040 0.9790 0.0090 0.0030
271      271  (10)      6  : 0.0045 0.0275 0.6403 0.3217 0.0060
272      272   (0)      6  : 0.0020 0.0070 0.0110 0.9750 0.0050
273      273   (5)      6  : 0.0050 0.0150 0.0030 0.9705 0.0065
274      274   (5)      6  : 0.0030 0.0085 0.6787 0.3078 0.0020
275      275   (0)      6  : 0.0020 0.0050 0.0030 0.9880 0.0020
276      276   (5)      6  : 0.0020 0.0245 0.0120 0.9555 0.0060
277      277   (0)      6  : 0.0090 0.0080 0.9185 0.0625 0.0020
278      278   (5)      6  : 0.0010 0.0030 0.0060 0.9850 0.0050
279      279   (0)      6  : 0.0020 0.0040 0.8119 0.1651 0.0170
280      280   (0)      6  : 0.0030 0.0020 0.0030 0.9840 0.0080
281      281   (0)      6  : 0.0030 0.0030 0.0040 0.9860 0.0040
282      282   (0)      6  : 0.0020 0.0030 0.0030 0.9880 0.0040
283      283   (0)      6  : 0.0040 0.0275 0.6067 0.3478 0.0140
284      284   (0)      6  : 0.0030 0.0030 0.0020 0.9850 0.0070
285      285   (0)      6  : 0.0050 0.0030 0.0040 0.9820 0.0060
286      286   (0)      6  : 0.0030 0.0030 0.0030 0.9890 0.0020
287      287   (0)      6  : 0.0050 0.0050 0.0030 0.9720 0.0150
288      288   (0)      6  : 0.0020 0.0030 0.0050 0.9860 0.0040
289      289   (0)      6  : 0.0040 0.0175 0.9211 0.0534 0.0040
290      290   (0)      6  : 0.0040 0.0060 0.9680 0.0160 0.0060
291      291   (0)      6  : 0.0010 0.0030 0.9830 0.0100 0.0030
292      292   (0)      6  : 0.0075 0.0080 0.8766 0.1059 0.0020
293      293   (0)      6  : 0.0020 0.0020 0.9830 0.0110 0.0020
294      294   (5)      6  : 0.0040 0.0060 0.0220 0.9630 0.0050
295      295   (5)      6  : 0.0020 0.0040 0.0040 0.9850 0.0050
296      296   (0)      6  : 0.0040 0.0060 0.1837 0.8043 0.0020
297      297  (15)      6  : 0.0050 0.0070 0.9680 0.0140 0.0060
298      298  (10)      6  : 0.0020 0.0030 0.0135 0.9745 0.0070
299      299  (10)      6  : 0.0020 0.0060 0.9595 0.0295 0.0030
300      300  (10)      6  : 0.0030 0.0170 0.9325 0.0425 0.0050
301      301   (5)      6  : 0.0020 0.0070 0.0105 0.9765 0.0040
302      302   (5)      6  : 0.0020 0.0080 0.9790 0.0050 0.0060
303      303   (5)      6  : 0.0020 0.0045 0.9855 0.0060 0.0020
304      304   (5)      6  : 0.0020 0.0040 0.0030 0.9870 0.0040
305      305   (5)      6  : 0.0040 0.0525 0.6730 0.2595 0.0110
306      306   (5)      6  : 0.0020 0.0090 0.9810 0.0060 0.0020
307      307  (15)      6  : 0.0090 0.0240 0.9380 0.0160 0.0130
308      308   (5)      6  : 0.0080 0.0070 0.9730 0.0070 0.0050
309      309   (5)      6  : 0.0020 0.0040 0.9810 0.0100 0.0030
310      310  (15)      6  : 0.0025 0.0060 0.9775 0.0080 0.0060
311      311   (5)      6  : 0.0130 0.0664 0.8796 0.0280 0.0130
312      312   (5)      6  : 0.0425 0.0275 0.9025 0.0165 0.0110
313      313   (5)      6  : 0.0030 0.0120 0.9180 0.0640 0.0030
314      314   (5)      6  : 0.0020 0.0030 0.0030 0.9870 0.0050
315      315  (10)      6  : 0.0030 0.0050 0.0275 0.9605 0.0040
316      316   (5)      6  : 0.0020 0.0040 0.0100 0.9530 0.0310
317      317   (5)      6  : 0.0030 0.0095 0.0680 0.9175 0.0020
318      318  (10)      6  : 0.0020 0.0100 0.0110 0.9640 0.0130
319      319  (10)      6  : 0.0030 0.0185 0.9150 0.0605 0.0030
320      320  (10)      6  : 0.0070 0.0060 0.9725 0.0115 0.0030
321      321  (10)      6  : 0.0125 0.0190 0.9485 0.0100 0.0100
322      322   (5)      6  : 0.0020 0.0140 0.9100 0.0690 0.0050
323      323  (10)      6  : 0.0030 0.0130 0.9670 0.0100 0.0070
324      324   (0)      6  : 0.0010 0.0030 0.0070 0.9800 0.0090
325      325   (5)      6  : 0.0020 0.0030 0.0055 0.9845 0.0050
326      326   (0)      6  : 0.0020 0.0040 0.9695 0.0215 0.0030
327      327   (0)      6  : 0.0010 0.0020 0.7819 0.2131 0.0020
328      328   (0)      6  : 0.0020 0.0040 0.9840 0.0070 0.0030
329      329   (0)      6  : 0.0060 0.0030 0.8390 0.1470 0.0050
330      330   (0)      6  : 0.0020 0.0075 0.9835 0.0050 0.0020
331      331   (0)      6  : 0.0110 0.0040 0.6460 0.3130 0.0260
332      332   (0)      6  : 0.0030 0.0070 0.9390 0.0110 0.0400
333      333  (10)      6  : 0.0020 0.0030 0.9850 0.0070 0.0030
334      334  (10)      6  : 0.0080 0.9630 0.0130 0.0110 0.0050
335      335   (0)      6  : 0.0125 0.0120 0.9655 0.0040 0.0060
336      336   (5)      6  : 0.0385 0.3162 0.5973 0.0430 0.0050
337      337   (0)      6  : 0.0020 0.0050 0.9830 0.0050 0.0050
338      338   (5)      6  : 0.0170 0.0185 0.9480 0.0110 0.0055
339      339   (5)      6  : 0.0020 0.0095 0.0160 0.9590 0.0135
340      340   (5)      6  : 0.0060 0.0070 0.3355 0.6290 0.0225
341      341  (10)      6  : 0.0020 0.0040 0.9620 0.0270 0.0050
342      342   (0)      6  : 0.0030 0.0155 0.1431 0.8354 0.0030
343      343   (0)      6  : 0.0020 0.0050 0.9550 0.0330 0.0050
344      344   (0)      6  : 0.0510 0.4258 0.5142 0.0050 0.0040
345      345   (0)      6  : 0.0040 0.0090 0.0430 0.9410 0.0030
346      346   (0)      6  : 0.0050 0.1050 0.2410 0.6420 0.0070
347      347   (0)      6  : 0.0020 0.0040 0.0235 0.9675 0.0030
348      348   (0)      6  : 0.0020 0.0060 0.0180 0.9560 0.0180
349      349   (0)      6  : 0.0030 0.0280 0.9490 0.0100 0.0100
350      350   (0)      6  : 0.0020 0.0055 0.0170 0.9625 0.0130
351      351   (0)      6  : 0.0020 0.0050 0.9860 0.0040 0.0030
352      352   (0)      6  : 0.0020 0.0055 0.9810 0.0095 0.0020
353      353   (0)      6  : 0.0110 0.4702 0.4092 0.0425 0.0670
354      354   (0)      6  : 0.0050 0.7606 0.2054 0.0160 0.0130
355      355   (0)      6  : 0.0060 0.9010 0.0570 0.0200 0.0160
356      356   (0)      6  : 0.0020 0.0110 0.0050 0.9770 0.0050
357      357   (0)      6  : 0.0070 0.0060 0.9710 0.0060 0.0100
358      358   (0)      6  : 0.0020 0.0030 0.9720 0.0200 0.0030
359      359   (5)      6  : 0.0040 0.0090 0.9665 0.0145 0.0060
360      360   (0)      6  : 0.0030 0.0799 0.0599 0.8521 0.0050
361      361   (5)      6  : 0.2414 0.2924 0.4543 0.0080 0.0040
362      362   (0)      6  : 0.0030 0.0175 0.5020 0.4745 0.0030
363      363   (0)      6  : 0.0095 0.3295 0.0175 0.5800 0.0635
364      364   (0)      6  : 0.0040 0.0300 0.9580 0.0050 0.0030
365      365   (0)      6  : 0.0045 0.0695 0.8409 0.0780 0.0070
366      366   (0)      6  : 0.0020 0.0040 0.0100 0.9800 0.0040
367      367   (0)      6  : 0.0020 0.0040 0.0210 0.9660 0.0070
368      368   (0)      6  : 0.0070 0.0230 0.9270 0.0265 0.0165
369      369   (0)      6  : 0.0020 0.0040 0.9860 0.0060 0.0020
370      370   (0)      6  : 0.0030 0.0140 0.0501 0.9299 0.0030
371      371   (0)      6  : 0.0020 0.0060 0.0600 0.9290 0.0030
372      372   (0)      6  : 0.0050 0.5948 0.0475 0.2586 0.0940
373      373   (0)      6  : 0.0020 0.0040 0.0150 0.9760 0.0030
374      374   (0)      6  : 0.0030 0.0050 0.9830 0.0070 0.0020
375      375   (5)      6  : 0.0020 0.0070 0.9765 0.0095 0.0050
376      376   (0)      6  : 0.0080 0.0100 0.9350 0.0330 0.0140
377      377   (0)      6  : 0.0030 0.0365 0.9395 0.0150 0.0060
378      378   (0)      6  : 0.0030 0.0030 0.9630 0.0280 0.0030
379      379  (10)      6  : 0.0020 0.0080 0.9090 0.0740 0.0070
380      380   (0)      6  : 0.0020 0.0030 0.9880 0.0050 0.0020
381      381   (0)      6  : 0.0020 0.0040 0.0205 0.9705 0.0030
382      382   (0)      6  : 0.0020 0.0040 0.9820 0.0080 0.0040
383      383  (10)      6  : 0.0040 0.0290 0.8511 0.1069 0.0090
384      384   (5)      6  : 0.0020 0.0110 0.9820 0.0030 0.0020
385      385   (0)      6  : 0.0020 0.0040 0.9820 0.0090 0.0030
386      386   (5)      6  : 0.0030 0.0040 0.1600 0.8290 0.0040
387      387   (5)      6  : 0.0015 0.0030 0.0170 0.9755 0.0030
388      388  (10)      6  : 0.0040 0.0165 0.4250 0.5515 0.0030
389      389   (0)      6  : 0.0020 0.0030 0.9530 0.0360 0.0060
390      390   (5)      6  : 0.0040 0.0060 0.9695 0.0170 0.0035
391      391  (10)      6  : 0.0020 0.0060 0.0100 0.9750 0.0070
392      392   (0)      6  : 0.0030 0.0040 0.9875 0.0035 0.0020
393      393   (0)      6  : 0.0220 0.0140 0.9360 0.0200 0.0080
394      394   (0)      6  : 0.0020 0.0300 0.8739 0.0910 0.0030
395      395   (0)      6  : 0.0030 0.0170 0.9545 0.0200 0.0055
396      396   (0)      6  : 0.0040 0.0060 0.1645 0.8215 0.0040
397      397   (0)      6  : 0.0050 0.0040 0.1804 0.8086 0.0020
398      398   (0)      6  : 0.0020 0.0110 0.0870 0.8921 0.0080
399      399   (0)      6  : 0.0020 0.0020 0.0030 0.9900 0.0030
400      400   (0)      6  : 0.0010 0.0030 0.0040 0.9880 0.0040
401      401   (5)      6  : 0.0060 0.0490 0.8846 0.0575 0.0030
402      402   (0)      6  : 0.0010 0.0030 0.0050 0.9880 0.0030
403      403   (0)      6  : 0.0080 0.0075 0.0745 0.8530 0.0570
404      404   (0)      6  : 0.0030 0.0060 0.6873 0.3007 0.0030
405      405   (5)      6  : 0.0050 0.0105 0.9585 0.0120 0.0140
406      406   (0)      6  : 0.0020 0.0040 0.9780 0.0120 0.0040
407      407   (0)      6  : 0.0120 0.0805 0.8651 0.0280 0.0145
408      408   (0)      6  : 0.0020 0.0030 0.0030 0.9890 0.0030
409      409   (0)      6  : 0.0020 0.1270 0.2775 0.5790 0.0145
410      410   (0)      6  : 0.0040 0.0070 0.0170 0.9680 0.0040
411      411   (0)      6  : 0.0040 0.0050 0.2298 0.7373 0.0240
412      412   (0)      6  : 0.0070 0.0070 0.9760 0.0070 0.0030
413      413   (0)      6  : 0.0030 0.0030 0.2035 0.7875 0.0030
414      414   (0)      6  : 0.0020 0.0040 0.0045 0.9845 0.0050
415      415   (0)      6  : 0.0150 0.0240 0.8876 0.0685 0.0050
416      416   (0)      6  : 0.0020 0.0140 0.0460 0.8830 0.0550
417      417   (0)      6  : 0.0010 0.0030 0.0110 0.9810 0.0040
418      418   (0)      6  : 0.0030 0.0085 0.2003 0.7842 0.0040
419      419   (0)      6  : 0.0020 0.0030 0.0040 0.9890 0.0020
420      420   (0)      6  : 0.0010 0.0030 0.9890 0.0050 0.0020
421      421   (0)      6  : 0.0020 0.0030 0.0085 0.9835 0.0030
422      422   (0)      6  : 0.0020 0.0050 0.9505 0.0385 0.0040
423      423   (0)      6  : 0.0040 0.0040 0.9830 0.0060 0.0030
424      424   (0)      6  : 0.0020 0.0030 0.0120 0.9800 0.0030
425      425   (0)      6  : 0.0020 0.0030 0.0260 0.9670 0.0020
426      426  (10)      6  : 0.0040 0.0100 0.1520 0.8280 0.0060
427      427   (5)      6  : 0.0020 0.4184 0.2523 0.3153 0.0120
428      428  (10)      6  : 0.0020 0.0040 0.9770 0.0130 0.0040
429      429   (5)      6  : 0.0985 0.0260 0.8464 0.0110 0.0180
430      430  (10)      6  : 0.0020 0.0050 0.0145 0.9665 0.0120
431      431  (10)      6  : 0.0020 0.0040 0.9480 0.0070 0.0390
432      432   (0)      6  : 0.0030 0.0030 0.0030 0.9870 0.0040
433      433   (5)      6  : 0.0050 0.0080 0.6157 0.3628 0.0085
434      434   (5)      6  : 0.0190 0.0275 0.9129 0.0355 0.0050
435      435  (10)      6  : 0.0030 0.0030 0.9640 0.0195 0.0105
436      436   (0)      6  : 0.0020 0.0030 0.0050 0.9840 0.0060
437      437   (0)      6  : 0.0030 0.0030 0.0145 0.9765 0.0030
438      438   (0)      6  : 0.0020 0.0030 0.0225 0.9695 0.0030
439      439   (0)      6  : 0.0020 0.0025 0.0060 0.9875 0.0020
440      440   (0)      6  : 0.0080 0.0050 0.9275 0.0080 0.0515
441      441   (0)      6  : 0.0375 0.3502 0.6043 0.0060 0.0020
442      442   (0)      6  : 0.0240 0.0040 0.9540 0.0120 0.0060
443      443   (0)      6  : 0.0020 0.0130 0.4175 0.5650 0.0025
444      444   (0)      6  : 0.0020 0.0050 0.9720 0.0190 0.0020
445      445   (5)      6  : 0.0090 0.7498 0.2183 0.0170 0.0060
446      446   (0)      6  : 0.0070 0.8135 0.1655 0.0050 0.0090
447      447   (0)      6  : 0.0020 0.0230 0.9460 0.0180 0.0110
448      448  (10)      6  : 0.0130 0.1491 0.8179 0.0110 0.0090
449      449   (5)      6  : 0.0040 0.0080 0.9491 0.0200 0.0190
450      450   (0)      6  : 0.0010 0.0040 0.9770 0.0150 0.0030
451      451   (5)      6  : 0.0060 0.9575 0.0175 0.0080 0.0110
452      452   (5)      6  : 0.0030 0.0080 0.9350 0.0450 0.0090
453      453   (0)      6  : 0.0020 0.0040 0.9680 0.0190 0.0070
454      454   (0)      6  : 0.0330 0.0050 0.7085 0.2465 0.0070
455      455   (0)      6  : 0.0030 0.0070 0.8775 0.1085 0.0040
456      456   (0)      6  : 0.0060 0.2991 0.6808 0.0110 0.0030
457      457   (0)      6  : 0.0020 0.0335 0.1224 0.8281 0.0140
458      458   (0)      6  : 0.0040 0.0060 0.9720 0.0100 0.0080
459      459   (0)      6  : 0.0020 0.0030 0.9785 0.0135 0.0030
460      460   (0)      6  : 0.0020 0.0155 0.0255 0.9530 0.0040
461      461   (0)      6  : 0.0020 0.0040 0.9605 0.0315 0.0020
462      462   (0)      6  : 0.0020 0.0040 0.9440 0.0460 0.0040
463      463   (0)      6  : 0.0040 0.0030 0.0050 0.9840 0.0040
464      464   (0)      6  : 0.0020 0.0045 0.0195 0.9710 0.0030
465      465   (0)      6  : 0.0030 0.0130 0.0240 0.9580 0.0020
466      466   (0)      6  : 0.0020 0.0040 0.0050 0.9870 0.0020
467      467   (0)      6  : 0.0020 0.0020 0.0030 0.9870 0.0060
468      468   (0)      6  : 0.0030 0.0030 0.0050 0.9850 0.0040
469      469   (0)      6  : 0.0020 0.0020 0.0030 0.9870 0.0060
470      470   (0)      6  : 0.0020 0.0030 0.0080 0.9840 0.0030
471      471   (0)      6  : 0.0020 0.0020 0.0030 0.9910 0.0020
472      472   (0)      6  : 0.0020 0.0030 0.0040 0.9880 0.0030
473      473   (0)      6  : 0.0020 0.0030 0.0100 0.9820 0.0030
474      474   (0)      6  : 0.0020 0.0210 0.8830 0.0475 0.0465
475      475   (0)      6  : 0.0020 0.0160 0.0080 0.9690 0.0050
476      476   (0)      6  : 0.0040 0.0030 0.9560 0.0160 0.0210
477      477   (0)      6  : 0.0050 0.0040 0.9840 0.0040 0.0030
478      478   (0)      6  : 0.0020 0.0030 0.0480 0.9430 0.0040
479      479   (0)      6  : 0.0045 0.0090 0.0030 0.9795 0.0040
480      480   (0)      6  : 0.0020 0.0040 0.0160 0.9740 0.0040
481      481   (0)      6  : 0.0020 0.0050 0.0030 0.9870 0.0030
482      482   (0)      6  : 0.0020 0.0080 0.0080 0.9790 0.0030
483      483   (0)      6  : 0.0040 0.0390 0.6944 0.2566 0.0060
484      484   (0)      6  : 0.0055 0.0090 0.9470 0.0275 0.0110
485      485   (0)      6  : 0.0020 0.0040 0.9790 0.0120 0.0030
486      486   (0)      6  : 0.0030 0.0040 0.9720 0.0150 0.0060
487      487   (0)      6  : 0.0020 0.0020 0.0020 0.9910 0.0030
488      488   (0)      6  : 0.0060 0.0070 0.9111 0.0070 0.0689
489      489   (0)      6  : 0.0030 0.0040 0.0105 0.9805 0.0020
490      490   (0)      6  : 0.0020 0.0030 0.9800 0.0130 0.0020
491      491   (0)      6  : 0.0030 0.0130 0.9645 0.0145 0.0050
492      492   (0)      6  : 0.0040 0.0100 0.5566 0.4264 0.0030
493      493   (0)      6  : 0.0020 0.0060 0.9390 0.0480 0.0050
494      494   (0)      6  : 0.0020 0.0210 0.9640 0.0100 0.0030
495      495   (0)      6  : 0.0020 0.0030 0.0040 0.9890 0.0020
496      496   (5)      7  : 0.0250 0.2621 0.6433 0.0655 0.0040
497      497   (0)      7  : 0.0030 0.7432 0.2417 0.0080 0.0040
498      498   (0)      7  : 0.0050 0.6860 0.2730 0.0190 0.0170
499      499   (0)      7  : 0.0030 0.8831 0.0949 0.0100 0.0090
500      500   (0)      7  : 0.0030 0.0495 0.9304 0.0100 0.0070
501      501   (0)      7  : 0.0870 0.2625 0.6415 0.0040 0.0050
502      502   (0)      7  : 0.0045 0.4852 0.4782 0.0230 0.0090
503      503   (0)      7  : 0.0210 0.0885 0.8079 0.0180 0.0645
504      504   (0)      7  : 0.0030 0.8070 0.1260 0.0480 0.0160
505      505   (0)      7  : 0.0030 0.0030 0.1115 0.8805 0.0020
506      506   (0)      7  : 0.0060 0.0335 0.9470 0.0095 0.0040
507      507   (0)      7  : 0.0040 0.3100 0.5975 0.0775 0.0110
508      508   (0)      7  : 0.0040 0.0090 0.9375 0.0365 0.0130
509      509   (0)      7  : 0.0040 0.7501 0.2119 0.0290 0.0050
510      510   (0)      7  : 0.0060 0.6132 0.2824 0.0325 0.0660
511      511   (0)      7  : 0.0010 0.0030 0.3400 0.6520 0.0040
512      512   (0)      7  : 0.0020 0.4200 0.4190 0.1560 0.0030
513      513   (0)      7  : 0.0225 0.3333 0.5842 0.0570 0.0030
514      514   (0)      7  : 0.0020 0.0080 0.9730 0.0150 0.0020
515      515   (0)      7  : 0.0090 0.1615 0.7830 0.0445 0.0020
516      516   (0)      7  : 0.0090 0.0120 0.5160 0.3775 0.0855
517      517   (0)      7  : 0.0050 0.3128 0.4623 0.2159 0.0040
518      518   (0)      7  : 0.0040 0.8495 0.1115 0.0200 0.0150
519      519   (0)      7  : 0.0040 0.8610 0.0785 0.0230 0.0335
520      520   (0)      7  : 0.0340 0.0060 0.9470 0.0110 0.0020
521      521   (0)      7  : 0.0040 0.4255 0.2485 0.3150 0.0070
522      522   (0)      7  : 0.0030 0.6442 0.1919 0.1429 0.0180
523      523   (0)      7  : 0.0040 0.9705 0.0175 0.0040 0.0040
524      524   (0)      7  : 0.0050 0.3723 0.5907 0.0180 0.0140
525      525   (0)      7  : 0.0110 0.3228 0.6286 0.0355 0.0020
526      526   (0)      7  : 0.0280 0.0080 0.9435 0.0045 0.0160
527      527  (10)      7  : 0.0030 0.0050 0.8646 0.1234 0.0040
528      528   (5)      7  : 0.0130 0.4210 0.0660 0.4710 0.0290
529      529   (0)      7  : 0.0050 0.9850 0.0040 0.0040 0.0020
530      530   (0)      7  : 0.0040 0.9290 0.0580 0.0070 0.0020
531      531   (0)      7  : 0.0050 0.9219 0.0521 0.0060 0.0150
532      532   (0)      7  : 0.0040 0.9210 0.0560 0.0150 0.0040
533      533   (0)      7  : 0.0070 0.9560 0.0280 0.0040 0.0050
534      534   (0)      7  : 0.0020 0.9090 0.0810 0.0060 0.0020
535      535   (0)      7  : 0.0080 0.8846 0.0855 0.0140 0.0080
536      536   (0)      7  : 0.0060 0.7757 0.2083 0.0070 0.0030
537      537   (0)      7  : 0.0020 0.9705 0.0150 0.0085 0.0040
538      538   (5)      7  : 0.0060 0.6444 0.2088 0.1369 0.0040
539      539   (0)      7  : 0.0030 0.9760 0.0060 0.0020 0.0130
540      540   (0)      7  : 0.0020 0.6385 0.3380 0.0185 0.0030
541      541   (0)      7  : 0.0030 0.7961 0.1614 0.0355 0.0040
542      542   (0)      7  : 0.0165 0.5738 0.2941 0.1086 0.0070
543      543   (0)      7  : 0.0020 0.9300 0.0610 0.0040 0.0030
544      544   (5)      7  : 0.0030 0.8835 0.0290 0.0705 0.0140
545      545   (0)      7  : 0.0100 0.8826 0.0904 0.0090 0.0080
546      546   (0)      7  : 0.0030 0.9680 0.0050 0.0070 0.0170
547      547   (0)      7  : 0.0020 0.9850 0.0070 0.0030 0.0030
548      548   (0)      7  : 0.0030 0.9725 0.0100 0.0095 0.0050
549      549   (0)      7  : 0.0020 0.0070 0.9525 0.0315 0.0070
550      550   (0)      7  : 0.0020 0.0906 0.8584 0.0090 0.0400
551      551   (5)      7  : 0.0050 0.5487 0.3493 0.0885 0.0085
552      552   (5)      7  : 0.0030 0.9820 0.0060 0.0070 0.0020
553      553   (0)      7  : 0.0030 0.9059 0.0521 0.0360 0.0030
554      554   (0)      7  : 0.0020 0.9660 0.0190 0.0060 0.0070
555      555   (0)      7  : 0.0050 0.9295 0.0160 0.0465 0.0030
556      556   (0)      7  : 0.0020 0.9075 0.0695 0.0170 0.0040
557      557   (0)      7  : 0.0100 0.2795 0.1610 0.5435 0.0060
558      558   (0)      7  : 0.0070 0.9190 0.0560 0.0120 0.0060
559      559   (0)      7  : 0.0040 0.5622 0.2959 0.1349 0.0030
560      560   (0)      7  : 0.0020 0.6490 0.2765 0.0685 0.0040
561      561   (0)      7  : 0.0020 0.8358 0.0521 0.1001 0.0100
562      562   (0)      7  : 0.0020 0.7816 0.1874 0.0250 0.0040
563      563   (0)      7  : 0.0040 0.4780 0.4695 0.0455 0.0030
564      564   (0)      8  : 0.0040 0.5345 0.0185 0.4341 0.0090
565      565   (0)      8  : 0.0030 0.8669 0.0345 0.0865 0.0090
566      566   (0)      8  : 0.0180 0.2336 0.7334 0.0110 0.0040
567      567   (0)      8  : 0.0060 0.9085 0.0585 0.0195 0.0075
568      568   (0)      8  : 0.0030 0.9364 0.0140 0.0415 0.0050
569      569   (0)      8  : 0.0020 0.9700 0.0180 0.0070 0.0030
570      570   (0)      8  : 0.0030 0.8915 0.0305 0.0680 0.0070
571      571   (0)      8  : 0.0120 0.9480 0.0260 0.0110 0.0030
572      572   (0)      8  : 0.0040 0.9485 0.0280 0.0105 0.0090
573      573   (0)      8  : 0.0040 0.8395 0.0360 0.1085 0.0120
574      574   (0)      8  : 0.0020 0.9735 0.0125 0.0090 0.0030
575      575   (0)      8  : 0.0060 0.9660 0.0090 0.0120 0.0070
576      576   (0)      8  : 0.0030 0.6955 0.2950 0.0045 0.0020
577      577   (0)      8  : 0.0030 0.8666 0.0940 0.0225 0.0140
578      578   (0)      8  : 0.0060 0.9770 0.0070 0.0070 0.0030
579      579   (0)      8  : 0.0020 0.9640 0.0180 0.0130 0.0030
580      580   (0)      8  : 0.0020 0.9840 0.0040 0.0060 0.0040
581      581   (0)      8  : 0.0070 0.8791 0.0930 0.0140 0.0070
582      582   (0)      8  : 0.0025 0.9615 0.0280 0.0050 0.0030
583      583   (0)      8  : 0.0020 0.9800 0.0090 0.0040 0.0050
584      584   (0)      8  : 0.0030 0.9525 0.0090 0.0300 0.0055
585      585   (0)      8  : 0.0030 0.9770 0.0050 0.0040 0.0110
586      586   (0)      8  : 0.0020 0.9645 0.0080 0.0050 0.0205
587      587   (0)      8  : 0.0020 0.9440 0.0090 0.0050 0.0400
588      588   (0)      8  : 0.0020 0.9800 0.0090 0.0040 0.0050
589      589   (0)      8  : 0.0080 0.9705 0.0105 0.0080 0.0030
590      590   (0)      8  : 0.0040 0.9015 0.0865 0.0060 0.0020
591      591   (0)      8  : 0.0080 0.9605 0.0135 0.0120 0.0060
592      592   (0)      8  : 0.0355 0.9545 0.0050 0.0020 0.0030
593      593   (0)      8  : 0.0040 0.9660 0.0050 0.0090 0.0160
594      594   (0)      8  : 0.0040 0.9540 0.0210 0.0100 0.0110
595      595   (0)      9  : 0.0040 0.9750 0.0110 0.0050 0.0050
596      596   (0)      9  : 0.0050 0.9780 0.0030 0.0110 0.0030
597      597   (0)      9  : 0.0030 0.9750 0.0050 0.0090 0.0080
598      598   (0)      9  : 0.0020 0.9570 0.0120 0.0220 0.0070
599      599   (0)      9  : 0.0020 0.9860 0.0040 0.0040 0.0040
600      600   (0)      9  : 0.0110 0.9660 0.0110 0.0070 0.0050
601      601   (0)      9  : 0.0120 0.9760 0.0040 0.0060 0.0020
602      602   (0)      9  : 0.0375 0.9495 0.0050 0.0050 0.0030
603      603   (0)      9  : 0.0170 0.9625 0.0100 0.0065 0.0040
604      604   (0)      9  : 0.0030 0.9600 0.0050 0.0020 0.0300
605      605   (0)      9  : 0.0030 0.9890 0.0040 0.0020 0.0020
606      606   (0)      9  : 0.0030 0.9870 0.0030 0.0040 0.0030
607      607   (0)      9  : 0.0020 0.9700 0.0120 0.0130 0.0030
608      608   (0)      9  : 0.0040 0.9780 0.0070 0.0070 0.0040
609      609   (0)      9  : 0.0080 0.7235 0.2565 0.0090 0.0030
610      610  (10)      9  : 0.0040 0.9790 0.0070 0.0060 0.0040
611      611   (0)      9  : 0.0040 0.9780 0.0050 0.0090 0.0040
612      612   (0)      9  : 0.0190 0.9055 0.0330 0.0250 0.0175
613      613   (0)      9  : 0.0030 0.9545 0.0235 0.0100 0.0090
614      614   (0)      9  : 0.0030 0.9840 0.0030 0.0060 0.0040
615      615   (5)      9  : 0.0040 0.9840 0.0030 0.0060 0.0030
616      616   (0)      9  : 0.0030 0.9665 0.0085 0.0110 0.0110
617      617   (0)      9  : 0.0025 0.9845 0.0040 0.0070 0.0020
618      618   (0)      9  : 0.0270 0.9500 0.0060 0.0080 0.0090
619      619   (0)      9  : 0.0090 0.9790 0.0070 0.0020 0.0030
620      620   (0)      9  : 0.0030 0.9780 0.0070 0.0060 0.0060
621      621   (0)      9  : 0.0040 0.9880 0.0030 0.0030 0.0020
622      622   (5)      9  : 0.0020 0.9880 0.0050 0.0030 0.0020
623      623   (0)      9  : 0.0075 0.9655 0.0120 0.0100 0.0050
624      624   (0)      9  : 0.0040 0.9685 0.0125 0.0100 0.0050
625      625   (0)      9  : 0.0030 0.9805 0.0085 0.0060 0.0020
626      626   (0)      9  : 0.0070 0.9305 0.0235 0.0230 0.0160
627      627   (0)      9  : 0.0030 0.9695 0.0205 0.0040 0.0030
628      628   (0)      9  : 0.0020 0.9140 0.0510 0.0120 0.0210
629      629   (0)      9  : 0.0030 0.9260 0.0620 0.0040 0.0050
630      630   (0)      9  : 0.0020 0.9730 0.0090 0.0110 0.0050
631      631   (0)      9  : 0.0020 0.9870 0.0060 0.0030 0.0020
632      632   (5)      9  : 0.0030 0.9680 0.0120 0.0070 0.0100
633      633   (0)      9  : 0.0030 0.9805 0.0055 0.0080 0.0030
634      634   (0)      9  : 0.0070 0.9760 0.0100 0.0040 0.0030
635      635   (0)      9  : 0.0020 0.9800 0.0070 0.0070 0.0040
636      636   (5)      9  : 0.0585 0.9170 0.0145 0.0050 0.0050
637      637   (5)      9  : 0.0020 0.9835 0.0055 0.0030 0.0060
638      638  (10)      9  : 0.0040 0.9810 0.0040 0.0070 0.0040
639      639   (5)      9  : 0.0030 0.9880 0.0030 0.0030 0.0030
640      640   (5)      9  : 0.0020 0.9895 0.0030 0.0030 0.0025
641      641   (5)      9  : 0.0050 0.9760 0.0090 0.0040 0.0060
642      642   (5)      9  : 0.0050 0.9475 0.0130 0.0315 0.0030
643      643   (5)      9  : 0.0030 0.9800 0.0070 0.0040 0.0060
644      644  (10)      9  : 0.0030 0.8870 0.0445 0.0615 0.0040
645      645   (5)      9  : 0.0070 0.9235 0.0150 0.0475 0.0070
646      646   (5)      9  : 0.0030 0.9810 0.0090 0.0040 0.0030
647      647   (5)      9  : 0.0040 0.8501 0.0220 0.1034 0.0205
648      648   (5)     10  : 0.0040 0.0040 0.0050 0.0060 0.9810
649      649   (0)     10  : 0.0090 0.0225 0.0240 0.0190 0.9256
650      650   (0)     10  : 0.0020 0.0040 0.0030 0.0030 0.9880
651      651   (0)     10  : 0.0140 0.0195 0.0040 0.1944 0.7681
652      652   (0)     10  : 0.0030 0.0025 0.0040 0.0060 0.9845
653      653   (0)     10  : 0.0040 0.0280 0.0080 0.0075 0.9525
654      654   (0)     10  : 0.0020 0.0020 0.0030 0.0030 0.9900
655      655   (0)     10  : 0.0050 0.0040 0.0040 0.0030 0.9840
656      656   (0)     10  : 0.0090 0.0070 0.0035 0.0030 0.9775
657      657   (0)     10  : 0.0040 0.0070 0.0090 0.0070 0.9730
658      658   (0)     10  : 0.0010 0.0020 0.0020 0.0020 0.9930
659      659   (0)     10  : 0.0020 0.0020 0.0030 0.0030 0.9900
660      660   (0)     10  : 0.0090 0.0100 0.0120 0.0080 0.9610
661      661   (5)     10  : 0.0010 0.0020 0.0020 0.0020 0.9930
662      662   (0)     10  : 0.0060 0.0030 0.0160 0.0020 0.9730
663      663   (0)     10  : 0.0020 0.0020 0.0020 0.0020 0.9920
664      664   (0)     10  : 0.0040 0.0080 0.0070 0.0050 0.9760
665      665   (0)     10  : 0.0040 0.0030 0.0040 0.0030 0.9860
666      666   (0)     10  : 0.0090 0.0110 0.0040 0.0030 0.9730
667      667   (0)     10  : 0.0020 0.0020 0.0020 0.0020 0.9920
668      668   (0)     10  : 0.0020 0.0030 0.0020 0.0020 0.9910
669      669   (0)     10  : 0.0040 0.0060 0.0040 0.0030 0.9830
670      670   (0)     10  : 0.0020 0.0020 0.0020 0.0020 0.9920
671      671   (0)     10  : 0.0010 0.0020 0.0020 0.0020 0.9930
672      672   (0)     10  : 0.0010 0.0010 0.0020 0.0020 0.9940
673      673   (0)     10  : 0.0020 0.0030 0.0030 0.0020 0.9900
674      674   (0)     10  : 0.0030 0.0020 0.0020 0.0030 0.9900
675      675   (0)     10  : 0.0020 0.0020 0.0020 0.0020 0.9920
676      676   (5)     11  : 0.0040 0.9860 0.0030 0.0030 0.0040
677      677   (0)     11  : 0.0085 0.9830 0.0040 0.0025 0.0020
678      678   (0)     11  : 0.0030 0.9860 0.0030 0.0040 0.0040
679      679   (0)     11  : 0.0030 0.9890 0.0030 0.0030 0.0020
680      680   (5)     11  : 0.0030 0.9880 0.0040 0.0030 0.0020
681      681   (0)     11  : 0.0090 0.9800 0.0040 0.0030 0.0040
682      682   (0)     11  : 0.0519 0.9331 0.0060 0.0050 0.0040
683      683   (0)     11  : 0.0050 0.9830 0.0060 0.0040 0.0020
684      684   (0)     11  : 0.0110 0.9760 0.0040 0.0040 0.0050
685      685   (0)     11  : 0.1971 0.7919 0.0040 0.0020 0.0050
686      686   (0)     11  : 0.0030 0.9890 0.0030 0.0030 0.0020
687      687   (0)     11  : 0.0180 0.9760 0.0020 0.0020 0.0020
688      688   (5)     11  : 0.0120 0.9760 0.0060 0.0040 0.0020
689      689   (0)     11  : 0.0080 0.9785 0.0030 0.0050 0.0055
690      690   (0)     11  : 0.0040 0.9860 0.0040 0.0040 0.0020
691      691   (0)     11  : 0.0030 0.9900 0.0020 0.0030 0.0020
692      692   (0)     11  : 0.0310 0.9600 0.0030 0.0030 0.0030
693      693   (0)     11  : 0.0030 0.9855 0.0020 0.0020 0.0075
694      694   (0)     11  : 0.0050 0.9740 0.0080 0.0060 0.0070
695      695   (0)     11  : 0.0320 0.9570 0.0030 0.0050 0.0030
696      696   (0)     11  : 0.0040 0.9840 0.0050 0.0050 0.0020
697      697   (0)     11  : 0.0020 0.9870 0.0040 0.0040 0.0030
698      698   (0)     11  : 0.0040 0.9820 0.0050 0.0050 0.0040
699      699   (0)     11  : 0.0360 0.9530 0.0030 0.0030 0.0050
700      700   (0)     11  : 0.0030 0.9875 0.0035 0.0030 0.0030
701      701   (0)     11  : 0.0040 0.9870 0.0030 0.0030 0.0030
702      702   (0)     11  : 0.0040 0.9860 0.0040 0.0030 0.0030
703      703   (0)     12  : 0.0020 0.9880 0.0040 0.0040 0.0020
704      704   (0)     12  : 0.0030 0.9810 0.0050 0.0050 0.0060
705      705   (0)     12  : 0.0040 0.9710 0.0090 0.0100 0.0060
706      706   (0)     12  : 0.0030 0.9850 0.0040 0.0060 0.0020
707      707   (0)     12  : 0.0090 0.9530 0.0250 0.0080 0.0050
708      708   (0)     12  : 0.0050 0.9295 0.0180 0.0080 0.0395
709      709   (0)     12  : 0.0055 0.9655 0.0190 0.0030 0.0070
710      710   (0)     12  : 0.0020 0.9855 0.0040 0.0055 0.0030
711      711   (0)     12  : 0.0020 0.9850 0.0050 0.0050 0.0030
712      712   (0)     12  : 0.0020 0.9620 0.0070 0.0110 0.0180
713      713   (0)     12  : 0.0020 0.9595 0.0165 0.0170 0.0050
714      714   (0)     12  : 0.0040 0.9850 0.0050 0.0040 0.0020
715      715   (0)     12  : 0.0030 0.9780 0.0050 0.0080 0.0060
716      716   (0)     12  : 0.0020 0.9750 0.0060 0.0090 0.0080
717      717   (0)     12  : 0.0030 0.9785 0.0070 0.0070 0.0045
718      718   (0)     12  : 0.0020 0.9740 0.0040 0.0070 0.0130
719      719   (0)     12  : 0.0450 0.9381 0.0060 0.0070 0.0040
720      720   (0)     12  : 0.0200 0.9500 0.0090 0.0110 0.0100
721      721   (0)     12  : 0.0070 0.8306 0.0645 0.0170 0.0810
722      722   (0)     12  : 0.0030 0.9610 0.0130 0.0200 0.0030
723      723   (0)     12  : 0.0060 0.9129 0.0030 0.0050 0.0731
724      724   (0)     12  : 0.0090 0.8485 0.0070 0.0360 0.0995
725      725   (5)     12  : 0.0030 0.9580 0.0070 0.0100 0.0220
726      726   (0)     12  : 0.0040 0.9830 0.0050 0.0050 0.0030
727      727   (0)     12  : 0.0090 0.9590 0.0050 0.0040 0.0230
728      728   (0)     12  : 0.0050 0.9525 0.0220 0.0155 0.0050
729      729   (0)     12  : 0.0030 0.8670 0.0060 0.0080 0.1160
730      730   (0)     12  : 0.0070 0.9770 0.0050 0.0050 0.0060
731      731   (0)     12  : 0.0020 0.7730 0.0040 0.0045 0.2165
732      732   (0)     12  : 0.0020 0.9850 0.0040 0.0070 0.0020
733      733   (5)     12  : 0.0030 0.9765 0.0055 0.0110 0.0040
734      734   (0)     12  : 0.0020 0.9790 0.0050 0.0070 0.0070
735      735   (0)     12  : 0.0050 0.9670 0.0090 0.0070 0.0120
736      736   (0)     12  : 0.0030 0.9850 0.0050 0.0050 0.0020
737      737   (0)     12  : 0.0050 0.8311 0.0060 0.0040 0.1539
738      738   (0)     12  : 0.0040 0.9670 0.0080 0.0170 0.0040
739      739   (5)     12  : 0.0050 0.9710 0.0110 0.0080 0.0050
740      740   (5)     12  : 0.0070 0.9350 0.0060 0.0060 0.0460
741      741   (5)     12  : 0.0060 0.9685 0.0070 0.0095 0.0090
742      742   (5)     12  : 0.0100 0.9660 0.0080 0.0060 0.0100
