1        1   (5)      1  : 0.9700 0.0300
2        2   (5)      1  : 0.9570 0.0430
3        3   (5)      1  : 0.9800 0.0200
4        4   (0)      1  : 0.9710 0.0290
5        5   (0)      1  : 0.9410 0.0590
6        6   (0)      1  : 0.9770 0.0230
7        7   (0)      1  : 0.9526 0.0474
8        8   (5)      1  : 0.9750 0.0250
9        9   (0)      1  : 0.9790 0.0210
10       10   (0)      1  : 0.9560 0.0440
11       11   (0)      1  : 0.9730 0.0270
12       12   (0)      1  : 0.9600 0.0400
13       13   (0)      1  : 0.9540 0.0460
14       14   (0)      1  : 0.9760 0.0240
15       15   (0)      1  : 0.9810 0.0190
16       16   (0)      1  : 0.9800 0.0200
17       17   (0)      1  : 0.9810 0.0190
18       18   (0)      1  : 0.9690 0.0310
19       19   (0)      1  : 0.9456 0.0544
20       20   (0)      1  : 0.9514 0.0486
21       21   (0)      1  : 0.9740 0.0260
22       22   (0)      1  : 0.9850 0.0150
23       23   (0)      1  : 0.9810 0.0190
24       24   (0)      1  : 0.9646 0.0354
25       25   (0)      1  : 0.9560 0.0440
26       26   (0)      1  : 0.9590 0.0410
27       27   (5)      1  : 0.9670 0.0330
28       28   (0)      1  : 0.9840 0.0160
29       29   (0)      1  : 0.9800 0.0200
30       30   (0)      1  : 0.9670 0.0330
31       31   (0)      1  : 0.9810 0.0190
32       32   (0)      1  : 0.9478 0.0522
33       33   (0)      1  : 0.9770 0.0230
34       34   (0)      1  : 0.9822 0.0178
35       35   (0)      1  : 0.9650 0.0350
36       36   (0)      1  : 0.9750 0.0250
37       37   (0)      1  : 0.9630 0.0370
38       38   (0)      1  : 0.9640 0.0360
39       39   (0)      1  : 0.9700 0.0300
40       40   (0)      1  : 0.9670 0.0330
41       41   (0)      1  : 0.9740 0.0260
42       42   (0)      1  : 0.9810 0.0190
43       43   (0)      1  : 0.9790 0.0210
44       44   (0)      1  : 0.9850 0.0150
45       45   (5)      1  : 0.9640 0.0360
46       46   (0)      1  : 0.9860 0.0140
47       47   (0)      1  : 0.9850 0.0150
48       48   (0)      1  : 0.9760 0.0240
49       49   (0)      1  : 0.9670 0.0330
50       50   (0)      1  : 0.9730 0.0270
51       51   (0)      1  : 0.9606 0.0394
52       52   (0)      1  : 0.9002 0.0998
53       53   (0)      1  : 0.9750 0.0250
54       54   (0)      1  : 0.9840 0.0160
55       55   (0)      1  : 0.9800 0.0200
56       56   (0)      1  : 0.9780 0.0220
57       57  (10)      1  : 0.9610 0.0390
58       58   (5)      1  : 0.9750 0.0250
59       59   (0)      1  : 0.9716 0.0284
60       60   (0)      1  : 0.9752 0.0248
61       61   (0)      1  : 0.9730 0.0270
62       62   (0)      1  : 0.9784 0.0216
63       63   (0)      1  : 0.9736 0.0264
64       64   (0)      1  : 0.9770 0.0230
65       65   (0)      1  : 0.9272 0.0728
66       66   (0)      1  : 0.9810 0.0190
67       67   (5)      1  : 0.9390 0.0610
68       68   (0)      1  : 0.9720 0.0280
69       69   (0)      1  : 0.9830 0.0170
70       70   (0)      1  : 0.9770 0.0230
71       71   (5)      1  : 0.9750 0.0250
72       72   (0)      1  : 0.9600 0.0400
73       73   (5)      1  : 0.9810 0.0190
74       74  (10)      1  : 0.9650 0.0350
75       75  (10)      1  : 0.9548 0.0452
76       76   (0)      1  : 0.9740 0.0260
77       77  (10)      1  : 0.9720 0.0280
78       78   (0)      1  : 0.9540 0.0460
79       79   (5)      1  : 0.9806 0.0194
80       80   (0)      1  : 0.9790 0.0210
81       81   (0)      1  : 0.9790 0.0210
82       82   (0)      1  : 0.9792 0.0208
83       83   (0)      1  : 0.9740 0.0260
84       84   (0)      1  : 0.9540 0.0460
85       85   (0)      1  : 0.9820 0.0180
86       86   (5)      1  : 0.9760 0.0240
87       87   (0)      1  : 0.9770 0.0230
88       88   (0)      1  : 0.9464 0.0536
89       89   (0)      1  : 0.9070 0.0930
90       90   (0)      1  : 0.9780 0.0220
91       91   (0)      1  : 0.9750 0.0250
92       92   (0)      1  : 0.9768 0.0232
93       93   (0)      1  : 0.9830 0.0170
94       94   (5)      1  : 0.9460 0.0540
95       95   (0)      1  : 0.9760 0.0240
96       96   (5)      1  : 0.9760 0.0240
97       97   (0)      1  : 0.9834 0.0166
98       98   (0)      1  : 0.9680 0.0320
99       99   (5)      1  : 0.9680 0.0320
100      100   (5)      1  : 0.9830 0.0170
101      101   (0)      2  : 0.9264 0.0736
102      102   (0)      2  : 0.9700 0.0300
103      103   (0)      2  : 0.9720 0.0280
104      104   (0)      2  : 0.9120 0.0880
105      105   (0)      2  : 0.8140 0.1860
106      106   (0)      2  : 0.9600 0.0400
107      107   (0)      2  : 0.9420 0.0580
108      108   (0)      2  : 0.9360 0.0640
109      109   (0)      2  : 0.9590 0.0410
110      110   (0)      2  : 0.9042 0.0958
111      111   (0)      2  : 0.9090 0.0910
112      112   (0)      2  : 0.9720 0.0280
113      113   (0)      2  : 0.8898 0.1102
114      114   (0)      2  : 0.9310 0.0690
115      115   (0)      2  : 0.6830 0.3170
116      116   (0)      2  : 0.9590 0.0410
117      117   (0)      2  : 0.9548 0.0452
118      118   (0)      2  : 0.9678 0.0322
119      119   (0)      2  : 0.9760 0.0240
120      120   (0)      2  : 0.9112 0.0888
121      121   (0)      2  : 0.9410 0.0590
122      122   (0)      2  : 0.9710 0.0290
123      123   (0)      2  : 0.9630 0.0370
124      124   (0)      2  : 0.9270 0.0730
125      125   (0)      2  : 0.9460 0.0540
126      126   (0)      2  : 0.9702 0.0298
127      127   (0)      2  : 0.9210 0.0790
128      128   (0)      2  : 0.8478 0.1522
129      129   (0)      2  : 0.8870 0.1130
130      130   (0)      2  : 0.9230 0.0770
131      131   (0)      2  : 0.6910 0.3090
132      132   (0)      2  : 0.6540 0.3460
133      133   (0)      2  : 0.8492 0.1508
134      134   (0)      2  : 0.9450 0.0550
135      135   (0)      2  : 0.9106 0.0894
136      136   (0)      2  : 0.9270 0.0730
137      137   (0)      2  : 0.9810 0.0190
138      138   (0)      2  : 0.9740 0.0260
139      139   (0)      2  : 0.8910 0.1090
140      140   (0)      2  : 0.9650 0.0350
141      141   (0)      2  : 0.9460 0.0540
142      142   (0)      2  : 0.8870 0.1130
143      143   (0)      2  : 0.8364 0.1636
144      144   (0)      2  : 0.8934 0.1066
145      145   (0)      2  : 0.9070 0.0930
146      146   (0)      2  : 0.8804 0.1196
147      147   (0)      2  : 0.9490 0.0510
148      148   (0)      2  : 0.9530 0.0470
149      149   (0)      2  : 0.8140 0.1860
150      150   (0)      2  : 0.8820 0.1180
151      151   (0)      2  : 0.8596 0.1404
152      152   (0)      2  : 0.8950 0.1050
153      153   (0)      2  : 0.9430 0.0570
154      154   (0)      2  : 0.8230 0.1770
155      155   (0)      2  : 0.7456 0.2544
156      156   (0)      2  : 0.7160 0.2840
157      157   (0)      2  : 0.8750 0.1250
158      158   (0)      2  : 0.9300 0.0700
159      159   (0)      2  : 0.8948 0.1052
160      160   (0)      2  : 0.9548 0.0452
161      161   (0)      2  : 0.9554 0.0446
162      162   (0)      2  : 0.9810 0.0190
163      163   (0)      2  : 0.9156 0.0844
164      164   (0)      2  : 0.8590 0.1410
165      165   (0)      2  : 0.7180 0.2820
166      166   (0)      2  : 0.9580 0.0420
167      167   (0)      2  : 0.9230 0.0770
168      168   (0)      2  : 0.9440 0.0560
169      169   (0)      2  : 0.8810 0.1190
170      170   (0)      2  : 0.8952 0.1048
171      171   (0)      2  : 0.8950 0.1050
172      172   (0)      2  : 0.8840 0.1160
173      173   (0)      2  : 0.8370 0.1630
174      174   (0)      2  : 0.9630 0.0370
175      175   (0)      2  : 0.9720 0.0280
176      176   (0)      2  : 0.9630 0.0370
177      177   (0)      2  : 0.9292 0.0708
178      178   (0)      2  : 0.8954 0.1046
179      179   (0)      2  : 0.8082 0.1918
180      180   (0)      2  : 0.9610 0.0390
181      181   (0)      2  : 0.9610 0.0390
182      182   (0)      2  : 0.8168 0.1832
183      183   (0)      2  : 0.8140 0.1860
184      184   (0)      2  : 0.8030 0.1970
185      185   (0)      2  : 0.9740 0.0260
186      186   (0)      2  : 0.9610 0.0390
187      187   (0)      2  : 0.9270 0.0730
188      188   (0)      2  : 0.9750 0.0250
189      189   (0)      2  : 0.9598 0.0402
190      190   (0)      2  : 0.8240 0.1760
191      191   (0)      2  : 0.9660 0.0340
192      192   (0)      2  : 0.8070 0.1930
193      193   (0)      2  : 0.9540 0.0460
194      194   (0)      2  : 0.7850 0.2150
195      195   (0)      2  : 0.8650 0.1350
196      196   (0)      2  : 0.9570 0.0430
197      197   (0)      2  : 0.9738 0.0262
198      198   (0)      2  : 0.9088 0.0912
199      199   (0)      2  : 0.9190 0.0810
200      200   (0)      2  : 0.9726 0.0274
201      201   (0)      3  : 0.9458 0.0542
202      202   (0)      3  : 0.8270 0.1730
203      203   (0)      3  : 0.6038 0.3962
204      204   (0)      3  : 0.7470 0.2530
205      205   (0)      3  : 0.7960 0.2040
206      206   (0)      3  : 0.8870 0.1130
207      207   (0)      3  : 0.8604 0.1396
208      208   (0)      3  : 0.7910 0.2090
209      209   (0)      3  : 0.7050 0.2950
210      210   (0)      3  : 0.7700 0.2300
211      211   (0)      3  : 0.8228 0.1772
212      212   (0)      3  : 0.8990 0.1010
213      213   (0)      3  : 0.8342 0.1658
214      214   (0)      3  : 0.6946 0.3054
215      215   (0)      3  : 0.7360 0.2640
216      216   (0)      3  : 0.7310 0.2690
217      217   (0)      3  : 0.9304 0.0696
218      218   (0)      3  : 0.8090 0.1910
219      219   (0)      3  : 0.8360 0.1640
220      220   (0)      3  : 0.9410 0.0590
221      221   (0)      3  : 0.8920 0.1080
222      222   (0)      3  : 0.7920 0.2080
223      223   (0)      3  : 0.8800 0.1200
224      224   (0)      3  : 0.7362 0.2638
225      225   (0)      3  : 0.8070 0.1930
226      226   (0)      3  : 0.7038 0.2962
227      227   (0)      3  : 0.6500 0.3500
228      228   (0)      3  : 0.8510 0.1490
229      229   (0)      3  : 0.6786 0.3214
230      230   (0)      3  : 0.9080 0.0920
231      231   (0)      3  : 0.9590 0.0410
232      232   (0)      3  : 0.6730 0.3270
233      233   (0)      3  : 0.7490 0.2510
234      234   (0)      3  : 0.9000 0.1000
235      235   (0)      3  : 0.8174 0.1826
236      236   (0)      3  : 0.7250 0.2750
237      237   (0)      3  : 0.8050 0.1950
238      238   (0)      3  : 0.8222 0.1778
239      239   (0)      3  : 0.5590 0.4410
240      240   (0)      3  : 0.8190 0.1810
241      241   (0)      3  : 0.8510 0.1490
242      242   (0)      3  : 0.9306 0.0694
243      243   (0)      3  : 0.6038 0.3962
244      244   (0)      3  : 0.6560 0.3440
245      245   (0)      3  : 0.6976 0.3024
246      246   (0)      3  : 0.7288 0.2712
247      247   (0)      3  : 0.9038 0.0962
248      248   (0)      3  : 0.7982 0.2018
249      249   (0)      3  : 0.7300 0.2700
250      250   (0)      3  : 0.9410 0.0590
251      251   (0)      3  : 0.7570 0.2430
252      252   (0)      3  : 0.7512 0.2488
253      253   (0)      3  : 0.7010 0.2990
254      254   (0)      3  : 0.6860 0.3140
255      255   (0)      3  : 0.6542 0.3458
256      256   (0)      3  : 0.7620 0.2380
257      257   (0)      3  : 0.6680 0.3320
258      258   (0)      3  : 0.6040 0.3960
259      259   (0)      3  : 0.9450 0.0550
260      260   (0)      3  : 0.9500 0.0500
261      261   (0)      3  : 0.9000 0.1000
262      262   (0)      3  : 0.6788 0.3212
263      263   (0)      3  : 0.9540 0.0460
264      264   (0)      3  : 0.7630 0.2370
265      265   (0)      3  : 0.7090 0.2910
266      266   (0)      3  : 0.7940 0.2060
267      267   (0)      3  : 0.9010 0.0990
268      268   (0)      3  : 0.6842 0.3158
269      269   (0)      3  : 0.9230 0.0770
270      270   (0)      3  : 0.8930 0.1070
271      271   (0)      3  : 0.7950 0.2050
272      272   (0)      3  : 0.7142 0.2858
273      273   (0)      3  : 0.8980 0.1020
274      274   (0)      3  : 0.7650 0.2350
275      275   (0)      3  : 0.8270 0.1730
276      276   (0)      3  : 0.8490 0.1510
277      277   (0)      3  : 0.6890 0.3110
278      278   (0)      3  : 0.9534 0.0466
279      279   (0)      3  : 0.5268 0.4732
280      280   (0)      3  : 0.8816 0.1184
281      281   (0)      3  : 0.5984 0.4016
282      282   (0)      3  : 0.6640 0.3360
283      283   (0)      3  : 0.7056 0.2944
284      284   (0)      3  : 0.9010 0.0990
285      285   (0)      3  : 0.7972 0.2028
286      286   (0)      3  : 0.7096 0.2904
287      287   (0)      3  : 0.8420 0.1580
288      288   (0)      3  : 0.7820 0.2180
289      289   (0)      3  : 0.7996 0.2004
290      290   (0)      3  : 0.8182 0.1818
291      291   (0)      3  : 0.8700 0.1300
292      292   (0)      3  : 0.9460 0.0540
293      293   (0)      3  : 0.8552 0.1448
294      294   (0)      3  : 0.6474 0.3526
295      295   (0)      3  : 0.6090 0.3910
296      296   (0)      3  : 0.7356 0.2644
297      297   (0)      3  : 0.6460 0.3540
298      298   (0)      3  : 0.9168 0.0832
299      299   (0)      3  : 0.9090 0.0910
300      300   (0)      3  : 0.7320 0.2680
301      301   (0)      4  : 0.4860 0.5140
302      302   (0)      4  : 0.5020 0.4980
303      303   (0)      4  : 0.4370 0.5630
304      304   (0)      4  : 0.6640 0.3360
305      305   (0)      4  : 0.4740 0.5260
306      306   (0)      4  : 0.4962 0.5038
307      307   (0)      4  : 0.5940 0.4060
308      308   (0)      4  : 0.4668 0.5332
309      309   (0)      4  : 0.6082 0.3918
310      310   (0)      4  : 0.3554 0.6446
311      311   (0)      4  : 0.5456 0.4544
312      312   (0)      4  : 0.3800 0.6200
313      313   (0)      4  : 0.4292 0.5708
314      314   (0)      4  : 0.6310 0.3690
315      315   (0)      4  : 0.5680 0.4320
316      316   (0)      4  : 0.5246 0.4754
317      317   (0)      4  : 0.5242 0.4758
318      318   (0)      4  : 0.5038 0.4962
319      319   (0)      4  : 0.4290 0.5710
320      320   (0)      4  : 0.3516 0.6484
321      321   (0)      4  : 0.5632 0.4368
322      322   (0)      4  : 0.5360 0.4640
323      323   (0)      4  : 0.7410 0.2590
324      324   (0)      4  : 0.5290 0.4710
325      325   (0)      4  : 0.3760 0.6240
326      326   (0)      4  : 0.3464 0.6536
327      327   (0)      4  : 0.5372 0.4628
328      328   (0)      4  : 0.4520 0.5480
329      329   (0)      4  : 0.4840 0.5160
330      330   (0)      4  : 0.4720 0.5280
331      331   (0)      4  : 0.5674 0.4326
332      332   (0)      4  : 0.4148 0.5852
333      333   (0)      4  : 0.4050 0.5950
334      334   (0)      4  : 0.4480 0.5520
335      335   (0)      4  : 0.5640 0.4360
336      336   (0)      4  : 0.4240 0.5760
337      337   (0)      4  : 0.5790 0.4210
338      338   (0)      4  : 0.5100 0.4900
339      339   (0)      4  : 0.6410 0.3590
340      340   (0)      4  : 0.4100 0.5900
341      341   (0)      4  : 0.3116 0.6884
342      342   (0)      4  : 0.5196 0.4804
343      343   (0)      4  : 0.5100 0.4900
344      344   (0)      4  : 0.4720 0.5280
345      345   (0)      4  : 0.3730 0.6270
346      346   (0)      4  : 0.5076 0.4924
347      347   (0)      4  : 0.5828 0.4172
348      348   (0)      4  : 0.6826 0.3174
349      349   (0)      4  : 0.2970 0.7030
350      350   (0)      4  : 0.4990 0.5010
351      351   (0)      4  : 0.6110 0.3890
352      352   (0)      4  : 0.4330 0.5670
353      353   (0)      4  : 0.4610 0.5390
354      354   (0)      4  : 0.4730 0.5270
355      355   (0)      4  : 0.4900 0.5100
356      356   (0)      4  : 0.5430 0.4570
357      357   (0)      4  : 0.5760 0.4240
358      358   (0)      4  : 0.3496 0.6504
359      359   (0)      4  : 0.3980 0.6020
360      360   (0)      4  : 0.5386 0.4614
361      361   (0)      4  : 0.6130 0.3870
362      362   (0)      4  : 0.3980 0.6020
363      363   (0)      4  : 0.4978 0.5022
364      364   (0)      4  : 0.5120 0.4880
365      365   (0)      4  : 0.4882 0.5118
366      366   (0)      4  : 0.3780 0.6220
367      367   (0)      4  : 0.3690 0.6310
368      368   (0)      4  : 0.3620 0.6380
369      369   (0)      4  : 0.5736 0.4264
370      370   (0)      4  : 0.3952 0.6048
371      371   (0)      4  : 0.4860 0.5140
372      372   (0)      4  : 0.4194 0.5806
373      373   (0)      4  : 0.4290 0.5710
374      374   (0)      4  : 0.4750 0.5250
375      375   (0)      4  : 0.4890 0.5110
376      376   (0)      4  : 0.5580 0.4420
377      377   (0)      4  : 0.5556 0.4444
378      378   (0)      4  : 0.4650 0.5350
379      379   (0)      4  : 0.4614 0.5386
380      380   (0)      4  : 0.5168 0.4832
381      381   (0)      4  : 0.5000 0.5000
382      382   (0)      4  : 0.6630 0.3370
383      383   (0)      4  : 0.5562 0.4438
384      384   (0)      4  : 0.4878 0.5122
385      385   (0)      4  : 0.7248 0.2752
386      386   (0)      4  : 0.4760 0.5240
387      387   (0)      4  : 0.5052 0.4948
388      388   (0)      4  : 0.4742 0.5258
389      389   (0)      4  : 0.5180 0.4820
390      390   (0)      4  : 0.6160 0.3840
391      391   (0)      4  : 0.6158 0.3842
392      392   (0)      4  : 0.7790 0.2210
393      393   (0)      4  : 0.5904 0.4096
394      394   (0)      4  : 0.5632 0.4368
395      395   (0)      4  : 0.4960 0.5040
396      396   (0)      4  : 0.4620 0.5380
397      397   (0)      4  : 0.3870 0.6130
398      398   (0)      4  : 0.6170 0.3830
399      399   (0)      4  : 0.5050 0.4950
400      400   (0)      4  : 0.4320 0.5680
401      401   (0)      5  : 0.2748 0.7252
402      402   (0)      5  : 0.2240 0.7760
403      403   (0)      5  : 0.1662 0.8338
404      404   (0)      5  : 0.2200 0.7800
405      405   (0)      5  : 0.1860 0.8140
406      406   (0)      5  : 0.0768 0.9232
407      407   (0)      5  : 0.1880 0.8120
408      408   (0)      5  : 0.3500 0.6500
409      409   (0)      5  : 0.2110 0.7890
410      410   (0)      5  : 0.1074 0.8926
411      411   (0)      5  : 0.0658 0.9342
412      412   (0)      5  : 0.2660 0.7340
413      413   (0)      5  : 0.2220 0.7780
414      414   (0)      5  : 0.3396 0.6604
415      415   (0)      5  : 0.3174 0.6826
416      416   (0)      5  : 0.3320 0.6680
417      417   (0)      5  : 0.3810 0.6190
418      418   (0)      5  : 0.3510 0.6490
419      419   (0)      5  : 0.2710 0.7290
420      420   (0)      5  : 0.3062 0.6938
421      421   (0)      5  : 0.2090 0.7910
422      422   (0)      5  : 0.0580 0.9420
423      423   (0)      5  : 0.1180 0.8820
424      424   (0)      5  : 0.1220 0.8780
425      425   (0)      5  : 0.2910 0.7090
426      426   (0)      5  : 0.2066 0.7934
427      427   (0)      5  : 0.2360 0.7640
428      428   (0)      5  : 0.3056 0.6944
429      429   (0)      5  : 0.4150 0.5850
430      430   (0)      5  : 0.1740 0.8260
431      431   (0)      5  : 0.2408 0.7592
432      432   (0)      5  : 0.1940 0.8060
433      433   (0)      5  : 0.1970 0.8030
434      434   (0)      5  : 0.1040 0.8960
435      435   (0)      5  : 0.2570 0.7430
436      436   (0)      5  : 0.0950 0.9050
437      437   (0)      5  : 0.1400 0.8600
438      438   (0)      5  : 0.2150 0.7850
439      439   (0)      5  : 0.2996 0.7004
440      440   (0)      5  : 0.2470 0.7530
441      441   (0)      5  : 0.1760 0.8240
442      442   (0)      5  : 0.3060 0.6940
443      443   (0)      5  : 0.2590 0.7410
444      444   (0)      5  : 0.3180 0.6820
445      445   (0)      5  : 0.3348 0.6652
446      446   (0)      5  : 0.0724 0.9276
447      447   (0)      5  : 0.2330 0.7670
448      448   (0)      5  : 0.2750 0.7250
449      449   (0)      5  : 0.2704 0.7296
450      450   (0)      5  : 0.0358 0.9642
451      451   (0)      5  : 0.4142 0.5858
452      452   (0)      5  : 0.1798 0.8202
453      453   (0)      5  : 0.4190 0.5810
454      454   (0)      5  : 0.2170 0.7830
455      455   (0)      5  : 0.2376 0.7624
456      456   (0)      5  : 0.1280 0.8720
457      457   (0)      5  : 0.1740 0.8260
458      458   (0)      5  : 0.1670 0.8330
459      459   (0)      5  : 0.0650 0.9350
460      460   (0)      5  : 0.1540 0.8460
461      461   (0)      5  : 0.1630 0.8370
462      462   (0)      5  : 0.2850 0.7150
463      463   (0)      5  : 0.0672 0.9328
464      464   (0)      5  : 0.4032 0.5968
465      465   (0)      5  : 0.2860 0.7140
466      466   (0)      5  : 0.1090 0.8910
467      467   (0)      5  : 0.1820 0.8180
468      468   (0)      5  : 0.2340 0.7660
469      469   (0)      5  : 0.0212 0.9788
470      470   (0)      5  : 0.1550 0.8450
471      471   (0)      5  : 0.3230 0.6770
472      472   (0)      5  : 0.1310 0.8690
473      473   (0)      5  : 0.2058 0.7942
474      474   (0)      5  : 0.2220 0.7780
475      475   (0)      5  : 0.3400 0.6600
476      476   (0)      5  : 0.4280 0.5720
477      477   (0)      5  : 0.2760 0.7240
478      478   (0)      5  : 0.3718 0.6282
479      479   (0)      5  : 0.2054 0.7946
480      480   (0)      5  : 0.2170 0.7830
481      481   (0)      5  : 0.2110 0.7890
482      482   (0)      5  : 0.3800 0.6200
483      483   (0)      5  : 0.2510 0.7490
484      484   (0)      5  : 0.1390 0.8610
485      485   (0)      5  : 0.3160 0.6840
486      486   (0)      5  : 0.1996 0.8004
487      487   (0)      5  : 0.2892 0.7108
488      488   (0)      5  : 0.2920 0.7080
489      489   (0)      5  : 0.3040 0.6960
490      490   (0)      5  : 0.3910 0.6090
491      491   (0)      5  : 0.2422 0.7578
492      492   (0)      5  : 0.2320 0.7680
493      493   (0)      5  : 0.3260 0.6740
494      494   (0)      5  : 0.2210 0.7790
495      495   (0)      5  : 0.3360 0.6640
496      496   (0)      5  : 0.0470 0.9530
497      497   (0)      5  : 0.2592 0.7408
498      498   (0)      5  : 0.3800 0.6200
499      499   (0)      5  : 0.2770 0.7230
500      500   (0)      5  : 0.2032 0.7968
501      501   (0)      6  : 0.1260 0.8740
502      502   (0)      6  : 0.0830 0.9170
503      503   (0)      6  : 0.2240 0.7760
504      504   (0)      6  : 0.0630 0.9370
505      505   (0)      6  : 0.1056 0.8944
506      506   (0)      6  : 0.1680 0.8320
507      507   (0)      6  : 0.0260 0.9740
508      508   (0)      6  : 0.1366 0.8634
509      509   (0)      6  : 0.0150 0.9850
510      510   (0)      6  : 0.0934 0.9066
511      511   (0)      6  : 0.0330 0.9670
512      512   (0)      6  : 0.1250 0.8750
513      513   (0)      6  : 0.0730 0.9270
514      514   (0)      6  : 0.1436 0.8564
515      515   (0)      6  : 0.2000 0.8000
516      516   (0)      6  : 0.0220 0.9780
517      517   (0)      6  : 0.2010 0.7990
518      518   (0)      6  : 0.0530 0.9470
519      519   (0)      6  : 0.0830 0.9170
520      520   (0)      6  : 0.0360 0.9640
521      521   (0)      6  : 0.0710 0.9290
522      522   (0)      6  : 0.0230 0.9770
523      523   (0)      6  : 0.0220 0.9780
524      524   (0)      6  : 0.1490 0.8510
525      525   (0)      6  : 0.0530 0.9470
526      526   (0)      6  : 0.2620 0.7380
527      527   (0)      6  : 0.1820 0.8180
528      528   (0)      6  : 0.1700 0.8300
529      529   (0)      6  : 0.0668 0.9332
530      530   (0)      6  : 0.0220 0.9780
531      531   (0)      6  : 0.1440 0.8560
532      532   (0)      6  : 0.0730 0.9270
533      533   (0)      6  : 0.2500 0.7500
534      534   (0)      6  : 0.0230 0.9770
535      535   (0)      6  : 0.0570 0.9430
536      536   (0)      6  : 0.0780 0.9220
537      537   (0)      6  : 0.1368 0.8632
538      538   (0)      6  : 0.0980 0.9020
539      539   (0)      6  : 0.0690 0.9310
540      540   (0)      6  : 0.1350 0.8650
541      541   (0)      6  : 0.1710 0.8290
542      542   (0)      6  : 0.1830 0.8170
543      543   (0)      6  : 0.0740 0.9260
544      544   (0)      6  : 0.0590 0.9410
545      545   (0)      6  : 0.0640 0.9360
546      546   (0)      6  : 0.0850 0.9150
547      547   (0)      6  : 0.0750 0.9250
548      548   (0)      6  : 0.0176 0.9824
549      549   (0)      6  : 0.1940 0.8060
550      550   (0)      6  : 0.1144 0.8856
551      551   (0)      6  : 0.1820 0.8180
552      552   (0)      6  : 0.0240 0.9760
553      553   (0)      6  : 0.0750 0.9250
554      554   (0)      6  : 0.0620 0.9380
555      555   (0)      6  : 0.0150 0.9850
556      556   (0)      6  : 0.0702 0.9298
557      557   (0)      6  : 0.0540 0.9460
558      558   (0)      6  : 0.0290 0.9710
559      559   (0)      6  : 0.0730 0.9270
560      560   (0)      6  : 0.1652 0.8348
561      561   (0)      6  : 0.1510 0.8490
562      562   (0)      6  : 0.0930 0.9070
563      563   (0)      6  : 0.2300 0.7700
564      564   (0)      6  : 0.0540 0.9460
565      565   (0)      6  : 0.0920 0.9080
566      566   (0)      6  : 0.1080 0.8920
567      567   (0)      6  : 0.0130 0.9870
568      568   (0)      6  : 0.1790 0.8210
569      569   (0)      6  : 0.1850 0.8150
570      570   (0)      6  : 0.0360 0.9640
571      571   (0)      6  : 0.0590 0.9410
572      572   (0)      6  : 0.1952 0.8048
573      573   (0)      6  : 0.0756 0.9244
574      574   (0)      6  : 0.1286 0.8714
575      575   (0)      6  : 0.0350 0.9650
576      576   (0)      6  : 0.2256 0.7744
577      577   (0)      6  : 0.1348 0.8652
578      578   (0)      6  : 0.0530 0.9470
579      579   (0)      6  : 0.0784 0.9216
580      580   (0)      6  : 0.2480 0.7520
581      581   (0)      6  : 0.0640 0.9360
582      582   (0)      6  : 0.2174 0.7826
583      583   (0)      6  : 0.0866 0.9134
584      584   (0)      6  : 0.1246 0.8754
585      585   (0)      6  : 0.1160 0.8840
586      586   (0)      6  : 0.2530 0.7470
587      587   (0)      6  : 0.0468 0.9532
588      588   (0)      6  : 0.0940 0.9060
589      589   (0)      6  : 0.1580 0.8420
590      590   (0)      6  : 0.0216 0.9784
591      591   (0)      6  : 0.2090 0.7910
592      592   (0)      6  : 0.0190 0.9810
593      593   (0)      6  : 0.1290 0.8710
594      594   (0)      6  : 0.0590 0.9410
595      595   (0)      6  : 0.2162 0.7838
596      596   (0)      6  : 0.1810 0.8190
597      597   (0)      6  : 0.1990 0.8010
598      598   (0)      6  : 0.1360 0.8640
599      599   (0)      6  : 0.1742 0.8258
600      600   (0)      6  : 0.1370 0.8630
601      601   (5)      7  : 0.0314 0.9686
602      602   (0)      7  : 0.0290 0.9710
603      603   (0)      7  : 0.0194 0.9806
604      604   (0)      7  : 0.0590 0.9410
605      605   (0)      7  : 0.0234 0.9766
606      606   (0)      7  : 0.0230 0.9770
607      607   (0)      7  : 0.0150 0.9850
608      608   (0)      7  : 0.0340 0.9660
609      609   (0)      7  : 0.0210 0.9790
610      610   (0)      7  : 0.0300 0.9700
611      611   (0)      7  : 0.0140 0.9860
612      612   (0)      7  : 0.0190 0.9810
613      613   (0)      7  : 0.0260 0.9740
614      614   (5)      7  : 0.0150 0.9850
615      615   (0)      7  : 0.0180 0.9820
616      616   (0)      7  : 0.0160 0.9840
617      617   (0)      7  : 0.0210 0.9790
618      618   (0)      7  : 0.0180 0.9820
619      619   (0)      7  : 0.0240 0.9760
620      620   (0)      7  : 0.0170 0.9830
621      621   (0)      7  : 0.0160 0.9840
622      622   (0)      7  : 0.0220 0.9780
623      623   (0)      7  : 0.0170 0.9830
624      624   (0)      7  : 0.0140 0.9860
625      625   (0)      7  : 0.0140 0.9860
626      626   (0)      7  : 0.0170 0.9830
627      627   (0)      7  : 0.0160 0.9840
628      628   (0)      7  : 0.0180 0.9820
629      629   (0)      8  : 0.0382 0.9618
630      630   (0)      8  : 0.0160 0.9840
631      631   (0)      8  : 0.0240 0.9760
632      632   (0)      8  : 0.0274 0.9726
633      633   (0)      8  : 0.0210 0.9790
634      634   (0)      8  : 0.0160 0.9840
635      635   (0)      8  : 0.0184 0.9816
636      636   (0)      8  : 0.0510 0.9490
637      637   (0)      8  : 0.0170 0.9830
638      638   (0)      8  : 0.0210 0.9790
639      639   (0)      8  : 0.0170 0.9830
640      640   (0)      8  : 0.0160 0.9840
641      641   (0)      8  : 0.0170 0.9830
642      642   (0)      8  : 0.0190 0.9810
643      643   (0)      8  : 0.0140 0.9860
644      644   (0)      8  : 0.0390 0.9610
645      645   (0)      8  : 0.0140 0.9860
646      646   (0)      8  : 0.0164 0.9836
647      647   (0)      8  : 0.0180 0.9820
648      648   (0)      8  : 0.0170 0.9830
649      649   (0)      8  : 0.0152 0.9848
650      650   (0)      8  : 0.0220 0.9780
651      651   (0)      8  : 0.0160 0.9840
652      652   (0)      8  : 0.0180 0.9820
653      653   (0)      8  : 0.0214 0.9786
654      654   (0)      8  : 0.0280 0.9720
655      655   (0)      8  : 0.0160 0.9840
656      656   (0)      8  : 0.0220 0.9780
657      657   (0)      8  : 0.0200 0.9800
658      658   (0)      8  : 0.0170 0.9830
659      659   (0)      8  : 0.0220 0.9780
660      660   (0)      8  : 0.0190 0.9810
661      661   (0)      8  : 0.0160 0.9840
662      662   (0)      8  : 0.0360 0.9640
663      663   (0)      8  : 0.0168 0.9832
664      664   (0)      8  : 0.0180 0.9820
665      665   (0)      8  : 0.0160 0.9840
666      666   (0)      8  : 0.0180 0.9820
667      667   (0)      8  : 0.0160 0.9840
668      668   (0)      8  : 0.0200 0.9800
669      669   (0)      8  : 0.0180 0.9820
670      670   (0)      8  : 0.0190 0.9810
671      671   (0)      8  : 0.0200 0.9800
672      672   (0)      8  : 0.0140 0.9860
673      673   (0)      8  : 0.0260 0.9740
674      674   (0)      8  : 0.0330 0.9670
675      675   (0)      8  : 0.0150 0.9850
676      676   (0)      8  : 0.0150 0.9850
677      677   (0)      8  : 0.0160 0.9840
678      678   (0)      8  : 0.0160 0.9840
679      679   (0)      8  : 0.0170 0.9830
680      680   (0)      8  : 0.0140 0.9860
681      681   (0)      8  : 0.0260 0.9740
682      682   (0)      8  : 0.0170 0.9830
683      683   (0)      8  : 0.0160 0.9840
684      684   (0)      8  : 0.0180 0.9820
685      685   (0)      8  : 0.0140 0.9860
686      686   (0)      8  : 0.0260 0.9740
687      687   (0)      8  : 0.0380 0.9620
688      688   (0)      8  : 0.0260 0.9740
689      689   (0)      8  : 0.0180 0.9820
690      690   (0)      8  : 0.0170 0.9830
691      691   (0)      8  : 0.0180 0.9820
692      692   (0)      8  : 0.0200 0.9800
693      693   (0)      8  : 0.0260 0.9740
694      694   (0)      8  : 0.0170 0.9830
695      695   (0)      8  : 0.0270 0.9730
696      696   (0)      8  : 0.0190 0.9810
697      697   (0)      8  : 0.0140 0.9860
698      698   (0)      8  : 0.0190 0.9810
699      699   (0)      8  : 0.0160 0.9840
700      700   (0)      8  : 0.0260 0.9740
