  1        1   (5)      1 :  0.0340 0.9660 
  2        2   (5)      1 :  0.0848 0.9152 
  3        3   (5)      1 :  0.0220 0.9780 
  4        4   (0)      1 :  0.0150 0.9850 
  5        5   (0)      1 :  0.0926 0.9074 
  6        6   (0)      1 :  0.0242 0.9758 
  7        7   (0)      1 :  0.0950 0.9050 
  8        8   (5)      1 :  0.0202 0.9798 
  9        9   (0)      1 :  0.0190 0.9810 
 10       10   (0)      1 :  0.0826 0.9174 
 11       11   (0)      1 :  0.0350 0.9650 
 12       12   (0)      1 :  0.0376 0.9624 
 13       13   (0)      1 :  0.0210 0.9790 
 14       14   (0)      1 :  0.0330 0.9670 
 15       15   (0)      1 :  0.0268 0.9732 
 16       16   (0)      1 :  0.0150 0.9850 
 17       17   (0)      1 :  0.0180 0.9820 
 18       18   (0)      1 :  0.0442 0.9558 
 19       19   (0)      1 :  0.0200 0.9800 
 20       20   (0)      1 :  0.0710 0.9290 
 21       21   (0)      1 :  0.0180 0.9820 
 22       22   (0)      1 :  0.0170 0.9830 
 23       23   (0)      1 :  0.0178 0.9822 
 24       24   (0)      1 :  0.0190 0.9810 
 25       25   (0)      1 :  0.0468 0.9532 
 26       26   (0)      1 :  0.0200 0.9800 
 27       27   (5)      1 :  0.0590 0.9410 
 28       28   (0)      1 :  0.0330 0.9670 
 29       29   (0)      1 :  0.0190 0.9810 
 30       30   (0)      1 :  0.0732 0.9268 
 31       31   (0)      1 :  0.0220 0.9780 
 32       32   (0)      1 :  0.0250 0.9750 
 33       33   (0)      1 :  0.0170 0.9830 
 34       34   (0)      1 :  0.0170 0.9830 
 35       35   (0)      1 :  0.0330 0.9670 
 36       36   (0)      1 :  0.0170 0.9830 
 37       37   (0)      1 :  0.0340 0.9660 
 38       38   (0)      1 :  0.0326 0.9674 
 39       39   (0)      1 :  0.0510 0.9490 
 40       40   (0)      1 :  0.0240 0.9760 
 41       41   (0)      1 :  0.0240 0.9760 
 42       42   (0)      1 :  0.0150 0.9850 
 43       43   (0)      1 :  0.0302 0.9698 
 44       44   (0)      1 :  0.0180 0.9820 
 45       45   (5)      1 :  0.0450 0.9550 
 46       46   (0)      1 :  0.0180 0.9820 
 47       47   (0)      1 :  0.0334 0.9666 
 48       48   (0)      1 :  0.0320 0.9680 
 49       49   (0)      1 :  0.0298 0.9702 
 50       50   (0)      1 :  0.0300 0.9700 
 51       51   (0)      1 :  0.0280 0.9720 
 52       52   (0)      1 :  0.0630 0.9370 
 53       53   (0)      1 :  0.0220 0.9780 
 54       54   (0)      1 :  0.0300 0.9700 
 55       55   (0)      1 :  0.0280 0.9720 
 56       56   (0)      1 :  0.0210 0.9790 
 57       57  (10)      1 :  0.0200 0.9800 
 58       58   (5)      1 :  0.0330 0.9670 
 59       59   (0)      1 :  0.0330 0.9670 
 60       60   (0)      1 :  0.0250 0.9750 
 61       61   (0)      1 :  0.0330 0.9670 
 62       62   (0)      1 :  0.0790 0.9210 
 63       63   (0)      1 :  0.0270 0.9730 
 64       64   (0)      1 :  0.0290 0.9710 
 65       65   (0)      1 :  0.0538 0.9462 
 66       66   (0)      1 :  0.0220 0.9780 
 67       67   (5)      1 :  0.0270 0.9730 
 68       68   (0)      1 :  0.0560 0.9440 
 69       69   (0)      1 :  0.0360 0.9640 
 70       70   (0)      1 :  0.0280 0.9720 
 71       71   (5)      1 :  0.0330 0.9670 
 72       72   (0)      1 :  0.0340 0.9660 
 73       73   (5)      1 :  0.0250 0.9750 
 74       74  (10)      1 :  0.0410 0.9590 
 75       75  (10)      1 :  0.0274 0.9726 
 76       76   (0)      1 :  0.0280 0.9720 
 77       77  (10)      1 :  0.0250 0.9750 
 78       78   (0)      1 :  0.0250 0.9750 
 79       79   (5)      1 :  0.0320 0.9680 
 80       80   (0)      1 :  0.0200 0.9800 
 81       81   (0)      1 :  0.0288 0.9712 
 82       82   (0)      1 :  0.0200 0.9800 
 83       83   (0)      1 :  0.0300 0.9700 
 84       84   (0)      1 :  0.0584 0.9416 
 85       85   (0)      1 :  0.0180 0.9820 
 86       86   (5)      1 :  0.0230 0.9770 
 87       87   (0)      1 :  0.0256 0.9744 
 88       88   (0)      1 :  0.1148 0.8852 
 89       89   (0)      1 :  0.0200 0.9800 
 90       90   (0)      1 :  0.0290 0.9710 
 91       91   (0)      1 :  0.0280 0.9720 
 92       92   (0)      1 :  0.0300 0.9700 
 93       93   (0)      1 :  0.0180 0.9820 
 94       94   (5)      1 :  0.0240 0.9760 
 95       95   (0)      1 :  0.0240 0.9760 
 96       96   (5)      1 :  0.0230 0.9770 
 97       97   (0)      1 :  0.0380 0.9620 
 98       98   (0)      1 :  0.0270 0.9730 
 99       99   (5)      1 :  0.0240 0.9760 
100      100   (5)      1 :  0.0180 0.9820 
101      101   (0)      2 :  0.0270 0.9730 
102      102   (0)      2 :  0.1816 0.8184 
103      103   (0)      2 :  0.0770 0.9230 
104      104   (0)      2 :  0.1522 0.8478 
105      105   (0)      2 :  0.0430 0.9570 
106      106   (0)      2 :  0.0390 0.9610 
107      107   (0)      2 :  0.0600 0.9400 
108      108   (0)      2 :  0.0290 0.9710 
109      109   (0)      2 :  0.0240 0.9760 
110      110   (0)      2 :  0.0250 0.9750 
111      111   (0)      2 :  0.0420 0.9580 
112      112   (0)      2 :  0.0770 0.9230 
113      113   (0)      2 :  0.0210 0.9790 
114      114   (0)      2 :  0.0640 0.9360 
115      115   (0)      2 :  0.1010 0.8990 
116      116   (0)      2 :  0.0440 0.9560 
117      117   (0)      2 :  0.0262 0.9738 
118      118   (0)      2 :  0.0250 0.9750 
119      119   (0)      2 :  0.0390 0.9610 
120      120   (0)      2 :  0.2290 0.7710 
121      121   (0)      2 :  0.0970 0.9030 
122      122   (0)      2 :  0.0600 0.9400 
123      123   (0)      2 :  0.0230 0.9770 
124      124   (0)      2 :  0.1488 0.8512 
125      125   (0)      2 :  0.0390 0.9610 
126      126   (0)      2 :  0.0244 0.9756 
127      127   (0)      2 :  0.1412 0.8588 
128      128   (0)      2 :  0.1160 0.8840 
129      129   (0)      2 :  0.1174 0.8826 
130      130   (0)      2 :  0.1118 0.8882 
131      131   (0)      2 :  0.1398 0.8602 
132      132   (0)      2 :  0.0850 0.9150 
133      133   (0)      2 :  0.0400 0.9600 
134      134   (0)      2 :  0.2378 0.7622 
135      135   (0)      2 :  0.0580 0.9420 
136      136   (0)      2 :  0.1130 0.8870 
137      137   (0)      2 :  0.0426 0.9574 
138      138   (0)      2 :  0.2396 0.7604 
139      139   (0)      2 :  0.0900 0.9100 
140      140   (0)      2 :  0.1292 0.8708 
141      141   (0)      2 :  0.0900 0.9100 
142      142   (0)      2 :  0.0490 0.9510 
143      143   (0)      2 :  0.0460 0.9540 
144      144   (0)      2 :  0.0470 0.9530 
145      145   (0)      2 :  0.1352 0.8648 
146      146   (0)      2 :  0.0560 0.9440 
147      147   (0)      2 :  0.0300 0.9700 
148      148   (0)      2 :  0.1602 0.8398 
149      149   (0)      2 :  0.0830 0.9170 
150      150   (0)      2 :  0.1088 0.8912 
151      151   (0)      2 :  0.0720 0.9280 
152      152   (0)      2 :  0.0350 0.9650 
153      153   (0)      2 :  0.1550 0.8450 
154      154   (0)      2 :  0.1500 0.8500 
155      155   (0)      2 :  0.0700 0.9300 
156      156   (0)      2 :  0.0870 0.9130 
157      157   (0)      2 :  0.0610 0.9390 
158      158   (0)      2 :  0.1060 0.8940 
159      159   (0)      2 :  0.0890 0.9110 
160      160   (0)      2 :  0.0410 0.9590 
161      161   (0)      2 :  0.0460 0.9540 
162      162   (0)      2 :  0.0340 0.9660 
163      163   (0)      2 :  0.0410 0.9590 
164      164   (0)      2 :  0.0800 0.9200 
165      165   (0)      2 :  0.1322 0.8678 
166      166   (0)      2 :  0.0350 0.9650 
167      167   (0)      2 :  0.1184 0.8816 
168      168   (0)      2 :  0.0298 0.9702 
169      169   (0)      2 :  0.0834 0.9166 
170      170   (0)      2 :  0.0370 0.9630 
171      171   (0)      2 :  0.0676 0.9324 
172      172   (0)      2 :  0.0940 0.9060 
173      173   (0)      2 :  0.0200 0.9800 
174      174   (0)      2 :  0.1494 0.8506 
175      175   (0)      2 :  0.0930 0.9070 
176      176   (0)      2 :  0.0820 0.9180 
177      177   (0)      2 :  0.0350 0.9650 
178      178   (0)      2 :  0.1750 0.8250 
179      179   (0)      2 :  0.0290 0.9710 
180      180   (0)      2 :  0.0240 0.9760 
181      181   (0)      2 :  0.1250 0.8750 
182      182   (0)      2 :  0.0302 0.9698 
183      183   (0)      2 :  0.0690 0.9310 
184      184   (0)      2 :  0.1050 0.8950 
185      185   (0)      2 :  0.0970 0.9030 
186      186   (0)      2 :  0.0260 0.9740 
187      187   (0)      2 :  0.1160 0.8840 
188      188   (0)      2 :  0.0380 0.9620 
189      189   (0)      2 :  0.0390 0.9610 
190      190   (0)      2 :  0.1726 0.8274 
191      191   (0)      2 :  0.0490 0.9510 
192      192   (0)      2 :  0.0824 0.9176 
193      193   (0)      2 :  0.0328 0.9672 
194      194   (0)      2 :  0.1446 0.8554 
195      195   (0)      2 :  0.0550 0.9450 
196      196   (0)      2 :  0.0370 0.9630 
197      197   (0)      2 :  0.0710 0.9290 
198      198   (0)      2 :  0.1110 0.8890 
199      199   (0)      2 :  0.0564 0.9436 
200      200   (0)      2 :  0.1030 0.8970 
201      201   (0)      3 :  0.1734 0.8266 
202      202   (0)      3 :  0.1468 0.8532 
203      203   (0)      3 :  0.3480 0.6520 
204      204   (0)      3 :  0.1384 0.8616 
205      205   (0)      3 :  0.1160 0.8840 
206      206   (0)      3 :  0.1280 0.8720 
207      207   (0)      3 :  0.1080 0.8920 
208      208   (0)      3 :  0.1692 0.8308 
209      209   (0)      3 :  0.2546 0.7454 
210      210   (0)      3 :  0.2454 0.7546 
211      211   (0)      3 :  0.2382 0.7618 
212      212   (0)      3 :  0.2970 0.7030 
213      213   (0)      3 :  0.1990 0.8010 
214      214   (0)      3 :  0.3970 0.6030 
215      215   (0)      3 :  0.1362 0.8638 
216      216   (0)      3 :  0.2430 0.7570 
217      217   (0)      3 :  0.0664 0.9336 
218      218   (0)      3 :  0.3912 0.6088 
219      219   (0)      3 :  0.0698 0.9302 
220      220   (0)      3 :  0.4250 0.5750 
221      221   (0)      3 :  0.0530 0.9470 
222      222   (0)      3 :  0.4908 0.5092 
223      223   (0)      3 :  0.0840 0.9160 
224      224   (0)      3 :  0.2610 0.7390 
225      225   (0)      3 :  0.0578 0.9422 
226      226   (0)      3 :  0.0740 0.9260 
227      227   (0)      3 :  0.2114 0.7886 
228      228   (0)      3 :  0.2194 0.7806 
229      229   (0)      3 :  0.2160 0.7840 
230      230   (0)      3 :  0.0772 0.9228 
231      231   (0)      3 :  0.0360 0.9640 
232      232   (0)      3 :  0.3356 0.6644 
233      233   (0)      3 :  0.1798 0.8202 
234      234   (0)      3 :  0.1790 0.8210 
235      235   (0)      3 :  0.2788 0.7212 
236      236   (0)      3 :  0.2442 0.7558 
237      237   (0)      3 :  0.1994 0.8006 
238      238   (0)      3 :  0.4700 0.5300 
239      239   (0)      3 :  0.2102 0.7898 
240      240   (0)      3 :  0.3090 0.6910 
241      241   (0)      3 :  0.1110 0.8890 
242      242   (0)      3 :  0.1140 0.8860 
243      243   (0)      3 :  0.3380 0.6620 
244      244   (0)      3 :  0.4164 0.5836 
245      245   (0)      3 :  0.0430 0.9570 
246      246   (0)      3 :  0.2502 0.7498 
247      247   (0)      3 :  0.2260 0.7740 
248      248   (0)      3 :  0.1142 0.8858 
249      249   (0)      3 :  0.1978 0.8022 
250      250   (0)      3 :  0.0820 0.9180 
251      251   (0)      3 :  0.3656 0.6344 
252      252   (0)      3 :  0.1896 0.8104 
253      253   (0)      3 :  0.2300 0.7700 
254      254   (0)      3 :  0.3242 0.6758 
255      255   (0)      3 :  0.1024 0.8976 
256      256   (0)      3 :  0.2112 0.7888 
257      257   (0)      3 :  0.1254 0.8746 
258      258   (0)      3 :  0.2698 0.7302 
259      259   (0)      3 :  0.2550 0.7450 
260      260   (0)      3 :  0.2520 0.7480 
261      261   (0)      3 :  0.1150 0.8850 
262      262   (0)      3 :  0.0634 0.9366 
263      263   (0)      3 :  0.1176 0.8824 
264      264   (0)      3 :  0.3066 0.6934 
265      265   (0)      3 :  0.2408 0.7592 
266      266   (0)      3 :  0.3188 0.6812 
267      267   (0)      3 :  0.2454 0.7546 
268      268   (0)      3 :  0.1374 0.8626 
269      269   (0)      3 :  0.2568 0.7432 
270      270   (0)      3 :  0.0310 0.9690 
271      271   (0)      3 :  0.0862 0.9138 
272      272   (0)      3 :  0.3484 0.6516 
273      273   (0)      3 :  0.1900 0.8100 
274      274   (0)      3 :  0.1896 0.8104 
275      275   (0)      3 :  0.0736 0.9264 
276      276   (0)      3 :  0.0824 0.9176 
277      277   (0)      3 :  0.3162 0.6838 
278      278   (0)      3 :  0.2340 0.7660 
279      279   (0)      3 :  0.1430 0.8570 
280      280   (0)      3 :  0.1008 0.8992 
281      281   (0)      3 :  0.0440 0.9560 
282      282   (0)      3 :  0.3230 0.6770 
283      283   (0)      3 :  0.0590 0.9410 
284      284   (0)      3 :  0.1528 0.8472 
285      285   (0)      3 :  0.3590 0.6410 
286      286   (0)      3 :  0.1260 0.8740 
287      287   (0)      3 :  0.1798 0.8202 
288      288   (0)      3 :  0.2540 0.7460 
289      289   (0)      3 :  0.4812 0.5188 
290      290   (0)      3 :  0.0370 0.9630 
291      291   (0)      3 :  0.0866 0.9134 
292      292   (0)      3 :  0.1730 0.8270 
293      293   (0)      3 :  0.2876 0.7124 
294      294   (0)      3 :  0.1390 0.8610 
295      295   (0)      3 :  0.3190 0.6810 
296      296   (0)      3 :  0.1026 0.8974 
297      297   (0)      3 :  0.1790 0.8210 
298      298   (0)      3 :  0.2790 0.7210 
299      299   (0)      3 :  0.1086 0.8914 
300      300   (0)      3 :  0.1170 0.8830 
301      301   (5)      4 :  0.3480 0.6520 
302      302   (0)      4 :  0.6756 0.3244 
303      303   (0)      4 :  0.5186 0.4814 
304      304   (5)      4 :  0.5812 0.4188 
305      305   (5)      4 :  0.6506 0.3494 
306      306   (0)      4 :  0.7232 0.2768 
307      307   (0)      5 :  0.6068 0.3932 
308      308   (0)      5 :  0.5496 0.4504 
309      309   (0)      5 :  0.5620 0.4380 
310      310   (0)      5 :  0.5082 0.4918 
311      311   (0)      5 :  0.5670 0.4330 
312      312   (0)      5 :  0.2540 0.7460 
313      313   (0)      5 :  0.3620 0.6380 
314      314   (0)      5 :  0.4930 0.5070 
315      315   (0)      5 :  0.4954 0.5046 
316      316   (0)      5 :  0.4620 0.5380 
317      317   (0)      5 :  0.3938 0.6062 
318      318   (0)      5 :  0.5406 0.4594 
319      319   (0)      5 :  0.4898 0.5102 
320      320   (0)      5 :  0.5560 0.4440 
321      321   (0)      5 :  0.3990 0.6010 
322      322   (0)      5 :  0.6330 0.3670 
323      323   (0)      5 :  0.3930 0.6070 
324      324   (0)      5 :  0.5770 0.4230 
325      325   (0)      5 :  0.6710 0.3290 
326      326   (0)      5 :  0.4470 0.5530 
327      327   (0)      5 :  0.3082 0.6918 
328      328   (0)      5 :  0.3120 0.6880 
329      329   (0)      5 :  0.4538 0.5462 
330      330   (0)      5 :  0.5080 0.4920 
331      331   (0)      5 :  0.5440 0.4560 
332      332   (0)      5 :  0.6350 0.3650 
333      333   (0)      5 :  0.4916 0.5084 
334      334   (0)      5 :  0.5406 0.4594 
335      335   (0)      5 :  0.6290 0.3710 
336      336   (0)      5 :  0.4078 0.5922 
337      337   (0)      5 :  0.5226 0.4774 
338      338   (0)      5 :  0.2870 0.7130 
339      339   (0)      5 :  0.5320 0.4680 
340      340   (0)      5 :  0.5392 0.4608 
341      341   (0)      5 :  0.3270 0.6730 
342      342   (0)      5 :  0.5604 0.4396 
343      343   (0)      5 :  0.5048 0.4952 
344      344   (0)      5 :  0.4360 0.5640 
345      345   (0)      5 :  0.5130 0.4870 
346      346   (0)      5 :  0.4870 0.5130 
347      347   (0)      5 :  0.3928 0.6072 
348      348   (0)      5 :  0.6388 0.3612 
349      349   (0)      5 :  0.5438 0.4562 
350      350   (0)      5 :  0.5350 0.4650 
351      351   (0)      5 :  0.5360 0.4640 
352      352   (0)      5 :  0.4408 0.5592 
353      353   (0)      5 :  0.3402 0.6598 
354      354   (0)      5 :  0.4430 0.5570 
355      355   (0)      5 :  0.5398 0.4602 
356      356   (0)      5 :  0.5360 0.4640 
357      357   (0)      5 :  0.7234 0.2766 
358      358   (0)      5 :  0.4874 0.5126 
359      359   (0)      5 :  0.4990 0.5010 
360      360   (0)      5 :  0.5296 0.4704 
361      361   (0)      5 :  0.2850 0.7150 
362      362   (0)      5 :  0.6386 0.3614 
363      363   (0)      5 :  0.6160 0.3840 
364      364   (0)      5 :  0.4448 0.5552 
365      365   (0)      5 :  0.5108 0.4892 
366      366   (0)      5 :  0.3302 0.6698 
367      367   (0)      5 :  0.4690 0.5310 
368      368   (0)      5 :  0.4180 0.5820 
369      369   (0)      5 :  0.5510 0.4490 
370      370   (0)      5 :  0.4162 0.5838 
371      371   (0)      5 :  0.4418 0.5582 
372      372   (0)      5 :  0.4270 0.5730 
373      373   (0)      5 :  0.6730 0.3270 
374      374   (0)      5 :  0.4670 0.5330 
375      375   (0)      5 :  0.3438 0.6562 
376      376   (0)      5 :  0.1950 0.8050 
377      377   (0)      5 :  0.6046 0.3954 
378      378   (0)      5 :  0.4832 0.5168 
379      379   (0)      5 :  0.4800 0.5200 
380      380   (0)      5 :  0.4690 0.5310 
381      381   (0)      5 :  0.4300 0.5700 
382      382   (0)      5 :  0.4380 0.5620 
383      383   (0)      5 :  0.4946 0.5054 
384      384   (0)      5 :  0.5900 0.4100 
385      385   (0)      5 :  0.6218 0.3782 
386      386   (0)      5 :  0.5040 0.4960 
387      387   (0)      5 :  0.6130 0.3870 
388      388   (0)      5 :  0.4440 0.5560 
389      389   (0)      5 :  0.5192 0.4808 
390      390   (0)      5 :  0.4594 0.5406 
391      391   (0)      5 :  0.6860 0.3140 
392      392   (0)      5 :  0.4810 0.5190 
393      393   (0)      5 :  0.4840 0.5160 
394      394   (0)      5 :  0.4036 0.5964 
395      395   (0)      5 :  0.6850 0.3150 
396      396   (0)      5 :  0.5840 0.4160 
397      397   (0)      5 :  0.4180 0.5820 
398      398   (0)      5 :  0.4312 0.5688 
399      399   (0)      5 :  0.4540 0.5460 
400      400   (0)      5 :  0.3600 0.6400 
401      401   (0)      5 :  0.8232 0.1768 
402      402   (0)      5 :  0.4268 0.5732 
403      403   (0)      5 :  0.3140 0.6860 
404      404   (0)      5 :  0.4760 0.5240 
405      405   (0)      5 :  0.5286 0.4714 
406      406   (0)      5 :  0.4240 0.5760 
407      407   (0)      6 :  0.9370 0.0630 
408      408   (0)      6 :  0.8358 0.1642 
409      409   (0)      7 :  0.8636 0.1364 
410      410   (0)      7 :  0.9002 0.0998 
411      411   (0)      7 :  0.9010 0.0990 
412      412   (0)      7 :  0.7630 0.2370 
413      413   (0)      7 :  0.7050 0.2950 
414      414   (0)      7 :  0.8030 0.1970 
415      415   (0)      7 :  0.9470 0.0530 
416      416   (0)      7 :  0.7966 0.2034 
417      417   (0)      7 :  0.8432 0.1568 
418      418   (0)      7 :  0.7898 0.2102 
419      419   (0)      7 :  0.8270 0.1730 
420      420   (0)      7 :  0.9574 0.0426 
421      421   (0)      7 :  0.6586 0.3414 
422      422   (0)      7 :  0.6600 0.3400 
423      423   (0)      7 :  0.7492 0.2508 
424      424   (0)      7 :  0.9694 0.0306 
425      425   (0)      7 :  0.6710 0.3290 
426      426   (0)      7 :  0.7372 0.2628 
427      427   (0)      7 :  0.7760 0.2240 
428      428   (0)      7 :  0.7490 0.2510 
429      429   (0)      7 :  0.6800 0.3200 
430      430   (0)      7 :  0.8622 0.1378 
431      431   (0)      7 :  0.8454 0.1546 
432      432   (0)      7 :  0.8720 0.1280 
433      433   (0)      7 :  0.9750 0.0250 
434      434   (0)      7 :  0.7320 0.2680 
435      435   (0)      7 :  0.6470 0.3530 
436      436   (0)      7 :  0.7244 0.2756 
437      437   (0)      7 :  0.8332 0.1668 
438      438   (0)      7 :  0.6520 0.3480 
439      439   (0)      7 :  0.9030 0.0970 
440      440   (0)      7 :  0.5240 0.4760 
441      441   (0)      7 :  0.8570 0.1430 
442      442   (0)      7 :  0.7130 0.2870 
443      443   (0)      7 :  0.7616 0.2384 
444      444   (0)      7 :  0.7128 0.2872 
445      445   (0)      7 :  0.7796 0.2204 
446      446   (0)      7 :  0.7922 0.2078 
447      447   (0)      7 :  0.6638 0.3362 
448      448   (0)      7 :  0.5450 0.4550 
449      449   (0)      7 :  0.8876 0.1124 
450      450   (0)      7 :  0.9410 0.0590 
451      451   (0)      7 :  0.8852 0.1148 
452      452   (0)      7 :  0.6990 0.3010 
453      453   (0)      7 :  0.6640 0.3360 
454      454   (0)      7 :  0.8214 0.1786 
455      455   (0)      7 :  0.7302 0.2698 
456      456   (0)      7 :  0.8152 0.1848 
457      457   (0)      7 :  0.7670 0.2330 
458      458   (0)      7 :  0.9430 0.0570 
459      459   (0)      7 :  0.6190 0.3810 
460      460   (0)      7 :  0.5448 0.4552 
461      461   (0)      7 :  0.6070 0.3930 
462      462   (0)      7 :  0.7934 0.2066 
463      463   (0)      7 :  0.7030 0.2970 
464      464   (0)      7 :  0.7700 0.2300 
465      465   (0)      7 :  0.7726 0.2274 
466      466   (0)      7 :  0.8720 0.1280 
467      467   (0)      7 :  0.9210 0.0790 
468      468   (0)      7 :  0.8480 0.1520 
469      469   (0)      7 :  0.6944 0.3056 
470      470   (0)      7 :  0.8460 0.1540 
471      471   (0)      7 :  0.8996 0.1004 
472      472   (0)      7 :  0.8222 0.1778 
473      473   (0)      7 :  0.8198 0.1802 
474      474   (0)      7 :  0.7260 0.2740 
475      475   (0)      7 :  0.9630 0.0370 
476      476   (0)      7 :  0.7030 0.2970 
477      477   (0)      7 :  0.9002 0.0998 
478      478   (0)      7 :  0.7350 0.2650 
479      479   (0)      7 :  0.7462 0.2538 
480      480   (0)      7 :  0.9694 0.0306 
481      481   (0)      7 :  0.7170 0.2830 
482      482   (0)      7 :  0.6706 0.3294 
483      483   (0)      7 :  0.7774 0.2226 
484      484   (0)      7 :  0.7806 0.2194 
485      485   (0)      7 :  0.7126 0.2874 
486      486   (0)      7 :  0.9068 0.0932 
487      487   (0)      7 :  0.8506 0.1494 
488      488   (0)      7 :  0.6420 0.3580 
489      489   (0)      7 :  0.7820 0.2180 
490      490   (0)      7 :  0.6066 0.3934 
491      491   (0)      7 :  0.7248 0.2752 
492      492   (0)      7 :  0.9068 0.0932 
493      493   (0)      7 :  0.8260 0.1740 
494      494   (0)      7 :  0.4698 0.5302 
495      495   (0)      7 :  0.7214 0.2786 
496      496   (0)      7 :  0.6690 0.3310 
497      497   (0)      7 :  0.8692 0.1308 
498      498   (0)      7 :  0.7180 0.2820 
499      499   (0)      7 :  0.8774 0.1226 
500      500   (0)      7 :  0.7946 0.2054 
501      501   (0)      7 :  0.8230 0.1770 
502      502   (0)      7 :  0.8356 0.1644 
503      503   (0)      7 :  0.7770 0.2230 
504      504   (0)      7 :  0.6400 0.3600 
505      505   (0)      7 :  0.6520 0.3480 
506      506   (0)      7 :  0.8050 0.1950 
507      507   (0)      7 :  0.9450 0.0550 
508      508   (0)      7 :  0.9720 0.0280 
509      509  (10)      8 :  0.9780 0.0220 
510      510   (5)      8 :  0.9720 0.0280 
511      511   (5)      8 :  0.9080 0.0920 
512      512   (5)      8 :  0.9800 0.0200 
513      513  (10)      8 :  0.9620 0.0380 
514      514   (5)      8 :  0.8612 0.1388 
515      515  (10)      8 :  0.9600 0.0400 
516      516   (0)      8 :  0.9112 0.0888 
517      517   (0)      8 :  0.9578 0.0422 
518      518   (0)      8 :  0.9810 0.0190 
519      519   (0)      8 :  0.9490 0.0510 
520      520   (0)      8 :  0.8834 0.1166 
521      521   (0)      8 :  0.9760 0.0240 
522      522   (0)      8 :  0.9740 0.0260 
523      523   (0)      8 :  0.9632 0.0368 
524      524   (0)      8 :  0.9440 0.0560 
525      525   (0)      8 :  0.9570 0.0430 
526      526   (0)      8 :  0.8826 0.1174 
527      527   (0)      8 :  0.9570 0.0430 
528      528   (5)      8 :  0.9376 0.0624 
529      529   (0)      8 :  0.9680 0.0320 
530      530   (0)      8 :  0.9050 0.0950 
531      531   (5)      8 :  0.9464 0.0536 
532      532   (5)      8 :  0.9470 0.0530 
533      533   (0)      8 :  0.8120 0.1880 
534      534   (0)      8 :  0.9448 0.0552 
535      535   (0)      8 :  0.8960 0.1040 
536      536   (0)      8 :  0.9780 0.0220 
537      537   (0)      8 :  0.9830 0.0170 
538      538   (0)      8 :  0.9670 0.0330 
539      539   (0)      8 :  0.9850 0.0150 
540      540   (0)      8 :  0.9560 0.0440 
541      541   (0)      8 :  0.9260 0.0740 
542      542   (0)      8 :  0.9420 0.0580 
543      543   (0)      8 :  0.9490 0.0510 
544      544   (0)      8 :  0.9190 0.0810 
545      545   (0)      8 :  0.8240 0.1760 
546      546   (0)      8 :  0.9710 0.0290 
547      547   (0)      8 :  0.9040 0.0960 
548      548   (0)      8 :  0.8626 0.1374 
549      549   (0)      8 :  0.9660 0.0340 
550      550   (0)      8 :  0.9550 0.0450 
551      551   (0)      9 :  0.9656 0.0344 
552      552   (0)      9 :  0.9660 0.0340 
553      553   (0)      9 :  0.9592 0.0408 
554      554   (0)      9 :  0.9650 0.0350 
555      555   (0)      9 :  0.9720 0.0280 
556      556   (0)      9 :  0.9460 0.0540 
557      557   (0)      9 :  0.9344 0.0656 
558      558   (0)      9 :  0.9740 0.0260 
559      559   (0)      9 :  0.9326 0.0674 
560      560   (0)      9 :  0.8536 0.1464 
561      561   (0)      9 :  0.9800 0.0200 
562      562   (0)      9 :  0.9084 0.0916 
563      563   (0)      9 :  0.9750 0.0250 
564      564   (0)      9 :  0.9326 0.0674 
565      565   (0)      9 :  0.9404 0.0596 
566      566   (0)      9 :  0.6580 0.3420 
567      567   (0)      9 :  0.9700 0.0300 
568      568   (0)      9 :  0.9302 0.0698 
569      569   (0)      9 :  0.9000 0.1000 
570      570   (0)      9 :  0.9520 0.0480 
571      571   (0)      9 :  0.8690 0.1310 
572      572   (0)      9 :  0.9700 0.0300 
573      573   (0)      9 :  0.9220 0.0780 
574      574   (0)      9 :  0.9430 0.0570 
575      575   (0)      9 :  0.8354 0.1646 
576      576   (0)      9 :  0.9270 0.0730 
577      577   (0)      9 :  0.8810 0.1190 
578      578   (0)      9 :  0.8540 0.1460 
579      579   (0)      9 :  0.9640 0.0360 
580      580   (0)      9 :  0.7600 0.2400 
581      581   (0)      9 :  0.8844 0.1156 
582      582   (0)      9 :  0.9790 0.0210 
583      583   (0)      9 :  0.9760 0.0240 
584      584   (0)      9 :  0.9446 0.0554 
585      585   (0)      9 :  0.7966 0.2034 
586      586   (0)      9 :  0.8640 0.1360 
587      587   (0)      9 :  0.8762 0.1238 
588      588   (0)      9 :  0.8190 0.1810 
589      589   (0)      9 :  0.8932 0.1068 
590      590   (0)      9 :  0.9390 0.0610 
591      591   (0)      9 :  0.9670 0.0330 
592      592   (0)      9 :  0.7890 0.2110 
593      593   (0)      9 :  0.9860 0.0140 
594      594   (0)      9 :  0.9400 0.0600 
595      595   (0)      9 :  0.9194 0.0806 
596      596   (0)      9 :  0.9564 0.0436 
597      597   (0)      9 :  0.9170 0.0830 
598      598   (0)      9 :  0.9498 0.0502 
599      599   (0)      9 :  0.9360 0.0640 
600      600   (0)      9 :  0.9404 0.0596 
601      601   (0)      9 :  0.9330 0.0670 
602      602   (0)      9 :  0.9424 0.0576 
603      603   (0)      9 :  0.9000 0.1000 
604      604   (0)      9 :  0.7402 0.2598 
605      605   (0)      9 :  0.8526 0.1474 
606      606   (0)      9 :  0.8930 0.1070 
607      607   (0)      9 :  0.9830 0.0170 
608      608   (0)      9 :  0.9490 0.0510 
609      609   (0)      9 :  0.9380 0.0620 
610      610   (0)      9 :  0.9018 0.0982 
611      611   (0)      9 :  0.8836 0.1164 
612      612   (0)      9 :  0.9758 0.0242 
613      613   (0)      9 :  0.9800 0.0200 
614      614   (0)      9 :  0.8680 0.1320 
615      615   (0)      9 :  0.8990 0.1010 
616      616   (0)      9 :  0.9352 0.0648 
617      617   (0)      9 :  0.9510 0.0490 
618      618   (0)      9 :  0.8980 0.1020 
619      619   (0)      9 :  0.9660 0.0340 
620      620   (0)      9 :  0.9640 0.0360 
621      621   (0)      9 :  0.9790 0.0210 
622      622   (0)      9 :  0.8200 0.1800 
623      623   (0)      9 :  0.9520 0.0480 
624      624   (0)      9 :  0.9760 0.0240 
625      625   (0)      9 :  0.8956 0.1044 
626      626   (0)      9 :  0.9700 0.0300 
627      627   (0)      9 :  0.9158 0.0842 
628      628   (0)      9 :  0.9840 0.0160 
629      629   (0)      9 :  0.9764 0.0236 
630      630   (0)      9 :  0.9370 0.0630 
631      631   (0)      9 :  0.9590 0.0410 
632      632   (0)      9 :  0.9630 0.0370 
633      633   (0)      9 :  0.9110 0.0890 
634      634   (0)      9 :  0.9420 0.0580 
635      635   (0)      9 :  0.9670 0.0330 
636      636   (0)      9 :  0.6068 0.3932 
637      637   (0)      9 :  0.8388 0.1612 
638      638   (0)      9 :  0.7710 0.2290 
639      639   (0)      9 :  0.8788 0.1212 
640      640   (0)      9 :  0.9800 0.0200 
641      641   (0)      9 :  0.9640 0.0360 
642      642   (0)      9 :  0.7130 0.2870 
643      643   (0)      9 :  0.7952 0.2048 
644      644   (0)      9 :  0.9320 0.0680 
645      645   (0)      9 :  0.8452 0.1548 
646      646   (0)      9 :  0.9500 0.0500 
647      647   (0)      9 :  0.9120 0.0880 
648      648   (0)      9 :  0.9082 0.0918 
649      649   (0)      9 :  0.8540 0.1460 
650      650   (0)      9 :  0.8412 0.1588 
651      651   (0)     10 :  0.8830 0.1170 
652      652   (5)     10 :  0.9458 0.0542 
653      653   (0)     10 :  0.9840 0.0160 
654      654   (5)     10 :  0.9810 0.0190 
655      655   (0)     10 :  0.9304 0.0696 
656      656   (5)     10 :  0.9264 0.0736 
657      657  (10)     10 :  0.9670 0.0330 
658      658   (0)     10 :  0.9710 0.0290 
659      659   (5)     10 :  0.9820 0.0180 
660      660   (0)     10 :  0.9480 0.0520 
661      661  (10)     10 :  0.9810 0.0190 
662      662   (0)     10 :  0.9620 0.0380 
663      663   (5)     10 :  0.8600 0.1400 
664      664   (0)     10 :  0.9340 0.0660 
665      665  (15)     10 :  0.9610 0.0390 
666      666   (0)     10 :  0.9644 0.0356 
667      667   (0)     10 :  0.9790 0.0210 
668      668   (0)     10 :  0.9390 0.0610 
669      669   (5)     10 :  0.9210 0.0790 
670      670  (10)     10 :  0.9850 0.0150 
671      671   (0)     10 :  0.9408 0.0592 
672      672  (10)     10 :  0.9584 0.0416 
673      673   (0)     10 :  0.9820 0.0180 
674      674   (0)     10 :  0.9848 0.0152 
675      675   (5)     10 :  0.9680 0.0320 
676      676  (10)     10 :  0.9810 0.0190 
677      677  (10)     10 :  0.9070 0.0930 
678      678   (0)     10 :  0.9820 0.0180 
679      679   (5)     10 :  0.9820 0.0180 
680      680   (0)     10 :  0.9350 0.0650 
681      681   (0)     10 :  0.9860 0.0140 
682      682   (0)     10 :  0.9838 0.0162 
683      683   (0)     10 :  0.9770 0.0230 
684      684   (0)     10 :  0.9830 0.0170 
685      685   (0)     10 :  0.9048 0.0952 
686      686   (0)     10 :  0.9790 0.0210 
687      687  (10)     10 :  0.9600 0.0400 
688      688   (5)     10 :  0.9772 0.0228 
689      689   (0)     10 :  0.9830 0.0170 
690      690   (0)     10 :  0.9810 0.0190 
691      691   (0)     10 :  0.9700 0.0300 
692      692  (10)     10 :  0.9780 0.0220 
693      693   (0)     10 :  0.9730 0.0270 
694      694   (0)     10 :  0.9840 0.0160 
695      695   (0)     10 :  0.9580 0.0420 
696      696   (0)     10 :  0.9790 0.0210 
697      697   (0)     10 :  0.9670 0.0330 
698      698   (5)     10 :  0.7248 0.2752 
699      699   (0)     10 :  0.9860 0.0140 
700      700   (5)     10 :  0.9740 0.0260 
701      701   (0)     10 :  0.9850 0.0150 
702      702   (0)     10 :  0.9850 0.0150 
703      703   (5)     10 :  0.9810 0.0190 
704      704  (10)     10 :  0.9850 0.0150 
705      705   (0)     10 :  0.9660 0.0340 
706      706   (0)     10 :  0.9800 0.0200 
707      707   (0)     10 :  0.9830 0.0170 
708      708   (5)     10 :  0.9860 0.0140 
709      709   (5)     10 :  0.9570 0.0430 
710      710   (5)     10 :  0.9850 0.0150 
711      711   (0)     10 :  0.9568 0.0432 
712      712   (0)     10 :  0.9740 0.0260 
713      713  (10)     10 :  0.9510 0.0490 
714      714   (5)     10 :  0.9760 0.0240 
715      715   (0)     10 :  0.9850 0.0150 
716      716   (0)     10 :  0.9820 0.0180 
717      717   (0)     10 :  0.9670 0.0330 
718      718   (0)     10 :  0.9390 0.0610 
719      719   (0)     10 :  0.9800 0.0200 
720      720   (0)     10 :  0.9830 0.0170 
721      721   (5)     10 :  0.9750 0.0250 
722      722  (10)     10 :  0.9770 0.0230 
723      723   (0)     10 :  0.9850 0.0150 
724      724   (5)     10 :  0.9290 0.0710 
725      725   (5)     10 :  0.9632 0.0368 
726      726   (0)     10 :  0.9840 0.0160 
727      727   (5)     10 :  0.9670 0.0330 
728      728   (0)     10 :  0.9840 0.0160 
729      729   (0)     10 :  0.9830 0.0170 
730      730   (0)     10 :  0.9850 0.0150 
731      731   (5)     10 :  0.9780 0.0220 
732      732   (0)     10 :  0.9730 0.0270 
733      733   (5)     10 :  0.9796 0.0204 
734      734   (0)     10 :  0.9860 0.0140 
735      735   (0)     10 :  0.9730 0.0270 
736      736   (0)     10 :  0.9496 0.0504 
737      737   (0)     10 :  0.9656 0.0344 
738      738   (0)     10 :  0.9860 0.0140 
739      739   (0)     10 :  0.9830 0.0170 
740      740   (5)     10 :  0.9770 0.0230 
741      741   (0)     10 :  0.9420 0.0580 
742      742   (0)     10 :  0.9770 0.0230 
743      743   (0)     10 :  0.9850 0.0150 
744      744   (5)     10 :  0.9840 0.0160 
745      745   (0)     10 :  0.9850 0.0150 
746      746   (0)     10 :  0.9750 0.0250 
747      747   (0)     10 :  0.9860 0.0140 
748      748   (0)     10 :  0.9840 0.0160 
749      749   (0)     10 :  0.9850 0.0150 
750      750   (0)     10 :  0.9840 0.0160 
