  1        1   (5)      1 :  0.0340 0.9660 
  2        2   (5)      1 :  0.0700 0.9300 
  3        3   (5)      1 :  0.0220 0.9780 
  4        4   (0)      1 :  0.0176 0.9824 
  5        5   (0)      1 :  0.0700 0.9300 
  6        6   (0)      1 :  0.0254 0.9746 
  7        7   (0)      1 :  0.0834 0.9166 
  8        8   (5)      1 :  0.0200 0.9800 
  9        9   (0)      1 :  0.0190 0.9810 
 10       10   (0)      1 :  0.0700 0.9300 
 11       11   (0)      1 :  0.0300 0.9700 
 12       12   (0)      1 :  0.0320 0.9680 
 13       13   (0)      1 :  0.0200 0.9800 
 14       14   (0)      1 :  0.0330 0.9670 
 15       15   (0)      1 :  0.0330 0.9670 
 16       16   (0)      1 :  0.0150 0.9850 
 17       17   (0)      1 :  0.0180 0.9820 
 18       18   (0)      1 :  0.0350 0.9650 
 19       19   (0)      1 :  0.0190 0.9810 
 20       20   (0)      1 :  0.0550 0.9450 
 21       21   (0)      1 :  0.0174 0.9826 
 22       22   (0)      1 :  0.0150 0.9850 
 23       23   (0)      1 :  0.0160 0.9840 
 24       24   (0)      1 :  0.0170 0.9830 
 25       25   (0)      1 :  0.0438 0.9562 
 26       26   (0)      1 :  0.0324 0.9676 
 27       27   (5)      1 :  0.0660 0.9340 
 28       28   (0)      1 :  0.0250 0.9750 
 29       29   (0)      1 :  0.0190 0.9810 
 30       30   (0)      1 :  0.0494 0.9506 
 31       31   (0)      1 :  0.0190 0.9810 
 32       32   (0)      1 :  0.0516 0.9484 
 33       33   (0)      1 :  0.0150 0.9850 
 34       34   (0)      1 :  0.0190 0.9810 
 35       35   (0)      1 :  0.0600 0.9400 
 36       36   (0)      1 :  0.0360 0.9640 
 37       37   (0)      1 :  0.0294 0.9706 
 38       38   (0)      1 :  0.0290 0.9710 
 39       39   (0)      1 :  0.0562 0.9438 
 40       40   (0)      1 :  0.0220 0.9780 
 41       41   (0)      1 :  0.0250 0.9750 
 42       42   (0)      1 :  0.0150 0.9850 
 43       43   (0)      1 :  0.0250 0.9750 
 44       44   (0)      1 :  0.0180 0.9820 
 45       45   (5)      1 :  0.0410 0.9590 
 46       46   (0)      1 :  0.0190 0.9810 
 47       47   (0)      1 :  0.0280 0.9720 
 48       48   (0)      1 :  0.0300 0.9700 
 49       49   (0)      1 :  0.0280 0.9720 
 50       50   (0)      1 :  0.0282 0.9718 
 51       51   (0)      1 :  0.0240 0.9760 
 52       52   (0)      1 :  0.0620 0.9380 
 53       53   (0)      1 :  0.0316 0.9684 
 54       54   (0)      1 :  0.0370 0.9630 
 55       55   (0)      1 :  0.0280 0.9720 
 56       56   (0)      1 :  0.0190 0.9810 
 57       57  (10)      1 :  0.0200 0.9800 
 58       58   (5)      1 :  0.0350 0.9650 
 59       59   (0)      1 :  0.0300 0.9700 
 60       60   (0)      1 :  0.0190 0.9810 
 61       61   (0)      1 :  0.0310 0.9690 
 62       62   (0)      1 :  0.0410 0.9590 
 63       63   (0)      1 :  0.0410 0.9590 
 64       64   (0)      1 :  0.0248 0.9752 
 65       65   (0)      1 :  0.0498 0.9502 
 66       66   (0)      1 :  0.0220 0.9780 
 67       67   (5)      1 :  0.0320 0.9680 
 68       68   (0)      1 :  0.0528 0.9472 
 69       69   (0)      1 :  0.0380 0.9620 
 70       70   (0)      1 :  0.0310 0.9690 
 71       71   (5)      1 :  0.0310 0.9690 
 72       72   (0)      1 :  0.0290 0.9710 
 73       73   (5)      1 :  0.0242 0.9758 
 74       74  (10)      1 :  0.0400 0.9600 
 75       75  (10)      1 :  0.0310 0.9690 
 76       76   (0)      1 :  0.0180 0.9820 
 77       77  (10)      1 :  0.0270 0.9730 
 78       78   (0)      1 :  0.0414 0.9586 
 79       79   (5)      1 :  0.0370 0.9630 
 80       80   (0)      1 :  0.0200 0.9800 
 81       81   (0)      1 :  0.0200 0.9800 
 82       82   (0)      1 :  0.0170 0.9830 
 83       83   (0)      1 :  0.0290 0.9710 
 84       84   (0)      1 :  0.0400 0.9600 
 85       85   (0)      1 :  0.0190 0.9810 
 86       86   (5)      1 :  0.0210 0.9790 
 87       87   (0)      1 :  0.0210 0.9790 
 88       88   (0)      1 :  0.0756 0.9244 
 89       89   (0)      1 :  0.0240 0.9760 
 90       90   (0)      1 :  0.0340 0.9660 
 91       91   (0)      1 :  0.0426 0.9574 
 92       92   (0)      1 :  0.0340 0.9660 
 93       93   (0)      1 :  0.0180 0.9820 
 94       94   (5)      1 :  0.0270 0.9730 
 95       95   (0)      1 :  0.0300 0.9700 
 96       96   (5)      1 :  0.0210 0.9790 
 97       97   (0)      1 :  0.0310 0.9690 
 98       98   (0)      1 :  0.0300 0.9700 
 99       99   (5)      1 :  0.0240 0.9760 
100      100   (5)      1 :  0.0160 0.9840 
101      101   (0)      2 :  0.0882 0.9118 
102      102   (0)      2 :  0.0350 0.9650 
103      103   (0)      2 :  0.0200 0.9800 
104      104   (0)      2 :  0.0590 0.9410 
105      105   (0)      2 :  0.0410 0.9590 
106      106   (0)      2 :  0.0590 0.9410 
107      107   (0)      2 :  0.0978 0.9022 
108      108   (0)      2 :  0.0550 0.9450 
109      109   (0)      2 :  0.2218 0.7782 
110      110   (0)      2 :  0.0632 0.9368 
111      111   (0)      2 :  0.0982 0.9018 
112      112   (0)      2 :  0.1006 0.8994 
113      113   (0)      2 :  0.0260 0.9740 
114      114   (0)      2 :  0.0250 0.9750 
115      115   (0)      2 :  0.0310 0.9690 
116      116   (0)      2 :  0.0380 0.9620 
117      117   (0)      2 :  0.1450 0.8550 
118      118   (0)      2 :  0.0310 0.9690 
119      119   (0)      2 :  0.0440 0.9560 
120      120   (0)      2 :  0.0440 0.9560 
121      121   (0)      2 :  0.0340 0.9660 
122      122   (0)      2 :  0.0370 0.9630 
123      123   (0)      2 :  0.0420 0.9580 
124      124   (0)      2 :  0.0300 0.9700 
125      125   (0)      2 :  0.0470 0.9530 
126      126   (0)      2 :  0.0300 0.9700 
127      127   (0)      2 :  0.0360 0.9640 
128      128   (0)      2 :  0.0270 0.9730 
129      129   (0)      2 :  0.0580 0.9420 
130      130   (0)      2 :  0.0630 0.9370 
131      131   (0)      2 :  0.0772 0.9228 
132      132   (0)      2 :  0.2660 0.7340 
133      133   (0)      2 :  0.0740 0.9260 
134      134   (0)      2 :  0.0438 0.9562 
135      135   (0)      2 :  0.0336 0.9664 
136      136   (0)      2 :  0.0540 0.9460 
137      137   (0)      2 :  0.2120 0.7880 
138      138   (0)      2 :  0.0710 0.9290 
139      139   (0)      2 :  0.0360 0.9640 
140      140   (0)      2 :  0.1720 0.8280 
141      141   (0)      2 :  0.0390 0.9610 
142      142   (0)      2 :  0.1580 0.8420 
143      143   (0)      2 :  0.0444 0.9556 
144      144   (0)      2 :  0.0680 0.9320 
145      145   (0)      2 :  0.0250 0.9750 
146      146   (0)      2 :  0.2682 0.7318 
147      147   (0)      2 :  0.1330 0.8670 
148      148   (0)      2 :  0.1040 0.8960 
149      149   (0)      2 :  0.0380 0.9620 
150      150   (0)      2 :  0.0240 0.9760 
151      151   (0)      2 :  0.2276 0.7724 
152      152   (0)      2 :  0.1430 0.8570 
153      153   (0)      2 :  0.1432 0.8568 
154      154   (0)      2 :  0.0310 0.9690 
155      155   (0)      2 :  0.0338 0.9662 
156      156   (0)      2 :  0.1540 0.8460 
157      157   (0)      2 :  0.0456 0.9544 
158      158   (0)      2 :  0.0520 0.9480 
159      159   (0)      2 :  0.0440 0.9560 
160      160   (0)      2 :  0.0770 0.9230 
161      161   (0)      2 :  0.1496 0.8504 
162      162   (0)      2 :  0.0450 0.9550 
163      163   (0)      2 :  0.0292 0.9708 
164      164   (0)      2 :  0.0576 0.9424 
165      165   (0)      2 :  0.0440 0.9560 
166      166   (0)      2 :  0.0910 0.9090 
167      167   (0)      2 :  0.0330 0.9670 
168      168   (0)      2 :  0.0924 0.9076 
169      169   (0)      2 :  0.1352 0.8648 
170      170   (0)      2 :  0.0508 0.9492 
171      171   (0)      2 :  0.0680 0.9320 
172      172   (0)      2 :  0.0830 0.9170 
173      173   (0)      2 :  0.0210 0.9790 
174      174   (0)      2 :  0.0434 0.9566 
175      175   (0)      2 :  0.0270 0.9730 
176      176   (0)      2 :  0.0410 0.9590 
177      177   (0)      2 :  0.2642 0.7358 
178      178   (0)      2 :  0.0660 0.9340 
179      179   (0)      2 :  0.1104 0.8896 
180      180   (0)      2 :  0.0550 0.9450 
181      181   (0)      2 :  0.0180 0.9820 
182      182   (0)      2 :  0.0318 0.9682 
183      183   (0)      2 :  0.2312 0.7688 
184      184   (0)      2 :  0.0530 0.9470 
185      185   (0)      2 :  0.0770 0.9230 
186      186   (0)      2 :  0.0520 0.9480 
187      187   (0)      2 :  0.0274 0.9726 
188      188   (0)      2 :  0.0410 0.9590 
189      189   (0)      2 :  0.0898 0.9102 
190      190   (0)      2 :  0.2034 0.7966 
191      191   (0)      2 :  0.3400 0.6600 
192      192   (0)      2 :  0.0690 0.9310 
193      193   (0)      2 :  0.2090 0.7910 
194      194   (0)      2 :  0.0340 0.9660 
195      195   (0)      2 :  0.0160 0.9840 
196      196   (0)      2 :  0.0950 0.9050 
197      197   (0)      2 :  0.0280 0.9720 
198      198   (0)      2 :  0.0960 0.9040 
199      199   (0)      2 :  0.0260 0.9740 
200      200   (0)      2 :  0.0620 0.9380 
201      201   (0)      3 :  0.2418 0.7582 
202      202   (0)      3 :  0.1446 0.8554 
203      203   (0)      3 :  0.0660 0.9340 
204      204   (0)      3 :  0.0926 0.9074 
205      205   (0)      3 :  0.1530 0.8470 
206      206   (0)      3 :  0.1908 0.8092 
207      207   (0)      3 :  0.1580 0.8420 
208      208   (0)      3 :  0.0770 0.9230 
209      209   (0)      3 :  0.0750 0.9250 
210      210   (0)      3 :  0.2040 0.7960 
211      211   (0)      3 :  0.2462 0.7538 
212      212   (0)      3 :  0.0826 0.9174 
213      213   (0)      3 :  0.3570 0.6430 
214      214   (0)      3 :  0.0520 0.9480 
215      215   (0)      3 :  0.3360 0.6640 
216      216   (0)      3 :  0.0622 0.9378 
217      217   (0)      3 :  0.3204 0.6796 
218      218   (0)      3 :  0.2550 0.7450 
219      219   (0)      3 :  0.0610 0.9390 
220      220   (0)      3 :  0.3500 0.6500 
221      221   (0)      3 :  0.3060 0.6940 
222      222   (0)      3 :  0.1202 0.8798 
223      223   (0)      3 :  0.1206 0.8794 
224      224   (0)      3 :  0.2030 0.7970 
225      225   (0)      3 :  0.1998 0.8002 
226      226   (0)      3 :  0.2568 0.7432 
227      227   (0)      3 :  0.2480 0.7520 
228      228   (0)      3 :  0.1224 0.8776 
229      229   (0)      3 :  0.2782 0.7218 
230      230   (0)      3 :  0.1612 0.8388 
231      231   (0)      3 :  0.3688 0.6312 
232      232   (0)      3 :  0.1040 0.8960 
233      233   (0)      3 :  0.2542 0.7458 
234      234   (0)      3 :  0.2210 0.7790 
235      235   (0)      3 :  0.3020 0.6980 
236      236   (0)      3 :  0.2732 0.7268 
237      237   (0)      3 :  0.0330 0.9670 
238      238   (0)      3 :  0.1280 0.8720 
239      239   (0)      3 :  0.1594 0.8406 
240      240   (0)      3 :  0.0780 0.9220 
241      241   (0)      3 :  0.4382 0.5618 
242      242   (0)      3 :  0.2822 0.7178 
243      243   (0)      3 :  0.1828 0.8172 
244      244   (0)      3 :  0.0510 0.9490 
245      245   (0)      3 :  0.1326 0.8674 
246      246   (0)      3 :  0.2876 0.7124 
247      247   (0)      3 :  0.2120 0.7880 
248      248   (0)      3 :  0.0898 0.9102 
249      249   (0)      3 :  0.4480 0.5520 
250      250   (0)      3 :  0.1084 0.8916 
251      251   (0)      3 :  0.1858 0.8142 
252      252   (0)      3 :  0.2654 0.7346 
253      253   (0)      3 :  0.2842 0.7158 
254      254   (0)      3 :  0.1540 0.8460 
255      255   (0)      3 :  0.1642 0.8358 
256      256   (0)      3 :  0.2430 0.7570 
257      257   (0)      3 :  0.0980 0.9020 
258      258   (0)      3 :  0.1950 0.8050 
259      259   (0)      3 :  0.2960 0.7040 
260      260   (0)      3 :  0.1920 0.8080 
261      261   (0)      3 :  0.1578 0.8422 
262      262   (0)      3 :  0.0808 0.9192 
263      263   (0)      3 :  0.3028 0.6972 
264      264   (0)      3 :  0.0520 0.9480 
265      265   (0)      3 :  0.1160 0.8840 
266      266   (0)      3 :  0.1664 0.8336 
267      267   (0)      3 :  0.0660 0.9340 
268      268   (0)      3 :  0.0766 0.9234 
269      269   (0)      3 :  0.1714 0.8286 
270      270   (0)      3 :  0.1700 0.8300 
271      271   (0)      3 :  0.3866 0.6134 
272      272   (0)      3 :  0.3318 0.6682 
273      273   (0)      3 :  0.0320 0.9680 
274      274   (0)      3 :  0.3466 0.6534 
275      275   (0)      3 :  0.0230 0.9770 
276      276   (0)      3 :  0.2080 0.7920 
277      277   (0)      3 :  0.2720 0.7280 
278      278   (0)      3 :  0.0440 0.9560 
279      279   (0)      3 :  0.1894 0.8106 
280      280   (0)      3 :  0.1978 0.8022 
281      281   (0)      3 :  0.3770 0.6230 
282      282   (0)      3 :  0.1890 0.8110 
283      283   (0)      3 :  0.1160 0.8840 
284      284   (0)      3 :  0.3930 0.6070 
285      285   (0)      3 :  0.3020 0.6980 
286      286   (0)      3 :  0.0994 0.9006 
287      287   (0)      3 :  0.0440 0.9560 
288      288   (0)      3 :  0.0750 0.9250 
289      289   (0)      3 :  0.1640 0.8360 
290      290   (0)      3 :  0.0460 0.9540 
291      291   (0)      3 :  0.3376 0.6624 
292      292   (0)      3 :  0.3062 0.6938 
293      293   (0)      3 :  0.1958 0.8042 
294      294   (0)      3 :  0.1894 0.8106 
295      295   (0)      3 :  0.0348 0.9652 
296      296   (0)      3 :  0.4266 0.5734 
297      297   (0)      3 :  0.2264 0.7736 
298      298   (0)      3 :  0.2170 0.7830 
299      299   (0)      3 :  0.2250 0.7750 
300      300   (0)      3 :  0.1100 0.8900 
301      301   (5)      4 :  0.4080 0.5920 
302      302   (0)      4 :  0.7244 0.2756 
303      303   (0)      4 :  0.6016 0.3984 
304      304   (5)      4 :  0.6384 0.3616 
305      305   (5)      4 :  0.6628 0.3372 
306      306   (0)      4 :  0.7672 0.2328 
307      307   (0)      5 :  0.4954 0.5046 
308      308   (0)      5 :  0.6388 0.3612 
309      309   (0)      5 :  0.4350 0.5650 
310      310   (0)      5 :  0.4860 0.5140 
311      311   (0)      5 :  0.6198 0.3802 
312      312   (0)      5 :  0.5530 0.4470 
313      313   (0)      5 :  0.5980 0.4020 
314      314   (0)      5 :  0.5192 0.4808 
315      315   (0)      5 :  0.4272 0.5728 
316      316   (0)      5 :  0.3588 0.6412 
317      317   (0)      5 :  0.5632 0.4368 
318      318   (0)      5 :  0.4954 0.5046 
319      319   (0)      5 :  0.4750 0.5250 
320      320   (0)      5 :  0.3970 0.6030 
321      321   (0)      5 :  0.5244 0.4756 
322      322   (0)      5 :  0.0820 0.9180 
323      323   (0)      5 :  0.3208 0.6792 
324      324   (0)      5 :  0.2292 0.7708 
325      325   (0)      5 :  0.3260 0.6740 
326      326   (0)      5 :  0.7740 0.2260 
327      327   (0)      5 :  0.5910 0.4090 
328      328   (0)      5 :  0.5710 0.4290 
329      329   (0)      5 :  0.3750 0.6250 
330      330   (0)      5 :  0.4288 0.5712 
331      331   (0)      5 :  0.5552 0.4448 
332      332   (0)      5 :  0.5954 0.4046 
333      333   (0)      5 :  0.5792 0.4208 
334      334   (0)      5 :  0.3940 0.6060 
335      335   (0)      5 :  0.5914 0.4086 
336      336   (0)      5 :  0.6708 0.3292 
337      337   (0)      5 :  0.4290 0.5710 
338      338   (0)      5 :  0.6380 0.3620 
339      339   (0)      5 :  0.5000 0.5000 
340      340   (0)      5 :  0.4546 0.5454 
341      341   (0)      5 :  0.6736 0.3264 
342      342   (0)      5 :  0.5588 0.4412 
343      343   (0)      5 :  0.5048 0.4952 
344      344   (0)      5 :  0.5890 0.4110 
345      345   (0)      5 :  0.3480 0.6520 
346      346   (0)      5 :  0.4164 0.5836 
347      347   (0)      5 :  0.5240 0.4760 
348      348   (0)      5 :  0.4410 0.5590 
349      349   (0)      5 :  0.3580 0.6420 
350      350   (0)      5 :  0.4290 0.5710 
351      351   (0)      5 :  0.5110 0.4890 
352      352   (0)      5 :  0.5624 0.4376 
353      353   (0)      5 :  0.6760 0.3240 
354      354   (0)      5 :  0.7008 0.2992 
355      355   (0)      5 :  0.4698 0.5302 
356      356   (0)      5 :  0.5214 0.4786 
357      357   (0)      5 :  0.1762 0.8238 
358      358   (0)      5 :  0.5320 0.4680 
359      359   (0)      5 :  0.6840 0.3160 
360      360   (0)      5 :  0.5622 0.4378 
361      361   (0)      5 :  0.6080 0.3920 
362      362   (0)      5 :  0.6284 0.3716 
363      363   (0)      5 :  0.4680 0.5320 
364      364   (0)      5 :  0.6110 0.3890 
365      365   (0)      5 :  0.6120 0.3880 
366      366   (0)      5 :  0.2206 0.7794 
367      367   (0)      5 :  0.5200 0.4800 
368      368   (0)      5 :  0.6724 0.3276 
369      369   (0)      5 :  0.3950 0.6050 
370      370   (0)      5 :  0.5288 0.4712 
371      371   (0)      5 :  0.5708 0.4292 
372      372   (0)      5 :  0.3566 0.6434 
373      373   (0)      5 :  0.4280 0.5720 
374      374   (0)      5 :  0.3622 0.6378 
375      375   (0)      5 :  0.4068 0.5932 
376      376   (0)      5 :  0.6492 0.3508 
377      377   (0)      5 :  0.6220 0.3780 
378      378   (0)      5 :  0.2458 0.7542 
379      379   (0)      5 :  0.4644 0.5356 
380      380   (0)      5 :  0.4732 0.5268 
381      381   (0)      5 :  0.5090 0.4910 
382      382   (0)      5 :  0.5560 0.4440 
383      383   (0)      5 :  0.5560 0.4440 
384      384   (0)      5 :  0.4612 0.5388 
385      385   (0)      5 :  0.5910 0.4090 
386      386   (0)      5 :  0.4012 0.5988 
387      387   (0)      5 :  0.3622 0.6378 
388      388   (0)      5 :  0.3462 0.6538 
389      389   (0)      5 :  0.6790 0.3210 
390      390   (0)      5 :  0.4660 0.5340 
391      391   (0)      5 :  0.7552 0.2448 
392      392   (0)      5 :  0.2782 0.7218 
393      393   (0)      5 :  0.4950 0.5050 
394      394   (0)      5 :  0.5542 0.4458 
395      395   (0)      5 :  0.3800 0.6200 
396      396   (0)      5 :  0.2294 0.7706 
397      397   (0)      5 :  0.4940 0.5060 
398      398   (0)      5 :  0.3596 0.6404 
399      399   (0)      5 :  0.5944 0.4056 
400      400   (0)      5 :  0.4482 0.5518 
401      401   (0)      5 :  0.6520 0.3480 
402      402   (0)      5 :  0.4462 0.5538 
403      403   (0)      5 :  0.3770 0.6230 
404      404   (0)      5 :  0.4120 0.5880 
405      405   (0)      5 :  0.4496 0.5504 
406      406   (0)      5 :  0.4000 0.6000 
407      407   (0)      6 :  0.9504 0.0496 
408      408   (0)      6 :  0.8524 0.1476 
409      409   (0)      7 :  0.7660 0.2340 
410      410   (0)      7 :  0.9678 0.0322 
411      411   (0)      7 :  0.9100 0.0900 
412      412   (0)      7 :  0.7432 0.2568 
413      413   (0)      7 :  0.7252 0.2748 
414      414   (0)      7 :  0.7590 0.2410 
415      415   (0)      7 :  0.6856 0.3144 
416      416   (0)      7 :  0.8650 0.1350 
417      417   (0)      7 :  0.8012 0.1988 
418      418   (0)      7 :  0.8026 0.1974 
419      419   (0)      7 :  0.7812 0.2188 
420      420   (0)      7 :  0.8780 0.1220 
421      421   (0)      7 :  0.8274 0.1726 
422      422   (0)      7 :  0.5860 0.4140 
423      423   (0)      7 :  0.5278 0.4722 
424      424   (0)      7 :  0.5778 0.4222 
425      425   (0)      7 :  0.9740 0.0260 
426      426   (0)      7 :  0.9564 0.0436 
427      427   (0)      7 :  0.9200 0.0800 
428      428   (0)      7 :  0.6310 0.3690 
429      429   (0)      7 :  0.6444 0.3556 
430      430   (0)      7 :  0.9530 0.0470 
431      431   (0)      7 :  0.8842 0.1158 
432      432   (0)      7 :  0.9060 0.0940 
433      433   (0)      7 :  0.8838 0.1162 
434      434   (0)      7 :  0.7640 0.2360 
435      435   (0)      7 :  0.7498 0.2502 
436      436   (0)      7 :  0.9540 0.0460 
437      437   (0)      7 :  0.8304 0.1696 
438      438   (0)      7 :  0.8160 0.1840 
439      439   (0)      7 :  0.7672 0.2328 
440      440   (0)      7 :  0.6880 0.3120 
441      441   (0)      7 :  0.6350 0.3650 
442      442   (0)      7 :  0.6262 0.3738 
443      443   (0)      7 :  0.9170 0.0830 
444      444   (0)      7 :  0.8380 0.1620 
445      445   (0)      7 :  0.7880 0.2120 
446      446   (0)      7 :  0.7220 0.2780 
447      447   (0)      7 :  0.6426 0.3574 
448      448   (0)      7 :  0.7880 0.2120 
449      449   (0)      7 :  0.6620 0.3380 
450      450   (0)      7 :  0.6378 0.3622 
451      451   (0)      7 :  0.9380 0.0620 
452      452   (0)      7 :  0.6206 0.3794 
453      453   (0)      7 :  0.9270 0.0730 
454      454   (0)      7 :  0.7650 0.2350 
455      455   (0)      7 :  0.7526 0.2474 
456      456   (0)      7 :  0.7798 0.2202 
457      457   (0)      7 :  0.7972 0.2028 
458      458   (0)      7 :  0.9520 0.0480 
459      459   (0)      7 :  0.9480 0.0520 
460      460   (0)      7 :  0.7362 0.2638 
461      461   (0)      7 :  0.8982 0.1018 
462      462   (0)      7 :  0.8624 0.1376 
463      463   (0)      7 :  0.8850 0.1150 
464      464   (0)      7 :  0.8792 0.1208 
465      465   (0)      7 :  0.7022 0.2978 
466      466   (0)      7 :  0.9164 0.0836 
467      467   (0)      7 :  0.9324 0.0676 
468      468   (0)      7 :  0.7000 0.3000 
469      469   (0)      7 :  0.9304 0.0696 
470      470   (0)      7 :  0.5752 0.4248 
471      471   (0)      7 :  0.8334 0.1666 
472      472   (0)      7 :  0.8460 0.1540 
473      473   (0)      7 :  0.8138 0.1862 
474      474   (0)      7 :  0.8810 0.1190 
475      475   (0)      7 :  0.8730 0.1270 
476      476   (0)      7 :  0.9080 0.0920 
477      477   (0)      7 :  0.6210 0.3790 
478      478   (0)      7 :  0.8838 0.1162 
479      479   (0)      7 :  0.8780 0.1220 
480      480   (0)      7 :  0.9680 0.0320 
481      481   (0)      7 :  0.5800 0.4200 
482      482   (0)      7 :  0.6960 0.3040 
483      483   (0)      7 :  0.8780 0.1220 
484      484   (0)      7 :  0.8300 0.1700 
485      485   (0)      7 :  0.5678 0.4322 
486      486   (0)      7 :  0.7060 0.2940 
487      487   (0)      7 :  0.5870 0.4130 
488      488   (0)      7 :  0.6790 0.3210 
489      489   (0)      7 :  0.7666 0.2334 
490      490   (0)      7 :  0.7350 0.2650 
491      491   (0)      7 :  0.9530 0.0470 
492      492   (0)      7 :  0.4612 0.5388 
493      493   (0)      7 :  0.8870 0.1130 
494      494   (0)      7 :  0.8182 0.1818 
495      495   (0)      7 :  0.7944 0.2056 
496      496   (0)      7 :  0.7608 0.2392 
497      497   (0)      7 :  0.8362 0.1638 
498      498   (0)      7 :  0.7656 0.2344 
499      499   (0)      7 :  0.5986 0.4014 
500      500   (0)      7 :  0.9440 0.0560 
501      501   (0)      7 :  0.6970 0.3030 
502      502   (0)      7 :  0.7404 0.2596 
503      503   (0)      7 :  0.7100 0.2900 
504      504   (0)      7 :  0.7500 0.2500 
505      505   (0)      7 :  0.7060 0.2940 
506      506   (0)      7 :  0.9520 0.0480 
507      507   (0)      7 :  0.5836 0.4164 
508      508   (0)      7 :  0.7932 0.2068 
509      509  (10)      8 :  0.9780 0.0220 
510      510   (5)      8 :  0.9710 0.0290 
511      511   (5)      8 :  0.9082 0.0918 
512      512   (5)      8 :  0.9830 0.0170 
513      513  (10)      8 :  0.9640 0.0360 
514      514   (5)      8 :  0.8776 0.1224 
515      515  (10)      8 :  0.9630 0.0370 
516      516   (0)      8 :  0.9338 0.0662 
517      517   (0)      8 :  0.9528 0.0472 
518      518   (0)      8 :  0.9810 0.0190 
519      519   (0)      8 :  0.9700 0.0300 
520      520   (0)      8 :  0.8918 0.1082 
521      521   (0)      8 :  0.9770 0.0230 
522      522   (0)      8 :  0.9758 0.0242 
523      523   (0)      8 :  0.9680 0.0320 
524      524   (0)      8 :  0.9590 0.0410 
525      525   (0)      8 :  0.9640 0.0360 
526      526   (0)      8 :  0.9092 0.0908 
527      527   (0)      8 :  0.9620 0.0380 
528      528   (5)      8 :  0.9290 0.0710 
529      529   (0)      8 :  0.9720 0.0280 
530      530   (0)      8 :  0.9270 0.0730 
531      531   (5)      8 :  0.9570 0.0430 
532      532   (5)      8 :  0.9410 0.0590 
533      533   (0)      8 :  0.8370 0.1630 
534      534   (0)      8 :  0.9520 0.0480 
535      535   (0)      8 :  0.8770 0.1230 
536      536   (0)      8 :  0.9780 0.0220 
537      537   (0)      8 :  0.9830 0.0170 
538      538   (0)      8 :  0.9820 0.0180 
539      539   (0)      8 :  0.9850 0.0150 
540      540   (0)      8 :  0.9600 0.0400 
541      541   (0)      8 :  0.9560 0.0440 
542      542   (0)      8 :  0.9586 0.0414 
543      543   (0)      8 :  0.9550 0.0450 
544      544   (0)      8 :  0.9510 0.0490 
545      545   (0)      8 :  0.8424 0.1576 
546      546   (0)      8 :  0.9720 0.0280 
547      547   (0)      8 :  0.9530 0.0470 
548      548   (0)      8 :  0.8918 0.1082 
549      549   (0)      8 :  0.9720 0.0280 
550      550   (0)      8 :  0.9690 0.0310 
551      551   (0)      9 :  0.7820 0.2180 
552      552   (0)      9 :  0.8842 0.1158 
553      553   (0)      9 :  0.9550 0.0450 
554      554   (0)      9 :  0.9820 0.0180 
555      555   (0)      9 :  0.7914 0.2086 
556      556   (0)      9 :  0.9140 0.0860 
557      557   (0)      9 :  0.9310 0.0690 
558      558   (0)      9 :  0.9582 0.0418 
559      559   (0)      9 :  0.9850 0.0150 
560      560   (0)      9 :  0.9820 0.0180 
561      561   (0)      9 :  0.9680 0.0320 
562      562   (0)      9 :  0.8924 0.1076 
563      563   (0)      9 :  0.9700 0.0300 
564      564   (0)      9 :  0.9310 0.0690 
565      565   (0)      9 :  0.9410 0.0590 
566      566   (0)      9 :  0.6168 0.3832 
567      567   (0)      9 :  0.8400 0.1600 
568      568   (0)      9 :  0.9390 0.0610 
569      569   (0)      9 :  0.9770 0.0230 
570      570   (0)      9 :  0.9066 0.0934 
571      571   (0)      9 :  0.9530 0.0470 
572      572   (0)      9 :  0.9232 0.0768 
573      573   (0)      9 :  0.9800 0.0200 
574      574   (0)      9 :  0.9740 0.0260 
575      575   (0)      9 :  0.6682 0.3318 
576      576   (0)      9 :  0.8570 0.1430 
577      577   (0)      9 :  0.7700 0.2300 
578      578   (0)      9 :  0.8732 0.1268 
579      579   (0)      9 :  0.8990 0.1010 
580      580   (0)      9 :  0.9790 0.0210 
581      581   (0)      9 :  0.7980 0.2020 
582      582   (0)      9 :  0.9252 0.0748 
583      583   (0)      9 :  0.9600 0.0400 
584      584   (0)      9 :  0.9210 0.0790 
585      585   (0)      9 :  0.9660 0.0340 
586      586   (0)      9 :  0.9240 0.0760 
587      587   (0)      9 :  0.8940 0.1060 
588      588   (0)      9 :  0.7750 0.2250 
589      589   (0)      9 :  0.9770 0.0230 
590      590   (0)      9 :  0.7372 0.2628 
591      591   (0)      9 :  0.9142 0.0858 
592      592   (0)      9 :  0.9262 0.0738 
593      593   (0)      9 :  0.9172 0.0828 
594      594   (0)      9 :  0.9092 0.0908 
595      595   (0)      9 :  0.8666 0.1334 
596      596   (0)      9 :  0.9524 0.0476 
597      597   (0)      9 :  0.7078 0.2922 
598      598   (0)      9 :  0.6990 0.3010 
599      599   (0)      9 :  0.8534 0.1466 
600      600   (0)      9 :  0.8262 0.1738 
601      601   (0)      9 :  0.7650 0.2350 
602      602   (0)      9 :  0.8342 0.1658 
603      603   (0)      9 :  0.9600 0.0400 
604      604   (0)      9 :  0.7772 0.2228 
605      605   (0)      9 :  0.8976 0.1024 
606      606   (0)      9 :  0.9728 0.0272 
607      607   (0)      9 :  0.9658 0.0342 
608      608   (0)      9 :  0.7668 0.2332 
609      609   (0)      9 :  0.8648 0.1352 
610      610   (0)      9 :  0.9700 0.0300 
611      611   (0)      9 :  0.6972 0.3028 
612      612   (0)      9 :  0.9560 0.0440 
613      613   (0)      9 :  0.9730 0.0270 
614      614   (0)      9 :  0.9750 0.0250 
615      615   (0)      9 :  0.9490 0.0510 
616      616   (0)      9 :  0.9720 0.0280 
617      617   (0)      9 :  0.9590 0.0410 
618      618   (0)      9 :  0.8730 0.1270 
619      619   (0)      9 :  0.6800 0.3200 
620      620   (0)      9 :  0.9662 0.0338 
621      621   (0)      9 :  0.9480 0.0520 
622      622   (0)      9 :  0.9630 0.0370 
623      623   (0)      9 :  0.9196 0.0804 
624      624   (0)      9 :  0.8746 0.1254 
625      625   (0)      9 :  0.9070 0.0930 
626      626   (0)      9 :  0.8488 0.1512 
627      627   (0)      9 :  0.9330 0.0670 
628      628   (0)      9 :  0.8124 0.1876 
629      629   (0)      9 :  0.9542 0.0458 
630      630   (0)      9 :  0.8364 0.1636 
631      631   (0)      9 :  0.9122 0.0878 
632      632   (0)      9 :  0.9540 0.0460 
633      633   (0)      9 :  0.7260 0.2740 
634      634   (0)      9 :  0.8838 0.1162 
635      635   (0)      9 :  0.7370 0.2630 
636      636   (0)      9 :  0.9108 0.0892 
637      637   (0)      9 :  0.9730 0.0270 
638      638   (0)      9 :  0.8810 0.1190 
639      639   (0)      9 :  0.8716 0.1284 
640      640   (0)      9 :  0.9100 0.0900 
641      641   (0)      9 :  0.9250 0.0750 
642      642   (0)      9 :  0.8850 0.1150 
643      643   (0)      9 :  0.9254 0.0746 
644      644   (0)      9 :  0.9210 0.0790 
645      645   (0)      9 :  0.9780 0.0220 
646      646   (0)      9 :  0.9684 0.0316 
647      647   (0)      9 :  0.8220 0.1780 
648      648   (0)      9 :  0.9100 0.0900 
649      649   (0)      9 :  0.8512 0.1488 
650      650   (0)      9 :  0.9320 0.0680 
651      651  (15)     10 :  0.9630 0.0370 
652      652   (0)     10 :  0.9780 0.0220 
653      653   (0)     10 :  0.9800 0.0200 
654      654   (0)     10 :  0.9840 0.0160 
655      655   (0)     10 :  0.9820 0.0180 
656      656   (5)     10 :  0.9710 0.0290 
657      657   (5)     10 :  0.9620 0.0380 
658      658   (0)     10 :  0.9860 0.0140 
659      659   (0)     10 :  0.9840 0.0160 
660      660  (10)     10 :  0.9812 0.0188 
661      661   (5)     10 :  0.9830 0.0170 
662      662   (0)     10 :  0.9840 0.0160 
663      663   (0)     10 :  0.9700 0.0300 
664      664   (0)     10 :  0.9670 0.0330 
665      665  (10)     10 :  0.9800 0.0200 
666      666   (0)     10 :  0.9738 0.0262 
667      667   (5)     10 :  0.9830 0.0170 
668      668   (0)     10 :  0.9820 0.0180 
669      669   (0)     10 :  0.9800 0.0200 
670      670   (5)     10 :  0.9062 0.0938 
671      671   (0)     10 :  0.9826 0.0174 
672      672   (5)     10 :  0.9770 0.0230 
673      673   (0)     10 :  0.9590 0.0410 
674      674   (0)     10 :  0.9810 0.0190 
675      675   (0)     10 :  0.9820 0.0180 
676      676   (0)     10 :  0.9820 0.0180 
677      677   (5)     10 :  0.9650 0.0350 
678      678   (0)     10 :  0.8660 0.1340 
679      679   (5)     10 :  0.9804 0.0196 
680      680   (5)     10 :  0.9850 0.0150 
681      681   (0)     10 :  0.9840 0.0160 
682      682   (0)     10 :  0.9490 0.0510 
683      683   (0)     10 :  0.9510 0.0490 
684      684   (0)     10 :  0.9810 0.0190 
685      685   (0)     10 :  0.9178 0.0822 
686      686   (0)     10 :  0.9848 0.0152 
687      687  (10)     10 :  0.9660 0.0340 
688      688   (0)     10 :  0.9780 0.0220 
689      689  (10)     10 :  0.9790 0.0210 
690      690   (0)     10 :  0.9700 0.0300 
691      691   (0)     10 :  0.9860 0.0140 
692      692  (10)     10 :  0.9750 0.0250 
693      693   (0)     10 :  0.9758 0.0242 
694      694   (0)     10 :  0.9830 0.0170 
695      695   (0)     10 :  0.9850 0.0150 
696      696   (0)     10 :  0.9774 0.0226 
697      697   (5)     10 :  0.9800 0.0200 
698      698   (0)     10 :  0.9830 0.0170 
699      699   (5)     10 :  0.9730 0.0270 
700      700  (10)     10 :  0.9780 0.0220 
701      701   (0)     10 :  0.9820 0.0180 
702      702   (0)     10 :  0.9490 0.0510 
703      703   (0)     10 :  0.9630 0.0370 
704      704   (0)     10 :  0.9540 0.0460 
705      705   (0)     10 :  0.9790 0.0210 
706      706   (0)     10 :  0.9820 0.0180 
707      707   (0)     10 :  0.9870 0.0130 
708      708   (5)     10 :  0.8290 0.1710 
709      709   (0)     10 :  0.9680 0.0320 
710      710   (5)     10 :  0.8512 0.1488 
711      711   (0)     10 :  0.9730 0.0270 
712      712   (0)     10 :  0.9330 0.0670 
713      713   (0)     10 :  0.9850 0.0150 
714      714   (0)     10 :  0.9820 0.0180 
715      715  (10)     10 :  0.9730 0.0270 
716      716   (0)     10 :  0.9680 0.0320 
717      717   (0)     10 :  0.9850 0.0150 
718      718   (0)     10 :  0.8954 0.1046 
719      719   (5)     10 :  0.9700 0.0300 
720      720  (15)     10 :  0.9760 0.0240 
721      721   (0)     10 :  0.9700 0.0300 
722      722   (0)     10 :  0.9778 0.0222 
723      723  (10)     10 :  0.9682 0.0318 
724      724   (5)     10 :  0.9226 0.0774 
725      725   (0)     10 :  0.9800 0.0200 
726      726   (0)     10 :  0.9830 0.0170 
727      727   (0)     10 :  0.9832 0.0168 
728      728   (0)     10 :  0.9840 0.0160 
729      729  (10)     10 :  0.9780 0.0220 
730      730   (0)     10 :  0.9560 0.0440 
731      731   (0)     10 :  0.9810 0.0190 
732      732   (5)     10 :  0.9370 0.0630 
733      733  (10)     10 :  0.9388 0.0612 
734      734   (0)     10 :  0.9840 0.0160 
735      735  (10)     10 :  0.9830 0.0170 
736      736   (0)     10 :  0.9750 0.0250 
737      737   (0)     10 :  0.9590 0.0410 
738      738   (0)     10 :  0.9840 0.0160 
739      739   (0)     10 :  0.9850 0.0150 
740      740   (0)     10 :  0.9826 0.0174 
741      741   (0)     10 :  0.9820 0.0180 
742      742  (10)     10 :  0.9810 0.0190 
743      743   (0)     10 :  0.9748 0.0252 
744      744   (5)     10 :  0.9816 0.0184 
745      745   (5)     10 :  0.9780 0.0220 
746      746   (0)     10 :  0.9680 0.0320 
747      747   (0)     10 :  0.9718 0.0282 
748      748   (0)     10 :  0.9840 0.0160 
749      749  (10)     10 :  0.9860 0.0140 
750      750   (0)     10 :  0.9824 0.0176 
