1        1   (5)      1  : 0.9660 0.0340
2        2   (5)      1  : 0.9480 0.0520
3        3   (5)      1  : 0.9780 0.0220
4        4   (0)      1  : 0.9840 0.0160
5        5   (0)      1  : 0.9290 0.0710
6        6   (0)      1  : 0.9740 0.0260
7        7   (0)      1  : 0.9250 0.0750
8        8   (5)      1  : 0.9810 0.0190
9        9   (0)      1  : 0.9820 0.0180
10       10   (0)      1  : 0.9132 0.0868
11       11   (0)      1  : 0.9660 0.0340
12       12   (0)      1  : 0.9730 0.0270
13       13   (0)      1  : 0.9810 0.0190
14       14   (0)      1  : 0.9700 0.0300
15       15   (0)      1  : 0.9674 0.0326
16       16   (0)      1  : 0.9838 0.0162
17       17   (0)      1  : 0.9820 0.0180
18       18   (0)      1  : 0.9590 0.0410
19       19   (0)      1  : 0.9804 0.0196
20       20   (0)      1  : 0.9474 0.0526
21       21   (0)      1  : 0.9830 0.0170
22       22   (0)      1  : 0.9850 0.0150
23       23   (0)      1  : 0.9840 0.0160
24       24   (0)      1  : 0.9810 0.0190
25       25   (0)      1  : 0.9498 0.0502
26       26   (0)      1  : 0.9810 0.0190
27       27   (5)      1  : 0.9390 0.0610
28       28   (0)      1  : 0.9700 0.0300
29       29   (0)      1  : 0.9820 0.0180
30       30   (0)      1  : 0.9078 0.0922
31       31   (0)      1  : 0.9830 0.0170
32       32   (0)      1  : 0.9490 0.0510
33       33   (0)      1  : 0.9860 0.0140
34       34   (0)      1  : 0.9830 0.0170
35       35   (0)      1  : 0.9490 0.0510
36       36   (0)      1  : 0.9826 0.0174
37       37   (0)      1  : 0.9680 0.0320
38       38   (0)      1  : 0.9672 0.0328
39       39   (0)      1  : 0.9670 0.0330
40       40   (0)      1  : 0.9740 0.0260
41       41   (0)      1  : 0.9780 0.0220
42       42   (0)      1  : 0.9870 0.0130
43       43   (0)      1  : 0.9770 0.0230
44       44   (0)      1  : 0.9840 0.0160
45       45   (5)      1  : 0.9650 0.0350
46       46   (0)      1  : 0.9820 0.0180
47       47   (0)      1  : 0.9710 0.0290
48       48   (0)      1  : 0.9710 0.0290
49       49   (0)      1  : 0.9470 0.0530
50       50   (0)      1  : 0.9750 0.0250
51       51   (0)      1  : 0.9718 0.0282
52       52   (0)      1  : 0.9338 0.0662
53       53   (0)      1  : 0.9710 0.0290
54       54   (0)      1  : 0.9700 0.0300
55       55   (0)      1  : 0.9726 0.0274
56       56   (0)      1  : 0.9810 0.0190
57       57  (10)      1  : 0.9806 0.0194
58       58   (5)      1  : 0.9690 0.0310
59       59   (0)      1  : 0.9680 0.0320
60       60   (0)      1  : 0.9814 0.0186
61       61   (0)      1  : 0.9740 0.0260
62       62   (0)      1  : 0.9296 0.0704
63       63   (0)      1  : 0.9480 0.0520
64       64   (0)      1  : 0.9700 0.0300
65       65   (0)      1  : 0.9490 0.0510
66       66   (0)      1  : 0.9810 0.0190
67       67   (5)      1  : 0.9748 0.0252
68       68   (0)      1  : 0.9510 0.0490
69       69   (0)      1  : 0.9600 0.0400
70       70   (0)      1  : 0.9730 0.0270
71       71   (5)      1  : 0.9630 0.0370
72       72   (0)      1  : 0.9670 0.0330
73       73   (5)      1  : 0.9790 0.0210
74       74  (10)      1  : 0.9610 0.0390
75       75  (10)      1  : 0.9720 0.0280
76       76   (0)      1  : 0.9800 0.0200
77       77  (10)      1  : 0.9748 0.0252
78       78   (0)      1  : 0.9476 0.0524
79       79   (5)      1  : 0.9620 0.0380
80       80   (0)      1  : 0.9830 0.0170
81       81   (0)      1  : 0.9820 0.0180
82       82   (0)      1  : 0.9840 0.0160
83       83   (0)      1  : 0.9670 0.0330
84       84   (0)      1  : 0.9370 0.0630
85       85   (0)      1  : 0.9810 0.0190
86       86   (5)      1  : 0.9788 0.0212
87       87   (0)      1  : 0.9772 0.0228
88       88   (0)      1  : 0.8878 0.1122
89       89   (0)      1  : 0.9798 0.0202
90       90   (0)      1  : 0.9606 0.0394
91       91   (0)      1  : 0.9690 0.0310
92       92   (0)      1  : 0.9740 0.0260
93       93   (0)      1  : 0.9830 0.0170
94       94   (5)      1  : 0.9740 0.0260
95       95   (0)      1  : 0.9750 0.0250
96       96   (5)      1  : 0.9780 0.0220
97       97   (0)      1  : 0.9626 0.0374
98       98   (0)      1  : 0.9730 0.0270
99       99   (5)      1  : 0.9770 0.0230
100      100   (5)      1  : 0.9800 0.0200
101      101   (0)      2  : 0.9850 0.0150
102      102   (0)      2  : 0.9192 0.0808
103      103   (0)      2  : 0.8400 0.1600
104      104   (0)      2  : 0.9678 0.0322
105      105   (0)      2  : 0.9650 0.0350
106      106   (0)      2  : 0.7376 0.2624
107      107   (0)      2  : 0.9740 0.0260
108      108   (0)      2  : 0.9490 0.0510
109      109   (0)      2  : 0.9550 0.0450
110      110   (0)      2  : 0.9480 0.0520
111      111   (0)      2  : 0.9060 0.0940
112      112   (0)      2  : 0.9670 0.0330
113      113   (0)      2  : 0.9792 0.0208
114      114   (0)      2  : 0.9150 0.0850
115      115   (0)      2  : 0.8374 0.1626
116      116   (0)      2  : 0.9280 0.0720
117      117   (0)      2  : 0.8462 0.1538
118      118   (0)      2  : 0.9770 0.0230
119      119   (0)      2  : 0.9580 0.0420
120      120   (0)      2  : 0.9720 0.0280
121      121   (0)      2  : 0.9500 0.0500
122      122   (0)      2  : 0.8264 0.1736
123      123   (0)      2  : 0.8908 0.1092
124      124   (0)      2  : 0.9470 0.0530
125      125   (0)      2  : 0.9550 0.0450
126      126   (0)      2  : 0.9570 0.0430
127      127   (0)      2  : 0.9520 0.0480
128      128   (0)      2  : 0.9490 0.0510
129      129   (0)      2  : 0.9348 0.0652
130      130   (0)      2  : 0.9368 0.0632
131      131   (0)      2  : 0.8970 0.1030
132      132   (0)      2  : 0.9700 0.0300
133      133   (0)      2  : 0.9190 0.0810
134      134   (0)      2  : 0.9522 0.0478
135      135   (0)      2  : 0.9240 0.0760
136      136   (0)      2  : 0.8520 0.1480
137      137   (0)      2  : 0.9470 0.0530
138      138   (0)      2  : 0.9510 0.0490
139      139   (0)      2  : 0.9780 0.0220
140      140   (0)      2  : 0.9490 0.0510
141      141   (0)      2  : 0.8522 0.1478
142      142   (0)      2  : 0.9840 0.0160
143      143   (0)      2  : 0.9212 0.0788
144      144   (0)      2  : 0.9780 0.0220
145      145   (0)      2  : 0.9720 0.0280
146      146   (0)      2  : 0.9614 0.0386
147      147   (0)      2  : 0.9440 0.0560
148      148   (0)      2  : 0.9310 0.0690
149      149   (0)      2  : 0.7160 0.2840
150      150   (0)      2  : 0.9660 0.0340
151      151   (0)      2  : 0.9598 0.0402
152      152   (0)      2  : 0.9306 0.0694
153      153   (0)      2  : 0.9570 0.0430
154      154   (0)      2  : 0.9460 0.0540
155      155   (0)      2  : 0.9600 0.0400
156      156   (0)      2  : 0.9106 0.0894
157      157   (0)      2  : 0.9800 0.0200
158      158   (0)      2  : 0.9542 0.0458
159      159   (0)      2  : 0.9514 0.0486
160      160   (0)      2  : 0.9740 0.0260
161      161   (0)      2  : 0.9488 0.0512
162      162   (0)      2  : 0.9800 0.0200
163      163   (0)      2  : 0.9782 0.0218
164      164   (0)      2  : 0.9180 0.0820
165      165   (0)      2  : 0.9720 0.0280
166      166   (0)      2  : 0.9780 0.0220
167      167   (0)      2  : 0.9670 0.0330
168      168   (0)      2  : 0.9700 0.0300
169      169   (0)      2  : 0.9690 0.0310
170      170   (0)      2  : 0.9510 0.0490
171      171   (0)      2  : 0.9800 0.0200
172      172   (0)      2  : 0.9764 0.0236
173      173   (0)      2  : 0.8510 0.1490
174      174   (0)      2  : 0.9620 0.0380
175      175   (0)      2  : 0.9670 0.0330
176      176   (0)      2  : 0.8920 0.1080
177      177   (0)      2  : 0.9512 0.0488
178      178   (0)      2  : 0.9520 0.0480
179      179   (0)      2  : 0.9720 0.0280
180      180   (0)      2  : 0.9646 0.0354
181      181   (0)      2  : 0.8138 0.1862
182      182   (0)      2  : 0.8448 0.1552
183      183   (0)      2  : 0.9800 0.0200
184      184   (0)      2  : 0.9492 0.0508
185      185   (0)      2  : 0.8514 0.1486
186      186   (0)      2  : 0.8538 0.1462
187      187   (0)      2  : 0.9214 0.0786
188      188   (0)      2  : 0.9340 0.0660
189      189   (0)      2  : 0.9290 0.0710
190      190   (0)      2  : 0.8416 0.1584
191      191   (0)      2  : 0.9060 0.0940
192      192   (0)      2  : 0.9440 0.0560
193      193   (0)      2  : 0.8314 0.1686
194      194   (0)      2  : 0.7304 0.2696
195      195   (0)      2  : 0.9624 0.0376
196      196   (0)      2  : 0.9680 0.0320
197      197   (0)      2  : 0.9100 0.0900
198      198   (0)      2  : 0.8340 0.1660
199      199   (0)      2  : 0.9680 0.0320
200      200   (0)      2  : 0.7860 0.2140
201      201   (0)      3  : 0.9470 0.0530
202      202   (0)      3  : 0.8380 0.1620
203      203   (0)      3  : 0.7400 0.2600
204      204   (0)      3  : 0.5820 0.4180
205      205   (0)      3  : 0.9248 0.0752
206      206   (0)      3  : 0.9450 0.0550
207      207   (0)      3  : 0.6694 0.3306
208      208   (0)      3  : 0.5780 0.4220
209      209   (0)      3  : 0.7548 0.2452
210      210   (0)      3  : 0.6860 0.3140
211      211   (0)      3  : 0.8598 0.1402
212      212   (0)      3  : 0.7700 0.2300
213      213   (0)      3  : 0.5868 0.4132
214      214   (0)      3  : 0.7184 0.2816
215      215   (0)      3  : 0.7184 0.2816
216      216   (0)      3  : 0.7294 0.2706
217      217   (0)      3  : 0.8952 0.1048
218      218   (0)      3  : 0.9450 0.0550
219      219   (0)      3  : 0.9690 0.0310
220      220   (0)      3  : 0.7270 0.2730
221      221   (0)      3  : 0.9386 0.0614
222      222   (0)      3  : 0.8960 0.1040
223      223   (0)      3  : 0.9530 0.0470
224      224   (0)      3  : 0.8490 0.1510
225      225   (0)      3  : 0.8540 0.1460
226      226   (0)      3  : 0.8432 0.1568
227      227   (0)      3  : 0.7124 0.2876
228      228   (0)      3  : 0.7778 0.2222
229      229   (0)      3  : 0.8324 0.1676
230      230   (0)      3  : 0.7548 0.2452
231      231   (0)      3  : 0.8260 0.1740
232      232   (0)      3  : 0.7000 0.3000
233      233   (0)      3  : 0.7104 0.2896
234      234   (0)      3  : 0.7580 0.2420
235      235   (0)      3  : 0.8844 0.1156
236      236   (0)      3  : 0.9180 0.0820
237      237   (0)      3  : 0.5660 0.4340
238      238   (0)      3  : 0.8900 0.1100
239      239   (0)      3  : 0.9100 0.0900
240      240   (0)      3  : 0.8380 0.1620
241      241   (0)      3  : 0.9150 0.0850
242      242   (0)      3  : 0.8106 0.1894
243      243   (0)      3  : 0.9390 0.0610
244      244   (0)      3  : 0.8332 0.1668
245      245   (0)      3  : 0.8270 0.1730
246      246   (0)      3  : 0.7754 0.2246
247      247   (0)      3  : 0.8300 0.1700
248      248   (0)      3  : 0.9640 0.0360
249      249   (0)      3  : 0.7180 0.2820
250      250   (0)      3  : 0.9270 0.0730
251      251   (0)      3  : 0.8870 0.1130
252      252   (0)      3  : 0.7894 0.2106
253      253   (0)      3  : 0.7600 0.2400
254      254   (0)      3  : 0.8792 0.1208
255      255   (0)      3  : 0.6058 0.3942
256      256   (0)      3  : 0.9190 0.0810
257      257   (0)      3  : 0.9166 0.0834
258      258   (0)      3  : 0.5594 0.4406
259      259   (0)      3  : 0.8870 0.1130
260      260   (0)      3  : 0.8670 0.1330
261      261   (0)      3  : 0.8410 0.1590
262      262   (0)      3  : 0.9640 0.0360
263      263   (0)      3  : 0.8920 0.1080
264      264   (0)      3  : 0.8520 0.1480
265      265   (0)      3  : 0.7918 0.2082
266      266   (0)      3  : 0.8556 0.1444
267      267   (0)      3  : 0.6832 0.3168
268      268   (0)      3  : 0.9310 0.0690
269      269   (0)      3  : 0.9590 0.0410
270      270   (0)      3  : 0.9170 0.0830
271      271   (0)      3  : 0.7980 0.2020
272      272   (0)      3  : 0.9700 0.0300
273      273   (0)      3  : 0.8860 0.1140
274      274   (0)      3  : 0.5574 0.4426
275      275   (0)      3  : 0.8656 0.1344
276      276   (0)      3  : 0.7572 0.2428
277      277   (0)      3  : 0.7518 0.2482
278      278   (0)      3  : 0.8514 0.1486
279      279   (0)      3  : 0.5790 0.4210
280      280   (0)      3  : 0.8296 0.1704
281      281   (0)      3  : 0.7390 0.2610
282      282   (0)      3  : 0.8702 0.1298
283      283   (0)      3  : 0.8216 0.1784
284      284   (0)      3  : 0.8420 0.1580
285      285   (0)      3  : 0.8252 0.1748
286      286   (0)      3  : 0.9254 0.0746
287      287   (0)      3  : 0.8970 0.1030
288      288   (0)      3  : 0.6690 0.3310
289      289   (0)      3  : 0.7216 0.2784
290      290   (0)      3  : 0.6876 0.3124
291      291   (0)      3  : 0.6940 0.3060
292      292   (0)      3  : 0.6370 0.3630
293      293   (0)      3  : 0.8590 0.1410
294      294   (0)      3  : 0.9344 0.0656
295      295   (0)      3  : 0.8790 0.1210
296      296   (0)      3  : 0.9290 0.0710
297      297   (0)      3  : 0.9366 0.0634
298      298   (0)      3  : 0.7732 0.2268
299      299   (0)      3  : 0.5480 0.4520
300      300   (0)      3  : 0.7730 0.2270
301      301   (5)      4  : 0.6300 0.3700
302      302   (0)      4  : 0.3724 0.6276
303      303   (0)      4  : 0.4934 0.5066
304      304   (5)      4  : 0.4358 0.5642
305      305   (5)      4  : 0.4040 0.5960
306      306   (0)      4  : 0.3274 0.6726
307      307   (0)      5  : 0.5680 0.4320
308      308   (0)      5  : 0.5650 0.4350
309      309   (0)      5  : 0.6874 0.3126
310      310   (0)      5  : 0.3948 0.6052
311      311   (0)      5  : 0.4146 0.5854
312      312   (0)      5  : 0.3926 0.6074
313      313   (0)      5  : 0.4010 0.5990
314      314   (0)      5  : 0.5480 0.4520
315      315   (0)      5  : 0.5380 0.4620
316      316   (0)      5  : 0.4860 0.5140
317      317   (0)      5  : 0.4490 0.5510
318      318   (0)      5  : 0.4460 0.5540
319      319   (0)      5  : 0.5180 0.4820
320      320   (0)      5  : 0.5038 0.4962
321      321   (0)      5  : 0.6662 0.3338
322      322   (0)      5  : 0.4892 0.5108
323      323   (0)      5  : 0.4380 0.5620
324      324   (0)      5  : 0.6676 0.3324
325      325   (0)      5  : 0.4898 0.5102
326      326   (0)      5  : 0.5640 0.4360
327      327   (0)      5  : 0.5030 0.4970
328      328   (0)      5  : 0.3458 0.6542
329      329   (0)      5  : 0.4874 0.5126
330      330   (0)      5  : 0.4616 0.5384
331      331   (0)      5  : 0.4210 0.5790
332      332   (0)      5  : 0.5300 0.4700
333      333   (0)      5  : 0.4980 0.5020
334      334   (0)      5  : 0.5602 0.4398
335      335   (0)      5  : 0.3678 0.6322
336      336   (0)      5  : 0.5670 0.4330
337      337   (0)      5  : 0.5032 0.4968
338      338   (0)      5  : 0.5056 0.4944
339      339   (0)      5  : 0.2080 0.7920
340      340   (0)      5  : 0.4180 0.5820
341      341   (0)      5  : 0.5390 0.4610
342      342   (0)      5  : 0.6282 0.3718
343      343   (0)      5  : 0.4800 0.5200
344      344   (0)      5  : 0.4730 0.5270
345      345   (0)      5  : 0.4920 0.5080
346      346   (0)      5  : 0.6350 0.3650
347      347   (0)      5  : 0.6342 0.3658
348      348   (0)      5  : 0.3488 0.6512
349      349   (0)      5  : 0.4040 0.5960
350      350   (0)      5  : 0.3924 0.6076
351      351   (0)      5  : 0.4102 0.5898
352      352   (0)      5  : 0.4250 0.5750
353      353   (0)      5  : 0.5450 0.4550
354      354   (0)      5  : 0.4376 0.5624
355      355   (0)      5  : 0.5380 0.4620
356      356   (0)      5  : 0.2362 0.7638
357      357   (0)      5  : 0.5650 0.4350
358      358   (0)      5  : 0.5800 0.4200
359      359   (0)      5  : 0.6524 0.3476
360      360   (0)      5  : 0.7218 0.2782
361      361   (0)      5  : 0.3592 0.6408
362      362   (0)      5  : 0.4930 0.5070
363      363   (0)      5  : 0.7130 0.2870
364      364   (0)      5  : 0.5154 0.4846
365      365   (0)      5  : 0.5660 0.4340
366      366   (0)      5  : 0.4692 0.5308
367      367   (0)      5  : 0.6230 0.3770
368      368   (0)      5  : 0.6340 0.3660
369      369   (0)      5  : 0.6322 0.3678
370      370   (0)      5  : 0.5848 0.4152
371      371   (0)      5  : 0.7580 0.2420
372      372   (0)      5  : 0.6152 0.3848
373      373   (0)      5  : 0.6064 0.3936
374      374   (0)      5  : 0.6810 0.3190
375      375   (0)      5  : 0.4780 0.5220
376      376   (0)      5  : 0.6150 0.3850
377      377   (0)      5  : 0.5094 0.4906
378      378   (0)      5  : 0.6754 0.3246
379      379   (0)      5  : 0.5914 0.4086
380      380   (0)      5  : 0.6308 0.3692
381      381   (0)      5  : 0.4142 0.5858
382      382   (0)      5  : 0.6640 0.3360
383      383   (0)      5  : 0.5572 0.4428
384      384   (0)      5  : 0.5380 0.4620
385      385   (0)      5  : 0.5332 0.4668
386      386   (0)      5  : 0.5710 0.4290
387      387   (0)      5  : 0.5660 0.4340
388      388   (0)      5  : 0.6120 0.3880
389      389   (0)      5  : 0.3674 0.6326
390      390   (0)      5  : 0.7470 0.2530
391      391   (0)      5  : 0.6530 0.3470
392      392   (0)      5  : 0.4276 0.5724
393      393   (0)      5  : 0.5358 0.4642
394      394   (0)      5  : 0.5740 0.4260
395      395   (0)      5  : 0.3330 0.6670
396      396   (0)      5  : 0.4590 0.5410
397      397   (0)      5  : 0.4690 0.5310
398      398   (0)      5  : 0.3808 0.6192
399      399   (0)      5  : 0.4680 0.5320
400      400   (0)      5  : 0.6220 0.3780
401      401   (0)      5  : 0.5380 0.4620
402      402   (0)      5  : 0.5160 0.4840
403      403   (0)      5  : 0.4536 0.5464
404      404   (0)      5  : 0.5460 0.4540
405      405   (0)      5  : 0.4990 0.5010
406      406   (0)      5  : 0.4422 0.5578
407      407   (0)      6  : 0.0734 0.9266
408      408   (0)      6  : 0.1448 0.8552
409      409   (0)      7  : 0.0670 0.9330
410      410   (0)      7  : 0.0310 0.9690
411      411   (0)      7  : 0.0600 0.9400
412      412   (0)      7  : 0.0420 0.9580
413      413   (0)      7  : 0.4032 0.5968
414      414   (0)      7  : 0.3290 0.6710
415      415   (0)      7  : 0.2456 0.7544
416      416   (0)      7  : 0.2264 0.7736
417      417   (0)      7  : 0.1418 0.8582
418      418   (0)      7  : 0.2232 0.7768
419      419   (0)      7  : 0.2160 0.7840
420      420   (0)      7  : 0.4326 0.5674
421      421   (0)      7  : 0.3140 0.6860
422      422   (0)      7  : 0.3860 0.6140
423      423   (0)      7  : 0.1300 0.8700
424      424   (0)      7  : 0.1148 0.8852
425      425   (0)      7  : 0.0602 0.9398
426      426   (0)      7  : 0.2920 0.7080
427      427   (0)      7  : 0.2236 0.7764
428      428   (0)      7  : 0.3098 0.6902
429      429   (0)      7  : 0.2152 0.7848
430      430   (0)      7  : 0.2450 0.7550
431      431   (0)      7  : 0.2582 0.7418
432      432   (0)      7  : 0.1274 0.8726
433      433   (0)      7  : 0.1968 0.8032
434      434   (0)      7  : 0.3236 0.6764
435      435   (0)      7  : 0.0648 0.9352
436      436   (0)      7  : 0.3090 0.6910
437      437   (0)      7  : 0.0740 0.9260
438      438   (0)      7  : 0.1060 0.8940
439      439   (0)      7  : 0.3124 0.6876
440      440   (0)      7  : 0.0970 0.9030
441      441   (0)      7  : 0.0880 0.9120
442      442   (0)      7  : 0.2348 0.7652
443      443   (0)      7  : 0.2042 0.7958
444      444   (0)      7  : 0.0930 0.9070
445      445   (0)      7  : 0.1830 0.8170
446      446   (0)      7  : 0.1236 0.8764
447      447   (0)      7  : 0.1024 0.8976
448      448   (0)      7  : 0.2860 0.7140
449      449   (0)      7  : 0.2002 0.7998
450      450   (0)      7  : 0.0968 0.9032
451      451   (0)      7  : 0.2850 0.7150
452      452   (0)      7  : 0.3148 0.6852
453      453   (0)      7  : 0.1448 0.8552
454      454   (0)      7  : 0.2118 0.7882
455      455   (0)      7  : 0.3440 0.6560
456      456   (0)      7  : 0.2228 0.7772
457      457   (0)      7  : 0.2490 0.7510
458      458   (0)      7  : 0.3112 0.6888
459      459   (0)      7  : 0.1678 0.8322
460      460   (0)      7  : 0.3312 0.6688
461      461   (0)      7  : 0.2160 0.7840
462      462   (0)      7  : 0.2966 0.7034
463      463   (0)      7  : 0.1636 0.8364
464      464   (0)      7  : 0.2970 0.7030
465      465   (0)      7  : 0.3034 0.6966
466      466   (0)      7  : 0.2108 0.7892
467      467   (0)      7  : 0.4510 0.5490
468      468   (0)      7  : 0.3232 0.6768
469      469   (0)      7  : 0.0680 0.9320
470      470   (0)      7  : 0.2870 0.7130
471      471   (0)      7  : 0.2484 0.7516
472      472   (0)      7  : 0.1846 0.8154
473      473   (0)      7  : 0.2890 0.7110
474      474   (0)      7  : 0.2304 0.7696
475      475   (0)      7  : 0.2864 0.7136
476      476   (0)      7  : 0.2640 0.7360
477      477   (0)      7  : 0.1110 0.8890
478      478   (0)      7  : 0.4444 0.5556
479      479   (0)      7  : 0.0764 0.9236
480      480   (0)      7  : 0.2848 0.7152
481      481   (0)      7  : 0.0388 0.9612
482      482   (0)      7  : 0.0750 0.9250
483      483   (0)      7  : 0.0666 0.9334
484      484   (0)      7  : 0.1780 0.8220
485      485   (0)      7  : 0.4188 0.5812
486      486   (0)      7  : 0.2790 0.7210
487      487   (0)      7  : 0.3448 0.6552
488      488   (0)      7  : 0.2920 0.7080
489      489   (0)      7  : 0.1188 0.8812
490      490   (0)      7  : 0.1890 0.8110
491      491   (0)      7  : 0.1300 0.8700
492      492   (0)      7  : 0.1538 0.8462
493      493   (0)      7  : 0.3098 0.6902
494      494   (0)      7  : 0.1790 0.8210
495      495   (0)      7  : 0.0170 0.9830
496      496   (0)      7  : 0.3158 0.6842
497      497   (0)      7  : 0.1802 0.8198
498      498   (0)      7  : 0.1636 0.8364
499      499   (0)      7  : 0.1800 0.8200
500      500   (0)      7  : 0.2658 0.7342
501      501   (0)      7  : 0.2098 0.7902
502      502   (0)      7  : 0.2920 0.7080
503      503   (0)      7  : 0.0940 0.9060
504      504   (0)      7  : 0.2622 0.7378
505      505   (0)      7  : 0.3162 0.6838
506      506   (0)      7  : 0.2204 0.7796
507      507   (0)      7  : 0.1880 0.8120
508      508   (0)      7  : 0.1554 0.8446
509      509  (10)      8  : 0.0230 0.9770
510      510   (5)      8  : 0.0280 0.9720
511      511   (5)      8  : 0.0940 0.9060
512      512   (5)      8  : 0.0210 0.9790
513      513  (10)      8  : 0.0300 0.9700
514      514   (5)      8  : 0.1530 0.8470
515      515  (10)      8  : 0.0410 0.9590
516      516   (0)      8  : 0.0592 0.9408
517      517   (0)      8  : 0.0440 0.9560
518      518   (0)      8  : 0.0180 0.9820
519      519   (0)      8  : 0.0392 0.9608
520      520   (0)      8  : 0.1200 0.8800
521      521   (0)      8  : 0.0226 0.9774
522      522   (0)      8  : 0.0240 0.9760
523      523   (0)      8  : 0.0360 0.9640
524      524   (0)      8  : 0.0440 0.9560
525      525   (0)      8  : 0.0340 0.9660
526      526   (0)      8  : 0.1096 0.8904
527      527   (0)      8  : 0.0370 0.9630
528      528   (5)      8  : 0.0410 0.9590
529      529   (0)      8  : 0.0270 0.9730
530      530   (0)      8  : 0.0910 0.9090
531      531   (5)      8  : 0.0546 0.9454
532      532   (5)      8  : 0.0630 0.9370
533      533   (0)      8  : 0.2142 0.7858
534      534   (0)      8  : 0.0872 0.9128
535      535   (0)      8  : 0.0700 0.9300
536      536   (0)      8  : 0.0228 0.9772
537      537   (0)      8  : 0.0170 0.9830
538      538   (0)      8  : 0.0280 0.9720
539      539   (0)      8  : 0.0160 0.9840
540      540   (0)      8  : 0.0360 0.9640
541      541   (0)      8  : 0.0846 0.9154
542      542   (0)      8  : 0.0410 0.9590
543      543   (0)      8  : 0.0766 0.9234
544      544   (0)      8  : 0.0560 0.9440
545      545   (0)      8  : 0.1730 0.8270
546      546   (0)      8  : 0.0380 0.9620
547      547   (0)      8  : 0.0846 0.9154
548      548   (0)      8  : 0.1162 0.8838
549      549   (0)      8  : 0.0270 0.9730
550      550   (0)      8  : 0.0340 0.9660
551      551   (0)      9  : 0.0388 0.9612
552      552   (0)      9  : 0.0562 0.9438
553      553   (0)      9  : 0.0420 0.9580
554      554   (0)      9  : 0.0530 0.9470
555      555   (0)      9  : 0.1276 0.8724
556      556   (0)      9  : 0.1080 0.8920
557      557   (0)      9  : 0.1046 0.8954
558      558   (0)      9  : 0.0418 0.9582
559      559   (0)      9  : 0.0180 0.9820
560      560   (0)      9  : 0.0810 0.9190
561      561   (0)      9  : 0.1232 0.8768
562      562   (0)      9  : 0.0160 0.9840
563      563   (0)      9  : 0.0620 0.9380
564      564   (0)      9  : 0.0250 0.9750
565      565   (0)      9  : 0.0382 0.9618
566      566   (0)      9  : 0.0520 0.9480
567      567   (0)      9  : 0.1560 0.8440
568      568   (0)      9  : 0.0392 0.9608
569      569   (0)      9  : 0.2028 0.7972
570      570   (0)      9  : 0.0170 0.9830
571      571   (0)      9  : 0.0690 0.9310
572      572   (0)      9  : 0.0480 0.9520
573      573   (0)      9  : 0.1186 0.8814
574      574   (0)      9  : 0.0260 0.9740
575      575   (0)      9  : 0.0400 0.9600
576      576   (0)      9  : 0.0350 0.9650
577      577   (0)      9  : 0.0550 0.9450
578      578   (0)      9  : 0.1380 0.8620
579      579   (0)      9  : 0.1384 0.8616
580      580   (0)      9  : 0.0480 0.9520
581      581   (0)      9  : 0.2200 0.7800
582      582   (0)      9  : 0.0698 0.9302
583      583   (0)      9  : 0.0480 0.9520
584      584   (0)      9  : 0.2030 0.7970
585      585   (0)      9  : 0.1030 0.8970
586      586   (0)      9  : 0.1398 0.8602
587      587   (0)      9  : 0.0200 0.9800
588      588   (0)      9  : 0.1820 0.8180
589      589   (0)      9  : 0.1058 0.8942
590      590   (0)      9  : 0.0800 0.9200
591      591   (0)      9  : 0.1036 0.8964
592      592   (0)      9  : 0.0240 0.9760
593      593   (0)      9  : 0.1030 0.8970
594      594   (0)      9  : 0.1030 0.8970
595      595   (0)      9  : 0.1282 0.8718
596      596   (0)      9  : 0.0390 0.9610
597      597   (0)      9  : 0.0560 0.9440
598      598   (0)      9  : 0.0632 0.9368
599      599   (0)      9  : 0.2860 0.7140
600      600   (0)      9  : 0.0636 0.9364
601      601   (0)      9  : 0.1644 0.8356
602      602   (0)      9  : 0.0440 0.9560
603      603   (0)      9  : 0.0690 0.9310
604      604   (0)      9  : 0.0796 0.9204
605      605   (0)      9  : 0.0640 0.9360
606      606   (0)      9  : 0.0320 0.9680
607      607   (0)      9  : 0.0440 0.9560
608      608   (0)      9  : 0.0684 0.9316
609      609   (0)      9  : 0.0300 0.9700
610      610   (0)      9  : 0.0180 0.9820
611      611   (0)      9  : 0.0230 0.9770
612      612   (0)      9  : 0.1570 0.8430
613      613   (0)      9  : 0.0480 0.9520
614      614   (0)      9  : 0.0860 0.9140
615      615   (0)      9  : 0.2650 0.7350
616      616   (0)      9  : 0.0346 0.9654
617      617   (0)      9  : 0.0220 0.9780
618      618   (0)      9  : 0.0760 0.9240
619      619   (0)      9  : 0.0490 0.9510
620      620   (0)      9  : 0.0310 0.9690
621      621   (0)      9  : 0.0310 0.9690
622      622   (0)      9  : 0.1004 0.8996
623      623   (0)      9  : 0.0652 0.9348
624      624   (0)      9  : 0.1072 0.8928
625      625   (0)      9  : 0.0816 0.9184
626      626   (0)      9  : 0.0840 0.9160
627      627   (0)      9  : 0.0240 0.9760
628      628   (0)      9  : 0.0480 0.9520
629      629   (0)      9  : 0.0202 0.9798
630      630   (0)      9  : 0.0350 0.9650
631      631   (0)      9  : 0.1010 0.8990
632      632   (0)      9  : 0.0240 0.9760
633      633   (0)      9  : 0.0424 0.9576
634      634   (0)      9  : 0.0434 0.9566
635      635   (0)      9  : 0.0700 0.9300
636      636   (0)      9  : 0.0220 0.9780
637      637   (0)      9  : 0.0640 0.9360
638      638   (0)      9  : 0.0490 0.9510
639      639   (0)      9  : 0.0594 0.9406
640      640   (0)      9  : 0.0580 0.9420
641      641   (0)      9  : 0.0840 0.9160
642      642   (0)      9  : 0.0820 0.9180
643      643   (0)      9  : 0.2088 0.7912
644      644   (0)      9  : 0.0650 0.9350
645      645   (0)      9  : 0.1182 0.8818
646      646   (0)      9  : 0.1650 0.8350
647      647   (0)      9  : 0.0300 0.9700
648      648   (0)      9  : 0.1240 0.8760
649      649   (0)      9  : 0.2838 0.7162
650      650   (0)      9  : 0.0430 0.9570
651      651   (0)     10  : 0.0200 0.9800
652      652  (15)     10  : 0.0560 0.9440
653      653   (0)     10  : 0.0234 0.9766
654      654   (0)     10  : 0.0260 0.9740
655      655  (10)     10  : 0.3904 0.6096
656      656   (0)     10  : 0.0210 0.9790
657      657   (0)     10  : 0.0370 0.9630
658      658   (0)     10  : 0.0180 0.9820
659      659   (0)     10  : 0.0280 0.9720
660      660   (0)     10  : 0.0630 0.9370
661      661   (0)     10  : 0.0240 0.9760
662      662   (5)     10  : 0.0400 0.9600
663      663   (5)     10  : 0.0220 0.9780
664      664   (0)     10  : 0.0456 0.9544
665      665   (0)     10  : 0.0170 0.9830
666      666  (10)     10  : 0.0140 0.9860
667      667  (10)     10  : 0.0248 0.9752
668      668   (0)     10  : 0.0354 0.9646
669      669   (5)     10  : 0.0276 0.9724
670      670  (10)     10  : 0.0280 0.9720
671      671   (0)     10  : 0.0300 0.9700
672      672   (0)     10  : 0.0240 0.9760
673      673   (0)     10  : 0.0140 0.9860
674      674   (0)     10  : 0.0150 0.9850
675      675   (5)     10  : 0.0290 0.9710
676      676   (5)     10  : 0.0180 0.9820
677      677   (0)     10  : 0.0320 0.9680
678      678   (5)     10  : 0.0262 0.9738
679      679  (10)     10  : 0.0220 0.9780
680      680   (5)     10  : 0.0180 0.9820
681      681   (5)     10  : 0.0320 0.9680
682      682  (10)     10  : 0.0450 0.9550
683      683   (0)     10  : 0.0180 0.9820
684      684   (0)     10  : 0.0200 0.9800
685      685   (0)     10  : 0.1404 0.8596
686      686   (0)     10  : 0.0164 0.9836
687      687   (0)     10  : 0.0440 0.9560
688      688   (0)     10  : 0.0380 0.9620
689      689   (5)     10  : 0.0280 0.9720
690      690   (0)     10  : 0.0170 0.9830
691      691   (5)     10  : 0.0340 0.9660
692      692   (0)     10  : 0.0310 0.9690
693      693   (0)     10  : 0.0210 0.9790
694      694   (5)     10  : 0.0170 0.9830
695      695   (5)     10  : 0.0420 0.9580
696      696   (5)     10  : 0.1520 0.8480
697      697   (5)     10  : 0.0220 0.9780
698      698   (5)     10  : 0.0250 0.9750
699      699   (0)     10  : 0.0160 0.9840
700      700   (5)     10  : 0.0200 0.9800
701      701   (0)     10  : 0.0150 0.9850
702      702   (0)     10  : 0.0170 0.9830
703      703   (0)     10  : 0.0290 0.9710
704      704   (0)     10  : 0.0200 0.9800
705      705   (0)     10  : 0.0510 0.9490
706      706   (0)     10  : 0.0190 0.9810
707      707   (0)     10  : 0.0260 0.9740
708      708   (0)     10  : 0.0150 0.9850
709      709   (0)     10  : 0.0480 0.9520
710      710   (0)     10  : 0.0306 0.9694
711      711   (5)     10  : 0.0150 0.9850
712      712   (0)     10  : 0.1118 0.8882
713      713   (0)     10  : 0.0174 0.9826
714      714   (5)     10  : 0.0440 0.9560
715      715   (0)     10  : 0.0180 0.9820
716      716   (5)     10  : 0.0150 0.9850
717      717   (0)     10  : 0.0170 0.9830
718      718  (10)     10  : 0.0330 0.9670
719      719   (5)     10  : 0.0470 0.9530
720      720   (0)     10  : 0.1084 0.8916
721      721   (0)     10  : 0.0160 0.9840
722      722  (10)     10  : 0.0554 0.9446
723      723   (5)     10  : 0.0746 0.9254
724      724   (0)     10  : 0.0160 0.9840
725      725   (0)     10  : 0.0180 0.9820
726      726   (5)     10  : 0.0160 0.9840
727      727   (0)     10  : 0.0270 0.9730
728      728   (0)     10  : 0.0190 0.9810
729      729   (0)     10  : 0.0190 0.9810
730      730   (0)     10  : 0.0410 0.9590
731      731   (0)     10  : 0.0330 0.9670
732      732   (0)     10  : 0.0630 0.9370
733      733   (0)     10  : 0.0822 0.9178
734      734   (0)     10  : 0.0160 0.9840
735      735   (0)     10  : 0.0130 0.9870
736      736   (0)     10  : 0.0130 0.9870
737      737   (0)     10  : 0.0216 0.9784
738      738   (0)     10  : 0.0494 0.9506
739      739   (0)     10  : 0.0480 0.9520
740      740   (0)     10  : 0.0260 0.9740
741      741   (5)     10  : 0.0824 0.9176
742      742   (0)     10  : 0.0280 0.9720
743      743  (10)     10  : 0.0210 0.9790
744      744  (10)     10  : 0.0170 0.9830
745      745   (0)     10  : 0.0220 0.9780
746      746   (0)     10  : 0.0250 0.9750
747      747   (5)     10  : 0.0230 0.9770
748      748   (0)     10  : 0.0170 0.9830
749      749  (10)     10  : 0.0280 0.9720
750      750  (10)     10  : 0.0226 0.9774
