   1        1   (5)      1 :  0.0150 0.9850 
   2        2   (5)      1 :  0.0342 0.9658 
   3        3   (5)      1 :  0.0100 0.9900 
   4        4   (0)      1 :  0.0070 0.9930 
   5        5   (0)      1 :  0.0310 0.9690 
   6        6   (0)      1 :  0.0140 0.9860 
   7        7   (0)      1 :  0.1150 0.8850 
   8        8   (5)      1 :  0.0090 0.9910 
   9        9   (0)      1 :  0.0080 0.9920 
  10       10   (0)      1 :  0.0440 0.9560 
  11       11   (0)      1 :  0.0200 0.9800 
  12       12   (0)      1 :  0.0200 0.9800 
  13       13   (0)      1 :  0.0100 0.9900 
  14       14   (0)      1 :  0.0150 0.9850 
  15       15   (0)      1 :  0.0138 0.9862 
  16       16   (0)      1 :  0.0070 0.9930 
  17       17   (0)      1 :  0.0082 0.9918 
  18       18   (0)      1 :  0.0180 0.9820 
  19       19   (0)      1 :  0.0080 0.9920 
  20       20   (0)      1 :  0.0478 0.9522 
  21       21   (0)      1 :  0.0090 0.9910 
  22       22   (0)      1 :  0.0070 0.9930 
  23       23   (0)      1 :  0.0070 0.9930 
  24       24   (0)      1 :  0.0090 0.9910 
  25       25   (0)      1 :  0.0438 0.9562 
  26       26   (0)      1 :  0.0100 0.9900 
  27       27   (5)      1 :  0.0370 0.9630 
  28       28   (0)      1 :  0.0130 0.9870 
  29       29   (0)      1 :  0.0086 0.9914 
  30       30   (0)      1 :  0.0580 0.9420 
  31       31   (0)      1 :  0.0090 0.9910 
  32       32   (0)      1 :  0.0130 0.9870 
  33       33   (0)      1 :  0.0068 0.9932 
  34       34   (0)      1 :  0.0070 0.9930 
  35       35   (0)      1 :  0.0240 0.9760 
  36       36   (0)      1 :  0.0240 0.9760 
  37       37   (0)      1 :  0.0198 0.9802 
  38       38   (0)      1 :  0.0130 0.9870 
  39       39   (0)      1 :  0.0310 0.9690 
  40       40   (0)      1 :  0.0120 0.9880 
  41       41   (0)      1 :  0.0130 0.9870 
  42       42   (0)      1 :  0.0060 0.9940 
  43       43   (0)      1 :  0.0120 0.9880 
  44       44   (0)      1 :  0.0080 0.9920 
  45       45   (5)      1 :  0.0230 0.9770 
  46       46   (0)      1 :  0.0080 0.9920 
  47       47   (0)      1 :  0.0230 0.9770 
  48       48   (0)      1 :  0.0180 0.9820 
  49       49   (0)      1 :  0.0150 0.9850 
  50       50   (0)      1 :  0.0140 0.9860 
  51       51   (0)      1 :  0.0178 0.9822 
  52       52   (0)      1 :  0.0430 0.9570 
  53       53   (0)      1 :  0.0120 0.9880 
  54       54   (0)      1 :  0.0156 0.9844 
  55       55   (0)      1 :  0.0150 0.9850 
  56       56   (0)      1 :  0.0090 0.9910 
  57       57  (10)      1 :  0.0100 0.9900 
  58       58   (5)      1 :  0.0180 0.9820 
  59       59   (0)      1 :  0.0120 0.9880 
  60       60   (0)      1 :  0.0110 0.9890 
  61       61   (0)      1 :  0.0150 0.9850 
  62       62   (0)      1 :  0.0190 0.9810 
  63       63   (0)      1 :  0.0182 0.9818 
  64       64   (0)      1 :  0.0134 0.9866 
  65       65   (0)      1 :  0.0350 0.9650 
  66       66   (0)      1 :  0.0090 0.9910 
  67       67   (5)      1 :  0.0150 0.9850 
  68       68   (0)      1 :  0.0220 0.9780 
  69       69   (0)      1 :  0.0240 0.9760 
  70       70   (0)      1 :  0.0140 0.9860 
  71       71   (5)      1 :  0.0170 0.9830 
  72       72   (0)      1 :  0.0180 0.9820 
  73       73   (5)      1 :  0.0120 0.9880 
  74       74  (10)      1 :  0.0190 0.9810 
  75       75  (10)      1 :  0.0120 0.9880 
  76       76   (0)      1 :  0.0090 0.9910 
  77       77  (10)      1 :  0.0120 0.9880 
  78       78   (0)      1 :  0.0130 0.9870 
  79       79   (5)      1 :  0.0148 0.9852 
  80       80   (0)      1 :  0.0090 0.9910 
  81       81   (0)      1 :  0.0090 0.9910 
  82       82   (0)      1 :  0.0080 0.9920 
  83       83   (0)      1 :  0.0110 0.9890 
  84       84   (0)      1 :  0.0250 0.9750 
  85       85   (0)      1 :  0.0080 0.9920 
  86       86   (5)      1 :  0.0110 0.9890 
  87       87   (0)      1 :  0.0100 0.9900 
  88       88   (0)      1 :  0.0340 0.9660 
  89       89   (0)      1 :  0.0130 0.9870 
  90       90   (0)      1 :  0.0180 0.9820 
  91       91   (0)      1 :  0.0150 0.9850 
  92       92   (0)      1 :  0.0190 0.9810 
  93       93   (0)      1 :  0.0090 0.9910 
  94       94   (5)      1 :  0.0110 0.9890 
  95       95   (0)      1 :  0.0110 0.9890 
  96       96   (5)      1 :  0.0096 0.9904 
  97       97   (0)      1 :  0.0186 0.9814 
  98       98   (0)      1 :  0.0140 0.9860 
  99       99   (5)      1 :  0.0110 0.9890 
 100      100   (5)      1 :  0.0080 0.9920 
 101      101   (0)      2 :  0.0080 0.9920 
 102      102   (0)      2 :  0.0090 0.9910 
 103      103   (0)      2 :  0.0274 0.9726 
 104      104   (0)      2 :  0.0090 0.9910 
 105      105   (0)      2 :  0.0120 0.9880 
 106      106   (0)      2 :  0.0418 0.9582 
 107      107   (0)      2 :  0.0130 0.9870 
 108      108   (0)      2 :  0.0320 0.9680 
 109      109   (0)      2 :  0.0150 0.9850 
 110      110   (0)      2 :  0.0060 0.9940 
 111      111   (0)      2 :  0.0190 0.9810 
 112      112   (0)      2 :  0.0110 0.9890 
 113      113   (0)      2 :  0.0060 0.9940 
 114      114   (0)      2 :  0.0080 0.9920 
 115      115   (0)      2 :  0.0140 0.9860 
 116      116   (0)      2 :  0.0090 0.9910 
 117      117   (0)      2 :  0.0090 0.9910 
 118      118   (0)      2 :  0.0070 0.9930 
 119      119   (0)      2 :  0.0260 0.9740 
 120      120   (0)      2 :  0.0110 0.9890 
 121      121   (0)      2 :  0.0110 0.9890 
 122      122   (0)      2 :  0.0258 0.9742 
 123      123   (0)      2 :  0.0080 0.9920 
 124      124   (0)      2 :  0.0100 0.9900 
 125      125   (0)      2 :  0.0158 0.9842 
 126      126   (0)      2 :  0.0660 0.9340 
 127      127   (0)      2 :  0.0120 0.9880 
 128      128   (0)      2 :  0.0100 0.9900 
 129      129   (0)      2 :  0.0120 0.9880 
 130      130   (0)      2 :  0.0100 0.9900 
 131      131   (0)      2 :  0.0260 0.9740 
 132      132   (0)      2 :  0.0270 0.9730 
 133      133   (0)      2 :  0.0100 0.9900 
 134      134   (0)      2 :  0.0150 0.9850 
 135      135   (0)      2 :  0.0110 0.9890 
 136      136   (0)      2 :  0.0100 0.9900 
 137      137   (0)      2 :  0.0160 0.9840 
 138      138   (0)      2 :  0.0130 0.9870 
 139      139   (0)      2 :  0.0100 0.9900 
 140      140   (0)      2 :  0.0080 0.9920 
 141      141   (0)      2 :  0.0250 0.9750 
 142      142   (0)      2 :  0.0190 0.9810 
 143      143   (0)      2 :  0.0138 0.9862 
 144      144   (0)      2 :  0.0100 0.9900 
 145      145   (0)      2 :  0.0090 0.9910 
 146      146   (0)      2 :  0.0152 0.9848 
 147      147   (0)      2 :  0.0150 0.9850 
 148      148   (0)      2 :  0.0130 0.9870 
 149      149   (0)      2 :  0.0060 0.9940 
 150      150   (0)      2 :  0.0120 0.9880 
 151      151   (0)      2 :  0.0080 0.9920 
 152      152   (0)      2 :  0.0160 0.9840 
 153      153   (0)      2 :  0.0080 0.9920 
 154      154   (0)      2 :  0.0100 0.9900 
 155      155   (0)      2 :  0.0100 0.9900 
 156      156   (0)      2 :  0.0170 0.9830 
 157      157   (0)      2 :  0.0120 0.9880 
 158      158   (0)      2 :  0.0160 0.9840 
 159      159   (0)      2 :  0.0188 0.9812 
 160      160   (0)      2 :  0.0170 0.9830 
 161      161   (0)      2 :  0.0134 0.9866 
 162      162   (0)      2 :  0.0130 0.9870 
 163      163   (0)      2 :  0.0100 0.9900 
 164      164   (0)      2 :  0.0080 0.9920 
 165      165   (0)      2 :  0.0060 0.9940 
 166      166   (0)      2 :  0.0260 0.9740 
 167      167   (0)      2 :  0.0090 0.9910 
 168      168   (0)      2 :  0.0226 0.9774 
 169      169   (0)      2 :  0.0210 0.9790 
 170      170   (0)      2 :  0.0150 0.9850 
 171      171   (0)      2 :  0.0270 0.9730 
 172      172   (0)      2 :  0.0130 0.9870 
 173      173   (0)      2 :  0.0160 0.9840 
 174      174   (0)      2 :  0.0070 0.9930 
 175      175   (0)      2 :  0.0090 0.9910 
 176      176   (0)      2 :  0.0318 0.9682 
 177      177   (0)      2 :  0.0090 0.9910 
 178      178   (0)      2 :  0.0110 0.9890 
 179      179   (0)      2 :  0.0090 0.9910 
 180      180   (0)      2 :  0.0060 0.9940 
 181      181   (0)      2 :  0.0590 0.9410 
 182      182   (0)      2 :  0.0090 0.9910 
 183      183   (0)      2 :  0.0090 0.9910 
 184      184   (0)      2 :  0.0952 0.9048 
 185      185   (0)      2 :  0.0080 0.9920 
 186      186   (0)      2 :  0.0194 0.9806 
 187      187   (0)      2 :  0.0212 0.9788 
 188      188   (0)      2 :  0.0110 0.9890 
 189      189   (0)      2 :  0.0140 0.9860 
 190      190   (0)      2 :  0.0260 0.9740 
 191      191   (0)      2 :  0.1020 0.8980 
 192      192   (0)      2 :  0.0140 0.9860 
 193      193   (0)      2 :  0.0240 0.9760 
 194      194   (0)      2 :  0.0080 0.9920 
 195      195   (0)      2 :  0.0070 0.9930 
 196      196   (0)      2 :  0.0280 0.9720 
 197      197   (0)      2 :  0.0390 0.9610 
 198      198   (0)      2 :  0.0170 0.9830 
 199      199   (0)      2 :  0.0150 0.9850 
 200      200   (0)      2 :  0.0270 0.9730 
 201      201   (0)      2 :  0.0350 0.9650 
 202      202   (0)      2 :  0.0110 0.9890 
 203      203   (0)      2 :  0.0140 0.9860 
 204      204   (0)      2 :  0.0170 0.9830 
 205      205   (0)      2 :  0.0110 0.9890 
 206      206   (0)      2 :  0.0100 0.9900 
 207      207   (0)      2 :  0.0110 0.9890 
 208      208   (0)      2 :  0.0090 0.9910 
 209      209   (0)      2 :  0.0090 0.9910 
 210      210   (0)      2 :  0.0130 0.9870 
 211      211   (0)      2 :  0.0120 0.9880 
 212      212   (0)      2 :  0.0160 0.9840 
 213      213   (0)      2 :  0.0270 0.9730 
 214      214   (0)      2 :  0.0128 0.9872 
 215      215   (0)      2 :  0.0320 0.9680 
 216      216   (0)      2 :  0.0170 0.9830 
 217      217   (0)      2 :  0.0886 0.9114 
 218      218   (0)      2 :  0.0120 0.9880 
 219      219   (0)      2 :  0.0280 0.9720 
 220      220   (0)      2 :  0.0090 0.9910 
 221      221   (0)      2 :  0.0120 0.9880 
 222      222   (0)      2 :  0.0300 0.9700 
 223      223   (0)      2 :  0.0090 0.9910 
 224      224   (0)      2 :  0.0090 0.9910 
 225      225   (0)      2 :  0.0100 0.9900 
 226      226   (0)      2 :  0.0380 0.9620 
 227      227   (0)      2 :  0.0120 0.9880 
 228      228   (0)      2 :  0.0090 0.9910 
 229      229   (0)      2 :  0.0130 0.9870 
 230      230   (0)      2 :  0.0096 0.9904 
 231      231   (0)      2 :  0.0120 0.9880 
 232      232   (0)      2 :  0.0240 0.9760 
 233      233   (0)      2 :  0.0100 0.9900 
 234      234   (0)      2 :  0.0070 0.9930 
 235      235   (0)      2 :  0.0080 0.9920 
 236      236   (0)      2 :  0.0070 0.9930 
 237      237   (0)      2 :  0.0110 0.9890 
 238      238   (0)      2 :  0.0140 0.9860 
 239      239   (0)      2 :  0.0080 0.9920 
 240      240   (0)      2 :  0.0080 0.9920 
 241      241   (0)      2 :  0.0180 0.9820 
 242      242   (0)      2 :  0.0090 0.9910 
 243      243   (0)      2 :  0.0100 0.9900 
 244      244   (0)      2 :  0.0534 0.9466 
 245      245   (0)      2 :  0.0376 0.9624 
 246      246   (0)      2 :  0.0090 0.9910 
 247      247   (0)      2 :  0.0200 0.9800 
 248      248   (0)      2 :  0.0370 0.9630 
 249      249   (0)      2 :  0.0100 0.9900 
 250      250   (0)      2 :  0.1130 0.8870 
 251      251   (0)      2 :  0.0080 0.9920 
 252      252   (0)      2 :  0.0160 0.9840 
 253      253   (0)      2 :  0.0112 0.9888 
 254      254   (0)      2 :  0.0110 0.9890 
 255      255   (0)      2 :  0.0110 0.9890 
 256      256   (0)      2 :  0.0110 0.9890 
 257      257   (0)      2 :  0.0190 0.9810 
 258      258   (0)      2 :  0.0380 0.9620 
 259      259   (0)      2 :  0.0070 0.9930 
 260      260   (0)      2 :  0.0370 0.9630 
 261      261   (0)      2 :  0.0130 0.9870 
 262      262   (0)      2 :  0.0100 0.9900 
 263      263   (0)      2 :  0.0110 0.9890 
 264      264   (0)      2 :  0.0340 0.9660 
 265      265   (0)      2 :  0.0140 0.9860 
 266      266   (0)      2 :  0.0060 0.9940 
 267      267   (0)      2 :  0.0310 0.9690 
 268      268   (0)      2 :  0.0060 0.9940 
 269      269   (0)      2 :  0.0080 0.9920 
 270      270   (0)      2 :  0.0190 0.9810 
 271      271   (0)      2 :  0.0080 0.9920 
 272      272   (0)      2 :  0.0086 0.9914 
 273      273   (0)      2 :  0.0130 0.9870 
 274      274   (0)      2 :  0.0160 0.9840 
 275      275   (0)      2 :  0.0180 0.9820 
 276      276   (0)      2 :  0.0090 0.9910 
 277      277   (0)      2 :  0.0300 0.9700 
 278      278   (0)      2 :  0.0180 0.9820 
 279      279   (0)      2 :  0.0100 0.9900 
 280      280   (0)      2 :  0.0090 0.9910 
 281      281   (0)      2 :  0.0090 0.9910 
 282      282   (0)      2 :  0.0150 0.9850 
 283      283   (0)      2 :  0.0090 0.9910 
 284      284   (0)      2 :  0.0060 0.9940 
 285      285   (0)      2 :  0.0070 0.9930 
 286      286   (0)      2 :  0.0090 0.9910 
 287      287   (0)      2 :  0.0090 0.9910 
 288      288   (0)      2 :  0.0120 0.9880 
 289      289   (0)      2 :  0.0140 0.9860 
 290      290   (0)      2 :  0.0080 0.9920 
 291      291   (0)      2 :  0.0120 0.9880 
 292      292   (0)      2 :  0.0112 0.9888 
 293      293   (0)      2 :  0.0510 0.9490 
 294      294   (0)      2 :  0.0100 0.9900 
 295      295   (0)      2 :  0.0090 0.9910 
 296      296   (0)      2 :  0.0070 0.9930 
 297      297   (0)      2 :  0.0080 0.9920 
 298      298   (0)      2 :  0.0120 0.9880 
 299      299   (0)      2 :  0.0180 0.9820 
 300      300   (0)      2 :  0.0210 0.9790 
 301      301   (0)      2 :  0.0270 0.9730 
 302      302   (0)      2 :  0.0086 0.9914 
 303      303   (0)      2 :  0.0130 0.9870 
 304      304   (0)      2 :  0.0296 0.9704 
 305      305   (0)      2 :  0.0140 0.9860 
 306      306   (0)      2 :  0.0166 0.9834 
 307      307   (0)      2 :  0.0110 0.9890 
 308      308   (0)      2 :  0.0102 0.9898 
 309      309   (0)      2 :  0.0220 0.9780 
 310      310   (0)      2 :  0.0070 0.9930 
 311      311   (0)      2 :  0.0160 0.9840 
 312      312   (0)      2 :  0.0120 0.9880 
 313      313   (0)      2 :  0.0120 0.9880 
 314      314   (0)      2 :  0.0258 0.9742 
 315      315   (0)      2 :  0.0220 0.9780 
 316      316   (0)      2 :  0.0180 0.9820 
 317      317   (0)      2 :  0.0170 0.9830 
 318      318   (0)      2 :  0.0080 0.9920 
 319      319   (0)      2 :  0.0070 0.9930 
 320      320   (0)      2 :  0.0090 0.9910 
 321      321   (0)      2 :  0.0090 0.9910 
 322      322   (0)      2 :  0.0080 0.9920 
 323      323   (0)      2 :  0.0090 0.9910 
 324      324   (0)      2 :  0.0090 0.9910 
 325      325   (0)      2 :  0.0470 0.9530 
 326      326   (0)      2 :  0.0140 0.9860 
 327      327   (0)      2 :  0.0360 0.9640 
 328      328   (0)      2 :  0.0130 0.9870 
 329      329   (0)      2 :  0.0190 0.9810 
 330      330   (0)      2 :  0.0160 0.9840 
 331      331   (0)      2 :  0.0080 0.9920 
 332      332   (0)      2 :  0.0076 0.9924 
 333      333   (0)      2 :  0.0090 0.9910 
 334      334   (0)      2 :  0.0184 0.9816 
 335      335   (0)      2 :  0.0060 0.9940 
 336      336   (0)      2 :  0.0188 0.9812 
 337      337   (0)      2 :  0.0740 0.9260 
 338      338   (0)      2 :  0.0932 0.9068 
 339      339   (0)      2 :  0.0120 0.9880 
 340      340   (0)      2 :  0.0130 0.9870 
 341      341   (0)      2 :  0.0090 0.9910 
 342      342   (0)      2 :  0.0080 0.9920 
 343      343   (0)      2 :  0.0070 0.9930 
 344      344   (0)      2 :  0.0070 0.9930 
 345      345   (0)      2 :  0.0060 0.9940 
 346      346   (0)      2 :  0.0100 0.9900 
 347      347   (0)      2 :  0.0090 0.9910 
 348      348   (0)      2 :  0.0080 0.9920 
 349      349   (0)      2 :  0.0480 0.9520 
 350      350   (0)      2 :  0.0150 0.9850 
 351      351   (0)      2 :  0.0210 0.9790 
 352      352   (0)      2 :  0.0080 0.9920 
 353      353   (0)      2 :  0.0080 0.9920 
 354      354   (0)      2 :  0.0090 0.9910 
 355      355   (0)      2 :  0.0110 0.9890 
 356      356   (0)      2 :  0.0100 0.9900 
 357      357   (0)      2 :  0.0200 0.9800 
 358      358   (0)      2 :  0.0090 0.9910 
 359      359   (0)      2 :  0.0620 0.9380 
 360      360   (0)      2 :  0.0180 0.9820 
 361      361   (0)      2 :  0.0100 0.9900 
 362      362   (0)      2 :  0.0090 0.9910 
 363      363   (0)      2 :  0.0260 0.9740 
 364      364   (0)      2 :  0.0200 0.9800 
 365      365   (0)      2 :  0.0090 0.9910 
 366      366   (0)      2 :  0.0130 0.9870 
 367      367   (0)      2 :  0.0156 0.9844 
 368      368   (0)      2 :  0.0090 0.9910 
 369      369   (0)      2 :  0.0140 0.9860 
 370      370   (0)      2 :  0.1410 0.8590 
 371      371   (0)      2 :  0.0070 0.9930 
 372      372   (0)      2 :  0.0070 0.9930 
 373      373   (0)      2 :  0.0100 0.9900 
 374      374   (0)      2 :  0.0090 0.9910 
 375      375   (0)      2 :  0.0150 0.9850 
 376      376   (0)      2 :  0.0260 0.9740 
 377      377   (0)      2 :  0.0100 0.9900 
 378      378   (0)      2 :  0.0488 0.9512 
 379      379   (0)      2 :  0.0148 0.9852 
 380      380   (0)      2 :  0.0070 0.9930 
 381      381   (0)      2 :  0.0100 0.9900 
 382      382   (0)      2 :  0.0340 0.9660 
 383      383   (0)      2 :  0.0060 0.9940 
 384      384   (0)      2 :  0.0180 0.9820 
 385      385   (0)      2 :  0.0090 0.9910 
 386      386   (0)      2 :  0.0120 0.9880 
 387      387   (0)      2 :  0.0100 0.9900 
 388      388   (0)      2 :  0.0190 0.9810 
 389      389   (0)      2 :  0.0080 0.9920 
 390      390   (0)      2 :  0.0170 0.9830 
 391      391   (0)      2 :  0.0150 0.9850 
 392      392   (0)      2 :  0.0100 0.9900 
 393      393   (0)      2 :  0.0090 0.9910 
 394      394   (0)      2 :  0.0130 0.9870 
 395      395   (0)      2 :  0.0150 0.9850 
 396      396   (0)      2 :  0.0122 0.9878 
 397      397   (0)      2 :  0.0070 0.9930 
 398      398   (0)      2 :  0.0080 0.9920 
 399      399   (0)      2 :  0.0150 0.9850 
 400      400   (0)      2 :  0.0070 0.9930 
 401      401   (0)      2 :  0.0120 0.9880 
 402      402   (0)      2 :  0.0120 0.9880 
 403      403   (0)      2 :  0.0080 0.9920 
 404      404   (0)      2 :  0.0150 0.9850 
 405      405   (0)      2 :  0.0320 0.9680 
 406      406   (0)      2 :  0.0080 0.9920 
 407      407   (0)      2 :  0.0050 0.9950 
 408      408   (0)      2 :  0.0090 0.9910 
 409      409   (0)      2 :  0.0760 0.9240 
 410      410   (0)      2 :  0.0080 0.9920 
 411      411   (0)      2 :  0.0150 0.9850 
 412      412   (0)      2 :  0.0140 0.9860 
 413      413   (0)      2 :  0.0100 0.9900 
 414      414   (0)      2 :  0.0170 0.9830 
 415      415   (0)      2 :  0.0100 0.9900 
 416      416   (0)      2 :  0.0160 0.9840 
 417      417   (0)      2 :  0.0470 0.9530 
 418      418   (0)      2 :  0.0100 0.9900 
 419      419   (0)      2 :  0.0110 0.9890 
 420      420   (0)      2 :  0.0120 0.9880 
 421      421   (0)      2 :  0.0170 0.9830 
 422      422   (0)      2 :  0.0270 0.9730 
 423      423   (0)      2 :  0.0090 0.9910 
 424      424   (0)      2 :  0.0150 0.9850 
 425      425   (0)      2 :  0.0150 0.9850 
 426      426   (0)      2 :  0.0110 0.9890 
 427      427   (0)      2 :  0.0190 0.9810 
 428      428   (0)      2 :  0.0580 0.9420 
 429      429   (0)      2 :  0.0290 0.9710 
 430      430   (0)      2 :  0.0110 0.9890 
 431      431   (0)      2 :  0.0540 0.9460 
 432      432   (0)      2 :  0.0090 0.9910 
 433      433   (0)      2 :  0.0100 0.9900 
 434      434   (0)      2 :  0.0070 0.9930 
 435      435   (0)      2 :  0.0060 0.9940 
 436      436   (0)      2 :  0.0110 0.9890 
 437      437   (0)      2 :  0.0630 0.9370 
 438      438   (0)      2 :  0.0130 0.9870 
 439      439   (0)      2 :  0.0070 0.9930 
 440      440   (0)      2 :  0.0250 0.9750 
 441      441   (0)      2 :  0.0080 0.9920 
 442      442   (0)      2 :  0.0220 0.9780 
 443      443   (0)      2 :  0.0120 0.9880 
 444      444   (0)      2 :  0.0220 0.9780 
 445      445   (0)      2 :  0.0100 0.9900 
 446      446   (0)      2 :  0.0110 0.9890 
 447      447   (0)      2 :  0.0100 0.9900 
 448      448   (0)      2 :  0.0100 0.9900 
 449      449   (0)      2 :  0.0070 0.9930 
 450      450   (0)      2 :  0.0120 0.9880 
 451      451   (0)      2 :  0.0100 0.9900 
 452      452   (0)      2 :  0.0280 0.9720 
 453      453   (0)      2 :  0.0070 0.9930 
 454      454   (0)      2 :  0.0120 0.9880 
 455      455   (0)      2 :  0.0090 0.9910 
 456      456   (0)      2 :  0.0190 0.9810 
 457      457   (0)      2 :  0.0202 0.9798 
 458      458   (0)      2 :  0.0110 0.9890 
 459      459   (0)      2 :  0.0120 0.9880 
 460      460   (0)      2 :  0.0160 0.9840 
 461      461   (0)      2 :  0.0090 0.9910 
 462      462   (0)      2 :  0.0230 0.9770 
 463      463   (0)      2 :  0.0110 0.9890 
 464      464   (0)      2 :  0.0290 0.9710 
 465      465   (0)      2 :  0.0154 0.9846 
 466      466   (0)      2 :  0.0110 0.9890 
 467      467   (0)      2 :  0.0224 0.9776 
 468      468   (0)      2 :  0.0110 0.9890 
 469      469   (0)      2 :  0.0130 0.9870 
 470      470   (0)      2 :  0.0080 0.9920 
 471      471   (0)      2 :  0.0120 0.9880 
 472      472   (0)      2 :  0.0180 0.9820 
 473      473   (0)      2 :  0.0282 0.9718 
 474      474   (0)      2 :  0.0170 0.9830 
 475      475   (0)      2 :  0.0178 0.9822 
 476      476   (0)      2 :  0.0490 0.9510 
 477      477   (0)      2 :  0.0120 0.9880 
 478      478   (0)      2 :  0.0120 0.9880 
 479      479   (0)      2 :  0.0210 0.9790 
 480      480   (0)      2 :  0.0564 0.9436 
 481      481   (0)      2 :  0.0668 0.9332 
 482      482   (0)      2 :  0.0336 0.9664 
 483      483   (0)      2 :  0.0070 0.9930 
 484      484   (0)      2 :  0.0170 0.9830 
 485      485   (0)      2 :  0.0220 0.9780 
 486      486   (0)      2 :  0.0180 0.9820 
 487      487   (0)      2 :  0.0080 0.9920 
 488      488   (0)      2 :  0.0140 0.9860 
 489      489   (0)      2 :  0.0282 0.9718 
 490      490   (0)      2 :  0.0110 0.9890 
 491      491   (0)      2 :  0.0090 0.9910 
 492      492   (0)      2 :  0.0100 0.9900 
 493      493   (0)      2 :  0.0100 0.9900 
 494      494   (0)      2 :  0.0202 0.9798 
 495      495   (0)      2 :  0.0080 0.9920 
 496      496   (0)      2 :  0.0130 0.9870 
 497      497   (0)      2 :  0.0150 0.9850 
 498      498   (0)      2 :  0.0100 0.9900 
 499      499   (0)      2 :  0.0140 0.9860 
 500      500   (0)      2 :  0.0130 0.9870 
 501      501   (0)      3 :  0.0380 0.9620 
 502      502   (0)      3 :  0.0538 0.9462 
 503      503   (0)      3 :  0.0320 0.9680 
 504      504   (0)      3 :  0.3880 0.6120 
 505      505   (0)      3 :  0.0710 0.9290 
 506      506   (0)      3 :  0.1142 0.8858 
 507      507   (0)      3 :  0.1570 0.8430 
 508      508   (0)      3 :  0.1790 0.8210 
 509      509   (0)      3 :  0.2450 0.7550 
 510      510   (0)      3 :  0.1764 0.8236 
 511      511   (0)      3 :  0.1348 0.8652 
 512      512   (0)      3 :  0.1440 0.8560 
 513      513   (0)      3 :  0.2848 0.7152 
 514      514   (0)      3 :  0.1580 0.8420 
 515      515   (0)      3 :  0.0160 0.9840 
 516      516   (0)      3 :  0.0808 0.9192 
 517      517   (0)      3 :  0.1200 0.8800 
 518      518   (0)      3 :  0.0908 0.9092 
 519      519   (0)      3 :  0.0260 0.9740 
 520      520   (0)      3 :  0.0300 0.9700 
 521      521   (0)      3 :  0.0280 0.9720 
 522      522   (0)      3 :  0.0130 0.9870 
 523      523   (0)      3 :  0.1530 0.8470 
 524      524   (0)      3 :  0.1226 0.8774 
 525      525   (0)      3 :  0.1320 0.8680 
 526      526   (0)      3 :  0.0570 0.9430 
 527      527   (0)      3 :  0.1302 0.8698 
 528      528   (0)      3 :  0.0710 0.9290 
 529      529   (0)      3 :  0.0992 0.9008 
 530      530   (0)      3 :  0.1350 0.8650 
 531      531   (0)      3 :  0.0810 0.9190 
 532      532   (0)      3 :  0.0090 0.9910 
 533      533   (0)      3 :  0.0160 0.9840 
 534      534   (0)      3 :  0.0240 0.9760 
 535      535   (0)      3 :  0.0750 0.9250 
 536      536   (0)      3 :  0.1850 0.8150 
 537      537   (0)      3 :  0.0170 0.9830 
 538      538   (0)      3 :  0.0180 0.9820 
 539      539   (0)      3 :  0.0590 0.9410 
 540      540   (0)      3 :  0.0552 0.9448 
 541      541   (0)      3 :  0.2450 0.7550 
 542      542   (0)      3 :  0.2402 0.7598 
 543      543   (0)      3 :  0.2880 0.7120 
 544      544   (0)      3 :  0.1890 0.8110 
 545      545   (0)      3 :  0.0472 0.9528 
 546      546   (0)      3 :  0.1010 0.8990 
 547      547   (0)      3 :  0.0110 0.9890 
 548      548   (0)      3 :  0.1400 0.8600 
 549      549   (0)      3 :  0.0630 0.9370 
 550      550   (0)      3 :  0.0740 0.9260 
 551      551   (0)      3 :  0.0650 0.9350 
 552      552   (0)      3 :  0.1500 0.8500 
 553      553   (0)      3 :  0.0960 0.9040 
 554      554   (0)      3 :  0.0120 0.9880 
 555      555   (0)      3 :  0.2506 0.7494 
 556      556   (0)      3 :  0.1970 0.8030 
 557      557   (0)      3 :  0.0210 0.9790 
 558      558   (0)      3 :  0.0340 0.9660 
 559      559   (0)      3 :  0.0770 0.9230 
 560      560   (0)      3 :  0.0720 0.9280 
 561      561   (0)      3 :  0.0950 0.9050 
 562      562   (0)      3 :  0.0210 0.9790 
 563      563   (0)      3 :  0.1420 0.8580 
 564      564   (0)      3 :  0.0330 0.9670 
 565      565   (0)      3 :  0.0090 0.9910 
 566      566   (0)      3 :  0.1576 0.8424 
 567      567   (0)      3 :  0.0150 0.9850 
 568      568   (0)      3 :  0.0084 0.9916 
 569      569   (0)      3 :  0.0470 0.9530 
 570      570   (0)      3 :  0.0150 0.9850 
 571      571   (0)      3 :  0.1430 0.8570 
 572      572   (0)      3 :  0.2682 0.7318 
 573      573   (0)      3 :  0.1840 0.8160 
 574      574   (0)      3 :  0.0190 0.9810 
 575      575   (0)      3 :  0.1290 0.8710 
 576      576   (0)      3 :  0.1570 0.8430 
 577      577   (0)      3 :  0.3110 0.6890 
 578      578   (0)      3 :  0.0472 0.9528 
 579      579   (0)      3 :  0.0280 0.9720 
 580      580   (0)      3 :  0.0760 0.9240 
 581      581   (0)      3 :  0.1160 0.8840 
 582      582   (0)      3 :  0.1352 0.8648 
 583      583   (0)      3 :  0.0370 0.9630 
 584      584   (0)      3 :  0.0138 0.9862 
 585      585   (0)      3 :  0.2162 0.7838 
 586      586   (0)      3 :  0.1180 0.8820 
 587      587   (0)      3 :  0.0270 0.9730 
 588      588   (0)      3 :  0.0270 0.9730 
 589      589   (0)      3 :  0.0110 0.9890 
 590      590   (0)      3 :  0.0400 0.9600 
 591      591   (0)      3 :  0.0230 0.9770 
 592      592   (0)      3 :  0.1058 0.8942 
 593      593   (0)      3 :  0.1150 0.8850 
 594      594   (0)      3 :  0.2000 0.8000 
 595      595   (0)      3 :  0.2838 0.7162 
 596      596   (0)      3 :  0.0220 0.9780 
 597      597   (0)      3 :  0.0160 0.9840 
 598      598   (0)      3 :  0.0706 0.9294 
 599      599   (0)      3 :  0.0090 0.9910 
 600      600   (0)      3 :  0.2080 0.7920 
 601      601   (0)      4 :  0.3490 0.6510 
 602      602   (0)      4 :  0.2450 0.7550 
 603      603   (0)      4 :  0.2580 0.7420 
 604      604   (0)      4 :  0.1906 0.8094 
 605      605   (0)      4 :  0.1680 0.8320 
 606      606   (0)      4 :  0.0270 0.9730 
 607      607   (0)      4 :  0.3430 0.6570 
 608      608   (0)      4 :  0.3872 0.6128 
 609      609   (0)      4 :  0.1134 0.8866 
 610      610   (0)      4 :  0.3218 0.6782 
 611      611   (0)      4 :  0.2298 0.7702 
 612      612   (0)      4 :  0.2620 0.7380 
 613      613   (0)      4 :  0.3962 0.6038 
 614      614   (0)      4 :  0.2724 0.7276 
 615      615   (0)      4 :  0.1666 0.8334 
 616      616   (0)      4 :  0.0894 0.9106 
 617      617   (0)      4 :  0.2560 0.7440 
 618      618   (0)      4 :  0.2482 0.7518 
 619      619   (0)      4 :  0.1206 0.8794 
 620      620   (0)      4 :  0.1300 0.8700 
 621      621   (0)      4 :  0.2074 0.7926 
 622      622   (0)      4 :  0.1738 0.8262 
 623      623   (0)      4 :  0.4156 0.5844 
 624      624   (0)      4 :  0.3740 0.6260 
 625      625   (0)      4 :  0.1646 0.8354 
 626      626   (0)      4 :  0.1720 0.8280 
 627      627   (0)      4 :  0.1106 0.8894 
 628      628   (0)      4 :  0.4440 0.5560 
 629      629   (0)      4 :  0.2840 0.7160 
 630      630   (0)      4 :  0.1472 0.8528 
 631      631   (0)      4 :  0.3580 0.6420 
 632      632   (0)      4 :  0.1906 0.8094 
 633      633   (0)      4 :  0.1492 0.8508 
 634      634   (0)      4 :  0.3454 0.6546 
 635      635   (0)      4 :  0.1800 0.8200 
 636      636   (0)      4 :  0.4510 0.5490 
 637      637   (0)      4 :  0.1898 0.8102 
 638      638   (0)      4 :  0.4022 0.5978 
 639      639   (0)      4 :  0.0368 0.9632 
 640      640   (0)      4 :  0.1502 0.8498 
 641      641   (0)      4 :  0.0730 0.9270 
 642      642   (0)      4 :  0.0210 0.9790 
 643      643   (0)      4 :  0.2180 0.7820 
 644      644   (0)      4 :  0.3070 0.6930 
 645      645   (0)      4 :  0.1350 0.8650 
 646      646   (0)      4 :  0.2962 0.7038 
 647      647   (0)      4 :  0.2440 0.7560 
 648      648   (0)      4 :  0.2484 0.7516 
 649      649   (0)      4 :  0.2544 0.7456 
 650      650   (0)      4 :  0.1840 0.8160 
 651      651   (0)      4 :  0.1070 0.8930 
 652      652   (0)      4 :  0.2454 0.7546 
 653      653   (0)      4 :  0.3520 0.6480 
 654      654   (0)      4 :  0.5780 0.4220 
 655      655   (0)      4 :  0.2470 0.7530 
 656      656   (0)      4 :  0.2502 0.7498 
 657      657   (0)      4 :  0.3020 0.6980 
 658      658   (0)      4 :  0.1880 0.8120 
 659      659   (0)      4 :  0.2470 0.7530 
 660      660   (0)      4 :  0.1504 0.8496 
 661      661   (0)      4 :  0.1848 0.8152 
 662      662   (0)      4 :  0.2774 0.7226 
 663      663   (0)      4 :  0.3110 0.6890 
 664      664   (0)      4 :  0.3924 0.6076 
 665      665   (0)      4 :  0.2910 0.7090 
 666      666   (0)      4 :  0.1744 0.8256 
 667      667   (0)      4 :  0.3476 0.6524 
 668      668   (0)      4 :  0.3240 0.6760 
 669      669   (0)      4 :  0.2990 0.7010 
 670      670   (0)      4 :  0.1684 0.8316 
 671      671   (0)      4 :  0.3090 0.6910 
 672      672   (0)      4 :  0.2442 0.7558 
 673      673   (0)      4 :  0.1340 0.8660 
 674      674   (0)      4 :  0.2870 0.7130 
 675      675   (0)      4 :  0.1074 0.8926 
 676      676   (0)      4 :  0.2240 0.7760 
 677      677   (0)      4 :  0.2688 0.7312 
 678      678   (0)      4 :  0.1500 0.8500 
 679      679   (0)      4 :  0.3998 0.6002 
 680      680   (0)      4 :  0.3570 0.6430 
 681      681   (0)      4 :  0.1262 0.8738 
 682      682   (0)      4 :  0.3290 0.6710 
 683      683   (0)      4 :  0.3070 0.6930 
 684      684   (0)      4 :  0.1190 0.8810 
 685      685   (0)      4 :  0.1280 0.8720 
 686      686   (0)      4 :  0.0430 0.9570 
 687      687   (0)      4 :  0.0180 0.9820 
 688      688   (0)      4 :  0.0540 0.9460 
 689      689   (0)      4 :  0.3944 0.6056 
 690      690   (0)      4 :  0.1158 0.8842 
 691      691   (0)      4 :  0.3462 0.6538 
 692      692   (0)      4 :  0.1264 0.8736 
 693      693   (0)      4 :  0.2570 0.7430 
 694      694   (0)      4 :  0.3058 0.6942 
 695      695   (0)      4 :  0.3776 0.6224 
 696      696   (0)      4 :  0.2232 0.7768 
 697      697   (0)      4 :  0.1426 0.8574 
 698      698   (0)      4 :  0.3800 0.6200 
 699      699   (0)      4 :  0.2570 0.7430 
 700      700   (0)      4 :  0.2220 0.7780 
 701      701   (5)      5 :  0.3970 0.6030 
 702      702   (0)      5 :  0.6210 0.3790 
 703      703   (0)      5 :  0.4918 0.5082 
 704      704   (5)      5 :  0.5624 0.4376 
 705      705   (5)      5 :  0.5770 0.4230 
 706      706   (0)      5 :  0.6984 0.3016 
 707      707   (0)      6 :  0.4918 0.5082 
 708      708   (0)      6 :  0.4950 0.5050 
 709      709   (0)      6 :  0.5670 0.4330 
 710      710   (0)      6 :  0.4850 0.5150 
 711      711   (0)      6 :  0.4510 0.5490 
 712      712   (0)      6 :  0.5546 0.4454 
 713      713   (0)      6 :  0.5670 0.4330 
 714      714   (0)      6 :  0.4550 0.5450 
 715      715   (0)      6 :  0.4912 0.5088 
 716      716   (0)      6 :  0.4580 0.5420 
 717      717   (0)      6 :  0.5990 0.4010 
 718      718   (0)      6 :  0.4412 0.5588 
 719      719   (0)      6 :  0.5990 0.4010 
 720      720   (0)      6 :  0.5380 0.4620 
 721      721   (0)      6 :  0.5900 0.4100 
 722      722   (0)      6 :  0.3852 0.6148 
 723      723   (0)      6 :  0.6378 0.3622 
 724      724   (0)      6 :  0.4650 0.5350 
 725      725   (0)      6 :  0.4610 0.5390 
 726      726   (0)      6 :  0.4878 0.5122 
 727      727   (0)      6 :  0.4044 0.5956 
 728      728   (0)      6 :  0.4994 0.5006 
 729      729   (0)      6 :  0.5540 0.4460 
 730      730   (0)      6 :  0.4870 0.5130 
 731      731   (0)      6 :  0.5850 0.4150 
 732      732   (0)      6 :  0.5750 0.4250 
 733      733   (0)      6 :  0.4490 0.5510 
 734      734   (0)      6 :  0.5860 0.4140 
 735      735   (0)      6 :  0.4154 0.5846 
 736      736   (0)      6 :  0.5930 0.4070 
 737      737   (0)      6 :  0.3550 0.6450 
 738      738   (0)      6 :  0.4420 0.5580 
 739      739   (0)      6 :  0.4556 0.5444 
 740      740   (0)      6 :  0.5100 0.4900 
 741      741   (0)      6 :  0.5754 0.4246 
 742      742   (0)      6 :  0.5604 0.4396 
 743      743   (0)      6 :  0.4428 0.5572 
 744      744   (0)      6 :  0.4390 0.5610 
 745      745   (0)      6 :  0.5008 0.4992 
 746      746   (0)      6 :  0.5980 0.4020 
 747      747   (0)      6 :  0.6146 0.3854 
 748      748   (0)      6 :  0.3718 0.6282 
 749      749   (0)      6 :  0.5090 0.4910 
 750      750   (0)      6 :  0.5966 0.4034 
 751      751   (0)      6 :  0.2634 0.7366 
 752      752   (0)      6 :  0.4040 0.5960 
 753      753   (0)      6 :  0.6300 0.3700 
 754      754   (0)      6 :  0.4690 0.5310 
 755      755   (0)      6 :  0.2818 0.7182 
 756      756   (0)      6 :  0.6270 0.3730 
 757      757   (0)      6 :  0.5210 0.4790 
 758      758   (0)      6 :  0.5910 0.4090 
 759      759   (0)      6 :  0.3958 0.6042 
 760      760   (0)      6 :  0.3488 0.6512 
 761      761   (0)      6 :  0.5030 0.4970 
 762      762   (0)      6 :  0.4102 0.5898 
 763      763   (0)      6 :  0.5072 0.4928 
 764      764   (0)      6 :  0.5250 0.4750 
 765      765   (0)      6 :  0.5930 0.4070 
 766      766   (0)      6 :  0.4890 0.5110 
 767      767   (0)      6 :  0.4050 0.5950 
 768      768   (0)      6 :  0.6092 0.3908 
 769      769   (0)      6 :  0.6320 0.3680 
 770      770   (0)      6 :  0.4630 0.5370 
 771      771   (0)      6 :  0.5530 0.4470 
 772      772   (0)      6 :  0.4920 0.5080 
 773      773   (0)      6 :  0.5322 0.4678 
 774      774   (0)      6 :  0.4920 0.5080 
 775      775   (0)      6 :  0.4410 0.5590 
 776      776   (0)      6 :  0.4782 0.5218 
 777      777   (0)      6 :  0.5128 0.4872 
 778      778   (0)      6 :  0.5052 0.4948 
 779      779   (0)      6 :  0.6474 0.3526 
 780      780   (0)      6 :  0.3470 0.6530 
 781      781   (0)      6 :  0.4220 0.5780 
 782      782   (0)      6 :  0.5970 0.4030 
 783      783   (0)      6 :  0.4330 0.5670 
 784      784   (0)      6 :  0.3380 0.6620 
 785      785   (0)      6 :  0.5930 0.4070 
 786      786   (0)      6 :  0.5102 0.4898 
 787      787   (0)      6 :  0.4340 0.5660 
 788      788   (0)      6 :  0.6620 0.3380 
 789      789   (0)      6 :  0.4690 0.5310 
 790      790   (0)      6 :  0.5140 0.4860 
 791      791   (0)      6 :  0.6730 0.3270 
 792      792   (0)      6 :  0.3926 0.6074 
 793      793   (0)      6 :  0.4510 0.5490 
 794      794   (0)      6 :  0.5360 0.4640 
 795      795   (0)      6 :  0.3180 0.6820 
 796      796   (0)      6 :  0.6022 0.3978 
 797      797   (0)      6 :  0.4654 0.5346 
 798      798   (0)      6 :  0.5248 0.4752 
 799      799   (0)      6 :  0.5714 0.4286 
 800      800   (0)      6 :  0.6096 0.3904 
 801      801   (0)      6 :  0.6890 0.3110 
 802      802   (0)      6 :  0.5776 0.4224 
 803      803   (0)      6 :  0.4530 0.5470 
 804      804   (0)      6 :  0.4360 0.5640 
 805      805   (0)      6 :  0.4320 0.5680 
 806      806   (0)      6 :  0.5028 0.4972 
 807      807   (0)      7 :  0.8740 0.1260 
 808      808   (0)      7 :  0.7566 0.2434 
 809      809   (0)      8 :  0.7960 0.2040 
 810      810   (0)      8 :  0.8920 0.1080 
 811      811   (0)      8 :  0.7250 0.2750 
 812      812   (0)      8 :  0.5300 0.4700 
 813      813   (0)      8 :  0.9270 0.0730 
 814      814   (0)      8 :  0.7580 0.2420 
 815      815   (0)      8 :  0.8310 0.1690 
 816      816   (0)      8 :  0.7382 0.2618 
 817      817   (0)      8 :  0.8402 0.1598 
 818      818   (0)      8 :  0.8014 0.1986 
 819      819   (0)      8 :  0.6880 0.3120 
 820      820   (0)      8 :  0.8130 0.1870 
 821      821   (0)      8 :  0.9840 0.0160 
 822      822   (0)      8 :  0.8430 0.1570 
 823      823   (0)      8 :  0.8500 0.1500 
 824      824   (0)      8 :  0.8392 0.1608 
 825      825   (0)      8 :  0.7860 0.2140 
 826      826   (0)      8 :  0.7920 0.2080 
 827      827   (0)      8 :  0.7770 0.2230 
 828      828   (0)      8 :  0.9700 0.0300 
 829      829   (0)      8 :  0.7290 0.2710 
 830      830   (0)      8 :  0.8100 0.1900 
 831      831   (0)      8 :  0.6550 0.3450 
 832      832   (0)      8 :  0.6900 0.3100 
 833      833   (0)      8 :  0.8320 0.1680 
 834      834   (0)      8 :  0.9780 0.0220 
 835      835   (0)      8 :  0.9166 0.0834 
 836      836   (0)      8 :  0.6430 0.3570 
 837      837   (0)      8 :  0.7680 0.2320 
 838      838   (0)      8 :  0.7950 0.2050 
 839      839   (0)      8 :  0.8300 0.1700 
 840      840   (0)      8 :  0.8450 0.1550 
 841      841   (0)      8 :  0.7750 0.2250 
 842      842   (0)      8 :  0.9030 0.0970 
 843      843   (0)      8 :  0.8050 0.1950 
 844      844   (0)      8 :  0.9048 0.0952 
 845      845   (0)      8 :  0.9800 0.0200 
 846      846   (0)      8 :  0.7850 0.2150 
 847      847   (0)      8 :  0.7562 0.2438 
 848      848   (0)      8 :  0.8440 0.1560 
 849      849   (0)      8 :  0.9920 0.0080 
 850      850   (0)      8 :  0.8110 0.1890 
 851      851   (0)      8 :  0.7660 0.2340 
 852      852   (0)      8 :  0.9328 0.0672 
 853      853   (0)      8 :  0.7050 0.2950 
 854      854   (0)      8 :  0.8130 0.1870 
 855      855   (0)      8 :  0.8130 0.1870 
 856      856   (0)      8 :  0.7340 0.2660 
 857      857   (0)      8 :  0.6720 0.3280 
 858      858   (0)      8 :  0.8150 0.1850 
 859      859   (0)      8 :  0.7560 0.2440 
 860      860   (0)      8 :  0.6610 0.3390 
 861      861   (0)      8 :  0.8150 0.1850 
 862      862   (0)      8 :  0.9210 0.0790 
 863      863   (0)      8 :  0.8380 0.1620 
 864      864   (0)      8 :  0.9710 0.0290 
 865      865   (0)      8 :  0.7520 0.2480 
 866      866   (0)      8 :  0.9206 0.0794 
 867      867   (0)      8 :  0.9318 0.0682 
 868      868   (0)      8 :  0.5770 0.4230 
 869      869   (0)      8 :  0.5730 0.4270 
 870      870   (0)      8 :  0.8560 0.1440 
 871      871   (0)      8 :  0.5566 0.4434 
 872      872   (0)      8 :  0.7402 0.2598 
 873      873   (0)      8 :  0.6992 0.3008 
 874      874   (0)      8 :  0.7750 0.2250 
 875      875   (0)      8 :  0.7830 0.2170 
 876      876   (0)      8 :  0.6502 0.3498 
 877      877   (0)      8 :  0.8970 0.1030 
 878      878   (0)      8 :  0.7768 0.2232 
 879      879   (0)      8 :  0.7170 0.2830 
 880      880   (0)      8 :  0.9380 0.0620 
 881      881   (0)      8 :  0.6902 0.3098 
 882      882   (0)      8 :  0.7790 0.2210 
 883      883   (0)      8 :  0.6060 0.3940 
 884      884   (0)      8 :  0.7418 0.2582 
 885      885   (0)      8 :  0.5760 0.4240 
 886      886   (0)      8 :  0.9522 0.0478 
 887      887   (0)      8 :  0.6440 0.3560 
 888      888   (0)      8 :  0.8270 0.1730 
 889      889   (0)      8 :  0.8440 0.1560 
 890      890   (0)      8 :  0.7550 0.2450 
 891      891   (0)      8 :  0.6780 0.3220 
 892      892   (0)      8 :  0.8568 0.1432 
 893      893   (0)      8 :  0.8620 0.1380 
 894      894   (0)      8 :  0.6514 0.3486 
 895      895   (0)      8 :  0.7636 0.2364 
 896      896   (0)      8 :  0.8390 0.1610 
 897      897   (0)      8 :  0.7000 0.3000 
 898      898   (0)      8 :  0.9380 0.0620 
 899      899   (0)      8 :  0.7060 0.2940 
 900      900   (0)      8 :  0.6960 0.3040 
 901      901   (0)      8 :  0.6840 0.3160 
 902      902   (0)      8 :  0.6474 0.3526 
 903      903   (0)      8 :  0.7990 0.2010 
 904      904   (0)      8 :  0.6326 0.3674 
 905      905   (0)      8 :  0.8758 0.1242 
 906      906   (0)      8 :  0.7620 0.2380 
 907      907   (0)      8 :  0.8438 0.1562 
 908      908   (0)      8 :  0.8410 0.1590 
 909      909  (10)      9 :  0.9198 0.0802 
 910      910   (5)      9 :  0.9850 0.0150 
 911      911   (5)      9 :  0.5830 0.4170 
 912      912   (5)      9 :  0.9840 0.0160 
 913      913  (10)      9 :  0.7782 0.2218 
 914      914   (5)      9 :  0.5316 0.4684 
 915      915  (10)      9 :  0.8782 0.1218 
 916      916   (0)      9 :  0.8960 0.1040 
 917      917   (0)      9 :  0.9280 0.0720 
 918      918   (0)      9 :  0.9910 0.0090 
 919      919   (0)      9 :  0.9242 0.0758 
 920      920   (0)      9 :  0.8080 0.1920 
 921      921   (0)      9 :  0.9718 0.0282 
 922      922   (0)      9 :  0.8404 0.1596 
 923      923   (0)      9 :  0.8944 0.1056 
 924      924   (0)      9 :  0.8520 0.1480 
 925      925   (0)      9 :  0.8040 0.1960 
 926      926   (0)      9 :  0.5820 0.4180 
 927      927   (0)      9 :  0.9770 0.0230 
 928      928   (5)      9 :  0.9740 0.0260 
 929      929   (0)      9 :  0.8422 0.1578 
 930      930   (0)      9 :  0.7480 0.2520 
 931      931   (5)      9 :  0.9186 0.0814 
 932      932   (5)      9 :  0.9730 0.0270 
 933      933   (0)      9 :  0.7816 0.2184 
 934      934   (0)      9 :  0.9130 0.0870 
 935      935   (0)      9 :  0.9670 0.0330 
 936      936   (0)      9 :  0.9890 0.0110 
 937      937   (0)      9 :  0.9920 0.0080 
 938      938   (0)      9 :  0.9930 0.0070 
 939      939   (0)      9 :  0.9930 0.0070 
 940      940   (0)      9 :  0.9760 0.0240 
 941      941   (0)      9 :  0.8270 0.1730 
 942      942   (0)      9 :  0.8864 0.1136 
 943      943   (0)      9 :  0.9570 0.0430 
 944      944   (0)      9 :  0.9108 0.0892 
 945      945   (0)      9 :  0.7590 0.2410 
 946      946   (0)      9 :  0.9874 0.0126 
 947      947   (0)      9 :  0.8150 0.1850 
 948      948   (0)      9 :  0.8288 0.1712 
 949      949   (0)      9 :  0.9728 0.0272 
 950      950   (0)      9 :  0.9114 0.0886 
 951      951   (0)     10 :  0.8618 0.1382 
 952      952   (0)     10 :  0.5990 0.4010 
 953      953   (0)     10 :  0.7770 0.2230 
 954      954   (0)     10 :  0.9900 0.0100 
 955      955   (0)     10 :  0.9870 0.0130 
 956      956   (0)     10 :  0.8080 0.1920 
 957      957   (0)     10 :  0.7770 0.2230 
 958      958   (0)     10 :  0.9260 0.0740 
 959      959   (0)     10 :  0.6820 0.3180 
 960      960   (0)     10 :  0.9910 0.0090 
 961      961   (0)     10 :  0.9870 0.0130 
 962      962   (0)     10 :  0.9190 0.0810 
 963      963   (0)     10 :  0.9294 0.0706 
 964      964   (0)     10 :  0.8358 0.1642 
 965      965   (0)     10 :  0.9660 0.0340 
 966      966   (0)     10 :  0.9860 0.0140 
 967      967   (0)     10 :  0.8510 0.1490 
 968      968   (0)     10 :  0.9810 0.0190 
 969      969   (0)     10 :  0.9282 0.0718 
 970      970   (0)     10 :  0.9840 0.0160 
 971      971   (0)     10 :  0.9630 0.0370 
 972      972   (0)     10 :  0.9630 0.0370 
 973      973   (0)     10 :  0.9870 0.0130 
 974      974   (0)     10 :  0.9240 0.0760 
 975      975   (0)     10 :  0.7480 0.2520 
 976      976   (0)     10 :  0.9550 0.0450 
 977      977   (0)     10 :  0.9840 0.0160 
 978      978   (0)     10 :  0.8830 0.1170 
 979      979   (0)     10 :  0.8304 0.1696 
 980      980   (0)     10 :  0.9560 0.0440 
 981      981   (0)     10 :  0.9260 0.0740 
 982      982   (0)     10 :  0.7052 0.2948 
 983      983   (0)     10 :  0.9356 0.0644 
 984      984   (0)     10 :  0.9530 0.0470 
 985      985   (0)     10 :  0.8458 0.1542 
 986      986   (0)     10 :  0.8060 0.1940 
 987      987   (0)     10 :  0.7746 0.2254 
 988      988   (0)     10 :  0.7190 0.2810 
 989      989   (0)     10 :  0.9430 0.0570 
 990      990   (0)     10 :  0.8410 0.1590 
 991      991   (0)     10 :  0.8592 0.1408 
 992      992   (0)     10 :  0.9070 0.0930 
 993      993   (0)     10 :  0.9478 0.0522 
 994      994   (0)     10 :  0.9870 0.0130 
 995      995   (0)     10 :  0.9600 0.0400 
 996      996   (0)     10 :  0.9680 0.0320 
 997      997   (0)     10 :  0.9320 0.0680 
 998      998   (0)     10 :  0.9050 0.0950 
 999      999   (0)     10 :  0.8984 0.1016 
1000     1000   (0)     10 :  0.9890 0.0110 
1001     1001   (0)     10 :  0.9220 0.0780 
1002     1002   (0)     10 :  0.9620 0.0380 
1003     1003   (0)     10 :  0.9224 0.0776 
1004     1004   (0)     10 :  0.9494 0.0506 
1005     1005   (0)     10 :  0.8660 0.1340 
1006     1006   (0)     10 :  0.9860 0.0140 
1007     1007   (0)     10 :  0.9810 0.0190 
1008     1008   (0)     10 :  0.9610 0.0390 
1009     1009   (0)     10 :  0.9652 0.0348 
1010     1010   (0)     10 :  0.9620 0.0380 
1011     1011   (0)     10 :  0.8356 0.1644 
1012     1012   (0)     10 :  0.9234 0.0766 
1013     1013   (0)     10 :  0.8150 0.1850 
1014     1014   (0)     10 :  0.9720 0.0280 
1015     1015   (0)     10 :  0.7090 0.2910 
1016     1016   (0)     10 :  0.9900 0.0100 
1017     1017   (0)     10 :  0.9870 0.0130 
1018     1018   (0)     10 :  0.9780 0.0220 
1019     1019   (0)     10 :  0.9740 0.0260 
1020     1020   (0)     10 :  0.9142 0.0858 
1021     1021   (0)     10 :  0.9820 0.0180 
1022     1022   (0)     10 :  0.8884 0.1116 
1023     1023   (0)     10 :  0.7816 0.2184 
1024     1024   (0)     10 :  0.9840 0.0160 
1025     1025   (0)     10 :  0.8278 0.1722 
1026     1026   (0)     10 :  0.9628 0.0372 
1027     1027   (0)     10 :  0.9236 0.0764 
1028     1028   (0)     10 :  0.8600 0.1400 
1029     1029   (0)     10 :  0.9780 0.0220 
1030     1030   (0)     10 :  0.8736 0.1264 
1031     1031   (0)     10 :  0.8280 0.1720 
1032     1032   (0)     10 :  0.7918 0.2082 
1033     1033   (0)     10 :  0.8174 0.1826 
1034     1034   (0)     10 :  0.7460 0.2540 
1035     1035   (0)     10 :  0.9910 0.0090 
1036     1036   (0)     10 :  0.9560 0.0440 
1037     1037   (0)     10 :  0.9790 0.0210 
1038     1038   (0)     10 :  0.7846 0.2154 
1039     1039   (0)     10 :  0.9144 0.0856 
1040     1040   (0)     10 :  0.9700 0.0300 
1041     1041   (0)     10 :  0.8780 0.1220 
1042     1042   (0)     10 :  0.9860 0.0140 
1043     1043   (0)     10 :  0.9810 0.0190 
1044     1044   (0)     10 :  0.8510 0.1490 
1045     1045   (0)     10 :  0.7318 0.2682 
1046     1046   (0)     10 :  0.6380 0.3620 
1047     1047   (0)     10 :  0.9550 0.0450 
1048     1048   (0)     10 :  0.9278 0.0722 
1049     1049   (0)     10 :  0.9910 0.0090 
1050     1050   (0)     10 :  0.9850 0.0150 
1051     1051   (0)     11 :  0.9460 0.0540 
1052     1052  (10)     11 :  0.9850 0.0150 
1053     1053  (10)     11 :  0.9820 0.0180 
1054     1054   (5)     11 :  0.9930 0.0070 
1055     1055   (5)     11 :  0.9910 0.0090 
1056     1056   (0)     11 :  0.9930 0.0070 
1057     1057   (5)     11 :  0.9910 0.0090 
1058     1058   (5)     11 :  0.9890 0.0110 
1059     1059   (0)     11 :  0.9940 0.0060 
1060     1060   (0)     11 :  0.9930 0.0070 
1061     1061   (0)     11 :  0.9930 0.0070 
1062     1062   (0)     11 :  0.9930 0.0070 
1063     1063   (0)     11 :  0.9920 0.0080 
1064     1064   (5)     11 :  0.9930 0.0070 
1065     1065   (5)     11 :  0.9674 0.0326 
1066     1066  (10)     11 :  0.9820 0.0180 
1067     1067   (0)     11 :  0.9930 0.0070 
1068     1068   (5)     11 :  0.9730 0.0270 
1069     1069   (5)     11 :  0.9890 0.0110 
1070     1070   (0)     11 :  0.9940 0.0060 
1071     1071   (5)     11 :  0.9910 0.0090 
1072     1072   (0)     11 :  0.9880 0.0120 
1073     1073   (5)     11 :  0.9940 0.0060 
1074     1074   (0)     11 :  0.9930 0.0070 
1075     1075   (0)     11 :  0.9880 0.0120 
1076     1076   (0)     11 :  0.9790 0.0210 
1077     1077   (0)     11 :  0.9922 0.0078 
1078     1078   (0)     11 :  0.9910 0.0090 
1079     1079   (0)     11 :  0.9870 0.0130 
1080     1080   (0)     11 :  0.9768 0.0232 
1081     1081   (0)     11 :  0.9820 0.0180 
1082     1082   (0)     11 :  0.9766 0.0234 
1083     1083   (0)     11 :  0.9920 0.0080 
1084     1084   (0)     11 :  0.9860 0.0140 
1085     1085   (0)     11 :  0.9832 0.0168 
1086     1086   (0)     11 :  0.9940 0.0060 
1087     1087   (0)     11 :  0.9828 0.0172 
1088     1088   (0)     11 :  0.9930 0.0070 
1089     1089   (5)     11 :  0.9900 0.0100 
1090     1090   (5)     11 :  0.9900 0.0100 
1091     1091   (0)     11 :  0.9890 0.0110 
1092     1092  (15)     11 :  0.9830 0.0170 
1093     1093  (10)     11 :  0.9940 0.0060 
1094     1094  (10)     11 :  0.9910 0.0090 
1095     1095  (10)     11 :  0.9880 0.0120 
1096     1096   (5)     11 :  0.9860 0.0140 
1097     1097   (5)     11 :  0.9930 0.0070 
1098     1098   (5)     11 :  0.9916 0.0084 
1099     1099   (5)     11 :  0.9920 0.0080 
1100     1100   (5)     11 :  0.9830 0.0170 
1101     1101   (5)     11 :  0.9890 0.0110 
1102     1102  (15)     11 :  0.9670 0.0330 
1103     1103   (5)     11 :  0.9758 0.0242 
1104     1104   (5)     11 :  0.9940 0.0060 
1105     1105  (15)     11 :  0.9890 0.0110 
1106     1106   (5)     11 :  0.9488 0.0512 
1107     1107   (5)     11 :  0.9650 0.0350 
1108     1108   (5)     11 :  0.9900 0.0100 
1109     1109   (5)     11 :  0.9930 0.0070 
1110     1110  (10)     11 :  0.9872 0.0128 
1111     1111   (5)     11 :  0.9910 0.0090 
1112     1112   (5)     11 :  0.9870 0.0130 
1113     1113  (10)     11 :  0.9910 0.0090 
1114     1114  (10)     11 :  0.9900 0.0100 
1115     1115  (10)     11 :  0.9660 0.0340 
1116     1116  (10)     11 :  0.9620 0.0380 
1117     1117   (5)     11 :  0.9920 0.0080 
1118     1118  (10)     11 :  0.9860 0.0140 
1119     1119   (0)     11 :  0.9940 0.0060 
1120     1120   (5)     11 :  0.9920 0.0080 
1121     1121   (0)     11 :  0.9940 0.0060 
1122     1122   (0)     11 :  0.9940 0.0060 
1123     1123   (0)     11 :  0.9910 0.0090 
1124     1124   (0)     11 :  0.9780 0.0220 
1125     1125   (0)     11 :  0.9930 0.0070 
1126     1126   (0)     11 :  0.9440 0.0560 
1127     1127   (0)     11 :  0.9890 0.0110 
1128     1128  (10)     11 :  0.9900 0.0100 
1129     1129  (10)     11 :  0.7226 0.2774 
1130     1130   (0)     11 :  0.9750 0.0250 
1131     1131   (5)     11 :  0.9150 0.0850 
1132     1132   (0)     11 :  0.9850 0.0150 
1133     1133   (5)     11 :  0.9640 0.0360 
1134     1134   (5)     11 :  0.9930 0.0070 
1135     1135   (5)     11 :  0.9880 0.0120 
1136     1136  (10)     11 :  0.9930 0.0070 
1137     1137   (0)     11 :  0.9930 0.0070 
1138     1138   (0)     11 :  0.9910 0.0090 
1139     1139   (0)     11 :  0.8252 0.1748 
1140     1140   (0)     11 :  0.9920 0.0080 
1141     1141   (0)     11 :  0.9860 0.0140 
1142     1142   (0)     11 :  0.9930 0.0070 
1143     1143   (0)     11 :  0.9930 0.0070 
1144     1144   (0)     11 :  0.9866 0.0134 
1145     1145   (0)     11 :  0.9920 0.0080 
1146     1146   (0)     11 :  0.9890 0.0110 
1147     1147   (0)     11 :  0.9890 0.0110 
1148     1148   (0)     11 :  0.8810 0.1190 
1149     1149   (0)     11 :  0.9430 0.0570 
1150     1150   (0)     11 :  0.9662 0.0338 
1151     1151   (0)     11 :  0.9906 0.0094 
1152     1152   (0)     11 :  0.9616 0.0384 
1153     1153   (0)     11 :  0.9930 0.0070 
1154     1154   (5)     11 :  0.9870 0.0130 
1155     1155   (0)     11 :  0.9900 0.0100 
1156     1156   (5)     11 :  0.6528 0.3472 
1157     1157   (0)     11 :  0.9910 0.0090 
1158     1158   (0)     11 :  0.9350 0.0650 
1159     1159   (0)     11 :  0.9860 0.0140 
1160     1160   (0)     11 :  0.9850 0.0150 
1161     1161   (0)     11 :  0.9920 0.0080 
1162     1162   (0)     11 :  0.9920 0.0080 
1163     1163   (0)     11 :  0.9600 0.0400 
1164     1164   (0)     11 :  0.9940 0.0060 
1165     1165   (0)     11 :  0.9890 0.0110 
1166     1166   (0)     11 :  0.9930 0.0070 
1167     1167   (0)     11 :  0.8956 0.1044 
1168     1168   (0)     11 :  0.9930 0.0070 
1169     1169   (0)     11 :  0.9800 0.0200 
1170     1170   (5)     11 :  0.9910 0.0090 
1171     1171   (0)     11 :  0.9820 0.0180 
1172     1172   (0)     11 :  0.9880 0.0120 
1173     1173   (0)     11 :  0.9850 0.0150 
1174     1174  (10)     11 :  0.9920 0.0080 
1175     1175   (0)     11 :  0.9920 0.0080 
1176     1176   (0)     11 :  0.9920 0.0080 
1177     1177   (0)     11 :  0.9820 0.0180 
1178     1178  (10)     11 :  0.9850 0.0150 
1179     1179   (5)     11 :  0.9930 0.0070 
1180     1180   (0)     11 :  0.9910 0.0090 
1181     1181   (5)     11 :  0.9910 0.0090 
1182     1182   (5)     11 :  0.9940 0.0060 
1183     1183  (10)     11 :  0.9860 0.0140 
1184     1184   (0)     11 :  0.9930 0.0070 
1185     1185   (5)     11 :  0.9870 0.0130 
1186     1186  (10)     11 :  0.9920 0.0080 
1187     1187   (0)     11 :  0.9490 0.0510 
1188     1188   (0)     11 :  0.9500 0.0500 
1189     1189   (0)     11 :  0.9920 0.0080 
1190     1190   (0)     11 :  0.9880 0.0120 
1191     1191   (0)     11 :  0.9930 0.0070 
1192     1192   (0)     11 :  0.9840 0.0160 
1193     1193   (0)     11 :  0.9930 0.0070 
1194     1194   (0)     11 :  0.9920 0.0080 
1195     1195   (0)     11 :  0.9926 0.0074 
1196     1196   (5)     11 :  0.9840 0.0160 
1197     1197   (0)     11 :  0.9940 0.0060 
1198     1198   (0)     11 :  0.9910 0.0090 
1199     1199   (0)     11 :  0.9920 0.0080 
1200     1200   (5)     11 :  0.9790 0.0210 
1201     1201   (0)     11 :  0.9900 0.0100 
1202     1202   (0)     11 :  0.9720 0.0280 
1203     1203   (0)     11 :  0.9920 0.0080 
1204     1204   (0)     11 :  0.9920 0.0080 
1205     1205   (0)     11 :  0.9920 0.0080 
1206     1206   (0)     11 :  0.9880 0.0120 
1207     1207   (0)     11 :  0.9690 0.0310 
1208     1208   (0)     11 :  0.9920 0.0080 
1209     1209   (0)     11 :  0.9920 0.0080 
1210     1210   (0)     11 :  0.9830 0.0170 
1211     1211   (0)     11 :  0.9920 0.0080 
1212     1212   (0)     11 :  0.9940 0.0060 
1213     1213   (0)     11 :  0.9910 0.0090 
1214     1214   (0)     11 :  0.9930 0.0070 
1215     1215   (0)     11 :  0.9940 0.0060 
1216     1216   (0)     11 :  0.9930 0.0070 
1217     1217   (0)     11 :  0.9930 0.0070 
1218     1218   (0)     11 :  0.9860 0.0140 
1219     1219   (0)     11 :  0.9890 0.0110 
1220     1220   (0)     11 :  0.9930 0.0070 
1221     1221  (10)     11 :  0.9820 0.0180 
1222     1222   (5)     11 :  0.9910 0.0090 
1223     1223  (10)     11 :  0.9890 0.0110 
1224     1224   (5)     11 :  0.8562 0.1438 
1225     1225  (10)     11 :  0.9920 0.0080 
1226     1226  (10)     11 :  0.9910 0.0090 
1227     1227   (0)     11 :  0.9870 0.0130 
1228     1228   (5)     11 :  0.9600 0.0400 
1229     1229   (5)     11 :  0.9640 0.0360 
1230     1230  (10)     11 :  0.9880 0.0120 
1231     1231   (0)     11 :  0.9920 0.0080 
1232     1232   (0)     11 :  0.9880 0.0120 
1233     1233   (0)     11 :  0.9900 0.0100 
1234     1234   (0)     11 :  0.9880 0.0120 
1235     1235   (0)     11 :  0.9690 0.0310 
1236     1236   (0)     11 :  0.8736 0.1264 
1237     1237   (0)     11 :  0.8860 0.1140 
1238     1238   (0)     11 :  0.9920 0.0080 
1239     1239   (0)     11 :  0.9930 0.0070 
1240     1240   (5)     11 :  0.8766 0.1234 
1241     1241   (0)     11 :  0.8460 0.1540 
1242     1242   (0)     11 :  0.9930 0.0070 
1243     1243  (10)     11 :  0.9730 0.0270 
1244     1244   (5)     11 :  0.9882 0.0118 
1245     1245   (0)     11 :  0.9940 0.0060 
1246     1246   (5)     11 :  0.9242 0.0758 
1247     1247   (5)     11 :  0.9880 0.0120 
1248     1248   (0)     11 :  0.9920 0.0080 
1249     1249   (0)     11 :  0.9690 0.0310 
1250     1250   (0)     11 :  0.9884 0.0116 
1251     1251   (0)     11 :  0.9530 0.0470 
1252     1252   (0)     11 :  0.9930 0.0070 
1253     1253   (0)     11 :  0.9850 0.0150 
1254     1254   (0)     11 :  0.9930 0.0070 
1255     1255   (0)     11 :  0.9940 0.0060 
1256     1256   (0)     11 :  0.9940 0.0060 
1257     1257   (0)     11 :  0.9910 0.0090 
1258     1258   (0)     11 :  0.9770 0.0230 
1259     1259   (0)     11 :  0.9910 0.0090 
1260     1260   (0)     11 :  0.9910 0.0090 
1261     1261   (0)     11 :  0.9900 0.0100 
1262     1262   (0)     11 :  0.9910 0.0090 
1263     1263   (0)     11 :  0.9860 0.0140 
1264     1264   (0)     11 :  0.9910 0.0090 
1265     1265   (0)     11 :  0.9920 0.0080 
1266     1266   (0)     11 :  0.9920 0.0080 
1267     1267   (0)     11 :  0.9930 0.0070 
1268     1268   (0)     11 :  0.9940 0.0060 
1269     1269   (0)     11 :  0.9930 0.0070 
1270     1270   (0)     11 :  0.9930 0.0070 
1271     1271   (0)     11 :  0.9836 0.0164 
1272     1272   (0)     11 :  0.9780 0.0220 
1273     1273   (0)     11 :  0.9930 0.0070 
1274     1274   (0)     11 :  0.9570 0.0430 
1275     1275   (0)     11 :  0.9930 0.0070 
1276     1276   (0)     11 :  0.9920 0.0080 
1277     1277   (0)     11 :  0.9920 0.0080 
1278     1278   (0)     11 :  0.9830 0.0170 
1279     1279   (0)     11 :  0.9750 0.0250 
1280     1280   (0)     11 :  0.9930 0.0070 
1281     1281   (0)     11 :  0.9860 0.0140 
1282     1282   (0)     11 :  0.9920 0.0080 
1283     1283   (0)     11 :  0.9660 0.0340 
1284     1284   (0)     11 :  0.9910 0.0090 
1285     1285   (0)     11 :  0.9910 0.0090 
1286     1286   (0)     11 :  0.9900 0.0100 
1287     1287   (0)     11 :  0.9910 0.0090 
1288     1288   (0)     11 :  0.9930 0.0070 
1289     1289   (0)     11 :  0.9930 0.0070 
1290     1290   (0)     11 :  0.9930 0.0070 
1291     1291   (0)     12 :  0.9730 0.0270 
1292     1292   (0)     12 :  0.9910 0.0090 
1293     1293   (0)     12 :  0.9890 0.0110 
1294     1294   (0)     12 :  0.9928 0.0072 
1295     1295   (0)     12 :  0.9620 0.0380 
1296     1296   (0)     12 :  0.9860 0.0140 
1297     1297   (0)     12 :  0.9900 0.0100 
1298     1298   (0)     12 :  0.9890 0.0110 
1299     1299   (0)     12 :  0.9750 0.0250 
1300     1300   (0)     12 :  0.9930 0.0070 
1301     1301   (0)     12 :  0.9900 0.0100 
1302     1302   (0)     12 :  0.9900 0.0100 
1303     1303   (0)     12 :  0.9930 0.0070 
1304     1304   (0)     12 :  0.9920 0.0080 
1305     1305   (0)     12 :  0.9900 0.0100 
1306     1306   (0)     12 :  0.9940 0.0060 
1307     1307   (0)     12 :  0.9680 0.0320 
1308     1308   (0)     12 :  0.9900 0.0100 
1309     1309   (0)     12 :  0.9930 0.0070 
1310     1310   (0)     12 :  0.9910 0.0090 
1311     1311   (0)     12 :  0.9900 0.0100 
1312     1312   (0)     12 :  0.9920 0.0080 
1313     1313   (0)     12 :  0.9790 0.0210 
1314     1314   (0)     12 :  0.9750 0.0250 
1315     1315   (0)     12 :  0.9870 0.0130 
1316     1316   (0)     12 :  0.9940 0.0060 
1317     1317   (0)     12 :  0.9920 0.0080 
1318     1318   (0)     12 :  0.9910 0.0090 
1319     1319   (0)     12 :  0.9910 0.0090 
1320     1320   (0)     12 :  0.9890 0.0110 
1321     1321   (0)     12 :  0.9900 0.0100 
1322     1322   (0)     12 :  0.9920 0.0080 
1323     1323   (0)     12 :  0.9450 0.0550 
1324     1324   (0)     12 :  0.9798 0.0202 
1325     1325   (0)     12 :  0.9942 0.0058 
1326     1326   (0)     12 :  0.9766 0.0234 
1327     1327   (0)     12 :  0.8934 0.1066 
1328     1328   (0)     12 :  0.9610 0.0390 
1329     1329   (0)     12 :  0.9810 0.0190 
1330     1330   (0)     12 :  0.9930 0.0070 
1331     1331   (0)     12 :  0.9918 0.0082 
1332     1332   (0)     12 :  0.9920 0.0080 
1333     1333   (0)     12 :  0.9920 0.0080 
1334     1334   (0)     12 :  0.9940 0.0060 
1335     1335   (0)     12 :  0.9870 0.0130 
1336     1336   (0)     12 :  0.9880 0.0120 
1337     1337   (0)     12 :  0.9910 0.0090 
1338     1338   (0)     12 :  0.9930 0.0070 
1339     1339   (0)     12 :  0.9880 0.0120 
1340     1340   (0)     12 :  0.9470 0.0530 
1341     1341   (0)     12 :  0.9890 0.0110 
1342     1342   (0)     12 :  0.9900 0.0100 
1343     1343   (0)     12 :  0.9870 0.0130 
1344     1344   (0)     12 :  0.9924 0.0076 
1345     1345   (0)     12 :  0.9820 0.0180 
1346     1346   (0)     12 :  0.9910 0.0090 
1347     1347   (0)     12 :  0.9930 0.0070 
1348     1348   (0)     12 :  0.9930 0.0070 
1349     1349   (0)     12 :  0.9890 0.0110 
1350     1350   (0)     12 :  0.9860 0.0140 
1351     1351   (0)     12 :  0.9940 0.0060 
1352     1352   (0)     12 :  0.9754 0.0246 
1353     1353   (0)     12 :  0.9724 0.0276 
1354     1354   (0)     12 :  0.9910 0.0090 
1355     1355   (0)     12 :  0.9558 0.0442 
1356     1356   (0)     12 :  0.9880 0.0120 
1357     1357   (0)     12 :  0.9890 0.0110 
1358     1358   (0)     12 :  0.9820 0.0180 
1359     1359   (0)     12 :  0.9920 0.0080 
1360     1360   (0)     12 :  0.9790 0.0210 
1361     1361   (0)     12 :  0.9920 0.0080 
1362     1362   (0)     12 :  0.9930 0.0070 
1363     1363   (0)     12 :  0.9930 0.0070 
1364     1364   (0)     12 :  0.9692 0.0308 
1365     1365   (0)     12 :  0.8824 0.1176 
1366     1366   (0)     12 :  0.9810 0.0190 
1367     1367   (0)     12 :  0.9940 0.0060 
1368     1368   (0)     12 :  0.9900 0.0100 
1369     1369   (0)     12 :  0.9850 0.0150 
1370     1370   (0)     12 :  0.9930 0.0070 
1371     1371   (0)     12 :  0.9940 0.0060 
1372     1372   (0)     12 :  0.9850 0.0150 
1373     1373   (0)     12 :  0.9910 0.0090 
1374     1374   (0)     12 :  0.9890 0.0110 
1375     1375   (0)     12 :  0.9900 0.0100 
1376     1376   (0)     12 :  0.9910 0.0090 
1377     1377   (0)     12 :  0.9910 0.0090 
1378     1378   (0)     12 :  0.9924 0.0076 
1379     1379   (0)     12 :  0.9830 0.0170 
1380     1380   (0)     12 :  0.9910 0.0090 
1381     1381   (0)     12 :  0.9870 0.0130 
1382     1382   (0)     12 :  0.9930 0.0070 
1383     1383   (0)     12 :  0.9910 0.0090 
1384     1384   (0)     12 :  0.9900 0.0100 
1385     1385   (0)     12 :  0.9930 0.0070 
1386     1386   (0)     12 :  0.9928 0.0072 
1387     1387   (0)     12 :  0.9910 0.0090 
1388     1388   (0)     12 :  0.9820 0.0180 
1389     1389   (0)     12 :  0.9920 0.0080 
1390     1390   (0)     12 :  0.9930 0.0070 
1391     1391   (0)     12 :  0.9810 0.0190 
1392     1392   (0)     12 :  0.9890 0.0110 
1393     1393   (0)     12 :  0.9930 0.0070 
1394     1394   (0)     12 :  0.9548 0.0452 
1395     1395   (0)     12 :  0.9910 0.0090 
1396     1396   (0)     12 :  0.9910 0.0090 
1397     1397   (0)     12 :  0.9940 0.0060 
1398     1398   (0)     12 :  0.9890 0.0110 
1399     1399   (0)     12 :  0.9910 0.0090 
1400     1400   (0)     12 :  0.9860 0.0140 
1401     1401   (0)     12 :  0.9830 0.0170 
1402     1402   (0)     12 :  0.9870 0.0130 
1403     1403   (0)     12 :  0.9910 0.0090 
1404     1404   (0)     12 :  0.9910 0.0090 
1405     1405   (0)     12 :  0.9820 0.0180 
1406     1406   (0)     12 :  0.9920 0.0080 
1407     1407   (0)     12 :  0.9660 0.0340 
1408     1408   (0)     12 :  0.9920 0.0080 
1409     1409   (0)     12 :  0.9868 0.0132 
1410     1410   (0)     12 :  0.9920 0.0080 
1411     1411   (0)     12 :  0.9950 0.0050 
1412     1412   (0)     12 :  0.9870 0.0130 
1413     1413   (0)     12 :  0.9810 0.0190 
1414     1414   (0)     12 :  0.9930 0.0070 
1415     1415   (0)     12 :  0.9900 0.0100 
1416     1416   (0)     12 :  0.9890 0.0110 
1417     1417   (0)     12 :  0.9940 0.0060 
1418     1418   (0)     12 :  0.9940 0.0060 
1419     1419   (0)     12 :  0.9930 0.0070 
1420     1420   (0)     12 :  0.9860 0.0140 
1421     1421   (0)     12 :  0.9840 0.0160 
1422     1422   (0)     12 :  0.9900 0.0100 
1423     1423   (0)     12 :  0.9900 0.0100 
1424     1424   (0)     12 :  0.9900 0.0100 
1425     1425   (0)     12 :  0.9920 0.0080 
1426     1426   (0)     12 :  0.9840 0.0160 
1427     1427   (0)     12 :  0.9420 0.0580 
1428     1428   (0)     12 :  0.9830 0.0170 
1429     1429   (0)     12 :  0.9940 0.0060 
1430     1430   (0)     12 :  0.9882 0.0118 
1431     1431   (0)     12 :  0.9930 0.0070 
1432     1432   (0)     12 :  0.9880 0.0120 
1433     1433   (0)     12 :  0.9860 0.0140 
1434     1434   (0)     12 :  0.9900 0.0100 
1435     1435   (0)     12 :  0.9800 0.0200 
1436     1436   (0)     12 :  0.9950 0.0050 
1437     1437   (0)     12 :  0.9820 0.0180 
1438     1438   (0)     12 :  0.9850 0.0150 
1439     1439   (0)     12 :  0.9900 0.0100 
1440     1440   (0)     12 :  0.9920 0.0080 
1441     1441   (0)     12 :  0.9900 0.0100 
1442     1442   (0)     12 :  0.9850 0.0150 
1443     1443   (0)     12 :  0.9870 0.0130 
1444     1444   (0)     12 :  0.9572 0.0428 
1445     1445   (0)     12 :  0.9012 0.0988 
1446     1446   (0)     12 :  0.9890 0.0110 
1447     1447   (0)     12 :  0.9922 0.0078 
1448     1448   (0)     12 :  0.9940 0.0060 
1449     1449   (0)     12 :  0.9920 0.0080 
1450     1450   (0)     12 :  0.9950 0.0050 
1451     1451   (0)     12 :  0.9920 0.0080 
1452     1452   (0)     12 :  0.9730 0.0270 
1453     1453   (0)     12 :  0.9890 0.0110 
1454     1454   (0)     12 :  0.9900 0.0100 
1455     1455   (0)     12 :  0.9910 0.0090 
1456     1456   (0)     12 :  0.9910 0.0090 
1457     1457   (0)     12 :  0.9910 0.0090 
1458     1458   (0)     12 :  0.9900 0.0100 
1459     1459   (0)     12 :  0.9930 0.0070 
1460     1460   (0)     12 :  0.9940 0.0060 
1461     1461   (0)     12 :  0.9820 0.0180 
1462     1462   (0)     12 :  0.9920 0.0080 
1463     1463   (0)     12 :  0.9850 0.0150 
1464     1464   (0)     12 :  0.9890 0.0110 
1465     1465   (0)     12 :  0.9910 0.0090 
1466     1466   (0)     12 :  0.9930 0.0070 
1467     1467   (0)     12 :  0.9910 0.0090 
1468     1468   (0)     12 :  0.9630 0.0370 
1469     1469   (0)     12 :  0.9880 0.0120 
1470     1470   (0)     12 :  0.9890 0.0110 
1471     1471   (0)     12 :  0.9900 0.0100 
1472     1472   (0)     12 :  0.9880 0.0120 
1473     1473   (0)     12 :  0.9870 0.0130 
1474     1474   (0)     12 :  0.9768 0.0232 
1475     1475   (0)     12 :  0.9900 0.0100 
1476     1476   (0)     12 :  0.9910 0.0090 
1477     1477   (0)     12 :  0.9142 0.0858 
1478     1478   (0)     12 :  0.9930 0.0070 
1479     1479   (0)     12 :  0.9940 0.0060 
1480     1480   (0)     12 :  0.9940 0.0060 
1481     1481   (0)     12 :  0.9940 0.0060 
1482     1482   (0)     12 :  0.9870 0.0130 
1483     1483   (0)     12 :  0.9910 0.0090 
1484     1484   (0)     12 :  0.9910 0.0090 
1485     1485   (0)     12 :  0.9850 0.0150 
1486     1486   (0)     12 :  0.9920 0.0080 
1487     1487   (0)     12 :  0.9930 0.0070 
1488     1488   (0)     12 :  0.9920 0.0080 
1489     1489   (0)     12 :  0.9830 0.0170 
1490     1490   (0)     12 :  0.9920 0.0080 
1491     1491   (0)     12 :  0.9920 0.0080 
1492     1492   (0)     12 :  0.9870 0.0130 
1493     1493   (0)     12 :  0.9900 0.0100 
1494     1494   (0)     12 :  0.9930 0.0070 
1495     1495   (0)     12 :  0.9770 0.0230 
1496     1496   (0)     12 :  0.9930 0.0070 
1497     1497   (0)     12 :  0.9920 0.0080 
1498     1498   (0)     12 :  0.9892 0.0108 
1499     1499   (0)     12 :  0.9880 0.0120 
1500     1500   (0)     12 :  0.9940 0.0060 
1501     1501   (0)     12 :  0.9940 0.0060 
1502     1502   (0)     12 :  0.9890 0.0110 
1503     1503   (0)     12 :  0.9940 0.0060 
1504     1504   (0)     12 :  0.9900 0.0100 
1505     1505   (0)     12 :  0.9940 0.0060 
1506     1506   (0)     12 :  0.9950 0.0050 
1507     1507   (0)     12 :  0.9930 0.0070 
1508     1508   (0)     12 :  0.9900 0.0100 
1509     1509   (0)     12 :  0.9860 0.0140 
1510     1510   (0)     12 :  0.9900 0.0100 
1511     1511   (0)     12 :  0.9820 0.0180 
1512     1512   (0)     12 :  0.9870 0.0130 
1513     1513   (0)     12 :  0.9880 0.0120 
1514     1514   (0)     12 :  0.9872 0.0128 
1515     1515   (0)     12 :  0.9910 0.0090 
1516     1516   (0)     12 :  0.9860 0.0140 
1517     1517   (0)     12 :  0.9940 0.0060 
1518     1518   (0)     12 :  0.9910 0.0090 
1519     1519   (0)     12 :  0.9910 0.0090 
1520     1520   (0)     12 :  0.9900 0.0100 
1521     1521   (0)     12 :  0.9920 0.0080 
1522     1522   (0)     12 :  0.9890 0.0110 
1523     1523   (0)     12 :  0.9910 0.0090 
1524     1524   (0)     12 :  0.9874 0.0126 
1525     1525   (0)     12 :  0.9880 0.0120 
1526     1526   (0)     12 :  0.9910 0.0090 
1527     1527   (0)     12 :  0.9930 0.0070 
1528     1528   (0)     12 :  0.9900 0.0100 
1529     1529   (0)     12 :  0.9850 0.0150 
1530     1530   (0)     12 :  0.9910 0.0090 
1531     1531   (0)     12 :  0.9880 0.0120 
1532     1532   (0)     12 :  0.9910 0.0090 
1533     1533   (0)     12 :  0.9880 0.0120 
1534     1534   (0)     12 :  0.9900 0.0100 
1535     1535   (0)     12 :  0.9900 0.0100 
1536     1536   (0)     12 :  0.9930 0.0070 
1537     1537   (0)     12 :  0.9870 0.0130 
1538     1538   (0)     12 :  0.9920 0.0080 
1539     1539   (0)     12 :  0.9940 0.0060 
1540     1540   (0)     12 :  0.9900 0.0100 
1541     1541   (0)     12 :  0.9920 0.0080 
1542     1542   (0)     12 :  0.9870 0.0130 
1543     1543   (0)     12 :  0.9910 0.0090 
1544     1544   (0)     12 :  0.9910 0.0090 
1545     1545   (0)     12 :  0.9910 0.0090 
1546     1546   (0)     12 :  0.9600 0.0400 
1547     1547   (0)     12 :  0.9890 0.0110 
1548     1548   (0)     12 :  0.9940 0.0060 
1549     1549   (0)     12 :  0.9910 0.0090 
1550     1550   (0)     12 :  0.9910 0.0090 
