1        1   (5)      1  : 0.9850 0.0150
2        2   (5)      1  : 0.9700 0.0300
3        3   (5)      1  : 0.9900 0.0100
4        4   (0)      1  : 0.9930 0.0070
5        5   (0)      1  : 0.9632 0.0368
6        6   (0)      1  : 0.9870 0.0130
7        7   (0)      1  : 0.9210 0.0790
8        8   (5)      1  : 0.9920 0.0080
9        9   (0)      1  : 0.9920 0.0080
10       10   (0)      1  : 0.9690 0.0310
11       11   (0)      1  : 0.9810 0.0190
12       12   (0)      1  : 0.9816 0.0184
13       13   (0)      1  : 0.9900 0.0100
14       14   (0)      1  : 0.9860 0.0140
15       15   (0)      1  : 0.9900 0.0100
16       16   (0)      1  : 0.9930 0.0070
17       17   (0)      1  : 0.9920 0.0080
18       18   (0)      1  : 0.9800 0.0200
19       19   (0)      1  : 0.9920 0.0080
20       20   (0)      1  : 0.9660 0.0340
21       21   (0)      1  : 0.9920 0.0080
22       22   (0)      1  : 0.9930 0.0070
23       23   (0)      1  : 0.9930 0.0070
24       24   (0)      1  : 0.9910 0.0090
25       25   (0)      1  : 0.9690 0.0310
26       26   (0)      1  : 0.9890 0.0110
27       27   (5)      1  : 0.9490 0.0510
28       28   (0)      1  : 0.9870 0.0130
29       29   (0)      1  : 0.9920 0.0080
30       30   (0)      1  : 0.9474 0.0526
31       31   (0)      1  : 0.9910 0.0090
32       32   (0)      1  : 0.9860 0.0140
33       33   (0)      1  : 0.9930 0.0070
34       34   (0)      1  : 0.9930 0.0070
35       35   (0)      1  : 0.9730 0.0270
36       36   (0)      1  : 0.9810 0.0190
37       37   (0)      1  : 0.9810 0.0190
38       38   (0)      1  : 0.9888 0.0112
39       39   (0)      1  : 0.9592 0.0408
40       40   (0)      1  : 0.9880 0.0120
41       41   (0)      1  : 0.9880 0.0120
42       42   (0)      1  : 0.9930 0.0070
43       43   (0)      1  : 0.9870 0.0130
44       44   (0)      1  : 0.9930 0.0070
45       45   (5)      1  : 0.9810 0.0190
46       46   (0)      1  : 0.9920 0.0080
47       47   (0)      1  : 0.9830 0.0170
48       48   (0)      1  : 0.9840 0.0160
49       49   (0)      1  : 0.9870 0.0130
50       50   (0)      1  : 0.9870 0.0130
51       51   (0)      1  : 0.9850 0.0150
52       52   (0)      1  : 0.9660 0.0340
53       53   (0)      1  : 0.9886 0.0114
54       54   (0)      1  : 0.9830 0.0170
55       55   (0)      1  : 0.9860 0.0140
56       56   (0)      1  : 0.9910 0.0090
57       57  (10)      1  : 0.9900 0.0100
58       58   (5)      1  : 0.9830 0.0170
59       59   (0)      1  : 0.9870 0.0130
60       60   (0)      1  : 0.9900 0.0100
61       61   (0)      1  : 0.9860 0.0140
62       62   (0)      1  : 0.9820 0.0180
63       63   (0)      1  : 0.9792 0.0208
64       64   (0)      1  : 0.9870 0.0130
65       65   (0)      1  : 0.9710 0.0290
66       66   (0)      1  : 0.9910 0.0090
67       67   (5)      1  : 0.9870 0.0130
68       68   (0)      1  : 0.9752 0.0248
69       69   (0)      1  : 0.9790 0.0210
70       70   (0)      1  : 0.9830 0.0170
71       71   (5)      1  : 0.9830 0.0170
72       72   (0)      1  : 0.9840 0.0160
73       73   (5)      1  : 0.9880 0.0120
74       74  (10)      1  : 0.9840 0.0160
75       75  (10)      1  : 0.9880 0.0120
76       76   (0)      1  : 0.9910 0.0090
77       77  (10)      1  : 0.9900 0.0100
78       78   (0)      1  : 0.9850 0.0150
79       79   (5)      1  : 0.9760 0.0240
80       80   (0)      1  : 0.9920 0.0080
81       81   (0)      1  : 0.9920 0.0080
82       82   (0)      1  : 0.9920 0.0080
83       83   (0)      1  : 0.9850 0.0150
84       84   (0)      1  : 0.9840 0.0160
85       85   (0)      1  : 0.9920 0.0080
86       86   (5)      1  : 0.9890 0.0110
87       87   (0)      1  : 0.9900 0.0100
88       88   (0)      1  : 0.9480 0.0520
89       89   (0)      1  : 0.9880 0.0120
90       90   (0)      1  : 0.9850 0.0150
91       91   (0)      1  : 0.9850 0.0150
92       92   (0)      1  : 0.9850 0.0150
93       93   (0)      1  : 0.9910 0.0090
94       94   (5)      1  : 0.9900 0.0100
95       95   (0)      1  : 0.9890 0.0110
96       96   (5)      1  : 0.9910 0.0090
97       97   (0)      1  : 0.9820 0.0180
98       98   (0)      1  : 0.9860 0.0140
99       99   (5)      1  : 0.9900 0.0100
100      100   (5)      1  : 0.9920 0.0080
101      101   (0)      2  : 0.9890 0.0110
102      102   (0)      2  : 0.9470 0.0530
103      103   (0)      2  : 0.9860 0.0140
104      104   (0)      2  : 0.9730 0.0270
105      105   (0)      2  : 0.9860 0.0140
106      106   (0)      2  : 0.9840 0.0160
107      107   (0)      2  : 0.9890 0.0110
108      108   (0)      2  : 0.9920 0.0080
109      109   (0)      2  : 0.9900 0.0100
110      110   (0)      2  : 0.9900 0.0100
111      111   (0)      2  : 0.9860 0.0140
112      112   (0)      2  : 0.9902 0.0098
113      113   (0)      2  : 0.9810 0.0190
114      114   (0)      2  : 0.9870 0.0130
115      115   (0)      2  : 0.9870 0.0130
116      116   (0)      2  : 0.9660 0.0340
117      117   (0)      2  : 0.9930 0.0070
118      118   (0)      2  : 0.9930 0.0070
119      119   (0)      2  : 0.9830 0.0170
120      120   (0)      2  : 0.9900 0.0100
121      121   (0)      2  : 0.9770 0.0230
122      122   (0)      2  : 0.9900 0.0100
123      123   (0)      2  : 0.9930 0.0070
124      124   (0)      2  : 0.9852 0.0148
125      125   (0)      2  : 0.9920 0.0080
126      126   (0)      2  : 0.9850 0.0150
127      127   (0)      2  : 0.9842 0.0158
128      128   (0)      2  : 0.9920 0.0080
129      129   (0)      2  : 0.9900 0.0100
130      130   (0)      2  : 0.9908 0.0092
131      131   (0)      2  : 0.9890 0.0110
132      132   (0)      2  : 0.9820 0.0180
133      133   (0)      2  : 0.9920 0.0080
134      134   (0)      2  : 0.9900 0.0100
135      135   (0)      2  : 0.9890 0.0110
136      136   (0)      2  : 0.9908 0.0092
137      137   (0)      2  : 0.9880 0.0120
138      138   (0)      2  : 0.9920 0.0080
139      139   (0)      2  : 0.9910 0.0090
140      140   (0)      2  : 0.9920 0.0080
141      141   (0)      2  : 0.9850 0.0150
142      142   (0)      2  : 0.9830 0.0170
143      143   (0)      2  : 0.9910 0.0090
144      144   (0)      2  : 0.9890 0.0110
145      145   (0)      2  : 0.9860 0.0140
146      146   (0)      2  : 0.9754 0.0246
147      147   (0)      2  : 0.9930 0.0070
148      148   (0)      2  : 0.9920 0.0080
149      149   (0)      2  : 0.9780 0.0220
150      150   (0)      2  : 0.9850 0.0150
151      151   (0)      2  : 0.9790 0.0210
152      152   (0)      2  : 0.9870 0.0130
153      153   (0)      2  : 0.9870 0.0130
154      154   (0)      2  : 0.9850 0.0150
155      155   (0)      2  : 0.9870 0.0130
156      156   (0)      2  : 0.9920 0.0080
157      157   (0)      2  : 0.9870 0.0130
158      158   (0)      2  : 0.9930 0.0070
159      159   (0)      2  : 0.9890 0.0110
160      160   (0)      2  : 0.9880 0.0120
161      161   (0)      2  : 0.9920 0.0080
162      162   (0)      2  : 0.9850 0.0150
163      163   (0)      2  : 0.9910 0.0090
164      164   (0)      2  : 0.9910 0.0090
165      165   (0)      2  : 0.9900 0.0100
166      166   (0)      2  : 0.9890 0.0110
167      167   (0)      2  : 0.9920 0.0080
168      168   (0)      2  : 0.9750 0.0250
169      169   (0)      2  : 0.9860 0.0140
170      170   (0)      2  : 0.9920 0.0080
171      171   (0)      2  : 0.9820 0.0180
172      172   (0)      2  : 0.9840 0.0160
173      173   (0)      2  : 0.9770 0.0230
174      174   (0)      2  : 0.9800 0.0200
175      175   (0)      2  : 0.9880 0.0120
176      176   (0)      2  : 0.9398 0.0602
177      177   (0)      2  : 0.9890 0.0110
178      178   (0)      2  : 0.9870 0.0130
179      179   (0)      2  : 0.9850 0.0150
180      180   (0)      2  : 0.9900 0.0100
181      181   (0)      2  : 0.9860 0.0140
182      182   (0)      2  : 0.9870 0.0130
183      183   (0)      2  : 0.9940 0.0060
184      184   (0)      2  : 0.9900 0.0100
185      185   (0)      2  : 0.9920 0.0080
186      186   (0)      2  : 0.9354 0.0646
187      187   (0)      2  : 0.9830 0.0170
188      188   (0)      2  : 0.9860 0.0140
189      189   (0)      2  : 0.9920 0.0080
190      190   (0)      2  : 0.9590 0.0410
191      191   (0)      2  : 0.9378 0.0622
192      192   (0)      2  : 0.9800 0.0200
193      193   (0)      2  : 0.9900 0.0100
194      194   (0)      2  : 0.9920 0.0080
195      195   (0)      2  : 0.9920 0.0080
196      196   (0)      2  : 0.9910 0.0090
197      197   (0)      2  : 0.9880 0.0120
198      198   (0)      2  : 0.9870 0.0130
199      199   (0)      2  : 0.9850 0.0150
200      200   (0)      2  : 0.9658 0.0342
201      201   (0)      2  : 0.9884 0.0116
202      202   (0)      2  : 0.9870 0.0130
203      203   (0)      2  : 0.9870 0.0130
204      204   (0)      2  : 0.9830 0.0170
205      205   (0)      2  : 0.9620 0.0380
206      206   (0)      2  : 0.9930 0.0070
207      207   (0)      2  : 0.9890 0.0110
208      208   (0)      2  : 0.9820 0.0180
209      209   (0)      2  : 0.9920 0.0080
210      210   (0)      2  : 0.9870 0.0130
211      211   (0)      2  : 0.8930 0.1070
212      212   (0)      2  : 0.9780 0.0220
213      213   (0)      2  : 0.9880 0.0120
214      214   (0)      2  : 0.9920 0.0080
215      215   (0)      2  : 0.9870 0.0130
216      216   (0)      2  : 0.9860 0.0140
217      217   (0)      2  : 0.9920 0.0080
218      218   (0)      2  : 0.9830 0.0170
219      219   (0)      2  : 0.9938 0.0062
220      220   (0)      2  : 0.9856 0.0144
221      221   (0)      2  : 0.9750 0.0250
222      222   (0)      2  : 0.9900 0.0100
223      223   (0)      2  : 0.9930 0.0070
224      224   (0)      2  : 0.9900 0.0100
225      225   (0)      2  : 0.9878 0.0122
226      226   (0)      2  : 0.9700 0.0300
227      227   (0)      2  : 0.9890 0.0110
228      228   (0)      2  : 0.9880 0.0120
229      229   (0)      2  : 0.9740 0.0260
230      230   (0)      2  : 0.9800 0.0200
231      231   (0)      2  : 0.9880 0.0120
232      232   (0)      2  : 0.9918 0.0082
233      233   (0)      2  : 0.9826 0.0174
234      234   (0)      2  : 0.9880 0.0120
235      235   (0)      2  : 0.9826 0.0174
236      236   (0)      2  : 0.9750 0.0250
237      237   (0)      2  : 0.9880 0.0120
238      238   (0)      2  : 0.9850 0.0150
239      239   (0)      2  : 0.9870 0.0130
240      240   (0)      2  : 0.9890 0.0110
241      241   (0)      2  : 0.9890 0.0110
242      242   (0)      2  : 0.9920 0.0080
243      243   (0)      2  : 0.9890 0.0110
244      244   (0)      2  : 0.9900 0.0100
245      245   (0)      2  : 0.9750 0.0250
246      246   (0)      2  : 0.9880 0.0120
247      247   (0)      2  : 0.9910 0.0090
248      248   (0)      2  : 0.9920 0.0080
249      249   (0)      2  : 0.9820 0.0180
250      250   (0)      2  : 0.9890 0.0110
251      251   (0)      2  : 0.9920 0.0080
252      252   (0)      2  : 0.9464 0.0536
253      253   (0)      2  : 0.9910 0.0090
254      254   (0)      2  : 0.9890 0.0110
255      255   (0)      2  : 0.9782 0.0218
256      256   (0)      2  : 0.9890 0.0110
257      257   (0)      2  : 0.9836 0.0164
258      258   (0)      2  : 0.9840 0.0160
259      259   (0)      2  : 0.9906 0.0094
260      260   (0)      2  : 0.9804 0.0196
261      261   (0)      2  : 0.9910 0.0090
262      262   (0)      2  : 0.9750 0.0250
263      263   (0)      2  : 0.9930 0.0070
264      264   (0)      2  : 0.9900 0.0100
265      265   (0)      2  : 0.9780 0.0220
266      266   (0)      2  : 0.9810 0.0190
267      267   (0)      2  : 0.9910 0.0090
268      268   (0)      2  : 0.9930 0.0070
269      269   (0)      2  : 0.9796 0.0204
270      270   (0)      2  : 0.9790 0.0210
271      271   (0)      2  : 0.9600 0.0400
272      272   (0)      2  : 0.9910 0.0090
273      273   (0)      2  : 0.9900 0.0100
274      274   (0)      2  : 0.9920 0.0080
275      275   (0)      2  : 0.9340 0.0660
276      276   (0)      2  : 0.9940 0.0060
277      277   (0)      2  : 0.9890 0.0110
278      278   (0)      2  : 0.9890 0.0110
279      279   (0)      2  : 0.9920 0.0080
280      280   (0)      2  : 0.9910 0.0090
281      281   (0)      2  : 0.9930 0.0070
282      282   (0)      2  : 0.9930 0.0070
283      283   (0)      2  : 0.9800 0.0200
284      284   (0)      2  : 0.9930 0.0070
285      285   (0)      2  : 0.9920 0.0080
286      286   (0)      2  : 0.9340 0.0660
287      287   (0)      2  : 0.9730 0.0270
288      288   (0)      2  : 0.9870 0.0130
289      289   (0)      2  : 0.9900 0.0100
290      290   (0)      2  : 0.9856 0.0144
291      291   (0)      2  : 0.9870 0.0130
292      292   (0)      2  : 0.9910 0.0090
293      293   (0)      2  : 0.9890 0.0110
294      294   (0)      2  : 0.9894 0.0106
295      295   (0)      2  : 0.9900 0.0100
296      296   (0)      2  : 0.9840 0.0160
297      297   (0)      2  : 0.9910 0.0090
298      298   (0)      2  : 0.9690 0.0310
299      299   (0)      2  : 0.9860 0.0140
300      300   (0)      2  : 0.9900 0.0100
301      301   (0)      2  : 0.9890 0.0110
302      302   (0)      2  : 0.9920 0.0080
303      303   (0)      2  : 0.9870 0.0130
304      304   (0)      2  : 0.9900 0.0100
305      305   (0)      2  : 0.9910 0.0090
306      306   (0)      2  : 0.9910 0.0090
307      307   (0)      2  : 0.9860 0.0140
308      308   (0)      2  : 0.9860 0.0140
309      309   (0)      2  : 0.9820 0.0180
310      310   (0)      2  : 0.9920 0.0080
311      311   (0)      2  : 0.9880 0.0120
312      312   (0)      2  : 0.9850 0.0150
313      313   (0)      2  : 0.9750 0.0250
314      314   (0)      2  : 0.9888 0.0112
315      315   (0)      2  : 0.9910 0.0090
316      316   (0)      2  : 0.9904 0.0096
317      317   (0)      2  : 0.9880 0.0120
318      318   (0)      2  : 0.9920 0.0080
319      319   (0)      2  : 0.9700 0.0300
320      320   (0)      2  : 0.9870 0.0130
321      321   (0)      2  : 0.9790 0.0210
322      322   (0)      2  : 0.9880 0.0120
323      323   (0)      2  : 0.9830 0.0170
324      324   (0)      2  : 0.9720 0.0280
325      325   (0)      2  : 0.9870 0.0130
326      326   (0)      2  : 0.9950 0.0050
327      327   (0)      2  : 0.9900 0.0100
328      328   (0)      2  : 0.9810 0.0190
329      329   (0)      2  : 0.9840 0.0160
330      330   (0)      2  : 0.9930 0.0070
331      331   (0)      2  : 0.9830 0.0170
332      332   (0)      2  : 0.9866 0.0134
333      333   (0)      2  : 0.9920 0.0080
334      334   (0)      2  : 0.9910 0.0090
335      335   (0)      2  : 0.9666 0.0334
336      336   (0)      2  : 0.9790 0.0210
337      337   (0)      2  : 0.9890 0.0110
338      338   (0)      2  : 0.9920 0.0080
339      339   (0)      2  : 0.9900 0.0100
340      340   (0)      2  : 0.9870 0.0130
341      341   (0)      2  : 0.9770 0.0230
342      342   (0)      2  : 0.9910 0.0090
343      343   (0)      2  : 0.9900 0.0100
344      344   (0)      2  : 0.9900 0.0100
345      345   (0)      2  : 0.9820 0.0180
346      346   (0)      2  : 0.9722 0.0278
347      347   (0)      2  : 0.9930 0.0070
348      348   (0)      2  : 0.9890 0.0110
349      349   (0)      2  : 0.9780 0.0220
350      350   (0)      2  : 0.9770 0.0230
351      351   (0)      2  : 0.9820 0.0180
352      352   (0)      2  : 0.9920 0.0080
353      353   (0)      2  : 0.9850 0.0150
354      354   (0)      2  : 0.9880 0.0120
355      355   (0)      2  : 0.9870 0.0130
356      356   (0)      2  : 0.9930 0.0070
357      357   (0)      2  : 0.9710 0.0290
358      358   (0)      2  : 0.9804 0.0196
359      359   (0)      2  : 0.9720 0.0280
360      360   (0)      2  : 0.9940 0.0060
361      361   (0)      2  : 0.9900 0.0100
362      362   (0)      2  : 0.9770 0.0230
363      363   (0)      2  : 0.9920 0.0080
364      364   (0)      2  : 0.9890 0.0110
365      365   (0)      2  : 0.9920 0.0080
366      366   (0)      2  : 0.9930 0.0070
367      367   (0)      2  : 0.9870 0.0130
368      368   (0)      2  : 0.9870 0.0130
369      369   (0)      2  : 0.9930 0.0070
370      370   (0)      2  : 0.9422 0.0578
371      371   (0)      2  : 0.9180 0.0820
372      372   (0)      2  : 0.9888 0.0112
373      373   (0)      2  : 0.9340 0.0660
374      374   (0)      2  : 0.9900 0.0100
375      375   (0)      2  : 0.9890 0.0110
376      376   (0)      2  : 0.9838 0.0162
377      377   (0)      2  : 0.9620 0.0380
378      378   (0)      2  : 0.9910 0.0090
379      379   (0)      2  : 0.9790 0.0210
380      380   (0)      2  : 0.9910 0.0090
381      381   (0)      2  : 0.9912 0.0088
382      382   (0)      2  : 0.9860 0.0140
383      383   (0)      2  : 0.9910 0.0090
384      384   (0)      2  : 0.9840 0.0160
385      385   (0)      2  : 0.9790 0.0210
386      386   (0)      2  : 0.9930 0.0070
387      387   (0)      2  : 0.9830 0.0170
388      388   (0)      2  : 0.9930 0.0070
389      389   (0)      2  : 0.9860 0.0140
390      390   (0)      2  : 0.9860 0.0140
391      391   (0)      2  : 0.9666 0.0334
392      392   (0)      2  : 0.9920 0.0080
393      393   (0)      2  : 0.9890 0.0110
394      394   (0)      2  : 0.9810 0.0190
395      395   (0)      2  : 0.9890 0.0110
396      396   (0)      2  : 0.9682 0.0318
397      397   (0)      2  : 0.9670 0.0330
398      398   (0)      2  : 0.9870 0.0130
399      399   (0)      2  : 0.9870 0.0130
400      400   (0)      2  : 0.9710 0.0290
401      401   (0)      2  : 0.9790 0.0210
402      402   (0)      2  : 0.9906 0.0094
403      403   (0)      2  : 0.9778 0.0222
404      404   (0)      2  : 0.9822 0.0178
405      405   (0)      2  : 0.9870 0.0130
406      406   (0)      2  : 0.9860 0.0140
407      407   (0)      2  : 0.9920 0.0080
408      408   (0)      2  : 0.9520 0.0480
409      409   (0)      2  : 0.9664 0.0336
410      410   (0)      2  : 0.9920 0.0080
411      411   (0)      2  : 0.9920 0.0080
412      412   (0)      2  : 0.9820 0.0180
413      413   (0)      2  : 0.9720 0.0280
414      414   (0)      2  : 0.9890 0.0110
415      415   (0)      2  : 0.9900 0.0100
416      416   (0)      2  : 0.9740 0.0260
417      417   (0)      2  : 0.9860 0.0140
418      418   (0)      2  : 0.9880 0.0120
419      419   (0)      2  : 0.9910 0.0090
420      420   (0)      2  : 0.9790 0.0210
421      421   (0)      2  : 0.9900 0.0100
422      422   (0)      2  : 0.9910 0.0090
423      423   (0)      2  : 0.9910 0.0090
424      424   (0)      2  : 0.9510 0.0490
425      425   (0)      2  : 0.9820 0.0180
426      426   (0)      2  : 0.9560 0.0440
427      427   (0)      2  : 0.9818 0.0182
428      428   (0)      2  : 0.9890 0.0110
429      429   (0)      2  : 0.9690 0.0310
430      430   (0)      2  : 0.9920 0.0080
431      431   (0)      2  : 0.9810 0.0190
432      432   (0)      2  : 0.9910 0.0090
433      433   (0)      2  : 0.9940 0.0060
434      434   (0)      2  : 0.9930 0.0070
435      435   (0)      2  : 0.9820 0.0180
436      436   (0)      2  : 0.9710 0.0290
437      437   (0)      2  : 0.9900 0.0100
438      438   (0)      2  : 0.9890 0.0110
439      439   (0)      2  : 0.9900 0.0100
440      440   (0)      2  : 0.9860 0.0140
441      441   (0)      2  : 0.9910 0.0090
442      442   (0)      2  : 0.9860 0.0140
443      443   (0)      2  : 0.9890 0.0110
444      444   (0)      2  : 0.9870 0.0130
445      445   (0)      2  : 0.9900 0.0100
446      446   (0)      2  : 0.9620 0.0380
447      447   (0)      2  : 0.9860 0.0140
448      448   (0)      2  : 0.9900 0.0100
449      449   (0)      2  : 0.9880 0.0120
450      450   (0)      2  : 0.9922 0.0078
451      451   (0)      2  : 0.9840 0.0160
452      452   (0)      2  : 0.9720 0.0280
453      453   (0)      2  : 0.9920 0.0080
454      454   (0)      2  : 0.9860 0.0140
455      455   (0)      2  : 0.9860 0.0140
456      456   (0)      2  : 0.9890 0.0110
457      457   (0)      2  : 0.9930 0.0070
458      458   (0)      2  : 0.9850 0.0150
459      459   (0)      2  : 0.9806 0.0194
460      460   (0)      2  : 0.9890 0.0110
461      461   (0)      2  : 0.9910 0.0090
462      462   (0)      2  : 0.9890 0.0110
463      463   (0)      2  : 0.9782 0.0218
464      464   (0)      2  : 0.9940 0.0060
465      465   (0)      2  : 0.9778 0.0222
466      466   (0)      2  : 0.9800 0.0200
467      467   (0)      2  : 0.9920 0.0080
468      468   (0)      2  : 0.9650 0.0350
469      469   (0)      2  : 0.9940 0.0060
470      470   (0)      2  : 0.9260 0.0740
471      471   (0)      2  : 0.9910 0.0090
472      472   (0)      2  : 0.9892 0.0108
473      473   (0)      2  : 0.9800 0.0200
474      474   (0)      2  : 0.9930 0.0070
475      475   (0)      2  : 0.9186 0.0814
476      476   (0)      2  : 0.9732 0.0268
477      477   (0)      2  : 0.9918 0.0082
478      478   (0)      2  : 0.9820 0.0180
479      479   (0)      2  : 0.9870 0.0130
480      480   (0)      2  : 0.9920 0.0080
481      481   (0)      2  : 0.9860 0.0140
482      482   (0)      2  : 0.9780 0.0220
483      483   (0)      2  : 0.9850 0.0150
484      484   (0)      2  : 0.9910 0.0090
485      485   (0)      2  : 0.9700 0.0300
486      486   (0)      2  : 0.9900 0.0100
487      487   (0)      2  : 0.9800 0.0200
488      488   (0)      2  : 0.9920 0.0080
489      489   (0)      2  : 0.9900 0.0100
490      490   (0)      2  : 0.9920 0.0080
491      491   (0)      2  : 0.9850 0.0150
492      492   (0)      2  : 0.9810 0.0190
493      493   (0)      2  : 0.9840 0.0160
494      494   (0)      2  : 0.9850 0.0150
495      495   (0)      2  : 0.9890 0.0110
496      496   (0)      2  : 0.9920 0.0080
497      497   (0)      2  : 0.9880 0.0120
498      498   (0)      2  : 0.9920 0.0080
499      499   (0)      2  : 0.9850 0.0150
500      500   (0)      2  : 0.9890 0.0110
501      501   (0)      3  : 0.8970 0.1030
502      502   (0)      3  : 0.8808 0.1192
503      503   (0)      3  : 0.6960 0.3040
504      504   (0)      3  : 0.7652 0.2348
505      505   (0)      3  : 0.9750 0.0250
506      506   (0)      3  : 0.9870 0.0130
507      507   (0)      3  : 0.9336 0.0664
508      508   (0)      3  : 0.8134 0.1866
509      509   (0)      3  : 0.9192 0.0808
510      510   (0)      3  : 0.8456 0.1544
511      511   (0)      3  : 0.9172 0.0828
512      512   (0)      3  : 0.9250 0.0750
513      513   (0)      3  : 0.9260 0.0740
514      514   (0)      3  : 0.9860 0.0140
515      515   (0)      3  : 0.9296 0.0704
516      516   (0)      3  : 0.9700 0.0300
517      517   (0)      3  : 0.9770 0.0230
518      518   (0)      3  : 0.9910 0.0090
519      519   (0)      3  : 0.9800 0.0200
520      520   (0)      3  : 0.9620 0.0380
521      521   (0)      3  : 0.6828 0.3172
522      522   (0)      3  : 0.9878 0.0122
523      523   (0)      3  : 0.8880 0.1120
524      524   (0)      3  : 0.9530 0.0470
525      525   (0)      3  : 0.8580 0.1420
526      526   (0)      3  : 0.9850 0.0150
527      527   (0)      3  : 0.8840 0.1160
528      528   (0)      3  : 0.8680 0.1320
529      529   (0)      3  : 0.9140 0.0860
530      530   (0)      3  : 0.9214 0.0786
531      531   (0)      3  : 0.9720 0.0280
532      532   (0)      3  : 0.6898 0.3102
533      533   (0)      3  : 0.9348 0.0652
534      534   (0)      3  : 0.9750 0.0250
535      535   (0)      3  : 0.8616 0.1384
536      536   (0)      3  : 0.9230 0.0770
537      537   (0)      3  : 0.9870 0.0130
538      538   (0)      3  : 0.9820 0.0180
539      539   (0)      3  : 0.7720 0.2280
540      540   (0)      3  : 0.8592 0.1408
541      541   (0)      3  : 0.9350 0.0650
542      542   (0)      3  : 0.8798 0.1202
543      543   (0)      3  : 0.7824 0.2176
544      544   (0)      3  : 0.9860 0.0140
545      545   (0)      3  : 0.8772 0.1228
546      546   (0)      3  : 0.9612 0.0388
547      547   (0)      3  : 0.8810 0.1190
548      548   (0)      3  : 0.9410 0.0590
549      549   (0)      3  : 0.9880 0.0120
550      550   (0)      3  : 0.9910 0.0090
551      551   (0)      3  : 0.9240 0.0760
552      552   (0)      3  : 0.9870 0.0130
553      553   (0)      3  : 0.9770 0.0230
554      554   (0)      3  : 0.9480 0.0520
555      555   (0)      3  : 0.8558 0.1442
556      556   (0)      3  : 0.9180 0.0820
557      557   (0)      3  : 0.9790 0.0210
558      558   (0)      3  : 0.8560 0.1440
559      559   (0)      3  : 0.9812 0.0188
560      560   (0)      3  : 0.9300 0.0700
561      561   (0)      3  : 0.8582 0.1418
562      562   (0)      3  : 0.7460 0.2540
563      563   (0)      3  : 0.8526 0.1474
564      564   (0)      3  : 0.8564 0.1436
565      565   (0)      3  : 0.9930 0.0070
566      566   (0)      3  : 0.9920 0.0080
567      567   (0)      3  : 0.9056 0.0944
568      568   (0)      3  : 0.9480 0.0520
569      569   (0)      3  : 0.7856 0.2144
570      570   (0)      3  : 0.9800 0.0200
571      571   (0)      3  : 0.9728 0.0272
572      572   (0)      3  : 0.9530 0.0470
573      573   (0)      3  : 0.9800 0.0200
574      574   (0)      3  : 0.9770 0.0230
575      575   (0)      3  : 0.8326 0.1674
576      576   (0)      3  : 0.9910 0.0090
577      577   (0)      3  : 0.8960 0.1040
578      578   (0)      3  : 0.9242 0.0758
579      579   (0)      3  : 0.9730 0.0270
580      580   (0)      3  : 0.8306 0.1694
581      581   (0)      3  : 0.8918 0.1082
582      582   (0)      3  : 0.9360 0.0640
583      583   (0)      3  : 0.8472 0.1528
584      584   (0)      3  : 0.7750 0.2250
585      585   (0)      3  : 0.9750 0.0250
586      586   (0)      3  : 0.9656 0.0344
587      587   (0)      3  : 0.9078 0.0922
588      588   (0)      3  : 0.9414 0.0586
589      589   (0)      3  : 0.9910 0.0090
590      590   (0)      3  : 0.9870 0.0130
591      591   (0)      3  : 0.9930 0.0070
592      592   (0)      3  : 0.6390 0.3610
593      593   (0)      3  : 0.8532 0.1468
594      594   (0)      3  : 0.9650 0.0350
595      595   (0)      3  : 0.7290 0.2710
596      596   (0)      3  : 0.9340 0.0660
597      597   (0)      3  : 0.6700 0.3300
598      598   (0)      3  : 0.8550 0.1450
599      599   (0)      3  : 0.8600 0.1400
600      600   (0)      3  : 0.9842 0.0158
601      601   (0)      4  : 0.9250 0.0750
602      602   (0)      4  : 0.9760 0.0240
603      603   (0)      4  : 0.5630 0.4370
604      604   (0)      4  : 0.8478 0.1522
605      605   (0)      4  : 0.8892 0.1108
606      606   (0)      4  : 0.9650 0.0350
607      607   (0)      4  : 0.7318 0.2682
608      608   (0)      4  : 0.6710 0.3290
609      609   (0)      4  : 0.6736 0.3264
610      610   (0)      4  : 0.6750 0.3250
611      611   (0)      4  : 0.8608 0.1392
612      612   (0)      4  : 0.6340 0.3660
613      613   (0)      4  : 0.7260 0.2740
614      614   (0)      4  : 0.7184 0.2816
615      615   (0)      4  : 0.9830 0.0170
616      616   (0)      4  : 0.9000 0.1000
617      617   (0)      4  : 0.7118 0.2882
618      618   (0)      4  : 0.8000 0.2000
619      619   (0)      4  : 0.8642 0.1358
620      620   (0)      4  : 0.8260 0.1740
621      621   (0)      4  : 0.6630 0.3370
622      622   (0)      4  : 0.8860 0.1140
623      623   (0)      4  : 0.6990 0.3010
624      624   (0)      4  : 0.7060 0.2940
625      625   (0)      4  : 0.7060 0.2940
626      626   (0)      4  : 0.9520 0.0480
627      627   (0)      4  : 0.7640 0.2360
628      628   (0)      4  : 0.5700 0.4300
629      629   (0)      4  : 0.7430 0.2570
630      630   (0)      4  : 0.4790 0.5210
631      631   (0)      4  : 0.6940 0.3060
632      632   (0)      4  : 0.8222 0.1778
633      633   (0)      4  : 0.8432 0.1568
634      634   (0)      4  : 0.8800 0.1200
635      635   (0)      4  : 0.7890 0.2110
636      636   (0)      4  : 0.8430 0.1570
637      637   (0)      4  : 0.7300 0.2700
638      638   (0)      4  : 0.9728 0.0272
639      639   (0)      4  : 0.6112 0.3888
640      640   (0)      4  : 0.8710 0.1290
641      641   (0)      4  : 0.5750 0.4250
642      642   (0)      4  : 0.7360 0.2640
643      643   (0)      4  : 0.6450 0.3550
644      644   (0)      4  : 0.8442 0.1558
645      645   (0)      4  : 0.8872 0.1128
646      646   (0)      4  : 0.5990 0.4010
647      647   (0)      4  : 0.5642 0.4358
648      648   (0)      4  : 0.7808 0.2192
649      649   (0)      4  : 0.9050 0.0950
650      650   (0)      4  : 0.5320 0.4680
651      651   (0)      4  : 0.7900 0.2100
652      652   (0)      4  : 0.8952 0.1048
653      653   (0)      4  : 0.8908 0.1092
654      654   (0)      4  : 0.6174 0.3826
655      655   (0)      4  : 0.6270 0.3730
656      656   (0)      4  : 0.8832 0.1168
657      657   (0)      4  : 0.8470 0.1530
658      658   (0)      4  : 0.7026 0.2974
659      659   (0)      4  : 0.7780 0.2220
660      660   (0)      4  : 0.7510 0.2490
661      661   (0)      4  : 0.9362 0.0638
662      662   (0)      4  : 0.8810 0.1190
663      663   (0)      4  : 0.9090 0.0910
664      664   (0)      4  : 0.5748 0.4252
665      665   (0)      4  : 0.7118 0.2882
666      666   (0)      4  : 0.7150 0.2850
667      667   (0)      4  : 0.6000 0.4000
668      668   (0)      4  : 0.6740 0.3260
669      669   (0)      4  : 0.4770 0.5230
670      670   (0)      4  : 0.8060 0.1940
671      671   (0)      4  : 0.5630 0.4370
672      672   (0)      4  : 0.7820 0.2180
673      673   (0)      4  : 0.5472 0.4528
674      674   (0)      4  : 0.9060 0.0940
675      675   (0)      4  : 0.7600 0.2400
676      676   (0)      4  : 0.7738 0.2262
677      677   (0)      4  : 0.7294 0.2706
678      678   (0)      4  : 0.9420 0.0580
679      679   (0)      4  : 0.7266 0.2734
680      680   (0)      4  : 0.7854 0.2146
681      681   (0)      4  : 0.7070 0.2930
682      682   (0)      4  : 0.9820 0.0180
683      683   (0)      4  : 0.5340 0.4660
684      684   (0)      4  : 0.6332 0.3668
685      685   (0)      4  : 0.6670 0.3330
686      686   (0)      4  : 0.8172 0.1828
687      687   (0)      4  : 0.7122 0.2878
688      688   (0)      4  : 0.7280 0.2720
689      689   (0)      4  : 0.9650 0.0350
690      690   (0)      4  : 0.6790 0.3210
691      691   (0)      4  : 0.9570 0.0430
692      692   (0)      4  : 0.8390 0.1610
693      693   (0)      4  : 0.7596 0.2404
694      694   (0)      4  : 0.7610 0.2390
695      695   (0)      4  : 0.7528 0.2472
696      696   (0)      4  : 0.7264 0.2736
697      697   (0)      4  : 0.7140 0.2860
698      698   (0)      4  : 0.8280 0.1720
699      699   (0)      4  : 0.8960 0.1040
700      700   (0)      4  : 0.8580 0.1420
701      701   (5)      5  : 0.6110 0.3890
702      702   (0)      5  : 0.3870 0.6130
703      703   (0)      5  : 0.5240 0.4760
704      704   (5)      5  : 0.4484 0.5516
705      705   (5)      5  : 0.4332 0.5668
706      706   (0)      5  : 0.3234 0.6766
707      707   (0)      6  : 0.4256 0.5744
708      708   (0)      6  : 0.4780 0.5220
709      709   (0)      6  : 0.5440 0.4560
710      710   (0)      6  : 0.6518 0.3482
711      711   (0)      6  : 0.5758 0.4242
712      712   (0)      6  : 0.6740 0.3260
713      713   (0)      6  : 0.3892 0.6108
714      714   (0)      6  : 0.6114 0.3886
715      715   (0)      6  : 0.5784 0.4216
716      716   (0)      6  : 0.4190 0.5810
717      717   (0)      6  : 0.6320 0.3680
718      718   (0)      6  : 0.4860 0.5140
719      719   (0)      6  : 0.5730 0.4270
720      720   (0)      6  : 0.4286 0.5714
721      721   (0)      6  : 0.5050 0.4950
722      722   (0)      6  : 0.4810 0.5190
723      723   (0)      6  : 0.4480 0.5520
724      724   (0)      6  : 0.5050 0.4950
725      725   (0)      6  : 0.5840 0.4160
726      726   (0)      6  : 0.4510 0.5490
727      727   (0)      6  : 0.6172 0.3828
728      728   (0)      6  : 0.5222 0.4778
729      729   (0)      6  : 0.6330 0.3670
730      730   (0)      6  : 0.5308 0.4692
731      731   (0)      6  : 0.4836 0.5164
732      732   (0)      6  : 0.4180 0.5820
733      733   (0)      6  : 0.5710 0.4290
734      734   (0)      6  : 0.5270 0.4730
735      735   (0)      6  : 0.4870 0.5130
736      736   (0)      6  : 0.3574 0.6426
737      737   (0)      6  : 0.6682 0.3318
738      738   (0)      6  : 0.3470 0.6530
739      739   (0)      6  : 0.5840 0.4160
740      740   (0)      6  : 0.6030 0.3970
741      741   (0)      6  : 0.4550 0.5450
742      742   (0)      6  : 0.5470 0.4530
743      743   (0)      6  : 0.3328 0.6672
744      744   (0)      6  : 0.5090 0.4910
745      745   (0)      6  : 0.7220 0.2780
746      746   (0)      6  : 0.3950 0.6050
747      747   (0)      6  : 0.3570 0.6430
748      748   (0)      6  : 0.4840 0.5160
749      749   (0)      6  : 0.5100 0.4900
750      750   (0)      6  : 0.3776 0.6224
751      751   (0)      6  : 0.3450 0.6550
752      752   (0)      6  : 0.3520 0.6480
753      753   (0)      6  : 0.4904 0.5096
754      754   (0)      6  : 0.6560 0.3440
755      755   (0)      6  : 0.6454 0.3546
756      756   (0)      6  : 0.5640 0.4360
757      757   (0)      6  : 0.5418 0.4582
758      758   (0)      6  : 0.7610 0.2390
759      759   (0)      6  : 0.5126 0.4874
760      760   (0)      6  : 0.4400 0.5600
761      761   (0)      6  : 0.5512 0.4488
762      762   (0)      6  : 0.5310 0.4690
763      763   (0)      6  : 0.5172 0.4828
764      764   (0)      6  : 0.4278 0.5722
765      765   (0)      6  : 0.3860 0.6140
766      766   (0)      6  : 0.4400 0.5600
767      767   (0)      6  : 0.5440 0.4560
768      768   (0)      6  : 0.4520 0.5480
769      769   (0)      6  : 0.5490 0.4510
770      770   (0)      6  : 0.4734 0.5266
771      771   (0)      6  : 0.5000 0.5000
772      772   (0)      6  : 0.8416 0.1584
773      773   (0)      6  : 0.4808 0.5192
774      774   (0)      6  : 0.3660 0.6340
775      775   (0)      6  : 0.5176 0.4824
776      776   (0)      6  : 0.5052 0.4948
777      777   (0)      6  : 0.4992 0.5008
778      778   (0)      6  : 0.4820 0.5180
779      779   (0)      6  : 0.6650 0.3350
780      780   (0)      6  : 0.5730 0.4270
781      781   (0)      6  : 0.4856 0.5144
782      782   (0)      6  : 0.5578 0.4422
783      783   (0)      6  : 0.5296 0.4704
784      784   (0)      6  : 0.5050 0.4950
785      785   (0)      6  : 0.5180 0.4820
786      786   (0)      6  : 0.5480 0.4520
787      787   (0)      6  : 0.5470 0.4530
788      788   (0)      6  : 0.5804 0.4196
789      789   (0)      6  : 0.8846 0.1154
790      790   (0)      6  : 0.4360 0.5640
791      791   (0)      6  : 0.5570 0.4430
792      792   (0)      6  : 0.6128 0.3872
793      793   (0)      6  : 0.5280 0.4720
794      794   (0)      6  : 0.6640 0.3360
795      795   (0)      6  : 0.4388 0.5612
796      796   (0)      6  : 0.6112 0.3888
797      797   (0)      6  : 0.5104 0.4896
798      798   (0)      6  : 0.4666 0.5334
799      799   (0)      6  : 0.5280 0.4720
800      800   (0)      6  : 0.5170 0.4830
801      801   (0)      6  : 0.4400 0.5600
802      802   (0)      6  : 0.4690 0.5310
803      803   (0)      6  : 0.5456 0.4544
804      804   (0)      6  : 0.4310 0.5690
805      805   (0)      6  : 0.5284 0.4716
806      806   (0)      6  : 0.4064 0.5936
807      807   (0)      7  : 0.1334 0.8666
808      808   (0)      7  : 0.2380 0.7620
809      809   (0)      8  : 0.3440 0.6560
810      810   (0)      8  : 0.0618 0.9382
811      811   (0)      8  : 0.3384 0.6616
812      812   (0)      8  : 0.2070 0.7930
813      813   (0)      8  : 0.1974 0.8026
814      814   (0)      8  : 0.2922 0.7078
815      815   (0)      8  : 0.3990 0.6010
816      816   (0)      8  : 0.2900 0.7100
817      817   (0)      8  : 0.0830 0.9170
818      818   (0)      8  : 0.3550 0.6450
819      819   (0)      8  : 0.2530 0.7470
820      820   (0)      8  : 0.1750 0.8250
821      821   (0)      8  : 0.2280 0.7720
822      822   (0)      8  : 0.2420 0.7580
823      823   (0)      8  : 0.0762 0.9238
824      824   (0)      8  : 0.2670 0.7330
825      825   (0)      8  : 0.3968 0.6032
826      826   (0)      8  : 0.2520 0.7480
827      827   (0)      8  : 0.2350 0.7650
828      828   (0)      8  : 0.1530 0.8470
829      829   (0)      8  : 0.2540 0.7460
830      830   (0)      8  : 0.1810 0.8190
831      831   (0)      8  : 0.3280 0.6720
832      832   (0)      8  : 0.2670 0.7330
833      833   (0)      8  : 0.1910 0.8090
834      834   (0)      8  : 0.2000 0.8000
835      835   (0)      8  : 0.3590 0.6410
836      836   (0)      8  : 0.3850 0.6150
837      837   (0)      8  : 0.1818 0.8182
838      838   (0)      8  : 0.4250 0.5750
839      839   (0)      8  : 0.2350 0.7650
840      840   (0)      8  : 0.1896 0.8104
841      841   (0)      8  : 0.0434 0.9566
842      842   (0)      8  : 0.5450 0.4550
843      843   (0)      8  : 0.2340 0.7660
844      844   (0)      8  : 0.0630 0.9370
845      845   (0)      8  : 0.3768 0.6232
846      846   (0)      8  : 0.3670 0.6330
847      847   (0)      8  : 0.2060 0.7940
848      848   (0)      8  : 0.2036 0.7964
849      849   (0)      8  : 0.2090 0.7910
850      850   (0)      8  : 0.3586 0.6414
851      851   (0)      8  : 0.2802 0.7198
852      852   (0)      8  : 0.4730 0.5270
853      853   (0)      8  : 0.0440 0.9560
854      854   (0)      8  : 0.3990 0.6010
855      855   (0)      8  : 0.3740 0.6260
856      856   (0)      8  : 0.2680 0.7320
857      857   (0)      8  : 0.2390 0.7610
858      858   (0)      8  : 0.3170 0.6830
859      859   (0)      8  : 0.1672 0.8328
860      860   (0)      8  : 0.1350 0.8650
861      861   (0)      8  : 0.2556 0.7444
862      862   (0)      8  : 0.1940 0.8060
863      863   (0)      8  : 0.2390 0.7610
864      864   (0)      8  : 0.2160 0.7840
865      865   (0)      8  : 0.2872 0.7128
866      866   (0)      8  : 0.0260 0.9740
867      867   (0)      8  : 0.1620 0.8380
868      868   (0)      8  : 0.3650 0.6350
869      869   (0)      8  : 0.2320 0.7680
870      870   (0)      8  : 0.3550 0.6450
871      871   (0)      8  : 0.1130 0.8870
872      872   (0)      8  : 0.2270 0.7730
873      873   (0)      8  : 0.3380 0.6620
874      874   (0)      8  : 0.0270 0.9730
875      875   (0)      8  : 0.3940 0.6060
876      876   (0)      8  : 0.4086 0.5914
877      877   (0)      8  : 0.2340 0.7660
878      878   (0)      8  : 0.4270 0.5730
879      879   (0)      8  : 0.2670 0.7330
880      880   (0)      8  : 0.1590 0.8410
881      881   (0)      8  : 0.2540 0.7460
882      882   (0)      8  : 0.0442 0.9558
883      883   (0)      8  : 0.1790 0.8210
884      884   (0)      8  : 0.3810 0.6190
885      885   (0)      8  : 0.3822 0.6178
886      886   (0)      8  : 0.3104 0.6896
887      887   (0)      8  : 0.0160 0.9840
888      888   (0)      8  : 0.0768 0.9232
889      889   (0)      8  : 0.2540 0.7460
890      890   (0)      8  : 0.3060 0.6940
891      891   (0)      8  : 0.4478 0.5522
892      892   (0)      8  : 0.2980 0.7020
893      893   (0)      8  : 0.2162 0.7838
894      894   (0)      8  : 0.1590 0.8410
895      895   (0)      8  : 0.3722 0.6278
896      896   (0)      8  : 0.0472 0.9528
897      897   (0)      8  : 0.4150 0.5850
898      898   (0)      8  : 0.3290 0.6710
899      899   (0)      8  : 0.4460 0.5540
900      900   (0)      8  : 0.3000 0.7000
901      901   (0)      8  : 0.3740 0.6260
902      902   (0)      8  : 0.2084 0.7916
903      903   (0)      8  : 0.2586 0.7414
904      904   (0)      8  : 0.3030 0.6970
905      905   (0)      8  : 0.2552 0.7448
906      906   (0)      8  : 0.0558 0.9442
907      907   (0)      8  : 0.2460 0.7540
908      908   (0)      8  : 0.3472 0.6528
909      909  (10)      9  : 0.1040 0.8960
910      910   (5)      9  : 0.0178 0.9822
911      911   (5)      9  : 0.4190 0.5810
912      912   (5)      9  : 0.0100 0.9900
913      913  (10)      9  : 0.2480 0.7520
914      914   (5)      9  : 0.4600 0.5400
915      915  (10)      9  : 0.1400 0.8600
916      916   (0)      9  : 0.0622 0.9378
917      917   (0)      9  : 0.0864 0.9136
918      918   (0)      9  : 0.0090 0.9910
919      919   (0)      9  : 0.0580 0.9420
920      920   (0)      9  : 0.1828 0.8172
921      921   (0)      9  : 0.0200 0.9800
922      922   (0)      9  : 0.1640 0.8360
923      923   (0)      9  : 0.1350 0.8650
924      924   (0)      9  : 0.1930 0.8070
925      925   (0)      9  : 0.2280 0.7720
926      926   (0)      9  : 0.4104 0.5896
927      927   (0)      9  : 0.0258 0.9742
928      928   (5)      9  : 0.0280 0.9720
929      929   (0)      9  : 0.1880 0.8120
930      930   (0)      9  : 0.2410 0.7590
931      931   (5)      9  : 0.0770 0.9230
932      932   (5)      9  : 0.0290 0.9710
933      933   (0)      9  : 0.1918 0.8082
934      934   (0)      9  : 0.0898 0.9102
935      935   (0)      9  : 0.0350 0.9650
936      936   (0)      9  : 0.0120 0.9880
937      937   (0)      9  : 0.0080 0.9920
938      938   (0)      9  : 0.0070 0.9930
939      939   (0)      9  : 0.0070 0.9930
940      940   (0)      9  : 0.0192 0.9808
941      941   (0)      9  : 0.1750 0.8250
942      942   (0)      9  : 0.0776 0.9224
943      943   (0)      9  : 0.0470 0.9530
944      944   (0)      9  : 0.0880 0.9120
945      945   (0)      9  : 0.2370 0.7630
946      946   (0)      9  : 0.0130 0.9870
947      947   (0)      9  : 0.1834 0.8166
948      948   (0)      9  : 0.1770 0.8230
949      949   (0)      9  : 0.0200 0.9800
950      950   (0)      9  : 0.1230 0.8770
951      951   (0)     10  : 0.2110 0.7890
952      952   (0)     10  : 0.2240 0.7760
953      953   (0)     10  : 0.1262 0.8738
954      954   (0)     10  : 0.0120 0.9880
955      955   (0)     10  : 0.1750 0.8250
956      956   (0)     10  : 0.0090 0.9910
957      957   (0)     10  : 0.1550 0.8450
958      958   (0)     10  : 0.0160 0.9840
959      959   (0)     10  : 0.0708 0.9292
960      960   (0)     10  : 0.0810 0.9190
961      961   (0)     10  : 0.1710 0.8290
962      962   (0)     10  : 0.1498 0.8502
963      963   (0)     10  : 0.1400 0.8600
964      964   (0)     10  : 0.0120 0.9880
965      965   (0)     10  : 0.0566 0.9434
966      966   (0)     10  : 0.0090 0.9910
967      967   (0)     10  : 0.0200 0.9800
968      968   (0)     10  : 0.1372 0.8628
969      969   (0)     10  : 0.0732 0.9268
970      970   (0)     10  : 0.0722 0.9278
971      971   (0)     10  : 0.0350 0.9650
972      972   (0)     10  : 0.0280 0.9720
973      973   (0)     10  : 0.0090 0.9910
974      974   (0)     10  : 0.0460 0.9540
975      975   (0)     10  : 0.0140 0.9860
976      976   (0)     10  : 0.2000 0.8000
977      977   (0)     10  : 0.3302 0.6698
978      978   (0)     10  : 0.0072 0.9928
979      979   (0)     10  : 0.1740 0.8260
980      980   (0)     10  : 0.0970 0.9030
981      981   (0)     10  : 0.0120 0.9880
982      982   (0)     10  : 0.0550 0.9450
983      983   (0)     10  : 0.0500 0.9500
984      984   (0)     10  : 0.3618 0.6382
985      985   (0)     10  : 0.1240 0.8760
986      986   (0)     10  : 0.0982 0.9018
987      987   (0)     10  : 0.0970 0.9030
988      988   (0)     10  : 0.0930 0.9070
989      989   (0)     10  : 0.0320 0.9680
990      990   (0)     10  : 0.1298 0.8702
991      991   (0)     10  : 0.0090 0.9910
992      992   (0)     10  : 0.0420 0.9580
993      993   (0)     10  : 0.0320 0.9680
994      994   (0)     10  : 0.0182 0.9818
995      995   (0)     10  : 0.0760 0.9240
996      996   (0)     10  : 0.0140 0.9860
997      997   (0)     10  : 0.0678 0.9322
998      998   (0)     10  : 0.0740 0.9260
999      999   (0)     10  : 0.0170 0.9830
1000     1000   (0)     10  : 0.0380 0.9620
1001     1001   (0)     10  : 0.0080 0.9920
1002     1002   (0)     10  : 0.0800 0.9200
1003     1003   (0)     10  : 0.3476 0.6524
1004     1004   (0)     10  : 0.0784 0.9216
1005     1005   (0)     10  : 0.1060 0.8940
1006     1006   (0)     10  : 0.2342 0.7658
1007     1007   (0)     10  : 0.0880 0.9120
1008     1008   (0)     10  : 0.2184 0.7816
1009     1009   (0)     10  : 0.0990 0.9010
1010     1010   (0)     10  : 0.0210 0.9790
1011     1011   (0)     10  : 0.1634 0.8366
1012     1012   (0)     10  : 0.0894 0.9106
1013     1013   (0)     10  : 0.1270 0.8730
1014     1014   (0)     10  : 0.0722 0.9278
1015     1015   (0)     10  : 0.0150 0.9850
1016     1016   (0)     10  : 0.1358 0.8642
1017     1017   (0)     10  : 0.2346 0.7654
1018     1018   (0)     10  : 0.0110 0.9890
1019     1019   (0)     10  : 0.1570 0.8430
1020     1020   (0)     10  : 0.2200 0.7800
1021     1021   (0)     10  : 0.2720 0.7280
1022     1022   (0)     10  : 0.0914 0.9086
1023     1023   (0)     10  : 0.0120 0.9880
1024     1024   (0)     10  : 0.2680 0.7320
1025     1025   (0)     10  : 0.1420 0.8580
1026     1026   (0)     10  : 0.0360 0.9640
1027     1027   (0)     10  : 0.0102 0.9898
1028     1028   (0)     10  : 0.2372 0.7628
1029     1029   (0)     10  : 0.0520 0.9480
1030     1030   (0)     10  : 0.1260 0.8740
1031     1031   (0)     10  : 0.1196 0.8804
1032     1032   (0)     10  : 0.2014 0.7986
1033     1033   (0)     10  : 0.2028 0.7972
1034     1034   (0)     10  : 0.0830 0.9170
1035     1035   (0)     10  : 0.0278 0.9722
1036     1036   (0)     10  : 0.0430 0.9570
1037     1037   (0)     10  : 0.0224 0.9776
1038     1038   (0)     10  : 0.0090 0.9910
1039     1039   (0)     10  : 0.3496 0.6504
1040     1040   (0)     10  : 0.0900 0.9100
1041     1041   (0)     10  : 0.0350 0.9650
1042     1042   (0)     10  : 0.1570 0.8430
1043     1043   (0)     10  : 0.2878 0.7122
1044     1044   (0)     10  : 0.0842 0.9158
1045     1045   (0)     10  : 0.1560 0.8440
1046     1046   (0)     10  : 0.2940 0.7060
1047     1047   (0)     10  : 0.0650 0.9350
1048     1048   (0)     10  : 0.1544 0.8456
1049     1049   (0)     10  : 0.1894 0.8106
1050     1050   (0)     10  : 0.0090 0.9910
1051     1051   (0)     11  : 0.0470 0.9530
1052     1052  (10)     11  : 0.0180 0.9820
1053     1053  (10)     11  : 0.0130 0.9870
1054     1054   (5)     11  : 0.0070 0.9930
1055     1055   (5)     11  : 0.0090 0.9910
1056     1056   (0)     11  : 0.0070 0.9930
1057     1057   (5)     11  : 0.0090 0.9910
1058     1058   (5)     11  : 0.0100 0.9900
1059     1059   (0)     11  : 0.0060 0.9940
1060     1060   (0)     11  : 0.0070 0.9930
1061     1061   (0)     11  : 0.0070 0.9930
1062     1062   (0)     11  : 0.0070 0.9930
1063     1063   (0)     11  : 0.0080 0.9920
1064     1064   (5)     11  : 0.0070 0.9930
1065     1065   (5)     11  : 0.0340 0.9660
1066     1066  (10)     11  : 0.0150 0.9850
1067     1067   (0)     11  : 0.0070 0.9930
1068     1068   (5)     11  : 0.0260 0.9740
1069     1069   (5)     11  : 0.0110 0.9890
1070     1070   (0)     11  : 0.0060 0.9940
1071     1071   (5)     11  : 0.0080 0.9920
1072     1072   (0)     11  : 0.0130 0.9870
1073     1073   (5)     11  : 0.0060 0.9940
1074     1074   (0)     11  : 0.0072 0.9928
1075     1075   (0)     11  : 0.0120 0.9880
1076     1076   (0)     11  : 0.0220 0.9780
1077     1077   (0)     11  : 0.0074 0.9926
1078     1078   (0)     11  : 0.0090 0.9910
1079     1079   (0)     11  : 0.0130 0.9870
1080     1080   (0)     11  : 0.0240 0.9760
1081     1081   (0)     11  : 0.0180 0.9820
1082     1082   (0)     11  : 0.0220 0.9780
1083     1083   (0)     11  : 0.0080 0.9920
1084     1084   (0)     11  : 0.0148 0.9852
1085     1085   (0)     11  : 0.0180 0.9820
1086     1086   (0)     11  : 0.0060 0.9940
1087     1087   (0)     11  : 0.0160 0.9840
1088     1088   (0)     11  : 0.0070 0.9930
1089     1089   (5)     11  : 0.0100 0.9900
1090     1090   (5)     11  : 0.0100 0.9900
1091     1091   (0)     11  : 0.0110 0.9890
1092     1092  (15)     11  : 0.0170 0.9830
1093     1093  (10)     11  : 0.0060 0.9940
1094     1094  (10)     11  : 0.0090 0.9910
1095     1095  (10)     11  : 0.0122 0.9878
1096     1096   (5)     11  : 0.0140 0.9860
1097     1097   (5)     11  : 0.0070 0.9930
1098     1098   (5)     11  : 0.0080 0.9920
1099     1099   (5)     11  : 0.0080 0.9920
1100     1100   (5)     11  : 0.0110 0.9890
1101     1101   (5)     11  : 0.0110 0.9890
1102     1102  (15)     11  : 0.0260 0.9740
1103     1103   (5)     11  : 0.0290 0.9710
1104     1104   (5)     11  : 0.0060 0.9940
1105     1105  (15)     11  : 0.0100 0.9900
1106     1106   (5)     11  : 0.0532 0.9468
1107     1107   (5)     11  : 0.0690 0.9310
1108     1108   (5)     11  : 0.0100 0.9900
1109     1109   (5)     11  : 0.0070 0.9930
1110     1110  (10)     11  : 0.0130 0.9870
1111     1111   (5)     11  : 0.0100 0.9900
1112     1112   (5)     11  : 0.0120 0.9880
1113     1113  (10)     11  : 0.0100 0.9900
1114     1114  (10)     11  : 0.0100 0.9900
1115     1115  (10)     11  : 0.0360 0.9640
1116     1116  (10)     11  : 0.0378 0.9622
1117     1117   (5)     11  : 0.0080 0.9920
1118     1118  (10)     11  : 0.0140 0.9860
1119     1119   (0)     11  : 0.0060 0.9940
1120     1120   (5)     11  : 0.0080 0.9920
1121     1121   (0)     11  : 0.0060 0.9940
1122     1122   (0)     11  : 0.0060 0.9940
1123     1123   (0)     11  : 0.0258 0.9742
1124     1124   (0)     11  : 0.0150 0.9850
1125     1125   (0)     11  : 0.0070 0.9930
1126     1126   (0)     11  : 0.0300 0.9700
1127     1127   (0)     11  : 0.0110 0.9890
1128     1128  (10)     11  : 0.0280 0.9720
1129     1129  (10)     11  : 0.3034 0.6966
1130     1130   (0)     11  : 0.0300 0.9700
1131     1131   (5)     11  : 0.0692 0.9308
1132     1132   (0)     11  : 0.0120 0.9880
1133     1133   (5)     11  : 0.0440 0.9560
1134     1134   (5)     11  : 0.0070 0.9930
1135     1135   (5)     11  : 0.0090 0.9910
1136     1136  (10)     11  : 0.0060 0.9940
1137     1137   (0)     11  : 0.0080 0.9920
1138     1138   (0)     11  : 0.0070 0.9930
1139     1139   (0)     11  : 0.0974 0.9026
1140     1140   (0)     11  : 0.0080 0.9920
1141     1141   (0)     11  : 0.0134 0.9866
1142     1142   (0)     11  : 0.0070 0.9930
1143     1143   (0)     11  : 0.0070 0.9930
1144     1144   (0)     11  : 0.0140 0.9860
1145     1145   (0)     11  : 0.0080 0.9920
1146     1146   (0)     11  : 0.0110 0.9890
1147     1147   (0)     11  : 0.0100 0.9900
1148     1148   (0)     11  : 0.0490 0.9510
1149     1149   (0)     11  : 0.0190 0.9810
1150     1150   (0)     11  : 0.0140 0.9860
1151     1151   (0)     11  : 0.0090 0.9910
1152     1152   (0)     11  : 0.0308 0.9692
1153     1153   (0)     11  : 0.0080 0.9920
1154     1154   (5)     11  : 0.0140 0.9860
1155     1155   (0)     11  : 0.0110 0.9890
1156     1156   (5)     11  : 0.2796 0.7204
1157     1157   (0)     11  : 0.0090 0.9910
1158     1158   (0)     11  : 0.0390 0.9610
1159     1159   (0)     11  : 0.0140 0.9860
1160     1160   (0)     11  : 0.0124 0.9876
1161     1161   (0)     11  : 0.0080 0.9920
1162     1162   (0)     11  : 0.0080 0.9920
1163     1163   (0)     11  : 0.0200 0.9800
1164     1164   (0)     11  : 0.0070 0.9930
1165     1165   (0)     11  : 0.0110 0.9890
1166     1166   (0)     11  : 0.0070 0.9930
1167     1167   (0)     11  : 0.0696 0.9304
1168     1168   (0)     11  : 0.0070 0.9930
1169     1169   (0)     11  : 0.0180 0.9820
1170     1170   (5)     11  : 0.0090 0.9910
1171     1171   (0)     11  : 0.0200 0.9800
1172     1172   (0)     11  : 0.0120 0.9880
1173     1173   (0)     11  : 0.0160 0.9840
1174     1174  (10)     11  : 0.0100 0.9900
1175     1175   (0)     11  : 0.0080 0.9920
1176     1176   (0)     11  : 0.0070 0.9930
1177     1177   (0)     11  : 0.0100 0.9900
1178     1178  (10)     11  : 0.0100 0.9900
1179     1179   (5)     11  : 0.0070 0.9930
1180     1180   (0)     11  : 0.0092 0.9908
1181     1181   (5)     11  : 0.0090 0.9910
1182     1182   (5)     11  : 0.0060 0.9940
1183     1183  (10)     11  : 0.0130 0.9870
1184     1184   (0)     11  : 0.0070 0.9930
1185     1185   (5)     11  : 0.0130 0.9870
1186     1186  (10)     11  : 0.0090 0.9910
1187     1187   (0)     11  : 0.0378 0.9622
1188     1188   (0)     11  : 0.0524 0.9476
1189     1189   (0)     11  : 0.0080 0.9920
1190     1190   (0)     11  : 0.0110 0.9890
1191     1191   (0)     11  : 0.0070 0.9930
1192     1192   (0)     11  : 0.0158 0.9842
1193     1193   (0)     11  : 0.0070 0.9930
1194     1194   (0)     11  : 0.0080 0.9920
1195     1195   (0)     11  : 0.0070 0.9930
1196     1196   (5)     11  : 0.0160 0.9840
1197     1197   (0)     11  : 0.0060 0.9940
1198     1198   (0)     11  : 0.0070 0.9930
1199     1199   (0)     11  : 0.0080 0.9920
1200     1200   (5)     11  : 0.0190 0.9810
1201     1201   (0)     11  : 0.0100 0.9900
1202     1202   (0)     11  : 0.0260 0.9740
1203     1203   (0)     11  : 0.0080 0.9920
1204     1204   (0)     11  : 0.0080 0.9920
1205     1205   (0)     11  : 0.0080 0.9920
1206     1206   (0)     11  : 0.0120 0.9880
1207     1207   (0)     11  : 0.0312 0.9688
1208     1208   (0)     11  : 0.0080 0.9920
1209     1209   (0)     11  : 0.0080 0.9920
1210     1210   (0)     11  : 0.0190 0.9810
1211     1211   (0)     11  : 0.0100 0.9900
1212     1212   (0)     11  : 0.0060 0.9940
1213     1213   (0)     11  : 0.0090 0.9910
1214     1214   (0)     11  : 0.0070 0.9930
1215     1215   (0)     11  : 0.0060 0.9940
1216     1216   (0)     11  : 0.0070 0.9930
1217     1217   (0)     11  : 0.0070 0.9930
1218     1218   (0)     11  : 0.0150 0.9850
1219     1219   (0)     11  : 0.0120 0.9880
1220     1220   (0)     11  : 0.0080 0.9920
1221     1221  (10)     11  : 0.0170 0.9830
1222     1222   (5)     11  : 0.0080 0.9920
1223     1223  (10)     11  : 0.0090 0.9910
1224     1224   (5)     11  : 0.1110 0.8890
1225     1225  (10)     11  : 0.0080 0.9920
1226     1226  (10)     11  : 0.0090 0.9910
1227     1227   (0)     11  : 0.0150 0.9850
1228     1228   (5)     11  : 0.0334 0.9666
1229     1229   (5)     11  : 0.0390 0.9610
1230     1230  (10)     11  : 0.0120 0.9880
1231     1231   (0)     11  : 0.0080 0.9920
1232     1232   (0)     11  : 0.0120 0.9880
1233     1233   (0)     11  : 0.0090 0.9910
1234     1234   (0)     11  : 0.0120 0.9880
1235     1235   (0)     11  : 0.0360 0.9640
1236     1236   (0)     11  : 0.0840 0.9160
1237     1237   (0)     11  : 0.0850 0.9150
1238     1238   (0)     11  : 0.0080 0.9920
1239     1239   (0)     11  : 0.0070 0.9930
1240     1240   (5)     11  : 0.1516 0.8484
1241     1241   (0)     11  : 0.1370 0.8630
1242     1242   (0)     11  : 0.0070 0.9930
1243     1243  (10)     11  : 0.0260 0.9740
1244     1244   (5)     11  : 0.0120 0.9880
1245     1245   (0)     11  : 0.0060 0.9940
1246     1246   (5)     11  : 0.0652 0.9348
1247     1247   (5)     11  : 0.0110 0.9890
1248     1248   (0)     11  : 0.0070 0.9930
1249     1249   (0)     11  : 0.0350 0.9650
1250     1250   (0)     11  : 0.0120 0.9880
1251     1251   (0)     11  : 0.0550 0.9450
1252     1252   (0)     11  : 0.0070 0.9930
1253     1253   (0)     11  : 0.0190 0.9810
1254     1254   (0)     11  : 0.0070 0.9930
1255     1255   (0)     11  : 0.0060 0.9940
1256     1256   (0)     11  : 0.0070 0.9930
1257     1257   (0)     11  : 0.0100 0.9900
1258     1258   (0)     11  : 0.0234 0.9766
1259     1259   (0)     11  : 0.0090 0.9910
1260     1260   (0)     11  : 0.0092 0.9908
1261     1261   (0)     11  : 0.0100 0.9900
1262     1262   (0)     11  : 0.0090 0.9910
1263     1263   (0)     11  : 0.0150 0.9850
1264     1264   (0)     11  : 0.0090 0.9910
1265     1265   (0)     11  : 0.0080 0.9920
1266     1266   (0)     11  : 0.0080 0.9920
1267     1267   (0)     11  : 0.0070 0.9930
1268     1268   (0)     11  : 0.0060 0.9940
1269     1269   (0)     11  : 0.0090 0.9910
1270     1270   (0)     11  : 0.0070 0.9930
1271     1271   (0)     11  : 0.0170 0.9830
1272     1272   (0)     11  : 0.0270 0.9730
1273     1273   (0)     11  : 0.0070 0.9930
1274     1274   (0)     11  : 0.0480 0.9520
1275     1275   (0)     11  : 0.0070 0.9930
1276     1276   (0)     11  : 0.0080 0.9920
1277     1277   (0)     11  : 0.0080 0.9920
1278     1278   (0)     11  : 0.0130 0.9870
1279     1279   (0)     11  : 0.0250 0.9750
1280     1280   (0)     11  : 0.0070 0.9930
1281     1281   (0)     11  : 0.0150 0.9850
1282     1282   (0)     11  : 0.0080 0.9920
1283     1283   (0)     11  : 0.0270 0.9730
1284     1284   (0)     11  : 0.0090 0.9910
1285     1285   (0)     11  : 0.0100 0.9900
1286     1286   (0)     11  : 0.0100 0.9900
1287     1287   (0)     11  : 0.0100 0.9900
1288     1288   (0)     11  : 0.0070 0.9930
1289     1289   (0)     11  : 0.0070 0.9930
1290     1290   (0)     11  : 0.0070 0.9930
1291     1291   (0)     12  : 0.0090 0.9910
1292     1292   (0)     12  : 0.0970 0.9030
1293     1293   (0)     12  : 0.0120 0.9880
1294     1294   (0)     12  : 0.0142 0.9858
1295     1295   (0)     12  : 0.0182 0.9818
1296     1296   (0)     12  : 0.0100 0.9900
1297     1297   (0)     12  : 0.0070 0.9930
1298     1298   (0)     12  : 0.0180 0.9820
1299     1299   (0)     12  : 0.0170 0.9830
1300     1300   (0)     12  : 0.0116 0.9884
1301     1301   (0)     12  : 0.0060 0.9940
1302     1302   (0)     12  : 0.0090 0.9910
1303     1303   (0)     12  : 0.0462 0.9538
1304     1304   (0)     12  : 0.0080 0.9920
1305     1305   (0)     12  : 0.0100 0.9900
1306     1306   (0)     12  : 0.0106 0.9894
1307     1307   (0)     12  : 0.0090 0.9910
1308     1308   (0)     12  : 0.0300 0.9700
1309     1309   (0)     12  : 0.0060 0.9940
1310     1310   (0)     12  : 0.0070 0.9930
1311     1311   (0)     12  : 0.0230 0.9770
1312     1312   (0)     12  : 0.0740 0.9260
1313     1313   (0)     12  : 0.0080 0.9920
1314     1314   (0)     12  : 0.0080 0.9920
1315     1315   (0)     12  : 0.0060 0.9940
1316     1316   (0)     12  : 0.0250 0.9750
1317     1317   (0)     12  : 0.0140 0.9860
1318     1318   (0)     12  : 0.0060 0.9940
1319     1319   (0)     12  : 0.0090 0.9910
1320     1320   (0)     12  : 0.0252 0.9748
1321     1321   (0)     12  : 0.0100 0.9900
1322     1322   (0)     12  : 0.0150 0.9850
1323     1323   (0)     12  : 0.0070 0.9930
1324     1324   (0)     12  : 0.0160 0.9840
1325     1325   (0)     12  : 0.0070 0.9930
1326     1326   (0)     12  : 0.0110 0.9890
1327     1327   (0)     12  : 0.0310 0.9690
1328     1328   (0)     12  : 0.0100 0.9900
1329     1329   (0)     12  : 0.0110 0.9890
1330     1330   (0)     12  : 0.0090 0.9910
1331     1331   (0)     12  : 0.0080 0.9920
1332     1332   (0)     12  : 0.0060 0.9940
1333     1333   (0)     12  : 0.0100 0.9900
1334     1334   (0)     12  : 0.0050 0.9950
1335     1335   (0)     12  : 0.0130 0.9870
1336     1336   (0)     12  : 0.0240 0.9760
1337     1337   (0)     12  : 0.0100 0.9900
1338     1338   (0)     12  : 0.0150 0.9850
1339     1339   (0)     12  : 0.0100 0.9900
1340     1340   (0)     12  : 0.0080 0.9920
1341     1341   (0)     12  : 0.0130 0.9870
1342     1342   (0)     12  : 0.0180 0.9820
1343     1343   (0)     12  : 0.0100 0.9900
1344     1344   (0)     12  : 0.0080 0.9920
1345     1345   (0)     12  : 0.0200 0.9800
1346     1346   (0)     12  : 0.0070 0.9930
1347     1347   (0)     12  : 0.0150 0.9850
1348     1348   (0)     12  : 0.0080 0.9920
1349     1349   (0)     12  : 0.0100 0.9900
1350     1350   (0)     12  : 0.0100 0.9900
1351     1351   (0)     12  : 0.0100 0.9900
1352     1352   (0)     12  : 0.0130 0.9870
1353     1353   (0)     12  : 0.0080 0.9920
1354     1354   (0)     12  : 0.0060 0.9940
1355     1355   (0)     12  : 0.0070 0.9930
1356     1356   (0)     12  : 0.0080 0.9920
1357     1357   (0)     12  : 0.0080 0.9920
1358     1358   (0)     12  : 0.0090 0.9910
1359     1359   (0)     12  : 0.0080 0.9920
1360     1360   (0)     12  : 0.0090 0.9910
1361     1361   (0)     12  : 0.0198 0.9802
1362     1362   (0)     12  : 0.0070 0.9930
1363     1363   (0)     12  : 0.0110 0.9890
1364     1364   (0)     12  : 0.0100 0.9900
1365     1365   (0)     12  : 0.0070 0.9930
1366     1366   (0)     12  : 0.0390 0.9610
1367     1367   (0)     12  : 0.0120 0.9880
1368     1368   (0)     12  : 0.0160 0.9840
1369     1369   (0)     12  : 0.0130 0.9870
1370     1370   (0)     12  : 0.0080 0.9920
1371     1371   (0)     12  : 0.0130 0.9870
1372     1372   (0)     12  : 0.0330 0.9670
1373     1373   (0)     12  : 0.0350 0.9650
1374     1374   (0)     12  : 0.0070 0.9930
1375     1375   (0)     12  : 0.0230 0.9770
1376     1376   (0)     12  : 0.0090 0.9910
1377     1377   (0)     12  : 0.0120 0.9880
1378     1378   (0)     12  : 0.0180 0.9820
1379     1379   (0)     12  : 0.0080 0.9920
1380     1380   (0)     12  : 0.0110 0.9890
1381     1381   (0)     12  : 0.0140 0.9860
1382     1382   (0)     12  : 0.0090 0.9910
1383     1383   (0)     12  : 0.0090 0.9910
1384     1384   (0)     12  : 0.0080 0.9920
1385     1385   (0)     12  : 0.0150 0.9850
1386     1386   (0)     12  : 0.0450 0.9550
1387     1387   (0)     12  : 0.0090 0.9910
1388     1388   (0)     12  : 0.0642 0.9358
1389     1389   (0)     12  : 0.0080 0.9920
1390     1390   (0)     12  : 0.0070 0.9930
1391     1391   (0)     12  : 0.0060 0.9940
1392     1392   (0)     12  : 0.0090 0.9910
1393     1393   (0)     12  : 0.0210 0.9790
1394     1394   (0)     12  : 0.0170 0.9830
1395     1395   (0)     12  : 0.0070 0.9930
1396     1396   (0)     12  : 0.0090 0.9910
1397     1397   (0)     12  : 0.0090 0.9910
1398     1398   (0)     12  : 0.0180 0.9820
1399     1399   (0)     12  : 0.0180 0.9820
1400     1400   (0)     12  : 0.0120 0.9880
1401     1401   (0)     12  : 0.0080 0.9920
1402     1402   (0)     12  : 0.0150 0.9850
1403     1403   (0)     12  : 0.0150 0.9850
1404     1404   (0)     12  : 0.0190 0.9810
1405     1405   (0)     12  : 0.0130 0.9870
1406     1406   (0)     12  : 0.0114 0.9886
1407     1407   (0)     12  : 0.0280 0.9720
1408     1408   (0)     12  : 0.0070 0.9930
1409     1409   (0)     12  : 0.0150 0.9850
1410     1410   (0)     12  : 0.0130 0.9870
1411     1411   (0)     12  : 0.0090 0.9910
1412     1412   (0)     12  : 0.0080 0.9920
1413     1413   (0)     12  : 0.0070 0.9930
1414     1414   (0)     12  : 0.0080 0.9920
1415     1415   (0)     12  : 0.0100 0.9900
1416     1416   (0)     12  : 0.0110 0.9890
1417     1417   (0)     12  : 0.0080 0.9920
1418     1418   (0)     12  : 0.0090 0.9910
1419     1419   (0)     12  : 0.0080 0.9920
1420     1420   (0)     12  : 0.0060 0.9940
1421     1421   (0)     12  : 0.0100 0.9900
1422     1422   (0)     12  : 0.0230 0.9770
1423     1423   (0)     12  : 0.0090 0.9910
1424     1424   (0)     12  : 0.0070 0.9930
1425     1425   (0)     12  : 0.0070 0.9930
1426     1426   (0)     12  : 0.0160 0.9840
1427     1427   (0)     12  : 0.0190 0.9810
1428     1428   (0)     12  : 0.0070 0.9930
1429     1429   (0)     12  : 0.0100 0.9900
1430     1430   (0)     12  : 0.0100 0.9900
1431     1431   (0)     12  : 0.0110 0.9890
1432     1432   (0)     12  : 0.0090 0.9910
1433     1433   (0)     12  : 0.0080 0.9920
1434     1434   (0)     12  : 0.0090 0.9910
1435     1435   (0)     12  : 0.0060 0.9940
1436     1436   (0)     12  : 0.0070 0.9930
1437     1437   (0)     12  : 0.0100 0.9900
1438     1438   (0)     12  : 0.0270 0.9730
1439     1439   (0)     12  : 0.0080 0.9920
1440     1440   (0)     12  : 0.0150 0.9850
1441     1441   (0)     12  : 0.0110 0.9890
1442     1442   (0)     12  : 0.0090 0.9910
1443     1443   (0)     12  : 0.0180 0.9820
1444     1444   (0)     12  : 0.0508 0.9492
1445     1445   (0)     12  : 0.0100 0.9900
1446     1446   (0)     12  : 0.0130 0.9870
1447     1447   (0)     12  : 0.0130 0.9870
1448     1448   (0)     12  : 0.0152 0.9848
1449     1449   (0)     12  : 0.0170 0.9830
1450     1450   (0)     12  : 0.0120 0.9880
1451     1451   (0)     12  : 0.0100 0.9900
1452     1452   (0)     12  : 0.0100 0.9900
1453     1453   (0)     12  : 0.0130 0.9870
1454     1454   (0)     12  : 0.0230 0.9770
1455     1455   (0)     12  : 0.0240 0.9760
1456     1456   (0)     12  : 0.0140 0.9860
1457     1457   (0)     12  : 0.0140 0.9860
1458     1458   (0)     12  : 0.0120 0.9880
1459     1459   (0)     12  : 0.0090 0.9910
1460     1460   (0)     12  : 0.0080 0.9920
1461     1461   (0)     12  : 0.0360 0.9640
1462     1462   (0)     12  : 0.0252 0.9748
1463     1463   (0)     12  : 0.0090 0.9910
1464     1464   (0)     12  : 0.0090 0.9910
1465     1465   (0)     12  : 0.0420 0.9580
1466     1466   (0)     12  : 0.0378 0.9622
1467     1467   (0)     12  : 0.0070 0.9930
1468     1468   (0)     12  : 0.0360 0.9640
1469     1469   (0)     12  : 0.0080 0.9920
1470     1470   (0)     12  : 0.0100 0.9900
1471     1471   (0)     12  : 0.0160 0.9840
1472     1472   (0)     12  : 0.0070 0.9930
1473     1473   (0)     12  : 0.0138 0.9862
1474     1474   (0)     12  : 0.0100 0.9900
1475     1475   (0)     12  : 0.0186 0.9814
1476     1476   (0)     12  : 0.0610 0.9390
1477     1477   (0)     12  : 0.0080 0.9920
1478     1478   (0)     12  : 0.0150 0.9850
1479     1479   (0)     12  : 0.0120 0.9880
1480     1480   (0)     12  : 0.0120 0.9880
1481     1481   (0)     12  : 0.0140 0.9860
1482     1482   (0)     12  : 0.0080 0.9920
1483     1483   (0)     12  : 0.0120 0.9880
1484     1484   (0)     12  : 0.0100 0.9900
1485     1485   (0)     12  : 0.0360 0.9640
1486     1486   (0)     12  : 0.0090 0.9910
1487     1487   (0)     12  : 0.0070 0.9930
1488     1488   (0)     12  : 0.0090 0.9910
1489     1489   (0)     12  : 0.0090 0.9910
1490     1490   (0)     12  : 0.0270 0.9730
1491     1491   (0)     12  : 0.0130 0.9870
1492     1492   (0)     12  : 0.0086 0.9914
1493     1493   (0)     12  : 0.0110 0.9890
1494     1494   (0)     12  : 0.0120 0.9880
1495     1495   (0)     12  : 0.0080 0.9920
1496     1496   (0)     12  : 0.0100 0.9900
1497     1497   (0)     12  : 0.0070 0.9930
1498     1498   (0)     12  : 0.0060 0.9940
1499     1499   (0)     12  : 0.0080 0.9920
1500     1500   (0)     12  : 0.0070 0.9930
1501     1501   (0)     12  : 0.0080 0.9920
1502     1502   (0)     12  : 0.0100 0.9900
1503     1503   (0)     12  : 0.0140 0.9860
1504     1504   (0)     12  : 0.0070 0.9930
1505     1505   (0)     12  : 0.0070 0.9930
1506     1506   (0)     12  : 0.0110 0.9890
1507     1507   (0)     12  : 0.0080 0.9920
1508     1508   (0)     12  : 0.0120 0.9880
1509     1509   (0)     12  : 0.0150 0.9850
1510     1510   (0)     12  : 0.0150 0.9850
1511     1511   (0)     12  : 0.0290 0.9710
1512     1512   (0)     12  : 0.0080 0.9920
1513     1513   (0)     12  : 0.0260 0.9740
1514     1514   (0)     12  : 0.0070 0.9930
1515     1515   (0)     12  : 0.0080 0.9920
1516     1516   (0)     12  : 0.0060 0.9940
1517     1517   (0)     12  : 0.0090 0.9910
1518     1518   (0)     12  : 0.0942 0.9058
1519     1519   (0)     12  : 0.0090 0.9910
1520     1520   (0)     12  : 0.0130 0.9870
1521     1521   (0)     12  : 0.0070 0.9930
1522     1522   (0)     12  : 0.0290 0.9710
1523     1523   (0)     12  : 0.0110 0.9890
1524     1524   (0)     12  : 0.0110 0.9890
1525     1525   (0)     12  : 0.0140 0.9860
1526     1526   (0)     12  : 0.0090 0.9910
1527     1527   (0)     12  : 0.0100 0.9900
1528     1528   (0)     12  : 0.0060 0.9940
1529     1529   (0)     12  : 0.0100 0.9900
1530     1530   (0)     12  : 0.0080 0.9920
1531     1531   (0)     12  : 0.0120 0.9880
1532     1532   (0)     12  : 0.0070 0.9930
1533     1533   (0)     12  : 0.0220 0.9780
1534     1534   (0)     12  : 0.0060 0.9940
1535     1535   (0)     12  : 0.0150 0.9850
1536     1536   (0)     12  : 0.0200 0.9800
1537     1537   (0)     12  : 0.0130 0.9870
1538     1538   (0)     12  : 0.0080 0.9920
1539     1539   (0)     12  : 0.0090 0.9910
1540     1540   (0)     12  : 0.0130 0.9870
1541     1541   (0)     12  : 0.0090 0.9910
1542     1542   (0)     12  : 0.0140 0.9860
1543     1543   (0)     12  : 0.0100 0.9900
1544     1544   (0)     12  : 0.0090 0.9910
1545     1545   (0)     12  : 0.0120 0.9880
1546     1546   (0)     12  : 0.0110 0.9890
1547     1547   (0)     12  : 0.0130 0.9870
1548     1548   (0)     12  : 0.0170 0.9830
1549     1549   (0)     12  : 0.0160 0.9840
1550     1550   (0)     12  : 0.0190 0.9810
