  1        1   (5)      1 :  0.0288 0.9712 
  2        2   (5)      1 :  0.0534 0.9466 
  3        3   (5)      1 :  0.0218 0.9782 
  4        4   (0)      1 :  0.0308 0.9692 
  5        5   (0)      1 :  0.0480 0.9520 
  6        6   (0)      1 :  0.0220 0.9780 
  7        7   (0)      1 :  0.0370 0.9630 
  8        8   (5)      1 :  0.0270 0.9730 
  9        9   (0)      1 :  0.0230 0.9770 
 10       10   (0)      1 :  0.0458 0.9542 
 11       11   (0)      1 :  0.0240 0.9760 
 12       12   (0)      1 :  0.0408 0.9592 
 13       13   (0)      1 :  0.0430 0.9570 
 14       14   (0)      1 :  0.0270 0.9730 
 15       15   (0)      1 :  0.0250 0.9750 
 16       16   (0)      1 :  0.0210 0.9790 
 17       17   (0)      1 :  0.0190 0.9810 
 18       18   (0)      1 :  0.0340 0.9660 
 19       19   (0)      1 :  0.0910 0.9090 
 20       20   (0)      1 :  0.0636 0.9364 
 21       21   (0)      1 :  0.0260 0.9740 
 22       22   (0)      1 :  0.0170 0.9830 
 23       23   (0)      1 :  0.0250 0.9750 
 24       24   (0)      1 :  0.0480 0.9520 
 25       25   (0)      1 :  0.0530 0.9470 
 26       26   (0)      1 :  0.0460 0.9540 
 27       27   (5)      1 :  0.0328 0.9672 
 28       28   (0)      1 :  0.0170 0.9830 
 29       29   (0)      1 :  0.0230 0.9770 
 30       30   (0)      1 :  0.0548 0.9452 
 31       31   (0)      1 :  0.0220 0.9780 
 32       32   (0)      1 :  0.0408 0.9592 
 33       33   (0)      1 :  0.0226 0.9774 
 34       34   (0)      1 :  0.0190 0.9810 
 35       35   (0)      1 :  0.0404 0.9596 
 36       36   (0)      1 :  0.0196 0.9804 
 37       37   (0)      1 :  0.0468 0.9532 
 38       38   (0)      1 :  0.0488 0.9512 
 39       39   (0)      1 :  0.0300 0.9700 
 40       40   (0)      1 :  0.0346 0.9654 
 41       41   (0)      1 :  0.0260 0.9740 
 42       42   (0)      1 :  0.0160 0.9840 
 43       43   (0)      1 :  0.0210 0.9790 
 44       44   (0)      1 :  0.0160 0.9840 
 45       45   (5)      1 :  0.0430 0.9570 
 46       46   (0)      1 :  0.0150 0.9850 
 47       47   (0)      1 :  0.0170 0.9830 
 48       48   (0)      1 :  0.0244 0.9756 
 49       49   (0)      1 :  0.0548 0.9452 
 50       50   (0)      1 :  0.0250 0.9750 
 51       51   (0)      1 :  0.0418 0.9582 
 52       52   (0)      1 :  0.0990 0.9010 
 53       53   (0)      1 :  0.0280 0.9720 
 54       54   (0)      1 :  0.0160 0.9840 
 55       55   (0)      1 :  0.0210 0.9790 
 56       56   (0)      1 :  0.0220 0.9780 
 57       57  (10)      1 :  0.0400 0.9600 
 58       58   (5)      1 :  0.0270 0.9730 
 59       59   (0)      1 :  0.0330 0.9670 
 60       60   (0)      1 :  0.0200 0.9800 
 61       61   (0)      1 :  0.0260 0.9740 
 62       62   (0)      1 :  0.0240 0.9760 
 63       63   (0)      1 :  0.0288 0.9712 
 64       64   (0)      1 :  0.0210 0.9790 
 65       65   (0)      1 :  0.0962 0.9038 
 66       66   (0)      1 :  0.0210 0.9790 
 67       67   (5)      1 :  0.0582 0.9418 
 68       68   (0)      1 :  0.0316 0.9684 
 69       69   (0)      1 :  0.0180 0.9820 
 70       70   (0)      1 :  0.0250 0.9750 
 71       71   (5)      1 :  0.0280 0.9720 
 72       72   (0)      1 :  0.0418 0.9582 
 73       73   (5)      1 :  0.0228 0.9772 
 74       74  (10)      1 :  0.0428 0.9572 
 75       75  (10)      1 :  0.0804 0.9196 
 76       76   (0)      1 :  0.0310 0.9690 
 77       77  (10)      1 :  0.0350 0.9650 
 78       78   (0)      1 :  0.0478 0.9522 
 79       79   (5)      1 :  0.0230 0.9770 
 80       80   (0)      1 :  0.0220 0.9780 
 81       81   (0)      1 :  0.0250 0.9750 
 82       82   (0)      1 :  0.0220 0.9780 
 83       83   (0)      1 :  0.0318 0.9682 
 84       84   (0)      1 :  0.0468 0.9532 
 85       85   (0)      1 :  0.0190 0.9810 
 86       86   (5)      1 :  0.0250 0.9750 
 87       87   (0)      1 :  0.0232 0.9768 
 88       88   (0)      1 :  0.0506 0.9494 
 89       89   (0)      1 :  0.0852 0.9148 
 90       90   (0)      1 :  0.0230 0.9770 
 91       91   (0)      1 :  0.0310 0.9690 
 92       92   (0)      1 :  0.0240 0.9760 
 93       93   (0)      1 :  0.0190 0.9810 
 94       94   (5)      1 :  0.0670 0.9330 
 95       95   (0)      1 :  0.0290 0.9710 
 96       96   (5)      1 :  0.0258 0.9742 
 97       97   (0)      1 :  0.0188 0.9812 
 98       98   (0)      1 :  0.0390 0.9610 
 99       99   (5)      1 :  0.0300 0.9700 
100      100   (5)      1 :  0.0180 0.9820 
101      101   (0)      2 :  0.0782 0.9218 
102      102   (0)      2 :  0.0260 0.9740 
103      103   (0)      2 :  0.0834 0.9166 
104      104   (0)      2 :  0.0846 0.9154 
105      105   (0)      2 :  0.0240 0.9760 
106      106   (0)      2 :  0.1088 0.8912 
107      107   (0)      2 :  0.0654 0.9346 
108      108   (0)      2 :  0.0230 0.9770 
109      109   (0)      2 :  0.0438 0.9562 
110      110   (0)      2 :  0.1268 0.8732 
111      111   (0)      2 :  0.1894 0.8106 
112      112   (0)      2 :  0.0430 0.9570 
113      113   (0)      2 :  0.0650 0.9350 
114      114   (0)      2 :  0.1918 0.8082 
115      115   (0)      2 :  0.0378 0.9622 
116      116   (0)      2 :  0.1910 0.8090 
117      117   (0)      2 :  0.0470 0.9530 
118      118   (0)      2 :  0.0658 0.9342 
119      119   (0)      2 :  0.1996 0.8004 
120      120   (0)      2 :  0.0728 0.9272 
121      121   (0)      2 :  0.1398 0.8602 
122      122   (0)      2 :  0.0928 0.9072 
123      123   (0)      2 :  0.1344 0.8656 
124      124   (0)      2 :  0.1650 0.8350 
125      125   (0)      2 :  0.0718 0.9282 
126      126   (0)      2 :  0.0514 0.9486 
127      127   (0)      2 :  0.0668 0.9332 
128      128   (0)      2 :  0.0684 0.9316 
129      129   (0)      2 :  0.1046 0.8954 
130      130   (0)      2 :  0.1168 0.8832 
131      131   (0)      2 :  0.2496 0.7504 
132      132   (0)      2 :  0.0666 0.9334 
133      133   (0)      2 :  0.0812 0.9188 
134      134   (0)      2 :  0.1984 0.8016 
135      135   (0)      2 :  0.0338 0.9662 
136      136   (0)      2 :  0.0370 0.9630 
137      137   (0)      2 :  0.2130 0.7870 
138      138   (0)      2 :  0.2552 0.7448 
139      139   (0)      2 :  0.1096 0.8904 
140      140   (0)      2 :  0.1130 0.8870 
141      141   (0)      2 :  0.1796 0.8204 
142      142   (0)      2 :  0.1032 0.8968 
143      143   (0)      2 :  0.2024 0.7976 
144      144   (0)      2 :  0.1448 0.8552 
145      145   (0)      2 :  0.1462 0.8538 
146      146   (0)      2 :  0.1396 0.8604 
147      147   (0)      2 :  0.0290 0.9710 
148      148   (0)      2 :  0.0398 0.9602 
149      149   (0)      2 :  0.0170 0.9830 
150      150   (0)      2 :  0.0540 0.9460 
151      151   (0)      2 :  0.0628 0.9372 
152      152   (0)      2 :  0.1428 0.8572 
153      153   (0)      2 :  0.0708 0.9292 
154      154   (0)      2 :  0.0586 0.9414 
155      155   (0)      2 :  0.0984 0.9016 
156      156   (0)      2 :  0.0788 0.9212 
157      157   (0)      2 :  0.1354 0.8646 
158      158   (0)      2 :  0.1772 0.8228 
159      159   (0)      2 :  0.1158 0.8842 
160      160   (0)      2 :  0.0588 0.9412 
161      161   (0)      2 :  0.0882 0.9118 
162      162   (0)      2 :  0.0920 0.9080 
163      163   (0)      2 :  0.1004 0.8996 
164      164   (0)      2 :  0.0230 0.9770 
165      165   (0)      2 :  0.2680 0.7320 
166      166   (0)      2 :  0.0582 0.9418 
167      167   (0)      2 :  0.2310 0.7690 
168      168   (0)      2 :  0.1446 0.8554 
169      169   (0)      2 :  0.0542 0.9458 
170      170   (0)      2 :  0.2696 0.7304 
171      171   (0)      2 :  0.1714 0.8286 
172      172   (0)      2 :  0.0292 0.9708 
173      173   (0)      2 :  0.1052 0.8948 
174      174   (0)      2 :  0.0398 0.9602 
175      175   (0)      2 :  0.0330 0.9670 
176      176   (0)      2 :  0.2398 0.7602 
177      177   (0)      2 :  0.0640 0.9360 
178      178   (0)      2 :  0.0240 0.9760 
179      179   (0)      2 :  0.0776 0.9224 
180      180   (0)      2 :  0.2068 0.7932 
181      181   (0)      2 :  0.0938 0.9062 
182      182   (0)      2 :  0.1124 0.8876 
183      183   (0)      2 :  0.0568 0.9432 
184      184   (0)      2 :  0.1484 0.8516 
185      185   (0)      2 :  0.1370 0.8630 
186      186   (0)      2 :  0.1262 0.8738 
187      187   (0)      2 :  0.0584 0.9416 
188      188   (0)      2 :  0.1212 0.8788 
189      189   (0)      2 :  0.2306 0.7694 
190      190   (0)      2 :  0.2324 0.7676 
191      191   (0)      2 :  0.0298 0.9702 
192      192   (0)      2 :  0.1906 0.8094 
193      193   (0)      2 :  0.1148 0.8852 
194      194   (0)      2 :  0.1324 0.8676 
195      195   (0)      2 :  0.1244 0.8756 
196      196   (0)      2 :  0.2094 0.7906 
197      197   (0)      2 :  0.0610 0.9390 
198      198   (0)      2 :  0.1178 0.8822 
199      199   (0)      2 :  0.0398 0.9602 
200      200   (0)      2 :  0.0340 0.9660 
201      201   (0)      3 :  0.1468 0.8532 
202      202   (0)      3 :  0.3934 0.6066 
203      203   (0)      3 :  0.2734 0.7266 
204      204   (0)      3 :  0.2208 0.7792 
205      205   (0)      3 :  0.2066 0.7934 
206      206   (0)      3 :  0.3522 0.6478 
207      207   (0)      3 :  0.1788 0.8212 
208      208   (0)      3 :  0.2498 0.7502 
209      209   (0)      3 :  0.3120 0.6880 
210      210   (0)      3 :  0.1340 0.8660 
211      211   (0)      3 :  0.3888 0.6112 
212      212   (0)      3 :  0.2728 0.7272 
213      213   (0)      3 :  0.2848 0.7152 
214      214   (0)      3 :  0.4478 0.5522 
215      215   (0)      3 :  0.2762 0.7238 
216      216   (0)      3 :  0.3718 0.6282 
217      217   (0)      3 :  0.1556 0.8444 
218      218   (0)      3 :  0.3102 0.6898 
219      219   (0)      3 :  0.1692 0.8308 
220      220   (0)      3 :  0.3252 0.6748 
221      221   (0)      3 :  0.0884 0.9116 
222      222   (0)      3 :  0.1346 0.8654 
223      223   (0)      3 :  0.2646 0.7354 
224      224   (0)      3 :  0.2076 0.7924 
225      225   (0)      3 :  0.1554 0.8446 
226      226   (0)      3 :  0.0608 0.9392 
227      227   (0)      3 :  0.2224 0.7776 
228      228   (0)      3 :  0.3272 0.6728 
229      229   (0)      3 :  0.2900 0.7100 
230      230   (0)      3 :  0.4810 0.5190 
231      231   (0)      3 :  0.2728 0.7272 
232      232   (0)      3 :  0.3486 0.6514 
233      233   (0)      3 :  0.1188 0.8812 
234      234   (0)      3 :  0.2240 0.7760 
235      235   (0)      3 :  0.2158 0.7842 
236      236   (0)      3 :  0.2386 0.7614 
237      237   (0)      3 :  0.4046 0.5954 
238      238   (0)      3 :  0.2966 0.7034 
239      239   (0)      3 :  0.2428 0.7572 
240      240   (0)      3 :  0.0940 0.9060 
241      241   (0)      3 :  0.4108 0.5892 
242      242   (0)      3 :  0.2390 0.7610 
243      243   (0)      3 :  0.2126 0.7874 
244      244   (0)      3 :  0.2178 0.7822 
245      245   (0)      3 :  0.2438 0.7562 
246      246   (0)      3 :  0.4720 0.5280 
247      247   (0)      3 :  0.1772 0.8228 
248      248   (0)      3 :  0.2462 0.7538 
249      249   (0)      3 :  0.2556 0.7444 
250      250   (0)      3 :  0.0844 0.9156 
251      251   (0)      3 :  0.2948 0.7052 
252      252   (0)      3 :  0.0786 0.9214 
253      253   (0)      3 :  0.1692 0.8308 
254      254   (0)      3 :  0.2248 0.7752 
255      255   (0)      3 :  0.0280 0.9720 
256      256   (0)      3 :  0.1192 0.8808 
257      257   (0)      3 :  0.3314 0.6686 
258      258   (0)      3 :  0.4518 0.5482 
259      259   (0)      3 :  0.3094 0.6906 
260      260   (0)      3 :  0.3238 0.6762 
261      261   (0)      3 :  0.0796 0.9204 
262      262   (0)      3 :  0.2232 0.7768 
263      263   (0)      3 :  0.3068 0.6932 
264      264   (0)      3 :  0.4030 0.5970 
265      265   (0)      3 :  0.1434 0.8566 
266      266   (0)      3 :  0.3192 0.6808 
267      267   (0)      3 :  0.1908 0.8092 
268      268   (0)      3 :  0.1852 0.8148 
269      269   (0)      3 :  0.1988 0.8012 
270      270   (0)      3 :  0.2172 0.7828 
271      271   (0)      3 :  0.2048 0.7952 
272      272   (0)      3 :  0.2210 0.7790 
273      273   (0)      3 :  0.2348 0.7652 
274      274   (0)      3 :  0.5150 0.4850 
275      275   (0)      3 :  0.1780 0.8220 
276      276   (0)      3 :  0.1978 0.8022 
277      277   (0)      3 :  0.0790 0.9210 
278      278   (0)      3 :  0.2368 0.7632 
279      279   (0)      3 :  0.2300 0.7700 
280      280   (0)      3 :  0.1298 0.8702 
281      281   (0)      3 :  0.3998 0.6002 
282      282   (0)      3 :  0.3362 0.6638 
283      283   (0)      3 :  0.1174 0.8826 
284      284   (0)      3 :  0.1146 0.8854 
285      285   (0)      3 :  0.4428 0.5572 
286      286   (0)      3 :  0.1430 0.8570 
287      287   (0)      3 :  0.4088 0.5912 
288      288   (0)      3 :  0.3874 0.6126 
289      289   (0)      3 :  0.1170 0.8830 
290      290   (0)      3 :  0.0822 0.9178 
291      291   (0)      3 :  0.3208 0.6792 
292      292   (0)      3 :  0.1718 0.8282 
293      293   (0)      3 :  0.1102 0.8898 
294      294   (0)      3 :  0.1218 0.8782 
295      295   (0)      3 :  0.1446 0.8554 
296      296   (0)      3 :  0.2342 0.7658 
297      297   (0)      3 :  0.1840 0.8160 
298      298   (0)      3 :  0.2908 0.7092 
299      299   (0)      3 :  0.2488 0.7512 
300      300   (0)      3 :  0.3660 0.6340 
301      301   (0)      4 :  0.4316 0.5684 
302      302   (0)      4 :  0.3910 0.6090 
303      303   (0)      4 :  0.5554 0.4446 
304      304   (0)      4 :  0.4942 0.5058 
305      305   (0)      4 :  0.5042 0.4958 
306      306   (0)      4 :  0.3076 0.6924 
307      307   (0)      4 :  0.5928 0.4072 
308      308   (0)      4 :  0.3482 0.6518 
309      309   (0)      4 :  0.5332 0.4668 
310      310   (0)      4 :  0.4798 0.5202 
311      311   (0)      4 :  0.6014 0.3986 
312      312   (0)      4 :  0.5528 0.4472 
313      313   (0)      4 :  0.4768 0.5232 
314      314   (0)      4 :  0.6410 0.3590 
315      315   (0)      4 :  0.4056 0.5944 
316      316   (0)      4 :  0.4048 0.5952 
317      317   (0)      4 :  0.5028 0.4972 
318      318   (0)      4 :  0.5308 0.4692 
319      319   (0)      4 :  0.3478 0.6522 
320      320   (0)      4 :  0.5944 0.4056 
321      321   (0)      4 :  0.5078 0.4922 
322      322   (0)      4 :  0.4308 0.5692 
323      323   (0)      4 :  0.7120 0.2880 
324      324   (0)      4 :  0.5088 0.4912 
325      325   (0)      4 :  0.4916 0.5084 
326      326   (0)      4 :  0.5598 0.4402 
327      327   (0)      4 :  0.4718 0.5282 
328      328   (0)      4 :  0.5458 0.4542 
329      329   (0)      4 :  0.5728 0.4272 
330      330   (0)      4 :  0.4152 0.5848 
331      331   (0)      4 :  0.6082 0.3918 
332      332   (0)      4 :  0.4624 0.5376 
333      333   (0)      4 :  0.3908 0.6092 
334      334   (0)      4 :  0.4356 0.5644 
335      335   (0)      4 :  0.6540 0.3460 
336      336   (0)      4 :  0.5080 0.4920 
337      337   (0)      4 :  0.5868 0.4132 
338      338   (0)      4 :  0.4064 0.5936 
339      339   (0)      4 :  0.3726 0.6274 
340      340   (0)      4 :  0.5890 0.4110 
341      341   (0)      4 :  0.5802 0.4198 
342      342   (0)      4 :  0.5872 0.4128 
343      343   (0)      4 :  0.5548 0.4452 
344      344   (0)      4 :  0.4708 0.5292 
345      345   (0)      4 :  0.4486 0.5514 
346      346   (0)      4 :  0.5030 0.4970 
347      347   (0)      4 :  0.4428 0.5572 
348      348   (0)      4 :  0.5022 0.4978 
349      349   (0)      4 :  0.5038 0.4962 
350      350   (0)      4 :  0.3198 0.6802 
351      351   (0)      4 :  0.5114 0.4886 
352      352   (0)      4 :  0.6738 0.3262 
353      353   (0)      4 :  0.4566 0.5434 
354      354   (0)      4 :  0.4550 0.5450 
355      355   (0)      4 :  0.5380 0.4620 
356      356   (0)      4 :  0.6126 0.3874 
357      357   (0)      4 :  0.4968 0.5032 
358      358   (0)      4 :  0.4578 0.5422 
359      359   (0)      4 :  0.3224 0.6776 
360      360   (0)      4 :  0.6354 0.3646 
361      361   (0)      4 :  0.4380 0.5620 
362      362   (0)      4 :  0.5656 0.4344 
363      363   (0)      4 :  0.4582 0.5418 
364      364   (0)      4 :  0.6120 0.3880 
365      365   (0)      4 :  0.5378 0.4622 
366      366   (0)      4 :  0.5638 0.4362 
367      367   (0)      4 :  0.6068 0.3932 
368      368   (0)      4 :  0.4708 0.5292 
369      369   (0)      4 :  0.5048 0.4952 
370      370   (0)      4 :  0.4178 0.5822 
371      371   (0)      4 :  0.4638 0.5362 
372      372   (0)      4 :  0.4948 0.5052 
373      373   (0)      4 :  0.4404 0.5596 
374      374   (0)      4 :  0.5828 0.4172 
375      375   (0)      4 :  0.5630 0.4370 
376      376   (0)      4 :  0.4684 0.5316 
377      377   (0)      4 :  0.4308 0.5692 
378      378   (0)      4 :  0.6198 0.3802 
379      379   (0)      4 :  0.4560 0.5440 
380      380   (0)      4 :  0.4350 0.5650 
381      381   (0)      4 :  0.5542 0.4458 
382      382   (0)      4 :  0.5490 0.4510 
383      383   (0)      4 :  0.3972 0.6028 
384      384   (0)      4 :  0.5608 0.4392 
385      385   (0)      4 :  0.5980 0.4020 
386      386   (0)      4 :  0.4374 0.5626 
387      387   (0)      4 :  0.5068 0.4932 
388      388   (0)      4 :  0.4898 0.5102 
389      389   (0)      4 :  0.5038 0.4962 
390      390   (0)      4 :  0.5684 0.4316 
391      391   (0)      4 :  0.5634 0.4366 
392      392   (0)      4 :  0.4568 0.5432 
393      393   (0)      4 :  0.5632 0.4368 
394      394   (0)      4 :  0.2956 0.7044 
395      395   (0)      4 :  0.4338 0.5662 
396      396   (0)      4 :  0.4314 0.5686 
397      397   (0)      4 :  0.4928 0.5072 
398      398   (0)      4 :  0.5416 0.4584 
399      399   (0)      4 :  0.4066 0.5934 
400      400   (0)      4 :  0.4534 0.5466 
401      401   (0)      5 :  0.7290 0.2710 
402      402   (0)      5 :  0.8960 0.1040 
403      403   (0)      5 :  0.6840 0.3160 
404      404   (0)      5 :  0.7622 0.2378 
405      405   (0)      5 :  0.7898 0.2102 
406      406   (0)      5 :  0.6724 0.3276 
407      407   (0)      5 :  0.7100 0.2900 
408      408   (0)      5 :  0.6604 0.3396 
409      409   (0)      5 :  0.8086 0.1914 
410      410   (0)      5 :  0.7200 0.2800 
411      411   (0)      5 :  0.7810 0.2190 
412      412   (0)      5 :  0.7100 0.2900 
413      413   (0)      5 :  0.6570 0.3430 
414      414   (0)      5 :  0.6020 0.3980 
415      415   (0)      5 :  0.9020 0.0980 
416      416   (0)      5 :  0.6400 0.3600 
417      417   (0)      5 :  0.6920 0.3080 
418      418   (0)      5 :  0.7148 0.2852 
419      419   (0)      5 :  0.6596 0.3404 
420      420   (0)      5 :  0.7748 0.2252 
421      421   (0)      5 :  0.8110 0.1890 
422      422   (0)      5 :  0.7640 0.2360 
423      423   (0)      5 :  0.6470 0.3530 
424      424   (0)      5 :  0.7518 0.2482 
425      425   (0)      5 :  0.7798 0.2202 
426      426   (0)      5 :  0.7760 0.2240 
427      427   (0)      5 :  0.7120 0.2880 
428      428   (0)      5 :  0.8560 0.1440 
429      429   (0)      5 :  0.7990 0.2010 
430      430   (0)      5 :  0.9142 0.0858 
431      431   (0)      5 :  0.6428 0.3572 
432      432   (0)      5 :  0.6932 0.3068 
433      433   (0)      5 :  0.8450 0.1550 
434      434   (0)      5 :  0.7190 0.2810 
435      435   (0)      5 :  0.8452 0.1548 
436      436   (0)      5 :  0.5222 0.4778 
437      437   (0)      5 :  0.7170 0.2830 
438      438   (0)      5 :  0.8974 0.1026 
439      439   (0)      5 :  0.6650 0.3350 
440      440   (0)      5 :  0.8420 0.1580 
441      441   (0)      5 :  0.6552 0.3448 
442      442   (0)      5 :  0.6760 0.3240 
443      443   (0)      5 :  0.7974 0.2026 
444      444   (0)      5 :  0.7470 0.2530 
445      445   (0)      5 :  0.8830 0.1170 
446      446   (0)      5 :  0.8186 0.1814 
447      447   (0)      5 :  0.7040 0.2960 
448      448   (0)      5 :  0.6590 0.3410 
449      449   (0)      5 :  0.8770 0.1230 
450      450   (0)      5 :  0.8178 0.1822 
451      451   (0)      5 :  0.7034 0.2966 
452      452   (0)      5 :  0.7380 0.2620 
453      453   (0)      5 :  0.7532 0.2468 
454      454   (0)      5 :  0.7712 0.2288 
455      455   (0)      5 :  0.7450 0.2550 
456      456   (0)      5 :  0.7770 0.2230 
457      457   (0)      5 :  0.5680 0.4320 
458      458   (0)      5 :  0.7248 0.2752 
459      459   (0)      5 :  0.8020 0.1980 
460      460   (0)      5 :  0.6260 0.3740 
461      461   (0)      5 :  0.6760 0.3240 
462      462   (0)      5 :  0.6030 0.3970 
463      463   (0)      5 :  0.7840 0.2160 
464      464   (0)      5 :  0.6694 0.3306 
465      465   (0)      5 :  0.8724 0.1276 
466      466   (0)      5 :  0.8600 0.1400 
467      467   (0)      5 :  0.8030 0.1970 
468      468   (0)      5 :  0.5986 0.4014 
469      469   (0)      5 :  0.7380 0.2620 
470      470   (0)      5 :  0.5696 0.4304 
471      471   (0)      5 :  0.7992 0.2008 
472      472   (0)      5 :  0.7800 0.2200 
473      473   (0)      5 :  0.7290 0.2710 
474      474   (0)      5 :  0.7138 0.2862 
475      475   (0)      5 :  0.7340 0.2660 
476      476   (0)      5 :  0.7864 0.2136 
477      477   (0)      5 :  0.6338 0.3662 
478      478   (0)      5 :  0.7358 0.2642 
479      479   (0)      5 :  0.7902 0.2098 
480      480   (0)      5 :  0.8850 0.1150 
481      481   (0)      5 :  0.6000 0.4000 
482      482   (0)      5 :  0.6900 0.3100 
483      483   (0)      5 :  0.7890 0.2110 
484      484   (0)      5 :  0.9380 0.0620 
485      485   (0)      5 :  0.7118 0.2882 
486      486   (0)      5 :  0.6940 0.3060 
487      487   (0)      5 :  0.8030 0.1970 
488      488   (0)      5 :  0.9376 0.0624 
489      489   (0)      5 :  0.5832 0.4168 
490      490   (0)      5 :  0.8392 0.1608 
491      491   (0)      5 :  0.7878 0.2122 
492      492   (0)      5 :  0.8340 0.1660 
493      493   (0)      5 :  0.8498 0.1502 
494      494   (0)      5 :  0.7614 0.2386 
495      495   (0)      5 :  0.5970 0.4030 
496      496   (0)      5 :  0.7028 0.2972 
497      497   (0)      5 :  0.7482 0.2518 
498      498   (0)      5 :  0.6644 0.3356 
499      499   (0)      5 :  0.8060 0.1940 
500      500   (0)      5 :  0.8810 0.1190 
501      501   (0)      6 :  0.9820 0.0180 
502      502   (0)      6 :  0.9644 0.0356 
503      503   (0)      6 :  0.9312 0.0688 
504      504   (0)      6 :  0.9450 0.0550 
505      505   (0)      6 :  0.9362 0.0638 
506      506   (0)      6 :  0.9820 0.0180 
507      507   (0)      6 :  0.9004 0.0996 
508      508   (0)      6 :  0.9302 0.0698 
509      509   (0)      6 :  0.8240 0.1760 
510      510   (0)      6 :  0.9388 0.0612 
511      511   (0)      6 :  0.9630 0.0370 
512      512   (0)      6 :  0.8280 0.1720 
513      513   (0)      6 :  0.9520 0.0480 
514      514   (0)      6 :  0.9062 0.0938 
515      515   (0)      6 :  0.9582 0.0418 
516      516   (0)      6 :  0.8542 0.1458 
517      517   (0)      6 :  0.9730 0.0270 
518      518   (0)      6 :  0.9090 0.0910 
519      519   (0)      6 :  0.8788 0.1212 
520      520   (0)      6 :  0.9392 0.0608 
521      521   (0)      6 :  0.9432 0.0568 
522      522   (0)      6 :  0.8774 0.1226 
523      523   (0)      6 :  0.8730 0.1270 
524      524   (0)      6 :  0.9090 0.0910 
525      525   (0)      6 :  0.9160 0.0840 
526      526   (0)      6 :  0.9352 0.0648 
527      527   (0)      6 :  0.8840 0.1160 
528      528   (0)      6 :  0.7766 0.2234 
529      529   (0)      6 :  0.9810 0.0190 
530      530   (0)      6 :  0.9230 0.0770 
531      531   (0)      6 :  0.9530 0.0470 
532      532   (0)      6 :  0.9280 0.0720 
533      533   (0)      6 :  0.9450 0.0550 
534      534   (0)      6 :  0.9720 0.0280 
535      535   (0)      6 :  0.8834 0.1166 
536      536   (0)      6 :  0.6758 0.3242 
537      537   (0)      6 :  0.9558 0.0442 
538      538   (0)      6 :  0.9324 0.0676 
539      539   (0)      6 :  0.9730 0.0270 
540      540   (0)      6 :  0.9314 0.0686 
541      541   (0)      6 :  0.9416 0.0584 
542      542   (0)      6 :  0.9426 0.0574 
543      543   (0)      6 :  0.9078 0.0922 
544      544   (0)      6 :  0.9670 0.0330 
545      545   (0)      6 :  0.9032 0.0968 
546      546   (0)      6 :  0.9740 0.0260 
547      547   (0)      6 :  0.9760 0.0240 
548      548   (0)      6 :  0.9290 0.0710 
549      549   (0)      6 :  0.7398 0.2602 
550      550   (0)      6 :  0.7248 0.2752 
551      551   (0)      6 :  0.8260 0.1740 
552      552   (0)      6 :  0.9760 0.0240 
553      553   (0)      6 :  0.8822 0.1178 
554      554   (0)      6 :  0.9810 0.0190 
555      555   (0)      6 :  0.8498 0.1502 
556      556   (0)      6 :  0.9176 0.0824 
557      557   (0)      6 :  0.9192 0.0808 
558      558   (0)      6 :  0.9770 0.0230 
559      559   (0)      6 :  0.7374 0.2626 
560      560   (0)      6 :  0.9400 0.0600 
561      561   (0)      6 :  0.8700 0.1300 
562      562   (0)      6 :  0.8828 0.1172 
563      563   (0)      6 :  0.8722 0.1278 
564      564   (0)      6 :  0.7772 0.2228 
565      565   (0)      6 :  0.8480 0.1520 
566      566   (0)      6 :  0.8690 0.1310 
567      567   (0)      6 :  0.8040 0.1960 
568      568   (0)      6 :  0.8412 0.1588 
569      569   (0)      6 :  0.9172 0.0828 
570      570   (0)      6 :  0.9372 0.0628 
571      571   (0)      6 :  0.9780 0.0220 
572      572   (0)      6 :  0.9022 0.0978 
573      573   (0)      6 :  0.8550 0.1450 
574      574   (0)      6 :  0.9432 0.0568 
575      575   (0)      6 :  0.9280 0.0720 
576      576   (0)      6 :  0.7770 0.2230 
577      577   (0)      6 :  0.8784 0.1216 
578      578   (0)      6 :  0.9212 0.0788 
579      579   (0)      6 :  0.9670 0.0330 
580      580   (0)      6 :  0.8112 0.1888 
581      581   (0)      6 :  0.8850 0.1150 
582      582   (0)      6 :  0.7630 0.2370 
583      583   (0)      6 :  0.7680 0.2320 
584      584   (0)      6 :  0.8840 0.1160 
585      585   (0)      6 :  0.9408 0.0592 
586      586   (0)      6 :  0.8250 0.1750 
587      587   (0)      6 :  0.7916 0.2084 
588      588   (0)      6 :  0.9260 0.0740 
589      589   (0)      6 :  0.8030 0.1970 
590      590   (0)      6 :  0.7672 0.2328 
591      591   (0)      6 :  0.9632 0.0368 
592      592   (0)      6 :  0.9230 0.0770 
593      593   (0)      6 :  0.9760 0.0240 
594      594   (0)      6 :  0.9016 0.0984 
595      595   (0)      6 :  0.7716 0.2284 
596      596   (0)      6 :  0.9842 0.0158 
597      597   (0)      6 :  0.9192 0.0808 
598      598   (0)      6 :  0.9440 0.0560 
599      599   (0)      6 :  0.9560 0.0440 
600      600   (0)      6 :  0.7830 0.2170 
601      601   (5)      7 :  0.9692 0.0308 
602      602   (0)      7 :  0.9610 0.0390 
603      603   (0)      7 :  0.9780 0.0220 
604      604   (0)      7 :  0.9288 0.0712 
605      605   (0)      7 :  0.9790 0.0210 
606      606   (0)      7 :  0.9730 0.0270 
607      607   (0)      7 :  0.9840 0.0160 
608      608   (0)      7 :  0.9730 0.0270 
609      609   (0)      7 :  0.9590 0.0410 
610      610   (0)      7 :  0.9788 0.0212 
611      611   (0)      7 :  0.9850 0.0150 
612      612   (0)      7 :  0.9770 0.0230 
613      613   (0)      7 :  0.9760 0.0240 
614      614   (5)      7 :  0.9842 0.0158 
615      615   (0)      7 :  0.9770 0.0230 
616      616   (0)      7 :  0.9830 0.0170 
617      617   (0)      7 :  0.9770 0.0230 
618      618   (0)      7 :  0.9792 0.0208 
619      619   (0)      7 :  0.9710 0.0290 
620      620   (0)      7 :  0.9820 0.0180 
621      621   (0)      7 :  0.9830 0.0170 
622      622   (0)      7 :  0.9710 0.0290 
623      623   (0)      7 :  0.9828 0.0172 
624      624   (0)      7 :  0.9860 0.0140 
625      625   (0)      7 :  0.9850 0.0150 
626      626   (0)      7 :  0.9820 0.0180 
627      627   (0)      7 :  0.9800 0.0200 
628      628   (0)      7 :  0.9800 0.0200 
629      629   (0)      8 :  0.9820 0.0180 
630      630   (0)      8 :  0.9790 0.0210 
631      631   (0)      8 :  0.9810 0.0190 
632      632   (0)      8 :  0.9710 0.0290 
633      633   (0)      8 :  0.9720 0.0280 
634      634   (0)      8 :  0.9850 0.0150 
635      635   (0)      8 :  0.9820 0.0180 
636      636   (0)      8 :  0.9740 0.0260 
637      637   (0)      8 :  0.9820 0.0180 
638      638   (0)      8 :  0.9840 0.0160 
639      639   (0)      8 :  0.9600 0.0400 
640      640   (0)      8 :  0.9426 0.0574 
641      641   (0)      8 :  0.9800 0.0200 
642      642   (0)      8 :  0.9660 0.0340 
643      643   (0)      8 :  0.9820 0.0180 
644      644   (0)      8 :  0.9840 0.0160 
645      645   (0)      8 :  0.9840 0.0160 
646      646   (0)      8 :  0.9840 0.0160 
647      647   (0)      8 :  0.9780 0.0220 
648      648   (0)      8 :  0.9840 0.0160 
649      649   (0)      8 :  0.9800 0.0200 
650      650   (0)      8 :  0.9850 0.0150 
651      651   (0)      8 :  0.9810 0.0190 
652      652   (0)      8 :  0.9850 0.0150 
653      653   (0)      8 :  0.9800 0.0200 
654      654   (0)      8 :  0.9840 0.0160 
655      655   (0)      8 :  0.9806 0.0194 
656      656   (0)      8 :  0.9820 0.0180 
657      657   (0)      8 :  0.9652 0.0348 
658      658   (0)      8 :  0.9850 0.0150 
659      659   (0)      8 :  0.9750 0.0250 
660      660   (0)      8 :  0.9780 0.0220 
661      661   (0)      8 :  0.9752 0.0248 
662      662   (0)      8 :  0.9790 0.0210 
663      663   (0)      8 :  0.9670 0.0330 
664      664   (0)      8 :  0.9770 0.0230 
665      665   (0)      8 :  0.9830 0.0170 
666      666   (0)      8 :  0.9770 0.0230 
667      667   (0)      8 :  0.9720 0.0280 
668      668   (0)      8 :  0.9790 0.0210 
669      669   (0)      8 :  0.9760 0.0240 
670      670   (0)      8 :  0.9834 0.0166 
671      671   (0)      8 :  0.9740 0.0260 
672      672   (0)      8 :  0.9850 0.0150 
673      673   (0)      8 :  0.9800 0.0200 
674      674   (0)      8 :  0.9820 0.0180 
675      675   (0)      8 :  0.9730 0.0270 
676      676   (0)      8 :  0.9800 0.0200 
677      677   (0)      8 :  0.9830 0.0170 
678      678   (0)      8 :  0.9850 0.0150 
679      679   (0)      8 :  0.9800 0.0200 
680      680   (0)      8 :  0.9690 0.0310 
681      681   (0)      8 :  0.9792 0.0208 
682      682   (0)      8 :  0.9830 0.0170 
683      683   (0)      8 :  0.9728 0.0272 
684      684   (0)      8 :  0.9810 0.0190 
685      685   (0)      8 :  0.9718 0.0282 
686      686   (0)      8 :  0.9800 0.0200 
687      687   (0)      8 :  0.9770 0.0230 
688      688   (0)      8 :  0.9760 0.0240 
689      689   (0)      8 :  0.9720 0.0280 
690      690   (0)      8 :  0.9790 0.0210 
691      691   (0)      8 :  0.9830 0.0170 
692      692   (0)      8 :  0.9820 0.0180 
693      693   (0)      8 :  0.9580 0.0420 
694      694   (0)      8 :  0.9850 0.0150 
695      695   (0)      8 :  0.9780 0.0220 
696      696   (0)      8 :  0.9540 0.0460 
697      697   (0)      8 :  0.9810 0.0190 
698      698   (0)      8 :  0.9780 0.0220 
699      699   (0)      8 :  0.9612 0.0388 
700      700   (0)      8 :  0.9750 0.0250 
