  1        1   (5)      1 :  0.0052 0.9776 0.0050 0.0030 0.0030 0.0062 
  2        2   (5)      1 :  0.0062 0.9576 0.0190 0.0050 0.0080 0.0042 
  3        3   (5)      1 :  0.0030 0.9872 0.0020 0.0030 0.0020 0.0028 
  4        4   (0)      1 :  0.0030 0.9868 0.0020 0.0018 0.0030 0.0034 
  5        5   (0)      1 :  0.0214 0.9065 0.0060 0.0098 0.0158 0.0406 
  6        6   (0)      1 :  0.0032 0.9842 0.0040 0.0020 0.0030 0.0036 
  7        7   (0)      1 :  0.0064 0.8842 0.0304 0.0490 0.0058 0.0242 
  8        8   (5)      1 :  0.0020 0.9882 0.0020 0.0020 0.0030 0.0028 
  9        9   (0)      1 :  0.0020 0.9900 0.0020 0.0020 0.0020 0.0020 
 10       10   (0)      1 :  0.0048 0.9550 0.0234 0.0074 0.0056 0.0038 
 11       11   (0)      1 :  0.0038 0.9796 0.0050 0.0050 0.0030 0.0036 
 12       12   (0)      1 :  0.0040 0.9744 0.0056 0.0060 0.0068 0.0032 
 13       13   (0)      1 :  0.0028 0.9854 0.0024 0.0020 0.0050 0.0024 
 14       14   (0)      1 :  0.0040 0.9818 0.0052 0.0030 0.0030 0.0030 
 15       15   (0)      1 :  0.0054 0.9824 0.0042 0.0030 0.0030 0.0020 
 16       16   (0)      1 :  0.0030 0.9874 0.0020 0.0020 0.0020 0.0036 
 17       17   (0)      1 :  0.0020 0.9900 0.0020 0.0020 0.0020 0.0020 
 18       18   (0)      1 :  0.0118 0.9676 0.0052 0.0048 0.0050 0.0056 
 19       19   (0)      1 :  0.0022 0.9740 0.0020 0.0020 0.0134 0.0064 
 20       20   (0)      1 :  0.0126 0.9490 0.0102 0.0144 0.0070 0.0068 
 21       21   (0)      1 :  0.0020 0.9890 0.0020 0.0020 0.0030 0.0020 
 22       22   (0)      1 :  0.0020 0.9892 0.0020 0.0020 0.0020 0.0028 
 23       23   (0)      1 :  0.0022 0.9864 0.0020 0.0020 0.0022 0.0052 
 24       24   (0)      1 :  0.0034 0.9764 0.0020 0.0022 0.0060 0.0100 
 25       25   (0)      1 :  0.0040 0.9544 0.0064 0.0192 0.0080 0.0080 
 26       26   (0)      1 :  0.0022 0.9838 0.0030 0.0022 0.0060 0.0028 
 27       27   (5)      1 :  0.0136 0.9536 0.0090 0.0130 0.0040 0.0068 
 28       28   (0)      1 :  0.0088 0.9772 0.0032 0.0040 0.0020 0.0048 
 29       29   (0)      1 :  0.0030 0.9874 0.0020 0.0020 0.0020 0.0036 
 30       30   (0)      1 :  0.0046 0.9570 0.0102 0.0068 0.0094 0.0120 
 31       31   (0)      1 :  0.0022 0.9862 0.0020 0.0030 0.0020 0.0046 
 32       32   (0)      1 :  0.0306 0.9504 0.0040 0.0030 0.0090 0.0030 
 33       33   (0)      1 :  0.0030 0.9882 0.0020 0.0020 0.0020 0.0028 
 34       34   (0)      1 :  0.0022 0.9858 0.0020 0.0020 0.0020 0.0060 
 35       35   (0)      1 :  0.0086 0.9488 0.0052 0.0060 0.0056 0.0258 
 36       36   (0)      1 :  0.0176 0.9706 0.0020 0.0028 0.0030 0.0040 
 37       37   (0)      1 :  0.0040 0.9690 0.0040 0.0092 0.0080 0.0058 
 38       38   (0)      1 :  0.0030 0.9798 0.0040 0.0030 0.0070 0.0032 
 39       39   (0)      1 :  0.0068 0.9704 0.0116 0.0032 0.0050 0.0030 
 40       40   (0)      1 :  0.0042 0.9804 0.0030 0.0024 0.0040 0.0060 
 41       41   (0)      1 :  0.0030 0.9848 0.0030 0.0032 0.0030 0.0030 
 42       42   (0)      1 :  0.0020 0.9890 0.0020 0.0020 0.0030 0.0020 
 43       43   (0)      1 :  0.0030 0.9866 0.0032 0.0030 0.0020 0.0022 
 44       44   (0)      1 :  0.0020 0.9904 0.0020 0.0020 0.0016 0.0020 
 45       45   (5)      1 :  0.0056 0.9762 0.0060 0.0042 0.0050 0.0030 
 46       46   (0)      1 :  0.0022 0.9892 0.0020 0.0020 0.0010 0.0036 
 47       47   (0)      1 :  0.0060 0.9790 0.0050 0.0040 0.0020 0.0040 
 48       48   (0)      1 :  0.0042 0.9784 0.0048 0.0038 0.0030 0.0058 
 49       49   (0)      1 :  0.0038 0.9742 0.0088 0.0022 0.0090 0.0020 
 50       50   (0)      1 :  0.0030 0.9860 0.0030 0.0030 0.0020 0.0030 
 51       51   (0)      1 :  0.0022 0.9802 0.0042 0.0040 0.0062 0.0032 
 52       52   (0)      1 :  0.0052 0.9458 0.0082 0.0102 0.0218 0.0088 
 53       53   (0)      1 :  0.0034 0.9582 0.0030 0.0080 0.0030 0.0244 
 54       54   (0)      1 :  0.0040 0.9818 0.0052 0.0038 0.0020 0.0032 
 55       55   (0)      1 :  0.0030 0.9838 0.0030 0.0050 0.0020 0.0032 
 56       56   (0)      1 :  0.0030 0.9882 0.0020 0.0020 0.0020 0.0028 
 57       57  (10)      1 :  0.0058 0.9830 0.0020 0.0022 0.0042 0.0028 
 58       58   (5)      1 :  0.0060 0.9790 0.0052 0.0030 0.0030 0.0038 
 59       59   (0)      1 :  0.0026 0.9814 0.0040 0.0030 0.0040 0.0050 
 60       60   (0)      1 :  0.0028 0.9880 0.0030 0.0022 0.0020 0.0020 
 61       61   (0)      1 :  0.0032 0.9822 0.0030 0.0040 0.0030 0.0046 
 62       62   (0)      1 :  0.0048 0.9584 0.0288 0.0028 0.0020 0.0032 
 63       63   (0)      1 :  0.0040 0.9800 0.0050 0.0050 0.0030 0.0030 
 64       64   (0)      1 :  0.0030 0.9842 0.0050 0.0022 0.0020 0.0036 
 65       65   (0)      1 :  0.0162 0.9486 0.0102 0.0058 0.0158 0.0034 
 66       66   (0)      1 :  0.0100 0.9784 0.0022 0.0020 0.0022 0.0052 
 67       67   (5)      1 :  0.0060 0.9694 0.0038 0.0040 0.0102 0.0066 
 68       68   (0)      1 :  0.0054 0.9636 0.0080 0.0090 0.0032 0.0108 
 69       69   (0)      1 :  0.0020 0.9774 0.0050 0.0092 0.0020 0.0044 
 70       70   (0)      1 :  0.0058 0.9802 0.0050 0.0030 0.0030 0.0030 
 71       71   (5)      1 :  0.0088 0.9724 0.0030 0.0050 0.0036 0.0072 
 72       72   (0)      1 :  0.0038 0.9768 0.0042 0.0038 0.0080 0.0034 
 73       73   (5)      1 :  0.0034 0.9818 0.0030 0.0030 0.0020 0.0068 
 74       74  (10)      1 :  0.0050 0.9750 0.0060 0.0048 0.0050 0.0042 
 75       75  (10)      1 :  0.0022 0.9728 0.0030 0.0030 0.0142 0.0048 
 76       76   (0)      1 :  0.0074 0.9311 0.0020 0.0020 0.0030 0.0544 
 77       77  (10)      1 :  0.0034 0.9790 0.0030 0.0028 0.0030 0.0088 
 78       78   (0)      1 :  0.0058 0.9474 0.0050 0.0038 0.0062 0.0318 
 79       79   (5)      1 :  0.0032 0.9810 0.0050 0.0040 0.0020 0.0048 
 80       80   (0)      1 :  0.0020 0.9900 0.0020 0.0020 0.0020 0.0020 
 81       81   (0)      1 :  0.0020 0.9898 0.0020 0.0020 0.0020 0.0022 
 82       82   (0)      1 :  0.0020 0.9900 0.0020 0.0020 0.0020 0.0020 
 83       83   (0)      1 :  0.0048 0.9718 0.0040 0.0040 0.0030 0.0124 
 84       84   (0)      1 :  0.0048 0.9742 0.0094 0.0026 0.0060 0.0030 
 85       85   (0)      1 :  0.0020 0.9896 0.0024 0.0020 0.0020 0.0020 
 86       86   (5)      1 :  0.0020 0.9866 0.0030 0.0030 0.0030 0.0024 
 87       87   (0)      1 :  0.0038 0.9872 0.0020 0.0028 0.0020 0.0022 
 88       88   (0)      1 :  0.0298 0.8396 0.0066 0.0032 0.0076 0.1132 
 89       89   (0)      1 :  0.0072 0.9664 0.0030 0.0020 0.0168 0.0046 
 90       90   (0)      1 :  0.0116 0.9732 0.0042 0.0042 0.0022 0.0046 
 91       91   (0)      1 :  0.0032 0.9820 0.0052 0.0030 0.0030 0.0036 
 92       92   (0)      1 :  0.0120 0.9678 0.0052 0.0080 0.0026 0.0044 
 93       93   (0)      1 :  0.0020 0.9900 0.0020 0.0020 0.0020 0.0020 
 94       94   (5)      1 :  0.0044 0.9686 0.0030 0.0030 0.0102 0.0108 
 95       95   (0)      1 :  0.0020 0.9860 0.0040 0.0020 0.0030 0.0030 
 96       96   (5)      1 :  0.0020 0.9868 0.0030 0.0030 0.0030 0.0022 
 97       97   (0)      1 :  0.0044 0.9794 0.0050 0.0054 0.0020 0.0038 
 98       98   (0)      1 :  0.0040 0.9810 0.0032 0.0032 0.0040 0.0046 
 99       99   (5)      1 :  0.0030 0.9870 0.0030 0.0020 0.0030 0.0020 
100      100   (5)      1 :  0.0020 0.9900 0.0020 0.0020 0.0020 0.0020 
101      101   (5)      2 :  0.0040 0.5948 0.0108 0.3688 0.0042 0.0174 
102      102   (0)      2 :  0.0168 0.3767 0.2727 0.1347 0.0254 0.1736 
103      103   (0)      2 :  0.0044 0.5500 0.0556 0.2717 0.0126 0.1056 
104      104   (5)      2 :  0.0038 0.4783 0.3320 0.0200 0.0086 0.1573 
105      105   (5)      2 :  0.0040 0.3849 0.4756 0.0082 0.0054 0.1219 
106      106   (0)      2 :  0.0062 0.3764 0.1594 0.2162 0.0392 0.2025 
107      107   (0)      3 :  0.0072 0.0064 0.6422 0.0326 0.0030 0.3086 
108      108   (0)      3 :  0.0108 0.0770 0.1460 0.2757 0.0040 0.4865 
109      109  (10)      4 :  0.0062 0.0020 0.9790 0.0040 0.0020 0.0068 
110      110   (5)      4 :  0.0048 0.0030 0.9748 0.0060 0.0050 0.0064 
111      111   (5)      4 :  0.0042 0.0080 0.9764 0.0020 0.0030 0.0064 
112      112   (5)      4 :  0.0072 0.0020 0.9788 0.0076 0.0020 0.0024 
113      113  (10)      4 :  0.0044 0.0030 0.9756 0.0030 0.0042 0.0098 
114      114   (5)      4 :  0.0036 0.0124 0.9726 0.0020 0.0030 0.0064 
115      115  (10)      4 :  0.0032 0.0030 0.9844 0.0020 0.0020 0.0054 
116      116   (0)      4 :  0.0144 0.0054 0.8700 0.0152 0.0868 0.0082 
117      117   (0)      4 :  0.0044 0.0052 0.9772 0.0038 0.0020 0.0074 
118      118   (0)      4 :  0.0038 0.0020 0.9834 0.0050 0.0032 0.0026 
119      119   (0)      4 :  0.0090 0.0070 0.9744 0.0034 0.0040 0.0022 
120      120   (0)      4 :  0.0046 0.0294 0.9526 0.0030 0.0020 0.0084 
121      121   (0)      4 :  0.0030 0.0030 0.9832 0.0040 0.0030 0.0038 
122      122   (0)      4 :  0.0032 0.0030 0.9828 0.0022 0.0030 0.0058 
123      123   (0)      4 :  0.0056 0.0030 0.9606 0.0048 0.0022 0.0238 
124      124   (0)      4 :  0.0048 0.0034 0.9774 0.0020 0.0030 0.0094 
125      125   (0)      4 :  0.0040 0.0030 0.9852 0.0020 0.0020 0.0038 
126      126   (0)      4 :  0.0032 0.0088 0.9788 0.0020 0.0020 0.0052 
127      127   (0)      4 :  0.0070 0.0060 0.9600 0.0130 0.0042 0.0098 
128      128   (5)      4 :  0.0030 0.0070 0.9544 0.0124 0.0194 0.0038 
129      129   (0)      4 :  0.0022 0.0030 0.9670 0.0146 0.0060 0.0072 
130      130   (0)      4 :  0.0070 0.0244 0.9368 0.0162 0.0070 0.0086 
131      131   (5)      4 :  0.0056 0.0108 0.9714 0.0030 0.0060 0.0032 
132      132   (5)      4 :  0.0050 0.0060 0.9680 0.0110 0.0072 0.0028 
133      133   (0)      4 :  0.0088 0.0958 0.8332 0.0040 0.0450 0.0132 
134      134   (0)      4 :  0.0074 0.0396 0.9378 0.0072 0.0040 0.0040 
135      135   (0)      4 :  0.0494 0.0090 0.8961 0.0084 0.0042 0.0330 
136      136   (0)      4 :  0.0030 0.0030 0.9788 0.0082 0.0030 0.0040 
137      137   (0)      4 :  0.0052 0.0020 0.7717 0.2101 0.0050 0.0060 
138      138   (0)      4 :  0.0050 0.0020 0.9758 0.0102 0.0030 0.0040 
139      139   (0)      4 :  0.0030 0.0020 0.9226 0.0540 0.0092 0.0092 
140      140   (0)      4 :  0.0176 0.0040 0.9660 0.0062 0.0020 0.0042 
141      141   (0)      4 :  0.0032 0.0074 0.7458 0.0180 0.0130 0.2126 
142      142   (0)      4 :  0.0056 0.0032 0.4076 0.0218 0.0110 0.5508 
143      143   (0)      4 :  0.0042 0.0090 0.9680 0.0098 0.0036 0.0054 
144      144   (0)      4 :  0.0054 0.0767 0.3222 0.3507 0.0054 0.2396 
145      145   (0)      4 :  0.0062 0.0778 0.2410 0.0098 0.0116 0.6536 
146      146   (0)      4 :  0.0028 0.0028 0.0234 0.7678 0.0046 0.1986 
147      147   (0)      4 :  0.0032 0.0142 0.6695 0.0826 0.0106 0.2198 
148      148   (0)      4 :  0.0170 0.0342 0.3560 0.1780 0.0028 0.4120 
149      149   (0)      4 :  0.0202 0.0030 0.9185 0.0076 0.0018 0.0490 
150      150   (0)      4 :  0.0304 0.0030 0.9370 0.0110 0.0022 0.0164 
151      151  (10)      5 :  0.0166 0.0020 0.8858 0.0184 0.0030 0.0742 
152      152   (0)      5 :  0.0060 0.0028 0.0184 0.5517 0.0030 0.4181 
153      153   (0)      5 :  0.0030 0.0214 0.9026 0.0326 0.0334 0.0070 
154      154   (0)      5 :  0.0068 0.0030 0.8401 0.1315 0.0040 0.0146 
155      155   (0)      5 :  0.0064 0.0028 0.0054 0.5895 0.0020 0.3939 
156      156   (5)      5 :  0.0534 0.0030 0.1283 0.2395 0.0030 0.5728 
157      157   (0)      5 :  0.0174 0.0022 0.8765 0.0250 0.0030 0.0759 
158      158   (0)      5 :  0.0066 0.0040 0.1909 0.7923 0.0020 0.0042 
159      159   (0)      5 :  0.0038 0.0020 0.0030 0.9702 0.0166 0.0044 
160      160   (0)      5 :  0.1453 0.0244 0.7487 0.0090 0.0020 0.0705 
161      161   (0)      5 :  0.0034 0.0020 0.0052 0.4059 0.4953 0.0882 
162      162   (0)      5 :  0.0032 0.0022 0.0943 0.8673 0.0044 0.0286 
163      163   (0)      5 :  0.0202 0.0020 0.0162 0.7618 0.0060 0.1938 
164      164   (0)      5 :  0.0042 0.0030 0.0056 0.7896 0.0020 0.1956 
165      165   (5)      5 :  0.0098 0.0066 0.0858 0.8013 0.0048 0.0917 
166      166   (0)      5 :  0.0056 0.0030 0.0178 0.7742 0.0030 0.1964 
167      167   (0)      5 :  0.0042 0.0042 0.0064 0.9696 0.0070 0.0086 
168      168   (0)      5 :  0.0028 0.0020 0.0028 0.9874 0.0028 0.0022 
169      169   (0)      5 :  0.0042 0.0020 0.0234 0.7648 0.0030 0.2026 
170      170   (0)      5 :  0.0020 0.0010 0.0040 0.9728 0.0020 0.0182 
171      171   (0)      5 :  0.0088 0.0022 0.4296 0.5518 0.0024 0.0052 
172      172   (5)      5 :  0.0088 0.0032 0.0130 0.9596 0.0062 0.0092 
173      173   (5)      5 :  0.0070 0.0038 0.0064 0.7567 0.0564 0.1698 
174      174   (5)      5 :  0.0604 0.0062 0.7544 0.1026 0.0052 0.0711 
175      175   (0)      5 :  0.0198 0.0158 0.0960 0.6432 0.0020 0.2232 
176      176   (0)      5 :  0.0859 0.0020 0.5782 0.2544 0.0022 0.0772 
177      177   (0)      5 :  0.0084 0.0020 0.0330 0.7518 0.0050 0.1998 
178      178   (0)      5 :  0.0130 0.0138 0.0950 0.6588 0.0020 0.2174 
179      179   (0)      5 :  0.0032 0.0020 0.0354 0.7624 0.0022 0.1948 
180      180   (0)      5 :  0.0030 0.0042 0.0072 0.9746 0.0042 0.0068 
181      181   (0)      5 :  0.0038 0.0034 0.0050 0.9732 0.0106 0.0040 
182      182   (0)      5 :  0.0074 0.0020 0.0130 0.8240 0.0160 0.1376 
183      183   (0)      5 :  0.0038 0.0020 0.0438 0.7460 0.0028 0.2016 
184      184   (0)      5 :  0.0180 0.0032 0.8177 0.0690 0.0058 0.0863 
185      185   (0)      5 :  0.0146 0.0028 0.0052 0.7712 0.0026 0.2036 
186      186   (0)      5 :  0.0020 0.0022 0.0040 0.9418 0.0042 0.0458 
187      187   (5)      5 :  0.0072 0.0036 0.0206 0.7574 0.0102 0.2010 
188      188   (0)      5 :  0.0044 0.0048 0.6271 0.1929 0.0050 0.1658 
189      189   (0)      5 :  0.0066 0.0020 0.0220 0.7664 0.0038 0.1992 
190      190   (0)      5 :  0.0048 0.0030 0.9680 0.0170 0.0030 0.0042 
191      191   (0)      5 :  0.0050 0.0028 0.0100 0.7834 0.0040 0.1948 
192      192   (0)      5 :  0.0038 0.0020 0.9774 0.0110 0.0030 0.0028 
193      193   (5)      5 :  0.0024 0.0020 0.0054 0.8688 0.0042 0.1172 
194      194   (5)      5 :  0.0056 0.0066 0.4519 0.3493 0.0070 0.1796 
195      195   (5)      5 :  0.0030 0.0020 0.0066 0.7826 0.0058 0.2000 
196      196   (5)      5 :  0.0028 0.0028 0.0074 0.7792 0.0092 0.1986 
197      197   (5)      5 :  0.0078 0.0070 0.2692 0.6491 0.0122 0.0547 
198      198   (5)      5 :  0.0050 0.0116 0.4457 0.3568 0.0080 0.1730 
199      199   (0)      5 :  0.0768 0.0030 0.8918 0.0156 0.0032 0.0096 
200      200   (5)      5 :  0.0040 0.0020 0.0264 0.9526 0.0050 0.0100 
201      201   (0)      5 :  0.8680 0.0030 0.0370 0.0454 0.0078 0.0388 
202      202   (0)      5 :  0.2738 0.0172 0.6330 0.0062 0.0258 0.0440 
203      203   (0)      5 :  0.0126 0.0020 0.0566 0.8723 0.0082 0.0482 
204      204   (0)      5 :  0.0030 0.0014 0.0062 0.9788 0.0020 0.0086 
205      205   (0)      5 :  0.0242 0.0032 0.0050 0.9484 0.0032 0.0160 
206      206   (0)      5 :  0.0120 0.0020 0.7870 0.1308 0.0078 0.0605 
207      207   (0)      5 :  0.0042 0.0020 0.8810 0.1032 0.0060 0.0036 
208      208   (0)      5 :  0.0953 0.0050 0.0778 0.8119 0.0030 0.0070 
209      209   (0)      5 :  0.0082 0.0020 0.0040 0.9742 0.0084 0.0032 
210      210   (0)      5 :  0.0122 0.0028 0.0438 0.7448 0.0032 0.1932 
211      211   (0)      5 :  0.0580 0.0020 0.2715 0.2595 0.0020 0.4069 
212      212   (0)      5 :  0.2154 0.0024 0.0026 0.0036 0.0022 0.7738 
213      213   (0)      5 :  0.0046 0.0010 0.0042 0.9826 0.0042 0.0034 
214      214   (0)      5 :  0.0066 0.0020 0.0058 0.9786 0.0030 0.0040 
215      215   (0)      5 :  0.0216 0.0020 0.0286 0.7460 0.0038 0.1980 
216      216   (0)      5 :  0.0428 0.0028 0.3143 0.3083 0.0030 0.3288 
217      217   (0)      5 :  0.0086 0.0020 0.2604 0.7210 0.0020 0.0060 
218      218   (0)      5 :  0.0110 0.0058 0.1736 0.3234 0.3307 0.1555 
219      219   (0)      5 :  0.0074 0.0032 0.0044 0.9219 0.0100 0.0532 
220      220   (0)      5 :  0.0142 0.0030 0.0836 0.6680 0.0188 0.2124 
221      221   (0)      5 :  0.0022 0.0020 0.0034 0.9866 0.0020 0.0038 
222      222   (0)      5 :  0.0020 0.0012 0.0064 0.9848 0.0020 0.0036 
223      223   (0)      5 :  0.0326 0.0166 0.0810 0.6820 0.0038 0.1840 
224      224   (0)      5 :  0.0110 0.0030 0.0358 0.6676 0.0030 0.2796 
225      225   (0)      5 :  0.0084 0.0022 0.0066 0.8933 0.0024 0.0871 
226      226   (0)      5 :  0.0200 0.0018 0.0068 0.7708 0.0020 0.1986 
227      227   (0)      5 :  0.0538 0.0038 0.1653 0.5860 0.0030 0.1880 
228      228   (0)      5 :  0.0044 0.0032 0.1586 0.7415 0.0158 0.0765 
229      229   (0)      5 :  0.0076 0.0042 0.0132 0.9590 0.0110 0.0050 
230      230   (0)      5 :  0.0222 0.0030 0.0140 0.7600 0.0030 0.1978 
231      231   (0)      5 :  0.0020 0.0014 0.0114 0.1796 0.7628 0.0428 
232      232   (0)      5 :  0.0040 0.0022 0.0126 0.9684 0.0032 0.0096 
233      233   (0)      5 :  0.0050 0.0026 0.0262 0.9558 0.0040 0.0064 
234      234   (0)      5 :  0.0040 0.0020 0.0068 0.9768 0.0044 0.0060 
235      235   (0)      5 :  0.0030 0.0010 0.0064 0.9830 0.0022 0.0044 
236      236   (0)      5 :  0.0028 0.0036 0.0038 0.7988 0.0034 0.1876 
237      237   (0)      5 :  0.0060 0.0030 0.0420 0.9408 0.0020 0.0062 
238      238   (0)      5 :  0.0096 0.0020 0.0068 0.7808 0.0058 0.1950 
239      239   (0)      5 :  0.0190 0.0020 0.8617 0.0879 0.0070 0.0224 
240      240   (0)      5 :  0.0072 0.0020 0.3238 0.4654 0.0042 0.1974 
241      241   (0)      5 :  0.0108 0.0020 0.0946 0.6926 0.0076 0.1924 
242      242   (0)      5 :  0.0022 0.0028 0.0028 0.7888 0.0020 0.2014 
243      243  (10)      5 :  0.0130 0.0052 0.1403 0.1049 0.7021 0.0346 
244      244   (0)      5 :  0.0022 0.0022 0.0030 0.9846 0.0032 0.0048 
245      245   (0)      5 :  0.0032 0.0020 0.9640 0.0186 0.0042 0.0080 
246      246   (0)      5 :  0.0116 0.0030 0.0048 0.8273 0.0144 0.1389 
247      247   (0)      5 :  0.0030 0.0030 0.0028 0.7850 0.0084 0.1978 
248      248   (0)      5 :  0.0088 0.0044 0.0056 0.7706 0.0034 0.2072 
249      249   (0)      5 :  0.0032 0.0020 0.0054 0.9746 0.0020 0.0128 
250      250   (0)      5 :  0.0660 0.0020 0.0088 0.8357 0.0042 0.0833 
251      251   (0)      5 :  0.0020 0.0010 0.0040 0.9728 0.0020 0.0182 
252      252   (0)      5 :  0.0028 0.0010 0.0150 0.9748 0.0030 0.0034 
253      253   (0)      5 :  0.0088 0.0040 0.0066 0.7914 0.0120 0.1772 
254      254   (0)      5 :  0.0028 0.0010 0.0166 0.9722 0.0030 0.0044 
255      255   (0)      5 :  0.0028 0.0020 0.1656 0.8188 0.0068 0.0040 
256      256   (0)      6 :  0.0088 0.0106 0.9660 0.0048 0.0068 0.0030 
257      257  (10)      6 :  0.0038 0.0040 0.9746 0.0064 0.0084 0.0028 
258      258  (10)      6 :  0.0180 0.0040 0.8606 0.0264 0.0162 0.0748 
259      259   (5)      6 :  0.0028 0.0020 0.0090 0.9798 0.0030 0.0034 
260      260   (5)      6 :  0.0032 0.0022 0.9302 0.0490 0.0104 0.0050 
261      261   (0)      6 :  0.0040 0.0016 0.0030 0.9832 0.0040 0.0042 
262      262   (5)      6 :  0.0022 0.0020 0.0038 0.7882 0.0050 0.1988 
263      263   (5)      6 :  0.0030 0.0020 0.0032 0.9824 0.0064 0.0030 
264      264   (0)      6 :  0.0030 0.0012 0.0116 0.9706 0.0030 0.0106 
265      265   (0)      6 :  0.0046 0.0020 0.0212 0.9666 0.0030 0.0026 
266      266   (0)      6 :  0.0046 0.0020 0.0214 0.9664 0.0030 0.0026 
267      267   (0)      6 :  0.2454 0.0020 0.4254 0.3120 0.0052 0.0100 
268      268   (0)      6 :  0.0040 0.0020 0.0070 0.8931 0.0030 0.0909 
269      269   (5)      6 :  0.0050 0.0020 0.9644 0.0210 0.0040 0.0036 
270      270   (5)      6 :  0.0034 0.0062 0.9704 0.0096 0.0030 0.0074 
271      271  (10)      6 :  0.1354 0.0040 0.4557 0.3519 0.0068 0.0462 
272      272   (0)      6 :  0.0098 0.0020 0.0100 0.9678 0.0048 0.0056 
273      273   (5)      6 :  0.0170 0.0046 0.0028 0.7696 0.0056 0.2004 
274      274   (5)      6 :  0.0078 0.0030 0.7499 0.2283 0.0022 0.0088 
275      275   (0)      6 :  0.0050 0.0012 0.0030 0.9844 0.0020 0.0044 
276      276   (5)      6 :  0.0410 0.0020 0.0104 0.9383 0.0050 0.0032 
277      277   (0)      6 :  0.0060 0.0094 0.8916 0.0558 0.0020 0.0352 
278      278   (5)      6 :  0.0020 0.0010 0.0058 0.9834 0.0040 0.0038 
279      279   (0)      6 :  0.0046 0.0020 0.7504 0.1037 0.0162 0.1231 
280      280   (0)      6 :  0.0020 0.0028 0.0030 0.7884 0.0068 0.1970 
281      281   (0)      6 :  0.0028 0.0028 0.0038 0.7894 0.0030 0.1982 
282      282   (0)      6 :  0.0034 0.0020 0.0030 0.9840 0.0044 0.0032 
283      283   (0)      6 :  0.0378 0.0030 0.5871 0.2967 0.0154 0.0601 
284      284   (0)      6 :  0.0020 0.0030 0.0022 0.9808 0.0068 0.0052 
285      285   (0)      6 :  0.0020 0.0042 0.0038 0.7868 0.0050 0.1982 
286      286   (0)      6 :  0.0020 0.0028 0.0030 0.7954 0.0020 0.1948 
287      287   (0)      6 :  0.0044 0.0054 0.0030 0.9610 0.0170 0.0092 
288      288   (0)      6 :  0.0020 0.0020 0.0048 0.9838 0.0040 0.0034 
289      289   (0)      6 :  0.0226 0.0034 0.8854 0.0512 0.0040 0.0334 
290      290   (0)      6 :  0.0060 0.0040 0.9596 0.0174 0.0062 0.0068 
291      291   (0)      6 :  0.0034 0.0010 0.9806 0.0094 0.0028 0.0028 
292      292   (0)      6 :  0.0110 0.0078 0.8633 0.1066 0.0020 0.0094 
293      293   (0)      6 :  0.0028 0.0020 0.9768 0.0092 0.0020 0.0072 
294      294   (5)      6 :  0.0076 0.0042 0.0332 0.9424 0.0050 0.0076 
295      295   (5)      6 :  0.0030 0.0020 0.0032 0.7880 0.0048 0.1990 
296      296   (0)      6 :  0.0060 0.0032 0.3516 0.6296 0.0020 0.0076 
297      297  (15)      6 :  0.0054 0.0042 0.9648 0.0134 0.0060 0.0062 
298      298  (10)      6 :  0.0038 0.0020 0.0154 0.9664 0.0070 0.0054 
299      299  (10)      6 :  0.0068 0.0020 0.9540 0.0270 0.0030 0.0072 
300      300  (10)      6 :  0.0198 0.0030 0.9066 0.0536 0.0052 0.0118 
301      301   (5)      6 :  0.0060 0.0030 0.0170 0.9622 0.0040 0.0078 
302      302   (5)      6 :  0.0318 0.0020 0.9512 0.0054 0.0060 0.0036 
303      303   (5)      6 :  0.0040 0.0020 0.9816 0.0058 0.0020 0.0046 
304      304   (5)      6 :  0.0040 0.0020 0.0030 0.9830 0.0040 0.0040 
305      305   (5)      6 :  0.0368 0.0040 0.6441 0.2714 0.0112 0.0326 
306      306   (5)      6 :  0.0186 0.0028 0.9648 0.0058 0.0020 0.0060 
307      307  (15)      6 :  0.0314 0.0088 0.9192 0.0204 0.0122 0.0080 
308      308   (5)      6 :  0.0136 0.0078 0.9638 0.0062 0.0050 0.0036 
309      309   (5)      6 :  0.0056 0.0020 0.9764 0.0102 0.0030 0.0028 
310      310  (15)      6 :  0.0092 0.0024 0.9714 0.0070 0.0058 0.0042 
311      311   (5)      6 :  0.0768 0.0126 0.8577 0.0246 0.0122 0.0160 
312      312   (5)      6 :  0.0144 0.0400 0.8453 0.0216 0.0120 0.0667 
313      313   (5)      6 :  0.0184 0.0030 0.8404 0.0679 0.0032 0.0671 
314      314   (5)      6 :  0.0030 0.0020 0.0030 0.9842 0.0050 0.0028 
315      315  (10)      6 :  0.0062 0.0030 0.0350 0.9462 0.0042 0.0054 
316      316   (5)      6 :  0.0088 0.0022 0.0172 0.9124 0.0378 0.0216 
317      317   (5)      6 :  0.0098 0.0030 0.2251 0.7555 0.0020 0.0046 
318      318  (10)      6 :  0.0174 0.0020 0.0096 0.9554 0.0116 0.0040 
319      319  (10)      6 :  0.0108 0.0030 0.9166 0.0504 0.0032 0.0160 
320      320  (10)      6 :  0.0068 0.0078 0.9648 0.0124 0.0030 0.0052 
321      321  (10)      6 :  0.0296 0.0142 0.9234 0.0106 0.0102 0.0120 
322      322   (5)      6 :  0.0108 0.0020 0.8920 0.0528 0.0042 0.0382 
323      323  (10)      6 :  0.0066 0.0030 0.9116 0.0098 0.0068 0.0622 
324      324   (0)      6 :  0.0030 0.0010 0.0066 0.9748 0.0080 0.0066 
325      325   (5)      6 :  0.0030 0.0020 0.0060 0.9770 0.0052 0.0068 
326      326   (0)      6 :  0.0048 0.0020 0.9560 0.0312 0.0030 0.0030 
327      327   (0)      6 :  0.0020 0.0010 0.7676 0.2244 0.0020 0.0030 
328      328   (0)      6 :  0.0046 0.0020 0.9804 0.0066 0.0030 0.0034 
329      329   (0)      6 :  0.0030 0.0052 0.8703 0.1051 0.0050 0.0114 
330      330   (0)      6 :  0.0080 0.0020 0.9726 0.0050 0.0020 0.0104 
331      331   (0)      6 :  0.0038 0.0094 0.6750 0.2431 0.0212 0.0474 
332      332   (0)      6 :  0.0096 0.0030 0.9316 0.0116 0.0402 0.0040 
333      333  (10)      6 :  0.0030 0.0020 0.9816 0.0066 0.0030 0.0038 
334      334  (10)      6 :  0.9488 0.0088 0.0142 0.0118 0.0058 0.0106 
335      335   (0)      6 :  0.0368 0.0134 0.9376 0.0042 0.0050 0.0030 
336      336   (5)      6 :  0.3207 0.0500 0.5247 0.0696 0.0052 0.0298 
337      337   (0)      6 :  0.0056 0.0020 0.9782 0.0050 0.0050 0.0042 
338      338   (5)      6 :  0.0350 0.0176 0.9253 0.0098 0.0060 0.0064 
339      339   (5)      6 :  0.0098 0.0020 0.0152 0.9538 0.0124 0.0068 
340      340   (5)      6 :  0.0060 0.0054 0.3707 0.5535 0.0214 0.0430 
341      341  (10)      6 :  0.0048 0.0020 0.9530 0.0330 0.0040 0.0032 
342      342   (0)      6 :  0.0200 0.0030 0.1999 0.7701 0.0030 0.0040 
343      343   (0)      6 :  0.0048 0.0020 0.9510 0.0304 0.0042 0.0076 
344      344   (0)      6 :  0.6901 0.0264 0.2657 0.0066 0.0042 0.0070 
345      345   (0)      6 :  0.0088 0.0032 0.0769 0.9013 0.0030 0.0068 
346      346   (0)      6 :  0.1536 0.0042 0.1534 0.5174 0.0056 0.1658 
347      347   (0)      6 :  0.0038 0.0020 0.0222 0.9644 0.0030 0.0046 
348      348   (0)      6 :  0.0080 0.0020 0.0206 0.9189 0.0240 0.0266 
349      349   (0)      6 :  0.0378 0.0030 0.9294 0.0088 0.0100 0.0110 
350      350   (0)      6 :  0.0088 0.0020 0.0138 0.9600 0.0122 0.0032 
351      351   (0)      6 :  0.0056 0.0020 0.9820 0.0040 0.0030 0.0034 
352      352   (0)      6 :  0.0058 0.0020 0.9754 0.0094 0.0020 0.0054 
353      353   (0)      6 :  0.6447 0.0094 0.2358 0.0418 0.0574 0.0110 
354      354   (0)      6 :  0.5993 0.0058 0.3186 0.0164 0.0110 0.0490 
355      355   (0)      6 :  0.7831 0.0076 0.0840 0.0458 0.0160 0.0634 
356      356   (0)      6 :  0.0076 0.0022 0.0060 0.9238 0.0080 0.0524 
357      357   (0)      6 :  0.0092 0.0068 0.9630 0.0062 0.0106 0.0042 
358      358   (0)      6 :  0.0030 0.0020 0.9694 0.0204 0.0030 0.0022 
359      359   (5)      6 :  0.0090 0.0040 0.9592 0.0142 0.0060 0.0076 
360      360   (0)      6 :  0.0870 0.0028 0.0636 0.8259 0.0056 0.0152 
361      361   (5)      6 :  0.4965 0.2492 0.2337 0.0084 0.0040 0.0082 
362      362   (0)      6 :  0.0134 0.0028 0.5544 0.3876 0.0044 0.0374 
363      363   (0)      6 :  0.3543 0.0068 0.0144 0.5531 0.0538 0.0176 
364      364   (0)      6 :  0.0288 0.0040 0.9424 0.0050 0.0030 0.0168 
365      365   (0)      6 :  0.1646 0.0042 0.6733 0.1396 0.0074 0.0110 
366      366   (0)      6 :  0.0048 0.0020 0.0112 0.9738 0.0040 0.0042 
367      367   (0)      6 :  0.0032 0.0020 0.0240 0.9494 0.0070 0.0144 
368      368   (0)      6 :  0.0194 0.0062 0.9084 0.0362 0.0174 0.0124 
369      369   (0)      6 :  0.0068 0.0020 0.9794 0.0078 0.0020 0.0020 
370      370   (0)      6 :  0.0288 0.0030 0.0636 0.8967 0.0030 0.0048 
371      371   (0)      6 :  0.0152 0.0020 0.0742 0.9021 0.0030 0.0034 
372      372   (0)      6 :  0.5571 0.0054 0.0784 0.2463 0.0874 0.0254 
373      373   (0)      6 :  0.0046 0.0020 0.0178 0.9676 0.0030 0.0050 
374      374   (0)      6 :  0.0066 0.0030 0.9770 0.0070 0.0020 0.0044 
375      375   (5)      6 :  0.0126 0.0020 0.9684 0.0096 0.0040 0.0034 
376      376   (0)      6 :  0.0206 0.0080 0.9170 0.0304 0.0148 0.0092 
377      377   (0)      6 :  0.0318 0.0030 0.9182 0.0166 0.0060 0.0244 
378      378   (0)      6 :  0.0030 0.0030 0.9582 0.0244 0.0030 0.0084 
379      379  (10)      6 :  0.0116 0.0020 0.8602 0.1164 0.0062 0.0036 
380      380   (0)      6 :  0.0028 0.0020 0.9854 0.0054 0.0020 0.0024 
381      381   (0)      6 :  0.0100 0.0024 0.0262 0.9518 0.0030 0.0066 
382      382   (0)      6 :  0.0054 0.0020 0.9782 0.0076 0.0038 0.0030 
383      383  (10)      6 :  0.0324 0.0032 0.8284 0.0956 0.0078 0.0326 
384      384   (5)      6 :  0.0150 0.0020 0.9734 0.0032 0.0022 0.0042 
385      385   (0)      6 :  0.0046 0.0020 0.9760 0.0086 0.0030 0.0058 
386      386   (5)      6 :  0.0056 0.0030 0.2042 0.7752 0.0040 0.0080 
387      387   (5)      6 :  0.0030 0.0010 0.0180 0.9702 0.0030 0.0048 
388      388  (10)      6 :  0.0188 0.0044 0.3969 0.4023 0.0032 0.1744 
389      389   (0)      6 :  0.0040 0.0020 0.9256 0.0576 0.0056 0.0052 
390      390   (5)      6 :  0.0044 0.0032 0.9602 0.0166 0.0032 0.0124 
391      391  (10)      6 :  0.0102 0.0020 0.0126 0.9445 0.0064 0.0242 
392      392   (0)      6 :  0.0034 0.0036 0.9812 0.0032 0.0020 0.0066 
393      393   (0)      6 :  0.0158 0.0202 0.9298 0.0196 0.0076 0.0070 
394      394   (0)      6 :  0.0118 0.0020 0.8458 0.0662 0.0040 0.0702 
395      395   (0)      6 :  0.0108 0.0030 0.9254 0.0206 0.0060 0.0342 
396      396   (0)      6 :  0.0050 0.0038 0.1842 0.7105 0.0050 0.0915 
397      397   (0)      6 :  0.0040 0.0052 0.2775 0.6425 0.0022 0.0686 
398      398   (0)      6 :  0.0078 0.0020 0.0918 0.8798 0.0070 0.0116 
399      399   (0)      6 :  0.0020 0.0020 0.0030 0.9870 0.0030 0.0030 
400      400   (0)      6 :  0.0030 0.0012 0.0034 0.9826 0.0040 0.0058 
401      401   (5)      6 :  0.0434 0.0058 0.8778 0.0526 0.0030 0.0174 
402      402   (0)      6 :  0.0030 0.0010 0.0054 0.9842 0.0030 0.0034 
403      403   (0)      6 :  0.0048 0.0072 0.0760 0.8422 0.0528 0.0170 
404      404   (0)      6 :  0.0058 0.0024 0.6972 0.2876 0.0022 0.0048 
405      405   (5)      6 :  0.0114 0.0050 0.9508 0.0102 0.0138 0.0088 
406      406   (0)      6 :  0.0040 0.0020 0.9740 0.0122 0.0040 0.0038 
407      407   (0)      6 :  0.0490 0.0110 0.8564 0.0224 0.0142 0.0470 
408      408   (0)      6 :  0.0022 0.0020 0.0030 0.9854 0.0030 0.0044 
409      409   (0)      6 :  0.1843 0.0020 0.1736 0.5991 0.0142 0.0268 
410      410   (0)      6 :  0.0060 0.0038 0.0204 0.9592 0.0040 0.0066 
411      411   (0)      6 :  0.0042 0.0034 0.3095 0.6433 0.0250 0.0146 
412      412   (0)      6 :  0.0084 0.0070 0.9678 0.0068 0.0030 0.0070 
413      413   (0)      6 :  0.0038 0.0020 0.3312 0.6548 0.0034 0.0048 
414      414   (0)      6 :  0.0040 0.0020 0.0046 0.9792 0.0050 0.0052 
415      415   (0)      6 :  0.0298 0.0162 0.8666 0.0688 0.0050 0.0136 
416      416   (0)      6 :  0.0382 0.0022 0.0606 0.8305 0.0594 0.0090 
417      417   (0)      6 :  0.0028 0.0010 0.0106 0.9758 0.0040 0.0058 
418      418   (0)      6 :  0.0174 0.0030 0.2611 0.7111 0.0040 0.0034 
419      419   (0)      6 :  0.0030 0.0020 0.0038 0.9860 0.0020 0.0032 
420      420   (0)      6 :  0.0030 0.0010 0.9862 0.0050 0.0020 0.0028 
421      421   (0)      6 :  0.0028 0.0020 0.0084 0.9804 0.0030 0.0034 
422      422   (0)      6 :  0.0042 0.0020 0.9308 0.0342 0.0036 0.0252 
423      423   (0)      6 :  0.0038 0.0032 0.9810 0.0058 0.0030 0.0032 
424      424   (0)      6 :  0.0034 0.0022 0.0236 0.9632 0.0032 0.0044 
425      425   (0)      6 :  0.0030 0.0020 0.0656 0.9242 0.0020 0.0032 
426      426  (10)      6 :  0.0154 0.0044 0.2289 0.6838 0.0070 0.0605 
427      427   (5)      6 :  0.1334 0.0020 0.2293 0.3455 0.0148 0.2751 
428      428  (10)      6 :  0.0048 0.0020 0.9692 0.0138 0.0040 0.0062 
429      429   (5)      6 :  0.0160 0.0978 0.8392 0.0100 0.0182 0.0188 
430      430  (10)      6 :  0.0046 0.0020 0.0144 0.9634 0.0112 0.0044 
431      431  (10)      6 :  0.0038 0.0020 0.9446 0.0070 0.0376 0.0050 
432      432   (0)      6 :  0.0028 0.0028 0.0030 0.7872 0.0040 0.2002 
433      433   (5)      6 :  0.0070 0.0048 0.6066 0.2202 0.0092 0.1522 
434      434   (5)      6 :  0.0220 0.0178 0.8974 0.0298 0.0052 0.0278 
435      435  (10)      6 :  0.0030 0.0030 0.9614 0.0168 0.0100 0.0058 
436      436   (0)      6 :  0.0040 0.0020 0.0048 0.9798 0.0054 0.0040 
437      437   (0)      6 :  0.0038 0.0030 0.0302 0.9562 0.0032 0.0036 
438      438   (0)      6 :  0.0028 0.0020 0.0859 0.9031 0.0030 0.0032 
439      439   (0)      6 :  0.0030 0.0020 0.0080 0.9812 0.0020 0.0038 
440      440   (0)      6 :  0.0054 0.0078 0.9266 0.0080 0.0482 0.0040 
441      441   (0)      6 :  0.3091 0.0418 0.6035 0.0080 0.0024 0.0352 
442      442   (0)      6 :  0.0038 0.0218 0.9538 0.0100 0.0050 0.0056 
443      443   (0)      6 :  0.0128 0.0020 0.5975 0.3715 0.0022 0.0140 
444      444   (0)      6 :  0.0042 0.0020 0.9610 0.0178 0.0020 0.0130 
445      445   (5)      6 :  0.7899 0.0072 0.1723 0.0108 0.0042 0.0156 
446      446   (0)      6 :  0.8044 0.0094 0.1290 0.0046 0.0108 0.0418 
447      447   (0)      6 :  0.0848 0.0020 0.8709 0.0220 0.0124 0.0078 
448      448  (10)      6 :  0.3581 0.0074 0.6131 0.0102 0.0070 0.0042 
449      449   (5)      6 :  0.0180 0.0040 0.9292 0.0228 0.0214 0.0046 
450      450   (0)      6 :  0.0056 0.0010 0.9712 0.0150 0.0030 0.0042 
451      451   (5)      6 :  0.9622 0.0042 0.0124 0.0072 0.0078 0.0062 
452      452   (5)      6 :  0.0072 0.0030 0.9102 0.0426 0.0090 0.0280 
453      453   (0)      6 :  0.0040 0.0020 0.9474 0.0180 0.0070 0.0216 
454      454   (0)      6 :  0.0058 0.0278 0.7419 0.1977 0.0070 0.0198 
455      455   (0)      6 :  0.0064 0.0030 0.8884 0.0928 0.0040 0.0054 
456      456   (0)      6 :  0.4760 0.0044 0.4856 0.0176 0.0032 0.0132 
457      457   (0)      6 :  0.0938 0.0020 0.0884 0.8004 0.0120 0.0034 
458      458   (0)      6 :  0.0074 0.0038 0.9662 0.0110 0.0078 0.0038 
459      459   (0)      6 :  0.0030 0.0020 0.9760 0.0122 0.0030 0.0038 
460      460   (0)      6 :  0.0080 0.0018 0.0190 0.9486 0.0032 0.0194 
461      461   (0)      6 :  0.0048 0.0020 0.9588 0.0274 0.0022 0.0048 
462      462   (0)      6 :  0.0040 0.0020 0.9412 0.0412 0.0032 0.0084 
463      463   (0)      6 :  0.0030 0.0038 0.0050 0.7902 0.0040 0.1940 
464      464   (0)      6 :  0.0032 0.0020 0.0398 0.9428 0.0030 0.0092 
465      465   (0)      6 :  0.0132 0.0030 0.0538 0.9190 0.0020 0.0090 
466      466   (0)      6 :  0.0040 0.0020 0.0072 0.9804 0.0020 0.0044 
467      467   (0)      6 :  0.0020 0.0020 0.0028 0.7898 0.0050 0.1984 
468      468   (0)      6 :  0.0030 0.0028 0.0050 0.7850 0.0040 0.2002 
469      469   (0)      6 :  0.0020 0.0020 0.0028 0.7898 0.0050 0.1984 
470      470   (0)      6 :  0.0030 0.0020 0.0082 0.9810 0.0022 0.0036 
471      471   (0)      6 :  0.0020 0.0020 0.0030 0.9874 0.0020 0.0036 
472      472   (0)      6 :  0.0020 0.0020 0.0040 0.9846 0.0030 0.0044 
473      473   (0)      6 :  0.0028 0.0020 0.0094 0.9800 0.0022 0.0036 
474      474   (0)      6 :  0.0358 0.0020 0.8654 0.0478 0.0410 0.0080 
475      475   (0)      6 :  0.0282 0.0020 0.0074 0.9546 0.0052 0.0026 
476      476   (0)      6 :  0.0030 0.0040 0.9508 0.0140 0.0194 0.0088 
477      477   (0)      6 :  0.0056 0.0052 0.9786 0.0042 0.0030 0.0034 
478      478   (0)      6 :  0.0032 0.0020 0.0574 0.9106 0.0034 0.0234 
479      479   (0)      6 :  0.0106 0.0048 0.0040 0.8002 0.0046 0.1758 
480      480   (0)      6 :  0.0054 0.0020 0.0298 0.9566 0.0040 0.0022 
481      481   (0)      6 :  0.0048 0.0020 0.0030 0.9824 0.0030 0.0048 
482      482   (0)      6 :  0.0112 0.0020 0.0078 0.9714 0.0032 0.0044 
483      483   (0)      6 :  0.1063 0.0040 0.4386 0.3993 0.0068 0.0450 
484      484   (0)      6 :  0.0132 0.0058 0.9353 0.0276 0.0110 0.0072 
485      485   (0)      6 :  0.0048 0.0020 0.9734 0.0122 0.0030 0.0046 
486      486   (0)      6 :  0.0040 0.0030 0.9676 0.0138 0.0060 0.0056 
487      487   (0)      6 :  0.0020 0.0020 0.0020 0.9870 0.0030 0.0040 
488      488   (0)      6 :  0.0072 0.0058 0.9034 0.0062 0.0714 0.0060 
489      489   (0)      6 :  0.0046 0.0028 0.0290 0.9590 0.0020 0.0026 
490      490   (0)      6 :  0.0038 0.0020 0.9742 0.0114 0.0026 0.0060 
491      491   (0)      6 :  0.0262 0.0030 0.9432 0.0132 0.0052 0.0092 
492      492   (0)      6 :  0.0106 0.0046 0.5387 0.4295 0.0030 0.0136 
493      493   (0)      6 :  0.0058 0.0020 0.9346 0.0478 0.0050 0.0048 
494      494   (0)      6 :  0.0296 0.0020 0.9504 0.0106 0.0030 0.0044 
495      495   (0)      6 :  0.0030 0.0020 0.0038 0.9860 0.0020 0.0032 
496      496   (5)      7 :  0.3786 0.0174 0.4910 0.0690 0.0040 0.0400 
497      497   (0)      7 :  0.8296 0.0030 0.1438 0.0094 0.0040 0.0102 
498      498   (0)      7 :  0.8478 0.0050 0.1086 0.0174 0.0172 0.0040 
499      499   (0)      7 :  0.9466 0.0022 0.0350 0.0064 0.0058 0.0040 
500      500   (0)      7 :  0.1585 0.0030 0.8121 0.0122 0.0080 0.0062 
501      501   (0)      7 :  0.3759 0.0645 0.5428 0.0040 0.0048 0.0080 
502      502   (0)      7 :  0.4675 0.0058 0.4064 0.0268 0.0136 0.0800 
503      503   (0)      7 :  0.1018 0.0212 0.7606 0.0202 0.0686 0.0276 
504      504   (0)      7 :  0.8756 0.0022 0.0506 0.0418 0.0198 0.0100 
505      505   (0)      7 :  0.0028 0.0022 0.1541 0.8355 0.0020 0.0034 
506      506   (0)      7 :  0.1789 0.0058 0.6486 0.0118 0.0042 0.1507 
507      507   (0)      7 :  0.3657 0.0040 0.5184 0.0902 0.0118 0.0098 
508      508   (0)      7 :  0.0114 0.0038 0.9234 0.0392 0.0140 0.0082 
509      509   (0)      7 :  0.8668 0.0024 0.0966 0.0224 0.0050 0.0068 
510      510   (0)      7 :  0.7588 0.0034 0.1034 0.0318 0.0726 0.0300 
511      511   (0)      7 :  0.0030 0.0010 0.3463 0.5113 0.0040 0.1343 
512      512   (0)      7 :  0.5301 0.0020 0.3456 0.0964 0.0030 0.0228 
513      513   (0)      7 :  0.5008 0.0120 0.4104 0.0632 0.0030 0.0106 
514      514   (0)      7 :  0.0086 0.0020 0.9682 0.0126 0.0020 0.0066 
515      515   (0)      7 :  0.0960 0.0082 0.7723 0.0442 0.0024 0.0768 
516      516   (0)      7 :  0.0168 0.0094 0.4649 0.3656 0.0907 0.0526 
517      517   (0)      7 :  0.0976 0.0040 0.4485 0.1132 0.0038 0.3330 
518      518   (0)      7 :  0.8810 0.0032 0.0740 0.0178 0.0138 0.0102 
519      519   (0)      7 :  0.8873 0.0040 0.0486 0.0242 0.0274 0.0086 
520      520   (0)      7 :  0.0084 0.0338 0.9400 0.0102 0.0020 0.0056 
521      521   (0)      7 :  0.4219 0.0040 0.1988 0.3153 0.0068 0.0532 
522      522   (0)      7 :  0.6691 0.0030 0.1445 0.1421 0.0174 0.0238 
523      523   (0)      7 :  0.9748 0.0032 0.0094 0.0032 0.0040 0.0054 
524      524   (0)      7 :  0.6265 0.0042 0.3221 0.0302 0.0136 0.0034 
525      525   (0)      7 :  0.5438 0.0060 0.3336 0.0746 0.0022 0.0398 
526      526   (0)      7 :  0.0142 0.0262 0.9380 0.0040 0.0144 0.0032 
527      527  (10)      7 :  0.0042 0.0026 0.8437 0.1315 0.0040 0.0140 
528      528   (5)      7 :  0.5168 0.0056 0.0354 0.3513 0.0200 0.0709 
529      529   (0)      7 :  0.6993 0.0046 0.0040 0.0042 0.0036 0.2843 
530      530   (0)      7 :  0.9598 0.0032 0.0252 0.0054 0.0020 0.0044 
531      531   (0)      7 :  0.9398 0.0052 0.0296 0.0054 0.0128 0.0072 
532      532   (0)      7 :  0.9402 0.0040 0.0332 0.0118 0.0042 0.0066 
533      533   (0)      7 :  0.9494 0.0070 0.0186 0.0040 0.0048 0.0162 
534      534   (0)      7 :  0.9458 0.0020 0.0396 0.0050 0.0022 0.0054 
535      535   (0)      7 :  0.9264 0.0064 0.0456 0.0100 0.0064 0.0052 
536      536   (0)      7 :  0.8980 0.0052 0.0820 0.0048 0.0030 0.0070 
537      537   (0)      7 :  0.9738 0.0020 0.0094 0.0062 0.0032 0.0054 
538      538   (5)      7 :  0.6735 0.0058 0.1490 0.1104 0.0034 0.0578 
539      539   (0)      7 :  0.9368 0.0038 0.0080 0.0028 0.0172 0.0314 
540      540   (0)      7 :  0.7104 0.0020 0.2438 0.0222 0.0040 0.0176 
541      541   (0)      7 :  0.6837 0.0038 0.1638 0.0306 0.0062 0.1118 
542      542   (0)      7 :  0.6289 0.0148 0.2388 0.0838 0.0078 0.0258 
543      543   (0)      7 :  0.9352 0.0020 0.0356 0.0040 0.0022 0.0210 
544      544   (5)      7 :  0.1684 0.0022 0.0530 0.0954 0.0190 0.6621 
545      545   (0)      7 :  0.9104 0.0074 0.0522 0.0076 0.0070 0.0154 
546      546   (0)      7 :  0.9704 0.0022 0.0042 0.0060 0.0122 0.0050 
547      547   (0)      7 :  0.9834 0.0020 0.0044 0.0020 0.0022 0.0060 
548      548   (0)      7 :  0.9630 0.0030 0.0072 0.0088 0.0058 0.0122 
549      549   (0)      7 :  0.0094 0.0020 0.9371 0.0288 0.0070 0.0156 
550      550   (0)      7 :  0.2239 0.0020 0.7184 0.0180 0.0282 0.0094 
551      551   (5)      7 :  0.7615 0.0034 0.1539 0.0574 0.0088 0.0150 
552      552   (5)      7 :  0.9476 0.0030 0.0060 0.0070 0.0030 0.0334 
553      553   (0)      7 :  0.9486 0.0030 0.0206 0.0200 0.0030 0.0048 
554      554   (0)      7 :  0.9542 0.0020 0.0140 0.0050 0.0056 0.0192 
555      555   (0)      7 :  0.9062 0.0124 0.0120 0.0392 0.0032 0.0270 
556      556   (0)      7 :  0.9358 0.0020 0.0404 0.0142 0.0032 0.0044 
557      557   (0)      7 :  0.3943 0.0064 0.0954 0.4765 0.0060 0.0214 
558      558   (0)      7 :  0.9334 0.0096 0.0318 0.0082 0.0072 0.0098 
559      559   (0)      7 :  0.6875 0.0040 0.1820 0.1102 0.0036 0.0128 
560      560   (0)      7 :  0.6047 0.0020 0.2481 0.0802 0.0058 0.0592 
561      561   (0)      7 :  0.7191 0.0028 0.0522 0.1111 0.0110 0.1038 
562      562   (0)      7 :  0.8804 0.0020 0.0788 0.0238 0.0038 0.0112 
563      563   (0)      7 :  0.2502 0.0058 0.5551 0.0390 0.0034 0.1466 
564      564   (0)      8 :  0.8111 0.0030 0.0122 0.1645 0.0060 0.0032 
565      565   (0)      8 :  0.9336 0.0030 0.0162 0.0342 0.0058 0.0072 
566      566   (0)      8 :  0.6501 0.0076 0.3197 0.0088 0.0048 0.0090 
567      567   (0)      8 :  0.9452 0.0044 0.0184 0.0092 0.0080 0.0148 
568      568   (0)      8 :  0.9578 0.0026 0.0074 0.0228 0.0034 0.0060 
569      569   (0)      8 :  0.9778 0.0012 0.0088 0.0054 0.0022 0.0046 
570      570   (0)      8 :  0.9436 0.0022 0.0118 0.0298 0.0054 0.0072 
571      571   (0)      8 :  0.9170 0.0134 0.0192 0.0082 0.0030 0.0392 
572      572   (0)      8 :  0.9256 0.0142 0.0216 0.0104 0.0114 0.0168 
573      573   (0)      8 :  0.8676 0.0040 0.0208 0.0764 0.0114 0.0198 
574      574   (0)      8 :  0.9776 0.0020 0.0074 0.0066 0.0030 0.0034 
575      575   (0)      8 :  0.9738 0.0042 0.0046 0.0066 0.0046 0.0062 
576      576   (0)      8 :  0.8479 0.0038 0.1343 0.0046 0.0020 0.0074 
577      577   (0)      8 :  0.9206 0.0022 0.0448 0.0166 0.0114 0.0044 
578      578   (0)      8 :  0.9796 0.0044 0.0044 0.0046 0.0022 0.0048 
579      579   (0)      8 :  0.9730 0.0020 0.0090 0.0090 0.0030 0.0040 
580      580   (0)      8 :  0.9818 0.0020 0.0030 0.0048 0.0040 0.0044 
581      581   (0)      8 :  0.9254 0.0052 0.0456 0.0098 0.0052 0.0088 
582      582   (0)      8 :  0.9756 0.0020 0.0126 0.0042 0.0022 0.0034 
583      583   (0)      8 :  0.9806 0.0020 0.0060 0.0032 0.0042 0.0040 
584      584   (0)      8 :  0.9224 0.0038 0.0084 0.0320 0.0078 0.0256 
585      585   (0)      8 :  0.9694 0.0030 0.0042 0.0032 0.0108 0.0094 
586      586   (0)      8 :  0.9706 0.0020 0.0054 0.0044 0.0136 0.0040 
587      587   (0)      8 :  0.9546 0.0020 0.0062 0.0042 0.0266 0.0064 
588      588   (0)      8 :  0.9798 0.0020 0.0060 0.0030 0.0036 0.0056 
589      589   (0)      8 :  0.9724 0.0056 0.0076 0.0058 0.0022 0.0064 
590      590   (0)      8 :  0.9402 0.0032 0.0420 0.0056 0.0020 0.0070 
591      591   (0)      8 :  0.9634 0.0056 0.0086 0.0084 0.0042 0.0098 
592      592   (0)      8 :  0.9434 0.0422 0.0038 0.0020 0.0030 0.0056 
593      593   (0)      8 :  0.9668 0.0034 0.0042 0.0070 0.0120 0.0066 
594      594   (0)      8 :  0.9642 0.0040 0.0114 0.0072 0.0082 0.0050 
595      595   (0)      9 :  0.9766 0.0032 0.0070 0.0048 0.0042 0.0042 
596      596   (0)      9 :  0.9692 0.0050 0.0030 0.0106 0.0038 0.0084 
597      597   (0)      9 :  0.9704 0.0030 0.0042 0.0082 0.0072 0.0070 
598      598   (0)      9 :  0.9456 0.0020 0.0078 0.0156 0.0082 0.0208 
599      599   (0)      9 :  0.9852 0.0020 0.0032 0.0032 0.0032 0.0032 
600      600   (0)      9 :  0.9624 0.0108 0.0088 0.0054 0.0042 0.0084 
601      601   (0)      9 :  0.9744 0.0104 0.0032 0.0052 0.0020 0.0048 
602      602   (0)      9 :  0.9642 0.0204 0.0044 0.0040 0.0026 0.0044 
603      603   (0)      9 :  0.9618 0.0132 0.0064 0.0052 0.0032 0.0102 
604      604   (0)      9 :  0.9114 0.0054 0.0050 0.0022 0.0560 0.0200 
605      605   (0)      9 :  0.9876 0.0022 0.0032 0.0020 0.0020 0.0030 
606      606   (0)      9 :  0.9724 0.0022 0.0030 0.0038 0.0032 0.0154 
607      607   (0)      9 :  0.9724 0.0020 0.0086 0.0084 0.0022 0.0064 
608      608   (0)      9 :  0.9810 0.0030 0.0044 0.0050 0.0032 0.0034 
609      609   (0)      9 :  0.8135 0.0064 0.1523 0.0072 0.0030 0.0176 
610      610  (10)      9 :  0.9802 0.0032 0.0046 0.0046 0.0032 0.0042 
611      611   (0)      9 :  0.9588 0.0040 0.0046 0.0092 0.0052 0.0182 
612      612   (0)      9 :  0.8601 0.0328 0.0470 0.0288 0.0152 0.0162 
613      613   (0)      9 :  0.9650 0.0022 0.0120 0.0084 0.0066 0.0058 
614      614   (0)      9 :  0.9352 0.0038 0.0030 0.0066 0.0048 0.0466 
615      615   (5)      9 :  0.9806 0.0038 0.0030 0.0050 0.0030 0.0046 
616      616   (0)      9 :  0.9722 0.0030 0.0056 0.0072 0.0076 0.0044 
617      617   (0)      9 :  0.9822 0.0022 0.0032 0.0054 0.0020 0.0050 
618      618   (0)      9 :  0.9378 0.0270 0.0054 0.0080 0.0082 0.0136 
619      619   (0)      9 :  0.9814 0.0072 0.0042 0.0022 0.0022 0.0028 
620      620   (0)      9 :  0.9784 0.0022 0.0048 0.0052 0.0052 0.0042 
621      621   (0)      9 :  0.9692 0.0032 0.0030 0.0034 0.0022 0.0190 
622      622   (5)      9 :  0.9834 0.0020 0.0050 0.0030 0.0020 0.0046 
623      623   (0)      9 :  0.9630 0.0056 0.0080 0.0108 0.0042 0.0084 
624      624   (0)      9 :  0.9730 0.0032 0.0082 0.0072 0.0032 0.0052 
625      625   (0)      9 :  0.9790 0.0030 0.0054 0.0042 0.0030 0.0054 
626      626   (0)      9 :  0.9348 0.0078 0.0144 0.0188 0.0148 0.0094 
627      627   (0)      9 :  0.9696 0.0030 0.0100 0.0034 0.0048 0.0092 
628      628   (0)      9 :  0.9310 0.0020 0.0306 0.0094 0.0162 0.0108 
629      629   (0)      9 :  0.9566 0.0022 0.0290 0.0034 0.0042 0.0046 
630      630   (0)      9 :  0.9766 0.0020 0.0058 0.0080 0.0042 0.0034 
631      631   (0)      9 :  0.9804 0.0020 0.0050 0.0032 0.0020 0.0074 
632      632   (5)      9 :  0.9744 0.0030 0.0070 0.0046 0.0076 0.0034 
633      633   (0)      9 :  0.9662 0.0030 0.0050 0.0084 0.0030 0.0144 
634      634   (0)      9 :  0.9616 0.0058 0.0114 0.0032 0.0030 0.0150 
635      635   (0)      9 :  0.9782 0.0020 0.0052 0.0060 0.0032 0.0054 
636      636   (5)      9 :  0.9378 0.0420 0.0078 0.0042 0.0040 0.0042 
637      637   (5)      9 :  0.9610 0.0020 0.0052 0.0030 0.0054 0.0234 
638      638  (10)      9 :  0.9778 0.0040 0.0032 0.0054 0.0034 0.0062 
639      639   (5)      9 :  0.9746 0.0030 0.0030 0.0030 0.0030 0.0134 
640      640   (5)      9 :  0.9868 0.0020 0.0030 0.0030 0.0022 0.0030 
641      641   (5)      9 :  0.9792 0.0034 0.0060 0.0030 0.0046 0.0038 
642      642   (5)      9 :  0.8900 0.0050 0.0102 0.0218 0.0030 0.0700 
643      643   (5)      9 :  0.9802 0.0030 0.0046 0.0034 0.0046 0.0042 
644      644  (10)      9 :  0.8559 0.0038 0.0402 0.0837 0.0040 0.0124 
645      645   (5)      9 :  0.8624 0.0078 0.0184 0.0590 0.0072 0.0452 
646      646   (5)      9 :  0.9824 0.0024 0.0050 0.0032 0.0030 0.0040 
647      647   (5)      9 :  0.8314 0.0040 0.0172 0.0878 0.0198 0.0398 
648      648   (5)     10 :  0.0040 0.0040 0.0060 0.0060 0.9752 0.0048 
649      649   (0)     10 :  0.0188 0.0078 0.0210 0.0184 0.9194 0.0146 
650      650   (0)     10 :  0.0040 0.0020 0.0032 0.0030 0.9848 0.0030 
651      651   (0)     10 :  0.0180 0.0130 0.0040 0.1363 0.7774 0.0514 
652      652   (0)     10 :  0.0020 0.0030 0.0042 0.0058 0.9810 0.0040 
653      653   (0)     10 :  0.0532 0.0032 0.0078 0.0072 0.9240 0.0046 
654      654   (0)     10 :  0.0020 0.0020 0.0030 0.0030 0.9870 0.0030 
655      655   (0)     10 :  0.0042 0.0052 0.0046 0.0030 0.9800 0.0030 
656      656   (0)     10 :  0.0062 0.0086 0.0030 0.0030 0.9710 0.0082 
657      657   (0)     10 :  0.0068 0.0042 0.0072 0.0066 0.9706 0.0046 
658      658   (0)     10 :  0.0020 0.0010 0.0020 0.0020 0.9910 0.0020 
659      659   (0)     10 :  0.0020 0.0020 0.0030 0.0030 0.9878 0.0022 
660      660   (0)     10 :  0.0064 0.0078 0.0102 0.0058 0.9572 0.0126 
661      661   (5)     10 :  0.0020 0.0010 0.0022 0.0020 0.9908 0.0020 
662      662   (0)     10 :  0.0030 0.0062 0.0162 0.0020 0.9690 0.0036 
663      663   (0)     10 :  0.0020 0.0020 0.0020 0.0020 0.9898 0.0022 
664      664   (0)     10 :  0.0050 0.0038 0.0062 0.0046 0.9680 0.0124 
665      665   (0)     10 :  0.0030 0.0044 0.0040 0.0030 0.9836 0.0020 
666      666   (0)     10 :  0.0144 0.0080 0.0040 0.0032 0.9668 0.0036 
667      667   (0)     10 :  0.0020 0.0020 0.0020 0.0022 0.9898 0.0020 
668      668   (0)     10 :  0.0030 0.0020 0.0020 0.0020 0.9884 0.0026 
669      669   (0)     10 :  0.0052 0.0040 0.0040 0.0030 0.9792 0.0046 
670      670   (0)     10 :  0.0028 0.0020 0.0022 0.0020 0.9890 0.0020 
671      671   (0)     10 :  0.0018 0.0010 0.0020 0.0020 0.9912 0.0020 
672      672   (0)     10 :  0.0010 0.0010 0.0020 0.0020 0.9928 0.0012 
673      673   (0)     10 :  0.0030 0.0020 0.0032 0.0020 0.9868 0.0030 
674      674   (0)     10 :  0.0020 0.0028 0.0020 0.0034 0.9878 0.0020 
675      675   (0)     10 :  0.0020 0.0020 0.0020 0.0020 0.9898 0.0022 
676      676   (5)     11 :  0.2178 0.0032 0.0022 0.0022 0.0040 0.7706 
677      677   (0)     11 :  0.2168 0.0034 0.0024 0.0022 0.0020 0.7732 
678      678   (0)     11 :  0.2210 0.0024 0.0022 0.0070 0.0032 0.7642 
679      679   (0)     11 :  0.2196 0.0030 0.0030 0.0022 0.0020 0.7702 
680      680   (5)     11 :  0.2110 0.0032 0.0032 0.0030 0.0028 0.7768 
681      681   (0)     11 :  0.2144 0.0044 0.0026 0.0024 0.0026 0.7736 
682      682   (0)     11 :  0.2048 0.0204 0.0038 0.0032 0.0032 0.7646 
683      683   (0)     11 :  0.2154 0.0034 0.0038 0.0024 0.0022 0.7728 
684      684   (0)     11 :  0.2112 0.0056 0.0024 0.0022 0.0038 0.7748 
685      685   (0)     11 :  0.1704 0.0510 0.0024 0.0020 0.0030 0.7712 
686      686   (0)     11 :  0.2200 0.0030 0.0030 0.0020 0.0020 0.7700 
687      687   (0)     11 :  0.2160 0.0106 0.0020 0.0020 0.0022 0.7672 
688      688   (5)     11 :  0.2166 0.0090 0.0052 0.0030 0.0022 0.7640 
689      689   (0)     11 :  0.2134 0.0038 0.0022 0.0024 0.0038 0.7744 
690      690   (0)     11 :  0.2170 0.0032 0.0024 0.0022 0.0020 0.7732 
691      691   (0)     11 :  0.2172 0.0022 0.0020 0.0022 0.0022 0.7742 
692      692   (0)     11 :  0.2134 0.0188 0.0030 0.0030 0.0022 0.7596 
693      693   (0)     11 :  0.2090 0.0022 0.0020 0.0020 0.0062 0.7786 
694      694   (0)     11 :  0.2108 0.0036 0.0046 0.0034 0.0058 0.7718 
695      695   (0)     11 :  0.2254 0.0458 0.0030 0.0048 0.0030 0.7180 
696      696   (0)     11 :  0.2148 0.0032 0.0026 0.0026 0.0022 0.7746 
697      697   (0)     11 :  0.2178 0.0020 0.0032 0.0024 0.0022 0.7724 
698      698   (0)     11 :  0.2266 0.0048 0.0042 0.0048 0.0042 0.7554 
699      699   (0)     11 :  0.2146 0.0751 0.0030 0.0030 0.0046 0.6997 
700      700   (0)     11 :  0.2182 0.0022 0.0024 0.0022 0.0028 0.7722 
701      701   (0)     11 :  0.2178 0.0024 0.0022 0.0020 0.0030 0.7726 
702      702   (0)     11 :  0.2168 0.0032 0.0024 0.0024 0.0032 0.7720 
703      703   (0)     12 :  0.1888 0.0020 0.0048 0.0048 0.0206 0.7790 
704      704   (0)     12 :  0.2128 0.0024 0.0080 0.0062 0.0300 0.7406 
705      705   (0)     12 :  0.1982 0.0040 0.0158 0.0178 0.0204 0.7438 
706      706   (0)     12 :  0.3040 0.0046 0.0148 0.0150 0.0124 0.6492 
707      707   (0)     12 :  0.4163 0.0136 0.0612 0.0100 0.0172 0.4817 
708      708   (0)     12 :  0.2288 0.0052 0.0188 0.0090 0.0260 0.7122 
709      709   (0)     12 :  0.3420 0.0100 0.0924 0.0030 0.0174 0.5351 
710      710   (0)     12 :  0.2362 0.0020 0.0064 0.0126 0.0218 0.7210 
711      711   (0)     12 :  0.2316 0.0020 0.0080 0.0064 0.0212 0.7308 
712      712   (0)     12 :  0.2790 0.0020 0.0182 0.0316 0.0410 0.6282 
713      713   (0)     12 :  0.1722 0.0020 0.0088 0.0088 0.0228 0.7854 
714      714   (0)     12 :  0.1866 0.0032 0.0106 0.0068 0.0202 0.7726 
715      715   (0)     12 :  0.1778 0.0030 0.0058 0.0078 0.0246 0.7810 
716      716   (0)     12 :  0.1994 0.0020 0.0078 0.0130 0.0272 0.7506 
717      717   (0)     12 :  0.1808 0.0022 0.0062 0.0062 0.0250 0.7796 
718      718   (0)     12 :  0.1794 0.0020 0.0032 0.0058 0.0312 0.7784 
719      719   (0)     12 :  0.2500 0.0550 0.0162 0.0266 0.0066 0.6456 
720      720   (0)     12 :  0.1724 0.0126 0.0056 0.0110 0.0266 0.7718 
721      721   (0)     12 :  0.1657 0.0054 0.0784 0.0246 0.0552 0.6707 
722      722   (0)     12 :  0.1778 0.0022 0.0144 0.0186 0.0186 0.7684 
723      723   (0)     12 :  0.1666 0.0028 0.0030 0.0032 0.0388 0.7856 
724      724   (0)     12 :  0.1516 0.0072 0.0052 0.0294 0.0556 0.7510 
725      725   (5)     12 :  0.1750 0.0022 0.0086 0.0094 0.0374 0.7674 
726      726   (0)     12 :  0.1802 0.0032 0.0044 0.0044 0.0214 0.7864 
727      727   (0)     12 :  0.1758 0.0052 0.0044 0.0030 0.0292 0.7824 
728      728   (0)     12 :  0.1790 0.0042 0.0278 0.0136 0.0202 0.7552 
729      729   (0)     12 :  0.1594 0.0022 0.0060 0.0062 0.0642 0.7620 
730      730   (0)     12 :  0.1782 0.0054 0.0044 0.0058 0.0242 0.7820 
731      731   (0)     12 :  0.1624 0.0028 0.0072 0.0072 0.2353 0.5851 
732      732   (0)     12 :  0.1784 0.0020 0.0032 0.0046 0.0214 0.7904 
733      733   (5)     12 :  0.1770 0.0022 0.0042 0.0072 0.0234 0.7860 
734      734   (0)     12 :  0.1784 0.0020 0.0034 0.0044 0.0234 0.7884 
735      735   (0)     12 :  0.2970 0.0066 0.0436 0.0170 0.0514 0.5845 
736      736   (0)     12 :  0.1796 0.0022 0.0042 0.0048 0.0204 0.7888 
737      737   (0)     12 :  0.1824 0.0066 0.0122 0.0046 0.1364 0.6578 
738      738   (0)     12 :  0.4733 0.0058 0.0142 0.0326 0.0082 0.4659 
739      739   (5)     12 :  0.3301 0.0076 0.0462 0.0288 0.0198 0.5675 
740      740   (5)     12 :  0.2092 0.0086 0.0060 0.0058 0.0468 0.7236 
741      741   (5)     12 :  0.1830 0.0036 0.0054 0.0060 0.0252 0.7768 
742      742   (5)     12 :  0.1808 0.0080 0.0146 0.0096 0.0342 0.7528 
