Wed Jun 24 16:56:41 2026: Job 1782291400 started running.
Wed Jun 24 16:56:41 2026: Job Parameters:
Wed Jun 24 16:56:41 2026: Input file: 1782291400.zip
Wed Jun 24 16:56:41 2026: Input type: STRUCTURE
Wed Jun 24 16:56:41 2026: Labels file: 1782291400.lab
Wed Jun 24 16:56:41 2026: CLUMPP repeats: 2000
Wed Jun 24 16:56:41 2026: CLUMPP search method: LargeKGreedy 
Wed Jun 24 16:56:41 2026: MCL cluster size threshold: 0.1 (default)
Wed Jun 24 16:56:41 2026: Extracting file: "1782291400.zip".
Wed Jun 24 16:56:41 2026: Sorting input files by K
Wed Jun 24 16:56:41 2026: Working on K=2
Wed Jun 24 16:56:41 2026: Executing CLUMPP for K=2.
Wed Jun 24 16:56:42 2026: Clustering K=2 with mcl.
Wed Jun 24 16:56:42 2026: no cutoff was used
Wed Jun 24 16:56:42 2026: Executing CLUMPP for major cluster.
Wed Jun 24 16:56:42 2026: Calculating major cluster LnProb mean and standard deviation.
Wed Jun 24 16:56:42 2026: LnProb mean: -53940.5
Wed Jun 24 16:56:42 2026: LnProb standard deviation: 0.173205080757518
Wed Jun 24 16:56:42 2026: Ordering clusters by size for K=2
Wed Jun 24 16:56:42 2026: Calling distruct for K=2.MajorCluster
Wed Jun 24 16:56:43 2026: Creating job summary PDF
Wed Jun 24 16:56:43 2026: Creating job summary PDF for K=2
Wed Jun 24 16:56:43 2026: Creating job zip file
