1        1   (5)      1  : 0.9840 0.0160
2        2   (5)      1  : 0.9670 0.0330
3        3   (5)      1  : 0.9900 0.0100
4        4   (0)      1  : 0.9920 0.0080
5        5   (0)      1  : 0.9696 0.0304
6        6   (0)      1  : 0.9870 0.0130
7        7   (0)      1  : 0.8758 0.1242
8        8   (5)      1  : 0.9910 0.0090
9        9   (0)      1  : 0.9910 0.0090
10       10   (0)      1  : 0.9562 0.0438
11       11   (0)      1  : 0.9758 0.0242
12       12   (0)      1  : 0.9800 0.0200
13       13   (0)      1  : 0.9900 0.0100
14       14   (0)      1  : 0.9850 0.0150
15       15   (0)      1  : 0.9850 0.0150
16       16   (0)      1  : 0.9930 0.0070
17       17   (0)      1  : 0.9910 0.0090
18       18   (0)      1  : 0.9800 0.0200
19       19   (0)      1  : 0.9910 0.0090
20       20   (0)      1  : 0.9530 0.0470
21       21   (0)      1  : 0.9920 0.0080
22       22   (0)      1  : 0.9930 0.0070
23       23   (0)      1  : 0.9930 0.0070
24       24   (0)      1  : 0.9906 0.0094
25       25   (0)      1  : 0.9482 0.0518
26       26   (0)      1  : 0.9900 0.0100
27       27   (5)      1  : 0.9420 0.0580
28       28   (0)      1  : 0.9850 0.0150
29       29   (0)      1  : 0.9910 0.0090
30       30   (0)      1  : 0.9654 0.0346
31       31   (0)      1  : 0.9906 0.0094
32       32   (0)      1  : 0.9860 0.0140
33       33   (0)      1  : 0.9930 0.0070
34       34   (0)      1  : 0.9920 0.0080
35       35   (0)      1  : 0.9700 0.0300
36       36   (0)      1  : 0.9830 0.0170
37       37   (0)      1  : 0.9790 0.0210
38       38   (0)      1  : 0.9880 0.0120
39       39   (0)      1  : 0.9710 0.0290
40       40   (0)      1  : 0.9880 0.0120
41       41   (0)      1  : 0.9870 0.0130
42       42   (0)      1  : 0.9930 0.0070
43       43   (0)      1  : 0.9880 0.0120
44       44   (0)      1  : 0.9920 0.0080
45       45   (5)      1  : 0.9750 0.0250
46       46   (0)      1  : 0.9910 0.0090
47       47   (0)      1  : 0.9830 0.0170
48       48   (0)      1  : 0.9790 0.0210
49       49   (0)      1  : 0.9850 0.0150
50       50   (0)      1  : 0.9860 0.0140
51       51   (0)      1  : 0.9820 0.0180
52       52   (0)      1  : 0.9530 0.0470
53       53   (0)      1  : 0.9880 0.0120
54       54   (0)      1  : 0.9830 0.0170
55       55   (0)      1  : 0.9850 0.0150
56       56   (0)      1  : 0.9900 0.0100
57       57  (10)      1  : 0.9900 0.0100
58       58   (5)      1  : 0.9824 0.0176
59       59   (0)      1  : 0.9880 0.0120
60       60   (0)      1  : 0.9880 0.0120
61       61   (0)      1  : 0.9850 0.0150
62       62   (0)      1  : 0.9770 0.0230
63       63   (0)      1  : 0.9790 0.0210
64       64   (0)      1  : 0.9880 0.0120
65       65   (0)      1  : 0.9660 0.0340
66       66   (0)      1  : 0.9900 0.0100
67       67   (5)      1  : 0.9850 0.0150
68       68   (0)      1  : 0.9710 0.0290
69       69   (0)      1  : 0.9790 0.0210
70       70   (0)      1  : 0.9850 0.0150
71       71   (5)      1  : 0.9810 0.0190
72       72   (0)      1  : 0.9800 0.0200
73       73   (5)      1  : 0.9870 0.0130
74       74  (10)      1  : 0.9830 0.0170
75       75  (10)      1  : 0.9870 0.0130
76       76   (0)      1  : 0.9910 0.0090
77       77  (10)      1  : 0.9880 0.0120
78       78   (0)      1  : 0.9840 0.0160
79       79   (5)      1  : 0.9720 0.0280
80       80   (0)      1  : 0.9910 0.0090
81       81   (0)      1  : 0.9910 0.0090
82       82   (0)      1  : 0.9920 0.0080
83       83   (0)      1  : 0.9840 0.0160
84       84   (0)      1  : 0.9790 0.0210
85       85   (0)      1  : 0.9910 0.0090
86       86   (5)      1  : 0.9892 0.0108
87       87   (0)      1  : 0.9900 0.0100
88       88   (0)      1  : 0.9712 0.0288
89       89   (0)      1  : 0.9870 0.0130
90       90   (0)      1  : 0.9850 0.0150
91       91   (0)      1  : 0.9840 0.0160
92       92   (0)      1  : 0.9800 0.0200
93       93   (0)      1  : 0.9910 0.0090
94       94   (5)      1  : 0.9890 0.0110
95       95   (0)      1  : 0.9880 0.0120
96       96   (5)      1  : 0.9900 0.0100
97       97   (0)      1  : 0.9780 0.0220
98       98   (0)      1  : 0.9850 0.0150
99       99   (5)      1  : 0.9890 0.0110
100      100   (5)      1  : 0.9910 0.0090
101      101   (0)      2  : 0.9860 0.0140
102      102   (0)      2  : 0.9870 0.0130
103      103   (0)      2  : 0.9750 0.0250
104      104   (0)      2  : 0.9800 0.0200
105      105   (0)      2  : 0.9710 0.0290
106      106   (0)      2  : 0.9900 0.0100
107      107   (0)      2  : 0.9840 0.0160
108      108   (0)      2  : 0.9900 0.0100
109      109   (0)      2  : 0.9720 0.0280
110      110   (0)      2  : 0.9920 0.0080
111      111   (0)      2  : 0.9890 0.0110
112      112   (0)      2  : 0.9900 0.0100
113      113   (0)      2  : 0.9790 0.0210
114      114   (0)      2  : 0.9890 0.0110
115      115   (0)      2  : 0.9830 0.0170
116      116   (0)      2  : 0.9788 0.0212
117      117   (0)      2  : 0.9870 0.0130
118      118   (0)      2  : 0.9880 0.0120
119      119   (0)      2  : 0.9870 0.0130
120      120   (0)      2  : 0.9840 0.0160
121      121   (0)      2  : 0.9880 0.0120
122      122   (0)      2  : 0.9880 0.0120
123      123   (0)      2  : 0.9910 0.0090
124      124   (0)      2  : 0.9880 0.0120
125      125   (0)      2  : 0.9910 0.0090
126      126   (0)      2  : 0.9870 0.0130
127      127   (0)      2  : 0.9760 0.0240
128      128   (0)      2  : 0.9770 0.0230
129      129   (0)      2  : 0.9890 0.0110
130      130   (0)      2  : 0.9870 0.0130
131      131   (0)      2  : 0.9880 0.0120
132      132   (0)      2  : 0.9880 0.0120
133      133   (0)      2  : 0.9930 0.0070
134      134   (0)      2  : 0.9892 0.0108
135      135   (0)      2  : 0.9730 0.0270
136      136   (0)      2  : 0.9750 0.0250
137      137   (0)      2  : 0.9920 0.0080
138      138   (0)      2  : 0.9920 0.0080
139      139   (0)      2  : 0.9880 0.0120
140      140   (0)      2  : 0.9940 0.0060
141      141   (0)      2  : 0.9880 0.0120
142      142   (0)      2  : 0.9890 0.0110
143      143   (0)      2  : 0.9720 0.0280
144      144   (0)      2  : 0.9850 0.0150
145      145   (0)      2  : 0.9920 0.0080
146      146   (0)      2  : 0.9780 0.0220
147      147   (0)      2  : 0.9930 0.0070
148      148   (0)      2  : 0.9920 0.0080
149      149   (0)      2  : 0.9870 0.0130
150      150   (0)      2  : 0.9920 0.0080
151      151   (0)      2  : 0.9780 0.0220
152      152   (0)      2  : 0.9900 0.0100
153      153   (0)      2  : 0.9854 0.0146
154      154   (0)      2  : 0.9880 0.0120
155      155   (0)      2  : 0.9730 0.0270
156      156   (0)      2  : 0.9870 0.0130
157      157   (0)      2  : 0.9920 0.0080
158      158   (0)      2  : 0.9812 0.0188
159      159   (0)      2  : 0.9910 0.0090
160      160   (0)      2  : 0.9770 0.0230
161      161   (0)      2  : 0.9528 0.0472
162      162   (0)      2  : 0.9840 0.0160
163      163   (0)      2  : 0.9360 0.0640
164      164   (0)      2  : 0.9906 0.0094
165      165   (0)      2  : 0.9840 0.0160
166      166   (0)      2  : 0.9810 0.0190
167      167   (0)      2  : 0.9858 0.0142
168      168   (0)      2  : 0.9820 0.0180
169      169   (0)      2  : 0.9812 0.0188
170      170   (0)      2  : 0.9870 0.0130
171      171   (0)      2  : 0.9418 0.0582
172      172   (0)      2  : 0.9840 0.0160
173      173   (0)      2  : 0.9880 0.0120
174      174   (0)      2  : 0.9900 0.0100
175      175   (0)      2  : 0.9930 0.0070
176      176   (0)      2  : 0.9790 0.0210
177      177   (0)      2  : 0.9700 0.0300
178      178   (0)      2  : 0.9748 0.0252
179      179   (0)      2  : 0.9860 0.0140
180      180   (0)      2  : 0.9860 0.0140
181      181   (0)      2  : 0.9910 0.0090
182      182   (0)      2  : 0.9780 0.0220
183      183   (0)      2  : 0.9888 0.0112
184      184   (0)      2  : 0.9930 0.0070
185      185   (0)      2  : 0.9910 0.0090
186      186   (0)      2  : 0.9930 0.0070
187      187   (0)      2  : 0.9890 0.0110
188      188   (0)      2  : 0.9910 0.0090
189      189   (0)      2  : 0.9850 0.0150
190      190   (0)      2  : 0.9840 0.0160
191      191   (0)      2  : 0.9890 0.0110
192      192   (0)      2  : 0.9800 0.0200
193      193   (0)      2  : 0.9792 0.0208
194      194   (0)      2  : 0.9770 0.0230
195      195   (0)      2  : 0.9892 0.0108
196      196   (0)      2  : 0.9830 0.0170
197      197   (0)      2  : 0.9890 0.0110
198      198   (0)      2  : 0.9730 0.0270
199      199   (0)      2  : 0.9830 0.0170
200      200   (0)      2  : 0.9880 0.0120
201      201   (0)      2  : 0.9870 0.0130
202      202   (0)      2  : 0.9750 0.0250
203      203   (0)      2  : 0.9856 0.0144
204      204   (0)      2  : 0.9644 0.0356
205      205   (0)      2  : 0.9890 0.0110
206      206   (0)      2  : 0.9900 0.0100
207      207   (0)      2  : 0.9820 0.0180
208      208   (0)      2  : 0.9830 0.0170
209      209   (0)      2  : 0.9920 0.0080
210      210   (0)      2  : 0.9730 0.0270
211      211   (0)      2  : 0.9870 0.0130
212      212   (0)      2  : 0.9860 0.0140
213      213   (0)      2  : 0.9880 0.0120
214      214   (0)      2  : 0.9436 0.0564
215      215   (0)      2  : 0.9860 0.0140
216      216   (0)      2  : 0.9900 0.0100
217      217   (0)      2  : 0.9860 0.0140
218      218   (0)      2  : 0.9920 0.0080
219      219   (0)      2  : 0.9872 0.0128
220      220   (0)      2  : 0.9752 0.0248
221      221   (0)      2  : 0.9810 0.0190
222      222   (0)      2  : 0.9920 0.0080
223      223   (0)      2  : 0.9900 0.0100
224      224   (0)      2  : 0.9840 0.0160
225      225   (0)      2  : 0.9810 0.0190
226      226   (0)      2  : 0.9660 0.0340
227      227   (0)      2  : 0.9680 0.0320
228      228   (0)      2  : 0.9920 0.0080
229      229   (0)      2  : 0.9868 0.0132
230      230   (0)      2  : 0.9780 0.0220
231      231   (0)      2  : 0.9728 0.0272
232      232   (0)      2  : 0.9720 0.0280
233      233   (0)      2  : 0.9856 0.0144
234      234   (0)      2  : 0.9696 0.0304
235      235   (0)      2  : 0.9880 0.0120
236      236   (0)      2  : 0.9920 0.0080
237      237   (0)      2  : 0.9930 0.0070
238      238   (0)      2  : 0.9790 0.0210
239      239   (0)      2  : 0.9900 0.0100
240      240   (0)      2  : 0.9878 0.0122
241      241   (0)      2  : 0.9840 0.0160
242      242   (0)      2  : 0.9880 0.0120
243      243   (0)      2  : 0.9860 0.0140
244      244   (0)      2  : 0.9710 0.0290
245      245   (0)      2  : 0.9860 0.0140
246      246   (0)      2  : 0.9730 0.0270
247      247   (0)      2  : 0.9570 0.0430
248      248   (0)      2  : 0.9880 0.0120
249      249   (0)      2  : 0.9510 0.0490
250      250   (0)      2  : 0.9820 0.0180
251      251   (0)      2  : 0.9730 0.0270
252      252   (0)      2  : 0.9920 0.0080
253      253   (0)      2  : 0.9810 0.0190
254      254   (0)      2  : 0.9820 0.0180
255      255   (0)      2  : 0.9810 0.0190
256      256   (0)      2  : 0.9830 0.0170
257      257   (0)      2  : 0.9840 0.0160
258      258   (0)      2  : 0.9720 0.0280
259      259   (0)      2  : 0.9850 0.0150
260      260   (0)      2  : 0.9900 0.0100
261      261   (0)      2  : 0.9870 0.0130
262      262   (0)      2  : 0.9668 0.0332
263      263   (0)      2  : 0.9688 0.0312
264      264   (0)      2  : 0.9910 0.0090
265      265   (0)      2  : 0.9830 0.0170
266      266   (0)      2  : 0.9870 0.0130
267      267   (0)      2  : 0.9810 0.0190
268      268   (0)      2  : 0.9880 0.0120
269      269   (0)      2  : 0.9830 0.0170
270      270   (0)      2  : 0.9690 0.0310
271      271   (0)      2  : 0.9900 0.0100
272      272   (0)      2  : 0.9900 0.0100
273      273   (0)      2  : 0.9890 0.0110
274      274   (0)      2  : 0.9852 0.0148
275      275   (0)      2  : 0.9750 0.0250
276      276   (0)      2  : 0.9890 0.0110
277      277   (0)      2  : 0.9880 0.0120
278      278   (0)      2  : 0.9890 0.0110
279      279   (0)      2  : 0.9820 0.0180
280      280   (0)      2  : 0.9890 0.0110
281      281   (0)      2  : 0.9850 0.0150
282      282   (0)      2  : 0.9910 0.0090
283      283   (0)      2  : 0.9910 0.0090
284      284   (0)      2  : 0.9900 0.0100
285      285   (0)      2  : 0.9870 0.0130
286      286   (0)      2  : 0.9920 0.0080
287      287   (0)      2  : 0.9860 0.0140
288      288   (0)      2  : 0.9700 0.0300
289      289   (0)      2  : 0.9890 0.0110
290      290   (0)      2  : 0.9510 0.0490
291      291   (0)      2  : 0.9920 0.0080
292      292   (0)      2  : 0.9850 0.0150
293      293   (0)      2  : 0.9820 0.0180
294      294   (0)      2  : 0.9850 0.0150
295      295   (0)      2  : 0.9620 0.0380
296      296   (0)      2  : 0.9852 0.0148
297      297   (0)      2  : 0.9800 0.0200
298      298   (0)      2  : 0.9440 0.0560
299      299   (0)      2  : 0.9830 0.0170
300      300   (0)      2  : 0.9840 0.0160
301      301   (0)      2  : 0.9740 0.0260
302      302   (0)      2  : 0.9870 0.0130
303      303   (0)      2  : 0.9930 0.0070
304      304   (0)      2  : 0.9840 0.0160
305      305   (0)      2  : 0.9670 0.0330
306      306   (0)      2  : 0.9860 0.0140
307      307   (0)      2  : 0.9890 0.0110
308      308   (0)      2  : 0.9520 0.0480
309      309   (0)      2  : 0.9860 0.0140
310      310   (0)      2  : 0.9890 0.0110
311      311   (0)      2  : 0.9840 0.0160
312      312   (0)      2  : 0.9920 0.0080
313      313   (0)      2  : 0.9628 0.0372
314      314   (0)      2  : 0.9780 0.0220
315      315   (0)      2  : 0.9930 0.0070
316      316   (0)      2  : 0.9860 0.0140
317      317   (0)      2  : 0.9920 0.0080
318      318   (0)      2  : 0.9890 0.0110
319      319   (0)      2  : 0.9930 0.0070
320      320   (0)      2  : 0.9920 0.0080
321      321   (0)      2  : 0.9900 0.0100
322      322   (0)      2  : 0.9760 0.0240
323      323   (0)      2  : 0.9862 0.0138
324      324   (0)      2  : 0.9870 0.0130
325      325   (0)      2  : 0.9870 0.0130
326      326   (0)      2  : 0.9930 0.0070
327      327   (0)      2  : 0.9900 0.0100
328      328   (0)      2  : 0.9810 0.0190
329      329   (0)      2  : 0.9810 0.0190
330      330   (0)      2  : 0.9760 0.0240
331      331   (0)      2  : 0.9910 0.0090
332      332   (0)      2  : 0.9910 0.0090
333      333   (0)      2  : 0.9910 0.0090
334      334   (0)      2  : 0.9910 0.0090
335      335   (0)      2  : 0.9870 0.0130
336      336   (0)      2  : 0.9880 0.0120
337      337   (0)      2  : 0.9910 0.0090
338      338   (0)      2  : 0.9890 0.0110
339      339   (0)      2  : 0.9920 0.0080
340      340   (0)      2  : 0.9586 0.0414
341      341   (0)      2  : 0.9920 0.0080
342      342   (0)      2  : 0.9900 0.0100
343      343   (0)      2  : 0.9810 0.0190
344      344   (0)      2  : 0.9770 0.0230
345      345   (0)      2  : 0.9880 0.0120
346      346   (0)      2  : 0.9880 0.0120
347      347   (0)      2  : 0.9820 0.0180
348      348   (0)      2  : 0.9880 0.0120
349      349   (0)      2  : 0.9814 0.0186
350      350   (0)      2  : 0.9920 0.0080
351      351   (0)      2  : 0.9900 0.0100
352      352   (0)      2  : 0.9870 0.0130
353      353   (0)      2  : 0.9900 0.0100
354      354   (0)      2  : 0.9890 0.0110
355      355   (0)      2  : 0.9690 0.0310
356      356   (0)      2  : 0.8510 0.1490
357      357   (0)      2  : 0.9890 0.0110
358      358   (0)      2  : 0.9880 0.0120
359      359   (0)      2  : 0.9844 0.0156
360      360   (0)      2  : 0.9630 0.0370
361      361   (0)      2  : 0.9870 0.0130
362      362   (0)      2  : 0.9890 0.0110
363      363   (0)      2  : 0.9660 0.0340
364      364   (0)      2  : 0.9890 0.0110
365      365   (0)      2  : 0.9850 0.0150
366      366   (0)      2  : 0.9878 0.0122
367      367   (0)      2  : 0.9870 0.0130
368      368   (0)      2  : 0.9820 0.0180
369      369   (0)      2  : 0.9860 0.0140
370      370   (0)      2  : 0.9880 0.0120
371      371   (0)      2  : 0.9918 0.0082
372      372   (0)      2  : 0.9840 0.0160
373      373   (0)      2  : 0.9664 0.0336
374      374   (0)      2  : 0.9920 0.0080
375      375   (0)      2  : 0.9850 0.0150
376      376   (0)      2  : 0.9860 0.0140
377      377   (0)      2  : 0.9880 0.0120
378      378   (0)      2  : 0.9900 0.0100
379      379   (0)      2  : 0.9910 0.0090
380      380   (0)      2  : 0.9910 0.0090
381      381   (0)      2  : 0.9720 0.0280
382      382   (0)      2  : 0.9910 0.0090
383      383   (0)      2  : 0.9700 0.0300
384      384   (0)      2  : 0.9840 0.0160
385      385   (0)      2  : 0.9790 0.0210
386      386   (0)      2  : 0.9720 0.0280
387      387   (0)      2  : 0.9880 0.0120
388      388   (0)      2  : 0.9920 0.0080
389      389   (0)      2  : 0.9930 0.0070
390      390   (0)      2  : 0.9930 0.0070
391      391   (0)      2  : 0.9890 0.0110
392      392   (0)      2  : 0.9920 0.0080
393      393   (0)      2  : 0.9812 0.0188
394      394   (0)      2  : 0.9900 0.0100
395      395   (0)      2  : 0.9918 0.0082
396      396   (0)      2  : 0.9920 0.0080
397      397   (0)      2  : 0.9800 0.0200
398      398   (0)      2  : 0.9890 0.0110
399      399   (0)      2  : 0.9870 0.0130
400      400   (0)      2  : 0.9848 0.0152
401      401   (0)      2  : 0.9870 0.0130
402      402   (0)      2  : 0.9920 0.0080
403      403   (0)      2  : 0.9614 0.0386
404      404   (0)      2  : 0.9880 0.0120
405      405   (0)      2  : 0.9840 0.0160
406      406   (0)      2  : 0.9922 0.0078
407      407   (0)      2  : 0.9920 0.0080
408      408   (0)      2  : 0.9732 0.0268
409      409   (0)      2  : 0.9850 0.0150
410      410   (0)      2  : 0.9700 0.0300
411      411   (0)      2  : 0.9910 0.0090
412      412   (0)      2  : 0.9870 0.0130
413      413   (0)      2  : 0.9920 0.0080
414      414   (0)      2  : 0.9790 0.0210
415      415   (0)      2  : 0.9860 0.0140
416      416   (0)      2  : 0.9910 0.0090
417      417   (0)      2  : 0.9890 0.0110
418      418   (0)      2  : 0.9910 0.0090
419      419   (0)      2  : 0.9920 0.0080
420      420   (0)      2  : 0.9878 0.0122
421      421   (0)      2  : 0.9890 0.0110
422      422   (0)      2  : 0.9850 0.0150
423      423   (0)      2  : 0.9730 0.0270
424      424   (0)      2  : 0.9760 0.0240
425      425   (0)      2  : 0.9900 0.0100
426      426   (0)      2  : 0.9920 0.0080
427      427   (0)      2  : 0.9900 0.0100
428      428   (0)      2  : 0.9920 0.0080
429      429   (0)      2  : 0.9900 0.0100
430      430   (0)      2  : 0.9880 0.0120
431      431   (0)      2  : 0.9930 0.0070
432      432   (0)      2  : 0.9820 0.0180
433      433   (0)      2  : 0.9790 0.0210
434      434   (0)      2  : 0.9850 0.0150
435      435   (0)      2  : 0.9740 0.0260
436      436   (0)      2  : 0.9900 0.0100
437      437   (0)      2  : 0.9780 0.0220
438      438   (0)      2  : 0.9820 0.0180
439      439   (0)      2  : 0.9522 0.0478
440      440   (0)      2  : 0.9898 0.0102
441      441   (0)      2  : 0.9940 0.0060
442      442   (0)      2  : 0.9912 0.0088
443      443   (0)      2  : 0.9910 0.0090
444      444   (0)      2  : 0.9804 0.0196
445      445   (0)      2  : 0.9900 0.0100
446      446   (0)      2  : 0.9890 0.0110
447      447   (0)      2  : 0.9890 0.0110
448      448   (0)      2  : 0.9900 0.0100
449      449   (0)      2  : 0.9860 0.0140
450      450   (0)      2  : 0.9870 0.0130
451      451   (0)      2  : 0.9880 0.0120
452      452   (0)      2  : 0.9930 0.0070
453      453   (0)      2  : 0.9930 0.0070
454      454   (0)      2  : 0.9910 0.0090
455      455   (0)      2  : 0.9930 0.0070
456      456   (0)      2  : 0.9850 0.0150
457      457   (0)      2  : 0.9884 0.0116
458      458   (0)      2  : 0.9840 0.0160
459      459   (0)      2  : 0.9920 0.0080
460      460   (0)      2  : 0.9850 0.0150
461      461   (0)      2  : 0.9940 0.0060
462      462   (0)      2  : 0.9650 0.0350
463      463   (0)      2  : 0.9888 0.0112
464      464   (0)      2  : 0.9888 0.0112
465      465   (0)      2  : 0.9740 0.0260
466      466   (0)      2  : 0.9870 0.0130
467      467   (0)      2  : 0.9850 0.0150
468      468   (0)      2  : 0.9790 0.0210
469      469   (0)      2  : 0.9920 0.0080
470      470   (0)      2  : 0.9910 0.0090
471      471   (0)      2  : 0.9930 0.0070
472      472   (0)      2  : 0.9900 0.0100
473      473   (0)      2  : 0.9820 0.0180
474      474   (0)      2  : 0.9310 0.0690
475      475   (0)      2  : 0.9734 0.0266
476      476   (0)      2  : 0.9880 0.0120
477      477   (0)      2  : 0.9880 0.0120
478      478   (0)      2  : 0.9850 0.0150
479      479   (0)      2  : 0.9910 0.0090
480      480   (0)      2  : 0.9870 0.0130
481      481   (0)      2  : 0.9668 0.0332
482      482   (0)      2  : 0.9880 0.0120
483      483   (0)      2  : 0.9920 0.0080
484      484   (0)      2  : 0.9880 0.0120
485      485   (0)      2  : 0.8962 0.1038
486      486   (0)      2  : 0.9796 0.0204
487      487   (0)      2  : 0.9830 0.0170
488      488   (0)      2  : 0.9928 0.0072
489      489   (0)      2  : 0.9850 0.0150
490      490   (0)      2  : 0.9080 0.0920
491      491   (0)      2  : 0.9712 0.0288
492      492   (0)      2  : 0.9880 0.0120
493      493   (0)      2  : 0.9810 0.0190
494      494   (0)      2  : 0.9880 0.0120
495      495   (0)      2  : 0.9920 0.0080
496      496   (0)      2  : 0.9892 0.0108
497      497   (0)      2  : 0.9910 0.0090
498      498   (0)      2  : 0.9890 0.0110
499      499   (0)      2  : 0.9880 0.0120
500      500   (0)      2  : 0.9910 0.0090
501      501   (0)      3  : 0.9140 0.0860
502      502   (0)      3  : 0.9840 0.0160
503      503   (0)      3  : 0.7646 0.2354
504      504   (0)      3  : 0.9710 0.0290
505      505   (0)      3  : 0.8580 0.1420
506      506   (0)      3  : 0.8872 0.1128
507      507   (0)      3  : 0.7670 0.2330
508      508   (0)      3  : 0.9750 0.0250
509      509   (0)      3  : 0.9538 0.0462
510      510   (0)      3  : 0.5910 0.4090
511      511   (0)      3  : 0.9862 0.0138
512      512   (0)      3  : 0.9072 0.0928
513      513   (0)      3  : 0.8320 0.1680
514      514   (0)      3  : 0.8498 0.1502
515      515   (0)      3  : 0.6746 0.3254
516      516   (0)      3  : 0.9730 0.0270
517      517   (0)      3  : 0.9900 0.0100
518      518   (0)      3  : 0.8580 0.1420
519      519   (0)      3  : 0.8198 0.1802
520      520   (0)      3  : 0.8130 0.1870
521      521   (0)      3  : 0.8520 0.1480
522      522   (0)      3  : 0.8880 0.1120
523      523   (0)      3  : 0.9700 0.0300
524      524   (0)      3  : 0.8082 0.1918
525      525   (0)      3  : 0.8910 0.1090
526      526   (0)      3  : 0.9790 0.0210
527      527   (0)      3  : 0.8960 0.1040
528      528   (0)      3  : 0.9000 0.1000
529      529   (0)      3  : 0.8318 0.1682
530      530   (0)      3  : 0.8130 0.1870
531      531   (0)      3  : 0.6200 0.3800
532      532   (0)      3  : 0.9116 0.0884
533      533   (0)      3  : 0.9880 0.0120
534      534   (0)      3  : 0.5698 0.4302
535      535   (0)      3  : 0.7880 0.2120
536      536   (0)      3  : 0.9280 0.0720
537      537   (0)      3  : 0.8962 0.1038
538      538   (0)      3  : 0.8992 0.1008
539      539   (0)      3  : 0.6700 0.3300
540      540   (0)      3  : 0.9920 0.0080
541      541   (0)      3  : 0.7134 0.2866
542      542   (0)      3  : 0.9532 0.0468
543      543   (0)      3  : 0.9310 0.0690
544      544   (0)      3  : 0.6270 0.3730
545      545   (0)      3  : 0.9830 0.0170
546      546   (0)      3  : 0.9450 0.0550
547      547   (0)      3  : 0.9890 0.0110
548      548   (0)      3  : 0.9580 0.0420
549      549   (0)      3  : 0.8510 0.1490
550      550   (0)      3  : 0.9210 0.0790
551      551   (0)      3  : 0.9670 0.0330
552      552   (0)      3  : 0.7742 0.2258
553      553   (0)      3  : 0.9428 0.0572
554      554   (0)      3  : 0.9290 0.0710
555      555   (0)      3  : 0.9010 0.0990
556      556   (0)      3  : 0.8540 0.1460
557      557   (0)      3  : 0.9840 0.0160
558      558   (0)      3  : 0.8480 0.1520
559      559   (0)      3  : 0.9860 0.0140
560      560   (0)      3  : 0.8480 0.1520
561      561   (0)      3  : 0.9820 0.0180
562      562   (0)      3  : 0.9730 0.0270
563      563   (0)      3  : 0.9014 0.0986
564      564   (0)      3  : 0.9880 0.0120
565      565   (0)      3  : 0.9630 0.0370
566      566   (0)      3  : 0.7730 0.2270
567      567   (0)      3  : 0.8138 0.1862
568      568   (0)      3  : 0.9616 0.0384
569      569   (0)      3  : 0.9272 0.0728
570      570   (0)      3  : 0.9900 0.0100
571      571   (0)      3  : 0.9880 0.0120
572      572   (0)      3  : 0.9840 0.0160
573      573   (0)      3  : 0.9510 0.0490
574      574   (0)      3  : 0.9640 0.0360
575      575   (0)      3  : 0.9880 0.0120
576      576   (0)      3  : 0.7800 0.2200
577      577   (0)      3  : 0.9800 0.0200
578      578   (0)      3  : 0.8950 0.1050
579      579   (0)      3  : 0.9050 0.0950
580      580   (0)      3  : 0.8012 0.1988
581      581   (0)      3  : 0.8504 0.1496
582      582   (0)      3  : 0.8892 0.1108
583      583   (0)      3  : 0.9000 0.1000
584      584   (0)      3  : 0.8868 0.1132
585      585   (0)      3  : 0.9850 0.0150
586      586   (0)      3  : 0.7890 0.2110
587      587   (0)      3  : 0.9640 0.0360
588      588   (0)      3  : 0.8474 0.1526
589      589   (0)      3  : 0.9020 0.0980
590      590   (0)      3  : 0.9724 0.0276
591      591   (0)      3  : 0.9200 0.0800
592      592   (0)      3  : 0.9670 0.0330
593      593   (0)      3  : 0.9700 0.0300
594      594   (0)      3  : 0.6184 0.3816
595      595   (0)      3  : 0.8698 0.1302
596      596   (0)      3  : 0.8850 0.1150
597      597   (0)      3  : 0.9790 0.0210
598      598   (0)      3  : 0.7740 0.2260
599      599   (0)      3  : 0.9412 0.0588
600      600   (0)      3  : 0.9810 0.0190
601      601   (0)      4  : 0.6680 0.3320
602      602   (0)      4  : 0.9524 0.0476
603      603   (0)      4  : 0.9580 0.0420
604      604   (0)      4  : 0.9410 0.0590
605      605   (0)      4  : 0.7670 0.2330
606      606   (0)      4  : 0.7344 0.2656
607      607   (0)      4  : 0.8210 0.1790
608      608   (0)      4  : 0.8136 0.1864
609      609   (0)      4  : 0.9400 0.0600
610      610   (0)      4  : 0.8924 0.1076
611      611   (0)      4  : 0.5706 0.4294
612      612   (0)      4  : 0.7580 0.2420
613      613   (0)      4  : 0.7346 0.2654
614      614   (0)      4  : 0.6140 0.3860
615      615   (0)      4  : 0.8032 0.1968
616      616   (0)      4  : 0.7270 0.2730
617      617   (0)      4  : 0.8380 0.1620
618      618   (0)      4  : 0.7390 0.2610
619      619   (0)      4  : 0.7388 0.2612
620      620   (0)      4  : 0.6480 0.3520
621      621   (0)      4  : 0.5990 0.4010
622      622   (0)      4  : 0.7874 0.2126
623      623   (0)      4  : 0.6170 0.3830
624      624   (0)      4  : 0.5174 0.4826
625      625   (0)      4  : 0.7650 0.2350
626      626   (0)      4  : 0.7830 0.2170
627      627   (0)      4  : 0.9060 0.0940
628      628   (0)      4  : 0.9740 0.0260
629      629   (0)      4  : 0.8556 0.1444
630      630   (0)      4  : 0.6830 0.3170
631      631   (0)      4  : 0.5942 0.4058
632      632   (0)      4  : 0.6618 0.3382
633      633   (0)      4  : 0.6860 0.3140
634      634   (0)      4  : 0.7988 0.2012
635      635   (0)      4  : 0.8190 0.1810
636      636   (0)      4  : 0.9540 0.0460
637      637   (0)      4  : 0.9250 0.0750
638      638   (0)      4  : 0.7822 0.2178
639      639   (0)      4  : 0.8520 0.1480
640      640   (0)      4  : 0.6680 0.3320
641      641   (0)      4  : 0.5828 0.4172
642      642   (0)      4  : 0.8628 0.1372
643      643   (0)      4  : 0.8128 0.1872
644      644   (0)      4  : 0.6084 0.3916
645      645   (0)      4  : 0.8916 0.1084
646      646   (0)      4  : 0.8750 0.1250
647      647   (0)      4  : 0.9730 0.0270
648      648   (0)      4  : 0.8002 0.1998
649      649   (0)      4  : 0.9120 0.0880
650      650   (0)      4  : 0.7850 0.2150
651      651   (0)      4  : 0.8040 0.1960
652      652   (0)      4  : 0.9320 0.0680
653      653   (0)      4  : 0.6460 0.3540
654      654   (0)      4  : 0.8704 0.1296
655      655   (0)      4  : 0.7848 0.2152
656      656   (0)      4  : 0.7910 0.2090
657      657   (0)      4  : 0.8948 0.1052
658      658   (0)      4  : 0.5640 0.4360
659      659   (0)      4  : 0.6590 0.3410
660      660   (0)      4  : 0.7670 0.2330
661      661   (0)      4  : 0.8562 0.1438
662      662   (0)      4  : 0.7704 0.2296
663      663   (0)      4  : 0.9044 0.0956
664      664   (0)      4  : 0.6100 0.3900
665      665   (0)      4  : 0.6580 0.3420
666      666   (0)      4  : 0.8200 0.1800
667      667   (0)      4  : 0.6320 0.3680
668      668   (0)      4  : 0.8820 0.1180
669      669   (0)      4  : 0.8570 0.1430
670      670   (0)      4  : 0.6660 0.3340
671      671   (0)      4  : 0.8400 0.1600
672      672   (0)      4  : 0.9110 0.0890
673      673   (0)      4  : 0.7120 0.2880
674      674   (0)      4  : 0.7770 0.2230
675      675   (0)      4  : 0.6620 0.3380
676      676   (0)      4  : 0.9490 0.0510
677      677   (0)      4  : 0.6798 0.3202
678      678   (0)      4  : 0.8758 0.1242
679      679   (0)      4  : 0.8180 0.1820
680      680   (0)      4  : 0.8560 0.1440
681      681   (0)      4  : 0.8120 0.1880
682      682   (0)      4  : 0.6070 0.3930
683      683   (0)      4  : 0.6860 0.3140
684      684   (0)      4  : 0.7500 0.2500
685      685   (0)      4  : 0.8292 0.1708
686      686   (0)      4  : 0.9590 0.0410
687      687   (0)      4  : 0.8608 0.1392
688      688   (0)      4  : 0.8760 0.1240
689      689   (0)      4  : 0.7690 0.2310
690      690   (0)      4  : 0.6030 0.3970
691      691   (0)      4  : 0.9650 0.0350
692      692   (0)      4  : 0.8294 0.1706
693      693   (0)      4  : 0.8238 0.1762
694      694   (0)      4  : 0.5190 0.4810
695      695   (0)      4  : 0.8540 0.1460
696      696   (0)      4  : 0.6940 0.3060
697      697   (0)      4  : 0.7722 0.2278
698      698   (0)      4  : 0.7760 0.2240
699      699   (0)      4  : 0.8410 0.1590
700      700   (0)      4  : 0.7754 0.2246
701      701   (5)      5  : 0.6120 0.3880
702      702   (0)      5  : 0.3858 0.6142
703      703   (0)      5  : 0.5196 0.4804
704      704   (5)      5  : 0.4514 0.5486
705      705   (5)      5  : 0.4358 0.5642
706      706   (0)      5  : 0.3164 0.6836
707      707   (0)      6  : 0.4210 0.5790
708      708   (0)      6  : 0.5770 0.4230
709      709   (0)      6  : 0.3968 0.6032
710      710   (0)      6  : 0.4808 0.5192
711      711   (0)      6  : 0.5332 0.4668
712      712   (0)      6  : 0.3958 0.6042
713      713   (0)      6  : 0.7250 0.2750
714      714   (0)      6  : 0.3400 0.6600
715      715   (0)      6  : 0.6794 0.3206
716      716   (0)      6  : 0.5110 0.4890
717      717   (0)      6  : 0.3978 0.6022
718      718   (0)      6  : 0.6748 0.3252
719      719   (0)      6  : 0.5710 0.4290
720      720   (0)      6  : 0.3704 0.6296
721      721   (0)      6  : 0.5044 0.4956
722      722   (0)      6  : 0.4700 0.5300
723      723   (0)      6  : 0.6140 0.3860
724      724   (0)      6  : 0.7720 0.2280
725      725   (0)      6  : 0.5810 0.4190
726      726   (0)      6  : 0.5900 0.4100
727      727   (0)      6  : 0.3348 0.6652
728      728   (0)      6  : 0.3940 0.6060
729      729   (0)      6  : 0.4760 0.5240
730      730   (0)      6  : 0.4652 0.5348
731      731   (0)      6  : 0.2768 0.7232
732      732   (0)      6  : 0.5760 0.4240
733      733   (0)      6  : 0.5500 0.4500
734      734   (0)      6  : 0.5410 0.4590
735      735   (0)      6  : 0.5486 0.4514
736      736   (0)      6  : 0.4440 0.5560
737      737   (0)      6  : 0.4102 0.5898
738      738   (0)      6  : 0.4056 0.5944
739      739   (0)      6  : 0.3822 0.6178
740      740   (0)      6  : 0.5218 0.4782
741      741   (0)      6  : 0.5260 0.4740
742      742   (0)      6  : 0.5500 0.4500
743      743   (0)      6  : 0.5730 0.4270
744      744   (0)      6  : 0.5240 0.4760
745      745   (0)      6  : 0.4330 0.5670
746      746   (0)      6  : 0.4280 0.5720
747      747   (0)      6  : 0.6520 0.3480
748      748   (0)      6  : 0.5450 0.4550
749      749   (0)      6  : 0.3800 0.6200
750      750   (0)      6  : 0.4398 0.5602
751      751   (0)      6  : 0.5574 0.4426
752      752   (0)      6  : 0.6070 0.3930
753      753   (0)      6  : 0.3972 0.6028
754      754   (0)      6  : 0.5280 0.4720
755      755   (0)      6  : 0.5210 0.4790
756      756   (0)      6  : 0.5420 0.4580
757      757   (0)      6  : 0.4358 0.5642
758      758   (0)      6  : 0.4966 0.5034
759      759   (0)      6  : 0.6670 0.3330
760      760   (0)      6  : 0.4540 0.5460
761      761   (0)      6  : 0.5444 0.4556
762      762   (0)      6  : 0.4088 0.5912
763      763   (0)      6  : 0.3492 0.6508
764      764   (0)      6  : 0.4890 0.5110
765      765   (0)      6  : 0.4538 0.5462
766      766   (0)      6  : 0.5998 0.4002
767      767   (0)      6  : 0.5650 0.4350
768      768   (0)      6  : 0.5600 0.4400
769      769   (0)      6  : 0.5280 0.4720
770      770   (0)      6  : 0.6650 0.3350
771      771   (0)      6  : 0.4218 0.5782
772      772   (0)      6  : 0.3940 0.6060
773      773   (0)      6  : 0.6710 0.3290
774      774   (0)      6  : 0.5232 0.4768
775      775   (0)      6  : 0.5962 0.4038
776      776   (0)      6  : 0.5538 0.4462
777      777   (0)      6  : 0.4390 0.5610
778      778   (0)      6  : 0.6640 0.3360
779      779   (0)      6  : 0.5212 0.4788
780      780   (0)      6  : 0.4420 0.5580
781      781   (0)      6  : 0.5180 0.4820
782      782   (0)      6  : 0.4322 0.5678
783      783   (0)      6  : 0.6382 0.3618
784      784   (0)      6  : 0.5116 0.4884
785      785   (0)      6  : 0.4786 0.5214
786      786   (0)      6  : 0.4180 0.5820
787      787   (0)      6  : 0.6276 0.3724
788      788   (0)      6  : 0.2686 0.7314
789      789   (0)      6  : 0.5026 0.4974
790      790   (0)      6  : 0.5650 0.4350
791      791   (0)      6  : 0.5660 0.4340
792      792   (0)      6  : 0.5670 0.4330
793      793   (0)      6  : 0.4266 0.5734
794      794   (0)      6  : 0.5228 0.4772
795      795   (0)      6  : 0.6444 0.3556
796      796   (0)      6  : 0.5060 0.4940
797      797   (0)      6  : 0.4190 0.5810
798      798   (0)      6  : 0.4890 0.5110
799      799   (0)      6  : 0.5440 0.4560
800      800   (0)      6  : 0.4640 0.5360
801      801   (0)      6  : 0.4044 0.5956
802      802   (0)      6  : 0.5200 0.4800
803      803   (0)      6  : 0.3482 0.6518
804      804   (0)      6  : 0.5700 0.4300
805      805   (0)      6  : 0.4600 0.5400
806      806   (0)      6  : 0.6326 0.3674
807      807   (0)      7  : 0.1260 0.8740
808      808   (0)      7  : 0.2392 0.7608
809      809   (0)      8  : 0.1590 0.8410
810      810   (0)      8  : 0.2540 0.7460
811      811   (0)      8  : 0.0890 0.9110
812      812   (0)      8  : 0.2532 0.7468
813      813   (0)      8  : 0.0628 0.9372
814      814   (0)      8  : 0.0600 0.9400
815      815   (0)      8  : 0.3270 0.6730
816      816   (0)      8  : 0.2400 0.7600
817      817   (0)      8  : 0.4020 0.5980
818      818   (0)      8  : 0.3250 0.6750
819      819   (0)      8  : 0.3850 0.6150
820      820   (0)      8  : 0.2446 0.7554
821      821   (0)      8  : 0.1238 0.8762
822      822   (0)      8  : 0.1826 0.8174
823      823   (0)      8  : 0.2700 0.7300
824      824   (0)      8  : 0.2894 0.7106
825      825   (0)      8  : 0.3728 0.6272
826      826   (0)      8  : 0.0758 0.9242
827      827   (0)      8  : 0.3232 0.6768
828      828   (0)      8  : 0.1100 0.8900
829      829   (0)      8  : 0.3490 0.6510
830      830   (0)      8  : 0.3170 0.6830
831      831   (0)      8  : 0.2540 0.7460
832      832   (0)      8  : 0.1380 0.8620
833      833   (0)      8  : 0.0578 0.9422
834      834   (0)      8  : 0.1632 0.8368
835      835   (0)      8  : 0.3440 0.6560
836      836   (0)      8  : 0.3538 0.6462
837      837   (0)      8  : 0.0598 0.9402
838      838   (0)      8  : 0.2320 0.7680
839      839   (0)      8  : 0.1480 0.8520
840      840   (0)      8  : 0.2698 0.7302
841      841   (0)      8  : 0.2850 0.7150
842      842   (0)      8  : 0.0360 0.9640
843      843   (0)      8  : 0.3770 0.6230
844      844   (0)      8  : 0.3090 0.6910
845      845   (0)      8  : 0.0810 0.9190
846      846   (0)      8  : 0.2790 0.7210
847      847   (0)      8  : 0.2628 0.7372
848      848   (0)      8  : 0.3130 0.6870
849      849   (0)      8  : 0.2268 0.7732
850      850   (0)      8  : 0.2210 0.7790
851      851   (0)      8  : 0.1488 0.8512
852      852   (0)      8  : 0.1360 0.8640
853      853   (0)      8  : 0.1410 0.8590
854      854   (0)      8  : 0.0210 0.9790
855      855   (0)      8  : 0.1760 0.8240
856      856   (0)      8  : 0.4284 0.5716
857      857   (0)      8  : 0.2080 0.7920
858      858   (0)      8  : 0.2112 0.7888
859      859   (0)      8  : 0.2462 0.7538
860      860   (0)      8  : 0.2232 0.7768
861      861   (0)      8  : 0.5500 0.4500
862      862   (0)      8  : 0.3850 0.6150
863      863   (0)      8  : 0.0580 0.9420
864      864   (0)      8  : 0.2140 0.7860
865      865   (0)      8  : 0.2410 0.7590
866      866   (0)      8  : 0.2950 0.7050
867      867   (0)      8  : 0.1392 0.8608
868      868   (0)      8  : 0.2292 0.7708
869      869   (0)      8  : 0.1624 0.8376
870      870   (0)      8  : 0.1980 0.8020
871      871   (0)      8  : 0.2708 0.7292
872      872   (0)      8  : 0.2834 0.7166
873      873   (0)      8  : 0.2248 0.7752
874      874   (0)      8  : 0.3190 0.6810
875      875   (0)      8  : 0.2770 0.7230
876      876   (0)      8  : 0.2740 0.7260
877      877   (0)      8  : 0.2920 0.7080
878      878   (0)      8  : 0.2580 0.7420
879      879   (0)      8  : 0.6140 0.3860
880      880   (0)      8  : 0.2948 0.7052
881      881   (0)      8  : 0.1724 0.8276
882      882   (0)      8  : 0.3728 0.6272
883      883   (0)      8  : 0.1842 0.8158
884      884   (0)      8  : 0.3416 0.6584
885      885   (0)      8  : 0.1818 0.8182
886      886   (0)      8  : 0.0488 0.9512
887      887   (0)      8  : 0.2030 0.7970
888      888   (0)      8  : 0.1720 0.8280
889      889   (0)      8  : 0.2912 0.7088
890      890   (0)      8  : 0.2892 0.7108
891      891   (0)      8  : 0.2700 0.7300
892      892   (0)      8  : 0.1220 0.8780
893      893   (0)      8  : 0.1760 0.8240
894      894   (0)      8  : 0.0702 0.9298
895      895   (0)      8  : 0.2790 0.7210
896      896   (0)      8  : 0.1690 0.8310
897      897   (0)      8  : 0.2858 0.7142
898      898   (0)      8  : 0.2972 0.7028
899      899   (0)      8  : 0.1910 0.8090
900      900   (0)      8  : 0.2870 0.7130
901      901   (0)      8  : 0.3110 0.6890
902      902   (0)      8  : 0.0670 0.9330
903      903   (0)      8  : 0.4150 0.5850
904      904   (0)      8  : 0.2648 0.7352
905      905   (0)      8  : 0.1788 0.8212
906      906   (0)      8  : 0.3220 0.6780
907      907   (0)      8  : 0.2730 0.7270
908      908   (0)      8  : 0.1000 0.9000
909      909  (10)      9  : 0.0976 0.9024
910      910   (5)      9  : 0.0180 0.9820
911      911   (5)      9  : 0.3980 0.6020
912      912   (5)      9  : 0.0090 0.9910
913      913  (10)      9  : 0.2280 0.7720
914      914   (5)      9  : 0.4506 0.5494
915      915  (10)      9  : 0.1110 0.8890
916      916   (0)      9  : 0.1030 0.8970
917      917   (0)      9  : 0.0522 0.9478
918      918   (0)      9  : 0.0100 0.9900
919      919   (0)      9  : 0.0492 0.9508
920      920   (0)      9  : 0.1630 0.8370
921      921   (0)      9  : 0.0270 0.9730
922      922   (0)      9  : 0.1720 0.8280
923      923   (0)      9  : 0.1398 0.8602
924      924   (0)      9  : 0.1790 0.8210
925      925   (0)      9  : 0.2180 0.7820
926      926   (0)      9  : 0.4030 0.5970
927      927   (0)      9  : 0.0230 0.9770
928      928   (5)      9  : 0.0340 0.9660
929      929   (0)      9  : 0.1778 0.8222
930      930   (0)      9  : 0.2474 0.7526
931      931   (5)      9  : 0.0810 0.9190
932      932   (5)      9  : 0.0358 0.9642
933      933   (0)      9  : 0.2100 0.7900
934      934   (0)      9  : 0.0982 0.9018
935      935   (0)      9  : 0.0530 0.9470
936      936   (0)      9  : 0.0120 0.9880
937      937   (0)      9  : 0.0080 0.9920
938      938   (0)      9  : 0.0070 0.9930
939      939   (0)      9  : 0.0070 0.9930
940      940   (0)      9  : 0.0270 0.9730
941      941   (0)      9  : 0.1810 0.8190
942      942   (0)      9  : 0.1040 0.8960
943      943   (0)      9  : 0.0530 0.9470
944      944   (0)      9  : 0.0950 0.9050
945      945   (0)      9  : 0.2344 0.7656
946      946   (0)      9  : 0.0130 0.9870
947      947   (0)      9  : 0.1938 0.8062
948      948   (0)      9  : 0.1750 0.8250
949      949   (0)      9  : 0.0242 0.9758
950      950   (0)      9  : 0.1290 0.8710
951      951   (0)     10  : 0.1390 0.8610
952      952   (0)     10  : 0.2940 0.7060
953      953   (0)     10  : 0.0220 0.9780
954      954   (0)     10  : 0.0140 0.9860
955      955   (0)     10  : 0.1490 0.8510
956      956   (0)     10  : 0.0408 0.9592
957      957   (0)     10  : 0.0110 0.9890
958      958   (0)     10  : 0.2300 0.7700
959      959   (0)     10  : 0.1930 0.8070
960      960   (0)     10  : 0.0800 0.9200
961      961   (0)     10  : 0.0530 0.9470
962      962   (0)     10  : 0.0910 0.9090
963      963   (0)     10  : 0.2190 0.7810
964      964   (0)     10  : 0.1660 0.8340
965      965   (0)     10  : 0.3740 0.6260
966      966   (0)     10  : 0.1340 0.8660
967      967   (0)     10  : 0.0444 0.9556
968      968   (0)     10  : 0.1000 0.9000
969      969   (0)     10  : 0.0440 0.9560
970      970   (0)     10  : 0.2150 0.7850
971      971   (0)     10  : 0.0970 0.9030
972      972   (0)     10  : 0.0810 0.9190
973      973   (0)     10  : 0.1826 0.8174
974      974   (0)     10  : 0.0090 0.9910
975      975   (0)     10  : 0.1510 0.8490
976      976   (0)     10  : 0.0130 0.9870
977      977   (0)     10  : 0.0680 0.9320
978      978   (0)     10  : 0.1744 0.8256
979      979   (0)     10  : 0.2056 0.7944
980      980   (0)     10  : 0.2080 0.7920
981      981   (0)     10  : 0.1630 0.8370
982      982   (0)     10  : 0.2310 0.7690
983      983   (0)     10  : 0.1300 0.8700
984      984   (0)     10  : 0.0250 0.9750
985      985   (0)     10  : 0.1490 0.8510
986      986   (0)     10  : 0.1260 0.8740
987      987   (0)     10  : 0.0690 0.9310
988      988   (0)     10  : 0.0110 0.9890
989      989   (0)     10  : 0.0160 0.9840
990      990   (0)     10  : 0.2410 0.7590
991      991   (0)     10  : 0.2434 0.7566
992      992   (0)     10  : 0.2540 0.7460
993      993   (0)     10  : 0.0656 0.9344
994      994   (0)     10  : 0.0150 0.9850
995      995   (0)     10  : 0.1100 0.8900
996      996   (0)     10  : 0.1440 0.8560
997      997   (0)     10  : 0.1262 0.8738
998      998   (0)     10  : 0.1390 0.8610
999      999   (0)     10  : 0.1610 0.8390
1000     1000   (0)     10  : 0.1284 0.8716
1001     1001   (0)     10  : 0.1650 0.8350
1002     1002   (0)     10  : 0.2720 0.7280
1003     1003   (0)     10  : 0.1670 0.8330
1004     1004   (0)     10  : 0.1666 0.8334
1005     1005   (0)     10  : 0.0570 0.9430
1006     1006   (0)     10  : 0.2880 0.7120
1007     1007   (0)     10  : 0.1400 0.8600
1008     1008   (0)     10  : 0.1910 0.8090
1009     1009   (0)     10  : 0.0880 0.9120
1010     1010   (0)     10  : 0.1350 0.8650
1011     1011   (0)     10  : 0.1140 0.8860
1012     1012   (0)     10  : 0.0120 0.9880
1013     1013   (0)     10  : 0.0150 0.9850
1014     1014   (0)     10  : 0.1556 0.8444
1015     1015   (0)     10  : 0.0598 0.9402
1016     1016   (0)     10  : 0.0980 0.9020
1017     1017   (0)     10  : 0.2372 0.7628
1018     1018   (0)     10  : 0.2470 0.7530
1019     1019   (0)     10  : 0.0652 0.9348
1020     1020   (0)     10  : 0.0230 0.9770
1021     1021   (0)     10  : 0.1060 0.8940
1022     1022   (0)     10  : 0.1190 0.8810
1023     1023   (0)     10  : 0.0530 0.9470
1024     1024   (0)     10  : 0.1970 0.8030
1025     1025   (0)     10  : 0.1640 0.8360
1026     1026   (0)     10  : 0.0090 0.9910
1027     1027   (0)     10  : 0.0990 0.9010
1028     1028   (0)     10  : 0.2200 0.7800
1029     1029   (0)     10  : 0.2932 0.7068
1030     1030   (0)     10  : 0.0750 0.9250
1031     1031   (0)     10  : 0.0188 0.9812
1032     1032   (0)     10  : 0.0290 0.9710
1033     1033   (0)     10  : 0.2500 0.7500
1034     1034   (0)     10  : 0.0320 0.9680
1035     1035   (0)     10  : 0.0774 0.9226
1036     1036   (0)     10  : 0.2902 0.7098
1037     1037   (0)     10  : 0.2696 0.7304
1038     1038   (0)     10  : 0.1850 0.8150
1039     1039   (0)     10  : 0.0190 0.9810
1040     1040   (0)     10  : 0.1172 0.8828
1041     1041   (0)     10  : 0.2360 0.7640
1042     1042   (0)     10  : 0.0842 0.9158
1043     1043   (0)     10  : 0.2300 0.7700
1044     1044   (0)     10  : 0.0170 0.9830
1045     1045   (0)     10  : 0.1390 0.8610
1046     1046   (0)     10  : 0.1602 0.8398
1047     1047   (0)     10  : 0.1600 0.8400
1048     1048   (0)     10  : 0.2374 0.7626
1049     1049   (0)     10  : 0.0640 0.9360
1050     1050   (0)     10  : 0.2734 0.7266
1051     1051   (0)     11  : 0.0550 0.9450
1052     1052  (10)     11  : 0.0180 0.9820
1053     1053  (10)     11  : 0.0170 0.9830
1054     1054   (5)     11  : 0.0070 0.9930
1055     1055   (5)     11  : 0.0100 0.9900
1056     1056   (0)     11  : 0.0070 0.9930
1057     1057   (5)     11  : 0.0090 0.9910
1058     1058   (5)     11  : 0.0120 0.9880
1059     1059   (0)     11  : 0.0060 0.9940
1060     1060   (0)     11  : 0.0080 0.9920
1061     1061   (0)     11  : 0.0080 0.9920
1062     1062   (0)     11  : 0.0070 0.9930
1063     1063   (0)     11  : 0.0080 0.9920
1064     1064   (5)     11  : 0.0070 0.9930
1065     1065   (5)     11  : 0.0380 0.9620
1066     1066  (10)     11  : 0.0198 0.9802
1067     1067   (0)     11  : 0.0080 0.9920
1068     1068   (5)     11  : 0.0260 0.9740
1069     1069   (5)     11  : 0.0110 0.9890
1070     1070   (0)     11  : 0.0070 0.9930
1071     1071   (5)     11  : 0.0090 0.9910
1072     1072   (0)     11  : 0.0130 0.9870
1073     1073   (5)     11  : 0.0060 0.9940
1074     1074   (0)     11  : 0.0088 0.9912
1075     1075   (0)     11  : 0.0120 0.9880
1076     1076   (0)     11  : 0.0232 0.9768
1077     1077   (0)     11  : 0.0090 0.9910
1078     1078   (0)     11  : 0.0100 0.9900
1079     1079   (0)     11  : 0.0160 0.9840
1080     1080   (0)     11  : 0.0250 0.9750
1081     1081   (0)     11  : 0.0190 0.9810
1082     1082   (0)     11  : 0.0290 0.9710
1083     1083   (0)     11  : 0.0090 0.9910
1084     1084   (0)     11  : 0.0166 0.9834
1085     1085   (0)     11  : 0.0200 0.9800
1086     1086   (0)     11  : 0.0060 0.9940
1087     1087   (0)     11  : 0.0200 0.9800
1088     1088   (0)     11  : 0.0080 0.9920
1089     1089   (5)     11  : 0.0110 0.9890
1090     1090   (5)     11  : 0.0100 0.9900
1091     1091   (0)     11  : 0.0110 0.9890
1092     1092  (15)     11  : 0.0190 0.9810
1093     1093  (10)     11  : 0.0070 0.9930
1094     1094  (10)     11  : 0.0100 0.9900
1095     1095  (10)     11  : 0.0140 0.9860
1096     1096   (5)     11  : 0.0146 0.9854
1097     1097   (5)     11  : 0.0080 0.9920
1098     1098   (5)     11  : 0.0090 0.9910
1099     1099   (5)     11  : 0.0080 0.9920
1100     1100   (5)     11  : 0.0144 0.9856
1101     1101   (5)     11  : 0.0120 0.9880
1102     1102  (15)     11  : 0.0292 0.9708
1103     1103   (5)     11  : 0.0410 0.9590
1104     1104   (5)     11  : 0.0070 0.9930
1105     1105  (15)     11  : 0.0110 0.9890
1106     1106   (5)     11  : 0.0710 0.9290
1107     1107   (5)     11  : 0.0530 0.9470
1108     1108   (5)     11  : 0.0110 0.9890
1109     1109   (5)     11  : 0.0080 0.9920
1110     1110  (10)     11  : 0.0140 0.9860
1111     1111   (5)     11  : 0.0090 0.9910
1112     1112   (5)     11  : 0.0120 0.9880
1113     1113  (10)     11  : 0.0092 0.9908
1114     1114  (10)     11  : 0.0110 0.9890
1115     1115  (10)     11  : 0.0412 0.9588
1116     1116  (10)     11  : 0.0480 0.9520
1117     1117   (5)     11  : 0.0080 0.9920
1118     1118  (10)     11  : 0.0140 0.9860
1119     1119   (0)     11  : 0.0070 0.9930
1120     1120   (5)     11  : 0.0090 0.9910
1121     1121   (0)     11  : 0.0070 0.9930
1122     1122   (0)     11  : 0.0060 0.9940
1123     1123   (0)     11  : 0.0110 0.9890
1124     1124   (0)     11  : 0.0210 0.9790
1125     1125   (0)     11  : 0.0080 0.9920
1126     1126   (0)     11  : 0.0480 0.9520
1127     1127   (0)     11  : 0.0130 0.9870
1128     1128  (10)     11  : 0.0118 0.9882
1129     1129  (10)     11  : 0.3068 0.6932
1130     1130   (0)     11  : 0.0330 0.9670
1131     1131   (5)     11  : 0.1538 0.8462
1132     1132   (0)     11  : 0.0140 0.9860
1133     1133   (5)     11  : 0.0410 0.9590
1134     1134   (5)     11  : 0.0080 0.9920
1135     1135   (5)     11  : 0.0110 0.9890
1136     1136  (10)     11  : 0.0070 0.9930
1137     1137   (0)     11  : 0.0080 0.9920
1138     1138   (0)     11  : 0.0090 0.9910
1139     1139   (0)     11  : 0.1040 0.8960
1140     1140   (0)     11  : 0.0090 0.9910
1141     1141   (0)     11  : 0.0140 0.9860
1142     1142   (0)     11  : 0.0080 0.9920
1143     1143   (0)     11  : 0.0080 0.9920
1144     1144   (0)     11  : 0.0130 0.9870
1145     1145   (0)     11  : 0.0100 0.9900
1146     1146   (0)     11  : 0.0128 0.9872
1147     1147   (0)     11  : 0.0120 0.9880
1148     1148   (0)     11  : 0.0454 0.9546
1149     1149   (0)     11  : 0.0332 0.9668
1150     1150   (0)     11  : 0.0174 0.9826
1151     1151   (0)     11  : 0.0100 0.9900
1152     1152   (0)     11  : 0.0320 0.9680
1153     1153   (0)     11  : 0.0080 0.9920
1154     1154   (5)     11  : 0.0130 0.9870
1155     1155   (0)     11  : 0.0100 0.9900
1156     1156   (5)     11  : 0.3120 0.6880
1157     1157   (0)     11  : 0.0090 0.9910
1158     1158   (0)     11  : 0.0628 0.9372
1159     1159   (0)     11  : 0.0152 0.9848
1160     1160   (0)     11  : 0.0160 0.9840
1161     1161   (0)     11  : 0.0090 0.9910
1162     1162   (0)     11  : 0.0080 0.9920
1163     1163   (0)     11  : 0.0240 0.9760
1164     1164   (0)     11  : 0.0080 0.9920
1165     1165   (0)     11  : 0.0140 0.9860
1166     1166   (0)     11  : 0.0070 0.9930
1167     1167   (0)     11  : 0.1010 0.8990
1168     1168   (0)     11  : 0.0070 0.9930
1169     1169   (0)     11  : 0.0220 0.9780
1170     1170   (5)     11  : 0.0092 0.9908
1171     1171   (0)     11  : 0.0200 0.9800
1172     1172   (0)     11  : 0.0130 0.9870
1173     1173   (0)     11  : 0.0170 0.9830
1174     1174  (10)     11  : 0.0100 0.9900
1175     1175   (0)     11  : 0.0090 0.9910
1176     1176   (0)     11  : 0.0080 0.9920
1177     1177   (0)     11  : 0.0160 0.9840
1178     1178  (10)     11  : 0.0130 0.9870
1179     1179   (5)     11  : 0.0070 0.9930
1180     1180   (0)     11  : 0.0100 0.9900
1181     1181   (5)     11  : 0.0096 0.9904
1182     1182   (5)     11  : 0.0070 0.9930
1183     1183  (10)     11  : 0.0130 0.9870
1184     1184   (0)     11  : 0.0080 0.9920
1185     1185   (5)     11  : 0.0150 0.9850
1186     1186  (10)     11  : 0.0090 0.9910
1187     1187   (0)     11  : 0.0240 0.9760
1188     1188   (0)     11  : 0.0580 0.9420
1189     1189   (0)     11  : 0.0080 0.9920
1190     1190   (0)     11  : 0.0120 0.9880
1191     1191   (0)     11  : 0.0070 0.9930
1192     1192   (0)     11  : 0.0170 0.9830
1193     1193   (0)     11  : 0.0070 0.9930
1194     1194   (0)     11  : 0.0080 0.9920
1195     1195   (0)     11  : 0.0080 0.9920
1196     1196   (5)     11  : 0.0200 0.9800
1197     1197   (0)     11  : 0.0060 0.9940
1198     1198   (0)     11  : 0.0090 0.9910
1199     1199   (0)     11  : 0.0090 0.9910
1200     1200   (5)     11  : 0.0210 0.9790
1201     1201   (0)     11  : 0.0100 0.9900
1202     1202   (0)     11  : 0.0280 0.9720
1203     1203   (0)     11  : 0.0080 0.9920
1204     1204   (0)     11  : 0.0080 0.9920
1205     1205   (0)     11  : 0.0090 0.9910
1206     1206   (0)     11  : 0.0140 0.9860
1207     1207   (0)     11  : 0.0304 0.9696
1208     1208   (0)     11  : 0.0080 0.9920
1209     1209   (0)     11  : 0.0090 0.9910
1210     1210   (0)     11  : 0.0170 0.9830
1211     1211   (0)     11  : 0.0090 0.9910
1212     1212   (0)     11  : 0.0070 0.9930
1213     1213   (0)     11  : 0.0100 0.9900
1214     1214   (0)     11  : 0.0070 0.9930
1215     1215   (0)     11  : 0.0070 0.9930
1216     1216   (0)     11  : 0.0080 0.9920
1217     1217   (0)     11  : 0.0080 0.9920
1218     1218   (0)     11  : 0.0160 0.9840
1219     1219   (0)     11  : 0.0130 0.9870
1220     1220   (0)     11  : 0.0080 0.9920
1221     1221  (10)     11  : 0.0190 0.9810
1222     1222   (5)     11  : 0.0098 0.9902
1223     1223  (10)     11  : 0.0110 0.9890
1224     1224   (5)     11  : 0.1480 0.8520
1225     1225  (10)     11  : 0.0090 0.9910
1226     1226  (10)     11  : 0.0110 0.9890
1227     1227   (0)     11  : 0.0140 0.9860
1228     1228   (5)     11  : 0.0280 0.9720
1229     1229   (5)     11  : 0.0428 0.9572
1230     1230  (10)     11  : 0.0130 0.9870
1231     1231   (0)     11  : 0.0082 0.9918
1232     1232   (0)     11  : 0.0130 0.9870
1233     1233   (0)     11  : 0.0100 0.9900
1234     1234   (0)     11  : 0.0130 0.9870
1235     1235   (0)     11  : 0.0370 0.9630
1236     1236   (0)     11  : 0.0950 0.9050
1237     1237   (0)     11  : 0.1260 0.8740
1238     1238   (0)     11  : 0.0090 0.9910
1239     1239   (0)     11  : 0.0070 0.9930
1240     1240   (5)     11  : 0.1290 0.8710
1241     1241   (0)     11  : 0.1758 0.8242
1242     1242   (0)     11  : 0.0080 0.9920
1243     1243  (10)     11  : 0.0270 0.9730
1244     1244   (5)     11  : 0.0130 0.9870
1245     1245   (0)     11  : 0.0060 0.9940
1246     1246   (5)     11  : 0.0800 0.9200
1247     1247   (5)     11  : 0.0126 0.9874
1248     1248   (0)     11  : 0.0090 0.9910
1249     1249   (0)     11  : 0.0378 0.9622
1250     1250   (0)     11  : 0.0140 0.9860
1251     1251   (0)     11  : 0.0602 0.9398
1252     1252   (0)     11  : 0.0070 0.9930
1253     1253   (0)     11  : 0.0220 0.9780
1254     1254   (0)     11  : 0.0070 0.9930
1255     1255   (0)     11  : 0.0070 0.9930
1256     1256   (0)     11  : 0.0070 0.9930
1257     1257   (0)     11  : 0.0100 0.9900
1258     1258   (0)     11  : 0.0242 0.9758
1259     1259   (0)     11  : 0.0090 0.9910
1260     1260   (0)     11  : 0.0100 0.9900
1261     1261   (0)     11  : 0.0100 0.9900
1262     1262   (0)     11  : 0.0094 0.9906
1263     1263   (0)     11  : 0.0150 0.9850
1264     1264   (0)     11  : 0.0096 0.9904
1265     1265   (0)     11  : 0.0080 0.9920
1266     1266   (0)     11  : 0.0080 0.9920
1267     1267   (0)     11  : 0.0070 0.9930
1268     1268   (0)     11  : 0.0070 0.9930
1269     1269   (0)     11  : 0.0080 0.9920
1270     1270   (0)     11  : 0.0070 0.9930
1271     1271   (0)     11  : 0.0210 0.9790
1272     1272   (0)     11  : 0.0330 0.9670
1273     1273   (0)     11  : 0.0074 0.9926
1274     1274   (0)     11  : 0.0490 0.9510
1275     1275   (0)     11  : 0.0070 0.9930
1276     1276   (0)     11  : 0.0080 0.9920
1277     1277   (0)     11  : 0.0080 0.9920
1278     1278   (0)     11  : 0.0150 0.9850
1279     1279   (0)     11  : 0.0210 0.9790
1280     1280   (0)     11  : 0.0070 0.9930
1281     1281   (0)     11  : 0.0150 0.9850
1282     1282   (0)     11  : 0.0090 0.9910
1283     1283   (0)     11  : 0.0260 0.9740
1284     1284   (0)     11  : 0.0090 0.9910
1285     1285   (0)     11  : 0.0090 0.9910
1286     1286   (0)     11  : 0.0120 0.9880
1287     1287   (0)     11  : 0.0110 0.9890
1288     1288   (0)     11  : 0.0090 0.9910
1289     1289   (0)     11  : 0.0080 0.9920
1290     1290   (0)     11  : 0.0070 0.9930
1291     1291   (0)     12  : 0.0320 0.9680
1292     1292   (0)     12  : 0.0090 0.9910
1293     1293   (0)     12  : 0.0388 0.9612
1294     1294   (0)     12  : 0.0120 0.9880
1295     1295   (0)     12  : 0.0100 0.9900
1296     1296   (0)     12  : 0.0070 0.9930
1297     1297   (0)     12  : 0.0060 0.9940
1298     1298   (0)     12  : 0.0170 0.9830
1299     1299   (0)     12  : 0.0180 0.9820
1300     1300   (0)     12  : 0.0060 0.9940
1301     1301   (0)     12  : 0.0080 0.9920
1302     1302   (0)     12  : 0.0230 0.9770
1303     1303   (0)     12  : 0.0170 0.9830
1304     1304   (0)     12  : 0.0068 0.9932
1305     1305   (0)     12  : 0.0230 0.9770
1306     1306   (0)     12  : 0.0080 0.9920
1307     1307   (0)     12  : 0.0100 0.9900
1308     1308   (0)     12  : 0.0088 0.9912
1309     1309   (0)     12  : 0.0340 0.9660
1310     1310   (0)     12  : 0.0230 0.9770
1311     1311   (0)     12  : 0.0090 0.9910
1312     1312   (0)     12  : 0.0320 0.9680
1313     1313   (0)     12  : 0.0200 0.9800
1314     1314   (0)     12  : 0.0150 0.9850
1315     1315   (0)     12  : 0.0070 0.9930
1316     1316   (0)     12  : 0.0060 0.9940
1317     1317   (0)     12  : 0.0218 0.9782
1318     1318   (0)     12  : 0.0080 0.9920
1319     1319   (0)     12  : 0.0120 0.9880
1320     1320   (0)     12  : 0.0110 0.9890
1321     1321   (0)     12  : 0.0170 0.9830
1322     1322   (0)     12  : 0.0060 0.9940
1323     1323   (0)     12  : 0.0260 0.9740
1324     1324   (0)     12  : 0.0190 0.9810
1325     1325   (0)     12  : 0.0162 0.9838
1326     1326   (0)     12  : 0.0130 0.9870
1327     1327   (0)     12  : 0.0090 0.9910
1328     1328   (0)     12  : 0.0120 0.9880
1329     1329   (0)     12  : 0.0078 0.9922
1330     1330   (0)     12  : 0.0070 0.9930
1331     1331   (0)     12  : 0.0112 0.9888
1332     1332   (0)     12  : 0.0100 0.9900
1333     1333   (0)     12  : 0.0250 0.9750
1334     1334   (0)     12  : 0.0100 0.9900
1335     1335   (0)     12  : 0.0520 0.9480
1336     1336   (0)     12  : 0.0094 0.9906
1337     1337   (0)     12  : 0.0080 0.9920
1338     1338   (0)     12  : 0.0100 0.9900
1339     1339   (0)     12  : 0.0172 0.9828
1340     1340   (0)     12  : 0.0180 0.9820
1341     1341   (0)     12  : 0.0550 0.9450
1342     1342   (0)     12  : 0.0090 0.9910
1343     1343   (0)     12  : 0.0060 0.9940
1344     1344   (0)     12  : 0.0190 0.9810
1345     1345   (0)     12  : 0.0070 0.9930
1346     1346   (0)     12  : 0.0090 0.9910
1347     1347   (0)     12  : 0.0170 0.9830
1348     1348   (0)     12  : 0.0060 0.9940
1349     1349   (0)     12  : 0.0796 0.9204
1350     1350   (0)     12  : 0.0132 0.9868
1351     1351   (0)     12  : 0.0110 0.9890
1352     1352   (0)     12  : 0.0100 0.9900
1353     1353   (0)     12  : 0.0220 0.9780
1354     1354   (0)     12  : 0.0140 0.9860
1355     1355   (0)     12  : 0.0280 0.9720
1356     1356   (0)     12  : 0.0100 0.9900
1357     1357   (0)     12  : 0.0340 0.9660
1358     1358   (0)     12  : 0.0270 0.9730
1359     1359   (0)     12  : 0.0100 0.9900
1360     1360   (0)     12  : 0.0060 0.9940
1361     1361   (0)     12  : 0.0080 0.9920
1362     1362   (0)     12  : 0.0090 0.9910
1363     1363   (0)     12  : 0.0070 0.9930
1364     1364   (0)     12  : 0.0090 0.9910
1365     1365   (0)     12  : 0.0100 0.9900
1366     1366   (0)     12  : 0.0070 0.9930
1367     1367   (0)     12  : 0.0070 0.9930
1368     1368   (0)     12  : 0.0100 0.9900
1369     1369   (0)     12  : 0.0170 0.9830
1370     1370   (0)     12  : 0.0110 0.9890
1371     1371   (0)     12  : 0.0100 0.9900
1372     1372   (0)     12  : 0.0150 0.9850
1373     1373   (0)     12  : 0.0070 0.9930
1374     1374   (0)     12  : 0.0090 0.9910
1375     1375   (0)     12  : 0.0190 0.9810
1376     1376   (0)     12  : 0.0140 0.9860
1377     1377   (0)     12  : 0.0070 0.9930
1378     1378   (0)     12  : 0.0090 0.9910
1379     1379   (0)     12  : 0.0130 0.9870
1380     1380   (0)     12  : 0.0070 0.9930
1381     1381   (0)     12  : 0.0212 0.9788
1382     1382   (0)     12  : 0.0120 0.9880
1383     1383   (0)     12  : 0.0120 0.9880
1384     1384   (0)     12  : 0.0100 0.9900
1385     1385   (0)     12  : 0.0090 0.9910
1386     1386   (0)     12  : 0.0110 0.9890
1387     1387   (0)     12  : 0.0140 0.9860
1388     1388   (0)     12  : 0.0080 0.9920
1389     1389   (0)     12  : 0.0070 0.9930
1390     1390   (0)     12  : 0.0090 0.9910
1391     1391   (0)     12  : 0.0100 0.9900
1392     1392   (0)     12  : 0.0080 0.9920
1393     1393   (0)     12  : 0.0296 0.9704
1394     1394   (0)     12  : 0.0090 0.9910
1395     1395   (0)     12  : 0.0120 0.9880
1396     1396   (0)     12  : 0.0090 0.9910
1397     1397   (0)     12  : 0.0150 0.9850
1398     1398   (0)     12  : 0.0100 0.9900
1399     1399   (0)     12  : 0.0126 0.9874
1400     1400   (0)     12  : 0.0080 0.9920
1401     1401   (0)     12  : 0.0100 0.9900
1402     1402   (0)     12  : 0.0150 0.9850
1403     1403   (0)     12  : 0.0220 0.9780
1404     1404   (0)     12  : 0.0080 0.9920
1405     1405   (0)     12  : 0.0120 0.9880
1406     1406   (0)     12  : 0.0496 0.9504
1407     1407   (0)     12  : 0.0120 0.9880
1408     1408   (0)     12  : 0.0070 0.9930
1409     1409   (0)     12  : 0.0130 0.9870
1410     1410   (0)     12  : 0.0070 0.9930
1411     1411   (0)     12  : 0.0070 0.9930
1412     1412   (0)     12  : 0.0070 0.9930
1413     1413   (0)     12  : 0.0130 0.9870
1414     1414   (0)     12  : 0.0260 0.9740
1415     1415   (0)     12  : 0.0130 0.9870
1416     1416   (0)     12  : 0.0080 0.9920
1417     1417   (0)     12  : 0.0090 0.9910
1418     1418   (0)     12  : 0.0140 0.9860
1419     1419   (0)     12  : 0.0060 0.9940
1420     1420   (0)     12  : 0.0100 0.9900
1421     1421   (0)     12  : 0.0080 0.9920
1422     1422   (0)     12  : 0.0070 0.9930
1423     1423   (0)     12  : 0.0130 0.9870
1424     1424   (0)     12  : 0.0160 0.9840
1425     1425   (0)     12  : 0.0120 0.9880
1426     1426   (0)     12  : 0.0210 0.9790
1427     1427   (0)     12  : 0.0080 0.9920
1428     1428   (0)     12  : 0.0120 0.9880
1429     1429   (0)     12  : 0.0080 0.9920
1430     1430   (0)     12  : 0.0180 0.9820
1431     1431   (0)     12  : 0.0060 0.9940
1432     1432   (0)     12  : 0.0080 0.9920
1433     1433   (0)     12  : 0.0110 0.9890
1434     1434   (0)     12  : 0.0074 0.9926
1435     1435   (0)     12  : 0.0250 0.9750
1436     1436   (0)     12  : 0.0420 0.9580
1437     1437   (0)     12  : 0.0200 0.9800
1438     1438   (0)     12  : 0.0100 0.9900
1439     1439   (0)     12  : 0.0100 0.9900
1440     1440   (0)     12  : 0.0120 0.9880
1441     1441   (0)     12  : 0.0120 0.9880
1442     1442   (0)     12  : 0.0080 0.9920
1443     1443   (0)     12  : 0.0226 0.9774
1444     1444   (0)     12  : 0.0120 0.9880
1445     1445   (0)     12  : 0.0100 0.9900
1446     1446   (0)     12  : 0.0120 0.9880
1447     1447   (0)     12  : 0.0100 0.9900
1448     1448   (0)     12  : 0.0200 0.9800
1449     1449   (0)     12  : 0.0070 0.9930
1450     1450   (0)     12  : 0.0088 0.9912
1451     1451   (0)     12  : 0.0280 0.9720
1452     1452   (0)     12  : 0.0070 0.9930
1453     1453   (0)     12  : 0.0236 0.9764
1454     1454   (0)     12  : 0.0540 0.9460
1455     1455   (0)     12  : 0.0080 0.9920
1456     1456   (0)     12  : 0.0160 0.9840
1457     1457   (0)     12  : 0.0120 0.9880
1458     1458   (0)     12  : 0.0088 0.9912
1459     1459   (0)     12  : 0.0080 0.9920
1460     1460   (0)     12  : 0.0080 0.9920
1461     1461   (0)     12  : 0.0070 0.9930
1462     1462   (0)     12  : 0.0320 0.9680
1463     1463   (0)     12  : 0.0120 0.9880
1464     1464   (0)     12  : 0.0070 0.9930
1465     1465   (0)     12  : 0.0120 0.9880
1466     1466   (0)     12  : 0.0080 0.9920
1467     1467   (0)     12  : 0.0110 0.9890
1468     1468   (0)     12  : 0.0080 0.9920
1469     1469   (0)     12  : 0.0190 0.9810
1470     1470   (0)     12  : 0.0130 0.9870
1471     1471   (0)     12  : 0.0440 0.9560
1472     1472   (0)     12  : 0.0170 0.9830
1473     1473   (0)     12  : 0.0230 0.9770
1474     1474   (0)     12  : 0.0120 0.9880
1475     1475   (0)     12  : 0.0220 0.9780
1476     1476   (0)     12  : 0.0060 0.9940
1477     1477   (0)     12  : 0.0300 0.9700
1478     1478   (0)     12  : 0.0070 0.9930
1479     1479   (0)     12  : 0.0100 0.9900
1480     1480   (0)     12  : 0.0100 0.9900
1481     1481   (0)     12  : 0.0572 0.9428
1482     1482   (0)     12  : 0.0090 0.9910
1483     1483   (0)     12  : 0.0080 0.9920
1484     1484   (0)     12  : 0.0160 0.9840
1485     1485   (0)     12  : 0.0202 0.9798
1486     1486   (0)     12  : 0.0100 0.9900
1487     1487   (0)     12  : 0.0340 0.9660
1488     1488   (0)     12  : 0.0636 0.9364
1489     1489   (0)     12  : 0.0400 0.9600
1490     1490   (0)     12  : 0.0080 0.9920
1491     1491   (0)     12  : 0.0160 0.9840
1492     1492   (0)     12  : 0.0190 0.9810
1493     1493   (0)     12  : 0.0080 0.9920
1494     1494   (0)     12  : 0.0204 0.9796
1495     1495   (0)     12  : 0.0080 0.9920
1496     1496   (0)     12  : 0.0170 0.9830
1497     1497   (0)     12  : 0.0150 0.9850
1498     1498   (0)     12  : 0.0140 0.9860
1499     1499   (0)     12  : 0.0130 0.9870
1500     1500   (0)     12  : 0.0100 0.9900
1501     1501   (0)     12  : 0.0080 0.9920
1502     1502   (0)     12  : 0.0070 0.9930
1503     1503   (0)     12  : 0.0080 0.9920
1504     1504   (0)     12  : 0.0120 0.9880
1505     1505   (0)     12  : 0.0350 0.9650
1506     1506   (0)     12  : 0.0070 0.9930
1507     1507   (0)     12  : 0.0092 0.9908
1508     1508   (0)     12  : 0.0110 0.9890
1509     1509   (0)     12  : 0.0070 0.9930
1510     1510   (0)     12  : 0.0200 0.9800
1511     1511   (0)     12  : 0.0096 0.9904
1512     1512   (0)     12  : 0.0120 0.9880
1513     1513   (0)     12  : 0.0090 0.9910
1514     1514   (0)     12  : 0.0070 0.9930
1515     1515   (0)     12  : 0.0110 0.9890
1516     1516   (0)     12  : 0.0138 0.9862
1517     1517   (0)     12  : 0.0090 0.9910
1518     1518   (0)     12  : 0.0100 0.9900
1519     1519   (0)     12  : 0.0130 0.9870
1520     1520   (0)     12  : 0.0120 0.9880
1521     1521   (0)     12  : 0.0100 0.9900
1522     1522   (0)     12  : 0.0060 0.9940
1523     1523   (0)     12  : 0.0160 0.9840
1524     1524   (0)     12  : 0.0120 0.9880
1525     1525   (0)     12  : 0.0150 0.9850
1526     1526   (0)     12  : 0.1230 0.8770
1527     1527   (0)     12  : 0.0150 0.9850
1528     1528   (0)     12  : 0.0190 0.9810
1529     1529   (0)     12  : 0.0100 0.9900
1530     1530   (0)     12  : 0.0070 0.9930
1531     1531   (0)     12  : 0.0170 0.9830
1532     1532   (0)     12  : 0.0080 0.9920
1533     1533   (0)     12  : 0.0120 0.9880
1534     1534   (0)     12  : 0.0100 0.9900
1535     1535   (0)     12  : 0.0110 0.9890
1536     1536   (0)     12  : 0.0774 0.9226
1537     1537   (0)     12  : 0.0310 0.9690
1538     1538   (0)     12  : 0.0070 0.9930
1539     1539   (0)     12  : 0.0132 0.9868
1540     1540   (0)     12  : 0.0140 0.9860
1541     1541   (0)     12  : 0.0110 0.9890
1542     1542   (0)     12  : 0.0100 0.9900
1543     1543   (0)     12  : 0.0100 0.9900
1544     1544   (0)     12  : 0.0100 0.9900
1545     1545   (0)     12  : 0.0090 0.9910
1546     1546   (0)     12  : 0.0090 0.9910
1547     1547   (0)     12  : 0.0110 0.9890
1548     1548   (0)     12  : 0.0170 0.9830
1549     1549   (0)     12  : 0.0110 0.9890
1550     1550   (0)     12  : 0.0130 0.9870
