Wed Jun 24 17:36:57 2026: Job 1782293815 started running.
Wed Jun 24 17:36:57 2026: Job Parameters:
Wed Jun 24 17:36:57 2026: Input file: 1782293815.zip
Wed Jun 24 17:36:57 2026: Input type: STRUCTURE
Wed Jun 24 17:36:57 2026: Labels file: 1782293815.lab
Wed Jun 24 17:36:57 2026: CLUMPP repeats: 2000
Wed Jun 24 17:36:57 2026: CLUMPP search method: LargeKGreedy 
Wed Jun 24 17:36:57 2026: MCL cluster size threshold: 0.1 (default)
Wed Jun 24 17:36:57 2026: Extracting file: "1782293815.zip".
Wed Jun 24 17:36:57 2026: Sorting input files by K
Wed Jun 24 17:36:58 2026: Working on K=4
Wed Jun 24 17:36:58 2026: Executing CLUMPP for K=4.
Wed Jun 24 17:37:05 2026: Clustering K=4 with mcl.
Wed Jun 24 17:37:05 2026: cutoff used: 0.50
Wed Jun 24 17:37:05 2026: Executing CLUMPP for major cluster.
Wed Jun 24 17:37:06 2026: Calculating major cluster LnProb mean and standard deviation.
Wed Jun 24 17:37:06 2026: LnProb mean: -144869.9
Wed Jun 24 17:37:06 2026: LnProb standard deviation: 0.989949493657051
Wed Jun 24 17:37:06 2026: Executing CLUMPP for minor clusters.
Wed Jun 24 17:37:07 2026: Calculating MinorCluster1 LnProb mean and standard deviation.
Wed Jun 24 17:37:07 2026: LnProb mean: -145350.85
Wed Jun 24 17:37:07 2026: LnProb standard deviation: 0.636396103063777
Wed Jun 24 17:37:08 2026: Calculating MinorCluster2 LnProb mean and standard deviation.
Wed Jun 24 17:37:08 2026: LnProb mean: -147951.8
Wed Jun 24 17:37:08 2026: LnProb standard deviation: 0
Wed Jun 24 17:37:08 2026: Working on K=5
Wed Jun 24 17:37:08 2026: Executing CLUMPP for K=5.
Wed Jun 24 17:37:24 2026: Clustering K=5 with mcl.
Wed Jun 24 17:37:24 2026: no cutoff was used
Wed Jun 24 17:37:24 2026: Executing CLUMPP for major cluster.
Wed Jun 24 17:37:42 2026: Calculating major cluster LnProb mean and standard deviation.
Wed Jun 24 17:37:42 2026: LnProb mean: -139556.5
Wed Jun 24 17:37:42 2026: LnProb standard deviation: 0.561248608015054
Wed Jun 24 17:37:42 2026: Working on K=6
Wed Jun 24 17:37:43 2026: Executing CLUMPP for K=6.
Wed Jun 24 17:38:06 2026: Clustering K=6 with mcl.
Wed Jun 24 17:38:06 2026: no cutoff was used
Wed Jun 24 17:38:06 2026: Executing CLUMPP for major cluster.
Wed Jun 24 17:38:29 2026: Calculating major cluster LnProb mean and standard deviation.
Wed Jun 24 17:38:29 2026: LnProb mean: -136144.22
Wed Jun 24 17:38:29 2026: LnProb standard deviation: 1.13885907820393
Wed Jun 24 17:38:29 2026: Working on K=7
Wed Jun 24 17:38:29 2026: Executing CLUMPP for K=7.
Wed Jun 24 17:39:01 2026: Clustering K=7 with mcl.
Wed Jun 24 17:39:01 2026: cutoff used: 0.61
Wed Jun 24 17:39:01 2026: Executing CLUMPP for major cluster.
Wed Jun 24 17:39:14 2026: Calculating major cluster LnProb mean and standard deviation.
Wed Jun 24 17:39:14 2026: LnProb mean: -135582.366666667
Wed Jun 24 17:39:14 2026: LnProb standard deviation: 424.727869739355
Wed Jun 24 17:39:14 2026: Executing CLUMPP for minor clusters.
Wed Jun 24 17:39:20 2026: Calculating MinorCluster1 LnProb mean and standard deviation.
Wed Jun 24 17:39:20 2026: LnProb mean: -135240.55
Wed Jun 24 17:39:20 2026: LnProb standard deviation: 0.636396103063777
Wed Jun 24 17:39:20 2026: Ordering clusters by size for K=4
Wed Jun 24 17:39:20 2026: Calling distruct for K=4.MajorCluster
Wed Jun 24 17:39:22 2026: Calculating best Average Distance between K=4 and K=5..
Wed Jun 24 17:39:27 2026: Calling distruct for K=5.MajorCluster
Wed Jun 24 17:39:29 2026: Calculating best Average Distance between K=5 and K=6..
Wed Jun 24 17:40:02 2026: Calling distruct for K=6.MajorCluster
Wed Jun 24 17:40:04 2026: Calculating best Average Distance between K=6 and K=7..
Wed Jun 24 17:45:08 2026: Calling distruct for K=7.MajorCluster
Wed Jun 24 17:45:10 2026: Calculating best Average Distance between large cluster and K=4.MinorCluster1..
Wed Jun 24 17:45:11 2026: Calling distruct for K=4.MinorCluster1
Wed Jun 24 17:45:13 2026: Calculating best Average Distance between large cluster and K=4.MinorCluster2..
Wed Jun 24 17:45:14 2026: Calling distruct for K=4.MinorCluster2
Wed Jun 24 17:45:16 2026: Calculating best Average Distance between large cluster and K=7.MinorCluster1..
Wed Jun 24 17:48:07 2026: Calling distruct for K=7.MinorCluster1
Wed Jun 24 17:48:08 2026: Creating job summary PDF
Wed Jun 24 17:48:08 2026: Creating job summary PDF for K=4
Wed Jun 24 17:48:08 2026: Creating job summary PDF for K=5
Wed Jun 24 17:48:08 2026: Creating job summary PDF for K=6
Wed Jun 24 17:48:08 2026: Creating job summary PDF for K=7
Wed Jun 24 17:48:08 2026: Creating job zip file
