Wed Jun 24 18:29:07 2026: Job 1782296938 started running.
Wed Jun 24 18:29:07 2026: Job Parameters:
Wed Jun 24 18:29:07 2026: Input file: 1782296938.zip
Wed Jun 24 18:29:07 2026: Input type: STRUCTURE
Wed Jun 24 18:29:07 2026: Labels file: 1782296938.lab
Wed Jun 24 18:29:07 2026: CLUMPP repeats: 2000
Wed Jun 24 18:29:07 2026: CLUMPP search method: LargeKGreedy 
Wed Jun 24 18:29:07 2026: MCL cluster size threshold: 0.1 (default)
Wed Jun 24 18:29:07 2026: Extracting file: "1782296938.zip".
Wed Jun 24 18:29:07 2026: Sorting input files by K
Wed Jun 24 18:29:08 2026: Working on K=4
Wed Jun 24 18:29:08 2026: Executing CLUMPP for K=4.
Wed Jun 24 18:29:30 2026: Clustering K=4 with mcl.
Wed Jun 24 18:29:30 2026: cutoff used: 0.63
Wed Jun 24 18:29:30 2026: Executing CLUMPP for major cluster.
Wed Jun 24 18:29:39 2026: Calculating major cluster LnProb mean and standard deviation.
Wed Jun 24 18:29:39 2026: LnProb mean: -259455.166666667
Wed Jun 24 18:29:39 2026: LnProb standard deviation: 148.926872435215
Wed Jun 24 18:29:39 2026: Executing CLUMPP for minor clusters.
Wed Jun 24 18:29:43 2026: Calculating MinorCluster1 LnProb mean and standard deviation.
Wed Jun 24 18:29:43 2026: LnProb mean: -257935.75
Wed Jun 24 18:29:43 2026: LnProb standard deviation: 0.212132034347732
Wed Jun 24 18:29:43 2026: Working on K=5
Wed Jun 24 18:29:44 2026: Executing CLUMPP for K=5.
Wed Jun 24 18:30:20 2026: Clustering K=5 with mcl.
Wed Jun 24 18:30:20 2026: no cutoff was used
Wed Jun 24 18:30:20 2026: Executing CLUMPP for major cluster.
Wed Jun 24 18:30:57 2026: Calculating major cluster LnProb mean and standard deviation.
Wed Jun 24 18:30:57 2026: LnProb mean: -249985.72
Wed Jun 24 18:30:57 2026: LnProb standard deviation: 1.57702251093514
Wed Jun 24 18:30:57 2026: Working on K=6
Wed Jun 24 18:30:57 2026: Executing CLUMPP for K=6.
Wed Jun 24 18:31:46 2026: Clustering K=6 with mcl.
Wed Jun 24 18:31:46 2026: no cutoff was used
Wed Jun 24 18:31:46 2026: Executing CLUMPP for major cluster.
Wed Jun 24 18:32:37 2026: Calculating major cluster LnProb mean and standard deviation.
Wed Jun 24 18:32:37 2026: LnProb mean: -244871.86
Wed Jun 24 18:32:37 2026: LnProb standard deviation: 6.8211435991315
Wed Jun 24 18:32:37 2026: Working on K=7
Wed Jun 24 18:32:37 2026: Executing CLUMPP for K=7.
Wed Jun 24 18:33:44 2026: Clustering K=7 with mcl.
Wed Jun 24 18:33:44 2026: cutoff used: 0.71
Wed Jun 24 18:33:44 2026: Executing CLUMPP for major cluster.
Wed Jun 24 18:34:08 2026: Calculating major cluster LnProb mean and standard deviation.
Wed Jun 24 18:34:08 2026: LnProb mean: -243743.366666667
Wed Jun 24 18:34:08 2026: LnProb standard deviation: 6.40494600550376
Wed Jun 24 18:34:08 2026: Executing CLUMPP for minor clusters.
Wed Jun 24 18:34:18 2026: Calculating MinorCluster1 LnProb mean and standard deviation.
Wed Jun 24 18:34:18 2026: LnProb mean: -244391.95
Wed Jun 24 18:34:18 2026: LnProb standard deviation: 10.3944696834299
Wed Jun 24 18:34:18 2026: Ordering clusters by size for K=4
Wed Jun 24 18:34:18 2026: Calling distruct for K=4.MajorCluster
Wed Jun 24 18:34:20 2026: Calculating best Average Distance between K=4 and K=5..
Wed Jun 24 18:34:28 2026: Calling distruct for K=5.MajorCluster
Wed Jun 24 18:34:30 2026: Calculating best Average Distance between K=5 and K=6..
Wed Jun 24 18:35:28 2026: Calling distruct for K=6.MajorCluster
Wed Jun 24 18:35:30 2026: Calculating best Average Distance between K=6 and K=7..
Wed Jun 24 18:44:04 2026: Calling distruct for K=7.MajorCluster
Wed Jun 24 18:44:07 2026: Calculating best Average Distance between large cluster and K=4.MinorCluster1..
Wed Jun 24 18:44:08 2026: Calling distruct for K=4.MinorCluster1
Wed Jun 24 18:44:11 2026: Calculating best Average Distance between large cluster and K=7.MinorCluster1..
Wed Jun 24 18:49:35 2026: Calling distruct for K=7.MinorCluster1
Wed Jun 24 18:49:36 2026: Creating job summary PDF
Wed Jun 24 18:49:36 2026: Creating job summary PDF for K=4
Wed Jun 24 18:49:36 2026: Creating job summary PDF for K=5
Wed Jun 24 18:49:36 2026: Creating job summary PDF for K=6
Wed Jun 24 18:49:36 2026: Creating job summary PDF for K=7
Wed Jun 24 18:49:36 2026: Creating job zip file
