1        1   (5)      1  : 0.9712 0.0288
2        2   (5)      1  : 0.9466 0.0534
3        3   (5)      1  : 0.9782 0.0218
4        4   (0)      1  : 0.9692 0.0308
5        5   (0)      1  : 0.9520 0.0480
6        6   (0)      1  : 0.9780 0.0220
7        7   (0)      1  : 0.9630 0.0370
8        8   (5)      1  : 0.9730 0.0270
9        9   (0)      1  : 0.9770 0.0230
10       10   (0)      1  : 0.9542 0.0458
11       11   (0)      1  : 0.9760 0.0240
12       12   (0)      1  : 0.9592 0.0408
13       13   (0)      1  : 0.9570 0.0430
14       14   (0)      1  : 0.9730 0.0270
15       15   (0)      1  : 0.9750 0.0250
16       16   (0)      1  : 0.9790 0.0210
17       17   (0)      1  : 0.9810 0.0190
18       18   (0)      1  : 0.9660 0.0340
19       19   (0)      1  : 0.9090 0.0910
20       20   (0)      1  : 0.9364 0.0636
21       21   (0)      1  : 0.9740 0.0260
22       22   (0)      1  : 0.9830 0.0170
23       23   (0)      1  : 0.9750 0.0250
24       24   (0)      1  : 0.9520 0.0480
25       25   (0)      1  : 0.9470 0.0530
26       26   (0)      1  : 0.9540 0.0460
27       27   (5)      1  : 0.9672 0.0328
28       28   (0)      1  : 0.9830 0.0170
29       29   (0)      1  : 0.9770 0.0230
30       30   (0)      1  : 0.9452 0.0548
31       31   (0)      1  : 0.9780 0.0220
32       32   (0)      1  : 0.9592 0.0408
33       33   (0)      1  : 0.9774 0.0226
34       34   (0)      1  : 0.9810 0.0190
35       35   (0)      1  : 0.9596 0.0404
36       36   (0)      1  : 0.9804 0.0196
37       37   (0)      1  : 0.9532 0.0468
38       38   (0)      1  : 0.9512 0.0488
39       39   (0)      1  : 0.9700 0.0300
40       40   (0)      1  : 0.9654 0.0346
41       41   (0)      1  : 0.9740 0.0260
42       42   (0)      1  : 0.9840 0.0160
43       43   (0)      1  : 0.9790 0.0210
44       44   (0)      1  : 0.9840 0.0160
45       45   (5)      1  : 0.9570 0.0430
46       46   (0)      1  : 0.9850 0.0150
47       47   (0)      1  : 0.9830 0.0170
48       48   (0)      1  : 0.9756 0.0244
49       49   (0)      1  : 0.9452 0.0548
50       50   (0)      1  : 0.9750 0.0250
51       51   (0)      1  : 0.9582 0.0418
52       52   (0)      1  : 0.9010 0.0990
53       53   (0)      1  : 0.9720 0.0280
54       54   (0)      1  : 0.9840 0.0160
55       55   (0)      1  : 0.9790 0.0210
56       56   (0)      1  : 0.9780 0.0220
57       57  (10)      1  : 0.9600 0.0400
58       58   (5)      1  : 0.9730 0.0270
59       59   (0)      1  : 0.9670 0.0330
60       60   (0)      1  : 0.9800 0.0200
61       61   (0)      1  : 0.9740 0.0260
62       62   (0)      1  : 0.9760 0.0240
63       63   (0)      1  : 0.9712 0.0288
64       64   (0)      1  : 0.9790 0.0210
65       65   (0)      1  : 0.9038 0.0962
66       66   (0)      1  : 0.9790 0.0210
67       67   (5)      1  : 0.9418 0.0582
68       68   (0)      1  : 0.9684 0.0316
69       69   (0)      1  : 0.9820 0.0180
70       70   (0)      1  : 0.9750 0.0250
71       71   (5)      1  : 0.9720 0.0280
72       72   (0)      1  : 0.9582 0.0418
73       73   (5)      1  : 0.9772 0.0228
74       74  (10)      1  : 0.9572 0.0428
75       75  (10)      1  : 0.9196 0.0804
76       76   (0)      1  : 0.9690 0.0310
77       77  (10)      1  : 0.9650 0.0350
78       78   (0)      1  : 0.9522 0.0478
79       79   (5)      1  : 0.9770 0.0230
80       80   (0)      1  : 0.9780 0.0220
81       81   (0)      1  : 0.9750 0.0250
82       82   (0)      1  : 0.9780 0.0220
83       83   (0)      1  : 0.9682 0.0318
84       84   (0)      1  : 0.9532 0.0468
85       85   (0)      1  : 0.9810 0.0190
86       86   (5)      1  : 0.9750 0.0250
87       87   (0)      1  : 0.9768 0.0232
88       88   (0)      1  : 0.9494 0.0506
89       89   (0)      1  : 0.9148 0.0852
90       90   (0)      1  : 0.9770 0.0230
91       91   (0)      1  : 0.9690 0.0310
92       92   (0)      1  : 0.9760 0.0240
93       93   (0)      1  : 0.9810 0.0190
94       94   (5)      1  : 0.9330 0.0670
95       95   (0)      1  : 0.9710 0.0290
96       96   (5)      1  : 0.9742 0.0258
97       97   (0)      1  : 0.9812 0.0188
98       98   (0)      1  : 0.9610 0.0390
99       99   (5)      1  : 0.9700 0.0300
100      100   (5)      1  : 0.9820 0.0180
101      101   (0)      2  : 0.9218 0.0782
102      102   (0)      2  : 0.9740 0.0260
103      103   (0)      2  : 0.9166 0.0834
104      104   (0)      2  : 0.9154 0.0846
105      105   (0)      2  : 0.9760 0.0240
106      106   (0)      2  : 0.8912 0.1088
107      107   (0)      2  : 0.9346 0.0654
108      108   (0)      2  : 0.9770 0.0230
109      109   (0)      2  : 0.9562 0.0438
110      110   (0)      2  : 0.8732 0.1268
111      111   (0)      2  : 0.8106 0.1894
112      112   (0)      2  : 0.9570 0.0430
113      113   (0)      2  : 0.9350 0.0650
114      114   (0)      2  : 0.8082 0.1918
115      115   (0)      2  : 0.9622 0.0378
116      116   (0)      2  : 0.8090 0.1910
117      117   (0)      2  : 0.9530 0.0470
118      118   (0)      2  : 0.9342 0.0658
119      119   (0)      2  : 0.8004 0.1996
120      120   (0)      2  : 0.9272 0.0728
121      121   (0)      2  : 0.8602 0.1398
122      122   (0)      2  : 0.9072 0.0928
123      123   (0)      2  : 0.8656 0.1344
124      124   (0)      2  : 0.8350 0.1650
125      125   (0)      2  : 0.9282 0.0718
126      126   (0)      2  : 0.9486 0.0514
127      127   (0)      2  : 0.9332 0.0668
128      128   (0)      2  : 0.9316 0.0684
129      129   (0)      2  : 0.8954 0.1046
130      130   (0)      2  : 0.8832 0.1168
131      131   (0)      2  : 0.7504 0.2496
132      132   (0)      2  : 0.9334 0.0666
133      133   (0)      2  : 0.9188 0.0812
134      134   (0)      2  : 0.8016 0.1984
135      135   (0)      2  : 0.9662 0.0338
136      136   (0)      2  : 0.9630 0.0370
137      137   (0)      2  : 0.7870 0.2130
138      138   (0)      2  : 0.7448 0.2552
139      139   (0)      2  : 0.8904 0.1096
140      140   (0)      2  : 0.8870 0.1130
141      141   (0)      2  : 0.8204 0.1796
142      142   (0)      2  : 0.8968 0.1032
143      143   (0)      2  : 0.7976 0.2024
144      144   (0)      2  : 0.8552 0.1448
145      145   (0)      2  : 0.8538 0.1462
146      146   (0)      2  : 0.8604 0.1396
147      147   (0)      2  : 0.9710 0.0290
148      148   (0)      2  : 0.9602 0.0398
149      149   (0)      2  : 0.9830 0.0170
150      150   (0)      2  : 0.9460 0.0540
151      151   (0)      2  : 0.9372 0.0628
152      152   (0)      2  : 0.8572 0.1428
153      153   (0)      2  : 0.9292 0.0708
154      154   (0)      2  : 0.9414 0.0586
155      155   (0)      2  : 0.9016 0.0984
156      156   (0)      2  : 0.9212 0.0788
157      157   (0)      2  : 0.8646 0.1354
158      158   (0)      2  : 0.8228 0.1772
159      159   (0)      2  : 0.8842 0.1158
160      160   (0)      2  : 0.9412 0.0588
161      161   (0)      2  : 0.9118 0.0882
162      162   (0)      2  : 0.9080 0.0920
163      163   (0)      2  : 0.8996 0.1004
164      164   (0)      2  : 0.9770 0.0230
165      165   (0)      2  : 0.7320 0.2680
166      166   (0)      2  : 0.9418 0.0582
167      167   (0)      2  : 0.7690 0.2310
168      168   (0)      2  : 0.8554 0.1446
169      169   (0)      2  : 0.9458 0.0542
170      170   (0)      2  : 0.7304 0.2696
171      171   (0)      2  : 0.8286 0.1714
172      172   (0)      2  : 0.9708 0.0292
173      173   (0)      2  : 0.8948 0.1052
174      174   (0)      2  : 0.9602 0.0398
175      175   (0)      2  : 0.9670 0.0330
176      176   (0)      2  : 0.7602 0.2398
177      177   (0)      2  : 0.9360 0.0640
178      178   (0)      2  : 0.9760 0.0240
179      179   (0)      2  : 0.9224 0.0776
180      180   (0)      2  : 0.7932 0.2068
181      181   (0)      2  : 0.9062 0.0938
182      182   (0)      2  : 0.8876 0.1124
183      183   (0)      2  : 0.9432 0.0568
184      184   (0)      2  : 0.8516 0.1484
185      185   (0)      2  : 0.8630 0.1370
186      186   (0)      2  : 0.8738 0.1262
187      187   (0)      2  : 0.9416 0.0584
188      188   (0)      2  : 0.8788 0.1212
189      189   (0)      2  : 0.7694 0.2306
190      190   (0)      2  : 0.7676 0.2324
191      191   (0)      2  : 0.9702 0.0298
192      192   (0)      2  : 0.8094 0.1906
193      193   (0)      2  : 0.8852 0.1148
194      194   (0)      2  : 0.8676 0.1324
195      195   (0)      2  : 0.8756 0.1244
196      196   (0)      2  : 0.7906 0.2094
197      197   (0)      2  : 0.9390 0.0610
198      198   (0)      2  : 0.8822 0.1178
199      199   (0)      2  : 0.9602 0.0398
200      200   (0)      2  : 0.9660 0.0340
201      201   (0)      3  : 0.8532 0.1468
202      202   (0)      3  : 0.6066 0.3934
203      203   (0)      3  : 0.7266 0.2734
204      204   (0)      3  : 0.7792 0.2208
205      205   (0)      3  : 0.7934 0.2066
206      206   (0)      3  : 0.6478 0.3522
207      207   (0)      3  : 0.8212 0.1788
208      208   (0)      3  : 0.7502 0.2498
209      209   (0)      3  : 0.6880 0.3120
210      210   (0)      3  : 0.8660 0.1340
211      211   (0)      3  : 0.6112 0.3888
212      212   (0)      3  : 0.7272 0.2728
213      213   (0)      3  : 0.7152 0.2848
214      214   (0)      3  : 0.5522 0.4478
215      215   (0)      3  : 0.7238 0.2762
216      216   (0)      3  : 0.6282 0.3718
217      217   (0)      3  : 0.8444 0.1556
218      218   (0)      3  : 0.6898 0.3102
219      219   (0)      3  : 0.8308 0.1692
220      220   (0)      3  : 0.6748 0.3252
221      221   (0)      3  : 0.9116 0.0884
222      222   (0)      3  : 0.8654 0.1346
223      223   (0)      3  : 0.7354 0.2646
224      224   (0)      3  : 0.7924 0.2076
225      225   (0)      3  : 0.8446 0.1554
226      226   (0)      3  : 0.9392 0.0608
227      227   (0)      3  : 0.7776 0.2224
228      228   (0)      3  : 0.6728 0.3272
229      229   (0)      3  : 0.7100 0.2900
230      230   (0)      3  : 0.5190 0.4810
231      231   (0)      3  : 0.7272 0.2728
232      232   (0)      3  : 0.6514 0.3486
233      233   (0)      3  : 0.8812 0.1188
234      234   (0)      3  : 0.7760 0.2240
235      235   (0)      3  : 0.7842 0.2158
236      236   (0)      3  : 0.7614 0.2386
237      237   (0)      3  : 0.5954 0.4046
238      238   (0)      3  : 0.7034 0.2966
239      239   (0)      3  : 0.7572 0.2428
240      240   (0)      3  : 0.9060 0.0940
241      241   (0)      3  : 0.5892 0.4108
242      242   (0)      3  : 0.7610 0.2390
243      243   (0)      3  : 0.7874 0.2126
244      244   (0)      3  : 0.7822 0.2178
245      245   (0)      3  : 0.7562 0.2438
246      246   (0)      3  : 0.5280 0.4720
247      247   (0)      3  : 0.8228 0.1772
248      248   (0)      3  : 0.7538 0.2462
249      249   (0)      3  : 0.7444 0.2556
250      250   (0)      3  : 0.9156 0.0844
251      251   (0)      3  : 0.7052 0.2948
252      252   (0)      3  : 0.9214 0.0786
253      253   (0)      3  : 0.8308 0.1692
254      254   (0)      3  : 0.7752 0.2248
255      255   (0)      3  : 0.9720 0.0280
256      256   (0)      3  : 0.8808 0.1192
257      257   (0)      3  : 0.6686 0.3314
258      258   (0)      3  : 0.5482 0.4518
259      259   (0)      3  : 0.6906 0.3094
260      260   (0)      3  : 0.6762 0.3238
261      261   (0)      3  : 0.9204 0.0796
262      262   (0)      3  : 0.7768 0.2232
263      263   (0)      3  : 0.6932 0.3068
264      264   (0)      3  : 0.5970 0.4030
265      265   (0)      3  : 0.8566 0.1434
266      266   (0)      3  : 0.6808 0.3192
267      267   (0)      3  : 0.8092 0.1908
268      268   (0)      3  : 0.8148 0.1852
269      269   (0)      3  : 0.8012 0.1988
270      270   (0)      3  : 0.7828 0.2172
271      271   (0)      3  : 0.7952 0.2048
272      272   (0)      3  : 0.7790 0.2210
273      273   (0)      3  : 0.7652 0.2348
274      274   (0)      3  : 0.4850 0.5150
275      275   (0)      3  : 0.8220 0.1780
276      276   (0)      3  : 0.8022 0.1978
277      277   (0)      3  : 0.9210 0.0790
278      278   (0)      3  : 0.7632 0.2368
279      279   (0)      3  : 0.7700 0.2300
280      280   (0)      3  : 0.8702 0.1298
281      281   (0)      3  : 0.6002 0.3998
282      282   (0)      3  : 0.6638 0.3362
283      283   (0)      3  : 0.8826 0.1174
284      284   (0)      3  : 0.8854 0.1146
285      285   (0)      3  : 0.5572 0.4428
286      286   (0)      3  : 0.8570 0.1430
287      287   (0)      3  : 0.5912 0.4088
288      288   (0)      3  : 0.6126 0.3874
289      289   (0)      3  : 0.8830 0.1170
290      290   (0)      3  : 0.9178 0.0822
291      291   (0)      3  : 0.6792 0.3208
292      292   (0)      3  : 0.8282 0.1718
293      293   (0)      3  : 0.8898 0.1102
294      294   (0)      3  : 0.8782 0.1218
295      295   (0)      3  : 0.8554 0.1446
296      296   (0)      3  : 0.7658 0.2342
297      297   (0)      3  : 0.8160 0.1840
298      298   (0)      3  : 0.7092 0.2908
299      299   (0)      3  : 0.7512 0.2488
300      300   (0)      3  : 0.6340 0.3660
301      301   (0)      4  : 0.5684 0.4316
302      302   (0)      4  : 0.6090 0.3910
303      303   (0)      4  : 0.4446 0.5554
304      304   (0)      4  : 0.5058 0.4942
305      305   (0)      4  : 0.4958 0.5042
306      306   (0)      4  : 0.6924 0.3076
307      307   (0)      4  : 0.4072 0.5928
308      308   (0)      4  : 0.6518 0.3482
309      309   (0)      4  : 0.4668 0.5332
310      310   (0)      4  : 0.5202 0.4798
311      311   (0)      4  : 0.3986 0.6014
312      312   (0)      4  : 0.4472 0.5528
313      313   (0)      4  : 0.5232 0.4768
314      314   (0)      4  : 0.3590 0.6410
315      315   (0)      4  : 0.5944 0.4056
316      316   (0)      4  : 0.5952 0.4048
317      317   (0)      4  : 0.4972 0.5028
318      318   (0)      4  : 0.4692 0.5308
319      319   (0)      4  : 0.6522 0.3478
320      320   (0)      4  : 0.4056 0.5944
321      321   (0)      4  : 0.4922 0.5078
322      322   (0)      4  : 0.5692 0.4308
323      323   (0)      4  : 0.2880 0.7120
324      324   (0)      4  : 0.4912 0.5088
325      325   (0)      4  : 0.5084 0.4916
326      326   (0)      4  : 0.4402 0.5598
327      327   (0)      4  : 0.5282 0.4718
328      328   (0)      4  : 0.4542 0.5458
329      329   (0)      4  : 0.4272 0.5728
330      330   (0)      4  : 0.5848 0.4152
331      331   (0)      4  : 0.3918 0.6082
332      332   (0)      4  : 0.5376 0.4624
333      333   (0)      4  : 0.6092 0.3908
334      334   (0)      4  : 0.5644 0.4356
335      335   (0)      4  : 0.3460 0.6540
336      336   (0)      4  : 0.4920 0.5080
337      337   (0)      4  : 0.4132 0.5868
338      338   (0)      4  : 0.5936 0.4064
339      339   (0)      4  : 0.6274 0.3726
340      340   (0)      4  : 0.4110 0.5890
341      341   (0)      4  : 0.4198 0.5802
342      342   (0)      4  : 0.4128 0.5872
343      343   (0)      4  : 0.4452 0.5548
344      344   (0)      4  : 0.5292 0.4708
345      345   (0)      4  : 0.5514 0.4486
346      346   (0)      4  : 0.4970 0.5030
347      347   (0)      4  : 0.5572 0.4428
348      348   (0)      4  : 0.4978 0.5022
349      349   (0)      4  : 0.4962 0.5038
350      350   (0)      4  : 0.6802 0.3198
351      351   (0)      4  : 0.4886 0.5114
352      352   (0)      4  : 0.3262 0.6738
353      353   (0)      4  : 0.5434 0.4566
354      354   (0)      4  : 0.5450 0.4550
355      355   (0)      4  : 0.4620 0.5380
356      356   (0)      4  : 0.3874 0.6126
357      357   (0)      4  : 0.5032 0.4968
358      358   (0)      4  : 0.5422 0.4578
359      359   (0)      4  : 0.6776 0.3224
360      360   (0)      4  : 0.3646 0.6354
361      361   (0)      4  : 0.5620 0.4380
362      362   (0)      4  : 0.4344 0.5656
363      363   (0)      4  : 0.5418 0.4582
364      364   (0)      4  : 0.3880 0.6120
365      365   (0)      4  : 0.4622 0.5378
366      366   (0)      4  : 0.4362 0.5638
367      367   (0)      4  : 0.3932 0.6068
368      368   (0)      4  : 0.5292 0.4708
369      369   (0)      4  : 0.4952 0.5048
370      370   (0)      4  : 0.5822 0.4178
371      371   (0)      4  : 0.5362 0.4638
372      372   (0)      4  : 0.5052 0.4948
373      373   (0)      4  : 0.5596 0.4404
374      374   (0)      4  : 0.4172 0.5828
375      375   (0)      4  : 0.4370 0.5630
376      376   (0)      4  : 0.5316 0.4684
377      377   (0)      4  : 0.5692 0.4308
378      378   (0)      4  : 0.3802 0.6198
379      379   (0)      4  : 0.5440 0.4560
380      380   (0)      4  : 0.5650 0.4350
381      381   (0)      4  : 0.4458 0.5542
382      382   (0)      4  : 0.4510 0.5490
383      383   (0)      4  : 0.6028 0.3972
384      384   (0)      4  : 0.4392 0.5608
385      385   (0)      4  : 0.4020 0.5980
386      386   (0)      4  : 0.5626 0.4374
387      387   (0)      4  : 0.4932 0.5068
388      388   (0)      4  : 0.5102 0.4898
389      389   (0)      4  : 0.4962 0.5038
390      390   (0)      4  : 0.4316 0.5684
391      391   (0)      4  : 0.4366 0.5634
392      392   (0)      4  : 0.5432 0.4568
393      393   (0)      4  : 0.4368 0.5632
394      394   (0)      4  : 0.7044 0.2956
395      395   (0)      4  : 0.5662 0.4338
396      396   (0)      4  : 0.5686 0.4314
397      397   (0)      4  : 0.5072 0.4928
398      398   (0)      4  : 0.4584 0.5416
399      399   (0)      4  : 0.5934 0.4066
400      400   (0)      4  : 0.5466 0.4534
401      401   (0)      5  : 0.2710 0.7290
402      402   (0)      5  : 0.1040 0.8960
403      403   (0)      5  : 0.3160 0.6840
404      404   (0)      5  : 0.2378 0.7622
405      405   (0)      5  : 0.2102 0.7898
406      406   (0)      5  : 0.3276 0.6724
407      407   (0)      5  : 0.2900 0.7100
408      408   (0)      5  : 0.3396 0.6604
409      409   (0)      5  : 0.1914 0.8086
410      410   (0)      5  : 0.2800 0.7200
411      411   (0)      5  : 0.2190 0.7810
412      412   (0)      5  : 0.2900 0.7100
413      413   (0)      5  : 0.3430 0.6570
414      414   (0)      5  : 0.3980 0.6020
415      415   (0)      5  : 0.0980 0.9020
416      416   (0)      5  : 0.3600 0.6400
417      417   (0)      5  : 0.3080 0.6920
418      418   (0)      5  : 0.2852 0.7148
419      419   (0)      5  : 0.3404 0.6596
420      420   (0)      5  : 0.2252 0.7748
421      421   (0)      5  : 0.1890 0.8110
422      422   (0)      5  : 0.2360 0.7640
423      423   (0)      5  : 0.3530 0.6470
424      424   (0)      5  : 0.2482 0.7518
425      425   (0)      5  : 0.2202 0.7798
426      426   (0)      5  : 0.2240 0.7760
427      427   (0)      5  : 0.2880 0.7120
428      428   (0)      5  : 0.1440 0.8560
429      429   (0)      5  : 0.2010 0.7990
430      430   (0)      5  : 0.0858 0.9142
431      431   (0)      5  : 0.3572 0.6428
432      432   (0)      5  : 0.3068 0.6932
433      433   (0)      5  : 0.1550 0.8450
434      434   (0)      5  : 0.2810 0.7190
435      435   (0)      5  : 0.1548 0.8452
436      436   (0)      5  : 0.4778 0.5222
437      437   (0)      5  : 0.2830 0.7170
438      438   (0)      5  : 0.1026 0.8974
439      439   (0)      5  : 0.3350 0.6650
440      440   (0)      5  : 0.1580 0.8420
441      441   (0)      5  : 0.3448 0.6552
442      442   (0)      5  : 0.3240 0.6760
443      443   (0)      5  : 0.2026 0.7974
444      444   (0)      5  : 0.2530 0.7470
445      445   (0)      5  : 0.1170 0.8830
446      446   (0)      5  : 0.1814 0.8186
447      447   (0)      5  : 0.2960 0.7040
448      448   (0)      5  : 0.3410 0.6590
449      449   (0)      5  : 0.1230 0.8770
450      450   (0)      5  : 0.1822 0.8178
451      451   (0)      5  : 0.2966 0.7034
452      452   (0)      5  : 0.2620 0.7380
453      453   (0)      5  : 0.2468 0.7532
454      454   (0)      5  : 0.2288 0.7712
455      455   (0)      5  : 0.2550 0.7450
456      456   (0)      5  : 0.2230 0.7770
457      457   (0)      5  : 0.4320 0.5680
458      458   (0)      5  : 0.2752 0.7248
459      459   (0)      5  : 0.1980 0.8020
460      460   (0)      5  : 0.3740 0.6260
461      461   (0)      5  : 0.3240 0.6760
462      462   (0)      5  : 0.3970 0.6030
463      463   (0)      5  : 0.2160 0.7840
464      464   (0)      5  : 0.3306 0.6694
465      465   (0)      5  : 0.1276 0.8724
466      466   (0)      5  : 0.1400 0.8600
467      467   (0)      5  : 0.1970 0.8030
468      468   (0)      5  : 0.4014 0.5986
469      469   (0)      5  : 0.2620 0.7380
470      470   (0)      5  : 0.4304 0.5696
471      471   (0)      5  : 0.2008 0.7992
472      472   (0)      5  : 0.2200 0.7800
473      473   (0)      5  : 0.2710 0.7290
474      474   (0)      5  : 0.2862 0.7138
475      475   (0)      5  : 0.2660 0.7340
476      476   (0)      5  : 0.2136 0.7864
477      477   (0)      5  : 0.3662 0.6338
478      478   (0)      5  : 0.2642 0.7358
479      479   (0)      5  : 0.2098 0.7902
480      480   (0)      5  : 0.1150 0.8850
481      481   (0)      5  : 0.4000 0.6000
482      482   (0)      5  : 0.3100 0.6900
483      483   (0)      5  : 0.2110 0.7890
484      484   (0)      5  : 0.0620 0.9380
485      485   (0)      5  : 0.2882 0.7118
486      486   (0)      5  : 0.3060 0.6940
487      487   (0)      5  : 0.1970 0.8030
488      488   (0)      5  : 0.0624 0.9376
489      489   (0)      5  : 0.4168 0.5832
490      490   (0)      5  : 0.1608 0.8392
491      491   (0)      5  : 0.2122 0.7878
492      492   (0)      5  : 0.1660 0.8340
493      493   (0)      5  : 0.1502 0.8498
494      494   (0)      5  : 0.2386 0.7614
495      495   (0)      5  : 0.4030 0.5970
496      496   (0)      5  : 0.2972 0.7028
497      497   (0)      5  : 0.2518 0.7482
498      498   (0)      5  : 0.3356 0.6644
499      499   (0)      5  : 0.1940 0.8060
500      500   (0)      5  : 0.1190 0.8810
501      501   (0)      6  : 0.0180 0.9820
502      502   (0)      6  : 0.0356 0.9644
503      503   (0)      6  : 0.0688 0.9312
504      504   (0)      6  : 0.0550 0.9450
505      505   (0)      6  : 0.0638 0.9362
506      506   (0)      6  : 0.0180 0.9820
507      507   (0)      6  : 0.0996 0.9004
508      508   (0)      6  : 0.0698 0.9302
509      509   (0)      6  : 0.1760 0.8240
510      510   (0)      6  : 0.0612 0.9388
511      511   (0)      6  : 0.0370 0.9630
512      512   (0)      6  : 0.1720 0.8280
513      513   (0)      6  : 0.0480 0.9520
514      514   (0)      6  : 0.0938 0.9062
515      515   (0)      6  : 0.0418 0.9582
516      516   (0)      6  : 0.1458 0.8542
517      517   (0)      6  : 0.0270 0.9730
518      518   (0)      6  : 0.0910 0.9090
519      519   (0)      6  : 0.1212 0.8788
520      520   (0)      6  : 0.0608 0.9392
521      521   (0)      6  : 0.0568 0.9432
522      522   (0)      6  : 0.1226 0.8774
523      523   (0)      6  : 0.1270 0.8730
524      524   (0)      6  : 0.0910 0.9090
525      525   (0)      6  : 0.0840 0.9160
526      526   (0)      6  : 0.0648 0.9352
527      527   (0)      6  : 0.1160 0.8840
528      528   (0)      6  : 0.2234 0.7766
529      529   (0)      6  : 0.0190 0.9810
530      530   (0)      6  : 0.0770 0.9230
531      531   (0)      6  : 0.0470 0.9530
532      532   (0)      6  : 0.0720 0.9280
533      533   (0)      6  : 0.0550 0.9450
534      534   (0)      6  : 0.0280 0.9720
535      535   (0)      6  : 0.1166 0.8834
536      536   (0)      6  : 0.3242 0.6758
537      537   (0)      6  : 0.0442 0.9558
538      538   (0)      6  : 0.0676 0.9324
539      539   (0)      6  : 0.0270 0.9730
540      540   (0)      6  : 0.0686 0.9314
541      541   (0)      6  : 0.0584 0.9416
542      542   (0)      6  : 0.0574 0.9426
543      543   (0)      6  : 0.0922 0.9078
544      544   (0)      6  : 0.0330 0.9670
545      545   (0)      6  : 0.0968 0.9032
546      546   (0)      6  : 0.0260 0.9740
547      547   (0)      6  : 0.0240 0.9760
548      548   (0)      6  : 0.0710 0.9290
549      549   (0)      6  : 0.2602 0.7398
550      550   (0)      6  : 0.2752 0.7248
551      551   (0)      6  : 0.1740 0.8260
552      552   (0)      6  : 0.0240 0.9760
553      553   (0)      6  : 0.1178 0.8822
554      554   (0)      6  : 0.0190 0.9810
555      555   (0)      6  : 0.1502 0.8498
556      556   (0)      6  : 0.0824 0.9176
557      557   (0)      6  : 0.0808 0.9192
558      558   (0)      6  : 0.0230 0.9770
559      559   (0)      6  : 0.2626 0.7374
560      560   (0)      6  : 0.0600 0.9400
561      561   (0)      6  : 0.1300 0.8700
562      562   (0)      6  : 0.1172 0.8828
563      563   (0)      6  : 0.1278 0.8722
564      564   (0)      6  : 0.2228 0.7772
565      565   (0)      6  : 0.1520 0.8480
566      566   (0)      6  : 0.1310 0.8690
567      567   (0)      6  : 0.1960 0.8040
568      568   (0)      6  : 0.1588 0.8412
569      569   (0)      6  : 0.0828 0.9172
570      570   (0)      6  : 0.0628 0.9372
571      571   (0)      6  : 0.0220 0.9780
572      572   (0)      6  : 0.0978 0.9022
573      573   (0)      6  : 0.1450 0.8550
574      574   (0)      6  : 0.0568 0.9432
575      575   (0)      6  : 0.0720 0.9280
576      576   (0)      6  : 0.2230 0.7770
577      577   (0)      6  : 0.1216 0.8784
578      578   (0)      6  : 0.0788 0.9212
579      579   (0)      6  : 0.0330 0.9670
580      580   (0)      6  : 0.1888 0.8112
581      581   (0)      6  : 0.1150 0.8850
582      582   (0)      6  : 0.2370 0.7630
583      583   (0)      6  : 0.2320 0.7680
584      584   (0)      6  : 0.1160 0.8840
585      585   (0)      6  : 0.0592 0.9408
586      586   (0)      6  : 0.1750 0.8250
587      587   (0)      6  : 0.2084 0.7916
588      588   (0)      6  : 0.0740 0.9260
589      589   (0)      6  : 0.1970 0.8030
590      590   (0)      6  : 0.2328 0.7672
591      591   (0)      6  : 0.0368 0.9632
592      592   (0)      6  : 0.0770 0.9230
593      593   (0)      6  : 0.0240 0.9760
594      594   (0)      6  : 0.0984 0.9016
595      595   (0)      6  : 0.2284 0.7716
596      596   (0)      6  : 0.0158 0.9842
597      597   (0)      6  : 0.0808 0.9192
598      598   (0)      6  : 0.0560 0.9440
599      599   (0)      6  : 0.0440 0.9560
600      600   (0)      6  : 0.2170 0.7830
601      601   (5)      7  : 0.0308 0.9692
602      602   (0)      7  : 0.0390 0.9610
603      603   (0)      7  : 0.0220 0.9780
604      604   (0)      7  : 0.0712 0.9288
605      605   (0)      7  : 0.0210 0.9790
606      606   (0)      7  : 0.0270 0.9730
607      607   (0)      7  : 0.0160 0.9840
608      608   (0)      7  : 0.0270 0.9730
609      609   (0)      7  : 0.0410 0.9590
610      610   (0)      7  : 0.0212 0.9788
611      611   (0)      7  : 0.0150 0.9850
612      612   (0)      7  : 0.0230 0.9770
613      613   (0)      7  : 0.0240 0.9760
614      614   (5)      7  : 0.0158 0.9842
615      615   (0)      7  : 0.0230 0.9770
616      616   (0)      7  : 0.0170 0.9830
617      617   (0)      7  : 0.0230 0.9770
618      618   (0)      7  : 0.0208 0.9792
619      619   (0)      7  : 0.0290 0.9710
620      620   (0)      7  : 0.0180 0.9820
621      621   (0)      7  : 0.0170 0.9830
622      622   (0)      7  : 0.0290 0.9710
623      623   (0)      7  : 0.0172 0.9828
624      624   (0)      7  : 0.0140 0.9860
625      625   (0)      7  : 0.0150 0.9850
626      626   (0)      7  : 0.0180 0.9820
627      627   (0)      7  : 0.0200 0.9800
628      628   (0)      7  : 0.0200 0.9800
629      629   (0)      8  : 0.0180 0.9820
630      630   (0)      8  : 0.0210 0.9790
631      631   (0)      8  : 0.0190 0.9810
632      632   (0)      8  : 0.0290 0.9710
633      633   (0)      8  : 0.0280 0.9720
634      634   (0)      8  : 0.0150 0.9850
635      635   (0)      8  : 0.0180 0.9820
636      636   (0)      8  : 0.0260 0.9740
637      637   (0)      8  : 0.0180 0.9820
638      638   (0)      8  : 0.0160 0.9840
639      639   (0)      8  : 0.0400 0.9600
640      640   (0)      8  : 0.0574 0.9426
641      641   (0)      8  : 0.0200 0.9800
642      642   (0)      8  : 0.0340 0.9660
643      643   (0)      8  : 0.0180 0.9820
644      644   (0)      8  : 0.0160 0.9840
645      645   (0)      8  : 0.0160 0.9840
646      646   (0)      8  : 0.0160 0.9840
647      647   (0)      8  : 0.0220 0.9780
648      648   (0)      8  : 0.0160 0.9840
649      649   (0)      8  : 0.0200 0.9800
650      650   (0)      8  : 0.0150 0.9850
651      651   (0)      8  : 0.0190 0.9810
652      652   (0)      8  : 0.0150 0.9850
653      653   (0)      8  : 0.0200 0.9800
654      654   (0)      8  : 0.0160 0.9840
655      655   (0)      8  : 0.0194 0.9806
656      656   (0)      8  : 0.0180 0.9820
657      657   (0)      8  : 0.0348 0.9652
658      658   (0)      8  : 0.0150 0.9850
659      659   (0)      8  : 0.0250 0.9750
660      660   (0)      8  : 0.0220 0.9780
661      661   (0)      8  : 0.0248 0.9752
662      662   (0)      8  : 0.0210 0.9790
663      663   (0)      8  : 0.0330 0.9670
664      664   (0)      8  : 0.0230 0.9770
665      665   (0)      8  : 0.0170 0.9830
666      666   (0)      8  : 0.0230 0.9770
667      667   (0)      8  : 0.0280 0.9720
668      668   (0)      8  : 0.0210 0.9790
669      669   (0)      8  : 0.0240 0.9760
670      670   (0)      8  : 0.0166 0.9834
671      671   (0)      8  : 0.0260 0.9740
672      672   (0)      8  : 0.0150 0.9850
673      673   (0)      8  : 0.0200 0.9800
674      674   (0)      8  : 0.0180 0.9820
675      675   (0)      8  : 0.0270 0.9730
676      676   (0)      8  : 0.0200 0.9800
677      677   (0)      8  : 0.0170 0.9830
678      678   (0)      8  : 0.0150 0.9850
679      679   (0)      8  : 0.0200 0.9800
680      680   (0)      8  : 0.0310 0.9690
681      681   (0)      8  : 0.0208 0.9792
682      682   (0)      8  : 0.0170 0.9830
683      683   (0)      8  : 0.0272 0.9728
684      684   (0)      8  : 0.0190 0.9810
685      685   (0)      8  : 0.0282 0.9718
686      686   (0)      8  : 0.0200 0.9800
687      687   (0)      8  : 0.0230 0.9770
688      688   (0)      8  : 0.0240 0.9760
689      689   (0)      8  : 0.0280 0.9720
690      690   (0)      8  : 0.0210 0.9790
691      691   (0)      8  : 0.0170 0.9830
692      692   (0)      8  : 0.0180 0.9820
693      693   (0)      8  : 0.0420 0.9580
694      694   (0)      8  : 0.0150 0.9850
695      695   (0)      8  : 0.0220 0.9780
696      696   (0)      8  : 0.0460 0.9540
697      697   (0)      8  : 0.0190 0.9810
698      698   (0)      8  : 0.0220 0.9780
699      699   (0)      8  : 0.0388 0.9612
700      700   (0)      8  : 0.0250 0.9750
