  1        1   (5)      1 :  0.9660 0.0340 
  2        2   (5)      1 :  0.9150 0.0850 
  3        3   (5)      1 :  0.9770 0.0230 
  4        4   (0)      1 :  0.9830 0.0170 
  5        5   (0)      1 :  0.8624 0.1376 
  6        6   (0)      1 :  0.9706 0.0294 
  7        7   (0)      1 :  0.8770 0.1230 
  8        8   (5)      1 :  0.9790 0.0210 
  9        9   (0)      1 :  0.9820 0.0180 
 10       10   (0)      1 :  0.9154 0.0846 
 11       11   (0)      1 :  0.9450 0.0550 
 12       12   (0)      1 :  0.9650 0.0350 
 13       13   (0)      1 :  0.9790 0.0210 
 14       14   (0)      1 :  0.9620 0.0380 
 15       15   (0)      1 :  0.9762 0.0238 
 16       16   (0)      1 :  0.9850 0.0150 
 17       17   (0)      1 :  0.9820 0.0180 
 18       18   (0)      1 :  0.9600 0.0400 
 19       19   (0)      1 :  0.9830 0.0170 
 20       20   (0)      1 :  0.9420 0.0580 
 21       21   (0)      1 :  0.9780 0.0220 
 22       22   (0)      1 :  0.9840 0.0160 
 23       23   (0)      1 :  0.9820 0.0180 
 24       24   (0)      1 :  0.9800 0.0200 
 25       25   (0)      1 :  0.9450 0.0550 
 26       26   (0)      1 :  0.9804 0.0196 
 27       27   (5)      1 :  0.9180 0.0820 
 28       28   (0)      1 :  0.9720 0.0280 
 29       29   (0)      1 :  0.9810 0.0190 
 30       30   (0)      1 :  0.9300 0.0700 
 31       31   (0)      1 :  0.9810 0.0190 
 32       32   (0)      1 :  0.9690 0.0310 
 33       33   (0)      1 :  0.9850 0.0150 
 34       34   (0)      1 :  0.9820 0.0180 
 35       35   (0)      1 :  0.9620 0.0380 
 36       36   (0)      1 :  0.9810 0.0190 
 37       37   (0)      1 :  0.9564 0.0436 
 38       38   (0)      1 :  0.9740 0.0260 
 39       39   (0)      1 :  0.9310 0.0690 
 40       40   (0)      1 :  0.9760 0.0240 
 41       41   (0)      1 :  0.9740 0.0260 
 42       42   (0)      1 :  0.9850 0.0150 
 43       43   (0)      1 :  0.9730 0.0270 
 44       44   (0)      1 :  0.9800 0.0200 
 45       45   (5)      1 :  0.9530 0.0470 
 46       46   (0)      1 :  0.9820 0.0180 
 47       47   (0)      1 :  0.9670 0.0330 
 48       48   (0)      1 :  0.9678 0.0322 
 49       49   (0)      1 :  0.9540 0.0460 
 50       50   (0)      1 :  0.9740 0.0260 
 51       51   (0)      1 :  0.9680 0.0320 
 52       52   (0)      1 :  0.9380 0.0620 
 53       53   (0)      1 :  0.9680 0.0320 
 54       54   (0)      1 :  0.9578 0.0422 
 55       55   (0)      1 :  0.9730 0.0270 
 56       56   (0)      1 :  0.9820 0.0180 
 57       57  (10)      1 :  0.9780 0.0220 
 58       58   (5)      1 :  0.9650 0.0350 
 59       59   (0)      1 :  0.9620 0.0380 
 60       60   (0)      1 :  0.9760 0.0240 
 61       61   (0)      1 :  0.9688 0.0312 
 62       62   (0)      1 :  0.9260 0.0740 
 63       63   (0)      1 :  0.9640 0.0360 
 64       64   (0)      1 :  0.9740 0.0260 
 65       65   (0)      1 :  0.9460 0.0540 
 66       66   (0)      1 :  0.9820 0.0180 
 67       67   (5)      1 :  0.9700 0.0300 
 68       68   (0)      1 :  0.9532 0.0468 
 69       69   (0)      1 :  0.9500 0.0500 
 70       70   (0)      1 :  0.9740 0.0260 
 71       71   (5)      1 :  0.9700 0.0300 
 72       72   (0)      1 :  0.9630 0.0370 
 73       73   (5)      1 :  0.9750 0.0250 
 74       74  (10)      1 :  0.9662 0.0338 
 75       75  (10)      1 :  0.9750 0.0250 
 76       76   (0)      1 :  0.9800 0.0200 
 77       77  (10)      1 :  0.9730 0.0270 
 78       78   (0)      1 :  0.9728 0.0272 
 79       79   (5)      1 :  0.9470 0.0530 
 80       80   (0)      1 :  0.9810 0.0190 
 81       81   (0)      1 :  0.9812 0.0188 
 82       82   (0)      1 :  0.9796 0.0204 
 83       83   (0)      1 :  0.9720 0.0280 
 84       84   (0)      1 :  0.9470 0.0530 
 85       85   (0)      1 :  0.9810 0.0190 
 86       86   (5)      1 :  0.9780 0.0220 
 87       87   (0)      1 :  0.9800 0.0200 
 88       88   (0)      1 :  0.9454 0.0546 
 89       89   (0)      1 :  0.9710 0.0290 
 90       90   (0)      1 :  0.9640 0.0360 
 91       91   (0)      1 :  0.9670 0.0330 
 92       92   (0)      1 :  0.9610 0.0390 
 93       93   (0)      1 :  0.9810 0.0190 
 94       94   (5)      1 :  0.9754 0.0246 
 95       95   (0)      1 :  0.9730 0.0270 
 96       96   (5)      1 :  0.9740 0.0260 
 97       97   (0)      1 :  0.9590 0.0410 
 98       98   (0)      1 :  0.9730 0.0270 
 99       99   (5)      1 :  0.9770 0.0230 
100      100   (5)      1 :  0.9822 0.0178 
101      101   (0)      2 :  0.9560 0.0440 
102      102   (0)      2 :  0.7310 0.2690 
103      103   (0)      2 :  0.8640 0.1360 
104      104   (0)      2 :  0.9750 0.0250 
105      105   (0)      2 :  0.9552 0.0448 
106      106   (0)      2 :  0.9662 0.0338 
107      107   (0)      2 :  0.9580 0.0420 
108      108   (0)      2 :  0.8000 0.2000 
109      109   (0)      2 :  0.9590 0.0410 
110      110   (0)      2 :  0.9690 0.0310 
111      111   (0)      2 :  0.9690 0.0310 
112      112   (0)      2 :  0.9610 0.0390 
113      113   (0)      2 :  0.9328 0.0672 
114      114   (0)      2 :  0.9820 0.0180 
115      115   (0)      2 :  0.6324 0.3676 
116      116   (0)      2 :  0.9700 0.0300 
117      117   (0)      2 :  0.9400 0.0600 
118      118   (0)      2 :  0.6410 0.3590 
119      119   (0)      2 :  0.9800 0.0200 
120      120   (0)      2 :  0.9680 0.0320 
121      121   (0)      2 :  0.6892 0.3108 
122      122   (0)      2 :  0.9650 0.0350 
123      123   (0)      2 :  0.9310 0.0690 
124      124   (0)      2 :  0.9492 0.0508 
125      125   (0)      2 :  0.9640 0.0360 
126      126   (0)      2 :  0.9060 0.0940 
127      127   (0)      2 :  0.8680 0.1320 
128      128   (0)      2 :  0.9790 0.0210 
129      129   (0)      2 :  0.8644 0.1356 
130      130   (0)      2 :  0.8760 0.1240 
131      131   (0)      2 :  0.8924 0.1076 
132      132   (0)      2 :  0.9810 0.0190 
133      133   (0)      2 :  0.9750 0.0250 
134      134   (0)      2 :  0.9390 0.0610 
135      135   (0)      2 :  0.8550 0.1450 
136      136   (0)      2 :  0.9270 0.0730 
137      137   (0)      2 :  0.7670 0.2330 
138      138   (0)      2 :  0.9410 0.0590 
139      139   (0)      2 :  0.9580 0.0420 
140      140   (0)      2 :  0.9690 0.0310 
141      141   (0)      2 :  0.9440 0.0560 
142      142   (0)      2 :  0.9710 0.0290 
143      143   (0)      2 :  0.9780 0.0220 
144      144   (0)      2 :  0.9320 0.0680 
145      145   (0)      2 :  0.9620 0.0380 
146      146   (0)      2 :  0.9620 0.0380 
147      147   (0)      2 :  0.8860 0.1140 
148      148   (0)      2 :  0.9580 0.0420 
149      149   (0)      2 :  0.9696 0.0304 
150      150   (0)      2 :  0.9210 0.0790 
151      151   (0)      2 :  0.8346 0.1654 
152      152   (0)      2 :  0.9740 0.0260 
153      153   (0)      2 :  0.9700 0.0300 
154      154   (0)      2 :  0.8710 0.1290 
155      155   (0)      2 :  0.9320 0.0680 
156      156   (0)      2 :  0.9572 0.0428 
157      157   (0)      2 :  0.8840 0.1160 
158      158   (0)      2 :  0.8630 0.1370 
159      159   (0)      2 :  0.9182 0.0818 
160      160   (0)      2 :  0.8950 0.1050 
161      161   (0)      2 :  0.9410 0.0590 
162      162   (0)      2 :  0.9680 0.0320 
163      163   (0)      2 :  0.9730 0.0270 
164      164   (0)      2 :  0.7888 0.2112 
165      165   (0)      2 :  0.9640 0.0360 
166      166   (0)      2 :  0.9740 0.0260 
167      167   (0)      2 :  0.9510 0.0490 
168      168   (0)      2 :  0.9048 0.0952 
169      169   (0)      2 :  0.9560 0.0440 
170      170   (0)      2 :  0.9410 0.0590 
171      171   (0)      2 :  0.9730 0.0270 
172      172   (0)      2 :  0.9620 0.0380 
173      173   (0)      2 :  0.9740 0.0260 
174      174   (0)      2 :  0.9460 0.0540 
175      175   (0)      2 :  0.9394 0.0606 
176      176   (0)      2 :  0.9500 0.0500 
177      177   (0)      2 :  0.9588 0.0412 
178      178   (0)      2 :  0.9010 0.0990 
179      179   (0)      2 :  0.9830 0.0170 
180      180   (0)      2 :  0.9068 0.0932 
181      181   (0)      2 :  0.9588 0.0412 
182      182   (0)      2 :  0.9248 0.0752 
183      183   (0)      2 :  0.9360 0.0640 
184      184   (0)      2 :  0.7464 0.2536 
185      185   (0)      2 :  0.9058 0.0942 
186      186   (0)      2 :  0.9382 0.0618 
187      187   (0)      2 :  0.9550 0.0450 
188      188   (0)      2 :  0.8090 0.1910 
189      189   (0)      2 :  0.9878 0.0122 
190      190   (0)      2 :  0.9540 0.0460 
191      191   (0)      2 :  0.9188 0.0812 
192      192   (0)      2 :  0.9342 0.0658 
193      193   (0)      2 :  0.9750 0.0250 
194      194   (0)      2 :  0.7920 0.2080 
195      195   (0)      2 :  0.9690 0.0310 
196      196   (0)      2 :  0.9200 0.0800 
197      197   (0)      2 :  0.7726 0.2274 
198      198   (0)      2 :  0.8336 0.1664 
199      199   (0)      2 :  0.8194 0.1806 
200      200   (0)      2 :  0.8666 0.1334 
201      201   (0)      3 :  0.8168 0.1832 
202      202   (0)      3 :  0.6480 0.3520 
203      203   (0)      3 :  0.8140 0.1860 
204      204   (0)      3 :  0.9450 0.0550 
205      205   (0)      3 :  0.9050 0.0950 
206      206   (0)      3 :  0.8006 0.1994 
207      207   (0)      3 :  0.9548 0.0452 
208      208   (0)      3 :  0.9650 0.0350 
209      209   (0)      3 :  0.6960 0.3040 
210      210   (0)      3 :  0.9062 0.0938 
211      211   (0)      3 :  0.8298 0.1702 
212      212   (0)      3 :  0.8470 0.1530 
213      213   (0)      3 :  0.8698 0.1302 
214      214   (0)      3 :  0.8248 0.1752 
215      215   (0)      3 :  0.7896 0.2104 
216      216   (0)      3 :  0.7980 0.2020 
217      217   (0)      3 :  0.8572 0.1428 
218      218   (0)      3 :  0.7430 0.2570 
219      219   (0)      3 :  0.8190 0.1810 
220      220   (0)      3 :  0.6968 0.3032 
221      221   (0)      3 :  0.8476 0.1524 
222      222   (0)      3 :  0.8668 0.1332 
223      223   (0)      3 :  0.8708 0.1292 
224      224   (0)      3 :  0.9160 0.0840 
225      225   (0)      3 :  0.8870 0.1130 
226      226   (0)      3 :  0.6070 0.3930 
227      227   (0)      3 :  0.8540 0.1460 
228      228   (0)      3 :  0.9220 0.0780 
229      229   (0)      3 :  0.8450 0.1550 
230      230   (0)      3 :  0.6982 0.3018 
231      231   (0)      3 :  0.7058 0.2942 
232      232   (0)      3 :  0.9600 0.0400 
233      233   (0)      3 :  0.7490 0.2510 
234      234   (0)      3 :  0.6820 0.3180 
235      235   (0)      3 :  0.5996 0.4004 
236      236   (0)      3 :  0.7228 0.2772 
237      237   (0)      3 :  0.8840 0.1160 
238      238   (0)      3 :  0.9610 0.0390 
239      239   (0)      3 :  0.9440 0.0560 
240      240   (0)      3 :  0.8520 0.1480 
241      241   (0)      3 :  0.8858 0.1142 
242      242   (0)      3 :  0.9664 0.0336 
243      243   (0)      3 :  0.9136 0.0864 
244      244   (0)      3 :  0.8654 0.1346 
245      245   (0)      3 :  0.8678 0.1322 
246      246   (0)      3 :  0.6888 0.3112 
247      247   (0)      3 :  0.6642 0.3358 
248      248   (0)      3 :  0.9520 0.0480 
249      249   (0)      3 :  0.8282 0.1718 
250      250   (0)      3 :  0.8798 0.1202 
251      251   (0)      3 :  0.7706 0.2294 
252      252   (0)      3 :  0.8248 0.1752 
253      253   (0)      3 :  0.6870 0.3130 
254      254   (0)      3 :  0.7924 0.2076 
255      255   (0)      3 :  0.9260 0.0740 
256      256   (0)      3 :  0.6718 0.3282 
257      257   (0)      3 :  0.6726 0.3274 
258      258   (0)      3 :  0.7812 0.2188 
259      259   (0)      3 :  0.8982 0.1018 
260      260   (0)      3 :  0.9600 0.0400 
261      261   (0)      3 :  0.9132 0.0868 
262      262   (0)      3 :  0.8930 0.1070 
263      263   (0)      3 :  0.9224 0.0776 
264      264   (0)      3 :  0.8880 0.1120 
265      265   (0)      3 :  0.9030 0.0970 
266      266   (0)      3 :  0.7388 0.2612 
267      267   (0)      3 :  0.7650 0.2350 
268      268   (0)      3 :  0.8034 0.1966 
269      269   (0)      3 :  0.7658 0.2342 
270      270   (0)      3 :  0.6640 0.3360 
271      271   (0)      3 :  0.7686 0.2314 
272      272   (0)      3 :  0.7170 0.2830 
273      273   (0)      3 :  0.9146 0.0854 
274      274   (0)      3 :  0.7488 0.2512 
275      275   (0)      3 :  0.9080 0.0920 
276      276   (0)      3 :  0.8090 0.1910 
277      277   (0)      3 :  0.9168 0.0832 
278      278   (0)      3 :  0.9362 0.0638 
279      279   (0)      3 :  0.9106 0.0894 
280      280   (0)      3 :  0.9208 0.0792 
281      281   (0)      3 :  0.5890 0.4110 
282      282   (0)      3 :  0.8620 0.1380 
283      283   (0)      3 :  0.9570 0.0430 
284      284   (0)      3 :  0.8360 0.1640 
285      285   (0)      3 :  0.7034 0.2966 
286      286   (0)      3 :  0.6300 0.3700 
287      287   (0)      3 :  0.9710 0.0290 
288      288   (0)      3 :  0.9600 0.0400 
289      289   (0)      3 :  0.6958 0.3042 
290      290   (0)      3 :  0.7714 0.2286 
291      291   (0)      3 :  0.6436 0.3564 
292      292   (0)      3 :  0.7878 0.2122 
293      293   (0)      3 :  0.9494 0.0506 
294      294   (0)      3 :  0.7080 0.2920 
295      295   (0)      3 :  0.8210 0.1790 
296      296   (0)      3 :  0.9366 0.0634 
297      297   (0)      3 :  0.9274 0.0726 
298      298   (0)      3 :  0.8080 0.1920 
299      299   (0)      3 :  0.9190 0.0810 
300      300   (0)      3 :  0.6632 0.3368 
301      301   (5)      4 :  0.6670 0.3330 
302      302   (0)      4 :  0.3602 0.6398 
303      303   (0)      4 :  0.5116 0.4884 
304      304   (5)      4 :  0.4552 0.5448 
305      305   (5)      4 :  0.3754 0.6246 
306      306   (0)      4 :  0.3338 0.6662 
307      307   (0)      5 :  0.7530 0.2470 
308      308   (0)      5 :  0.5820 0.4180 
309      309   (0)      5 :  0.5760 0.4240 
310      310   (0)      5 :  0.7802 0.2198 
311      311   (0)      5 :  0.6262 0.3738 
312      312   (0)      5 :  0.5010 0.4990 
313      313   (0)      5 :  0.4192 0.5808 
314      314   (0)      5 :  0.1870 0.8130 
315      315   (0)      5 :  0.4430 0.5570 
316      316   (0)      5 :  0.6660 0.3340 
317      317   (0)      5 :  0.5302 0.4698 
318      318   (0)      5 :  0.7870 0.2130 
319      319   (0)      5 :  0.4990 0.5010 
320      320   (0)      5 :  0.4414 0.5586 
321      321   (0)      5 :  0.4674 0.5326 
322      322   (0)      5 :  0.6678 0.3322 
323      323   (0)      5 :  0.5832 0.4168 
324      324   (0)      5 :  0.3644 0.6356 
325      325   (0)      5 :  0.6312 0.3688 
326      326   (0)      5 :  0.5010 0.4990 
327      327   (0)      5 :  0.7320 0.2680 
328      328   (0)      5 :  0.5100 0.4900 
329      329   (0)      5 :  0.4410 0.5590 
330      330   (0)      5 :  0.4200 0.5800 
331      331   (0)      5 :  0.6120 0.3880 
332      332   (0)      5 :  0.5240 0.4760 
333      333   (0)      5 :  0.5450 0.4550 
334      334   (0)      5 :  0.5350 0.4650 
335      335   (0)      5 :  0.3956 0.6044 
336      336   (0)      5 :  0.5880 0.4120 
337      337   (0)      5 :  0.7130 0.2870 
338      338   (0)      5 :  0.6280 0.3720 
339      339   (0)      5 :  0.4700 0.5300 
340      340   (0)      5 :  0.5030 0.4970 
341      341   (0)      5 :  0.4628 0.5372 
342      342   (0)      5 :  0.5324 0.4676 
343      343   (0)      5 :  0.5312 0.4688 
344      344   (0)      5 :  0.6174 0.3826 
345      345   (0)      5 :  0.2460 0.7540 
346      346   (0)      5 :  0.5852 0.4148 
347      347   (0)      5 :  0.3950 0.6050 
348      348   (0)      5 :  0.5518 0.4482 
349      349   (0)      5 :  0.7588 0.2412 
350      350   (0)      5 :  0.6750 0.3250 
351      351   (0)      5 :  0.5734 0.4266 
352      352   (0)      5 :  0.5550 0.4450 
353      353   (0)      5 :  0.4722 0.5278 
354      354   (0)      5 :  0.9190 0.0810 
355      355   (0)      5 :  0.6650 0.3350 
356      356   (0)      5 :  0.5760 0.4240 
357      357   (0)      5 :  0.3826 0.6174 
358      358   (0)      5 :  0.4886 0.5114 
359      359   (0)      5 :  0.3890 0.6110 
360      360   (0)      5 :  0.4230 0.5770 
361      361   (0)      5 :  0.5838 0.4162 
362      362   (0)      5 :  0.4240 0.5760 
363      363   (0)      5 :  0.6266 0.3734 
364      364   (0)      5 :  0.4680 0.5320 
365      365   (0)      5 :  0.5800 0.4200 
366      366   (0)      5 :  0.5308 0.4692 
367      367   (0)      5 :  0.7200 0.2800 
368      368   (0)      5 :  0.6654 0.3346 
369      369   (0)      5 :  0.5460 0.4540 
370      370   (0)      5 :  0.4658 0.5342 
371      371   (0)      5 :  0.6030 0.3970 
372      372   (0)      5 :  0.4490 0.5510 
373      373   (0)      5 :  0.6870 0.3130 
374      374   (0)      5 :  0.4272 0.5728 
375      375   (0)      5 :  0.4324 0.5676 
376      376   (0)      5 :  0.6010 0.3990 
377      377   (0)      5 :  0.4630 0.5370 
378      378   (0)      5 :  0.6860 0.3140 
379      379   (0)      5 :  0.3630 0.6370 
380      380   (0)      5 :  0.4800 0.5200 
381      381   (0)      5 :  0.6458 0.3542 
382      382   (0)      5 :  0.3580 0.6420 
383      383   (0)      5 :  0.5750 0.4250 
384      384   (0)      5 :  0.5938 0.4062 
385      385   (0)      5 :  0.6332 0.3668 
386      386   (0)      5 :  0.6020 0.3980 
387      387   (0)      5 :  0.4230 0.5770 
388      388   (0)      5 :  0.7446 0.2554 
389      389   (0)      5 :  0.2754 0.7246 
390      390   (0)      5 :  0.4060 0.5940 
391      391   (0)      5 :  0.4900 0.5100 
392      392   (0)      5 :  0.4760 0.5240 
393      393   (0)      5 :  0.5886 0.4114 
394      394   (0)      5 :  0.4600 0.5400 
395      395   (0)      5 :  0.7604 0.2396 
396      396   (0)      5 :  0.4816 0.5184 
397      397   (0)      5 :  0.5710 0.4290 
398      398   (0)      5 :  0.5140 0.4860 
399      399   (0)      5 :  0.5774 0.4226 
400      400   (0)      5 :  0.4880 0.5120 
401      401   (0)      5 :  0.5440 0.4560 
402      402   (0)      5 :  0.4312 0.5688 
403      403   (0)      5 :  0.5690 0.4310 
404      404   (0)      5 :  0.5330 0.4670 
405      405   (0)      5 :  0.5020 0.4980 
406      406   (0)      5 :  0.4900 0.5100 
407      407   (0)      6 :  0.0430 0.9570 
408      408   (0)      6 :  0.1564 0.8436 
409      409   (0)      7 :  0.3180 0.6820 
410      410   (0)      7 :  0.3480 0.6520 
411      411   (0)      7 :  0.1654 0.8346 
412      412   (0)      7 :  0.2966 0.7034 
413      413   (0)      7 :  0.3164 0.6836 
414      414   (0)      7 :  0.3500 0.6500 
415      415   (0)      7 :  0.1324 0.8676 
416      416   (0)      7 :  0.0934 0.9066 
417      417   (0)      7 :  0.2204 0.7796 
418      418   (0)      7 :  0.2444 0.7556 
419      419   (0)      7 :  0.2518 0.7482 
420      420   (0)      7 :  0.1960 0.8040 
421      421   (0)      7 :  0.3380 0.6620 
422      422   (0)      7 :  0.1906 0.8094 
423      423   (0)      7 :  0.2036 0.7964 
424      424   (0)      7 :  0.3620 0.6380 
425      425   (0)      7 :  0.2140 0.7860 
426      426   (0)      7 :  0.3718 0.6282 
427      427   (0)      7 :  0.1674 0.8326 
428      428   (0)      7 :  0.0360 0.9640 
429      429   (0)      7 :  0.1916 0.8084 
430      430   (0)      7 :  0.1534 0.8466 
431      431   (0)      7 :  0.2880 0.7120 
432      432   (0)      7 :  0.2410 0.7590 
433      433   (0)      7 :  0.3366 0.6634 
434      434   (0)      7 :  0.2214 0.7786 
435      435   (0)      7 :  0.4600 0.5400 
436      436   (0)      7 :  0.1410 0.8590 
437      437   (0)      7 :  0.2122 0.7878 
438      438   (0)      7 :  0.2438 0.7562 
439      439   (0)      7 :  0.2168 0.7832 
440      440   (0)      7 :  0.2400 0.7600 
441      441   (0)      7 :  0.2160 0.7840 
442      442   (0)      7 :  0.0600 0.9400 
443      443   (0)      7 :  0.1306 0.8694 
444      444   (0)      7 :  0.2704 0.7296 
445      445   (0)      7 :  0.0756 0.9244 
446      446   (0)      7 :  0.1862 0.8138 
447      447   (0)      7 :  0.2600 0.7400 
448      448   (0)      7 :  0.1800 0.8200 
449      449   (0)      7 :  0.3298 0.6702 
450      450   (0)      7 :  0.2484 0.7516 
451      451   (0)      7 :  0.5348 0.4652 
452      452   (0)      7 :  0.1722 0.8278 
453      453   (0)      7 :  0.0768 0.9232 
454      454   (0)      7 :  0.2110 0.7890 
455      455   (0)      7 :  0.3408 0.6592 
456      456   (0)      7 :  0.0440 0.9560 
457      457   (0)      7 :  0.2790 0.7210 
458      458   (0)      7 :  0.2536 0.7464 
459      459   (0)      7 :  0.4362 0.5638 
460      460   (0)      7 :  0.0924 0.9076 
461      461   (0)      7 :  0.1940 0.8060 
462      462   (0)      7 :  0.4030 0.5970 
463      463   (0)      7 :  0.4000 0.6000 
464      464   (0)      7 :  0.2126 0.7874 
465      465   (0)      7 :  0.3938 0.6062 
466      466   (0)      7 :  0.3086 0.6914 
467      467   (0)      7 :  0.1244 0.8756 
468      468   (0)      7 :  0.1268 0.8732 
469      469   (0)      7 :  0.2180 0.7820 
470      470   (0)      7 :  0.2836 0.7164 
471      471   (0)      7 :  0.0752 0.9248 
472      472   (0)      7 :  0.3250 0.6750 
473      473   (0)      7 :  0.1264 0.8736 
474      474   (0)      7 :  0.1432 0.8568 
475      475   (0)      7 :  0.3658 0.6342 
476      476   (0)      7 :  0.0880 0.9120 
477      477   (0)      7 :  0.1870 0.8130 
478      478   (0)      7 :  0.2842 0.7158 
479      479   (0)      7 :  0.1726 0.8274 
480      480   (0)      7 :  0.2420 0.7580 
481      481   (0)      7 :  0.5410 0.4590 
482      482   (0)      7 :  0.1800 0.8200 
483      483   (0)      7 :  0.2434 0.7566 
484      484   (0)      7 :  0.2850 0.7150 
485      485   (0)      7 :  0.2402 0.7598 
486      486   (0)      7 :  0.3502 0.6498 
487      487   (0)      7 :  0.0490 0.9510 
488      488   (0)      7 :  0.2030 0.7970 
489      489   (0)      7 :  0.2054 0.7946 
490      490   (0)      7 :  0.0882 0.9118 
491      491   (0)      7 :  0.2510 0.7490 
492      492   (0)      7 :  0.2082 0.7918 
493      493   (0)      7 :  0.4010 0.5990 
494      494   (0)      7 :  0.0330 0.9670 
495      495   (0)      7 :  0.0950 0.9050 
496      496   (0)      7 :  0.3128 0.6872 
497      497   (0)      7 :  0.1960 0.8040 
498      498   (0)      7 :  0.3242 0.6758 
499      499   (0)      7 :  0.1810 0.8190 
500      500   (0)      7 :  0.0822 0.9178 
501      501   (0)      7 :  0.4224 0.5776 
502      502   (0)      7 :  0.4450 0.5550 
503      503   (0)      7 :  0.0240 0.9760 
504      504   (0)      7 :  0.2264 0.7736 
505      505   (0)      7 :  0.2800 0.7200 
506      506   (0)      7 :  0.0450 0.9550 
507      507   (0)      7 :  0.1450 0.8550 
508      508   (0)      7 :  0.1900 0.8100 
509      509  (10)      8 :  0.0210 0.9790 
510      510   (5)      8 :  0.0280 0.9720 
511      511   (5)      8 :  0.0800 0.9200 
512      512   (5)      8 :  0.0200 0.9800 
513      513  (10)      8 :  0.0310 0.9690 
514      514   (5)      8 :  0.1096 0.8904 
515      515  (10)      8 :  0.0350 0.9650 
516      516   (0)      8 :  0.0778 0.9222 
517      517   (0)      8 :  0.0350 0.9650 
518      518   (0)      8 :  0.0210 0.9790 
519      519   (0)      8 :  0.0350 0.9650 
520      520   (0)      8 :  0.0902 0.9098 
521      521   (0)      8 :  0.0254 0.9746 
522      522   (0)      8 :  0.0250 0.9750 
523      523   (0)      8 :  0.0360 0.9640 
524      524   (0)      8 :  0.0462 0.9538 
525      525   (0)      8 :  0.0338 0.9662 
526      526   (0)      8 :  0.0910 0.9090 
527      527   (0)      8 :  0.0590 0.9410 
528      528   (5)      8 :  0.0830 0.9170 
529      529   (0)      8 :  0.0250 0.9750 
530      530   (0)      8 :  0.0826 0.9174 
531      531   (5)      8 :  0.0476 0.9524 
532      532   (5)      8 :  0.0608 0.9392 
533      533   (0)      8 :  0.1900 0.8100 
534      534   (0)      8 :  0.0696 0.9304 
535      535   (0)      8 :  0.0752 0.9248 
536      536   (0)      8 :  0.0240 0.9760 
537      537   (0)      8 :  0.0180 0.9820 
538      538   (0)      8 :  0.0340 0.9660 
539      539   (0)      8 :  0.0160 0.9840 
540      540   (0)      8 :  0.0410 0.9590 
541      541   (0)      8 :  0.0520 0.9480 
542      542   (0)      8 :  0.0450 0.9550 
543      543   (0)      8 :  0.0590 0.9410 
544      544   (0)      8 :  0.0658 0.9342 
545      545   (0)      8 :  0.1434 0.8566 
546      546   (0)      8 :  0.0410 0.9590 
547      547   (0)      8 :  0.0564 0.9436 
548      548   (0)      8 :  0.0860 0.9140 
549      549   (0)      8 :  0.0300 0.9700 
550      550   (0)      8 :  0.0362 0.9638 
551      551   (0)      9 :  0.1758 0.8242 
552      552   (0)      9 :  0.0312 0.9688 
553      553   (0)      9 :  0.0570 0.9430 
554      554   (0)      9 :  0.1030 0.8970 
555      555   (0)      9 :  0.1046 0.8954 
556      556   (0)      9 :  0.0256 0.9744 
557      557   (0)      9 :  0.0220 0.9780 
558      558   (0)      9 :  0.0930 0.9070 
559      559   (0)      9 :  0.2130 0.7870 
560      560   (0)      9 :  0.0646 0.9354 
561      561   (0)      9 :  0.0488 0.9512 
562      562   (0)      9 :  0.1192 0.8808 
563      563   (0)      9 :  0.1370 0.8630 
564      564   (0)      9 :  0.0286 0.9714 
565      565   (0)      9 :  0.0508 0.9492 
566      566   (0)      9 :  0.1410 0.8590 
567      567   (0)      9 :  0.1996 0.8004 
568      568   (0)      9 :  0.0278 0.9722 
569      569   (0)      9 :  0.0270 0.9730 
570      570   (0)      9 :  0.0316 0.9684 
571      571   (0)      9 :  0.0440 0.9560 
572      572   (0)      9 :  0.0610 0.9390 
573      573   (0)      9 :  0.1360 0.8640 
574      574   (0)      9 :  0.0220 0.9780 
575      575   (0)      9 :  0.1830 0.8170 
576      576   (0)      9 :  0.1040 0.8960 
577      577   (0)      9 :  0.2100 0.7900 
578      578   (0)      9 :  0.0762 0.9238 
579      579   (0)      9 :  0.0570 0.9430 
580      580   (0)      9 :  0.0250 0.9750 
581      581   (0)      9 :  0.2288 0.7712 
582      582   (0)      9 :  0.1380 0.8620 
583      583   (0)      9 :  0.1060 0.8940 
584      584   (0)      9 :  0.0350 0.9650 
585      585   (0)      9 :  0.1540 0.8460 
586      586   (0)      9 :  0.2558 0.7442 
587      587   (0)      9 :  0.1692 0.8308 
588      588   (0)      9 :  0.1086 0.8914 
589      589   (0)      9 :  0.0910 0.9090 
590      590   (0)      9 :  0.1086 0.8914 
591      591   (0)      9 :  0.0868 0.9132 
592      592   (0)      9 :  0.0602 0.9398 
593      593   (0)      9 :  0.0418 0.9582 
594      594   (0)      9 :  0.0340 0.9660 
595      595   (0)      9 :  0.1980 0.8020 
596      596   (0)      9 :  0.0400 0.9600 
597      597   (0)      9 :  0.1050 0.8950 
598      598   (0)      9 :  0.1370 0.8630 
599      599   (0)      9 :  0.0380 0.9620 
600      600   (0)      9 :  0.1976 0.8024 
601      601   (0)      9 :  0.0940 0.9060 
602      602   (0)      9 :  0.0570 0.9430 
603      603   (0)      9 :  0.0470 0.9530 
604      604   (0)      9 :  0.0280 0.9720 
605      605   (0)      9 :  0.1310 0.8690 
606      606   (0)      9 :  0.0310 0.9690 
607      607   (0)      9 :  0.0240 0.9760 
608      608   (0)      9 :  0.0892 0.9108 
609      609   (0)      9 :  0.1232 0.8768 
610      610   (0)      9 :  0.2460 0.7540 
611      611   (0)      9 :  0.0670 0.9330 
612      612   (0)      9 :  0.1212 0.8788 
613      613   (0)      9 :  0.0650 0.9350 
614      614   (0)      9 :  0.0974 0.9026 
615      615   (0)      9 :  0.1210 0.8790 
616      616   (0)      9 :  0.1438 0.8562 
617      617   (0)      9 :  0.0350 0.9650 
618      618   (0)      9 :  0.1138 0.8862 
619      619   (0)      9 :  0.1186 0.8814 
620      620   (0)      9 :  0.1132 0.8868 
621      621   (0)      9 :  0.0730 0.9270 
622      622   (0)      9 :  0.1286 0.8714 
623      623   (0)      9 :  0.1208 0.8792 
624      624   (0)      9 :  0.0242 0.9758 
625      625   (0)      9 :  0.1090 0.8910 
626      626   (0)      9 :  0.0300 0.9700 
627      627   (0)      9 :  0.2358 0.7642 
628      628   (0)      9 :  0.1730 0.8270 
629      629   (0)      9 :  0.1982 0.8018 
630      630   (0)      9 :  0.1100 0.8900 
631      631   (0)      9 :  0.0390 0.9610 
632      632   (0)      9 :  0.2160 0.7840 
633      633   (0)      9 :  0.1710 0.8290 
634      634   (0)      9 :  0.1282 0.8718 
635      635   (0)      9 :  0.1770 0.8230 
636      636   (0)      9 :  0.3448 0.6552 
637      637   (0)      9 :  0.1916 0.8084 
638      638   (0)      9 :  0.0410 0.9590 
639      639   (0)      9 :  0.1090 0.8910 
640      640   (0)      9 :  0.0300 0.9700 
641      641   (0)      9 :  0.0350 0.9650 
642      642   (0)      9 :  0.2050 0.7950 
643      643   (0)      9 :  0.1710 0.8290 
644      644   (0)      9 :  0.2160 0.7840 
645      645   (0)      9 :  0.1408 0.8592 
646      646   (0)      9 :  0.0680 0.9320 
647      647   (0)      9 :  0.2008 0.7992 
648      648   (0)      9 :  0.0350 0.9650 
649      649   (0)      9 :  0.0260 0.9740 
650      650   (0)      9 :  0.0450 0.9550 
651      651   (5)     10 :  0.0210 0.9790 
652      652   (0)     10 :  0.0210 0.9790 
653      653   (0)     10 :  0.0200 0.9800 
654      654   (0)     10 :  0.0170 0.9830 
655      655   (0)     10 :  0.0316 0.9684 
656      656  (10)     10 :  0.0210 0.9790 
657      657   (0)     10 :  0.0178 0.9822 
658      658   (0)     10 :  0.0180 0.9820 
659      659   (0)     10 :  0.0200 0.9800 
660      660   (0)     10 :  0.0160 0.9840 
661      661   (0)     10 :  0.0190 0.9810 
662      662   (0)     10 :  0.0250 0.9750 
663      663   (5)     10 :  0.0370 0.9630 
664      664   (0)     10 :  0.0160 0.9840 
665      665  (10)     10 :  0.0980 0.9020 
666      666   (5)     10 :  0.0230 0.9770 
667      667   (0)     10 :  0.0684 0.9316 
668      668   (5)     10 :  0.0500 0.9500 
669      669   (0)     10 :  0.0270 0.9730 
670      670  (15)     10 :  0.0210 0.9790 
671      671  (10)     10 :  0.0390 0.9610 
672      672   (0)     10 :  0.0260 0.9740 
673      673   (0)     10 :  0.0210 0.9790 
674      674   (5)     10 :  0.0140 0.9860 
675      675   (0)     10 :  0.0270 0.9730 
676      676   (0)     10 :  0.0170 0.9830 
677      677  (10)     10 :  0.0390 0.9610 
678      678   (0)     10 :  0.0160 0.9840 
679      679   (0)     10 :  0.0182 0.9818 
680      680   (0)     10 :  0.0660 0.9340 
681      681   (0)     10 :  0.0324 0.9676 
682      682   (0)     10 :  0.0200 0.9800 
683      683  (10)     10 :  0.0290 0.9710 
684      684   (0)     10 :  0.0190 0.9810 
685      685   (5)     10 :  0.0580 0.9420 
686      686   (0)     10 :  0.0140 0.9860 
687      687   (0)     10 :  0.0634 0.9366 
688      688   (0)     10 :  0.0270 0.9730 
689      689  (10)     10 :  0.0242 0.9758 
690      690   (0)     10 :  0.0160 0.9840 
691      691   (0)     10 :  0.0160 0.9840 
692      692   (0)     10 :  0.0230 0.9770 
693      693   (0)     10 :  0.0220 0.9780 
694      694   (0)     10 :  0.0290 0.9710 
695      695   (0)     10 :  0.0140 0.9860 
696      696  (10)     10 :  0.0330 0.9670 
697      697   (5)     10 :  0.0170 0.9830 
698      698   (5)     10 :  0.0190 0.9810 
699      699   (0)     10 :  0.0562 0.9438 
700      700   (0)     10 :  0.1140 0.8860 
701      701   (0)     10 :  0.0150 0.9850 
702      702   (5)     10 :  0.1300 0.8700 
703      703   (5)     10 :  0.0316 0.9684 
704      704   (0)     10 :  0.0170 0.9830 
705      705   (0)     10 :  0.0826 0.9174 
706      706   (0)     10 :  0.0436 0.9564 
707      707   (0)     10 :  0.0180 0.9820 
708      708   (0)     10 :  0.0160 0.9840 
709      709   (0)     10 :  0.0150 0.9850 
710      710   (0)     10 :  0.0482 0.9518 
711      711  (10)     10 :  0.0218 0.9782 
712      712   (0)     10 :  0.0160 0.9840 
713      713   (0)     10 :  0.0300 0.9700 
714      714   (0)     10 :  0.0150 0.9850 
715      715   (5)     10 :  0.3950 0.6050 
716      716  (10)     10 :  0.0200 0.9800 
717      717   (0)     10 :  0.0170 0.9830 
718      718   (5)     10 :  0.0200 0.9800 
719      719   (5)     10 :  0.0440 0.9560 
720      720   (0)     10 :  0.0200 0.9800 
721      721   (0)     10 :  0.0230 0.9770 
722      722   (0)     10 :  0.0130 0.9870 
723      723   (0)     10 :  0.0220 0.9780 
724      724   (0)     10 :  0.0242 0.9758 
725      725   (0)     10 :  0.0230 0.9770 
726      726  (10)     10 :  0.0300 0.9700 
727      727   (0)     10 :  0.0442 0.9558 
728      728   (0)     10 :  0.0320 0.9680 
729      729   (0)     10 :  0.0458 0.9542 
730      730   (5)     10 :  0.0524 0.9476 
731      731   (5)     10 :  0.0200 0.9800 
732      732   (0)     10 :  0.0168 0.9832 
733      733   (0)     10 :  0.0140 0.9860 
734      734   (0)     10 :  0.0220 0.9780 
735      735   (0)     10 :  0.0558 0.9442 
736      736   (0)     10 :  0.0160 0.9840 
737      737   (0)     10 :  0.0270 0.9730 
738      738   (0)     10 :  0.0170 0.9830 
739      739   (0)     10 :  0.0180 0.9820 
740      740  (10)     10 :  0.3258 0.6742 
741      741  (10)     10 :  0.0220 0.9780 
742      742  (10)     10 :  0.0190 0.9810 
743      743   (0)     10 :  0.0930 0.9070 
744      744   (5)     10 :  0.0140 0.9860 
745      745   (0)     10 :  0.0220 0.9780 
746      746   (0)     10 :  0.0720 0.9280 
747      747  (10)     10 :  0.0150 0.9850 
748      748   (0)     10 :  0.0200 0.9800 
749      749   (0)     10 :  0.0180 0.9820 
750      750   (0)     10 :  0.0220 0.9780 
