1        1   (5)      1  : 0.9776 0.0052 0.0050 0.0030 0.0062 0.0030
2        2   (5)      1  : 0.9576 0.0062 0.0190 0.0050 0.0042 0.0080
3        3   (5)      1  : 0.9872 0.0030 0.0020 0.0030 0.0028 0.0020
4        4   (0)      1  : 0.9868 0.0030 0.0020 0.0018 0.0034 0.0030
5        5   (0)      1  : 0.9065 0.0214 0.0060 0.0098 0.0406 0.0158
6        6   (0)      1  : 0.9842 0.0032 0.0040 0.0020 0.0036 0.0030
7        7   (0)      1  : 0.8842 0.0064 0.0304 0.0490 0.0242 0.0058
8        8   (5)      1  : 0.9882 0.0020 0.0020 0.0020 0.0028 0.0030
9        9   (0)      1  : 0.9900 0.0020 0.0020 0.0020 0.0020 0.0020
10       10   (0)      1  : 0.9550 0.0048 0.0234 0.0074 0.0038 0.0056
11       11   (0)      1  : 0.9796 0.0038 0.0050 0.0050 0.0036 0.0030
12       12   (0)      1  : 0.9744 0.0040 0.0056 0.0060 0.0032 0.0068
13       13   (0)      1  : 0.9854 0.0028 0.0024 0.0020 0.0024 0.0050
14       14   (0)      1  : 0.9818 0.0040 0.0052 0.0030 0.0030 0.0030
15       15   (0)      1  : 0.9824 0.0054 0.0042 0.0030 0.0020 0.0030
16       16   (0)      1  : 0.9874 0.0030 0.0020 0.0020 0.0036 0.0020
17       17   (0)      1  : 0.9900 0.0020 0.0020 0.0020 0.0020 0.0020
18       18   (0)      1  : 0.9676 0.0118 0.0052 0.0048 0.0056 0.0050
19       19   (0)      1  : 0.9740 0.0022 0.0020 0.0020 0.0064 0.0134
20       20   (0)      1  : 0.9490 0.0126 0.0102 0.0144 0.0068 0.0070
21       21   (0)      1  : 0.9890 0.0020 0.0020 0.0020 0.0020 0.0030
22       22   (0)      1  : 0.9892 0.0020 0.0020 0.0020 0.0028 0.0020
23       23   (0)      1  : 0.9864 0.0022 0.0020 0.0020 0.0052 0.0022
24       24   (0)      1  : 0.9764 0.0034 0.0020 0.0022 0.0100 0.0060
25       25   (0)      1  : 0.9544 0.0040 0.0064 0.0192 0.0080 0.0080
26       26   (0)      1  : 0.9838 0.0022 0.0030 0.0022 0.0028 0.0060
27       27   (5)      1  : 0.9536 0.0136 0.0090 0.0130 0.0068 0.0040
28       28   (0)      1  : 0.9772 0.0088 0.0032 0.0040 0.0048 0.0020
29       29   (0)      1  : 0.9874 0.0030 0.0020 0.0020 0.0036 0.0020
30       30   (0)      1  : 0.9570 0.0046 0.0102 0.0068 0.0120 0.0094
31       31   (0)      1  : 0.9862 0.0022 0.0020 0.0030 0.0046 0.0020
32       32   (0)      1  : 0.9504 0.0306 0.0040 0.0030 0.0030 0.0090
33       33   (0)      1  : 0.9882 0.0030 0.0020 0.0020 0.0028 0.0020
34       34   (0)      1  : 0.9858 0.0022 0.0020 0.0020 0.0060 0.0020
35       35   (0)      1  : 0.9488 0.0086 0.0052 0.0060 0.0258 0.0056
36       36   (0)      1  : 0.9706 0.0176 0.0020 0.0028 0.0040 0.0030
37       37   (0)      1  : 0.9690 0.0040 0.0040 0.0092 0.0058 0.0080
38       38   (0)      1  : 0.9798 0.0030 0.0040 0.0030 0.0032 0.0070
39       39   (0)      1  : 0.9704 0.0068 0.0116 0.0032 0.0030 0.0050
40       40   (0)      1  : 0.9804 0.0042 0.0030 0.0024 0.0060 0.0040
41       41   (0)      1  : 0.9848 0.0030 0.0030 0.0032 0.0030 0.0030
42       42   (0)      1  : 0.9890 0.0020 0.0020 0.0020 0.0020 0.0030
43       43   (0)      1  : 0.9866 0.0030 0.0032 0.0030 0.0022 0.0020
44       44   (0)      1  : 0.9904 0.0020 0.0020 0.0020 0.0020 0.0016
45       45   (5)      1  : 0.9762 0.0056 0.0060 0.0042 0.0030 0.0050
46       46   (0)      1  : 0.9892 0.0022 0.0020 0.0020 0.0036 0.0010
47       47   (0)      1  : 0.9790 0.0060 0.0050 0.0040 0.0040 0.0020
48       48   (0)      1  : 0.9784 0.0042 0.0048 0.0038 0.0058 0.0030
49       49   (0)      1  : 0.9742 0.0038 0.0088 0.0022 0.0020 0.0090
50       50   (0)      1  : 0.9860 0.0030 0.0030 0.0030 0.0030 0.0020
51       51   (0)      1  : 0.9802 0.0022 0.0042 0.0040 0.0032 0.0062
52       52   (0)      1  : 0.9458 0.0052 0.0082 0.0102 0.0088 0.0218
53       53   (0)      1  : 0.9582 0.0034 0.0030 0.0080 0.0244 0.0030
54       54   (0)      1  : 0.9818 0.0040 0.0052 0.0038 0.0032 0.0020
55       55   (0)      1  : 0.9838 0.0030 0.0030 0.0050 0.0032 0.0020
56       56   (0)      1  : 0.9882 0.0030 0.0020 0.0020 0.0028 0.0020
57       57  (10)      1  : 0.9830 0.0058 0.0020 0.0022 0.0028 0.0042
58       58   (5)      1  : 0.9790 0.0060 0.0052 0.0030 0.0038 0.0030
59       59   (0)      1  : 0.9814 0.0026 0.0040 0.0030 0.0050 0.0040
60       60   (0)      1  : 0.9880 0.0028 0.0030 0.0022 0.0020 0.0020
61       61   (0)      1  : 0.9822 0.0032 0.0030 0.0040 0.0046 0.0030
62       62   (0)      1  : 0.9584 0.0048 0.0288 0.0028 0.0032 0.0020
63       63   (0)      1  : 0.9800 0.0040 0.0050 0.0050 0.0030 0.0030
64       64   (0)      1  : 0.9842 0.0030 0.0050 0.0022 0.0036 0.0020
65       65   (0)      1  : 0.9486 0.0162 0.0102 0.0058 0.0034 0.0158
66       66   (0)      1  : 0.9784 0.0100 0.0022 0.0020 0.0052 0.0022
67       67   (5)      1  : 0.9694 0.0060 0.0038 0.0040 0.0066 0.0102
68       68   (0)      1  : 0.9636 0.0054 0.0080 0.0090 0.0108 0.0032
69       69   (0)      1  : 0.9774 0.0020 0.0050 0.0092 0.0044 0.0020
70       70   (0)      1  : 0.9802 0.0058 0.0050 0.0030 0.0030 0.0030
71       71   (5)      1  : 0.9724 0.0088 0.0030 0.0050 0.0072 0.0036
72       72   (0)      1  : 0.9768 0.0038 0.0042 0.0038 0.0034 0.0080
73       73   (5)      1  : 0.9818 0.0034 0.0030 0.0030 0.0068 0.0020
74       74  (10)      1  : 0.9750 0.0050 0.0060 0.0048 0.0042 0.0050
75       75  (10)      1  : 0.9728 0.0022 0.0030 0.0030 0.0048 0.0142
76       76   (0)      1  : 0.9311 0.0074 0.0020 0.0020 0.0544 0.0030
77       77  (10)      1  : 0.9790 0.0034 0.0030 0.0028 0.0088 0.0030
78       78   (0)      1  : 0.9474 0.0058 0.0050 0.0038 0.0318 0.0062
79       79   (5)      1  : 0.9810 0.0032 0.0050 0.0040 0.0048 0.0020
80       80   (0)      1  : 0.9900 0.0020 0.0020 0.0020 0.0020 0.0020
81       81   (0)      1  : 0.9898 0.0020 0.0020 0.0020 0.0022 0.0020
82       82   (0)      1  : 0.9900 0.0020 0.0020 0.0020 0.0020 0.0020
83       83   (0)      1  : 0.9718 0.0048 0.0040 0.0040 0.0124 0.0030
84       84   (0)      1  : 0.9742 0.0048 0.0094 0.0026 0.0030 0.0060
85       85   (0)      1  : 0.9896 0.0020 0.0024 0.0020 0.0020 0.0020
86       86   (5)      1  : 0.9866 0.0020 0.0030 0.0030 0.0024 0.0030
87       87   (0)      1  : 0.9872 0.0038 0.0020 0.0028 0.0022 0.0020
88       88   (0)      1  : 0.8396 0.0298 0.0066 0.0032 0.1132 0.0076
89       89   (0)      1  : 0.9664 0.0072 0.0030 0.0020 0.0046 0.0168
90       90   (0)      1  : 0.9732 0.0116 0.0042 0.0042 0.0046 0.0022
91       91   (0)      1  : 0.9820 0.0032 0.0052 0.0030 0.0036 0.0030
92       92   (0)      1  : 0.9678 0.0120 0.0052 0.0080 0.0044 0.0026
93       93   (0)      1  : 0.9900 0.0020 0.0020 0.0020 0.0020 0.0020
94       94   (5)      1  : 0.9686 0.0044 0.0030 0.0030 0.0108 0.0102
95       95   (0)      1  : 0.9860 0.0020 0.0040 0.0020 0.0030 0.0030
96       96   (5)      1  : 0.9868 0.0020 0.0030 0.0030 0.0022 0.0030
97       97   (0)      1  : 0.9794 0.0044 0.0050 0.0054 0.0038 0.0020
98       98   (0)      1  : 0.9810 0.0040 0.0032 0.0032 0.0046 0.0040
99       99   (5)      1  : 0.9870 0.0030 0.0030 0.0020 0.0020 0.0030
100      100   (5)      1  : 0.9900 0.0020 0.0020 0.0020 0.0020 0.0020
101      101   (5)      2  : 0.5948 0.0040 0.0108 0.3688 0.0174 0.0042
102      102   (0)      2  : 0.3767 0.0168 0.2727 0.1347 0.1736 0.0254
103      103   (0)      2  : 0.5500 0.0044 0.0556 0.2717 0.1056 0.0126
104      104   (5)      2  : 0.4783 0.0038 0.3320 0.0200 0.1573 0.0086
105      105   (5)      2  : 0.3849 0.0040 0.4756 0.0082 0.1219 0.0054
106      106   (0)      2  : 0.3764 0.0062 0.1594 0.2162 0.2025 0.0392
107      107   (0)      3  : 0.0064 0.0072 0.6422 0.0326 0.3086 0.0030
108      108   (0)      3  : 0.0770 0.0108 0.1460 0.2757 0.4865 0.0040
109      109  (10)      4  : 0.0020 0.0062 0.9790 0.0040 0.0068 0.0020
110      110   (5)      4  : 0.0030 0.0048 0.9748 0.0060 0.0064 0.0050
111      111   (5)      4  : 0.0080 0.0042 0.9764 0.0020 0.0064 0.0030
112      112   (5)      4  : 0.0020 0.0072 0.9788 0.0076 0.0024 0.0020
113      113  (10)      4  : 0.0030 0.0044 0.9756 0.0030 0.0098 0.0042
114      114   (5)      4  : 0.0124 0.0036 0.9726 0.0020 0.0064 0.0030
115      115  (10)      4  : 0.0030 0.0032 0.9844 0.0020 0.0054 0.0020
116      116   (0)      4  : 0.0054 0.0144 0.8700 0.0152 0.0082 0.0868
117      117   (0)      4  : 0.0052 0.0044 0.9772 0.0038 0.0074 0.0020
118      118   (0)      4  : 0.0020 0.0038 0.9834 0.0050 0.0026 0.0032
119      119   (0)      4  : 0.0070 0.0090 0.9744 0.0034 0.0022 0.0040
120      120   (0)      4  : 0.0294 0.0046 0.9526 0.0030 0.0084 0.0020
121      121   (0)      4  : 0.0030 0.0030 0.9832 0.0040 0.0038 0.0030
122      122   (0)      4  : 0.0030 0.0032 0.9828 0.0022 0.0058 0.0030
123      123   (0)      4  : 0.0030 0.0056 0.9606 0.0048 0.0238 0.0022
124      124   (0)      4  : 0.0034 0.0048 0.9774 0.0020 0.0094 0.0030
125      125   (0)      4  : 0.0030 0.0040 0.9852 0.0020 0.0038 0.0020
126      126   (0)      4  : 0.0088 0.0032 0.9788 0.0020 0.0052 0.0020
127      127   (0)      4  : 0.0060 0.0070 0.9600 0.0130 0.0098 0.0042
128      128   (5)      4  : 0.0070 0.0030 0.9544 0.0124 0.0038 0.0194
129      129   (0)      4  : 0.0030 0.0022 0.9670 0.0146 0.0072 0.0060
130      130   (0)      4  : 0.0244 0.0070 0.9368 0.0162 0.0086 0.0070
131      131   (5)      4  : 0.0108 0.0056 0.9714 0.0030 0.0032 0.0060
132      132   (5)      4  : 0.0060 0.0050 0.9680 0.0110 0.0028 0.0072
133      133   (0)      4  : 0.0958 0.0088 0.8332 0.0040 0.0132 0.0450
134      134   (0)      4  : 0.0396 0.0074 0.9378 0.0072 0.0040 0.0040
135      135   (0)      4  : 0.0090 0.0494 0.8961 0.0084 0.0330 0.0042
136      136   (0)      4  : 0.0030 0.0030 0.9788 0.0082 0.0040 0.0030
137      137   (0)      4  : 0.0020 0.0052 0.7717 0.2101 0.0060 0.0050
138      138   (0)      4  : 0.0020 0.0050 0.9758 0.0102 0.0040 0.0030
139      139   (0)      4  : 0.0020 0.0030 0.9226 0.0540 0.0092 0.0092
140      140   (0)      4  : 0.0040 0.0176 0.9660 0.0062 0.0042 0.0020
141      141   (0)      4  : 0.0074 0.0032 0.7458 0.0180 0.2126 0.0130
142      142   (0)      4  : 0.0032 0.0056 0.4076 0.0218 0.5508 0.0110
143      143   (0)      4  : 0.0090 0.0042 0.9680 0.0098 0.0054 0.0036
144      144   (0)      4  : 0.0767 0.0054 0.3222 0.3507 0.2396 0.0054
145      145   (0)      4  : 0.0778 0.0062 0.2410 0.0098 0.6536 0.0116
146      146   (0)      4  : 0.0028 0.0028 0.0234 0.7678 0.1986 0.0046
147      147   (0)      4  : 0.0142 0.0032 0.6695 0.0826 0.2198 0.0106
148      148   (0)      4  : 0.0342 0.0170 0.3560 0.1780 0.4120 0.0028
149      149   (0)      4  : 0.0030 0.0202 0.9185 0.0076 0.0490 0.0018
150      150   (0)      4  : 0.0030 0.0304 0.9370 0.0110 0.0164 0.0022
151      151  (10)      5  : 0.0020 0.0166 0.8858 0.0184 0.0742 0.0030
152      152   (0)      5  : 0.0028 0.0060 0.0184 0.5517 0.4181 0.0030
153      153   (0)      5  : 0.0214 0.0030 0.9026 0.0326 0.0070 0.0334
154      154   (0)      5  : 0.0030 0.0068 0.8401 0.1315 0.0146 0.0040
155      155   (0)      5  : 0.0028 0.0064 0.0054 0.5895 0.3939 0.0020
156      156   (5)      5  : 0.0030 0.0534 0.1283 0.2395 0.5728 0.0030
157      157   (0)      5  : 0.0022 0.0174 0.8765 0.0250 0.0759 0.0030
158      158   (0)      5  : 0.0040 0.0066 0.1909 0.7923 0.0042 0.0020
159      159   (0)      5  : 0.0020 0.0038 0.0030 0.9702 0.0044 0.0166
160      160   (0)      5  : 0.0244 0.1453 0.7487 0.0090 0.0705 0.0020
161      161   (0)      5  : 0.0020 0.0034 0.0052 0.4059 0.0882 0.4953
162      162   (0)      5  : 0.0022 0.0032 0.0943 0.8673 0.0286 0.0044
163      163   (0)      5  : 0.0020 0.0202 0.0162 0.7618 0.1938 0.0060
164      164   (0)      5  : 0.0030 0.0042 0.0056 0.7896 0.1956 0.0020
165      165   (5)      5  : 0.0066 0.0098 0.0858 0.8013 0.0917 0.0048
166      166   (0)      5  : 0.0030 0.0056 0.0178 0.7742 0.1964 0.0030
167      167   (0)      5  : 0.0042 0.0042 0.0064 0.9696 0.0086 0.0070
168      168   (0)      5  : 0.0020 0.0028 0.0028 0.9874 0.0022 0.0028
169      169   (0)      5  : 0.0020 0.0042 0.0234 0.7648 0.2026 0.0030
170      170   (0)      5  : 0.0010 0.0020 0.0040 0.9728 0.0182 0.0020
171      171   (0)      5  : 0.0022 0.0088 0.4296 0.5518 0.0052 0.0024
172      172   (5)      5  : 0.0032 0.0088 0.0130 0.9596 0.0092 0.0062
173      173   (5)      5  : 0.0038 0.0070 0.0064 0.7567 0.1698 0.0564
174      174   (5)      5  : 0.0062 0.0604 0.7544 0.1026 0.0711 0.0052
175      175   (0)      5  : 0.0158 0.0198 0.0960 0.6432 0.2232 0.0020
176      176   (0)      5  : 0.0020 0.0859 0.5782 0.2544 0.0772 0.0022
177      177   (0)      5  : 0.0020 0.0084 0.0330 0.7518 0.1998 0.0050
178      178   (0)      5  : 0.0138 0.0130 0.0950 0.6588 0.2174 0.0020
179      179   (0)      5  : 0.0020 0.0032 0.0354 0.7624 0.1948 0.0022
180      180   (0)      5  : 0.0042 0.0030 0.0072 0.9746 0.0068 0.0042
181      181   (0)      5  : 0.0034 0.0038 0.0050 0.9732 0.0040 0.0106
182      182   (0)      5  : 0.0020 0.0074 0.0130 0.8240 0.1376 0.0160
183      183   (0)      5  : 0.0020 0.0038 0.0438 0.7460 0.2016 0.0028
184      184   (0)      5  : 0.0032 0.0180 0.8177 0.0690 0.0863 0.0058
185      185   (0)      5  : 0.0028 0.0146 0.0052 0.7712 0.2036 0.0026
186      186   (0)      5  : 0.0022 0.0020 0.0040 0.9418 0.0458 0.0042
187      187   (5)      5  : 0.0036 0.0072 0.0206 0.7574 0.2010 0.0102
188      188   (0)      5  : 0.0048 0.0044 0.6271 0.1929 0.1658 0.0050
189      189   (0)      5  : 0.0020 0.0066 0.0220 0.7664 0.1992 0.0038
190      190   (0)      5  : 0.0030 0.0048 0.9680 0.0170 0.0042 0.0030
191      191   (0)      5  : 0.0028 0.0050 0.0100 0.7834 0.1948 0.0040
192      192   (0)      5  : 0.0020 0.0038 0.9774 0.0110 0.0028 0.0030
193      193   (5)      5  : 0.0020 0.0024 0.0054 0.8688 0.1172 0.0042
194      194   (5)      5  : 0.0066 0.0056 0.4519 0.3493 0.1796 0.0070
195      195   (5)      5  : 0.0020 0.0030 0.0066 0.7826 0.2000 0.0058
196      196   (5)      5  : 0.0028 0.0028 0.0074 0.7792 0.1986 0.0092
197      197   (5)      5  : 0.0070 0.0078 0.2692 0.6491 0.0547 0.0122
198      198   (5)      5  : 0.0116 0.0050 0.4457 0.3568 0.1730 0.0080
199      199   (0)      5  : 0.0030 0.0768 0.8918 0.0156 0.0096 0.0032
200      200   (5)      5  : 0.0020 0.0040 0.0264 0.9526 0.0100 0.0050
201      201   (0)      5  : 0.0030 0.8680 0.0370 0.0454 0.0388 0.0078
202      202   (0)      5  : 0.0172 0.2738 0.6330 0.0062 0.0440 0.0258
203      203   (0)      5  : 0.0020 0.0126 0.0566 0.8723 0.0482 0.0082
204      204   (0)      5  : 0.0014 0.0030 0.0062 0.9788 0.0086 0.0020
205      205   (0)      5  : 0.0032 0.0242 0.0050 0.9484 0.0160 0.0032
206      206   (0)      5  : 0.0020 0.0120 0.7870 0.1308 0.0605 0.0078
207      207   (0)      5  : 0.0020 0.0042 0.8810 0.1032 0.0036 0.0060
208      208   (0)      5  : 0.0050 0.0953 0.0778 0.8119 0.0070 0.0030
209      209   (0)      5  : 0.0020 0.0082 0.0040 0.9742 0.0032 0.0084
210      210   (0)      5  : 0.0028 0.0122 0.0438 0.7448 0.1932 0.0032
211      211   (0)      5  : 0.0020 0.0580 0.2715 0.2595 0.4069 0.0020
212      212   (0)      5  : 0.0024 0.2154 0.0026 0.0036 0.7738 0.0022
213      213   (0)      5  : 0.0010 0.0046 0.0042 0.9826 0.0034 0.0042
214      214   (0)      5  : 0.0020 0.0066 0.0058 0.9786 0.0040 0.0030
215      215   (0)      5  : 0.0020 0.0216 0.0286 0.7460 0.1980 0.0038
216      216   (0)      5  : 0.0028 0.0428 0.3143 0.3083 0.3288 0.0030
217      217   (0)      5  : 0.0020 0.0086 0.2604 0.7210 0.0060 0.0020
218      218   (0)      5  : 0.0058 0.0110 0.1736 0.3234 0.1555 0.3307
219      219   (0)      5  : 0.0032 0.0074 0.0044 0.9219 0.0532 0.0100
220      220   (0)      5  : 0.0030 0.0142 0.0836 0.6680 0.2124 0.0188
221      221   (0)      5  : 0.0020 0.0022 0.0034 0.9866 0.0038 0.0020
222      222   (0)      5  : 0.0012 0.0020 0.0064 0.9848 0.0036 0.0020
223      223   (0)      5  : 0.0166 0.0326 0.0810 0.6820 0.1840 0.0038
224      224   (0)      5  : 0.0030 0.0110 0.0358 0.6676 0.2796 0.0030
225      225   (0)      5  : 0.0022 0.0084 0.0066 0.8933 0.0871 0.0024
226      226   (0)      5  : 0.0018 0.0200 0.0068 0.7708 0.1986 0.0020
227      227   (0)      5  : 0.0038 0.0538 0.1653 0.5860 0.1880 0.0030
228      228   (0)      5  : 0.0032 0.0044 0.1586 0.7415 0.0765 0.0158
229      229   (0)      5  : 0.0042 0.0076 0.0132 0.9590 0.0050 0.0110
230      230   (0)      5  : 0.0030 0.0222 0.0140 0.7600 0.1978 0.0030
231      231   (0)      5  : 0.0014 0.0020 0.0114 0.1796 0.0428 0.7628
232      232   (0)      5  : 0.0022 0.0040 0.0126 0.9684 0.0096 0.0032
233      233   (0)      5  : 0.0026 0.0050 0.0262 0.9558 0.0064 0.0040
234      234   (0)      5  : 0.0020 0.0040 0.0068 0.9768 0.0060 0.0044
235      235   (0)      5  : 0.0010 0.0030 0.0064 0.9830 0.0044 0.0022
236      236   (0)      5  : 0.0036 0.0028 0.0038 0.7988 0.1876 0.0034
237      237   (0)      5  : 0.0030 0.0060 0.0420 0.9408 0.0062 0.0020
238      238   (0)      5  : 0.0020 0.0096 0.0068 0.7808 0.1950 0.0058
239      239   (0)      5  : 0.0020 0.0190 0.8617 0.0879 0.0224 0.0070
240      240   (0)      5  : 0.0020 0.0072 0.3238 0.4654 0.1974 0.0042
241      241   (0)      5  : 0.0020 0.0108 0.0946 0.6926 0.1924 0.0076
242      242   (0)      5  : 0.0028 0.0022 0.0028 0.7888 0.2014 0.0020
243      243  (10)      5  : 0.0052 0.0130 0.1403 0.1049 0.0346 0.7021
244      244   (0)      5  : 0.0022 0.0022 0.0030 0.9846 0.0048 0.0032
245      245   (0)      5  : 0.0020 0.0032 0.9640 0.0186 0.0080 0.0042
246      246   (0)      5  : 0.0030 0.0116 0.0048 0.8273 0.1389 0.0144
247      247   (0)      5  : 0.0030 0.0030 0.0028 0.7850 0.1978 0.0084
248      248   (0)      5  : 0.0044 0.0088 0.0056 0.7706 0.2072 0.0034
249      249   (0)      5  : 0.0020 0.0032 0.0054 0.9746 0.0128 0.0020
250      250   (0)      5  : 0.0020 0.0660 0.0088 0.8357 0.0833 0.0042
251      251   (0)      5  : 0.0010 0.0020 0.0040 0.9728 0.0182 0.0020
252      252   (0)      5  : 0.0010 0.0028 0.0150 0.9748 0.0034 0.0030
253      253   (0)      5  : 0.0040 0.0088 0.0066 0.7914 0.1772 0.0120
254      254   (0)      5  : 0.0010 0.0028 0.0166 0.9722 0.0044 0.0030
255      255   (0)      5  : 0.0020 0.0028 0.1656 0.8188 0.0040 0.0068
256      256   (0)      6  : 0.0106 0.0088 0.9660 0.0048 0.0030 0.0068
257      257  (10)      6  : 0.0040 0.0038 0.9746 0.0064 0.0028 0.0084
258      258  (10)      6  : 0.0040 0.0180 0.8606 0.0264 0.0748 0.0162
259      259   (5)      6  : 0.0020 0.0028 0.0090 0.9798 0.0034 0.0030
260      260   (5)      6  : 0.0022 0.0032 0.9302 0.0490 0.0050 0.0104
261      261   (0)      6  : 0.0016 0.0040 0.0030 0.9832 0.0042 0.0040
262      262   (5)      6  : 0.0020 0.0022 0.0038 0.7882 0.1988 0.0050
263      263   (5)      6  : 0.0020 0.0030 0.0032 0.9824 0.0030 0.0064
264      264   (0)      6  : 0.0012 0.0030 0.0116 0.9706 0.0106 0.0030
265      265   (0)      6  : 0.0020 0.0046 0.0212 0.9666 0.0026 0.0030
266      266   (0)      6  : 0.0020 0.0046 0.0214 0.9664 0.0026 0.0030
267      267   (0)      6  : 0.0020 0.2454 0.4254 0.3120 0.0100 0.0052
268      268   (0)      6  : 0.0020 0.0040 0.0070 0.8931 0.0909 0.0030
269      269   (5)      6  : 0.0020 0.0050 0.9644 0.0210 0.0036 0.0040
270      270   (5)      6  : 0.0062 0.0034 0.9704 0.0096 0.0074 0.0030
271      271  (10)      6  : 0.0040 0.1354 0.4557 0.3519 0.0462 0.0068
272      272   (0)      6  : 0.0020 0.0098 0.0100 0.9678 0.0056 0.0048
273      273   (5)      6  : 0.0046 0.0170 0.0028 0.7696 0.2004 0.0056
274      274   (5)      6  : 0.0030 0.0078 0.7499 0.2283 0.0088 0.0022
275      275   (0)      6  : 0.0012 0.0050 0.0030 0.9844 0.0044 0.0020
276      276   (5)      6  : 0.0020 0.0410 0.0104 0.9383 0.0032 0.0050
277      277   (0)      6  : 0.0094 0.0060 0.8916 0.0558 0.0352 0.0020
278      278   (5)      6  : 0.0010 0.0020 0.0058 0.9834 0.0038 0.0040
279      279   (0)      6  : 0.0020 0.0046 0.7504 0.1037 0.1231 0.0162
280      280   (0)      6  : 0.0028 0.0020 0.0030 0.7884 0.1970 0.0068
281      281   (0)      6  : 0.0028 0.0028 0.0038 0.7894 0.1982 0.0030
282      282   (0)      6  : 0.0020 0.0034 0.0030 0.9840 0.0032 0.0044
283      283   (0)      6  : 0.0030 0.0378 0.5871 0.2967 0.0601 0.0154
284      284   (0)      6  : 0.0030 0.0020 0.0022 0.9808 0.0052 0.0068
285      285   (0)      6  : 0.0042 0.0020 0.0038 0.7868 0.1982 0.0050
286      286   (0)      6  : 0.0028 0.0020 0.0030 0.7954 0.1948 0.0020
287      287   (0)      6  : 0.0054 0.0044 0.0030 0.9610 0.0092 0.0170
288      288   (0)      6  : 0.0020 0.0020 0.0048 0.9838 0.0034 0.0040
289      289   (0)      6  : 0.0034 0.0226 0.8854 0.0512 0.0334 0.0040
290      290   (0)      6  : 0.0040 0.0060 0.9596 0.0174 0.0068 0.0062
291      291   (0)      6  : 0.0010 0.0034 0.9806 0.0094 0.0028 0.0028
292      292   (0)      6  : 0.0078 0.0110 0.8633 0.1066 0.0094 0.0020
293      293   (0)      6  : 0.0020 0.0028 0.9768 0.0092 0.0072 0.0020
294      294   (5)      6  : 0.0042 0.0076 0.0332 0.9424 0.0076 0.0050
295      295   (5)      6  : 0.0020 0.0030 0.0032 0.7880 0.1990 0.0048
296      296   (0)      6  : 0.0032 0.0060 0.3516 0.6296 0.0076 0.0020
297      297  (15)      6  : 0.0042 0.0054 0.9648 0.0134 0.0062 0.0060
298      298  (10)      6  : 0.0020 0.0038 0.0154 0.9664 0.0054 0.0070
299      299  (10)      6  : 0.0020 0.0068 0.9540 0.0270 0.0072 0.0030
300      300  (10)      6  : 0.0030 0.0198 0.9066 0.0536 0.0118 0.0052
301      301   (5)      6  : 0.0030 0.0060 0.0170 0.9622 0.0078 0.0040
302      302   (5)      6  : 0.0020 0.0318 0.9512 0.0054 0.0036 0.0060
303      303   (5)      6  : 0.0020 0.0040 0.9816 0.0058 0.0046 0.0020
304      304   (5)      6  : 0.0020 0.0040 0.0030 0.9830 0.0040 0.0040
305      305   (5)      6  : 0.0040 0.0368 0.6441 0.2714 0.0326 0.0112
306      306   (5)      6  : 0.0028 0.0186 0.9648 0.0058 0.0060 0.0020
307      307  (15)      6  : 0.0088 0.0314 0.9192 0.0204 0.0080 0.0122
308      308   (5)      6  : 0.0078 0.0136 0.9638 0.0062 0.0036 0.0050
309      309   (5)      6  : 0.0020 0.0056 0.9764 0.0102 0.0028 0.0030
310      310  (15)      6  : 0.0024 0.0092 0.9714 0.0070 0.0042 0.0058
311      311   (5)      6  : 0.0126 0.0768 0.8577 0.0246 0.0160 0.0122
312      312   (5)      6  : 0.0400 0.0144 0.8453 0.0216 0.0667 0.0120
313      313   (5)      6  : 0.0030 0.0184 0.8404 0.0679 0.0671 0.0032
314      314   (5)      6  : 0.0020 0.0030 0.0030 0.9842 0.0028 0.0050
315      315  (10)      6  : 0.0030 0.0062 0.0350 0.9462 0.0054 0.0042
316      316   (5)      6  : 0.0022 0.0088 0.0172 0.9124 0.0216 0.0378
317      317   (5)      6  : 0.0030 0.0098 0.2251 0.7555 0.0046 0.0020
318      318  (10)      6  : 0.0020 0.0174 0.0096 0.9554 0.0040 0.0116
319      319  (10)      6  : 0.0030 0.0108 0.9166 0.0504 0.0160 0.0032
320      320  (10)      6  : 0.0078 0.0068 0.9648 0.0124 0.0052 0.0030
321      321  (10)      6  : 0.0142 0.0296 0.9234 0.0106 0.0120 0.0102
322      322   (5)      6  : 0.0020 0.0108 0.8920 0.0528 0.0382 0.0042
323      323  (10)      6  : 0.0030 0.0066 0.9116 0.0098 0.0622 0.0068
324      324   (0)      6  : 0.0010 0.0030 0.0066 0.9748 0.0066 0.0080
325      325   (5)      6  : 0.0020 0.0030 0.0060 0.9770 0.0068 0.0052
326      326   (0)      6  : 0.0020 0.0048 0.9560 0.0312 0.0030 0.0030
327      327   (0)      6  : 0.0010 0.0020 0.7676 0.2244 0.0030 0.0020
328      328   (0)      6  : 0.0020 0.0046 0.9804 0.0066 0.0034 0.0030
329      329   (0)      6  : 0.0052 0.0030 0.8703 0.1051 0.0114 0.0050
330      330   (0)      6  : 0.0020 0.0080 0.9726 0.0050 0.0104 0.0020
331      331   (0)      6  : 0.0094 0.0038 0.6750 0.2431 0.0474 0.0212
332      332   (0)      6  : 0.0030 0.0096 0.9316 0.0116 0.0040 0.0402
333      333  (10)      6  : 0.0020 0.0030 0.9816 0.0066 0.0038 0.0030
334      334  (10)      6  : 0.0088 0.9488 0.0142 0.0118 0.0106 0.0058
335      335   (0)      6  : 0.0134 0.0368 0.9376 0.0042 0.0030 0.0050
336      336   (5)      6  : 0.0500 0.3207 0.5247 0.0696 0.0298 0.0052
337      337   (0)      6  : 0.0020 0.0056 0.9782 0.0050 0.0042 0.0050
338      338   (5)      6  : 0.0176 0.0350 0.9253 0.0098 0.0064 0.0060
339      339   (5)      6  : 0.0020 0.0098 0.0152 0.9538 0.0068 0.0124
340      340   (5)      6  : 0.0054 0.0060 0.3707 0.5535 0.0430 0.0214
341      341  (10)      6  : 0.0020 0.0048 0.9530 0.0330 0.0032 0.0040
342      342   (0)      6  : 0.0030 0.0200 0.1999 0.7701 0.0040 0.0030
343      343   (0)      6  : 0.0020 0.0048 0.9510 0.0304 0.0076 0.0042
344      344   (0)      6  : 0.0264 0.6901 0.2657 0.0066 0.0070 0.0042
345      345   (0)      6  : 0.0032 0.0088 0.0769 0.9013 0.0068 0.0030
346      346   (0)      6  : 0.0042 0.1536 0.1534 0.5174 0.1658 0.0056
347      347   (0)      6  : 0.0020 0.0038 0.0222 0.9644 0.0046 0.0030
348      348   (0)      6  : 0.0020 0.0080 0.0206 0.9189 0.0266 0.0240
349      349   (0)      6  : 0.0030 0.0378 0.9294 0.0088 0.0110 0.0100
350      350   (0)      6  : 0.0020 0.0088 0.0138 0.9600 0.0032 0.0122
351      351   (0)      6  : 0.0020 0.0056 0.9820 0.0040 0.0034 0.0030
352      352   (0)      6  : 0.0020 0.0058 0.9754 0.0094 0.0054 0.0020
353      353   (0)      6  : 0.0094 0.6447 0.2358 0.0418 0.0110 0.0574
354      354   (0)      6  : 0.0058 0.5993 0.3186 0.0164 0.0490 0.0110
355      355   (0)      6  : 0.0076 0.7831 0.0840 0.0458 0.0634 0.0160
356      356   (0)      6  : 0.0022 0.0076 0.0060 0.9238 0.0524 0.0080
357      357   (0)      6  : 0.0068 0.0092 0.9630 0.0062 0.0042 0.0106
358      358   (0)      6  : 0.0020 0.0030 0.9694 0.0204 0.0022 0.0030
359      359   (5)      6  : 0.0040 0.0090 0.9592 0.0142 0.0076 0.0060
360      360   (0)      6  : 0.0028 0.0870 0.0636 0.8259 0.0152 0.0056
361      361   (5)      6  : 0.2492 0.4965 0.2337 0.0084 0.0082 0.0040
362      362   (0)      6  : 0.0028 0.0134 0.5544 0.3876 0.0374 0.0044
363      363   (0)      6  : 0.0068 0.3543 0.0144 0.5531 0.0176 0.0538
364      364   (0)      6  : 0.0040 0.0288 0.9424 0.0050 0.0168 0.0030
365      365   (0)      6  : 0.0042 0.1646 0.6733 0.1396 0.0110 0.0074
366      366   (0)      6  : 0.0020 0.0048 0.0112 0.9738 0.0042 0.0040
367      367   (0)      6  : 0.0020 0.0032 0.0240 0.9494 0.0144 0.0070
368      368   (0)      6  : 0.0062 0.0194 0.9084 0.0362 0.0124 0.0174
369      369   (0)      6  : 0.0020 0.0068 0.9794 0.0078 0.0020 0.0020
370      370   (0)      6  : 0.0030 0.0288 0.0636 0.8967 0.0048 0.0030
371      371   (0)      6  : 0.0020 0.0152 0.0742 0.9021 0.0034 0.0030
372      372   (0)      6  : 0.0054 0.5571 0.0784 0.2463 0.0254 0.0874
373      373   (0)      6  : 0.0020 0.0046 0.0178 0.9676 0.0050 0.0030
374      374   (0)      6  : 0.0030 0.0066 0.9770 0.0070 0.0044 0.0020
375      375   (5)      6  : 0.0020 0.0126 0.9684 0.0096 0.0034 0.0040
376      376   (0)      6  : 0.0080 0.0206 0.9170 0.0304 0.0092 0.0148
377      377   (0)      6  : 0.0030 0.0318 0.9182 0.0166 0.0244 0.0060
378      378   (0)      6  : 0.0030 0.0030 0.9582 0.0244 0.0084 0.0030
379      379  (10)      6  : 0.0020 0.0116 0.8602 0.1164 0.0036 0.0062
380      380   (0)      6  : 0.0020 0.0028 0.9854 0.0054 0.0024 0.0020
381      381   (0)      6  : 0.0024 0.0100 0.0262 0.9518 0.0066 0.0030
382      382   (0)      6  : 0.0020 0.0054 0.9782 0.0076 0.0030 0.0038
383      383  (10)      6  : 0.0032 0.0324 0.8284 0.0956 0.0326 0.0078
384      384   (5)      6  : 0.0020 0.0150 0.9734 0.0032 0.0042 0.0022
385      385   (0)      6  : 0.0020 0.0046 0.9760 0.0086 0.0058 0.0030
386      386   (5)      6  : 0.0030 0.0056 0.2042 0.7752 0.0080 0.0040
387      387   (5)      6  : 0.0010 0.0030 0.0180 0.9702 0.0048 0.0030
388      388  (10)      6  : 0.0044 0.0188 0.3969 0.4023 0.1744 0.0032
389      389   (0)      6  : 0.0020 0.0040 0.9256 0.0576 0.0052 0.0056
390      390   (5)      6  : 0.0032 0.0044 0.9602 0.0166 0.0124 0.0032
391      391  (10)      6  : 0.0020 0.0102 0.0126 0.9445 0.0242 0.0064
392      392   (0)      6  : 0.0036 0.0034 0.9812 0.0032 0.0066 0.0020
393      393   (0)      6  : 0.0202 0.0158 0.9298 0.0196 0.0070 0.0076
394      394   (0)      6  : 0.0020 0.0118 0.8458 0.0662 0.0702 0.0040
395      395   (0)      6  : 0.0030 0.0108 0.9254 0.0206 0.0342 0.0060
396      396   (0)      6  : 0.0038 0.0050 0.1842 0.7105 0.0915 0.0050
397      397   (0)      6  : 0.0052 0.0040 0.2775 0.6425 0.0686 0.0022
398      398   (0)      6  : 0.0020 0.0078 0.0918 0.8798 0.0116 0.0070
399      399   (0)      6  : 0.0020 0.0020 0.0030 0.9870 0.0030 0.0030
400      400   (0)      6  : 0.0012 0.0030 0.0034 0.9826 0.0058 0.0040
401      401   (5)      6  : 0.0058 0.0434 0.8778 0.0526 0.0174 0.0030
402      402   (0)      6  : 0.0010 0.0030 0.0054 0.9842 0.0034 0.0030
403      403   (0)      6  : 0.0072 0.0048 0.0760 0.8422 0.0170 0.0528
404      404   (0)      6  : 0.0024 0.0058 0.6972 0.2876 0.0048 0.0022
405      405   (5)      6  : 0.0050 0.0114 0.9508 0.0102 0.0088 0.0138
406      406   (0)      6  : 0.0020 0.0040 0.9740 0.0122 0.0038 0.0040
407      407   (0)      6  : 0.0110 0.0490 0.8564 0.0224 0.0470 0.0142
408      408   (0)      6  : 0.0020 0.0022 0.0030 0.9854 0.0044 0.0030
409      409   (0)      6  : 0.0020 0.1843 0.1736 0.5991 0.0268 0.0142
410      410   (0)      6  : 0.0038 0.0060 0.0204 0.9592 0.0066 0.0040
411      411   (0)      6  : 0.0034 0.0042 0.3095 0.6433 0.0146 0.0250
412      412   (0)      6  : 0.0070 0.0084 0.9678 0.0068 0.0070 0.0030
413      413   (0)      6  : 0.0020 0.0038 0.3312 0.6548 0.0048 0.0034
414      414   (0)      6  : 0.0020 0.0040 0.0046 0.9792 0.0052 0.0050
415      415   (0)      6  : 0.0162 0.0298 0.8666 0.0688 0.0136 0.0050
416      416   (0)      6  : 0.0022 0.0382 0.0606 0.8305 0.0090 0.0594
417      417   (0)      6  : 0.0010 0.0028 0.0106 0.9758 0.0058 0.0040
418      418   (0)      6  : 0.0030 0.0174 0.2611 0.7111 0.0034 0.0040
419      419   (0)      6  : 0.0020 0.0030 0.0038 0.9860 0.0032 0.0020
420      420   (0)      6  : 0.0010 0.0030 0.9862 0.0050 0.0028 0.0020
421      421   (0)      6  : 0.0020 0.0028 0.0084 0.9804 0.0034 0.0030
422      422   (0)      6  : 0.0020 0.0042 0.9308 0.0342 0.0252 0.0036
423      423   (0)      6  : 0.0032 0.0038 0.9810 0.0058 0.0032 0.0030
424      424   (0)      6  : 0.0022 0.0034 0.0236 0.9632 0.0044 0.0032
425      425   (0)      6  : 0.0020 0.0030 0.0656 0.9242 0.0032 0.0020
426      426  (10)      6  : 0.0044 0.0154 0.2289 0.6838 0.0605 0.0070
427      427   (5)      6  : 0.0020 0.1334 0.2293 0.3455 0.2751 0.0148
428      428  (10)      6  : 0.0020 0.0048 0.9692 0.0138 0.0062 0.0040
429      429   (5)      6  : 0.0978 0.0160 0.8392 0.0100 0.0188 0.0182
430      430  (10)      6  : 0.0020 0.0046 0.0144 0.9634 0.0044 0.0112
431      431  (10)      6  : 0.0020 0.0038 0.9446 0.0070 0.0050 0.0376
432      432   (0)      6  : 0.0028 0.0028 0.0030 0.7872 0.2002 0.0040
433      433   (5)      6  : 0.0048 0.0070 0.6066 0.2202 0.1522 0.0092
434      434   (5)      6  : 0.0178 0.0220 0.8974 0.0298 0.0278 0.0052
435      435  (10)      6  : 0.0030 0.0030 0.9614 0.0168 0.0058 0.0100
436      436   (0)      6  : 0.0020 0.0040 0.0048 0.9798 0.0040 0.0054
437      437   (0)      6  : 0.0030 0.0038 0.0302 0.9562 0.0036 0.0032
438      438   (0)      6  : 0.0020 0.0028 0.0859 0.9031 0.0032 0.0030
439      439   (0)      6  : 0.0020 0.0030 0.0080 0.9812 0.0038 0.0020
440      440   (0)      6  : 0.0078 0.0054 0.9266 0.0080 0.0040 0.0482
441      441   (0)      6  : 0.0418 0.3091 0.6035 0.0080 0.0352 0.0024
442      442   (0)      6  : 0.0218 0.0038 0.9538 0.0100 0.0056 0.0050
443      443   (0)      6  : 0.0020 0.0128 0.5975 0.3715 0.0140 0.0022
444      444   (0)      6  : 0.0020 0.0042 0.9610 0.0178 0.0130 0.0020
445      445   (5)      6  : 0.0072 0.7899 0.1723 0.0108 0.0156 0.0042
446      446   (0)      6  : 0.0094 0.8044 0.1290 0.0046 0.0418 0.0108
447      447   (0)      6  : 0.0020 0.0848 0.8709 0.0220 0.0078 0.0124
448      448  (10)      6  : 0.0074 0.3581 0.6131 0.0102 0.0042 0.0070
449      449   (5)      6  : 0.0040 0.0180 0.9292 0.0228 0.0046 0.0214
450      450   (0)      6  : 0.0010 0.0056 0.9712 0.0150 0.0042 0.0030
451      451   (5)      6  : 0.0042 0.9622 0.0124 0.0072 0.0062 0.0078
452      452   (5)      6  : 0.0030 0.0072 0.9102 0.0426 0.0280 0.0090
453      453   (0)      6  : 0.0020 0.0040 0.9474 0.0180 0.0216 0.0070
454      454   (0)      6  : 0.0278 0.0058 0.7419 0.1977 0.0198 0.0070
455      455   (0)      6  : 0.0030 0.0064 0.8884 0.0928 0.0054 0.0040
456      456   (0)      6  : 0.0044 0.4760 0.4856 0.0176 0.0132 0.0032
457      457   (0)      6  : 0.0020 0.0938 0.0884 0.8004 0.0034 0.0120
458      458   (0)      6  : 0.0038 0.0074 0.9662 0.0110 0.0038 0.0078
459      459   (0)      6  : 0.0020 0.0030 0.9760 0.0122 0.0038 0.0030
460      460   (0)      6  : 0.0018 0.0080 0.0190 0.9486 0.0194 0.0032
461      461   (0)      6  : 0.0020 0.0048 0.9588 0.0274 0.0048 0.0022
462      462   (0)      6  : 0.0020 0.0040 0.9412 0.0412 0.0084 0.0032
463      463   (0)      6  : 0.0038 0.0030 0.0050 0.7902 0.1940 0.0040
464      464   (0)      6  : 0.0020 0.0032 0.0398 0.9428 0.0092 0.0030
465      465   (0)      6  : 0.0030 0.0132 0.0538 0.9190 0.0090 0.0020
466      466   (0)      6  : 0.0020 0.0040 0.0072 0.9804 0.0044 0.0020
467      467   (0)      6  : 0.0020 0.0020 0.0028 0.7898 0.1984 0.0050
468      468   (0)      6  : 0.0028 0.0030 0.0050 0.7850 0.2002 0.0040
469      469   (0)      6  : 0.0020 0.0020 0.0028 0.7898 0.1984 0.0050
470      470   (0)      6  : 0.0020 0.0030 0.0082 0.9810 0.0036 0.0022
471      471   (0)      6  : 0.0020 0.0020 0.0030 0.9874 0.0036 0.0020
472      472   (0)      6  : 0.0020 0.0020 0.0040 0.9846 0.0044 0.0030
473      473   (0)      6  : 0.0020 0.0028 0.0094 0.9800 0.0036 0.0022
474      474   (0)      6  : 0.0020 0.0358 0.8654 0.0478 0.0080 0.0410
475      475   (0)      6  : 0.0020 0.0282 0.0074 0.9546 0.0026 0.0052
476      476   (0)      6  : 0.0040 0.0030 0.9508 0.0140 0.0088 0.0194
477      477   (0)      6  : 0.0052 0.0056 0.9786 0.0042 0.0034 0.0030
478      478   (0)      6  : 0.0020 0.0032 0.0574 0.9106 0.0234 0.0034
479      479   (0)      6  : 0.0048 0.0106 0.0040 0.8002 0.1758 0.0046
480      480   (0)      6  : 0.0020 0.0054 0.0298 0.9566 0.0022 0.0040
481      481   (0)      6  : 0.0020 0.0048 0.0030 0.9824 0.0048 0.0030
482      482   (0)      6  : 0.0020 0.0112 0.0078 0.9714 0.0044 0.0032
483      483   (0)      6  : 0.0040 0.1063 0.4386 0.3993 0.0450 0.0068
484      484   (0)      6  : 0.0058 0.0132 0.9353 0.0276 0.0072 0.0110
485      485   (0)      6  : 0.0020 0.0048 0.9734 0.0122 0.0046 0.0030
486      486   (0)      6  : 0.0030 0.0040 0.9676 0.0138 0.0056 0.0060
487      487   (0)      6  : 0.0020 0.0020 0.0020 0.9870 0.0040 0.0030
488      488   (0)      6  : 0.0058 0.0072 0.9034 0.0062 0.0060 0.0714
489      489   (0)      6  : 0.0028 0.0046 0.0290 0.9590 0.0026 0.0020
490      490   (0)      6  : 0.0020 0.0038 0.9742 0.0114 0.0060 0.0026
491      491   (0)      6  : 0.0030 0.0262 0.9432 0.0132 0.0092 0.0052
492      492   (0)      6  : 0.0046 0.0106 0.5387 0.4295 0.0136 0.0030
493      493   (0)      6  : 0.0020 0.0058 0.9346 0.0478 0.0048 0.0050
494      494   (0)      6  : 0.0020 0.0296 0.9504 0.0106 0.0044 0.0030
495      495   (0)      6  : 0.0020 0.0030 0.0038 0.9860 0.0032 0.0020
496      496   (5)      7  : 0.0174 0.3786 0.4910 0.0690 0.0400 0.0040
497      497   (0)      7  : 0.0030 0.8296 0.1438 0.0094 0.0102 0.0040
498      498   (0)      7  : 0.0050 0.8478 0.1086 0.0174 0.0040 0.0172
499      499   (0)      7  : 0.0022 0.9466 0.0350 0.0064 0.0040 0.0058
500      500   (0)      7  : 0.0030 0.1585 0.8121 0.0122 0.0062 0.0080
501      501   (0)      7  : 0.0645 0.3759 0.5428 0.0040 0.0080 0.0048
502      502   (0)      7  : 0.0058 0.4675 0.4064 0.0268 0.0800 0.0136
503      503   (0)      7  : 0.0212 0.1018 0.7606 0.0202 0.0276 0.0686
504      504   (0)      7  : 0.0022 0.8756 0.0506 0.0418 0.0100 0.0198
505      505   (0)      7  : 0.0022 0.0028 0.1541 0.8355 0.0034 0.0020
506      506   (0)      7  : 0.0058 0.1789 0.6486 0.0118 0.1507 0.0042
507      507   (0)      7  : 0.0040 0.3657 0.5184 0.0902 0.0098 0.0118
508      508   (0)      7  : 0.0038 0.0114 0.9234 0.0392 0.0082 0.0140
509      509   (0)      7  : 0.0024 0.8668 0.0966 0.0224 0.0068 0.0050
510      510   (0)      7  : 0.0034 0.7588 0.1034 0.0318 0.0300 0.0726
511      511   (0)      7  : 0.0010 0.0030 0.3463 0.5113 0.1343 0.0040
512      512   (0)      7  : 0.0020 0.5301 0.3456 0.0964 0.0228 0.0030
513      513   (0)      7  : 0.0120 0.5008 0.4104 0.0632 0.0106 0.0030
514      514   (0)      7  : 0.0020 0.0086 0.9682 0.0126 0.0066 0.0020
515      515   (0)      7  : 0.0082 0.0960 0.7723 0.0442 0.0768 0.0024
516      516   (0)      7  : 0.0094 0.0168 0.4649 0.3656 0.0526 0.0907
517      517   (0)      7  : 0.0040 0.0976 0.4485 0.1132 0.3330 0.0038
518      518   (0)      7  : 0.0032 0.8810 0.0740 0.0178 0.0102 0.0138
519      519   (0)      7  : 0.0040 0.8873 0.0486 0.0242 0.0086 0.0274
520      520   (0)      7  : 0.0338 0.0084 0.9400 0.0102 0.0056 0.0020
521      521   (0)      7  : 0.0040 0.4219 0.1988 0.3153 0.0532 0.0068
522      522   (0)      7  : 0.0030 0.6691 0.1445 0.1421 0.0238 0.0174
523      523   (0)      7  : 0.0032 0.9748 0.0094 0.0032 0.0054 0.0040
524      524   (0)      7  : 0.0042 0.6265 0.3221 0.0302 0.0034 0.0136
525      525   (0)      7  : 0.0060 0.5438 0.3336 0.0746 0.0398 0.0022
526      526   (0)      7  : 0.0262 0.0142 0.9380 0.0040 0.0032 0.0144
527      527  (10)      7  : 0.0026 0.0042 0.8437 0.1315 0.0140 0.0040
528      528   (5)      7  : 0.0056 0.5168 0.0354 0.3513 0.0709 0.0200
529      529   (0)      7  : 0.0046 0.6993 0.0040 0.0042 0.2843 0.0036
530      530   (0)      7  : 0.0032 0.9598 0.0252 0.0054 0.0044 0.0020
531      531   (0)      7  : 0.0052 0.9398 0.0296 0.0054 0.0072 0.0128
532      532   (0)      7  : 0.0040 0.9402 0.0332 0.0118 0.0066 0.0042
533      533   (0)      7  : 0.0070 0.9494 0.0186 0.0040 0.0162 0.0048
534      534   (0)      7  : 0.0020 0.9458 0.0396 0.0050 0.0054 0.0022
535      535   (0)      7  : 0.0064 0.9264 0.0456 0.0100 0.0052 0.0064
536      536   (0)      7  : 0.0052 0.8980 0.0820 0.0048 0.0070 0.0030
537      537   (0)      7  : 0.0020 0.9738 0.0094 0.0062 0.0054 0.0032
538      538   (5)      7  : 0.0058 0.6735 0.1490 0.1104 0.0578 0.0034
539      539   (0)      7  : 0.0038 0.9368 0.0080 0.0028 0.0314 0.0172
540      540   (0)      7  : 0.0020 0.7104 0.2438 0.0222 0.0176 0.0040
541      541   (0)      7  : 0.0038 0.6837 0.1638 0.0306 0.1118 0.0062
542      542   (0)      7  : 0.0148 0.6289 0.2388 0.0838 0.0258 0.0078
543      543   (0)      7  : 0.0020 0.9352 0.0356 0.0040 0.0210 0.0022
544      544   (5)      7  : 0.0022 0.1684 0.0530 0.0954 0.6621 0.0190
545      545   (0)      7  : 0.0074 0.9104 0.0522 0.0076 0.0154 0.0070
546      546   (0)      7  : 0.0022 0.9704 0.0042 0.0060 0.0050 0.0122
547      547   (0)      7  : 0.0020 0.9834 0.0044 0.0020 0.0060 0.0022
548      548   (0)      7  : 0.0030 0.9630 0.0072 0.0088 0.0122 0.0058
549      549   (0)      7  : 0.0020 0.0094 0.9371 0.0288 0.0156 0.0070
550      550   (0)      7  : 0.0020 0.2239 0.7184 0.0180 0.0094 0.0282
551      551   (5)      7  : 0.0034 0.7615 0.1539 0.0574 0.0150 0.0088
552      552   (5)      7  : 0.0030 0.9476 0.0060 0.0070 0.0334 0.0030
553      553   (0)      7  : 0.0030 0.9486 0.0206 0.0200 0.0048 0.0030
554      554   (0)      7  : 0.0020 0.9542 0.0140 0.0050 0.0192 0.0056
555      555   (0)      7  : 0.0124 0.9062 0.0120 0.0392 0.0270 0.0032
556      556   (0)      7  : 0.0020 0.9358 0.0404 0.0142 0.0044 0.0032
557      557   (0)      7  : 0.0064 0.3943 0.0954 0.4765 0.0214 0.0060
558      558   (0)      7  : 0.0096 0.9334 0.0318 0.0082 0.0098 0.0072
559      559   (0)      7  : 0.0040 0.6875 0.1820 0.1102 0.0128 0.0036
560      560   (0)      7  : 0.0020 0.6047 0.2481 0.0802 0.0592 0.0058
561      561   (0)      7  : 0.0028 0.7191 0.0522 0.1111 0.1038 0.0110
562      562   (0)      7  : 0.0020 0.8804 0.0788 0.0238 0.0112 0.0038
563      563   (0)      7  : 0.0058 0.2502 0.5551 0.0390 0.1466 0.0034
564      564   (0)      8  : 0.0030 0.8111 0.0122 0.1645 0.0032 0.0060
565      565   (0)      8  : 0.0030 0.9336 0.0162 0.0342 0.0072 0.0058
566      566   (0)      8  : 0.0076 0.6501 0.3197 0.0088 0.0090 0.0048
567      567   (0)      8  : 0.0044 0.9452 0.0184 0.0092 0.0148 0.0080
568      568   (0)      8  : 0.0026 0.9578 0.0074 0.0228 0.0060 0.0034
569      569   (0)      8  : 0.0012 0.9778 0.0088 0.0054 0.0046 0.0022
570      570   (0)      8  : 0.0022 0.9436 0.0118 0.0298 0.0072 0.0054
571      571   (0)      8  : 0.0134 0.9170 0.0192 0.0082 0.0392 0.0030
572      572   (0)      8  : 0.0142 0.9256 0.0216 0.0104 0.0168 0.0114
573      573   (0)      8  : 0.0040 0.8676 0.0208 0.0764 0.0198 0.0114
574      574   (0)      8  : 0.0020 0.9776 0.0074 0.0066 0.0034 0.0030
575      575   (0)      8  : 0.0042 0.9738 0.0046 0.0066 0.0062 0.0046
576      576   (0)      8  : 0.0038 0.8479 0.1343 0.0046 0.0074 0.0020
577      577   (0)      8  : 0.0022 0.9206 0.0448 0.0166 0.0044 0.0114
578      578   (0)      8  : 0.0044 0.9796 0.0044 0.0046 0.0048 0.0022
579      579   (0)      8  : 0.0020 0.9730 0.0090 0.0090 0.0040 0.0030
580      580   (0)      8  : 0.0020 0.9818 0.0030 0.0048 0.0044 0.0040
581      581   (0)      8  : 0.0052 0.9254 0.0456 0.0098 0.0088 0.0052
582      582   (0)      8  : 0.0020 0.9756 0.0126 0.0042 0.0034 0.0022
583      583   (0)      8  : 0.0020 0.9806 0.0060 0.0032 0.0040 0.0042
584      584   (0)      8  : 0.0038 0.9224 0.0084 0.0320 0.0256 0.0078
585      585   (0)      8  : 0.0030 0.9694 0.0042 0.0032 0.0094 0.0108
586      586   (0)      8  : 0.0020 0.9706 0.0054 0.0044 0.0040 0.0136
587      587   (0)      8  : 0.0020 0.9546 0.0062 0.0042 0.0064 0.0266
588      588   (0)      8  : 0.0020 0.9798 0.0060 0.0030 0.0056 0.0036
589      589   (0)      8  : 0.0056 0.9724 0.0076 0.0058 0.0064 0.0022
590      590   (0)      8  : 0.0032 0.9402 0.0420 0.0056 0.0070 0.0020
591      591   (0)      8  : 0.0056 0.9634 0.0086 0.0084 0.0098 0.0042
592      592   (0)      8  : 0.0422 0.9434 0.0038 0.0020 0.0056 0.0030
593      593   (0)      8  : 0.0034 0.9668 0.0042 0.0070 0.0066 0.0120
594      594   (0)      8  : 0.0040 0.9642 0.0114 0.0072 0.0050 0.0082
595      595   (0)      9  : 0.0032 0.9766 0.0070 0.0048 0.0042 0.0042
596      596   (0)      9  : 0.0050 0.9692 0.0030 0.0106 0.0084 0.0038
597      597   (0)      9  : 0.0030 0.9704 0.0042 0.0082 0.0070 0.0072
598      598   (0)      9  : 0.0020 0.9456 0.0078 0.0156 0.0208 0.0082
599      599   (0)      9  : 0.0020 0.9852 0.0032 0.0032 0.0032 0.0032
600      600   (0)      9  : 0.0108 0.9624 0.0088 0.0054 0.0084 0.0042
601      601   (0)      9  : 0.0104 0.9744 0.0032 0.0052 0.0048 0.0020
602      602   (0)      9  : 0.0204 0.9642 0.0044 0.0040 0.0044 0.0026
603      603   (0)      9  : 0.0132 0.9618 0.0064 0.0052 0.0102 0.0032
604      604   (0)      9  : 0.0054 0.9114 0.0050 0.0022 0.0200 0.0560
605      605   (0)      9  : 0.0022 0.9876 0.0032 0.0020 0.0030 0.0020
606      606   (0)      9  : 0.0022 0.9724 0.0030 0.0038 0.0154 0.0032
607      607   (0)      9  : 0.0020 0.9724 0.0086 0.0084 0.0064 0.0022
608      608   (0)      9  : 0.0030 0.9810 0.0044 0.0050 0.0034 0.0032
609      609   (0)      9  : 0.0064 0.8135 0.1523 0.0072 0.0176 0.0030
610      610  (10)      9  : 0.0032 0.9802 0.0046 0.0046 0.0042 0.0032
611      611   (0)      9  : 0.0040 0.9588 0.0046 0.0092 0.0182 0.0052
612      612   (0)      9  : 0.0328 0.8601 0.0470 0.0288 0.0162 0.0152
613      613   (0)      9  : 0.0022 0.9650 0.0120 0.0084 0.0058 0.0066
614      614   (0)      9  : 0.0038 0.9352 0.0030 0.0066 0.0466 0.0048
615      615   (5)      9  : 0.0038 0.9806 0.0030 0.0050 0.0046 0.0030
616      616   (0)      9  : 0.0030 0.9722 0.0056 0.0072 0.0044 0.0076
617      617   (0)      9  : 0.0022 0.9822 0.0032 0.0054 0.0050 0.0020
618      618   (0)      9  : 0.0270 0.9378 0.0054 0.0080 0.0136 0.0082
619      619   (0)      9  : 0.0072 0.9814 0.0042 0.0022 0.0028 0.0022
620      620   (0)      9  : 0.0022 0.9784 0.0048 0.0052 0.0042 0.0052
621      621   (0)      9  : 0.0032 0.9692 0.0030 0.0034 0.0190 0.0022
622      622   (5)      9  : 0.0020 0.9834 0.0050 0.0030 0.0046 0.0020
623      623   (0)      9  : 0.0056 0.9630 0.0080 0.0108 0.0084 0.0042
624      624   (0)      9  : 0.0032 0.9730 0.0082 0.0072 0.0052 0.0032
625      625   (0)      9  : 0.0030 0.9790 0.0054 0.0042 0.0054 0.0030
626      626   (0)      9  : 0.0078 0.9348 0.0144 0.0188 0.0094 0.0148
627      627   (0)      9  : 0.0030 0.9696 0.0100 0.0034 0.0092 0.0048
628      628   (0)      9  : 0.0020 0.9310 0.0306 0.0094 0.0108 0.0162
629      629   (0)      9  : 0.0022 0.9566 0.0290 0.0034 0.0046 0.0042
630      630   (0)      9  : 0.0020 0.9766 0.0058 0.0080 0.0034 0.0042
631      631   (0)      9  : 0.0020 0.9804 0.0050 0.0032 0.0074 0.0020
632      632   (5)      9  : 0.0030 0.9744 0.0070 0.0046 0.0034 0.0076
633      633   (0)      9  : 0.0030 0.9662 0.0050 0.0084 0.0144 0.0030
634      634   (0)      9  : 0.0058 0.9616 0.0114 0.0032 0.0150 0.0030
635      635   (0)      9  : 0.0020 0.9782 0.0052 0.0060 0.0054 0.0032
636      636   (5)      9  : 0.0420 0.9378 0.0078 0.0042 0.0042 0.0040
637      637   (5)      9  : 0.0020 0.9610 0.0052 0.0030 0.0234 0.0054
638      638  (10)      9  : 0.0040 0.9778 0.0032 0.0054 0.0062 0.0034
639      639   (5)      9  : 0.0030 0.9746 0.0030 0.0030 0.0134 0.0030
640      640   (5)      9  : 0.0020 0.9868 0.0030 0.0030 0.0030 0.0022
641      641   (5)      9  : 0.0034 0.9792 0.0060 0.0030 0.0038 0.0046
642      642   (5)      9  : 0.0050 0.8900 0.0102 0.0218 0.0700 0.0030
643      643   (5)      9  : 0.0030 0.9802 0.0046 0.0034 0.0042 0.0046
644      644  (10)      9  : 0.0038 0.8559 0.0402 0.0837 0.0124 0.0040
645      645   (5)      9  : 0.0078 0.8624 0.0184 0.0590 0.0452 0.0072
646      646   (5)      9  : 0.0024 0.9824 0.0050 0.0032 0.0040 0.0030
647      647   (5)      9  : 0.0040 0.8314 0.0172 0.0878 0.0398 0.0198
648      648   (5)     10  : 0.0040 0.0040 0.0060 0.0060 0.0048 0.9752
649      649   (0)     10  : 0.0078 0.0188 0.0210 0.0184 0.0146 0.9194
650      650   (0)     10  : 0.0020 0.0040 0.0032 0.0030 0.0030 0.9848
651      651   (0)     10  : 0.0130 0.0180 0.0040 0.1363 0.0514 0.7774
652      652   (0)     10  : 0.0030 0.0020 0.0042 0.0058 0.0040 0.9810
653      653   (0)     10  : 0.0032 0.0532 0.0078 0.0072 0.0046 0.9240
654      654   (0)     10  : 0.0020 0.0020 0.0030 0.0030 0.0030 0.9870
655      655   (0)     10  : 0.0052 0.0042 0.0046 0.0030 0.0030 0.9800
656      656   (0)     10  : 0.0086 0.0062 0.0030 0.0030 0.0082 0.9710
657      657   (0)     10  : 0.0042 0.0068 0.0072 0.0066 0.0046 0.9706
658      658   (0)     10  : 0.0010 0.0020 0.0020 0.0020 0.0020 0.9910
659      659   (0)     10  : 0.0020 0.0020 0.0030 0.0030 0.0022 0.9878
660      660   (0)     10  : 0.0078 0.0064 0.0102 0.0058 0.0126 0.9572
661      661   (5)     10  : 0.0010 0.0020 0.0022 0.0020 0.0020 0.9908
662      662   (0)     10  : 0.0062 0.0030 0.0162 0.0020 0.0036 0.9690
663      663   (0)     10  : 0.0020 0.0020 0.0020 0.0020 0.0022 0.9898
664      664   (0)     10  : 0.0038 0.0050 0.0062 0.0046 0.0124 0.9680
665      665   (0)     10  : 0.0044 0.0030 0.0040 0.0030 0.0020 0.9836
666      666   (0)     10  : 0.0080 0.0144 0.0040 0.0032 0.0036 0.9668
667      667   (0)     10  : 0.0020 0.0020 0.0020 0.0022 0.0020 0.9898
668      668   (0)     10  : 0.0020 0.0030 0.0020 0.0020 0.0026 0.9884
669      669   (0)     10  : 0.0040 0.0052 0.0040 0.0030 0.0046 0.9792
670      670   (0)     10  : 0.0020 0.0028 0.0022 0.0020 0.0020 0.9890
671      671   (0)     10  : 0.0010 0.0018 0.0020 0.0020 0.0020 0.9912
672      672   (0)     10  : 0.0010 0.0010 0.0020 0.0020 0.0012 0.9928
673      673   (0)     10  : 0.0020 0.0030 0.0032 0.0020 0.0030 0.9868
674      674   (0)     10  : 0.0028 0.0020 0.0020 0.0034 0.0020 0.9878
675      675   (0)     10  : 0.0020 0.0020 0.0020 0.0020 0.0022 0.9898
676      676   (5)     11  : 0.0032 0.2178 0.0022 0.0022 0.7706 0.0040
677      677   (0)     11  : 0.0034 0.2168 0.0024 0.0022 0.7732 0.0020
678      678   (0)     11  : 0.0024 0.2210 0.0022 0.0070 0.7642 0.0032
679      679   (0)     11  : 0.0030 0.2196 0.0030 0.0022 0.7702 0.0020
680      680   (5)     11  : 0.0032 0.2110 0.0032 0.0030 0.7768 0.0028
681      681   (0)     11  : 0.0044 0.2144 0.0026 0.0024 0.7736 0.0026
682      682   (0)     11  : 0.0204 0.2048 0.0038 0.0032 0.7646 0.0032
683      683   (0)     11  : 0.0034 0.2154 0.0038 0.0024 0.7728 0.0022
684      684   (0)     11  : 0.0056 0.2112 0.0024 0.0022 0.7748 0.0038
685      685   (0)     11  : 0.0510 0.1704 0.0024 0.0020 0.7712 0.0030
686      686   (0)     11  : 0.0030 0.2200 0.0030 0.0020 0.7700 0.0020
687      687   (0)     11  : 0.0106 0.2160 0.0020 0.0020 0.7672 0.0022
688      688   (5)     11  : 0.0090 0.2166 0.0052 0.0030 0.7640 0.0022
689      689   (0)     11  : 0.0038 0.2134 0.0022 0.0024 0.7744 0.0038
690      690   (0)     11  : 0.0032 0.2170 0.0024 0.0022 0.7732 0.0020
691      691   (0)     11  : 0.0022 0.2172 0.0020 0.0022 0.7742 0.0022
692      692   (0)     11  : 0.0188 0.2134 0.0030 0.0030 0.7596 0.0022
693      693   (0)     11  : 0.0022 0.2090 0.0020 0.0020 0.7786 0.0062
694      694   (0)     11  : 0.0036 0.2108 0.0046 0.0034 0.7718 0.0058
695      695   (0)     11  : 0.0458 0.2254 0.0030 0.0048 0.7180 0.0030
696      696   (0)     11  : 0.0032 0.2148 0.0026 0.0026 0.7746 0.0022
697      697   (0)     11  : 0.0020 0.2178 0.0032 0.0024 0.7724 0.0022
698      698   (0)     11  : 0.0048 0.2266 0.0042 0.0048 0.7554 0.0042
699      699   (0)     11  : 0.0751 0.2146 0.0030 0.0030 0.6997 0.0046
700      700   (0)     11  : 0.0022 0.2182 0.0024 0.0022 0.7722 0.0028
701      701   (0)     11  : 0.0024 0.2178 0.0022 0.0020 0.7726 0.0030
702      702   (0)     11  : 0.0032 0.2168 0.0024 0.0024 0.7720 0.0032
703      703   (0)     12  : 0.0020 0.1888 0.0048 0.0048 0.7790 0.0206
704      704   (0)     12  : 0.0024 0.2128 0.0080 0.0062 0.7406 0.0300
705      705   (0)     12  : 0.0040 0.1982 0.0158 0.0178 0.7438 0.0204
706      706   (0)     12  : 0.0046 0.3040 0.0148 0.0150 0.6492 0.0124
707      707   (0)     12  : 0.0136 0.4163 0.0612 0.0100 0.4817 0.0172
708      708   (0)     12  : 0.0052 0.2288 0.0188 0.0090 0.7122 0.0260
709      709   (0)     12  : 0.0100 0.3420 0.0924 0.0030 0.5351 0.0174
710      710   (0)     12  : 0.0020 0.2362 0.0064 0.0126 0.7210 0.0218
711      711   (0)     12  : 0.0020 0.2316 0.0080 0.0064 0.7308 0.0212
712      712   (0)     12  : 0.0020 0.2790 0.0182 0.0316 0.6282 0.0410
713      713   (0)     12  : 0.0020 0.1722 0.0088 0.0088 0.7854 0.0228
714      714   (0)     12  : 0.0032 0.1866 0.0106 0.0068 0.7726 0.0202
715      715   (0)     12  : 0.0030 0.1778 0.0058 0.0078 0.7810 0.0246
716      716   (0)     12  : 0.0020 0.1994 0.0078 0.0130 0.7506 0.0272
717      717   (0)     12  : 0.0022 0.1808 0.0062 0.0062 0.7796 0.0250
718      718   (0)     12  : 0.0020 0.1794 0.0032 0.0058 0.7784 0.0312
719      719   (0)     12  : 0.0550 0.2500 0.0162 0.0266 0.6456 0.0066
720      720   (0)     12  : 0.0126 0.1724 0.0056 0.0110 0.7718 0.0266
721      721   (0)     12  : 0.0054 0.1657 0.0784 0.0246 0.6707 0.0552
722      722   (0)     12  : 0.0022 0.1778 0.0144 0.0186 0.7684 0.0186
723      723   (0)     12  : 0.0028 0.1666 0.0030 0.0032 0.7856 0.0388
724      724   (0)     12  : 0.0072 0.1516 0.0052 0.0294 0.7510 0.0556
725      725   (5)     12  : 0.0022 0.1750 0.0086 0.0094 0.7674 0.0374
726      726   (0)     12  : 0.0032 0.1802 0.0044 0.0044 0.7864 0.0214
727      727   (0)     12  : 0.0052 0.1758 0.0044 0.0030 0.7824 0.0292
728      728   (0)     12  : 0.0042 0.1790 0.0278 0.0136 0.7552 0.0202
729      729   (0)     12  : 0.0022 0.1594 0.0060 0.0062 0.7620 0.0642
730      730   (0)     12  : 0.0054 0.1782 0.0044 0.0058 0.7820 0.0242
731      731   (0)     12  : 0.0028 0.1624 0.0072 0.0072 0.5851 0.2353
732      732   (0)     12  : 0.0020 0.1784 0.0032 0.0046 0.7904 0.0214
733      733   (5)     12  : 0.0022 0.1770 0.0042 0.0072 0.7860 0.0234
734      734   (0)     12  : 0.0020 0.1784 0.0034 0.0044 0.7884 0.0234
735      735   (0)     12  : 0.0066 0.2970 0.0436 0.0170 0.5845 0.0514
736      736   (0)     12  : 0.0022 0.1796 0.0042 0.0048 0.7888 0.0204
737      737   (0)     12  : 0.0066 0.1824 0.0122 0.0046 0.6578 0.1364
738      738   (0)     12  : 0.0058 0.4733 0.0142 0.0326 0.4659 0.0082
739      739   (5)     12  : 0.0076 0.3301 0.0462 0.0288 0.5675 0.0198
740      740   (5)     12  : 0.0086 0.2092 0.0060 0.0058 0.7236 0.0468
741      741   (5)     12  : 0.0036 0.1830 0.0054 0.0060 0.7768 0.0252
742      742   (5)     12  : 0.0080 0.1808 0.0146 0.0096 0.7528 0.0342
