1        1   (5)      1  : 0.9650 0.0350
2        2   (5)      1  : 0.9420 0.0580
3        3   (5)      1  : 0.9770 0.0230
4        4   (0)      1  : 0.9830 0.0170
5        5   (0)      1  : 0.9200 0.0800
6        6   (0)      1  : 0.9740 0.0260
7        7   (0)      1  : 0.8310 0.1690
8        8   (5)      1  : 0.9800 0.0200
9        9   (0)      1  : 0.9800 0.0200
10       10   (0)      1  : 0.9132 0.0868
11       11   (0)      1  : 0.9600 0.0400
12       12   (0)      1  : 0.9504 0.0496
13       13   (0)      1  : 0.9790 0.0210
14       14   (0)      1  : 0.9610 0.0390
15       15   (0)      1  : 0.9530 0.0470
16       16   (0)      1  : 0.9840 0.0160
17       17   (0)      1  : 0.9810 0.0190
18       18   (0)      1  : 0.9550 0.0450
19       19   (0)      1  : 0.9812 0.0188
20       20   (0)      1  : 0.9130 0.0870
21       21   (0)      1  : 0.9820 0.0180
22       22   (0)      1  : 0.9820 0.0180
23       23   (0)      1  : 0.9820 0.0180
24       24   (0)      1  : 0.9780 0.0220
25       25   (0)      1  : 0.9368 0.0632
26       26   (0)      1  : 0.9790 0.0210
27       27   (5)      1  : 0.9152 0.0848
28       28   (0)      1  : 0.9690 0.0310
29       29   (0)      1  : 0.9798 0.0202
30       30   (0)      1  : 0.9068 0.0932
31       31   (0)      1  : 0.9790 0.0210
32       32   (0)      1  : 0.9610 0.0390
33       33   (0)      1  : 0.9840 0.0160
34       34   (0)      1  : 0.9830 0.0170
35       35   (0)      1  : 0.9650 0.0350
36       36   (0)      1  : 0.9760 0.0240
37       37   (0)      1  : 0.9620 0.0380
38       38   (0)      1  : 0.9710 0.0290
39       39   (0)      1  : 0.9590 0.0410
40       40   (0)      1  : 0.9740 0.0260
41       41   (0)      1  : 0.9750 0.0250
42       42   (0)      1  : 0.9850 0.0150
43       43   (0)      1  : 0.9732 0.0268
44       44   (0)      1  : 0.9810 0.0190
45       45   (5)      1  : 0.9646 0.0354
46       46   (0)      1  : 0.9800 0.0200
47       47   (0)      1  : 0.9620 0.0380
48       48   (0)      1  : 0.9570 0.0430
49       49   (0)      1  : 0.9680 0.0320
50       50   (0)      1  : 0.9684 0.0316
51       51   (0)      1  : 0.9652 0.0348
52       52   (0)      1  : 0.9410 0.0590
53       53   (0)      1  : 0.9598 0.0402
54       54   (0)      1  : 0.9672 0.0328
55       55   (0)      1  : 0.9710 0.0290
56       56   (0)      1  : 0.9770 0.0230
57       57  (10)      1  : 0.9770 0.0230
58       58   (5)      1  : 0.9668 0.0332
59       59   (0)      1  : 0.9690 0.0310
60       60   (0)      1  : 0.9800 0.0200
61       61   (0)      1  : 0.9690 0.0310
62       62   (0)      1  : 0.9210 0.0790
63       63   (0)      1  : 0.9540 0.0460
64       64   (0)      1  : 0.9700 0.0300
65       65   (0)      1  : 0.9430 0.0570
66       66   (0)      1  : 0.9780 0.0220
67       67   (5)      1  : 0.9560 0.0440
68       68   (0)      1  : 0.9488 0.0512
69       69   (0)      1  : 0.9658 0.0342
70       70   (0)      1  : 0.9660 0.0340
71       71   (5)      1  : 0.9640 0.0360
72       72   (0)      1  : 0.9560 0.0440
73       73   (5)      1  : 0.9740 0.0260
74       74  (10)      1  : 0.9532 0.0468
75       75  (10)      1  : 0.9730 0.0270
76       76   (0)      1  : 0.9750 0.0250
77       77  (10)      1  : 0.9710 0.0290
78       78   (0)      1  : 0.9630 0.0370
79       79   (5)      1  : 0.9630 0.0370
80       80   (0)      1  : 0.9790 0.0210
81       81   (0)      1  : 0.9790 0.0210
82       82   (0)      1  : 0.9830 0.0170
83       83   (0)      1  : 0.9610 0.0390
84       84   (0)      1  : 0.9610 0.0390
85       85   (0)      1  : 0.9810 0.0190
86       86   (5)      1  : 0.9760 0.0240
87       87   (0)      1  : 0.9760 0.0240
88       88   (0)      1  : 0.9114 0.0886
89       89   (0)      1  : 0.9760 0.0240
90       90   (0)      1  : 0.9444 0.0556
91       91   (0)      1  : 0.9670 0.0330
92       92   (0)      1  : 0.9460 0.0540
93       93   (0)      1  : 0.9800 0.0200
94       94   (5)      1  : 0.9730 0.0270
95       95   (0)      1  : 0.9728 0.0272
96       96   (5)      1  : 0.9750 0.0250
97       97   (0)      1  : 0.9660 0.0340
98       98   (0)      1  : 0.9690 0.0310
99       99   (5)      1  : 0.9760 0.0240
100      100   (5)      1  : 0.9810 0.0190
101      101   (0)      2  : 0.9410 0.0590
102      102   (0)      2  : 0.8558 0.1442
103      103   (0)      2  : 0.9520 0.0480
104      104   (0)      2  : 0.8504 0.1496
105      105   (0)      2  : 0.9780 0.0220
106      106   (0)      2  : 0.7880 0.2120
107      107   (0)      2  : 0.7676 0.2324
108      108   (0)      2  : 0.9054 0.0946
109      109   (0)      2  : 0.9298 0.0702
110      110   (0)      2  : 0.9480 0.0520
111      111   (0)      2  : 0.9780 0.0220
112      112   (0)      2  : 0.7870 0.2130
113      113   (0)      2  : 0.9300 0.0700
114      114   (0)      2  : 0.9770 0.0230
115      115   (0)      2  : 0.9558 0.0442
116      116   (0)      2  : 0.9560 0.0440
117      117   (0)      2  : 0.8460 0.1540
118      118   (0)      2  : 0.9146 0.0854
119      119   (0)      2  : 0.8178 0.1822
120      120   (0)      2  : 0.9710 0.0290
121      121   (0)      2  : 0.9720 0.0280
122      122   (0)      2  : 0.9540 0.0460
123      123   (0)      2  : 0.9120 0.0880
124      124   (0)      2  : 0.8702 0.1298
125      125   (0)      2  : 0.9780 0.0220
126      126   (0)      2  : 0.9320 0.0680
127      127   (0)      2  : 0.9450 0.0550
128      128   (0)      2  : 0.8168 0.1832
129      129   (0)      2  : 0.9770 0.0230
130      130   (0)      2  : 0.9640 0.0360
131      131   (0)      2  : 0.9742 0.0258
132      132   (0)      2  : 0.9630 0.0370
133      133   (0)      2  : 0.9604 0.0396
134      134   (0)      2  : 0.8030 0.1970
135      135   (0)      2  : 0.9242 0.0758
136      136   (0)      2  : 0.9730 0.0270
137      137   (0)      2  : 0.9380 0.0620
138      138   (0)      2  : 0.8940 0.1060
139      139   (0)      2  : 0.7330 0.2670
140      140   (0)      2  : 0.9380 0.0620
141      141   (0)      2  : 0.9698 0.0302
142      142   (0)      2  : 0.9770 0.0230
143      143   (0)      2  : 0.8710 0.1290
144      144   (0)      2  : 0.9618 0.0382
145      145   (0)      2  : 0.8406 0.1594
146      146   (0)      2  : 0.9590 0.0410
147      147   (0)      2  : 0.9380 0.0620
148      148   (0)      2  : 0.9420 0.0580
149      149   (0)      2  : 0.9444 0.0556
150      150   (0)      2  : 0.9380 0.0620
151      151   (0)      2  : 0.8480 0.1520
152      152   (0)      2  : 0.9660 0.0340
153      153   (0)      2  : 0.9520 0.0480
154      154   (0)      2  : 0.8460 0.1540
155      155   (0)      2  : 0.9550 0.0450
156      156   (0)      2  : 0.9148 0.0852
157      157   (0)      2  : 0.9278 0.0722
158      158   (0)      2  : 0.7306 0.2694
159      159   (0)      2  : 0.9212 0.0788
160      160   (0)      2  : 0.9650 0.0350
161      161   (0)      2  : 0.9520 0.0480
162      162   (0)      2  : 0.9790 0.0210
163      163   (0)      2  : 0.9210 0.0790
164      164   (0)      2  : 0.9190 0.0810
165      165   (0)      2  : 0.9352 0.0648
166      166   (0)      2  : 0.9380 0.0620
167      167   (0)      2  : 0.8452 0.1548
168      168   (0)      2  : 0.9388 0.0612
169      169   (0)      2  : 0.9590 0.0410
170      170   (0)      2  : 0.9690 0.0310
171      171   (0)      2  : 0.7218 0.2782
172      172   (0)      2  : 0.9820 0.0180
173      173   (0)      2  : 0.8280 0.1720
174      174   (0)      2  : 0.8328 0.1672
175      175   (0)      2  : 0.9690 0.0310
176      176   (0)      2  : 0.9080 0.0920
177      177   (0)      2  : 0.9650 0.0350
178      178   (0)      2  : 0.9190 0.0810
179      179   (0)      2  : 0.8226 0.1774
180      180   (0)      2  : 0.9700 0.0300
181      181   (0)      2  : 0.7762 0.2238
182      182   (0)      2  : 0.9382 0.0618
183      183   (0)      2  : 0.9770 0.0230
184      184   (0)      2  : 0.9010 0.0990
185      185   (0)      2  : 0.9030 0.0970
186      186   (0)      2  : 0.9670 0.0330
187      187   (0)      2  : 0.8920 0.1080
188      188   (0)      2  : 0.8210 0.1790
189      189   (0)      2  : 0.9730 0.0270
190      190   (0)      2  : 0.8950 0.1050
191      191   (0)      2  : 0.9650 0.0350
192      192   (0)      2  : 0.9248 0.0752
193      193   (0)      2  : 0.8780 0.1220
194      194   (0)      2  : 0.9450 0.0550
195      195   (0)      2  : 0.9518 0.0482
196      196   (0)      2  : 0.9292 0.0708
197      197   (0)      2  : 0.9360 0.0640
198      198   (0)      2  : 0.9008 0.0992
199      199   (0)      2  : 0.9080 0.0920
200      200   (0)      2  : 0.6988 0.3012
201      201   (0)      3  : 0.5780 0.4220
202      202   (0)      3  : 0.9130 0.0870
203      203   (0)      3  : 0.6730 0.3270
204      204   (0)      3  : 0.7310 0.2690
205      205   (0)      3  : 0.8900 0.1100
206      206   (0)      3  : 0.7594 0.2406
207      207   (0)      3  : 0.8704 0.1296
208      208   (0)      3  : 0.7054 0.2946
209      209   (0)      3  : 0.6910 0.3090
210      210   (0)      3  : 0.8896 0.1104
211      211   (0)      3  : 0.8350 0.1650
212      212   (0)      3  : 0.7986 0.2014
213      213   (0)      3  : 0.8990 0.1010
214      214   (0)      3  : 0.6720 0.3280
215      215   (0)      3  : 0.8660 0.1340
216      216   (0)      3  : 0.6706 0.3294
217      217   (0)      3  : 0.7038 0.2962
218      218   (0)      3  : 0.6710 0.3290
219      219   (0)      3  : 0.6360 0.3640
220      220   (0)      3  : 0.7822 0.2178
221      221   (0)      3  : 0.6836 0.3164
222      222   (0)      3  : 0.7492 0.2508
223      223   (0)      3  : 0.6742 0.3258
224      224   (0)      3  : 0.9640 0.0360
225      225   (0)      3  : 0.8890 0.1110
226      226   (0)      3  : 0.7218 0.2782
227      227   (0)      3  : 0.8874 0.1126
228      228   (0)      3  : 0.8474 0.1526
229      229   (0)      3  : 0.8352 0.1648
230      230   (0)      3  : 0.9520 0.0480
231      231   (0)      3  : 0.5270 0.4730
232      232   (0)      3  : 0.8670 0.1330
233      233   (0)      3  : 0.6758 0.3242
234      234   (0)      3  : 0.7926 0.2074
235      235   (0)      3  : 0.7924 0.2076
236      236   (0)      3  : 0.6450 0.3550
237      237   (0)      3  : 0.8690 0.1310
238      238   (0)      3  : 0.8756 0.1244
239      239   (0)      3  : 0.6694 0.3306
240      240   (0)      3  : 0.8100 0.1900
241      241   (0)      3  : 0.6370 0.3630
242      242   (0)      3  : 0.6450 0.3550
243      243   (0)      3  : 0.6272 0.3728
244      244   (0)      3  : 0.8340 0.1660
245      245   (0)      3  : 0.6630 0.3370
246      246   (0)      3  : 0.5670 0.4330
247      247   (0)      3  : 0.8580 0.1420
248      248   (0)      3  : 0.5932 0.4068
249      249   (0)      3  : 0.6228 0.3772
250      250   (0)      3  : 0.8010 0.1990
251      251   (0)      3  : 0.7562 0.2438
252      252   (0)      3  : 0.8212 0.1788
253      253   (0)      3  : 0.6692 0.3308
254      254   (0)      3  : 0.6200 0.3800
255      255   (0)      3  : 0.7640 0.2360
256      256   (0)      3  : 0.9232 0.0768
257      257   (0)      3  : 0.8538 0.1462
258      258   (0)      3  : 0.7650 0.2350
259      259   (0)      3  : 0.7602 0.2398
260      260   (0)      3  : 0.9050 0.0950
261      261   (0)      3  : 0.7474 0.2526
262      262   (0)      3  : 0.5814 0.4186
263      263   (0)      3  : 0.6860 0.3140
264      264   (0)      3  : 0.9240 0.0760
265      265   (0)      3  : 0.7560 0.2440
266      266   (0)      3  : 0.9228 0.0772
267      267   (0)      3  : 0.6142 0.3858
268      268   (0)      3  : 0.8840 0.1160
269      269   (0)      3  : 0.5960 0.4040
270      270   (0)      3  : 0.8520 0.1480
271      271   (0)      3  : 0.9610 0.0390
272      272   (0)      3  : 0.7810 0.2190
273      273   (0)      3  : 0.8868 0.1132
274      274   (0)      3  : 0.6980 0.3020
275      275   (0)      3  : 0.6600 0.3400
276      276   (0)      3  : 0.5420 0.4580
277      277   (0)      3  : 0.6772 0.3228
278      278   (0)      3  : 0.7042 0.2958
279      279   (0)      3  : 0.8272 0.1728
280      280   (0)      3  : 0.7838 0.2162
281      281   (0)      3  : 0.9306 0.0694
282      282   (0)      3  : 0.6040 0.3960
283      283   (0)      3  : 0.8338 0.1662
284      284   (0)      3  : 0.8880 0.1120
285      285   (0)      3  : 0.8434 0.1566
286      286   (0)      3  : 0.8464 0.1536
287      287   (0)      3  : 0.8946 0.1054
288      288   (0)      3  : 0.9550 0.0450
289      289   (0)      3  : 0.7280 0.2720
290      290   (0)      3  : 0.9240 0.0760
291      291   (0)      3  : 0.7894 0.2106
292      292   (0)      3  : 0.8520 0.1480
293      293   (0)      3  : 0.9800 0.0200
294      294   (0)      3  : 0.7360 0.2640
295      295   (0)      3  : 0.6750 0.3250
296      296   (0)      3  : 0.7550 0.2450
297      297   (0)      3  : 0.7552 0.2448
298      298   (0)      3  : 0.8040 0.1960
299      299   (0)      3  : 0.7204 0.2796
300      300   (0)      3  : 0.6834 0.3166
301      301   (5)      4  : 0.6540 0.3460
302      302   (0)      4  : 0.3670 0.6330
303      303   (0)      4  : 0.5018 0.4982
304      304   (5)      4  : 0.4948 0.5052
305      305   (5)      4  : 0.4190 0.5810
306      306   (0)      4  : 0.3242 0.6758
307      307   (0)      5  : 0.3958 0.6042
308      308   (0)      5  : 0.4838 0.5162
309      309   (0)      5  : 0.5700 0.4300
310      310   (0)      5  : 0.4620 0.5380
311      311   (0)      5  : 0.5650 0.4350
312      312   (0)      5  : 0.4730 0.5270
313      313   (0)      5  : 0.4480 0.5520
314      314   (0)      5  : 0.8070 0.1930
315      315   (0)      5  : 0.4394 0.5606
316      316   (0)      5  : 0.5480 0.4520
317      317   (0)      5  : 0.5878 0.4122
318      318   (0)      5  : 0.4920 0.5080
319      319   (0)      5  : 0.5574 0.4426
320      320   (0)      5  : 0.6690 0.3310
321      321   (0)      5  : 0.3380 0.6620
322      322   (0)      5  : 0.3408 0.6592
323      323   (0)      5  : 0.4310 0.5690
324      324   (0)      5  : 0.4684 0.5316
325      325   (0)      5  : 0.4830 0.5170
326      326   (0)      5  : 0.5032 0.4968
327      327   (0)      5  : 0.4348 0.5652
328      328   (0)      5  : 0.5986 0.4014
329      329   (0)      5  : 0.4450 0.5550
330      330   (0)      5  : 0.6740 0.3260
331      331   (0)      5  : 0.5246 0.4754
332      332   (0)      5  : 0.3908 0.6092
333      333   (0)      5  : 0.3030 0.6970
334      334   (0)      5  : 0.3608 0.6392
335      335   (0)      5  : 0.7438 0.2562
336      336   (0)      5  : 0.5090 0.4910
337      337   (0)      5  : 0.5650 0.4350
338      338   (0)      5  : 0.4240 0.5760
339      339   (0)      5  : 0.4572 0.5428
340      340   (0)      5  : 0.5614 0.4386
341      341   (0)      5  : 0.3250 0.6750
342      342   (0)      5  : 0.5470 0.4530
343      343   (0)      5  : 0.5350 0.4650
344      344   (0)      5  : 0.5232 0.4768
345      345   (0)      5  : 0.3900 0.6100
346      346   (0)      5  : 0.7008 0.2992
347      347   (0)      5  : 0.5330 0.4670
348      348   (0)      5  : 0.3492 0.6508
349      349   (0)      5  : 0.4564 0.5436
350      350   (0)      5  : 0.5798 0.4202
351      351   (0)      5  : 0.3160 0.6840
352      352   (0)      5  : 0.5420 0.4580
353      353   (0)      5  : 0.5958 0.4042
354      354   (0)      5  : 0.5770 0.4230
355      355   (0)      5  : 0.4110 0.5890
356      356   (0)      5  : 0.5290 0.4710
357      357   (0)      5  : 0.5790 0.4210
358      358   (0)      5  : 0.4940 0.5060
359      359   (0)      5  : 0.5442 0.4558
360      360   (0)      5  : 0.4820 0.5180
361      361   (0)      5  : 0.3828 0.6172
362      362   (0)      5  : 0.3940 0.6060
363      363   (0)      5  : 0.5056 0.4944
364      364   (0)      5  : 0.6960 0.3040
365      365   (0)      5  : 0.5350 0.4650
366      366   (0)      5  : 0.5840 0.4160
367      367   (0)      5  : 0.6080 0.3920
368      368   (0)      5  : 0.3510 0.6490
369      369   (0)      5  : 0.5266 0.4734
370      370   (0)      5  : 0.4100 0.5900
371      371   (0)      5  : 0.5970 0.4030
372      372   (0)      5  : 0.5784 0.4216
373      373   (0)      5  : 0.4990 0.5010
374      374   (0)      5  : 0.3798 0.6202
375      375   (0)      5  : 0.4310 0.5690
376      376   (0)      5  : 0.4110 0.5890
377      377   (0)      5  : 0.4542 0.5458
378      378   (0)      5  : 0.8388 0.1612
379      379   (0)      5  : 0.3638 0.6362
380      380   (0)      5  : 0.4822 0.5178
381      381   (0)      5  : 0.4530 0.5470
382      382   (0)      5  : 0.5480 0.4520
383      383   (0)      5  : 0.4360 0.5640
384      384   (0)      5  : 0.5128 0.4872
385      385   (0)      5  : 0.3710 0.6290
386      386   (0)      5  : 0.3520 0.6480
387      387   (0)      5  : 0.5150 0.4850
388      388   (0)      5  : 0.4060 0.5940
389      389   (0)      5  : 0.5038 0.4962
390      390   (0)      5  : 0.4380 0.5620
391      391   (0)      5  : 0.5422 0.4578
392      392   (0)      5  : 0.4860 0.5140
393      393   (0)      5  : 0.3710 0.6290
394      394   (0)      5  : 0.5958 0.4042
395      395   (0)      5  : 0.3890 0.6110
396      396   (0)      5  : 0.4982 0.5018
397      397   (0)      5  : 0.4180 0.5820
398      398   (0)      5  : 0.4490 0.5510
399      399   (0)      5  : 0.6306 0.3694
400      400   (0)      5  : 0.4560 0.5440
401      401   (0)      5  : 0.3990 0.6010
402      402   (0)      5  : 0.4696 0.5304
403      403   (0)      5  : 0.6820 0.3180
404      404   (0)      5  : 0.4826 0.5174
405      405   (0)      5  : 0.5392 0.4608
406      406   (0)      5  : 0.5448 0.4552
407      407   (0)      6  : 0.0850 0.9150
408      408   (0)      6  : 0.1478 0.8522
409      409   (0)      7  : 0.3360 0.6640
410      410   (0)      7  : 0.1536 0.8464
411      411   (0)      7  : 0.1588 0.8412
412      412   (0)      7  : 0.3096 0.6904
413      413   (0)      7  : 0.2326 0.7674
414      414   (0)      7  : 0.2114 0.7886
415      415   (0)      7  : 0.2050 0.7950
416      416   (0)      7  : 0.0660 0.9340
417      417   (0)      7  : 0.3078 0.6922
418      418   (0)      7  : 0.1630 0.8370
419      419   (0)      7  : 0.2830 0.7170
420      420   (0)      7  : 0.0466 0.9534
421      421   (0)      7  : 0.0690 0.9310
422      422   (0)      7  : 0.0280 0.9720
423      423   (0)      7  : 0.2010 0.7990
424      424   (0)      7  : 0.2680 0.7320
425      425   (0)      7  : 0.1720 0.8280
426      426   (0)      7  : 0.1088 0.8912
427      427   (0)      7  : 0.0440 0.9560
428      428   (0)      7  : 0.1362 0.8638
429      429   (0)      7  : 0.1184 0.8816
430      430   (0)      7  : 0.0860 0.9140
431      431   (0)      7  : 0.1644 0.8356
432      432   (0)      7  : 0.3212 0.6788
433      433   (0)      7  : 0.3810 0.6190
434      434   (0)      7  : 0.1152 0.8848
435      435   (0)      7  : 0.1008 0.8992
436      436   (0)      7  : 0.0644 0.9356
437      437   (0)      7  : 0.2060 0.7940
438      438   (0)      7  : 0.2840 0.7160
439      439   (0)      7  : 0.3186 0.6814
440      440   (0)      7  : 0.2274 0.7726
441      441   (0)      7  : 0.3090 0.6910
442      442   (0)      7  : 0.2180 0.7820
443      443   (0)      7  : 0.0908 0.9092
444      444   (0)      7  : 0.2670 0.7330
445      445   (0)      7  : 0.2940 0.7060
446      446   (0)      7  : 0.4410 0.5590
447      447   (0)      7  : 0.1302 0.8698
448      448   (0)      7  : 0.2350 0.7650
449      449   (0)      7  : 0.2714 0.7286
450      450   (0)      7  : 0.0470 0.9530
451      451   (0)      7  : 0.3250 0.6750
452      452   (0)      7  : 0.2290 0.7710
453      453   (0)      7  : 0.1928 0.8072
454      454   (0)      7  : 0.0844 0.9156
455      455   (0)      7  : 0.2940 0.7060
456      456   (0)      7  : 0.2118 0.7882
457      457   (0)      7  : 0.2700 0.7300
458      458   (0)      7  : 0.1982 0.8018
459      459   (0)      7  : 0.3518 0.6482
460      460   (0)      7  : 0.0330 0.9670
461      461   (0)      7  : 0.2160 0.7840
462      462   (0)      7  : 0.4150 0.5850
463      463   (0)      7  : 0.2238 0.7762
464      464   (0)      7  : 0.2204 0.7796
465      465   (0)      7  : 0.2762 0.7238
466      466   (0)      7  : 0.3218 0.6782
467      467   (0)      7  : 0.1270 0.8730
468      468   (0)      7  : 0.3322 0.6678
469      469   (0)      7  : 0.2672 0.7328
470      470   (0)      7  : 0.3644 0.6356
471      471   (0)      7  : 0.0680 0.9320
472      472   (0)      7  : 0.2120 0.7880
473      473   (0)      7  : 0.4480 0.5520
474      474   (0)      7  : 0.2454 0.7546
475      475   (0)      7  : 0.2520 0.7480
476      476   (0)      7  : 0.0764 0.9236
477      477   (0)      7  : 0.2326 0.7674
478      478   (0)      7  : 0.1938 0.8062
479      479   (0)      7  : 0.2606 0.7394
480      480   (0)      7  : 0.1434 0.8566
481      481   (0)      7  : 0.3340 0.6660
482      482   (0)      7  : 0.3606 0.6394
483      483   (0)      7  : 0.1402 0.8598
484      484   (0)      7  : 0.2790 0.7210
485      485   (0)      7  : 0.0310 0.9690
486      486   (0)      7  : 0.1850 0.8150
487      487   (0)      7  : 0.1280 0.8720
488      488   (0)      7  : 0.2298 0.7702
489      489   (0)      7  : 0.1712 0.8288
490      490   (0)      7  : 0.0664 0.9336
491      491   (0)      7  : 0.5430 0.4570
492      492   (0)      7  : 0.3956 0.6044
493      493   (0)      7  : 0.2790 0.7210
494      494   (0)      7  : 0.3380 0.6620
495      495   (0)      7  : 0.1314 0.8686
496      496   (0)      7  : 0.1596 0.8404
497      497   (0)      7  : 0.3900 0.6100
498      498   (0)      7  : 0.1098 0.8902
499      499   (0)      7  : 0.2664 0.7336
500      500   (0)      7  : 0.3400 0.6600
501      501   (0)      7  : 0.0830 0.9170
502      502   (0)      7  : 0.1376 0.8624
503      503   (0)      7  : 0.1910 0.8090
504      504   (0)      7  : 0.1928 0.8072
505      505   (0)      7  : 0.4330 0.5670
506      506   (0)      7  : 0.2970 0.7030
507      507   (0)      7  : 0.2100 0.7900
508      508   (0)      7  : 0.2250 0.7750
509      509  (10)      8  : 0.0240 0.9760
510      510   (5)      8  : 0.0380 0.9620
511      511   (5)      8  : 0.1140 0.8860
512      512   (5)      8  : 0.0220 0.9780
513      513  (10)      8  : 0.0324 0.9676
514      514   (5)      8  : 0.1304 0.8696
515      515  (10)      8  : 0.0310 0.9690
516      516   (0)      8  : 0.1102 0.8898
517      517   (0)      8  : 0.0414 0.9586
518      518   (0)      8  : 0.0210 0.9790
519      519   (0)      8  : 0.0532 0.9468
520      520   (0)      8  : 0.1490 0.8510
521      521   (0)      8  : 0.0310 0.9690
522      522   (0)      8  : 0.0328 0.9672
523      523   (0)      8  : 0.0390 0.9610
524      524   (0)      8  : 0.0378 0.9622
525      525   (0)      8  : 0.0370 0.9630
526      526   (0)      8  : 0.1070 0.8930
527      527   (0)      8  : 0.0480 0.9520
528      528   (5)      8  : 0.0840 0.9160
529      529   (0)      8  : 0.0360 0.9640
530      530   (0)      8  : 0.1022 0.8978
531      531   (5)      8  : 0.0440 0.9560
532      532   (5)      8  : 0.0604 0.9396
533      533   (0)      8  : 0.2076 0.7924
534      534   (0)      8  : 0.0822 0.9178
535      535   (0)      8  : 0.1070 0.8930
536      536   (0)      8  : 0.0264 0.9736
537      537   (0)      8  : 0.0180 0.9820
538      538   (0)      8  : 0.0222 0.9778
539      539   (0)      8  : 0.0160 0.9840
540      540   (0)      8  : 0.0438 0.9562
541      541   (0)      8  : 0.1096 0.8904
542      542   (0)      8  : 0.0730 0.9270
543      543   (0)      8  : 0.0750 0.9250
544      544   (0)      8  : 0.0588 0.9412
545      545   (0)      8  : 0.1754 0.8246
546      546   (0)      8  : 0.0460 0.9540
547      547   (0)      8  : 0.1134 0.8866
548      548   (0)      8  : 0.1290 0.8710
549      549   (0)      8  : 0.0350 0.9650
550      550   (0)      8  : 0.0330 0.9670
551      551   (0)      9  : 0.0310 0.9690
552      552   (0)      9  : 0.1512 0.8488
553      553   (0)      9  : 0.0260 0.9740
554      554   (0)      9  : 0.1158 0.8842
555      555   (0)      9  : 0.0680 0.9320
556      556   (0)      9  : 0.0270 0.9730
557      557   (0)      9  : 0.2064 0.7936
558      558   (0)      9  : 0.1140 0.8860
559      559   (0)      9  : 0.0520 0.9480
560      560   (0)      9  : 0.0732 0.9268
561      561   (0)      9  : 0.0496 0.9504
562      562   (0)      9  : 0.0530 0.9470
563      563   (0)      9  : 0.0538 0.9462
564      564   (0)      9  : 0.0932 0.9068
565      565   (0)      9  : 0.1270 0.8730
566      566   (0)      9  : 0.0286 0.9714
567      567   (0)      9  : 0.0520 0.9480
568      568   (0)      9  : 0.1560 0.8440
569      569   (0)      9  : 0.0590 0.9410
570      570   (0)      9  : 0.0410 0.9590
571      571   (0)      9  : 0.2120 0.7880
572      572   (0)      9  : 0.0820 0.9180
573      573   (0)      9  : 0.0400 0.9600
574      574   (0)      9  : 0.0310 0.9690
575      575   (0)      9  : 0.0550 0.9450
576      576   (0)      9  : 0.0290 0.9710
577      577   (0)      9  : 0.0520 0.9480
578      578   (0)      9  : 0.1846 0.8154
579      579   (0)      9  : 0.2788 0.7212
580      580   (0)      9  : 0.0940 0.9060
581      581   (0)      9  : 0.0660 0.9340
582      582   (0)      9  : 0.0930 0.9070
583      583   (0)      9  : 0.1810 0.8190
584      584   (0)      9  : 0.0680 0.9320
585      585   (0)      9  : 0.0830 0.9170
586      586   (0)      9  : 0.0560 0.9440
587      587   (0)      9  : 0.0770 0.9230
588      588   (0)      9  : 0.2578 0.7422
589      589   (0)      9  : 0.0480 0.9520
590      590   (0)      9  : 0.0360 0.9640
591      591   (0)      9  : 0.1746 0.8254
592      592   (0)      9  : 0.0810 0.9190
593      593   (0)      9  : 0.0520 0.9480
594      594   (0)      9  : 0.1812 0.8188
595      595   (0)      9  : 0.0590 0.9410
596      596   (0)      9  : 0.1810 0.8190
597      597   (0)      9  : 0.0230 0.9770
598      598   (0)      9  : 0.1048 0.8952
599      599   (0)      9  : 0.1380 0.8620
600      600   (0)      9  : 0.0810 0.9190
601      601   (0)      9  : 0.0992 0.9008
602      602   (0)      9  : 0.0540 0.9460
603      603   (0)      9  : 0.0570 0.9430
604      604   (0)      9  : 0.1980 0.8020
605      605   (0)      9  : 0.0640 0.9360
606      606   (0)      9  : 0.0410 0.9590
607      607   (0)      9  : 0.0880 0.9120
608      608   (0)      9  : 0.1332 0.8668
609      609   (0)      9  : 0.0640 0.9360
610      610   (0)      9  : 0.1502 0.8498
611      611   (0)      9  : 0.0330 0.9670
612      612   (0)      9  : 0.1864 0.8136
613      613   (0)      9  : 0.0460 0.9540
614      614   (0)      9  : 0.1410 0.8590
615      615   (0)      9  : 0.0220 0.9780
616      616   (0)      9  : 0.0190 0.9810
617      617   (0)      9  : 0.1830 0.8170
618      618   (0)      9  : 0.0700 0.9300
619      619   (0)      9  : 0.1100 0.8900
620      620   (0)      9  : 0.0800 0.9200
621      621   (0)      9  : 0.1304 0.8696
622      622   (0)      9  : 0.2602 0.7398
623      623   (0)      9  : 0.0330 0.9670
624      624   (0)      9  : 0.0622 0.9378
625      625   (0)      9  : 0.0618 0.9382
626      626   (0)      9  : 0.0620 0.9380
627      627   (0)      9  : 0.0456 0.9544
628      628   (0)      9  : 0.1090 0.8910
629      629   (0)      9  : 0.0720 0.9280
630      630   (0)      9  : 0.0260 0.9740
631      631   (0)      9  : 0.0190 0.9810
632      632   (0)      9  : 0.2552 0.7448
633      633   (0)      9  : 0.0210 0.9790
634      634   (0)      9  : 0.1562 0.8438
635      635   (0)      9  : 0.1722 0.8278
636      636   (0)      9  : 0.0622 0.9378
637      637   (0)      9  : 0.0636 0.9364
638      638   (0)      9  : 0.0380 0.9620
639      639   (0)      9  : 0.0360 0.9640
640      640   (0)      9  : 0.0420 0.9580
641      641   (0)      9  : 0.1100 0.8900
642      642   (0)      9  : 0.0450 0.9550
643      643   (0)      9  : 0.0280 0.9720
644      644   (0)      9  : 0.1794 0.8206
645      645   (0)      9  : 0.0460 0.9540
646      646   (0)      9  : 0.0514 0.9486
647      647   (0)      9  : 0.0580 0.9420
648      648   (0)      9  : 0.0280 0.9720
649      649   (0)      9  : 0.0360 0.9640
650      650   (0)      9  : 0.1430 0.8570
651      651  (10)     10  : 0.0652 0.9348
652      652   (0)     10  : 0.0180 0.9820
653      653   (5)     10  : 0.0180 0.9820
654      654   (0)     10  : 0.0170 0.9830
655      655   (0)     10  : 0.0190 0.9810
656      656  (10)     10  : 0.0160 0.9840
657      657   (5)     10  : 0.0170 0.9830
658      658   (0)     10  : 0.0240 0.9760
659      659   (0)     10  : 0.1232 0.8768
660      660   (5)     10  : 0.0260 0.9740
661      661   (0)     10  : 0.0190 0.9810
662      662   (5)     10  : 0.0210 0.9790
663      663   (5)     10  : 0.0228 0.9772
664      664   (5)     10  : 0.3738 0.6262
665      665   (0)     10  : 0.0320 0.9680
666      666   (0)     10  : 0.0410 0.9590
667      667   (5)     10  : 0.0220 0.9780
668      668   (0)     10  : 0.0190 0.9810
669      669  (10)     10  : 0.3324 0.6676
670      670   (0)     10  : 0.0360 0.9640
671      671   (0)     10  : 0.0520 0.9480
672      672   (0)     10  : 0.0280 0.9720
673      673   (0)     10  : 0.0170 0.9830
674      674   (0)     10  : 0.0316 0.9684
675      675   (0)     10  : 0.0150 0.9850
676      676   (0)     10  : 0.0320 0.9680
677      677   (0)     10  : 0.0180 0.9820
678      678   (0)     10  : 0.0200 0.9800
679      679   (0)     10  : 0.1764 0.8236
680      680   (5)     10  : 0.0240 0.9760
681      681   (0)     10  : 0.0220 0.9780
682      682   (0)     10  : 0.0220 0.9780
683      683   (5)     10  : 0.0190 0.9810
684      684   (0)     10  : 0.0230 0.9770
685      685   (5)     10  : 0.0210 0.9790
686      686   (0)     10  : 0.0170 0.9830
687      687  (15)     10  : 0.0580 0.9420
688      688   (0)     10  : 0.0190 0.9810
689      689   (0)     10  : 0.0200 0.9800
690      690   (0)     10  : 0.0180 0.9820
691      691   (0)     10  : 0.0354 0.9646
692      692   (0)     10  : 0.0160 0.9840
693      693  (10)     10  : 0.0210 0.9790
694      694   (0)     10  : 0.0496 0.9504
695      695   (0)     10  : 0.0330 0.9670
696      696   (0)     10  : 0.0160 0.9840
697      697   (5)     10  : 0.0290 0.9710
698      698   (5)     10  : 0.0260 0.9740
699      699   (0)     10  : 0.0260 0.9740
700      700   (0)     10  : 0.0338 0.9662
701      701   (0)     10  : 0.0480 0.9520
702      702   (0)     10  : 0.0380 0.9620
703      703   (5)     10  : 0.0260 0.9740
704      704   (5)     10  : 0.1248 0.8752
705      705   (0)     10  : 0.0160 0.9840
706      706   (0)     10  : 0.0180 0.9820
707      707   (0)     10  : 0.0190 0.9810
708      708   (0)     10  : 0.0400 0.9600
709      709   (0)     10  : 0.0240 0.9760
710      710   (0)     10  : 0.0210 0.9790
711      711  (10)     10  : 0.0340 0.9660
712      712   (5)     10  : 0.0470 0.9530
713      713   (0)     10  : 0.0480 0.9520
714      714   (0)     10  : 0.0310 0.9690
715      715   (5)     10  : 0.0300 0.9700
716      716   (0)     10  : 0.0140 0.9860
717      717  (10)     10  : 0.0214 0.9786
718      718  (10)     10  : 0.0230 0.9770
719      719   (0)     10  : 0.0180 0.9820
720      720   (0)     10  : 0.0170 0.9830
721      721   (0)     10  : 0.0220 0.9780
722      722  (10)     10  : 0.1414 0.8586
723      723   (0)     10  : 0.0250 0.9750
724      724   (5)     10  : 0.0140 0.9860
725      725   (0)     10  : 0.0150 0.9850
726      726   (0)     10  : 0.0438 0.9562
727      727   (0)     10  : 0.0200 0.9800
728      728   (0)     10  : 0.0428 0.9572
729      729   (0)     10  : 0.0180 0.9820
730      730   (5)     10  : 0.0510 0.9490
731      731   (0)     10  : 0.0290 0.9710
732      732   (0)     10  : 0.0978 0.9022
733      733   (5)     10  : 0.0210 0.9790
734      734   (0)     10  : 0.0210 0.9790
735      735  (10)     10  : 0.0270 0.9730
736      736   (0)     10  : 0.0200 0.9800
737      737   (0)     10  : 0.0380 0.9620
738      738   (0)     10  : 0.0480 0.9520
739      739   (0)     10  : 0.0188 0.9812
740      740   (0)     10  : 0.0180 0.9820
741      741   (5)     10  : 0.1264 0.8736
742      742   (5)     10  : 0.1050 0.8950
743      743   (0)     10  : 0.0174 0.9826
744      744   (0)     10  : 0.0190 0.9810
745      745   (0)     10  : 0.0186 0.9814
746      746   (0)     10  : 0.0212 0.9788
747      747  (10)     10  : 0.0240 0.9760
748      748   (0)     10  : 0.0170 0.9830
749      749  (10)     10  : 0.0380 0.9620
750      750   (0)     10  : 0.0360 0.9640
