1        1   (5)      1  : 0.9904 0.0096
2        2   (5)      1  : 0.9760 0.0240
3        3   (5)      1  : 0.9930 0.0070
4        4   (0)      1  : 0.9890 0.0110
5        5   (0)      1  : 0.9740 0.0260
6        6   (0)      1  : 0.9910 0.0090
7        7   (0)      1  : 0.9772 0.0228
8        8   (5)      1  : 0.9900 0.0100
9        9   (0)      1  : 0.9920 0.0080
10       10   (0)      1  : 0.9800 0.0200
11       11   (0)      1  : 0.9890 0.0110
12       12   (0)      1  : 0.9820 0.0180
13       13   (0)      1  : 0.9830 0.0170
14       14   (0)      1  : 0.9900 0.0100
15       15   (0)      1  : 0.9920 0.0080
16       16   (0)      1  : 0.9930 0.0070
17       17   (0)      1  : 0.9930 0.0070
18       18   (0)      1  : 0.9850 0.0150
19       19   (0)      1  : 0.9434 0.0566
20       20   (0)      1  : 0.9800 0.0200
21       21   (0)      1  : 0.9890 0.0110
22       22   (0)      1  : 0.9940 0.0060
23       23   (0)      1  : 0.9890 0.0110
24       24   (0)      1  : 0.9810 0.0190
25       25   (0)      1  : 0.9750 0.0250
26       26   (0)      1  : 0.9820 0.0180
27       27   (5)      1  : 0.9870 0.0130
28       28   (0)      1  : 0.9940 0.0060
29       29   (0)      1  : 0.9910 0.0090
30       30   (0)      1  : 0.9848 0.0152
31       31   (0)      1  : 0.9930 0.0070
32       32   (0)      1  : 0.9720 0.0280
33       33   (0)      1  : 0.9920 0.0080
34       34   (0)      1  : 0.9930 0.0070
35       35   (0)      1  : 0.9830 0.0170
36       36   (0)      1  : 0.9870 0.0130
37       37   (0)      1  : 0.9850 0.0150
38       38   (0)      1  : 0.9790 0.0210
39       39   (0)      1  : 0.9660 0.0340
40       40   (0)      1  : 0.9870 0.0130
41       41   (0)      1  : 0.9910 0.0090
42       42   (0)      1  : 0.9940 0.0060
43       43   (0)      1  : 0.9920 0.0080
44       44   (0)      1  : 0.9940 0.0060
45       45   (5)      1  : 0.9802 0.0198
46       46   (0)      1  : 0.9950 0.0050
47       47   (0)      1  : 0.9940 0.0060
48       48   (0)      1  : 0.9900 0.0100
49       49   (0)      1  : 0.9790 0.0210
50       50   (0)      1  : 0.9910 0.0090
51       51   (0)      1  : 0.9810 0.0190
52       52   (0)      1  : 0.9220 0.0780
53       53   (0)      1  : 0.9900 0.0100
54       54   (0)      1  : 0.9940 0.0060
55       55   (0)      1  : 0.9920 0.0080
56       56   (0)      1  : 0.9920 0.0080
57       57  (10)      1  : 0.9864 0.0136
58       58   (5)      1  : 0.9890 0.0110
59       59   (0)      1  : 0.9870 0.0130
60       60   (0)      1  : 0.9930 0.0070
61       61   (0)      1  : 0.9890 0.0110
62       62   (0)      1  : 0.9912 0.0088
63       63   (0)      1  : 0.9900 0.0100
64       64   (0)      1  : 0.9926 0.0074
65       65   (0)      1  : 0.9580 0.0420
66       66   (0)      1  : 0.9910 0.0090
67       67   (5)      1  : 0.9728 0.0272
68       68   (0)      1  : 0.9900 0.0100
69       69   (0)      1  : 0.9940 0.0060
70       70   (0)      1  : 0.9900 0.0100
71       71   (5)      1  : 0.9870 0.0130
72       72   (0)      1  : 0.9790 0.0210
73       73   (5)      1  : 0.9930 0.0070
74       74  (10)      1  : 0.9854 0.0146
75       75  (10)      1  : 0.9630 0.0370
76       76   (0)      1  : 0.9900 0.0100
77       77  (10)      1  : 0.9880 0.0120
78       78   (0)      1  : 0.9830 0.0170
79       79   (5)      1  : 0.9920 0.0080
80       80   (0)      1  : 0.9920 0.0080
81       81   (0)      1  : 0.9910 0.0090
82       82   (0)      1  : 0.9920 0.0080
83       83   (0)      1  : 0.9900 0.0100
84       84   (0)      1  : 0.9720 0.0280
85       85   (0)      1  : 0.9930 0.0070
86       86   (5)      1  : 0.9890 0.0110
87       87   (0)      1  : 0.9910 0.0090
88       88   (0)      1  : 0.9348 0.0652
89       89   (0)      1  : 0.9620 0.0380
90       90   (0)      1  : 0.9910 0.0090
91       91   (0)      1  : 0.9890 0.0110
92       92   (0)      1  : 0.9910 0.0090
93       93   (0)      1  : 0.9920 0.0080
94       94   (5)      1  : 0.9750 0.0250
95       95   (0)      1  : 0.9882 0.0118
96       96   (5)      1  : 0.9910 0.0090
97       97   (0)      1  : 0.9940 0.0060
98       98   (0)      1  : 0.9860 0.0140
99       99   (5)      1  : 0.9880 0.0120
100      100   (5)      1  : 0.9930 0.0070
101      101   (0)      2  : 0.9930 0.0070
102      102   (0)      2  : 0.9830 0.0170
103      103   (0)      2  : 0.9860 0.0140
104      104   (0)      2  : 0.9820 0.0180
105      105   (0)      2  : 0.9730 0.0270
106      106   (0)      2  : 0.9870 0.0130
107      107   (0)      2  : 0.9562 0.0438
108      108   (0)      2  : 0.9880 0.0120
109      109   (0)      2  : 0.9900 0.0100
110      110   (0)      2  : 0.9900 0.0100
111      111   (0)      2  : 0.9790 0.0210
112      112   (0)      2  : 0.9940 0.0060
113      113   (0)      2  : 0.9930 0.0070
114      114   (0)      2  : 0.9800 0.0200
115      115   (0)      2  : 0.9910 0.0090
116      116   (0)      2  : 0.9820 0.0180
117      117   (0)      2  : 0.9920 0.0080
118      118   (0)      2  : 0.9870 0.0130
119      119   (0)      2  : 0.9928 0.0072
120      120   (0)      2  : 0.9800 0.0200
121      121   (0)      2  : 0.9910 0.0090
122      122   (0)      2  : 0.9920 0.0080
123      123   (0)      2  : 0.9900 0.0100
124      124   (0)      2  : 0.9860 0.0140
125      125   (0)      2  : 0.9940 0.0060
126      126   (0)      2  : 0.9870 0.0130
127      127   (0)      2  : 0.9870 0.0130
128      128   (0)      2  : 0.9850 0.0150
129      129   (0)      2  : 0.9850 0.0150
130      130   (0)      2  : 0.9910 0.0090
131      131   (0)      2  : 0.9726 0.0274
132      132   (0)      2  : 0.9900 0.0100
133      133   (0)      2  : 0.9590 0.0410
134      134   (0)      2  : 0.9930 0.0070
135      135   (0)      2  : 0.9920 0.0080
136      136   (0)      2  : 0.9884 0.0116
137      137   (0)      2  : 0.9830 0.0170
138      138   (0)      2  : 0.9920 0.0080
139      139   (0)      2  : 0.9930 0.0070
140      140   (0)      2  : 0.9840 0.0160
141      141   (0)      2  : 0.9940 0.0060
142      142   (0)      2  : 0.9910 0.0090
143      143   (0)      2  : 0.9890 0.0110
144      144   (0)      2  : 0.9900 0.0100
145      145   (0)      2  : 0.9840 0.0160
146      146   (0)      2  : 0.9870 0.0130
147      147   (0)      2  : 0.9930 0.0070
148      148   (0)      2  : 0.9690 0.0310
149      149   (0)      2  : 0.9650 0.0350
150      150   (0)      2  : 0.9842 0.0158
151      151   (0)      2  : 0.9940 0.0060
152      152   (0)      2  : 0.9920 0.0080
153      153   (0)      2  : 0.9790 0.0210
154      154   (0)      2  : 0.9950 0.0050
155      155   (0)      2  : 0.9910 0.0090
156      156   (0)      2  : 0.9880 0.0120
157      157   (0)      2  : 0.9876 0.0124
158      158   (0)      2  : 0.9860 0.0140
159      159   (0)      2  : 0.9610 0.0390
160      160   (0)      2  : 0.9920 0.0080
161      161   (0)      2  : 0.9402 0.0598
162      162   (0)      2  : 0.9810 0.0190
163      163   (0)      2  : 0.9840 0.0160
164      164   (0)      2  : 0.9930 0.0070
165      165   (0)      2  : 0.9910 0.0090
166      166   (0)      2  : 0.9880 0.0120
167      167   (0)      2  : 0.9880 0.0120
168      168   (0)      2  : 0.9860 0.0140
169      169   (0)      2  : 0.9910 0.0090
170      170   (0)      2  : 0.9900 0.0100
171      171   (0)      2  : 0.9930 0.0070
172      172   (0)      2  : 0.9850 0.0150
173      173   (0)      2  : 0.9870 0.0130
174      174   (0)      2  : 0.9880 0.0120
175      175   (0)      2  : 0.9890 0.0110
176      176   (0)      2  : 0.9910 0.0090
177      177   (0)      2  : 0.9910 0.0090
178      178   (0)      2  : 0.9890 0.0110
179      179   (0)      2  : 0.9880 0.0120
180      180   (0)      2  : 0.9850 0.0150
181      181   (0)      2  : 0.9900 0.0100
182      182   (0)      2  : 0.9930 0.0070
183      183   (0)      2  : 0.9800 0.0200
184      184   (0)      2  : 0.9800 0.0200
185      185   (0)      2  : 0.9830 0.0170
186      186   (0)      2  : 0.9910 0.0090
187      187   (0)      2  : 0.9930 0.0070
188      188   (0)      2  : 0.9920 0.0080
189      189   (0)      2  : 0.9920 0.0080
190      190   (0)      2  : 0.9910 0.0090
191      191   (0)      2  : 0.9920 0.0080
192      192   (0)      2  : 0.9830 0.0170
193      193   (0)      2  : 0.9930 0.0070
194      194   (0)      2  : 0.9880 0.0120
195      195   (0)      2  : 0.9930 0.0070
196      196   (0)      2  : 0.9770 0.0230
197      197   (0)      2  : 0.9786 0.0214
198      198   (0)      2  : 0.9940 0.0060
199      199   (0)      2  : 0.9910 0.0090
200      200   (0)      2  : 0.9920 0.0080
201      201   (0)      2  : 0.9930 0.0070
202      202   (0)      2  : 0.9770 0.0230
203      203   (0)      2  : 0.9850 0.0150
204      204   (0)      2  : 0.9850 0.0150
205      205   (0)      2  : 0.9930 0.0070
206      206   (0)      2  : 0.9788 0.0212
207      207   (0)      2  : 0.9700 0.0300
208      208   (0)      2  : 0.9910 0.0090
209      209   (0)      2  : 0.9790 0.0210
210      210   (0)      2  : 0.9934 0.0066
211      211   (0)      2  : 0.9910 0.0090
212      212   (0)      2  : 0.9940 0.0060
213      213   (0)      2  : 0.9910 0.0090
214      214   (0)      2  : 0.9930 0.0070
215      215   (0)      2  : 0.9910 0.0090
216      216   (0)      2  : 0.9910 0.0090
217      217   (0)      2  : 0.9900 0.0100
218      218   (0)      2  : 0.9760 0.0240
219      219   (0)      2  : 0.9900 0.0100
220      220   (0)      2  : 0.9890 0.0110
221      221   (0)      2  : 0.9940 0.0060
222      222   (0)      2  : 0.9832 0.0168
223      223   (0)      2  : 0.9530 0.0470
224      224   (0)      2  : 0.9890 0.0110
225      225   (0)      2  : 0.9900 0.0100
226      226   (0)      2  : 0.9790 0.0210
227      227   (0)      2  : 0.9600 0.0400
228      228   (0)      2  : 0.9940 0.0060
229      229   (0)      2  : 0.9814 0.0186
230      230   (0)      2  : 0.9898 0.0102
231      231   (0)      2  : 0.9910 0.0090
232      232   (0)      2  : 0.9880 0.0120
233      233   (0)      2  : 0.9730 0.0270
234      234   (0)      2  : 0.9830 0.0170
235      235   (0)      2  : 0.9800 0.0200
236      236   (0)      2  : 0.9920 0.0080
237      237   (0)      2  : 0.9820 0.0180
238      238   (0)      2  : 0.9880 0.0120
239      239   (0)      2  : 0.9920 0.0080
240      240   (0)      2  : 0.9780 0.0220
241      241   (0)      2  : 0.9920 0.0080
242      242   (0)      2  : 0.9940 0.0060
243      243   (0)      2  : 0.9894 0.0106
244      244   (0)      2  : 0.9580 0.0420
245      245   (0)      2  : 0.9550 0.0450
246      246   (0)      2  : 0.9950 0.0050
247      247   (0)      2  : 0.9790 0.0210
248      248   (0)      2  : 0.9870 0.0130
249      249   (0)      2  : 0.9490 0.0510
250      250   (0)      2  : 0.9800 0.0200
251      251   (0)      2  : 0.9950 0.0050
252      252   (0)      2  : 0.9800 0.0200
253      253   (0)      2  : 0.9900 0.0100
254      254   (0)      2  : 0.9930 0.0070
255      255   (0)      2  : 0.9722 0.0278
256      256   (0)      2  : 0.9910 0.0090
257      257   (0)      2  : 0.9780 0.0220
258      258   (0)      2  : 0.9940 0.0060
259      259   (0)      2  : 0.9930 0.0070
260      260   (0)      2  : 0.9930 0.0070
261      261   (0)      2  : 0.9840 0.0160
262      262   (0)      2  : 0.9820 0.0180
263      263   (0)      2  : 0.9930 0.0070
264      264   (0)      2  : 0.9940 0.0060
265      265   (0)      2  : 0.9900 0.0100
266      266   (0)      2  : 0.9930 0.0070
267      267   (0)      2  : 0.9930 0.0070
268      268   (0)      2  : 0.9830 0.0170
269      269   (0)      2  : 0.9920 0.0080
270      270   (0)      2  : 0.9820 0.0180
271      271   (0)      2  : 0.9940 0.0060
272      272   (0)      2  : 0.9870 0.0130
273      273   (0)      2  : 0.9880 0.0120
274      274   (0)      2  : 0.9940 0.0060
275      275   (0)      2  : 0.9750 0.0250
276      276   (0)      2  : 0.9910 0.0090
277      277   (0)      2  : 0.9910 0.0090
278      278   (0)      2  : 0.9818 0.0182
279      279   (0)      2  : 0.9860 0.0140
280      280   (0)      2  : 0.9850 0.0150
281      281   (0)      2  : 0.9770 0.0230
282      282   (0)      2  : 0.9930 0.0070
283      283   (0)      2  : 0.9920 0.0080
284      284   (0)      2  : 0.9910 0.0090
285      285   (0)      2  : 0.9920 0.0080
286      286   (0)      2  : 0.9950 0.0050
287      287   (0)      2  : 0.9830 0.0170
288      288   (0)      2  : 0.9900 0.0100
289      289   (0)      2  : 0.9910 0.0090
290      290   (0)      2  : 0.9930 0.0070
291      291   (0)      2  : 0.9950 0.0050
292      292   (0)      2  : 0.9880 0.0120
293      293   (0)      2  : 0.9900 0.0100
294      294   (0)      2  : 0.9892 0.0108
295      295   (0)      2  : 0.9920 0.0080
296      296   (0)      2  : 0.9900 0.0100
297      297   (0)      2  : 0.9890 0.0110
298      298   (0)      2  : 0.9930 0.0070
299      299   (0)      2  : 0.9840 0.0160
300      300   (0)      2  : 0.9780 0.0220
301      301   (0)      2  : 0.9850 0.0150
302      302   (0)      2  : 0.9880 0.0120
303      303   (0)      2  : 0.9910 0.0090
304      304   (0)      2  : 0.9910 0.0090
305      305   (0)      2  : 0.9930 0.0070
306      306   (0)      2  : 0.9820 0.0180
307      307   (0)      2  : 0.9930 0.0070
308      308   (0)      2  : 0.9900 0.0100
309      309   (0)      2  : 0.9740 0.0260
310      310   (0)      2  : 0.9870 0.0130
311      311   (0)      2  : 0.9940 0.0060
312      312   (0)      2  : 0.9860 0.0140
313      313   (0)      2  : 0.9910 0.0090
314      314   (0)      2  : 0.9696 0.0304
315      315   (0)      2  : 0.9584 0.0416
316      316   (0)      2  : 0.9930 0.0070
317      317   (0)      2  : 0.9910 0.0090
318      318   (0)      2  : 0.9880 0.0120
319      319   (0)      2  : 0.9780 0.0220
320      320   (0)      2  : 0.9740 0.0260
321      321   (0)      2  : 0.9690 0.0310
322      322   (0)      2  : 0.9890 0.0110
323      323   (0)      2  : 0.9910 0.0090
324      324   (0)      2  : 0.9802 0.0198
325      325   (0)      2  : 0.9924 0.0076
326      326   (0)      2  : 0.9472 0.0528
327      327   (0)      2  : 0.9740 0.0260
328      328   (0)      2  : 0.9870 0.0130
329      329   (0)      2  : 0.9566 0.0434
330      330   (0)      2  : 0.9940 0.0060
331      331   (0)      2  : 0.9910 0.0090
332      332   (0)      2  : 0.9900 0.0100
333      333   (0)      2  : 0.9700 0.0300
334      334   (0)      2  : 0.9910 0.0090
335      335   (0)      2  : 0.9920 0.0080
336      336   (0)      2  : 0.9930 0.0070
337      337   (0)      2  : 0.9920 0.0080
338      338   (0)      2  : 0.9920 0.0080
339      339   (0)      2  : 0.9850 0.0150
340      340   (0)      2  : 0.9900 0.0100
341      341   (0)      2  : 0.9920 0.0080
342      342   (0)      2  : 0.9750 0.0250
343      343   (0)      2  : 0.9930 0.0070
344      344   (0)      2  : 0.9828 0.0172
345      345   (0)      2  : 0.9860 0.0140
346      346   (0)      2  : 0.9890 0.0110
347      347   (0)      2  : 0.9910 0.0090
348      348   (0)      2  : 0.9940 0.0060
349      349   (0)      2  : 0.9898 0.0102
350      350   (0)      2  : 0.9930 0.0070
351      351   (0)      2  : 0.9870 0.0130
352      352   (0)      2  : 0.9910 0.0090
353      353   (0)      2  : 0.9940 0.0060
354      354   (0)      2  : 0.9910 0.0090
355      355   (0)      2  : 0.9910 0.0090
356      356   (0)      2  : 0.9930 0.0070
357      357   (0)      2  : 0.9910 0.0090
358      358   (0)      2  : 0.9810 0.0190
359      359   (0)      2  : 0.9870 0.0130
360      360   (0)      2  : 0.9696 0.0304
361      361   (0)      2  : 0.9830 0.0170
362      362   (0)      2  : 0.9920 0.0080
363      363   (0)      2  : 0.9890 0.0110
364      364   (0)      2  : 0.9910 0.0090
365      365   (0)      2  : 0.9920 0.0080
366      366   (0)      2  : 0.9920 0.0080
367      367   (0)      2  : 0.9910 0.0090
368      368   (0)      2  : 0.9910 0.0090
369      369   (0)      2  : 0.9940 0.0060
370      370   (0)      2  : 0.9940 0.0060
371      371   (0)      2  : 0.9930 0.0070
372      372   (0)      2  : 0.9900 0.0100
373      373   (0)      2  : 0.9690 0.0310
374      374   (0)      2  : 0.9910 0.0090
375      375   (0)      2  : 0.9920 0.0080
376      376   (0)      2  : 0.9900 0.0100
377      377   (0)      2  : 0.9930 0.0070
378      378   (0)      2  : 0.9780 0.0220
379      379   (0)      2  : 0.9854 0.0146
380      380   (0)      2  : 0.9820 0.0180
381      381   (0)      2  : 0.9890 0.0110
382      382   (0)      2  : 0.9860 0.0140
383      383   (0)      2  : 0.9910 0.0090
384      384   (0)      2  : 0.9850 0.0150
385      385   (0)      2  : 0.9930 0.0070
386      386   (0)      2  : 0.9880 0.0120
387      387   (0)      2  : 0.9880 0.0120
388      388   (0)      2  : 0.9900 0.0100
389      389   (0)      2  : 0.9880 0.0120
390      390   (0)      2  : 0.9930 0.0070
391      391   (0)      2  : 0.9850 0.0150
392      392   (0)      2  : 0.9840 0.0160
393      393   (0)      2  : 0.9890 0.0110
394      394   (0)      2  : 0.9760 0.0240
395      395   (0)      2  : 0.9940 0.0060
396      396   (0)      2  : 0.9930 0.0070
397      397   (0)      2  : 0.9900 0.0100
398      398   (0)      2  : 0.9770 0.0230
399      399   (0)      2  : 0.9836 0.0164
400      400   (0)      2  : 0.9780 0.0220
401      401   (0)      2  : 0.9940 0.0060
402      402   (0)      2  : 0.9650 0.0350
403      403   (0)      2  : 0.9900 0.0100
404      404   (0)      2  : 0.9750 0.0250
405      405   (0)      2  : 0.9920 0.0080
406      406   (0)      2  : 0.9194 0.0806
407      407   (0)      2  : 0.9640 0.0360
408      408   (0)      2  : 0.9870 0.0130
409      409   (0)      2  : 0.9900 0.0100
410      410   (0)      2  : 0.9570 0.0430
411      411   (0)      2  : 0.9900 0.0100
412      412   (0)      2  : 0.9910 0.0090
413      413   (0)      2  : 0.9850 0.0150
414      414   (0)      2  : 0.9088 0.0912
415      415   (0)      2  : 0.9920 0.0080
416      416   (0)      2  : 0.9910 0.0090
417      417   (0)      2  : 0.9930 0.0070
418      418   (0)      2  : 0.9940 0.0060
419      419   (0)      2  : 0.9920 0.0080
420      420   (0)      2  : 0.9940 0.0060
421      421   (0)      2  : 0.9860 0.0140
422      422   (0)      2  : 0.9900 0.0100
423      423   (0)      2  : 0.9760 0.0240
424      424   (0)      2  : 0.9860 0.0140
425      425   (0)      2  : 0.9940 0.0060
426      426   (0)      2  : 0.9950 0.0050
427      427   (0)      2  : 0.9760 0.0240
428      428   (0)      2  : 0.9930 0.0070
429      429   (0)      2  : 0.9910 0.0090
430      430   (0)      2  : 0.9800 0.0200
431      431   (0)      2  : 0.9840 0.0160
432      432   (0)      2  : 0.9920 0.0080
433      433   (0)      2  : 0.9900 0.0100
434      434   (0)      2  : 0.9920 0.0080
435      435   (0)      2  : 0.9690 0.0310
436      436   (0)      2  : 0.9930 0.0070
437      437   (0)      2  : 0.9450 0.0550
438      438   (0)      2  : 0.9826 0.0174
439      439   (0)      2  : 0.9930 0.0070
440      440   (0)      2  : 0.9910 0.0090
441      441   (0)      2  : 0.9910 0.0090
442      442   (0)      2  : 0.9740 0.0260
443      443   (0)      2  : 0.9910 0.0090
444      444   (0)      2  : 0.9910 0.0090
445      445   (0)      2  : 0.9840 0.0160
446      446   (0)      2  : 0.9690 0.0310
447      447   (0)      2  : 0.9920 0.0080
448      448   (0)      2  : 0.9940 0.0060
449      449   (0)      2  : 0.9880 0.0120
450      450   (0)      2  : 0.9490 0.0510
451      451   (0)      2  : 0.9920 0.0080
452      452   (0)      2  : 0.9900 0.0100
453      453   (0)      2  : 0.9920 0.0080
454      454   (0)      2  : 0.9900 0.0100
455      455   (0)      2  : 0.9930 0.0070
456      456   (0)      2  : 0.9940 0.0060
457      457   (0)      2  : 0.9910 0.0090
458      458   (0)      2  : 0.9370 0.0630
459      459   (0)      2  : 0.9860 0.0140
460      460   (0)      2  : 0.9890 0.0110
461      461   (0)      2  : 0.9880 0.0120
462      462   (0)      2  : 0.9920 0.0080
463      463   (0)      2  : 0.9842 0.0158
464      464   (0)      2  : 0.9870 0.0130
465      465   (0)      2  : 0.9920 0.0080
466      466   (0)      2  : 0.9810 0.0190
467      467   (0)      2  : 0.9890 0.0110
468      468   (0)      2  : 0.9880 0.0120
469      469   (0)      2  : 0.9920 0.0080
470      470   (0)      2  : 0.9892 0.0108
471      471   (0)      2  : 0.9946 0.0054
472      472   (0)      2  : 0.9890 0.0110
473      473   (0)      2  : 0.9920 0.0080
474      474   (0)      2  : 0.9900 0.0100
475      475   (0)      2  : 0.9910 0.0090
476      476   (0)      2  : 0.9850 0.0150
477      477   (0)      2  : 0.9770 0.0230
478      478   (0)      2  : 0.9822 0.0178
479      479   (0)      2  : 0.9900 0.0100
480      480   (0)      2  : 0.9658 0.0342
481      481   (0)      2  : 0.9900 0.0100
482      482   (0)      2  : 0.9820 0.0180
483      483   (0)      2  : 0.9890 0.0110
484      484   (0)      2  : 0.9920 0.0080
485      485   (0)      2  : 0.9830 0.0170
486      486   (0)      2  : 0.9886 0.0114
487      487   (0)      2  : 0.9850 0.0150
488      488   (0)      2  : 0.9820 0.0180
489      489   (0)      2  : 0.9840 0.0160
490      490   (0)      2  : 0.9800 0.0200
491      491   (0)      2  : 0.9880 0.0120
492      492   (0)      2  : 0.9880 0.0120
493      493   (0)      2  : 0.9840 0.0160
494      494   (0)      2  : 0.9920 0.0080
495      495   (0)      2  : 0.9900 0.0100
496      496   (0)      2  : 0.9930 0.0070
497      497   (0)      2  : 0.9800 0.0200
498      498   (0)      2  : 0.9670 0.0330
499      499   (0)      2  : 0.9890 0.0110
500      500   (0)      2  : 0.9950 0.0050
501      501   (0)      3  : 0.9220 0.0780
502      502   (0)      3  : 0.8444 0.1556
503      503   (0)      3  : 0.8640 0.1360
504      504   (0)      3  : 0.8786 0.1214
505      505   (0)      3  : 0.7480 0.2520
506      506   (0)      3  : 0.9240 0.0760
507      507   (0)      3  : 0.9860 0.0140
508      508   (0)      3  : 0.8660 0.1340
509      509   (0)      3  : 0.8068 0.1932
510      510   (0)      3  : 0.8210 0.1790
511      511   (0)      3  : 0.8120 0.1880
512      512   (0)      3  : 0.9080 0.0920
513      513   (0)      3  : 0.9720 0.0280
514      514   (0)      3  : 0.9400 0.0600
515      515   (0)      3  : 0.6490 0.3510
516      516   (0)      3  : 0.8950 0.1050
517      517   (0)      3  : 0.9880 0.0120
518      518   (0)      3  : 0.8760 0.1240
519      519   (0)      3  : 0.9350 0.0650
520      520   (0)      3  : 0.7264 0.2736
521      521   (0)      3  : 0.9780 0.0220
522      522   (0)      3  : 0.9900 0.0100
523      523   (0)      3  : 0.9800 0.0200
524      524   (0)      3  : 0.8134 0.1866
525      525   (0)      3  : 0.8146 0.1854
526      526   (0)      3  : 0.6690 0.3310
527      527   (0)      3  : 0.9880 0.0120
528      528   (0)      3  : 0.9750 0.0250
529      529   (0)      3  : 0.8520 0.1480
530      530   (0)      3  : 0.8238 0.1762
531      531   (0)      3  : 0.9884 0.0116
532      532   (0)      3  : 0.9900 0.0100
533      533   (0)      3  : 0.9260 0.0740
534      534   (0)      3  : 0.9760 0.0240
535      535   (0)      3  : 0.9680 0.0320
536      536   (0)      3  : 0.8370 0.1630
537      537   (0)      3  : 0.9622 0.0378
538      538   (0)      3  : 0.8688 0.1312
539      539   (0)      3  : 0.7560 0.2440
540      540   (0)      3  : 0.9530 0.0470
541      541   (0)      3  : 0.9110 0.0890
542      542   (0)      3  : 0.9870 0.0130
543      543   (0)      3  : 0.9750 0.0250
544      544   (0)      3  : 0.7390 0.2610
545      545   (0)      3  : 0.9790 0.0210
546      546   (0)      3  : 0.9950 0.0050
547      547   (0)      3  : 0.9520 0.0480
548      548   (0)      3  : 0.8100 0.1900
549      549   (0)      3  : 0.9358 0.0642
550      550   (0)      3  : 0.8600 0.1400
551      551   (0)      3  : 0.8730 0.1270
552      552   (0)      3  : 0.8874 0.1126
553      553   (0)      3  : 0.9750 0.0250
554      554   (0)      3  : 0.9880 0.0120
555      555   (0)      3  : 0.9190 0.0810
556      556   (0)      3  : 0.8458 0.1542
557      557   (0)      3  : 0.9860 0.0140
558      558   (0)      3  : 0.9690 0.0310
559      559   (0)      3  : 0.9662 0.0338
560      560   (0)      3  : 0.9850 0.0150
561      561   (0)      3  : 0.8250 0.1750
562      562   (0)      3  : 0.8822 0.1178
563      563   (0)      3  : 0.9780 0.0220
564      564   (0)      3  : 0.9850 0.0150
565      565   (0)      3  : 0.9490 0.0510
566      566   (0)      3  : 0.9400 0.0600
567      567   (0)      3  : 0.9580 0.0420
568      568   (0)      3  : 0.9070 0.0930
569      569   (0)      3  : 0.8262 0.1738
570      570   (0)      3  : 0.7130 0.2870
571      571   (0)      3  : 0.9830 0.0170
572      572   (0)      3  : 0.9830 0.0170
573      573   (0)      3  : 0.5670 0.4330
574      574   (0)      3  : 0.8910 0.1090
575      575   (0)      3  : 0.6076 0.3924
576      576   (0)      3  : 0.7426 0.2574
577      577   (0)      3  : 0.9132 0.0868
578      578   (0)      3  : 0.9090 0.0910
579      579   (0)      3  : 0.9900 0.0100
580      580   (0)      3  : 0.9430 0.0570
581      581   (0)      3  : 0.7948 0.2052
582      582   (0)      3  : 0.9250 0.0750
583      583   (0)      3  : 0.8522 0.1478
584      584   (0)      3  : 0.9640 0.0360
585      585   (0)      3  : 0.8046 0.1954
586      586   (0)      3  : 0.8290 0.1710
587      587   (0)      3  : 0.9860 0.0140
588      588   (0)      3  : 0.7820 0.2180
589      589   (0)      3  : 0.9258 0.0742
590      590   (0)      3  : 0.9108 0.0892
591      591   (0)      3  : 0.8804 0.1196
592      592   (0)      3  : 0.9830 0.0170
593      593   (0)      3  : 0.9890 0.0110
594      594   (0)      3  : 0.9830 0.0170
595      595   (0)      3  : 0.9500 0.0500
596      596   (0)      3  : 0.7828 0.2172
597      597   (0)      3  : 0.7730 0.2270
598      598   (0)      3  : 0.7660 0.2340
599      599   (0)      3  : 0.7900 0.2100
600      600   (0)      3  : 0.9452 0.0548
601      601   (0)      4  : 0.9160 0.0840
602      602   (0)      4  : 0.8840 0.1160
603      603   (0)      4  : 0.9200 0.0800
604      604   (0)      4  : 0.7050 0.2950
605      605   (0)      4  : 0.8954 0.1046
606      606   (0)      4  : 0.8250 0.1750
607      607   (0)      4  : 0.7640 0.2360
608      608   (0)      4  : 0.6920 0.3080
609      609   (0)      4  : 0.7380 0.2620
610      610   (0)      4  : 0.7386 0.2614
611      611   (0)      4  : 0.6360 0.3640
612      612   (0)      4  : 0.8978 0.1022
613      613   (0)      4  : 0.9780 0.0220
614      614   (0)      4  : 0.6796 0.3204
615      615   (0)      4  : 0.6696 0.3304
616      616   (0)      4  : 0.8020 0.1980
617      617   (0)      4  : 0.8700 0.1300
618      618   (0)      4  : 0.6384 0.3616
619      619   (0)      4  : 0.7196 0.2804
620      620   (0)      4  : 0.7540 0.2460
621      621   (0)      4  : 0.6452 0.3548
622      622   (0)      4  : 0.8088 0.1912
623      623   (0)      4  : 0.6570 0.3430
624      624   (0)      4  : 0.8450 0.1550
625      625   (0)      4  : 0.9580 0.0420
626      626   (0)      4  : 0.9508 0.0492
627      627   (0)      4  : 0.8796 0.1204
628      628   (0)      4  : 0.8556 0.1444
629      629   (0)      4  : 0.8290 0.1710
630      630   (0)      4  : 0.7272 0.2728
631      631   (0)      4  : 0.6330 0.3670
632      632   (0)      4  : 0.6336 0.3664
633      633   (0)      4  : 0.7430 0.2570
634      634   (0)      4  : 0.7112 0.2888
635      635   (0)      4  : 0.7830 0.2170
636      636   (0)      4  : 0.6750 0.3250
637      637   (0)      4  : 0.7060 0.2940
638      638   (0)      4  : 0.5230 0.4770
639      639   (0)      4  : 0.7610 0.2390
640      640   (0)      4  : 0.7552 0.2448
641      641   (0)      4  : 0.8180 0.1820
642      642   (0)      4  : 0.8930 0.1070
643      643   (0)      4  : 0.6490 0.3510
644      644   (0)      4  : 0.6340 0.3660
645      645   (0)      4  : 0.7528 0.2472
646      646   (0)      4  : 0.7250 0.2750
647      647   (0)      4  : 0.8636 0.1364
648      648   (0)      4  : 0.8626 0.1374
649      649   (0)      4  : 0.7352 0.2648
650      650   (0)      4  : 0.8172 0.1828
651      651   (0)      4  : 0.6970 0.3030
652      652   (0)      4  : 0.8650 0.1350
653      653   (0)      4  : 0.7376 0.2624
654      654   (0)      4  : 0.7450 0.2550
655      655   (0)      4  : 0.9730 0.0270
656      656   (0)      4  : 0.9810 0.0190
657      657   (0)      4  : 0.8200 0.1800
658      658   (0)      4  : 0.5210 0.4790
659      659   (0)      4  : 0.7140 0.2860
660      660   (0)      4  : 0.6968 0.3032
661      661   (0)      4  : 0.7184 0.2816
662      662   (0)      4  : 0.8680 0.1320
663      663   (0)      4  : 0.7250 0.2750
664      664   (0)      4  : 0.6800 0.3200
665      665   (0)      4  : 0.6370 0.3630
666      666   (0)      4  : 0.7560 0.2440
667      667   (0)      4  : 0.7700 0.2300
668      668   (0)      4  : 0.6658 0.3342
669      669   (0)      4  : 0.7422 0.2578
670      670   (0)      4  : 0.6286 0.3714
671      671   (0)      4  : 0.8470 0.1530
672      672   (0)      4  : 0.7690 0.2310
673      673   (0)      4  : 0.6510 0.3490
674      674   (0)      4  : 0.9600 0.0400
675      675   (0)      4  : 0.9380 0.0620
676      676   (0)      4  : 0.8226 0.1774
677      677   (0)      4  : 0.6180 0.3820
678      678   (0)      4  : 0.9226 0.0774
679      679   (0)      4  : 0.7460 0.2540
680      680   (0)      4  : 0.7230 0.2770
681      681   (0)      4  : 0.8520 0.1480
682      682   (0)      4  : 0.7820 0.2180
683      683   (0)      4  : 0.7448 0.2552
684      684   (0)      4  : 0.7260 0.2740
685      685   (0)      4  : 0.8510 0.1490
686      686   (0)      4  : 0.6778 0.3222
687      687   (0)      4  : 0.6196 0.3804
688      688   (0)      4  : 0.6410 0.3590
689      689   (0)      4  : 0.8050 0.1950
690      690   (0)      4  : 0.8360 0.1640
691      691   (0)      4  : 0.6284 0.3716
692      692   (0)      4  : 0.7950 0.2050
693      693   (0)      4  : 0.6690 0.3310
694      694   (0)      4  : 0.5092 0.4908
695      695   (0)      4  : 0.9260 0.0740
696      696   (0)      4  : 0.7986 0.2014
697      697   (0)      4  : 0.9200 0.0800
698      698   (0)      4  : 0.6852 0.3148
699      699   (0)      4  : 0.6840 0.3160
700      700   (0)      4  : 0.8228 0.1772
701      701   (0)      5  : 0.6190 0.3810
702      702   (0)      5  : 0.4730 0.5270
703      703   (0)      5  : 0.5220 0.4780
704      704   (0)      5  : 0.4960 0.5040
705      705   (0)      5  : 0.4970 0.5030
706      706   (0)      5  : 0.4180 0.5820
707      707   (0)      5  : 0.5860 0.4140
708      708   (0)      5  : 0.5086 0.4914
709      709   (0)      5  : 0.5220 0.4780
710      710   (0)      5  : 0.4448 0.5552
711      711   (0)      5  : 0.4046 0.5954
712      712   (0)      5  : 0.4886 0.5114
713      713   (0)      5  : 0.5496 0.4504
714      714   (0)      5  : 0.5480 0.4520
715      715   (0)      5  : 0.6120 0.3880
716      716   (0)      5  : 0.6446 0.3554
717      717   (0)      5  : 0.5268 0.4732
718      718   (0)      5  : 0.4840 0.5160
719      719   (0)      5  : 0.5650 0.4350
720      720   (0)      5  : 0.4860 0.5140
721      721   (0)      5  : 0.4600 0.5400
722      722   (0)      5  : 0.4832 0.5168
723      723   (0)      5  : 0.4470 0.5530
724      724   (0)      5  : 0.4170 0.5830
725      725   (0)      5  : 0.5170 0.4830
726      726   (0)      5  : 0.5690 0.4310
727      727   (0)      5  : 0.5400 0.4600
728      728   (0)      5  : 0.5330 0.4670
729      729   (0)      5  : 0.5060 0.4940
730      730   (0)      5  : 0.4604 0.5396
731      731   (0)      5  : 0.5460 0.4540
732      732   (0)      5  : 0.5154 0.4846
733      733   (0)      5  : 0.4870 0.5130
734      734   (0)      5  : 0.6096 0.3904
735      735   (0)      5  : 0.4710 0.5290
736      736   (0)      5  : 0.4550 0.5450
737      737   (0)      5  : 0.6610 0.3390
738      738   (0)      5  : 0.3350 0.6650
739      739   (0)      5  : 0.5190 0.4810
740      740   (0)      5  : 0.4680 0.5320
741      741   (0)      5  : 0.4370 0.5630
742      742   (0)      5  : 0.4020 0.5980
743      743   (0)      5  : 0.4810 0.5190
744      744   (0)      5  : 0.3860 0.6140
745      745   (0)      5  : 0.5960 0.4040
746      746   (0)      5  : 0.5858 0.4142
747      747   (0)      5  : 0.3158 0.6842
748      748   (0)      5  : 0.5930 0.4070
749      749   (0)      5  : 0.5262 0.4738
750      750   (0)      5  : 0.4342 0.5658
751      751   (0)      5  : 0.5478 0.4522
752      752   (0)      5  : 0.4260 0.5740
753      753   (0)      5  : 0.4910 0.5090
754      754   (0)      5  : 0.4640 0.5360
755      755   (0)      5  : 0.4420 0.5580
756      756   (0)      5  : 0.4810 0.5190
757      757   (0)      5  : 0.5960 0.4040
758      758   (0)      5  : 0.6066 0.3934
759      759   (0)      5  : 0.4010 0.5990
760      760   (0)      5  : 0.4200 0.5800
761      761   (0)      5  : 0.5832 0.4168
762      762   (0)      5  : 0.4736 0.5264
763      763   (0)      5  : 0.4980 0.5020
764      764   (0)      5  : 0.5614 0.4386
765      765   (0)      5  : 0.5620 0.4380
766      766   (0)      5  : 0.4270 0.5730
767      767   (0)      5  : 0.5158 0.4842
768      768   (0)      5  : 0.5360 0.4640
769      769   (0)      5  : 0.4784 0.5216
770      770   (0)      5  : 0.5456 0.4544
771      771   (0)      5  : 0.5410 0.4590
772      772   (0)      5  : 0.4030 0.5970
773      773   (0)      5  : 0.4794 0.5206
774      774   (0)      5  : 0.5574 0.4426
775      775   (0)      5  : 0.4000 0.6000
776      776   (0)      5  : 0.5410 0.4590
777      777   (0)      5  : 0.6530 0.3470
778      778   (0)      5  : 0.4430 0.5570
779      779   (0)      5  : 0.5150 0.4850
780      780   (0)      5  : 0.3934 0.6066
781      781   (0)      5  : 0.5090 0.4910
782      782   (0)      5  : 0.3430 0.6570
783      783   (0)      5  : 0.4060 0.5940
784      784   (0)      5  : 0.4940 0.5060
785      785   (0)      5  : 0.6760 0.3240
786      786   (0)      5  : 0.5710 0.4290
787      787   (0)      5  : 0.5192 0.4808
788      788   (0)      5  : 0.4680 0.5320
789      789   (0)      5  : 0.6240 0.3760
790      790   (0)      5  : 0.4770 0.5230
791      791   (0)      5  : 0.6048 0.3952
792      792   (0)      5  : 0.5110 0.4890
793      793   (0)      5  : 0.6532 0.3468
794      794   (0)      5  : 0.3980 0.6020
795      795   (0)      5  : 0.4402 0.5598
796      796   (0)      5  : 0.6100 0.3900
797      797   (0)      5  : 0.5140 0.4860
798      798   (0)      5  : 0.4890 0.5110
799      799   (0)      5  : 0.5260 0.4740
800      800   (0)      5  : 0.4450 0.5550
801      801   (0)      6  : 0.2250 0.7750
802      802   (0)      6  : 0.1330 0.8670
803      803   (0)      6  : 0.3288 0.6712
804      804   (0)      6  : 0.2868 0.7132
805      805   (0)      6  : 0.2760 0.7240
806      806   (0)      6  : 0.3756 0.6244
807      807   (0)      6  : 0.2130 0.7870
808      808   (0)      6  : 0.2356 0.7644
809      809   (0)      6  : 0.2700 0.7300
810      810   (0)      6  : 0.1150 0.8850
811      811   (0)      6  : 0.3070 0.6930
812      812   (0)      6  : 0.3900 0.6100
813      813   (0)      6  : 0.4020 0.5980
814      814   (0)      6  : 0.2780 0.7220
815      815   (0)      6  : 0.3160 0.6840
816      816   (0)      6  : 0.3070 0.6930
817      817   (0)      6  : 0.1620 0.8380
818      818   (0)      6  : 0.2538 0.7462
819      819   (0)      6  : 0.2090 0.7910
820      820   (0)      6  : 0.0644 0.9356
821      821   (0)      6  : 0.1834 0.8166
822      822   (0)      6  : 0.2678 0.7322
823      823   (0)      6  : 0.1770 0.8230
824      824   (0)      6  : 0.2168 0.7832
825      825   (0)      6  : 0.2180 0.7820
826      826   (0)      6  : 0.1530 0.8470
827      827   (0)      6  : 0.0060 0.9940
828      828   (0)      6  : 0.2148 0.7852
829      829   (0)      6  : 0.1618 0.8382
830      830   (0)      6  : 0.3028 0.6972
831      831   (0)      6  : 0.1330 0.8670
832      832   (0)      6  : 0.1300 0.8700
833      833   (0)      6  : 0.1920 0.8080
834      834   (0)      6  : 0.3422 0.6578
835      835   (0)      6  : 0.1780 0.8220
836      836   (0)      6  : 0.1904 0.8096
837      837   (0)      6  : 0.3242 0.6758
838      838   (0)      6  : 0.2576 0.7424
839      839   (0)      6  : 0.3298 0.6702
840      840   (0)      6  : 0.2340 0.7660
841      841   (0)      6  : 0.2410 0.7590
842      842   (0)      6  : 0.1766 0.8234
843      843   (0)      6  : 0.1100 0.8900
844      844   (0)      6  : 0.3900 0.6100
845      845   (0)      6  : 0.2090 0.7910
846      846   (0)      6  : 0.4310 0.5690
847      847   (0)      6  : 0.3800 0.6200
848      848   (0)      6  : 0.2910 0.7090
849      849   (0)      6  : 0.3720 0.6280
850      850   (0)      6  : 0.4500 0.5500
851      851   (0)      6  : 0.3070 0.6930
852      852   (0)      6  : 0.3740 0.6260
853      853   (0)      6  : 0.2300 0.7700
854      854   (0)      6  : 0.2460 0.7540
855      855   (0)      6  : 0.1970 0.8030
856      856   (0)      6  : 0.2810 0.7190
857      857   (0)      6  : 0.1970 0.8030
858      858   (0)      6  : 0.3764 0.6236
859      859   (0)      6  : 0.2740 0.7260
860      860   (0)      6  : 0.2240 0.7760
861      861   (0)      6  : 0.1470 0.8530
862      862   (0)      6  : 0.2970 0.7030
863      863   (0)      6  : 0.2920 0.7080
864      864   (0)      6  : 0.1730 0.8270
865      865   (0)      6  : 0.1408 0.8592
866      866   (0)      6  : 0.2190 0.7810
867      867   (0)      6  : 0.3432 0.6568
868      868   (0)      6  : 0.1190 0.8810
869      869   (0)      6  : 0.2710 0.7290
870      870   (0)      6  : 0.2580 0.7420
871      871   (0)      6  : 0.1614 0.8386
872      872   (0)      6  : 0.2376 0.7624
873      873   (0)      6  : 0.3140 0.6860
874      874   (0)      6  : 0.2220 0.7780
875      875   (0)      6  : 0.1868 0.8132
876      876   (0)      6  : 0.2742 0.7258
877      877   (0)      6  : 0.2700 0.7300
878      878   (0)      6  : 0.3030 0.6970
879      879   (0)      6  : 0.4250 0.5750
880      880   (0)      6  : 0.3720 0.6280
881      881   (0)      6  : 0.1716 0.8284
882      882   (0)      6  : 0.2140 0.7860
883      883   (0)      6  : 0.1740 0.8260
884      884   (0)      6  : 0.4870 0.5130
885      885   (0)      6  : 0.3260 0.6740
886      886   (0)      6  : 0.3560 0.6440
887      887   (0)      6  : 0.2790 0.7210
888      888   (0)      6  : 0.1380 0.8620
889      889   (0)      6  : 0.2150 0.7850
890      890   (0)      6  : 0.0822 0.9178
891      891   (0)      6  : 0.3640 0.6360
892      892   (0)      6  : 0.1150 0.8850
893      893   (0)      6  : 0.1902 0.8098
894      894   (0)      6  : 0.2350 0.7650
895      895   (0)      6  : 0.2270 0.7730
896      896   (0)      6  : 0.2450 0.7550
897      897   (0)      6  : 0.1840 0.8160
898      898   (0)      6  : 0.4418 0.5582
899      899   (0)      6  : 0.2100 0.7900
900      900   (0)      6  : 0.2982 0.7018
901      901   (0)      7  : 0.1540 0.8460
902      902   (0)      7  : 0.2320 0.7680
903      903   (0)      7  : 0.1752 0.8248
904      904   (0)      7  : 0.0696 0.9304
905      905   (0)      7  : 0.2050 0.7950
906      906   (0)      7  : 0.2322 0.7678
907      907   (0)      7  : 0.0920 0.9080
908      908   (0)      7  : 0.0640 0.9360
909      909   (0)      7  : 0.0080 0.9920
910      910   (0)      7  : 0.0960 0.9040
911      911   (0)      7  : 0.1318 0.8682
912      912   (0)      7  : 0.2644 0.7356
913      913   (0)      7  : 0.1670 0.8330
914      914   (0)      7  : 0.0730 0.9270
915      915   (0)      7  : 0.1410 0.8590
916      916   (0)      7  : 0.2200 0.7800
917      917   (0)      7  : 0.2030 0.7970
918      918   (0)      7  : 0.0898 0.9102
919      919   (0)      7  : 0.2064 0.7936
920      920   (0)      7  : 0.0590 0.9410
921      921   (0)      7  : 0.2380 0.7620
922      922   (0)      7  : 0.2040 0.7960
923      923   (0)      7  : 0.1864 0.8136
924      924   (0)      7  : 0.1170 0.8830
925      925   (0)      7  : 0.1492 0.8508
926      926   (0)      7  : 0.1470 0.8530
927      927   (0)      7  : 0.0686 0.9314
928      928   (0)      7  : 0.0650 0.9350
929      929   (0)      7  : 0.0070 0.9930
930      930   (0)      7  : 0.0476 0.9524
931      931   (0)      7  : 0.2170 0.7830
932      932   (0)      7  : 0.1070 0.8930
933      933   (0)      7  : 0.0060 0.9940
934      934   (0)      7  : 0.1880 0.8120
935      935   (0)      7  : 0.0330 0.9670
936      936   (0)      7  : 0.1680 0.8320
937      937   (0)      7  : 0.0760 0.9240
938      938   (0)      7  : 0.1266 0.8734
939      939   (0)      7  : 0.1640 0.8360
940      940   (0)      7  : 0.2752 0.7248
941      941   (0)      7  : 0.1850 0.8150
942      942   (0)      7  : 0.1010 0.8990
943      943   (0)      7  : 0.2250 0.7750
944      944   (0)      7  : 0.1420 0.8580
945      945   (0)      7  : 0.0260 0.9740
946      946   (0)      7  : 0.0396 0.9604
947      947   (0)      7  : 0.0716 0.9284
948      948   (0)      7  : 0.2810 0.7190
949      949   (0)      7  : 0.1100 0.8900
950      950   (0)      7  : 0.1640 0.8360
951      951   (0)      7  : 0.1470 0.8530
952      952   (0)      7  : 0.2600 0.7400
953      953   (0)      7  : 0.1790 0.8210
954      954   (0)      7  : 0.2070 0.7930
955      955   (0)      7  : 0.0444 0.9556
956      956   (0)      7  : 0.0950 0.9050
957      957   (0)      7  : 0.1250 0.8750
958      958   (0)      7  : 0.2330 0.7670
959      959   (0)      7  : 0.0080 0.9920
960      960   (0)      7  : 0.1760 0.8240
961      961   (0)      7  : 0.0826 0.9174
962      962   (0)      7  : 0.0110 0.9890
963      963   (0)      7  : 0.0940 0.9060
964      964   (0)      7  : 0.1628 0.8372
965      965   (0)      7  : 0.0860 0.9140
966      966   (0)      7  : 0.1094 0.8906
967      967   (0)      7  : 0.3092 0.6908
968      968   (0)      7  : 0.2060 0.7940
969      969   (0)      7  : 0.0620 0.9380
970      970   (0)      7  : 0.1538 0.8462
971      971   (0)      7  : 0.0930 0.9070
972      972   (0)      7  : 0.0590 0.9410
973      973   (0)      7  : 0.0842 0.9158
974      974   (0)      7  : 0.2540 0.7460
975      975   (0)      7  : 0.2790 0.7210
976      976   (0)      7  : 0.0578 0.9422
977      977   (0)      7  : 0.0712 0.9288
978      978   (0)      7  : 0.0802 0.9198
979      979   (0)      7  : 0.1970 0.8030
980      980   (0)      7  : 0.1390 0.8610
981      981   (0)      7  : 0.1030 0.8970
982      982   (0)      7  : 0.1910 0.8090
983      983   (0)      7  : 0.0470 0.9530
984      984   (0)      7  : 0.1130 0.8870
985      985   (0)      7  : 0.1190 0.8810
986      986   (0)      7  : 0.1444 0.8556
987      987   (0)      7  : 0.0956 0.9044
988      988   (0)      7  : 0.2250 0.7750
989      989   (0)      7  : 0.0060 0.9940
990      990   (0)      7  : 0.1012 0.8988
991      991   (0)      7  : 0.1198 0.8802
992      992   (0)      7  : 0.2030 0.7970
993      993   (0)      7  : 0.2234 0.7766
994      994   (0)      7  : 0.1180 0.8820
995      995   (0)      7  : 0.1620 0.8380
996      996   (0)      7  : 0.1526 0.8474
997      997   (0)      7  : 0.1210 0.8790
998      998   (0)      7  : 0.2140 0.7860
999      999   (0)      7  : 0.2070 0.7930
1000     1000   (0)      7  : 0.2148 0.7852
1001     1001   (5)      8  : 0.0130 0.9870
1002     1002   (0)      8  : 0.0140 0.9860
1003     1003   (0)      8  : 0.0070 0.9930
1004     1004   (0)      8  : 0.0280 0.9720
1005     1005   (0)      8  : 0.0080 0.9920
1006     1006   (0)      8  : 0.0100 0.9900
1007     1007   (0)      8  : 0.0060 0.9940
1008     1008   (0)      8  : 0.0090 0.9910
1009     1009   (0)      8  : 0.0070 0.9930
1010     1010   (0)      8  : 0.0080 0.9920
1011     1011   (0)      8  : 0.0050 0.9950
1012     1012   (0)      8  : 0.0070 0.9930
1013     1013   (0)      8  : 0.0160 0.9840
1014     1014   (5)      8  : 0.0050 0.9950
1015     1015   (0)      8  : 0.0070 0.9930
1016     1016   (0)      8  : 0.0060 0.9940
1017     1017   (0)      8  : 0.0080 0.9920
1018     1018   (0)      8  : 0.0100 0.9900
1019     1019   (0)      8  : 0.0130 0.9870
1020     1020   (0)      8  : 0.0060 0.9940
1021     1021   (0)      8  : 0.0050 0.9950
1022     1022   (0)      8  : 0.0090 0.9910
1023     1023   (0)      8  : 0.0070 0.9930
1024     1024   (0)      8  : 0.0050 0.9950
1025     1025   (0)      8  : 0.0050 0.9950
1026     1026   (0)      8  : 0.0060 0.9940
1027     1027   (0)      8  : 0.0060 0.9940
1028     1028   (0)      8  : 0.0060 0.9940
1029     1029   (0)      9  : 0.0060 0.9940
1030     1030   (0)      9  : 0.0080 0.9920
1031     1031   (0)      9  : 0.0060 0.9940
1032     1032   (0)      9  : 0.0080 0.9920
1033     1033   (0)      9  : 0.0070 0.9930
1034     1034   (0)      9  : 0.0070 0.9930
1035     1035   (0)      9  : 0.0066 0.9934
1036     1036   (0)      9  : 0.0060 0.9940
1037     1037   (0)      9  : 0.0050 0.9950
1038     1038   (0)      9  : 0.0080 0.9920
1039     1039   (0)      9  : 0.0080 0.9920
1040     1040   (0)      9  : 0.0060 0.9940
1041     1041   (0)      9  : 0.0060 0.9940
1042     1042   (0)      9  : 0.0070 0.9930
1043     1043   (0)      9  : 0.0060 0.9940
1044     1044   (0)      9  : 0.0060 0.9940
1045     1045   (0)      9  : 0.0050 0.9950
1046     1046   (0)      9  : 0.0330 0.9670
1047     1047   (0)      9  : 0.0130 0.9870
1048     1048   (0)      9  : 0.0078 0.9922
1049     1049   (0)      9  : 0.0100 0.9900
1050     1050   (0)      9  : 0.0060 0.9940
1051     1051   (0)      9  : 0.0080 0.9920
1052     1052   (0)      9  : 0.0060 0.9940
1053     1053   (0)      9  : 0.0050 0.9950
1054     1054   (0)      9  : 0.0080 0.9920
1055     1055   (0)      9  : 0.0050 0.9950
1056     1056   (0)      9  : 0.0070 0.9930
1057     1057   (0)      9  : 0.0060 0.9940
1058     1058   (0)      9  : 0.0080 0.9920
1059     1059   (0)      9  : 0.0060 0.9940
1060     1060   (0)      9  : 0.0050 0.9950
1061     1061   (0)      9  : 0.0058 0.9942
1062     1062   (0)      9  : 0.0050 0.9950
1063     1063   (0)      9  : 0.0140 0.9860
1064     1064   (0)      9  : 0.0060 0.9940
1065     1065   (0)      9  : 0.0060 0.9940
1066     1066   (0)      9  : 0.0080 0.9920
1067     1067   (0)      9  : 0.0060 0.9940
1068     1068   (0)      9  : 0.0060 0.9940
1069     1069   (0)      9  : 0.0070 0.9930
1070     1070   (0)      9  : 0.0060 0.9940
1071     1071   (0)      9  : 0.0150 0.9850
1072     1072   (0)      9  : 0.0050 0.9950
1073     1073   (0)      9  : 0.0050 0.9950
1074     1074   (0)      9  : 0.0110 0.9890
1075     1075   (0)      9  : 0.0150 0.9850
1076     1076   (0)      9  : 0.0060 0.9940
1077     1077   (0)      9  : 0.0070 0.9930
1078     1078   (0)      9  : 0.0080 0.9920
1079     1079   (0)      9  : 0.0050 0.9950
1080     1080   (0)      9  : 0.0098 0.9902
1081     1081   (0)      9  : 0.0080 0.9920
1082     1082   (0)      9  : 0.0070 0.9930
1083     1083   (0)      9  : 0.0080 0.9920
1084     1084   (0)      9  : 0.0100 0.9900
1085     1085   (0)      9  : 0.0090 0.9910
1086     1086   (0)      9  : 0.0070 0.9930
1087     1087   (0)      9  : 0.0170 0.9830
1088     1088   (0)      9  : 0.0050 0.9950
1089     1089   (0)      9  : 0.0150 0.9850
1090     1090   (0)      9  : 0.0140 0.9860
1091     1091   (0)      9  : 0.0180 0.9820
1092     1092   (0)      9  : 0.0080 0.9920
1093     1093   (0)      9  : 0.0060 0.9940
1094     1094   (0)      9  : 0.0060 0.9940
1095     1095   (0)      9  : 0.0070 0.9930
1096     1096   (0)      9  : 0.0054 0.9946
1097     1097   (0)      9  : 0.0060 0.9940
1098     1098   (0)      9  : 0.0070 0.9930
1099     1099   (0)      9  : 0.0090 0.9910
1100     1100   (0)      9  : 0.0130 0.9870
1101     1101   (0)      9  : 0.0060 0.9940
1102     1102   (0)      9  : 0.0130 0.9870
1103     1103   (0)      9  : 0.0060 0.9940
1104     1104   (0)      9  : 0.0070 0.9930
1105     1105   (0)      9  : 0.0080 0.9920
1106     1106   (0)      9  : 0.0070 0.9930
1107     1107   (0)      9  : 0.0110 0.9890
1108     1108   (0)      9  : 0.0200 0.9800
1109     1109   (0)      9  : 0.0090 0.9910
1110     1110   (0)      9  : 0.0070 0.9930
1111     1111   (0)      9  : 0.0060 0.9940
1112     1112   (0)      9  : 0.0080 0.9920
1113     1113   (0)      9  : 0.0090 0.9910
1114     1114   (0)      9  : 0.0050 0.9950
1115     1115   (0)      9  : 0.0090 0.9910
1116     1116   (0)      9  : 0.0130 0.9870
1117     1117   (0)      9  : 0.0060 0.9940
1118     1118   (0)      9  : 0.0080 0.9920
1119     1119   (0)      9  : 0.0060 0.9940
1120     1120   (0)      9  : 0.0070 0.9930
1121     1121   (0)      9  : 0.0080 0.9920
1122     1122   (0)      9  : 0.0060 0.9940
1123     1123   (0)      9  : 0.0064 0.9936
1124     1124   (0)      9  : 0.0050 0.9950
1125     1125   (0)      9  : 0.0060 0.9940
1126     1126   (0)      9  : 0.0090 0.9910
1127     1127   (0)      9  : 0.0080 0.9920
1128     1128   (0)      9  : 0.0060 0.9940
1129     1129   (0)      9  : 0.0070 0.9930
1130     1130   (0)      9  : 0.0070 0.9930
1131     1131   (0)      9  : 0.0070 0.9930
1132     1132   (0)      9  : 0.0100 0.9900
1133     1133   (0)      9  : 0.0140 0.9860
1134     1134   (0)      9  : 0.0080 0.9920
1135     1135   (0)      9  : 0.0060 0.9940
1136     1136   (0)      9  : 0.0070 0.9930
1137     1137   (0)      9  : 0.0110 0.9890
1138     1138   (0)      9  : 0.0070 0.9930
1139     1139   (0)      9  : 0.0150 0.9850
1140     1140   (0)      9  : 0.0070 0.9930
1141     1141   (0)      9  : 0.0070 0.9930
1142     1142   (0)      9  : 0.0080 0.9920
1143     1143   (0)      9  : 0.0060 0.9940
1144     1144   (0)      9  : 0.0070 0.9930
1145     1145   (0)      9  : 0.0120 0.9880
1146     1146   (0)      9  : 0.0090 0.9910
1147     1147   (0)      9  : 0.0060 0.9940
1148     1148   (0)      9  : 0.0140 0.9860
1149     1149   (0)      9  : 0.0060 0.9940
1150     1150   (0)      9  : 0.0110 0.9890
1151     1151   (0)      9  : 0.0100 0.9900
1152     1152   (0)      9  : 0.0090 0.9910
1153     1153   (0)      9  : 0.0120 0.9880
1154     1154   (0)      9  : 0.0080 0.9920
1155     1155   (0)      9  : 0.0050 0.9950
1156     1156   (0)      9  : 0.0050 0.9950
1157     1157   (0)      9  : 0.0110 0.9890
1158     1158   (0)      9  : 0.0050 0.9950
1159     1159   (0)      9  : 0.0090 0.9910
1160     1160   (0)      9  : 0.0060 0.9940
1161     1161   (0)      9  : 0.0110 0.9890
1162     1162   (0)      9  : 0.0100 0.9900
1163     1163   (0)      9  : 0.0060 0.9940
1164     1164   (0)      9  : 0.0070 0.9930
1165     1165   (0)      9  : 0.0070 0.9930
1166     1166   (0)      9  : 0.0092 0.9908
1167     1167   (0)      9  : 0.0088 0.9912
1168     1168   (0)      9  : 0.0060 0.9940
1169     1169   (0)      9  : 0.0060 0.9940
1170     1170   (0)      9  : 0.0050 0.9950
1171     1171   (0)      9  : 0.0050 0.9950
1172     1172   (0)      9  : 0.0060 0.9940
1173     1173   (0)      9  : 0.0050 0.9950
1174     1174   (0)      9  : 0.0108 0.9892
1175     1175   (0)      9  : 0.0070 0.9930
1176     1176   (0)      9  : 0.0070 0.9930
1177     1177   (0)      9  : 0.0100 0.9900
1178     1178   (0)      9  : 0.0070 0.9930
1179     1179   (0)      9  : 0.0100 0.9900
1180     1180   (0)      9  : 0.0100 0.9900
1181     1181   (0)      9  : 0.0060 0.9940
1182     1182   (0)      9  : 0.0070 0.9930
1183     1183   (0)      9  : 0.0060 0.9940
1184     1184   (0)      9  : 0.0090 0.9910
1185     1185   (0)      9  : 0.0080 0.9920
1186     1186   (0)      9  : 0.0090 0.9910
1187     1187   (0)      9  : 0.0070 0.9930
1188     1188   (0)      9  : 0.0100 0.9900
1189     1189   (0)      9  : 0.0110 0.9890
1190     1190   (0)      9  : 0.0050 0.9950
1191     1191   (0)      9  : 0.0070 0.9930
1192     1192   (0)      9  : 0.0050 0.9950
1193     1193   (0)      9  : 0.0050 0.9950
1194     1194   (0)      9  : 0.0070 0.9930
1195     1195   (0)      9  : 0.0250 0.9750
1196     1196   (0)      9  : 0.0060 0.9940
1197     1197   (0)      9  : 0.0060 0.9940
1198     1198   (0)      9  : 0.0090 0.9910
1199     1199   (0)      9  : 0.0060 0.9940
1200     1200   (0)      9  : 0.0050 0.9950
1201     1201   (0)      9  : 0.0070 0.9930
1202     1202   (0)      9  : 0.0050 0.9950
1203     1203   (0)      9  : 0.0070 0.9930
1204     1204   (0)      9  : 0.0090 0.9910
1205     1205   (0)      9  : 0.0070 0.9930
1206     1206   (0)      9  : 0.0112 0.9888
1207     1207   (0)      9  : 0.0062 0.9938
1208     1208   (0)      9  : 0.0060 0.9940
1209     1209   (0)      9  : 0.0080 0.9920
1210     1210   (0)      9  : 0.0070 0.9930
1211     1211   (0)      9  : 0.0100 0.9900
1212     1212   (0)      9  : 0.0130 0.9870
1213     1213   (0)      9  : 0.0090 0.9910
1214     1214   (0)      9  : 0.0090 0.9910
1215     1215   (0)      9  : 0.0060 0.9940
1216     1216   (0)      9  : 0.0114 0.9886
1217     1217   (0)      9  : 0.0110 0.9890
1218     1218   (0)      9  : 0.0054 0.9946
1219     1219   (0)      9  : 0.0070 0.9930
1220     1220   (0)      9  : 0.0080 0.9920
1221     1221   (0)      9  : 0.0072 0.9928
1222     1222   (0)      9  : 0.0120 0.9880
1223     1223   (0)      9  : 0.0140 0.9860
1224     1224   (0)      9  : 0.0070 0.9930
1225     1225   (0)      9  : 0.0060 0.9940
1226     1226   (0)      9  : 0.0070 0.9930
1227     1227   (0)      9  : 0.0080 0.9920
1228     1228   (0)      9  : 0.0070 0.9930
1229     1229   (0)      9  : 0.0140 0.9860
1230     1230   (0)      9  : 0.0070 0.9930
1231     1231   (0)      9  : 0.0060 0.9940
1232     1232   (0)      9  : 0.0070 0.9930
1233     1233   (0)      9  : 0.0060 0.9940
1234     1234   (0)      9  : 0.0060 0.9940
1235     1235   (0)      9  : 0.0070 0.9930
1236     1236   (0)      9  : 0.0090 0.9910
1237     1237   (0)      9  : 0.0090 0.9910
1238     1238   (0)      9  : 0.0100 0.9900
1239     1239   (0)      9  : 0.0058 0.9942
1240     1240   (0)      9  : 0.0080 0.9920
1241     1241   (0)      9  : 0.0060 0.9940
1242     1242   (0)      9  : 0.0050 0.9950
1243     1243   (0)      9  : 0.0080 0.9920
1244     1244   (0)      9  : 0.0090 0.9910
1245     1245   (0)      9  : 0.0070 0.9930
1246     1246   (0)      9  : 0.0070 0.9930
1247     1247   (0)      9  : 0.0080 0.9920
1248     1248   (0)      9  : 0.0090 0.9910
1249     1249   (0)      9  : 0.0068 0.9932
1250     1250   (0)      9  : 0.0050 0.9950
1251     1251   (0)      9  : 0.0070 0.9930
1252     1252   (0)      9  : 0.0080 0.9920
1253     1253   (0)      9  : 0.0100 0.9900
1254     1254   (0)      9  : 0.0130 0.9870
1255     1255   (0)      9  : 0.0060 0.9940
1256     1256   (0)      9  : 0.0080 0.9920
1257     1257   (0)      9  : 0.0050 0.9950
1258     1258   (0)      9  : 0.0080 0.9920
1259     1259   (0)      9  : 0.0060 0.9940
1260     1260   (0)      9  : 0.0090 0.9910
1261     1261   (0)      9  : 0.0070 0.9930
1262     1262   (0)      9  : 0.0120 0.9880
1263     1263   (0)      9  : 0.0070 0.9930
1264     1264   (0)      9  : 0.0070 0.9930
1265     1265   (0)      9  : 0.0050 0.9950
1266     1266   (0)      9  : 0.0070 0.9930
1267     1267   (0)      9  : 0.0090 0.9910
1268     1268   (0)      9  : 0.0080 0.9920
1269     1269   (0)      9  : 0.0060 0.9940
1270     1270   (0)      9  : 0.0100 0.9900
1271     1271   (0)      9  : 0.0060 0.9940
1272     1272   (0)      9  : 0.0090 0.9910
1273     1273   (0)      9  : 0.0070 0.9930
1274     1274   (0)      9  : 0.0060 0.9940
1275     1275   (0)      9  : 0.0160 0.9840
1276     1276   (0)      9  : 0.0070 0.9930
1277     1277   (0)      9  : 0.0060 0.9940
1278     1278   (0)      9  : 0.0070 0.9930
1279     1279   (0)      9  : 0.0050 0.9950
1280     1280   (0)      9  : 0.0090 0.9910
1281     1281   (0)      9  : 0.0050 0.9950
1282     1282   (0)      9  : 0.0100 0.9900
1283     1283   (0)      9  : 0.0060 0.9940
1284     1284   (0)      9  : 0.0070 0.9930
1285     1285   (0)      9  : 0.0070 0.9930
1286     1286   (0)      9  : 0.0050 0.9950
1287     1287   (0)      9  : 0.0070 0.9930
1288     1288   (0)      9  : 0.0100 0.9900
1289     1289   (0)      9  : 0.0070 0.9930
1290     1290   (0)      9  : 0.0180 0.9820
1291     1291   (0)      9  : 0.0070 0.9930
1292     1292   (0)      9  : 0.0100 0.9900
1293     1293   (0)      9  : 0.0080 0.9920
1294     1294   (0)      9  : 0.0060 0.9940
1295     1295   (0)      9  : 0.0060 0.9940
1296     1296   (0)      9  : 0.0070 0.9930
1297     1297   (0)      9  : 0.0120 0.9880
1298     1298   (0)      9  : 0.0060 0.9940
1299     1299   (0)      9  : 0.0120 0.9880
1300     1300   (0)      9  : 0.0080 0.9920
1301     1301   (0)      9  : 0.0090 0.9910
1302     1302   (0)      9  : 0.0070 0.9930
1303     1303   (0)      9  : 0.0080 0.9920
1304     1304   (0)      9  : 0.0070 0.9930
1305     1305   (0)      9  : 0.0060 0.9940
1306     1306   (0)      9  : 0.0080 0.9920
1307     1307   (0)      9  : 0.0070 0.9930
1308     1308   (0)      9  : 0.0120 0.9880
1309     1309   (0)      9  : 0.0060 0.9940
1310     1310   (0)      9  : 0.0210 0.9790
1311     1311   (0)      9  : 0.0070 0.9930
1312     1312   (0)      9  : 0.0070 0.9930
1313     1313   (0)      9  : 0.0060 0.9940
1314     1314   (0)      9  : 0.0080 0.9920
1315     1315   (0)      9  : 0.0140 0.9860
1316     1316   (0)      9  : 0.0070 0.9930
1317     1317   (0)      9  : 0.0060 0.9940
1318     1318   (0)      9  : 0.0060 0.9940
1319     1319   (0)      9  : 0.0080 0.9920
1320     1320   (0)      9  : 0.0050 0.9950
1321     1321   (0)      9  : 0.0080 0.9920
1322     1322   (0)      9  : 0.0100 0.9900
1323     1323   (0)      9  : 0.0170 0.9830
1324     1324   (0)      9  : 0.0070 0.9930
1325     1325   (0)      9  : 0.0070 0.9930
1326     1326   (0)      9  : 0.0060 0.9940
1327     1327   (0)      9  : 0.0100 0.9900
1328     1328   (0)      9  : 0.0070 0.9930
1329     1329   (0)      9  : 0.0710 0.9290
1330     1330   (0)      9  : 0.0070 0.9930
1331     1331   (0)      9  : 0.0110 0.9890
1332     1332   (0)      9  : 0.0080 0.9920
1333     1333   (0)      9  : 0.0070 0.9930
1334     1334   (0)      9  : 0.0118 0.9882
1335     1335   (0)      9  : 0.0060 0.9940
1336     1336   (0)      9  : 0.0050 0.9950
1337     1337   (0)      9  : 0.0090 0.9910
1338     1338   (0)      9  : 0.0080 0.9920
1339     1339   (0)      9  : 0.0050 0.9950
1340     1340   (0)      9  : 0.0070 0.9930
1341     1341   (0)      9  : 0.0070 0.9930
1342     1342   (0)      9  : 0.0060 0.9940
1343     1343   (0)      9  : 0.0060 0.9940
1344     1344   (0)      9  : 0.0060 0.9940
1345     1345   (0)      9  : 0.0220 0.9780
1346     1346   (0)      9  : 0.0050 0.9950
1347     1347   (0)      9  : 0.0050 0.9950
1348     1348   (0)      9  : 0.0110 0.9890
1349     1349   (0)      9  : 0.0070 0.9930
1350     1350   (0)      9  : 0.0058 0.9942
1351     1351   (0)      9  : 0.0100 0.9900
1352     1352   (0)      9  : 0.0150 0.9850
1353     1353   (0)      9  : 0.0070 0.9930
1354     1354   (0)      9  : 0.0150 0.9850
1355     1355   (0)      9  : 0.0080 0.9920
1356     1356   (0)      9  : 0.0070 0.9930
1357     1357   (0)      9  : 0.0060 0.9940
1358     1358   (0)      9  : 0.0070 0.9930
1359     1359   (0)      9  : 0.0050 0.9950
1360     1360   (0)      9  : 0.0060 0.9940
1361     1361   (0)      9  : 0.0060 0.9940
1362     1362   (0)      9  : 0.0120 0.9880
1363     1363   (0)      9  : 0.0050 0.9950
1364     1364   (0)      9  : 0.0060 0.9940
1365     1365   (0)      9  : 0.0050 0.9950
1366     1366   (0)      9  : 0.0072 0.9928
1367     1367   (0)      9  : 0.0050 0.9950
1368     1368   (0)      9  : 0.0080 0.9920
1369     1369   (0)      9  : 0.0070 0.9930
1370     1370   (0)      9  : 0.0070 0.9930
1371     1371   (0)      9  : 0.0070 0.9930
1372     1372   (0)      9  : 0.0180 0.9820
1373     1373   (0)      9  : 0.0050 0.9950
1374     1374   (0)      9  : 0.0060 0.9940
1375     1375   (0)      9  : 0.0080 0.9920
1376     1376   (0)      9  : 0.0060 0.9940
1377     1377   (0)      9  : 0.0060 0.9940
1378     1378   (0)      9  : 0.0250 0.9750
1379     1379   (0)      9  : 0.0080 0.9920
1380     1380   (0)      9  : 0.0060 0.9940
1381     1381   (0)      9  : 0.0050 0.9950
1382     1382   (0)      9  : 0.0070 0.9930
1383     1383   (0)      9  : 0.0090 0.9910
1384     1384   (0)      9  : 0.0060 0.9940
1385     1385   (0)      9  : 0.0080 0.9920
1386     1386   (0)      9  : 0.0120 0.9880
1387     1387   (0)      9  : 0.0070 0.9930
1388     1388   (0)      9  : 0.0078 0.9922
1389     1389   (0)      9  : 0.0060 0.9940
1390     1390   (0)      9  : 0.0190 0.9810
1391     1391   (0)      9  : 0.0060 0.9940
1392     1392   (0)      9  : 0.0120 0.9880
1393     1393   (0)      9  : 0.0050 0.9950
1394     1394   (0)      9  : 0.0080 0.9920
1395     1395   (0)      9  : 0.0072 0.9928
1396     1396   (0)      9  : 0.0060 0.9940
1397     1397   (0)      9  : 0.0090 0.9910
1398     1398   (0)      9  : 0.0080 0.9920
1399     1399   (0)      9  : 0.0070 0.9930
1400     1400   (0)      9  : 0.0060 0.9940
1401     1401   (0)      9  : 0.0070 0.9930
1402     1402   (0)      9  : 0.0214 0.9786
1403     1403   (0)      9  : 0.0060 0.9940
1404     1404   (0)      9  : 0.0050 0.9950
1405     1405   (0)      9  : 0.0070 0.9930
1406     1406   (0)      9  : 0.0180 0.9820
1407     1407   (0)      9  : 0.0070 0.9930
1408     1408   (0)      9  : 0.0070 0.9930
1409     1409   (0)      9  : 0.0060 0.9940
1410     1410   (0)      9  : 0.0090 0.9910
1411     1411   (0)      9  : 0.0060 0.9940
1412     1412   (0)      9  : 0.0060 0.9940
1413     1413   (0)      9  : 0.0080 0.9920
1414     1414   (0)      9  : 0.0170 0.9830
1415     1415   (0)      9  : 0.0130 0.9870
1416     1416   (0)      9  : 0.0080 0.9920
1417     1417   (0)      9  : 0.0188 0.9812
1418     1418   (0)      9  : 0.0090 0.9910
1419     1419   (0)      9  : 0.0060 0.9940
1420     1420   (0)      9  : 0.0050 0.9950
1421     1421   (0)      9  : 0.0060 0.9940
1422     1422   (0)      9  : 0.0050 0.9950
1423     1423   (0)      9  : 0.0050 0.9950
1424     1424   (0)      9  : 0.0070 0.9930
1425     1425   (0)      9  : 0.0070 0.9930
1426     1426   (0)      9  : 0.0060 0.9940
1427     1427   (0)      9  : 0.0070 0.9930
1428     1428   (0)      9  : 0.0130 0.9870
1429     1429   (0)      9  : 0.0090 0.9910
1430     1430   (0)      9  : 0.0050 0.9950
1431     1431   (0)      9  : 0.0070 0.9930
1432     1432   (0)      9  : 0.0060 0.9940
1433     1433   (0)      9  : 0.0120 0.9880
1434     1434   (0)      9  : 0.0080 0.9920
1435     1435   (0)      9  : 0.0060 0.9940
1436     1436   (0)      9  : 0.0070 0.9930
1437     1437   (0)      9  : 0.0050 0.9950
1438     1438   (0)      9  : 0.0070 0.9930
1439     1439   (0)      9  : 0.0060 0.9940
1440     1440   (0)      9  : 0.0060 0.9940
1441     1441   (0)      9  : 0.0050 0.9950
1442     1442   (0)      9  : 0.0070 0.9930
1443     1443   (0)      9  : 0.0090 0.9910
1444     1444   (0)      9  : 0.0080 0.9920
1445     1445   (0)      9  : 0.0080 0.9920
1446     1446   (0)      9  : 0.0202 0.9798
1447     1447   (0)      9  : 0.0070 0.9930
1448     1448   (0)      9  : 0.0080 0.9920
1449     1449   (0)      9  : 0.0060 0.9940
1450     1450   (0)      9  : 0.0220 0.9780
1451     1451   (0)      9  : 0.0090 0.9910
1452     1452   (0)      9  : 0.0050 0.9950
1453     1453   (0)      9  : 0.0060 0.9940
1454     1454   (0)      9  : 0.0210 0.9790
1455     1455   (0)      9  : 0.0060 0.9940
1456     1456   (0)      9  : 0.0080 0.9920
1457     1457   (0)      9  : 0.0060 0.9940
1458     1458   (0)      9  : 0.0070 0.9930
1459     1459   (0)      9  : 0.0070 0.9930
1460     1460   (0)      9  : 0.0050 0.9950
1461     1461   (0)      9  : 0.0070 0.9930
1462     1462   (0)      9  : 0.0100 0.9900
1463     1463   (0)      9  : 0.0050 0.9950
1464     1464   (0)      9  : 0.0060 0.9940
1465     1465   (0)      9  : 0.0070 0.9930
1466     1466   (0)      9  : 0.0116 0.9884
1467     1467   (0)      9  : 0.0060 0.9940
1468     1468   (0)      9  : 0.0080 0.9920
1469     1469   (0)      9  : 0.0080 0.9920
1470     1470   (0)      9  : 0.0110 0.9890
1471     1471   (0)      9  : 0.0090 0.9910
1472     1472   (0)      9  : 0.0060 0.9940
1473     1473   (0)      9  : 0.0060 0.9940
1474     1474   (0)      9  : 0.0070 0.9930
1475     1475   (0)      9  : 0.0100 0.9900
1476     1476   (0)      9  : 0.0050 0.9950
1477     1477   (0)      9  : 0.0070 0.9930
1478     1478   (0)      9  : 0.0070 0.9930
1479     1479   (0)      9  : 0.0110 0.9890
1480     1480   (0)      9  : 0.0060 0.9940
1481     1481   (0)      9  : 0.0080 0.9920
1482     1482   (0)      9  : 0.0080 0.9920
1483     1483   (0)      9  : 0.0060 0.9940
1484     1484   (0)      9  : 0.0070 0.9930
1485     1485   (0)      9  : 0.0070 0.9930
1486     1486   (0)      9  : 0.0060 0.9940
1487     1487   (0)      9  : 0.0050 0.9950
1488     1488   (0)      9  : 0.0070 0.9930
1489     1489   (0)      9  : 0.0070 0.9930
1490     1490   (0)      9  : 0.0070 0.9930
1491     1491   (0)      9  : 0.0070 0.9930
1492     1492   (0)      9  : 0.0070 0.9930
1493     1493   (0)      9  : 0.0100 0.9900
1494     1494   (0)      9  : 0.0200 0.9800
1495     1495   (0)      9  : 0.0070 0.9930
1496     1496   (0)      9  : 0.0060 0.9940
1497     1497   (0)      9  : 0.0070 0.9930
1498     1498   (0)      9  : 0.0090 0.9910
1499     1499   (0)      9  : 0.0060 0.9940
1500     1500   (0)      9  : 0.0080 0.9920
