1        1   (5)      1  : 0.9730 0.0270
2        2   (5)      1  : 0.9608 0.0392
3        3   (5)      1  : 0.9760 0.0240
4        4   (0)      1  : 0.9652 0.0348
5        5   (0)      1  : 0.9420 0.0580
6        6   (0)      1  : 0.9760 0.0240
7        7   (0)      1  : 0.9298 0.0702
8        8   (5)      1  : 0.9710 0.0290
9        9   (0)      1  : 0.9760 0.0240
10       10   (0)      1  : 0.9538 0.0462
11       11   (0)      1  : 0.9620 0.0380
12       12   (0)      1  : 0.9490 0.0510
13       13   (0)      1  : 0.9590 0.0410
14       14   (0)      1  : 0.9730 0.0270
15       15   (0)      1  : 0.9770 0.0230
16       16   (0)      1  : 0.9790 0.0210
17       17   (0)      1  : 0.9800 0.0200
18       18   (0)      1  : 0.9670 0.0330
19       19   (0)      1  : 0.9380 0.0620
20       20   (0)      1  : 0.9458 0.0542
21       21   (0)      1  : 0.9686 0.0314
22       22   (0)      1  : 0.9830 0.0170
23       23   (0)      1  : 0.9800 0.0200
24       24   (0)      1  : 0.9530 0.0470
25       25   (0)      1  : 0.9350 0.0650
26       26   (0)      1  : 0.9530 0.0470
27       27   (5)      1  : 0.9614 0.0386
28       28   (0)      1  : 0.9820 0.0180
29       29   (0)      1  : 0.9770 0.0230
30       30   (0)      1  : 0.9560 0.0440
31       31   (0)      1  : 0.9800 0.0200
32       32   (0)      1  : 0.9680 0.0320
33       33   (0)      1  : 0.9800 0.0200
34       34   (0)      1  : 0.9810 0.0190
35       35   (0)      1  : 0.9600 0.0400
36       36   (0)      1  : 0.9780 0.0220
37       37   (0)      1  : 0.9504 0.0496
38       38   (0)      1  : 0.9522 0.0478
39       39   (0)      1  : 0.9654 0.0346
40       40   (0)      1  : 0.9650 0.0350
41       41   (0)      1  : 0.9690 0.0310
42       42   (0)      1  : 0.9810 0.0190
43       43   (0)      1  : 0.9780 0.0220
44       44   (0)      1  : 0.9830 0.0170
45       45   (5)      1  : 0.9538 0.0462
46       46   (0)      1  : 0.9840 0.0160
47       47   (0)      1  : 0.9840 0.0160
48       48   (0)      1  : 0.9578 0.0422
49       49   (0)      1  : 0.9580 0.0420
50       50   (0)      1  : 0.9740 0.0260
51       51   (0)      1  : 0.9440 0.0560
52       52   (0)      1  : 0.8868 0.1132
53       53   (0)      1  : 0.9748 0.0252
54       54   (0)      1  : 0.9830 0.0170
55       55   (0)      1  : 0.9782 0.0218
56       56   (0)      1  : 0.9782 0.0218
57       57  (10)      1  : 0.9640 0.0360
58       58   (5)      1  : 0.9700 0.0300
59       59   (0)      1  : 0.9650 0.0350
60       60   (0)      1  : 0.9780 0.0220
61       61   (0)      1  : 0.9720 0.0280
62       62   (0)      1  : 0.9760 0.0240
63       63   (0)      1  : 0.9720 0.0280
64       64   (0)      1  : 0.9800 0.0200
65       65   (0)      1  : 0.9284 0.0716
66       66   (0)      1  : 0.9760 0.0240
67       67   (5)      1  : 0.9254 0.0746
68       68   (0)      1  : 0.9660 0.0340
69       69   (0)      1  : 0.9820 0.0180
70       70   (0)      1  : 0.9750 0.0250
71       71   (5)      1  : 0.9650 0.0350
72       72   (0)      1  : 0.9444 0.0556
73       73   (5)      1  : 0.9780 0.0220
74       74  (10)      1  : 0.9630 0.0370
75       75  (10)      1  : 0.9320 0.0680
76       76   (0)      1  : 0.9670 0.0330
77       77  (10)      1  : 0.9660 0.0340
78       78   (0)      1  : 0.9450 0.0550
79       79   (5)      1  : 0.9780 0.0220
80       80   (0)      1  : 0.9770 0.0230
81       81   (0)      1  : 0.9760 0.0240
82       82   (0)      1  : 0.9760 0.0240
83       83   (0)      1  : 0.9730 0.0270
84       84   (0)      1  : 0.9500 0.0500
85       85   (0)      1  : 0.9800 0.0200
86       86   (5)      1  : 0.9760 0.0240
87       87   (0)      1  : 0.9780 0.0220
88       88   (0)      1  : 0.9372 0.0628
89       89   (0)      1  : 0.8990 0.1010
90       90   (0)      1  : 0.9740 0.0260
91       91   (0)      1  : 0.9680 0.0320
92       92   (0)      1  : 0.9740 0.0260
93       93   (0)      1  : 0.9790 0.0210
94       94   (5)      1  : 0.9256 0.0744
95       95   (0)      1  : 0.9730 0.0270
96       96   (5)      1  : 0.9710 0.0290
97       97   (0)      1  : 0.9820 0.0180
98       98   (0)      1  : 0.9640 0.0360
99       99   (5)      1  : 0.9640 0.0360
100      100   (5)      1  : 0.9790 0.0210
101      101   (0)      2  : 0.8524 0.1476
102      102   (0)      2  : 0.9190 0.0810
103      103   (0)      2  : 0.9284 0.0716
104      104   (0)      2  : 0.9124 0.0876
105      105   (0)      2  : 0.7980 0.2020
106      106   (0)      2  : 0.9640 0.0360
107      107   (0)      2  : 0.9366 0.0634
108      108   (0)      2  : 0.9142 0.0858
109      109   (0)      2  : 0.8220 0.1780
110      110   (0)      2  : 0.9230 0.0770
111      111   (0)      2  : 0.9810 0.0190
112      112   (0)      2  : 0.9538 0.0462
113      113   (0)      2  : 0.9502 0.0498
114      114   (0)      2  : 0.9082 0.0918
115      115   (0)      2  : 0.9180 0.0820
116      116   (0)      2  : 0.9398 0.0602
117      117   (0)      2  : 0.9060 0.0940
118      118   (0)      2  : 0.9100 0.0900
119      119   (0)      2  : 0.8450 0.1550
120      120   (0)      2  : 0.9314 0.0686
121      121   (0)      2  : 0.9720 0.0280
122      122   (0)      2  : 0.8986 0.1014
123      123   (0)      2  : 0.9278 0.0722
124      124   (0)      2  : 0.8208 0.1792
125      125   (0)      2  : 0.9510 0.0490
126      126   (0)      2  : 0.9650 0.0350
127      127   (0)      2  : 0.8746 0.1254
128      128   (0)      2  : 0.9134 0.0866
129      129   (0)      2  : 0.8010 0.1990
130      130   (0)      2  : 0.9200 0.0800
131      131   (0)      2  : 0.9330 0.0670
132      132   (0)      2  : 0.9258 0.0742
133      133   (0)      2  : 0.9610 0.0390
134      134   (0)      2  : 0.9770 0.0230
135      135   (0)      2  : 0.8900 0.1100
136      136   (0)      2  : 0.8180 0.1820
137      137   (0)      2  : 0.9640 0.0360
138      138   (0)      2  : 0.9008 0.0992
139      139   (0)      2  : 0.9310 0.0690
140      140   (0)      2  : 0.9286 0.0714
141      141   (0)      2  : 0.9056 0.0944
142      142   (0)      2  : 0.9550 0.0450
143      143   (0)      2  : 0.9312 0.0688
144      144   (0)      2  : 0.8030 0.1970
145      145   (0)      2  : 0.9480 0.0520
146      146   (0)      2  : 0.9730 0.0270
147      147   (0)      2  : 0.9144 0.0856
148      148   (0)      2  : 0.9680 0.0320
149      149   (0)      2  : 0.9620 0.0380
150      150   (0)      2  : 0.9050 0.0950
151      151   (0)      2  : 0.8002 0.1998
152      152   (0)      2  : 0.7766 0.2234
153      153   (0)      2  : 0.8928 0.1072
154      154   (0)      2  : 0.9630 0.0370
155      155   (0)      2  : 0.8380 0.1620
156      156   (0)      2  : 0.8570 0.1430
157      157   (0)      2  : 0.9356 0.0644
158      158   (0)      2  : 0.9500 0.0500
159      159   (0)      2  : 0.8922 0.1078
160      160   (0)      2  : 0.7430 0.2570
161      161   (0)      2  : 0.9340 0.0660
162      162   (0)      2  : 0.9390 0.0610
163      163   (0)      2  : 0.9038 0.0962
164      164   (0)      2  : 0.8038 0.1962
165      165   (0)      2  : 0.9680 0.0320
166      166   (0)      2  : 0.8972 0.1028
167      167   (0)      2  : 0.8858 0.1142
168      168   (0)      2  : 0.8538 0.1462
169      169   (0)      2  : 0.9590 0.0410
170      170   (0)      2  : 0.8772 0.1228
171      171   (0)      2  : 0.8578 0.1422
172      172   (0)      2  : 0.9058 0.0942
173      173   (0)      2  : 0.8670 0.1330
174      174   (0)      2  : 0.9670 0.0330
175      175   (0)      2  : 0.7702 0.2298
176      176   (0)      2  : 0.8400 0.1600
177      177   (0)      2  : 0.9620 0.0380
178      178   (0)      2  : 0.8980 0.1020
179      179   (0)      2  : 0.8276 0.1724
180      180   (0)      2  : 0.7304 0.2696
181      181   (0)      2  : 0.8330 0.1670
182      182   (0)      2  : 0.9590 0.0410
183      183   (0)      2  : 0.9356 0.0644
184      184   (0)      2  : 0.8938 0.1062
185      185   (0)      2  : 0.9688 0.0312
186      186   (0)      2  : 0.9192 0.0808
187      187   (0)      2  : 0.9300 0.0700
188      188   (0)      2  : 0.9050 0.0950
189      189   (0)      2  : 0.8930 0.1070
190      190   (0)      2  : 0.9520 0.0480
191      191   (0)      2  : 0.9392 0.0608
192      192   (0)      2  : 0.9760 0.0240
193      193   (0)      2  : 0.9580 0.0420
194      194   (0)      2  : 0.8396 0.1604
195      195   (0)      2  : 0.9712 0.0288
196      196   (0)      2  : 0.9770 0.0230
197      197   (0)      2  : 0.8646 0.1354
198      198   (0)      2  : 0.9610 0.0390
199      199   (0)      2  : 0.8598 0.1402
200      200   (0)      2  : 0.8004 0.1996
201      201   (0)      3  : 0.7810 0.2190
202      202   (0)      3  : 0.8892 0.1108
203      203   (0)      3  : 0.8858 0.1142
204      204   (0)      3  : 0.6390 0.3610
205      205   (0)      3  : 0.7294 0.2706
206      206   (0)      3  : 0.5920 0.4080
207      207   (0)      3  : 0.7496 0.2504
208      208   (0)      3  : 0.7592 0.2408
209      209   (0)      3  : 0.8748 0.1252
210      210   (0)      3  : 0.5890 0.4110
211      211   (0)      3  : 0.8512 0.1488
212      212   (0)      3  : 0.6440 0.3560
213      213   (0)      3  : 0.8208 0.1792
214      214   (0)      3  : 0.5650 0.4350
215      215   (0)      3  : 0.7588 0.2412
216      216   (0)      3  : 0.8430 0.1570
217      217   (0)      3  : 0.8120 0.1880
218      218   (0)      3  : 0.8296 0.1704
219      219   (0)      3  : 0.8068 0.1932
220      220   (0)      3  : 0.9200 0.0800
221      221   (0)      3  : 0.8066 0.1934
222      222   (0)      3  : 0.7196 0.2804
223      223   (0)      3  : 0.8780 0.1220
224      224   (0)      3  : 0.8686 0.1314
225      225   (0)      3  : 0.6900 0.3100
226      226   (0)      3  : 0.8190 0.1810
227      227   (0)      3  : 0.9584 0.0416
228      228   (0)      3  : 0.7090 0.2910
229      229   (0)      3  : 0.8204 0.1796
230      230   (0)      3  : 0.7970 0.2030
231      231   (0)      3  : 0.9194 0.0806
232      232   (0)      3  : 0.9500 0.0500
233      233   (0)      3  : 0.9106 0.0894
234      234   (0)      3  : 0.7524 0.2476
235      235   (0)      3  : 0.9060 0.0940
236      236   (0)      3  : 0.7850 0.2150
237      237   (0)      3  : 0.8420 0.1580
238      238   (0)      3  : 0.8410 0.1590
239      239   (0)      3  : 0.7950 0.2050
240      240   (0)      3  : 0.8810 0.1190
241      241   (0)      3  : 0.6182 0.3818
242      242   (0)      3  : 0.7950 0.2050
243      243   (0)      3  : 0.6188 0.3812
244      244   (0)      3  : 0.7036 0.2964
245      245   (0)      3  : 0.7050 0.2950
246      246   (0)      3  : 0.7866 0.2134
247      247   (0)      3  : 0.7442 0.2558
248      248   (0)      3  : 0.6990 0.3010
249      249   (0)      3  : 0.8082 0.1918
250      250   (0)      3  : 0.9062 0.0938
251      251   (0)      3  : 0.7690 0.2310
252      252   (0)      3  : 0.7470 0.2530
253      253   (0)      3  : 0.9274 0.0726
254      254   (0)      3  : 0.7428 0.2572
255      255   (0)      3  : 0.6868 0.3132
256      256   (0)      3  : 0.7940 0.2060
257      257   (0)      3  : 0.6940 0.3060
258      258   (0)      3  : 0.8530 0.1470
259      259   (0)      3  : 0.5966 0.4034
260      260   (0)      3  : 0.7784 0.2216
261      261   (0)      3  : 0.9100 0.0900
262      262   (0)      3  : 0.7330 0.2670
263      263   (0)      3  : 0.7534 0.2466
264      264   (0)      3  : 0.7208 0.2792
265      265   (0)      3  : 0.8570 0.1430
266      266   (0)      3  : 0.6010 0.3990
267      267   (0)      3  : 0.9258 0.0742
268      268   (0)      3  : 0.7322 0.2678
269      269   (0)      3  : 0.6490 0.3510
270      270   (0)      3  : 0.7002 0.2998
271      271   (0)      3  : 0.7276 0.2724
272      272   (0)      3  : 0.6858 0.3142
273      273   (0)      3  : 0.8020 0.1980
274      274   (0)      3  : 0.8152 0.1848
275      275   (0)      3  : 0.7520 0.2480
276      276   (0)      3  : 0.7038 0.2962
277      277   (0)      3  : 0.7988 0.2012
278      278   (0)      3  : 0.7784 0.2216
279      279   (0)      3  : 0.7866 0.2134
280      280   (0)      3  : 0.8152 0.1848
281      281   (0)      3  : 0.7424 0.2576
282      282   (0)      3  : 0.7116 0.2884
283      283   (0)      3  : 0.5824 0.4176
284      284   (0)      3  : 0.9604 0.0396
285      285   (0)      3  : 0.8646 0.1354
286      286   (0)      3  : 0.9190 0.0810
287      287   (0)      3  : 0.7590 0.2410
288      288   (0)      3  : 0.9590 0.0410
289      289   (0)      3  : 0.9052 0.0948
290      290   (0)      3  : 0.8848 0.1152
291      291   (0)      3  : 0.8578 0.1422
292      292   (0)      3  : 0.6978 0.3022
293      293   (0)      3  : 0.8178 0.1822
294      294   (0)      3  : 0.8754 0.1246
295      295   (0)      3  : 0.6088 0.3912
296      296   (0)      3  : 0.9760 0.0240
297      297   (0)      3  : 0.7900 0.2100
298      298   (0)      3  : 0.7188 0.2812
299      299   (0)      3  : 0.8506 0.1494
300      300   (0)      3  : 0.4946 0.5054
301      301   (0)      4  : 0.4654 0.5346
302      302   (0)      4  : 0.4230 0.5770
303      303   (0)      4  : 0.4222 0.5778
304      304   (0)      4  : 0.4510 0.5490
305      305   (0)      4  : 0.5230 0.4770
306      306   (0)      4  : 0.4558 0.5442
307      307   (0)      4  : 0.5920 0.4080
308      308   (0)      4  : 0.4646 0.5354
309      309   (0)      4  : 0.4910 0.5090
310      310   (0)      4  : 0.6060 0.3940
311      311   (0)      4  : 0.4158 0.5842
312      312   (0)      4  : 0.5368 0.4632
313      313   (0)      4  : 0.4250 0.5750
314      314   (0)      4  : 0.4680 0.5320
315      315   (0)      4  : 0.4050 0.5950
316      316   (0)      4  : 0.4630 0.5370
317      317   (0)      4  : 0.5528 0.4472
318      318   (0)      4  : 0.4308 0.5692
319      319   (0)      4  : 0.4560 0.5440
320      320   (0)      4  : 0.4060 0.5940
321      321   (0)      4  : 0.5350 0.4650
322      322   (0)      4  : 0.6266 0.3734
323      323   (0)      4  : 0.6118 0.3882
324      324   (0)      4  : 0.5008 0.4992
325      325   (0)      4  : 0.5430 0.4570
326      326   (0)      4  : 0.5662 0.4338
327      327   (0)      4  : 0.5780 0.4220
328      328   (0)      4  : 0.4050 0.5950
329      329   (0)      4  : 0.5432 0.4568
330      330   (0)      4  : 0.5008 0.4992
331      331   (0)      4  : 0.4760 0.5240
332      332   (0)      4  : 0.4736 0.5264
333      333   (0)      4  : 0.5000 0.5000
334      334   (0)      4  : 0.6110 0.3890
335      335   (0)      4  : 0.5560 0.4440
336      336   (0)      4  : 0.6404 0.3596
337      337   (0)      4  : 0.5138 0.4862
338      338   (0)      4  : 0.5920 0.4080
339      339   (0)      4  : 0.6740 0.3260
340      340   (0)      4  : 0.5564 0.4436
341      341   (0)      4  : 0.4230 0.5770
342      342   (0)      4  : 0.4570 0.5430
343      343   (0)      4  : 0.4130 0.5870
344      344   (0)      4  : 0.4510 0.5490
345      345   (0)      4  : 0.5760 0.4240
346      346   (0)      4  : 0.5240 0.4760
347      347   (0)      4  : 0.5260 0.4740
348      348   (0)      4  : 0.4780 0.5220
349      349   (0)      4  : 0.5550 0.4450
350      350   (0)      4  : 0.5286 0.4714
351      351   (0)      4  : 0.4660 0.5340
352      352   (0)      4  : 0.5530 0.4470
353      353   (0)      4  : 0.5430 0.4570
354      354   (0)      4  : 0.3596 0.6404
355      355   (0)      4  : 0.3830 0.6170
356      356   (0)      4  : 0.6210 0.3790
357      357   (0)      4  : 0.4578 0.5422
358      358   (0)      4  : 0.5260 0.4740
359      359   (0)      4  : 0.4572 0.5428
360      360   (0)      4  : 0.4160 0.5840
361      361   (0)      4  : 0.4650 0.5350
362      362   (0)      4  : 0.4262 0.5738
363      363   (0)      4  : 0.4514 0.5486
364      364   (0)      4  : 0.4740 0.5260
365      365   (0)      4  : 0.3590 0.6410
366      366   (0)      4  : 0.5250 0.4750
367      367   (0)      4  : 0.4542 0.5458
368      368   (0)      4  : 0.4990 0.5010
369      369   (0)      4  : 0.5250 0.4750
370      370   (0)      4  : 0.5274 0.4726
371      371   (0)      4  : 0.4324 0.5676
372      372   (0)      4  : 0.5170 0.4830
373      373   (0)      4  : 0.3160 0.6840
374      374   (0)      4  : 0.3930 0.6070
375      375   (0)      4  : 0.5378 0.4622
376      376   (0)      4  : 0.4760 0.5240
377      377   (0)      4  : 0.3430 0.6570
378      378   (0)      4  : 0.5130 0.4870
379      379   (0)      4  : 0.5120 0.4880
380      380   (0)      4  : 0.4996 0.5004
381      381   (0)      4  : 0.7230 0.2770
382      382   (0)      4  : 0.4724 0.5276
383      383   (0)      4  : 0.4350 0.5650
384      384   (0)      4  : 0.6804 0.3196
385      385   (0)      4  : 0.5010 0.4990
386      386   (0)      4  : 0.4254 0.5746
387      387   (0)      4  : 0.4940 0.5060
388      388   (0)      4  : 0.4310 0.5690
389      389   (0)      4  : 0.4796 0.5204
390      390   (0)      4  : 0.5670 0.4330
391      391   (0)      4  : 0.5024 0.4976
392      392   (0)      4  : 0.3940 0.6060
393      393   (0)      4  : 0.5790 0.4210
394      394   (0)      4  : 0.6312 0.3688
395      395   (0)      4  : 0.5120 0.4880
396      396   (0)      4  : 0.4860 0.5140
397      397   (0)      4  : 0.4440 0.5560
398      398   (0)      4  : 0.4792 0.5208
399      399   (0)      4  : 0.4140 0.5860
400      400   (0)      4  : 0.6722 0.3278
401      401   (0)      5  : 0.2350 0.7650
402      402   (0)      5  : 0.3978 0.6022
403      403   (0)      5  : 0.2872 0.7128
404      404   (0)      5  : 0.2908 0.7092
405      405   (0)      5  : 0.2538 0.7462
406      406   (0)      5  : 0.3110 0.6890
407      407   (0)      5  : 0.1880 0.8120
408      408   (0)      5  : 0.4000 0.6000
409      409   (0)      5  : 0.3790 0.6210
410      410   (0)      5  : 0.1862 0.8138
411      411   (0)      5  : 0.1810 0.8190
412      412   (0)      5  : 0.2210 0.7790
413      413   (0)      5  : 0.2620 0.7380
414      414   (0)      5  : 0.3180 0.6820
415      415   (0)      5  : 0.2550 0.7450
416      416   (0)      5  : 0.3010 0.6990
417      417   (0)      5  : 0.2300 0.7700
418      418   (0)      5  : 0.2730 0.7270
419      419   (0)      5  : 0.3316 0.6684
420      420   (0)      5  : 0.3240 0.6760
421      421   (0)      5  : 0.3190 0.6810
422      422   (0)      5  : 0.0970 0.9030
423      423   (0)      5  : 0.2450 0.7550
424      424   (0)      5  : 0.2130 0.7870
425      425   (0)      5  : 0.2020 0.7980
426      426   (0)      5  : 0.4120 0.5880
427      427   (0)      5  : 0.4080 0.5920
428      428   (0)      5  : 0.2336 0.7664
429      429   (0)      5  : 0.3210 0.6790
430      430   (0)      5  : 0.1588 0.8412
431      431   (0)      5  : 0.5220 0.4780
432      432   (0)      5  : 0.2940 0.7060
433      433   (0)      5  : 0.1470 0.8530
434      434   (0)      5  : 0.2480 0.7520
435      435   (0)      5  : 0.4052 0.5948
436      436   (0)      5  : 0.3740 0.6260
437      437   (0)      5  : 0.2380 0.7620
438      438   (0)      5  : 0.0982 0.9018
439      439   (0)      5  : 0.2268 0.7732
440      440   (0)      5  : 0.1840 0.8160
441      441   (0)      5  : 0.2268 0.7732
442      442   (0)      5  : 0.1304 0.8696
443      443   (0)      5  : 0.1822 0.8178
444      444   (0)      5  : 0.1920 0.8080
445      445   (0)      5  : 0.1960 0.8040
446      446   (0)      5  : 0.1386 0.8614
447      447   (0)      5  : 0.3590 0.6410
448      448   (0)      5  : 0.2760 0.7240
449      449   (0)      5  : 0.2160 0.7840
450      450   (0)      5  : 0.1718 0.8282
451      451   (0)      5  : 0.0698 0.9302
452      452   (0)      5  : 0.2072 0.7928
453      453   (0)      5  : 0.1610 0.8390
454      454   (0)      5  : 0.1430 0.8570
455      455   (0)      5  : 0.2990 0.7010
456      456   (0)      5  : 0.3110 0.6890
457      457   (0)      5  : 0.3686 0.6314
458      458   (0)      5  : 0.2490 0.7510
459      459   (0)      5  : 0.3346 0.6654
460      460   (0)      5  : 0.2118 0.7882
461      461   (0)      5  : 0.2490 0.7510
462      462   (0)      5  : 0.2294 0.7706
463      463   (0)      5  : 0.3820 0.6180
464      464   (0)      5  : 0.1282 0.8718
465      465   (0)      5  : 0.2468 0.7532
466      466   (0)      5  : 0.2940 0.7060
467      467   (0)      5  : 0.2452 0.7548
468      468   (0)      5  : 0.1290 0.8710
469      469   (0)      5  : 0.2228 0.7772
470      470   (0)      5  : 0.1150 0.8850
471      471   (0)      5  : 0.2020 0.7980
472      472   (0)      5  : 0.1200 0.8800
473      473   (0)      5  : 0.4790 0.5210
474      474   (0)      5  : 0.2850 0.7150
475      475   (0)      5  : 0.1520 0.8480
476      476   (0)      5  : 0.2664 0.7336
477      477   (0)      5  : 0.0564 0.9436
478      478   (0)      5  : 0.0632 0.9368
479      479   (0)      5  : 0.2146 0.7854
480      480   (0)      5  : 0.3230 0.6770
481      481   (0)      5  : 0.1104 0.8896
482      482   (0)      5  : 0.2460 0.7540
483      483   (0)      5  : 0.1750 0.8250
484      484   (0)      5  : 0.1500 0.8500
485      485   (0)      5  : 0.3580 0.6420
486      486   (0)      5  : 0.1192 0.8808
487      487   (0)      5  : 0.3758 0.6242
488      488   (0)      5  : 0.2700 0.7300
489      489   (0)      5  : 0.3100 0.6900
490      490   (0)      5  : 0.2100 0.7900
491      491   (0)      5  : 0.3624 0.6376
492      492   (0)      5  : 0.3580 0.6420
493      493   (0)      5  : 0.3400 0.6600
494      494   (0)      5  : 0.3080 0.6920
495      495   (0)      5  : 0.1848 0.8152
496      496   (0)      5  : 0.0550 0.9450
497      497   (0)      5  : 0.1898 0.8102
498      498   (0)      5  : 0.2400 0.7600
499      499   (0)      5  : 0.3400 0.6600
500      500   (0)      5  : 0.3232 0.6768
501      501   (0)      6  : 0.0660 0.9340
502      502   (0)      6  : 0.0820 0.9180
503      503   (0)      6  : 0.2280 0.7720
504      504   (0)      6  : 0.0180 0.9820
505      505   (0)      6  : 0.1888 0.8112
506      506   (0)      6  : 0.1308 0.8692
507      507   (0)      6  : 0.0790 0.9210
508      508   (0)      6  : 0.0638 0.9362
509      509   (0)      6  : 0.2710 0.7290
510      510   (0)      6  : 0.0812 0.9188
511      511   (0)      6  : 0.1152 0.8848
512      512   (0)      6  : 0.0260 0.9740
513      513   (0)      6  : 0.1002 0.8998
514      514   (0)      6  : 0.1570 0.8430
515      515   (0)      6  : 0.1428 0.8572
516      516   (0)      6  : 0.1148 0.8852
517      517   (0)      6  : 0.1920 0.8080
518      518   (0)      6  : 0.0450 0.9550
519      519   (0)      6  : 0.0830 0.9170
520      520   (0)      6  : 0.1350 0.8650
521      521   (0)      6  : 0.1840 0.8160
522      522   (0)      6  : 0.0818 0.9182
523      523   (0)      6  : 0.2590 0.7410
524      524   (0)      6  : 0.1710 0.8290
525      525   (0)      6  : 0.1224 0.8776
526      526   (0)      6  : 0.0594 0.9406
527      527   (0)      6  : 0.1124 0.8876
528      528   (0)      6  : 0.2408 0.7592
529      529   (0)      6  : 0.1760 0.8240
530      530   (0)      6  : 0.2526 0.7474
531      531   (0)      6  : 0.1650 0.8350
532      532   (0)      6  : 0.0190 0.9810
533      533   (0)      6  : 0.0738 0.9262
534      534   (0)      6  : 0.1720 0.8280
535      535   (0)      6  : 0.3036 0.6964
536      536   (0)      6  : 0.0230 0.9770
537      537   (0)      6  : 0.1124 0.8876
538      538   (0)      6  : 0.0772 0.9228
539      539   (0)      6  : 0.0520 0.9480
540      540   (0)      6  : 0.1220 0.8780
541      541   (0)      6  : 0.1610 0.8390
542      542   (0)      6  : 0.0850 0.9150
543      543   (0)      6  : 0.0210 0.9790
544      544   (0)      6  : 0.1340 0.8660
545      545   (0)      6  : 0.1910 0.8090
546      546   (0)      6  : 0.1390 0.8610
547      547   (0)      6  : 0.1104 0.8896
548      548   (0)      6  : 0.0250 0.9750
549      549   (0)      6  : 0.0920 0.9080
550      550   (0)      6  : 0.0612 0.9388
551      551   (0)      6  : 0.1266 0.8734
552      552   (0)      6  : 0.0840 0.9160
553      553   (0)      6  : 0.1400 0.8600
554      554   (0)      6  : 0.0758 0.9242
555      555   (0)      6  : 0.0290 0.9710
556      556   (0)      6  : 0.1020 0.8980
557      557   (0)      6  : 0.0636 0.9364
558      558   (0)      6  : 0.3260 0.6740
559      559   (0)      6  : 0.0638 0.9362
560      560   (0)      6  : 0.0716 0.9284
561      561   (0)      6  : 0.1220 0.8780
562      562   (0)      6  : 0.1400 0.8600
563      563   (0)      6  : 0.0190 0.9810
564      564   (0)      6  : 0.2002 0.7998
565      565   (0)      6  : 0.0666 0.9334
566      566   (0)      6  : 0.1108 0.8892
567      567   (0)      6  : 0.0476 0.9524
568      568   (0)      6  : 0.1340 0.8660
569      569   (0)      6  : 0.2750 0.7250
570      570   (0)      6  : 0.1488 0.8512
571      571   (0)      6  : 0.1698 0.8302
572      572   (0)      6  : 0.0910 0.9090
573      573   (0)      6  : 0.2132 0.7868
574      574   (0)      6  : 0.0812 0.9188
575      575   (0)      6  : 0.1530 0.8470
576      576   (0)      6  : 0.1734 0.8266
577      577   (0)      6  : 0.1508 0.8492
578      578   (0)      6  : 0.1390 0.8610
579      579   (0)      6  : 0.1012 0.8988
580      580   (0)      6  : 0.1640 0.8360
581      581   (0)      6  : 0.1140 0.8860
582      582   (0)      6  : 0.3330 0.6670
583      583   (0)      6  : 0.1462 0.8538
584      584   (0)      6  : 0.1010 0.8990
585      585   (0)      6  : 0.0530 0.9470
586      586   (0)      6  : 0.1600 0.8400
587      587   (0)      6  : 0.1212 0.8788
588      588   (0)      6  : 0.0480 0.9520
589      589   (0)      6  : 0.0820 0.9180
590      590   (0)      6  : 0.1620 0.8380
591      591   (0)      6  : 0.1182 0.8818
592      592   (0)      6  : 0.1196 0.8804
593      593   (0)      6  : 0.0590 0.9410
594      594   (0)      6  : 0.1334 0.8666
595      595   (0)      6  : 0.0190 0.9810
596      596   (0)      6  : 0.2580 0.7420
597      597   (0)      6  : 0.2478 0.7522
598      598   (0)      6  : 0.0380 0.9620
599      599   (0)      6  : 0.1900 0.8100
600      600   (0)      6  : 0.0874 0.9126
601      601   (5)      7  : 0.0270 0.9730
602      602   (0)      7  : 0.0330 0.9670
603      603   (0)      7  : 0.0200 0.9800
604      604   (0)      7  : 0.1120 0.8880
605      605   (0)      7  : 0.0260 0.9740
606      606   (0)      7  : 0.0260 0.9740
607      607   (0)      7  : 0.0160 0.9840
608      608   (0)      7  : 0.0250 0.9750
609      609   (0)      7  : 0.0280 0.9720
610      610   (0)      7  : 0.0240 0.9760
611      611   (0)      7  : 0.0160 0.9840
612      612   (0)      7  : 0.0190 0.9810
613      613   (0)      7  : 0.0500 0.9500
614      614   (5)      7  : 0.0160 0.9840
615      615   (0)      7  : 0.0220 0.9780
616      616   (0)      7  : 0.0170 0.9830
617      617   (0)      7  : 0.0240 0.9760
618      618   (0)      7  : 0.0350 0.9650
619      619   (0)      7  : 0.0470 0.9530
620      620   (0)      7  : 0.0190 0.9810
621      621   (0)      7  : 0.0170 0.9830
622      622   (0)      7  : 0.0232 0.9768
623      623   (0)      7  : 0.0170 0.9830
624      624   (0)      7  : 0.0146 0.9854
625      625   (0)      7  : 0.0150 0.9850
626      626   (0)      7  : 0.0190 0.9810
627      627   (0)      7  : 0.0186 0.9814
628      628   (0)      7  : 0.0190 0.9810
629      629   (0)      8  : 0.0240 0.9760
630      630   (0)      8  : 0.0170 0.9830
631      631   (0)      8  : 0.0180 0.9820
632      632   (0)      8  : 0.0300 0.9700
633      633   (0)      8  : 0.0140 0.9860
634      634   (0)      8  : 0.0660 0.9340
635      635   (0)      8  : 0.0170 0.9830
636      636   (0)      8  : 0.0190 0.9810
637      637   (0)      8  : 0.0230 0.9770
638      638   (0)      8  : 0.0206 0.9794
639      639   (0)      8  : 0.0270 0.9730
640      640   (0)      8  : 0.0150 0.9850
641      641   (0)      8  : 0.0270 0.9730
642      642   (0)      8  : 0.0380 0.9620
643      643   (0)      8  : 0.0140 0.9860
644      644   (0)      8  : 0.0190 0.9810
645      645   (0)      8  : 0.0210 0.9790
646      646   (0)      8  : 0.0240 0.9760
647      647   (0)      8  : 0.0260 0.9740
648      648   (0)      8  : 0.0180 0.9820
649      649   (0)      8  : 0.0172 0.9828
650      650   (0)      8  : 0.0190 0.9810
651      651   (0)      8  : 0.0322 0.9678
652      652   (0)      8  : 0.0360 0.9640
653      653   (0)      8  : 0.0190 0.9810
654      654   (0)      8  : 0.0160 0.9840
655      655   (0)      8  : 0.0210 0.9790
656      656   (0)      8  : 0.0160 0.9840
657      657   (0)      8  : 0.0200 0.9800
658      658   (0)      8  : 0.0150 0.9850
659      659   (0)      8  : 0.0180 0.9820
660      660   (0)      8  : 0.0180 0.9820
661      661   (0)      8  : 0.0360 0.9640
662      662   (0)      8  : 0.0848 0.9152
663      663   (0)      8  : 0.0222 0.9778
664      664   (0)      8  : 0.0330 0.9670
665      665   (0)      8  : 0.0210 0.9790
666      666   (0)      8  : 0.0210 0.9790
667      667   (0)      8  : 0.0218 0.9782
668      668   (0)      8  : 0.0260 0.9740
669      669   (0)      8  : 0.0310 0.9690
670      670   (0)      8  : 0.0500 0.9500
671      671   (0)      8  : 0.0220 0.9780
672      672   (0)      8  : 0.0210 0.9790
673      673   (0)      8  : 0.0290 0.9710
674      674   (0)      8  : 0.0200 0.9800
675      675   (0)      8  : 0.0230 0.9770
676      676   (0)      8  : 0.0266 0.9734
677      677   (0)      8  : 0.0170 0.9830
678      678   (0)      8  : 0.0190 0.9810
679      679   (0)      8  : 0.0170 0.9830
680      680   (0)      8  : 0.0190 0.9810
681      681   (0)      8  : 0.0190 0.9810
682      682   (0)      8  : 0.0320 0.9680
683      683   (0)      8  : 0.0230 0.9770
684      684   (0)      8  : 0.0280 0.9720
685      685   (0)      8  : 0.0270 0.9730
686      686   (0)      8  : 0.0160 0.9840
687      687   (0)      8  : 0.0170 0.9830
688      688   (0)      8  : 0.0210 0.9790
689      689   (0)      8  : 0.0190 0.9810
690      690   (0)      8  : 0.0170 0.9830
691      691   (0)      8  : 0.0190 0.9810
692      692   (0)      8  : 0.0170 0.9830
693      693   (0)      8  : 0.0190 0.9810
694      694   (0)      8  : 0.0160 0.9840
695      695   (0)      8  : 0.0140 0.9860
696      696   (0)      8  : 0.0200 0.9800
697      697   (0)      8  : 0.0280 0.9720
698      698   (0)      8  : 0.0220 0.9780
699      699   (0)      8  : 0.0180 0.9820
700      700   (0)      8  : 0.0290 0.9710
