1        1   (5)      1  : 0.9900 0.0100
2        2   (5)      1  : 0.9700 0.0300
3        3   (5)      1  : 0.9920 0.0080
4        4   (0)      1  : 0.9900 0.0100
5        5   (0)      1  : 0.9670 0.0330
6        6   (0)      1  : 0.9900 0.0100
7        7   (0)      1  : 0.9710 0.0290
8        8   (5)      1  : 0.9910 0.0090
9        9   (0)      1  : 0.9920 0.0080
10       10   (0)      1  : 0.9780 0.0220
11       11   (0)      1  : 0.9890 0.0110
12       12   (0)      1  : 0.9770 0.0230
13       13   (0)      1  : 0.9820 0.0180
14       14   (0)      1  : 0.9900 0.0100
15       15   (0)      1  : 0.9920 0.0080
16       16   (0)      1  : 0.9930 0.0070
17       17   (0)      1  : 0.9930 0.0070
18       18   (0)      1  : 0.9830 0.0170
19       19   (0)      1  : 0.9662 0.0338
20       20   (0)      1  : 0.9770 0.0230
21       21   (0)      1  : 0.9880 0.0120
22       22   (0)      1  : 0.9940 0.0060
23       23   (0)      1  : 0.9930 0.0070
24       24   (0)      1  : 0.9800 0.0200
25       25   (0)      1  : 0.9710 0.0290
26       26   (0)      1  : 0.9814 0.0186
27       27   (5)      1  : 0.9840 0.0160
28       28   (0)      1  : 0.9940 0.0060
29       29   (0)      1  : 0.9920 0.0080
30       30   (0)      1  : 0.9690 0.0310
31       31   (0)      1  : 0.9930 0.0070
32       32   (0)      1  : 0.9850 0.0150
33       33   (0)      1  : 0.9920 0.0080
34       34   (0)      1  : 0.9940 0.0060
35       35   (0)      1  : 0.9840 0.0160
36       36   (0)      1  : 0.9860 0.0140
37       37   (0)      1  : 0.9810 0.0190
38       38   (0)      1  : 0.9790 0.0210
39       39   (0)      1  : 0.9840 0.0160
40       40   (0)      1  : 0.9880 0.0120
41       41   (0)      1  : 0.9900 0.0100
42       42   (0)      1  : 0.9940 0.0060
43       43   (0)      1  : 0.9920 0.0080
44       44   (0)      1  : 0.9940 0.0060
45       45   (5)      1  : 0.9820 0.0180
46       46   (0)      1  : 0.9950 0.0050
47       47   (0)      1  : 0.9940 0.0060
48       48   (0)      1  : 0.9900 0.0100
49       49   (0)      1  : 0.9810 0.0190
50       50   (0)      1  : 0.9910 0.0090
51       51   (0)      1  : 0.9800 0.0200
52       52   (0)      1  : 0.9266 0.0734
53       53   (0)      1  : 0.9902 0.0098
54       54   (0)      1  : 0.9940 0.0060
55       55   (0)      1  : 0.9920 0.0080
56       56   (0)      1  : 0.9916 0.0084
57       57  (10)      1  : 0.9860 0.0140
58       58   (5)      1  : 0.9890 0.0110
59       59   (0)      1  : 0.9880 0.0120
60       60   (0)      1  : 0.9920 0.0080
61       61   (0)      1  : 0.9900 0.0100
62       62   (0)      1  : 0.9910 0.0090
63       63   (0)      1  : 0.9900 0.0100
64       64   (0)      1  : 0.9930 0.0070
65       65   (0)      1  : 0.9470 0.0530
66       66   (0)      1  : 0.9920 0.0080
67       67   (5)      1  : 0.9674 0.0326
68       68   (0)      1  : 0.9890 0.0110
69       69   (0)      1  : 0.9930 0.0070
70       70   (0)      1  : 0.9900 0.0100
71       71   (5)      1  : 0.9890 0.0110
72       72   (0)      1  : 0.9720 0.0280
73       73   (5)      1  : 0.9930 0.0070
74       74  (10)      1  : 0.9830 0.0170
75       75  (10)      1  : 0.9670 0.0330
76       76   (0)      1  : 0.9894 0.0106
77       77  (10)      1  : 0.9870 0.0130
78       78   (0)      1  : 0.9820 0.0180
79       79   (5)      1  : 0.9920 0.0080
80       80   (0)      1  : 0.9920 0.0080
81       81   (0)      1  : 0.9910 0.0090
82       82   (0)      1  : 0.9920 0.0080
83       83   (0)      1  : 0.9910 0.0090
84       84   (0)      1  : 0.9850 0.0150
85       85   (0)      1  : 0.9930 0.0070
86       86   (5)      1  : 0.9900 0.0100
87       87   (0)      1  : 0.9910 0.0090
88       88   (0)      1  : 0.9710 0.0290
89       89   (0)      1  : 0.9480 0.0520
90       90   (0)      1  : 0.9910 0.0090
91       91   (0)      1  : 0.9890 0.0110
92       92   (0)      1  : 0.9910 0.0090
93       93   (0)      1  : 0.9930 0.0070
94       94   (5)      1  : 0.9730 0.0270
95       95   (0)      1  : 0.9880 0.0120
96       96   (5)      1  : 0.9910 0.0090
97       97   (0)      1  : 0.9940 0.0060
98       98   (0)      1  : 0.9860 0.0140
99       99   (5)      1  : 0.9880 0.0120
100      100   (5)      1  : 0.9930 0.0070
101      101   (0)      2  : 0.9822 0.0178
102      102   (0)      2  : 0.9950 0.0050
103      103   (0)      2  : 0.9920 0.0080
104      104   (0)      2  : 0.9920 0.0080
105      105   (0)      2  : 0.9652 0.0348
106      106   (0)      2  : 0.9580 0.0420
107      107   (0)      2  : 0.9870 0.0130
108      108   (0)      2  : 0.9790 0.0210
109      109   (0)      2  : 0.9940 0.0060
110      110   (0)      2  : 0.9900 0.0100
111      111   (0)      2  : 0.9910 0.0090
112      112   (0)      2  : 0.9900 0.0100
113      113   (0)      2  : 0.9950 0.0050
114      114   (0)      2  : 0.9920 0.0080
115      115   (0)      2  : 0.9720 0.0280
116      116   (0)      2  : 0.9940 0.0060
117      117   (0)      2  : 0.9900 0.0100
118      118   (0)      2  : 0.9830 0.0170
119      119   (0)      2  : 0.9900 0.0100
120      120   (0)      2  : 0.9920 0.0080
121      121   (0)      2  : 0.9930 0.0070
122      122   (0)      2  : 0.9710 0.0290
123      123   (0)      2  : 0.9940 0.0060
124      124   (0)      2  : 0.9910 0.0090
125      125   (0)      2  : 0.9920 0.0080
126      126   (0)      2  : 0.9700 0.0300
127      127   (0)      2  : 0.9628 0.0372
128      128   (0)      2  : 0.9900 0.0100
129      129   (0)      2  : 0.9930 0.0070
130      130   (0)      2  : 0.9898 0.0102
131      131   (0)      2  : 0.9910 0.0090
132      132   (0)      2  : 0.9920 0.0080
133      133   (0)      2  : 0.9950 0.0050
134      134   (0)      2  : 0.9766 0.0234
135      135   (0)      2  : 0.9940 0.0060
136      136   (0)      2  : 0.9910 0.0090
137      137   (0)      2  : 0.9860 0.0140
138      138   (0)      2  : 0.9820 0.0180
139      139   (0)      2  : 0.9882 0.0118
140      140   (0)      2  : 0.9920 0.0080
141      141   (0)      2  : 0.9890 0.0110
142      142   (0)      2  : 0.9920 0.0080
143      143   (0)      2  : 0.9920 0.0080
144      144   (0)      2  : 0.9920 0.0080
145      145   (0)      2  : 0.9930 0.0070
146      146   (0)      2  : 0.9810 0.0190
147      147   (0)      2  : 0.9930 0.0070
148      148   (0)      2  : 0.9900 0.0100
149      149   (0)      2  : 0.9940 0.0060
150      150   (0)      2  : 0.9930 0.0070
151      151   (0)      2  : 0.9950 0.0050
152      152   (0)      2  : 0.9950 0.0050
153      153   (0)      2  : 0.9890 0.0110
154      154   (0)      2  : 0.9900 0.0100
155      155   (0)      2  : 0.9900 0.0100
156      156   (0)      2  : 0.9840 0.0160
157      157   (0)      2  : 0.9910 0.0090
158      158   (0)      2  : 0.9922 0.0078
159      159   (0)      2  : 0.9738 0.0262
160      160   (0)      2  : 0.9930 0.0070
161      161   (0)      2  : 0.9730 0.0270
162      162   (0)      2  : 0.9810 0.0190
163      163   (0)      2  : 0.9940 0.0060
164      164   (0)      2  : 0.9930 0.0070
165      165   (0)      2  : 0.9960 0.0040
166      166   (0)      2  : 0.9748 0.0252
167      167   (0)      2  : 0.9930 0.0070
168      168   (0)      2  : 0.9840 0.0160
169      169   (0)      2  : 0.9890 0.0110
170      170   (0)      2  : 0.9920 0.0080
171      171   (0)      2  : 0.9710 0.0290
172      172   (0)      2  : 0.9910 0.0090
173      173   (0)      2  : 0.9900 0.0100
174      174   (0)      2  : 0.9940 0.0060
175      175   (0)      2  : 0.9860 0.0140
176      176   (0)      2  : 0.9780 0.0220
177      177   (0)      2  : 0.9930 0.0070
178      178   (0)      2  : 0.9870 0.0130
179      179   (0)      2  : 0.9890 0.0110
180      180   (0)      2  : 0.9900 0.0100
181      181   (0)      2  : 0.9560 0.0440
182      182   (0)      2  : 0.9930 0.0070
183      183   (0)      2  : 0.9840 0.0160
184      184   (0)      2  : 0.9500 0.0500
185      185   (0)      2  : 0.9910 0.0090
186      186   (0)      2  : 0.9780 0.0220
187      187   (0)      2  : 0.9860 0.0140
188      188   (0)      2  : 0.9900 0.0100
189      189   (0)      2  : 0.9920 0.0080
190      190   (0)      2  : 0.9940 0.0060
191      191   (0)      2  : 0.9710 0.0290
192      192   (0)      2  : 0.9920 0.0080
193      193   (0)      2  : 0.9910 0.0090
194      194   (0)      2  : 0.9930 0.0070
195      195   (0)      2  : 0.9950 0.0050
196      196   (0)      2  : 0.9636 0.0364
197      197   (0)      2  : 0.9710 0.0290
198      198   (0)      2  : 0.9806 0.0194
199      199   (0)      2  : 0.9910 0.0090
200      200   (0)      2  : 0.9840 0.0160
201      201   (0)      2  : 0.9060 0.0940
202      202   (0)      2  : 0.9910 0.0090
203      203   (0)      2  : 0.9930 0.0070
204      204   (0)      2  : 0.9870 0.0130
205      205   (0)      2  : 0.9920 0.0080
206      206   (0)      2  : 0.9930 0.0070
207      207   (0)      2  : 0.9920 0.0080
208      208   (0)      2  : 0.9910 0.0090
209      209   (0)      2  : 0.9910 0.0090
210      210   (0)      2  : 0.9950 0.0050
211      211   (0)      2  : 0.9758 0.0242
212      212   (0)      2  : 0.9950 0.0050
213      213   (0)      2  : 0.9900 0.0100
214      214   (0)      2  : 0.9920 0.0080
215      215   (0)      2  : 0.9900 0.0100
216      216   (0)      2  : 0.9900 0.0100
217      217   (0)      2  : 0.9630 0.0370
218      218   (0)      2  : 0.9870 0.0130
219      219   (0)      2  : 0.9750 0.0250
220      220   (0)      2  : 0.9930 0.0070
221      221   (0)      2  : 0.9870 0.0130
222      222   (0)      2  : 0.9850 0.0150
223      223   (0)      2  : 0.9950 0.0050
224      224   (0)      2  : 0.9920 0.0080
225      225   (0)      2  : 0.9820 0.0180
226      226   (0)      2  : 0.9910 0.0090
227      227   (0)      2  : 0.9892 0.0108
228      228   (0)      2  : 0.9900 0.0100
229      229   (0)      2  : 0.9880 0.0120
230      230   (0)      2  : 0.9940 0.0060
231      231   (0)      2  : 0.9780 0.0220
232      232   (0)      2  : 0.9786 0.0214
233      233   (0)      2  : 0.9930 0.0070
234      234   (0)      2  : 0.9930 0.0070
235      235   (0)      2  : 0.9920 0.0080
236      236   (0)      2  : 0.9940 0.0060
237      237   (0)      2  : 0.9910 0.0090
238      238   (0)      2  : 0.9890 0.0110
239      239   (0)      2  : 0.9910 0.0090
240      240   (0)      2  : 0.9940 0.0060
241      241   (0)      2  : 0.9930 0.0070
242      242   (0)      2  : 0.9920 0.0080
243      243   (0)      2  : 0.9870 0.0130
244      244   (0)      2  : 0.9720 0.0280
245      245   (0)      2  : 0.9910 0.0090
246      246   (0)      2  : 0.9862 0.0138
247      247   (0)      2  : 0.9730 0.0270
248      248   (0)      2  : 0.9320 0.0680
249      249   (0)      2  : 0.9940 0.0060
250      250   (0)      2  : 0.9920 0.0080
251      251   (0)      2  : 0.9850 0.0150
252      252   (0)      2  : 0.9798 0.0202
253      253   (0)      2  : 0.9930 0.0070
254      254   (0)      2  : 0.9890 0.0110
255      255   (0)      2  : 0.9940 0.0060
256      256   (0)      2  : 0.9910 0.0090
257      257   (0)      2  : 0.9760 0.0240
258      258   (0)      2  : 0.9766 0.0234
259      259   (0)      2  : 0.9930 0.0070
260      260   (0)      2  : 0.9360 0.0640
261      261   (0)      2  : 0.9840 0.0160
262      262   (0)      2  : 0.9840 0.0160
263      263   (0)      2  : 0.9930 0.0070
264      264   (0)      2  : 0.9860 0.0140
265      265   (0)      2  : 0.9850 0.0150
266      266   (0)      2  : 0.9920 0.0080
267      267   (0)      2  : 0.9910 0.0090
268      268   (0)      2  : 0.9950 0.0050
269      269   (0)      2  : 0.9860 0.0140
270      270   (0)      2  : 0.9816 0.0184
271      271   (0)      2  : 0.9940 0.0060
272      272   (0)      2  : 0.9550 0.0450
273      273   (0)      2  : 0.9922 0.0078
274      274   (0)      2  : 0.9830 0.0170
275      275   (0)      2  : 0.9910 0.0090
276      276   (0)      2  : 0.9920 0.0080
277      277   (0)      2  : 0.9780 0.0220
278      278   (0)      2  : 0.9910 0.0090
279      279   (0)      2  : 0.9930 0.0070
280      280   (0)      2  : 0.9940 0.0060
281      281   (0)      2  : 0.9930 0.0070
282      282   (0)      2  : 0.9830 0.0170
283      283   (0)      2  : 0.9810 0.0190
284      284   (0)      2  : 0.9910 0.0090
285      285   (0)      2  : 0.9940 0.0060
286      286   (0)      2  : 0.9890 0.0110
287      287   (0)      2  : 0.9920 0.0080
288      288   (0)      2  : 0.9930 0.0070
289      289   (0)      2  : 0.9880 0.0120
290      290   (0)      2  : 0.9910 0.0090
291      291   (0)      2  : 0.9880 0.0120
292      292   (0)      2  : 0.9920 0.0080
293      293   (0)      2  : 0.9890 0.0110
294      294   (0)      2  : 0.9930 0.0070
295      295   (0)      2  : 0.9850 0.0150
296      296   (0)      2  : 0.9940 0.0060
297      297   (0)      2  : 0.9830 0.0170
298      298   (0)      2  : 0.9920 0.0080
299      299   (0)      2  : 0.9930 0.0070
300      300   (0)      2  : 0.9900 0.0100
301      301   (0)      2  : 0.9940 0.0060
302      302   (0)      2  : 0.9950 0.0050
303      303   (0)      2  : 0.9850 0.0150
304      304   (0)      2  : 0.9186 0.0814
305      305   (0)      2  : 0.9840 0.0160
306      306   (0)      2  : 0.9940 0.0060
307      307   (0)      2  : 0.9912 0.0088
308      308   (0)      2  : 0.9920 0.0080
309      309   (0)      2  : 0.9910 0.0090
310      310   (0)      2  : 0.9790 0.0210
311      311   (0)      2  : 0.9920 0.0080
312      312   (0)      2  : 0.9800 0.0200
313      313   (0)      2  : 0.9850 0.0150
314      314   (0)      2  : 0.9680 0.0320
315      315   (0)      2  : 0.9840 0.0160
316      316   (0)      2  : 0.9832 0.0168
317      317   (0)      2  : 0.9840 0.0160
318      318   (0)      2  : 0.9920 0.0080
319      319   (0)      2  : 0.9890 0.0110
320      320   (0)      2  : 0.9660 0.0340
321      321   (0)      2  : 0.9900 0.0100
322      322   (0)      2  : 0.9870 0.0130
323      323   (0)      2  : 0.9940 0.0060
324      324   (0)      2  : 0.9890 0.0110
325      325   (0)      2  : 0.9750 0.0250
326      326   (0)      2  : 0.9860 0.0140
327      327   (0)      2  : 0.9920 0.0080
328      328   (0)      2  : 0.9860 0.0140
329      329   (0)      2  : 0.9924 0.0076
330      330   (0)      2  : 0.9760 0.0240
331      331   (0)      2  : 0.9880 0.0120
332      332   (0)      2  : 0.9896 0.0104
333      333   (0)      2  : 0.9900 0.0100
334      334   (0)      2  : 0.9930 0.0070
335      335   (0)      2  : 0.9940 0.0060
336      336   (0)      2  : 0.9890 0.0110
337      337   (0)      2  : 0.9530 0.0470
338      338   (0)      2  : 0.9634 0.0366
339      339   (0)      2  : 0.9950 0.0050
340      340   (0)      2  : 0.9850 0.0150
341      341   (0)      2  : 0.9930 0.0070
342      342   (0)      2  : 0.9930 0.0070
343      343   (0)      2  : 0.9950 0.0050
344      344   (0)      2  : 0.9940 0.0060
345      345   (0)      2  : 0.9950 0.0050
346      346   (0)      2  : 0.9930 0.0070
347      347   (0)      2  : 0.9930 0.0070
348      348   (0)      2  : 0.9910 0.0090
349      349   (0)      2  : 0.9680 0.0320
350      350   (0)      2  : 0.9860 0.0140
351      351   (0)      2  : 0.9840 0.0160
352      352   (0)      2  : 0.9940 0.0060
353      353   (0)      2  : 0.9910 0.0090
354      354   (0)      2  : 0.9910 0.0090
355      355   (0)      2  : 0.9890 0.0110
356      356   (0)      2  : 0.9920 0.0080
357      357   (0)      2  : 0.9850 0.0150
358      358   (0)      2  : 0.9930 0.0070
359      359   (0)      2  : 0.9800 0.0200
360      360   (0)      2  : 0.9810 0.0190
361      361   (0)      2  : 0.9950 0.0050
362      362   (0)      2  : 0.9820 0.0180
363      363   (0)      2  : 0.9870 0.0130
364      364   (0)      2  : 0.9920 0.0080
365      365   (0)      2  : 0.9860 0.0140
366      366   (0)      2  : 0.9930 0.0070
367      367   (0)      2  : 0.9940 0.0060
368      368   (0)      2  : 0.9930 0.0070
369      369   (0)      2  : 0.9870 0.0130
370      370   (0)      2  : 0.9854 0.0146
371      371   (0)      2  : 0.9910 0.0090
372      372   (0)      2  : 0.9930 0.0070
373      373   (0)      2  : 0.9918 0.0082
374      374   (0)      2  : 0.9900 0.0100
375      375   (0)      2  : 0.9890 0.0110
376      376   (0)      2  : 0.9910 0.0090
377      377   (0)      2  : 0.9860 0.0140
378      378   (0)      2  : 0.9330 0.0670
379      379   (0)      2  : 0.9660 0.0340
380      380   (0)      2  : 0.9950 0.0050
381      381   (0)      2  : 0.9930 0.0070
382      382   (0)      2  : 0.9930 0.0070
383      383   (0)      2  : 0.9940 0.0060
384      384   (0)      2  : 0.9910 0.0090
385      385   (0)      2  : 0.9910 0.0090
386      386   (0)      2  : 0.9916 0.0084
387      387   (0)      2  : 0.9940 0.0060
388      388   (0)      2  : 0.9870 0.0130
389      389   (0)      2  : 0.9920 0.0080
390      390   (0)      2  : 0.9890 0.0110
391      391   (0)      2  : 0.9890 0.0110
392      392   (0)      2  : 0.9900 0.0100
393      393   (0)      2  : 0.9890 0.0110
394      394   (0)      2  : 0.9930 0.0070
395      395   (0)      2  : 0.9940 0.0060
396      396   (0)      2  : 0.9910 0.0090
397      397   (0)      2  : 0.9930 0.0070
398      398   (0)      2  : 0.9930 0.0070
399      399   (0)      2  : 0.9880 0.0120
400      400   (0)      2  : 0.9930 0.0070
401      401   (0)      2  : 0.9840 0.0160
402      402   (0)      2  : 0.9920 0.0080
403      403   (0)      2  : 0.9910 0.0090
404      404   (0)      2  : 0.9900 0.0100
405      405   (0)      2  : 0.9722 0.0278
406      406   (0)      2  : 0.9950 0.0050
407      407   (0)      2  : 0.9898 0.0102
408      408   (0)      2  : 0.9908 0.0092
409      409   (0)      2  : 0.9780 0.0220
410      410   (0)      2  : 0.9890 0.0110
411      411   (0)      2  : 0.9870 0.0130
412      412   (0)      2  : 0.9860 0.0140
413      413   (0)      2  : 0.9920 0.0080
414      414   (0)      2  : 0.9910 0.0090
415      415   (0)      2  : 0.9920 0.0080
416      416   (0)      2  : 0.9740 0.0260
417      417   (0)      2  : 0.9780 0.0220
418      418   (0)      2  : 0.9930 0.0070
419      419   (0)      2  : 0.9890 0.0110
420      420   (0)      2  : 0.9870 0.0130
421      421   (0)      2  : 0.9830 0.0170
422      422   (0)      2  : 0.9836 0.0164
423      423   (0)      2  : 0.9868 0.0132
424      424   (0)      2  : 0.9840 0.0160
425      425   (0)      2  : 0.9930 0.0070
426      426   (0)      2  : 0.9870 0.0130
427      427   (0)      2  : 0.9940 0.0060
428      428   (0)      2  : 0.9520 0.0480
429      429   (0)      2  : 0.9866 0.0134
430      430   (0)      2  : 0.9870 0.0130
431      431   (0)      2  : 0.9300 0.0700
432      432   (0)      2  : 0.9920 0.0080
433      433   (0)      2  : 0.9920 0.0080
434      434   (0)      2  : 0.9940 0.0060
435      435   (0)      2  : 0.9940 0.0060
436      436   (0)      2  : 0.9920 0.0080
437      437   (0)      2  : 0.9550 0.0450
438      438   (0)      2  : 0.9880 0.0120
439      439   (0)      2  : 0.9930 0.0070
440      440   (0)      2  : 0.9860 0.0140
441      441   (0)      2  : 0.9920 0.0080
442      442   (0)      2  : 0.9930 0.0070
443      443   (0)      2  : 0.9940 0.0060
444      444   (0)      2  : 0.9424 0.0576
445      445   (0)      2  : 0.9940 0.0060
446      446   (0)      2  : 0.9890 0.0110
447      447   (0)      2  : 0.9880 0.0120
448      448   (0)      2  : 0.9920 0.0080
449      449   (0)      2  : 0.9950 0.0050
450      450   (0)      2  : 0.9920 0.0080
451      451   (0)      2  : 0.9930 0.0070
452      452   (0)      2  : 0.9570 0.0430
453      453   (0)      2  : 0.9920 0.0080
454      454   (0)      2  : 0.9884 0.0116
455      455   (0)      2  : 0.9890 0.0110
456      456   (0)      2  : 0.9910 0.0090
457      457   (0)      2  : 0.9890 0.0110
458      458   (0)      2  : 0.9900 0.0100
459      459   (0)      2  : 0.9700 0.0300
460      460   (0)      2  : 0.9930 0.0070
461      461   (0)      2  : 0.9940 0.0060
462      462   (0)      2  : 0.9700 0.0300
463      463   (0)      2  : 0.9930 0.0070
464      464   (0)      2  : 0.9640 0.0360
465      465   (0)      2  : 0.9674 0.0326
466      466   (0)      2  : 0.9904 0.0096
467      467   (0)      2  : 0.9720 0.0280
468      468   (0)      2  : 0.9860 0.0140
469      469   (0)      2  : 0.9930 0.0070
470      470   (0)      2  : 0.9930 0.0070
471      471   (0)      2  : 0.9860 0.0140
472      472   (0)      2  : 0.9760 0.0240
473      473   (0)      2  : 0.9650 0.0350
474      474   (0)      2  : 0.9910 0.0090
475      475   (0)      2  : 0.9660 0.0340
476      476   (0)      2  : 0.9820 0.0180
477      477   (0)      2  : 0.9370 0.0630
478      478   (0)      2  : 0.9900 0.0100
479      479   (0)      2  : 0.9840 0.0160
480      480   (0)      2  : 0.9310 0.0690
481      481   (0)      2  : 0.9930 0.0070
482      482   (0)      2  : 0.9760 0.0240
483      483   (0)      2  : 0.9890 0.0110
484      484   (0)      2  : 0.9700 0.0300
485      485   (0)      2  : 0.9920 0.0080
486      486   (0)      2  : 0.9820 0.0180
487      487   (0)      2  : 0.9940 0.0060
488      488   (0)      2  : 0.9860 0.0140
489      489   (0)      2  : 0.9780 0.0220
490      490   (0)      2  : 0.9910 0.0090
491      491   (0)      2  : 0.9930 0.0070
492      492   (0)      2  : 0.9870 0.0130
493      493   (0)      2  : 0.9900 0.0100
494      494   (0)      2  : 0.9850 0.0150
495      495   (0)      2  : 0.9890 0.0110
496      496   (0)      2  : 0.9920 0.0080
497      497   (0)      2  : 0.9880 0.0120
498      498   (0)      2  : 0.9880 0.0120
499      499   (0)      2  : 0.9930 0.0070
500      500   (0)      2  : 0.9870 0.0130
501      501   (0)      3  : 0.7840 0.2160
502      502   (0)      3  : 0.9180 0.0820
503      503   (0)      3  : 0.9066 0.0934
504      504   (0)      3  : 0.7660 0.2340
505      505   (0)      3  : 0.8580 0.1420
506      506   (0)      3  : 0.8552 0.1448
507      507   (0)      3  : 0.9100 0.0900
508      508   (0)      3  : 0.9530 0.0470
509      509   (0)      3  : 0.8910 0.1090
510      510   (0)      3  : 0.8514 0.1486
511      511   (0)      3  : 0.9820 0.0180
512      512   (0)      3  : 0.9320 0.0680
513      513   (0)      3  : 0.7500 0.2500
514      514   (0)      3  : 0.7930 0.2070
515      515   (0)      3  : 0.9130 0.0870
516      516   (0)      3  : 0.8570 0.1430
517      517   (0)      3  : 0.8990 0.1010
518      518   (0)      3  : 0.9920 0.0080
519      519   (0)      3  : 0.8772 0.1228
520      520   (0)      3  : 0.9470 0.0530
521      521   (0)      3  : 0.9592 0.0408
522      522   (0)      3  : 0.9790 0.0210
523      523   (0)      3  : 0.7960 0.2040
524      524   (0)      3  : 0.8842 0.1158
525      525   (0)      3  : 0.9930 0.0070
526      526   (0)      3  : 0.8580 0.1420
527      527   (0)      3  : 0.8220 0.1780
528      528   (0)      3  : 0.9672 0.0328
529      529   (0)      3  : 0.9880 0.0120
530      530   (0)      3  : 0.9196 0.0804
531      531   (0)      3  : 0.9120 0.0880
532      532   (0)      3  : 0.9770 0.0230
533      533   (0)      3  : 0.8120 0.1880
534      534   (0)      3  : 0.9610 0.0390
535      535   (0)      3  : 0.9310 0.0690
536      536   (0)      3  : 0.9140 0.0860
537      537   (0)      3  : 0.9880 0.0120
538      538   (0)      3  : 0.9460 0.0540
539      539   (0)      3  : 0.9910 0.0090
540      540   (0)      3  : 0.9750 0.0250
541      541   (0)      3  : 0.6020 0.3980
542      542   (0)      3  : 0.9270 0.0730
543      543   (0)      3  : 0.9670 0.0330
544      544   (0)      3  : 0.8656 0.1344
545      545   (0)      3  : 0.9506 0.0494
546      546   (0)      3  : 0.8880 0.1120
547      547   (0)      3  : 0.8370 0.1630
548      548   (0)      3  : 0.8564 0.1436
549      549   (0)      3  : 0.6720 0.3280
550      550   (0)      3  : 0.8480 0.1520
551      551   (0)      3  : 0.7856 0.2144
552      552   (0)      3  : 0.9488 0.0512
553      553   (0)      3  : 0.9570 0.0430
554      554   (0)      3  : 0.9130 0.0870
555      555   (0)      3  : 0.9310 0.0690
556      556   (0)      3  : 0.8606 0.1394
557      557   (0)      3  : 0.8260 0.1740
558      558   (0)      3  : 0.8386 0.1614
559      559   (0)      3  : 0.9280 0.0720
560      560   (0)      3  : 0.8956 0.1044
561      561   (0)      3  : 0.9202 0.0798
562      562   (0)      3  : 0.9358 0.0642
563      563   (0)      3  : 0.7860 0.2140
564      564   (0)      3  : 0.9110 0.0890
565      565   (0)      3  : 0.8738 0.1262
566      566   (0)      3  : 0.9830 0.0170
567      567   (0)      3  : 0.8532 0.1468
568      568   (0)      3  : 0.8490 0.1510
569      569   (0)      3  : 0.9270 0.0730
570      570   (0)      3  : 0.9520 0.0480
571      571   (0)      3  : 0.9290 0.0710
572      572   (0)      3  : 0.9510 0.0490
573      573   (0)      3  : 0.8950 0.1050
574      574   (0)      3  : 0.9900 0.0100
575      575   (0)      3  : 0.9480 0.0520
576      576   (0)      3  : 0.8474 0.1526
577      577   (0)      3  : 0.9640 0.0360
578      578   (0)      3  : 0.8810 0.1190
579      579   (0)      3  : 0.8310 0.1690
580      580   (0)      3  : 0.9790 0.0210
581      581   (0)      3  : 0.9930 0.0070
582      582   (0)      3  : 0.9906 0.0094
583      583   (0)      3  : 0.8642 0.1358
584      584   (0)      3  : 0.9400 0.0600
585      585   (0)      3  : 0.7880 0.2120
586      586   (0)      3  : 0.8230 0.1770
587      587   (0)      3  : 0.9900 0.0100
588      588   (0)      3  : 0.6732 0.3268
589      589   (0)      3  : 0.9230 0.0770
590      590   (0)      3  : 0.9810 0.0190
591      591   (0)      3  : 0.9800 0.0200
592      592   (0)      3  : 0.9178 0.0822
593      593   (0)      3  : 0.8840 0.1160
594      594   (0)      3  : 0.8000 0.2000
595      595   (0)      3  : 0.8310 0.1690
596      596   (0)      3  : 0.7942 0.2058
597      597   (0)      3  : 0.7820 0.2180
598      598   (0)      3  : 0.7134 0.2866
599      599   (0)      3  : 0.9910 0.0090
600      600   (0)      3  : 0.9588 0.0412
601      601   (0)      4  : 0.8300 0.1700
602      602   (0)      4  : 0.7600 0.2400
603      603   (0)      4  : 0.6714 0.3286
604      604   (0)      4  : 0.7442 0.2558
605      605   (0)      4  : 0.6550 0.3450
606      606   (0)      4  : 0.8780 0.1220
607      607   (0)      4  : 0.8310 0.1690
608      608   (0)      4  : 0.7292 0.2708
609      609   (0)      4  : 0.8460 0.1540
610      610   (0)      4  : 0.8942 0.1058
611      611   (0)      4  : 0.5746 0.4254
612      612   (0)      4  : 0.7670 0.2330
613      613   (0)      4  : 0.8530 0.1470
614      614   (0)      4  : 0.7990 0.2010
615      615   (0)      4  : 0.7820 0.2180
616      616   (0)      4  : 0.6766 0.3234
617      617   (0)      4  : 0.7390 0.2610
618      618   (0)      4  : 0.6730 0.3270
619      619   (0)      4  : 0.8720 0.1280
620      620   (0)      4  : 0.7702 0.2298
621      621   (0)      4  : 0.8814 0.1186
622      622   (0)      4  : 0.7010 0.2990
623      623   (0)      4  : 0.8628 0.1372
624      624   (0)      4  : 0.6994 0.3006
625      625   (0)      4  : 0.9030 0.0970
626      626   (0)      4  : 0.8810 0.1190
627      627   (0)      4  : 0.6450 0.3550
628      628   (0)      4  : 0.7362 0.2638
629      629   (0)      4  : 0.7600 0.2400
630      630   (0)      4  : 0.8730 0.1270
631      631   (0)      4  : 0.7670 0.2330
632      632   (0)      4  : 0.6530 0.3470
633      633   (0)      4  : 0.8160 0.1840
634      634   (0)      4  : 0.6960 0.3040
635      635   (0)      4  : 0.6890 0.3110
636      636   (0)      4  : 0.6880 0.3120
637      637   (0)      4  : 0.6260 0.3740
638      638   (0)      4  : 0.8366 0.1634
639      639   (0)      4  : 0.8930 0.1070
640      640   (0)      4  : 0.7124 0.2876
641      641   (0)      4  : 0.6950 0.3050
642      642   (0)      4  : 0.7784 0.2216
643      643   (0)      4  : 0.8188 0.1812
644      644   (0)      4  : 0.6960 0.3040
645      645   (0)      4  : 0.7820 0.2180
646      646   (0)      4  : 0.9342 0.0658
647      647   (0)      4  : 0.8532 0.1468
648      648   (0)      4  : 0.5890 0.4110
649      649   (0)      4  : 0.9080 0.0920
650      650   (0)      4  : 0.8060 0.1940
651      651   (0)      4  : 0.7780 0.2220
652      652   (0)      4  : 0.8710 0.1290
653      653   (0)      4  : 0.8580 0.1420
654      654   (0)      4  : 0.7790 0.2210
655      655   (0)      4  : 0.7090 0.2910
656      656   (0)      4  : 0.6010 0.3990
657      657   (0)      4  : 0.7222 0.2778
658      658   (0)      4  : 0.8070 0.1930
659      659   (0)      4  : 0.9430 0.0570
660      660   (0)      4  : 0.7126 0.2874
661      661   (0)      4  : 0.6660 0.3340
662      662   (0)      4  : 0.9204 0.0796
663      663   (0)      4  : 0.9700 0.0300
664      664   (0)      4  : 0.7410 0.2590
665      665   (0)      4  : 0.6000 0.4000
666      666   (0)      4  : 0.7408 0.2592
667      667   (0)      4  : 0.7848 0.2152
668      668   (0)      4  : 0.7420 0.2580
669      669   (0)      4  : 0.7008 0.2992
670      670   (0)      4  : 0.6760 0.3240
671      671   (0)      4  : 0.7460 0.2540
672      672   (0)      4  : 0.6330 0.3670
673      673   (0)      4  : 0.7090 0.2910
674      674   (0)      4  : 0.7000 0.3000
675      675   (0)      4  : 0.7690 0.2310
676      676   (0)      4  : 0.7380 0.2620
677      677   (0)      4  : 0.7442 0.2558
678      678   (0)      4  : 0.5420 0.4580
679      679   (0)      4  : 0.7000 0.3000
680      680   (0)      4  : 0.8588 0.1412
681      681   (0)      4  : 0.7070 0.2930
682      682   (0)      4  : 0.6160 0.3840
683      683   (0)      4  : 0.8470 0.1530
684      684   (0)      4  : 0.7332 0.2668
685      685   (0)      4  : 0.6430 0.3570
686      686   (0)      4  : 0.9230 0.0770
687      687   (0)      4  : 0.7090 0.2910
688      688   (0)      4  : 0.7370 0.2630
689      689   (0)      4  : 0.5524 0.4476
690      690   (0)      4  : 0.6970 0.3030
691      691   (0)      4  : 0.6900 0.3100
692      692   (0)      4  : 0.7590 0.2410
693      693   (0)      4  : 0.6850 0.3150
694      694   (0)      4  : 0.7928 0.2072
695      695   (0)      4  : 0.7700 0.2300
696      696   (0)      4  : 0.7062 0.2938
697      697   (0)      4  : 0.7780 0.2220
698      698   (0)      4  : 0.6660 0.3340
699      699   (0)      4  : 0.8320 0.1680
700      700   (0)      4  : 0.8240 0.1760
701      701   (0)      5  : 0.4870 0.5130
702      702   (0)      5  : 0.4930 0.5070
703      703   (0)      5  : 0.5690 0.4310
704      704   (0)      5  : 0.5210 0.4790
705      705   (0)      5  : 0.4250 0.5750
706      706   (0)      5  : 0.4548 0.5452
707      707   (0)      5  : 0.4670 0.5330
708      708   (0)      5  : 0.5196 0.4804
709      709   (0)      5  : 0.6390 0.3610
710      710   (0)      5  : 0.3840 0.6160
711      711   (0)      5  : 0.5326 0.4674
712      712   (0)      5  : 0.4020 0.5980
713      713   (0)      5  : 0.5130 0.4870
714      714   (0)      5  : 0.5234 0.4766
715      715   (0)      5  : 0.3750 0.6250
716      716   (0)      5  : 0.4640 0.5360
717      717   (0)      5  : 0.5770 0.4230
718      718   (0)      5  : 0.4900 0.5100
719      719   (0)      5  : 0.5346 0.4654
720      720   (0)      5  : 0.5620 0.4380
721      721   (0)      5  : 0.4090 0.5910
722      722   (0)      5  : 0.4520 0.5480
723      723   (0)      5  : 0.4940 0.5060
724      724   (0)      5  : 0.5760 0.4240
725      725   (0)      5  : 0.5172 0.4828
726      726   (0)      5  : 0.4460 0.5540
727      727   (0)      5  : 0.3900 0.6100
728      728   (0)      5  : 0.5910 0.4090
729      729   (0)      5  : 0.4280 0.5720
730      730   (0)      5  : 0.4430 0.5570
731      731   (0)      5  : 0.4360 0.5640
732      732   (0)      5  : 0.4980 0.5020
733      733   (0)      5  : 0.5940 0.4060
734      734   (0)      5  : 0.4830 0.5170
735      735   (0)      5  : 0.5380 0.4620
736      736   (0)      5  : 0.4800 0.5200
737      737   (0)      5  : 0.4850 0.5150
738      738   (0)      5  : 0.6028 0.3972
739      739   (0)      5  : 0.4472 0.5528
740      740   (0)      5  : 0.4250 0.5750
741      741   (0)      5  : 0.5392 0.4608
742      742   (0)      5  : 0.5060 0.4940
743      743   (0)      5  : 0.4650 0.5350
744      744   (0)      5  : 0.5036 0.4964
745      745   (0)      5  : 0.5778 0.4222
746      746   (0)      5  : 0.4720 0.5280
747      747   (0)      5  : 0.3110 0.6890
748      748   (0)      5  : 0.5100 0.4900
749      749   (0)      5  : 0.4704 0.5296
750      750   (0)      5  : 0.4620 0.5380
751      751   (0)      5  : 0.4730 0.5270
752      752   (0)      5  : 0.5748 0.4252
753      753   (0)      5  : 0.3728 0.6272
754      754   (0)      5  : 0.4690 0.5310
755      755   (0)      5  : 0.4484 0.5516
756      756   (0)      5  : 0.4980 0.5020
757      757   (0)      5  : 0.3650 0.6350
758      758   (0)      5  : 0.6810 0.3190
759      759   (0)      5  : 0.3680 0.6320
760      760   (0)      5  : 0.4540 0.5460
761      761   (0)      5  : 0.3740 0.6260
762      762   (0)      5  : 0.3940 0.6060
763      763   (0)      5  : 0.4880 0.5120
764      764   (0)      5  : 0.4880 0.5120
765      765   (0)      5  : 0.4940 0.5060
766      766   (0)      5  : 0.5284 0.4716
767      767   (0)      5  : 0.5400 0.4600
768      768   (0)      5  : 0.3920 0.6080
769      769   (0)      5  : 0.5092 0.4908
770      770   (0)      5  : 0.3760 0.6240
771      771   (0)      5  : 0.5220 0.4780
772      772   (0)      5  : 0.3950 0.6050
773      773   (0)      5  : 0.5480 0.4520
774      774   (0)      5  : 0.6160 0.3840
775      775   (0)      5  : 0.4830 0.5170
776      776   (0)      5  : 0.5132 0.4868
777      777   (0)      5  : 0.4216 0.5784
778      778   (0)      5  : 0.4730 0.5270
779      779   (0)      5  : 0.5120 0.4880
780      780   (0)      5  : 0.4640 0.5360
781      781   (0)      5  : 0.6052 0.3948
782      782   (0)      5  : 0.4808 0.5192
783      783   (0)      5  : 0.5064 0.4936
784      784   (0)      5  : 0.5520 0.4480
785      785   (0)      5  : 0.4980 0.5020
786      786   (0)      5  : 0.6128 0.3872
787      787   (0)      5  : 0.5410 0.4590
788      788   (0)      5  : 0.3410 0.6590
789      789   (0)      5  : 0.5210 0.4790
790      790   (0)      5  : 0.3890 0.6110
791      791   (0)      5  : 0.5040 0.4960
792      792   (0)      5  : 0.4398 0.5602
793      793   (0)      5  : 0.4480 0.5520
794      794   (0)      5  : 0.3800 0.6200
795      795   (0)      5  : 0.5136 0.4864
796      796   (0)      5  : 0.5350 0.4650
797      797   (0)      5  : 0.6310 0.3690
798      798   (0)      5  : 0.5210 0.4790
799      799   (0)      5  : 0.4230 0.5770
800      800   (0)      5  : 0.5636 0.4364
801      801   (0)      6  : 0.4604 0.5396
802      802   (0)      6  : 0.3490 0.6510
803      803   (0)      6  : 0.3610 0.6390
804      804   (0)      6  : 0.1230 0.8770
805      805   (0)      6  : 0.1030 0.8970
806      806   (0)      6  : 0.3660 0.6340
807      807   (0)      6  : 0.2252 0.7748
808      808   (0)      6  : 0.2950 0.7050
809      809   (0)      6  : 0.1770 0.8230
810      810   (0)      6  : 0.1620 0.8380
811      811   (0)      6  : 0.1550 0.8450
812      812   (0)      6  : 0.2470 0.7530
813      813   (0)      6  : 0.2770 0.7230
814      814   (0)      6  : 0.2690 0.7310
815      815   (0)      6  : 0.2724 0.7276
816      816   (0)      6  : 0.2100 0.7900
817      817   (0)      6  : 0.3012 0.6988
818      818   (0)      6  : 0.0656 0.9344
819      819   (0)      6  : 0.0410 0.9590
820      820   (0)      6  : 0.2710 0.7290
821      821   (0)      6  : 0.1820 0.8180
822      822   (0)      6  : 0.2970 0.7030
823      823   (0)      6  : 0.4086 0.5914
824      824   (0)      6  : 0.4326 0.5674
825      825   (0)      6  : 0.1780 0.8220
826      826   (0)      6  : 0.3210 0.6790
827      827   (0)      6  : 0.1860 0.8140
828      828   (0)      6  : 0.1140 0.8860
829      829   (0)      6  : 0.1870 0.8130
830      830   (0)      6  : 0.2630 0.7370
831      831   (0)      6  : 0.1570 0.8430
832      832   (0)      6  : 0.3970 0.6030
833      833   (0)      6  : 0.0280 0.9720
834      834   (0)      6  : 0.3240 0.6760
835      835   (0)      6  : 0.2480 0.7520
836      836   (0)      6  : 0.2290 0.7710
837      837   (0)      6  : 0.3660 0.6340
838      838   (0)      6  : 0.1314 0.8686
839      839   (0)      6  : 0.2094 0.7906
840      840   (0)      6  : 0.0840 0.9160
841      841   (0)      6  : 0.1670 0.8330
842      842   (0)      6  : 0.1564 0.8436
843      843   (0)      6  : 0.1476 0.8524
844      844   (0)      6  : 0.1604 0.8396
845      845   (0)      6  : 0.3040 0.6960
846      846   (0)      6  : 0.1750 0.8250
847      847   (0)      6  : 0.1860 0.8140
848      848   (0)      6  : 0.2550 0.7450
849      849   (0)      6  : 0.1380 0.8620
850      850   (0)      6  : 0.3060 0.6940
851      851   (0)      6  : 0.3114 0.6886
852      852   (0)      6  : 0.2310 0.7690
853      853   (0)      6  : 0.1842 0.8158
854      854   (0)      6  : 0.3402 0.6598
855      855   (0)      6  : 0.3220 0.6780
856      856   (0)      6  : 0.1420 0.8580
857      857   (0)      6  : 0.2382 0.7618
858      858   (0)      6  : 0.3020 0.6980
859      859   (0)      6  : 0.0070 0.9930
860      860   (0)      6  : 0.1990 0.8010
861      861   (0)      6  : 0.2020 0.7980
862      862   (0)      6  : 0.2830 0.7170
863      863   (0)      6  : 0.0570 0.9430
864      864   (0)      6  : 0.1040 0.8960
865      865   (0)      6  : 0.2160 0.7840
866      866   (0)      6  : 0.0430 0.9570
867      867   (0)      6  : 0.1780 0.8220
868      868   (0)      6  : 0.1940 0.8060
869      869   (0)      6  : 0.2110 0.7890
870      870   (0)      6  : 0.2750 0.7250
871      871   (0)      6  : 0.1900 0.8100
872      872   (0)      6  : 0.0270 0.9730
873      873   (0)      6  : 0.3530 0.6470
874      874   (0)      6  : 0.1510 0.8490
875      875   (0)      6  : 0.1910 0.8090
876      876   (0)      6  : 0.2350 0.7650
877      877   (0)      6  : 0.2136 0.7864
878      878   (0)      6  : 0.3160 0.6840
879      879   (0)      6  : 0.2730 0.7270
880      880   (0)      6  : 0.1790 0.8210
881      881   (0)      6  : 0.1708 0.8292
882      882   (0)      6  : 0.1320 0.8680
883      883   (0)      6  : 0.3110 0.6890
884      884   (0)      6  : 0.2100 0.7900
885      885   (0)      6  : 0.2606 0.7394
886      886   (0)      6  : 0.2958 0.7042
887      887   (0)      6  : 0.1930 0.8070
888      888   (0)      6  : 0.2240 0.7760
889      889   (0)      6  : 0.3580 0.6420
890      890   (0)      6  : 0.3982 0.6018
891      891   (0)      6  : 0.3620 0.6380
892      892   (0)      6  : 0.2050 0.7950
893      893   (0)      6  : 0.1800 0.8200
894      894   (0)      6  : 0.1710 0.8290
895      895   (0)      6  : 0.3420 0.6580
896      896   (0)      6  : 0.2364 0.7636
897      897   (0)      6  : 0.3980 0.6020
898      898   (0)      6  : 0.2040 0.7960
899      899   (0)      6  : 0.3070 0.6930
900      900   (0)      6  : 0.1000 0.9000
901      901   (0)      7  : 0.2640 0.7360
902      902   (0)      7  : 0.1188 0.8812
903      903   (0)      7  : 0.1566 0.8434
904      904   (0)      7  : 0.0910 0.9090
905      905   (0)      7  : 0.1510 0.8490
906      906   (0)      7  : 0.1050 0.8950
907      907   (0)      7  : 0.2604 0.7396
908      908   (0)      7  : 0.0510 0.9490
909      909   (0)      7  : 0.0430 0.9570
910      910   (0)      7  : 0.1502 0.8498
911      911   (0)      7  : 0.1122 0.8878
912      912   (0)      7  : 0.1380 0.8620
913      913   (0)      7  : 0.0496 0.9504
914      914   (0)      7  : 0.0624 0.9376
915      915   (0)      7  : 0.1590 0.8410
916      916   (0)      7  : 0.1454 0.8546
917      917   (0)      7  : 0.0466 0.9534
918      918   (0)      7  : 0.3188 0.6812
919      919   (0)      7  : 0.2110 0.7890
920      920   (0)      7  : 0.0080 0.9920
921      921   (0)      7  : 0.1340 0.8660
922      922   (0)      7  : 0.0354 0.9646
923      923   (0)      7  : 0.1040 0.8960
924      924   (0)      7  : 0.1010 0.8990
925      925   (0)      7  : 0.0760 0.9240
926      926   (0)      7  : 0.0730 0.9270
927      927   (0)      7  : 0.0280 0.9720
928      928   (0)      7  : 0.1378 0.8622
929      929   (0)      7  : 0.1130 0.8870
930      930   (0)      7  : 0.1540 0.8460
931      931   (0)      7  : 0.0140 0.9860
932      932   (0)      7  : 0.1210 0.8790
933      933   (0)      7  : 0.1044 0.8956
934      934   (0)      7  : 0.0930 0.9070
935      935   (0)      7  : 0.1130 0.8870
936      936   (0)      7  : 0.1380 0.8620
937      937   (0)      7  : 0.0980 0.9020
938      938   (0)      7  : 0.0850 0.9150
939      939   (0)      7  : 0.0426 0.9574
940      940   (0)      7  : 0.0950 0.9050
941      941   (0)      7  : 0.0570 0.9430
942      942   (0)      7  : 0.0950 0.9050
943      943   (0)      7  : 0.3490 0.6510
944      944   (0)      7  : 0.1600 0.8400
945      945   (0)      7  : 0.1022 0.8978
946      946   (0)      7  : 0.1968 0.8032
947      947   (0)      7  : 0.0674 0.9326
948      948   (0)      7  : 0.1776 0.8224
949      949   (0)      7  : 0.0374 0.9626
950      950   (0)      7  : 0.2140 0.7860
951      951   (0)      7  : 0.0962 0.9038
952      952   (0)      7  : 0.0050 0.9950
953      953   (0)      7  : 0.0700 0.9300
954      954   (0)      7  : 0.0600 0.9400
955      955   (0)      7  : 0.0090 0.9910
956      956   (0)      7  : 0.1430 0.8570
957      957   (0)      7  : 0.1530 0.8470
958      958   (0)      7  : 0.0620 0.9380
959      959   (0)      7  : 0.1038 0.8962
960      960   (0)      7  : 0.0900 0.9100
961      961   (0)      7  : 0.1170 0.8830
962      962   (0)      7  : 0.0470 0.9530
963      963   (0)      7  : 0.0060 0.9940
964      964   (0)      7  : 0.1564 0.8436
965      965   (0)      7  : 0.1770 0.8230
966      966   (0)      7  : 0.0720 0.9280
967      967   (0)      7  : 0.1210 0.8790
968      968   (0)      7  : 0.0060 0.9940
969      969   (0)      7  : 0.0550 0.9450
970      970   (0)      7  : 0.0650 0.9350
971      971   (0)      7  : 0.2410 0.7590
972      972   (0)      7  : 0.0090 0.9910
973      973   (0)      7  : 0.0350 0.9650
974      974   (0)      7  : 0.3360 0.6640
975      975   (0)      7  : 0.0100 0.9900
976      976   (0)      7  : 0.0230 0.9770
977      977   (0)      7  : 0.1364 0.8636
978      978   (0)      7  : 0.2210 0.7790
979      979   (0)      7  : 0.0492 0.9508
980      980   (0)      7  : 0.1060 0.8940
981      981   (0)      7  : 0.0330 0.9670
982      982   (0)      7  : 0.0986 0.9014
983      983   (0)      7  : 0.1706 0.8294
984      984   (0)      7  : 0.0070 0.9930
985      985   (0)      7  : 0.0920 0.9080
986      986   (0)      7  : 0.1330 0.8670
987      987   (0)      7  : 0.0370 0.9630
988      988   (0)      7  : 0.1630 0.8370
989      989   (0)      7  : 0.1740 0.8260
990      990   (0)      7  : 0.0780 0.9220
991      991   (0)      7  : 0.1810 0.8190
992      992   (0)      7  : 0.0800 0.9200
993      993   (0)      7  : 0.1560 0.8440
994      994   (0)      7  : 0.0640 0.9360
995      995   (0)      7  : 0.0580 0.9420
996      996   (0)      7  : 0.1010 0.8990
997      997   (0)      7  : 0.1740 0.8260
998      998   (0)      7  : 0.1960 0.8040
999      999   (0)      7  : 0.2336 0.7664
1000     1000   (0)      7  : 0.1240 0.8760
1001     1001   (5)      8  : 0.0110 0.9890
1002     1002   (0)      8  : 0.0130 0.9870
1003     1003   (0)      8  : 0.0070 0.9930
1004     1004   (0)      8  : 0.0240 0.9760
1005     1005   (0)      8  : 0.0080 0.9920
1006     1006   (0)      8  : 0.0088 0.9912
1007     1007   (0)      8  : 0.0050 0.9950
1008     1008   (0)      8  : 0.0090 0.9910
1009     1009   (0)      8  : 0.0070 0.9930
1010     1010   (0)      8  : 0.0070 0.9930
1011     1011   (0)      8  : 0.0050 0.9950
1012     1012   (0)      8  : 0.0070 0.9930
1013     1013   (0)      8  : 0.0114 0.9886
1014     1014   (5)      8  : 0.0050 0.9950
1015     1015   (0)      8  : 0.0070 0.9930
1016     1016   (0)      8  : 0.0060 0.9940
1017     1017   (0)      8  : 0.0080 0.9920
1018     1018   (0)      8  : 0.0080 0.9920
1019     1019   (0)      8  : 0.0110 0.9890
1020     1020   (0)      8  : 0.0060 0.9940
1021     1021   (0)      8  : 0.0050 0.9950
1022     1022   (0)      8  : 0.0090 0.9910
1023     1023   (0)      8  : 0.0060 0.9940
1024     1024   (0)      8  : 0.0050 0.9950
1025     1025   (0)      8  : 0.0050 0.9950
1026     1026   (0)      8  : 0.0060 0.9940
1027     1027   (0)      8  : 0.0060 0.9940
1028     1028   (0)      8  : 0.0060 0.9940
1029     1029   (0)      9  : 0.0100 0.9900
1030     1030   (0)      9  : 0.0060 0.9940
1031     1031   (0)      9  : 0.0060 0.9940
1032     1032   (0)      9  : 0.0060 0.9940
1033     1033   (0)      9  : 0.0080 0.9920
1034     1034   (0)      9  : 0.0110 0.9890
1035     1035   (0)      9  : 0.0090 0.9910
1036     1036   (0)      9  : 0.0080 0.9920
1037     1037   (0)      9  : 0.0080 0.9920
1038     1038   (0)      9  : 0.0060 0.9940
1039     1039   (0)      9  : 0.0050 0.9950
1040     1040   (0)      9  : 0.0140 0.9860
1041     1041   (0)      9  : 0.0050 0.9950
1042     1042   (0)      9  : 0.0050 0.9950
1043     1043   (0)      9  : 0.0050 0.9950
1044     1044   (0)      9  : 0.0060 0.9940
1045     1045   (0)      9  : 0.0060 0.9940
1046     1046   (0)      9  : 0.0060 0.9940
1047     1047   (0)      9  : 0.0070 0.9930
1048     1048   (0)      9  : 0.0060 0.9940
1049     1049   (0)      9  : 0.0074 0.9926
1050     1050   (0)      9  : 0.0070 0.9930
1051     1051   (0)      9  : 0.0090 0.9910
1052     1052   (0)      9  : 0.0070 0.9930
1053     1053   (0)      9  : 0.0050 0.9950
1054     1054   (0)      9  : 0.0070 0.9930
1055     1055   (0)      9  : 0.0110 0.9890
1056     1056   (0)      9  : 0.0060 0.9940
1057     1057   (0)      9  : 0.0050 0.9950
1058     1058   (0)      9  : 0.0060 0.9940
1059     1059   (0)      9  : 0.0080 0.9920
1060     1060   (0)      9  : 0.0070 0.9930
1061     1061   (0)      9  : 0.0150 0.9850
1062     1062   (0)      9  : 0.0070 0.9930
1063     1063   (0)      9  : 0.0058 0.9942
1064     1064   (0)      9  : 0.0220 0.9780
1065     1065   (0)      9  : 0.0090 0.9910
1066     1066   (0)      9  : 0.0080 0.9920
1067     1067   (0)      9  : 0.0080 0.9920
1068     1068   (0)      9  : 0.0080 0.9920
1069     1069   (0)      9  : 0.0130 0.9870
1070     1070   (0)      9  : 0.0060 0.9940
1071     1071   (0)      9  : 0.0060 0.9940
1072     1072   (0)      9  : 0.0090 0.9910
1073     1073   (0)      9  : 0.0100 0.9900
1074     1074   (0)      9  : 0.0050 0.9950
1075     1075   (0)      9  : 0.0078 0.9922
1076     1076   (0)      9  : 0.0070 0.9930
1077     1077   (0)      9  : 0.0080 0.9920
1078     1078   (0)      9  : 0.0130 0.9870
1079     1079   (0)      9  : 0.0060 0.9940
1080     1080   (0)      9  : 0.0060 0.9940
1081     1081   (0)      9  : 0.0070 0.9930
1082     1082   (0)      9  : 0.0050 0.9950
1083     1083   (0)      9  : 0.0100 0.9900
1084     1084   (0)      9  : 0.0070 0.9930
1085     1085   (0)      9  : 0.0080 0.9920
1086     1086   (0)      9  : 0.0100 0.9900
1087     1087   (0)      9  : 0.0100 0.9900
1088     1088   (0)      9  : 0.0080 0.9920
1089     1089   (0)      9  : 0.0050 0.9950
1090     1090   (0)      9  : 0.0070 0.9930
1091     1091   (0)      9  : 0.0060 0.9940
1092     1092   (0)      9  : 0.0070 0.9930
1093     1093   (0)      9  : 0.0100 0.9900
1094     1094   (0)      9  : 0.0050 0.9950
1095     1095   (0)      9  : 0.0070 0.9930
1096     1096   (0)      9  : 0.0090 0.9910
1097     1097   (0)      9  : 0.0060 0.9940
1098     1098   (0)      9  : 0.0060 0.9940
1099     1099   (0)      9  : 0.0110 0.9890
1100     1100   (0)      9  : 0.0060 0.9940
1101     1101   (0)      9  : 0.0080 0.9920
1102     1102   (0)      9  : 0.0110 0.9890
1103     1103   (0)      9  : 0.0070 0.9930
1104     1104   (0)      9  : 0.0120 0.9880
1105     1105   (0)      9  : 0.0070 0.9930
1106     1106   (0)      9  : 0.0050 0.9950
1107     1107   (0)      9  : 0.0070 0.9930
1108     1108   (0)      9  : 0.0080 0.9920
1109     1109   (0)      9  : 0.0118 0.9882
1110     1110   (0)      9  : 0.0060 0.9940
1111     1111   (0)      9  : 0.0100 0.9900
1112     1112   (0)      9  : 0.0060 0.9940
1113     1113   (0)      9  : 0.0070 0.9930
1114     1114   (0)      9  : 0.0080 0.9920
1115     1115   (0)      9  : 0.0128 0.9872
1116     1116   (0)      9  : 0.0060 0.9940
1117     1117   (0)      9  : 0.0060 0.9940
1118     1118   (0)      9  : 0.0060 0.9940
1119     1119   (0)      9  : 0.0060 0.9940
1120     1120   (0)      9  : 0.0050 0.9950
1121     1121   (0)      9  : 0.0070 0.9930
1122     1122   (0)      9  : 0.0070 0.9930
1123     1123   (0)      9  : 0.0100 0.9900
1124     1124   (0)      9  : 0.0060 0.9940
1125     1125   (0)      9  : 0.0100 0.9900
1126     1126   (0)      9  : 0.0090 0.9910
1127     1127   (0)      9  : 0.0080 0.9920
1128     1128   (0)      9  : 0.0070 0.9930
1129     1129   (0)      9  : 0.0060 0.9940
1130     1130   (0)      9  : 0.0060 0.9940
1131     1131   (0)      9  : 0.0050 0.9950
1132     1132   (0)      9  : 0.0060 0.9940
1133     1133   (0)      9  : 0.0060 0.9940
1134     1134   (0)      9  : 0.0070 0.9930
1135     1135   (0)      9  : 0.0070 0.9930
1136     1136   (0)      9  : 0.0080 0.9920
1137     1137   (0)      9  : 0.0060 0.9940
1138     1138   (0)      9  : 0.0080 0.9920
1139     1139   (0)      9  : 0.0090 0.9910
1140     1140   (0)      9  : 0.0150 0.9850
1141     1141   (0)      9  : 0.0100 0.9900
1142     1142   (0)      9  : 0.0080 0.9920
1143     1143   (0)      9  : 0.0060 0.9940
1144     1144   (0)      9  : 0.0070 0.9930
1145     1145   (0)      9  : 0.0140 0.9860
1146     1146   (0)      9  : 0.0100 0.9900
1147     1147   (0)      9  : 0.0070 0.9930
1148     1148   (0)      9  : 0.0070 0.9930
1149     1149   (0)      9  : 0.0060 0.9940
1150     1150   (0)      9  : 0.0070 0.9930
1151     1151   (0)      9  : 0.0070 0.9930
1152     1152   (0)      9  : 0.0080 0.9920
1153     1153   (0)      9  : 0.0120 0.9880
1154     1154   (0)      9  : 0.0070 0.9930
1155     1155   (0)      9  : 0.0050 0.9950
1156     1156   (0)      9  : 0.0050 0.9950
1157     1157   (0)      9  : 0.0150 0.9850
1158     1158   (0)      9  : 0.0090 0.9910
1159     1159   (0)      9  : 0.0244 0.9756
1160     1160   (0)      9  : 0.0050 0.9950
1161     1161   (0)      9  : 0.0080 0.9920
1162     1162   (0)      9  : 0.0060 0.9940
1163     1163   (0)      9  : 0.0100 0.9900
1164     1164   (0)      9  : 0.0050 0.9950
1165     1165   (0)      9  : 0.0070 0.9930
1166     1166   (0)      9  : 0.0140 0.9860
1167     1167   (0)      9  : 0.0060 0.9940
1168     1168   (0)      9  : 0.0060 0.9940
1169     1169   (0)      9  : 0.0050 0.9950
1170     1170   (0)      9  : 0.0050 0.9950
1171     1171   (0)      9  : 0.0070 0.9930
1172     1172   (0)      9  : 0.0060 0.9940
1173     1173   (0)      9  : 0.0080 0.9920
1174     1174   (0)      9  : 0.0070 0.9930
1175     1175   (0)      9  : 0.0110 0.9890
1176     1176   (0)      9  : 0.0070 0.9930
1177     1177   (0)      9  : 0.0070 0.9930
1178     1178   (0)      9  : 0.0050 0.9950
1179     1179   (0)      9  : 0.0074 0.9926
1180     1180   (0)      9  : 0.0060 0.9940
1181     1181   (0)      9  : 0.0070 0.9930
1182     1182   (0)      9  : 0.0050 0.9950
1183     1183   (0)      9  : 0.0070 0.9930
1184     1184   (0)      9  : 0.0080 0.9920
1185     1185   (0)      9  : 0.0050 0.9950
1186     1186   (0)      9  : 0.0060 0.9940
1187     1187   (0)      9  : 0.0060 0.9940
1188     1188   (0)      9  : 0.0060 0.9940
1189     1189   (0)      9  : 0.0050 0.9950
1190     1190   (0)      9  : 0.0070 0.9930
1191     1191   (0)      9  : 0.0060 0.9940
1192     1192   (0)      9  : 0.0080 0.9920
1193     1193   (0)      9  : 0.0070 0.9930
1194     1194   (0)      9  : 0.0090 0.9910
1195     1195   (0)      9  : 0.0050 0.9950
1196     1196   (0)      9  : 0.0080 0.9920
1197     1197   (0)      9  : 0.0060 0.9940
1198     1198   (0)      9  : 0.0050 0.9950
1199     1199   (0)      9  : 0.0090 0.9910
1200     1200   (0)      9  : 0.0140 0.9860
1201     1201   (0)      9  : 0.0050 0.9950
1202     1202   (0)      9  : 0.0080 0.9920
1203     1203   (0)      9  : 0.0080 0.9920
1204     1204   (0)      9  : 0.0050 0.9950
1205     1205   (0)      9  : 0.0050 0.9950
1206     1206   (0)      9  : 0.0060 0.9940
1207     1207   (0)      9  : 0.0060 0.9940
1208     1208   (0)      9  : 0.0070 0.9930
1209     1209   (0)      9  : 0.0050 0.9950
1210     1210   (0)      9  : 0.0050 0.9950
1211     1211   (0)      9  : 0.0060 0.9940
1212     1212   (0)      9  : 0.0060 0.9940
1213     1213   (0)      9  : 0.0050 0.9950
1214     1214   (0)      9  : 0.0070 0.9930
1215     1215   (0)      9  : 0.0060 0.9940
1216     1216   (0)      9  : 0.0072 0.9928
1217     1217   (0)      9  : 0.0060 0.9940
1218     1218   (0)      9  : 0.0060 0.9940
1219     1219   (0)      9  : 0.0100 0.9900
1220     1220   (0)      9  : 0.0060 0.9940
1221     1221   (0)      9  : 0.0080 0.9920
1222     1222   (0)      9  : 0.0070 0.9930
1223     1223   (0)      9  : 0.0090 0.9910
1224     1224   (0)      9  : 0.0140 0.9860
1225     1225   (0)      9  : 0.0140 0.9860
1226     1226   (0)      9  : 0.0090 0.9910
1227     1227   (0)      9  : 0.0100 0.9900
1228     1228   (0)      9  : 0.0130 0.9870
1229     1229   (0)      9  : 0.0114 0.9886
1230     1230   (0)      9  : 0.0050 0.9950
1231     1231   (0)      9  : 0.0060 0.9940
1232     1232   (0)      9  : 0.0070 0.9930
1233     1233   (0)      9  : 0.0060 0.9940
1234     1234   (0)      9  : 0.0108 0.9892
1235     1235   (0)      9  : 0.0050 0.9950
1236     1236   (0)      9  : 0.0080 0.9920
1237     1237   (0)      9  : 0.0090 0.9910
1238     1238   (0)      9  : 0.0050 0.9950
1239     1239   (0)      9  : 0.0080 0.9920
1240     1240   (0)      9  : 0.0118 0.9882
1241     1241   (0)      9  : 0.0070 0.9930
1242     1242   (0)      9  : 0.0070 0.9930
1243     1243   (0)      9  : 0.0090 0.9910
1244     1244   (0)      9  : 0.0050 0.9950
1245     1245   (0)      9  : 0.0100 0.9900
1246     1246   (0)      9  : 0.0050 0.9950
1247     1247   (0)      9  : 0.0070 0.9930
1248     1248   (0)      9  : 0.0060 0.9940
1249     1249   (0)      9  : 0.0050 0.9950
1250     1250   (0)      9  : 0.0050 0.9950
1251     1251   (0)      9  : 0.0110 0.9890
1252     1252   (0)      9  : 0.0060 0.9940
1253     1253   (0)      9  : 0.0090 0.9910
1254     1254   (0)      9  : 0.0060 0.9940
1255     1255   (0)      9  : 0.0080 0.9920
1256     1256   (0)      9  : 0.0090 0.9910
1257     1257   (0)      9  : 0.0062 0.9938
1258     1258   (0)      9  : 0.0060 0.9940
1259     1259   (0)      9  : 0.0100 0.9900
1260     1260   (0)      9  : 0.0070 0.9930
1261     1261   (0)      9  : 0.0070 0.9930
1262     1262   (0)      9  : 0.0060 0.9940
1263     1263   (0)      9  : 0.0060 0.9940
1264     1264   (0)      9  : 0.0050 0.9950
1265     1265   (0)      9  : 0.0064 0.9936
1266     1266   (0)      9  : 0.0070 0.9930
1267     1267   (0)      9  : 0.0060 0.9940
1268     1268   (0)      9  : 0.0074 0.9926
1269     1269   (0)      9  : 0.0060 0.9940
1270     1270   (0)      9  : 0.0330 0.9670
1271     1271   (0)      9  : 0.0090 0.9910
1272     1272   (0)      9  : 0.0070 0.9930
1273     1273   (0)      9  : 0.0080 0.9920
1274     1274   (0)      9  : 0.0060 0.9940
1275     1275   (0)      9  : 0.0060 0.9940
1276     1276   (0)      9  : 0.0066 0.9934
1277     1277   (0)      9  : 0.0060 0.9940
1278     1278   (0)      9  : 0.0070 0.9930
1279     1279   (0)      9  : 0.0090 0.9910
1280     1280   (0)      9  : 0.0120 0.9880
1281     1281   (0)      9  : 0.0080 0.9920
1282     1282   (0)      9  : 0.0090 0.9910
1283     1283   (0)      9  : 0.0060 0.9940
1284     1284   (0)      9  : 0.0070 0.9930
1285     1285   (0)      9  : 0.0050 0.9950
1286     1286   (0)      9  : 0.0080 0.9920
1287     1287   (0)      9  : 0.0120 0.9880
1288     1288   (0)      9  : 0.0122 0.9878
1289     1289   (0)      9  : 0.0160 0.9840
1290     1290   (0)      9  : 0.0060 0.9940
1291     1291   (0)      9  : 0.0104 0.9896
1292     1292   (0)      9  : 0.0050 0.9950
1293     1293   (0)      9  : 0.0080 0.9920
1294     1294   (0)      9  : 0.0060 0.9940
1295     1295   (0)      9  : 0.0080 0.9920
1296     1296   (0)      9  : 0.0080 0.9920
1297     1297   (0)      9  : 0.0220 0.9780
1298     1298   (0)      9  : 0.0050 0.9950
1299     1299   (0)      9  : 0.0090 0.9910
1300     1300   (0)      9  : 0.0070 0.9930
1301     1301   (0)      9  : 0.0118 0.9882
1302     1302   (0)      9  : 0.0050 0.9950
1303     1303   (0)      9  : 0.0100 0.9900
1304     1304   (0)      9  : 0.0060 0.9940
1305     1305   (0)      9  : 0.0060 0.9940
1306     1306   (0)      9  : 0.0100 0.9900
1307     1307   (0)      9  : 0.0100 0.9900
1308     1308   (0)      9  : 0.0080 0.9920
1309     1309   (0)      9  : 0.0060 0.9940
1310     1310   (0)      9  : 0.0060 0.9940
1311     1311   (0)      9  : 0.0060 0.9940
1312     1312   (0)      9  : 0.0090 0.9910
1313     1313   (0)      9  : 0.0060 0.9940
1314     1314   (0)      9  : 0.0096 0.9904
1315     1315   (0)      9  : 0.0060 0.9940
1316     1316   (0)      9  : 0.0060 0.9940
1317     1317   (0)      9  : 0.0070 0.9930
1318     1318   (0)      9  : 0.0060 0.9940
1319     1319   (0)      9  : 0.0060 0.9940
1320     1320   (0)      9  : 0.0080 0.9920
1321     1321   (0)      9  : 0.0080 0.9920
1322     1322   (0)      9  : 0.0150 0.9850
1323     1323   (0)      9  : 0.0060 0.9940
1324     1324   (0)      9  : 0.0080 0.9920
1325     1325   (0)      9  : 0.0110 0.9890
1326     1326   (0)      9  : 0.0060 0.9940
1327     1327   (0)      9  : 0.0050 0.9950
1328     1328   (0)      9  : 0.0050 0.9950
1329     1329   (0)      9  : 0.0066 0.9934
1330     1330   (0)      9  : 0.0050 0.9950
1331     1331   (0)      9  : 0.0110 0.9890
1332     1332   (0)      9  : 0.0090 0.9910
1333     1333   (0)      9  : 0.0100 0.9900
1334     1334   (0)      9  : 0.0070 0.9930
1335     1335   (0)      9  : 0.0060 0.9940
1336     1336   (0)      9  : 0.0066 0.9934
1337     1337   (0)      9  : 0.0060 0.9940
1338     1338   (0)      9  : 0.0070 0.9930
1339     1339   (0)      9  : 0.0060 0.9940
1340     1340   (0)      9  : 0.0054 0.9946
1341     1341   (0)      9  : 0.0050 0.9950
1342     1342   (0)      9  : 0.0060 0.9940
1343     1343   (0)      9  : 0.0060 0.9940
1344     1344   (0)      9  : 0.0050 0.9950
1345     1345   (0)      9  : 0.0060 0.9940
1346     1346   (0)      9  : 0.0080 0.9920
1347     1347   (0)      9  : 0.0140 0.9860
1348     1348   (0)      9  : 0.0070 0.9930
1349     1349   (0)      9  : 0.0060 0.9940
1350     1350   (0)      9  : 0.0080 0.9920
1351     1351   (0)      9  : 0.0110 0.9890
1352     1352   (0)      9  : 0.0070 0.9930
1353     1353   (0)      9  : 0.0100 0.9900
1354     1354   (0)      9  : 0.0120 0.9880
1355     1355   (0)      9  : 0.0070 0.9930
1356     1356   (0)      9  : 0.0060 0.9940
1357     1357   (0)      9  : 0.0070 0.9930
1358     1358   (0)      9  : 0.0090 0.9910
1359     1359   (0)      9  : 0.0050 0.9950
1360     1360   (0)      9  : 0.0060 0.9940
1361     1361   (0)      9  : 0.0070 0.9930
1362     1362   (0)      9  : 0.0080 0.9920
1363     1363   (0)      9  : 0.0060 0.9940
1364     1364   (0)      9  : 0.0090 0.9910
1365     1365   (0)      9  : 0.0100 0.9900
1366     1366   (0)      9  : 0.0080 0.9920
1367     1367   (0)      9  : 0.0070 0.9930
1368     1368   (0)      9  : 0.0080 0.9920
1369     1369   (0)      9  : 0.0060 0.9940
1370     1370   (0)      9  : 0.0080 0.9920
1371     1371   (0)      9  : 0.0070 0.9930
1372     1372   (0)      9  : 0.0060 0.9940
1373     1373   (0)      9  : 0.0040 0.9960
1374     1374   (0)      9  : 0.0070 0.9930
1375     1375   (0)      9  : 0.0060 0.9940
1376     1376   (0)      9  : 0.0070 0.9930
1377     1377   (0)      9  : 0.0060 0.9940
1378     1378   (0)      9  : 0.0090 0.9910
1379     1379   (0)      9  : 0.0050 0.9950
1380     1380   (0)      9  : 0.0060 0.9940
1381     1381   (0)      9  : 0.0072 0.9928
1382     1382   (0)      9  : 0.0060 0.9940
1383     1383   (0)      9  : 0.0070 0.9930
1384     1384   (0)      9  : 0.0110 0.9890
1385     1385   (0)      9  : 0.0060 0.9940
1386     1386   (0)      9  : 0.0080 0.9920
1387     1387   (0)      9  : 0.0090 0.9910
1388     1388   (0)      9  : 0.0080 0.9920
1389     1389   (0)      9  : 0.0050 0.9950
1390     1390   (0)      9  : 0.0070 0.9930
1391     1391   (0)      9  : 0.0060 0.9940
1392     1392   (0)      9  : 0.0130 0.9870
1393     1393   (0)      9  : 0.0050 0.9950
1394     1394   (0)      9  : 0.0060 0.9940
1395     1395   (0)      9  : 0.0060 0.9940
1396     1396   (0)      9  : 0.0060 0.9940
1397     1397   (0)      9  : 0.0060 0.9940
1398     1398   (0)      9  : 0.0070 0.9930
1399     1399   (0)      9  : 0.0450 0.9550
1400     1400   (0)      9  : 0.0110 0.9890
1401     1401   (0)      9  : 0.0080 0.9920
1402     1402   (0)      9  : 0.0090 0.9910
1403     1403   (0)      9  : 0.0070 0.9930
1404     1404   (0)      9  : 0.0080 0.9920
1405     1405   (0)      9  : 0.0090 0.9910
1406     1406   (0)      9  : 0.0080 0.9920
1407     1407   (0)      9  : 0.0052 0.9948
1408     1408   (0)      9  : 0.0090 0.9910
1409     1409   (0)      9  : 0.0060 0.9940
1410     1410   (0)      9  : 0.0060 0.9940
1411     1411   (0)      9  : 0.0080 0.9920
1412     1412   (0)      9  : 0.0060 0.9940
1413     1413   (0)      9  : 0.0050 0.9950
1414     1414   (0)      9  : 0.0070 0.9930
1415     1415   (0)      9  : 0.0120 0.9880
1416     1416   (0)      9  : 0.0100 0.9900
1417     1417   (0)      9  : 0.0050 0.9950
1418     1418   (0)      9  : 0.0060 0.9940
1419     1419   (0)      9  : 0.0070 0.9930
1420     1420   (0)      9  : 0.0070 0.9930
1421     1421   (0)      9  : 0.0090 0.9910
1422     1422   (0)      9  : 0.0090 0.9910
1423     1423   (0)      9  : 0.0070 0.9930
1424     1424   (0)      9  : 0.0130 0.9870
1425     1425   (0)      9  : 0.0060 0.9940
1426     1426   (0)      9  : 0.0060 0.9940
1427     1427   (0)      9  : 0.0090 0.9910
1428     1428   (0)      9  : 0.0060 0.9940
1429     1429   (0)      9  : 0.0060 0.9940
1430     1430   (0)      9  : 0.0080 0.9920
1431     1431   (0)      9  : 0.0050 0.9950
1432     1432   (0)      9  : 0.0070 0.9930
1433     1433   (0)      9  : 0.0100 0.9900
1434     1434   (0)      9  : 0.0080 0.9920
1435     1435   (0)      9  : 0.0090 0.9910
1436     1436   (0)      9  : 0.0050 0.9950
1437     1437   (0)      9  : 0.0060 0.9940
1438     1438   (0)      9  : 0.0050 0.9950
1439     1439   (0)      9  : 0.0060 0.9940
1440     1440   (0)      9  : 0.0060 0.9940
1441     1441   (0)      9  : 0.0050 0.9950
1442     1442   (0)      9  : 0.0098 0.9902
1443     1443   (0)      9  : 0.0070 0.9930
1444     1444   (0)      9  : 0.0080 0.9920
1445     1445   (0)      9  : 0.0060 0.9940
1446     1446   (0)      9  : 0.0050 0.9950
1447     1447   (0)      9  : 0.0070 0.9930
1448     1448   (0)      9  : 0.0080 0.9920
1449     1449   (0)      9  : 0.0060 0.9940
1450     1450   (0)      9  : 0.0120 0.9880
1451     1451   (0)      9  : 0.0050 0.9950
1452     1452   (0)      9  : 0.0060 0.9940
1453     1453   (0)      9  : 0.0150 0.9850
1454     1454   (0)      9  : 0.0080 0.9920
1455     1455   (0)      9  : 0.0060 0.9940
1456     1456   (0)      9  : 0.0080 0.9920
1457     1457   (0)      9  : 0.0070 0.9930
1458     1458   (0)      9  : 0.0080 0.9920
1459     1459   (0)      9  : 0.0090 0.9910
1460     1460   (0)      9  : 0.0050 0.9950
1461     1461   (0)      9  : 0.0060 0.9940
1462     1462   (0)      9  : 0.0060 0.9940
1463     1463   (0)      9  : 0.0080 0.9920
1464     1464   (0)      9  : 0.0050 0.9950
1465     1465   (0)      9  : 0.0090 0.9910
1466     1466   (0)      9  : 0.0050 0.9950
1467     1467   (0)      9  : 0.0070 0.9930
1468     1468   (0)      9  : 0.0060 0.9940
1469     1469   (0)      9  : 0.0060 0.9940
1470     1470   (0)      9  : 0.0100 0.9900
1471     1471   (0)      9  : 0.0100 0.9900
1472     1472   (0)      9  : 0.0070 0.9930
1473     1473   (0)      9  : 0.0070 0.9930
1474     1474   (0)      9  : 0.0060 0.9940
1475     1475   (0)      9  : 0.0052 0.9948
1476     1476   (0)      9  : 0.0060 0.9940
1477     1477   (0)      9  : 0.0080 0.9920
1478     1478   (0)      9  : 0.0060 0.9940
1479     1479   (0)      9  : 0.0100 0.9900
1480     1480   (0)      9  : 0.0060 0.9940
1481     1481   (0)      9  : 0.0060 0.9940
1482     1482   (0)      9  : 0.0090 0.9910
1483     1483   (0)      9  : 0.0050 0.9950
1484     1484   (0)      9  : 0.0090 0.9910
1485     1485   (0)      9  : 0.0150 0.9850
1486     1486   (0)      9  : 0.0060 0.9940
1487     1487   (0)      9  : 0.0060 0.9940
1488     1488   (0)      9  : 0.0080 0.9920
1489     1489   (0)      9  : 0.0080 0.9920
1490     1490   (0)      9  : 0.0050 0.9950
1491     1491   (0)      9  : 0.0060 0.9940
1492     1492   (0)      9  : 0.0050 0.9950
1493     1493   (0)      9  : 0.0130 0.9870
1494     1494   (0)      9  : 0.0070 0.9930
1495     1495   (0)      9  : 0.0050 0.9950
1496     1496   (0)      9  : 0.0070 0.9930
1497     1497   (0)      9  : 0.0050 0.9950
1498     1498   (0)      9  : 0.0070 0.9930
1499     1499   (0)      9  : 0.0058 0.9942
1500     1500   (0)      9  : 0.0050 0.9950
