   1        1   (5)      1 :  0.9890 0.0110 
   2        2   (5)      1 :  0.9740 0.0260 
   3        3   (5)      1 :  0.9920 0.0080 
   4        4   (0)      1 :  0.9900 0.0100 
   5        5   (0)      1 :  0.9720 0.0280 
   6        6   (0)      1 :  0.9910 0.0090 
   7        7   (0)      1 :  0.9820 0.0180 
   8        8   (5)      1 :  0.9910 0.0090 
   9        9   (0)      1 :  0.9920 0.0080 
  10       10   (0)      1 :  0.9840 0.0160 
  11       11   (0)      1 :  0.9900 0.0100 
  12       12   (0)      1 :  0.9810 0.0190 
  13       13   (0)      1 :  0.9830 0.0170 
  14       14   (0)      1 :  0.9910 0.0090 
  15       15   (0)      1 :  0.9892 0.0108 
  16       16   (0)      1 :  0.9930 0.0070 
  17       17   (0)      1 :  0.9940 0.0060 
  18       18   (0)      1 :  0.9850 0.0150 
  19       19   (0)      1 :  0.9700 0.0300 
  20       20   (0)      1 :  0.9800 0.0200 
  21       21   (0)      1 :  0.9900 0.0100 
  22       22   (0)      1 :  0.9940 0.0060 
  23       23   (0)      1 :  0.9930 0.0070 
  24       24   (0)      1 :  0.9860 0.0140 
  25       25   (0)      1 :  0.9790 0.0210 
  26       26   (0)      1 :  0.9820 0.0180 
  27       27   (5)      1 :  0.9868 0.0132 
  28       28   (0)      1 :  0.9940 0.0060 
  29       29   (0)      1 :  0.9920 0.0080 
  30       30   (0)      1 :  0.9830 0.0170 
  31       31   (0)      1 :  0.9930 0.0070 
  32       32   (0)      1 :  0.9830 0.0170 
  33       33   (0)      1 :  0.9930 0.0070 
  34       34   (0)      1 :  0.9940 0.0060 
  35       35   (0)      1 :  0.9860 0.0140 
  36       36   (0)      1 :  0.9710 0.0290 
  37       37   (0)      1 :  0.9850 0.0150 
  38       38   (0)      1 :  0.9830 0.0170 
  39       39   (0)      1 :  0.9840 0.0160 
  40       40   (0)      1 :  0.9880 0.0120 
  41       41   (0)      1 :  0.9900 0.0100 
  42       42   (0)      1 :  0.9940 0.0060 
  43       43   (0)      1 :  0.9920 0.0080 
  44       44   (0)      1 :  0.9940 0.0060 
  45       45   (5)      1 :  0.9860 0.0140 
  46       46   (0)      1 :  0.9950 0.0050 
  47       47   (0)      1 :  0.9940 0.0060 
  48       48   (0)      1 :  0.9920 0.0080 
  49       49   (0)      1 :  0.9650 0.0350 
  50       50   (0)      1 :  0.9910 0.0090 
  51       51   (0)      1 :  0.9854 0.0146 
  52       52   (0)      1 :  0.9408 0.0592 
  53       53   (0)      1 :  0.9910 0.0090 
  54       54   (0)      1 :  0.9948 0.0052 
  55       55   (0)      1 :  0.9930 0.0070 
  56       56   (0)      1 :  0.9920 0.0080 
  57       57  (10)      1 :  0.9850 0.0150 
  58       58   (5)      1 :  0.9900 0.0100 
  59       59   (0)      1 :  0.9880 0.0120 
  60       60   (0)      1 :  0.9930 0.0070 
  61       61   (0)      1 :  0.9900 0.0100 
  62       62   (0)      1 :  0.9920 0.0080 
  63       63   (0)      1 :  0.9910 0.0090 
  64       64   (0)      1 :  0.9926 0.0074 
  65       65   (0)      1 :  0.9630 0.0370 
  66       66   (0)      1 :  0.9920 0.0080 
  67       67   (5)      1 :  0.9730 0.0270 
  68       68   (0)      1 :  0.9900 0.0100 
  69       69   (0)      1 :  0.9940 0.0060 
  70       70   (0)      1 :  0.9908 0.0092 
  71       71   (5)      1 :  0.9890 0.0110 
  72       72   (0)      1 :  0.9800 0.0200 
  73       73   (5)      1 :  0.9930 0.0070 
  74       74  (10)      1 :  0.9850 0.0150 
  75       75  (10)      1 :  0.9600 0.0400 
  76       76   (0)      1 :  0.9920 0.0080 
  77       77  (10)      1 :  0.9890 0.0110 
  78       78   (0)      1 :  0.9850 0.0150 
  79       79   (5)      1 :  0.9930 0.0070 
  80       80   (0)      1 :  0.9930 0.0070 
  81       81   (0)      1 :  0.9910 0.0090 
  82       82   (0)      1 :  0.9920 0.0080 
  83       83   (0)      1 :  0.9880 0.0120 
  84       84   (0)      1 :  0.9870 0.0130 
  85       85   (0)      1 :  0.9930 0.0070 
  86       86   (5)      1 :  0.9900 0.0100 
  87       87   (0)      1 :  0.9920 0.0080 
  88       88   (0)      1 :  0.9770 0.0230 
  89       89   (0)      1 :  0.9598 0.0402 
  90       90   (0)      1 :  0.9920 0.0080 
  91       91   (0)      1 :  0.9900 0.0100 
  92       92   (0)      1 :  0.9920 0.0080 
  93       93   (0)      1 :  0.9930 0.0070 
  94       94   (5)      1 :  0.9720 0.0280 
  95       95   (0)      1 :  0.9890 0.0110 
  96       96   (5)      1 :  0.9910 0.0090 
  97       97   (0)      1 :  0.9930 0.0070 
  98       98   (0)      1 :  0.9870 0.0130 
  99       99   (5)      1 :  0.9890 0.0110 
 100      100   (5)      1 :  0.9940 0.0060 
 101      101   (0)      2 :  0.9910 0.0090 
 102      102   (0)      2 :  0.9950 0.0050 
 103      103   (0)      2 :  0.9950 0.0050 
 104      104   (0)      2 :  0.9870 0.0130 
 105      105   (0)      2 :  0.9850 0.0150 
 106      106   (0)      2 :  0.9910 0.0090 
 107      107   (0)      2 :  0.9920 0.0080 
 108      108   (0)      2 :  0.9850 0.0150 
 109      109   (0)      2 :  0.9840 0.0160 
 110      110   (0)      2 :  0.9800 0.0200 
 111      111   (0)      2 :  0.9940 0.0060 
 112      112   (0)      2 :  0.9850 0.0150 
 113      113   (0)      2 :  0.9900 0.0100 
 114      114   (0)      2 :  0.9840 0.0160 
 115      115   (0)      2 :  0.9850 0.0150 
 116      116   (0)      2 :  0.9860 0.0140 
 117      117   (0)      2 :  0.9900 0.0100 
 118      118   (0)      2 :  0.9900 0.0100 
 119      119   (0)      2 :  0.9910 0.0090 
 120      120   (0)      2 :  0.9720 0.0280 
 121      121   (0)      2 :  0.9930 0.0070 
 122      122   (0)      2 :  0.9940 0.0060 
 123      123   (0)      2 :  0.9890 0.0110 
 124      124   (0)      2 :  0.9940 0.0060 
 125      125   (0)      2 :  0.9910 0.0090 
 126      126   (0)      2 :  0.9550 0.0450 
 127      127   (0)      2 :  0.9920 0.0080 
 128      128   (0)      2 :  0.9870 0.0130 
 129      129   (0)      2 :  0.9840 0.0160 
 130      130   (0)      2 :  0.9840 0.0160 
 131      131   (0)      2 :  0.9610 0.0390 
 132      132   (0)      2 :  0.9848 0.0152 
 133      133   (0)      2 :  0.9910 0.0090 
 134      134   (0)      2 :  0.9890 0.0110 
 135      135   (0)      2 :  0.9890 0.0110 
 136      136   (0)      2 :  0.9930 0.0070 
 137      137   (0)      2 :  0.9520 0.0480 
 138      138   (0)      2 :  0.9800 0.0200 
 139      139   (0)      2 :  0.9930 0.0070 
 140      140   (0)      2 :  0.9880 0.0120 
 141      141   (0)      2 :  0.9880 0.0120 
 142      142   (0)      2 :  0.9920 0.0080 
 143      143   (0)      2 :  0.9920 0.0080 
 144      144   (0)      2 :  0.9786 0.0214 
 145      145   (0)      2 :  0.9308 0.0692 
 146      146   (0)      2 :  0.9890 0.0110 
 147      147   (0)      2 :  0.9840 0.0160 
 148      148   (0)      2 :  0.9920 0.0080 
 149      149   (0)      2 :  0.9660 0.0340 
 150      150   (0)      2 :  0.9920 0.0080 
 151      151   (0)      2 :  0.9892 0.0108 
 152      152   (0)      2 :  0.9890 0.0110 
 153      153   (0)      2 :  0.9900 0.0100 
 154      154   (0)      2 :  0.9910 0.0090 
 155      155   (0)      2 :  0.9910 0.0090 
 156      156   (0)      2 :  0.9930 0.0070 
 157      157   (0)      2 :  0.9904 0.0096 
 158      158   (0)      2 :  0.9920 0.0080 
 159      159   (0)      2 :  0.9936 0.0064 
 160      160   (0)      2 :  0.9906 0.0094 
 161      161   (0)      2 :  0.9810 0.0190 
 162      162   (0)      2 :  0.9660 0.0340 
 163      163   (0)      2 :  0.9890 0.0110 
 164      164   (0)      2 :  0.9910 0.0090 
 165      165   (0)      2 :  0.9810 0.0190 
 166      166   (0)      2 :  0.9910 0.0090 
 167      167   (0)      2 :  0.9950 0.0050 
 168      168   (0)      2 :  0.9890 0.0110 
 169      169   (0)      2 :  0.9920 0.0080 
 170      170   (0)      2 :  0.9800 0.0200 
 171      171   (0)      2 :  0.9940 0.0060 
 172      172   (0)      2 :  0.9920 0.0080 
 173      173   (0)      2 :  0.9900 0.0100 
 174      174   (0)      2 :  0.9910 0.0090 
 175      175   (0)      2 :  0.9920 0.0080 
 176      176   (0)      2 :  0.9880 0.0120 
 177      177   (0)      2 :  0.9870 0.0130 
 178      178   (0)      2 :  0.9690 0.0310 
 179      179   (0)      2 :  0.9862 0.0138 
 180      180   (0)      2 :  0.9930 0.0070 
 181      181   (0)      2 :  0.9900 0.0100 
 182      182   (0)      2 :  0.9930 0.0070 
 183      183   (0)      2 :  0.9910 0.0090 
 184      184   (0)      2 :  0.9930 0.0070 
 185      185   (0)      2 :  0.9930 0.0070 
 186      186   (0)      2 :  0.9920 0.0080 
 187      187   (0)      2 :  0.9950 0.0050 
 188      188   (0)      2 :  0.9870 0.0130 
 189      189   (0)      2 :  0.9840 0.0160 
 190      190   (0)      2 :  0.9890 0.0110 
 191      191   (0)      2 :  0.9890 0.0110 
 192      192   (0)      2 :  0.9910 0.0090 
 193      193   (0)      2 :  0.9950 0.0050 
 194      194   (0)      2 :  0.9550 0.0450 
 195      195   (0)      2 :  0.9890 0.0110 
 196      196   (0)      2 :  0.9930 0.0070 
 197      197   (0)      2 :  0.9920 0.0080 
 198      198   (0)      2 :  0.9874 0.0126 
 199      199   (0)      2 :  0.9886 0.0114 
 200      200   (0)      2 :  0.9950 0.0050 
 201      201   (0)      2 :  0.9910 0.0090 
 202      202   (0)      2 :  0.9950 0.0050 
 203      203   (0)      2 :  0.9930 0.0070 
 204      204   (0)      2 :  0.9910 0.0090 
 205      205   (0)      2 :  0.9880 0.0120 
 206      206   (0)      2 :  0.9890 0.0110 
 207      207   (0)      2 :  0.9930 0.0070 
 208      208   (0)      2 :  0.9950 0.0050 
 209      209   (0)      2 :  0.9940 0.0060 
 210      210   (0)      2 :  0.9820 0.0180 
 211      211   (0)      2 :  0.9930 0.0070 
 212      212   (0)      2 :  0.9904 0.0096 
 213      213   (0)      2 :  0.9906 0.0094 
 214      214   (0)      2 :  0.9918 0.0082 
 215      215   (0)      2 :  0.9910 0.0090 
 216      216   (0)      2 :  0.9910 0.0090 
 217      217   (0)      2 :  0.9930 0.0070 
 218      218   (0)      2 :  0.9826 0.0174 
 219      219   (0)      2 :  0.9760 0.0240 
 220      220   (0)      2 :  0.9930 0.0070 
 221      221   (0)      2 :  0.9910 0.0090 
 222      222   (0)      2 :  0.9920 0.0080 
 223      223   (0)      2 :  0.9824 0.0176 
 224      224   (0)      2 :  0.9910 0.0090 
 225      225   (0)      2 :  0.9810 0.0190 
 226      226   (0)      2 :  0.9930 0.0070 
 227      227   (0)      2 :  0.9910 0.0090 
 228      228   (0)      2 :  0.9770 0.0230 
 229      229   (0)      2 :  0.9930 0.0070 
 230      230   (0)      2 :  0.9840 0.0160 
 231      231   (0)      2 :  0.9890 0.0110 
 232      232   (0)      2 :  0.9910 0.0090 
 233      233   (0)      2 :  0.9770 0.0230 
 234      234   (0)      2 :  0.9930 0.0070 
 235      235   (0)      2 :  0.9940 0.0060 
 236      236   (0)      2 :  0.9890 0.0110 
 237      237   (0)      2 :  0.9920 0.0080 
 238      238   (0)      2 :  0.9720 0.0280 
 239      239   (0)      2 :  0.9586 0.0414 
 240      240   (0)      2 :  0.9720 0.0280 
 241      241   (0)      2 :  0.9930 0.0070 
 242      242   (0)      2 :  0.9930 0.0070 
 243      243   (0)      2 :  0.9920 0.0080 
 244      244   (0)      2 :  0.9930 0.0070 
 245      245   (0)      2 :  0.9880 0.0120 
 246      246   (0)      2 :  0.9830 0.0170 
 247      247   (0)      2 :  0.9930 0.0070 
 248      248   (0)      2 :  0.9900 0.0100 
 249      249   (0)      2 :  0.9920 0.0080 
 250      250   (0)      2 :  0.9930 0.0070 
 251      251   (0)      2 :  0.9930 0.0070 
 252      252   (0)      2 :  0.9900 0.0100 
 253      253   (0)      2 :  0.9930 0.0070 
 254      254   (0)      2 :  0.9854 0.0146 
 255      255   (0)      2 :  0.9860 0.0140 
 256      256   (0)      2 :  0.9780 0.0220 
 257      257   (0)      2 :  0.9900 0.0100 
 258      258   (0)      2 :  0.9852 0.0148 
 259      259   (0)      2 :  0.9920 0.0080 
 260      260   (0)      2 :  0.9876 0.0124 
 261      261   (0)      2 :  0.9940 0.0060 
 262      262   (0)      2 :  0.9920 0.0080 
 263      263   (0)      2 :  0.9850 0.0150 
 264      264   (0)      2 :  0.9930 0.0070 
 265      265   (0)      2 :  0.9930 0.0070 
 266      266   (0)      2 :  0.9940 0.0060 
 267      267   (0)      2 :  0.9910 0.0090 
 268      268   (0)      2 :  0.9788 0.0212 
 269      269   (0)      2 :  0.9770 0.0230 
 270      270   (0)      2 :  0.9840 0.0160 
 271      271   (0)      2 :  0.9840 0.0160 
 272      272   (0)      2 :  0.9600 0.0400 
 273      273   (0)      2 :  0.9870 0.0130 
 274      274   (0)      2 :  0.9756 0.0244 
 275      275   (0)      2 :  0.9750 0.0250 
 276      276   (0)      2 :  0.9920 0.0080 
 277      277   (0)      2 :  0.9840 0.0160 
 278      278   (0)      2 :  0.9900 0.0100 
 279      279   (0)      2 :  0.9870 0.0130 
 280      280   (0)      2 :  0.9930 0.0070 
 281      281   (0)      2 :  0.9920 0.0080 
 282      282   (0)      2 :  0.9682 0.0318 
 283      283   (0)      2 :  0.9812 0.0188 
 284      284   (0)      2 :  0.9880 0.0120 
 285      285   (0)      2 :  0.9910 0.0090 
 286      286   (0)      2 :  0.9940 0.0060 
 287      287   (0)      2 :  0.9870 0.0130 
 288      288   (0)      2 :  0.9860 0.0140 
 289      289   (0)      2 :  0.9806 0.0194 
 290      290   (0)      2 :  0.9870 0.0130 
 291      291   (0)      2 :  0.9900 0.0100 
 292      292   (0)      2 :  0.9960 0.0040 
 293      293   (0)      2 :  0.9830 0.0170 
 294      294   (0)      2 :  0.9860 0.0140 
 295      295   (0)      2 :  0.9900 0.0100 
 296      296   (0)      2 :  0.9900 0.0100 
 297      297   (0)      2 :  0.9940 0.0060 
 298      298   (0)      2 :  0.9940 0.0060 
 299      299   (0)      2 :  0.9900 0.0100 
 300      300   (0)      2 :  0.9850 0.0150 
 301      301   (0)      2 :  0.9910 0.0090 
 302      302   (0)      2 :  0.9770 0.0230 
 303      303   (0)      2 :  0.9870 0.0130 
 304      304   (0)      2 :  0.9930 0.0070 
 305      305   (0)      2 :  0.9920 0.0080 
 306      306   (0)      2 :  0.9890 0.0110 
 307      307   (0)      2 :  0.9208 0.0792 
 308      308   (0)      2 :  0.9890 0.0110 
 309      309   (0)      2 :  0.9880 0.0120 
 310      310   (0)      2 :  0.9920 0.0080 
 311      311   (0)      2 :  0.9750 0.0250 
 312      312   (0)      2 :  0.9840 0.0160 
 313      313   (0)      2 :  0.9900 0.0100 
 314      314   (0)      2 :  0.9840 0.0160 
 315      315   (0)      2 :  0.9822 0.0178 
 316      316   (0)      2 :  0.9930 0.0070 
 317      317   (0)      2 :  0.9850 0.0150 
 318      318   (0)      2 :  0.9680 0.0320 
 319      319   (0)      2 :  0.9870 0.0130 
 320      320   (0)      2 :  0.9930 0.0070 
 321      321   (0)      2 :  0.9940 0.0060 
 322      322   (0)      2 :  0.9754 0.0246 
 323      323   (0)      2 :  0.9410 0.0590 
 324      324   (0)      2 :  0.9940 0.0060 
 325      325   (0)      2 :  0.9880 0.0120 
 326      326   (0)      2 :  0.9910 0.0090 
 327      327   (0)      2 :  0.9880 0.0120 
 328      328   (0)      2 :  0.9920 0.0080 
 329      329   (0)      2 :  0.9900 0.0100 
 330      330   (0)      2 :  0.9910 0.0090 
 331      331   (0)      2 :  0.9920 0.0080 
 332      332   (0)      2 :  0.9870 0.0130 
 333      333   (0)      2 :  0.9910 0.0090 
 334      334   (0)      2 :  0.9950 0.0050 
 335      335   (0)      2 :  0.9930 0.0070 
 336      336   (0)      2 :  0.9920 0.0080 
 337      337   (0)      2 :  0.9900 0.0100 
 338      338   (0)      2 :  0.9890 0.0110 
 339      339   (0)      2 :  0.9790 0.0210 
 340      340   (0)      2 :  0.9850 0.0150 
 341      341   (0)      2 :  0.9920 0.0080 
 342      342   (0)      2 :  0.9930 0.0070 
 343      343   (0)      2 :  0.9680 0.0320 
 344      344   (0)      2 :  0.9920 0.0080 
 345      345   (0)      2 :  0.9920 0.0080 
 346      346   (0)      2 :  0.9890 0.0110 
 347      347   (0)      2 :  0.9940 0.0060 
 348      348   (0)      2 :  0.9880 0.0120 
 349      349   (0)      2 :  0.9800 0.0200 
 350      350   (0)      2 :  0.9804 0.0196 
 351      351   (0)      2 :  0.9940 0.0060 
 352      352   (0)      2 :  0.9920 0.0080 
 353      353   (0)      2 :  0.9940 0.0060 
 354      354   (0)      2 :  0.9880 0.0120 
 355      355   (0)      2 :  0.9880 0.0120 
 356      356   (0)      2 :  0.9920 0.0080 
 357      357   (0)      2 :  0.9930 0.0070 
 358      358   (0)      2 :  0.9900 0.0100 
 359      359   (0)      2 :  0.9540 0.0460 
 360      360   (0)      2 :  0.9810 0.0190 
 361      361   (0)      2 :  0.9920 0.0080 
 362      362   (0)      2 :  0.9864 0.0136 
 363      363   (0)      2 :  0.9930 0.0070 
 364      364   (0)      2 :  0.9930 0.0070 
 365      365   (0)      2 :  0.9870 0.0130 
 366      366   (0)      2 :  0.9850 0.0150 
 367      367   (0)      2 :  0.9840 0.0160 
 368      368   (0)      2 :  0.9820 0.0180 
 369      369   (0)      2 :  0.9900 0.0100 
 370      370   (0)      2 :  0.9910 0.0090 
 371      371   (0)      2 :  0.9910 0.0090 
 372      372   (0)      2 :  0.9850 0.0150 
 373      373   (0)      2 :  0.9910 0.0090 
 374      374   (0)      2 :  0.9880 0.0120 
 375      375   (0)      2 :  0.9920 0.0080 
 376      376   (0)      2 :  0.9452 0.0548 
 377      377   (0)      2 :  0.9910 0.0090 
 378      378   (0)      2 :  0.9920 0.0080 
 379      379   (0)      2 :  0.9900 0.0100 
 380      380   (0)      2 :  0.9900 0.0100 
 381      381   (0)      2 :  0.9940 0.0060 
 382      382   (0)      2 :  0.9850 0.0150 
 383      383   (0)      2 :  0.9940 0.0060 
 384      384   (0)      2 :  0.9844 0.0156 
 385      385   (0)      2 :  0.9370 0.0630 
 386      386   (0)      2 :  0.9930 0.0070 
 387      387   (0)      2 :  0.9900 0.0100 
 388      388   (0)      2 :  0.9880 0.0120 
 389      389   (0)      2 :  0.9920 0.0080 
 390      390   (0)      2 :  0.9920 0.0080 
 391      391   (0)      2 :  0.9890 0.0110 
 392      392   (0)      2 :  0.9770 0.0230 
 393      393   (0)      2 :  0.9730 0.0270 
 394      394   (0)      2 :  0.9920 0.0080 
 395      395   (0)      2 :  0.9920 0.0080 
 396      396   (0)      2 :  0.9890 0.0110 
 397      397   (0)      2 :  0.9910 0.0090 
 398      398   (0)      2 :  0.9810 0.0190 
 399      399   (0)      2 :  0.9860 0.0140 
 400      400   (0)      2 :  0.9910 0.0090 
 401      401   (0)      2 :  0.9920 0.0080 
 402      402   (0)      2 :  0.9910 0.0090 
 403      403   (0)      2 :  0.9930 0.0070 
 404      404   (0)      2 :  0.9910 0.0090 
 405      405   (0)      2 :  0.9900 0.0100 
 406      406   (0)      2 :  0.9850 0.0150 
 407      407   (0)      2 :  0.9950 0.0050 
 408      408   (0)      2 :  0.9890 0.0110 
 409      409   (0)      2 :  0.9900 0.0100 
 410      410   (0)      2 :  0.9796 0.0204 
 411      411   (0)      2 :  0.9850 0.0150 
 412      412   (0)      2 :  0.9920 0.0080 
 413      413   (0)      2 :  0.9890 0.0110 
 414      414   (0)      2 :  0.9840 0.0160 
 415      415   (0)      2 :  0.9780 0.0220 
 416      416   (0)      2 :  0.9890 0.0110 
 417      417   (0)      2 :  0.9870 0.0130 
 418      418   (0)      2 :  0.9940 0.0060 
 419      419   (0)      2 :  0.9920 0.0080 
 420      420   (0)      2 :  0.9920 0.0080 
 421      421   (0)      2 :  0.9850 0.0150 
 422      422   (0)      2 :  0.9860 0.0140 
 423      423   (0)      2 :  0.9680 0.0320 
 424      424   (0)      2 :  0.9826 0.0174 
 425      425   (0)      2 :  0.9930 0.0070 
 426      426   (0)      2 :  0.9880 0.0120 
 427      427   (0)      2 :  0.9930 0.0070 
 428      428   (0)      2 :  0.9900 0.0100 
 429      429   (0)      2 :  0.9300 0.0700 
 430      430   (0)      2 :  0.9820 0.0180 
 431      431   (0)      2 :  0.9910 0.0090 
 432      432   (0)      2 :  0.9850 0.0150 
 433      433   (0)      2 :  0.9920 0.0080 
 434      434   (0)      2 :  0.9920 0.0080 
 435      435   (0)      2 :  0.9900 0.0100 
 436      436   (0)      2 :  0.9850 0.0150 
 437      437   (0)      2 :  0.9918 0.0082 
 438      438   (0)      2 :  0.9880 0.0120 
 439      439   (0)      2 :  0.9860 0.0140 
 440      440   (0)      2 :  0.9920 0.0080 
 441      441   (0)      2 :  0.9910 0.0090 
 442      442   (0)      2 :  0.9790 0.0210 
 443      443   (0)      2 :  0.9810 0.0190 
 444      444   (0)      2 :  0.9850 0.0150 
 445      445   (0)      2 :  0.9930 0.0070 
 446      446   (0)      2 :  0.9900 0.0100 
 447      447   (0)      2 :  0.9880 0.0120 
 448      448   (0)      2 :  0.9930 0.0070 
 449      449   (0)      2 :  0.9940 0.0060 
 450      450   (0)      2 :  0.9740 0.0260 
 451      451   (0)      2 :  0.9860 0.0140 
 452      452   (0)      2 :  0.9900 0.0100 
 453      453   (0)      2 :  0.9940 0.0060 
 454      454   (0)      2 :  0.9880 0.0120 
 455      455   (0)      2 :  0.9950 0.0050 
 456      456   (0)      2 :  0.9900 0.0100 
 457      457   (0)      2 :  0.9840 0.0160 
 458      458   (0)      2 :  0.9900 0.0100 
 459      459   (0)      2 :  0.9600 0.0400 
 460      460   (0)      2 :  0.9890 0.0110 
 461      461   (0)      2 :  0.9940 0.0060 
 462      462   (0)      2 :  0.9930 0.0070 
 463      463   (0)      2 :  0.9900 0.0100 
 464      464   (0)      2 :  0.9900 0.0100 
 465      465   (0)      2 :  0.9900 0.0100 
 466      466   (0)      2 :  0.9830 0.0170 
 467      467   (0)      2 :  0.9930 0.0070 
 468      468   (0)      2 :  0.9920 0.0080 
 469      469   (0)      2 :  0.9700 0.0300 
 470      470   (0)      2 :  0.9920 0.0080 
 471      471   (0)      2 :  0.9630 0.0370 
 472      472   (0)      2 :  0.9950 0.0050 
 473      473   (0)      2 :  0.9810 0.0190 
 474      474   (0)      2 :  0.9880 0.0120 
 475      475   (0)      2 :  0.9940 0.0060 
 476      476   (0)      2 :  0.9920 0.0080 
 477      477   (0)      2 :  0.9950 0.0050 
 478      478   (0)      2 :  0.9720 0.0280 
 479      479   (0)      2 :  0.9666 0.0334 
 480      480   (0)      2 :  0.9940 0.0060 
 481      481   (0)      2 :  0.9930 0.0070 
 482      482   (0)      2 :  0.9912 0.0088 
 483      483   (0)      2 :  0.9920 0.0080 
 484      484   (0)      2 :  0.9910 0.0090 
 485      485   (0)      2 :  0.9920 0.0080 
 486      486   (0)      2 :  0.9940 0.0060 
 487      487   (0)      2 :  0.9860 0.0140 
 488      488   (0)      2 :  0.9930 0.0070 
 489      489   (0)      2 :  0.9910 0.0090 
 490      490   (0)      2 :  0.9820 0.0180 
 491      491   (0)      2 :  0.9940 0.0060 
 492      492   (0)      2 :  0.9930 0.0070 
 493      493   (0)      2 :  0.9732 0.0268 
 494      494   (0)      2 :  0.9896 0.0104 
 495      495   (0)      2 :  0.9950 0.0050 
 496      496   (0)      2 :  0.9930 0.0070 
 497      497   (0)      2 :  0.9930 0.0070 
 498      498   (0)      2 :  0.9838 0.0162 
 499      499   (0)      2 :  0.9920 0.0080 
 500      500   (0)      2 :  0.9880 0.0120 
 501      501   (0)      3 :  0.9890 0.0110 
 502      502   (0)      3 :  0.9880 0.0120 
 503      503   (0)      3 :  0.7948 0.2052 
 504      504   (0)      3 :  0.8844 0.1156 
 505      505   (0)      3 :  0.9090 0.0910 
 506      506   (0)      3 :  0.9900 0.0100 
 507      507   (0)      3 :  0.8270 0.1730 
 508      508   (0)      3 :  0.9710 0.0290 
 509      509   (0)      3 :  0.7460 0.2540 
 510      510   (0)      3 :  0.8320 0.1680 
 511      511   (0)      3 :  0.9792 0.0208 
 512      512   (0)      3 :  0.9424 0.0576 
 513      513   (0)      3 :  0.6040 0.3960 
 514      514   (0)      3 :  0.9640 0.0360 
 515      515   (0)      3 :  0.8272 0.1728 
 516      516   (0)      3 :  0.9782 0.0218 
 517      517   (0)      3 :  0.8526 0.1474 
 518      518   (0)      3 :  0.9412 0.0588 
 519      519   (0)      3 :  0.9790 0.0210 
 520      520   (0)      3 :  0.8384 0.1616 
 521      521   (0)      3 :  0.8550 0.1450 
 522      522   (0)      3 :  0.9820 0.0180 
 523      523   (0)      3 :  0.7232 0.2768 
 524      524   (0)      3 :  0.9730 0.0270 
 525      525   (0)      3 :  0.9160 0.0840 
 526      526   (0)      3 :  0.9770 0.0230 
 527      527   (0)      3 :  0.9280 0.0720 
 528      528   (0)      3 :  0.7550 0.2450 
 529      529   (0)      3 :  0.9150 0.0850 
 530      530   (0)      3 :  0.9820 0.0180 
 531      531   (0)      3 :  0.9670 0.0330 
 532      532   (0)      3 :  0.7900 0.2100 
 533      533   (0)      3 :  0.7510 0.2490 
 534      534   (0)      3 :  0.9790 0.0210 
 535      535   (0)      3 :  0.7828 0.2172 
 536      536   (0)      3 :  0.9780 0.0220 
 537      537   (0)      3 :  0.9422 0.0578 
 538      538   (0)      3 :  0.7650 0.2350 
 539      539   (0)      3 :  0.9068 0.0932 
 540      540   (0)      3 :  0.7910 0.2090 
 541      541   (0)      3 :  0.7310 0.2690 
 542      542   (0)      3 :  0.9870 0.0130 
 543      543   (0)      3 :  0.7322 0.2678 
 544      544   (0)      3 :  0.9390 0.0610 
 545      545   (0)      3 :  0.8450 0.1550 
 546      546   (0)      3 :  0.8990 0.1010 
 547      547   (0)      3 :  0.9530 0.0470 
 548      548   (0)      3 :  0.9470 0.0530 
 549      549   (0)      3 :  0.9890 0.0110 
 550      550   (0)      3 :  0.9340 0.0660 
 551      551   (0)      3 :  0.9620 0.0380 
 552      552   (0)      3 :  0.7990 0.2010 
 553      553   (0)      3 :  0.9932 0.0068 
 554      554   (0)      3 :  0.9110 0.0890 
 555      555   (0)      3 :  0.8850 0.1150 
 556      556   (0)      3 :  0.8960 0.1040 
 557      557   (0)      3 :  0.8494 0.1506 
 558      558   (0)      3 :  0.9540 0.0460 
 559      559   (0)      3 :  0.9194 0.0806 
 560      560   (0)      3 :  0.9720 0.0280 
 561      561   (0)      3 :  0.9810 0.0190 
 562      562   (0)      3 :  0.9628 0.0372 
 563      563   (0)      3 :  0.7930 0.2070 
 564      564   (0)      3 :  0.9120 0.0880 
 565      565   (0)      3 :  0.9200 0.0800 
 566      566   (0)      3 :  0.8570 0.1430 
 567      567   (0)      3 :  0.9100 0.0900 
 568      568   (0)      3 :  0.9130 0.0870 
 569      569   (0)      3 :  0.9120 0.0880 
 570      570   (0)      3 :  0.8670 0.1330 
 571      571   (0)      3 :  0.8726 0.1274 
 572      572   (0)      3 :  0.9510 0.0490 
 573      573   (0)      3 :  0.9580 0.0420 
 574      574   (0)      3 :  0.9620 0.0380 
 575      575   (0)      3 :  0.7056 0.2944 
 576      576   (0)      3 :  0.9040 0.0960 
 577      577   (0)      3 :  0.9840 0.0160 
 578      578   (0)      3 :  0.9430 0.0570 
 579      579   (0)      3 :  0.9770 0.0230 
 580      580   (0)      3 :  0.9540 0.0460 
 581      581   (0)      3 :  0.9740 0.0260 
 582      582   (0)      3 :  0.8848 0.1152 
 583      583   (0)      3 :  0.6970 0.3030 
 584      584   (0)      3 :  0.9532 0.0468 
 585      585   (0)      3 :  0.9790 0.0210 
 586      586   (0)      3 :  0.8840 0.1160 
 587      587   (0)      3 :  0.9380 0.0620 
 588      588   (0)      3 :  0.8510 0.1490 
 589      589   (0)      3 :  0.9900 0.0100 
 590      590   (0)      3 :  0.9790 0.0210 
 591      591   (0)      3 :  0.8170 0.1830 
 592      592   (0)      3 :  0.8308 0.1692 
 593      593   (0)      3 :  0.9940 0.0060 
 594      594   (0)      3 :  0.7060 0.2940 
 595      595   (0)      3 :  0.9840 0.0160 
 596      596   (0)      3 :  0.9920 0.0080 
 597      597   (0)      3 :  0.9770 0.0230 
 598      598   (0)      3 :  0.9880 0.0120 
 599      599   (0)      3 :  0.9870 0.0130 
 600      600   (0)      3 :  0.7900 0.2100 
 601      601   (0)      4 :  0.9178 0.0822 
 602      602   (0)      4 :  0.7436 0.2564 
 603      603   (0)      4 :  0.8450 0.1550 
 604      604   (0)      4 :  0.8774 0.1226 
 605      605   (0)      4 :  0.6820 0.3180 
 606      606   (0)      4 :  0.7270 0.2730 
 607      607   (0)      4 :  0.9450 0.0550 
 608      608   (0)      4 :  0.8026 0.1974 
 609      609   (0)      4 :  0.7900 0.2100 
 610      610   (0)      4 :  0.7360 0.2640 
 611      611   (0)      4 :  0.7788 0.2212 
 612      612   (0)      4 :  0.7340 0.2660 
 613      613   (0)      4 :  0.5360 0.4640 
 614      614   (0)      4 :  0.7306 0.2694 
 615      615   (0)      4 :  0.5886 0.4114 
 616      616   (0)      4 :  0.7130 0.2870 
 617      617   (0)      4 :  0.8060 0.1940 
 618      618   (0)      4 :  0.8330 0.1670 
 619      619   (0)      4 :  0.9038 0.0962 
 620      620   (0)      4 :  0.5730 0.4270 
 621      621   (0)      4 :  0.7730 0.2270 
 622      622   (0)      4 :  0.9680 0.0320 
 623      623   (0)      4 :  0.6342 0.3658 
 624      624   (0)      4 :  0.9042 0.0958 
 625      625   (0)      4 :  0.7520 0.2480 
 626      626   (0)      4 :  0.7224 0.2776 
 627      627   (0)      4 :  0.7540 0.2460 
 628      628   (0)      4 :  0.6280 0.3720 
 629      629   (0)      4 :  0.8348 0.1652 
 630      630   (0)      4 :  0.8390 0.1610 
 631      631   (0)      4 :  0.7360 0.2640 
 632      632   (0)      4 :  0.9298 0.0702 
 633      633   (0)      4 :  0.7252 0.2748 
 634      634   (0)      4 :  0.7292 0.2708 
 635      635   (0)      4 :  0.9496 0.0504 
 636      636   (0)      4 :  0.7890 0.2110 
 637      637   (0)      4 :  0.7350 0.2650 
 638      638   (0)      4 :  0.7790 0.2210 
 639      639   (0)      4 :  0.6260 0.3740 
 640      640   (0)      4 :  0.5990 0.4010 
 641      641   (0)      4 :  0.6850 0.3150 
 642      642   (0)      4 :  0.6940 0.3060 
 643      643   (0)      4 :  0.6360 0.3640 
 644      644   (0)      4 :  0.9560 0.0440 
 645      645   (0)      4 :  0.7638 0.2362 
 646      646   (0)      4 :  0.8246 0.1754 
 647      647   (0)      4 :  0.6910 0.3090 
 648      648   (0)      4 :  0.8430 0.1570 
 649      649   (0)      4 :  0.6730 0.3270 
 650      650   (0)      4 :  0.7668 0.2332 
 651      651   (0)      4 :  0.8738 0.1262 
 652      652   (0)      4 :  0.8080 0.1920 
 653      653   (0)      4 :  0.8330 0.1670 
 654      654   (0)      4 :  0.7694 0.2306 
 655      655   (0)      4 :  0.8524 0.1476 
 656      656   (0)      4 :  0.9840 0.0160 
 657      657   (0)      4 :  0.9220 0.0780 
 658      658   (0)      4 :  0.8138 0.1862 
 659      659   (0)      4 :  0.5766 0.4234 
 660      660   (0)      4 :  0.8990 0.1010 
 661      661   (0)      4 :  0.6200 0.3800 
 662      662   (0)      4 :  0.6132 0.3868 
 663      663   (0)      4 :  0.7918 0.2082 
 664      664   (0)      4 :  0.7940 0.2060 
 665      665   (0)      4 :  0.8410 0.1590 
 666      666   (0)      4 :  0.7140 0.2860 
 667      667   (0)      4 :  0.6960 0.3040 
 668      668   (0)      4 :  0.7240 0.2760 
 669      669   (0)      4 :  0.6450 0.3550 
 670      670   (0)      4 :  0.7474 0.2526 
 671      671   (0)      4 :  0.7290 0.2710 
 672      672   (0)      4 :  0.7786 0.2214 
 673      673   (0)      4 :  0.7340 0.2660 
 674      674   (0)      4 :  0.8650 0.1350 
 675      675   (0)      4 :  0.8100 0.1900 
 676      676   (0)      4 :  0.7534 0.2466 
 677      677   (0)      4 :  0.9140 0.0860 
 678      678   (0)      4 :  0.8756 0.1244 
 679      679   (0)      4 :  0.9050 0.0950 
 680      680   (0)      4 :  0.7024 0.2976 
 681      681   (0)      4 :  0.9628 0.0372 
 682      682   (0)      4 :  0.8360 0.1640 
 683      683   (0)      4 :  0.7542 0.2458 
 684      684   (0)      4 :  0.5944 0.4056 
 685      685   (0)      4 :  0.7568 0.2432 
 686      686   (0)      4 :  0.7390 0.2610 
 687      687   (0)      4 :  0.7870 0.2130 
 688      688   (0)      4 :  0.7960 0.2040 
 689      689   (0)      4 :  0.6600 0.3400 
 690      690   (0)      4 :  0.5060 0.4940 
 691      691   (0)      4 :  0.9000 0.1000 
 692      692   (0)      4 :  0.7820 0.2180 
 693      693   (0)      4 :  0.6930 0.3070 
 694      694   (0)      4 :  0.7540 0.2460 
 695      695   (0)      4 :  0.7190 0.2810 
 696      696   (0)      4 :  0.9002 0.0998 
 697      697   (0)      4 :  0.7236 0.2764 
 698      698   (0)      4 :  0.7810 0.2190 
 699      699   (0)      4 :  0.7620 0.2380 
 700      700   (0)      4 :  0.7300 0.2700 
 701      701   (0)      5 :  0.4140 0.5860 
 702      702   (0)      5 :  0.4310 0.5690 
 703      703   (0)      5 :  0.4904 0.5096 
 704      704   (0)      5 :  0.5020 0.4980 
 705      705   (0)      5 :  0.5634 0.4366 
 706      706   (0)      5 :  0.5110 0.4890 
 707      707   (0)      5 :  0.3940 0.6060 
 708      708   (0)      5 :  0.5714 0.4286 
 709      709   (0)      5 :  0.4266 0.5734 
 710      710   (0)      5 :  0.4670 0.5330 
 711      711   (0)      5 :  0.4760 0.5240 
 712      712   (0)      5 :  0.3670 0.6330 
 713      713   (0)      5 :  0.5860 0.4140 
 714      714   (0)      5 :  0.5140 0.4860 
 715      715   (0)      5 :  0.5310 0.4690 
 716      716   (0)      5 :  0.5564 0.4436 
 717      717   (0)      5 :  0.5290 0.4710 
 718      718   (0)      5 :  0.4530 0.5470 
 719      719   (0)      5 :  0.4220 0.5780 
 720      720   (0)      5 :  0.5266 0.4734 
 721      721   (0)      5 :  0.5030 0.4970 
 722      722   (0)      5 :  0.5580 0.4420 
 723      723   (0)      5 :  0.4170 0.5830 
 724      724   (0)      5 :  0.5000 0.5000 
 725      725   (0)      5 :  0.5470 0.4530 
 726      726   (0)      5 :  0.5370 0.4630 
 727      727   (0)      5 :  0.5096 0.4904 
 728      728   (0)      5 :  0.5678 0.4322 
 729      729   (0)      5 :  0.6650 0.3350 
 730      730   (0)      5 :  0.5090 0.4910 
 731      731   (0)      5 :  0.5700 0.4300 
 732      732   (0)      5 :  0.4534 0.5466 
 733      733   (0)      5 :  0.5320 0.4680 
 734      734   (0)      5 :  0.5270 0.4730 
 735      735   (0)      5 :  0.4870 0.5130 
 736      736   (0)      5 :  0.5654 0.4346 
 737      737   (0)      5 :  0.5350 0.4650 
 738      738   (0)      5 :  0.5530 0.4470 
 739      739   (0)      5 :  0.4774 0.5226 
 740      740   (0)      5 :  0.5710 0.4290 
 741      741   (0)      5 :  0.5358 0.4642 
 742      742   (0)      5 :  0.6080 0.3920 
 743      743   (0)      5 :  0.4740 0.5260 
 744      744   (0)      5 :  0.3640 0.6360 
 745      745   (0)      5 :  0.5060 0.4940 
 746      746   (0)      5 :  0.4280 0.5720 
 747      747   (0)      5 :  0.5528 0.4472 
 748      748   (0)      5 :  0.4460 0.5540 
 749      749   (0)      5 :  0.5020 0.4980 
 750      750   (0)      5 :  0.5214 0.4786 
 751      751   (0)      5 :  0.5372 0.4628 
 752      752   (0)      5 :  0.4210 0.5790 
 753      753   (0)      5 :  0.5700 0.4300 
 754      754   (0)      5 :  0.6230 0.3770 
 755      755   (0)      5 :  0.5450 0.4550 
 756      756   (0)      5 :  0.5634 0.4366 
 757      757   (0)      5 :  0.4570 0.5430 
 758      758   (0)      5 :  0.5720 0.4280 
 759      759   (0)      5 :  0.5520 0.4480 
 760      760   (0)      5 :  0.5672 0.4328 
 761      761   (0)      5 :  0.4236 0.5764 
 762      762   (0)      5 :  0.5620 0.4380 
 763      763   (0)      5 :  0.5510 0.4490 
 764      764   (0)      5 :  0.4224 0.5776 
 765      765   (0)      5 :  0.5864 0.4136 
 766      766   (0)      5 :  0.5604 0.4396 
 767      767   (0)      5 :  0.3382 0.6618 
 768      768   (0)      5 :  0.5838 0.4162 
 769      769   (0)      5 :  0.4470 0.5530 
 770      770   (0)      5 :  0.5440 0.4560 
 771      771   (0)      5 :  0.5560 0.4440 
 772      772   (0)      5 :  0.5330 0.4670 
 773      773   (0)      5 :  0.5940 0.4060 
 774      774   (0)      5 :  0.5130 0.4870 
 775      775   (0)      5 :  0.6358 0.3642 
 776      776   (0)      5 :  0.5260 0.4740 
 777      777   (0)      5 :  0.5638 0.4362 
 778      778   (0)      5 :  0.3990 0.6010 
 779      779   (0)      5 :  0.6610 0.3390 
 780      780   (0)      5 :  0.6228 0.3772 
 781      781   (0)      5 :  0.5220 0.4780 
 782      782   (0)      5 :  0.4920 0.5080 
 783      783   (0)      5 :  0.5220 0.4780 
 784      784   (0)      5 :  0.5172 0.4828 
 785      785   (0)      5 :  0.5044 0.4956 
 786      786   (0)      5 :  0.5606 0.4394 
 787      787   (0)      5 :  0.5600 0.4400 
 788      788   (0)      5 :  0.5902 0.4098 
 789      789   (0)      5 :  0.4790 0.5210 
 790      790   (0)      5 :  0.4374 0.5626 
 791      791   (0)      5 :  0.4880 0.5120 
 792      792   (0)      5 :  0.3830 0.6170 
 793      793   (0)      5 :  0.4346 0.5654 
 794      794   (0)      5 :  0.4458 0.5542 
 795      795   (0)      5 :  0.4540 0.5460 
 796      796   (0)      5 :  0.5230 0.4770 
 797      797   (0)      5 :  0.5112 0.4888 
 798      798   (0)      5 :  0.6380 0.3620 
 799      799   (0)      5 :  0.4400 0.5600 
 800      800   (0)      5 :  0.4580 0.5420 
 801      801   (0)      6 :  0.0618 0.9382 
 802      802   (0)      6 :  0.2750 0.7250 
 803      803   (0)      6 :  0.1920 0.8080 
 804      804   (0)      6 :  0.2812 0.7188 
 805      805   (0)      6 :  0.2950 0.7050 
 806      806   (0)      6 :  0.1580 0.8420 
 807      807   (0)      6 :  0.1204 0.8796 
 808      808   (0)      6 :  0.2794 0.7206 
 809      809   (0)      6 :  0.2588 0.7412 
 810      810   (0)      6 :  0.1990 0.8010 
 811      811   (0)      6 :  0.2760 0.7240 
 812      812   (0)      6 :  0.0760 0.9240 
 813      813   (0)      6 :  0.2532 0.7468 
 814      814   (0)      6 :  0.2590 0.7410 
 815      815   (0)      6 :  0.2760 0.7240 
 816      816   (0)      6 :  0.3500 0.6500 
 817      817   (0)      6 :  0.1680 0.8320 
 818      818   (0)      6 :  0.3890 0.6110 
 819      819   (0)      6 :  0.1800 0.8200 
 820      820   (0)      6 :  0.2648 0.7352 
 821      821   (0)      6 :  0.2722 0.7278 
 822      822   (0)      6 :  0.3170 0.6830 
 823      823   (0)      6 :  0.2140 0.7860 
 824      824   (0)      6 :  0.2270 0.7730 
 825      825   (0)      6 :  0.1840 0.8160 
 826      826   (0)      6 :  0.4000 0.6000 
 827      827   (0)      6 :  0.2702 0.7298 
 828      828   (0)      6 :  0.2370 0.7630 
 829      829   (0)      6 :  0.2790 0.7210 
 830      830   (0)      6 :  0.4110 0.5890 
 831      831   (0)      6 :  0.2060 0.7940 
 832      832   (0)      6 :  0.1480 0.8520 
 833      833   (0)      6 :  0.1730 0.8270 
 834      834   (0)      6 :  0.4166 0.5834 
 835      835   (0)      6 :  0.2974 0.7026 
 836      836   (0)      6 :  0.3340 0.6660 
 837      837   (0)      6 :  0.3066 0.6934 
 838      838   (0)      6 :  0.3740 0.6260 
 839      839   (0)      6 :  0.1880 0.8120 
 840      840   (0)      6 :  0.2230 0.7770 
 841      841   (0)      6 :  0.3902 0.6098 
 842      842   (0)      6 :  0.4414 0.5586 
 843      843   (0)      6 :  0.3418 0.6582 
 844      844   (0)      6 :  0.3028 0.6972 
 845      845   (0)      6 :  0.2680 0.7320 
 846      846   (0)      6 :  0.2460 0.7540 
 847      847   (0)      6 :  0.3800 0.6200 
 848      848   (0)      6 :  0.3010 0.6990 
 849      849   (0)      6 :  0.1630 0.8370 
 850      850   (0)      6 :  0.0120 0.9880 
 851      851   (0)      6 :  0.1010 0.8990 
 852      852   (0)      6 :  0.2800 0.7200 
 853      853   (0)      6 :  0.3490 0.6510 
 854      854   (0)      6 :  0.2180 0.7820 
 855      855   (0)      6 :  0.2710 0.7290 
 856      856   (0)      6 :  0.1628 0.8372 
 857      857   (0)      6 :  0.1820 0.8180 
 858      858   (0)      6 :  0.1970 0.8030 
 859      859   (0)      6 :  0.2690 0.7310 
 860      860   (0)      6 :  0.1880 0.8120 
 861      861   (0)      6 :  0.1730 0.8270 
 862      862   (0)      6 :  0.3400 0.6600 
 863      863   (0)      6 :  0.2340 0.7660 
 864      864   (0)      6 :  0.2986 0.7014 
 865      865   (0)      6 :  0.1908 0.8092 
 866      866   (0)      6 :  0.1900 0.8100 
 867      867   (0)      6 :  0.2250 0.7750 
 868      868   (0)      6 :  0.2810 0.7190 
 869      869   (0)      6 :  0.2290 0.7710 
 870      870   (0)      6 :  0.3890 0.6110 
 871      871   (0)      6 :  0.2088 0.7912 
 872      872   (0)      6 :  0.1940 0.8060 
 873      873   (0)      6 :  0.3740 0.6260 
 874      874   (0)      6 :  0.3590 0.6410 
 875      875   (0)      6 :  0.3590 0.6410 
 876      876   (0)      6 :  0.1870 0.8130 
 877      877   (0)      6 :  0.1620 0.8380 
 878      878   (0)      6 :  0.2740 0.7260 
 879      879   (0)      6 :  0.2146 0.7854 
 880      880   (0)      6 :  0.3610 0.6390 
 881      881   (0)      6 :  0.3642 0.6358 
 882      882   (0)      6 :  0.3320 0.6680 
 883      883   (0)      6 :  0.3230 0.6770 
 884      884   (0)      6 :  0.2620 0.7380 
 885      885   (0)      6 :  0.2456 0.7544 
 886      886   (0)      6 :  0.2770 0.7230 
 887      887   (0)      6 :  0.1400 0.8600 
 888      888   (0)      6 :  0.2054 0.7946 
 889      889   (0)      6 :  0.2480 0.7520 
 890      890   (0)      6 :  0.3430 0.6570 
 891      891   (0)      6 :  0.1780 0.8220 
 892      892   (0)      6 :  0.1810 0.8190 
 893      893   (0)      6 :  0.1750 0.8250 
 894      894   (0)      6 :  0.2790 0.7210 
 895      895   (0)      6 :  0.2520 0.7480 
 896      896   (0)      6 :  0.2680 0.7320 
 897      897   (0)      6 :  0.2440 0.7560 
 898      898   (0)      6 :  0.2260 0.7740 
 899      899   (0)      6 :  0.1800 0.8200 
 900      900   (0)      6 :  0.1170 0.8830 
 901      901   (0)      7 :  0.1200 0.8800 
 902      902   (0)      7 :  0.0810 0.9190 
 903      903   (0)      7 :  0.0060 0.9940 
 904      904   (0)      7 :  0.0720 0.9280 
 905      905   (0)      7 :  0.2020 0.7980 
 906      906   (0)      7 :  0.0698 0.9302 
 907      907   (0)      7 :  0.0300 0.9700 
 908      908   (0)      7 :  0.0900 0.9100 
 909      909   (0)      7 :  0.2060 0.7940 
 910      910   (0)      7 :  0.1308 0.8692 
 911      911   (0)      7 :  0.2530 0.7470 
 912      912   (0)      7 :  0.1730 0.8270 
 913      913   (0)      7 :  0.2180 0.7820 
 914      914   (0)      7 :  0.1684 0.8316 
 915      915   (0)      7 :  0.1140 0.8860 
 916      916   (0)      7 :  0.2450 0.7550 
 917      917   (0)      7 :  0.1340 0.8660 
 918      918   (0)      7 :  0.0820 0.9180 
 919      919   (0)      7 :  0.0370 0.9630 
 920      920   (0)      7 :  0.2790 0.7210 
 921      921   (0)      7 :  0.1910 0.8090 
 922      922   (0)      7 :  0.0556 0.9444 
 923      923   (0)      7 :  0.0470 0.9530 
 924      924   (0)      7 :  0.1240 0.8760 
 925      925   (0)      7 :  0.1088 0.8912 
 926      926   (0)      7 :  0.1300 0.8700 
 927      927   (0)      7 :  0.1890 0.8110 
 928      928   (0)      7 :  0.0140 0.9860 
 929      929   (0)      7 :  0.0670 0.9330 
 930      930   (0)      7 :  0.1146 0.8854 
 931      931   (0)      7 :  0.0100 0.9900 
 932      932   (0)      7 :  0.0370 0.9630 
 933      933   (0)      7 :  0.1180 0.8820 
 934      934   (0)      7 :  0.1896 0.8104 
 935      935   (0)      7 :  0.0410 0.9590 
 936      936   (0)      7 :  0.0490 0.9510 
 937      937   (0)      7 :  0.1410 0.8590 
 938      938   (0)      7 :  0.0780 0.9220 
 939      939   (0)      7 :  0.0346 0.9654 
 940      940   (0)      7 :  0.1290 0.8710 
 941      941   (0)      7 :  0.0940 0.9060 
 942      942   (0)      7 :  0.1250 0.8750 
 943      943   (0)      7 :  0.0390 0.9610 
 944      944   (0)      7 :  0.0404 0.9596 
 945      945   (0)      7 :  0.2120 0.7880 
 946      946   (0)      7 :  0.1108 0.8892 
 947      947   (0)      7 :  0.1240 0.8760 
 948      948   (0)      7 :  0.2330 0.7670 
 949      949   (0)      7 :  0.0750 0.9250 
 950      950   (0)      7 :  0.0520 0.9480 
 951      951   (0)      7 :  0.2010 0.7990 
 952      952   (0)      7 :  0.2040 0.7960 
 953      953   (0)      7 :  0.2200 0.7800 
 954      954   (0)      7 :  0.2320 0.7680 
 955      955   (0)      7 :  0.1702 0.8298 
 956      956   (0)      7 :  0.0910 0.9090 
 957      957   (0)      7 :  0.0850 0.9150 
 958      958   (0)      7 :  0.1390 0.8610 
 959      959   (0)      7 :  0.0600 0.9400 
 960      960   (0)      7 :  0.1730 0.8270 
 961      961   (0)      7 :  0.1530 0.8470 
 962      962   (0)      7 :  0.1470 0.8530 
 963      963   (0)      7 :  0.1340 0.8660 
 964      964   (0)      7 :  0.2140 0.7860 
 965      965   (0)      7 :  0.1730 0.8270 
 966      966   (0)      7 :  0.1580 0.8420 
 967      967   (0)      7 :  0.1230 0.8770 
 968      968   (0)      7 :  0.2610 0.7390 
 969      969   (0)      7 :  0.1488 0.8512 
 970      970   (0)      7 :  0.0930 0.9070 
 971      971   (0)      7 :  0.1172 0.8828 
 972      972   (0)      7 :  0.0770 0.9230 
 973      973   (0)      7 :  0.0590 0.9410 
 974      974   (0)      7 :  0.0120 0.9880 
 975      975   (0)      7 :  0.1294 0.8706 
 976      976   (0)      7 :  0.1790 0.8210 
 977      977   (0)      7 :  0.1250 0.8750 
 978      978   (0)      7 :  0.0402 0.9598 
 979      979   (0)      7 :  0.2518 0.7482 
 980      980   (0)      7 :  0.2170 0.7830 
 981      981   (0)      7 :  0.0480 0.9520 
 982      982   (0)      7 :  0.0066 0.9934 
 983      983   (0)      7 :  0.0900 0.9100 
 984      984   (0)      7 :  0.0390 0.9610 
 985      985   (0)      7 :  0.0950 0.9050 
 986      986   (0)      7 :  0.1308 0.8692 
 987      987   (0)      7 :  0.1580 0.8420 
 988      988   (0)      7 :  0.1210 0.8790 
 989      989   (0)      7 :  0.0438 0.9562 
 990      990   (0)      7 :  0.0940 0.9060 
 991      991   (0)      7 :  0.0070 0.9930 
 992      992   (0)      7 :  0.2370 0.7630 
 993      993   (0)      7 :  0.0836 0.9164 
 994      994   (0)      7 :  0.2822 0.7178 
 995      995   (0)      7 :  0.0650 0.9350 
 996      996   (0)      7 :  0.1972 0.8028 
 997      997   (0)      7 :  0.1590 0.8410 
 998      998   (0)      7 :  0.1614 0.8386 
 999      999   (0)      7 :  0.0120 0.9880 
1000     1000   (0)      7 :  0.0530 0.9470 
1001     1001   (5)      8 :  0.0110 0.9890 
1002     1002   (0)      8 :  0.0120 0.9880 
1003     1003   (0)      8 :  0.0060 0.9940 
1004     1004   (0)      8 :  0.0200 0.9800 
1005     1005   (0)      8 :  0.0070 0.9930 
1006     1006   (0)      8 :  0.0080 0.9920 
1007     1007   (0)      8 :  0.0060 0.9940 
1008     1008   (0)      8 :  0.0090 0.9910 
1009     1009   (0)      8 :  0.0070 0.9930 
1010     1010   (0)      8 :  0.0080 0.9920 
1011     1011   (0)      8 :  0.0050 0.9950 
1012     1012   (0)      8 :  0.0070 0.9930 
1013     1013   (0)      8 :  0.0120 0.9880 
1014     1014   (5)      8 :  0.0050 0.9950 
1015     1015   (0)      8 :  0.0060 0.9940 
1016     1016   (0)      8 :  0.0060 0.9940 
1017     1017   (0)      8 :  0.0080 0.9920 
1018     1018   (0)      8 :  0.0090 0.9910 
1019     1019   (0)      8 :  0.0080 0.9920 
1020     1020   (0)      8 :  0.0060 0.9940 
1021     1021   (0)      8 :  0.0050 0.9950 
1022     1022   (0)      8 :  0.0090 0.9910 
1023     1023   (0)      8 :  0.0060 0.9940 
1024     1024   (0)      8 :  0.0050 0.9950 
1025     1025   (0)      8 :  0.0050 0.9950 
1026     1026   (0)      8 :  0.0060 0.9940 
1027     1027   (0)      8 :  0.0060 0.9940 
1028     1028   (0)      8 :  0.0060 0.9940 
1029     1029   (0)      9 :  0.0050 0.9950 
1030     1030   (0)      9 :  0.0080 0.9920 
1031     1031   (0)      9 :  0.0060 0.9940 
1032     1032   (0)      9 :  0.0060 0.9940 
1033     1033   (0)      9 :  0.0060 0.9940 
1034     1034   (0)      9 :  0.0100 0.9900 
1035     1035   (0)      9 :  0.0060 0.9940 
1036     1036   (0)      9 :  0.0060 0.9940 
1037     1037   (0)      9 :  0.0060 0.9940 
1038     1038   (0)      9 :  0.0110 0.9890 
1039     1039   (0)      9 :  0.0060 0.9940 
1040     1040   (0)      9 :  0.0070 0.9930 
1041     1041   (0)      9 :  0.0070 0.9930 
1042     1042   (0)      9 :  0.0100 0.9900 
1043     1043   (0)      9 :  0.0074 0.9926 
1044     1044   (0)      9 :  0.0080 0.9920 
1045     1045   (0)      9 :  0.0080 0.9920 
1046     1046   (0)      9 :  0.0060 0.9940 
1047     1047   (0)      9 :  0.0050 0.9950 
1048     1048   (0)      9 :  0.0090 0.9910 
1049     1049   (0)      9 :  0.0130 0.9870 
1050     1050   (0)      9 :  0.0070 0.9930 
1051     1051   (0)      9 :  0.0070 0.9930 
1052     1052   (0)      9 :  0.0140 0.9860 
1053     1053   (0)      9 :  0.0080 0.9920 
1054     1054   (0)      9 :  0.0080 0.9920 
1055     1055   (0)      9 :  0.0070 0.9930 
1056     1056   (0)      9 :  0.0050 0.9950 
1057     1057   (0)      9 :  0.0080 0.9920 
1058     1058   (0)      9 :  0.0070 0.9930 
1059     1059   (0)      9 :  0.0060 0.9940 
1060     1060   (0)      9 :  0.0050 0.9950 
1061     1061   (0)      9 :  0.0060 0.9940 
1062     1062   (0)      9 :  0.0050 0.9950 
1063     1063   (0)      9 :  0.0050 0.9950 
1064     1064   (0)      9 :  0.0060 0.9940 
1065     1065   (0)      9 :  0.0070 0.9930 
1066     1066   (0)      9 :  0.0060 0.9940 
1067     1067   (0)      9 :  0.0100 0.9900 
1068     1068   (0)      9 :  0.0060 0.9940 
1069     1069   (0)      9 :  0.0070 0.9930 
1070     1070   (0)      9 :  0.0080 0.9920 
1071     1071   (0)      9 :  0.0060 0.9940 
1072     1072   (0)      9 :  0.0070 0.9930 
1073     1073   (0)      9 :  0.0108 0.9892 
1074     1074   (0)      9 :  0.0070 0.9930 
1075     1075   (0)      9 :  0.0060 0.9940 
1076     1076   (0)      9 :  0.0058 0.9942 
1077     1077   (0)      9 :  0.0110 0.9890 
1078     1078   (0)      9 :  0.0060 0.9940 
1079     1079   (0)      9 :  0.0060 0.9940 
1080     1080   (0)      9 :  0.0100 0.9900 
1081     1081   (0)      9 :  0.0050 0.9950 
1082     1082   (0)      9 :  0.0080 0.9920 
1083     1083   (0)      9 :  0.0070 0.9930 
1084     1084   (0)      9 :  0.0060 0.9940 
1085     1085   (0)      9 :  0.0070 0.9930 
1086     1086   (0)      9 :  0.0090 0.9910 
1087     1087   (0)      9 :  0.0070 0.9930 
1088     1088   (0)      9 :  0.0060 0.9940 
1089     1089   (0)      9 :  0.0050 0.9950 
1090     1090   (0)      9 :  0.0080 0.9920 
1091     1091   (0)      9 :  0.0080 0.9920 
1092     1092   (0)      9 :  0.0150 0.9850 
1093     1093   (0)      9 :  0.0090 0.9910 
1094     1094   (0)      9 :  0.0070 0.9930 
1095     1095   (0)      9 :  0.0050 0.9950 
1096     1096   (0)      9 :  0.0070 0.9930 
1097     1097   (0)      9 :  0.0080 0.9920 
1098     1098   (0)      9 :  0.0050 0.9950 
1099     1099   (0)      9 :  0.0060 0.9940 
1100     1100   (0)      9 :  0.0050 0.9950 
1101     1101   (0)      9 :  0.0078 0.9922 
1102     1102   (0)      9 :  0.0070 0.9930 
1103     1103   (0)      9 :  0.0050 0.9950 
1104     1104   (0)      9 :  0.0070 0.9930 
1105     1105   (0)      9 :  0.0060 0.9940 
1106     1106   (0)      9 :  0.0080 0.9920 
1107     1107   (0)      9 :  0.0060 0.9940 
1108     1108   (0)      9 :  0.0050 0.9950 
1109     1109   (0)      9 :  0.0060 0.9940 
1110     1110   (0)      9 :  0.0412 0.9588 
1111     1111   (0)      9 :  0.0060 0.9940 
1112     1112   (0)      9 :  0.0070 0.9930 
1113     1113   (0)      9 :  0.0090 0.9910 
1114     1114   (0)      9 :  0.0080 0.9920 
1115     1115   (0)      9 :  0.0060 0.9940 
1116     1116   (0)      9 :  0.0080 0.9920 
1117     1117   (0)      9 :  0.0050 0.9950 
1118     1118   (0)      9 :  0.0060 0.9940 
1119     1119   (0)      9 :  0.0060 0.9940 
1120     1120   (0)      9 :  0.0110 0.9890 
1121     1121   (0)      9 :  0.0060 0.9940 
1122     1122   (0)      9 :  0.0070 0.9930 
1123     1123   (0)      9 :  0.0100 0.9900 
1124     1124   (0)      9 :  0.0090 0.9910 
1125     1125   (0)      9 :  0.0080 0.9920 
1126     1126   (0)      9 :  0.0050 0.9950 
1127     1127   (0)      9 :  0.0080 0.9920 
1128     1128   (0)      9 :  0.0070 0.9930 
1129     1129   (0)      9 :  0.0060 0.9940 
1130     1130   (0)      9 :  0.0050 0.9950 
1131     1131   (0)      9 :  0.0080 0.9920 
1132     1132   (0)      9 :  0.0060 0.9940 
1133     1133   (0)      9 :  0.0090 0.9910 
1134     1134   (0)      9 :  0.0090 0.9910 
1135     1135   (0)      9 :  0.0050 0.9950 
1136     1136   (0)      9 :  0.0070 0.9930 
1137     1137   (0)      9 :  0.0110 0.9890 
1138     1138   (0)      9 :  0.0060 0.9940 
1139     1139   (0)      9 :  0.0070 0.9930 
1140     1140   (0)      9 :  0.0050 0.9950 
1141     1141   (0)      9 :  0.0120 0.9880 
1142     1142   (0)      9 :  0.0070 0.9930 
1143     1143   (0)      9 :  0.0150 0.9850 
1144     1144   (0)      9 :  0.0066 0.9934 
1145     1145   (0)      9 :  0.0060 0.9940 
1146     1146   (0)      9 :  0.0140 0.9860 
1147     1147   (0)      9 :  0.0080 0.9920 
1148     1148   (0)      9 :  0.0060 0.9940 
1149     1149   (0)      9 :  0.0130 0.9870 
1150     1150   (0)      9 :  0.0060 0.9940 
1151     1151   (0)      9 :  0.0080 0.9920 
1152     1152   (0)      9 :  0.0220 0.9780 
1153     1153   (0)      9 :  0.0100 0.9900 
1154     1154   (0)      9 :  0.0060 0.9940 
1155     1155   (0)      9 :  0.0070 0.9930 
1156     1156   (0)      9 :  0.0080 0.9920 
1157     1157   (0)      9 :  0.0070 0.9930 
1158     1158   (0)      9 :  0.0060 0.9940 
1159     1159   (0)      9 :  0.0090 0.9910 
1160     1160   (0)      9 :  0.0060 0.9940 
1161     1161   (0)      9 :  0.0080 0.9920 
1162     1162   (0)      9 :  0.0070 0.9930 
1163     1163   (0)      9 :  0.0110 0.9890 
1164     1164   (0)      9 :  0.0050 0.9950 
1165     1165   (0)      9 :  0.0060 0.9940 
1166     1166   (0)      9 :  0.0050 0.9950 
1167     1167   (0)      9 :  0.0050 0.9950 
1168     1168   (0)      9 :  0.0070 0.9930 
1169     1169   (0)      9 :  0.0090 0.9910 
1170     1170   (0)      9 :  0.0080 0.9920 
1171     1171   (0)      9 :  0.0060 0.9940 
1172     1172   (0)      9 :  0.0060 0.9940 
1173     1173   (0)      9 :  0.0120 0.9880 
1174     1174   (0)      9 :  0.0060 0.9940 
1175     1175   (0)      9 :  0.0050 0.9950 
1176     1176   (0)      9 :  0.0110 0.9890 
1177     1177   (0)      9 :  0.0138 0.9862 
1178     1178   (0)      9 :  0.0060 0.9940 
1179     1179   (0)      9 :  0.0070 0.9930 
1180     1180   (0)      9 :  0.0080 0.9920 
1181     1181   (0)      9 :  0.0130 0.9870 
1182     1182   (0)      9 :  0.0120 0.9880 
1183     1183   (0)      9 :  0.0060 0.9940 
1184     1184   (0)      9 :  0.0050 0.9950 
1185     1185   (0)      9 :  0.0080 0.9920 
1186     1186   (0)      9 :  0.0050 0.9950 
1187     1187   (0)      9 :  0.0070 0.9930 
1188     1188   (0)      9 :  0.0060 0.9940 
1189     1189   (0)      9 :  0.0060 0.9940 
1190     1190   (0)      9 :  0.0050 0.9950 
1191     1191   (0)      9 :  0.0184 0.9816 
1192     1192   (0)      9 :  0.0070 0.9930 
1193     1193   (0)      9 :  0.0060 0.9940 
1194     1194   (0)      9 :  0.0080 0.9920 
1195     1195   (0)      9 :  0.0080 0.9920 
1196     1196   (0)      9 :  0.0060 0.9940 
1197     1197   (0)      9 :  0.0100 0.9900 
1198     1198   (0)      9 :  0.0050 0.9950 
1199     1199   (0)      9 :  0.0060 0.9940 
1200     1200   (0)      9 :  0.0060 0.9940 
1201     1201   (0)      9 :  0.0090 0.9910 
1202     1202   (0)      9 :  0.0080 0.9920 
1203     1203   (0)      9 :  0.0060 0.9940 
1204     1204   (0)      9 :  0.0070 0.9930 
1205     1205   (0)      9 :  0.0090 0.9910 
1206     1206   (0)      9 :  0.0080 0.9920 
1207     1207   (0)      9 :  0.0100 0.9900 
1208     1208   (0)      9 :  0.0070 0.9930 
1209     1209   (0)      9 :  0.0100 0.9900 
1210     1210   (0)      9 :  0.0070 0.9930 
1211     1211   (0)      9 :  0.0080 0.9920 
1212     1212   (0)      9 :  0.0070 0.9930 
1213     1213   (0)      9 :  0.0060 0.9940 
1214     1214   (0)      9 :  0.0104 0.9896 
1215     1215   (0)      9 :  0.0050 0.9950 
1216     1216   (0)      9 :  0.0070 0.9930 
1217     1217   (0)      9 :  0.0070 0.9930 
1218     1218   (0)      9 :  0.0070 0.9930 
1219     1219   (0)      9 :  0.0070 0.9930 
1220     1220   (0)      9 :  0.0050 0.9950 
1221     1221   (0)      9 :  0.0070 0.9930 
1222     1222   (0)      9 :  0.0100 0.9900 
1223     1223   (0)      9 :  0.0060 0.9940 
1224     1224   (0)      9 :  0.0070 0.9930 
1225     1225   (0)      9 :  0.0060 0.9940 
1226     1226   (0)      9 :  0.0060 0.9940 
1227     1227   (0)      9 :  0.0080 0.9920 
1228     1228   (0)      9 :  0.0070 0.9930 
1229     1229   (0)      9 :  0.0080 0.9920 
1230     1230   (0)      9 :  0.0050 0.9950 
1231     1231   (0)      9 :  0.0050 0.9950 
1232     1232   (0)      9 :  0.0050 0.9950 
1233     1233   (0)      9 :  0.0070 0.9930 
1234     1234   (0)      9 :  0.0080 0.9920 
1235     1235   (0)      9 :  0.0070 0.9930 
1236     1236   (0)      9 :  0.0050 0.9950 
1237     1237   (0)      9 :  0.0060 0.9940 
1238     1238   (0)      9 :  0.0060 0.9940 
1239     1239   (0)      9 :  0.0060 0.9940 
1240     1240   (0)      9 :  0.0250 0.9750 
1241     1241   (0)      9 :  0.0050 0.9950 
1242     1242   (0)      9 :  0.0120 0.9880 
1243     1243   (0)      9 :  0.0070 0.9930 
1244     1244   (0)      9 :  0.0060 0.9940 
1245     1245   (0)      9 :  0.0060 0.9940 
1246     1246   (0)      9 :  0.0070 0.9930 
1247     1247   (0)      9 :  0.0060 0.9940 
1248     1248   (0)      9 :  0.0050 0.9950 
1249     1249   (0)      9 :  0.0050 0.9950 
1250     1250   (0)      9 :  0.0050 0.9950 
1251     1251   (0)      9 :  0.0090 0.9910 
1252     1252   (0)      9 :  0.0070 0.9930 
1253     1253   (0)      9 :  0.0066 0.9934 
1254     1254   (0)      9 :  0.0070 0.9930 
1255     1255   (0)      9 :  0.0070 0.9930 
1256     1256   (0)      9 :  0.0090 0.9910 
1257     1257   (0)      9 :  0.0050 0.9950 
1258     1258   (0)      9 :  0.0060 0.9940 
1259     1259   (0)      9 :  0.0080 0.9920 
1260     1260   (0)      9 :  0.0060 0.9940 
1261     1261   (0)      9 :  0.0120 0.9880 
1262     1262   (0)      9 :  0.0110 0.9890 
1263     1263   (0)      9 :  0.0070 0.9930 
1264     1264   (0)      9 :  0.0060 0.9940 
1265     1265   (0)      9 :  0.0090 0.9910 
1266     1266   (0)      9 :  0.0070 0.9930 
1267     1267   (0)      9 :  0.0050 0.9950 
1268     1268   (0)      9 :  0.0060 0.9940 
1269     1269   (0)      9 :  0.0060 0.9940 
1270     1270   (0)      9 :  0.0080 0.9920 
1271     1271   (0)      9 :  0.0070 0.9930 
1272     1272   (0)      9 :  0.0090 0.9910 
1273     1273   (0)      9 :  0.0090 0.9910 
1274     1274   (0)      9 :  0.0130 0.9870 
1275     1275   (0)      9 :  0.0060 0.9940 
1276     1276   (0)      9 :  0.0070 0.9930 
1277     1277   (0)      9 :  0.0060 0.9940 
1278     1278   (0)      9 :  0.0090 0.9910 
1279     1279   (0)      9 :  0.0070 0.9930 
1280     1280   (0)      9 :  0.0160 0.9840 
1281     1281   (0)      9 :  0.0050 0.9950 
1282     1282   (0)      9 :  0.0050 0.9950 
1283     1283   (0)      9 :  0.0070 0.9930 
1284     1284   (0)      9 :  0.0070 0.9930 
1285     1285   (0)      9 :  0.0060 0.9940 
1286     1286   (0)      9 :  0.0060 0.9940 
1287     1287   (0)      9 :  0.0070 0.9930 
1288     1288   (0)      9 :  0.0060 0.9940 
1289     1289   (0)      9 :  0.0110 0.9890 
1290     1290   (0)      9 :  0.0060 0.9940 
1291     1291   (0)      9 :  0.0060 0.9940 
1292     1292   (0)      9 :  0.0070 0.9930 
1293     1293   (0)      9 :  0.0060 0.9940 
1294     1294   (0)      9 :  0.0060 0.9940 
1295     1295   (0)      9 :  0.0110 0.9890 
1296     1296   (0)      9 :  0.0060 0.9940 
1297     1297   (0)      9 :  0.0060 0.9940 
1298     1298   (0)      9 :  0.0120 0.9880 
1299     1299   (0)      9 :  0.0050 0.9950 
1300     1300   (0)      9 :  0.0098 0.9902 
1301     1301   (0)      9 :  0.0080 0.9920 
1302     1302   (0)      9 :  0.0080 0.9920 
1303     1303   (0)      9 :  0.0050 0.9950 
1304     1304   (0)      9 :  0.0060 0.9940 
1305     1305   (0)      9 :  0.0060 0.9940 
1306     1306   (0)      9 :  0.0080 0.9920 
1307     1307   (0)      9 :  0.0108 0.9892 
1308     1308   (0)      9 :  0.0060 0.9940 
1309     1309   (0)      9 :  0.0070 0.9930 
1310     1310   (0)      9 :  0.0070 0.9930 
1311     1311   (0)      9 :  0.0090 0.9910 
1312     1312   (0)      9 :  0.0130 0.9870 
1313     1313   (0)      9 :  0.0074 0.9926 
1314     1314   (0)      9 :  0.0070 0.9930 
1315     1315   (0)      9 :  0.0060 0.9940 
1316     1316   (0)      9 :  0.0060 0.9940 
1317     1317   (0)      9 :  0.0090 0.9910 
1318     1318   (0)      9 :  0.0070 0.9930 
1319     1319   (0)      9 :  0.0100 0.9900 
1320     1320   (0)      9 :  0.0070 0.9930 
1321     1321   (0)      9 :  0.0290 0.9710 
1322     1322   (0)      9 :  0.0070 0.9930 
1323     1323   (0)      9 :  0.0060 0.9940 
1324     1324   (0)      9 :  0.0050 0.9950 
1325     1325   (0)      9 :  0.0060 0.9940 
1326     1326   (0)      9 :  0.0060 0.9940 
1327     1327   (0)      9 :  0.0060 0.9940 
1328     1328   (0)      9 :  0.0132 0.9868 
1329     1329   (0)      9 :  0.0050 0.9950 
1330     1330   (0)      9 :  0.0050 0.9950 
1331     1331   (0)      9 :  0.0090 0.9910 
1332     1332   (0)      9 :  0.0060 0.9940 
1333     1333   (0)      9 :  0.0070 0.9930 
1334     1334   (0)      9 :  0.0170 0.9830 
1335     1335   (0)      9 :  0.0060 0.9940 
1336     1336   (0)      9 :  0.0170 0.9830 
1337     1337   (0)      9 :  0.0060 0.9940 
1338     1338   (0)      9 :  0.0060 0.9940 
1339     1339   (0)      9 :  0.0070 0.9930 
1340     1340   (0)      9 :  0.0080 0.9920 
1341     1341   (0)      9 :  0.0240 0.9760 
1342     1342   (0)      9 :  0.0060 0.9940 
1343     1343   (0)      9 :  0.0090 0.9910 
1344     1344   (0)      9 :  0.0060 0.9940 
1345     1345   (0)      9 :  0.0070 0.9930 
1346     1346   (0)      9 :  0.0060 0.9940 
1347     1347   (0)      9 :  0.0068 0.9932 
1348     1348   (0)      9 :  0.0060 0.9940 
1349     1349   (0)      9 :  0.0050 0.9950 
1350     1350   (0)      9 :  0.0150 0.9850 
1351     1351   (0)      9 :  0.0060 0.9940 
1352     1352   (0)      9 :  0.0050 0.9950 
1353     1353   (0)      9 :  0.0070 0.9930 
1354     1354   (0)      9 :  0.0080 0.9920 
1355     1355   (0)      9 :  0.0074 0.9926 
1356     1356   (0)      9 :  0.0080 0.9920 
1357     1357   (0)      9 :  0.0100 0.9900 
1358     1358   (0)      9 :  0.0070 0.9930 
1359     1359   (0)      9 :  0.0050 0.9950 
1360     1360   (0)      9 :  0.0070 0.9930 
1361     1361   (0)      9 :  0.0050 0.9950 
1362     1362   (0)      9 :  0.0060 0.9940 
1363     1363   (0)      9 :  0.0070 0.9930 
1364     1364   (0)      9 :  0.0080 0.9920 
1365     1365   (0)      9 :  0.0070 0.9930 
1366     1366   (0)      9 :  0.0120 0.9880 
1367     1367   (0)      9 :  0.0080 0.9920 
1368     1368   (0)      9 :  0.0060 0.9940 
1369     1369   (0)      9 :  0.0070 0.9930 
1370     1370   (0)      9 :  0.0070 0.9930 
1371     1371   (0)      9 :  0.0130 0.9870 
1372     1372   (0)      9 :  0.0060 0.9940 
1373     1373   (0)      9 :  0.0060 0.9940 
1374     1374   (0)      9 :  0.0080 0.9920 
1375     1375   (0)      9 :  0.0080 0.9920 
1376     1376   (0)      9 :  0.0050 0.9950 
1377     1377   (0)      9 :  0.0090 0.9910 
1378     1378   (0)      9 :  0.0060 0.9940 
1379     1379   (0)      9 :  0.0100 0.9900 
1380     1380   (0)      9 :  0.0050 0.9950 
1381     1381   (0)      9 :  0.0060 0.9940 
1382     1382   (0)      9 :  0.0060 0.9940 
1383     1383   (0)      9 :  0.0104 0.9896 
1384     1384   (0)      9 :  0.0050 0.9950 
1385     1385   (0)      9 :  0.0090 0.9910 
1386     1386   (0)      9 :  0.0050 0.9950 
1387     1387   (0)      9 :  0.0110 0.9890 
1388     1388   (0)      9 :  0.0110 0.9890 
1389     1389   (0)      9 :  0.0120 0.9880 
1390     1390   (0)      9 :  0.0060 0.9940 
1391     1391   (0)      9 :  0.0070 0.9930 
1392     1392   (0)      9 :  0.0070 0.9930 
1393     1393   (0)      9 :  0.0122 0.9878 
1394     1394   (0)      9 :  0.0050 0.9950 
1395     1395   (0)      9 :  0.0080 0.9920 
1396     1396   (0)      9 :  0.0116 0.9884 
1397     1397   (0)      9 :  0.0090 0.9910 
1398     1398   (0)      9 :  0.0080 0.9920 
1399     1399   (0)      9 :  0.0080 0.9920 
1400     1400   (0)      9 :  0.0090 0.9910 
1401     1401   (0)      9 :  0.0060 0.9940 
1402     1402   (0)      9 :  0.0100 0.9900 
1403     1403   (0)      9 :  0.0112 0.9888 
1404     1404   (0)      9 :  0.0060 0.9940 
1405     1405   (0)      9 :  0.0050 0.9950 
1406     1406   (0)      9 :  0.0090 0.9910 
1407     1407   (0)      9 :  0.0110 0.9890 
1408     1408   (0)      9 :  0.0060 0.9940 
1409     1409   (0)      9 :  0.0110 0.9890 
1410     1410   (0)      9 :  0.0080 0.9920 
1411     1411   (0)      9 :  0.0080 0.9920 
1412     1412   (0)      9 :  0.0050 0.9950 
1413     1413   (0)      9 :  0.0080 0.9920 
1414     1414   (0)      9 :  0.0070 0.9930 
1415     1415   (0)      9 :  0.0060 0.9940 
1416     1416   (0)      9 :  0.0060 0.9940 
1417     1417   (0)      9 :  0.0060 0.9940 
1418     1418   (0)      9 :  0.0140 0.9860 
1419     1419   (0)      9 :  0.0070 0.9930 
1420     1420   (0)      9 :  0.0130 0.9870 
1421     1421   (0)      9 :  0.0060 0.9940 
1422     1422   (0)      9 :  0.0084 0.9916 
1423     1423   (0)      9 :  0.0050 0.9950 
1424     1424   (0)      9 :  0.0050 0.9950 
1425     1425   (0)      9 :  0.0080 0.9920 
1426     1426   (0)      9 :  0.0070 0.9930 
1427     1427   (0)      9 :  0.0080 0.9920 
1428     1428   (0)      9 :  0.0070 0.9930 
1429     1429   (0)      9 :  0.0080 0.9920 
1430     1430   (0)      9 :  0.0080 0.9920 
1431     1431   (0)      9 :  0.0080 0.9920 
1432     1432   (0)      9 :  0.0060 0.9940 
1433     1433   (0)      9 :  0.0060 0.9940 
1434     1434   (0)      9 :  0.0100 0.9900 
1435     1435   (0)      9 :  0.0060 0.9940 
1436     1436   (0)      9 :  0.0090 0.9910 
1437     1437   (0)      9 :  0.0110 0.9890 
1438     1438   (0)      9 :  0.0180 0.9820 
1439     1439   (0)      9 :  0.0190 0.9810 
1440     1440   (0)      9 :  0.0050 0.9950 
1441     1441   (0)      9 :  0.0060 0.9940 
1442     1442   (0)      9 :  0.0090 0.9910 
1443     1443   (0)      9 :  0.0092 0.9908 
1444     1444   (0)      9 :  0.0080 0.9920 
1445     1445   (0)      9 :  0.0050 0.9950 
1446     1446   (0)      9 :  0.0080 0.9920 
1447     1447   (0)      9 :  0.0120 0.9880 
1448     1448   (0)      9 :  0.0070 0.9930 
1449     1449   (0)      9 :  0.0060 0.9940 
1450     1450   (0)      9 :  0.0070 0.9930 
1451     1451   (0)      9 :  0.0060 0.9940 
1452     1452   (0)      9 :  0.0060 0.9940 
1453     1453   (0)      9 :  0.0070 0.9930 
1454     1454   (0)      9 :  0.0060 0.9940 
1455     1455   (0)      9 :  0.0080 0.9920 
1456     1456   (0)      9 :  0.0100 0.9900 
1457     1457   (0)      9 :  0.0050 0.9950 
1458     1458   (0)      9 :  0.0050 0.9950 
1459     1459   (0)      9 :  0.0090 0.9910 
1460     1460   (0)      9 :  0.0080 0.9920 
1461     1461   (0)      9 :  0.0050 0.9950 
1462     1462   (0)      9 :  0.0070 0.9930 
1463     1463   (0)      9 :  0.0080 0.9920 
1464     1464   (0)      9 :  0.0100 0.9900 
1465     1465   (0)      9 :  0.0120 0.9880 
1466     1466   (0)      9 :  0.0050 0.9950 
1467     1467   (0)      9 :  0.0230 0.9770 
1468     1468   (0)      9 :  0.0068 0.9932 
1469     1469   (0)      9 :  0.0070 0.9930 
1470     1470   (0)      9 :  0.0060 0.9940 
1471     1471   (0)      9 :  0.0090 0.9910 
1472     1472   (0)      9 :  0.0080 0.9920 
1473     1473   (0)      9 :  0.0060 0.9940 
1474     1474   (0)      9 :  0.0060 0.9940 
1475     1475   (0)      9 :  0.0080 0.9920 
1476     1476   (0)      9 :  0.0080 0.9920 
1477     1477   (0)      9 :  0.0070 0.9930 
1478     1478   (0)      9 :  0.0070 0.9930 
1479     1479   (0)      9 :  0.0050 0.9950 
1480     1480   (0)      9 :  0.0090 0.9910 
1481     1481   (0)      9 :  0.0060 0.9940 
1482     1482   (0)      9 :  0.0050 0.9950 
1483     1483   (0)      9 :  0.0060 0.9940 
1484     1484   (0)      9 :  0.0050 0.9950 
1485     1485   (0)      9 :  0.0070 0.9930 
1486     1486   (0)      9 :  0.0110 0.9890 
1487     1487   (0)      9 :  0.0060 0.9940 
1488     1488   (0)      9 :  0.0070 0.9930 
1489     1489   (0)      9 :  0.0080 0.9920 
1490     1490   (0)      9 :  0.0070 0.9930 
1491     1491   (0)      9 :  0.0050 0.9950 
1492     1492   (0)      9 :  0.0060 0.9940 
1493     1493   (0)      9 :  0.0060 0.9940 
1494     1494   (0)      9 :  0.0070 0.9930 
1495     1495   (0)      9 :  0.0080 0.9920 
1496     1496   (0)      9 :  0.0080 0.9920 
1497     1497   (0)      9 :  0.0090 0.9910 
1498     1498   (0)      9 :  0.0060 0.9940 
1499     1499   (0)      9 :  0.0060 0.9940 
1500     1500   (0)      9 :  0.0080 0.9920 
