   1        1   (5)      1 :  0.9900 0.0100 
   2        2   (5)      1 :  0.9718 0.0282 
   3        3   (5)      1 :  0.9924 0.0076 
   4        4   (0)      1 :  0.9890 0.0110 
   5        5   (0)      1 :  0.9630 0.0370 
   6        6   (0)      1 :  0.9910 0.0090 
   7        7   (0)      1 :  0.9730 0.0270 
   8        8   (5)      1 :  0.9910 0.0090 
   9        9   (0)      1 :  0.9920 0.0080 
  10       10   (0)      1 :  0.9800 0.0200 
  11       11   (0)      1 :  0.9890 0.0110 
  12       12   (0)      1 :  0.9820 0.0180 
  13       13   (0)      1 :  0.9840 0.0160 
  14       14   (0)      1 :  0.9900 0.0100 
  15       15   (0)      1 :  0.9920 0.0080 
  16       16   (0)      1 :  0.9930 0.0070 
  17       17   (0)      1 :  0.9934 0.0066 
  18       18   (0)      1 :  0.9830 0.0170 
  19       19   (0)      1 :  0.9720 0.0280 
  20       20   (0)      1 :  0.9740 0.0260 
  21       21   (0)      1 :  0.9894 0.0106 
  22       22   (0)      1 :  0.9940 0.0060 
  23       23   (0)      1 :  0.9930 0.0070 
  24       24   (0)      1 :  0.9810 0.0190 
  25       25   (0)      1 :  0.9718 0.0282 
  26       26   (0)      1 :  0.9822 0.0178 
  27       27   (5)      1 :  0.9860 0.0140 
  28       28   (0)      1 :  0.9940 0.0060 
  29       29   (0)      1 :  0.9920 0.0080 
  30       30   (0)      1 :  0.9820 0.0180 
  31       31   (0)      1 :  0.9930 0.0070 
  32       32   (0)      1 :  0.9820 0.0180 
  33       33   (0)      1 :  0.9930 0.0070 
  34       34   (0)      1 :  0.9930 0.0070 
  35       35   (0)      1 :  0.9840 0.0160 
  36       36   (0)      1 :  0.9870 0.0130 
  37       37   (0)      1 :  0.9810 0.0190 
  38       38   (0)      1 :  0.9802 0.0198 
  39       39   (0)      1 :  0.9750 0.0250 
  40       40   (0)      1 :  0.9870 0.0130 
  41       41   (0)      1 :  0.9908 0.0092 
  42       42   (0)      1 :  0.9940 0.0060 
  43       43   (0)      1 :  0.9926 0.0074 
  44       44   (0)      1 :  0.9950 0.0050 
  45       45   (5)      1 :  0.9826 0.0174 
  46       46   (0)      1 :  0.9950 0.0050 
  47       47   (0)      1 :  0.9940 0.0060 
  48       48   (0)      1 :  0.9900 0.0100 
  49       49   (0)      1 :  0.9770 0.0230 
  50       50   (0)      1 :  0.9910 0.0090 
  51       51   (0)      1 :  0.9804 0.0196 
  52       52   (0)      1 :  0.9294 0.0706 
  53       53   (0)      1 :  0.9910 0.0090 
  54       54   (0)      1 :  0.9940 0.0060 
  55       55   (0)      1 :  0.9920 0.0080 
  56       56   (0)      1 :  0.9920 0.0080 
  57       57  (10)      1 :  0.9860 0.0140 
  58       58   (5)      1 :  0.9890 0.0110 
  59       59   (0)      1 :  0.9880 0.0120 
  60       60   (0)      1 :  0.9930 0.0070 
  61       61   (0)      1 :  0.9910 0.0090 
  62       62   (0)      1 :  0.9920 0.0080 
  63       63   (0)      1 :  0.9910 0.0090 
  64       64   (0)      1 :  0.9930 0.0070 
  65       65   (0)      1 :  0.9474 0.0526 
  66       66   (0)      1 :  0.9920 0.0080 
  67       67   (5)      1 :  0.9730 0.0270 
  68       68   (0)      1 :  0.9900 0.0100 
  69       69   (0)      1 :  0.9938 0.0062 
  70       70   (0)      1 :  0.9910 0.0090 
  71       71   (5)      1 :  0.9870 0.0130 
  72       72   (0)      1 :  0.9710 0.0290 
  73       73   (5)      1 :  0.9930 0.0070 
  74       74  (10)      1 :  0.9826 0.0174 
  75       75  (10)      1 :  0.9640 0.0360 
  76       76   (0)      1 :  0.9900 0.0100 
  77       77  (10)      1 :  0.9880 0.0120 
  78       78   (0)      1 :  0.9830 0.0170 
  79       79   (5)      1 :  0.9920 0.0080 
  80       80   (0)      1 :  0.9930 0.0070 
  81       81   (0)      1 :  0.9920 0.0080 
  82       82   (0)      1 :  0.9920 0.0080 
  83       83   (0)      1 :  0.9900 0.0100 
  84       84   (0)      1 :  0.9830 0.0170 
  85       85   (0)      1 :  0.9930 0.0070 
  86       86   (5)      1 :  0.9900 0.0100 
  87       87   (0)      1 :  0.9920 0.0080 
  88       88   (0)      1 :  0.9786 0.0214 
  89       89   (0)      1 :  0.9540 0.0460 
  90       90   (0)      1 :  0.9920 0.0080 
  91       91   (0)      1 :  0.9890 0.0110 
  92       92   (0)      1 :  0.9910 0.0090 
  93       93   (0)      1 :  0.9930 0.0070 
  94       94   (5)      1 :  0.9720 0.0280 
  95       95   (0)      1 :  0.9880 0.0120 
  96       96   (5)      1 :  0.9910 0.0090 
  97       97   (0)      1 :  0.9940 0.0060 
  98       98   (0)      1 :  0.9850 0.0150 
  99       99   (5)      1 :  0.9880 0.0120 
 100      100   (5)      1 :  0.9930 0.0070 
 101      101   (0)      2 :  0.9830 0.0170 
 102      102   (0)      2 :  0.9880 0.0120 
 103      103   (0)      2 :  0.9900 0.0100 
 104      104   (0)      2 :  0.9950 0.0050 
 105      105   (0)      2 :  0.9860 0.0140 
 106      106   (0)      2 :  0.9870 0.0130 
 107      107   (0)      2 :  0.9940 0.0060 
 108      108   (0)      2 :  0.9890 0.0110 
 109      109   (0)      2 :  0.9900 0.0100 
 110      110   (0)      2 :  0.9780 0.0220 
 111      111   (0)      2 :  0.9900 0.0100 
 112      112   (0)      2 :  0.9622 0.0378 
 113      113   (0)      2 :  0.9630 0.0370 
 114      114   (0)      2 :  0.9930 0.0070 
 115      115   (0)      2 :  0.9870 0.0130 
 116      116   (0)      2 :  0.9930 0.0070 
 117      117   (0)      2 :  0.9750 0.0250 
 118      118   (0)      2 :  0.9920 0.0080 
 119      119   (0)      2 :  0.9580 0.0420 
 120      120   (0)      2 :  0.9930 0.0070 
 121      121   (0)      2 :  0.9900 0.0100 
 122      122   (0)      2 :  0.9870 0.0130 
 123      123   (0)      2 :  0.9930 0.0070 
 124      124   (0)      2 :  0.9730 0.0270 
 125      125   (0)      2 :  0.9830 0.0170 
 126      126   (0)      2 :  0.9920 0.0080 
 127      127   (0)      2 :  0.9890 0.0110 
 128      128   (0)      2 :  0.9900 0.0100 
 129      129   (0)      2 :  0.9810 0.0190 
 130      130   (0)      2 :  0.9880 0.0120 
 131      131   (0)      2 :  0.9720 0.0280 
 132      132   (0)      2 :  0.9880 0.0120 
 133      133   (0)      2 :  0.9820 0.0180 
 134      134   (0)      2 :  0.9740 0.0260 
 135      135   (0)      2 :  0.9920 0.0080 
 136      136   (0)      2 :  0.9640 0.0360 
 137      137   (0)      2 :  0.9902 0.0098 
 138      138   (0)      2 :  0.9940 0.0060 
 139      139   (0)      2 :  0.9700 0.0300 
 140      140   (0)      2 :  0.9940 0.0060 
 141      141   (0)      2 :  0.9710 0.0290 
 142      142   (0)      2 :  0.9880 0.0120 
 143      143   (0)      2 :  0.9894 0.0106 
 144      144   (0)      2 :  0.9710 0.0290 
 145      145   (0)      2 :  0.9900 0.0100 
 146      146   (0)      2 :  0.9920 0.0080 
 147      147   (0)      2 :  0.9910 0.0090 
 148      148   (0)      2 :  0.9870 0.0130 
 149      149   (0)      2 :  0.9940 0.0060 
 150      150   (0)      2 :  0.9940 0.0060 
 151      151   (0)      2 :  0.9870 0.0130 
 152      152   (0)      2 :  0.9900 0.0100 
 153      153   (0)      2 :  0.9920 0.0080 
 154      154   (0)      2 :  0.9920 0.0080 
 155      155   (0)      2 :  0.9860 0.0140 
 156      156   (0)      2 :  0.9930 0.0070 
 157      157   (0)      2 :  0.9900 0.0100 
 158      158   (0)      2 :  0.9950 0.0050 
 159      159   (0)      2 :  0.9920 0.0080 
 160      160   (0)      2 :  0.9880 0.0120 
 161      161   (0)      2 :  0.9802 0.0198 
 162      162   (0)      2 :  0.9880 0.0120 
 163      163   (0)      2 :  0.9310 0.0690 
 164      164   (0)      2 :  0.9730 0.0270 
 165      165   (0)      2 :  0.9920 0.0080 
 166      166   (0)      2 :  0.9920 0.0080 
 167      167   (0)      2 :  0.9940 0.0060 
 168      168   (0)      2 :  0.9840 0.0160 
 169      169   (0)      2 :  0.9930 0.0070 
 170      170   (0)      2 :  0.9920 0.0080 
 171      171   (0)      2 :  0.9910 0.0090 
 172      172   (0)      2 :  0.9900 0.0100 
 173      173   (0)      2 :  0.9920 0.0080 
 174      174   (0)      2 :  0.9864 0.0136 
 175      175   (0)      2 :  0.9860 0.0140 
 176      176   (0)      2 :  0.9840 0.0160 
 177      177   (0)      2 :  0.9780 0.0220 
 178      178   (0)      2 :  0.9770 0.0230 
 179      179   (0)      2 :  0.9860 0.0140 
 180      180   (0)      2 :  0.9920 0.0080 
 181      181   (0)      2 :  0.9900 0.0100 
 182      182   (0)      2 :  0.9920 0.0080 
 183      183   (0)      2 :  0.9840 0.0160 
 184      184   (0)      2 :  0.9830 0.0170 
 185      185   (0)      2 :  0.9910 0.0090 
 186      186   (0)      2 :  0.9850 0.0150 
 187      187   (0)      2 :  0.9920 0.0080 
 188      188   (0)      2 :  0.9910 0.0090 
 189      189   (0)      2 :  0.9910 0.0090 
 190      190   (0)      2 :  0.9940 0.0060 
 191      191   (0)      2 :  0.9870 0.0130 
 192      192   (0)      2 :  0.9770 0.0230 
 193      193   (0)      2 :  0.9930 0.0070 
 194      194   (0)      2 :  0.9660 0.0340 
 195      195   (0)      2 :  0.9930 0.0070 
 196      196   (0)      2 :  0.9830 0.0170 
 197      197   (0)      2 :  0.9888 0.0112 
 198      198   (0)      2 :  0.9910 0.0090 
 199      199   (0)      2 :  0.9870 0.0130 
 200      200   (0)      2 :  0.9860 0.0140 
 201      201   (0)      2 :  0.9920 0.0080 
 202      202   (0)      2 :  0.9870 0.0130 
 203      203   (0)      2 :  0.9860 0.0140 
 204      204   (0)      2 :  0.9930 0.0070 
 205      205   (0)      2 :  0.9790 0.0210 
 206      206   (0)      2 :  0.9630 0.0370 
 207      207   (0)      2 :  0.9920 0.0080 
 208      208   (0)      2 :  0.9920 0.0080 
 209      209   (0)      2 :  0.9850 0.0150 
 210      210   (0)      2 :  0.9890 0.0110 
 211      211   (0)      2 :  0.9920 0.0080 
 212      212   (0)      2 :  0.9920 0.0080 
 213      213   (0)      2 :  0.9940 0.0060 
 214      214   (0)      2 :  0.9930 0.0070 
 215      215   (0)      2 :  0.9680 0.0320 
 216      216   (0)      2 :  0.9850 0.0150 
 217      217   (0)      2 :  0.9930 0.0070 
 218      218   (0)      2 :  0.9780 0.0220 
 219      219   (0)      2 :  0.9740 0.0260 
 220      220   (0)      2 :  0.9742 0.0258 
 221      221   (0)      2 :  0.9890 0.0110 
 222      222   (0)      2 :  0.9954 0.0046 
 223      223   (0)      2 :  0.9870 0.0130 
 224      224   (0)      2 :  0.9940 0.0060 
 225      225   (0)      2 :  0.9940 0.0060 
 226      226   (0)      2 :  0.9860 0.0140 
 227      227   (0)      2 :  0.9930 0.0070 
 228      228   (0)      2 :  0.9930 0.0070 
 229      229   (0)      2 :  0.9880 0.0120 
 230      230   (0)      2 :  0.9920 0.0080 
 231      231   (0)      2 :  0.9950 0.0050 
 232      232   (0)      2 :  0.9870 0.0130 
 233      233   (0)      2 :  0.9880 0.0120 
 234      234   (0)      2 :  0.9910 0.0090 
 235      235   (0)      2 :  0.9900 0.0100 
 236      236   (0)      2 :  0.9940 0.0060 
 237      237   (0)      2 :  0.9760 0.0240 
 238      238   (0)      2 :  0.9930 0.0070 
 239      239   (0)      2 :  0.9900 0.0100 
 240      240   (0)      2 :  0.9726 0.0274 
 241      241   (0)      2 :  0.9930 0.0070 
 242      242   (0)      2 :  0.9910 0.0090 
 243      243   (0)      2 :  0.9940 0.0060 
 244      244   (0)      2 :  0.9910 0.0090 
 245      245   (0)      2 :  0.9910 0.0090 
 246      246   (0)      2 :  0.9790 0.0210 
 247      247   (0)      2 :  0.9710 0.0290 
 248      248   (0)      2 :  0.9950 0.0050 
 249      249   (0)      2 :  0.9930 0.0070 
 250      250   (0)      2 :  0.9880 0.0120 
 251      251   (0)      2 :  0.9930 0.0070 
 252      252   (0)      2 :  0.9890 0.0110 
 253      253   (0)      2 :  0.9928 0.0072 
 254      254   (0)      2 :  0.9920 0.0080 
 255      255   (0)      2 :  0.9870 0.0130 
 256      256   (0)      2 :  0.9910 0.0090 
 257      257   (0)      2 :  0.9880 0.0120 
 258      258   (0)      2 :  0.9850 0.0150 
 259      259   (0)      2 :  0.9900 0.0100 
 260      260   (0)      2 :  0.9930 0.0070 
 261      261   (0)      2 :  0.9890 0.0110 
 262      262   (0)      2 :  0.9910 0.0090 
 263      263   (0)      2 :  0.9930 0.0070 
 264      264   (0)      2 :  0.9930 0.0070 
 265      265   (0)      2 :  0.9860 0.0140 
 266      266   (0)      2 :  0.9910 0.0090 
 267      267   (0)      2 :  0.9880 0.0120 
 268      268   (0)      2 :  0.9790 0.0210 
 269      269   (0)      2 :  0.9910 0.0090 
 270      270   (0)      2 :  0.9860 0.0140 
 271      271   (0)      2 :  0.9950 0.0050 
 272      272   (0)      2 :  0.9920 0.0080 
 273      273   (0)      2 :  0.9830 0.0170 
 274      274   (0)      2 :  0.9936 0.0064 
 275      275   (0)      2 :  0.9900 0.0100 
 276      276   (0)      2 :  0.9840 0.0160 
 277      277   (0)      2 :  0.9930 0.0070 
 278      278   (0)      2 :  0.9850 0.0150 
 279      279   (0)      2 :  0.9940 0.0060 
 280      280   (0)      2 :  0.9920 0.0080 
 281      281   (0)      2 :  0.9800 0.0200 
 282      282   (0)      2 :  0.9890 0.0110 
 283      283   (0)      2 :  0.9940 0.0060 
 284      284   (0)      2 :  0.9880 0.0120 
 285      285   (0)      2 :  0.9872 0.0128 
 286      286   (0)      2 :  0.9880 0.0120 
 287      287   (0)      2 :  0.9900 0.0100 
 288      288   (0)      2 :  0.9698 0.0302 
 289      289   (0)      2 :  0.9930 0.0070 
 290      290   (0)      2 :  0.9890 0.0110 
 291      291   (0)      2 :  0.9880 0.0120 
 292      292   (0)      2 :  0.9870 0.0130 
 293      293   (0)      2 :  0.9720 0.0280 
 294      294   (0)      2 :  0.9780 0.0220 
 295      295   (0)      2 :  0.9900 0.0100 
 296      296   (0)      2 :  0.9920 0.0080 
 297      297   (0)      2 :  0.9790 0.0210 
 298      298   (0)      2 :  0.9940 0.0060 
 299      299   (0)      2 :  0.9880 0.0120 
 300      300   (0)      2 :  0.9550 0.0450 
 301      301   (0)      2 :  0.9890 0.0110 
 302      302   (0)      2 :  0.9938 0.0062 
 303      303   (0)      2 :  0.9920 0.0080 
 304      304   (0)      2 :  0.9860 0.0140 
 305      305   (0)      2 :  0.9930 0.0070 
 306      306   (0)      2 :  0.9920 0.0080 
 307      307   (0)      2 :  0.9900 0.0100 
 308      308   (0)      2 :  0.9870 0.0130 
 309      309   (0)      2 :  0.9920 0.0080 
 310      310   (0)      2 :  0.9940 0.0060 
 311      311   (0)      2 :  0.9620 0.0380 
 312      312   (0)      2 :  0.9900 0.0100 
 313      313   (0)      2 :  0.9900 0.0100 
 314      314   (0)      2 :  0.9930 0.0070 
 315      315   (0)      2 :  0.9740 0.0260 
 316      316   (0)      2 :  0.9780 0.0220 
 317      317   (0)      2 :  0.9938 0.0062 
 318      318   (0)      2 :  0.9940 0.0060 
 319      319   (0)      2 :  0.9920 0.0080 
 320      320   (0)      2 :  0.9930 0.0070 
 321      321   (0)      2 :  0.9880 0.0120 
 322      322   (0)      2 :  0.9840 0.0160 
 323      323   (0)      2 :  0.9880 0.0120 
 324      324   (0)      2 :  0.9920 0.0080 
 325      325   (0)      2 :  0.9910 0.0090 
 326      326   (0)      2 :  0.9950 0.0050 
 327      327   (0)      2 :  0.9920 0.0080 
 328      328   (0)      2 :  0.9900 0.0100 
 329      329   (0)      2 :  0.9690 0.0310 
 330      330   (0)      2 :  0.9870 0.0130 
 331      331   (0)      2 :  0.9920 0.0080 
 332      332   (0)      2 :  0.9920 0.0080 
 333      333   (0)      2 :  0.9814 0.0186 
 334      334   (0)      2 :  0.9920 0.0080 
 335      335   (0)      2 :  0.9930 0.0070 
 336      336   (0)      2 :  0.9940 0.0060 
 337      337   (0)      2 :  0.9860 0.0140 
 338      338   (0)      2 :  0.9890 0.0110 
 339      339   (0)      2 :  0.9848 0.0152 
 340      340   (0)      2 :  0.9924 0.0076 
 341      341   (0)      2 :  0.9890 0.0110 
 342      342   (0)      2 :  0.9940 0.0060 
 343      343   (0)      2 :  0.9860 0.0140 
 344      344   (0)      2 :  0.9800 0.0200 
 345      345   (0)      2 :  0.9940 0.0060 
 346      346   (0)      2 :  0.9930 0.0070 
 347      347   (0)      2 :  0.9940 0.0060 
 348      348   (0)      2 :  0.9920 0.0080 
 349      349   (0)      2 :  0.9668 0.0332 
 350      350   (0)      2 :  0.9900 0.0100 
 351      351   (0)      2 :  0.9900 0.0100 
 352      352   (0)      2 :  0.9940 0.0060 
 353      353   (0)      2 :  0.9910 0.0090 
 354      354   (0)      2 :  0.9930 0.0070 
 355      355   (0)      2 :  0.9860 0.0140 
 356      356   (0)      2 :  0.9860 0.0140 
 357      357   (0)      2 :  0.9940 0.0060 
 358      358   (0)      2 :  0.9920 0.0080 
 359      359   (0)      2 :  0.9910 0.0090 
 360      360   (0)      2 :  0.9880 0.0120 
 361      361   (0)      2 :  0.9800 0.0200 
 362      362   (0)      2 :  0.9720 0.0280 
 363      363   (0)      2 :  0.9930 0.0070 
 364      364   (0)      2 :  0.9730 0.0270 
 365      365   (0)      2 :  0.9860 0.0140 
 366      366   (0)      2 :  0.9940 0.0060 
 367      367   (0)      2 :  0.9884 0.0116 
 368      368   (0)      2 :  0.9920 0.0080 
 369      369   (0)      2 :  0.9860 0.0140 
 370      370   (0)      2 :  0.9960 0.0040 
 371      371   (0)      2 :  0.9860 0.0140 
 372      372   (0)      2 :  0.9940 0.0060 
 373      373   (0)      2 :  0.9930 0.0070 
 374      374   (0)      2 :  0.9860 0.0140 
 375      375   (0)      2 :  0.9930 0.0070 
 376      376   (0)      2 :  0.9900 0.0100 
 377      377   (0)      2 :  0.9900 0.0100 
 378      378   (0)      2 :  0.9888 0.0112 
 379      379   (0)      2 :  0.9690 0.0310 
 380      380   (0)      2 :  0.9830 0.0170 
 381      381   (0)      2 :  0.9800 0.0200 
 382      382   (0)      2 :  0.9780 0.0220 
 383      383   (0)      2 :  0.9350 0.0650 
 384      384   (0)      2 :  0.9890 0.0110 
 385      385   (0)      2 :  0.9616 0.0384 
 386      386   (0)      2 :  0.9940 0.0060 
 387      387   (0)      2 :  0.9910 0.0090 
 388      388   (0)      2 :  0.9830 0.0170 
 389      389   (0)      2 :  0.9754 0.0246 
 390      390   (0)      2 :  0.9920 0.0080 
 391      391   (0)      2 :  0.9870 0.0130 
 392      392   (0)      2 :  0.9872 0.0128 
 393      393   (0)      2 :  0.9900 0.0100 
 394      394   (0)      2 :  0.9830 0.0170 
 395      395   (0)      2 :  0.8054 0.1946 
 396      396   (0)      2 :  0.9900 0.0100 
 397      397   (0)      2 :  0.9890 0.0110 
 398      398   (0)      2 :  0.9608 0.0392 
 399      399   (0)      2 :  0.9900 0.0100 
 400      400   (0)      2 :  0.9900 0.0100 
 401      401   (0)      2 :  0.9910 0.0090 
 402      402   (0)      2 :  0.9950 0.0050 
 403      403   (0)      2 :  0.9930 0.0070 
 404      404   (0)      2 :  0.9942 0.0058 
 405      405   (0)      2 :  0.9920 0.0080 
 406      406   (0)      2 :  0.9520 0.0480 
 407      407   (0)      2 :  0.9940 0.0060 
 408      408   (0)      2 :  0.9920 0.0080 
 409      409   (0)      2 :  0.9880 0.0120 
 410      410   (0)      2 :  0.9610 0.0390 
 411      411   (0)      2 :  0.9910 0.0090 
 412      412   (0)      2 :  0.9890 0.0110 
 413      413   (0)      2 :  0.9870 0.0130 
 414      414   (0)      2 :  0.9890 0.0110 
 415      415   (0)      2 :  0.9930 0.0070 
 416      416   (0)      2 :  0.9760 0.0240 
 417      417   (0)      2 :  0.9900 0.0100 
 418      418   (0)      2 :  0.9890 0.0110 
 419      419   (0)      2 :  0.9870 0.0130 
 420      420   (0)      2 :  0.9940 0.0060 
 421      421   (0)      2 :  0.9830 0.0170 
 422      422   (0)      2 :  0.9870 0.0130 
 423      423   (0)      2 :  0.9940 0.0060 
 424      424   (0)      2 :  0.9920 0.0080 
 425      425   (0)      2 :  0.9510 0.0490 
 426      426   (0)      2 :  0.9800 0.0200 
 427      427   (0)      2 :  0.9900 0.0100 
 428      428   (0)      2 :  0.9820 0.0180 
 429      429   (0)      2 :  0.9800 0.0200 
 430      430   (0)      2 :  0.9940 0.0060 
 431      431   (0)      2 :  0.9920 0.0080 
 432      432   (0)      2 :  0.9930 0.0070 
 433      433   (0)      2 :  0.9884 0.0116 
 434      434   (0)      2 :  0.9740 0.0260 
 435      435   (0)      2 :  0.9860 0.0140 
 436      436   (0)      2 :  0.9900 0.0100 
 437      437   (0)      2 :  0.9940 0.0060 
 438      438   (0)      2 :  0.9920 0.0080 
 439      439   (0)      2 :  0.9910 0.0090 
 440      440   (0)      2 :  0.9940 0.0060 
 441      441   (0)      2 :  0.9950 0.0050 
 442      442   (0)      2 :  0.9870 0.0130 
 443      443   (0)      2 :  0.9900 0.0100 
 444      444   (0)      2 :  0.9228 0.0772 
 445      445   (0)      2 :  0.9920 0.0080 
 446      446   (0)      2 :  0.9920 0.0080 
 447      447   (0)      2 :  0.9940 0.0060 
 448      448   (0)      2 :  0.9900 0.0100 
 449      449   (0)      2 :  0.9950 0.0050 
 450      450   (0)      2 :  0.9900 0.0100 
 451      451   (0)      2 :  0.9750 0.0250 
 452      452   (0)      2 :  0.9570 0.0430 
 453      453   (0)      2 :  0.9930 0.0070 
 454      454   (0)      2 :  0.9940 0.0060 
 455      455   (0)      2 :  0.9868 0.0132 
 456      456   (0)      2 :  0.9920 0.0080 
 457      457   (0)      2 :  0.9940 0.0060 
 458      458   (0)      2 :  0.9910 0.0090 
 459      459   (0)      2 :  0.9820 0.0180 
 460      460   (0)      2 :  0.9866 0.0134 
 461      461   (0)      2 :  0.9930 0.0070 
 462      462   (0)      2 :  0.9844 0.0156 
 463      463   (0)      2 :  0.9920 0.0080 
 464      464   (0)      2 :  0.9910 0.0090 
 465      465   (0)      2 :  0.9870 0.0130 
 466      466   (0)      2 :  0.9900 0.0100 
 467      467   (0)      2 :  0.9840 0.0160 
 468      468   (0)      2 :  0.9910 0.0090 
 469      469   (0)      2 :  0.9910 0.0090 
 470      470   (0)      2 :  0.9890 0.0110 
 471      471   (0)      2 :  0.9914 0.0086 
 472      472   (0)      2 :  0.9860 0.0140 
 473      473   (0)      2 :  0.9930 0.0070 
 474      474   (0)      2 :  0.9820 0.0180 
 475      475   (0)      2 :  0.9910 0.0090 
 476      476   (0)      2 :  0.9830 0.0170 
 477      477   (0)      2 :  0.9830 0.0170 
 478      478   (0)      2 :  0.9900 0.0100 
 479      479   (0)      2 :  0.9910 0.0090 
 480      480   (0)      2 :  0.9930 0.0070 
 481      481   (0)      2 :  0.9878 0.0122 
 482      482   (0)      2 :  0.9688 0.0312 
 483      483   (0)      2 :  0.9910 0.0090 
 484      484   (0)      2 :  0.9920 0.0080 
 485      485   (0)      2 :  0.9910 0.0090 
 486      486   (0)      2 :  0.9930 0.0070 
 487      487   (0)      2 :  0.9890 0.0110 
 488      488   (0)      2 :  0.9760 0.0240 
 489      489   (0)      2 :  0.9950 0.0050 
 490      490   (0)      2 :  0.9940 0.0060 
 491      491   (0)      2 :  0.9850 0.0150 
 492      492   (0)      2 :  0.9386 0.0614 
 493      493   (0)      2 :  0.9870 0.0130 
 494      494   (0)      2 :  0.9930 0.0070 
 495      495   (0)      2 :  0.9920 0.0080 
 496      496   (0)      2 :  0.9860 0.0140 
 497      497   (0)      2 :  0.9790 0.0210 
 498      498   (0)      2 :  0.9920 0.0080 
 499      499   (0)      2 :  0.9890 0.0110 
 500      500   (0)      2 :  0.9950 0.0050 
 501      501   (0)      3 :  0.8882 0.1118 
 502      502   (0)      3 :  0.9940 0.0060 
 503      503   (0)      3 :  0.8530 0.1470 
 504      504   (0)      3 :  0.8510 0.1490 
 505      505   (0)      3 :  0.8010 0.1990 
 506      506   (0)      3 :  0.9090 0.0910 
 507      507   (0)      3 :  0.9430 0.0570 
 508      508   (0)      3 :  0.8890 0.1110 
 509      509   (0)      3 :  0.8730 0.1270 
 510      510   (0)      3 :  0.8872 0.1128 
 511      511   (0)      3 :  0.8740 0.1260 
 512      512   (0)      3 :  0.8170 0.1830 
 513      513   (0)      3 :  0.8790 0.1210 
 514      514   (0)      3 :  0.8008 0.1992 
 515      515   (0)      3 :  0.9506 0.0494 
 516      516   (0)      3 :  0.9880 0.0120 
 517      517   (0)      3 :  0.9860 0.0140 
 518      518   (0)      3 :  0.9860 0.0140 
 519      519   (0)      3 :  0.9294 0.0706 
 520      520   (0)      3 :  0.9770 0.0230 
 521      521   (0)      3 :  0.8580 0.1420 
 522      522   (0)      3 :  0.9470 0.0530 
 523      523   (0)      3 :  0.9210 0.0790 
 524      524   (0)      3 :  0.9390 0.0610 
 525      525   (0)      3 :  0.7864 0.2136 
 526      526   (0)      3 :  0.9552 0.0448 
 527      527   (0)      3 :  0.8700 0.1300 
 528      528   (0)      3 :  0.9116 0.0884 
 529      529   (0)      3 :  0.9230 0.0770 
 530      530   (0)      3 :  0.9228 0.0772 
 531      531   (0)      3 :  0.9680 0.0320 
 532      532   (0)      3 :  0.9780 0.0220 
 533      533   (0)      3 :  0.7350 0.2650 
 534      534   (0)      3 :  0.9672 0.0328 
 535      535   (0)      3 :  0.8950 0.1050 
 536      536   (0)      3 :  0.9382 0.0618 
 537      537   (0)      3 :  0.9820 0.0180 
 538      538   (0)      3 :  0.7500 0.2500 
 539      539   (0)      3 :  0.9570 0.0430 
 540      540   (0)      3 :  0.9094 0.0906 
 541      541   (0)      3 :  0.9824 0.0176 
 542      542   (0)      3 :  0.8950 0.1050 
 543      543   (0)      3 :  0.9470 0.0530 
 544      544   (0)      3 :  0.8892 0.1108 
 545      545   (0)      3 :  0.8780 0.1220 
 546      546   (0)      3 :  0.7330 0.2670 
 547      547   (0)      3 :  0.9898 0.0102 
 548      548   (0)      3 :  0.7888 0.2112 
 549      549   (0)      3 :  0.8028 0.1972 
 550      550   (0)      3 :  0.9380 0.0620 
 551      551   (0)      3 :  0.9830 0.0170 
 552      552   (0)      3 :  0.9690 0.0310 
 553      553   (0)      3 :  0.7492 0.2508 
 554      554   (0)      3 :  0.9488 0.0512 
 555      555   (0)      3 :  0.8440 0.1560 
 556      556   (0)      3 :  0.9780 0.0220 
 557      557   (0)      3 :  0.9770 0.0230 
 558      558   (0)      3 :  0.9246 0.0754 
 559      559   (0)      3 :  0.9820 0.0180 
 560      560   (0)      3 :  0.9132 0.0868 
 561      561   (0)      3 :  0.9920 0.0080 
 562      562   (0)      3 :  0.9040 0.0960 
 563      563   (0)      3 :  0.7430 0.2570 
 564      564   (0)      3 :  0.8714 0.1286 
 565      565   (0)      3 :  0.9750 0.0250 
 566      566   (0)      3 :  0.9276 0.0724 
 567      567   (0)      3 :  0.9930 0.0070 
 568      568   (0)      3 :  0.9400 0.0600 
 569      569   (0)      3 :  0.8638 0.1362 
 570      570   (0)      3 :  0.9900 0.0100 
 571      571   (0)      3 :  0.8670 0.1330 
 572      572   (0)      3 :  0.9132 0.0868 
 573      573   (0)      3 :  0.7450 0.2550 
 574      574   (0)      3 :  0.8440 0.1560 
 575      575   (0)      3 :  0.9380 0.0620 
 576      576   (0)      3 :  0.9368 0.0632 
 577      577   (0)      3 :  0.8480 0.1520 
 578      578   (0)      3 :  0.8722 0.1278 
 579      579   (0)      3 :  0.9606 0.0394 
 580      580   (0)      3 :  0.9292 0.0708 
 581      581   (0)      3 :  0.9270 0.0730 
 582      582   (0)      3 :  0.7970 0.2030 
 583      583   (0)      3 :  0.9048 0.0952 
 584      584   (0)      3 :  0.9344 0.0656 
 585      585   (0)      3 :  0.6680 0.3320 
 586      586   (0)      3 :  0.9880 0.0120 
 587      587   (0)      3 :  0.8750 0.1250 
 588      588   (0)      3 :  0.9060 0.0940 
 589      589   (0)      3 :  0.7848 0.2152 
 590      590   (0)      3 :  0.9930 0.0070 
 591      591   (0)      3 :  0.9528 0.0472 
 592      592   (0)      3 :  0.9240 0.0760 
 593      593   (0)      3 :  0.9510 0.0490 
 594      594   (0)      3 :  0.9820 0.0180 
 595      595   (0)      3 :  0.9820 0.0180 
 596      596   (0)      3 :  0.8970 0.1030 
 597      597   (0)      3 :  0.7756 0.2244 
 598      598   (0)      3 :  0.9190 0.0810 
 599      599   (0)      3 :  0.8750 0.1250 
 600      600   (0)      3 :  0.5886 0.4114 
 601      601   (0)      4 :  0.7540 0.2460 
 602      602   (0)      4 :  0.6830 0.3170 
 603      603   (0)      4 :  0.7210 0.2790 
 604      604   (0)      4 :  0.7714 0.2286 
 605      605   (0)      4 :  0.7090 0.2910 
 606      606   (0)      4 :  0.7820 0.2180 
 607      607   (0)      4 :  0.6840 0.3160 
 608      608   (0)      4 :  0.8670 0.1330 
 609      609   (0)      4 :  0.7170 0.2830 
 610      610   (0)      4 :  0.7620 0.2380 
 611      611   (0)      4 :  0.6440 0.3560 
 612      612   (0)      4 :  0.8780 0.1220 
 613      613   (0)      4 :  0.8524 0.1476 
 614      614   (0)      4 :  0.7754 0.2246 
 615      615   (0)      4 :  0.8522 0.1478 
 616      616   (0)      4 :  0.9350 0.0650 
 617      617   (0)      4 :  0.7558 0.2442 
 618      618   (0)      4 :  0.8488 0.1512 
 619      619   (0)      4 :  0.8194 0.1806 
 620      620   (0)      4 :  0.6180 0.3820 
 621      621   (0)      4 :  0.8820 0.1180 
 622      622   (0)      4 :  0.7236 0.2764 
 623      623   (0)      4 :  0.7970 0.2030 
 624      624   (0)      4 :  0.8770 0.1230 
 625      625   (0)      4 :  0.8546 0.1454 
 626      626   (0)      4 :  0.7620 0.2380 
 627      627   (0)      4 :  0.7650 0.2350 
 628      628   (0)      4 :  0.8860 0.1140 
 629      629   (0)      4 :  0.9600 0.0400 
 630      630   (0)      4 :  0.7936 0.2064 
 631      631   (0)      4 :  0.8810 0.1190 
 632      632   (0)      4 :  0.8210 0.1790 
 633      633   (0)      4 :  0.6660 0.3340 
 634      634   (0)      4 :  0.7320 0.2680 
 635      635   (0)      4 :  0.7556 0.2444 
 636      636   (0)      4 :  0.6210 0.3790 
 637      637   (0)      4 :  0.7228 0.2772 
 638      638   (0)      4 :  0.9690 0.0310 
 639      639   (0)      4 :  0.7520 0.2480 
 640      640   (0)      4 :  0.8374 0.1626 
 641      641   (0)      4 :  0.7750 0.2250 
 642      642   (0)      4 :  0.9270 0.0730 
 643      643   (0)      4 :  0.6850 0.3150 
 644      644   (0)      4 :  0.9026 0.0974 
 645      645   (0)      4 :  0.6840 0.3160 
 646      646   (0)      4 :  0.9088 0.0912 
 647      647   (0)      4 :  0.8510 0.1490 
 648      648   (0)      4 :  0.7680 0.2320 
 649      649   (0)      4 :  0.9730 0.0270 
 650      650   (0)      4 :  0.8040 0.1960 
 651      651   (0)      4 :  0.8180 0.1820 
 652      652   (0)      4 :  0.7442 0.2558 
 653      653   (0)      4 :  0.8380 0.1620 
 654      654   (0)      4 :  0.6800 0.3200 
 655      655   (0)      4 :  0.9230 0.0770 
 656      656   (0)      4 :  0.8500 0.1500 
 657      657   (0)      4 :  0.6818 0.3182 
 658      658   (0)      4 :  0.7428 0.2572 
 659      659   (0)      4 :  0.6760 0.3240 
 660      660   (0)      4 :  0.8270 0.1730 
 661      661   (0)      4 :  0.9030 0.0970 
 662      662   (0)      4 :  0.7330 0.2670 
 663      663   (0)      4 :  0.6720 0.3280 
 664      664   (0)      4 :  0.8502 0.1498 
 665      665   (0)      4 :  0.8430 0.1570 
 666      666   (0)      4 :  0.9854 0.0146 
 667      667   (0)      4 :  0.7650 0.2350 
 668      668   (0)      4 :  0.7610 0.2390 
 669      669   (0)      4 :  0.9890 0.0110 
 670      670   (0)      4 :  0.7800 0.2200 
 671      671   (0)      4 :  0.8118 0.1882 
 672      672   (0)      4 :  0.6910 0.3090 
 673      673   (0)      4 :  0.7900 0.2100 
 674      674   (0)      4 :  0.8418 0.1582 
 675      675   (0)      4 :  0.6618 0.3382 
 676      676   (0)      4 :  0.6570 0.3430 
 677      677   (0)      4 :  0.9590 0.0410 
 678      678   (0)      4 :  0.8218 0.1782 
 679      679   (0)      4 :  0.9086 0.0914 
 680      680   (0)      4 :  0.8556 0.1444 
 681      681   (0)      4 :  0.8700 0.1300 
 682      682   (0)      4 :  0.7070 0.2930 
 683      683   (0)      4 :  0.9330 0.0670 
 684      684   (0)      4 :  0.7636 0.2364 
 685      685   (0)      4 :  0.5870 0.4130 
 686      686   (0)      4 :  0.7036 0.2964 
 687      687   (0)      4 :  0.5290 0.4710 
 688      688   (0)      4 :  0.8096 0.1904 
 689      689   (0)      4 :  0.8090 0.1910 
 690      690   (0)      4 :  0.6780 0.3220 
 691      691   (0)      4 :  0.9220 0.0780 
 692      692   (0)      4 :  0.7560 0.2440 
 693      693   (0)      4 :  0.6800 0.3200 
 694      694   (0)      4 :  0.8196 0.1804 
 695      695   (0)      4 :  0.6870 0.3130 
 696      696   (0)      4 :  0.8040 0.1960 
 697      697   (0)      4 :  0.9314 0.0686 
 698      698   (0)      4 :  0.7140 0.2860 
 699      699   (0)      4 :  0.7452 0.2548 
 700      700   (0)      4 :  0.5900 0.4100 
 701      701   (0)      5 :  0.5820 0.4180 
 702      702   (0)      5 :  0.3680 0.6320 
 703      703   (0)      5 :  0.4950 0.5050 
 704      704   (0)      5 :  0.4250 0.5750 
 705      705   (0)      5 :  0.5180 0.4820 
 706      706   (0)      5 :  0.5320 0.4680 
 707      707   (0)      5 :  0.4176 0.5824 
 708      708   (0)      5 :  0.4170 0.5830 
 709      709   (0)      5 :  0.4686 0.5314 
 710      710   (0)      5 :  0.6190 0.3810 
 711      711   (0)      5 :  0.5206 0.4794 
 712      712   (0)      5 :  0.5620 0.4380 
 713      713   (0)      5 :  0.4500 0.5500 
 714      714   (0)      5 :  0.3650 0.6350 
 715      715   (0)      5 :  0.5500 0.4500 
 716      716   (0)      5 :  0.4500 0.5500 
 717      717   (0)      5 :  0.5210 0.4790 
 718      718   (0)      5 :  0.4590 0.5410 
 719      719   (0)      5 :  0.4870 0.5130 
 720      720   (0)      5 :  0.4870 0.5130 
 721      721   (0)      5 :  0.6240 0.3760 
 722      722   (0)      5 :  0.4840 0.5160 
 723      723   (0)      5 :  0.5070 0.4930 
 724      724   (0)      5 :  0.5310 0.4690 
 725      725   (0)      5 :  0.4390 0.5610 
 726      726   (0)      5 :  0.7246 0.2754 
 727      727   (0)      5 :  0.4510 0.5490 
 728      728   (0)      5 :  0.6390 0.3610 
 729      729   (0)      5 :  0.6300 0.3700 
 730      730   (0)      5 :  0.5880 0.4120 
 731      731   (0)      5 :  0.6098 0.3902 
 732      732   (0)      5 :  0.4188 0.5812 
 733      733   (0)      5 :  0.5350 0.4650 
 734      734   (0)      5 :  0.3332 0.6668 
 735      735   (0)      5 :  0.5682 0.4318 
 736      736   (0)      5 :  0.5480 0.4520 
 737      737   (0)      5 :  0.4680 0.5320 
 738      738   (0)      5 :  0.4478 0.5522 
 739      739   (0)      5 :  0.4670 0.5330 
 740      740   (0)      5 :  0.6130 0.3870 
 741      741   (0)      5 :  0.4420 0.5580 
 742      742   (0)      5 :  0.3968 0.6032 
 743      743   (0)      5 :  0.5200 0.4800 
 744      744   (0)      5 :  0.4802 0.5198 
 745      745   (0)      5 :  0.6100 0.3900 
 746      746   (0)      5 :  0.4860 0.5140 
 747      747   (0)      5 :  0.4070 0.5930 
 748      748   (0)      5 :  0.5592 0.4408 
 749      749   (0)      5 :  0.6420 0.3580 
 750      750   (0)      5 :  0.5150 0.4850 
 751      751   (0)      5 :  0.4470 0.5530 
 752      752   (0)      5 :  0.4230 0.5770 
 753      753   (0)      5 :  0.3128 0.6872 
 754      754   (0)      5 :  0.5292 0.4708 
 755      755   (0)      5 :  0.4990 0.5010 
 756      756   (0)      5 :  0.5980 0.4020 
 757      757   (0)      5 :  0.3840 0.6160 
 758      758   (0)      5 :  0.5090 0.4910 
 759      759   (0)      5 :  0.6110 0.3890 
 760      760   (0)      5 :  0.6270 0.3730 
 761      761   (0)      5 :  0.5828 0.4172 
 762      762   (0)      5 :  0.5650 0.4350 
 763      763   (0)      5 :  0.5150 0.4850 
 764      764   (0)      5 :  0.5150 0.4850 
 765      765   (0)      5 :  0.5150 0.4850 
 766      766   (0)      5 :  0.4840 0.5160 
 767      767   (0)      5 :  0.5010 0.4990 
 768      768   (0)      5 :  0.4220 0.5780 
 769      769   (0)      5 :  0.6430 0.3570 
 770      770   (0)      5 :  0.3312 0.6688 
 771      771   (0)      5 :  0.6350 0.3650 
 772      772   (0)      5 :  0.4790 0.5210 
 773      773   (0)      5 :  0.5756 0.4244 
 774      774   (0)      5 :  0.7560 0.2440 
 775      775   (0)      5 :  0.4970 0.5030 
 776      776   (0)      5 :  0.5832 0.4168 
 777      777   (0)      5 :  0.4320 0.5680 
 778      778   (0)      5 :  0.6270 0.3730 
 779      779   (0)      5 :  0.5210 0.4790 
 780      780   (0)      5 :  0.6288 0.3712 
 781      781   (0)      5 :  0.4480 0.5520 
 782      782   (0)      5 :  0.5242 0.4758 
 783      783   (0)      5 :  0.5712 0.4288 
 784      784   (0)      5 :  0.5268 0.4732 
 785      785   (0)      5 :  0.4790 0.5210 
 786      786   (0)      5 :  0.4920 0.5080 
 787      787   (0)      5 :  0.4842 0.5158 
 788      788   (0)      5 :  0.6168 0.3832 
 789      789   (0)      5 :  0.5300 0.4700 
 790      790   (0)      5 :  0.4480 0.5520 
 791      791   (0)      5 :  0.4560 0.5440 
 792      792   (0)      5 :  0.5700 0.4300 
 793      793   (0)      5 :  0.4910 0.5090 
 794      794   (0)      5 :  0.4538 0.5462 
 795      795   (0)      5 :  0.4020 0.5980 
 796      796   (0)      5 :  0.5632 0.4368 
 797      797   (0)      5 :  0.4650 0.5350 
 798      798   (0)      5 :  0.4340 0.5660 
 799      799   (0)      5 :  0.2750 0.7250 
 800      800   (0)      5 :  0.4310 0.5690 
 801      801   (0)      6 :  0.2030 0.7970 
 802      802   (0)      6 :  0.2810 0.7190 
 803      803   (0)      6 :  0.2710 0.7290 
 804      804   (0)      6 :  0.3812 0.6188 
 805      805   (0)      6 :  0.2956 0.7044 
 806      806   (0)      6 :  0.2626 0.7374 
 807      807   (0)      6 :  0.1910 0.8090 
 808      808   (0)      6 :  0.1140 0.8860 
 809      809   (0)      6 :  0.1980 0.8020 
 810      810   (0)      6 :  0.1120 0.8880 
 811      811   (0)      6 :  0.2880 0.7120 
 812      812   (0)      6 :  0.2530 0.7470 
 813      813   (0)      6 :  0.2692 0.7308 
 814      814   (0)      6 :  0.2020 0.7980 
 815      815   (0)      6 :  0.3824 0.6176 
 816      816   (0)      6 :  0.3340 0.6660 
 817      817   (0)      6 :  0.3488 0.6512 
 818      818   (0)      6 :  0.3630 0.6370 
 819      819   (0)      6 :  0.1500 0.8500 
 820      820   (0)      6 :  0.1928 0.8072 
 821      821   (0)      6 :  0.1926 0.8074 
 822      822   (0)      6 :  0.1910 0.8090 
 823      823   (0)      6 :  0.2080 0.7920 
 824      824   (0)      6 :  0.2224 0.7776 
 825      825   (0)      6 :  0.3152 0.6848 
 826      826   (0)      6 :  0.2180 0.7820 
 827      827   (0)      6 :  0.1202 0.8798 
 828      828   (0)      6 :  0.1798 0.8202 
 829      829   (0)      6 :  0.1990 0.8010 
 830      830   (0)      6 :  0.2510 0.7490 
 831      831   (0)      6 :  0.1556 0.8444 
 832      832   (0)      6 :  0.3294 0.6706 
 833      833   (0)      6 :  0.3200 0.6800 
 834      834   (0)      6 :  0.3610 0.6390 
 835      835   (0)      6 :  0.3030 0.6970 
 836      836   (0)      6 :  0.1150 0.8850 
 837      837   (0)      6 :  0.3520 0.6480 
 838      838   (0)      6 :  0.0910 0.9090 
 839      839   (0)      6 :  0.3454 0.6546 
 840      840   (0)      6 :  0.1020 0.8980 
 841      841   (0)      6 :  0.1140 0.8860 
 842      842   (0)      6 :  0.2634 0.7366 
 843      843   (0)      6 :  0.3340 0.6660 
 844      844   (0)      6 :  0.3272 0.6728 
 845      845   (0)      6 :  0.0720 0.9280 
 846      846   (0)      6 :  0.3370 0.6630 
 847      847   (0)      6 :  0.2338 0.7662 
 848      848   (0)      6 :  0.3008 0.6992 
 849      849   (0)      6 :  0.3456 0.6544 
 850      850   (0)      6 :  0.1980 0.8020 
 851      851   (0)      6 :  0.3000 0.7000 
 852      852   (0)      6 :  0.3140 0.6860 
 853      853   (0)      6 :  0.4100 0.5900 
 854      854   (0)      6 :  0.0110 0.9890 
 855      855   (0)      6 :  0.2660 0.7340 
 856      856   (0)      6 :  0.2124 0.7876 
 857      857   (0)      6 :  0.3762 0.6238 
 858      858   (0)      6 :  0.3982 0.6018 
 859      859   (0)      6 :  0.1720 0.8280 
 860      860   (0)      6 :  0.1712 0.8288 
 861      861   (0)      6 :  0.1450 0.8550 
 862      862   (0)      6 :  0.1970 0.8030 
 863      863   (0)      6 :  0.2300 0.7700 
 864      864   (0)      6 :  0.1670 0.8330 
 865      865   (0)      6 :  0.2080 0.7920 
 866      866   (0)      6 :  0.2880 0.7120 
 867      867   (0)      6 :  0.3190 0.6810 
 868      868   (0)      6 :  0.0860 0.9140 
 869      869   (0)      6 :  0.3500 0.6500 
 870      870   (0)      6 :  0.1670 0.8330 
 871      871   (0)      6 :  0.2792 0.7208 
 872      872   (0)      6 :  0.3808 0.6192 
 873      873   (0)      6 :  0.2286 0.7714 
 874      874   (0)      6 :  0.2088 0.7912 
 875      875   (0)      6 :  0.0770 0.9230 
 876      876   (0)      6 :  0.2180 0.7820 
 877      877   (0)      6 :  0.2270 0.7730 
 878      878   (0)      6 :  0.1680 0.8320 
 879      879   (0)      6 :  0.2790 0.7210 
 880      880   (0)      6 :  0.2930 0.7070 
 881      881   (0)      6 :  0.2172 0.7828 
 882      882   (0)      6 :  0.2560 0.7440 
 883      883   (0)      6 :  0.2590 0.7410 
 884      884   (0)      6 :  0.2440 0.7560 
 885      885   (0)      6 :  0.4180 0.5820 
 886      886   (0)      6 :  0.3510 0.6490 
 887      887   (0)      6 :  0.2272 0.7728 
 888      888   (0)      6 :  0.2710 0.7290 
 889      889   (0)      6 :  0.2316 0.7684 
 890      890   (0)      6 :  0.4206 0.5794 
 891      891   (0)      6 :  0.3070 0.6930 
 892      892   (0)      6 :  0.2842 0.7158 
 893      893   (0)      6 :  0.3320 0.6680 
 894      894   (0)      6 :  0.0428 0.9572 
 895      895   (0)      6 :  0.3774 0.6226 
 896      896   (0)      6 :  0.2120 0.7880 
 897      897   (0)      6 :  0.2818 0.7182 
 898      898   (0)      6 :  0.1450 0.8550 
 899      899   (0)      6 :  0.3550 0.6450 
 900      900   (0)      6 :  0.1990 0.8010 
 901      901   (0)      7 :  0.0300 0.9700 
 902      902   (0)      7 :  0.1640 0.8360 
 903      903   (0)      7 :  0.0130 0.9870 
 904      904   (0)      7 :  0.2160 0.7840 
 905      905   (0)      7 :  0.1400 0.8600 
 906      906   (0)      7 :  0.0650 0.9350 
 907      907   (0)      7 :  0.0614 0.9386 
 908      908   (0)      7 :  0.1380 0.8620 
 909      909   (0)      7 :  0.1430 0.8570 
 910      910   (0)      7 :  0.0210 0.9790 
 911      911   (0)      7 :  0.1720 0.8280 
 912      912   (0)      7 :  0.1240 0.8760 
 913      913   (0)      7 :  0.1490 0.8510 
 914      914   (0)      7 :  0.1220 0.8780 
 915      915   (0)      7 :  0.1250 0.8750 
 916      916   (0)      7 :  0.0970 0.9030 
 917      917   (0)      7 :  0.2280 0.7720 
 918      918   (0)      7 :  0.1360 0.8640 
 919      919   (0)      7 :  0.1860 0.8140 
 920      920   (0)      7 :  0.2822 0.7178 
 921      921   (0)      7 :  0.1350 0.8650 
 922      922   (0)      7 :  0.1510 0.8490 
 923      923   (0)      7 :  0.0752 0.9248 
 924      924   (0)      7 :  0.1660 0.8340 
 925      925   (0)      7 :  0.0168 0.9832 
 926      926   (0)      7 :  0.1310 0.8690 
 927      927   (0)      7 :  0.1898 0.8102 
 928      928   (0)      7 :  0.2280 0.7720 
 929      929   (0)      7 :  0.2140 0.7860 
 930      930   (0)      7 :  0.1174 0.8826 
 931      931   (0)      7 :  0.1300 0.8700 
 932      932   (0)      7 :  0.0140 0.9860 
 933      933   (0)      7 :  0.1040 0.8960 
 934      934   (0)      7 :  0.0450 0.9550 
 935      935   (0)      7 :  0.1056 0.8944 
 936      936   (0)      7 :  0.1240 0.8760 
 937      937   (0)      7 :  0.0160 0.9840 
 938      938   (0)      7 :  0.1610 0.8390 
 939      939   (0)      7 :  0.0070 0.9930 
 940      940   (0)      7 :  0.1020 0.8980 
 941      941   (0)      7 :  0.0900 0.9100 
 942      942   (0)      7 :  0.1560 0.8440 
 943      943   (0)      7 :  0.0880 0.9120 
 944      944   (0)      7 :  0.1180 0.8820 
 945      945   (0)      7 :  0.0600 0.9400 
 946      946   (0)      7 :  0.1050 0.8950 
 947      947   (0)      7 :  0.1950 0.8050 
 948      948   (0)      7 :  0.1430 0.8570 
 949      949   (0)      7 :  0.0324 0.9676 
 950      950   (0)      7 :  0.0540 0.9460 
 951      951   (0)      7 :  0.0150 0.9850 
 952      952   (0)      7 :  0.1140 0.8860 
 953      953   (0)      7 :  0.1360 0.8640 
 954      954   (0)      7 :  0.1820 0.8180 
 955      955   (0)      7 :  0.1810 0.8190 
 956      956   (0)      7 :  0.0380 0.9620 
 957      957   (0)      7 :  0.1514 0.8486 
 958      958   (0)      7 :  0.2680 0.7320 
 959      959   (0)      7 :  0.0540 0.9460 
 960      960   (0)      7 :  0.0090 0.9910 
 961      961   (0)      7 :  0.1760 0.8240 
 962      962   (0)      7 :  0.1680 0.8320 
 963      963   (0)      7 :  0.1860 0.8140 
 964      964   (0)      7 :  0.1524 0.8476 
 965      965   (0)      7 :  0.0060 0.9940 
 966      966   (0)      7 :  0.0080 0.9920 
 967      967   (0)      7 :  0.2350 0.7650 
 968      968   (0)      7 :  0.0600 0.9400 
 969      969   (0)      7 :  0.0090 0.9910 
 970      970   (0)      7 :  0.2000 0.8000 
 971      971   (0)      7 :  0.0470 0.9530 
 972      972   (0)      7 :  0.1770 0.8230 
 973      973   (0)      7 :  0.0080 0.9920 
 974      974   (0)      7 :  0.1742 0.8258 
 975      975   (0)      7 :  0.0490 0.9510 
 976      976   (0)      7 :  0.0440 0.9560 
 977      977   (0)      7 :  0.1964 0.8036 
 978      978   (0)      7 :  0.2920 0.7080 
 979      979   (0)      7 :  0.1268 0.8732 
 980      980   (0)      7 :  0.0870 0.9130 
 981      981   (0)      7 :  0.2520 0.7480 
 982      982   (0)      7 :  0.0370 0.9630 
 983      983   (0)      7 :  0.1280 0.8720 
 984      984   (0)      7 :  0.1246 0.8754 
 985      985   (0)      7 :  0.1330 0.8670 
 986      986   (0)      7 :  0.0518 0.9482 
 987      987   (0)      7 :  0.1050 0.8950 
 988      988   (0)      7 :  0.0670 0.9330 
 989      989   (0)      7 :  0.0680 0.9320 
 990      990   (0)      7 :  0.0070 0.9930 
 991      991   (0)      7 :  0.0080 0.9920 
 992      992   (0)      7 :  0.0080 0.9920 
 993      993   (0)      7 :  0.1870 0.8130 
 994      994   (0)      7 :  0.2690 0.7310 
 995      995   (0)      7 :  0.0914 0.9086 
 996      996   (0)      7 :  0.0710 0.9290 
 997      997   (0)      7 :  0.0870 0.9130 
 998      998   (0)      7 :  0.1910 0.8090 
 999      999   (0)      7 :  0.2220 0.7780 
1000     1000   (0)      7 :  0.1640 0.8360 
1001     1001   (5)      8 :  0.0120 0.9880 
1002     1002   (0)      8 :  0.0140 0.9860 
1003     1003   (0)      8 :  0.0060 0.9940 
1004     1004   (0)      8 :  0.0180 0.9820 
1005     1005   (0)      8 :  0.0070 0.9930 
1006     1006   (0)      8 :  0.0090 0.9910 
1007     1007   (0)      8 :  0.0050 0.9950 
1008     1008   (0)      8 :  0.0088 0.9912 
1009     1009   (0)      8 :  0.0080 0.9920 
1010     1010   (0)      8 :  0.0080 0.9920 
1011     1011   (0)      8 :  0.0050 0.9950 
1012     1012   (0)      8 :  0.0070 0.9930 
1013     1013   (0)      8 :  0.0120 0.9880 
1014     1014   (5)      8 :  0.0050 0.9950 
1015     1015   (0)      8 :  0.0070 0.9930 
1016     1016   (0)      8 :  0.0060 0.9940 
1017     1017   (0)      8 :  0.0080 0.9920 
1018     1018   (0)      8 :  0.0080 0.9920 
1019     1019   (0)      8 :  0.0110 0.9890 
1020     1020   (0)      8 :  0.0060 0.9940 
1021     1021   (0)      8 :  0.0050 0.9950 
1022     1022   (0)      8 :  0.0090 0.9910 
1023     1023   (0)      8 :  0.0060 0.9940 
1024     1024   (0)      8 :  0.0050 0.9950 
1025     1025   (0)      8 :  0.0050 0.9950 
1026     1026   (0)      8 :  0.0060 0.9940 
1027     1027   (0)      8 :  0.0060 0.9940 
1028     1028   (0)      8 :  0.0060 0.9940 
1029     1029   (0)      9 :  0.0150 0.9850 
1030     1030   (0)      9 :  0.0090 0.9910 
1031     1031   (0)      9 :  0.0060 0.9940 
1032     1032   (0)      9 :  0.0070 0.9930 
1033     1033   (0)      9 :  0.0050 0.9950 
1034     1034   (0)      9 :  0.0070 0.9930 
1035     1035   (0)      9 :  0.0070 0.9930 
1036     1036   (0)      9 :  0.0110 0.9890 
1037     1037   (0)      9 :  0.0170 0.9830 
1038     1038   (0)      9 :  0.0070 0.9930 
1039     1039   (0)      9 :  0.0100 0.9900 
1040     1040   (0)      9 :  0.0080 0.9920 
1041     1041   (0)      9 :  0.0050 0.9950 
1042     1042   (0)      9 :  0.0056 0.9944 
1043     1043   (0)      9 :  0.0060 0.9940 
1044     1044   (0)      9 :  0.0070 0.9930 
1045     1045   (0)      9 :  0.0060 0.9940 
1046     1046   (0)      9 :  0.0090 0.9910 
1047     1047   (0)      9 :  0.0070 0.9930 
1048     1048   (0)      9 :  0.0060 0.9940 
1049     1049   (0)      9 :  0.0070 0.9930 
1050     1050   (0)      9 :  0.0090 0.9910 
1051     1051   (0)      9 :  0.0060 0.9940 
1052     1052   (0)      9 :  0.0110 0.9890 
1053     1053   (0)      9 :  0.0060 0.9940 
1054     1054   (0)      9 :  0.0060 0.9940 
1055     1055   (0)      9 :  0.0060 0.9940 
1056     1056   (0)      9 :  0.0060 0.9940 
1057     1057   (0)      9 :  0.0050 0.9950 
1058     1058   (0)      9 :  0.0060 0.9940 
1059     1059   (0)      9 :  0.0060 0.9940 
1060     1060   (0)      9 :  0.0060 0.9940 
1061     1061   (0)      9 :  0.0060 0.9940 
1062     1062   (0)      9 :  0.0050 0.9950 
1063     1063   (0)      9 :  0.0080 0.9920 
1064     1064   (0)      9 :  0.0170 0.9830 
1065     1065   (0)      9 :  0.0080 0.9920 
1066     1066   (0)      9 :  0.0080 0.9920 
1067     1067   (0)      9 :  0.0080 0.9920 
1068     1068   (0)      9 :  0.0060 0.9940 
1069     1069   (0)      9 :  0.0070 0.9930 
1070     1070   (0)      9 :  0.0090 0.9910 
1071     1071   (0)      9 :  0.0070 0.9930 
1072     1072   (0)      9 :  0.0050 0.9950 
1073     1073   (0)      9 :  0.0080 0.9920 
1074     1074   (0)      9 :  0.0060 0.9940 
1075     1075   (0)      9 :  0.0100 0.9900 
1076     1076   (0)      9 :  0.0060 0.9940 
1077     1077   (0)      9 :  0.0050 0.9950 
1078     1078   (0)      9 :  0.0060 0.9940 
1079     1079   (0)      9 :  0.0050 0.9950 
1080     1080   (0)      9 :  0.0102 0.9898 
1081     1081   (0)      9 :  0.0060 0.9940 
1082     1082   (0)      9 :  0.0080 0.9920 
1083     1083   (0)      9 :  0.0060 0.9940 
1084     1084   (0)      9 :  0.0090 0.9910 
1085     1085   (0)      9 :  0.0070 0.9930 
1086     1086   (0)      9 :  0.0080 0.9920 
1087     1087   (0)      9 :  0.0140 0.9860 
1088     1088   (0)      9 :  0.0060 0.9940 
1089     1089   (0)      9 :  0.0066 0.9934 
1090     1090   (0)      9 :  0.0050 0.9950 
1091     1091   (0)      9 :  0.0080 0.9920 
1092     1092   (0)      9 :  0.0080 0.9920 
1093     1093   (0)      9 :  0.0062 0.9938 
1094     1094   (0)      9 :  0.0070 0.9930 
1095     1095   (0)      9 :  0.0090 0.9910 
1096     1096   (0)      9 :  0.0100 0.9900 
1097     1097   (0)      9 :  0.0090 0.9910 
1098     1098   (0)      9 :  0.0050 0.9950 
1099     1099   (0)      9 :  0.0050 0.9950 
1100     1100   (0)      9 :  0.0080 0.9920 
1101     1101   (0)      9 :  0.0050 0.9950 
1102     1102   (0)      9 :  0.0060 0.9940 
1103     1103   (0)      9 :  0.0060 0.9940 
1104     1104   (0)      9 :  0.0082 0.9918 
1105     1105   (0)      9 :  0.0070 0.9930 
1106     1106   (0)      9 :  0.0060 0.9940 
1107     1107   (0)      9 :  0.0068 0.9932 
1108     1108   (0)      9 :  0.0100 0.9900 
1109     1109   (0)      9 :  0.0050 0.9950 
1110     1110   (0)      9 :  0.0100 0.9900 
1111     1111   (0)      9 :  0.0062 0.9938 
1112     1112   (0)      9 :  0.0050 0.9950 
1113     1113   (0)      9 :  0.0060 0.9940 
1114     1114   (0)      9 :  0.0050 0.9950 
1115     1115   (0)      9 :  0.0060 0.9940 
1116     1116   (0)      9 :  0.0050 0.9950 
1117     1117   (0)      9 :  0.0100 0.9900 
1118     1118   (0)      9 :  0.0060 0.9940 
1119     1119   (0)      9 :  0.0110 0.9890 
1120     1120   (0)      9 :  0.0080 0.9920 
1121     1121   (0)      9 :  0.0070 0.9930 
1122     1122   (0)      9 :  0.0050 0.9950 
1123     1123   (0)      9 :  0.0090 0.9910 
1124     1124   (0)      9 :  0.0060 0.9940 
1125     1125   (0)      9 :  0.0080 0.9920 
1126     1126   (0)      9 :  0.0080 0.9920 
1127     1127   (0)      9 :  0.0060 0.9940 
1128     1128   (0)      9 :  0.0050 0.9950 
1129     1129   (0)      9 :  0.0090 0.9910 
1130     1130   (0)      9 :  0.0060 0.9940 
1131     1131   (0)      9 :  0.0070 0.9930 
1132     1132   (0)      9 :  0.0090 0.9910 
1133     1133   (0)      9 :  0.0050 0.9950 
1134     1134   (0)      9 :  0.0070 0.9930 
1135     1135   (0)      9 :  0.0080 0.9920 
1136     1136   (0)      9 :  0.0076 0.9924 
1137     1137   (0)      9 :  0.0050 0.9950 
1138     1138   (0)      9 :  0.0070 0.9930 
1139     1139   (0)      9 :  0.0088 0.9912 
1140     1140   (0)      9 :  0.0050 0.9950 
1141     1141   (0)      9 :  0.0080 0.9920 
1142     1142   (0)      9 :  0.0120 0.9880 
1143     1143   (0)      9 :  0.0080 0.9920 
1144     1144   (0)      9 :  0.0070 0.9930 
1145     1145   (0)      9 :  0.0130 0.9870 
1146     1146   (0)      9 :  0.0050 0.9950 
1147     1147   (0)      9 :  0.0070 0.9930 
1148     1148   (0)      9 :  0.0060 0.9940 
1149     1149   (0)      9 :  0.0060 0.9940 
1150     1150   (0)      9 :  0.0060 0.9940 
1151     1151   (0)      9 :  0.0070 0.9930 
1152     1152   (0)      9 :  0.0100 0.9900 
1153     1153   (0)      9 :  0.0060 0.9940 
1154     1154   (0)      9 :  0.0080 0.9920 
1155     1155   (0)      9 :  0.0060 0.9940 
1156     1156   (0)      9 :  0.0090 0.9910 
1157     1157   (0)      9 :  0.0070 0.9930 
1158     1158   (0)      9 :  0.0090 0.9910 
1159     1159   (0)      9 :  0.0060 0.9940 
1160     1160   (0)      9 :  0.0160 0.9840 
1161     1161   (0)      9 :  0.0050 0.9950 
1162     1162   (0)      9 :  0.0050 0.9950 
1163     1163   (0)      9 :  0.0050 0.9950 
1164     1164   (0)      9 :  0.0060 0.9940 
1165     1165   (0)      9 :  0.0070 0.9930 
1166     1166   (0)      9 :  0.0060 0.9940 
1167     1167   (0)      9 :  0.0060 0.9940 
1168     1168   (0)      9 :  0.0080 0.9920 
1169     1169   (0)      9 :  0.0050 0.9950 
1170     1170   (0)      9 :  0.0140 0.9860 
1171     1171   (0)      9 :  0.0100 0.9900 
1172     1172   (0)      9 :  0.0060 0.9940 
1173     1173   (0)      9 :  0.0070 0.9930 
1174     1174   (0)      9 :  0.0060 0.9940 
1175     1175   (0)      9 :  0.0050 0.9950 
1176     1176   (0)      9 :  0.0070 0.9930 
1177     1177   (0)      9 :  0.0070 0.9930 
1178     1178   (0)      9 :  0.0050 0.9950 
1179     1179   (0)      9 :  0.0090 0.9910 
1180     1180   (0)      9 :  0.0110 0.9890 
1181     1181   (0)      9 :  0.0050 0.9950 
1182     1182   (0)      9 :  0.0070 0.9930 
1183     1183   (0)      9 :  0.0090 0.9910 
1184     1184   (0)      9 :  0.0080 0.9920 
1185     1185   (0)      9 :  0.0050 0.9950 
1186     1186   (0)      9 :  0.0080 0.9920 
1187     1187   (0)      9 :  0.0070 0.9930 
1188     1188   (0)      9 :  0.0070 0.9930 
1189     1189   (0)      9 :  0.0136 0.9864 
1190     1190   (0)      9 :  0.0090 0.9910 
1191     1191   (0)      9 :  0.0060 0.9940 
1192     1192   (0)      9 :  0.0060 0.9940 
1193     1193   (0)      9 :  0.0060 0.9940 
1194     1194   (0)      9 :  0.0050 0.9950 
1195     1195   (0)      9 :  0.0046 0.9954 
1196     1196   (0)      9 :  0.0070 0.9930 
1197     1197   (0)      9 :  0.0060 0.9940 
1198     1198   (0)      9 :  0.0090 0.9910 
1199     1199   (0)      9 :  0.0110 0.9890 
1200     1200   (0)      9 :  0.0070 0.9930 
1201     1201   (0)      9 :  0.0050 0.9950 
1202     1202   (0)      9 :  0.0080 0.9920 
1203     1203   (0)      9 :  0.0130 0.9870 
1204     1204   (0)      9 :  0.0050 0.9950 
1205     1205   (0)      9 :  0.0110 0.9890 
1206     1206   (0)      9 :  0.0100 0.9900 
1207     1207   (0)      9 :  0.0110 0.9890 
1208     1208   (0)      9 :  0.0080 0.9920 
1209     1209   (0)      9 :  0.0070 0.9930 
1210     1210   (0)      9 :  0.0070 0.9930 
1211     1211   (0)      9 :  0.0050 0.9950 
1212     1212   (0)      9 :  0.0090 0.9910 
1213     1213   (0)      9 :  0.0070 0.9930 
1214     1214   (0)      9 :  0.0060 0.9940 
1215     1215   (0)      9 :  0.0180 0.9820 
1216     1216   (0)      9 :  0.0070 0.9930 
1217     1217   (0)      9 :  0.0066 0.9934 
1218     1218   (0)      9 :  0.0070 0.9930 
1219     1219   (0)      9 :  0.0050 0.9950 
1220     1220   (0)      9 :  0.0070 0.9930 
1221     1221   (0)      9 :  0.0080 0.9920 
1222     1222   (0)      9 :  0.0060 0.9940 
1223     1223   (0)      9 :  0.0130 0.9870 
1224     1224   (0)      9 :  0.0050 0.9950 
1225     1225   (0)      9 :  0.0060 0.9940 
1226     1226   (0)      9 :  0.0140 0.9860 
1227     1227   (0)      9 :  0.0060 0.9940 
1228     1228   (0)      9 :  0.0070 0.9930 
1229     1229   (0)      9 :  0.0120 0.9880 
1230     1230   (0)      9 :  0.0060 0.9940 
1231     1231   (0)      9 :  0.0050 0.9950 
1232     1232   (0)      9 :  0.0060 0.9940 
1233     1233   (0)      9 :  0.0090 0.9910 
1234     1234   (0)      9 :  0.0070 0.9930 
1235     1235   (0)      9 :  0.0092 0.9908 
1236     1236   (0)      9 :  0.0050 0.9950 
1237     1237   (0)      9 :  0.0070 0.9930 
1238     1238   (0)      9 :  0.0060 0.9940 
1239     1239   (0)      9 :  0.0110 0.9890 
1240     1240   (0)      9 :  0.0050 0.9950 
1241     1241   (0)      9 :  0.0070 0.9930 
1242     1242   (0)      9 :  0.0070 0.9930 
1243     1243   (0)      9 :  0.0060 0.9940 
1244     1244   (0)      9 :  0.0050 0.9950 
1245     1245   (0)      9 :  0.0080 0.9920 
1246     1246   (0)      9 :  0.0090 0.9910 
1247     1247   (0)      9 :  0.0090 0.9910 
1248     1248   (0)      9 :  0.0060 0.9940 
1249     1249   (0)      9 :  0.0060 0.9940 
1250     1250   (0)      9 :  0.0050 0.9950 
1251     1251   (0)      9 :  0.0060 0.9940 
1252     1252   (0)      9 :  0.0060 0.9940 
1253     1253   (0)      9 :  0.0100 0.9900 
1254     1254   (0)      9 :  0.0080 0.9920 
1255     1255   (0)      9 :  0.0050 0.9950 
1256     1256   (0)      9 :  0.0060 0.9940 
1257     1257   (0)      9 :  0.0080 0.9920 
1258     1258   (0)      9 :  0.0090 0.9910 
1259     1259   (0)      9 :  0.0050 0.9950 
1260     1260   (0)      9 :  0.0060 0.9940 
1261     1261   (0)      9 :  0.0060 0.9940 
1262     1262   (0)      9 :  0.0080 0.9920 
1263     1263   (0)      9 :  0.0090 0.9910 
1264     1264   (0)      9 :  0.0080 0.9920 
1265     1265   (0)      9 :  0.0110 0.9890 
1266     1266   (0)      9 :  0.0090 0.9910 
1267     1267   (0)      9 :  0.0060 0.9940 
1268     1268   (0)      9 :  0.0060 0.9940 
1269     1269   (0)      9 :  0.0060 0.9940 
1270     1270   (0)      9 :  0.0050 0.9950 
1271     1271   (0)      9 :  0.0050 0.9950 
1272     1272   (0)      9 :  0.0070 0.9930 
1273     1273   (0)      9 :  0.0090 0.9910 
1274     1274   (0)      9 :  0.0060 0.9940 
1275     1275   (0)      9 :  0.0060 0.9940 
1276     1276   (0)      9 :  0.0078 0.9922 
1277     1277   (0)      9 :  0.0060 0.9940 
1278     1278   (0)      9 :  0.0060 0.9940 
1279     1279   (0)      9 :  0.0050 0.9950 
1280     1280   (0)      9 :  0.0060 0.9940 
1281     1281   (0)      9 :  0.0110 0.9890 
1282     1282   (0)      9 :  0.0100 0.9900 
1283     1283   (0)      9 :  0.0260 0.9740 
1284     1284   (0)      9 :  0.0060 0.9940 
1285     1285   (0)      9 :  0.0050 0.9950 
1286     1286   (0)      9 :  0.0070 0.9930 
1287     1287   (0)      9 :  0.0060 0.9940 
1288     1288   (0)      9 :  0.0050 0.9950 
1289     1289   (0)      9 :  0.0080 0.9920 
1290     1290   (0)      9 :  0.0100 0.9900 
1291     1291   (0)      9 :  0.0070 0.9930 
1292     1292   (0)      9 :  0.0060 0.9940 
1293     1293   (0)      9 :  0.0040 0.9960 
1294     1294   (0)      9 :  0.0120 0.9880 
1295     1295   (0)      9 :  0.0060 0.9940 
1296     1296   (0)      9 :  0.0060 0.9940 
1297     1297   (0)      9 :  0.0120 0.9880 
1298     1298   (0)      9 :  0.0060 0.9940 
1299     1299   (0)      9 :  0.0090 0.9910 
1300     1300   (0)      9 :  0.0050 0.9950 
1301     1301   (0)      9 :  0.0060 0.9940 
1302     1302   (0)      9 :  0.0072 0.9928 
1303     1303   (0)      9 :  0.0060 0.9940 
1304     1304   (0)      9 :  0.0080 0.9920 
1305     1305   (0)      9 :  0.0050 0.9950 
1306     1306   (0)      9 :  0.0080 0.9920 
1307     1307   (0)      9 :  0.0120 0.9880 
1308     1308   (0)      9 :  0.0054 0.9946 
1309     1309   (0)      9 :  0.0090 0.9910 
1310     1310   (0)      9 :  0.0060 0.9940 
1311     1311   (0)      9 :  0.0070 0.9930 
1312     1312   (0)      9 :  0.0090 0.9910 
1313     1313   (0)      9 :  0.0070 0.9930 
1314     1314   (0)      9 :  0.0060 0.9940 
1315     1315   (0)      9 :  0.0080 0.9920 
1316     1316   (0)      9 :  0.0060 0.9940 
1317     1317   (0)      9 :  0.0050 0.9950 
1318     1318   (0)      9 :  0.0100 0.9900 
1319     1319   (0)      9 :  0.0140 0.9860 
1320     1320   (0)      9 :  0.0090 0.9910 
1321     1321   (0)      9 :  0.0090 0.9910 
1322     1322   (0)      9 :  0.0080 0.9920 
1323     1323   (0)      9 :  0.0060 0.9940 
1324     1324   (0)      9 :  0.0070 0.9930 
1325     1325   (0)      9 :  0.0060 0.9940 
1326     1326   (0)      9 :  0.0048 0.9952 
1327     1327   (0)      9 :  0.0080 0.9920 
1328     1328   (0)      9 :  0.0090 0.9910 
1329     1329   (0)      9 :  0.0070 0.9930 
1330     1330   (0)      9 :  0.0110 0.9890 
1331     1331   (0)      9 :  0.0070 0.9930 
1332     1332   (0)      9 :  0.0060 0.9940 
1333     1333   (0)      9 :  0.0060 0.9940 
1334     1334   (0)      9 :  0.0050 0.9950 
1335     1335   (0)      9 :  0.0130 0.9870 
1336     1336   (0)      9 :  0.0090 0.9910 
1337     1337   (0)      9 :  0.0050 0.9950 
1338     1338   (0)      9 :  0.0060 0.9940 
1339     1339   (0)      9 :  0.0070 0.9930 
1340     1340   (0)      9 :  0.0100 0.9900 
1341     1341   (0)      9 :  0.0050 0.9950 
1342     1342   (0)      9 :  0.0050 0.9950 
1343     1343   (0)      9 :  0.0080 0.9920 
1344     1344   (0)      9 :  0.0088 0.9912 
1345     1345   (0)      9 :  0.0070 0.9930 
1346     1346   (0)      9 :  0.0120 0.9880 
1347     1347   (0)      9 :  0.0050 0.9950 
1348     1348   (0)      9 :  0.0080 0.9920 
1349     1349   (0)      9 :  0.0070 0.9930 
1350     1350   (0)      9 :  0.0090 0.9910 
1351     1351   (0)      9 :  0.0050 0.9950 
1352     1352   (0)      9 :  0.0050 0.9950 
1353     1353   (0)      9 :  0.0070 0.9930 
1354     1354   (0)      9 :  0.0060 0.9940 
1355     1355   (0)      9 :  0.0160 0.9840 
1356     1356   (0)      9 :  0.0050 0.9950 
1357     1357   (0)      9 :  0.0080 0.9920 
1358     1358   (0)      9 :  0.0060 0.9940 
1359     1359   (0)      9 :  0.0080 0.9920 
1360     1360   (0)      9 :  0.0090 0.9910 
1361     1361   (0)      9 :  0.0070 0.9930 
1362     1362   (0)      9 :  0.0050 0.9950 
1363     1363   (0)      9 :  0.0080 0.9920 
1364     1364   (0)      9 :  0.0050 0.9950 
1365     1365   (0)      9 :  0.0040 0.9960 
1366     1366   (0)      9 :  0.0120 0.9880 
1367     1367   (0)      9 :  0.0050 0.9950 
1368     1368   (0)      9 :  0.0162 0.9838 
1369     1369   (0)      9 :  0.0100 0.9900 
1370     1370   (0)      9 :  0.0050 0.9950 
1371     1371   (0)      9 :  0.0070 0.9930 
1372     1372   (0)      9 :  0.0060 0.9940 
1373     1373   (0)      9 :  0.0080 0.9920 
1374     1374   (0)      9 :  0.0080 0.9920 
1375     1375   (0)      9 :  0.0100 0.9900 
1376     1376   (0)      9 :  0.0060 0.9940 
1377     1377   (0)      9 :  0.0090 0.9910 
1378     1378   (0)      9 :  0.0090 0.9910 
1379     1379   (0)      9 :  0.0090 0.9910 
1380     1380   (0)      9 :  0.0110 0.9890 
1381     1381   (0)      9 :  0.0060 0.9940 
1382     1382   (0)      9 :  0.0050 0.9950 
1383     1383   (0)      9 :  0.0050 0.9950 
1384     1384   (0)      9 :  0.0090 0.9910 
1385     1385   (0)      9 :  0.0152 0.9848 
1386     1386   (0)      9 :  0.0050 0.9950 
1387     1387   (0)      9 :  0.0100 0.9900 
1388     1388   (0)      9 :  0.0050 0.9950 
1389     1389   (0)      9 :  0.0060 0.9940 
1390     1390   (0)      9 :  0.0060 0.9940 
1391     1391   (0)      9 :  0.0060 0.9940 
1392     1392   (0)      9 :  0.0050 0.9950 
1393     1393   (0)      9 :  0.0090 0.9910 
1394     1394   (0)      9 :  0.0070 0.9930 
1395     1395   (0)      9 :  0.0070 0.9930 
1396     1396   (0)      9 :  0.0090 0.9910 
1397     1397   (0)      9 :  0.0080 0.9920 
1398     1398   (0)      9 :  0.0060 0.9940 
1399     1399   (0)      9 :  0.0070 0.9930 
1400     1400   (0)      9 :  0.0050 0.9950 
1401     1401   (0)      9 :  0.0060 0.9940 
1402     1402   (0)      9 :  0.0070 0.9930 
1403     1403   (0)      9 :  0.0060 0.9940 
1404     1404   (0)      9 :  0.0120 0.9880 
1405     1405   (0)      9 :  0.0050 0.9950 
1406     1406   (0)      9 :  0.0060 0.9940 
1407     1407   (0)      9 :  0.0080 0.9920 
1408     1408   (0)      9 :  0.0120 0.9880 
1409     1409   (0)      9 :  0.0060 0.9940 
1410     1410   (0)      9 :  0.0080 0.9920 
1411     1411   (0)      9 :  0.0060 0.9940 
1412     1412   (0)      9 :  0.0050 0.9950 
1413     1413   (0)      9 :  0.0100 0.9900 
1414     1414   (0)      9 :  0.0080 0.9920 
1415     1415   (0)      9 :  0.0070 0.9930 
1416     1416   (0)      9 :  0.0090 0.9910 
1417     1417   (0)      9 :  0.0050 0.9950 
1418     1418   (0)      9 :  0.0080 0.9920 
1419     1419   (0)      9 :  0.0050 0.9950 
1420     1420   (0)      9 :  0.0060 0.9940 
1421     1421   (0)      9 :  0.0080 0.9920 
1422     1422   (0)      9 :  0.0060 0.9940 
1423     1423   (0)      9 :  0.0110 0.9890 
1424     1424   (0)      9 :  0.0080 0.9920 
1425     1425   (0)      9 :  0.0060 0.9940 
1426     1426   (0)      9 :  0.0060 0.9940 
1427     1427   (0)      9 :  0.0050 0.9950 
1428     1428   (0)      9 :  0.0080 0.9920 
1429     1429   (0)      9 :  0.0080 0.9920 
1430     1430   (0)      9 :  0.0060 0.9940 
1431     1431   (0)      9 :  0.0100 0.9900 
1432     1432   (0)      9 :  0.0050 0.9950 
1433     1433   (0)      9 :  0.0050 0.9950 
1434     1434   (0)      9 :  0.0060 0.9940 
1435     1435   (0)      9 :  0.0060 0.9940 
1436     1436   (0)      9 :  0.0070 0.9930 
1437     1437   (0)      9 :  0.0068 0.9932 
1438     1438   (0)      9 :  0.0080 0.9920 
1439     1439   (0)      9 :  0.0100 0.9900 
1440     1440   (0)      9 :  0.0060 0.9940 
1441     1441   (0)      9 :  0.0140 0.9860 
1442     1442   (0)      9 :  0.0100 0.9900 
1443     1443   (0)      9 :  0.0060 0.9940 
1444     1444   (0)      9 :  0.0050 0.9950 
1445     1445   (0)      9 :  0.0060 0.9940 
1446     1446   (0)      9 :  0.0060 0.9940 
1447     1447   (0)      9 :  0.0080 0.9920 
1448     1448   (0)      9 :  0.0060 0.9940 
1449     1449   (0)      9 :  0.0110 0.9890 
1450     1450   (0)      9 :  0.0070 0.9930 
1451     1451   (0)      9 :  0.0070 0.9930 
1452     1452   (0)      9 :  0.0060 0.9940 
1453     1453   (0)      9 :  0.0060 0.9940 
1454     1454   (0)      9 :  0.0050 0.9950 
1455     1455   (0)      9 :  0.0080 0.9920 
1456     1456   (0)      9 :  0.0100 0.9900 
1457     1457   (0)      9 :  0.0070 0.9930 
1458     1458   (0)      9 :  0.0050 0.9950 
1459     1459   (0)      9 :  0.0060 0.9940 
1460     1460   (0)      9 :  0.0090 0.9910 
1461     1461   (0)      9 :  0.0080 0.9920 
1462     1462   (0)      9 :  0.0070 0.9930 
1463     1463   (0)      9 :  0.0080 0.9920 
1464     1464   (0)      9 :  0.0060 0.9940 
1465     1465   (0)      9 :  0.0100 0.9900 
1466     1466   (0)      9 :  0.0078 0.9922 
1467     1467   (0)      9 :  0.0060 0.9940 
1468     1468   (0)      9 :  0.0090 0.9910 
1469     1469   (0)      9 :  0.0060 0.9940 
1470     1470   (0)      9 :  0.0060 0.9940 
1471     1471   (0)      9 :  0.0080 0.9920 
1472     1472   (0)      9 :  0.0080 0.9920 
1473     1473   (0)      9 :  0.0070 0.9930 
1474     1474   (0)      9 :  0.0280 0.9720 
1475     1475   (0)      9 :  0.0050 0.9950 
1476     1476   (0)      9 :  0.0100 0.9900 
1477     1477   (0)      9 :  0.0080 0.9920 
1478     1478   (0)      9 :  0.0060 0.9940 
1479     1479   (0)      9 :  0.0060 0.9940 
1480     1480   (0)      9 :  0.0050 0.9950 
1481     1481   (0)      9 :  0.0060 0.9940 
1482     1482   (0)      9 :  0.0070 0.9930 
1483     1483   (0)      9 :  0.0070 0.9930 
1484     1484   (0)      9 :  0.0060 0.9940 
1485     1485   (0)      9 :  0.0070 0.9930 
1486     1486   (0)      9 :  0.0070 0.9930 
1487     1487   (0)      9 :  0.0060 0.9940 
1488     1488   (0)      9 :  0.0124 0.9876 
1489     1489   (0)      9 :  0.0060 0.9940 
1490     1490   (0)      9 :  0.0060 0.9940 
1491     1491   (0)      9 :  0.0060 0.9940 
1492     1492   (0)      9 :  0.0050 0.9950 
1493     1493   (0)      9 :  0.0060 0.9940 
1494     1494   (0)      9 :  0.0070 0.9930 
1495     1495   (0)      9 :  0.0070 0.9930 
1496     1496   (0)      9 :  0.0090 0.9910 
1497     1497   (0)      9 :  0.0170 0.9830 
1498     1498   (0)      9 :  0.0060 0.9940 
1499     1499   (0)      9 :  0.0170 0.9830 
1500     1500   (0)      9 :  0.0070 0.9930 
