1        1   (5)      1  : 0.9580 0.0420
2        2   (5)      1  : 0.9224 0.0776
3        3   (5)      1  : 0.9750 0.0250
4        4   (0)      1  : 0.9828 0.0172
5        5   (0)      1  : 0.9010 0.0990
6        6   (0)      1  : 0.9720 0.0280
7        7   (0)      1  : 0.8520 0.1480
8        8   (5)      1  : 0.9750 0.0250
9        9   (0)      1  : 0.9810 0.0190
10       10   (0)      1  : 0.9130 0.0870
11       11   (0)      1  : 0.9570 0.0430
12       12   (0)      1  : 0.9600 0.0400
13       13   (0)      1  : 0.9780 0.0220
14       14   (0)      1  : 0.9660 0.0340
15       15   (0)      1  : 0.9610 0.0390
16       16   (0)      1  : 0.9840 0.0160
17       17   (0)      1  : 0.9810 0.0190
18       18   (0)      1  : 0.9570 0.0430
19       19   (0)      1  : 0.9780 0.0220
20       20   (0)      1  : 0.9370 0.0630
21       21   (0)      1  : 0.9820 0.0180
22       22   (0)      1  : 0.9820 0.0180
23       23   (0)      1  : 0.9800 0.0200
24       24   (0)      1  : 0.9780 0.0220
25       25   (0)      1  : 0.9270 0.0730
26       26   (0)      1  : 0.9770 0.0230
27       27   (5)      1  : 0.9344 0.0656
28       28   (0)      1  : 0.9730 0.0270
29       29   (0)      1  : 0.9790 0.0210
30       30   (0)      1  : 0.9288 0.0712
31       31   (0)      1  : 0.9790 0.0210
32       32   (0)      1  : 0.9560 0.0440
33       33   (0)      1  : 0.9840 0.0160
34       34   (0)      1  : 0.9810 0.0190
35       35   (0)      1  : 0.9460 0.0540
36       36   (0)      1  : 0.9800 0.0200
37       37   (0)      1  : 0.9640 0.0360
38       38   (0)      1  : 0.9680 0.0320
39       39   (0)      1  : 0.9490 0.0510
40       40   (0)      1  : 0.9740 0.0260
41       41   (0)      1  : 0.9750 0.0250
42       42   (0)      1  : 0.9840 0.0160
43       43   (0)      1  : 0.9720 0.0280
44       44   (0)      1  : 0.9810 0.0190
45       45   (5)      1  : 0.9590 0.0410
46       46   (0)      1  : 0.9820 0.0180
47       47   (0)      1  : 0.9710 0.0290
48       48   (0)      1  : 0.9640 0.0360
49       49   (0)      1  : 0.9628 0.0372
50       50   (0)      1  : 0.9750 0.0250
51       51   (0)      1  : 0.9620 0.0380
52       52   (0)      1  : 0.9206 0.0794
53       53   (0)      1  : 0.9648 0.0352
54       54   (0)      1  : 0.9580 0.0420
55       55   (0)      1  : 0.9710 0.0290
56       56   (0)      1  : 0.9790 0.0210
57       57  (10)      1  : 0.9780 0.0220
58       58   (5)      1  : 0.9600 0.0400
59       59   (0)      1  : 0.9660 0.0340
60       60   (0)      1  : 0.9760 0.0240
61       61   (0)      1  : 0.9650 0.0350
62       62   (0)      1  : 0.9362 0.0638
63       63   (0)      1  : 0.9620 0.0380
64       64   (0)      1  : 0.9654 0.0346
65       65   (0)      1  : 0.9482 0.0518
66       66   (0)      1  : 0.9760 0.0240
67       67   (5)      1  : 0.9710 0.0290
68       68   (0)      1  : 0.9490 0.0510
69       69   (0)      1  : 0.9566 0.0434
70       70   (0)      1  : 0.9670 0.0330
71       71   (5)      1  : 0.9640 0.0360
72       72   (0)      1  : 0.9516 0.0484
73       73   (5)      1  : 0.9690 0.0310
74       74  (10)      1  : 0.9620 0.0380
75       75  (10)      1  : 0.9700 0.0300
76       76   (0)      1  : 0.9790 0.0210
77       77  (10)      1  : 0.9710 0.0290
78       78   (0)      1  : 0.9628 0.0372
79       79   (5)      1  : 0.9600 0.0400
80       80   (0)      1  : 0.9800 0.0200
81       81   (0)      1  : 0.9800 0.0200
82       82   (0)      1  : 0.9820 0.0180
83       83   (0)      1  : 0.9660 0.0340
84       84   (0)      1  : 0.9660 0.0340
85       85   (0)      1  : 0.9800 0.0200
86       86   (5)      1  : 0.9760 0.0240
87       87   (0)      1  : 0.9760 0.0240
88       88   (0)      1  : 0.9042 0.0958
89       89   (0)      1  : 0.9770 0.0230
90       90   (0)      1  : 0.9478 0.0522
91       91   (0)      1  : 0.9610 0.0390
92       92   (0)      1  : 0.9540 0.0460
93       93   (0)      1  : 0.9800 0.0200
94       94   (5)      1  : 0.9710 0.0290
95       95   (0)      1  : 0.9690 0.0310
96       96   (5)      1  : 0.9778 0.0222
97       97   (0)      1  : 0.9560 0.0440
98       98   (0)      1  : 0.9680 0.0320
99       99   (5)      1  : 0.9760 0.0240
100      100   (5)      1  : 0.9810 0.0190
101      101   (0)      2  : 0.9730 0.0270
102      102   (0)      2  : 0.8830 0.1170
103      103   (0)      2  : 0.8890 0.1110
104      104   (0)      2  : 0.9140 0.0860
105      105   (0)      2  : 0.9740 0.0260
106      106   (0)      2  : 0.9332 0.0668
107      107   (0)      2  : 0.9576 0.0424
108      108   (0)      2  : 0.9180 0.0820
109      109   (0)      2  : 0.9642 0.0358
110      110   (0)      2  : 0.8924 0.1076
111      111   (0)      2  : 0.9260 0.0740
112      112   (0)      2  : 0.9370 0.0630
113      113   (0)      2  : 0.8602 0.1398
114      114   (0)      2  : 0.9336 0.0664
115      115   (0)      2  : 0.8740 0.1260
116      116   (0)      2  : 0.9470 0.0530
117      117   (0)      2  : 0.9096 0.0904
118      118   (0)      2  : 0.7248 0.2752
119      119   (0)      2  : 0.7830 0.2170
120      120   (0)      2  : 0.9730 0.0270
121      121   (0)      2  : 0.9760 0.0240
122      122   (0)      2  : 0.9720 0.0280
123      123   (0)      2  : 0.9560 0.0440
124      124   (0)      2  : 0.8340 0.1660
125      125   (0)      2  : 0.6460 0.3540
126      126   (0)      2  : 0.9020 0.0980
127      127   (0)      2  : 0.9700 0.0300
128      128   (0)      2  : 0.8784 0.1216
129      129   (0)      2  : 0.8970 0.1030
130      130   (0)      2  : 0.9810 0.0190
131      131   (0)      2  : 0.9140 0.0860
132      132   (0)      2  : 0.8250 0.1750
133      133   (0)      2  : 0.7560 0.2440
134      134   (0)      2  : 0.9630 0.0370
135      135   (0)      2  : 0.8910 0.1090
136      136   (0)      2  : 0.7788 0.2212
137      137   (0)      2  : 0.7470 0.2530
138      138   (0)      2  : 0.9470 0.0530
139      139   (0)      2  : 0.9040 0.0960
140      140   (0)      2  : 0.7840 0.2160
141      141   (0)      2  : 0.9538 0.0462
142      142   (0)      2  : 0.9140 0.0860
143      143   (0)      2  : 0.9570 0.0430
144      144   (0)      2  : 0.9738 0.0262
145      145   (0)      2  : 0.9680 0.0320
146      146   (0)      2  : 0.8674 0.1326
147      147   (0)      2  : 0.9320 0.0680
148      148   (0)      2  : 0.9788 0.0212
149      149   (0)      2  : 0.9290 0.0710
150      150   (0)      2  : 0.9384 0.0616
151      151   (0)      2  : 0.7980 0.2020
152      152   (0)      2  : 0.7018 0.2982
153      153   (0)      2  : 0.9118 0.0882
154      154   (0)      2  : 0.9636 0.0364
155      155   (0)      2  : 0.9700 0.0300
156      156   (0)      2  : 0.9560 0.0440
157      157   (0)      2  : 0.9006 0.0994
158      158   (0)      2  : 0.7110 0.2890
159      159   (0)      2  : 0.9680 0.0320
160      160   (0)      2  : 0.9372 0.0628
161      161   (0)      2  : 0.9522 0.0478
162      162   (0)      2  : 0.9208 0.0792
163      163   (0)      2  : 0.8230 0.1770
164      164   (0)      2  : 0.9570 0.0430
165      165   (0)      2  : 0.9530 0.0470
166      166   (0)      2  : 0.9350 0.0650
167      167   (0)      2  : 0.9266 0.0734
168      168   (0)      2  : 0.9580 0.0420
169      169   (0)      2  : 0.8504 0.1496
170      170   (0)      2  : 0.9162 0.0838
171      171   (0)      2  : 0.9176 0.0824
172      172   (0)      2  : 0.9688 0.0312
173      173   (0)      2  : 0.9420 0.0580
174      174   (0)      2  : 0.9042 0.0958
175      175   (0)      2  : 0.9670 0.0330
176      176   (0)      2  : 0.9054 0.0946
177      177   (0)      2  : 0.9430 0.0570
178      178   (0)      2  : 0.9020 0.0980
179      179   (0)      2  : 0.9690 0.0310
180      180   (0)      2  : 0.9710 0.0290
181      181   (0)      2  : 0.8126 0.1874
182      182   (0)      2  : 0.8076 0.1924
183      183   (0)      2  : 0.9720 0.0280
184      184   (0)      2  : 0.9132 0.0868
185      185   (0)      2  : 0.9530 0.0470
186      186   (0)      2  : 0.8408 0.1592
187      187   (0)      2  : 0.9050 0.0950
188      188   (0)      2  : 0.9760 0.0240
189      189   (0)      2  : 0.9764 0.0236
190      190   (0)      2  : 0.9500 0.0500
191      191   (0)      2  : 0.8650 0.1350
192      192   (0)      2  : 0.9130 0.0870
193      193   (0)      2  : 0.8360 0.1640
194      194   (0)      2  : 0.8158 0.1842
195      195   (0)      2  : 0.9680 0.0320
196      196   (0)      2  : 0.9756 0.0244
197      197   (0)      2  : 0.8676 0.1324
198      198   (0)      2  : 0.8890 0.1110
199      199   (0)      2  : 0.9260 0.0740
200      200   (0)      2  : 0.8326 0.1674
201      201   (0)      3  : 0.7874 0.2126
202      202   (0)      3  : 0.7040 0.2960
203      203   (0)      3  : 0.7980 0.2020
204      204   (0)      3  : 0.7128 0.2872
205      205   (0)      3  : 0.8750 0.1250
206      206   (0)      3  : 0.7230 0.2770
207      207   (0)      3  : 0.8004 0.1996
208      208   (0)      3  : 0.8964 0.1036
209      209   (0)      3  : 0.6720 0.3280
210      210   (0)      3  : 0.4830 0.5170
211      211   (0)      3  : 0.9650 0.0350
212      212   (0)      3  : 0.9766 0.0234
213      213   (0)      3  : 0.7200 0.2800
214      214   (0)      3  : 0.6632 0.3368
215      215   (0)      3  : 0.6228 0.3772
216      216   (0)      3  : 0.8852 0.1148
217      217   (0)      3  : 0.8472 0.1528
218      218   (0)      3  : 0.7524 0.2476
219      219   (0)      3  : 0.8716 0.1284
220      220   (0)      3  : 0.8362 0.1638
221      221   (0)      3  : 0.8190 0.1810
222      222   (0)      3  : 0.7640 0.2360
223      223   (0)      3  : 0.6504 0.3496
224      224   (0)      3  : 0.8766 0.1234
225      225   (0)      3  : 0.9120 0.0880
226      226   (0)      3  : 0.6470 0.3530
227      227   (0)      3  : 0.5450 0.4550
228      228   (0)      3  : 0.9522 0.0478
229      229   (0)      3  : 0.8490 0.1510
230      230   (0)      3  : 0.6872 0.3128
231      231   (0)      3  : 0.7102 0.2898
232      232   (0)      3  : 0.7640 0.2360
233      233   (0)      3  : 0.8754 0.1246
234      234   (0)      3  : 0.8454 0.1546
235      235   (0)      3  : 0.8376 0.1624
236      236   (0)      3  : 0.6592 0.3408
237      237   (0)      3  : 0.6654 0.3346
238      238   (0)      3  : 0.9140 0.0860
239      239   (0)      3  : 0.7990 0.2010
240      240   (0)      3  : 0.9570 0.0430
241      241   (0)      3  : 0.7770 0.2230
242      242   (0)      3  : 0.6780 0.3220
243      243   (0)      3  : 0.8880 0.1120
244      244   (0)      3  : 0.9084 0.0916
245      245   (0)      3  : 0.5906 0.4094
246      246   (0)      3  : 0.7976 0.2024
247      247   (0)      3  : 0.8148 0.1852
248      248   (0)      3  : 0.9350 0.0650
249      249   (0)      3  : 0.9730 0.0270
250      250   (0)      3  : 0.7510 0.2490
251      251   (0)      3  : 0.8728 0.1272
252      252   (0)      3  : 0.8098 0.1902
253      253   (0)      3  : 0.8638 0.1362
254      254   (0)      3  : 0.6868 0.3132
255      255   (0)      3  : 0.9710 0.0290
256      256   (0)      3  : 0.7340 0.2660
257      257   (0)      3  : 0.8244 0.1756
258      258   (0)      3  : 0.9250 0.0750
259      259   (0)      3  : 0.8140 0.1860
260      260   (0)      3  : 0.5906 0.4094
261      261   (0)      3  : 0.7186 0.2814
262      262   (0)      3  : 0.9770 0.0230
263      263   (0)      3  : 0.9250 0.0750
264      264   (0)      3  : 0.7610 0.2390
265      265   (0)      3  : 0.7344 0.2656
266      266   (0)      3  : 0.7280 0.2720
267      267   (0)      3  : 0.7586 0.2414
268      268   (0)      3  : 0.6700 0.3300
269      269   (0)      3  : 0.7984 0.2016
270      270   (0)      3  : 0.7582 0.2418
271      271   (0)      3  : 0.7462 0.2538
272      272   (0)      3  : 0.8890 0.1110
273      273   (0)      3  : 0.6950 0.3050
274      274   (0)      3  : 0.6070 0.3930
275      275   (0)      3  : 0.8050 0.1950
276      276   (0)      3  : 0.9770 0.0230
277      277   (0)      3  : 0.9532 0.0468
278      278   (0)      3  : 0.6706 0.3294
279      279   (0)      3  : 0.8550 0.1450
280      280   (0)      3  : 0.6736 0.3264
281      281   (0)      3  : 0.6258 0.3742
282      282   (0)      3  : 0.6534 0.3466
283      283   (0)      3  : 0.8492 0.1508
284      284   (0)      3  : 0.7826 0.2174
285      285   (0)      3  : 0.8660 0.1340
286      286   (0)      3  : 0.7270 0.2730
287      287   (0)      3  : 0.9310 0.0690
288      288   (0)      3  : 0.7564 0.2436
289      289   (0)      3  : 0.5820 0.4180
290      290   (0)      3  : 0.5150 0.4850
291      291   (0)      3  : 0.9628 0.0372
292      292   (0)      3  : 0.8094 0.1906
293      293   (0)      3  : 0.8470 0.1530
294      294   (0)      3  : 0.6112 0.3888
295      295   (0)      3  : 0.7980 0.2020
296      296   (0)      3  : 0.6920 0.3080
297      297   (0)      3  : 0.7004 0.2996
298      298   (0)      3  : 0.5470 0.4530
299      299   (0)      3  : 0.8156 0.1844
300      300   (0)      3  : 0.8472 0.1528
301      301   (5)      4  : 0.6300 0.3700
302      302   (0)      4  : 0.3434 0.6566
303      303   (0)      4  : 0.4976 0.5024
304      304   (5)      4  : 0.4400 0.5600
305      305   (5)      4  : 0.3710 0.6290
306      306   (0)      4  : 0.3164 0.6836
307      307   (0)      5  : 0.5620 0.4380
308      308   (0)      5  : 0.4870 0.5130
309      309   (0)      5  : 0.4760 0.5240
310      310   (0)      5  : 0.4500 0.5500
311      311   (0)      5  : 0.2870 0.7130
312      312   (0)      5  : 0.5170 0.4830
313      313   (0)      5  : 0.5824 0.4176
314      314   (0)      5  : 0.3920 0.6080
315      315   (0)      5  : 0.5110 0.4890
316      316   (0)      5  : 0.5180 0.4820
317      317   (0)      5  : 0.5080 0.4920
318      318   (0)      5  : 0.4800 0.5200
319      319   (0)      5  : 0.3914 0.6086
320      320   (0)      5  : 0.4100 0.5900
321      321   (0)      5  : 0.5620 0.4380
322      322   (0)      5  : 0.4154 0.5846
323      323   (0)      5  : 0.4370 0.5630
324      324   (0)      5  : 0.4060 0.5940
325      325   (0)      5  : 0.6000 0.4000
326      326   (0)      5  : 0.5734 0.4266
327      327   (0)      5  : 0.4740 0.5260
328      328   (0)      5  : 0.5500 0.4500
329      329   (0)      5  : 0.4170 0.5830
330      330   (0)      5  : 0.3120 0.6880
331      331   (0)      5  : 0.3390 0.6610
332      332   (0)      5  : 0.4468 0.5532
333      333   (0)      5  : 0.5710 0.4290
334      334   (0)      5  : 0.5840 0.4160
335      335   (0)      5  : 0.5576 0.4424
336      336   (0)      5  : 0.5880 0.4120
337      337   (0)      5  : 0.5930 0.4070
338      338   (0)      5  : 0.6512 0.3488
339      339   (0)      5  : 0.4160 0.5840
340      340   (0)      5  : 0.3334 0.6666
341      341   (0)      5  : 0.6850 0.3150
342      342   (0)      5  : 0.4764 0.5236
343      343   (0)      5  : 0.4890 0.5110
344      344   (0)      5  : 0.5420 0.4580
345      345   (0)      5  : 0.4254 0.5746
346      346   (0)      5  : 0.5470 0.4530
347      347   (0)      5  : 0.4564 0.5436
348      348   (0)      5  : 0.6020 0.3980
349      349   (0)      5  : 0.4548 0.5452
350      350   (0)      5  : 0.4282 0.5718
351      351   (0)      5  : 0.5138 0.4862
352      352   (0)      5  : 0.5486 0.4514
353      353   (0)      5  : 0.5118 0.4882
354      354   (0)      5  : 0.5512 0.4488
355      355   (0)      5  : 0.5150 0.4850
356      356   (0)      5  : 0.5236 0.4764
357      357   (0)      5  : 0.7680 0.2320
358      358   (0)      5  : 0.4886 0.5114
359      359   (0)      5  : 0.5416 0.4584
360      360   (0)      5  : 0.5240 0.4760
361      361   (0)      5  : 0.2764 0.7236
362      362   (0)      5  : 0.4460 0.5540
363      363   (0)      5  : 0.3104 0.6896
364      364   (0)      5  : 0.5440 0.4560
365      365   (0)      5  : 0.5102 0.4898
366      366   (0)      5  : 0.5606 0.4394
367      367   (0)      5  : 0.4998 0.5002
368      368   (0)      5  : 0.4052 0.5948
369      369   (0)      5  : 0.5570 0.4430
370      370   (0)      5  : 0.4266 0.5734
371      371   (0)      5  : 0.6388 0.3612
372      372   (0)      5  : 0.6146 0.3854
373      373   (0)      5  : 0.4900 0.5100
374      374   (0)      5  : 0.5540 0.4460
375      375   (0)      5  : 0.5470 0.4530
376      376   (0)      5  : 0.2222 0.7778
377      377   (0)      5  : 0.5824 0.4176
378      378   (0)      5  : 0.3886 0.6114
379      379   (0)      5  : 0.4240 0.5760
380      380   (0)      5  : 0.3290 0.6710
381      381   (0)      5  : 0.6562 0.3438
382      382   (0)      5  : 0.5086 0.4914
383      383   (0)      5  : 0.5110 0.4890
384      384   (0)      5  : 0.6054 0.3946
385      385   (0)      5  : 0.4870 0.5130
386      386   (0)      5  : 0.2466 0.7534
387      387   (0)      5  : 0.5348 0.4652
388      388   (0)      5  : 0.5730 0.4270
389      389   (0)      5  : 0.3906 0.6094
390      390   (0)      5  : 0.4060 0.5940
391      391   (0)      5  : 0.5990 0.4010
392      392   (0)      5  : 0.5844 0.4156
393      393   (0)      5  : 0.4230 0.5770
394      394   (0)      5  : 0.6020 0.3980
395      395   (0)      5  : 0.3680 0.6320
396      396   (0)      5  : 0.5878 0.4122
397      397   (0)      5  : 0.4210 0.5790
398      398   (0)      5  : 0.3630 0.6370
399      399   (0)      5  : 0.5156 0.4844
400      400   (0)      5  : 0.5050 0.4950
401      401   (0)      5  : 0.4790 0.5210
402      402   (0)      5  : 0.5452 0.4548
403      403   (0)      5  : 0.4164 0.5836
404      404   (0)      5  : 0.4100 0.5900
405      405   (0)      5  : 0.4462 0.5538
406      406   (0)      5  : 0.6210 0.3790
407      407   (0)      6  : 0.0610 0.9390
408      408   (0)      6  : 0.1678 0.8322
409      409   (0)      7  : 0.1432 0.8568
410      410   (0)      7  : 0.1610 0.8390
411      411   (0)      7  : 0.2618 0.7382
412      412   (0)      7  : 0.2342 0.7658
413      413   (0)      7  : 0.2502 0.7498
414      414   (0)      7  : 0.1638 0.8362
415      415   (0)      7  : 0.1790 0.8210
416      416   (0)      7  : 0.0300 0.9700
417      417   (0)      7  : 0.3482 0.6518
418      418   (0)      7  : 0.3630 0.6370
419      419   (0)      7  : 0.1914 0.8086
420      420   (0)      7  : 0.0750 0.9250
421      421   (0)      7  : 0.0560 0.9440
422      422   (0)      7  : 0.0792 0.9208
423      423   (0)      7  : 0.2030 0.7970
424      424   (0)      7  : 0.0980 0.9020
425      425   (0)      7  : 0.3760 0.6240
426      426   (0)      7  : 0.3292 0.6708
427      427   (0)      7  : 0.1760 0.8240
428      428   (0)      7  : 0.0860 0.9140
429      429   (0)      7  : 0.1956 0.8044
430      430   (0)      7  : 0.1386 0.8614
431      431   (0)      7  : 0.2800 0.7200
432      432   (0)      7  : 0.2650 0.7350
433      433   (0)      7  : 0.1810 0.8190
434      434   (0)      7  : 0.1908 0.8092
435      435   (0)      7  : 0.4510 0.5490
436      436   (0)      7  : 0.0310 0.9690
437      437   (0)      7  : 0.2548 0.7452
438      438   (0)      7  : 0.3508 0.6492
439      439   (0)      7  : 0.3412 0.6588
440      440   (0)      7  : 0.5608 0.4392
441      441   (0)      7  : 0.2180 0.7820
442      442   (0)      7  : 0.2094 0.7906
443      443   (0)      7  : 0.3230 0.6770
444      444   (0)      7  : 0.1530 0.8470
445      445   (0)      7  : 0.3140 0.6860
446      446   (0)      7  : 0.0748 0.9252
447      447   (0)      7  : 0.1960 0.8040
448      448   (0)      7  : 0.2116 0.7884
449      449   (0)      7  : 0.0980 0.9020
450      450   (0)      7  : 0.1516 0.8484
451      451   (0)      7  : 0.2502 0.7498
452      452   (0)      7  : 0.1268 0.8732
453      453   (0)      7  : 0.3798 0.6202
454      454   (0)      7  : 0.2670 0.7330
455      455   (0)      7  : 0.3240 0.6760
456      456   (0)      7  : 0.1176 0.8824
457      457   (0)      7  : 0.3510 0.6490
458      458   (0)      7  : 0.4794 0.5206
459      459   (0)      7  : 0.3456 0.6544
460      460   (0)      7  : 0.3900 0.6100
461      461   (0)      7  : 0.1560 0.8440
462      462   (0)      7  : 0.2018 0.7982
463      463   (0)      7  : 0.0870 0.9130
464      464   (0)      7  : 0.2290 0.7710
465      465   (0)      7  : 0.3768 0.6232
466      466   (0)      7  : 0.1422 0.8578
467      467   (0)      7  : 0.2780 0.7220
468      468   (0)      7  : 0.2850 0.7150
469      469   (0)      7  : 0.2000 0.8000
470      470   (0)      7  : 0.0784 0.9216
471      471   (0)      7  : 0.2524 0.7476
472      472   (0)      7  : 0.1620 0.8380
473      473   (0)      7  : 0.2560 0.7440
474      474   (0)      7  : 0.2676 0.7324
475      475   (0)      7  : 0.1350 0.8650
476      476   (0)      7  : 0.0830 0.9170
477      477   (0)      7  : 0.2768 0.7232
478      478   (0)      7  : 0.3602 0.6398
479      479   (0)      7  : 0.1632 0.8368
480      480   (0)      7  : 0.2410 0.7590
481      481   (0)      7  : 0.1490 0.8510
482      482   (0)      7  : 0.2600 0.7400
483      483   (0)      7  : 0.0980 0.9020
484      484   (0)      7  : 0.2310 0.7690
485      485   (0)      7  : 0.3762 0.6238
486      486   (0)      7  : 0.2132 0.7868
487      487   (0)      7  : 0.1076 0.8924
488      488   (0)      7  : 0.1270 0.8730
489      489   (0)      7  : 0.1640 0.8360
490      490   (0)      7  : 0.3250 0.6750
491      491   (0)      7  : 0.2114 0.7886
492      492   (0)      7  : 0.3550 0.6450
493      493   (0)      7  : 0.0160 0.9840
494      494   (0)      7  : 0.4152 0.5848
495      495   (0)      7  : 0.1450 0.8550
496      496   (0)      7  : 0.1890 0.8110
497      497   (0)      7  : 0.0784 0.9216
498      498   (0)      7  : 0.1694 0.8306
499      499   (0)      7  : 0.1132 0.8868
500      500   (0)      7  : 0.3430 0.6570
501      501   (0)      7  : 0.2626 0.7374
502      502   (0)      7  : 0.0292 0.9708
503      503   (0)      7  : 0.1694 0.8306
504      504   (0)      7  : 0.1912 0.8088
505      505   (0)      7  : 0.1040 0.8960
506      506   (0)      7  : 0.2298 0.7702
507      507   (0)      7  : 0.1368 0.8632
508      508   (0)      7  : 0.2180 0.7820
509      509  (10)      8  : 0.0240 0.9760
510      510   (5)      8  : 0.0300 0.9700
511      511   (5)      8  : 0.1200 0.8800
512      512   (5)      8  : 0.0170 0.9830
513      513  (10)      8  : 0.0392 0.9608
514      514   (5)      8  : 0.1618 0.8382
515      515  (10)      8  : 0.0426 0.9574
516      516   (0)      8  : 0.1000 0.9000
517      517   (0)      8  : 0.0330 0.9670
518      518   (0)      8  : 0.0190 0.9810
519      519   (0)      8  : 0.0440 0.9560
520      520   (0)      8  : 0.0908 0.9092
521      521   (0)      8  : 0.0280 0.9720
522      522   (0)      8  : 0.0320 0.9680
523      523   (0)      8  : 0.0320 0.9680
524      524   (0)      8  : 0.0410 0.9590
525      525   (0)      8  : 0.0370 0.9630
526      526   (0)      8  : 0.1210 0.8790
527      527   (0)      8  : 0.0450 0.9550
528      528   (5)      8  : 0.0600 0.9400
529      529   (0)      8  : 0.0310 0.9690
530      530   (0)      8  : 0.1000 0.9000
531      531   (5)      8  : 0.0576 0.9424
532      532   (5)      8  : 0.0540 0.9460
533      533   (0)      8  : 0.1870 0.8130
534      534   (0)      8  : 0.0696 0.9304
535      535   (0)      8  : 0.0630 0.9370
536      536   (0)      8  : 0.0250 0.9750
537      537   (0)      8  : 0.0190 0.9810
538      538   (0)      8  : 0.0272 0.9728
539      539   (0)      8  : 0.0170 0.9830
540      540   (0)      8  : 0.0400 0.9600
541      541   (0)      8  : 0.0930 0.9070
542      542   (0)      8  : 0.0628 0.9372
543      543   (0)      8  : 0.0600 0.9400
544      544   (0)      8  : 0.0670 0.9330
545      545   (0)      8  : 0.1590 0.8410
546      546   (0)      8  : 0.0310 0.9690
547      547   (0)      8  : 0.0972 0.9028
548      548   (0)      8  : 0.1010 0.8990
549      549   (0)      8  : 0.0318 0.9682
550      550   (0)      8  : 0.0310 0.9690
551      551   (0)      9  : 0.1724 0.8276
552      552   (0)      9  : 0.1172 0.8828
553      553   (0)      9  : 0.0560 0.9440
554      554   (0)      9  : 0.0310 0.9690
555      555   (0)      9  : 0.0610 0.9390
556      556   (0)      9  : 0.0460 0.9540
557      557   (0)      9  : 0.2198 0.7802
558      558   (0)      9  : 0.0340 0.9660
559      559   (0)      9  : 0.1160 0.8840
560      560   (0)      9  : 0.0940 0.9060
561      561   (0)      9  : 0.0190 0.9810
562      562   (0)      9  : 0.0574 0.9426
563      563   (0)      9  : 0.0800 0.9200
564      564   (0)      9  : 0.1490 0.8510
565      565   (0)      9  : 0.1082 0.8918
566      566   (0)      9  : 0.1454 0.8546
567      567   (0)      9  : 0.0540 0.9460
568      568   (0)      9  : 0.1190 0.8810
569      569   (0)      9  : 0.0814 0.9186
570      570   (0)      9  : 0.1390 0.8610
571      571   (0)      9  : 0.0640 0.9360
572      572   (0)      9  : 0.0150 0.9850
573      573   (0)      9  : 0.1356 0.8644
574      574   (0)      9  : 0.0340 0.9660
575      575   (0)      9  : 0.1430 0.8570
576      576   (0)      9  : 0.0240 0.9760
577      577   (0)      9  : 0.2508 0.7492
578      578   (0)      9  : 0.1160 0.8840
579      579   (0)      9  : 0.1162 0.8838
580      580   (0)      9  : 0.2690 0.7310
581      581   (0)      9  : 0.0230 0.9770
582      582   (0)      9  : 0.0370 0.9630
583      583   (0)      9  : 0.2700 0.7300
584      584   (0)      9  : 0.0382 0.9618
585      585   (0)      9  : 0.0480 0.9520
586      586   (0)      9  : 0.1124 0.8876
587      587   (0)      9  : 0.0760 0.9240
588      588   (0)      9  : 0.1458 0.8542
589      589   (0)      9  : 0.2250 0.7750
590      590   (0)      9  : 0.1160 0.8840
591      591   (0)      9  : 0.1100 0.8900
592      592   (0)      9  : 0.0530 0.9470
593      593   (0)      9  : 0.0910 0.9090
594      594   (0)      9  : 0.0220 0.9780
595      595   (0)      9  : 0.0670 0.9330
596      596   (0)      9  : 0.0490 0.9510
597      597   (0)      9  : 0.0326 0.9674
598      598   (0)      9  : 0.0598 0.9402
599      599   (0)      9  : 0.2950 0.7050
600      600   (0)      9  : 0.1666 0.8334
601      601   (0)      9  : 0.2080 0.7920
602      602   (0)      9  : 0.0980 0.9020
603      603   (0)      9  : 0.0390 0.9610
604      604   (0)      9  : 0.0656 0.9344
605      605   (0)      9  : 0.0440 0.9560
606      606   (0)      9  : 0.0410 0.9590
607      607   (0)      9  : 0.0580 0.9420
608      608   (0)      9  : 0.0990 0.9010
609      609   (0)      9  : 0.0260 0.9740
610      610   (0)      9  : 0.0320 0.9680
611      611   (0)      9  : 0.0550 0.9450
612      612   (0)      9  : 0.0692 0.9308
613      613   (0)      9  : 0.1840 0.8160
614      614   (0)      9  : 0.0280 0.9720
615      615   (0)      9  : 0.0730 0.9270
616      616   (0)      9  : 0.0250 0.9750
617      617   (0)      9  : 0.0466 0.9534
618      618   (0)      9  : 0.2422 0.7578
619      619   (0)      9  : 0.0540 0.9460
620      620   (0)      9  : 0.0978 0.9022
621      621   (0)      9  : 0.1130 0.8870
622      622   (0)      9  : 0.0490 0.9510
623      623   (0)      9  : 0.0564 0.9436
624      624   (0)      9  : 0.0758 0.9242
625      625   (0)      9  : 0.0508 0.9492
626      626   (0)      9  : 0.0574 0.9426
627      627   (0)      9  : 0.0506 0.9494
628      628   (0)      9  : 0.1394 0.8606
629      629   (0)      9  : 0.0430 0.9570
630      630   (0)      9  : 0.0200 0.9800
631      631   (0)      9  : 0.1250 0.8750
632      632   (0)      9  : 0.1286 0.8714
633      633   (0)      9  : 0.1476 0.8524
634      634   (0)      9  : 0.2780 0.7220
635      635   (0)      9  : 0.0540 0.9460
636      636   (0)      9  : 0.1088 0.8912
637      637   (0)      9  : 0.0510 0.9490
638      638   (0)      9  : 0.0350 0.9650
639      639   (0)      9  : 0.0970 0.9030
640      640   (0)      9  : 0.1720 0.8280
641      641   (0)      9  : 0.1220 0.8780
642      642   (0)      9  : 0.3000 0.7000
643      643   (0)      9  : 0.0558 0.9442
644      644   (0)      9  : 0.1926 0.8074
645      645   (0)      9  : 0.0470 0.9530
646      646   (0)      9  : 0.2870 0.7130
647      647   (0)      9  : 0.0490 0.9510
648      648   (0)      9  : 0.1896 0.8104
649      649   (0)      9  : 0.3324 0.6676
650      650   (0)      9  : 0.0974 0.9026
651      651  (10)     10  : 0.0800 0.9200
652      652   (0)     10  : 0.0210 0.9790
653      653   (0)     10  : 0.0744 0.9256
654      654   (0)     10  : 0.0214 0.9786
655      655   (0)     10  : 0.0310 0.9690
656      656   (0)     10  : 0.0450 0.9550
657      657   (0)     10  : 0.0274 0.9726
658      658   (0)     10  : 0.0480 0.9520
659      659   (0)     10  : 0.0390 0.9610
660      660   (0)     10  : 0.0150 0.9850
661      661   (0)     10  : 0.0150 0.9850
662      662   (5)     10  : 0.0220 0.9780
663      663   (0)     10  : 0.0160 0.9840
664      664   (5)     10  : 0.0240 0.9760
665      665  (10)     10  : 0.0220 0.9780
666      666   (5)     10  : 0.0650 0.9350
667      667   (0)     10  : 0.0512 0.9488
668      668  (10)     10  : 0.0820 0.9180
669      669   (0)     10  : 0.0190 0.9810
670      670  (10)     10  : 0.0440 0.9560
671      671   (0)     10  : 0.0200 0.9800
672      672   (0)     10  : 0.0740 0.9260
673      673   (0)     10  : 0.0250 0.9750
674      674   (0)     10  : 0.0300 0.9700
675      675   (5)     10  : 0.0210 0.9790
676      676   (0)     10  : 0.0292 0.9708
677      677   (5)     10  : 0.0260 0.9740
678      678   (0)     10  : 0.0480 0.9520
679      679   (0)     10  : 0.0310 0.9690
680      680   (0)     10  : 0.0360 0.9640
681      681   (0)     10  : 0.0178 0.9822
682      682   (0)     10  : 0.0204 0.9796
683      683   (0)     10  : 0.0220 0.9780
684      684   (0)     10  : 0.0220 0.9780
685      685   (5)     10  : 0.0160 0.9840
686      686   (5)     10  : 0.1636 0.8364
687      687   (5)     10  : 0.0390 0.9610
688      688   (0)     10  : 0.0190 0.9810
689      689   (0)     10  : 0.0200 0.9800
690      690   (0)     10  : 0.1034 0.8966
691      691  (15)     10  : 0.0490 0.9510
692      692   (0)     10  : 0.0168 0.9832
693      693   (5)     10  : 0.0410 0.9590
694      694   (0)     10  : 0.0200 0.9800
695      695   (0)     10  : 0.0380 0.9620
696      696   (5)     10  : 0.0324 0.9676
697      697   (0)     10  : 0.0170 0.9830
698      698   (0)     10  : 0.0310 0.9690
699      699   (5)     10  : 0.0210 0.9790
700      700   (0)     10  : 0.0200 0.9800
701      701   (0)     10  : 0.0340 0.9660
702      702   (0)     10  : 0.0770 0.9230
703      703   (0)     10  : 0.0140 0.9860
704      704   (0)     10  : 0.0166 0.9834
705      705   (5)     10  : 0.0392 0.9608
706      706   (0)     10  : 0.0380 0.9620
707      707   (0)     10  : 0.0170 0.9830
708      708   (0)     10  : 0.0200 0.9800
709      709   (0)     10  : 0.1378 0.8622
710      710  (10)     10  : 0.0300 0.9700
711      711   (0)     10  : 0.0210 0.9790
712      712   (0)     10  : 0.0210 0.9790
713      713   (0)     10  : 0.0180 0.9820
714      714   (5)     10  : 0.0500 0.9500
715      715   (0)     10  : 0.0180 0.9820
716      716   (0)     10  : 0.1330 0.8670
717      717   (5)     10  : 0.0270 0.9730
718      718  (10)     10  : 0.0280 0.9720
719      719   (0)     10  : 0.0200 0.9800
720      720   (0)     10  : 0.0270 0.9730
721      721   (5)     10  : 0.0160 0.9840
722      722  (10)     10  : 0.0300 0.9700
723      723   (0)     10  : 0.0310 0.9690
724      724   (0)     10  : 0.0230 0.9770
725      725   (0)     10  : 0.0182 0.9818
726      726   (0)     10  : 0.0180 0.9820
727      727   (0)     10  : 0.0220 0.9780
728      728   (0)     10  : 0.0190 0.9810
729      729   (0)     10  : 0.2100 0.7900
730      730   (0)     10  : 0.0150 0.9850
731      731   (0)     10  : 0.0190 0.9810
732      732   (0)     10  : 0.0178 0.9822
733      733   (0)     10  : 0.0710 0.9290
734      734   (5)     10  : 0.0240 0.9760
735      735   (5)     10  : 0.0340 0.9660
736      736   (0)     10  : 0.0726 0.9274
737      737  (10)     10  : 0.0210 0.9790
738      738   (0)     10  : 0.0150 0.9850
739      739   (0)     10  : 0.0310 0.9690
740      740   (0)     10  : 0.0200 0.9800
741      741   (5)     10  : 0.0500 0.9500
742      742  (10)     10  : 0.0220 0.9780
743      743   (0)     10  : 0.0760 0.9240
744      744   (0)     10  : 0.0250 0.9750
745      745   (0)     10  : 0.0170 0.9830
746      746   (0)     10  : 0.0260 0.9740
747      747   (0)     10  : 0.0196 0.9804
748      748   (0)     10  : 0.0190 0.9810
749      749   (0)     10  : 0.0190 0.9810
750      750   (0)     10  : 0.0844 0.9156
