   1        1   (5)      1 :  0.0160 0.9840 
   2        2   (5)      1 :  0.0330 0.9670 
   3        3   (5)      1 :  0.0100 0.9900 
   4        4   (0)      1 :  0.0080 0.9920 
   5        5   (0)      1 :  0.0304 0.9696 
   6        6   (0)      1 :  0.0130 0.9870 
   7        7   (0)      1 :  0.1242 0.8758 
   8        8   (5)      1 :  0.0090 0.9910 
   9        9   (0)      1 :  0.0090 0.9910 
  10       10   (0)      1 :  0.0438 0.9562 
  11       11   (0)      1 :  0.0242 0.9758 
  12       12   (0)      1 :  0.0200 0.9800 
  13       13   (0)      1 :  0.0100 0.9900 
  14       14   (0)      1 :  0.0150 0.9850 
  15       15   (0)      1 :  0.0150 0.9850 
  16       16   (0)      1 :  0.0070 0.9930 
  17       17   (0)      1 :  0.0090 0.9910 
  18       18   (0)      1 :  0.0200 0.9800 
  19       19   (0)      1 :  0.0090 0.9910 
  20       20   (0)      1 :  0.0470 0.9530 
  21       21   (0)      1 :  0.0080 0.9920 
  22       22   (0)      1 :  0.0070 0.9930 
  23       23   (0)      1 :  0.0070 0.9930 
  24       24   (0)      1 :  0.0094 0.9906 
  25       25   (0)      1 :  0.0518 0.9482 
  26       26   (0)      1 :  0.0100 0.9900 
  27       27   (5)      1 :  0.0580 0.9420 
  28       28   (0)      1 :  0.0150 0.9850 
  29       29   (0)      1 :  0.0090 0.9910 
  30       30   (0)      1 :  0.0346 0.9654 
  31       31   (0)      1 :  0.0094 0.9906 
  32       32   (0)      1 :  0.0140 0.9860 
  33       33   (0)      1 :  0.0070 0.9930 
  34       34   (0)      1 :  0.0080 0.9920 
  35       35   (0)      1 :  0.0300 0.9700 
  36       36   (0)      1 :  0.0170 0.9830 
  37       37   (0)      1 :  0.0210 0.9790 
  38       38   (0)      1 :  0.0120 0.9880 
  39       39   (0)      1 :  0.0290 0.9710 
  40       40   (0)      1 :  0.0120 0.9880 
  41       41   (0)      1 :  0.0130 0.9870 
  42       42   (0)      1 :  0.0070 0.9930 
  43       43   (0)      1 :  0.0120 0.9880 
  44       44   (0)      1 :  0.0080 0.9920 
  45       45   (5)      1 :  0.0250 0.9750 
  46       46   (0)      1 :  0.0090 0.9910 
  47       47   (0)      1 :  0.0170 0.9830 
  48       48   (0)      1 :  0.0210 0.9790 
  49       49   (0)      1 :  0.0150 0.9850 
  50       50   (0)      1 :  0.0140 0.9860 
  51       51   (0)      1 :  0.0180 0.9820 
  52       52   (0)      1 :  0.0470 0.9530 
  53       53   (0)      1 :  0.0120 0.9880 
  54       54   (0)      1 :  0.0170 0.9830 
  55       55   (0)      1 :  0.0150 0.9850 
  56       56   (0)      1 :  0.0100 0.9900 
  57       57  (10)      1 :  0.0100 0.9900 
  58       58   (5)      1 :  0.0176 0.9824 
  59       59   (0)      1 :  0.0120 0.9880 
  60       60   (0)      1 :  0.0120 0.9880 
  61       61   (0)      1 :  0.0150 0.9850 
  62       62   (0)      1 :  0.0230 0.9770 
  63       63   (0)      1 :  0.0210 0.9790 
  64       64   (0)      1 :  0.0120 0.9880 
  65       65   (0)      1 :  0.0340 0.9660 
  66       66   (0)      1 :  0.0100 0.9900 
  67       67   (5)      1 :  0.0150 0.9850 
  68       68   (0)      1 :  0.0290 0.9710 
  69       69   (0)      1 :  0.0210 0.9790 
  70       70   (0)      1 :  0.0150 0.9850 
  71       71   (5)      1 :  0.0190 0.9810 
  72       72   (0)      1 :  0.0200 0.9800 
  73       73   (5)      1 :  0.0130 0.9870 
  74       74  (10)      1 :  0.0170 0.9830 
  75       75  (10)      1 :  0.0130 0.9870 
  76       76   (0)      1 :  0.0090 0.9910 
  77       77  (10)      1 :  0.0120 0.9880 
  78       78   (0)      1 :  0.0160 0.9840 
  79       79   (5)      1 :  0.0280 0.9720 
  80       80   (0)      1 :  0.0090 0.9910 
  81       81   (0)      1 :  0.0090 0.9910 
  82       82   (0)      1 :  0.0080 0.9920 
  83       83   (0)      1 :  0.0160 0.9840 
  84       84   (0)      1 :  0.0210 0.9790 
  85       85   (0)      1 :  0.0090 0.9910 
  86       86   (5)      1 :  0.0108 0.9892 
  87       87   (0)      1 :  0.0100 0.9900 
  88       88   (0)      1 :  0.0288 0.9712 
  89       89   (0)      1 :  0.0130 0.9870 
  90       90   (0)      1 :  0.0150 0.9850 
  91       91   (0)      1 :  0.0160 0.9840 
  92       92   (0)      1 :  0.0200 0.9800 
  93       93   (0)      1 :  0.0090 0.9910 
  94       94   (5)      1 :  0.0110 0.9890 
  95       95   (0)      1 :  0.0120 0.9880 
  96       96   (5)      1 :  0.0100 0.9900 
  97       97   (0)      1 :  0.0220 0.9780 
  98       98   (0)      1 :  0.0150 0.9850 
  99       99   (5)      1 :  0.0110 0.9890 
 100      100   (5)      1 :  0.0090 0.9910 
 101      101   (0)      2 :  0.0140 0.9860 
 102      102   (0)      2 :  0.0130 0.9870 
 103      103   (0)      2 :  0.0250 0.9750 
 104      104   (0)      2 :  0.0200 0.9800 
 105      105   (0)      2 :  0.0290 0.9710 
 106      106   (0)      2 :  0.0100 0.9900 
 107      107   (0)      2 :  0.0160 0.9840 
 108      108   (0)      2 :  0.0100 0.9900 
 109      109   (0)      2 :  0.0280 0.9720 
 110      110   (0)      2 :  0.0080 0.9920 
 111      111   (0)      2 :  0.0110 0.9890 
 112      112   (0)      2 :  0.0100 0.9900 
 113      113   (0)      2 :  0.0210 0.9790 
 114      114   (0)      2 :  0.0110 0.9890 
 115      115   (0)      2 :  0.0170 0.9830 
 116      116   (0)      2 :  0.0212 0.9788 
 117      117   (0)      2 :  0.0130 0.9870 
 118      118   (0)      2 :  0.0120 0.9880 
 119      119   (0)      2 :  0.0130 0.9870 
 120      120   (0)      2 :  0.0160 0.9840 
 121      121   (0)      2 :  0.0120 0.9880 
 122      122   (0)      2 :  0.0120 0.9880 
 123      123   (0)      2 :  0.0090 0.9910 
 124      124   (0)      2 :  0.0120 0.9880 
 125      125   (0)      2 :  0.0090 0.9910 
 126      126   (0)      2 :  0.0130 0.9870 
 127      127   (0)      2 :  0.0240 0.9760 
 128      128   (0)      2 :  0.0230 0.9770 
 129      129   (0)      2 :  0.0110 0.9890 
 130      130   (0)      2 :  0.0130 0.9870 
 131      131   (0)      2 :  0.0120 0.9880 
 132      132   (0)      2 :  0.0120 0.9880 
 133      133   (0)      2 :  0.0070 0.9930 
 134      134   (0)      2 :  0.0108 0.9892 
 135      135   (0)      2 :  0.0270 0.9730 
 136      136   (0)      2 :  0.0250 0.9750 
 137      137   (0)      2 :  0.0080 0.9920 
 138      138   (0)      2 :  0.0080 0.9920 
 139      139   (0)      2 :  0.0120 0.9880 
 140      140   (0)      2 :  0.0060 0.9940 
 141      141   (0)      2 :  0.0120 0.9880 
 142      142   (0)      2 :  0.0110 0.9890 
 143      143   (0)      2 :  0.0280 0.9720 
 144      144   (0)      2 :  0.0150 0.9850 
 145      145   (0)      2 :  0.0080 0.9920 
 146      146   (0)      2 :  0.0220 0.9780 
 147      147   (0)      2 :  0.0070 0.9930 
 148      148   (0)      2 :  0.0080 0.9920 
 149      149   (0)      2 :  0.0130 0.9870 
 150      150   (0)      2 :  0.0080 0.9920 
 151      151   (0)      2 :  0.0220 0.9780 
 152      152   (0)      2 :  0.0100 0.9900 
 153      153   (0)      2 :  0.0146 0.9854 
 154      154   (0)      2 :  0.0120 0.9880 
 155      155   (0)      2 :  0.0270 0.9730 
 156      156   (0)      2 :  0.0130 0.9870 
 157      157   (0)      2 :  0.0080 0.9920 
 158      158   (0)      2 :  0.0188 0.9812 
 159      159   (0)      2 :  0.0090 0.9910 
 160      160   (0)      2 :  0.0230 0.9770 
 161      161   (0)      2 :  0.0472 0.9528 
 162      162   (0)      2 :  0.0160 0.9840 
 163      163   (0)      2 :  0.0640 0.9360 
 164      164   (0)      2 :  0.0094 0.9906 
 165      165   (0)      2 :  0.0160 0.9840 
 166      166   (0)      2 :  0.0190 0.9810 
 167      167   (0)      2 :  0.0142 0.9858 
 168      168   (0)      2 :  0.0180 0.9820 
 169      169   (0)      2 :  0.0188 0.9812 
 170      170   (0)      2 :  0.0130 0.9870 
 171      171   (0)      2 :  0.0582 0.9418 
 172      172   (0)      2 :  0.0160 0.9840 
 173      173   (0)      2 :  0.0120 0.9880 
 174      174   (0)      2 :  0.0100 0.9900 
 175      175   (0)      2 :  0.0070 0.9930 
 176      176   (0)      2 :  0.0210 0.9790 
 177      177   (0)      2 :  0.0300 0.9700 
 178      178   (0)      2 :  0.0252 0.9748 
 179      179   (0)      2 :  0.0140 0.9860 
 180      180   (0)      2 :  0.0140 0.9860 
 181      181   (0)      2 :  0.0090 0.9910 
 182      182   (0)      2 :  0.0220 0.9780 
 183      183   (0)      2 :  0.0112 0.9888 
 184      184   (0)      2 :  0.0070 0.9930 
 185      185   (0)      2 :  0.0090 0.9910 
 186      186   (0)      2 :  0.0070 0.9930 
 187      187   (0)      2 :  0.0110 0.9890 
 188      188   (0)      2 :  0.0090 0.9910 
 189      189   (0)      2 :  0.0150 0.9850 
 190      190   (0)      2 :  0.0160 0.9840 
 191      191   (0)      2 :  0.0110 0.9890 
 192      192   (0)      2 :  0.0200 0.9800 
 193      193   (0)      2 :  0.0208 0.9792 
 194      194   (0)      2 :  0.0230 0.9770 
 195      195   (0)      2 :  0.0108 0.9892 
 196      196   (0)      2 :  0.0170 0.9830 
 197      197   (0)      2 :  0.0110 0.9890 
 198      198   (0)      2 :  0.0270 0.9730 
 199      199   (0)      2 :  0.0170 0.9830 
 200      200   (0)      2 :  0.0120 0.9880 
 201      201   (0)      2 :  0.0130 0.9870 
 202      202   (0)      2 :  0.0250 0.9750 
 203      203   (0)      2 :  0.0144 0.9856 
 204      204   (0)      2 :  0.0356 0.9644 
 205      205   (0)      2 :  0.0110 0.9890 
 206      206   (0)      2 :  0.0100 0.9900 
 207      207   (0)      2 :  0.0180 0.9820 
 208      208   (0)      2 :  0.0170 0.9830 
 209      209   (0)      2 :  0.0080 0.9920 
 210      210   (0)      2 :  0.0270 0.9730 
 211      211   (0)      2 :  0.0130 0.9870 
 212      212   (0)      2 :  0.0140 0.9860 
 213      213   (0)      2 :  0.0120 0.9880 
 214      214   (0)      2 :  0.0564 0.9436 
 215      215   (0)      2 :  0.0140 0.9860 
 216      216   (0)      2 :  0.0100 0.9900 
 217      217   (0)      2 :  0.0140 0.9860 
 218      218   (0)      2 :  0.0080 0.9920 
 219      219   (0)      2 :  0.0128 0.9872 
 220      220   (0)      2 :  0.0248 0.9752 
 221      221   (0)      2 :  0.0190 0.9810 
 222      222   (0)      2 :  0.0080 0.9920 
 223      223   (0)      2 :  0.0100 0.9900 
 224      224   (0)      2 :  0.0160 0.9840 
 225      225   (0)      2 :  0.0190 0.9810 
 226      226   (0)      2 :  0.0340 0.9660 
 227      227   (0)      2 :  0.0320 0.9680 
 228      228   (0)      2 :  0.0080 0.9920 
 229      229   (0)      2 :  0.0132 0.9868 
 230      230   (0)      2 :  0.0220 0.9780 
 231      231   (0)      2 :  0.0272 0.9728 
 232      232   (0)      2 :  0.0280 0.9720 
 233      233   (0)      2 :  0.0144 0.9856 
 234      234   (0)      2 :  0.0304 0.9696 
 235      235   (0)      2 :  0.0120 0.9880 
 236      236   (0)      2 :  0.0080 0.9920 
 237      237   (0)      2 :  0.0070 0.9930 
 238      238   (0)      2 :  0.0210 0.9790 
 239      239   (0)      2 :  0.0100 0.9900 
 240      240   (0)      2 :  0.0122 0.9878 
 241      241   (0)      2 :  0.0160 0.9840 
 242      242   (0)      2 :  0.0120 0.9880 
 243      243   (0)      2 :  0.0140 0.9860 
 244      244   (0)      2 :  0.0290 0.9710 
 245      245   (0)      2 :  0.0140 0.9860 
 246      246   (0)      2 :  0.0270 0.9730 
 247      247   (0)      2 :  0.0430 0.9570 
 248      248   (0)      2 :  0.0120 0.9880 
 249      249   (0)      2 :  0.0490 0.9510 
 250      250   (0)      2 :  0.0180 0.9820 
 251      251   (0)      2 :  0.0270 0.9730 
 252      252   (0)      2 :  0.0080 0.9920 
 253      253   (0)      2 :  0.0190 0.9810 
 254      254   (0)      2 :  0.0180 0.9820 
 255      255   (0)      2 :  0.0190 0.9810 
 256      256   (0)      2 :  0.0170 0.9830 
 257      257   (0)      2 :  0.0160 0.9840 
 258      258   (0)      2 :  0.0280 0.9720 
 259      259   (0)      2 :  0.0150 0.9850 
 260      260   (0)      2 :  0.0100 0.9900 
 261      261   (0)      2 :  0.0130 0.9870 
 262      262   (0)      2 :  0.0332 0.9668 
 263      263   (0)      2 :  0.0312 0.9688 
 264      264   (0)      2 :  0.0090 0.9910 
 265      265   (0)      2 :  0.0170 0.9830 
 266      266   (0)      2 :  0.0130 0.9870 
 267      267   (0)      2 :  0.0190 0.9810 
 268      268   (0)      2 :  0.0120 0.9880 
 269      269   (0)      2 :  0.0170 0.9830 
 270      270   (0)      2 :  0.0310 0.9690 
 271      271   (0)      2 :  0.0100 0.9900 
 272      272   (0)      2 :  0.0100 0.9900 
 273      273   (0)      2 :  0.0110 0.9890 
 274      274   (0)      2 :  0.0148 0.9852 
 275      275   (0)      2 :  0.0250 0.9750 
 276      276   (0)      2 :  0.0110 0.9890 
 277      277   (0)      2 :  0.0120 0.9880 
 278      278   (0)      2 :  0.0110 0.9890 
 279      279   (0)      2 :  0.0180 0.9820 
 280      280   (0)      2 :  0.0110 0.9890 
 281      281   (0)      2 :  0.0150 0.9850 
 282      282   (0)      2 :  0.0090 0.9910 
 283      283   (0)      2 :  0.0090 0.9910 
 284      284   (0)      2 :  0.0100 0.9900 
 285      285   (0)      2 :  0.0130 0.9870 
 286      286   (0)      2 :  0.0080 0.9920 
 287      287   (0)      2 :  0.0140 0.9860 
 288      288   (0)      2 :  0.0300 0.9700 
 289      289   (0)      2 :  0.0110 0.9890 
 290      290   (0)      2 :  0.0490 0.9510 
 291      291   (0)      2 :  0.0080 0.9920 
 292      292   (0)      2 :  0.0150 0.9850 
 293      293   (0)      2 :  0.0180 0.9820 
 294      294   (0)      2 :  0.0150 0.9850 
 295      295   (0)      2 :  0.0380 0.9620 
 296      296   (0)      2 :  0.0148 0.9852 
 297      297   (0)      2 :  0.0200 0.9800 
 298      298   (0)      2 :  0.0560 0.9440 
 299      299   (0)      2 :  0.0170 0.9830 
 300      300   (0)      2 :  0.0160 0.9840 
 301      301   (0)      2 :  0.0260 0.9740 
 302      302   (0)      2 :  0.0130 0.9870 
 303      303   (0)      2 :  0.0070 0.9930 
 304      304   (0)      2 :  0.0160 0.9840 
 305      305   (0)      2 :  0.0330 0.9670 
 306      306   (0)      2 :  0.0140 0.9860 
 307      307   (0)      2 :  0.0110 0.9890 
 308      308   (0)      2 :  0.0480 0.9520 
 309      309   (0)      2 :  0.0140 0.9860 
 310      310   (0)      2 :  0.0110 0.9890 
 311      311   (0)      2 :  0.0160 0.9840 
 312      312   (0)      2 :  0.0080 0.9920 
 313      313   (0)      2 :  0.0372 0.9628 
 314      314   (0)      2 :  0.0220 0.9780 
 315      315   (0)      2 :  0.0070 0.9930 
 316      316   (0)      2 :  0.0140 0.9860 
 317      317   (0)      2 :  0.0080 0.9920 
 318      318   (0)      2 :  0.0110 0.9890 
 319      319   (0)      2 :  0.0070 0.9930 
 320      320   (0)      2 :  0.0080 0.9920 
 321      321   (0)      2 :  0.0100 0.9900 
 322      322   (0)      2 :  0.0240 0.9760 
 323      323   (0)      2 :  0.0138 0.9862 
 324      324   (0)      2 :  0.0130 0.9870 
 325      325   (0)      2 :  0.0130 0.9870 
 326      326   (0)      2 :  0.0070 0.9930 
 327      327   (0)      2 :  0.0100 0.9900 
 328      328   (0)      2 :  0.0190 0.9810 
 329      329   (0)      2 :  0.0190 0.9810 
 330      330   (0)      2 :  0.0240 0.9760 
 331      331   (0)      2 :  0.0090 0.9910 
 332      332   (0)      2 :  0.0090 0.9910 
 333      333   (0)      2 :  0.0090 0.9910 
 334      334   (0)      2 :  0.0090 0.9910 
 335      335   (0)      2 :  0.0130 0.9870 
 336      336   (0)      2 :  0.0120 0.9880 
 337      337   (0)      2 :  0.0090 0.9910 
 338      338   (0)      2 :  0.0110 0.9890 
 339      339   (0)      2 :  0.0080 0.9920 
 340      340   (0)      2 :  0.0414 0.9586 
 341      341   (0)      2 :  0.0080 0.9920 
 342      342   (0)      2 :  0.0100 0.9900 
 343      343   (0)      2 :  0.0190 0.9810 
 344      344   (0)      2 :  0.0230 0.9770 
 345      345   (0)      2 :  0.0120 0.9880 
 346      346   (0)      2 :  0.0120 0.9880 
 347      347   (0)      2 :  0.0180 0.9820 
 348      348   (0)      2 :  0.0120 0.9880 
 349      349   (0)      2 :  0.0186 0.9814 
 350      350   (0)      2 :  0.0080 0.9920 
 351      351   (0)      2 :  0.0100 0.9900 
 352      352   (0)      2 :  0.0130 0.9870 
 353      353   (0)      2 :  0.0100 0.9900 
 354      354   (0)      2 :  0.0110 0.9890 
 355      355   (0)      2 :  0.0310 0.9690 
 356      356   (0)      2 :  0.1490 0.8510 
 357      357   (0)      2 :  0.0110 0.9890 
 358      358   (0)      2 :  0.0120 0.9880 
 359      359   (0)      2 :  0.0156 0.9844 
 360      360   (0)      2 :  0.0370 0.9630 
 361      361   (0)      2 :  0.0130 0.9870 
 362      362   (0)      2 :  0.0110 0.9890 
 363      363   (0)      2 :  0.0340 0.9660 
 364      364   (0)      2 :  0.0110 0.9890 
 365      365   (0)      2 :  0.0150 0.9850 
 366      366   (0)      2 :  0.0122 0.9878 
 367      367   (0)      2 :  0.0130 0.9870 
 368      368   (0)      2 :  0.0180 0.9820 
 369      369   (0)      2 :  0.0140 0.9860 
 370      370   (0)      2 :  0.0120 0.9880 
 371      371   (0)      2 :  0.0082 0.9918 
 372      372   (0)      2 :  0.0160 0.9840 
 373      373   (0)      2 :  0.0336 0.9664 
 374      374   (0)      2 :  0.0080 0.9920 
 375      375   (0)      2 :  0.0150 0.9850 
 376      376   (0)      2 :  0.0140 0.9860 
 377      377   (0)      2 :  0.0120 0.9880 
 378      378   (0)      2 :  0.0100 0.9900 
 379      379   (0)      2 :  0.0090 0.9910 
 380      380   (0)      2 :  0.0090 0.9910 
 381      381   (0)      2 :  0.0280 0.9720 
 382      382   (0)      2 :  0.0090 0.9910 
 383      383   (0)      2 :  0.0300 0.9700 
 384      384   (0)      2 :  0.0160 0.9840 
 385      385   (0)      2 :  0.0210 0.9790 
 386      386   (0)      2 :  0.0280 0.9720 
 387      387   (0)      2 :  0.0120 0.9880 
 388      388   (0)      2 :  0.0080 0.9920 
 389      389   (0)      2 :  0.0070 0.9930 
 390      390   (0)      2 :  0.0070 0.9930 
 391      391   (0)      2 :  0.0110 0.9890 
 392      392   (0)      2 :  0.0080 0.9920 
 393      393   (0)      2 :  0.0188 0.9812 
 394      394   (0)      2 :  0.0100 0.9900 
 395      395   (0)      2 :  0.0082 0.9918 
 396      396   (0)      2 :  0.0080 0.9920 
 397      397   (0)      2 :  0.0200 0.9800 
 398      398   (0)      2 :  0.0110 0.9890 
 399      399   (0)      2 :  0.0130 0.9870 
 400      400   (0)      2 :  0.0152 0.9848 
 401      401   (0)      2 :  0.0130 0.9870 
 402      402   (0)      2 :  0.0080 0.9920 
 403      403   (0)      2 :  0.0386 0.9614 
 404      404   (0)      2 :  0.0120 0.9880 
 405      405   (0)      2 :  0.0160 0.9840 
 406      406   (0)      2 :  0.0078 0.9922 
 407      407   (0)      2 :  0.0080 0.9920 
 408      408   (0)      2 :  0.0268 0.9732 
 409      409   (0)      2 :  0.0150 0.9850 
 410      410   (0)      2 :  0.0300 0.9700 
 411      411   (0)      2 :  0.0090 0.9910 
 412      412   (0)      2 :  0.0130 0.9870 
 413      413   (0)      2 :  0.0080 0.9920 
 414      414   (0)      2 :  0.0210 0.9790 
 415      415   (0)      2 :  0.0140 0.9860 
 416      416   (0)      2 :  0.0090 0.9910 
 417      417   (0)      2 :  0.0110 0.9890 
 418      418   (0)      2 :  0.0090 0.9910 
 419      419   (0)      2 :  0.0080 0.9920 
 420      420   (0)      2 :  0.0122 0.9878 
 421      421   (0)      2 :  0.0110 0.9890 
 422      422   (0)      2 :  0.0150 0.9850 
 423      423   (0)      2 :  0.0270 0.9730 
 424      424   (0)      2 :  0.0240 0.9760 
 425      425   (0)      2 :  0.0100 0.9900 
 426      426   (0)      2 :  0.0080 0.9920 
 427      427   (0)      2 :  0.0100 0.9900 
 428      428   (0)      2 :  0.0080 0.9920 
 429      429   (0)      2 :  0.0100 0.9900 
 430      430   (0)      2 :  0.0120 0.9880 
 431      431   (0)      2 :  0.0070 0.9930 
 432      432   (0)      2 :  0.0180 0.9820 
 433      433   (0)      2 :  0.0210 0.9790 
 434      434   (0)      2 :  0.0150 0.9850 
 435      435   (0)      2 :  0.0260 0.9740 
 436      436   (0)      2 :  0.0100 0.9900 
 437      437   (0)      2 :  0.0220 0.9780 
 438      438   (0)      2 :  0.0180 0.9820 
 439      439   (0)      2 :  0.0478 0.9522 
 440      440   (0)      2 :  0.0102 0.9898 
 441      441   (0)      2 :  0.0060 0.9940 
 442      442   (0)      2 :  0.0088 0.9912 
 443      443   (0)      2 :  0.0090 0.9910 
 444      444   (0)      2 :  0.0196 0.9804 
 445      445   (0)      2 :  0.0100 0.9900 
 446      446   (0)      2 :  0.0110 0.9890 
 447      447   (0)      2 :  0.0110 0.9890 
 448      448   (0)      2 :  0.0100 0.9900 
 449      449   (0)      2 :  0.0140 0.9860 
 450      450   (0)      2 :  0.0130 0.9870 
 451      451   (0)      2 :  0.0120 0.9880 
 452      452   (0)      2 :  0.0070 0.9930 
 453      453   (0)      2 :  0.0070 0.9930 
 454      454   (0)      2 :  0.0090 0.9910 
 455      455   (0)      2 :  0.0070 0.9930 
 456      456   (0)      2 :  0.0150 0.9850 
 457      457   (0)      2 :  0.0116 0.9884 
 458      458   (0)      2 :  0.0160 0.9840 
 459      459   (0)      2 :  0.0080 0.9920 
 460      460   (0)      2 :  0.0150 0.9850 
 461      461   (0)      2 :  0.0060 0.9940 
 462      462   (0)      2 :  0.0350 0.9650 
 463      463   (0)      2 :  0.0112 0.9888 
 464      464   (0)      2 :  0.0112 0.9888 
 465      465   (0)      2 :  0.0260 0.9740 
 466      466   (0)      2 :  0.0130 0.9870 
 467      467   (0)      2 :  0.0150 0.9850 
 468      468   (0)      2 :  0.0210 0.9790 
 469      469   (0)      2 :  0.0080 0.9920 
 470      470   (0)      2 :  0.0090 0.9910 
 471      471   (0)      2 :  0.0070 0.9930 
 472      472   (0)      2 :  0.0100 0.9900 
 473      473   (0)      2 :  0.0180 0.9820 
 474      474   (0)      2 :  0.0690 0.9310 
 475      475   (0)      2 :  0.0266 0.9734 
 476      476   (0)      2 :  0.0120 0.9880 
 477      477   (0)      2 :  0.0120 0.9880 
 478      478   (0)      2 :  0.0150 0.9850 
 479      479   (0)      2 :  0.0090 0.9910 
 480      480   (0)      2 :  0.0130 0.9870 
 481      481   (0)      2 :  0.0332 0.9668 
 482      482   (0)      2 :  0.0120 0.9880 
 483      483   (0)      2 :  0.0080 0.9920 
 484      484   (0)      2 :  0.0120 0.9880 
 485      485   (0)      2 :  0.1038 0.8962 
 486      486   (0)      2 :  0.0204 0.9796 
 487      487   (0)      2 :  0.0170 0.9830 
 488      488   (0)      2 :  0.0072 0.9928 
 489      489   (0)      2 :  0.0150 0.9850 
 490      490   (0)      2 :  0.0920 0.9080 
 491      491   (0)      2 :  0.0288 0.9712 
 492      492   (0)      2 :  0.0120 0.9880 
 493      493   (0)      2 :  0.0190 0.9810 
 494      494   (0)      2 :  0.0120 0.9880 
 495      495   (0)      2 :  0.0080 0.9920 
 496      496   (0)      2 :  0.0108 0.9892 
 497      497   (0)      2 :  0.0090 0.9910 
 498      498   (0)      2 :  0.0110 0.9890 
 499      499   (0)      2 :  0.0120 0.9880 
 500      500   (0)      2 :  0.0090 0.9910 
 501      501   (0)      3 :  0.0860 0.9140 
 502      502   (0)      3 :  0.0160 0.9840 
 503      503   (0)      3 :  0.2354 0.7646 
 504      504   (0)      3 :  0.0290 0.9710 
 505      505   (0)      3 :  0.1420 0.8580 
 506      506   (0)      3 :  0.1128 0.8872 
 507      507   (0)      3 :  0.2330 0.7670 
 508      508   (0)      3 :  0.0250 0.9750 
 509      509   (0)      3 :  0.0462 0.9538 
 510      510   (0)      3 :  0.4090 0.5910 
 511      511   (0)      3 :  0.0138 0.9862 
 512      512   (0)      3 :  0.0928 0.9072 
 513      513   (0)      3 :  0.1680 0.8320 
 514      514   (0)      3 :  0.1502 0.8498 
 515      515   (0)      3 :  0.3254 0.6746 
 516      516   (0)      3 :  0.0270 0.9730 
 517      517   (0)      3 :  0.0100 0.9900 
 518      518   (0)      3 :  0.1420 0.8580 
 519      519   (0)      3 :  0.1802 0.8198 
 520      520   (0)      3 :  0.1870 0.8130 
 521      521   (0)      3 :  0.1480 0.8520 
 522      522   (0)      3 :  0.1120 0.8880 
 523      523   (0)      3 :  0.0300 0.9700 
 524      524   (0)      3 :  0.1918 0.8082 
 525      525   (0)      3 :  0.1090 0.8910 
 526      526   (0)      3 :  0.0210 0.9790 
 527      527   (0)      3 :  0.1040 0.8960 
 528      528   (0)      3 :  0.1000 0.9000 
 529      529   (0)      3 :  0.1682 0.8318 
 530      530   (0)      3 :  0.1870 0.8130 
 531      531   (0)      3 :  0.3800 0.6200 
 532      532   (0)      3 :  0.0884 0.9116 
 533      533   (0)      3 :  0.0120 0.9880 
 534      534   (0)      3 :  0.4302 0.5698 
 535      535   (0)      3 :  0.2120 0.7880 
 536      536   (0)      3 :  0.0720 0.9280 
 537      537   (0)      3 :  0.1038 0.8962 
 538      538   (0)      3 :  0.1008 0.8992 
 539      539   (0)      3 :  0.3300 0.6700 
 540      540   (0)      3 :  0.0080 0.9920 
 541      541   (0)      3 :  0.2866 0.7134 
 542      542   (0)      3 :  0.0468 0.9532 
 543      543   (0)      3 :  0.0690 0.9310 
 544      544   (0)      3 :  0.3730 0.6270 
 545      545   (0)      3 :  0.0170 0.9830 
 546      546   (0)      3 :  0.0550 0.9450 
 547      547   (0)      3 :  0.0110 0.9890 
 548      548   (0)      3 :  0.0420 0.9580 
 549      549   (0)      3 :  0.1490 0.8510 
 550      550   (0)      3 :  0.0790 0.9210 
 551      551   (0)      3 :  0.0330 0.9670 
 552      552   (0)      3 :  0.2258 0.7742 
 553      553   (0)      3 :  0.0572 0.9428 
 554      554   (0)      3 :  0.0710 0.9290 
 555      555   (0)      3 :  0.0990 0.9010 
 556      556   (0)      3 :  0.1460 0.8540 
 557      557   (0)      3 :  0.0160 0.9840 
 558      558   (0)      3 :  0.1520 0.8480 
 559      559   (0)      3 :  0.0140 0.9860 
 560      560   (0)      3 :  0.1520 0.8480 
 561      561   (0)      3 :  0.0180 0.9820 
 562      562   (0)      3 :  0.0270 0.9730 
 563      563   (0)      3 :  0.0986 0.9014 
 564      564   (0)      3 :  0.0120 0.9880 
 565      565   (0)      3 :  0.0370 0.9630 
 566      566   (0)      3 :  0.2270 0.7730 
 567      567   (0)      3 :  0.1862 0.8138 
 568      568   (0)      3 :  0.0384 0.9616 
 569      569   (0)      3 :  0.0728 0.9272 
 570      570   (0)      3 :  0.0100 0.9900 
 571      571   (0)      3 :  0.0120 0.9880 
 572      572   (0)      3 :  0.0160 0.9840 
 573      573   (0)      3 :  0.0490 0.9510 
 574      574   (0)      3 :  0.0360 0.9640 
 575      575   (0)      3 :  0.0120 0.9880 
 576      576   (0)      3 :  0.2200 0.7800 
 577      577   (0)      3 :  0.0200 0.9800 
 578      578   (0)      3 :  0.1050 0.8950 
 579      579   (0)      3 :  0.0950 0.9050 
 580      580   (0)      3 :  0.1988 0.8012 
 581      581   (0)      3 :  0.1496 0.8504 
 582      582   (0)      3 :  0.1108 0.8892 
 583      583   (0)      3 :  0.1000 0.9000 
 584      584   (0)      3 :  0.1132 0.8868 
 585      585   (0)      3 :  0.0150 0.9850 
 586      586   (0)      3 :  0.2110 0.7890 
 587      587   (0)      3 :  0.0360 0.9640 
 588      588   (0)      3 :  0.1526 0.8474 
 589      589   (0)      3 :  0.0980 0.9020 
 590      590   (0)      3 :  0.0276 0.9724 
 591      591   (0)      3 :  0.0800 0.9200 
 592      592   (0)      3 :  0.0330 0.9670 
 593      593   (0)      3 :  0.0300 0.9700 
 594      594   (0)      3 :  0.3816 0.6184 
 595      595   (0)      3 :  0.1302 0.8698 
 596      596   (0)      3 :  0.1150 0.8850 
 597      597   (0)      3 :  0.0210 0.9790 
 598      598   (0)      3 :  0.2260 0.7740 
 599      599   (0)      3 :  0.0588 0.9412 
 600      600   (0)      3 :  0.0190 0.9810 
 601      601   (0)      4 :  0.3320 0.6680 
 602      602   (0)      4 :  0.0476 0.9524 
 603      603   (0)      4 :  0.0420 0.9580 
 604      604   (0)      4 :  0.0590 0.9410 
 605      605   (0)      4 :  0.2330 0.7670 
 606      606   (0)      4 :  0.2656 0.7344 
 607      607   (0)      4 :  0.1790 0.8210 
 608      608   (0)      4 :  0.1864 0.8136 
 609      609   (0)      4 :  0.0600 0.9400 
 610      610   (0)      4 :  0.1076 0.8924 
 611      611   (0)      4 :  0.4294 0.5706 
 612      612   (0)      4 :  0.2420 0.7580 
 613      613   (0)      4 :  0.2654 0.7346 
 614      614   (0)      4 :  0.3860 0.6140 
 615      615   (0)      4 :  0.1968 0.8032 
 616      616   (0)      4 :  0.2730 0.7270 
 617      617   (0)      4 :  0.1620 0.8380 
 618      618   (0)      4 :  0.2610 0.7390 
 619      619   (0)      4 :  0.2612 0.7388 
 620      620   (0)      4 :  0.3520 0.6480 
 621      621   (0)      4 :  0.4010 0.5990 
 622      622   (0)      4 :  0.2126 0.7874 
 623      623   (0)      4 :  0.3830 0.6170 
 624      624   (0)      4 :  0.4826 0.5174 
 625      625   (0)      4 :  0.2350 0.7650 
 626      626   (0)      4 :  0.2170 0.7830 
 627      627   (0)      4 :  0.0940 0.9060 
 628      628   (0)      4 :  0.0260 0.9740 
 629      629   (0)      4 :  0.1444 0.8556 
 630      630   (0)      4 :  0.3170 0.6830 
 631      631   (0)      4 :  0.4058 0.5942 
 632      632   (0)      4 :  0.3382 0.6618 
 633      633   (0)      4 :  0.3140 0.6860 
 634      634   (0)      4 :  0.2012 0.7988 
 635      635   (0)      4 :  0.1810 0.8190 
 636      636   (0)      4 :  0.0460 0.9540 
 637      637   (0)      4 :  0.0750 0.9250 
 638      638   (0)      4 :  0.2178 0.7822 
 639      639   (0)      4 :  0.1480 0.8520 
 640      640   (0)      4 :  0.3320 0.6680 
 641      641   (0)      4 :  0.4172 0.5828 
 642      642   (0)      4 :  0.1372 0.8628 
 643      643   (0)      4 :  0.1872 0.8128 
 644      644   (0)      4 :  0.3916 0.6084 
 645      645   (0)      4 :  0.1084 0.8916 
 646      646   (0)      4 :  0.1250 0.8750 
 647      647   (0)      4 :  0.0270 0.9730 
 648      648   (0)      4 :  0.1998 0.8002 
 649      649   (0)      4 :  0.0880 0.9120 
 650      650   (0)      4 :  0.2150 0.7850 
 651      651   (0)      4 :  0.1960 0.8040 
 652      652   (0)      4 :  0.0680 0.9320 
 653      653   (0)      4 :  0.3540 0.6460 
 654      654   (0)      4 :  0.1296 0.8704 
 655      655   (0)      4 :  0.2152 0.7848 
 656      656   (0)      4 :  0.2090 0.7910 
 657      657   (0)      4 :  0.1052 0.8948 
 658      658   (0)      4 :  0.4360 0.5640 
 659      659   (0)      4 :  0.3410 0.6590 
 660      660   (0)      4 :  0.2330 0.7670 
 661      661   (0)      4 :  0.1438 0.8562 
 662      662   (0)      4 :  0.2296 0.7704 
 663      663   (0)      4 :  0.0956 0.9044 
 664      664   (0)      4 :  0.3900 0.6100 
 665      665   (0)      4 :  0.3420 0.6580 
 666      666   (0)      4 :  0.1800 0.8200 
 667      667   (0)      4 :  0.3680 0.6320 
 668      668   (0)      4 :  0.1180 0.8820 
 669      669   (0)      4 :  0.1430 0.8570 
 670      670   (0)      4 :  0.3340 0.6660 
 671      671   (0)      4 :  0.1600 0.8400 
 672      672   (0)      4 :  0.0890 0.9110 
 673      673   (0)      4 :  0.2880 0.7120 
 674      674   (0)      4 :  0.2230 0.7770 
 675      675   (0)      4 :  0.3380 0.6620 
 676      676   (0)      4 :  0.0510 0.9490 
 677      677   (0)      4 :  0.3202 0.6798 
 678      678   (0)      4 :  0.1242 0.8758 
 679      679   (0)      4 :  0.1820 0.8180 
 680      680   (0)      4 :  0.1440 0.8560 
 681      681   (0)      4 :  0.1880 0.8120 
 682      682   (0)      4 :  0.3930 0.6070 
 683      683   (0)      4 :  0.3140 0.6860 
 684      684   (0)      4 :  0.2500 0.7500 
 685      685   (0)      4 :  0.1708 0.8292 
 686      686   (0)      4 :  0.0410 0.9590 
 687      687   (0)      4 :  0.1392 0.8608 
 688      688   (0)      4 :  0.1240 0.8760 
 689      689   (0)      4 :  0.2310 0.7690 
 690      690   (0)      4 :  0.3970 0.6030 
 691      691   (0)      4 :  0.0350 0.9650 
 692      692   (0)      4 :  0.1706 0.8294 
 693      693   (0)      4 :  0.1762 0.8238 
 694      694   (0)      4 :  0.4810 0.5190 
 695      695   (0)      4 :  0.1460 0.8540 
 696      696   (0)      4 :  0.3060 0.6940 
 697      697   (0)      4 :  0.2278 0.7722 
 698      698   (0)      4 :  0.2240 0.7760 
 699      699   (0)      4 :  0.1590 0.8410 
 700      700   (0)      4 :  0.2246 0.7754 
 701      701   (5)      5 :  0.3880 0.6120 
 702      702   (0)      5 :  0.6142 0.3858 
 703      703   (0)      5 :  0.4804 0.5196 
 704      704   (5)      5 :  0.5486 0.4514 
 705      705   (5)      5 :  0.5642 0.4358 
 706      706   (0)      5 :  0.6836 0.3164 
 707      707   (0)      6 :  0.5790 0.4210 
 708      708   (0)      6 :  0.4230 0.5770 
 709      709   (0)      6 :  0.6032 0.3968 
 710      710   (0)      6 :  0.5192 0.4808 
 711      711   (0)      6 :  0.4668 0.5332 
 712      712   (0)      6 :  0.6042 0.3958 
 713      713   (0)      6 :  0.2750 0.7250 
 714      714   (0)      6 :  0.6600 0.3400 
 715      715   (0)      6 :  0.3206 0.6794 
 716      716   (0)      6 :  0.4890 0.5110 
 717      717   (0)      6 :  0.6022 0.3978 
 718      718   (0)      6 :  0.3252 0.6748 
 719      719   (0)      6 :  0.4290 0.5710 
 720      720   (0)      6 :  0.6296 0.3704 
 721      721   (0)      6 :  0.4956 0.5044 
 722      722   (0)      6 :  0.5300 0.4700 
 723      723   (0)      6 :  0.3860 0.6140 
 724      724   (0)      6 :  0.2280 0.7720 
 725      725   (0)      6 :  0.4190 0.5810 
 726      726   (0)      6 :  0.4100 0.5900 
 727      727   (0)      6 :  0.6652 0.3348 
 728      728   (0)      6 :  0.6060 0.3940 
 729      729   (0)      6 :  0.5240 0.4760 
 730      730   (0)      6 :  0.5348 0.4652 
 731      731   (0)      6 :  0.7232 0.2768 
 732      732   (0)      6 :  0.4240 0.5760 
 733      733   (0)      6 :  0.4500 0.5500 
 734      734   (0)      6 :  0.4590 0.5410 
 735      735   (0)      6 :  0.4514 0.5486 
 736      736   (0)      6 :  0.5560 0.4440 
 737      737   (0)      6 :  0.5898 0.4102 
 738      738   (0)      6 :  0.5944 0.4056 
 739      739   (0)      6 :  0.6178 0.3822 
 740      740   (0)      6 :  0.4782 0.5218 
 741      741   (0)      6 :  0.4740 0.5260 
 742      742   (0)      6 :  0.4500 0.5500 
 743      743   (0)      6 :  0.4270 0.5730 
 744      744   (0)      6 :  0.4760 0.5240 
 745      745   (0)      6 :  0.5670 0.4330 
 746      746   (0)      6 :  0.5720 0.4280 
 747      747   (0)      6 :  0.3480 0.6520 
 748      748   (0)      6 :  0.4550 0.5450 
 749      749   (0)      6 :  0.6200 0.3800 
 750      750   (0)      6 :  0.5602 0.4398 
 751      751   (0)      6 :  0.4426 0.5574 
 752      752   (0)      6 :  0.3930 0.6070 
 753      753   (0)      6 :  0.6028 0.3972 
 754      754   (0)      6 :  0.4720 0.5280 
 755      755   (0)      6 :  0.4790 0.5210 
 756      756   (0)      6 :  0.4580 0.5420 
 757      757   (0)      6 :  0.5642 0.4358 
 758      758   (0)      6 :  0.5034 0.4966 
 759      759   (0)      6 :  0.3330 0.6670 
 760      760   (0)      6 :  0.5460 0.4540 
 761      761   (0)      6 :  0.4556 0.5444 
 762      762   (0)      6 :  0.5912 0.4088 
 763      763   (0)      6 :  0.6508 0.3492 
 764      764   (0)      6 :  0.5110 0.4890 
 765      765   (0)      6 :  0.5462 0.4538 
 766      766   (0)      6 :  0.4002 0.5998 
 767      767   (0)      6 :  0.4350 0.5650 
 768      768   (0)      6 :  0.4400 0.5600 
 769      769   (0)      6 :  0.4720 0.5280 
 770      770   (0)      6 :  0.3350 0.6650 
 771      771   (0)      6 :  0.5782 0.4218 
 772      772   (0)      6 :  0.6060 0.3940 
 773      773   (0)      6 :  0.3290 0.6710 
 774      774   (0)      6 :  0.4768 0.5232 
 775      775   (0)      6 :  0.4038 0.5962 
 776      776   (0)      6 :  0.4462 0.5538 
 777      777   (0)      6 :  0.5610 0.4390 
 778      778   (0)      6 :  0.3360 0.6640 
 779      779   (0)      6 :  0.4788 0.5212 
 780      780   (0)      6 :  0.5580 0.4420 
 781      781   (0)      6 :  0.4820 0.5180 
 782      782   (0)      6 :  0.5678 0.4322 
 783      783   (0)      6 :  0.3618 0.6382 
 784      784   (0)      6 :  0.4884 0.5116 
 785      785   (0)      6 :  0.5214 0.4786 
 786      786   (0)      6 :  0.5820 0.4180 
 787      787   (0)      6 :  0.3724 0.6276 
 788      788   (0)      6 :  0.7314 0.2686 
 789      789   (0)      6 :  0.4974 0.5026 
 790      790   (0)      6 :  0.4350 0.5650 
 791      791   (0)      6 :  0.4340 0.5660 
 792      792   (0)      6 :  0.4330 0.5670 
 793      793   (0)      6 :  0.5734 0.4266 
 794      794   (0)      6 :  0.4772 0.5228 
 795      795   (0)      6 :  0.3556 0.6444 
 796      796   (0)      6 :  0.4940 0.5060 
 797      797   (0)      6 :  0.5810 0.4190 
 798      798   (0)      6 :  0.5110 0.4890 
 799      799   (0)      6 :  0.4560 0.5440 
 800      800   (0)      6 :  0.5360 0.4640 
 801      801   (0)      6 :  0.5956 0.4044 
 802      802   (0)      6 :  0.4800 0.5200 
 803      803   (0)      6 :  0.6518 0.3482 
 804      804   (0)      6 :  0.4300 0.5700 
 805      805   (0)      6 :  0.5400 0.4600 
 806      806   (0)      6 :  0.3674 0.6326 
 807      807   (0)      7 :  0.8740 0.1260 
 808      808   (0)      7 :  0.7608 0.2392 
 809      809   (0)      8 :  0.8410 0.1590 
 810      810   (0)      8 :  0.7460 0.2540 
 811      811   (0)      8 :  0.9110 0.0890 
 812      812   (0)      8 :  0.7468 0.2532 
 813      813   (0)      8 :  0.9372 0.0628 
 814      814   (0)      8 :  0.9400 0.0600 
 815      815   (0)      8 :  0.6730 0.3270 
 816      816   (0)      8 :  0.7600 0.2400 
 817      817   (0)      8 :  0.5980 0.4020 
 818      818   (0)      8 :  0.6750 0.3250 
 819      819   (0)      8 :  0.6150 0.3850 
 820      820   (0)      8 :  0.7554 0.2446 
 821      821   (0)      8 :  0.8762 0.1238 
 822      822   (0)      8 :  0.8174 0.1826 
 823      823   (0)      8 :  0.7300 0.2700 
 824      824   (0)      8 :  0.7106 0.2894 
 825      825   (0)      8 :  0.6272 0.3728 
 826      826   (0)      8 :  0.9242 0.0758 
 827      827   (0)      8 :  0.6768 0.3232 
 828      828   (0)      8 :  0.8900 0.1100 
 829      829   (0)      8 :  0.6510 0.3490 
 830      830   (0)      8 :  0.6830 0.3170 
 831      831   (0)      8 :  0.7460 0.2540 
 832      832   (0)      8 :  0.8620 0.1380 
 833      833   (0)      8 :  0.9422 0.0578 
 834      834   (0)      8 :  0.8368 0.1632 
 835      835   (0)      8 :  0.6560 0.3440 
 836      836   (0)      8 :  0.6462 0.3538 
 837      837   (0)      8 :  0.9402 0.0598 
 838      838   (0)      8 :  0.7680 0.2320 
 839      839   (0)      8 :  0.8520 0.1480 
 840      840   (0)      8 :  0.7302 0.2698 
 841      841   (0)      8 :  0.7150 0.2850 
 842      842   (0)      8 :  0.9640 0.0360 
 843      843   (0)      8 :  0.6230 0.3770 
 844      844   (0)      8 :  0.6910 0.3090 
 845      845   (0)      8 :  0.9190 0.0810 
 846      846   (0)      8 :  0.7210 0.2790 
 847      847   (0)      8 :  0.7372 0.2628 
 848      848   (0)      8 :  0.6870 0.3130 
 849      849   (0)      8 :  0.7732 0.2268 
 850      850   (0)      8 :  0.7790 0.2210 
 851      851   (0)      8 :  0.8512 0.1488 
 852      852   (0)      8 :  0.8640 0.1360 
 853      853   (0)      8 :  0.8590 0.1410 
 854      854   (0)      8 :  0.9790 0.0210 
 855      855   (0)      8 :  0.8240 0.1760 
 856      856   (0)      8 :  0.5716 0.4284 
 857      857   (0)      8 :  0.7920 0.2080 
 858      858   (0)      8 :  0.7888 0.2112 
 859      859   (0)      8 :  0.7538 0.2462 
 860      860   (0)      8 :  0.7768 0.2232 
 861      861   (0)      8 :  0.4500 0.5500 
 862      862   (0)      8 :  0.6150 0.3850 
 863      863   (0)      8 :  0.9420 0.0580 
 864      864   (0)      8 :  0.7860 0.2140 
 865      865   (0)      8 :  0.7590 0.2410 
 866      866   (0)      8 :  0.7050 0.2950 
 867      867   (0)      8 :  0.8608 0.1392 
 868      868   (0)      8 :  0.7708 0.2292 
 869      869   (0)      8 :  0.8376 0.1624 
 870      870   (0)      8 :  0.8020 0.1980 
 871      871   (0)      8 :  0.7292 0.2708 
 872      872   (0)      8 :  0.7166 0.2834 
 873      873   (0)      8 :  0.7752 0.2248 
 874      874   (0)      8 :  0.6810 0.3190 
 875      875   (0)      8 :  0.7230 0.2770 
 876      876   (0)      8 :  0.7260 0.2740 
 877      877   (0)      8 :  0.7080 0.2920 
 878      878   (0)      8 :  0.7420 0.2580 
 879      879   (0)      8 :  0.3860 0.6140 
 880      880   (0)      8 :  0.7052 0.2948 
 881      881   (0)      8 :  0.8276 0.1724 
 882      882   (0)      8 :  0.6272 0.3728 
 883      883   (0)      8 :  0.8158 0.1842 
 884      884   (0)      8 :  0.6584 0.3416 
 885      885   (0)      8 :  0.8182 0.1818 
 886      886   (0)      8 :  0.9512 0.0488 
 887      887   (0)      8 :  0.7970 0.2030 
 888      888   (0)      8 :  0.8280 0.1720 
 889      889   (0)      8 :  0.7088 0.2912 
 890      890   (0)      8 :  0.7108 0.2892 
 891      891   (0)      8 :  0.7300 0.2700 
 892      892   (0)      8 :  0.8780 0.1220 
 893      893   (0)      8 :  0.8240 0.1760 
 894      894   (0)      8 :  0.9298 0.0702 
 895      895   (0)      8 :  0.7210 0.2790 
 896      896   (0)      8 :  0.8310 0.1690 
 897      897   (0)      8 :  0.7142 0.2858 
 898      898   (0)      8 :  0.7028 0.2972 
 899      899   (0)      8 :  0.8090 0.1910 
 900      900   (0)      8 :  0.7130 0.2870 
 901      901   (0)      8 :  0.6890 0.3110 
 902      902   (0)      8 :  0.9330 0.0670 
 903      903   (0)      8 :  0.5850 0.4150 
 904      904   (0)      8 :  0.7352 0.2648 
 905      905   (0)      8 :  0.8212 0.1788 
 906      906   (0)      8 :  0.6780 0.3220 
 907      907   (0)      8 :  0.7270 0.2730 
 908      908   (0)      8 :  0.9000 0.1000 
 909      909  (10)      9 :  0.9024 0.0976 
 910      910   (5)      9 :  0.9820 0.0180 
 911      911   (5)      9 :  0.6020 0.3980 
 912      912   (5)      9 :  0.9910 0.0090 
 913      913  (10)      9 :  0.7720 0.2280 
 914      914   (5)      9 :  0.5494 0.4506 
 915      915  (10)      9 :  0.8890 0.1110 
 916      916   (0)      9 :  0.8970 0.1030 
 917      917   (0)      9 :  0.9478 0.0522 
 918      918   (0)      9 :  0.9900 0.0100 
 919      919   (0)      9 :  0.9508 0.0492 
 920      920   (0)      9 :  0.8370 0.1630 
 921      921   (0)      9 :  0.9730 0.0270 
 922      922   (0)      9 :  0.8280 0.1720 
 923      923   (0)      9 :  0.8602 0.1398 
 924      924   (0)      9 :  0.8210 0.1790 
 925      925   (0)      9 :  0.7820 0.2180 
 926      926   (0)      9 :  0.5970 0.4030 
 927      927   (0)      9 :  0.9770 0.0230 
 928      928   (5)      9 :  0.9660 0.0340 
 929      929   (0)      9 :  0.8222 0.1778 
 930      930   (0)      9 :  0.7526 0.2474 
 931      931   (5)      9 :  0.9190 0.0810 
 932      932   (5)      9 :  0.9642 0.0358 
 933      933   (0)      9 :  0.7900 0.2100 
 934      934   (0)      9 :  0.9018 0.0982 
 935      935   (0)      9 :  0.9470 0.0530 
 936      936   (0)      9 :  0.9880 0.0120 
 937      937   (0)      9 :  0.9920 0.0080 
 938      938   (0)      9 :  0.9930 0.0070 
 939      939   (0)      9 :  0.9930 0.0070 
 940      940   (0)      9 :  0.9730 0.0270 
 941      941   (0)      9 :  0.8190 0.1810 
 942      942   (0)      9 :  0.8960 0.1040 
 943      943   (0)      9 :  0.9470 0.0530 
 944      944   (0)      9 :  0.9050 0.0950 
 945      945   (0)      9 :  0.7656 0.2344 
 946      946   (0)      9 :  0.9870 0.0130 
 947      947   (0)      9 :  0.8062 0.1938 
 948      948   (0)      9 :  0.8250 0.1750 
 949      949   (0)      9 :  0.9758 0.0242 
 950      950   (0)      9 :  0.8710 0.1290 
 951      951   (0)     10 :  0.8610 0.1390 
 952      952   (0)     10 :  0.7060 0.2940 
 953      953   (0)     10 :  0.9780 0.0220 
 954      954   (0)     10 :  0.9860 0.0140 
 955      955   (0)     10 :  0.8510 0.1490 
 956      956   (0)     10 :  0.9592 0.0408 
 957      957   (0)     10 :  0.9890 0.0110 
 958      958   (0)     10 :  0.7700 0.2300 
 959      959   (0)     10 :  0.8070 0.1930 
 960      960   (0)     10 :  0.9200 0.0800 
 961      961   (0)     10 :  0.9470 0.0530 
 962      962   (0)     10 :  0.9090 0.0910 
 963      963   (0)     10 :  0.7810 0.2190 
 964      964   (0)     10 :  0.8340 0.1660 
 965      965   (0)     10 :  0.6260 0.3740 
 966      966   (0)     10 :  0.8660 0.1340 
 967      967   (0)     10 :  0.9556 0.0444 
 968      968   (0)     10 :  0.9000 0.1000 
 969      969   (0)     10 :  0.9560 0.0440 
 970      970   (0)     10 :  0.7850 0.2150 
 971      971   (0)     10 :  0.9030 0.0970 
 972      972   (0)     10 :  0.9190 0.0810 
 973      973   (0)     10 :  0.8174 0.1826 
 974      974   (0)     10 :  0.9910 0.0090 
 975      975   (0)     10 :  0.8490 0.1510 
 976      976   (0)     10 :  0.9870 0.0130 
 977      977   (0)     10 :  0.9320 0.0680 
 978      978   (0)     10 :  0.8256 0.1744 
 979      979   (0)     10 :  0.7944 0.2056 
 980      980   (0)     10 :  0.7920 0.2080 
 981      981   (0)     10 :  0.8370 0.1630 
 982      982   (0)     10 :  0.7690 0.2310 
 983      983   (0)     10 :  0.8700 0.1300 
 984      984   (0)     10 :  0.9750 0.0250 
 985      985   (0)     10 :  0.8510 0.1490 
 986      986   (0)     10 :  0.8740 0.1260 
 987      987   (0)     10 :  0.9310 0.0690 
 988      988   (0)     10 :  0.9890 0.0110 
 989      989   (0)     10 :  0.9840 0.0160 
 990      990   (0)     10 :  0.7590 0.2410 
 991      991   (0)     10 :  0.7566 0.2434 
 992      992   (0)     10 :  0.7460 0.2540 
 993      993   (0)     10 :  0.9344 0.0656 
 994      994   (0)     10 :  0.9850 0.0150 
 995      995   (0)     10 :  0.8900 0.1100 
 996      996   (0)     10 :  0.8560 0.1440 
 997      997   (0)     10 :  0.8738 0.1262 
 998      998   (0)     10 :  0.8610 0.1390 
 999      999   (0)     10 :  0.8390 0.1610 
1000     1000   (0)     10 :  0.8716 0.1284 
1001     1001   (0)     10 :  0.8350 0.1650 
1002     1002   (0)     10 :  0.7280 0.2720 
1003     1003   (0)     10 :  0.8330 0.1670 
1004     1004   (0)     10 :  0.8334 0.1666 
1005     1005   (0)     10 :  0.9430 0.0570 
1006     1006   (0)     10 :  0.7120 0.2880 
1007     1007   (0)     10 :  0.8600 0.1400 
1008     1008   (0)     10 :  0.8090 0.1910 
1009     1009   (0)     10 :  0.9120 0.0880 
1010     1010   (0)     10 :  0.8650 0.1350 
1011     1011   (0)     10 :  0.8860 0.1140 
1012     1012   (0)     10 :  0.9880 0.0120 
1013     1013   (0)     10 :  0.9850 0.0150 
1014     1014   (0)     10 :  0.8444 0.1556 
1015     1015   (0)     10 :  0.9402 0.0598 
1016     1016   (0)     10 :  0.9020 0.0980 
1017     1017   (0)     10 :  0.7628 0.2372 
1018     1018   (0)     10 :  0.7530 0.2470 
1019     1019   (0)     10 :  0.9348 0.0652 
1020     1020   (0)     10 :  0.9770 0.0230 
1021     1021   (0)     10 :  0.8940 0.1060 
1022     1022   (0)     10 :  0.8810 0.1190 
1023     1023   (0)     10 :  0.9470 0.0530 
1024     1024   (0)     10 :  0.8030 0.1970 
1025     1025   (0)     10 :  0.8360 0.1640 
1026     1026   (0)     10 :  0.9910 0.0090 
1027     1027   (0)     10 :  0.9010 0.0990 
1028     1028   (0)     10 :  0.7800 0.2200 
1029     1029   (0)     10 :  0.7068 0.2932 
1030     1030   (0)     10 :  0.9250 0.0750 
1031     1031   (0)     10 :  0.9812 0.0188 
1032     1032   (0)     10 :  0.9710 0.0290 
1033     1033   (0)     10 :  0.7500 0.2500 
1034     1034   (0)     10 :  0.9680 0.0320 
1035     1035   (0)     10 :  0.9226 0.0774 
1036     1036   (0)     10 :  0.7098 0.2902 
1037     1037   (0)     10 :  0.7304 0.2696 
1038     1038   (0)     10 :  0.8150 0.1850 
1039     1039   (0)     10 :  0.9810 0.0190 
1040     1040   (0)     10 :  0.8828 0.1172 
1041     1041   (0)     10 :  0.7640 0.2360 
1042     1042   (0)     10 :  0.9158 0.0842 
1043     1043   (0)     10 :  0.7700 0.2300 
1044     1044   (0)     10 :  0.9830 0.0170 
1045     1045   (0)     10 :  0.8610 0.1390 
1046     1046   (0)     10 :  0.8398 0.1602 
1047     1047   (0)     10 :  0.8400 0.1600 
1048     1048   (0)     10 :  0.7626 0.2374 
1049     1049   (0)     10 :  0.9360 0.0640 
1050     1050   (0)     10 :  0.7266 0.2734 
1051     1051   (0)     11 :  0.9450 0.0550 
1052     1052  (10)     11 :  0.9820 0.0180 
1053     1053  (10)     11 :  0.9830 0.0170 
1054     1054   (5)     11 :  0.9930 0.0070 
1055     1055   (5)     11 :  0.9900 0.0100 
1056     1056   (0)     11 :  0.9930 0.0070 
1057     1057   (5)     11 :  0.9910 0.0090 
1058     1058   (5)     11 :  0.9880 0.0120 
1059     1059   (0)     11 :  0.9940 0.0060 
1060     1060   (0)     11 :  0.9920 0.0080 
1061     1061   (0)     11 :  0.9920 0.0080 
1062     1062   (0)     11 :  0.9930 0.0070 
1063     1063   (0)     11 :  0.9920 0.0080 
1064     1064   (5)     11 :  0.9930 0.0070 
1065     1065   (5)     11 :  0.9620 0.0380 
1066     1066  (10)     11 :  0.9802 0.0198 
1067     1067   (0)     11 :  0.9920 0.0080 
1068     1068   (5)     11 :  0.9740 0.0260 
1069     1069   (5)     11 :  0.9890 0.0110 
1070     1070   (0)     11 :  0.9930 0.0070 
1071     1071   (5)     11 :  0.9910 0.0090 
1072     1072   (0)     11 :  0.9870 0.0130 
1073     1073   (5)     11 :  0.9940 0.0060 
1074     1074   (0)     11 :  0.9912 0.0088 
1075     1075   (0)     11 :  0.9880 0.0120 
1076     1076   (0)     11 :  0.9768 0.0232 
1077     1077   (0)     11 :  0.9910 0.0090 
1078     1078   (0)     11 :  0.9900 0.0100 
1079     1079   (0)     11 :  0.9840 0.0160 
1080     1080   (0)     11 :  0.9750 0.0250 
1081     1081   (0)     11 :  0.9810 0.0190 
1082     1082   (0)     11 :  0.9710 0.0290 
1083     1083   (0)     11 :  0.9910 0.0090 
1084     1084   (0)     11 :  0.9834 0.0166 
1085     1085   (0)     11 :  0.9800 0.0200 
1086     1086   (0)     11 :  0.9940 0.0060 
1087     1087   (0)     11 :  0.9800 0.0200 
1088     1088   (0)     11 :  0.9920 0.0080 
1089     1089   (5)     11 :  0.9890 0.0110 
1090     1090   (5)     11 :  0.9900 0.0100 
1091     1091   (0)     11 :  0.9890 0.0110 
1092     1092  (15)     11 :  0.9810 0.0190 
1093     1093  (10)     11 :  0.9930 0.0070 
1094     1094  (10)     11 :  0.9900 0.0100 
1095     1095  (10)     11 :  0.9860 0.0140 
1096     1096   (5)     11 :  0.9854 0.0146 
1097     1097   (5)     11 :  0.9920 0.0080 
1098     1098   (5)     11 :  0.9910 0.0090 
1099     1099   (5)     11 :  0.9920 0.0080 
1100     1100   (5)     11 :  0.9856 0.0144 
1101     1101   (5)     11 :  0.9880 0.0120 
1102     1102  (15)     11 :  0.9708 0.0292 
1103     1103   (5)     11 :  0.9590 0.0410 
1104     1104   (5)     11 :  0.9930 0.0070 
1105     1105  (15)     11 :  0.9890 0.0110 
1106     1106   (5)     11 :  0.9290 0.0710 
1107     1107   (5)     11 :  0.9470 0.0530 
1108     1108   (5)     11 :  0.9890 0.0110 
1109     1109   (5)     11 :  0.9920 0.0080 
1110     1110  (10)     11 :  0.9860 0.0140 
1111     1111   (5)     11 :  0.9910 0.0090 
1112     1112   (5)     11 :  0.9880 0.0120 
1113     1113  (10)     11 :  0.9908 0.0092 
1114     1114  (10)     11 :  0.9890 0.0110 
1115     1115  (10)     11 :  0.9588 0.0412 
1116     1116  (10)     11 :  0.9520 0.0480 
1117     1117   (5)     11 :  0.9920 0.0080 
1118     1118  (10)     11 :  0.9860 0.0140 
1119     1119   (0)     11 :  0.9930 0.0070 
1120     1120   (5)     11 :  0.9910 0.0090 
1121     1121   (0)     11 :  0.9930 0.0070 
1122     1122   (0)     11 :  0.9940 0.0060 
1123     1123   (0)     11 :  0.9890 0.0110 
1124     1124   (0)     11 :  0.9790 0.0210 
1125     1125   (0)     11 :  0.9920 0.0080 
1126     1126   (0)     11 :  0.9520 0.0480 
1127     1127   (0)     11 :  0.9870 0.0130 
1128     1128  (10)     11 :  0.9882 0.0118 
1129     1129  (10)     11 :  0.6932 0.3068 
1130     1130   (0)     11 :  0.9670 0.0330 
1131     1131   (5)     11 :  0.8462 0.1538 
1132     1132   (0)     11 :  0.9860 0.0140 
1133     1133   (5)     11 :  0.9590 0.0410 
1134     1134   (5)     11 :  0.9920 0.0080 
1135     1135   (5)     11 :  0.9890 0.0110 
1136     1136  (10)     11 :  0.9930 0.0070 
1137     1137   (0)     11 :  0.9920 0.0080 
1138     1138   (0)     11 :  0.9910 0.0090 
1139     1139   (0)     11 :  0.8960 0.1040 
1140     1140   (0)     11 :  0.9910 0.0090 
1141     1141   (0)     11 :  0.9860 0.0140 
1142     1142   (0)     11 :  0.9920 0.0080 
1143     1143   (0)     11 :  0.9920 0.0080 
1144     1144   (0)     11 :  0.9870 0.0130 
1145     1145   (0)     11 :  0.9900 0.0100 
1146     1146   (0)     11 :  0.9872 0.0128 
1147     1147   (0)     11 :  0.9880 0.0120 
1148     1148   (0)     11 :  0.9546 0.0454 
1149     1149   (0)     11 :  0.9668 0.0332 
1150     1150   (0)     11 :  0.9826 0.0174 
1151     1151   (0)     11 :  0.9900 0.0100 
1152     1152   (0)     11 :  0.9680 0.0320 
1153     1153   (0)     11 :  0.9920 0.0080 
1154     1154   (5)     11 :  0.9870 0.0130 
1155     1155   (0)     11 :  0.9900 0.0100 
1156     1156   (5)     11 :  0.6880 0.3120 
1157     1157   (0)     11 :  0.9910 0.0090 
1158     1158   (0)     11 :  0.9372 0.0628 
1159     1159   (0)     11 :  0.9848 0.0152 
1160     1160   (0)     11 :  0.9840 0.0160 
1161     1161   (0)     11 :  0.9910 0.0090 
1162     1162   (0)     11 :  0.9920 0.0080 
1163     1163   (0)     11 :  0.9760 0.0240 
1164     1164   (0)     11 :  0.9920 0.0080 
1165     1165   (0)     11 :  0.9860 0.0140 
1166     1166   (0)     11 :  0.9930 0.0070 
1167     1167   (0)     11 :  0.8990 0.1010 
1168     1168   (0)     11 :  0.9930 0.0070 
1169     1169   (0)     11 :  0.9780 0.0220 
1170     1170   (5)     11 :  0.9908 0.0092 
1171     1171   (0)     11 :  0.9800 0.0200 
1172     1172   (0)     11 :  0.9870 0.0130 
1173     1173   (0)     11 :  0.9830 0.0170 
1174     1174  (10)     11 :  0.9900 0.0100 
1175     1175   (0)     11 :  0.9910 0.0090 
1176     1176   (0)     11 :  0.9920 0.0080 
1177     1177   (0)     11 :  0.9840 0.0160 
1178     1178  (10)     11 :  0.9870 0.0130 
1179     1179   (5)     11 :  0.9930 0.0070 
1180     1180   (0)     11 :  0.9900 0.0100 
1181     1181   (5)     11 :  0.9904 0.0096 
1182     1182   (5)     11 :  0.9930 0.0070 
1183     1183  (10)     11 :  0.9870 0.0130 
1184     1184   (0)     11 :  0.9920 0.0080 
1185     1185   (5)     11 :  0.9850 0.0150 
1186     1186  (10)     11 :  0.9910 0.0090 
1187     1187   (0)     11 :  0.9760 0.0240 
1188     1188   (0)     11 :  0.9420 0.0580 
1189     1189   (0)     11 :  0.9920 0.0080 
1190     1190   (0)     11 :  0.9880 0.0120 
1191     1191   (0)     11 :  0.9930 0.0070 
1192     1192   (0)     11 :  0.9830 0.0170 
1193     1193   (0)     11 :  0.9930 0.0070 
1194     1194   (0)     11 :  0.9920 0.0080 
1195     1195   (0)     11 :  0.9920 0.0080 
1196     1196   (5)     11 :  0.9800 0.0200 
1197     1197   (0)     11 :  0.9940 0.0060 
1198     1198   (0)     11 :  0.9910 0.0090 
1199     1199   (0)     11 :  0.9910 0.0090 
1200     1200   (5)     11 :  0.9790 0.0210 
1201     1201   (0)     11 :  0.9900 0.0100 
1202     1202   (0)     11 :  0.9720 0.0280 
1203     1203   (0)     11 :  0.9920 0.0080 
1204     1204   (0)     11 :  0.9920 0.0080 
1205     1205   (0)     11 :  0.9910 0.0090 
1206     1206   (0)     11 :  0.9860 0.0140 
1207     1207   (0)     11 :  0.9696 0.0304 
1208     1208   (0)     11 :  0.9920 0.0080 
1209     1209   (0)     11 :  0.9910 0.0090 
1210     1210   (0)     11 :  0.9830 0.0170 
1211     1211   (0)     11 :  0.9910 0.0090 
1212     1212   (0)     11 :  0.9930 0.0070 
1213     1213   (0)     11 :  0.9900 0.0100 
1214     1214   (0)     11 :  0.9930 0.0070 
1215     1215   (0)     11 :  0.9930 0.0070 
1216     1216   (0)     11 :  0.9920 0.0080 
1217     1217   (0)     11 :  0.9920 0.0080 
1218     1218   (0)     11 :  0.9840 0.0160 
1219     1219   (0)     11 :  0.9870 0.0130 
1220     1220   (0)     11 :  0.9920 0.0080 
1221     1221  (10)     11 :  0.9810 0.0190 
1222     1222   (5)     11 :  0.9902 0.0098 
1223     1223  (10)     11 :  0.9890 0.0110 
1224     1224   (5)     11 :  0.8520 0.1480 
1225     1225  (10)     11 :  0.9910 0.0090 
1226     1226  (10)     11 :  0.9890 0.0110 
1227     1227   (0)     11 :  0.9860 0.0140 
1228     1228   (5)     11 :  0.9720 0.0280 
1229     1229   (5)     11 :  0.9572 0.0428 
1230     1230  (10)     11 :  0.9870 0.0130 
1231     1231   (0)     11 :  0.9918 0.0082 
1232     1232   (0)     11 :  0.9870 0.0130 
1233     1233   (0)     11 :  0.9900 0.0100 
1234     1234   (0)     11 :  0.9870 0.0130 
1235     1235   (0)     11 :  0.9630 0.0370 
1236     1236   (0)     11 :  0.9050 0.0950 
1237     1237   (0)     11 :  0.8740 0.1260 
1238     1238   (0)     11 :  0.9910 0.0090 
1239     1239   (0)     11 :  0.9930 0.0070 
1240     1240   (5)     11 :  0.8710 0.1290 
1241     1241   (0)     11 :  0.8242 0.1758 
1242     1242   (0)     11 :  0.9920 0.0080 
1243     1243  (10)     11 :  0.9730 0.0270 
1244     1244   (5)     11 :  0.9870 0.0130 
1245     1245   (0)     11 :  0.9940 0.0060 
1246     1246   (5)     11 :  0.9200 0.0800 
1247     1247   (5)     11 :  0.9874 0.0126 
1248     1248   (0)     11 :  0.9910 0.0090 
1249     1249   (0)     11 :  0.9622 0.0378 
1250     1250   (0)     11 :  0.9860 0.0140 
1251     1251   (0)     11 :  0.9398 0.0602 
1252     1252   (0)     11 :  0.9930 0.0070 
1253     1253   (0)     11 :  0.9780 0.0220 
1254     1254   (0)     11 :  0.9930 0.0070 
1255     1255   (0)     11 :  0.9930 0.0070 
1256     1256   (0)     11 :  0.9930 0.0070 
1257     1257   (0)     11 :  0.9900 0.0100 
1258     1258   (0)     11 :  0.9758 0.0242 
1259     1259   (0)     11 :  0.9910 0.0090 
1260     1260   (0)     11 :  0.9900 0.0100 
1261     1261   (0)     11 :  0.9900 0.0100 
1262     1262   (0)     11 :  0.9906 0.0094 
1263     1263   (0)     11 :  0.9850 0.0150 
1264     1264   (0)     11 :  0.9904 0.0096 
1265     1265   (0)     11 :  0.9920 0.0080 
1266     1266   (0)     11 :  0.9920 0.0080 
1267     1267   (0)     11 :  0.9930 0.0070 
1268     1268   (0)     11 :  0.9930 0.0070 
1269     1269   (0)     11 :  0.9920 0.0080 
1270     1270   (0)     11 :  0.9930 0.0070 
1271     1271   (0)     11 :  0.9790 0.0210 
1272     1272   (0)     11 :  0.9670 0.0330 
1273     1273   (0)     11 :  0.9926 0.0074 
1274     1274   (0)     11 :  0.9510 0.0490 
1275     1275   (0)     11 :  0.9930 0.0070 
1276     1276   (0)     11 :  0.9920 0.0080 
1277     1277   (0)     11 :  0.9920 0.0080 
1278     1278   (0)     11 :  0.9850 0.0150 
1279     1279   (0)     11 :  0.9790 0.0210 
1280     1280   (0)     11 :  0.9930 0.0070 
1281     1281   (0)     11 :  0.9850 0.0150 
1282     1282   (0)     11 :  0.9910 0.0090 
1283     1283   (0)     11 :  0.9740 0.0260 
1284     1284   (0)     11 :  0.9910 0.0090 
1285     1285   (0)     11 :  0.9910 0.0090 
1286     1286   (0)     11 :  0.9880 0.0120 
1287     1287   (0)     11 :  0.9890 0.0110 
1288     1288   (0)     11 :  0.9910 0.0090 
1289     1289   (0)     11 :  0.9920 0.0080 
1290     1290   (0)     11 :  0.9930 0.0070 
1291     1291   (0)     12 :  0.9680 0.0320 
1292     1292   (0)     12 :  0.9910 0.0090 
1293     1293   (0)     12 :  0.9612 0.0388 
1294     1294   (0)     12 :  0.9880 0.0120 
1295     1295   (0)     12 :  0.9900 0.0100 
1296     1296   (0)     12 :  0.9930 0.0070 
1297     1297   (0)     12 :  0.9940 0.0060 
1298     1298   (0)     12 :  0.9830 0.0170 
1299     1299   (0)     12 :  0.9820 0.0180 
1300     1300   (0)     12 :  0.9940 0.0060 
1301     1301   (0)     12 :  0.9920 0.0080 
1302     1302   (0)     12 :  0.9770 0.0230 
1303     1303   (0)     12 :  0.9830 0.0170 
1304     1304   (0)     12 :  0.9932 0.0068 
1305     1305   (0)     12 :  0.9770 0.0230 
1306     1306   (0)     12 :  0.9920 0.0080 
1307     1307   (0)     12 :  0.9900 0.0100 
1308     1308   (0)     12 :  0.9912 0.0088 
1309     1309   (0)     12 :  0.9660 0.0340 
1310     1310   (0)     12 :  0.9770 0.0230 
1311     1311   (0)     12 :  0.9910 0.0090 
1312     1312   (0)     12 :  0.9680 0.0320 
1313     1313   (0)     12 :  0.9800 0.0200 
1314     1314   (0)     12 :  0.9850 0.0150 
1315     1315   (0)     12 :  0.9930 0.0070 
1316     1316   (0)     12 :  0.9940 0.0060 
1317     1317   (0)     12 :  0.9782 0.0218 
1318     1318   (0)     12 :  0.9920 0.0080 
1319     1319   (0)     12 :  0.9880 0.0120 
1320     1320   (0)     12 :  0.9890 0.0110 
1321     1321   (0)     12 :  0.9830 0.0170 
1322     1322   (0)     12 :  0.9940 0.0060 
1323     1323   (0)     12 :  0.9740 0.0260 
1324     1324   (0)     12 :  0.9810 0.0190 
1325     1325   (0)     12 :  0.9838 0.0162 
1326     1326   (0)     12 :  0.9870 0.0130 
1327     1327   (0)     12 :  0.9910 0.0090 
1328     1328   (0)     12 :  0.9880 0.0120 
1329     1329   (0)     12 :  0.9922 0.0078 
1330     1330   (0)     12 :  0.9930 0.0070 
1331     1331   (0)     12 :  0.9888 0.0112 
1332     1332   (0)     12 :  0.9900 0.0100 
1333     1333   (0)     12 :  0.9750 0.0250 
1334     1334   (0)     12 :  0.9900 0.0100 
1335     1335   (0)     12 :  0.9480 0.0520 
1336     1336   (0)     12 :  0.9906 0.0094 
1337     1337   (0)     12 :  0.9920 0.0080 
1338     1338   (0)     12 :  0.9900 0.0100 
1339     1339   (0)     12 :  0.9828 0.0172 
1340     1340   (0)     12 :  0.9820 0.0180 
1341     1341   (0)     12 :  0.9450 0.0550 
1342     1342   (0)     12 :  0.9910 0.0090 
1343     1343   (0)     12 :  0.9940 0.0060 
1344     1344   (0)     12 :  0.9810 0.0190 
1345     1345   (0)     12 :  0.9930 0.0070 
1346     1346   (0)     12 :  0.9910 0.0090 
1347     1347   (0)     12 :  0.9830 0.0170 
1348     1348   (0)     12 :  0.9940 0.0060 
1349     1349   (0)     12 :  0.9204 0.0796 
1350     1350   (0)     12 :  0.9868 0.0132 
1351     1351   (0)     12 :  0.9890 0.0110 
1352     1352   (0)     12 :  0.9900 0.0100 
1353     1353   (0)     12 :  0.9780 0.0220 
1354     1354   (0)     12 :  0.9860 0.0140 
1355     1355   (0)     12 :  0.9720 0.0280 
1356     1356   (0)     12 :  0.9900 0.0100 
1357     1357   (0)     12 :  0.9660 0.0340 
1358     1358   (0)     12 :  0.9730 0.0270 
1359     1359   (0)     12 :  0.9900 0.0100 
1360     1360   (0)     12 :  0.9940 0.0060 
1361     1361   (0)     12 :  0.9920 0.0080 
1362     1362   (0)     12 :  0.9910 0.0090 
1363     1363   (0)     12 :  0.9930 0.0070 
1364     1364   (0)     12 :  0.9910 0.0090 
1365     1365   (0)     12 :  0.9900 0.0100 
1366     1366   (0)     12 :  0.9930 0.0070 
1367     1367   (0)     12 :  0.9930 0.0070 
1368     1368   (0)     12 :  0.9900 0.0100 
1369     1369   (0)     12 :  0.9830 0.0170 
1370     1370   (0)     12 :  0.9890 0.0110 
1371     1371   (0)     12 :  0.9900 0.0100 
1372     1372   (0)     12 :  0.9850 0.0150 
1373     1373   (0)     12 :  0.9930 0.0070 
1374     1374   (0)     12 :  0.9910 0.0090 
1375     1375   (0)     12 :  0.9810 0.0190 
1376     1376   (0)     12 :  0.9860 0.0140 
1377     1377   (0)     12 :  0.9930 0.0070 
1378     1378   (0)     12 :  0.9910 0.0090 
1379     1379   (0)     12 :  0.9870 0.0130 
1380     1380   (0)     12 :  0.9930 0.0070 
1381     1381   (0)     12 :  0.9788 0.0212 
1382     1382   (0)     12 :  0.9880 0.0120 
1383     1383   (0)     12 :  0.9880 0.0120 
1384     1384   (0)     12 :  0.9900 0.0100 
1385     1385   (0)     12 :  0.9910 0.0090 
1386     1386   (0)     12 :  0.9890 0.0110 
1387     1387   (0)     12 :  0.9860 0.0140 
1388     1388   (0)     12 :  0.9920 0.0080 
1389     1389   (0)     12 :  0.9930 0.0070 
1390     1390   (0)     12 :  0.9910 0.0090 
1391     1391   (0)     12 :  0.9900 0.0100 
1392     1392   (0)     12 :  0.9920 0.0080 
1393     1393   (0)     12 :  0.9704 0.0296 
1394     1394   (0)     12 :  0.9910 0.0090 
1395     1395   (0)     12 :  0.9880 0.0120 
1396     1396   (0)     12 :  0.9910 0.0090 
1397     1397   (0)     12 :  0.9850 0.0150 
1398     1398   (0)     12 :  0.9900 0.0100 
1399     1399   (0)     12 :  0.9874 0.0126 
1400     1400   (0)     12 :  0.9920 0.0080 
1401     1401   (0)     12 :  0.9900 0.0100 
1402     1402   (0)     12 :  0.9850 0.0150 
1403     1403   (0)     12 :  0.9780 0.0220 
1404     1404   (0)     12 :  0.9920 0.0080 
1405     1405   (0)     12 :  0.9880 0.0120 
1406     1406   (0)     12 :  0.9504 0.0496 
1407     1407   (0)     12 :  0.9880 0.0120 
1408     1408   (0)     12 :  0.9930 0.0070 
1409     1409   (0)     12 :  0.9870 0.0130 
1410     1410   (0)     12 :  0.9930 0.0070 
1411     1411   (0)     12 :  0.9930 0.0070 
1412     1412   (0)     12 :  0.9930 0.0070 
1413     1413   (0)     12 :  0.9870 0.0130 
1414     1414   (0)     12 :  0.9740 0.0260 
1415     1415   (0)     12 :  0.9870 0.0130 
1416     1416   (0)     12 :  0.9920 0.0080 
1417     1417   (0)     12 :  0.9910 0.0090 
1418     1418   (0)     12 :  0.9860 0.0140 
1419     1419   (0)     12 :  0.9940 0.0060 
1420     1420   (0)     12 :  0.9900 0.0100 
1421     1421   (0)     12 :  0.9920 0.0080 
1422     1422   (0)     12 :  0.9930 0.0070 
1423     1423   (0)     12 :  0.9870 0.0130 
1424     1424   (0)     12 :  0.9840 0.0160 
1425     1425   (0)     12 :  0.9880 0.0120 
1426     1426   (0)     12 :  0.9790 0.0210 
1427     1427   (0)     12 :  0.9920 0.0080 
1428     1428   (0)     12 :  0.9880 0.0120 
1429     1429   (0)     12 :  0.9920 0.0080 
1430     1430   (0)     12 :  0.9820 0.0180 
1431     1431   (0)     12 :  0.9940 0.0060 
1432     1432   (0)     12 :  0.9920 0.0080 
1433     1433   (0)     12 :  0.9890 0.0110 
1434     1434   (0)     12 :  0.9926 0.0074 
1435     1435   (0)     12 :  0.9750 0.0250 
1436     1436   (0)     12 :  0.9580 0.0420 
1437     1437   (0)     12 :  0.9800 0.0200 
1438     1438   (0)     12 :  0.9900 0.0100 
1439     1439   (0)     12 :  0.9900 0.0100 
1440     1440   (0)     12 :  0.9880 0.0120 
1441     1441   (0)     12 :  0.9880 0.0120 
1442     1442   (0)     12 :  0.9920 0.0080 
1443     1443   (0)     12 :  0.9774 0.0226 
1444     1444   (0)     12 :  0.9880 0.0120 
1445     1445   (0)     12 :  0.9900 0.0100 
1446     1446   (0)     12 :  0.9880 0.0120 
1447     1447   (0)     12 :  0.9900 0.0100 
1448     1448   (0)     12 :  0.9800 0.0200 
1449     1449   (0)     12 :  0.9930 0.0070 
1450     1450   (0)     12 :  0.9912 0.0088 
1451     1451   (0)     12 :  0.9720 0.0280 
1452     1452   (0)     12 :  0.9930 0.0070 
1453     1453   (0)     12 :  0.9764 0.0236 
1454     1454   (0)     12 :  0.9460 0.0540 
1455     1455   (0)     12 :  0.9920 0.0080 
1456     1456   (0)     12 :  0.9840 0.0160 
1457     1457   (0)     12 :  0.9880 0.0120 
1458     1458   (0)     12 :  0.9912 0.0088 
1459     1459   (0)     12 :  0.9920 0.0080 
1460     1460   (0)     12 :  0.9920 0.0080 
1461     1461   (0)     12 :  0.9930 0.0070 
1462     1462   (0)     12 :  0.9680 0.0320 
1463     1463   (0)     12 :  0.9880 0.0120 
1464     1464   (0)     12 :  0.9930 0.0070 
1465     1465   (0)     12 :  0.9880 0.0120 
1466     1466   (0)     12 :  0.9920 0.0080 
1467     1467   (0)     12 :  0.9890 0.0110 
1468     1468   (0)     12 :  0.9920 0.0080 
1469     1469   (0)     12 :  0.9810 0.0190 
1470     1470   (0)     12 :  0.9870 0.0130 
1471     1471   (0)     12 :  0.9560 0.0440 
1472     1472   (0)     12 :  0.9830 0.0170 
1473     1473   (0)     12 :  0.9770 0.0230 
1474     1474   (0)     12 :  0.9880 0.0120 
1475     1475   (0)     12 :  0.9780 0.0220 
1476     1476   (0)     12 :  0.9940 0.0060 
1477     1477   (0)     12 :  0.9700 0.0300 
1478     1478   (0)     12 :  0.9930 0.0070 
1479     1479   (0)     12 :  0.9900 0.0100 
1480     1480   (0)     12 :  0.9900 0.0100 
1481     1481   (0)     12 :  0.9428 0.0572 
1482     1482   (0)     12 :  0.9910 0.0090 
1483     1483   (0)     12 :  0.9920 0.0080 
1484     1484   (0)     12 :  0.9840 0.0160 
1485     1485   (0)     12 :  0.9798 0.0202 
1486     1486   (0)     12 :  0.9900 0.0100 
1487     1487   (0)     12 :  0.9660 0.0340 
1488     1488   (0)     12 :  0.9364 0.0636 
1489     1489   (0)     12 :  0.9600 0.0400 
1490     1490   (0)     12 :  0.9920 0.0080 
1491     1491   (0)     12 :  0.9840 0.0160 
1492     1492   (0)     12 :  0.9810 0.0190 
1493     1493   (0)     12 :  0.9920 0.0080 
1494     1494   (0)     12 :  0.9796 0.0204 
1495     1495   (0)     12 :  0.9920 0.0080 
1496     1496   (0)     12 :  0.9830 0.0170 
1497     1497   (0)     12 :  0.9850 0.0150 
1498     1498   (0)     12 :  0.9860 0.0140 
1499     1499   (0)     12 :  0.9870 0.0130 
1500     1500   (0)     12 :  0.9900 0.0100 
1501     1501   (0)     12 :  0.9920 0.0080 
1502     1502   (0)     12 :  0.9930 0.0070 
1503     1503   (0)     12 :  0.9920 0.0080 
1504     1504   (0)     12 :  0.9880 0.0120 
1505     1505   (0)     12 :  0.9650 0.0350 
1506     1506   (0)     12 :  0.9930 0.0070 
1507     1507   (0)     12 :  0.9908 0.0092 
1508     1508   (0)     12 :  0.9890 0.0110 
1509     1509   (0)     12 :  0.9930 0.0070 
1510     1510   (0)     12 :  0.9800 0.0200 
1511     1511   (0)     12 :  0.9904 0.0096 
1512     1512   (0)     12 :  0.9880 0.0120 
1513     1513   (0)     12 :  0.9910 0.0090 
1514     1514   (0)     12 :  0.9930 0.0070 
1515     1515   (0)     12 :  0.9890 0.0110 
1516     1516   (0)     12 :  0.9862 0.0138 
1517     1517   (0)     12 :  0.9910 0.0090 
1518     1518   (0)     12 :  0.9900 0.0100 
1519     1519   (0)     12 :  0.9870 0.0130 
1520     1520   (0)     12 :  0.9880 0.0120 
1521     1521   (0)     12 :  0.9900 0.0100 
1522     1522   (0)     12 :  0.9940 0.0060 
1523     1523   (0)     12 :  0.9840 0.0160 
1524     1524   (0)     12 :  0.9880 0.0120 
1525     1525   (0)     12 :  0.9850 0.0150 
1526     1526   (0)     12 :  0.8770 0.1230 
1527     1527   (0)     12 :  0.9850 0.0150 
1528     1528   (0)     12 :  0.9810 0.0190 
1529     1529   (0)     12 :  0.9900 0.0100 
1530     1530   (0)     12 :  0.9930 0.0070 
1531     1531   (0)     12 :  0.9830 0.0170 
1532     1532   (0)     12 :  0.9920 0.0080 
1533     1533   (0)     12 :  0.9880 0.0120 
1534     1534   (0)     12 :  0.9900 0.0100 
1535     1535   (0)     12 :  0.9890 0.0110 
1536     1536   (0)     12 :  0.9226 0.0774 
1537     1537   (0)     12 :  0.9690 0.0310 
1538     1538   (0)     12 :  0.9930 0.0070 
1539     1539   (0)     12 :  0.9868 0.0132 
1540     1540   (0)     12 :  0.9860 0.0140 
1541     1541   (0)     12 :  0.9890 0.0110 
1542     1542   (0)     12 :  0.9900 0.0100 
1543     1543   (0)     12 :  0.9900 0.0100 
1544     1544   (0)     12 :  0.9900 0.0100 
1545     1545   (0)     12 :  0.9910 0.0090 
1546     1546   (0)     12 :  0.9910 0.0090 
1547     1547   (0)     12 :  0.9890 0.0110 
1548     1548   (0)     12 :  0.9830 0.0170 
1549     1549   (0)     12 :  0.9890 0.0110 
1550     1550   (0)     12 :  0.9870 0.0130 
