  1        1   (5)      1 :  0.0440 0.9560 
  2        2   (5)      1 :  0.0938 0.9062 
  3        3   (5)      1 :  0.0220 0.9780 
  4        4   (0)      1 :  0.0180 0.9820 
  5        5   (0)      1 :  0.0836 0.9164 
  6        6   (0)      1 :  0.0280 0.9720 
  7        7   (0)      1 :  0.0810 0.9190 
  8        8   (5)      1 :  0.0200 0.9800 
  9        9   (0)      1 :  0.0190 0.9810 
 10       10   (0)      1 :  0.1034 0.8966 
 11       11   (0)      1 :  0.0320 0.9680 
 12       12   (0)      1 :  0.0370 0.9630 
 13       13   (0)      1 :  0.0230 0.9770 
 14       14   (0)      1 :  0.0520 0.9480 
 15       15   (0)      1 :  0.0310 0.9690 
 16       16   (0)      1 :  0.0160 0.9840 
 17       17   (0)      1 :  0.0190 0.9810 
 18       18   (0)      1 :  0.0390 0.9610 
 19       19   (0)      1 :  0.0220 0.9780 
 20       20   (0)      1 :  0.0958 0.9042 
 21       21   (0)      1 :  0.0210 0.9790 
 22       22   (0)      1 :  0.0170 0.9830 
 23       23   (0)      1 :  0.0180 0.9820 
 24       24   (0)      1 :  0.0220 0.9780 
 25       25   (0)      1 :  0.0536 0.9464 
 26       26   (0)      1 :  0.0280 0.9720 
 27       27   (5)      1 :  0.0610 0.9390 
 28       28   (0)      1 :  0.0348 0.9652 
 29       29   (0)      1 :  0.0202 0.9798 
 30       30   (0)      1 :  0.0550 0.9450 
 31       31   (0)      1 :  0.0220 0.9780 
 32       32   (0)      1 :  0.0320 0.9680 
 33       33   (0)      1 :  0.0160 0.9840 
 34       34   (0)      1 :  0.0170 0.9830 
 35       35   (0)      1 :  0.0370 0.9630 
 36       36   (0)      1 :  0.0310 0.9690 
 37       37   (0)      1 :  0.0390 0.9610 
 38       38   (0)      1 :  0.0290 0.9710 
 39       39   (0)      1 :  0.0640 0.9360 
 40       40   (0)      1 :  0.0300 0.9700 
 41       41   (0)      1 :  0.0250 0.9750 
 42       42   (0)      1 :  0.0170 0.9830 
 43       43   (0)      1 :  0.0252 0.9748 
 44       44   (0)      1 :  0.0170 0.9830 
 45       45   (5)      1 :  0.0500 0.9500 
 46       46   (0)      1 :  0.0180 0.9820 
 47       47   (0)      1 :  0.0320 0.9680 
 48       48   (0)      1 :  0.0280 0.9720 
 49       49   (0)      1 :  0.0280 0.9720 
 50       50   (0)      1 :  0.0280 0.9720 
 51       51   (0)      1 :  0.0260 0.9740 
 52       52   (0)      1 :  0.0680 0.9320 
 53       53   (0)      1 :  0.0270 0.9730 
 54       54   (0)      1 :  0.0414 0.9586 
 55       55   (0)      1 :  0.0310 0.9690 
 56       56   (0)      1 :  0.0230 0.9770 
 57       57  (10)      1 :  0.0240 0.9760 
 58       58   (5)      1 :  0.0350 0.9650 
 59       59   (0)      1 :  0.0290 0.9710 
 60       60   (0)      1 :  0.0310 0.9690 
 61       61   (0)      1 :  0.0300 0.9700 
 62       62   (0)      1 :  0.0634 0.9366 
 63       63   (0)      1 :  0.0388 0.9612 
 64       64   (0)      1 :  0.0360 0.9640 
 65       65   (0)      1 :  0.0720 0.9280 
 66       66   (0)      1 :  0.0220 0.9780 
 67       67   (5)      1 :  0.0290 0.9710 
 68       68   (0)      1 :  0.0510 0.9490 
 69       69   (0)      1 :  0.0360 0.9640 
 70       70   (0)      1 :  0.0460 0.9540 
 71       71   (5)      1 :  0.0330 0.9670 
 72       72   (0)      1 :  0.0330 0.9670 
 73       73   (5)      1 :  0.0274 0.9726 
 74       74  (10)      1 :  0.0440 0.9560 
 75       75  (10)      1 :  0.0260 0.9740 
 76       76   (0)      1 :  0.0210 0.9790 
 77       77  (10)      1 :  0.0280 0.9720 
 78       78   (0)      1 :  0.0390 0.9610 
 79       79   (5)      1 :  0.0320 0.9680 
 80       80   (0)      1 :  0.0200 0.9800 
 81       81   (0)      1 :  0.0210 0.9790 
 82       82   (0)      1 :  0.0200 0.9800 
 83       83   (0)      1 :  0.0590 0.9410 
 84       84   (0)      1 :  0.0596 0.9404 
 85       85   (0)      1 :  0.0190 0.9810 
 86       86   (5)      1 :  0.0230 0.9770 
 87       87   (0)      1 :  0.0240 0.9760 
 88       88   (0)      1 :  0.0830 0.9170 
 89       89   (0)      1 :  0.0270 0.9730 
 90       90   (0)      1 :  0.0360 0.9640 
 91       91   (0)      1 :  0.0320 0.9680 
 92       92   (0)      1 :  0.0328 0.9672 
 93       93   (0)      1 :  0.0190 0.9810 
 94       94   (5)      1 :  0.0230 0.9770 
 95       95   (0)      1 :  0.0270 0.9730 
 96       96   (5)      1 :  0.0250 0.9750 
 97       97   (0)      1 :  0.0560 0.9440 
 98       98   (0)      1 :  0.0310 0.9690 
 99       99   (5)      1 :  0.0260 0.9740 
100      100   (5)      1 :  0.0190 0.9810 
101      101   (0)      2 :  0.0740 0.9260 
102      102   (0)      2 :  0.0980 0.9020 
103      103   (0)      2 :  0.0810 0.9190 
104      104   (0)      2 :  0.0590 0.9410 
105      105   (0)      2 :  0.0920 0.9080 
106      106   (0)      2 :  0.0280 0.9720 
107      107   (0)      2 :  0.0824 0.9176 
108      108   (0)      2 :  0.1532 0.8468 
109      109   (0)      2 :  0.0850 0.9150 
110      110   (0)      2 :  0.1794 0.8206 
111      111   (0)      2 :  0.0650 0.9350 
112      112   (0)      2 :  0.0460 0.9540 
113      113   (0)      2 :  0.2620 0.7380 
114      114   (0)      2 :  0.0440 0.9560 
115      115   (0)      2 :  0.0360 0.9640 
116      116   (0)      2 :  0.0490 0.9510 
117      117   (0)      2 :  0.0666 0.9334 
118      118   (0)      2 :  0.1790 0.8210 
119      119   (0)      2 :  0.0320 0.9680 
120      120   (0)      2 :  0.0964 0.9036 
121      121   (0)      2 :  0.1960 0.8040 
122      122   (0)      2 :  0.1286 0.8714 
123      123   (0)      2 :  0.1264 0.8736 
124      124   (0)      2 :  0.0410 0.9590 
125      125   (0)      2 :  0.0844 0.9156 
126      126   (0)      2 :  0.0680 0.9320 
127      127   (0)      2 :  0.0560 0.9440 
128      128   (0)      2 :  0.2330 0.7670 
129      129   (0)      2 :  0.0530 0.9470 
130      130   (0)      2 :  0.1830 0.8170 
131      131   (0)      2 :  0.0682 0.9318 
132      132   (0)      2 :  0.0780 0.9220 
133      133   (0)      2 :  0.1148 0.8852 
134      134   (0)      2 :  0.0940 0.9060 
135      135   (0)      2 :  0.1030 0.8970 
136      136   (0)      2 :  0.0834 0.9166 
137      137   (0)      2 :  0.0600 0.9400 
138      138   (0)      2 :  0.0758 0.9242 
139      139   (0)      2 :  0.0894 0.9106 
140      140   (0)      2 :  0.1198 0.8802 
141      141   (0)      2 :  0.0400 0.9600 
142      142   (0)      2 :  0.0190 0.9810 
143      143   (0)      2 :  0.0800 0.9200 
144      144   (0)      2 :  0.1204 0.8796 
145      145   (0)      2 :  0.2230 0.7770 
146      146   (0)      2 :  0.0390 0.9610 
147      147   (0)      2 :  0.0260 0.9740 
148      148   (0)      2 :  0.0310 0.9690 
149      149   (0)      2 :  0.2060 0.7940 
150      150   (0)      2 :  0.0530 0.9470 
151      151   (0)      2 :  0.0782 0.9218 
152      152   (0)      2 :  0.1680 0.8320 
153      153   (0)      2 :  0.1206 0.8794 
154      154   (0)      2 :  0.0686 0.9314 
155      155   (0)      2 :  0.0400 0.9600 
156      156   (0)      2 :  0.0694 0.9306 
157      157   (0)      2 :  0.0530 0.9470 
158      158   (0)      2 :  0.1238 0.8762 
159      159   (0)      2 :  0.1182 0.8818 
160      160   (0)      2 :  0.0290 0.9710 
161      161   (0)      2 :  0.0538 0.9462 
162      162   (0)      2 :  0.0200 0.9800 
163      163   (0)      2 :  0.0432 0.9568 
164      164   (0)      2 :  0.1478 0.8522 
165      165   (0)      2 :  0.1370 0.8630 
166      166   (0)      2 :  0.0820 0.9180 
167      167   (0)      2 :  0.0324 0.9676 
168      168   (0)      2 :  0.0870 0.9130 
169      169   (0)      2 :  0.0260 0.9740 
170      170   (0)      2 :  0.1882 0.8118 
171      171   (0)      2 :  0.0780 0.9220 
172      172   (0)      2 :  0.0834 0.9166 
173      173   (0)      2 :  0.0450 0.9550 
174      174   (0)      2 :  0.1010 0.8990 
175      175   (0)      2 :  0.1608 0.8392 
176      176   (0)      2 :  0.0342 0.9658 
177      177   (0)      2 :  0.0360 0.9640 
178      178   (0)      2 :  0.0200 0.9800 
179      179   (0)      2 :  0.1398 0.8602 
180      180   (0)      2 :  0.0792 0.9208 
181      181   (0)      2 :  0.0234 0.9766 
182      182   (0)      2 :  0.0170 0.9830 
183      183   (0)      2 :  0.0758 0.9242 
184      184   (0)      2 :  0.0610 0.9390 
185      185   (0)      2 :  0.1096 0.8904 
186      186   (0)      2 :  0.0818 0.9182 
187      187   (0)      2 :  0.0230 0.9770 
188      188   (0)      2 :  0.1518 0.8482 
189      189   (0)      2 :  0.0654 0.9346 
190      190   (0)      2 :  0.0340 0.9660 
191      191   (0)      2 :  0.1452 0.8548 
192      192   (0)      2 :  0.0690 0.9310 
193      193   (0)      2 :  0.1070 0.8930 
194      194   (0)      2 :  0.0840 0.9160 
195      195   (0)      2 :  0.1042 0.8958 
196      196   (0)      2 :  0.0898 0.9102 
197      197   (0)      2 :  0.0360 0.9640 
198      198   (0)      2 :  0.0898 0.9102 
199      199   (0)      2 :  0.1580 0.8420 
200      200   (0)      2 :  0.1004 0.8996 
201      201   (0)      3 :  0.0380 0.9620 
202      202   (0)      3 :  0.1434 0.8566 
203      203   (0)      3 :  0.0958 0.9042 
204      204   (0)      3 :  0.1728 0.8272 
205      205   (0)      3 :  0.3168 0.6832 
206      206   (0)      3 :  0.2042 0.7958 
207      207   (0)      3 :  0.2450 0.7550 
208      208   (0)      3 :  0.2910 0.7090 
209      209   (0)      3 :  0.1394 0.8606 
210      210   (0)      3 :  0.0592 0.9408 
211      211   (0)      3 :  0.5170 0.4830 
212      212   (0)      3 :  0.1008 0.8992 
213      213   (0)      3 :  0.0862 0.9138 
214      214   (0)      3 :  0.4682 0.5318 
215      215   (0)      3 :  0.3542 0.6458 
216      216   (0)      3 :  0.1000 0.9000 
217      217   (0)      3 :  0.0780 0.9220 
218      218   (0)      3 :  0.0760 0.9240 
219      219   (0)      3 :  0.3730 0.6270 
220      220   (0)      3 :  0.1550 0.8450 
221      221   (0)      3 :  0.1400 0.8600 
222      222   (0)      3 :  0.2478 0.7522 
223      223   (0)      3 :  0.1902 0.8098 
224      224   (0)      3 :  0.1508 0.8492 
225      225   (0)      3 :  0.0800 0.9200 
226      226   (0)      3 :  0.1856 0.8144 
227      227   (0)      3 :  0.4128 0.5872 
228      228   (0)      3 :  0.2874 0.7126 
229      229   (0)      3 :  0.1848 0.8152 
230      230   (0)      3 :  0.2670 0.7330 
231      231   (0)      3 :  0.0610 0.9390 
232      232   (0)      3 :  0.2514 0.7486 
233      233   (0)      3 :  0.2048 0.7952 
234      234   (0)      3 :  0.1904 0.8096 
235      235   (0)      3 :  0.1454 0.8546 
236      236   (0)      3 :  0.2208 0.7792 
237      237   (0)      3 :  0.5318 0.4682 
238      238   (0)      3 :  0.3302 0.6698 
239      239   (0)      3 :  0.1016 0.8984 
240      240   (0)      3 :  0.5080 0.4920 
241      241   (0)      3 :  0.4572 0.5428 
242      242   (0)      3 :  0.0880 0.9120 
243      243   (0)      3 :  0.0380 0.9620 
244      244   (0)      3 :  0.0570 0.9430 
245      245   (0)      3 :  0.2548 0.7452 
246      246   (0)      3 :  0.3260 0.6740 
247      247   (0)      3 :  0.0320 0.9680 
248      248   (0)      3 :  0.1522 0.8478 
249      249   (0)      3 :  0.4008 0.5992 
250      250   (0)      3 :  0.0880 0.9120 
251      251   (0)      3 :  0.2752 0.7248 
252      252   (0)      3 :  0.0980 0.9020 
253      253   (0)      3 :  0.3288 0.6712 
254      254   (0)      3 :  0.1248 0.8752 
255      255   (0)      3 :  0.1040 0.8960 
256      256   (0)      3 :  0.1928 0.8072 
257      257   (0)      3 :  0.2020 0.7980 
258      258   (0)      3 :  0.3950 0.6050 
259      259   (0)      3 :  0.4230 0.5770 
260      260   (0)      3 :  0.0270 0.9730 
261      261   (0)      3 :  0.0520 0.9480 
262      262   (0)      3 :  0.1078 0.8922 
263      263   (0)      3 :  0.2964 0.7036 
264      264   (0)      3 :  0.3640 0.6360 
265      265   (0)      3 :  0.0380 0.9620 
266      266   (0)      3 :  0.1010 0.8990 
267      267   (0)      3 :  0.1830 0.8170 
268      268   (0)      3 :  0.2830 0.7170 
269      269   (0)      3 :  0.2150 0.7850 
270      270   (0)      3 :  0.1892 0.8108 
271      271   (0)      3 :  0.3714 0.6286 
272      272   (0)      3 :  0.1828 0.8172 
273      273   (0)      3 :  0.3306 0.6694 
274      274   (0)      3 :  0.1010 0.8990 
275      275   (0)      3 :  0.1672 0.8328 
276      276   (0)      3 :  0.0780 0.9220 
277      277   (0)      3 :  0.3064 0.6936 
278      278   (0)      3 :  0.1340 0.8660 
279      279   (0)      3 :  0.2688 0.7312 
280      280   (0)      3 :  0.2014 0.7986 
281      281   (0)      3 :  0.0772 0.9228 
282      282   (0)      3 :  0.1544 0.8456 
283      283   (0)      3 :  0.0760 0.9240 
284      284   (0)      3 :  0.5270 0.4730 
285      285   (0)      3 :  0.1114 0.8886 
286      286   (0)      3 :  0.1324 0.8676 
287      287   (0)      3 :  0.0780 0.9220 
288      288   (0)      3 :  0.1136 0.8864 
289      289   (0)      3 :  0.1740 0.8260 
290      290   (0)      3 :  0.1716 0.8284 
291      291   (0)      3 :  0.3030 0.6970 
292      292   (0)      3 :  0.1656 0.8344 
293      293   (0)      3 :  0.4042 0.5958 
294      294   (0)      3 :  0.3270 0.6730 
295      295   (0)      3 :  0.2032 0.7968 
296      296   (0)      3 :  0.2848 0.7152 
297      297   (0)      3 :  0.3368 0.6632 
298      298   (0)      3 :  0.2152 0.7848 
299      299   (0)      3 :  0.2350 0.7650 
300      300   (0)      3 :  0.0832 0.9168 
301      301   (5)      4 :  0.3710 0.6290 
302      302   (0)      4 :  0.6308 0.3692 
303      303   (0)      4 :  0.5302 0.4698 
304      304   (5)      4 :  0.5386 0.4614 
305      305   (5)      4 :  0.6140 0.3860 
306      306   (0)      4 :  0.6974 0.3026 
307      307   (0)      5 :  0.4170 0.5830 
308      308   (0)      5 :  0.5982 0.4018 
309      309   (0)      5 :  0.5146 0.4854 
310      310   (0)      5 :  0.3288 0.6712 
311      311   (0)      5 :  0.7748 0.2252 
312      312   (0)      5 :  0.5646 0.4354 
313      313   (0)      5 :  0.4734 0.5266 
314      314   (0)      5 :  0.3900 0.6100 
315      315   (0)      5 :  0.5026 0.4974 
316      316   (0)      5 :  0.5060 0.4940 
317      317   (0)      5 :  0.4520 0.5480 
318      318   (0)      5 :  0.5364 0.4636 
319      319   (0)      5 :  0.4510 0.5490 
320      320   (0)      5 :  0.4230 0.5770 
321      321   (0)      5 :  0.3430 0.6570 
322      322   (0)      5 :  0.4356 0.5644 
323      323   (0)      5 :  0.5590 0.4410 
324      324   (0)      5 :  0.5348 0.4652 
325      325   (0)      5 :  0.6478 0.3522 
326      326   (0)      5 :  0.5830 0.4170 
327      327   (0)      5 :  0.4600 0.5400 
328      328   (0)      5 :  0.4520 0.5480 
329      329   (0)      5 :  0.5342 0.4658 
330      330   (0)      5 :  0.4942 0.5058 
331      331   (0)      5 :  0.4520 0.5480 
332      332   (0)      5 :  0.6198 0.3802 
333      333   (0)      5 :  0.5880 0.4120 
334      334   (0)      5 :  0.5678 0.4322 
335      335   (0)      5 :  0.5090 0.4910 
336      336   (0)      5 :  0.4274 0.5726 
337      337   (0)      5 :  0.4500 0.5500 
338      338   (0)      5 :  0.4280 0.5720 
339      339   (0)      5 :  0.4296 0.5704 
340      340   (0)      5 :  0.5880 0.4120 
341      341   (0)      5 :  0.4370 0.5630 
342      342   (0)      5 :  0.4670 0.5330 
343      343   (0)      5 :  0.4790 0.5210 
344      344   (0)      5 :  0.2862 0.7138 
345      345   (0)      5 :  0.6340 0.3660 
346      346   (0)      5 :  0.5160 0.4840 
347      347   (0)      5 :  0.4870 0.5130 
348      348   (0)      5 :  0.4698 0.5302 
349      349   (0)      5 :  0.5404 0.4596 
350      350   (0)      5 :  0.3872 0.6128 
351      351   (0)      5 :  0.3062 0.6938 
352      352   (0)      5 :  0.5540 0.4460 
353      353   (0)      5 :  0.3520 0.6480 
354      354   (0)      5 :  0.5548 0.4452 
355      355   (0)      5 :  0.5660 0.4340 
356      356   (0)      5 :  0.6068 0.3932 
357      357   (0)      5 :  0.6230 0.3770 
358      358   (0)      5 :  0.6034 0.3966 
359      359   (0)      5 :  0.4154 0.5846 
360      360   (0)      5 :  0.6460 0.3540 
361      361   (0)      5 :  0.3090 0.6910 
362      362   (0)      5 :  0.4260 0.5740 
363      363   (0)      5 :  0.6182 0.3818 
364      364   (0)      5 :  0.6502 0.3498 
365      365   (0)      5 :  0.4170 0.5830 
366      366   (0)      5 :  0.4430 0.5570 
367      367   (0)      5 :  0.3570 0.6430 
368      368   (0)      5 :  0.3440 0.6560 
369      369   (0)      5 :  0.4308 0.5692 
370      370   (0)      5 :  0.6124 0.3876 
371      371   (0)      5 :  0.4980 0.5020 
372      372   (0)      5 :  0.5140 0.4860 
373      373   (0)      5 :  0.4462 0.5538 
374      374   (0)      5 :  0.6810 0.3190 
375      375   (0)      5 :  0.3600 0.6400 
376      376   (0)      5 :  0.5150 0.4850 
377      377   (0)      5 :  0.5278 0.4722 
378      378   (0)      5 :  0.7020 0.2980 
379      379   (0)      5 :  0.4328 0.5672 
380      380   (0)      5 :  0.5450 0.4550 
381      381   (0)      5 :  0.5460 0.4540 
382      382   (0)      5 :  0.5610 0.4390 
383      383   (0)      5 :  0.4008 0.5992 
384      384   (0)      5 :  0.3942 0.6058 
385      385   (0)      5 :  0.7868 0.2132 
386      386   (0)      5 :  0.2880 0.7120 
387      387   (0)      5 :  0.3530 0.6470 
388      388   (0)      5 :  0.5610 0.4390 
389      389   (0)      5 :  0.4482 0.5518 
390      390   (0)      5 :  0.5948 0.4052 
391      391   (0)      5 :  0.3918 0.6082 
392      392   (0)      5 :  0.4720 0.5280 
393      393   (0)      5 :  0.4630 0.5370 
394      394   (0)      5 :  0.3616 0.6384 
395      395   (0)      5 :  0.4900 0.5100 
396      396   (0)      5 :  0.3610 0.6390 
397      397   (0)      5 :  0.6056 0.3944 
398      398   (0)      5 :  0.3990 0.6010 
399      399   (0)      5 :  0.4240 0.5760 
400      400   (0)      5 :  0.5910 0.4090 
401      401   (0)      5 :  0.5572 0.4428 
402      402   (0)      5 :  0.4334 0.5666 
403      403   (0)      5 :  0.4300 0.5700 
404      404   (0)      5 :  0.5794 0.4206 
405      405   (0)      5 :  0.3770 0.6230 
406      406   (0)      5 :  0.4610 0.5390 
407      407   (0)      6 :  0.9290 0.0710 
408      408   (0)      6 :  0.8538 0.1462 
409      409   (0)      7 :  0.7450 0.2550 
410      410   (0)      7 :  0.7360 0.2640 
411      411   (0)      7 :  0.8660 0.1340 
412      412   (0)      7 :  0.7050 0.2950 
413      413   (0)      7 :  0.7972 0.2028 
414      414   (0)      7 :  0.7964 0.2036 
415      415   (0)      7 :  0.7560 0.2440 
416      416   (0)      7 :  0.7974 0.2026 
417      417   (0)      7 :  0.7658 0.2342 
418      418   (0)      7 :  0.8438 0.1562 
419      419   (0)      7 :  0.8320 0.1680 
420      420   (0)      7 :  0.7408 0.2592 
421      421   (0)      7 :  0.7896 0.2104 
422      422   (0)      7 :  0.7198 0.2802 
423      423   (0)      7 :  0.7450 0.2550 
424      424   (0)      7 :  0.6680 0.3320 
425      425   (0)      7 :  0.8734 0.1266 
426      426   (0)      7 :  0.9180 0.0820 
427      427   (0)      7 :  0.7388 0.2612 
428      428   (0)      7 :  0.8060 0.1940 
429      429   (0)      7 :  0.7740 0.2260 
430      430   (0)      7 :  0.8978 0.1022 
431      431   (0)      7 :  0.7402 0.2598 
432      432   (0)      7 :  0.6504 0.3496 
433      433   (0)      7 :  0.7608 0.2392 
434      434   (0)      7 :  0.8570 0.1430 
435      435   (0)      7 :  0.7152 0.2848 
436      436   (0)      7 :  0.6698 0.3302 
437      437   (0)      7 :  0.5538 0.4462 
438      438   (0)      7 :  0.8558 0.1442 
439      439   (0)      7 :  0.8910 0.1090 
440      440   (0)      7 :  0.7030 0.2970 
441      441   (0)      7 :  0.6382 0.3618 
442      442   (0)      7 :  0.6950 0.3050 
443      443   (0)      7 :  0.6914 0.3086 
444      444   (0)      7 :  0.6450 0.3550 
445      445   (0)      7 :  0.8338 0.1662 
446      446   (0)      7 :  0.4776 0.5224 
447      447   (0)      7 :  0.6794 0.3206 
448      448   (0)      7 :  0.8120 0.1880 
449      449   (0)      7 :  0.8838 0.1162 
450      450   (0)      7 :  0.6050 0.3950 
451      451   (0)      7 :  0.7700 0.2300 
452      452   (0)      7 :  0.9240 0.0760 
453      453   (0)      7 :  0.8858 0.1142 
454      454   (0)      7 :  0.9510 0.0490 
455      455   (0)      7 :  0.8710 0.1290 
456      456   (0)      7 :  0.9202 0.0798 
457      457   (0)      7 :  0.7160 0.2840 
458      458   (0)      7 :  0.4426 0.5574 
459      459   (0)      7 :  0.7914 0.2086 
460      460   (0)      7 :  0.9322 0.0678 
461      461   (0)      7 :  0.8564 0.1436 
462      462   (0)      7 :  0.8572 0.1428 
463      463   (0)      7 :  0.8500 0.1500 
464      464   (0)      7 :  0.9720 0.0280 
465      465   (0)      7 :  0.9250 0.0750 
466      466   (0)      7 :  0.7370 0.2630 
467      467   (0)      7 :  0.8130 0.1870 
468      468   (0)      7 :  0.8302 0.1698 
469      469   (0)      7 :  0.7652 0.2348 
470      470   (0)      7 :  0.5694 0.4306 
471      471   (0)      7 :  0.6130 0.3870 
472      472   (0)      7 :  0.8754 0.1246 
473      473   (0)      7 :  0.8754 0.1246 
474      474   (0)      7 :  0.9360 0.0640 
475      475   (0)      7 :  0.7052 0.2948 
476      476   (0)      7 :  0.6870 0.3130 
477      477   (0)      7 :  0.8450 0.1550 
478      478   (0)      7 :  0.7382 0.2618 
479      479   (0)      7 :  0.7060 0.2940 
480      480   (0)      7 :  0.8910 0.1090 
481      481   (0)      7 :  0.8490 0.1510 
482      482   (0)      7 :  0.6000 0.4000 
483      483   (0)      7 :  0.8840 0.1160 
484      484   (0)      7 :  0.8618 0.1382 
485      485   (0)      7 :  0.8222 0.1778 
486      486   (0)      7 :  0.7966 0.2034 
487      487   (0)      7 :  0.5128 0.4872 
488      488   (0)      7 :  0.6320 0.3680 
489      489   (0)      7 :  0.8560 0.1440 
490      490   (0)      7 :  0.5960 0.4040 
491      491   (0)      7 :  0.9550 0.0450 
492      492   (0)      7 :  0.5200 0.4800 
493      493   (0)      7 :  0.8340 0.1660 
494      494   (0)      7 :  0.8570 0.1430 
495      495   (0)      7 :  0.8650 0.1350 
496      496   (0)      7 :  0.9840 0.0160 
497      497   (0)      7 :  0.6614 0.3386 
498      498   (0)      7 :  0.7100 0.2900 
499      499   (0)      7 :  0.9262 0.0738 
500      500   (0)      7 :  0.7580 0.2420 
501      501   (0)      7 :  0.8364 0.1636 
502      502   (0)      7 :  0.7750 0.2250 
503      503   (0)      7 :  0.9200 0.0800 
504      504   (0)      7 :  0.8090 0.1910 
505      505   (0)      7 :  0.7660 0.2340 
506      506   (0)      7 :  0.7746 0.2254 
507      507   (0)      7 :  0.7490 0.2510 
508      508   (0)      7 :  0.8706 0.1294 
509      509  (10)      8 :  0.9660 0.0340 
510      510   (5)      8 :  0.9640 0.0360 
511      511   (5)      8 :  0.9304 0.0696 
512      512   (5)      8 :  0.9800 0.0200 
513      513  (10)      8 :  0.9670 0.0330 
514      514   (5)      8 :  0.8770 0.1230 
515      515  (10)      8 :  0.9670 0.0330 
516      516   (0)      8 :  0.9240 0.0760 
517      517   (0)      8 :  0.9548 0.0452 
518      518   (0)      8 :  0.9800 0.0200 
519      519   (0)      8 :  0.9740 0.0260 
520      520   (0)      8 :  0.9062 0.0938 
521      521   (0)      8 :  0.9760 0.0240 
522      522   (0)      8 :  0.9730 0.0270 
523      523   (0)      8 :  0.9710 0.0290 
524      524   (0)      8 :  0.9540 0.0460 
525      525   (0)      8 :  0.9630 0.0370 
526      526   (0)      8 :  0.8994 0.1006 
527      527   (0)      8 :  0.9660 0.0340 
528      528   (5)      8 :  0.9580 0.0420 
529      529   (0)      8 :  0.9722 0.0278 
530      530   (0)      8 :  0.9290 0.0710 
531      531   (5)      8 :  0.9542 0.0458 
532      532   (5)      8 :  0.9390 0.0610 
533      533   (0)      8 :  0.8532 0.1468 
534      534   (0)      8 :  0.9440 0.0560 
535      535   (0)      8 :  0.9316 0.0684 
536      536   (0)      8 :  0.9740 0.0260 
537      537   (0)      8 :  0.9810 0.0190 
538      538   (0)      8 :  0.9770 0.0230 
539      539   (0)      8 :  0.9840 0.0160 
540      540   (0)      8 :  0.9510 0.0490 
541      541   (0)      8 :  0.9300 0.0700 
542      542   (0)      8 :  0.9516 0.0484 
543      543   (0)      8 :  0.9390 0.0610 
544      544   (0)      8 :  0.9478 0.0522 
545      545   (0)      8 :  0.8442 0.1558 
546      546   (0)      8 :  0.9740 0.0260 
547      547   (0)      8 :  0.9174 0.0826 
548      548   (0)      8 :  0.8320 0.1680 
549      549   (0)      8 :  0.9700 0.0300 
550      550   (0)      8 :  0.9640 0.0360 
551      551   (0)      9 :  0.7200 0.2800 
552      552   (0)      9 :  0.9412 0.0588 
553      553   (0)      9 :  0.9364 0.0636 
554      554   (0)      9 :  0.8178 0.1822 
555      555   (0)      9 :  0.8840 0.1160 
556      556   (0)      9 :  0.9790 0.0210 
557      557   (0)      9 :  0.8664 0.1336 
558      558   (0)      9 :  0.8112 0.1888 
559      559   (0)      9 :  0.8552 0.1448 
560      560   (0)      9 :  0.9368 0.0632 
561      561   (0)      9 :  0.9420 0.0580 
562      562   (0)      9 :  0.9420 0.0580 
563      563   (0)      9 :  0.9162 0.0838 
564      564   (0)      9 :  0.9440 0.0560 
565      565   (0)      9 :  0.9600 0.0400 
566      566   (0)      9 :  0.9402 0.0598 
567      567   (0)      9 :  0.9450 0.0550 
568      568   (0)      9 :  0.8030 0.1970 
569      569   (0)      9 :  0.9060 0.0940 
570      570   (0)      9 :  0.9850 0.0150 
571      571   (0)      9 :  0.8794 0.1206 
572      572   (0)      9 :  0.9720 0.0280 
573      573   (0)      9 :  0.7952 0.2048 
574      574   (0)      9 :  0.9330 0.0670 
575      575   (0)      9 :  0.9710 0.0290 
576      576   (0)      9 :  0.9570 0.0430 
577      577   (0)      9 :  0.9556 0.0444 
578      578   (0)      9 :  0.9550 0.0450 
579      579   (0)      9 :  0.7898 0.2102 
580      580   (0)      9 :  0.9234 0.0766 
581      581   (0)      9 :  0.7220 0.2780 
582      582   (0)      9 :  0.9700 0.0300 
583      583   (0)      9 :  0.9402 0.0598 
584      584   (0)      9 :  0.9700 0.0300 
585      585   (0)      9 :  0.9770 0.0230 
586      586   (0)      9 :  0.7826 0.2174 
587      587   (0)      9 :  0.9560 0.0440 
588      588   (0)      9 :  0.8506 0.1494 
589      589   (0)      9 :  0.8018 0.1982 
590      590   (0)      9 :  0.8150 0.1850 
591      591   (0)      9 :  0.8666 0.1334 
592      592   (0)      9 :  0.9750 0.0250 
593      593   (0)      9 :  0.7536 0.2464 
594      594   (0)      9 :  0.9310 0.0690 
595      595   (0)      9 :  0.8300 0.1700 
596      596   (0)      9 :  0.9740 0.0260 
597      597   (0)      9 :  0.9420 0.0580 
598      598   (0)      9 :  0.8884 0.1116 
599      599   (0)      9 :  0.9780 0.0220 
600      600   (0)      9 :  0.8942 0.1058 
601      601   (0)      9 :  0.9650 0.0350 
602      602   (0)      9 :  0.8110 0.1890 
603      603   (0)      9 :  0.9680 0.0320 
604      604   (0)      9 :  0.8600 0.1400 
605      605   (0)      9 :  0.7632 0.2368 
606      606   (0)      9 :  0.9680 0.0320 
607      607   (0)      9 :  0.8346 0.1654 
608      608   (0)      9 :  0.8118 0.1882 
609      609   (0)      9 :  0.8420 0.1580 
610      610   (0)      9 :  0.7950 0.2050 
611      611   (0)      9 :  0.9148 0.0852 
612      612   (0)      9 :  0.8434 0.1566 
613      613   (0)      9 :  0.9130 0.0870 
614      614   (0)      9 :  0.9430 0.0570 
615      615   (0)      9 :  0.9376 0.0624 
616      616   (0)      9 :  0.9740 0.0260 
617      617   (0)      9 :  0.9424 0.0576 
618      618   (0)      9 :  0.9656 0.0344 
619      619   (0)      9 :  0.8858 0.1142 
620      620   (0)      9 :  0.9090 0.0910 
621      621   (0)      9 :  0.9340 0.0660 
622      622   (0)      9 :  0.9506 0.0494 
623      623   (0)      9 :  0.8370 0.1630 
624      624   (0)      9 :  0.7862 0.2138 
625      625   (0)      9 :  0.9460 0.0540 
626      626   (0)      9 :  0.9520 0.0480 
627      627   (0)      9 :  0.9508 0.0492 
628      628   (0)      9 :  0.9680 0.0320 
629      629   (0)      9 :  0.9530 0.0470 
630      630   (0)      9 :  0.9790 0.0210 
631      631   (0)      9 :  0.9446 0.0554 
632      632   (0)      9 :  0.8780 0.1220 
633      633   (0)      9 :  0.9480 0.0520 
634      634   (0)      9 :  0.8680 0.1320 
635      635   (0)      9 :  0.9700 0.0300 
636      636   (0)      9 :  0.9720 0.0280 
637      637   (0)      9 :  0.9650 0.0350 
638      638   (0)      9 :  0.9590 0.0410 
639      639   (0)      9 :  0.8528 0.1472 
640      640   (0)      9 :  0.9660 0.0340 
641      641   (0)      9 :  0.8310 0.1690 
642      642   (0)      9 :  0.8494 0.1506 
643      643   (0)      9 :  0.9720 0.0280 
644      644   (0)      9 :  0.9284 0.0716 
645      645   (0)      9 :  0.8028 0.1972 
646      646   (0)      9 :  0.9410 0.0590 
647      647   (0)      9 :  0.9650 0.0350 
648      648   (0)      9 :  0.9270 0.0730 
649      649   (0)      9 :  0.7786 0.2214 
650      650   (0)      9 :  0.8690 0.1310 
651      651   (0)     10 :  0.9830 0.0170 
652      652   (5)     10 :  0.9528 0.0472 
653      653  (10)     10 :  0.9650 0.0350 
654      654   (0)     10 :  0.9850 0.0150 
655      655   (5)     10 :  0.9790 0.0210 
656      656   (0)     10 :  0.9720 0.0280 
657      657   (0)     10 :  0.8822 0.1178 
658      658   (0)     10 :  0.9830 0.0170 
659      659   (5)     10 :  0.9130 0.0870 
660      660   (0)     10 :  0.9810 0.0190 
661      661   (5)     10 :  0.9690 0.0310 
662      662   (0)     10 :  0.9438 0.0562 
663      663   (0)     10 :  0.9790 0.0210 
664      664   (0)     10 :  0.9530 0.0470 
665      665   (5)     10 :  0.9840 0.0160 
666      666   (5)     10 :  0.9820 0.0180 
667      667   (0)     10 :  0.9650 0.0350 
668      668   (0)     10 :  0.9796 0.0204 
669      669   (0)     10 :  0.9572 0.0428 
670      670   (5)     10 :  0.9800 0.0200 
671      671  (10)     10 :  0.9740 0.0260 
672      672   (0)     10 :  0.9786 0.0214 
673      673   (0)     10 :  0.9780 0.0220 
674      674   (0)     10 :  0.9690 0.0310 
675      675   (0)     10 :  0.9666 0.0334 
676      676   (5)     10 :  0.9820 0.0180 
677      677  (10)     10 :  0.9790 0.0210 
678      678   (5)     10 :  0.9750 0.0250 
679      679   (0)     10 :  0.9830 0.0170 
680      680   (0)     10 :  0.9840 0.0160 
681      681   (5)     10 :  0.9620 0.0380 
682      682   (0)     10 :  0.9706 0.0294 
683      683  (10)     10 :  0.9770 0.0230 
684      684   (0)     10 :  0.9820 0.0180 
685      685   (0)     10 :  0.9680 0.0320 
686      686   (5)     10 :  0.9850 0.0150 
687      687   (0)     10 :  0.9700 0.0300 
688      688   (0)     10 :  0.9310 0.0690 
689      689   (0)     10 :  0.9650 0.0350 
690      690   (0)     10 :  0.9820 0.0180 
691      691  (10)     10 :  0.9780 0.0220 
692      692  (10)     10 :  0.9422 0.0578 
693      693   (0)     10 :  0.9740 0.0260 
694      694   (0)     10 :  0.9820 0.0180 
695      695  (10)     10 :  0.9700 0.0300 
696      696   (5)     10 :  0.9808 0.0192 
697      697   (0)     10 :  0.9580 0.0420 
698      698   (0)     10 :  0.9828 0.0172 
699      699  (10)     10 :  0.9704 0.0296 
700      700   (0)     10 :  0.9790 0.0210 
701      701   (0)     10 :  0.7788 0.2212 
702      702   (0)     10 :  0.9660 0.0340 
703      703   (0)     10 :  0.9540 0.0460 
704      704   (5)     10 :  0.9720 0.0280 
705      705  (10)     10 :  0.9690 0.0310 
706      706   (5)     10 :  0.9540 0.0460 
707      707   (0)     10 :  0.9730 0.0270 
708      708   (0)     10 :  0.9810 0.0190 
709      709   (0)     10 :  0.9840 0.0160 
710      710  (10)     10 :  0.9702 0.0298 
711      711  (10)     10 :  0.9840 0.0160 
712      712   (0)     10 :  0.9710 0.0290 
713      713   (0)     10 :  0.9630 0.0370 
714      714   (0)     10 :  0.9830 0.0170 
715      715   (0)     10 :  0.9532 0.0468 
716      716   (0)     10 :  0.9570 0.0430 
717      717  (10)     10 :  0.9104 0.0896 
718      718   (0)     10 :  0.9560 0.0440 
719      719  (10)     10 :  0.9660 0.0340 
720      720   (0)     10 :  0.9150 0.0850 
721      721   (0)     10 :  0.9630 0.0370 
722      722   (5)     10 :  0.9800 0.0200 
723      723   (0)     10 :  0.9770 0.0230 
724      724  (10)     10 :  0.9778 0.0222 
725      725   (0)     10 :  0.9472 0.0528 
726      726   (0)     10 :  0.9840 0.0160 
727      727   (0)     10 :  0.9780 0.0220 
728      728  (15)     10 :  0.9462 0.0538 
729      729  (10)     10 :  0.6526 0.3474 
730      730   (0)     10 :  0.9810 0.0190 
731      731   (5)     10 :  0.9580 0.0420 
732      732  (10)     10 :  0.9792 0.0208 
733      733   (0)     10 :  0.9770 0.0230 
734      734   (0)     10 :  0.9780 0.0220 
735      735  (10)     10 :  0.9740 0.0260 
736      736   (0)     10 :  0.9758 0.0242 
737      737   (5)     10 :  0.9380 0.0620 
738      738   (0)     10 :  0.9678 0.0322 
739      739   (0)     10 :  0.9718 0.0282 
740      740   (0)     10 :  0.9840 0.0160 
741      741   (5)     10 :  0.9650 0.0350 
742      742   (0)     10 :  0.9690 0.0310 
743      743   (0)     10 :  0.9516 0.0484 
744      744   (0)     10 :  0.9860 0.0140 
745      745   (0)     10 :  0.9660 0.0340 
746      746   (0)     10 :  0.9280 0.0720 
747      747   (0)     10 :  0.9700 0.0300 
748      748   (0)     10 :  0.8726 0.1274 
749      749  (10)     10 :  0.9784 0.0216 
750      750   (5)     10 :  0.8258 0.1742 
