1        1   (5)      1  : 0.9660 0.0340
2        2   (5)      1  : 0.9152 0.0848
3        3   (5)      1  : 0.9780 0.0220
4        4   (0)      1  : 0.9850 0.0150
5        5   (0)      1  : 0.9074 0.0926
6        6   (0)      1  : 0.9758 0.0242
7        7   (0)      1  : 0.9050 0.0950
8        8   (5)      1  : 0.9798 0.0202
9        9   (0)      1  : 0.9810 0.0190
10       10   (0)      1  : 0.9174 0.0826
11       11   (0)      1  : 0.9650 0.0350
12       12   (0)      1  : 0.9624 0.0376
13       13   (0)      1  : 0.9790 0.0210
14       14   (0)      1  : 0.9670 0.0330
15       15   (0)      1  : 0.9732 0.0268
16       16   (0)      1  : 0.9850 0.0150
17       17   (0)      1  : 0.9820 0.0180
18       18   (0)      1  : 0.9558 0.0442
19       19   (0)      1  : 0.9800 0.0200
20       20   (0)      1  : 0.9290 0.0710
21       21   (0)      1  : 0.9820 0.0180
22       22   (0)      1  : 0.9830 0.0170
23       23   (0)      1  : 0.9822 0.0178
24       24   (0)      1  : 0.9810 0.0190
25       25   (0)      1  : 0.9532 0.0468
26       26   (0)      1  : 0.9800 0.0200
27       27   (5)      1  : 0.9410 0.0590
28       28   (0)      1  : 0.9670 0.0330
29       29   (0)      1  : 0.9810 0.0190
30       30   (0)      1  : 0.9268 0.0732
31       31   (0)      1  : 0.9780 0.0220
32       32   (0)      1  : 0.9750 0.0250
33       33   (0)      1  : 0.9830 0.0170
34       34   (0)      1  : 0.9830 0.0170
35       35   (0)      1  : 0.9670 0.0330
36       36   (0)      1  : 0.9830 0.0170
37       37   (0)      1  : 0.9660 0.0340
38       38   (0)      1  : 0.9674 0.0326
39       39   (0)      1  : 0.9490 0.0510
40       40   (0)      1  : 0.9760 0.0240
41       41   (0)      1  : 0.9760 0.0240
42       42   (0)      1  : 0.9850 0.0150
43       43   (0)      1  : 0.9698 0.0302
44       44   (0)      1  : 0.9820 0.0180
45       45   (5)      1  : 0.9550 0.0450
46       46   (0)      1  : 0.9820 0.0180
47       47   (0)      1  : 0.9666 0.0334
48       48   (0)      1  : 0.9680 0.0320
49       49   (0)      1  : 0.9702 0.0298
50       50   (0)      1  : 0.9700 0.0300
51       51   (0)      1  : 0.9720 0.0280
52       52   (0)      1  : 0.9370 0.0630
53       53   (0)      1  : 0.9780 0.0220
54       54   (0)      1  : 0.9700 0.0300
55       55   (0)      1  : 0.9720 0.0280
56       56   (0)      1  : 0.9790 0.0210
57       57  (10)      1  : 0.9800 0.0200
58       58   (5)      1  : 0.9670 0.0330
59       59   (0)      1  : 0.9670 0.0330
60       60   (0)      1  : 0.9750 0.0250
61       61   (0)      1  : 0.9670 0.0330
62       62   (0)      1  : 0.9210 0.0790
63       63   (0)      1  : 0.9730 0.0270
64       64   (0)      1  : 0.9710 0.0290
65       65   (0)      1  : 0.9462 0.0538
66       66   (0)      1  : 0.9780 0.0220
67       67   (5)      1  : 0.9730 0.0270
68       68   (0)      1  : 0.9440 0.0560
69       69   (0)      1  : 0.9640 0.0360
70       70   (0)      1  : 0.9720 0.0280
71       71   (5)      1  : 0.9670 0.0330
72       72   (0)      1  : 0.9660 0.0340
73       73   (5)      1  : 0.9750 0.0250
74       74  (10)      1  : 0.9590 0.0410
75       75  (10)      1  : 0.9726 0.0274
76       76   (0)      1  : 0.9720 0.0280
77       77  (10)      1  : 0.9750 0.0250
78       78   (0)      1  : 0.9750 0.0250
79       79   (5)      1  : 0.9680 0.0320
80       80   (0)      1  : 0.9800 0.0200
81       81   (0)      1  : 0.9712 0.0288
82       82   (0)      1  : 0.9800 0.0200
83       83   (0)      1  : 0.9700 0.0300
84       84   (0)      1  : 0.9416 0.0584
85       85   (0)      1  : 0.9820 0.0180
86       86   (5)      1  : 0.9770 0.0230
87       87   (0)      1  : 0.9744 0.0256
88       88   (0)      1  : 0.8852 0.1148
89       89   (0)      1  : 0.9800 0.0200
90       90   (0)      1  : 0.9710 0.0290
91       91   (0)      1  : 0.9720 0.0280
92       92   (0)      1  : 0.9700 0.0300
93       93   (0)      1  : 0.9820 0.0180
94       94   (5)      1  : 0.9760 0.0240
95       95   (0)      1  : 0.9760 0.0240
96       96   (5)      1  : 0.9770 0.0230
97       97   (0)      1  : 0.9620 0.0380
98       98   (0)      1  : 0.9730 0.0270
99       99   (5)      1  : 0.9760 0.0240
100      100   (5)      1  : 0.9820 0.0180
101      101   (0)      2  : 0.9730 0.0270
102      102   (0)      2  : 0.8184 0.1816
103      103   (0)      2  : 0.9230 0.0770
104      104   (0)      2  : 0.8478 0.1522
105      105   (0)      2  : 0.9570 0.0430
106      106   (0)      2  : 0.9610 0.0390
107      107   (0)      2  : 0.9400 0.0600
108      108   (0)      2  : 0.9710 0.0290
109      109   (0)      2  : 0.9760 0.0240
110      110   (0)      2  : 0.9750 0.0250
111      111   (0)      2  : 0.9580 0.0420
112      112   (0)      2  : 0.9230 0.0770
113      113   (0)      2  : 0.9790 0.0210
114      114   (0)      2  : 0.9360 0.0640
115      115   (0)      2  : 0.8990 0.1010
116      116   (0)      2  : 0.9560 0.0440
117      117   (0)      2  : 0.9738 0.0262
118      118   (0)      2  : 0.9750 0.0250
119      119   (0)      2  : 0.9610 0.0390
120      120   (0)      2  : 0.7710 0.2290
121      121   (0)      2  : 0.9030 0.0970
122      122   (0)      2  : 0.9400 0.0600
123      123   (0)      2  : 0.9770 0.0230
124      124   (0)      2  : 0.8512 0.1488
125      125   (0)      2  : 0.9610 0.0390
126      126   (0)      2  : 0.9756 0.0244
127      127   (0)      2  : 0.8588 0.1412
128      128   (0)      2  : 0.8840 0.1160
129      129   (0)      2  : 0.8826 0.1174
130      130   (0)      2  : 0.8882 0.1118
131      131   (0)      2  : 0.8602 0.1398
132      132   (0)      2  : 0.9150 0.0850
133      133   (0)      2  : 0.9600 0.0400
134      134   (0)      2  : 0.7622 0.2378
135      135   (0)      2  : 0.9420 0.0580
136      136   (0)      2  : 0.8870 0.1130
137      137   (0)      2  : 0.9574 0.0426
138      138   (0)      2  : 0.7604 0.2396
139      139   (0)      2  : 0.9100 0.0900
140      140   (0)      2  : 0.8708 0.1292
141      141   (0)      2  : 0.9100 0.0900
142      142   (0)      2  : 0.9510 0.0490
143      143   (0)      2  : 0.9540 0.0460
144      144   (0)      2  : 0.9530 0.0470
145      145   (0)      2  : 0.8648 0.1352
146      146   (0)      2  : 0.9440 0.0560
147      147   (0)      2  : 0.9700 0.0300
148      148   (0)      2  : 0.8398 0.1602
149      149   (0)      2  : 0.9170 0.0830
150      150   (0)      2  : 0.8912 0.1088
151      151   (0)      2  : 0.9280 0.0720
152      152   (0)      2  : 0.9650 0.0350
153      153   (0)      2  : 0.8450 0.1550
154      154   (0)      2  : 0.8500 0.1500
155      155   (0)      2  : 0.9300 0.0700
156      156   (0)      2  : 0.9130 0.0870
157      157   (0)      2  : 0.9390 0.0610
158      158   (0)      2  : 0.8940 0.1060
159      159   (0)      2  : 0.9110 0.0890
160      160   (0)      2  : 0.9590 0.0410
161      161   (0)      2  : 0.9540 0.0460
162      162   (0)      2  : 0.9660 0.0340
163      163   (0)      2  : 0.9590 0.0410
164      164   (0)      2  : 0.9200 0.0800
165      165   (0)      2  : 0.8678 0.1322
166      166   (0)      2  : 0.9650 0.0350
167      167   (0)      2  : 0.8816 0.1184
168      168   (0)      2  : 0.9702 0.0298
169      169   (0)      2  : 0.9166 0.0834
170      170   (0)      2  : 0.9630 0.0370
171      171   (0)      2  : 0.9324 0.0676
172      172   (0)      2  : 0.9060 0.0940
173      173   (0)      2  : 0.9800 0.0200
174      174   (0)      2  : 0.8506 0.1494
175      175   (0)      2  : 0.9070 0.0930
176      176   (0)      2  : 0.9180 0.0820
177      177   (0)      2  : 0.9650 0.0350
178      178   (0)      2  : 0.8250 0.1750
179      179   (0)      2  : 0.9710 0.0290
180      180   (0)      2  : 0.9760 0.0240
181      181   (0)      2  : 0.8750 0.1250
182      182   (0)      2  : 0.9698 0.0302
183      183   (0)      2  : 0.9310 0.0690
184      184   (0)      2  : 0.8950 0.1050
185      185   (0)      2  : 0.9030 0.0970
186      186   (0)      2  : 0.9740 0.0260
187      187   (0)      2  : 0.8840 0.1160
188      188   (0)      2  : 0.9620 0.0380
189      189   (0)      2  : 0.9610 0.0390
190      190   (0)      2  : 0.8274 0.1726
191      191   (0)      2  : 0.9510 0.0490
192      192   (0)      2  : 0.9176 0.0824
193      193   (0)      2  : 0.9672 0.0328
194      194   (0)      2  : 0.8554 0.1446
195      195   (0)      2  : 0.9450 0.0550
196      196   (0)      2  : 0.9630 0.0370
197      197   (0)      2  : 0.9290 0.0710
198      198   (0)      2  : 0.8890 0.1110
199      199   (0)      2  : 0.9436 0.0564
200      200   (0)      2  : 0.8970 0.1030
201      201   (0)      3  : 0.8266 0.1734
202      202   (0)      3  : 0.8532 0.1468
203      203   (0)      3  : 0.6520 0.3480
204      204   (0)      3  : 0.8616 0.1384
205      205   (0)      3  : 0.8840 0.1160
206      206   (0)      3  : 0.8720 0.1280
207      207   (0)      3  : 0.8920 0.1080
208      208   (0)      3  : 0.8308 0.1692
209      209   (0)      3  : 0.7454 0.2546
210      210   (0)      3  : 0.7546 0.2454
211      211   (0)      3  : 0.7618 0.2382
212      212   (0)      3  : 0.7030 0.2970
213      213   (0)      3  : 0.8010 0.1990
214      214   (0)      3  : 0.6030 0.3970
215      215   (0)      3  : 0.8638 0.1362
216      216   (0)      3  : 0.7570 0.2430
217      217   (0)      3  : 0.9336 0.0664
218      218   (0)      3  : 0.6088 0.3912
219      219   (0)      3  : 0.9302 0.0698
220      220   (0)      3  : 0.5750 0.4250
221      221   (0)      3  : 0.9470 0.0530
222      222   (0)      3  : 0.5092 0.4908
223      223   (0)      3  : 0.9160 0.0840
224      224   (0)      3  : 0.7390 0.2610
225      225   (0)      3  : 0.9422 0.0578
226      226   (0)      3  : 0.9260 0.0740
227      227   (0)      3  : 0.7886 0.2114
228      228   (0)      3  : 0.7806 0.2194
229      229   (0)      3  : 0.7840 0.2160
230      230   (0)      3  : 0.9228 0.0772
231      231   (0)      3  : 0.9640 0.0360
232      232   (0)      3  : 0.6644 0.3356
233      233   (0)      3  : 0.8202 0.1798
234      234   (0)      3  : 0.8210 0.1790
235      235   (0)      3  : 0.7212 0.2788
236      236   (0)      3  : 0.7558 0.2442
237      237   (0)      3  : 0.8006 0.1994
238      238   (0)      3  : 0.5300 0.4700
239      239   (0)      3  : 0.7898 0.2102
240      240   (0)      3  : 0.6910 0.3090
241      241   (0)      3  : 0.8890 0.1110
242      242   (0)      3  : 0.8860 0.1140
243      243   (0)      3  : 0.6620 0.3380
244      244   (0)      3  : 0.5836 0.4164
245      245   (0)      3  : 0.9570 0.0430
246      246   (0)      3  : 0.7498 0.2502
247      247   (0)      3  : 0.7740 0.2260
248      248   (0)      3  : 0.8858 0.1142
249      249   (0)      3  : 0.8022 0.1978
250      250   (0)      3  : 0.9180 0.0820
251      251   (0)      3  : 0.6344 0.3656
252      252   (0)      3  : 0.8104 0.1896
253      253   (0)      3  : 0.7700 0.2300
254      254   (0)      3  : 0.6758 0.3242
255      255   (0)      3  : 0.8976 0.1024
256      256   (0)      3  : 0.7888 0.2112
257      257   (0)      3  : 0.8746 0.1254
258      258   (0)      3  : 0.7302 0.2698
259      259   (0)      3  : 0.7450 0.2550
260      260   (0)      3  : 0.7480 0.2520
261      261   (0)      3  : 0.8850 0.1150
262      262   (0)      3  : 0.9366 0.0634
263      263   (0)      3  : 0.8824 0.1176
264      264   (0)      3  : 0.6934 0.3066
265      265   (0)      3  : 0.7592 0.2408
266      266   (0)      3  : 0.6812 0.3188
267      267   (0)      3  : 0.7546 0.2454
268      268   (0)      3  : 0.8626 0.1374
269      269   (0)      3  : 0.7432 0.2568
270      270   (0)      3  : 0.9690 0.0310
271      271   (0)      3  : 0.9138 0.0862
272      272   (0)      3  : 0.6516 0.3484
273      273   (0)      3  : 0.8100 0.1900
274      274   (0)      3  : 0.8104 0.1896
275      275   (0)      3  : 0.9264 0.0736
276      276   (0)      3  : 0.9176 0.0824
277      277   (0)      3  : 0.6838 0.3162
278      278   (0)      3  : 0.7660 0.2340
279      279   (0)      3  : 0.8570 0.1430
280      280   (0)      3  : 0.8992 0.1008
281      281   (0)      3  : 0.9560 0.0440
282      282   (0)      3  : 0.6770 0.3230
283      283   (0)      3  : 0.9410 0.0590
284      284   (0)      3  : 0.8472 0.1528
285      285   (0)      3  : 0.6410 0.3590
286      286   (0)      3  : 0.8740 0.1260
287      287   (0)      3  : 0.8202 0.1798
288      288   (0)      3  : 0.7460 0.2540
289      289   (0)      3  : 0.5188 0.4812
290      290   (0)      3  : 0.9630 0.0370
291      291   (0)      3  : 0.9134 0.0866
292      292   (0)      3  : 0.8270 0.1730
293      293   (0)      3  : 0.7124 0.2876
294      294   (0)      3  : 0.8610 0.1390
295      295   (0)      3  : 0.6810 0.3190
296      296   (0)      3  : 0.8974 0.1026
297      297   (0)      3  : 0.8210 0.1790
298      298   (0)      3  : 0.7210 0.2790
299      299   (0)      3  : 0.8914 0.1086
300      300   (0)      3  : 0.8830 0.1170
301      301   (5)      4  : 0.6520 0.3480
302      302   (0)      4  : 0.3244 0.6756
303      303   (0)      4  : 0.4814 0.5186
304      304   (5)      4  : 0.4188 0.5812
305      305   (5)      4  : 0.3494 0.6506
306      306   (0)      4  : 0.2768 0.7232
307      307   (0)      5  : 0.3932 0.6068
308      308   (0)      5  : 0.4504 0.5496
309      309   (0)      5  : 0.4380 0.5620
310      310   (0)      5  : 0.4918 0.5082
311      311   (0)      5  : 0.4330 0.5670
312      312   (0)      5  : 0.7460 0.2540
313      313   (0)      5  : 0.6380 0.3620
314      314   (0)      5  : 0.5070 0.4930
315      315   (0)      5  : 0.5046 0.4954
316      316   (0)      5  : 0.5380 0.4620
317      317   (0)      5  : 0.6062 0.3938
318      318   (0)      5  : 0.4594 0.5406
319      319   (0)      5  : 0.5102 0.4898
320      320   (0)      5  : 0.4440 0.5560
321      321   (0)      5  : 0.6010 0.3990
322      322   (0)      5  : 0.3670 0.6330
323      323   (0)      5  : 0.6070 0.3930
324      324   (0)      5  : 0.4230 0.5770
325      325   (0)      5  : 0.3290 0.6710
326      326   (0)      5  : 0.5530 0.4470
327      327   (0)      5  : 0.6918 0.3082
328      328   (0)      5  : 0.6880 0.3120
329      329   (0)      5  : 0.5462 0.4538
330      330   (0)      5  : 0.4920 0.5080
331      331   (0)      5  : 0.4560 0.5440
332      332   (0)      5  : 0.3650 0.6350
333      333   (0)      5  : 0.5084 0.4916
334      334   (0)      5  : 0.4594 0.5406
335      335   (0)      5  : 0.3710 0.6290
336      336   (0)      5  : 0.5922 0.4078
337      337   (0)      5  : 0.4774 0.5226
338      338   (0)      5  : 0.7130 0.2870
339      339   (0)      5  : 0.4680 0.5320
340      340   (0)      5  : 0.4608 0.5392
341      341   (0)      5  : 0.6730 0.3270
342      342   (0)      5  : 0.4396 0.5604
343      343   (0)      5  : 0.4952 0.5048
344      344   (0)      5  : 0.5640 0.4360
345      345   (0)      5  : 0.4870 0.5130
346      346   (0)      5  : 0.5130 0.4870
347      347   (0)      5  : 0.6072 0.3928
348      348   (0)      5  : 0.3612 0.6388
349      349   (0)      5  : 0.4562 0.5438
350      350   (0)      5  : 0.4650 0.5350
351      351   (0)      5  : 0.4640 0.5360
352      352   (0)      5  : 0.5592 0.4408
353      353   (0)      5  : 0.6598 0.3402
354      354   (0)      5  : 0.5570 0.4430
355      355   (0)      5  : 0.4602 0.5398
356      356   (0)      5  : 0.4640 0.5360
357      357   (0)      5  : 0.2766 0.7234
358      358   (0)      5  : 0.5126 0.4874
359      359   (0)      5  : 0.5010 0.4990
360      360   (0)      5  : 0.4704 0.5296
361      361   (0)      5  : 0.7150 0.2850
362      362   (0)      5  : 0.3614 0.6386
363      363   (0)      5  : 0.3840 0.6160
364      364   (0)      5  : 0.5552 0.4448
365      365   (0)      5  : 0.4892 0.5108
366      366   (0)      5  : 0.6698 0.3302
367      367   (0)      5  : 0.5310 0.4690
368      368   (0)      5  : 0.5820 0.4180
369      369   (0)      5  : 0.4490 0.5510
370      370   (0)      5  : 0.5838 0.4162
371      371   (0)      5  : 0.5582 0.4418
372      372   (0)      5  : 0.5730 0.4270
373      373   (0)      5  : 0.3270 0.6730
374      374   (0)      5  : 0.5330 0.4670
375      375   (0)      5  : 0.6562 0.3438
376      376   (0)      5  : 0.8050 0.1950
377      377   (0)      5  : 0.3954 0.6046
378      378   (0)      5  : 0.5168 0.4832
379      379   (0)      5  : 0.5200 0.4800
380      380   (0)      5  : 0.5310 0.4690
381      381   (0)      5  : 0.5700 0.4300
382      382   (0)      5  : 0.5620 0.4380
383      383   (0)      5  : 0.5054 0.4946
384      384   (0)      5  : 0.4100 0.5900
385      385   (0)      5  : 0.3782 0.6218
386      386   (0)      5  : 0.4960 0.5040
387      387   (0)      5  : 0.3870 0.6130
388      388   (0)      5  : 0.5560 0.4440
389      389   (0)      5  : 0.4808 0.5192
390      390   (0)      5  : 0.5406 0.4594
391      391   (0)      5  : 0.3140 0.6860
392      392   (0)      5  : 0.5190 0.4810
393      393   (0)      5  : 0.5160 0.4840
394      394   (0)      5  : 0.5964 0.4036
395      395   (0)      5  : 0.3150 0.6850
396      396   (0)      5  : 0.4160 0.5840
397      397   (0)      5  : 0.5820 0.4180
398      398   (0)      5  : 0.5688 0.4312
399      399   (0)      5  : 0.5460 0.4540
400      400   (0)      5  : 0.6400 0.3600
401      401   (0)      5  : 0.1768 0.8232
402      402   (0)      5  : 0.5732 0.4268
403      403   (0)      5  : 0.6860 0.3140
404      404   (0)      5  : 0.5240 0.4760
405      405   (0)      5  : 0.4714 0.5286
406      406   (0)      5  : 0.5760 0.4240
407      407   (0)      6  : 0.0630 0.9370
408      408   (0)      6  : 0.1642 0.8358
409      409   (0)      7  : 0.1364 0.8636
410      410   (0)      7  : 0.0998 0.9002
411      411   (0)      7  : 0.0990 0.9010
412      412   (0)      7  : 0.2370 0.7630
413      413   (0)      7  : 0.2950 0.7050
414      414   (0)      7  : 0.1970 0.8030
415      415   (0)      7  : 0.0530 0.9470
416      416   (0)      7  : 0.2034 0.7966
417      417   (0)      7  : 0.1568 0.8432
418      418   (0)      7  : 0.2102 0.7898
419      419   (0)      7  : 0.1730 0.8270
420      420   (0)      7  : 0.0426 0.9574
421      421   (0)      7  : 0.3414 0.6586
422      422   (0)      7  : 0.3400 0.6600
423      423   (0)      7  : 0.2508 0.7492
424      424   (0)      7  : 0.0306 0.9694
425      425   (0)      7  : 0.3290 0.6710
426      426   (0)      7  : 0.2628 0.7372
427      427   (0)      7  : 0.2240 0.7760
428      428   (0)      7  : 0.2510 0.7490
429      429   (0)      7  : 0.3200 0.6800
430      430   (0)      7  : 0.1378 0.8622
431      431   (0)      7  : 0.1546 0.8454
432      432   (0)      7  : 0.1280 0.8720
433      433   (0)      7  : 0.0250 0.9750
434      434   (0)      7  : 0.2680 0.7320
435      435   (0)      7  : 0.3530 0.6470
436      436   (0)      7  : 0.2756 0.7244
437      437   (0)      7  : 0.1668 0.8332
438      438   (0)      7  : 0.3480 0.6520
439      439   (0)      7  : 0.0970 0.9030
440      440   (0)      7  : 0.4760 0.5240
441      441   (0)      7  : 0.1430 0.8570
442      442   (0)      7  : 0.2870 0.7130
443      443   (0)      7  : 0.2384 0.7616
444      444   (0)      7  : 0.2872 0.7128
445      445   (0)      7  : 0.2204 0.7796
446      446   (0)      7  : 0.2078 0.7922
447      447   (0)      7  : 0.3362 0.6638
448      448   (0)      7  : 0.4550 0.5450
449      449   (0)      7  : 0.1124 0.8876
450      450   (0)      7  : 0.0590 0.9410
451      451   (0)      7  : 0.1148 0.8852
452      452   (0)      7  : 0.3010 0.6990
453      453   (0)      7  : 0.3360 0.6640
454      454   (0)      7  : 0.1786 0.8214
455      455   (0)      7  : 0.2698 0.7302
456      456   (0)      7  : 0.1848 0.8152
457      457   (0)      7  : 0.2330 0.7670
458      458   (0)      7  : 0.0570 0.9430
459      459   (0)      7  : 0.3810 0.6190
460      460   (0)      7  : 0.4552 0.5448
461      461   (0)      7  : 0.3930 0.6070
462      462   (0)      7  : 0.2066 0.7934
463      463   (0)      7  : 0.2970 0.7030
464      464   (0)      7  : 0.2300 0.7700
465      465   (0)      7  : 0.2274 0.7726
466      466   (0)      7  : 0.1280 0.8720
467      467   (0)      7  : 0.0790 0.9210
468      468   (0)      7  : 0.1520 0.8480
469      469   (0)      7  : 0.3056 0.6944
470      470   (0)      7  : 0.1540 0.8460
471      471   (0)      7  : 0.1004 0.8996
472      472   (0)      7  : 0.1778 0.8222
473      473   (0)      7  : 0.1802 0.8198
474      474   (0)      7  : 0.2740 0.7260
475      475   (0)      7  : 0.0370 0.9630
476      476   (0)      7  : 0.2970 0.7030
477      477   (0)      7  : 0.0998 0.9002
478      478   (0)      7  : 0.2650 0.7350
479      479   (0)      7  : 0.2538 0.7462
480      480   (0)      7  : 0.0306 0.9694
481      481   (0)      7  : 0.2830 0.7170
482      482   (0)      7  : 0.3294 0.6706
483      483   (0)      7  : 0.2226 0.7774
484      484   (0)      7  : 0.2194 0.7806
485      485   (0)      7  : 0.2874 0.7126
486      486   (0)      7  : 0.0932 0.9068
487      487   (0)      7  : 0.1494 0.8506
488      488   (0)      7  : 0.3580 0.6420
489      489   (0)      7  : 0.2180 0.7820
490      490   (0)      7  : 0.3934 0.6066
491      491   (0)      7  : 0.2752 0.7248
492      492   (0)      7  : 0.0932 0.9068
493      493   (0)      7  : 0.1740 0.8260
494      494   (0)      7  : 0.5302 0.4698
495      495   (0)      7  : 0.2786 0.7214
496      496   (0)      7  : 0.3310 0.6690
497      497   (0)      7  : 0.1308 0.8692
498      498   (0)      7  : 0.2820 0.7180
499      499   (0)      7  : 0.1226 0.8774
500      500   (0)      7  : 0.2054 0.7946
501      501   (0)      7  : 0.1770 0.8230
502      502   (0)      7  : 0.1644 0.8356
503      503   (0)      7  : 0.2230 0.7770
504      504   (0)      7  : 0.3600 0.6400
505      505   (0)      7  : 0.3480 0.6520
506      506   (0)      7  : 0.1950 0.8050
507      507   (0)      7  : 0.0550 0.9450
508      508   (0)      7  : 0.0280 0.9720
509      509  (10)      8  : 0.0220 0.9780
510      510   (5)      8  : 0.0280 0.9720
511      511   (5)      8  : 0.0920 0.9080
512      512   (5)      8  : 0.0200 0.9800
513      513  (10)      8  : 0.0380 0.9620
514      514   (5)      8  : 0.1388 0.8612
515      515  (10)      8  : 0.0400 0.9600
516      516   (0)      8  : 0.0888 0.9112
517      517   (0)      8  : 0.0422 0.9578
518      518   (0)      8  : 0.0190 0.9810
519      519   (0)      8  : 0.0510 0.9490
520      520   (0)      8  : 0.1166 0.8834
521      521   (0)      8  : 0.0240 0.9760
522      522   (0)      8  : 0.0260 0.9740
523      523   (0)      8  : 0.0368 0.9632
524      524   (0)      8  : 0.0560 0.9440
525      525   (0)      8  : 0.0430 0.9570
526      526   (0)      8  : 0.1174 0.8826
527      527   (0)      8  : 0.0430 0.9570
528      528   (5)      8  : 0.0624 0.9376
529      529   (0)      8  : 0.0320 0.9680
530      530   (0)      8  : 0.0950 0.9050
531      531   (5)      8  : 0.0536 0.9464
532      532   (5)      8  : 0.0530 0.9470
533      533   (0)      8  : 0.1880 0.8120
534      534   (0)      8  : 0.0552 0.9448
535      535   (0)      8  : 0.1040 0.8960
536      536   (0)      8  : 0.0220 0.9780
537      537   (0)      8  : 0.0170 0.9830
538      538   (0)      8  : 0.0330 0.9670
539      539   (0)      8  : 0.0150 0.9850
540      540   (0)      8  : 0.0440 0.9560
541      541   (0)      8  : 0.0740 0.9260
542      542   (0)      8  : 0.0580 0.9420
543      543   (0)      8  : 0.0510 0.9490
544      544   (0)      8  : 0.0810 0.9190
545      545   (0)      8  : 0.1760 0.8240
546      546   (0)      8  : 0.0290 0.9710
547      547   (0)      8  : 0.0960 0.9040
548      548   (0)      8  : 0.1374 0.8626
549      549   (0)      8  : 0.0340 0.9660
550      550   (0)      8  : 0.0450 0.9550
551      551   (0)      9  : 0.0344 0.9656
552      552   (0)      9  : 0.0340 0.9660
553      553   (0)      9  : 0.0408 0.9592
554      554   (0)      9  : 0.0350 0.9650
555      555   (0)      9  : 0.0280 0.9720
556      556   (0)      9  : 0.0540 0.9460
557      557   (0)      9  : 0.0656 0.9344
558      558   (0)      9  : 0.0260 0.9740
559      559   (0)      9  : 0.0674 0.9326
560      560   (0)      9  : 0.1464 0.8536
561      561   (0)      9  : 0.0200 0.9800
562      562   (0)      9  : 0.0916 0.9084
563      563   (0)      9  : 0.0250 0.9750
564      564   (0)      9  : 0.0674 0.9326
565      565   (0)      9  : 0.0596 0.9404
566      566   (0)      9  : 0.3420 0.6580
567      567   (0)      9  : 0.0300 0.9700
568      568   (0)      9  : 0.0698 0.9302
569      569   (0)      9  : 0.1000 0.9000
570      570   (0)      9  : 0.0480 0.9520
571      571   (0)      9  : 0.1310 0.8690
572      572   (0)      9  : 0.0300 0.9700
573      573   (0)      9  : 0.0780 0.9220
574      574   (0)      9  : 0.0570 0.9430
575      575   (0)      9  : 0.1646 0.8354
576      576   (0)      9  : 0.0730 0.9270
577      577   (0)      9  : 0.1190 0.8810
578      578   (0)      9  : 0.1460 0.8540
579      579   (0)      9  : 0.0360 0.9640
580      580   (0)      9  : 0.2400 0.7600
581      581   (0)      9  : 0.1156 0.8844
582      582   (0)      9  : 0.0210 0.9790
583      583   (0)      9  : 0.0240 0.9760
584      584   (0)      9  : 0.0554 0.9446
585      585   (0)      9  : 0.2034 0.7966
586      586   (0)      9  : 0.1360 0.8640
587      587   (0)      9  : 0.1238 0.8762
588      588   (0)      9  : 0.1810 0.8190
589      589   (0)      9  : 0.1068 0.8932
590      590   (0)      9  : 0.0610 0.9390
591      591   (0)      9  : 0.0330 0.9670
592      592   (0)      9  : 0.2110 0.7890
593      593   (0)      9  : 0.0140 0.9860
594      594   (0)      9  : 0.0600 0.9400
595      595   (0)      9  : 0.0806 0.9194
596      596   (0)      9  : 0.0436 0.9564
597      597   (0)      9  : 0.0830 0.9170
598      598   (0)      9  : 0.0502 0.9498
599      599   (0)      9  : 0.0640 0.9360
600      600   (0)      9  : 0.0596 0.9404
601      601   (0)      9  : 0.0670 0.9330
602      602   (0)      9  : 0.0576 0.9424
603      603   (0)      9  : 0.1000 0.9000
604      604   (0)      9  : 0.2598 0.7402
605      605   (0)      9  : 0.1474 0.8526
606      606   (0)      9  : 0.1070 0.8930
607      607   (0)      9  : 0.0170 0.9830
608      608   (0)      9  : 0.0510 0.9490
609      609   (0)      9  : 0.0620 0.9380
610      610   (0)      9  : 0.0982 0.9018
611      611   (0)      9  : 0.1164 0.8836
612      612   (0)      9  : 0.0242 0.9758
613      613   (0)      9  : 0.0200 0.9800
614      614   (0)      9  : 0.1320 0.8680
615      615   (0)      9  : 0.1010 0.8990
616      616   (0)      9  : 0.0648 0.9352
617      617   (0)      9  : 0.0490 0.9510
618      618   (0)      9  : 0.1020 0.8980
619      619   (0)      9  : 0.0340 0.9660
620      620   (0)      9  : 0.0360 0.9640
621      621   (0)      9  : 0.0210 0.9790
622      622   (0)      9  : 0.1800 0.8200
623      623   (0)      9  : 0.0480 0.9520
624      624   (0)      9  : 0.0240 0.9760
625      625   (0)      9  : 0.1044 0.8956
626      626   (0)      9  : 0.0300 0.9700
627      627   (0)      9  : 0.0842 0.9158
628      628   (0)      9  : 0.0160 0.9840
629      629   (0)      9  : 0.0236 0.9764
630      630   (0)      9  : 0.0630 0.9370
631      631   (0)      9  : 0.0410 0.9590
632      632   (0)      9  : 0.0370 0.9630
633      633   (0)      9  : 0.0890 0.9110
634      634   (0)      9  : 0.0580 0.9420
635      635   (0)      9  : 0.0330 0.9670
636      636   (0)      9  : 0.3932 0.6068
637      637   (0)      9  : 0.1612 0.8388
638      638   (0)      9  : 0.2290 0.7710
639      639   (0)      9  : 0.1212 0.8788
640      640   (0)      9  : 0.0200 0.9800
641      641   (0)      9  : 0.0360 0.9640
642      642   (0)      9  : 0.2870 0.7130
643      643   (0)      9  : 0.2048 0.7952
644      644   (0)      9  : 0.0680 0.9320
645      645   (0)      9  : 0.1548 0.8452
646      646   (0)      9  : 0.0500 0.9500
647      647   (0)      9  : 0.0880 0.9120
648      648   (0)      9  : 0.0918 0.9082
649      649   (0)      9  : 0.1460 0.8540
650      650   (0)      9  : 0.1588 0.8412
651      651   (0)     10  : 0.1170 0.8830
652      652   (5)     10  : 0.0542 0.9458
653      653   (0)     10  : 0.0160 0.9840
654      654   (5)     10  : 0.0190 0.9810
655      655   (0)     10  : 0.0696 0.9304
656      656   (5)     10  : 0.0736 0.9264
657      657  (10)     10  : 0.0330 0.9670
658      658   (0)     10  : 0.0290 0.9710
659      659   (5)     10  : 0.0180 0.9820
660      660   (0)     10  : 0.0520 0.9480
661      661  (10)     10  : 0.0190 0.9810
662      662   (0)     10  : 0.0380 0.9620
663      663   (5)     10  : 0.1400 0.8600
664      664   (0)     10  : 0.0660 0.9340
665      665  (15)     10  : 0.0390 0.9610
666      666   (0)     10  : 0.0356 0.9644
667      667   (0)     10  : 0.0210 0.9790
668      668   (0)     10  : 0.0610 0.9390
669      669   (5)     10  : 0.0790 0.9210
670      670  (10)     10  : 0.0150 0.9850
671      671   (0)     10  : 0.0592 0.9408
672      672  (10)     10  : 0.0416 0.9584
673      673   (0)     10  : 0.0180 0.9820
674      674   (0)     10  : 0.0152 0.9848
675      675   (5)     10  : 0.0320 0.9680
676      676  (10)     10  : 0.0190 0.9810
677      677  (10)     10  : 0.0930 0.9070
678      678   (0)     10  : 0.0180 0.9820
679      679   (5)     10  : 0.0180 0.9820
680      680   (0)     10  : 0.0650 0.9350
681      681   (0)     10  : 0.0140 0.9860
682      682   (0)     10  : 0.0162 0.9838
683      683   (0)     10  : 0.0230 0.9770
684      684   (0)     10  : 0.0170 0.9830
685      685   (0)     10  : 0.0952 0.9048
686      686   (0)     10  : 0.0210 0.9790
687      687  (10)     10  : 0.0400 0.9600
688      688   (5)     10  : 0.0228 0.9772
689      689   (0)     10  : 0.0170 0.9830
690      690   (0)     10  : 0.0190 0.9810
691      691   (0)     10  : 0.0300 0.9700
692      692  (10)     10  : 0.0220 0.9780
693      693   (0)     10  : 0.0270 0.9730
694      694   (0)     10  : 0.0160 0.9840
695      695   (0)     10  : 0.0420 0.9580
696      696   (0)     10  : 0.0210 0.9790
697      697   (0)     10  : 0.0330 0.9670
698      698   (5)     10  : 0.2752 0.7248
699      699   (0)     10  : 0.0140 0.9860
700      700   (5)     10  : 0.0260 0.9740
701      701   (0)     10  : 0.0150 0.9850
702      702   (0)     10  : 0.0150 0.9850
703      703   (5)     10  : 0.0190 0.9810
704      704  (10)     10  : 0.0150 0.9850
705      705   (0)     10  : 0.0340 0.9660
706      706   (0)     10  : 0.0200 0.9800
707      707   (0)     10  : 0.0170 0.9830
708      708   (5)     10  : 0.0140 0.9860
709      709   (5)     10  : 0.0430 0.9570
710      710   (5)     10  : 0.0150 0.9850
711      711   (0)     10  : 0.0432 0.9568
712      712   (0)     10  : 0.0260 0.9740
713      713  (10)     10  : 0.0490 0.9510
714      714   (5)     10  : 0.0240 0.9760
715      715   (0)     10  : 0.0150 0.9850
716      716   (0)     10  : 0.0180 0.9820
717      717   (0)     10  : 0.0330 0.9670
718      718   (0)     10  : 0.0610 0.9390
719      719   (0)     10  : 0.0200 0.9800
720      720   (0)     10  : 0.0170 0.9830
721      721   (5)     10  : 0.0250 0.9750
722      722  (10)     10  : 0.0230 0.9770
723      723   (0)     10  : 0.0150 0.9850
724      724   (5)     10  : 0.0710 0.9290
725      725   (5)     10  : 0.0368 0.9632
726      726   (0)     10  : 0.0160 0.9840
727      727   (5)     10  : 0.0330 0.9670
728      728   (0)     10  : 0.0160 0.9840
729      729   (0)     10  : 0.0170 0.9830
730      730   (0)     10  : 0.0150 0.9850
731      731   (5)     10  : 0.0220 0.9780
732      732   (0)     10  : 0.0270 0.9730
733      733   (5)     10  : 0.0204 0.9796
734      734   (0)     10  : 0.0140 0.9860
735      735   (0)     10  : 0.0270 0.9730
736      736   (0)     10  : 0.0504 0.9496
737      737   (0)     10  : 0.0344 0.9656
738      738   (0)     10  : 0.0140 0.9860
739      739   (0)     10  : 0.0170 0.9830
740      740   (5)     10  : 0.0230 0.9770
741      741   (0)     10  : 0.0580 0.9420
742      742   (0)     10  : 0.0230 0.9770
743      743   (0)     10  : 0.0150 0.9850
744      744   (5)     10  : 0.0160 0.9840
745      745   (0)     10  : 0.0150 0.9850
746      746   (0)     10  : 0.0250 0.9750
747      747   (0)     10  : 0.0140 0.9860
748      748   (0)     10  : 0.0160 0.9840
749      749   (0)     10  : 0.0150 0.9850
750      750   (0)     10  : 0.0160 0.9840
