Wed Jun 24 17:37:16 2026: Job 1782293829 started running.
Wed Jun 24 17:37:16 2026: Job Parameters:
Wed Jun 24 17:37:16 2026: Input file: 1782293829.zip
Wed Jun 24 17:37:16 2026: Input type: STRUCTURE
Wed Jun 24 17:37:16 2026: Labels file: 1782293829.lab
Wed Jun 24 17:37:16 2026: CLUMPP repeats: 2000
Wed Jun 24 17:37:16 2026: CLUMPP search method: LargeKGreedy 
Wed Jun 24 17:37:16 2026: MCL cluster size threshold: 0.1 (default)
Wed Jun 24 17:37:16 2026: Extracting file: "1782293829.zip".
Wed Jun 24 17:37:16 2026: Sorting input files by K
Wed Jun 24 17:37:17 2026: Working on K=4
Wed Jun 24 17:37:17 2026: Executing CLUMPP for K=4.
Wed Jun 24 17:37:28 2026: Clustering K=4 with mcl.
Wed Jun 24 17:37:28 2026: cutoff used: 0.62
Wed Jun 24 17:37:28 2026: Executing CLUMPP for major cluster.
Wed Jun 24 17:37:39 2026: Calculating major cluster LnProb mean and standard deviation.
Wed Jun 24 17:37:39 2026: LnProb mean: -145049.02
Wed Jun 24 17:37:39 2026: LnProb standard deviation: 275.417196267777
Wed Jun 24 17:37:39 2026: Working on K=5
Wed Jun 24 17:37:39 2026: Executing CLUMPP for K=5.
Wed Jun 24 17:37:57 2026: Clustering K=5 with mcl.
Wed Jun 24 17:37:57 2026: cutoff used: 0.61
Wed Jun 24 17:37:57 2026: Executing CLUMPP for major cluster.
Wed Jun 24 17:38:14 2026: Calculating major cluster LnProb mean and standard deviation.
Wed Jun 24 17:38:14 2026: LnProb mean: -139845.84
Wed Jun 24 17:38:14 2026: LnProb standard deviation: 373.066311799935
Wed Jun 24 17:38:14 2026: Working on K=6
Wed Jun 24 17:38:14 2026: Executing CLUMPP for K=6.
Wed Jun 24 17:38:38 2026: Clustering K=6 with mcl.
Wed Jun 24 17:38:39 2026: no cutoff was used
Wed Jun 24 17:38:39 2026: Executing CLUMPP for major cluster.
Wed Jun 24 17:39:03 2026: Calculating major cluster LnProb mean and standard deviation.
Wed Jun 24 17:39:03 2026: LnProb mean: -136231.58
Wed Jun 24 17:39:03 2026: LnProb standard deviation: 0.846758525202518
Wed Jun 24 17:39:03 2026: Working on K=7
Wed Jun 24 17:39:03 2026: Executing CLUMPP for K=7.
Wed Jun 24 17:39:41 2026: Clustering K=7 with mcl.
Wed Jun 24 17:39:41 2026: no cutoff was used
Wed Jun 24 17:39:41 2026: Executing CLUMPP for major cluster.
Wed Jun 24 17:40:20 2026: Calculating major cluster LnProb mean and standard deviation.
Wed Jun 24 17:40:20 2026: LnProb mean: -135321.9
Wed Jun 24 17:40:20 2026: LnProb standard deviation: 0.696419413863176
Wed Jun 24 17:40:20 2026: Ordering clusters by size for K=4
Wed Jun 24 17:40:21 2026: Calling distruct for K=4.MajorCluster
Wed Jun 24 17:40:22 2026: Calculating best Average Distance between K=4 and K=5..
Wed Jun 24 17:40:27 2026: Calling distruct for K=5.MajorCluster
Wed Jun 24 17:40:29 2026: Calculating best Average Distance between K=5 and K=6..
Wed Jun 24 17:41:04 2026: Calling distruct for K=6.MajorCluster
Wed Jun 24 17:41:06 2026: Calculating best Average Distance between K=6 and K=7..
Wed Jun 24 17:46:01 2026: Calling distruct for K=7.MajorCluster
Wed Jun 24 17:46:03 2026: Creating job summary PDF
Wed Jun 24 17:46:03 2026: Creating job summary PDF for K=4
Wed Jun 24 17:46:03 2026: Creating job summary PDF for K=5
Wed Jun 24 17:46:03 2026: Creating job summary PDF for K=6
Wed Jun 24 17:46:03 2026: Creating job summary PDF for K=7
Wed Jun 24 17:46:03 2026: Creating job zip file
