1        1   (5)      1  : 0.9840 0.0160
2        2   (5)      1  : 0.9664 0.0336
3        3   (5)      1  : 0.9890 0.0110
4        4   (0)      1  : 0.9920 0.0080
5        5   (0)      1  : 0.9630 0.0370
6        6   (0)      1  : 0.9850 0.0150
7        7   (0)      1  : 0.8730 0.1270
8        8   (5)      1  : 0.9900 0.0100
9        9   (0)      1  : 0.9910 0.0090
10       10   (0)      1  : 0.9490 0.0510
11       11   (0)      1  : 0.9800 0.0200
12       12   (0)      1  : 0.9790 0.0210
13       13   (0)      1  : 0.9900 0.0100
14       14   (0)      1  : 0.9840 0.0160
15       15   (0)      1  : 0.9840 0.0160
16       16   (0)      1  : 0.9930 0.0070
17       17   (0)      1  : 0.9910 0.0090
18       18   (0)      1  : 0.9810 0.0190
19       19   (0)      1  : 0.9910 0.0090
20       20   (0)      1  : 0.9600 0.0400
21       21   (0)      1  : 0.9910 0.0090
22       22   (0)      1  : 0.9930 0.0070
23       23   (0)      1  : 0.9930 0.0070
24       24   (0)      1  : 0.9910 0.0090
25       25   (0)      1  : 0.9600 0.0400
26       26   (0)      1  : 0.9890 0.0110
27       27   (5)      1  : 0.9406 0.0594
28       28   (0)      1  : 0.9840 0.0160
29       29   (0)      1  : 0.9910 0.0090
30       30   (0)      1  : 0.9600 0.0400
31       31   (0)      1  : 0.9900 0.0100
32       32   (0)      1  : 0.9850 0.0150
33       33   (0)      1  : 0.9930 0.0070
34       34   (0)      1  : 0.9920 0.0080
35       35   (0)      1  : 0.9720 0.0280
36       36   (0)      1  : 0.9820 0.0180
37       37   (0)      1  : 0.9790 0.0210
38       38   (0)      1  : 0.9870 0.0130
39       39   (0)      1  : 0.9604 0.0396
40       40   (0)      1  : 0.9860 0.0140
41       41   (0)      1  : 0.9870 0.0130
42       42   (0)      1  : 0.9930 0.0070
43       43   (0)      1  : 0.9870 0.0130
44       44   (0)      1  : 0.9920 0.0080
45       45   (5)      1  : 0.9740 0.0260
46       46   (0)      1  : 0.9910 0.0090
47       47   (0)      1  : 0.9830 0.0170
48       48   (0)      1  : 0.9816 0.0184
49       49   (0)      1  : 0.9870 0.0130
50       50   (0)      1  : 0.9870 0.0130
51       51   (0)      1  : 0.9820 0.0180
52       52   (0)      1  : 0.9588 0.0412
53       53   (0)      1  : 0.9870 0.0130
54       54   (0)      1  : 0.9832 0.0168
55       55   (0)      1  : 0.9840 0.0160
56       56   (0)      1  : 0.9900 0.0100
57       57  (10)      1  : 0.9890 0.0110
58       58   (5)      1  : 0.9820 0.0180
59       59   (0)      1  : 0.9870 0.0130
60       60   (0)      1  : 0.9880 0.0120
61       61   (0)      1  : 0.9840 0.0160
62       62   (0)      1  : 0.9810 0.0190
63       63   (0)      1  : 0.9810 0.0190
64       64   (0)      1  : 0.9850 0.0150
65       65   (0)      1  : 0.9670 0.0330
66       66   (0)      1  : 0.9890 0.0110
67       67   (5)      1  : 0.9830 0.0170
68       68   (0)      1  : 0.9750 0.0250
69       69   (0)      1  : 0.9760 0.0240
70       70   (0)      1  : 0.9840 0.0160
71       71   (5)      1  : 0.9820 0.0180
72       72   (0)      1  : 0.9840 0.0160
73       73   (5)      1  : 0.9870 0.0130
74       74  (10)      1  : 0.9840 0.0160
75       75  (10)      1  : 0.9870 0.0130
76       76   (0)      1  : 0.9900 0.0100
77       77  (10)      1  : 0.9880 0.0120
78       78   (0)      1  : 0.9840 0.0160
79       79   (5)      1  : 0.9750 0.0250
80       80   (0)      1  : 0.9910 0.0090
81       81   (0)      1  : 0.9910 0.0090
82       82   (0)      1  : 0.9912 0.0088
83       83   (0)      1  : 0.9866 0.0134
84       84   (0)      1  : 0.9510 0.0490
85       85   (0)      1  : 0.9910 0.0090
86       86   (5)      1  : 0.9890 0.0110
87       87   (0)      1  : 0.9900 0.0100
88       88   (0)      1  : 0.9344 0.0656
89       89   (0)      1  : 0.9880 0.0120
90       90   (0)      1  : 0.9850 0.0150
91       91   (0)      1  : 0.9840 0.0160
92       92   (0)      1  : 0.9790 0.0210
93       93   (0)      1  : 0.9910 0.0090
94       94   (5)      1  : 0.9890 0.0110
95       95   (0)      1  : 0.9880 0.0120
96       96   (5)      1  : 0.9910 0.0090
97       97   (0)      1  : 0.9780 0.0220
98       98   (0)      1  : 0.9850 0.0150
99       99   (5)      1  : 0.9880 0.0120
100      100   (5)      1  : 0.9910 0.0090
101      101   (0)      2  : 0.9900 0.0100
102      102   (0)      2  : 0.9638 0.0362
103      103   (0)      2  : 0.9870 0.0130
104      104   (0)      2  : 0.9560 0.0440
105      105   (0)      2  : 0.9700 0.0300
106      106   (0)      2  : 0.9910 0.0090
107      107   (0)      2  : 0.9570 0.0430
108      108   (0)      2  : 0.9840 0.0160
109      109   (0)      2  : 0.9820 0.0180
110      110   (0)      2  : 0.9860 0.0140
111      111   (0)      2  : 0.9828 0.0172
112      112   (0)      2  : 0.9930 0.0070
113      113   (0)      2  : 0.9936 0.0064
114      114   (0)      2  : 0.9860 0.0140
115      115   (0)      2  : 0.9900 0.0100
116      116   (0)      2  : 0.9892 0.0108
117      117   (0)      2  : 0.9940 0.0060
118      118   (0)      2  : 0.9800 0.0200
119      119   (0)      2  : 0.9884 0.0116
120      120   (0)      2  : 0.9838 0.0162
121      121   (0)      2  : 0.9930 0.0070
122      122   (0)      2  : 0.9850 0.0150
123      123   (0)      2  : 0.9910 0.0090
124      124   (0)      2  : 0.9910 0.0090
125      125   (0)      2  : 0.9920 0.0080
126      126   (0)      2  : 0.9840 0.0160
127      127   (0)      2  : 0.9880 0.0120
128      128   (0)      2  : 0.9890 0.0110
129      129   (0)      2  : 0.9850 0.0150
130      130   (0)      2  : 0.9920 0.0080
131      131   (0)      2  : 0.9800 0.0200
132      132   (0)      2  : 0.9830 0.0170
133      133   (0)      2  : 0.9540 0.0460
134      134   (0)      2  : 0.9896 0.0104
135      135   (0)      2  : 0.9830 0.0170
136      136   (0)      2  : 0.9496 0.0504
137      137   (0)      2  : 0.9910 0.0090
138      138   (0)      2  : 0.9882 0.0118
139      139   (0)      2  : 0.9650 0.0350
140      140   (0)      2  : 0.9890 0.0110
141      141   (0)      2  : 0.9860 0.0140
142      142   (0)      2  : 0.9830 0.0170
143      143   (0)      2  : 0.9900 0.0100
144      144   (0)      2  : 0.9840 0.0160
145      145   (0)      2  : 0.9870 0.0130
146      146   (0)      2  : 0.8930 0.1070
147      147   (0)      2  : 0.9910 0.0090
148      148   (0)      2  : 0.9330 0.0670
149      149   (0)      2  : 0.9796 0.0204
150      150   (0)      2  : 0.9860 0.0140
151      151   (0)      2  : 0.9660 0.0340
152      152   (0)      2  : 0.9900 0.0100
153      153   (0)      2  : 0.9720 0.0280
154      154   (0)      2  : 0.9930 0.0070
155      155   (0)      2  : 0.9810 0.0190
156      156   (0)      2  : 0.9890 0.0110
157      157   (0)      2  : 0.9910 0.0090
158      158   (0)      2  : 0.9850 0.0150
159      159   (0)      2  : 0.9890 0.0110
160      160   (0)      2  : 0.9810 0.0190
161      161   (0)      2  : 0.9768 0.0232
162      162   (0)      2  : 0.9500 0.0500
163      163   (0)      2  : 0.9910 0.0090
164      164   (0)      2  : 0.9910 0.0090
165      165   (0)      2  : 0.9840 0.0160
166      166   (0)      2  : 0.9916 0.0084
167      167   (0)      2  : 0.9800 0.0200
168      168   (0)      2  : 0.9828 0.0172
169      169   (0)      2  : 0.9840 0.0160
170      170   (0)      2  : 0.9880 0.0120
171      171   (0)      2  : 0.9890 0.0110
172      172   (0)      2  : 0.9900 0.0100
173      173   (0)      2  : 0.9698 0.0302
174      174   (0)      2  : 0.9880 0.0120
175      175   (0)      2  : 0.9610 0.0390
176      176   (0)      2  : 0.9690 0.0310
177      177   (0)      2  : 0.9890 0.0110
178      178   (0)      2  : 0.9920 0.0080
179      179   (0)      2  : 0.9840 0.0160
180      180   (0)      2  : 0.9850 0.0150
181      181   (0)      2  : 0.9920 0.0080
182      182   (0)      2  : 0.9878 0.0122
183      183   (0)      2  : 0.9870 0.0130
184      184   (0)      2  : 0.9780 0.0220
185      185   (0)      2  : 0.9890 0.0110
186      186   (0)      2  : 0.9750 0.0250
187      187   (0)      2  : 0.9880 0.0120
188      188   (0)      2  : 0.9930 0.0070
189      189   (0)      2  : 0.9870 0.0130
190      190   (0)      2  : 0.9900 0.0100
191      191   (0)      2  : 0.9920 0.0080
192      192   (0)      2  : 0.9870 0.0130
193      193   (0)      2  : 0.9800 0.0200
194      194   (0)      2  : 0.9910 0.0090
195      195   (0)      2  : 0.9900 0.0100
196      196   (0)      2  : 0.9388 0.0612
197      197   (0)      2  : 0.9740 0.0260
198      198   (0)      2  : 0.9890 0.0110
199      199   (0)      2  : 0.9870 0.0130
200      200   (0)      2  : 0.9870 0.0130
201      201   (0)      2  : 0.9890 0.0110
202      202   (0)      2  : 0.9820 0.0180
203      203   (0)      2  : 0.9640 0.0360
204      204   (0)      2  : 0.9800 0.0200
205      205   (0)      2  : 0.9900 0.0100
206      206   (0)      2  : 0.9840 0.0160
207      207   (0)      2  : 0.9580 0.0420
208      208   (0)      2  : 0.9884 0.0116
209      209   (0)      2  : 0.9670 0.0330
210      210   (0)      2  : 0.9880 0.0120
211      211   (0)      2  : 0.9870 0.0130
212      212   (0)      2  : 0.9830 0.0170
213      213   (0)      2  : 0.9890 0.0110
214      214   (0)      2  : 0.9920 0.0080
215      215   (0)      2  : 0.9900 0.0100
216      216   (0)      2  : 0.9910 0.0090
217      217   (0)      2  : 0.9900 0.0100
218      218   (0)      2  : 0.9650 0.0350
219      219   (0)      2  : 0.9650 0.0350
220      220   (0)      2  : 0.9890 0.0110
221      221   (0)      2  : 0.9860 0.0140
222      222   (0)      2  : 0.9800 0.0200
223      223   (0)      2  : 0.9896 0.0104
224      224   (0)      2  : 0.8614 0.1386
225      225   (0)      2  : 0.9920 0.0080
226      226   (0)      2  : 0.9812 0.0188
227      227   (0)      2  : 0.9592 0.0408
228      228   (0)      2  : 0.9900 0.0100
229      229   (0)      2  : 0.9830 0.0170
230      230   (0)      2  : 0.9660 0.0340
231      231   (0)      2  : 0.9880 0.0120
232      232   (0)      2  : 0.9632 0.0368
233      233   (0)      2  : 0.9790 0.0210
234      234   (0)      2  : 0.9860 0.0140
235      235   (0)      2  : 0.9730 0.0270
236      236   (0)      2  : 0.9920 0.0080
237      237   (0)      2  : 0.9150 0.0850
238      238   (0)      2  : 0.9920 0.0080
239      239   (0)      2  : 0.9820 0.0180
240      240   (0)      2  : 0.9734 0.0266
241      241   (0)      2  : 0.9918 0.0082
242      242   (0)      2  : 0.9890 0.0110
243      243   (0)      2  : 0.9890 0.0110
244      244   (0)      2  : 0.9740 0.0260
245      245   (0)      2  : 0.9560 0.0440
246      246   (0)      2  : 0.9930 0.0070
247      247   (0)      2  : 0.9624 0.0376
248      248   (0)      2  : 0.9470 0.0530
249      249   (0)      2  : 0.9430 0.0570
250      250   (0)      2  : 0.9810 0.0190
251      251   (0)      2  : 0.9900 0.0100
252      252   (0)      2  : 0.9810 0.0190
253      253   (0)      2  : 0.9910 0.0090
254      254   (0)      2  : 0.9650 0.0350
255      255   (0)      2  : 0.9820 0.0180
256      256   (0)      2  : 0.9790 0.0210
257      257   (0)      2  : 0.9630 0.0370
258      258   (0)      2  : 0.9910 0.0090
259      259   (0)      2  : 0.9890 0.0110
260      260   (0)      2  : 0.9880 0.0120
261      261   (0)      2  : 0.9320 0.0680
262      262   (0)      2  : 0.9810 0.0190
263      263   (0)      2  : 0.9890 0.0110
264      264   (0)      2  : 0.9930 0.0070
265      265   (0)      2  : 0.9850 0.0150
266      266   (0)      2  : 0.9910 0.0090
267      267   (0)      2  : 0.9880 0.0120
268      268   (0)      2  : 0.9818 0.0182
269      269   (0)      2  : 0.9840 0.0160
270      270   (0)      2  : 0.9790 0.0210
271      271   (0)      2  : 0.9830 0.0170
272      272   (0)      2  : 0.9892 0.0108
273      273   (0)      2  : 0.9764 0.0236
274      274   (0)      2  : 0.9920 0.0080
275      275   (0)      2  : 0.9470 0.0530
276      276   (0)      2  : 0.9720 0.0280
277      277   (0)      2  : 0.9860 0.0140
278      278   (0)      2  : 0.9770 0.0230
279      279   (0)      2  : 0.9700 0.0300
280      280   (0)      2  : 0.9880 0.0120
281      281   (0)      2  : 0.9710 0.0290
282      282   (0)      2  : 0.9890 0.0110
283      283   (0)      2  : 0.9900 0.0100
284      284   (0)      2  : 0.9920 0.0080
285      285   (0)      2  : 0.9880 0.0120
286      286   (0)      2  : 0.9930 0.0070
287      287   (0)      2  : 0.9830 0.0170
288      288   (0)      2  : 0.9910 0.0090
289      289   (0)      2  : 0.9910 0.0090
290      290   (0)      2  : 0.9910 0.0090
291      291   (0)      2  : 0.9910 0.0090
292      292   (0)      2  : 0.9900 0.0100
293      293   (0)      2  : 0.9860 0.0140
294      294   (0)      2  : 0.9810 0.0190
295      295   (0)      2  : 0.9880 0.0120
296      296   (0)      2  : 0.9900 0.0100
297      297   (0)      2  : 0.9890 0.0110
298      298   (0)      2  : 0.9900 0.0100
299      299   (0)      2  : 0.9890 0.0110
300      300   (0)      2  : 0.9870 0.0130
301      301   (0)      2  : 0.9730 0.0270
302      302   (0)      2  : 0.9850 0.0150
303      303   (0)      2  : 0.9880 0.0120
304      304   (0)      2  : 0.9910 0.0090
305      305   (0)      2  : 0.9920 0.0080
306      306   (0)      2  : 0.9870 0.0130
307      307   (0)      2  : 0.9930 0.0070
308      308   (0)      2  : 0.9880 0.0120
309      309   (0)      2  : 0.9322 0.0678
310      310   (0)      2  : 0.9860 0.0140
311      311   (0)      2  : 0.9920 0.0080
312      312   (0)      2  : 0.9806 0.0194
313      313   (0)      2  : 0.9910 0.0090
314      314   (0)      2  : 0.9860 0.0140
315      315   (0)      2  : 0.9880 0.0120
316      316   (0)      2  : 0.9920 0.0080
317      317   (0)      2  : 0.9820 0.0180
318      318   (0)      2  : 0.9900 0.0100
319      319   (0)      2  : 0.9702 0.0298
320      320   (0)      2  : 0.9720 0.0280
321      321   (0)      2  : 0.9580 0.0420
322      322   (0)      2  : 0.9890 0.0110
323      323   (0)      2  : 0.9890 0.0110
324      324   (0)      2  : 0.9680 0.0320
325      325   (0)      2  : 0.9900 0.0100
326      326   (0)      2  : 0.9850 0.0150
327      327   (0)      2  : 0.9812 0.0188
328      328   (0)      2  : 0.9820 0.0180
329      329   (0)      2  : 0.9376 0.0624
330      330   (0)      2  : 0.9920 0.0080
331      331   (0)      2  : 0.9778 0.0222
332      332   (0)      2  : 0.9710 0.0290
333      333   (0)      2  : 0.9182 0.0818
334      334   (0)      2  : 0.9860 0.0140
335      335   (0)      2  : 0.9920 0.0080
336      336   (0)      2  : 0.9922 0.0078
337      337   (0)      2  : 0.9930 0.0070
338      338   (0)      2  : 0.9930 0.0070
339      339   (0)      2  : 0.9880 0.0120
340      340   (0)      2  : 0.9840 0.0160
341      341   (0)      2  : 0.9890 0.0110
342      342   (0)      2  : 0.9786 0.0214
343      343   (0)      2  : 0.9930 0.0070
344      344   (0)      2  : 0.9900 0.0100
345      345   (0)      2  : 0.9840 0.0160
346      346   (0)      2  : 0.9860 0.0140
347      347   (0)      2  : 0.9700 0.0300
348      348   (0)      2  : 0.9920 0.0080
349      349   (0)      2  : 0.9920 0.0080
350      350   (0)      2  : 0.9900 0.0100
351      351   (0)      2  : 0.9800 0.0200
352      352   (0)      2  : 0.9880 0.0120
353      353   (0)      2  : 0.9870 0.0130
354      354   (0)      2  : 0.9850 0.0150
355      355   (0)      2  : 0.9912 0.0088
356      356   (0)      2  : 0.9890 0.0110
357      357   (0)      2  : 0.9540 0.0460
358      358   (0)      2  : 0.9890 0.0110
359      359   (0)      2  : 0.9900 0.0100
360      360   (0)      2  : 0.9850 0.0150
361      361   (0)      2  : 0.9770 0.0230
362      362   (0)      2  : 0.9890 0.0110
363      363   (0)      2  : 0.9910 0.0090
364      364   (0)      2  : 0.9730 0.0270
365      365   (0)      2  : 0.9870 0.0130
366      366   (0)      2  : 0.9900 0.0100
367      367   (0)      2  : 0.9830 0.0170
368      368   (0)      2  : 0.9930 0.0070
369      369   (0)      2  : 0.9900 0.0100
370      370   (0)      2  : 0.9930 0.0070
371      371   (0)      2  : 0.9830 0.0170
372      372   (0)      2  : 0.9870 0.0130
373      373   (0)      2  : 0.9910 0.0090
374      374   (0)      2  : 0.9912 0.0088
375      375   (0)      2  : 0.9910 0.0090
376      376   (0)      2  : 0.9860 0.0140
377      377   (0)      2  : 0.9780 0.0220
378      378   (0)      2  : 0.9734 0.0266
379      379   (0)      2  : 0.9850 0.0150
380      380   (0)      2  : 0.9890 0.0110
381      381   (0)      2  : 0.9864 0.0136
382      382   (0)      2  : 0.9788 0.0212
383      383   (0)      2  : 0.9820 0.0180
384      384   (0)      2  : 0.9844 0.0156
385      385   (0)      2  : 0.9900 0.0100
386      386   (0)      2  : 0.9836 0.0164
387      387   (0)      2  : 0.9900 0.0100
388      388   (0)      2  : 0.9890 0.0110
389      389   (0)      2  : 0.9804 0.0196
390      390   (0)      2  : 0.9870 0.0130
391      391   (0)      2  : 0.9880 0.0120
392      392   (0)      2  : 0.9880 0.0120
393      393   (0)      2  : 0.9910 0.0090
394      394   (0)      2  : 0.9790 0.0210
395      395   (0)      2  : 0.9900 0.0100
396      396   (0)      2  : 0.9916 0.0084
397      397   (0)      2  : 0.9910 0.0090
398      398   (0)      2  : 0.8540 0.1460
399      399   (0)      2  : 0.9800 0.0200
400      400   (0)      2  : 0.9750 0.0250
401      401   (0)      2  : 0.9890 0.0110
402      402   (0)      2  : 0.9480 0.0520
403      403   (0)      2  : 0.9820 0.0180
404      404   (0)      2  : 0.9800 0.0200
405      405   (0)      2  : 0.9930 0.0070
406      406   (0)      2  : 0.9488 0.0512
407      407   (0)      2  : 0.9770 0.0230
408      408   (0)      2  : 0.9840 0.0160
409      409   (0)      2  : 0.9910 0.0090
410      410   (0)      2  : 0.9234 0.0766
411      411   (0)      2  : 0.9890 0.0110
412      412   (0)      2  : 0.9870 0.0130
413      413   (0)      2  : 0.9848 0.0152
414      414   (0)      2  : 0.8880 0.1120
415      415   (0)      2  : 0.9852 0.0148
416      416   (0)      2  : 0.9920 0.0080
417      417   (0)      2  : 0.9930 0.0070
418      418   (0)      2  : 0.9920 0.0080
419      419   (0)      2  : 0.9500 0.0500
420      420   (0)      2  : 0.9880 0.0120
421      421   (0)      2  : 0.9850 0.0150
422      422   (0)      2  : 0.9900 0.0100
423      423   (0)      2  : 0.9906 0.0094
424      424   (0)      2  : 0.9890 0.0110
425      425   (0)      2  : 0.9900 0.0100
426      426   (0)      2  : 0.9910 0.0090
427      427   (0)      2  : 0.9774 0.0226
428      428   (0)      2  : 0.9910 0.0090
429      429   (0)      2  : 0.9930 0.0070
430      430   (0)      2  : 0.9870 0.0130
431      431   (0)      2  : 0.9760 0.0240
432      432   (0)      2  : 0.9930 0.0070
433      433   (0)      2  : 0.9900 0.0100
434      434   (0)      2  : 0.9848 0.0152
435      435   (0)      2  : 0.9690 0.0310
436      436   (0)      2  : 0.9910 0.0090
437      437   (0)      2  : 0.9710 0.0290
438      438   (0)      2  : 0.9810 0.0190
439      439   (0)      2  : 0.9890 0.0110
440      440   (0)      2  : 0.9890 0.0110
441      441   (0)      2  : 0.9920 0.0080
442      442   (0)      2  : 0.9760 0.0240
443      443   (0)      2  : 0.9840 0.0160
444      444   (0)      2  : 0.9740 0.0260
445      445   (0)      2  : 0.9740 0.0260
446      446   (0)      2  : 0.9740 0.0260
447      447   (0)      2  : 0.9880 0.0120
448      448   (0)      2  : 0.9910 0.0090
449      449   (0)      2  : 0.9710 0.0290
450      450   (0)      2  : 0.9710 0.0290
451      451   (0)      2  : 0.9830 0.0170
452      452   (0)      2  : 0.9730 0.0270
453      453   (0)      2  : 0.9940 0.0060
454      454   (0)      2  : 0.9890 0.0110
455      455   (0)      2  : 0.9900 0.0100
456      456   (0)      2  : 0.9920 0.0080
457      457   (0)      2  : 0.9900 0.0100
458      458   (0)      2  : 0.9780 0.0220
459      459   (0)      2  : 0.9920 0.0080
460      460   (0)      2  : 0.9900 0.0100
461      461   (0)      2  : 0.9890 0.0110
462      462   (0)      2  : 0.9872 0.0128
463      463   (0)      2  : 0.9770 0.0230
464      464   (0)      2  : 0.9860 0.0140
465      465   (0)      2  : 0.9850 0.0150
466      466   (0)      2  : 0.8922 0.1078
467      467   (0)      2  : 0.9910 0.0090
468      468   (0)      2  : 0.9248 0.0752
469      469   (0)      2  : 0.9900 0.0100
470      470   (0)      2  : 0.9870 0.0130
471      471   (0)      2  : 0.9910 0.0090
472      472   (0)      2  : 0.9880 0.0120
473      473   (0)      2  : 0.9910 0.0090
474      474   (0)      2  : 0.9454 0.0546
475      475   (0)      2  : 0.9900 0.0100
476      476   (0)      2  : 0.9880 0.0120
477      477   (0)      2  : 0.8682 0.1318
478      478   (0)      2  : 0.9710 0.0290
479      479   (0)      2  : 0.9850 0.0150
480      480   (0)      2  : 0.9770 0.0230
481      481   (0)      2  : 0.9920 0.0080
482      482   (0)      2  : 0.9920 0.0080
483      483   (0)      2  : 0.9910 0.0090
484      484   (0)      2  : 0.9850 0.0150
485      485   (0)      2  : 0.9870 0.0130
486      486   (0)      2  : 0.9580 0.0420
487      487   (0)      2  : 0.9850 0.0150
488      488   (0)      2  : 0.9800 0.0200
489      489   (0)      2  : 0.9870 0.0130
490      490   (0)      2  : 0.9890 0.0110
491      491   (0)      2  : 0.9890 0.0110
492      492   (0)      2  : 0.9890 0.0110
493      493   (0)      2  : 0.9902 0.0098
494      494   (0)      2  : 0.9870 0.0130
495      495   (0)      2  : 0.9880 0.0120
496      496   (0)      2  : 0.9678 0.0322
497      497   (0)      2  : 0.9830 0.0170
498      498   (0)      2  : 0.9196 0.0804
499      499   (0)      2  : 0.9910 0.0090
500      500   (0)      2  : 0.9930 0.0070
501      501   (0)      3  : 0.9246 0.0754
502      502   (0)      3  : 0.8370 0.1630
503      503   (0)      3  : 0.9820 0.0180
504      504   (0)      3  : 0.6780 0.3220
505      505   (0)      3  : 0.9200 0.0800
506      506   (0)      3  : 0.9690 0.0310
507      507   (0)      3  : 0.9300 0.0700
508      508   (0)      3  : 0.8048 0.1952
509      509   (0)      3  : 0.9384 0.0616
510      510   (0)      3  : 0.9900 0.0100
511      511   (0)      3  : 0.9600 0.0400
512      512   (0)      3  : 0.7690 0.2310
513      513   (0)      3  : 0.8150 0.1850
514      514   (0)      3  : 0.8006 0.1994
515      515   (0)      3  : 0.8880 0.1120
516      516   (0)      3  : 0.9284 0.0716
517      517   (0)      3  : 0.9760 0.0240
518      518   (0)      3  : 0.8530 0.1470
519      519   (0)      3  : 0.8300 0.1700
520      520   (0)      3  : 0.8790 0.1210
521      521   (0)      3  : 0.8090 0.1910
522      522   (0)      3  : 0.7768 0.2232
523      523   (0)      3  : 0.8688 0.1312
524      524   (0)      3  : 0.9430 0.0570
525      525   (0)      3  : 0.9830 0.0170
526      526   (0)      3  : 0.8990 0.1010
527      527   (0)      3  : 0.7594 0.2406
528      528   (0)      3  : 0.6748 0.3252
529      529   (0)      3  : 0.7410 0.2590
530      530   (0)      3  : 0.8950 0.1050
531      531   (0)      3  : 0.9338 0.0662
532      532   (0)      3  : 0.8100 0.1900
533      533   (0)      3  : 0.9400 0.0600
534      534   (0)      3  : 0.8350 0.1650
535      535   (0)      3  : 0.8050 0.1950
536      536   (0)      3  : 0.8230 0.1770
537      537   (0)      3  : 0.6300 0.3700
538      538   (0)      3  : 0.9516 0.0484
539      539   (0)      3  : 0.9086 0.0914
540      540   (0)      3  : 0.8800 0.1200
541      541   (0)      3  : 0.8610 0.1390
542      542   (0)      3  : 0.9712 0.0288
543      543   (0)      3  : 0.9870 0.0130
544      544   (0)      3  : 0.5210 0.4790
545      545   (0)      3  : 0.9270 0.0730
546      546   (0)      3  : 0.7556 0.2444
547      547   (0)      3  : 0.8286 0.1714
548      548   (0)      3  : 0.9860 0.0140
549      549   (0)      3  : 0.7350 0.2650
550      550   (0)      3  : 0.8950 0.1050
551      551   (0)      3  : 0.8498 0.1502
552      552   (0)      3  : 0.8300 0.1700
553      553   (0)      3  : 0.9650 0.0350
554      554   (0)      3  : 0.8614 0.1386
555      555   (0)      3  : 0.9840 0.0160
556      556   (0)      3  : 0.8370 0.1630
557      557   (0)      3  : 0.9900 0.0100
558      558   (0)      3  : 0.7720 0.2280
559      559   (0)      3  : 0.9300 0.0700
560      560   (0)      3  : 0.9900 0.0100
561      561   (0)      3  : 0.9670 0.0330
562      562   (0)      3  : 0.9330 0.0670
563      563   (0)      3  : 0.9370 0.0630
564      564   (0)      3  : 0.8600 0.1400
565      565   (0)      3  : 0.9830 0.0170
566      566   (0)      3  : 0.7698 0.2302
567      567   (0)      3  : 0.9770 0.0230
568      568   (0)      3  : 0.7970 0.2030
569      569   (0)      3  : 0.8020 0.1980
570      570   (0)      3  : 0.9810 0.0190
571      571   (0)      3  : 0.7406 0.2594
572      572   (0)      3  : 0.9804 0.0196
573      573   (0)      3  : 0.9892 0.0108
574      574   (0)      3  : 0.8338 0.1662
575      575   (0)      3  : 0.9400 0.0600
576      576   (0)      3  : 0.9574 0.0426
577      577   (0)      3  : 0.8572 0.1428
578      578   (0)      3  : 0.9860 0.0140
579      579   (0)      3  : 0.7550 0.2450
580      580   (0)      3  : 0.9850 0.0150
581      581   (0)      3  : 0.6518 0.3482
582      582   (0)      3  : 0.8498 0.1502
583      583   (0)      3  : 0.9890 0.0110
584      584   (0)      3  : 0.9820 0.0180
585      585   (0)      3  : 0.8600 0.1400
586      586   (0)      3  : 0.9630 0.0370
587      587   (0)      3  : 0.9830 0.0170
588      588   (0)      3  : 0.8754 0.1246
589      589   (0)      3  : 0.9370 0.0630
590      590   (0)      3  : 0.7810 0.2190
591      591   (0)      3  : 0.8520 0.1480
592      592   (0)      3  : 0.9770 0.0230
593      593   (0)      3  : 0.9610 0.0390
594      594   (0)      3  : 0.9100 0.0900
595      595   (0)      3  : 0.6922 0.3078
596      596   (0)      3  : 0.9370 0.0630
597      597   (0)      3  : 0.9782 0.0218
598      598   (0)      3  : 0.9650 0.0350
599      599   (0)      3  : 0.9398 0.0602
600      600   (0)      3  : 0.9680 0.0320
601      601   (0)      4  : 0.7146 0.2854
602      602   (0)      4  : 0.6370 0.3630
603      603   (0)      4  : 0.6906 0.3094
604      604   (0)      4  : 0.7470 0.2530
605      605   (0)      4  : 0.7154 0.2846
606      606   (0)      4  : 0.7088 0.2912
607      607   (0)      4  : 0.6136 0.3864
608      608   (0)      4  : 0.6590 0.3410
609      609   (0)      4  : 0.6690 0.3310
610      610   (0)      4  : 0.9862 0.0138
611      611   (0)      4  : 0.5700 0.4300
612      612   (0)      4  : 0.8362 0.1638
613      613   (0)      4  : 0.7710 0.2290
614      614   (0)      4  : 0.6160 0.3840
615      615   (0)      4  : 0.7230 0.2770
616      616   (0)      4  : 0.6290 0.3710
617      617   (0)      4  : 0.7002 0.2998
618      618   (0)      4  : 0.5224 0.4776
619      619   (0)      4  : 0.7410 0.2590
620      620   (0)      4  : 0.7206 0.2794
621      621   (0)      4  : 0.7110 0.2890
622      622   (0)      4  : 0.8660 0.1340
623      623   (0)      4  : 0.7792 0.2208
624      624   (0)      4  : 0.8660 0.1340
625      625   (0)      4  : 0.6824 0.3176
626      626   (0)      4  : 0.7408 0.2592
627      627   (0)      4  : 0.8550 0.1450
628      628   (0)      4  : 0.7742 0.2258
629      629   (0)      4  : 0.6780 0.3220
630      630   (0)      4  : 0.7272 0.2728
631      631   (0)      4  : 0.6622 0.3378
632      632   (0)      4  : 0.8828 0.1172
633      633   (0)      4  : 0.9110 0.0890
634      634   (0)      4  : 0.7102 0.2898
635      635   (0)      4  : 0.7962 0.2038
636      636   (0)      4  : 0.7982 0.2018
637      637   (0)      4  : 0.6630 0.3370
638      638   (0)      4  : 0.7440 0.2560
639      639   (0)      4  : 0.9510 0.0490
640      640   (0)      4  : 0.8322 0.1678
641      641   (0)      4  : 0.6860 0.3140
642      642   (0)      4  : 0.5650 0.4350
643      643   (0)      4  : 0.6846 0.3154
644      644   (0)      4  : 0.9810 0.0190
645      645   (0)      4  : 0.6170 0.3830
646      646   (0)      4  : 0.8282 0.1718
647      647   (0)      4  : 0.8400 0.1600
648      648   (0)      4  : 0.6100 0.3900
649      649   (0)      4  : 0.7050 0.2950
650      650   (0)      4  : 0.7890 0.2110
651      651   (0)      4  : 0.8702 0.1298
652      652   (0)      4  : 0.9122 0.0878
653      653   (0)      4  : 0.8930 0.1070
654      654   (0)      4  : 0.9404 0.0596
655      655   (0)      4  : 0.7490 0.2510
656      656   (0)      4  : 0.8130 0.1870
657      657   (0)      4  : 0.8496 0.1504
658      658   (0)      4  : 0.9740 0.0260
659      659   (0)      4  : 0.7120 0.2880
660      660   (0)      4  : 0.7390 0.2610
661      661   (0)      4  : 0.6660 0.3340
662      662   (0)      4  : 0.7280 0.2720
663      663   (0)      4  : 0.6960 0.3040
664      664   (0)      4  : 0.5862 0.4138
665      665   (0)      4  : 0.5660 0.4340
666      666   (0)      4  : 0.6828 0.3172
667      667   (0)      4  : 0.7518 0.2482
668      668   (0)      4  : 0.9120 0.0880
669      669   (0)      4  : 0.9810 0.0190
670      670   (0)      4  : 0.6080 0.3920
671      671   (0)      4  : 0.7926 0.2074
672      672   (0)      4  : 0.6996 0.3004
673      673   (0)      4  : 0.7460 0.2540
674      674   (0)      4  : 0.8772 0.1228
675      675   (0)      4  : 0.7162 0.2838
676      676   (0)      4  : 0.8242 0.1758
677      677   (0)      4  : 0.8164 0.1836
678      678   (0)      4  : 0.7638 0.2362
679      679   (0)      4  : 0.4586 0.5414
680      680   (0)      4  : 0.7760 0.2240
681      681   (0)      4  : 0.7870 0.2130
682      682   (0)      4  : 0.7070 0.2930
683      683   (0)      4  : 0.5190 0.4810
684      684   (0)      4  : 0.7562 0.2438
685      685   (0)      4  : 0.7042 0.2958
686      686   (0)      4  : 0.8562 0.1438
687      687   (0)      4  : 0.6360 0.3640
688      688   (0)      4  : 0.8310 0.1690
689      689   (0)      4  : 0.5754 0.4246
690      690   (0)      4  : 0.8236 0.1764
691      691   (0)      4  : 0.5614 0.4386
692      692   (0)      4  : 0.8992 0.1008
693      693   (0)      4  : 0.6410 0.3590
694      694   (0)      4  : 0.8230 0.1770
695      695   (0)      4  : 0.5900 0.4100
696      696   (0)      4  : 0.8870 0.1130
697      697   (0)      4  : 0.7398 0.2602
698      698   (0)      4  : 0.7608 0.2392
699      699   (0)      4  : 0.8096 0.1904
700      700   (0)      4  : 0.9310 0.0690
701      701   (5)      5  : 0.5920 0.4080
702      702   (0)      5  : 0.3824 0.6176
703      703   (0)      5  : 0.5190 0.4810
704      704   (5)      5  : 0.4482 0.5518
705      705   (5)      5  : 0.4320 0.5680
706      706   (0)      5  : 0.3264 0.6736
707      707   (0)      6  : 0.5010 0.4990
708      708   (0)      6  : 0.5908 0.4092
709      709   (0)      6  : 0.4870 0.5130
710      710   (0)      6  : 0.4890 0.5110
711      711   (0)      6  : 0.5310 0.4690
712      712   (0)      6  : 0.5298 0.4702
713      713   (0)      6  : 0.6472 0.3528
714      714   (0)      6  : 0.4990 0.5010
715      715   (0)      6  : 0.4578 0.5422
716      716   (0)      6  : 0.4530 0.5470
717      717   (0)      6  : 0.5480 0.4520
718      718   (0)      6  : 0.5352 0.4648
719      719   (0)      6  : 0.3740 0.6260
720      720   (0)      6  : 0.5854 0.4146
721      721   (0)      6  : 0.5080 0.4920
722      722   (0)      6  : 0.6086 0.3914
723      723   (0)      6  : 0.4010 0.5990
724      724   (0)      6  : 0.4030 0.5970
725      725   (0)      6  : 0.5880 0.4120
726      726   (0)      6  : 0.5830 0.4170
727      727   (0)      6  : 0.4220 0.5780
728      728   (0)      6  : 0.6080 0.3920
729      729   (0)      6  : 0.6040 0.3960
730      730   (0)      6  : 0.4996 0.5004
731      731   (0)      6  : 0.3368 0.6632
732      732   (0)      6  : 0.3992 0.6008
733      733   (0)      6  : 0.4840 0.5160
734      734   (0)      6  : 0.4940 0.5060
735      735   (0)      6  : 0.6110 0.3890
736      736   (0)      6  : 0.4768 0.5232
737      737   (0)      6  : 0.6458 0.3542
738      738   (0)      6  : 0.5170 0.4830
739      739   (0)      6  : 0.6040 0.3960
740      740   (0)      6  : 0.4366 0.5634
741      741   (0)      6  : 0.4550 0.5450
742      742   (0)      6  : 0.4520 0.5480
743      743   (0)      6  : 0.3340 0.6660
744      744   (0)      6  : 0.5390 0.4610
745      745   (0)      6  : 0.4560 0.5440
746      746   (0)      6  : 0.5230 0.4770
747      747   (0)      6  : 0.4320 0.5680
748      748   (0)      6  : 0.4820 0.5180
749      749   (0)      6  : 0.3614 0.6386
750      750   (0)      6  : 0.5340 0.4660
751      751   (0)      6  : 0.5570 0.4430
752      752   (0)      6  : 0.5380 0.4620
753      753   (0)      6  : 0.4182 0.5818
754      754   (0)      6  : 0.4290 0.5710
755      755   (0)      6  : 0.5840 0.4160
756      756   (0)      6  : 0.5354 0.4646
757      757   (0)      6  : 0.4670 0.5330
758      758   (0)      6  : 0.5340 0.4660
759      759   (0)      6  : 0.6340 0.3660
760      760   (0)      6  : 0.5910 0.4090
761      761   (0)      6  : 0.4310 0.5690
762      762   (0)      6  : 0.4770 0.5230
763      763   (0)      6  : 0.6130 0.3870
764      764   (0)      6  : 0.4460 0.5540
765      765   (0)      6  : 0.5230 0.4770
766      766   (0)      6  : 0.3848 0.6152
767      767   (0)      6  : 0.5742 0.4258
768      768   (0)      6  : 0.4878 0.5122
769      769   (0)      6  : 0.6270 0.3730
770      770   (0)      6  : 0.4764 0.5236
771      771   (0)      6  : 0.4300 0.5700
772      772   (0)      6  : 0.4964 0.5036
773      773   (0)      6  : 0.6020 0.3980
774      774   (0)      6  : 0.7128 0.2872
775      775   (0)      6  : 0.4530 0.5470
776      776   (0)      6  : 0.5250 0.4750
777      777   (0)      6  : 0.5994 0.4006
778      778   (0)      6  : 0.5062 0.4938
779      779   (0)      6  : 0.5712 0.4288
780      780   (0)      6  : 0.5660 0.4340
781      781   (0)      6  : 0.5224 0.4776
782      782   (0)      6  : 0.3736 0.6264
783      783   (0)      6  : 0.4742 0.5258
784      784   (0)      6  : 0.4280 0.5720
785      785   (0)      6  : 0.6420 0.3580
786      786   (0)      6  : 0.3990 0.6010
787      787   (0)      6  : 0.4210 0.5790
788      788   (0)      6  : 0.5540 0.4460
789      789   (0)      6  : 0.4290 0.5710
790      790   (0)      6  : 0.4350 0.5650
791      791   (0)      6  : 0.3150 0.6850
792      792   (0)      6  : 0.5172 0.4828
793      793   (0)      6  : 0.6760 0.3240
794      794   (0)      6  : 0.6290 0.3710
795      795   (0)      6  : 0.7380 0.2620
796      796   (0)      6  : 0.4962 0.5038
797      797   (0)      6  : 0.4520 0.5480
798      798   (0)      6  : 0.5350 0.4650
799      799   (0)      6  : 0.5928 0.4072
800      800   (0)      6  : 0.5210 0.4790
801      801   (0)      6  : 0.3218 0.6782
802      802   (0)      6  : 0.4700 0.5300
803      803   (0)      6  : 0.4770 0.5230
804      804   (0)      6  : 0.4552 0.5448
805      805   (0)      6  : 0.4610 0.5390
806      806   (0)      6  : 0.5360 0.4640
807      807   (0)      7  : 0.1270 0.8730
808      808   (0)      7  : 0.2390 0.7610
809      809   (0)      8  : 0.3110 0.6890
810      810   (0)      8  : 0.1684 0.8316
811      811   (0)      8  : 0.4102 0.5898
812      812   (0)      8  : 0.3110 0.6890
813      813   (0)      8  : 0.0770 0.9230
814      814   (0)      8  : 0.3650 0.6350
815      815   (0)      8  : 0.2130 0.7870
816      816   (0)      8  : 0.3240 0.6760
817      817   (0)      8  : 0.2338 0.7662
818      818   (0)      8  : 0.0690 0.9310
819      819   (0)      8  : 0.4380 0.5620
820      820   (0)      8  : 0.4490 0.5510
821      821   (0)      8  : 0.0460 0.9540
822      822   (0)      8  : 0.4660 0.5340
823      823   (0)      8  : 0.0780 0.9220
824      824   (0)      8  : 0.1240 0.8760
825      825   (0)      8  : 0.3100 0.6900
826      826   (0)      8  : 0.2900 0.7100
827      827   (0)      8  : 0.2808 0.7192
828      828   (0)      8  : 0.2310 0.7690
829      829   (0)      8  : 0.4030 0.5970
830      830   (0)      8  : 0.3336 0.6664
831      831   (0)      8  : 0.1872 0.8128
832      832   (0)      8  : 0.1082 0.8918
833      833   (0)      8  : 0.2638 0.7362
834      834   (0)      8  : 0.2390 0.7610
835      835   (0)      8  : 0.1900 0.8100
836      836   (0)      8  : 0.1520 0.8480
837      837   (0)      8  : 0.1220 0.8780
838      838   (0)      8  : 0.4190 0.5810
839      839   (0)      8  : 0.2430 0.7570
840      840   (0)      8  : 0.1110 0.8890
841      841   (0)      8  : 0.1942 0.8058
842      842   (0)      8  : 0.2220 0.7780
843      843   (0)      8  : 0.2100 0.7900
844      844   (0)      8  : 0.3406 0.6594
845      845   (0)      8  : 0.1498 0.8502
846      846   (0)      8  : 0.2600 0.7400
847      847   (0)      8  : 0.3688 0.6312
848      848   (0)      8  : 0.3020 0.6980
849      849   (0)      8  : 0.4216 0.5784
850      850   (0)      8  : 0.1850 0.8150
851      851   (0)      8  : 0.3140 0.6860
852      852   (0)      8  : 0.1010 0.8990
853      853   (0)      8  : 0.1522 0.8478
854      854   (0)      8  : 0.1226 0.8774
855      855   (0)      8  : 0.1042 0.8958
856      856   (0)      8  : 0.0080 0.9920
857      857   (0)      8  : 0.1222 0.8778
858      858   (0)      8  : 0.3324 0.6676
859      859   (0)      8  : 0.2414 0.7586
860      860   (0)      8  : 0.2250 0.7750
861      861   (0)      8  : 0.1610 0.8390
862      862   (0)      8  : 0.0230 0.9770
863      863   (0)      8  : 0.3460 0.6540
864      864   (0)      8  : 0.1450 0.8550
865      865   (0)      8  : 0.2558 0.7442
866      866   (0)      8  : 0.1270 0.8730
867      867   (0)      8  : 0.1210 0.8790
868      868   (0)      8  : 0.1800 0.8200
869      869   (0)      8  : 0.0270 0.9730
870      870   (0)      8  : 0.2386 0.7614
871      871   (0)      8  : 0.2680 0.7320
872      872   (0)      8  : 0.2810 0.7190
873      873   (0)      8  : 0.2420 0.7580
874      874   (0)      8  : 0.1490 0.8510
875      875   (0)      8  : 0.1820 0.8180
876      876   (0)      8  : 0.1080 0.8920
877      877   (0)      8  : 0.3450 0.6550
878      878   (0)      8  : 0.1700 0.8300
879      879   (0)      8  : 0.1346 0.8654
880      880   (0)      8  : 0.2438 0.7562
881      881   (0)      8  : 0.2400 0.7600
882      882   (0)      8  : 0.0510 0.9490
883      883   (0)      8  : 0.3760 0.6240
884      884   (0)      8  : 0.3050 0.6950
885      885   (0)      8  : 0.1480 0.8520
886      886   (0)      8  : 0.4170 0.5830
887      887   (0)      8  : 0.1780 0.8220
888      888   (0)      8  : 0.1896 0.8104
889      889   (0)      8  : 0.4350 0.5650
890      890   (0)      8  : 0.3340 0.6660
891      891   (0)      8  : 0.3400 0.6600
892      892   (0)      8  : 0.2760 0.7240
893      893   (0)      8  : 0.2820 0.7180
894      894   (0)      8  : 0.4042 0.5958
895      895   (0)      8  : 0.1824 0.8176
896      896   (0)      8  : 0.2136 0.7864
897      897   (0)      8  : 0.3892 0.6108
898      898   (0)      8  : 0.2100 0.7900
899      899   (0)      8  : 0.4776 0.5224
900      900   (0)      8  : 0.1842 0.8158
901      901   (0)      8  : 0.2136 0.7864
902      902   (0)      8  : 0.1962 0.8038
903      903   (0)      8  : 0.2280 0.7720
904      904   (0)      8  : 0.3114 0.6886
905      905   (0)      8  : 0.3840 0.6160
906      906   (0)      8  : 0.4500 0.5500
907      907   (0)      8  : 0.2390 0.7610
908      908   (0)      8  : 0.1666 0.8334
909      909  (10)      9  : 0.1020 0.8980
910      910   (5)      9  : 0.0196 0.9804
911      911   (5)      9  : 0.4020 0.5980
912      912   (5)      9  : 0.0080 0.9920
913      913  (10)      9  : 0.2280 0.7720
914      914   (5)      9  : 0.4660 0.5340
915      915  (10)      9  : 0.1094 0.8906
916      916   (0)      9  : 0.0710 0.9290
917      917   (0)      9  : 0.0482 0.9518
918      918   (0)      9  : 0.0100 0.9900
919      919   (0)      9  : 0.0520 0.9480
920      920   (0)      9  : 0.1592 0.8408
921      921   (0)      9  : 0.0220 0.9780
922      922   (0)      9  : 0.1650 0.8350
923      923   (0)      9  : 0.1370 0.8630
924      924   (0)      9  : 0.1730 0.8270
925      925   (0)      9  : 0.2120 0.7880
926      926   (0)      9  : 0.4140 0.5860
927      927   (0)      9  : 0.0200 0.9800
928      928   (5)      9  : 0.0388 0.9612
929      929   (0)      9  : 0.1840 0.8160
930      930   (0)      9  : 0.2482 0.7518
931      931   (5)      9  : 0.0716 0.9284
932      932   (5)      9  : 0.0340 0.9660
933      933   (0)      9  : 0.2070 0.7930
934      934   (0)      9  : 0.0330 0.9670
935      935   (0)      9  : 0.0470 0.9530
936      936   (0)      9  : 0.0120 0.9880
937      937   (0)      9  : 0.0080 0.9920
938      938   (0)      9  : 0.0170 0.9830
939      939   (0)      9  : 0.0070 0.9930
940      940   (0)      9  : 0.0270 0.9730
941      941   (0)      9  : 0.1732 0.8268
942      942   (0)      9  : 0.0810 0.9190
943      943   (0)      9  : 0.0678 0.9322
944      944   (0)      9  : 0.1050 0.8950
945      945   (0)      9  : 0.2406 0.7594
946      946   (0)      9  : 0.0130 0.9870
947      947   (0)      9  : 0.1860 0.8140
948      948   (0)      9  : 0.1800 0.8200
949      949   (0)      9  : 0.0240 0.9760
950      950   (0)      9  : 0.1260 0.8740
951      951   (0)     10  : 0.0140 0.9860
952      952   (0)     10  : 0.0160 0.9840
953      953   (0)     10  : 0.1112 0.8888
954      954   (0)     10  : 0.2350 0.7650
955      955   (0)     10  : 0.2630 0.7370
956      956   (0)     10  : 0.0848 0.9152
957      957   (0)     10  : 0.0180 0.9820
958      958   (0)     10  : 0.0250 0.9750
959      959   (0)     10  : 0.0400 0.9600
960      960   (0)     10  : 0.1384 0.8616
961      961   (0)     10  : 0.1310 0.8690
962      962   (0)     10  : 0.1240 0.8760
963      963   (0)     10  : 0.0264 0.9736
964      964   (0)     10  : 0.1980 0.8020
965      965   (0)     10  : 0.1660 0.8340
966      966   (0)     10  : 0.0780 0.9220
967      967   (0)     10  : 0.1552 0.8448
968      968   (0)     10  : 0.0430 0.9570
969      969   (0)     10  : 0.0240 0.9760
970      970   (0)     10  : 0.0440 0.9560
971      971   (0)     10  : 0.0380 0.9620
972      972   (0)     10  : 0.1230 0.8770
973      973   (0)     10  : 0.1930 0.8070
974      974   (0)     10  : 0.0410 0.9590
975      975   (0)     10  : 0.1650 0.8350
976      976   (0)     10  : 0.1206 0.8794
977      977   (0)     10  : 0.2306 0.7694
978      978   (0)     10  : 0.0250 0.9750
979      979   (0)     10  : 0.0810 0.9190
980      980   (0)     10  : 0.0140 0.9860
981      981   (0)     10  : 0.0090 0.9910
982      982   (0)     10  : 0.0788 0.9212
983      983   (0)     10  : 0.1800 0.8200
984      984   (0)     10  : 0.1200 0.8800
985      985   (0)     10  : 0.1620 0.8380
986      986   (0)     10  : 0.2156 0.7844
987      987   (0)     10  : 0.0784 0.9216
988      988   (0)     10  : 0.1690 0.8310
989      989   (0)     10  : 0.1940 0.8060
990      990   (0)     10  : 0.1116 0.8884
991      991   (0)     10  : 0.0190 0.9810
992      992   (0)     10  : 0.0114 0.9886
993      993   (0)     10  : 0.1202 0.8798
994      994   (0)     10  : 0.2148 0.7852
995      995   (0)     10  : 0.0160 0.9840
996      996   (0)     10  : 0.1300 0.8700
997      997   (0)     10  : 0.2618 0.7382
998      998   (0)     10  : 0.2470 0.7530
999      999   (0)     10  : 0.1352 0.8648
1000     1000   (0)     10  : 0.0450 0.9550
1001     1001   (0)     10  : 0.1170 0.8830
1002     1002   (0)     10  : 0.0570 0.9430
1003     1003   (0)     10  : 0.1450 0.8550
1004     1004   (0)     10  : 0.0480 0.9520
1005     1005   (0)     10  : 0.0220 0.9780
1006     1006   (0)     10  : 0.0440 0.9560
1007     1007   (0)     10  : 0.1216 0.8784
1008     1008   (0)     10  : 0.0586 0.9414
1009     1009   (0)     10  : 0.1234 0.8766
1010     1010   (0)     10  : 0.0558 0.9442
1011     1011   (0)     10  : 0.0090 0.9910
1012     1012   (0)     10  : 0.1050 0.8950
1013     1013   (0)     10  : 0.2166 0.7834
1014     1014   (0)     10  : 0.1382 0.8618
1015     1015   (0)     10  : 0.1540 0.8460
1016     1016   (0)     10  : 0.2720 0.7280
1017     1017   (0)     10  : 0.1036 0.8964
1018     1018   (0)     10  : 0.1072 0.8928
1019     1019   (0)     10  : 0.0524 0.9476
1020     1020   (0)     10  : 0.0954 0.9046
1021     1021   (0)     10  : 0.0960 0.9040
1022     1022   (0)     10  : 0.0120 0.9880
1023     1023   (0)     10  : 0.2270 0.7730
1024     1024   (0)     10  : 0.0974 0.9026
1025     1025   (0)     10  : 0.0352 0.9648
1026     1026   (0)     10  : 0.1040 0.8960
1027     1027   (0)     10  : 0.0110 0.9890
1028     1028   (0)     10  : 0.1490 0.8510
1029     1029   (0)     10  : 0.0380 0.9620
1030     1030   (0)     10  : 0.1312 0.8688
1031     1031   (0)     10  : 0.2040 0.7960
1032     1032   (0)     10  : 0.0220 0.9780
1033     1033   (0)     10  : 0.1340 0.8660
1034     1034   (0)     10  : 0.0922 0.9078
1035     1035   (0)     10  : 0.2262 0.7738
1036     1036   (0)     10  : 0.1220 0.8780
1037     1037   (0)     10  : 0.1156 0.8844
1038     1038   (0)     10  : 0.0444 0.9556
1039     1039   (0)     10  : 0.0160 0.9840
1040     1040   (0)     10  : 0.0530 0.9470
1041     1041   (0)     10  : 0.0548 0.9452
1042     1042   (0)     10  : 0.0340 0.9660
1043     1043   (0)     10  : 0.1510 0.8490
1044     1044   (0)     10  : 0.1220 0.8780
1045     1045   (0)     10  : 0.0312 0.9688
1046     1046   (0)     10  : 0.0190 0.9810
1047     1047   (0)     10  : 0.0562 0.9438
1048     1048   (0)     10  : 0.2710 0.7290
1049     1049   (0)     10  : 0.0900 0.9100
1050     1050   (0)     10  : 0.1376 0.8624
1051     1051   (0)     11  : 0.0430 0.9570
1052     1052  (10)     11  : 0.0170 0.9830
1053     1053  (10)     11  : 0.0160 0.9840
1054     1054   (5)     11  : 0.0074 0.9926
1055     1055   (5)     11  : 0.0100 0.9900
1056     1056   (0)     11  : 0.0070 0.9930
1057     1057   (5)     11  : 0.0090 0.9910
1058     1058   (5)     11  : 0.0110 0.9890
1059     1059   (0)     11  : 0.0060 0.9940
1060     1060   (0)     11  : 0.0070 0.9930
1061     1061   (0)     11  : 0.0070 0.9930
1062     1062   (0)     11  : 0.0070 0.9930
1063     1063   (0)     11  : 0.0082 0.9918
1064     1064   (5)     11  : 0.0070 0.9930
1065     1065   (5)     11  : 0.0490 0.9510
1066     1066  (10)     11  : 0.0210 0.9790
1067     1067   (0)     11  : 0.0080 0.9920
1068     1068   (5)     11  : 0.0304 0.9696
1069     1069   (5)     11  : 0.0110 0.9890
1070     1070   (0)     11  : 0.0070 0.9930
1071     1071   (5)     11  : 0.0090 0.9910
1072     1072   (0)     11  : 0.0308 0.9692
1073     1073   (5)     11  : 0.0060 0.9940
1074     1074   (0)     11  : 0.0090 0.9910
1075     1075   (0)     11  : 0.0140 0.9860
1076     1076   (0)     11  : 0.0220 0.9780
1077     1077   (0)     11  : 0.0080 0.9920
1078     1078   (0)     11  : 0.0108 0.9892
1079     1079   (0)     11  : 0.0140 0.9860
1080     1080   (0)     11  : 0.0242 0.9758
1081     1081   (0)     11  : 0.0190 0.9810
1082     1082   (0)     11  : 0.0240 0.9760
1083     1083   (0)     11  : 0.0090 0.9910
1084     1084   (0)     11  : 0.0180 0.9820
1085     1085   (0)     11  : 0.0220 0.9780
1086     1086   (0)     11  : 0.0070 0.9930
1087     1087   (0)     11  : 0.0160 0.9840
1088     1088   (0)     11  : 0.0080 0.9920
1089     1089   (5)     11  : 0.0110 0.9890
1090     1090   (5)     11  : 0.0110 0.9890
1091     1091   (0)     11  : 0.0110 0.9890
1092     1092  (15)     11  : 0.0182 0.9818
1093     1093  (10)     11  : 0.0070 0.9930
1094     1094  (10)     11  : 0.0090 0.9910
1095     1095  (10)     11  : 0.0140 0.9860
1096     1096   (5)     11  : 0.0130 0.9870
1097     1097   (5)     11  : 0.0080 0.9920
1098     1098   (5)     11  : 0.0090 0.9910
1099     1099   (5)     11  : 0.0080 0.9920
1100     1100   (5)     11  : 0.0150 0.9850
1101     1101   (5)     11  : 0.0090 0.9910
1102     1102  (15)     11  : 0.0260 0.9740
1103     1103   (5)     11  : 0.0340 0.9660
1104     1104   (5)     11  : 0.0070 0.9930
1105     1105  (15)     11  : 0.0120 0.9880
1106     1106   (5)     11  : 0.0524 0.9476
1107     1107   (5)     11  : 0.0560 0.9440
1108     1108   (5)     11  : 0.0110 0.9890
1109     1109   (5)     11  : 0.0080 0.9920
1110     1110  (10)     11  : 0.0130 0.9870
1111     1111   (5)     11  : 0.0100 0.9900
1112     1112   (5)     11  : 0.0120 0.9880
1113     1113  (10)     11  : 0.0100 0.9900
1114     1114  (10)     11  : 0.0100 0.9900
1115     1115  (10)     11  : 0.0520 0.9480
1116     1116  (10)     11  : 0.0528 0.9472
1117     1117   (5)     11  : 0.0090 0.9910
1118     1118  (10)     11  : 0.0160 0.9840
1119     1119   (0)     11  : 0.0070 0.9930
1120     1120   (5)     11  : 0.0090 0.9910
1121     1121   (0)     11  : 0.0060 0.9940
1122     1122   (0)     11  : 0.0060 0.9940
1123     1123   (0)     11  : 0.0100 0.9900
1124     1124   (0)     11  : 0.0200 0.9800
1125     1125   (0)     11  : 0.0080 0.9920
1126     1126   (0)     11  : 0.0540 0.9460
1127     1127   (0)     11  : 0.0120 0.9880
1128     1128  (10)     11  : 0.0110 0.9890
1129     1129  (10)     11  : 0.2780 0.7220
1130     1130   (0)     11  : 0.0200 0.9800
1131     1131   (5)     11  : 0.0700 0.9300
1132     1132   (0)     11  : 0.0140 0.9860
1133     1133   (5)     11  : 0.0380 0.9620
1134     1134   (5)     11  : 0.0080 0.9920
1135     1135   (5)     11  : 0.0118 0.9882
1136     1136  (10)     11  : 0.0070 0.9930
1137     1137   (0)     11  : 0.0080 0.9920
1138     1138   (0)     11  : 0.0080 0.9920
1139     1139   (0)     11  : 0.0560 0.9440
1140     1140   (0)     11  : 0.0090 0.9910
1141     1141   (0)     11  : 0.0152 0.9848
1142     1142   (0)     11  : 0.0080 0.9920
1143     1143   (0)     11  : 0.0080 0.9920
1144     1144   (0)     11  : 0.0140 0.9860
1145     1145   (0)     11  : 0.0092 0.9908
1146     1146   (0)     11  : 0.0110 0.9890
1147     1147   (0)     11  : 0.0110 0.9890
1148     1148   (0)     11  : 0.0480 0.9520
1149     1149   (0)     11  : 0.0330 0.9670
1150     1150   (0)     11  : 0.0170 0.9830
1151     1151   (0)     11  : 0.0100 0.9900
1152     1152   (0)     11  : 0.0290 0.9710
1153     1153   (0)     11  : 0.0070 0.9930
1154     1154   (5)     11  : 0.0120 0.9880
1155     1155   (0)     11  : 0.0116 0.9884
1156     1156   (5)     11  : 0.2628 0.7372
1157     1157   (0)     11  : 0.0090 0.9910
1158     1158   (0)     11  : 0.0406 0.9594
1159     1159   (0)     11  : 0.0160 0.9840
1160     1160   (0)     11  : 0.0140 0.9860
1161     1161   (0)     11  : 0.0080 0.9920
1162     1162   (0)     11  : 0.0090 0.9910
1163     1163   (0)     11  : 0.0150 0.9850
1164     1164   (0)     11  : 0.0070 0.9930
1165     1165   (0)     11  : 0.0110 0.9890
1166     1166   (0)     11  : 0.0070 0.9930
1167     1167   (0)     11  : 0.0840 0.9160
1168     1168   (0)     11  : 0.0070 0.9930
1169     1169   (0)     11  : 0.0152 0.9848
1170     1170   (5)     11  : 0.0090 0.9910
1171     1171   (0)     11  : 0.0170 0.9830
1172     1172   (0)     11  : 0.0140 0.9860
1173     1173   (0)     11  : 0.0160 0.9840
1174     1174  (10)     11  : 0.0100 0.9900
1175     1175   (0)     11  : 0.0082 0.9918
1176     1176   (0)     11  : 0.0080 0.9920
1177     1177   (0)     11  : 0.0130 0.9870
1178     1178  (10)     11  : 0.0130 0.9870
1179     1179   (5)     11  : 0.0070 0.9930
1180     1180   (0)     11  : 0.0100 0.9900
1181     1181   (5)     11  : 0.0100 0.9900
1182     1182   (5)     11  : 0.0070 0.9930
1183     1183  (10)     11  : 0.0130 0.9870
1184     1184   (0)     11  : 0.0080 0.9920
1185     1185   (5)     11  : 0.0170 0.9830
1186     1186  (10)     11  : 0.0090 0.9910
1187     1187   (0)     11  : 0.0220 0.9780
1188     1188   (0)     11  : 0.0464 0.9536
1189     1189   (0)     11  : 0.0090 0.9910
1190     1190   (0)     11  : 0.0130 0.9870
1191     1191   (0)     11  : 0.0080 0.9920
1192     1192   (0)     11  : 0.0160 0.9840
1193     1193   (0)     11  : 0.0070 0.9930
1194     1194   (0)     11  : 0.0080 0.9920
1195     1195   (0)     11  : 0.0080 0.9920
1196     1196   (5)     11  : 0.0160 0.9840
1197     1197   (0)     11  : 0.0060 0.9940
1198     1198   (0)     11  : 0.0090 0.9910
1199     1199   (0)     11  : 0.0080 0.9920
1200     1200   (5)     11  : 0.0190 0.9810
1201     1201   (0)     11  : 0.0110 0.9890
1202     1202   (0)     11  : 0.0240 0.9760
1203     1203   (0)     11  : 0.0080 0.9920
1204     1204   (0)     11  : 0.0080 0.9920
1205     1205   (0)     11  : 0.0080 0.9920
1206     1206   (0)     11  : 0.0130 0.9870
1207     1207   (0)     11  : 0.0240 0.9760
1208     1208   (0)     11  : 0.0086 0.9914
1209     1209   (0)     11  : 0.0090 0.9910
1210     1210   (0)     11  : 0.0150 0.9850
1211     1211   (0)     11  : 0.0090 0.9910
1212     1212   (0)     11  : 0.0070 0.9930
1213     1213   (0)     11  : 0.0100 0.9900
1214     1214   (0)     11  : 0.0070 0.9930
1215     1215   (0)     11  : 0.0070 0.9930
1216     1216   (0)     11  : 0.0080 0.9920
1217     1217   (0)     11  : 0.0070 0.9930
1218     1218   (0)     11  : 0.0150 0.9850
1219     1219   (0)     11  : 0.0120 0.9880
1220     1220   (0)     11  : 0.0080 0.9920
1221     1221  (10)     11  : 0.0190 0.9810
1222     1222   (5)     11  : 0.0100 0.9900
1223     1223  (10)     11  : 0.0100 0.9900
1224     1224   (5)     11  : 0.1044 0.8956
1225     1225  (10)     11  : 0.0090 0.9910
1226     1226  (10)     11  : 0.0100 0.9900
1227     1227   (0)     11  : 0.0140 0.9860
1228     1228   (5)     11  : 0.0276 0.9724
1229     1229   (5)     11  : 0.0390 0.9610
1230     1230  (10)     11  : 0.0140 0.9860
1231     1231   (0)     11  : 0.0080 0.9920
1232     1232   (0)     11  : 0.0130 0.9870
1233     1233   (0)     11  : 0.0100 0.9900
1234     1234   (0)     11  : 0.0120 0.9880
1235     1235   (0)     11  : 0.0516 0.9484
1236     1236   (0)     11  : 0.0940 0.9060
1237     1237   (0)     11  : 0.1306 0.8694
1238     1238   (0)     11  : 0.0082 0.9918
1239     1239   (0)     11  : 0.0070 0.9930
1240     1240   (5)     11  : 0.0938 0.9062
1241     1241   (0)     11  : 0.1152 0.8848
1242     1242   (0)     11  : 0.0080 0.9920
1243     1243  (10)     11  : 0.0256 0.9744
1244     1244   (5)     11  : 0.0120 0.9880
1245     1245   (0)     11  : 0.0060 0.9940
1246     1246   (5)     11  : 0.0580 0.9420
1247     1247   (5)     11  : 0.0110 0.9890
1248     1248   (0)     11  : 0.0080 0.9920
1249     1249   (0)     11  : 0.0288 0.9712
1250     1250   (0)     11  : 0.0130 0.9870
1251     1251   (0)     11  : 0.0410 0.9590
1252     1252   (0)     11  : 0.0070 0.9930
1253     1253   (0)     11  : 0.0290 0.9710
1254     1254   (0)     11  : 0.0070 0.9930
1255     1255   (0)     11  : 0.0060 0.9940
1256     1256   (0)     11  : 0.0070 0.9930
1257     1257   (0)     11  : 0.0100 0.9900
1258     1258   (0)     11  : 0.0240 0.9760
1259     1259   (0)     11  : 0.0090 0.9910
1260     1260   (0)     11  : 0.0090 0.9910
1261     1261   (0)     11  : 0.0100 0.9900
1262     1262   (0)     11  : 0.0100 0.9900
1263     1263   (0)     11  : 0.0160 0.9840
1264     1264   (0)     11  : 0.0100 0.9900
1265     1265   (0)     11  : 0.0080 0.9920
1266     1266   (0)     11  : 0.0080 0.9920
1267     1267   (0)     11  : 0.0070 0.9930
1268     1268   (0)     11  : 0.0070 0.9930
1269     1269   (0)     11  : 0.0080 0.9920
1270     1270   (0)     11  : 0.0070 0.9930
1271     1271   (0)     11  : 0.0250 0.9750
1272     1272   (0)     11  : 0.0420 0.9580
1273     1273   (0)     11  : 0.0070 0.9930
1274     1274   (0)     11  : 0.0440 0.9560
1275     1275   (0)     11  : 0.0080 0.9920
1276     1276   (0)     11  : 0.0080 0.9920
1277     1277   (0)     11  : 0.0080 0.9920
1278     1278   (0)     11  : 0.0190 0.9810
1279     1279   (0)     11  : 0.0250 0.9750
1280     1280   (0)     11  : 0.0070 0.9930
1281     1281   (0)     11  : 0.0160 0.9840
1282     1282   (0)     11  : 0.0086 0.9914
1283     1283   (0)     11  : 0.0220 0.9780
1284     1284   (0)     11  : 0.0090 0.9910
1285     1285   (0)     11  : 0.0090 0.9910
1286     1286   (0)     11  : 0.0110 0.9890
1287     1287   (0)     11  : 0.0100 0.9900
1288     1288   (0)     11  : 0.0080 0.9920
1289     1289   (0)     11  : 0.0070 0.9930
1290     1290   (0)     11  : 0.0070 0.9930
1291     1291   (0)     12  : 0.0094 0.9906
1292     1292   (0)     12  : 0.0074 0.9926
1293     1293   (0)     12  : 0.0120 0.9880
1294     1294   (0)     12  : 0.0338 0.9662
1295     1295   (0)     12  : 0.0140 0.9860
1296     1296   (0)     12  : 0.0080 0.9920
1297     1297   (0)     12  : 0.0150 0.9850
1298     1298   (0)     12  : 0.0390 0.9610
1299     1299   (0)     12  : 0.0228 0.9772
1300     1300   (0)     12  : 0.0080 0.9920
1301     1301   (0)     12  : 0.0130 0.9870
1302     1302   (0)     12  : 0.0120 0.9880
1303     1303   (0)     12  : 0.0090 0.9910
1304     1304   (0)     12  : 0.0080 0.9920
1305     1305   (0)     12  : 0.0226 0.9774
1306     1306   (0)     12  : 0.0080 0.9920
1307     1307   (0)     12  : 0.0190 0.9810
1308     1308   (0)     12  : 0.0080 0.9920
1309     1309   (0)     12  : 0.0080 0.9920
1310     1310   (0)     12  : 0.0170 0.9830
1311     1311   (0)     12  : 0.0080 0.9920
1312     1312   (0)     12  : 0.0120 0.9880
1313     1313   (0)     12  : 0.0100 0.9900
1314     1314   (0)     12  : 0.0120 0.9880
1315     1315   (0)     12  : 0.0388 0.9612
1316     1316   (0)     12  : 0.0110 0.9890
1317     1317   (0)     12  : 0.0086 0.9914
1318     1318   (0)     12  : 0.0240 0.9760
1319     1319   (0)     12  : 0.0210 0.9790
1320     1320   (0)     12  : 0.0230 0.9770
1321     1321   (0)     12  : 0.0050 0.9950
1322     1322   (0)     12  : 0.0080 0.9920
1323     1323   (0)     12  : 0.0100 0.9900
1324     1324   (0)     12  : 0.0090 0.9910
1325     1325   (0)     12  : 0.0090 0.9910
1326     1326   (0)     12  : 0.0088 0.9912
1327     1327   (0)     12  : 0.0130 0.9870
1328     1328   (0)     12  : 0.0060 0.9940
1329     1329   (0)     12  : 0.0120 0.9880
1330     1330   (0)     12  : 0.0160 0.9840
1331     1331   (0)     12  : 0.0070 0.9930
1332     1332   (0)     12  : 0.0260 0.9740
1333     1333   (0)     12  : 0.0100 0.9900
1334     1334   (0)     12  : 0.0060 0.9940
1335     1335   (0)     12  : 0.0262 0.9738
1336     1336   (0)     12  : 0.0116 0.9884
1337     1337   (0)     12  : 0.0080 0.9920
1338     1338   (0)     12  : 0.0090 0.9910
1339     1339   (0)     12  : 0.0100 0.9900
1340     1340   (0)     12  : 0.0080 0.9920
1341     1341   (0)     12  : 0.0130 0.9870
1342     1342   (0)     12  : 0.0150 0.9850
1343     1343   (0)     12  : 0.0120 0.9880
1344     1344   (0)     12  : 0.0160 0.9840
1345     1345   (0)     12  : 0.0140 0.9860
1346     1346   (0)     12  : 0.0170 0.9830
1347     1347   (0)     12  : 0.0150 0.9850
1348     1348   (0)     12  : 0.0290 0.9710
1349     1349   (0)     12  : 0.0070 0.9930
1350     1350   (0)     12  : 0.0100 0.9900
1351     1351   (0)     12  : 0.0140 0.9860
1352     1352   (0)     12  : 0.0100 0.9900
1353     1353   (0)     12  : 0.0140 0.9860
1354     1354   (0)     12  : 0.0060 0.9940
1355     1355   (0)     12  : 0.0120 0.9880
1356     1356   (0)     12  : 0.0140 0.9860
1357     1357   (0)     12  : 0.1092 0.8908
1358     1358   (0)     12  : 0.0280 0.9720
1359     1359   (0)     12  : 0.0120 0.9880
1360     1360   (0)     12  : 0.0080 0.9920
1361     1361   (0)     12  : 0.0100 0.9900
1362     1362   (0)     12  : 0.0180 0.9820
1363     1363   (0)     12  : 0.0088 0.9912
1364     1364   (0)     12  : 0.0110 0.9890
1365     1365   (0)     12  : 0.0090 0.9910
1366     1366   (0)     12  : 0.0110 0.9890
1367     1367   (0)     12  : 0.0070 0.9930
1368     1368   (0)     12  : 0.0996 0.9004
1369     1369   (0)     12  : 0.0280 0.9720
1370     1370   (0)     12  : 0.0100 0.9900
1371     1371   (0)     12  : 0.0080 0.9920
1372     1372   (0)     12  : 0.0130 0.9870
1373     1373   (0)     12  : 0.0120 0.9880
1374     1374   (0)     12  : 0.0100 0.9900
1375     1375   (0)     12  : 0.0130 0.9870
1376     1376   (0)     12  : 0.0080 0.9920
1377     1377   (0)     12  : 0.0270 0.9730
1378     1378   (0)     12  : 0.0100 0.9900
1379     1379   (0)     12  : 0.0110 0.9890
1380     1380   (0)     12  : 0.0110 0.9890
1381     1381   (0)     12  : 0.0470 0.9530
1382     1382   (0)     12  : 0.0120 0.9880
1383     1383   (0)     12  : 0.0150 0.9850
1384     1384   (0)     12  : 0.0090 0.9910
1385     1385   (0)     12  : 0.0090 0.9910
1386     1386   (0)     12  : 0.0090 0.9910
1387     1387   (0)     12  : 0.0100 0.9900
1388     1388   (0)     12  : 0.0110 0.9890
1389     1389   (0)     12  : 0.0128 0.9872
1390     1390   (0)     12  : 0.0150 0.9850
1391     1391   (0)     12  : 0.0120 0.9880
1392     1392   (0)     12  : 0.0330 0.9670
1393     1393   (0)     12  : 0.0060 0.9940
1394     1394   (0)     12  : 0.0180 0.9820
1395     1395   (0)     12  : 0.0110 0.9890
1396     1396   (0)     12  : 0.0070 0.9930
1397     1397   (0)     12  : 0.0080 0.9920
1398     1398   (0)     12  : 0.0492 0.9508
1399     1399   (0)     12  : 0.0130 0.9870
1400     1400   (0)     12  : 0.0140 0.9860
1401     1401   (0)     12  : 0.0110 0.9890
1402     1402   (0)     12  : 0.0080 0.9920
1403     1403   (0)     12  : 0.0160 0.9840
1404     1404   (0)     12  : 0.0080 0.9920
1405     1405   (0)     12  : 0.0100 0.9900
1406     1406   (0)     12  : 0.0070 0.9930
1407     1407   (0)     12  : 0.0130 0.9870
1408     1408   (0)     12  : 0.0090 0.9910
1409     1409   (0)     12  : 0.0140 0.9860
1410     1410   (0)     12  : 0.0330 0.9670
1411     1411   (0)     12  : 0.0142 0.9858
1412     1412   (0)     12  : 0.0120 0.9880
1413     1413   (0)     12  : 0.0080 0.9920
1414     1414   (0)     12  : 0.0270 0.9730
1415     1415   (0)     12  : 0.0080 0.9920
1416     1416   (0)     12  : 0.0090 0.9910
1417     1417   (0)     12  : 0.0070 0.9930
1418     1418   (0)     12  : 0.0182 0.9818
1419     1419   (0)     12  : 0.0080 0.9920
1420     1420   (0)     12  : 0.0190 0.9810
1421     1421   (0)     12  : 0.0180 0.9820
1422     1422   (0)     12  : 0.0090 0.9910
1423     1423   (0)     12  : 0.0360 0.9640
1424     1424   (0)     12  : 0.0160 0.9840
1425     1425   (0)     12  : 0.0190 0.9810
1426     1426   (0)     12  : 0.0070 0.9930
1427     1427   (0)     12  : 0.0210 0.9790
1428     1428   (0)     12  : 0.0080 0.9920
1429     1429   (0)     12  : 0.0100 0.9900
1430     1430   (0)     12  : 0.0110 0.9890
1431     1431   (0)     12  : 0.0130 0.9870
1432     1432   (0)     12  : 0.0130 0.9870
1433     1433   (0)     12  : 0.0180 0.9820
1434     1434   (0)     12  : 0.0160 0.9840
1435     1435   (0)     12  : 0.0180 0.9820
1436     1436   (0)     12  : 0.0220 0.9780
1437     1437   (0)     12  : 0.0090 0.9910
1438     1438   (0)     12  : 0.0080 0.9920
1439     1439   (0)     12  : 0.0330 0.9670
1440     1440   (0)     12  : 0.0120 0.9880
1441     1441   (0)     12  : 0.0110 0.9890
1442     1442   (0)     12  : 0.0110 0.9890
1443     1443   (0)     12  : 0.0130 0.9870
1444     1444   (0)     12  : 0.0080 0.9920
1445     1445   (0)     12  : 0.0080 0.9920
1446     1446   (0)     12  : 0.0090 0.9910
1447     1447   (0)     12  : 0.0100 0.9900
1448     1448   (0)     12  : 0.0220 0.9780
1449     1449   (0)     12  : 0.0382 0.9618
1450     1450   (0)     12  : 0.0290 0.9710
1451     1451   (0)     12  : 0.0088 0.9912
1452     1452   (0)     12  : 0.0070 0.9930
1453     1453   (0)     12  : 0.0270 0.9730
1454     1454   (0)     12  : 0.0070 0.9930
1455     1455   (0)     12  : 0.0260 0.9740
1456     1456   (0)     12  : 0.0090 0.9910
1457     1457   (0)     12  : 0.0170 0.9830
1458     1458   (0)     12  : 0.0148 0.9852
1459     1459   (0)     12  : 0.0090 0.9910
1460     1460   (0)     12  : 0.0080 0.9920
1461     1461   (0)     12  : 0.0272 0.9728
1462     1462   (0)     12  : 0.0170 0.9830
1463     1463   (0)     12  : 0.0160 0.9840
1464     1464   (0)     12  : 0.0150 0.9850
1465     1465   (0)     12  : 0.0150 0.9850
1466     1466   (0)     12  : 0.0070 0.9930
1467     1467   (0)     12  : 0.0080 0.9920
1468     1468   (0)     12  : 0.0220 0.9780
1469     1469   (0)     12  : 0.0090 0.9910
1470     1470   (0)     12  : 0.0160 0.9840
1471     1471   (0)     12  : 0.0130 0.9870
1472     1472   (0)     12  : 0.0070 0.9930
1473     1473   (0)     12  : 0.0120 0.9880
1474     1474   (0)     12  : 0.0100 0.9900
1475     1475   (0)     12  : 0.0090 0.9910
1476     1476   (0)     12  : 0.0380 0.9620
1477     1477   (0)     12  : 0.0150 0.9850
1478     1478   (0)     12  : 0.0160 0.9840
1479     1479   (0)     12  : 0.0410 0.9590
1480     1480   (0)     12  : 0.0100 0.9900
1481     1481   (0)     12  : 0.0132 0.9868
1482     1482   (0)     12  : 0.0590 0.9410
1483     1483   (0)     12  : 0.0120 0.9880
1484     1484   (0)     12  : 0.0090 0.9910
1485     1485   (0)     12  : 0.0520 0.9480
1486     1486   (0)     12  : 0.0080 0.9920
1487     1487   (0)     12  : 0.0150 0.9850
1488     1488   (0)     12  : 0.0100 0.9900
1489     1489   (0)     12  : 0.0080 0.9920
1490     1490   (0)     12  : 0.0120 0.9880
1491     1491   (0)     12  : 0.0236 0.9764
1492     1492   (0)     12  : 0.0080 0.9920
1493     1493   (0)     12  : 0.0100 0.9900
1494     1494   (0)     12  : 0.0100 0.9900
1495     1495   (0)     12  : 0.0090 0.9910
1496     1496   (0)     12  : 0.0080 0.9920
1497     1497   (0)     12  : 0.0130 0.9870
1498     1498   (0)     12  : 0.0080 0.9920
1499     1499   (0)     12  : 0.0080 0.9920
1500     1500   (0)     12  : 0.0120 0.9880
1501     1501   (0)     12  : 0.0200 0.9800
1502     1502   (0)     12  : 0.0070 0.9930
1503     1503   (0)     12  : 0.0100 0.9900
1504     1504   (0)     12  : 0.0120 0.9880
1505     1505   (0)     12  : 0.0090 0.9910
1506     1506   (0)     12  : 0.0080 0.9920
1507     1507   (0)     12  : 0.0110 0.9890
1508     1508   (0)     12  : 0.0070 0.9930
1509     1509   (0)     12  : 0.0290 0.9710
1510     1510   (0)     12  : 0.0110 0.9890
1511     1511   (0)     12  : 0.0124 0.9876
1512     1512   (0)     12  : 0.0080 0.9920
1513     1513   (0)     12  : 0.0070 0.9930
1514     1514   (0)     12  : 0.0110 0.9890
1515     1515   (0)     12  : 0.0070 0.9930
1516     1516   (0)     12  : 0.0084 0.9916
1517     1517   (0)     12  : 0.0118 0.9882
1518     1518   (0)     12  : 0.0130 0.9870
1519     1519   (0)     12  : 0.0180 0.9820
1520     1520   (0)     12  : 0.0152 0.9848
1521     1521   (0)     12  : 0.0114 0.9886
1522     1522   (0)     12  : 0.0120 0.9880
1523     1523   (0)     12  : 0.0070 0.9930
1524     1524   (0)     12  : 0.0118 0.9882
1525     1525   (0)     12  : 0.0110 0.9890
1526     1526   (0)     12  : 0.0120 0.9880
1527     1527   (0)     12  : 0.0100 0.9900
1528     1528   (0)     12  : 0.0140 0.9860
1529     1529   (0)     12  : 0.0150 0.9850
1530     1530   (0)     12  : 0.0110 0.9890
1531     1531   (0)     12  : 0.0090 0.9910
1532     1532   (0)     12  : 0.0090 0.9910
1533     1533   (0)     12  : 0.0060 0.9940
1534     1534   (0)     12  : 0.0160 0.9840
1535     1535   (0)     12  : 0.0140 0.9860
1536     1536   (0)     12  : 0.0130 0.9870
1537     1537   (0)     12  : 0.0110 0.9890
1538     1538   (0)     12  : 0.0090 0.9910
1539     1539   (0)     12  : 0.0110 0.9890
1540     1540   (0)     12  : 0.0180 0.9820
1541     1541   (0)     12  : 0.0130 0.9870
1542     1542   (0)     12  : 0.0556 0.9444
1543     1543   (0)     12  : 0.0290 0.9710
1544     1544   (0)     12  : 0.0170 0.9830
1545     1545   (0)     12  : 0.0100 0.9900
1546     1546   (0)     12  : 0.0532 0.9468
1547     1547   (0)     12  : 0.0072 0.9928
1548     1548   (0)     12  : 0.0060 0.9940
1549     1549   (0)     12  : 0.0120 0.9880
1550     1550   (0)     12  : 0.0140 0.9860
