1        1   (5)      1  : 0.9740 0.0260
2        2   (5)      1  : 0.9320 0.0680
3        3   (5)      1  : 0.9800 0.0200
4        4   (0)      1  : 0.9750 0.0250
5        5   (0)      1  : 0.9340 0.0660
6        6   (0)      1  : 0.9770 0.0230
7        7   (0)      1  : 0.9570 0.0430
8        8   (5)      1  : 0.9752 0.0248
9        9   (0)      1  : 0.9790 0.0210
10       10   (0)      1  : 0.9590 0.0410
11       11   (0)      1  : 0.9750 0.0250
12       12   (0)      1  : 0.9560 0.0440
13       13   (0)      1  : 0.9630 0.0370
14       14   (0)      1  : 0.9730 0.0270
15       15   (0)      1  : 0.9790 0.0210
16       16   (0)      1  : 0.9810 0.0190
17       17   (0)      1  : 0.9820 0.0180
18       18   (0)      1  : 0.9610 0.0390
19       19   (0)      1  : 0.9568 0.0432
20       20   (0)      1  : 0.9490 0.0510
21       21   (0)      1  : 0.9740 0.0260
22       22   (0)      1  : 0.9852 0.0148
23       23   (0)      1  : 0.9830 0.0170
24       24   (0)      1  : 0.9640 0.0360
25       25   (0)      1  : 0.9576 0.0424
26       26   (0)      1  : 0.9626 0.0374
27       27   (5)      1  : 0.9660 0.0340
28       28   (0)      1  : 0.9850 0.0150
29       29   (0)      1  : 0.9780 0.0220
30       30   (0)      1  : 0.9480 0.0520
31       31   (0)      1  : 0.9810 0.0190
32       32   (0)      1  : 0.9710 0.0290
33       33   (0)      1  : 0.9820 0.0180
34       34   (0)      1  : 0.9820 0.0180
35       35   (0)      1  : 0.9590 0.0410
36       36   (0)      1  : 0.9720 0.0280
37       37   (0)      1  : 0.9620 0.0380
38       38   (0)      1  : 0.9580 0.0420
39       39   (0)      1  : 0.9700 0.0300
40       40   (0)      1  : 0.9700 0.0300
41       41   (0)      1  : 0.9760 0.0240
42       42   (0)      1  : 0.9820 0.0180
43       43   (0)      1  : 0.9820 0.0180
44       44   (0)      1  : 0.9850 0.0150
45       45   (5)      1  : 0.9720 0.0280
46       46   (0)      1  : 0.9860 0.0140
47       47   (0)      1  : 0.9850 0.0150
48       48   (0)      1  : 0.9770 0.0230
49       49   (0)      1  : 0.9610 0.0390
50       50   (0)      1  : 0.9760 0.0240
51       51   (0)      1  : 0.9650 0.0350
52       52   (0)      1  : 0.9166 0.0834
53       53   (0)      1  : 0.9766 0.0234
54       54   (0)      1  : 0.9850 0.0150
55       55   (0)      1  : 0.9800 0.0200
56       56   (0)      1  : 0.9790 0.0210
57       57  (10)      1  : 0.9630 0.0370
58       58   (5)      1  : 0.9678 0.0322
59       59   (0)      1  : 0.9700 0.0300
60       60   (0)      1  : 0.9790 0.0210
61       61   (0)      1  : 0.9740 0.0260
62       62   (0)      1  : 0.9780 0.0220
63       63   (0)      1  : 0.9740 0.0260
64       64   (0)      1  : 0.9790 0.0210
65       65   (0)      1  : 0.9320 0.0680
66       66   (0)      1  : 0.9810 0.0190
67       67   (5)      1  : 0.9372 0.0628
68       68   (0)      1  : 0.9730 0.0270
69       69   (0)      1  : 0.9840 0.0160
70       70   (0)      1  : 0.9750 0.0250
71       71   (5)      1  : 0.9720 0.0280
72       72   (0)      1  : 0.9470 0.0530
73       73   (5)      1  : 0.9810 0.0190
74       74  (10)      1  : 0.9620 0.0380
75       75  (10)      1  : 0.9300 0.0700
76       76   (0)      1  : 0.9760 0.0240
77       77  (10)      1  : 0.9710 0.0290
78       78   (0)      1  : 0.9648 0.0352
79       79   (5)      1  : 0.9800 0.0200
80       80   (0)      1  : 0.9800 0.0200
81       81   (0)      1  : 0.9760 0.0240
82       82   (0)      1  : 0.9810 0.0190
83       83   (0)      1  : 0.9730 0.0270
84       84   (0)      1  : 0.9720 0.0280
85       85   (0)      1  : 0.9830 0.0170
86       86   (5)      1  : 0.9770 0.0230
87       87   (0)      1  : 0.9800 0.0200
88       88   (0)      1  : 0.9450 0.0550
89       89   (0)      1  : 0.9200 0.0800
90       90   (0)      1  : 0.9760 0.0240
91       91   (0)      1  : 0.9710 0.0290
92       92   (0)      1  : 0.9790 0.0210
93       93   (0)      1  : 0.9820 0.0180
94       94   (5)      1  : 0.9440 0.0560
95       95   (0)      1  : 0.9700 0.0300
96       96   (5)      1  : 0.9770 0.0230
97       97   (0)      1  : 0.9820 0.0180
98       98   (0)      1  : 0.9630 0.0370
99       99   (5)      1  : 0.9700 0.0300
100      100   (5)      1  : 0.9840 0.0160
101      101   (0)      2  : 0.9196 0.0804
102      102   (0)      2  : 0.9630 0.0370
103      103   (0)      2  : 0.9270 0.0730
104      104   (0)      2  : 0.8360 0.1640
105      105   (0)      2  : 0.9150 0.0850
106      106   (0)      2  : 0.9556 0.0444
107      107   (0)      2  : 0.8920 0.1080
108      108   (0)      2  : 0.9470 0.0530
109      109   (0)      2  : 0.8562 0.1438
110      110   (0)      2  : 0.9610 0.0390
111      111   (0)      2  : 0.9380 0.0620
112      112   (0)      2  : 0.9540 0.0460
113      113   (0)      2  : 0.9360 0.0640
114      114   (0)      2  : 0.9028 0.0972
115      115   (0)      2  : 0.8440 0.1560
116      116   (0)      2  : 0.9210 0.0790
117      117   (0)      2  : 0.9730 0.0270
118      118   (0)      2  : 0.8920 0.1080
119      119   (0)      2  : 0.9318 0.0682
120      120   (0)      2  : 0.8970 0.1030
121      121   (0)      2  : 0.9674 0.0326
122      122   (0)      2  : 0.9488 0.0512
123      123   (0)      2  : 0.7940 0.2060
124      124   (0)      2  : 0.7900 0.2100
125      125   (0)      2  : 0.9536 0.0464
126      126   (0)      2  : 0.8354 0.1646
127      127   (0)      2  : 0.9210 0.0790
128      128   (0)      2  : 0.7820 0.2180
129      129   (0)      2  : 0.9640 0.0360
130      130   (0)      2  : 0.9550 0.0450
131      131   (0)      2  : 0.9550 0.0450
132      132   (0)      2  : 0.9010 0.0990
133      133   (0)      2  : 0.9430 0.0570
134      134   (0)      2  : 0.9260 0.0740
135      135   (0)      2  : 0.9740 0.0260
136      136   (0)      2  : 0.9698 0.0302
137      137   (0)      2  : 0.9560 0.0440
138      138   (0)      2  : 0.9180 0.0820
139      139   (0)      2  : 0.9790 0.0210
140      140   (0)      2  : 0.8150 0.1850
141      141   (0)      2  : 0.9750 0.0250
142      142   (0)      2  : 0.9640 0.0360
143      143   (0)      2  : 0.9352 0.0648
144      144   (0)      2  : 0.7440 0.2560
145      145   (0)      2  : 0.9650 0.0350
146      146   (0)      2  : 0.9620 0.0380
147      147   (0)      2  : 0.8602 0.1398
148      148   (0)      2  : 0.8914 0.1086
149      149   (0)      2  : 0.9606 0.0394
150      150   (0)      2  : 0.9412 0.0588
151      151   (0)      2  : 0.8400 0.1600
152      152   (0)      2  : 0.9348 0.0652
153      153   (0)      2  : 0.9312 0.0688
154      154   (0)      2  : 0.9590 0.0410
155      155   (0)      2  : 0.9600 0.0400
156      156   (0)      2  : 0.9040 0.0960
157      157   (0)      2  : 0.8570 0.1430
158      158   (0)      2  : 0.8868 0.1132
159      159   (0)      2  : 0.9664 0.0336
160      160   (0)      2  : 0.8700 0.1300
161      161   (0)      2  : 0.9130 0.0870
162      162   (0)      2  : 0.9700 0.0300
163      163   (0)      2  : 0.9630 0.0370
164      164   (0)      2  : 0.9710 0.0290
165      165   (0)      2  : 0.9780 0.0220
166      166   (0)      2  : 0.8178 0.1822
167      167   (0)      2  : 0.7640 0.2360
168      168   (0)      2  : 0.8146 0.1854
169      169   (0)      2  : 0.9260 0.0740
170      170   (0)      2  : 0.9496 0.0504
171      171   (0)      2  : 0.8524 0.1476
172      172   (0)      2  : 0.8560 0.1440
173      173   (0)      2  : 0.8908 0.1092
174      174   (0)      2  : 0.8600 0.1400
175      175   (0)      2  : 0.8602 0.1398
176      176   (0)      2  : 0.9510 0.0490
177      177   (0)      2  : 0.9620 0.0380
178      178   (0)      2  : 0.8740 0.1260
179      179   (0)      2  : 0.9760 0.0240
180      180   (0)      2  : 0.9460 0.0540
181      181   (0)      2  : 0.9410 0.0590
182      182   (0)      2  : 0.9730 0.0270
183      183   (0)      2  : 0.8964 0.1036
184      184   (0)      2  : 0.9550 0.0450
185      185   (0)      2  : 0.9840 0.0160
186      186   (0)      2  : 0.9400 0.0600
187      187   (0)      2  : 0.9860 0.0140
188      188   (0)      2  : 0.8170 0.1830
189      189   (0)      2  : 0.9640 0.0360
190      190   (0)      2  : 0.9810 0.0190
191      191   (0)      2  : 0.9580 0.0420
192      192   (0)      2  : 0.9460 0.0540
193      193   (0)      2  : 0.7976 0.2024
194      194   (0)      2  : 0.8450 0.1550
195      195   (0)      2  : 0.9490 0.0510
196      196   (0)      2  : 0.6936 0.3064
197      197   (0)      2  : 0.9600 0.0400
198      198   (0)      2  : 0.8886 0.1114
199      199   (0)      2  : 0.9510 0.0490
200      200   (0)      2  : 0.7650 0.2350
201      201   (0)      3  : 0.9410 0.0590
202      202   (0)      3  : 0.8910 0.1090
203      203   (0)      3  : 0.5912 0.4088
204      204   (0)      3  : 0.7586 0.2414
205      205   (0)      3  : 0.8542 0.1458
206      206   (0)      3  : 0.8510 0.1490
207      207   (0)      3  : 0.4774 0.5226
208      208   (0)      3  : 0.7900 0.2100
209      209   (0)      3  : 0.9340 0.0660
210      210   (0)      3  : 0.8782 0.1218
211      211   (0)      3  : 0.7270 0.2730
212      212   (0)      3  : 0.8618 0.1382
213      213   (0)      3  : 0.8314 0.1686
214      214   (0)      3  : 0.8478 0.1522
215      215   (0)      3  : 0.8382 0.1618
216      216   (0)      3  : 0.8360 0.1640
217      217   (0)      3  : 0.7850 0.2150
218      218   (0)      3  : 0.7570 0.2430
219      219   (0)      3  : 0.9410 0.0590
220      220   (0)      3  : 0.8540 0.1460
221      221   (0)      3  : 0.8944 0.1056
222      222   (0)      3  : 0.8418 0.1582
223      223   (0)      3  : 0.8380 0.1620
224      224   (0)      3  : 0.7790 0.2210
225      225   (0)      3  : 0.7802 0.2198
226      226   (0)      3  : 0.8558 0.1442
227      227   (0)      3  : 0.9830 0.0170
228      228   (0)      3  : 0.8180 0.1820
229      229   (0)      3  : 0.7610 0.2390
230      230   (0)      3  : 0.7600 0.2400
231      231   (0)      3  : 0.9588 0.0412
232      232   (0)      3  : 0.9420 0.0580
233      233   (0)      3  : 0.8280 0.1720
234      234   (0)      3  : 0.7380 0.2620
235      235   (0)      3  : 0.8860 0.1140
236      236   (0)      3  : 0.8400 0.1600
237      237   (0)      3  : 0.8010 0.1990
238      238   (0)      3  : 0.7150 0.2850
239      239   (0)      3  : 0.6700 0.3300
240      240   (0)      3  : 0.8930 0.1070
241      241   (0)      3  : 0.8130 0.1870
242      242   (0)      3  : 0.8890 0.1110
243      243   (0)      3  : 0.9640 0.0360
244      244   (0)      3  : 0.8430 0.1570
245      245   (0)      3  : 0.6330 0.3670
246      246   (0)      3  : 0.8510 0.1490
247      247   (0)      3  : 0.8120 0.1880
248      248   (0)      3  : 0.7614 0.2386
249      249   (0)      3  : 0.6508 0.3492
250      250   (0)      3  : 0.8764 0.1236
251      251   (0)      3  : 0.8120 0.1880
252      252   (0)      3  : 0.9060 0.0940
253      253   (0)      3  : 0.9330 0.0670
254      254   (0)      3  : 0.6540 0.3460
255      255   (0)      3  : 0.8040 0.1960
256      256   (0)      3  : 0.8870 0.1130
257      257   (0)      3  : 0.7900 0.2100
258      258   (0)      3  : 0.7622 0.2378
259      259   (0)      3  : 0.7550 0.2450
260      260   (0)      3  : 0.8456 0.1544
261      261   (0)      3  : 0.8370 0.1630
262      262   (0)      3  : 0.6870 0.3130
263      263   (0)      3  : 0.7760 0.2240
264      264   (0)      3  : 0.7578 0.2422
265      265   (0)      3  : 0.8210 0.1790
266      266   (0)      3  : 0.7720 0.2280
267      267   (0)      3  : 0.9690 0.0310
268      268   (0)      3  : 0.7004 0.2996
269      269   (0)      3  : 0.7740 0.2260
270      270   (0)      3  : 0.8440 0.1560
271      271   (0)      3  : 0.7350 0.2650
272      272   (0)      3  : 0.9260 0.0740
273      273   (0)      3  : 0.9120 0.0880
274      274   (0)      3  : 0.8694 0.1306
275      275   (0)      3  : 0.7574 0.2426
276      276   (0)      3  : 0.6530 0.3470
277      277   (0)      3  : 0.6490 0.3510
278      278   (0)      3  : 0.6068 0.3932
279      279   (0)      3  : 0.7740 0.2260
280      280   (0)      3  : 0.6638 0.3362
281      281   (0)      3  : 0.9708 0.0292
282      282   (0)      3  : 0.7230 0.2770
283      283   (0)      3  : 0.7566 0.2434
284      284   (0)      3  : 0.9070 0.0930
285      285   (0)      3  : 0.6834 0.3166
286      286   (0)      3  : 0.9600 0.0400
287      287   (0)      3  : 0.6888 0.3112
288      288   (0)      3  : 0.7748 0.2252
289      289   (0)      3  : 0.8050 0.1950
290      290   (0)      3  : 0.6230 0.3770
291      291   (0)      3  : 0.9110 0.0890
292      292   (0)      3  : 0.9550 0.0450
293      293   (0)      3  : 0.8060 0.1940
294      294   (0)      3  : 0.8390 0.1610
295      295   (0)      3  : 0.8718 0.1282
296      296   (0)      3  : 0.9450 0.0550
297      297   (0)      3  : 0.8108 0.1892
298      298   (0)      3  : 0.7518 0.2482
299      299   (0)      3  : 0.8710 0.1290
300      300   (0)      3  : 0.6338 0.3662
301      301   (0)      4  : 0.5570 0.4430
302      302   (0)      4  : 0.4700 0.5300
303      303   (0)      4  : 0.2070 0.7930
304      304   (0)      4  : 0.4568 0.5432
305      305   (0)      4  : 0.4188 0.5812
306      306   (0)      4  : 0.4690 0.5310
307      307   (0)      4  : 0.5260 0.4740
308      308   (0)      4  : 0.6120 0.3880
309      309   (0)      4  : 0.5480 0.4520
310      310   (0)      4  : 0.5520 0.4480
311      311   (0)      4  : 0.4504 0.5496
312      312   (0)      4  : 0.3760 0.6240
313      313   (0)      4  : 0.4508 0.5492
314      314   (0)      4  : 0.6220 0.3780
315      315   (0)      4  : 0.5430 0.4570
316      316   (0)      4  : 0.6240 0.3760
317      317   (0)      4  : 0.5910 0.4090
318      318   (0)      4  : 0.4754 0.5246
319      319   (0)      4  : 0.5330 0.4670
320      320   (0)      4  : 0.3810 0.6190
321      321   (0)      4  : 0.6488 0.3512
322      322   (0)      4  : 0.5206 0.4794
323      323   (0)      4  : 0.3924 0.6076
324      324   (0)      4  : 0.5310 0.4690
325      325   (0)      4  : 0.6350 0.3650
326      326   (0)      4  : 0.4646 0.5354
327      327   (0)      4  : 0.5372 0.4628
328      328   (0)      4  : 0.6150 0.3850
329      329   (0)      4  : 0.4910 0.5090
330      330   (0)      4  : 0.5280 0.4720
331      331   (0)      4  : 0.4480 0.5520
332      332   (0)      4  : 0.3680 0.6320
333      333   (0)      4  : 0.6002 0.3998
334      334   (0)      4  : 0.6160 0.3840
335      335   (0)      4  : 0.5370 0.4630
336      336   (0)      4  : 0.5428 0.4572
337      337   (0)      4  : 0.4730 0.5270
338      338   (0)      4  : 0.5880 0.4120
339      339   (0)      4  : 0.5540 0.4460
340      340   (0)      4  : 0.5292 0.4708
341      341   (0)      4  : 0.6640 0.3360
342      342   (0)      4  : 0.4880 0.5120
343      343   (0)      4  : 0.6292 0.3708
344      344   (0)      4  : 0.4680 0.5320
345      345   (0)      4  : 0.3680 0.6320
346      346   (0)      4  : 0.5450 0.4550
347      347   (0)      4  : 0.6210 0.3790
348      348   (0)      4  : 0.6750 0.3250
349      349   (0)      4  : 0.4560 0.5440
350      350   (0)      4  : 0.4780 0.5220
351      351   (0)      4  : 0.4932 0.5068
352      352   (0)      4  : 0.6950 0.3050
353      353   (0)      4  : 0.5190 0.4810
354      354   (0)      4  : 0.3550 0.6450
355      355   (0)      4  : 0.5898 0.4102
356      356   (0)      4  : 0.4250 0.5750
357      357   (0)      4  : 0.6350 0.3650
358      358   (0)      4  : 0.5360 0.4640
359      359   (0)      4  : 0.5854 0.4146
360      360   (0)      4  : 0.5768 0.4232
361      361   (0)      4  : 0.4860 0.5140
362      362   (0)      4  : 0.5808 0.4192
363      363   (0)      4  : 0.5632 0.4368
364      364   (0)      4  : 0.4754 0.5246
365      365   (0)      4  : 0.5330 0.4670
366      366   (0)      4  : 0.4896 0.5104
367      367   (0)      4  : 0.5838 0.4162
368      368   (0)      4  : 0.5500 0.4500
369      369   (0)      4  : 0.5964 0.4036
370      370   (0)      4  : 0.5426 0.4574
371      371   (0)      4  : 0.5110 0.4890
372      372   (0)      4  : 0.4550 0.5450
373      373   (0)      4  : 0.5030 0.4970
374      374   (0)      4  : 0.5468 0.4532
375      375   (0)      4  : 0.5934 0.4066
376      376   (0)      4  : 0.5420 0.4580
377      377   (0)      4  : 0.5086 0.4914
378      378   (0)      4  : 0.5640 0.4360
379      379   (0)      4  : 0.6086 0.3914
380      380   (0)      4  : 0.4416 0.5584
381      381   (0)      4  : 0.5770 0.4230
382      382   (0)      4  : 0.3600 0.6400
383      383   (0)      4  : 0.3630 0.6370
384      384   (0)      4  : 0.3960 0.6040
385      385   (0)      4  : 0.6776 0.3224
386      386   (0)      4  : 0.5602 0.4398
387      387   (0)      4  : 0.5444 0.4556
388      388   (0)      4  : 0.5580 0.4420
389      389   (0)      4  : 0.4980 0.5020
390      390   (0)      4  : 0.4832 0.5168
391      391   (0)      4  : 0.5060 0.4940
392      392   (0)      4  : 0.3334 0.6666
393      393   (0)      4  : 0.4758 0.5242
394      394   (0)      4  : 0.5110 0.4890
395      395   (0)      4  : 0.5458 0.4542
396      396   (0)      4  : 0.6290 0.3710
397      397   (0)      4  : 0.4440 0.5560
398      398   (0)      4  : 0.5650 0.4350
399      399   (0)      4  : 0.5020 0.4980
400      400   (0)      4  : 0.5940 0.4060
401      401   (0)      5  : 0.1270 0.8730
402      402   (0)      5  : 0.1490 0.8510
403      403   (0)      5  : 0.2802 0.7198
404      404   (0)      5  : 0.2680 0.7320
405      405   (0)      5  : 0.3066 0.6934
406      406   (0)      5  : 0.1370 0.8630
407      407   (0)      5  : 0.0650 0.9350
408      408   (0)      5  : 0.1268 0.8732
409      409   (0)      5  : 0.1600 0.8400
410      410   (0)      5  : 0.3574 0.6426
411      411   (0)      5  : 0.3520 0.6480
412      412   (0)      5  : 0.1710 0.8290
413      413   (0)      5  : 0.2640 0.7360
414      414   (0)      5  : 0.2000 0.8000
415      415   (0)      5  : 0.1312 0.8688
416      416   (0)      5  : 0.2150 0.7850
417      417   (0)      5  : 0.1658 0.8342
418      418   (0)      5  : 0.2550 0.7450
419      419   (0)      5  : 0.1064 0.8936
420      420   (0)      5  : 0.2950 0.7050
421      421   (0)      5  : 0.3740 0.6260
422      422   (0)      5  : 0.0988 0.9012
423      423   (0)      5  : 0.3130 0.6870
424      424   (0)      5  : 0.3550 0.6450
425      425   (0)      5  : 0.0772 0.9228
426      426   (0)      5  : 0.2850 0.7150
427      427   (0)      5  : 0.2732 0.7268
428      428   (0)      5  : 0.4174 0.5826
429      429   (0)      5  : 0.2026 0.7974
430      430   (0)      5  : 0.2850 0.7150
431      431   (0)      5  : 0.3940 0.6060
432      432   (0)      5  : 0.2242 0.7758
433      433   (0)      5  : 0.2402 0.7598
434      434   (0)      5  : 0.3470 0.6530
435      435   (0)      5  : 0.4010 0.5990
436      436   (0)      5  : 0.2340 0.7660
437      437   (0)      5  : 0.4010 0.5990
438      438   (0)      5  : 0.2280 0.7720
439      439   (0)      5  : 0.3508 0.6492
440      440   (0)      5  : 0.2736 0.7264
441      441   (0)      5  : 0.3214 0.6786
442      442   (0)      5  : 0.1104 0.8896
443      443   (0)      5  : 0.3826 0.6174
444      444   (0)      5  : 0.1580 0.8420
445      445   (0)      5  : 0.1390 0.8610
446      446   (0)      5  : 0.2830 0.7170
447      447   (0)      5  : 0.3632 0.6368
448      448   (0)      5  : 0.1660 0.8340
449      449   (0)      5  : 0.2560 0.7440
450      450   (0)      5  : 0.1640 0.8360
451      451   (0)      5  : 0.3960 0.6040
452      452   (0)      5  : 0.2090 0.7910
453      453   (0)      5  : 0.1110 0.8890
454      454   (0)      5  : 0.2200 0.7800
455      455   (0)      5  : 0.3254 0.6746
456      456   (0)      5  : 0.2800 0.7200
457      457   (0)      5  : 0.2450 0.7550
458      458   (0)      5  : 0.2122 0.7878
459      459   (0)      5  : 0.2110 0.7890
460      460   (0)      5  : 0.2160 0.7840
461      461   (0)      5  : 0.1530 0.8470
462      462   (0)      5  : 0.1720 0.8280
463      463   (0)      5  : 0.0894 0.9106
464      464   (0)      5  : 0.1150 0.8850
465      465   (0)      5  : 0.3432 0.6568
466      466   (0)      5  : 0.2130 0.7870
467      467   (0)      5  : 0.0670 0.9330
468      468   (0)      5  : 0.1574 0.8426
469      469   (0)      5  : 0.2140 0.7860
470      470   (0)      5  : 0.1846 0.8154
471      471   (0)      5  : 0.2820 0.7180
472      472   (0)      5  : 0.0898 0.9102
473      473   (0)      5  : 0.2642 0.7358
474      474   (0)      5  : 0.2478 0.7522
475      475   (0)      5  : 0.1740 0.8260
476      476   (0)      5  : 0.2164 0.7836
477      477   (0)      5  : 0.1644 0.8356
478      478   (0)      5  : 0.2482 0.7518
479      479   (0)      5  : 0.1280 0.8720
480      480   (0)      5  : 0.1746 0.8254
481      481   (0)      5  : 0.2840 0.7160
482      482   (0)      5  : 0.2356 0.7644
483      483   (0)      5  : 0.1644 0.8356
484      484   (0)      5  : 0.2770 0.7230
485      485   (0)      5  : 0.1360 0.8640
486      486   (0)      5  : 0.3130 0.6870
487      487   (0)      5  : 0.3380 0.6620
488      488   (0)      5  : 0.1020 0.8980
489      489   (0)      5  : 0.2500 0.7500
490      490   (0)      5  : 0.2000 0.8000
491      491   (0)      5  : 0.1260 0.8740
492      492   (0)      5  : 0.2970 0.7030
493      493   (0)      5  : 0.2780 0.7220
494      494   (0)      5  : 0.3760 0.6240
495      495   (0)      5  : 0.2638 0.7362
496      496   (0)      5  : 0.3674 0.6326
497      497   (0)      5  : 0.2990 0.7010
498      498   (0)      5  : 0.3070 0.6930
499      499   (0)      5  : 0.3440 0.6560
500      500   (0)      5  : 0.2460 0.7540
501      501   (0)      6  : 0.0360 0.9640
502      502   (0)      6  : 0.1570 0.8430
503      503   (0)      6  : 0.1320 0.8680
504      504   (0)      6  : 0.1240 0.8760
505      505   (0)      6  : 0.1230 0.8770
506      506   (0)      6  : 0.0190 0.9810
507      507   (0)      6  : 0.1230 0.8770
508      508   (0)      6  : 0.2080 0.7920
509      509   (0)      6  : 0.0310 0.9690
510      510   (0)      6  : 0.1030 0.8970
511      511   (0)      6  : 0.1530 0.8470
512      512   (0)      6  : 0.1568 0.8432
513      513   (0)      6  : 0.0382 0.9618
514      514   (0)      6  : 0.0896 0.9104
515      515   (0)      6  : 0.0310 0.9690
516      516   (0)      6  : 0.0972 0.9028
517      517   (0)      6  : 0.1580 0.8420
518      518   (0)      6  : 0.1790 0.8210
519      519   (0)      6  : 0.0440 0.9560
520      520   (0)      6  : 0.0398 0.9602
521      521   (0)      6  : 0.1340 0.8660
522      522   (0)      6  : 0.0280 0.9720
523      523   (0)      6  : 0.0740 0.9260
524      524   (0)      6  : 0.0310 0.9690
525      525   (0)      6  : 0.2110 0.7890
526      526   (0)      6  : 0.1038 0.8962
527      527   (0)      6  : 0.1100 0.8900
528      528   (0)      6  : 0.0180 0.9820
529      529   (0)      6  : 0.0370 0.9630
530      530   (0)      6  : 0.0350 0.9650
531      531   (0)      6  : 0.0448 0.9552
532      532   (0)      6  : 0.1576 0.8424
533      533   (0)      6  : 0.1420 0.8580
534      534   (0)      6  : 0.0796 0.9204
535      535   (0)      6  : 0.0356 0.9644
536      536   (0)      6  : 0.0460 0.9540
537      537   (0)      6  : 0.1350 0.8650
538      538   (0)      6  : 0.0562 0.9438
539      539   (0)      6  : 0.1016 0.8984
540      540   (0)      6  : 0.0560 0.9440
541      541   (0)      6  : 0.1170 0.8830
542      542   (0)      6  : 0.0290 0.9710
543      543   (0)      6  : 0.0190 0.9810
544      544   (0)      6  : 0.0300 0.9700
545      545   (0)      6  : 0.1700 0.8300
546      546   (0)      6  : 0.0460 0.9540
547      547   (0)      6  : 0.0370 0.9630
548      548   (0)      6  : 0.0690 0.9310
549      549   (0)      6  : 0.1840 0.8160
550      550   (0)      6  : 0.0700 0.9300
551      551   (0)      6  : 0.1510 0.8490
552      552   (0)      6  : 0.1030 0.8970
553      553   (0)      6  : 0.1970 0.8030
554      554   (0)      6  : 0.0830 0.9170
555      555   (0)      6  : 0.0632 0.9368
556      556   (0)      6  : 0.0370 0.9630
557      557   (0)      6  : 0.0310 0.9690
558      558   (0)      6  : 0.1476 0.8524
559      559   (0)      6  : 0.0360 0.9640
560      560   (0)      6  : 0.0230 0.9770
561      561   (0)      6  : 0.0380 0.9620
562      562   (0)      6  : 0.0500 0.9500
563      563   (0)      6  : 0.1420 0.8580
564      564   (0)      6  : 0.1528 0.8472
565      565   (0)      6  : 0.0400 0.9600
566      566   (0)      6  : 0.0688 0.9312
567      567   (0)      6  : 0.0438 0.9562
568      568   (0)      6  : 0.1562 0.8438
569      569   (0)      6  : 0.1160 0.8840
570      570   (0)      6  : 0.0350 0.9650
571      571   (0)      6  : 0.2036 0.7964
572      572   (0)      6  : 0.0824 0.9176
573      573   (0)      6  : 0.1118 0.8882
574      574   (0)      6  : 0.2562 0.7438
575      575   (0)      6  : 0.0950 0.9050
576      576   (0)      6  : 0.1380 0.8620
577      577   (0)      6  : 0.2384 0.7616
578      578   (0)      6  : 0.1304 0.8696
579      579   (0)      6  : 0.1704 0.8296
580      580   (0)      6  : 0.1290 0.8710
581      581   (0)      6  : 0.2788 0.7212
582      582   (0)      6  : 0.0240 0.9760
583      583   (0)      6  : 0.0620 0.9380
584      584   (0)      6  : 0.2260 0.7740
585      585   (0)      6  : 0.0370 0.9630
586      586   (0)      6  : 0.0776 0.9224
587      587   (0)      6  : 0.1136 0.8864
588      588   (0)      6  : 0.0370 0.9630
589      589   (0)      6  : 0.2978 0.7022
590      590   (0)      6  : 0.2244 0.7756
591      591   (0)      6  : 0.0990 0.9010
592      592   (0)      6  : 0.1736 0.8264
593      593   (0)      6  : 0.0360 0.9640
594      594   (0)      6  : 0.1342 0.8658
595      595   (0)      6  : 0.0398 0.9602
596      596   (0)      6  : 0.0900 0.9100
597      597   (0)      6  : 0.0230 0.9770
598      598   (0)      6  : 0.1524 0.8476
599      599   (0)      6  : 0.2330 0.7670
600      600   (0)      6  : 0.1480 0.8520
601      601   (5)      7  : 0.0238 0.9762
602      602   (0)      7  : 0.0380 0.9620
603      603   (0)      7  : 0.0180 0.9820
604      604   (0)      7  : 0.0514 0.9486
605      605   (0)      7  : 0.0190 0.9810
606      606   (0)      7  : 0.0220 0.9780
607      607   (0)      7  : 0.0150 0.9850
608      608   (0)      7  : 0.0300 0.9700
609      609   (0)      7  : 0.0200 0.9800
610      610   (0)      7  : 0.0340 0.9660
611      611   (0)      7  : 0.0140 0.9860
612      612   (0)      7  : 0.0170 0.9830
613      613   (0)      7  : 0.0330 0.9670
614      614   (5)      7  : 0.0140 0.9860
615      615   (0)      7  : 0.0200 0.9800
616      616   (0)      7  : 0.0160 0.9840
617      617   (0)      7  : 0.0200 0.9800
618      618   (0)      7  : 0.0260 0.9740
619      619   (0)      7  : 0.0252 0.9748
620      620   (0)      7  : 0.0170 0.9830
621      621   (0)      7  : 0.0170 0.9830
622      622   (0)      7  : 0.0220 0.9780
623      623   (0)      7  : 0.0150 0.9850
624      624   (0)      7  : 0.0130 0.9870
625      625   (0)      7  : 0.0130 0.9870
626      626   (0)      7  : 0.0170 0.9830
627      627   (0)      7  : 0.0160 0.9840
628      628   (0)      7  : 0.0170 0.9830
629      629   (0)      8  : 0.0320 0.9680
630      630   (0)      8  : 0.0170 0.9830
631      631   (0)      8  : 0.0180 0.9820
632      632   (0)      8  : 0.0160 0.9840
633      633   (0)      8  : 0.0218 0.9782
634      634   (0)      8  : 0.0200 0.9800
635      635   (0)      8  : 0.0190 0.9810
636      636   (0)      8  : 0.0170 0.9830
637      637   (0)      8  : 0.0150 0.9850
638      638   (0)      8  : 0.0220 0.9780
639      639   (0)      8  : 0.0142 0.9858
640      640   (0)      8  : 0.0160 0.9840
641      641   (0)      8  : 0.0240 0.9760
642      642   (0)      8  : 0.0220 0.9780
643      643   (0)      8  : 0.0220 0.9780
644      644   (0)      8  : 0.0170 0.9830
645      645   (0)      8  : 0.0210 0.9790
646      646   (0)      8  : 0.0180 0.9820
647      647   (0)      8  : 0.0190 0.9810
648      648   (0)      8  : 0.0150 0.9850
649      649   (0)      8  : 0.0170 0.9830
650      650   (0)      8  : 0.0200 0.9800
651      651   (0)      8  : 0.0210 0.9790
652      652   (0)      8  : 0.0206 0.9794
653      653   (0)      8  : 0.0150 0.9850
654      654   (0)      8  : 0.0278 0.9722
655      655   (0)      8  : 0.0160 0.9840
656      656   (0)      8  : 0.0150 0.9850
657      657   (0)      8  : 0.0140 0.9860
658      658   (0)      8  : 0.0220 0.9780
659      659   (0)      8  : 0.0200 0.9800
660      660   (0)      8  : 0.0220 0.9780
661      661   (0)      8  : 0.0372 0.9628
662      662   (0)      8  : 0.0158 0.9842
663      663   (0)      8  : 0.0224 0.9776
664      664   (0)      8  : 0.0170 0.9830
665      665   (0)      8  : 0.0120 0.9880
666      666   (0)      8  : 0.0420 0.9580
667      667   (0)      8  : 0.0290 0.9710
668      668   (0)      8  : 0.0190 0.9810
669      669   (0)      8  : 0.0230 0.9770
670      670   (0)      8  : 0.0150 0.9850
671      671   (0)      8  : 0.0420 0.9580
672      672   (0)      8  : 0.0210 0.9790
673      673   (0)      8  : 0.0160 0.9840
674      674   (0)      8  : 0.0158 0.9842
675      675   (0)      8  : 0.0300 0.9700
676      676   (0)      8  : 0.0270 0.9730
677      677   (0)      8  : 0.0260 0.9740
678      678   (0)      8  : 0.0250 0.9750
679      679   (0)      8  : 0.0230 0.9770
680      680   (0)      8  : 0.0240 0.9760
681      681   (0)      8  : 0.0160 0.9840
682      682   (0)      8  : 0.0150 0.9850
683      683   (0)      8  : 0.0160 0.9840
684      684   (0)      8  : 0.0210 0.9790
685      685   (0)      8  : 0.0200 0.9800
686      686   (0)      8  : 0.0132 0.9868
687      687   (0)      8  : 0.0210 0.9790
688      688   (0)      8  : 0.0190 0.9810
689      689   (0)      8  : 0.0348 0.9652
690      690   (0)      8  : 0.0160 0.9840
691      691   (0)      8  : 0.0140 0.9860
692      692   (0)      8  : 0.0168 0.9832
693      693   (0)      8  : 0.0170 0.9830
694      694   (0)      8  : 0.0140 0.9860
695      695   (0)      8  : 0.0192 0.9808
696      696   (0)      8  : 0.0330 0.9670
697      697   (0)      8  : 0.0140 0.9860
698      698   (0)      8  : 0.0160 0.9840
699      699   (0)      8  : 0.0160 0.9840
700      700   (0)      8  : 0.0210 0.9790
