   1        1   (5)      1 :  0.9824 0.0176 
   2        2   (5)      1 :  0.9620 0.0380 
   3        3   (5)      1 :  0.9900 0.0100 
   4        4   (0)      1 :  0.9930 0.0070 
   5        5   (0)      1 :  0.9676 0.0324 
   6        6   (0)      1 :  0.9880 0.0120 
   7        7   (0)      1 :  0.9014 0.0986 
   8        8   (5)      1 :  0.9910 0.0090 
   9        9   (0)      1 :  0.9920 0.0080 
  10       10   (0)      1 :  0.9670 0.0330 
  11       11   (0)      1 :  0.9830 0.0170 
  12       12   (0)      1 :  0.9792 0.0208 
  13       13   (0)      1 :  0.9910 0.0090 
  14       14   (0)      1 :  0.9860 0.0140 
  15       15   (0)      1 :  0.9872 0.0128 
  16       16   (0)      1 :  0.9930 0.0070 
  17       17   (0)      1 :  0.9920 0.0080 
  18       18   (0)      1 :  0.9780 0.0220 
  19       19   (0)      1 :  0.9920 0.0080 
  20       20   (0)      1 :  0.9460 0.0540 
  21       21   (0)      1 :  0.9920 0.0080 
  22       22   (0)      1 :  0.9930 0.0070 
  23       23   (0)      1 :  0.9930 0.0070 
  24       24   (0)      1 :  0.9910 0.0090 
  25       25   (0)      1 :  0.9634 0.0366 
  26       26   (0)      1 :  0.9910 0.0090 
  27       27   (5)      1 :  0.9690 0.0310 
  28       28   (0)      1 :  0.9830 0.0170 
  29       29   (0)      1 :  0.9910 0.0090 
  30       30   (0)      1 :  0.9676 0.0324 
  31       31   (0)      1 :  0.9900 0.0100 
  32       32   (0)      1 :  0.9870 0.0130 
  33       33   (0)      1 :  0.9934 0.0066 
  34       34   (0)      1 :  0.9930 0.0070 
  35       35   (0)      1 :  0.9750 0.0250 
  36       36   (0)      1 :  0.9760 0.0240 
  37       37   (0)      1 :  0.9790 0.0210 
  38       38   (0)      1 :  0.9866 0.0134 
  39       39   (0)      1 :  0.9620 0.0380 
  40       40   (0)      1 :  0.9880 0.0120 
  41       41   (0)      1 :  0.9880 0.0120 
  42       42   (0)      1 :  0.9940 0.0060 
  43       43   (0)      1 :  0.9880 0.0120 
  44       44   (0)      1 :  0.9920 0.0080 
  45       45   (5)      1 :  0.9780 0.0220 
  46       46   (0)      1 :  0.9930 0.0070 
  47       47   (0)      1 :  0.9850 0.0150 
  48       48   (0)      1 :  0.9860 0.0140 
  49       49   (0)      1 :  0.9840 0.0160 
  50       50   (0)      1 :  0.9880 0.0120 
  51       51   (0)      1 :  0.9860 0.0140 
  52       52   (0)      1 :  0.9634 0.0366 
  53       53   (0)      1 :  0.9890 0.0110 
  54       54   (0)      1 :  0.9860 0.0140 
  55       55   (0)      1 :  0.9860 0.0140 
  56       56   (0)      1 :  0.9900 0.0100 
  57       57  (10)      1 :  0.9900 0.0100 
  58       58   (5)      1 :  0.9828 0.0172 
  59       59   (0)      1 :  0.9870 0.0130 
  60       60   (0)      1 :  0.9890 0.0110 
  61       61   (0)      1 :  0.9840 0.0160 
  62       62   (0)      1 :  0.9800 0.0200 
  63       63   (0)      1 :  0.9840 0.0160 
  64       64   (0)      1 :  0.9870 0.0130 
  65       65   (0)      1 :  0.9598 0.0402 
  66       66   (0)      1 :  0.9910 0.0090 
  67       67   (5)      1 :  0.9860 0.0140 
  68       68   (0)      1 :  0.9670 0.0330 
  69       69   (0)      1 :  0.9798 0.0202 
  70       70   (0)      1 :  0.9850 0.0150 
  71       71   (5)      1 :  0.9820 0.0180 
  72       72   (0)      1 :  0.9860 0.0140 
  73       73   (5)      1 :  0.9870 0.0130 
  74       74  (10)      1 :  0.9800 0.0200 
  75       75  (10)      1 :  0.9880 0.0120 
  76       76   (0)      1 :  0.9910 0.0090 
  77       77  (10)      1 :  0.9880 0.0120 
  78       78   (0)      1 :  0.9880 0.0120 
  79       79   (5)      1 :  0.9870 0.0130 
  80       80   (0)      1 :  0.9910 0.0090 
  81       81   (0)      1 :  0.9920 0.0080 
  82       82   (0)      1 :  0.9920 0.0080 
  83       83   (0)      1 :  0.9750 0.0250 
  84       84   (0)      1 :  0.9782 0.0218 
  85       85   (0)      1 :  0.9910 0.0090 
  86       86   (5)      1 :  0.9900 0.0100 
  87       87   (0)      1 :  0.9890 0.0110 
  88       88   (0)      1 :  0.9470 0.0530 
  89       89   (0)      1 :  0.9880 0.0120 
  90       90   (0)      1 :  0.9830 0.0170 
  91       91   (0)      1 :  0.9840 0.0160 
  92       92   (0)      1 :  0.9790 0.0210 
  93       93   (0)      1 :  0.9920 0.0080 
  94       94   (5)      1 :  0.9890 0.0110 
  95       95   (0)      1 :  0.9890 0.0110 
  96       96   (5)      1 :  0.9910 0.0090 
  97       97   (0)      1 :  0.9710 0.0290 
  98       98   (0)      1 :  0.9850 0.0150 
  99       99   (5)      1 :  0.9900 0.0100 
 100      100   (5)      1 :  0.9920 0.0080 
 101      101   (0)      2 :  0.9900 0.0100 
 102      102   (0)      2 :  0.9876 0.0124 
 103      103   (0)      2 :  0.9940 0.0060 
 104      104   (0)      2 :  0.9890 0.0110 
 105      105   (0)      2 :  0.9860 0.0140 
 106      106   (0)      2 :  0.9900 0.0100 
 107      107   (0)      2 :  0.9900 0.0100 
 108      108   (0)      2 :  0.9890 0.0110 
 109      109   (0)      2 :  0.9900 0.0100 
 110      110   (0)      2 :  0.9776 0.0224 
 111      111   (0)      2 :  0.9780 0.0220 
 112      112   (0)      2 :  0.9900 0.0100 
 113      113   (0)      2 :  0.9920 0.0080 
 114      114   (0)      2 :  0.9870 0.0130 
 115      115   (0)      2 :  0.9880 0.0120 
 116      116   (0)      2 :  0.9910 0.0090 
 117      117   (0)      2 :  0.9930 0.0070 
 118      118   (0)      2 :  0.9900 0.0100 
 119      119   (0)      2 :  0.9870 0.0130 
 120      120   (0)      2 :  0.9840 0.0160 
 121      121   (0)      2 :  0.9850 0.0150 
 122      122   (0)      2 :  0.9910 0.0090 
 123      123   (0)      2 :  0.9850 0.0150 
 124      124   (0)      2 :  0.9930 0.0070 
 125      125   (0)      2 :  0.9850 0.0150 
 126      126   (0)      2 :  0.9700 0.0300 
 127      127   (0)      2 :  0.9920 0.0080 
 128      128   (0)      2 :  0.9840 0.0160 
 129      129   (0)      2 :  0.9650 0.0350 
 130      130   (0)      2 :  0.9820 0.0180 
 131      131   (0)      2 :  0.9790 0.0210 
 132      132   (0)      2 :  0.9900 0.0100 
 133      133   (0)      2 :  0.9870 0.0130 
 134      134   (0)      2 :  0.9830 0.0170 
 135      135   (0)      2 :  0.9840 0.0160 
 136      136   (0)      2 :  0.9920 0.0080 
 137      137   (0)      2 :  0.9920 0.0080 
 138      138   (0)      2 :  0.9910 0.0090 
 139      139   (0)      2 :  0.9870 0.0130 
 140      140   (0)      2 :  0.9878 0.0122 
 141      141   (0)      2 :  0.9800 0.0200 
 142      142   (0)      2 :  0.9790 0.0210 
 143      143   (0)      2 :  0.9480 0.0520 
 144      144   (0)      2 :  0.9730 0.0270 
 145      145   (0)      2 :  0.9810 0.0190 
 146      146   (0)      2 :  0.9580 0.0420 
 147      147   (0)      2 :  0.9810 0.0190 
 148      148   (0)      2 :  0.9890 0.0110 
 149      149   (0)      2 :  0.9430 0.0570 
 150      150   (0)      2 :  0.9200 0.0800 
 151      151   (0)      2 :  0.9880 0.0120 
 152      152   (0)      2 :  0.9880 0.0120 
 153      153   (0)      2 :  0.9920 0.0080 
 154      154   (0)      2 :  0.9906 0.0094 
 155      155   (0)      2 :  0.9930 0.0070 
 156      156   (0)      2 :  0.9890 0.0110 
 157      157   (0)      2 :  0.9740 0.0260 
 158      158   (0)      2 :  0.9890 0.0110 
 159      159   (0)      2 :  0.9900 0.0100 
 160      160   (0)      2 :  0.9840 0.0160 
 161      161   (0)      2 :  0.9780 0.0220 
 162      162   (0)      2 :  0.9670 0.0330 
 163      163   (0)      2 :  0.9880 0.0120 
 164      164   (0)      2 :  0.9930 0.0070 
 165      165   (0)      2 :  0.9890 0.0110 
 166      166   (0)      2 :  0.9802 0.0198 
 167      167   (0)      2 :  0.9930 0.0070 
 168      168   (0)      2 :  0.9790 0.0210 
 169      169   (0)      2 :  0.9834 0.0166 
 170      170   (0)      2 :  0.9800 0.0200 
 171      171   (0)      2 :  0.9916 0.0084 
 172      172   (0)      2 :  0.9890 0.0110 
 173      173   (0)      2 :  0.9870 0.0130 
 174      174   (0)      2 :  0.9824 0.0176 
 175      175   (0)      2 :  0.9890 0.0110 
 176      176   (0)      2 :  0.9840 0.0160 
 177      177   (0)      2 :  0.9860 0.0140 
 178      178   (0)      2 :  0.9728 0.0272 
 179      179   (0)      2 :  0.9860 0.0140 
 180      180   (0)      2 :  0.9890 0.0110 
 181      181   (0)      2 :  0.9890 0.0110 
 182      182   (0)      2 :  0.9890 0.0110 
 183      183   (0)      2 :  0.9930 0.0070 
 184      184   (0)      2 :  0.9804 0.0196 
 185      185   (0)      2 :  0.9870 0.0130 
 186      186   (0)      2 :  0.9800 0.0200 
 187      187   (0)      2 :  0.9950 0.0050 
 188      188   (0)      2 :  0.9910 0.0090 
 189      189   (0)      2 :  0.9930 0.0070 
 190      190   (0)      2 :  0.9910 0.0090 
 191      191   (0)      2 :  0.9780 0.0220 
 192      192   (0)      2 :  0.9890 0.0110 
 193      193   (0)      2 :  0.9940 0.0060 
 194      194   (0)      2 :  0.9800 0.0200 
 195      195   (0)      2 :  0.9580 0.0420 
 196      196   (0)      2 :  0.9890 0.0110 
 197      197   (0)      2 :  0.9870 0.0130 
 198      198   (0)      2 :  0.9850 0.0150 
 199      199   (0)      2 :  0.9770 0.0230 
 200      200   (0)      2 :  0.9940 0.0060 
 201      201   (0)      2 :  0.9870 0.0130 
 202      202   (0)      2 :  0.9940 0.0060 
 203      203   (0)      2 :  0.9890 0.0110 
 204      204   (0)      2 :  0.9890 0.0110 
 205      205   (0)      2 :  0.9880 0.0120 
 206      206   (0)      2 :  0.9940 0.0060 
 207      207   (0)      2 :  0.9900 0.0100 
 208      208   (0)      2 :  0.9940 0.0060 
 209      209   (0)      2 :  0.9890 0.0110 
 210      210   (0)      2 :  0.9700 0.0300 
 211      211   (0)      2 :  0.9930 0.0070 
 212      212   (0)      2 :  0.9830 0.0170 
 213      213   (0)      2 :  0.9830 0.0170 
 214      214   (0)      2 :  0.9900 0.0100 
 215      215   (0)      2 :  0.9920 0.0080 
 216      216   (0)      2 :  0.9910 0.0090 
 217      217   (0)      2 :  0.9920 0.0080 
 218      218   (0)      2 :  0.9860 0.0140 
 219      219   (0)      2 :  0.9870 0.0130 
 220      220   (0)      2 :  0.9920 0.0080 
 221      221   (0)      2 :  0.9910 0.0090 
 222      222   (0)      2 :  0.9910 0.0090 
 223      223   (0)      2 :  0.9880 0.0120 
 224      224   (0)      2 :  0.9930 0.0070 
 225      225   (0)      2 :  0.9840 0.0160 
 226      226   (0)      2 :  0.9910 0.0090 
 227      227   (0)      2 :  0.9920 0.0080 
 228      228   (0)      2 :  0.9850 0.0150 
 229      229   (0)      2 :  0.9870 0.0130 
 230      230   (0)      2 :  0.9910 0.0090 
 231      231   (0)      2 :  0.9890 0.0110 
 232      232   (0)      2 :  0.9850 0.0150 
 233      233   (0)      2 :  0.9840 0.0160 
 234      234   (0)      2 :  0.9910 0.0090 
 235      235   (0)      2 :  0.9930 0.0070 
 236      236   (0)      2 :  0.9890 0.0110 
 237      237   (0)      2 :  0.9920 0.0080 
 238      238   (0)      2 :  0.9730 0.0270 
 239      239   (0)      2 :  0.9780 0.0220 
 240      240   (0)      2 :  0.9750 0.0250 
 241      241   (0)      2 :  0.9940 0.0060 
 242      242   (0)      2 :  0.9920 0.0080 
 243      243   (0)      2 :  0.9890 0.0110 
 244      244   (0)      2 :  0.9910 0.0090 
 245      245   (0)      2 :  0.9900 0.0100 
 246      246   (0)      2 :  0.9850 0.0150 
 247      247   (0)      2 :  0.9920 0.0080 
 248      248   (0)      2 :  0.9920 0.0080 
 249      249   (0)      2 :  0.9720 0.0280 
 250      250   (0)      2 :  0.9680 0.0320 
 251      251   (0)      2 :  0.9930 0.0070 
 252      252   (0)      2 :  0.9818 0.0182 
 253      253   (0)      2 :  0.9930 0.0070 
 254      254   (0)      2 :  0.9750 0.0250 
 255      255   (0)      2 :  0.9880 0.0120 
 256      256   (0)      2 :  0.9870 0.0130 
 257      257   (0)      2 :  0.9908 0.0092 
 258      258   (0)      2 :  0.9890 0.0110 
 259      259   (0)      2 :  0.9810 0.0190 
 260      260   (0)      2 :  0.9810 0.0190 
 261      261   (0)      2 :  0.9900 0.0100 
 262      262   (0)      2 :  0.9900 0.0100 
 263      263   (0)      2 :  0.9810 0.0190 
 264      264   (0)      2 :  0.9880 0.0120 
 265      265   (0)      2 :  0.9900 0.0100 
 266      266   (0)      2 :  0.9790 0.0210 
 267      267   (0)      2 :  0.9890 0.0110 
 268      268   (0)      2 :  0.9170 0.0830 
 269      269   (0)      2 :  0.8930 0.1070 
 270      270   (0)      2 :  0.9890 0.0110 
 271      271   (0)      2 :  0.9890 0.0110 
 272      272   (0)      2 :  0.9800 0.0200 
 273      273   (0)      2 :  0.9930 0.0070 
 274      274   (0)      2 :  0.9920 0.0080 
 275      275   (0)      2 :  0.9880 0.0120 
 276      276   (0)      2 :  0.9860 0.0140 
 277      277   (0)      2 :  0.9710 0.0290 
 278      278   (0)      2 :  0.9840 0.0160 
 279      279   (0)      2 :  0.9870 0.0130 
 280      280   (0)      2 :  0.9920 0.0080 
 281      281   (0)      2 :  0.9910 0.0090 
 282      282   (0)      2 :  0.9796 0.0204 
 283      283   (0)      2 :  0.9930 0.0070 
 284      284   (0)      2 :  0.9900 0.0100 
 285      285   (0)      2 :  0.9860 0.0140 
 286      286   (0)      2 :  0.9910 0.0090 
 287      287   (0)      2 :  0.9888 0.0112 
 288      288   (0)      2 :  0.9830 0.0170 
 289      289   (0)      2 :  0.9920 0.0080 
 290      290   (0)      2 :  0.9872 0.0128 
 291      291   (0)      2 :  0.9820 0.0180 
 292      292   (0)      2 :  0.9940 0.0060 
 293      293   (0)      2 :  0.9790 0.0210 
 294      294   (0)      2 :  0.9870 0.0130 
 295      295   (0)      2 :  0.9860 0.0140 
 296      296   (0)      2 :  0.9920 0.0080 
 297      297   (0)      2 :  0.9910 0.0090 
 298      298   (0)      2 :  0.9910 0.0090 
 299      299   (0)      2 :  0.9870 0.0130 
 300      300   (0)      2 :  0.9890 0.0110 
 301      301   (0)      2 :  0.9900 0.0100 
 302      302   (0)      2 :  0.9880 0.0120 
 303      303   (0)      2 :  0.9750 0.0250 
 304      304   (0)      2 :  0.9880 0.0120 
 305      305   (0)      2 :  0.9870 0.0130 
 306      306   (0)      2 :  0.9900 0.0100 
 307      307   (0)      2 :  0.8810 0.1190 
 308      308   (0)      2 :  0.9900 0.0100 
 309      309   (0)      2 :  0.9920 0.0080 
 310      310   (0)      2 :  0.9900 0.0100 
 311      311   (0)      2 :  0.9830 0.0170 
 312      312   (0)      2 :  0.9860 0.0140 
 313      313   (0)      2 :  0.9790 0.0210 
 314      314   (0)      2 :  0.9890 0.0110 
 315      315   (0)      2 :  0.9890 0.0110 
 316      316   (0)      2 :  0.9930 0.0070 
 317      317   (0)      2 :  0.9850 0.0150 
 318      318   (0)      2 :  0.9620 0.0380 
 319      319   (0)      2 :  0.9780 0.0220 
 320      320   (0)      2 :  0.9850 0.0150 
 321      321   (0)      2 :  0.9930 0.0070 
 322      322   (0)      2 :  0.9456 0.0544 
 323      323   (0)      2 :  0.9770 0.0230 
 324      324   (0)      2 :  0.9910 0.0090 
 325      325   (0)      2 :  0.9750 0.0250 
 326      326   (0)      2 :  0.9790 0.0210 
 327      327   (0)      2 :  0.9870 0.0130 
 328      328   (0)      2 :  0.9930 0.0070 
 329      329   (0)      2 :  0.9820 0.0180 
 330      330   (0)      2 :  0.9760 0.0240 
 331      331   (0)      2 :  0.9900 0.0100 
 332      332   (0)      2 :  0.9870 0.0130 
 333      333   (0)      2 :  0.9920 0.0080 
 334      334   (0)      2 :  0.9910 0.0090 
 335      335   (0)      2 :  0.9780 0.0220 
 336      336   (0)      2 :  0.9900 0.0100 
 337      337   (0)      2 :  0.9940 0.0060 
 338      338   (0)      2 :  0.9870 0.0130 
 339      339   (0)      2 :  0.9920 0.0080 
 340      340   (0)      2 :  0.9930 0.0070 
 341      341   (0)      2 :  0.9930 0.0070 
 342      342   (0)      2 :  0.9910 0.0090 
 343      343   (0)      2 :  0.9716 0.0284 
 344      344   (0)      2 :  0.9940 0.0060 
 345      345   (0)      2 :  0.9910 0.0090 
 346      346   (0)      2 :  0.9830 0.0170 
 347      347   (0)      2 :  0.9910 0.0090 
 348      348   (0)      2 :  0.9870 0.0130 
 349      349   (0)      2 :  0.9850 0.0150 
 350      350   (0)      2 :  0.9860 0.0140 
 351      351   (0)      2 :  0.9920 0.0080 
 352      352   (0)      2 :  0.9904 0.0096 
 353      353   (0)      2 :  0.9530 0.0470 
 354      354   (0)      2 :  0.9716 0.0284 
 355      355   (0)      2 :  0.9840 0.0160 
 356      356   (0)      2 :  0.9900 0.0100 
 357      357   (0)      2 :  0.9830 0.0170 
 358      358   (0)      2 :  0.9860 0.0140 
 359      359   (0)      2 :  0.9410 0.0590 
 360      360   (0)      2 :  0.9780 0.0220 
 361      361   (0)      2 :  0.9820 0.0180 
 362      362   (0)      2 :  0.9840 0.0160 
 363      363   (0)      2 :  0.9920 0.0080 
 364      364   (0)      2 :  0.9900 0.0100 
 365      365   (0)      2 :  0.9810 0.0190 
 366      366   (0)      2 :  0.9848 0.0152 
 367      367   (0)      2 :  0.9830 0.0170 
 368      368   (0)      2 :  0.9910 0.0090 
 369      369   (0)      2 :  0.9880 0.0120 
 370      370   (0)      2 :  0.9836 0.0164 
 371      371   (0)      2 :  0.9870 0.0130 
 372      372   (0)      2 :  0.9920 0.0080 
 373      373   (0)      2 :  0.9640 0.0360 
 374      374   (0)      2 :  0.9920 0.0080 
 375      375   (0)      2 :  0.9910 0.0090 
 376      376   (0)      2 :  0.9860 0.0140 
 377      377   (0)      2 :  0.9920 0.0080 
 378      378   (0)      2 :  0.9920 0.0080 
 379      379   (0)      2 :  0.9900 0.0100 
 380      380   (0)      2 :  0.9650 0.0350 
 381      381   (0)      2 :  0.9930 0.0070 
 382      382   (0)      2 :  0.9900 0.0100 
 383      383   (0)      2 :  0.9910 0.0090 
 384      384   (0)      2 :  0.9900 0.0100 
 385      385   (0)      2 :  0.7390 0.2610 
 386      386   (0)      2 :  0.9940 0.0060 
 387      387   (0)      2 :  0.9826 0.0174 
 388      388   (0)      2 :  0.9760 0.0240 
 389      389   (0)      2 :  0.9892 0.0108 
 390      390   (0)      2 :  0.9860 0.0140 
 391      391   (0)      2 :  0.9920 0.0080 
 392      392   (0)      2 :  0.9680 0.0320 
 393      393   (0)      2 :  0.9552 0.0448 
 394      394   (0)      2 :  0.9910 0.0090 
 395      395   (0)      2 :  0.9830 0.0170 
 396      396   (0)      2 :  0.9880 0.0120 
 397      397   (0)      2 :  0.9820 0.0180 
 398      398   (0)      2 :  0.9814 0.0186 
 399      399   (0)      2 :  0.9920 0.0080 
 400      400   (0)      2 :  0.9910 0.0090 
 401      401   (0)      2 :  0.9660 0.0340 
 402      402   (0)      2 :  0.9884 0.0116 
 403      403   (0)      2 :  0.9910 0.0090 
 404      404   (0)      2 :  0.9850 0.0150 
 405      405   (0)      2 :  0.9840 0.0160 
 406      406   (0)      2 :  0.9920 0.0080 
 407      407   (0)      2 :  0.9940 0.0060 
 408      408   (0)      2 :  0.9720 0.0280 
 409      409   (0)      2 :  0.9870 0.0130 
 410      410   (0)      2 :  0.9520 0.0480 
 411      411   (0)      2 :  0.9860 0.0140 
 412      412   (0)      2 :  0.9930 0.0070 
 413      413   (0)      2 :  0.9820 0.0180 
 414      414   (0)      2 :  0.9840 0.0160 
 415      415   (0)      2 :  0.9750 0.0250 
 416      416   (0)      2 :  0.9642 0.0358 
 417      417   (0)      2 :  0.9840 0.0160 
 418      418   (0)      2 :  0.9920 0.0080 
 419      419   (0)      2 :  0.9770 0.0230 
 420      420   (0)      2 :  0.9930 0.0070 
 421      421   (0)      2 :  0.9920 0.0080 
 422      422   (0)      2 :  0.9940 0.0060 
 423      423   (0)      2 :  0.9372 0.0628 
 424      424   (0)      2 :  0.9890 0.0110 
 425      425   (0)      2 :  0.9860 0.0140 
 426      426   (0)      2 :  0.9926 0.0074 
 427      427   (0)      2 :  0.9880 0.0120 
 428      428   (0)      2 :  0.9880 0.0120 
 429      429   (0)      2 :  0.9700 0.0300 
 430      430   (0)      2 :  0.9860 0.0140 
 431      431   (0)      2 :  0.9930 0.0070 
 432      432   (0)      2 :  0.9900 0.0100 
 433      433   (0)      2 :  0.9880 0.0120 
 434      434   (0)      2 :  0.9920 0.0080 
 435      435   (0)      2 :  0.9750 0.0250 
 436      436   (0)      2 :  0.9780 0.0220 
 437      437   (0)      2 :  0.9900 0.0100 
 438      438   (0)      2 :  0.9910 0.0090 
 439      439   (0)      2 :  0.9902 0.0098 
 440      440   (0)      2 :  0.9862 0.0138 
 441      441   (0)      2 :  0.9918 0.0082 
 442      442   (0)      2 :  0.9800 0.0200 
 443      443   (0)      2 :  0.9500 0.0500 
 444      444   (0)      2 :  0.9800 0.0200 
 445      445   (0)      2 :  0.9860 0.0140 
 446      446   (0)      2 :  0.9910 0.0090 
 447      447   (0)      2 :  0.9860 0.0140 
 448      448   (0)      2 :  0.9930 0.0070 
 449      449   (0)      2 :  0.9920 0.0080 
 450      450   (0)      2 :  0.9860 0.0140 
 451      451   (0)      2 :  0.9810 0.0190 
 452      452   (0)      2 :  0.9930 0.0070 
 453      453   (0)      2 :  0.9890 0.0110 
 454      454   (0)      2 :  0.9418 0.0582 
 455      455   (0)      2 :  0.9940 0.0060 
 456      456   (0)      2 :  0.9860 0.0140 
 457      457   (0)      2 :  0.9670 0.0330 
 458      458   (0)      2 :  0.9920 0.0080 
 459      459   (0)      2 :  0.9678 0.0322 
 460      460   (0)      2 :  0.9910 0.0090 
 461      461   (0)      2 :  0.9900 0.0100 
 462      462   (0)      2 :  0.9910 0.0090 
 463      463   (0)      2 :  0.9910 0.0090 
 464      464   (0)      2 :  0.9800 0.0200 
 465      465   (0)      2 :  0.9920 0.0080 
 466      466   (0)      2 :  0.9784 0.0216 
 467      467   (0)      2 :  0.9800 0.0200 
 468      468   (0)      2 :  0.9460 0.0540 
 469      469   (0)      2 :  0.9690 0.0310 
 470      470   (0)      2 :  0.9750 0.0250 
 471      471   (0)      2 :  0.9760 0.0240 
 472      472   (0)      2 :  0.9950 0.0050 
 473      473   (0)      2 :  0.9784 0.0216 
 474      474   (0)      2 :  0.9850 0.0150 
 475      475   (0)      2 :  0.9910 0.0090 
 476      476   (0)      2 :  0.9900 0.0100 
 477      477   (0)      2 :  0.9940 0.0060 
 478      478   (0)      2 :  0.9900 0.0100 
 479      479   (0)      2 :  0.9850 0.0150 
 480      480   (0)      2 :  0.9920 0.0080 
 481      481   (0)      2 :  0.9850 0.0150 
 482      482   (0)      2 :  0.9932 0.0068 
 483      483   (0)      2 :  0.9870 0.0130 
 484      484   (0)      2 :  0.9930 0.0070 
 485      485   (0)      2 :  0.9874 0.0126 
 486      486   (0)      2 :  0.9900 0.0100 
 487      487   (0)      2 :  0.9890 0.0110 
 488      488   (0)      2 :  0.9910 0.0090 
 489      489   (0)      2 :  0.9870 0.0130 
 490      490   (0)      2 :  0.9870 0.0130 
 491      491   (0)      2 :  0.9890 0.0110 
 492      492   (0)      2 :  0.9910 0.0090 
 493      493   (0)      2 :  0.9860 0.0140 
 494      494   (0)      2 :  0.9890 0.0110 
 495      495   (0)      2 :  0.9832 0.0168 
 496      496   (0)      2 :  0.9800 0.0200 
 497      497   (0)      2 :  0.9908 0.0092 
 498      498   (0)      2 :  0.9534 0.0466 
 499      499   (0)      2 :  0.9910 0.0090 
 500      500   (0)      2 :  0.9870 0.0130 
 501      501   (0)      3 :  0.8302 0.1698 
 502      502   (0)      3 :  0.9198 0.0802 
 503      503   (0)      3 :  0.8262 0.1738 
 504      504   (0)      3 :  0.8080 0.1920 
 505      505   (0)      3 :  0.8846 0.1154 
 506      506   (0)      3 :  0.8820 0.1180 
 507      507   (0)      3 :  0.8270 0.1730 
 508      508   (0)      3 :  0.9790 0.0210 
 509      509   (0)      3 :  0.9272 0.0728 
 510      510   (0)      3 :  0.7680 0.2320 
 511      511   (0)      3 :  0.8118 0.1882 
 512      512   (0)      3 :  0.8464 0.1536 
 513      513   (0)      3 :  0.9200 0.0800 
 514      514   (0)      3 :  0.9568 0.0432 
 515      515   (0)      3 :  0.8432 0.1568 
 516      516   (0)      3 :  0.9864 0.0136 
 517      517   (0)      3 :  0.9720 0.0280 
 518      518   (0)      3 :  0.9850 0.0150 
 519      519   (0)      3 :  0.8440 0.1560 
 520      520   (0)      3 :  0.6588 0.3412 
 521      521   (0)      3 :  0.9760 0.0240 
 522      522   (0)      3 :  0.9100 0.0900 
 523      523   (0)      3 :  0.9550 0.0450 
 524      524   (0)      3 :  0.9020 0.0980 
 525      525   (0)      3 :  0.9150 0.0850 
 526      526   (0)      3 :  0.9404 0.0596 
 527      527   (0)      3 :  0.8950 0.1050 
 528      528   (0)      3 :  0.8480 0.1520 
 529      529   (0)      3 :  0.8586 0.1414 
 530      530   (0)      3 :  0.9840 0.0160 
 531      531   (0)      3 :  0.9290 0.0710 
 532      532   (0)      3 :  0.9326 0.0674 
 533      533   (0)      3 :  0.7794 0.2206 
 534      534   (0)      3 :  0.9620 0.0380 
 535      535   (0)      3 :  0.9220 0.0780 
 536      536   (0)      3 :  0.9848 0.0152 
 537      537   (0)      3 :  0.9790 0.0210 
 538      538   (0)      3 :  0.5972 0.4028 
 539      539   (0)      3 :  0.8954 0.1046 
 540      540   (0)      3 :  0.9870 0.0130 
 541      541   (0)      3 :  0.9690 0.0310 
 542      542   (0)      3 :  0.7234 0.2766 
 543      543   (0)      3 :  0.7322 0.2678 
 544      544   (0)      3 :  0.9400 0.0600 
 545      545   (0)      3 :  0.9830 0.0170 
 546      546   (0)      3 :  0.6662 0.3338 
 547      547   (0)      3 :  0.9890 0.0110 
 548      548   (0)      3 :  0.8500 0.1500 
 549      549   (0)      3 :  0.9450 0.0550 
 550      550   (0)      3 :  0.9770 0.0230 
 551      551   (0)      3 :  0.9674 0.0326 
 552      552   (0)      3 :  0.9820 0.0180 
 553      553   (0)      3 :  0.9340 0.0660 
 554      554   (0)      3 :  0.8140 0.1860 
 555      555   (0)      3 :  0.9248 0.0752 
 556      556   (0)      3 :  0.8012 0.1988 
 557      557   (0)      3 :  0.9030 0.0970 
 558      558   (0)      3 :  0.8880 0.1120 
 559      559   (0)      3 :  0.7650 0.2350 
 560      560   (0)      3 :  0.9508 0.0492 
 561      561   (0)      3 :  0.9420 0.0580 
 562      562   (0)      3 :  0.8748 0.1252 
 563      563   (0)      3 :  0.8010 0.1990 
 564      564   (0)      3 :  0.9110 0.0890 
 565      565   (0)      3 :  0.7310 0.2690 
 566      566   (0)      3 :  0.9032 0.0968 
 567      567   (0)      3 :  0.8530 0.1470 
 568      568   (0)      3 :  0.9270 0.0730 
 569      569   (0)      3 :  0.9820 0.0180 
 570      570   (0)      3 :  0.9920 0.0080 
 571      571   (0)      3 :  0.8744 0.1256 
 572      572   (0)      3 :  0.8430 0.1570 
 573      573   (0)      3 :  0.9610 0.0390 
 574      574   (0)      3 :  0.9042 0.0958 
 575      575   (0)      3 :  0.9282 0.0718 
 576      576   (0)      3 :  0.8816 0.1184 
 577      577   (0)      3 :  0.9890 0.0110 
 578      578   (0)      3 :  0.9790 0.0210 
 579      579   (0)      3 :  0.9236 0.0764 
 580      580   (0)      3 :  0.9580 0.0420 
 581      581   (0)      3 :  0.7398 0.2602 
 582      582   (0)      3 :  0.9582 0.0418 
 583      583   (0)      3 :  0.9710 0.0290 
 584      584   (0)      3 :  0.7018 0.2982 
 585      585   (0)      3 :  0.8680 0.1320 
 586      586   (0)      3 :  0.8570 0.1430 
 587      587   (0)      3 :  0.9770 0.0230 
 588      588   (0)      3 :  0.8760 0.1240 
 589      589   (0)      3 :  0.9860 0.0140 
 590      590   (0)      3 :  0.8644 0.1356 
 591      591   (0)      3 :  0.7740 0.2260 
 592      592   (0)      3 :  0.8010 0.1990 
 593      593   (0)      3 :  0.7710 0.2290 
 594      594   (0)      3 :  0.9900 0.0100 
 595      595   (0)      3 :  0.9570 0.0430 
 596      596   (0)      3 :  0.9902 0.0098 
 597      597   (0)      3 :  0.7360 0.2640 
 598      598   (0)      3 :  0.7330 0.2670 
 599      599   (0)      3 :  0.9860 0.0140 
 600      600   (0)      3 :  0.8880 0.1120 
 601      601   (0)      4 :  0.8986 0.1014 
 602      602   (0)      4 :  0.9520 0.0480 
 603      603   (0)      4 :  0.5120 0.4880 
 604      604   (0)      4 :  0.5410 0.4590 
 605      605   (0)      4 :  0.6390 0.3610 
 606      606   (0)      4 :  0.7690 0.2310 
 607      607   (0)      4 :  0.6880 0.3120 
 608      608   (0)      4 :  0.7520 0.2480 
 609      609   (0)      4 :  0.7460 0.2540 
 610      610   (0)      4 :  0.7454 0.2546 
 611      611   (0)      4 :  0.7500 0.2500 
 612      612   (0)      4 :  0.9610 0.0390 
 613      613   (0)      4 :  0.4710 0.5290 
 614      614   (0)      4 :  0.5730 0.4270 
 615      615   (0)      4 :  0.8826 0.1174 
 616      616   (0)      4 :  0.9490 0.0510 
 617      617   (0)      4 :  0.5580 0.4420 
 618      618   (0)      4 :  0.7492 0.2508 
 619      619   (0)      4 :  0.7660 0.2340 
 620      620   (0)      4 :  0.9580 0.0420 
 621      621   (0)      4 :  0.8980 0.1020 
 622      622   (0)      4 :  0.3984 0.6016 
 623      623   (0)      4 :  0.6156 0.3844 
 624      624   (0)      4 :  0.6040 0.3960 
 625      625   (0)      4 :  0.7924 0.2076 
 626      626   (0)      4 :  0.8620 0.1380 
 627      627   (0)      4 :  0.7030 0.2970 
 628      628   (0)      4 :  0.7454 0.2546 
 629      629   (0)      4 :  0.8080 0.1920 
 630      630   (0)      4 :  0.8610 0.1390 
 631      631   (0)      4 :  0.8010 0.1990 
 632      632   (0)      4 :  0.8646 0.1354 
 633      633   (0)      4 :  0.7610 0.2390 
 634      634   (0)      4 :  0.6750 0.3250 
 635      635   (0)      4 :  0.9510 0.0490 
 636      636   (0)      4 :  0.7814 0.2186 
 637      637   (0)      4 :  0.7662 0.2338 
 638      638   (0)      4 :  0.7400 0.2600 
 639      639   (0)      4 :  0.6920 0.3080 
 640      640   (0)      4 :  0.7272 0.2728 
 641      641   (0)      4 :  0.8882 0.1118 
 642      642   (0)      4 :  0.6040 0.3960 
 643      643   (0)      4 :  0.7102 0.2898 
 644      644   (0)      4 :  0.9772 0.0228 
 645      645   (0)      4 :  0.7400 0.2600 
 646      646   (0)      4 :  0.6846 0.3154 
 647      647   (0)      4 :  0.7740 0.2260 
 648      648   (0)      4 :  0.8390 0.1610 
 649      649   (0)      4 :  0.7840 0.2160 
 650      650   (0)      4 :  0.8972 0.1028 
 651      651   (0)      4 :  0.7048 0.2952 
 652      652   (0)      4 :  0.8564 0.1436 
 653      653   (0)      4 :  0.7440 0.2560 
 654      654   (0)      4 :  0.7200 0.2800 
 655      655   (0)      4 :  0.9130 0.0870 
 656      656   (0)      4 :  0.8808 0.1192 
 657      657   (0)      4 :  0.8786 0.1214 
 658      658   (0)      4 :  0.7320 0.2680 
 659      659   (0)      4 :  0.9850 0.0150 
 660      660   (0)      4 :  0.6810 0.3190 
 661      661   (0)      4 :  0.6400 0.3600 
 662      662   (0)      4 :  0.7772 0.2228 
 663      663   (0)      4 :  0.8784 0.1216 
 664      664   (0)      4 :  0.8310 0.1690 
 665      665   (0)      4 :  0.4114 0.5886 
 666      666   (0)      4 :  0.7446 0.2554 
 667      667   (0)      4 :  0.6754 0.3246 
 668      668   (0)      4 :  0.6066 0.3934 
 669      669   (0)      4 :  0.7980 0.2020 
 670      670   (0)      4 :  0.7728 0.2272 
 671      671   (0)      4 :  0.7652 0.2348 
 672      672   (0)      4 :  0.7952 0.2048 
 673      673   (0)      4 :  0.8348 0.1652 
 674      674   (0)      4 :  0.7382 0.2618 
 675      675   (0)      4 :  0.6968 0.3032 
 676      676   (0)      4 :  0.7494 0.2506 
 677      677   (0)      4 :  0.6570 0.3430 
 678      678   (0)      4 :  0.9260 0.0740 
 679      679   (0)      4 :  0.7874 0.2126 
 680      680   (0)      4 :  0.7410 0.2590 
 681      681   (0)      4 :  0.6686 0.3314 
 682      682   (0)      4 :  0.7910 0.2090 
 683      683   (0)      4 :  0.9268 0.0732 
 684      684   (0)      4 :  0.7758 0.2242 
 685      685   (0)      4 :  0.6930 0.3070 
 686      686   (0)      4 :  0.6940 0.3060 
 687      687   (0)      4 :  0.8224 0.1776 
 688      688   (0)      4 :  0.4006 0.5994 
 689      689   (0)      4 :  0.7850 0.2150 
 690      690   (0)      4 :  0.7408 0.2592 
 691      691   (0)      4 :  0.9680 0.0320 
 692      692   (0)      4 :  0.7738 0.2262 
 693      693   (0)      4 :  0.6680 0.3320 
 694      694   (0)      4 :  0.7344 0.2656 
 695      695   (0)      4 :  0.8670 0.1330 
 696      696   (0)      4 :  0.7828 0.2172 
 697      697   (0)      4 :  0.7734 0.2266 
 698      698   (0)      4 :  0.6112 0.3888 
 699      699   (0)      4 :  0.9546 0.0454 
 700      700   (0)      4 :  0.8014 0.1986 
 701      701   (5)      5 :  0.6000 0.4000 
 702      702   (0)      5 :  0.3692 0.6308 
 703      703   (0)      5 :  0.4962 0.5038 
 704      704   (5)      5 :  0.4476 0.5524 
 705      705   (5)      5 :  0.4160 0.5840 
 706      706   (0)      5 :  0.3052 0.6948 
 707      707   (0)      6 :  0.4592 0.5408 
 708      708   (0)      6 :  0.5610 0.4390 
 709      709   (0)      6 :  0.4508 0.5492 
 710      710   (0)      6 :  0.4980 0.5020 
 711      711   (0)      6 :  0.5940 0.4060 
 712      712   (0)      6 :  0.3140 0.6860 
 713      713   (0)      6 :  0.4720 0.5280 
 714      714   (0)      6 :  0.5620 0.4380 
 715      715   (0)      6 :  0.2100 0.7900 
 716      716   (0)      6 :  0.4002 0.5998 
 717      717   (0)      6 :  0.6280 0.3720 
 718      718   (0)      6 :  0.5518 0.4482 
 719      719   (0)      6 :  0.6390 0.3610 
 720      720   (0)      6 :  0.5728 0.4272 
 721      721   (0)      6 :  0.4840 0.5160 
 722      722   (0)      6 :  0.6000 0.4000 
 723      723   (0)      6 :  0.5060 0.4940 
 724      724   (0)      6 :  0.3430 0.6570 
 725      725   (0)      6 :  0.4676 0.5324 
 726      726   (0)      6 :  0.6040 0.3960 
 727      727   (0)      6 :  0.4010 0.5990 
 728      728   (0)      6 :  0.5048 0.4952 
 729      729   (0)      6 :  0.5590 0.4410 
 730      730   (0)      6 :  0.5198 0.4802 
 731      731   (0)      6 :  0.5790 0.4210 
 732      732   (0)      6 :  0.6010 0.3990 
 733      733   (0)      6 :  0.6034 0.3966 
 734      734   (0)      6 :  0.4196 0.5804 
 735      735   (0)      6 :  0.4700 0.5300 
 736      736   (0)      6 :  0.1594 0.8406 
 737      737   (0)      6 :  0.4018 0.5982 
 738      738   (0)      6 :  0.5080 0.4920 
 739      739   (0)      6 :  0.5116 0.4884 
 740      740   (0)      6 :  0.5400 0.4600 
 741      741   (0)      6 :  0.3226 0.6774 
 742      742   (0)      6 :  0.3940 0.6060 
 743      743   (0)      6 :  0.5550 0.4450 
 744      744   (0)      6 :  0.6122 0.3878 
 745      745   (0)      6 :  0.4784 0.5216 
 746      746   (0)      6 :  0.5306 0.4694 
 747      747   (0)      6 :  0.5650 0.4350 
 748      748   (0)      6 :  0.4778 0.5222 
 749      749   (0)      6 :  0.6940 0.3060 
 750      750   (0)      6 :  0.7512 0.2488 
 751      751   (0)      6 :  0.4082 0.5918 
 752      752   (0)      6 :  0.4670 0.5330 
 753      753   (0)      6 :  0.4690 0.5310 
 754      754   (0)      6 :  0.3910 0.6090 
 755      755   (0)      6 :  0.4980 0.5020 
 756      756   (0)      6 :  0.4708 0.5292 
 757      757   (0)      6 :  0.4132 0.5868 
 758      758   (0)      6 :  0.3884 0.6116 
 759      759   (0)      6 :  0.0988 0.9012 
 760      760   (0)      6 :  0.5170 0.4830 
 761      761   (0)      6 :  0.5884 0.4116 
 762      762   (0)      6 :  0.3700 0.6300 
 763      763   (0)      6 :  0.4016 0.5984 
 764      764   (0)      6 :  0.5410 0.4590 
 765      765   (0)      6 :  0.2244 0.7756 
 766      766   (0)      6 :  0.4140 0.5860 
 767      767   (0)      6 :  0.5450 0.4550 
 768      768   (0)      6 :  0.4908 0.5092 
 769      769   (0)      6 :  0.4660 0.5340 
 770      770   (0)      6 :  0.5730 0.4270 
 771      771   (0)      6 :  0.6430 0.3570 
 772      772   (0)      6 :  0.5960 0.4040 
 773      773   (0)      6 :  0.6580 0.3420 
 774      774   (0)      6 :  0.3940 0.6060 
 775      775   (0)      6 :  0.6190 0.3810 
 776      776   (0)      6 :  0.2700 0.7300 
 777      777   (0)      6 :  0.5780 0.4220 
 778      778   (0)      6 :  0.4930 0.5070 
 779      779   (0)      6 :  0.4960 0.5040 
 780      780   (0)      6 :  0.5678 0.4322 
 781      781   (0)      6 :  0.4240 0.5760 
 782      782   (0)      6 :  0.4950 0.5050 
 783      783   (0)      6 :  0.4620 0.5380 
 784      784   (0)      6 :  0.3530 0.6470 
 785      785   (0)      6 :  0.6450 0.3550 
 786      786   (0)      6 :  0.4878 0.5122 
 787      787   (0)      6 :  0.3478 0.6522 
 788      788   (0)      6 :  0.5472 0.4528 
 789      789   (0)      6 :  0.6030 0.3970 
 790      790   (0)      6 :  0.5022 0.4978 
 791      791   (0)      6 :  0.6292 0.3708 
 792      792   (0)      6 :  0.4570 0.5430 
 793      793   (0)      6 :  0.5570 0.4430 
 794      794   (0)      6 :  0.5358 0.4642 
 795      795   (0)      6 :  0.4800 0.5200 
 796      796   (0)      6 :  0.5290 0.4710 
 797      797   (0)      6 :  0.5290 0.4710 
 798      798   (0)      6 :  0.5870 0.4130 
 799      799   (0)      6 :  0.5872 0.4128 
 800      800   (0)      6 :  0.4620 0.5380 
 801      801   (0)      6 :  0.6262 0.3738 
 802      802   (0)      6 :  0.5740 0.4260 
 803      803   (0)      6 :  0.4480 0.5520 
 804      804   (0)      6 :  0.5090 0.4910 
 805      805   (0)      6 :  0.5760 0.4240 
 806      806   (0)      6 :  0.4190 0.5810 
 807      807   (0)      7 :  0.1132 0.8868 
 808      808   (0)      7 :  0.2130 0.7870 
 809      809   (0)      8 :  0.1720 0.8280 
 810      810   (0)      8 :  0.1800 0.8200 
 811      811   (0)      8 :  0.3206 0.6794 
 812      812   (0)      8 :  0.1790 0.8210 
 813      813   (0)      8 :  0.1930 0.8070 
 814      814   (0)      8 :  0.0752 0.9248 
 815      815   (0)      8 :  0.2870 0.7130 
 816      816   (0)      8 :  0.0090 0.9910 
 817      817   (0)      8 :  0.3624 0.6376 
 818      818   (0)      8 :  0.2730 0.7270 
 819      819   (0)      8 :  0.1130 0.8870 
 820      820   (0)      8 :  0.1100 0.8900 
 821      821   (0)      8 :  0.0130 0.9870 
 822      822   (0)      8 :  0.0676 0.9324 
 823      823   (0)      8 :  0.3710 0.6290 
 824      824   (0)      8 :  0.1890 0.8110 
 825      825   (0)      8 :  0.2190 0.7810 
 826      826   (0)      8 :  0.0280 0.9720 
 827      827   (0)      8 :  0.1110 0.8890 
 828      828   (0)      8 :  0.0290 0.9710 
 829      829   (0)      8 :  0.2880 0.7120 
 830      830   (0)      8 :  0.2910 0.7090 
 831      831   (0)      8 :  0.1430 0.8570 
 832      832   (0)      8 :  0.3228 0.6772 
 833      833   (0)      8 :  0.2350 0.7650 
 834      834   (0)      8 :  0.1450 0.8550 
 835      835   (0)      8 :  0.2892 0.7108 
 836      836   (0)      8 :  0.2040 0.7960 
 837      837   (0)      8 :  0.0690 0.9310 
 838      838   (0)      8 :  0.3330 0.6670 
 839      839   (0)      8 :  0.2800 0.7200 
 840      840   (0)      8 :  0.0390 0.9610 
 841      841   (0)      8 :  0.1908 0.8092 
 842      842   (0)      8 :  0.3072 0.6928 
 843      843   (0)      8 :  0.2370 0.7630 
 844      844   (0)      8 :  0.4000 0.6000 
 845      845   (0)      8 :  0.1500 0.8500 
 846      846   (0)      8 :  0.3170 0.6830 
 847      847   (0)      8 :  0.2122 0.7878 
 848      848   (0)      8 :  0.1150 0.8850 
 849      849   (0)      8 :  0.2160 0.7840 
 850      850   (0)      8 :  0.3562 0.6438 
 851      851   (0)      8 :  0.1424 0.8576 
 852      852   (0)      8 :  0.2962 0.7038 
 853      853   (0)      8 :  0.1890 0.8110 
 854      854   (0)      8 :  0.0220 0.9780 
 855      855   (0)      8 :  0.3220 0.6780 
 856      856   (0)      8 :  0.1830 0.8170 
 857      857   (0)      8 :  0.1710 0.8290 
 858      858   (0)      8 :  0.3900 0.6100 
 859      859   (0)      8 :  0.0380 0.9620 
 860      860   (0)      8 :  0.2210 0.7790 
 861      861   (0)      8 :  0.2312 0.7688 
 862      862   (0)      8 :  0.2010 0.7990 
 863      863   (0)      8 :  0.2852 0.7148 
 864      864   (0)      8 :  0.0752 0.9248 
 865      865   (0)      8 :  0.2510 0.7490 
 866      866   (0)      8 :  0.0918 0.9082 
 867      867   (0)      8 :  0.1758 0.8242 
 868      868   (0)      8 :  0.3680 0.6320 
 869      869   (0)      8 :  0.1360 0.8640 
 870      870   (0)      8 :  0.2362 0.7638 
 871      871   (0)      8 :  0.3350 0.6650 
 872      872   (0)      8 :  0.2928 0.7072 
 873      873   (0)      8 :  0.1910 0.8090 
 874      874   (0)      8 :  0.2114 0.7886 
 875      875   (0)      8 :  0.1410 0.8590 
 876      876   (0)      8 :  0.2400 0.7600 
 877      877   (0)      8 :  0.2872 0.7128 
 878      878   (0)      8 :  0.1460 0.8540 
 879      879   (0)      8 :  0.0940 0.9060 
 880      880   (0)      8 :  0.0880 0.9120 
 881      881   (0)      8 :  0.0674 0.9326 
 882      882   (0)      8 :  0.2832 0.7168 
 883      883   (0)      8 :  0.1778 0.8222 
 884      884   (0)      8 :  0.4746 0.5254 
 885      885   (0)      8 :  0.0412 0.9588 
 886      886   (0)      8 :  0.0216 0.9784 
 887      887   (0)      8 :  0.0772 0.9228 
 888      888   (0)      8 :  0.3088 0.6912 
 889      889   (0)      8 :  0.1530 0.8470 
 890      890   (0)      8 :  0.2128 0.7872 
 891      891   (0)      8 :  0.2612 0.7388 
 892      892   (0)      8 :  0.1270 0.8730 
 893      893   (0)      8 :  0.1960 0.8040 
 894      894   (0)      8 :  0.2170 0.7830 
 895      895   (0)      8 :  0.2960 0.7040 
 896      896   (0)      8 :  0.2570 0.7430 
 897      897   (0)      8 :  0.2716 0.7284 
 898      898   (0)      8 :  0.2314 0.7686 
 899      899   (0)      8 :  0.1850 0.8150 
 900      900   (0)      8 :  0.1000 0.9000 
 901      901   (0)      8 :  0.1220 0.8780 
 902      902   (0)      8 :  0.1520 0.8480 
 903      903   (0)      8 :  0.2138 0.7862 
 904      904   (0)      8 :  0.2060 0.7940 
 905      905   (0)      8 :  0.3060 0.6940 
 906      906   (0)      8 :  0.0770 0.9230 
 907      907   (0)      8 :  0.3210 0.6790 
 908      908   (0)      8 :  0.1260 0.8740 
 909      909  (10)      9 :  0.0572 0.9428 
 910      910   (5)      9 :  0.0150 0.9850 
 911      911   (5)      9 :  0.4030 0.5970 
 912      912   (5)      9 :  0.0082 0.9918 
 913      913  (10)      9 :  0.2136 0.7864 
 914      914   (5)      9 :  0.4570 0.5430 
 915      915  (10)      9 :  0.0792 0.9208 
 916      916   (0)      9 :  0.0854 0.9146 
 917      917   (0)      9 :  0.0440 0.9560 
 918      918   (0)      9 :  0.0080 0.9920 
 919      919   (0)      9 :  0.0600 0.9400 
 920      920   (0)      9 :  0.1546 0.8454 
 921      921   (0)      9 :  0.0172 0.9828 
 922      922   (0)      9 :  0.1060 0.8940 
 923      923   (0)      9 :  0.1042 0.8958 
 924      924   (0)      9 :  0.1648 0.8352 
 925      925   (0)      9 :  0.1910 0.8090 
 926      926   (0)      9 :  0.4020 0.5980 
 927      927   (0)      9 :  0.0220 0.9780 
 928      928   (5)      9 :  0.0240 0.9760 
 929      929   (0)      9 :  0.1300 0.8700 
 930      930   (0)      9 :  0.2270 0.7730 
 931      931   (5)      9 :  0.0310 0.9690 
 932      932   (5)      9 :  0.0256 0.9744 
 933      933   (0)      9 :  0.2000 0.8000 
 934      934   (0)      9 :  0.0364 0.9636 
 935      935   (0)      9 :  0.0400 0.9600 
 936      936   (0)      9 :  0.0100 0.9900 
 937      937   (0)      9 :  0.0070 0.9930 
 938      938   (0)      9 :  0.0078 0.9922 
 939      939   (0)      9 :  0.0060 0.9940 
 940      940   (0)      9 :  0.0180 0.9820 
 941      941   (0)      9 :  0.1560 0.8440 
 942      942   (0)      9 :  0.0826 0.9174 
 943      943   (0)      9 :  0.0350 0.9650 
 944      944   (0)      9 :  0.0630 0.9370 
 945      945   (0)      9 :  0.2190 0.7810 
 946      946   (0)      9 :  0.0120 0.9880 
 947      947   (0)      9 :  0.1644 0.8356 
 948      948   (0)      9 :  0.1590 0.8410 
 949      949   (0)      9 :  0.0142 0.9858 
 950      950   (0)      9 :  0.0930 0.9070 
 951      951   (0)     10 :  0.0780 0.9220 
 952      952   (0)     10 :  0.0060 0.9940 
 953      953   (0)     10 :  0.0256 0.9744 
 954      954   (0)     10 :  0.1820 0.8180 
 955      955   (0)     10 :  0.1248 0.8752 
 956      956   (0)     10 :  0.0118 0.9882 
 957      957   (0)     10 :  0.1260 0.8740 
 958      958   (0)     10 :  0.1644 0.8356 
 959      959   (0)     10 :  0.2160 0.7840 
 960      960   (0)     10 :  0.0240 0.9760 
 961      961   (0)     10 :  0.0140 0.9860 
 962      962   (0)     10 :  0.0770 0.9230 
 963      963   (0)     10 :  0.3790 0.6210 
 964      964   (0)     10 :  0.1340 0.8660 
 965      965   (0)     10 :  0.1130 0.8870 
 966      966   (0)     10 :  0.0780 0.9220 
 967      967   (0)     10 :  0.0510 0.9490 
 968      968   (0)     10 :  0.0978 0.9022 
 969      969   (0)     10 :  0.2350 0.7650 
 970      970   (0)     10 :  0.0500 0.9500 
 971      971   (0)     10 :  0.0200 0.9800 
 972      972   (0)     10 :  0.0120 0.9880 
 973      973   (0)     10 :  0.0100 0.9900 
 974      974   (0)     10 :  0.0270 0.9730 
 975      975   (0)     10 :  0.1742 0.8258 
 976      976   (0)     10 :  0.0110 0.9890 
 977      977   (0)     10 :  0.1284 0.8716 
 978      978   (0)     10 :  0.0630 0.9370 
 979      979   (0)     10 :  0.0782 0.9218 
 980      980   (0)     10 :  0.1020 0.8980 
 981      981   (0)     10 :  0.0610 0.9390 
 982      982   (0)     10 :  0.0290 0.9710 
 983      983   (0)     10 :  0.0330 0.9670 
 984      984   (0)     10 :  0.0670 0.9330 
 985      985   (0)     10 :  0.0150 0.9850 
 986      986   (0)     10 :  0.2340 0.7660 
 987      987   (0)     10 :  0.1170 0.8830 
 988      988   (0)     10 :  0.1730 0.8270 
 989      989   (0)     10 :  0.0100 0.9900 
 990      990   (0)     10 :  0.0180 0.9820 
 991      991   (0)     10 :  0.0802 0.9198 
 992      992   (0)     10 :  0.1090 0.8910 
 993      993   (0)     10 :  0.0500 0.9500 
 994      994   (0)     10 :  0.1770 0.8230 
 995      995   (0)     10 :  0.0382 0.9618 
 996      996   (0)     10 :  0.0120 0.9880 
 997      997   (0)     10 :  0.1162 0.8838 
 998      998   (0)     10 :  0.0540 0.9460 
 999      999   (0)     10 :  0.0440 0.9560 
1000     1000   (0)     10 :  0.1930 0.8070 
1001     1001   (0)     10 :  0.2544 0.7456 
1002     1002   (0)     10 :  0.0410 0.9590 
1003     1003   (0)     10 :  0.0110 0.9890 
1004     1004   (0)     10 :  0.0720 0.9280 
1005     1005   (0)     10 :  0.0240 0.9760 
1006     1006   (0)     10 :  0.0270 0.9730 
1007     1007   (0)     10 :  0.2450 0.7550 
1008     1008   (0)     10 :  0.0160 0.9840 
1009     1009   (0)     10 :  0.0250 0.9750 
1010     1010   (0)     10 :  0.0088 0.9912 
1011     1011   (0)     10 :  0.0080 0.9920 
1012     1012   (0)     10 :  0.0550 0.9450 
1013     1013   (0)     10 :  0.0200 0.9800 
1014     1014   (0)     10 :  0.0160 0.9840 
1015     1015   (0)     10 :  0.1750 0.8250 
1016     1016   (0)     10 :  0.0544 0.9456 
1017     1017   (0)     10 :  0.0450 0.9550 
1018     1018   (0)     10 :  0.0480 0.9520 
1019     1019   (0)     10 :  0.0070 0.9930 
1020     1020   (0)     10 :  0.0774 0.9226 
1021     1021   (0)     10 :  0.0170 0.9830 
1022     1022   (0)     10 :  0.0370 0.9630 
1023     1023   (0)     10 :  0.0080 0.9920 
1024     1024   (0)     10 :  0.0080 0.9920 
1025     1025   (0)     10 :  0.1372 0.8628 
1026     1026   (0)     10 :  0.3250 0.6750 
1027     1027   (0)     10 :  0.0650 0.9350 
1028     1028   (0)     10 :  0.0656 0.9344 
1029     1029   (0)     10 :  0.0270 0.9730 
1030     1030   (0)     10 :  0.0190 0.9810 
1031     1031   (0)     10 :  0.1300 0.8700 
1032     1032   (0)     10 :  0.0600 0.9400 
1033     1033   (0)     10 :  0.2332 0.7668 
1034     1034   (0)     10 :  0.2034 0.7966 
1035     1035   (0)     10 :  0.0130 0.9870 
1036     1036   (0)     10 :  0.1250 0.8750 
1037     1037   (0)     10 :  0.1420 0.8580 
1038     1038   (0)     10 :  0.1674 0.8326 
1039     1039   (0)     10 :  0.0708 0.9292 
1040     1040   (0)     10 :  0.0358 0.9642 
1041     1041   (0)     10 :  0.0544 0.9456 
1042     1042   (0)     10 :  0.2930 0.7070 
1043     1043   (0)     10 :  0.0240 0.9760 
1044     1044   (0)     10 :  0.0090 0.9910 
1045     1045   (0)     10 :  0.0260 0.9740 
1046     1046   (0)     10 :  0.0850 0.9150 
1047     1047   (0)     10 :  0.0100 0.9900 
1048     1048   (0)     10 :  0.0270 0.9730 
1049     1049   (0)     10 :  0.0546 0.9454 
1050     1050   (0)     10 :  0.2180 0.7820 
1051     1051   (0)     11 :  0.0320 0.9680 
1052     1052  (10)     11 :  0.0150 0.9850 
1053     1053  (10)     11 :  0.0140 0.9860 
1054     1054   (5)     11 :  0.0064 0.9936 
1055     1055   (5)     11 :  0.0090 0.9910 
1056     1056   (0)     11 :  0.0060 0.9940 
1057     1057   (5)     11 :  0.0090 0.9910 
1058     1058   (5)     11 :  0.0100 0.9900 
1059     1059   (0)     11 :  0.0060 0.9940 
1060     1060   (0)     11 :  0.0070 0.9930 
1061     1061   (0)     11 :  0.0070 0.9930 
1062     1062   (0)     11 :  0.0060 0.9940 
1063     1063   (0)     11 :  0.0078 0.9922 
1064     1064   (5)     11 :  0.0060 0.9940 
1065     1065   (5)     11 :  0.0276 0.9724 
1066     1066  (10)     11 :  0.0200 0.9800 
1067     1067   (0)     11 :  0.0070 0.9930 
1068     1068   (5)     11 :  0.0330 0.9670 
1069     1069   (5)     11 :  0.0100 0.9900 
1070     1070   (0)     11 :  0.0060 0.9940 
1071     1071   (5)     11 :  0.0080 0.9920 
1072     1072   (0)     11 :  0.0140 0.9860 
1073     1073   (5)     11 :  0.0050 0.9950 
1074     1074   (0)     11 :  0.0080 0.9920 
1075     1075   (0)     11 :  0.0120 0.9880 
1076     1076   (0)     11 :  0.0240 0.9760 
1077     1077   (0)     11 :  0.0072 0.9928 
1078     1078   (0)     11 :  0.0090 0.9910 
1079     1079   (0)     11 :  0.0130 0.9870 
1080     1080   (0)     11 :  0.0240 0.9760 
1081     1081   (0)     11 :  0.0180 0.9820 
1082     1082   (0)     11 :  0.0240 0.9760 
1083     1083   (0)     11 :  0.0070 0.9930 
1084     1084   (0)     11 :  0.0150 0.9850 
1085     1085   (0)     11 :  0.0160 0.9840 
1086     1086   (0)     11 :  0.0060 0.9940 
1087     1087   (0)     11 :  0.0140 0.9860 
1088     1088   (0)     11 :  0.0070 0.9930 
1089     1089   (5)     11 :  0.0100 0.9900 
1090     1090   (5)     11 :  0.0100 0.9900 
1091     1091   (0)     11 :  0.0110 0.9890 
1092     1092  (15)     11 :  0.0170 0.9830 
1093     1093  (10)     11 :  0.0060 0.9940 
1094     1094  (10)     11 :  0.0080 0.9920 
1095     1095  (10)     11 :  0.0110 0.9890 
1096     1096   (5)     11 :  0.0140 0.9860 
1097     1097   (5)     11 :  0.0070 0.9930 
1098     1098   (5)     11 :  0.0080 0.9920 
1099     1099   (5)     11 :  0.0070 0.9930 
1100     1100   (5)     11 :  0.0150 0.9850 
1101     1101   (5)     11 :  0.0100 0.9900 
1102     1102  (15)     11 :  0.0230 0.9770 
1103     1103   (5)     11 :  0.0200 0.9800 
1104     1104   (5)     11 :  0.0060 0.9940 
1105     1105  (15)     11 :  0.0100 0.9900 
1106     1106   (5)     11 :  0.0492 0.9508 
1107     1107   (5)     11 :  0.0526 0.9474 
1108     1108   (5)     11 :  0.0090 0.9910 
1109     1109   (5)     11 :  0.0070 0.9930 
1110     1110  (10)     11 :  0.0120 0.9880 
1111     1111   (5)     11 :  0.0090 0.9910 
1112     1112   (5)     11 :  0.0116 0.9884 
1113     1113  (10)     11 :  0.0080 0.9920 
1114     1114  (10)     11 :  0.0100 0.9900 
1115     1115  (10)     11 :  0.0278 0.9722 
1116     1116  (10)     11 :  0.0380 0.9620 
1117     1117   (5)     11 :  0.0070 0.9930 
1118     1118  (10)     11 :  0.0148 0.9852 
1119     1119   (0)     11 :  0.0060 0.9940 
1120     1120   (5)     11 :  0.0080 0.9920 
1121     1121   (0)     11 :  0.0060 0.9940 
1122     1122   (0)     11 :  0.0050 0.9950 
1123     1123   (0)     11 :  0.0120 0.9880 
1124     1124   (0)     11 :  0.0170 0.9830 
1125     1125   (0)     11 :  0.0070 0.9930 
1126     1126   (0)     11 :  0.0320 0.9680 
1127     1127   (0)     11 :  0.0110 0.9890 
1128     1128  (10)     11 :  0.0130 0.9870 
1129     1129  (10)     11 :  0.3120 0.6880 
1130     1130   (0)     11 :  0.0170 0.9830 
1131     1131   (5)     11 :  0.1232 0.8768 
1132     1132   (0)     11 :  0.0120 0.9880 
1133     1133   (5)     11 :  0.0344 0.9656 
1134     1134   (5)     11 :  0.0070 0.9930 
1135     1135   (5)     11 :  0.0090 0.9910 
1136     1136  (10)     11 :  0.0060 0.9940 
1137     1137   (0)     11 :  0.0070 0.9930 
1138     1138   (0)     11 :  0.0070 0.9930 
1139     1139   (0)     11 :  0.0530 0.9470 
1140     1140   (0)     11 :  0.0080 0.9920 
1141     1141   (0)     11 :  0.0130 0.9870 
1142     1142   (0)     11 :  0.0070 0.9930 
1143     1143   (0)     11 :  0.0070 0.9930 
1144     1144   (0)     11 :  0.0118 0.9882 
1145     1145   (0)     11 :  0.0080 0.9920 
1146     1146   (0)     11 :  0.0100 0.9900 
1147     1147   (0)     11 :  0.0100 0.9900 
1148     1148   (0)     11 :  0.0450 0.9550 
1149     1149   (0)     11 :  0.0250 0.9750 
1150     1150   (0)     11 :  0.0150 0.9850 
1151     1151   (0)     11 :  0.0090 0.9910 
1152     1152   (0)     11 :  0.0204 0.9796 
1153     1153   (0)     11 :  0.0070 0.9930 
1154     1154   (5)     11 :  0.0110 0.9890 
1155     1155   (0)     11 :  0.0090 0.9910 
1156     1156   (5)     11 :  0.2680 0.7320 
1157     1157   (0)     11 :  0.0080 0.9920 
1158     1158   (0)     11 :  0.0310 0.9690 
1159     1159   (0)     11 :  0.0130 0.9870 
1160     1160   (0)     11 :  0.0120 0.9880 
1161     1161   (0)     11 :  0.0070 0.9930 
1162     1162   (0)     11 :  0.0070 0.9930 
1163     1163   (0)     11 :  0.0320 0.9680 
1164     1164   (0)     11 :  0.0060 0.9940 
1165     1165   (0)     11 :  0.0110 0.9890 
1166     1166   (0)     11 :  0.0060 0.9940 
1167     1167   (0)     11 :  0.0658 0.9342 
1168     1168   (0)     11 :  0.0060 0.9940 
1169     1169   (0)     11 :  0.0160 0.9840 
1170     1170   (5)     11 :  0.0080 0.9920 
1171     1171   (0)     11 :  0.0170 0.9830 
1172     1172   (0)     11 :  0.0120 0.9880 
1173     1173   (0)     11 :  0.0140 0.9860 
1174     1174  (10)     11 :  0.0070 0.9930 
1175     1175   (0)     11 :  0.0080 0.9920 
1176     1176   (0)     11 :  0.0080 0.9920 
1177     1177   (0)     11 :  0.0080 0.9920 
1178     1178  (10)     11 :  0.0130 0.9870 
1179     1179   (5)     11 :  0.0060 0.9940 
1180     1180   (0)     11 :  0.0090 0.9910 
1181     1181   (5)     11 :  0.0080 0.9920 
1182     1182   (5)     11 :  0.0060 0.9940 
1183     1183  (10)     11 :  0.0120 0.9880 
1184     1184   (0)     11 :  0.0070 0.9930 
1185     1185   (5)     11 :  0.0130 0.9870 
1186     1186  (10)     11 :  0.0080 0.9920 
1187     1187   (0)     11 :  0.0190 0.9810 
1188     1188   (0)     11 :  0.0440 0.9560 
1189     1189   (0)     11 :  0.0080 0.9920 
1190     1190   (0)     11 :  0.0120 0.9880 
1191     1191   (0)     11 :  0.0070 0.9930 
1192     1192   (0)     11 :  0.0150 0.9850 
1193     1193   (0)     11 :  0.0060 0.9940 
1194     1194   (0)     11 :  0.0070 0.9930 
1195     1195   (0)     11 :  0.0070 0.9930 
1196     1196   (5)     11 :  0.0150 0.9850 
1197     1197   (0)     11 :  0.0060 0.9940 
1198     1198   (0)     11 :  0.0080 0.9920 
1199     1199   (0)     11 :  0.0080 0.9920 
1200     1200   (5)     11 :  0.0194 0.9806 
1201     1201   (0)     11 :  0.0090 0.9910 
1202     1202   (0)     11 :  0.0280 0.9720 
1203     1203   (0)     11 :  0.0070 0.9930 
1204     1204   (0)     11 :  0.0070 0.9930 
1205     1205   (0)     11 :  0.0080 0.9920 
1206     1206   (0)     11 :  0.0130 0.9870 
1207     1207   (0)     11 :  0.0270 0.9730 
1208     1208   (0)     11 :  0.0080 0.9920 
1209     1209   (0)     11 :  0.0080 0.9920 
1210     1210   (0)     11 :  0.0140 0.9860 
1211     1211   (0)     11 :  0.0080 0.9920 
1212     1212   (0)     11 :  0.0060 0.9940 
1213     1213   (0)     11 :  0.0080 0.9920 
1214     1214   (0)     11 :  0.0060 0.9940 
1215     1215   (0)     11 :  0.0060 0.9940 
1216     1216   (0)     11 :  0.0060 0.9940 
1217     1217   (0)     11 :  0.0070 0.9930 
1218     1218   (0)     11 :  0.0140 0.9860 
1219     1219   (0)     11 :  0.0120 0.9880 
1220     1220   (0)     11 :  0.0070 0.9930 
1221     1221  (10)     11 :  0.0180 0.9820 
1222     1222   (5)     11 :  0.0090 0.9910 
1223     1223  (10)     11 :  0.0090 0.9910 
1224     1224   (5)     11 :  0.1090 0.8910 
1225     1225  (10)     11 :  0.0080 0.9920 
1226     1226  (10)     11 :  0.0090 0.9910 
1227     1227   (0)     11 :  0.0140 0.9860 
1228     1228   (5)     11 :  0.0220 0.9780 
1229     1229   (5)     11 :  0.0338 0.9662 
1230     1230  (10)     11 :  0.0120 0.9880 
1231     1231   (0)     11 :  0.0070 0.9930 
1232     1232   (0)     11 :  0.0120 0.9880 
1233     1233   (0)     11 :  0.0100 0.9900 
1234     1234   (0)     11 :  0.0120 0.9880 
1235     1235   (0)     11 :  0.0288 0.9712 
1236     1236   (0)     11 :  0.1050 0.8950 
1237     1237   (0)     11 :  0.0660 0.9340 
1238     1238   (0)     11 :  0.0078 0.9922 
1239     1239   (0)     11 :  0.0060 0.9940 
1240     1240   (5)     11 :  0.0994 0.9006 
1241     1241   (0)     11 :  0.1040 0.8960 
1242     1242   (0)     11 :  0.0070 0.9930 
1243     1243  (10)     11 :  0.0280 0.9720 
1244     1244   (5)     11 :  0.0122 0.9878 
1245     1245   (0)     11 :  0.0060 0.9940 
1246     1246   (5)     11 :  0.0520 0.9480 
1247     1247   (5)     11 :  0.0110 0.9890 
1248     1248   (0)     11 :  0.0080 0.9920 
1249     1249   (0)     11 :  0.0290 0.9710 
1250     1250   (0)     11 :  0.0110 0.9890 
1251     1251   (0)     11 :  0.0408 0.9592 
1252     1252   (0)     11 :  0.0066 0.9934 
1253     1253   (0)     11 :  0.0140 0.9860 
1254     1254   (0)     11 :  0.0060 0.9940 
1255     1255   (0)     11 :  0.0060 0.9940 
1256     1256   (0)     11 :  0.0060 0.9940 
1257     1257   (0)     11 :  0.0090 0.9910 
1258     1258   (0)     11 :  0.0234 0.9766 
1259     1259   (0)     11 :  0.0090 0.9910 
1260     1260   (0)     11 :  0.0090 0.9910 
1261     1261   (0)     11 :  0.0100 0.9900 
1262     1262   (0)     11 :  0.0090 0.9910 
1263     1263   (0)     11 :  0.0142 0.9858 
1264     1264   (0)     11 :  0.0090 0.9910 
1265     1265   (0)     11 :  0.0070 0.9930 
1266     1266   (0)     11 :  0.0070 0.9930 
1267     1267   (0)     11 :  0.0060 0.9940 
1268     1268   (0)     11 :  0.0060 0.9940 
1269     1269   (0)     11 :  0.0070 0.9930 
1270     1270   (0)     11 :  0.0060 0.9940 
1271     1271   (0)     11 :  0.0160 0.9840 
1272     1272   (0)     11 :  0.0250 0.9750 
1273     1273   (0)     11 :  0.0070 0.9930 
1274     1274   (0)     11 :  0.0480 0.9520 
1275     1275   (0)     11 :  0.0060 0.9940 
1276     1276   (0)     11 :  0.0070 0.9930 
1277     1277   (0)     11 :  0.0070 0.9930 
1278     1278   (0)     11 :  0.0210 0.9790 
1279     1279   (0)     11 :  0.0240 0.9760 
1280     1280   (0)     11 :  0.0064 0.9936 
1281     1281   (0)     11 :  0.0132 0.9868 
1282     1282   (0)     11 :  0.0070 0.9930 
1283     1283   (0)     11 :  0.0218 0.9782 
1284     1284   (0)     11 :  0.0080 0.9920 
1285     1285   (0)     11 :  0.0080 0.9920 
1286     1286   (0)     11 :  0.0110 0.9890 
1287     1287   (0)     11 :  0.0094 0.9906 
1288     1288   (0)     11 :  0.0070 0.9930 
1289     1289   (0)     11 :  0.0060 0.9940 
1290     1290   (0)     11 :  0.0060 0.9940 
1291     1291   (0)     12 :  0.0120 0.9880 
1292     1292   (0)     12 :  0.0090 0.9910 
1293     1293   (0)     12 :  0.0070 0.9930 
1294     1294   (0)     12 :  0.0290 0.9710 
1295     1295   (0)     12 :  0.0060 0.9940 
1296     1296   (0)     12 :  0.0080 0.9920 
1297     1297   (0)     12 :  0.0050 0.9950 
1298     1298   (0)     12 :  0.0070 0.9930 
1299     1299   (0)     12 :  0.0230 0.9770 
1300     1300   (0)     12 :  0.0070 0.9930 
1301     1301   (0)     12 :  0.0230 0.9770 
1302     1302   (0)     12 :  0.0100 0.9900 
1303     1303   (0)     12 :  0.0070 0.9930 
1304     1304   (0)     12 :  0.0070 0.9930 
1305     1305   (0)     12 :  0.0078 0.9922 
1306     1306   (0)     12 :  0.0410 0.9590 
1307     1307   (0)     12 :  0.0080 0.9920 
1308     1308   (0)     12 :  0.0070 0.9930 
1309     1309   (0)     12 :  0.0150 0.9850 
1310     1310   (0)     12 :  0.0150 0.9850 
1311     1311   (0)     12 :  0.0190 0.9810 
1312     1312   (0)     12 :  0.0250 0.9750 
1313     1313   (0)     12 :  0.0060 0.9940 
1314     1314   (0)     12 :  0.0100 0.9900 
1315     1315   (0)     12 :  0.0160 0.9840 
1316     1316   (0)     12 :  0.0150 0.9850 
1317     1317   (0)     12 :  0.0100 0.9900 
1318     1318   (0)     12 :  0.0110 0.9890 
1319     1319   (0)     12 :  0.0140 0.9860 
1320     1320   (0)     12 :  0.0370 0.9630 
1321     1321   (0)     12 :  0.0100 0.9900 
1322     1322   (0)     12 :  0.0090 0.9910 
1323     1323   (0)     12 :  0.0090 0.9910 
1324     1324   (0)     12 :  0.0100 0.9900 
1325     1325   (0)     12 :  0.0110 0.9890 
1326     1326   (0)     12 :  0.0080 0.9920 
1327     1327   (0)     12 :  0.0110 0.9890 
1328     1328   (0)     12 :  0.0140 0.9860 
1329     1329   (0)     12 :  0.0248 0.9752 
1330     1330   (0)     12 :  0.0140 0.9860 
1331     1331   (0)     12 :  0.0194 0.9806 
1332     1332   (0)     12 :  0.0112 0.9888 
1333     1333   (0)     12 :  0.0130 0.9870 
1334     1334   (0)     12 :  0.0130 0.9870 
1335     1335   (0)     12 :  0.0090 0.9910 
1336     1336   (0)     12 :  0.0070 0.9930 
1337     1337   (0)     12 :  0.0100 0.9900 
1338     1338   (0)     12 :  0.0140 0.9860 
1339     1339   (0)     12 :  0.0478 0.9522 
1340     1340   (0)     12 :  0.0150 0.9850 
1341     1341   (0)     12 :  0.0100 0.9900 
1342     1342   (0)     12 :  0.0090 0.9910 
1343     1343   (0)     12 :  0.0080 0.9920 
1344     1344   (0)     12 :  0.0080 0.9920 
1345     1345   (0)     12 :  0.0070 0.9930 
1346     1346   (0)     12 :  0.0106 0.9894 
1347     1347   (0)     12 :  0.0130 0.9870 
1348     1348   (0)     12 :  0.0270 0.9730 
1349     1349   (0)     12 :  0.0090 0.9910 
1350     1350   (0)     12 :  0.0220 0.9780 
1351     1351   (0)     12 :  0.0100 0.9900 
1352     1352   (0)     12 :  0.0070 0.9930 
1353     1353   (0)     12 :  0.0120 0.9880 
1354     1354   (0)     12 :  0.0080 0.9920 
1355     1355   (0)     12 :  0.0160 0.9840 
1356     1356   (0)     12 :  0.0160 0.9840 
1357     1357   (0)     12 :  0.0070 0.9930 
1358     1358   (0)     12 :  0.0060 0.9940 
1359     1359   (0)     12 :  0.0230 0.9770 
1360     1360   (0)     12 :  0.0080 0.9920 
1361     1361   (0)     12 :  0.0120 0.9880 
1362     1362   (0)     12 :  0.0120 0.9880 
1363     1363   (0)     12 :  0.0110 0.9890 
1364     1364   (0)     12 :  0.0060 0.9940 
1365     1365   (0)     12 :  0.0100 0.9900 
1366     1366   (0)     12 :  0.0080 0.9920 
1367     1367   (0)     12 :  0.0170 0.9830 
1368     1368   (0)     12 :  0.0090 0.9910 
1369     1369   (0)     12 :  0.0120 0.9880 
1370     1370   (0)     12 :  0.0070 0.9930 
1371     1371   (0)     12 :  0.0080 0.9920 
1372     1372   (0)     12 :  0.0054 0.9946 
1373     1373   (0)     12 :  0.0160 0.9840 
1374     1374   (0)     12 :  0.0090 0.9910 
1375     1375   (0)     12 :  0.0230 0.9770 
1376     1376   (0)     12 :  0.0090 0.9910 
1377     1377   (0)     12 :  0.0100 0.9900 
1378     1378   (0)     12 :  0.0140 0.9860 
1379     1379   (0)     12 :  0.0108 0.9892 
1380     1380   (0)     12 :  0.0494 0.9506 
1381     1381   (0)     12 :  0.0080 0.9920 
1382     1382   (0)     12 :  0.0120 0.9880 
1383     1383   (0)     12 :  0.0690 0.9310 
1384     1384   (0)     12 :  0.0110 0.9890 
1385     1385   (0)     12 :  0.0080 0.9920 
1386     1386   (0)     12 :  0.0070 0.9930 
1387     1387   (0)     12 :  0.0380 0.9620 
1388     1388   (0)     12 :  0.0150 0.9850 
1389     1389   (0)     12 :  0.0104 0.9896 
1390     1390   (0)     12 :  0.0094 0.9906 
1391     1391   (0)     12 :  0.0080 0.9920 
1392     1392   (0)     12 :  0.0080 0.9920 
1393     1393   (0)     12 :  0.0110 0.9890 
1394     1394   (0)     12 :  0.0118 0.9882 
1395     1395   (0)     12 :  0.0140 0.9860 
1396     1396   (0)     12 :  0.0600 0.9400 
1397     1397   (0)     12 :  0.0090 0.9910 
1398     1398   (0)     12 :  0.0070 0.9930 
1399     1399   (0)     12 :  0.0080 0.9920 
1400     1400   (0)     12 :  0.0080 0.9920 
1401     1401   (0)     12 :  0.0100 0.9900 
1402     1402   (0)     12 :  0.0230 0.9770 
1403     1403   (0)     12 :  0.0160 0.9840 
1404     1404   (0)     12 :  0.0070 0.9930 
1405     1405   (0)     12 :  0.0328 0.9672 
1406     1406   (0)     12 :  0.0190 0.9810 
1407     1407   (0)     12 :  0.0160 0.9840 
1408     1408   (0)     12 :  0.0080 0.9920 
1409     1409   (0)     12 :  0.0210 0.9790 
1410     1410   (0)     12 :  0.0090 0.9910 
1411     1411   (0)     12 :  0.0270 0.9730 
1412     1412   (0)     12 :  0.0080 0.9920 
1413     1413   (0)     12 :  0.0070 0.9930 
1414     1414   (0)     12 :  0.0090 0.9910 
1415     1415   (0)     12 :  0.0110 0.9890 
1416     1416   (0)     12 :  0.0130 0.9870 
1417     1417   (0)     12 :  0.0080 0.9920 
1418     1418   (0)     12 :  0.0180 0.9820 
1419     1419   (0)     12 :  0.0090 0.9910 
1420     1420   (0)     12 :  0.0100 0.9900 
1421     1421   (0)     12 :  0.0060 0.9940 
1422     1422   (0)     12 :  0.0150 0.9850 
1423     1423   (0)     12 :  0.1098 0.8902 
1424     1424   (0)     12 :  0.0576 0.9424 
1425     1425   (0)     12 :  0.0080 0.9920 
1426     1426   (0)     12 :  0.0098 0.9902 
1427     1427   (0)     12 :  0.0200 0.9800 
1428     1428   (0)     12 :  0.0100 0.9900 
1429     1429   (0)     12 :  0.0120 0.9880 
1430     1430   (0)     12 :  0.0140 0.9860 
1431     1431   (0)     12 :  0.0120 0.9880 
1432     1432   (0)     12 :  0.0320 0.9680 
1433     1433   (0)     12 :  0.0090 0.9910 
1434     1434   (0)     12 :  0.0080 0.9920 
1435     1435   (0)     12 :  0.0070 0.9930 
1436     1436   (0)     12 :  0.0090 0.9910 
1437     1437   (0)     12 :  0.0090 0.9910 
1438     1438   (0)     12 :  0.0160 0.9840 
1439     1439   (0)     12 :  0.0100 0.9900 
1440     1440   (0)     12 :  0.0110 0.9890 
1441     1441   (0)     12 :  0.0110 0.9890 
1442     1442   (0)     12 :  0.0110 0.9890 
1443     1443   (0)     12 :  0.0120 0.9880 
1444     1444   (0)     12 :  0.0130 0.9870 
1445     1445   (0)     12 :  0.0090 0.9910 
1446     1446   (0)     12 :  0.0080 0.9920 
1447     1447   (0)     12 :  0.0090 0.9910 
1448     1448   (0)     12 :  0.0090 0.9910 
1449     1449   (0)     12 :  0.0060 0.9940 
1450     1450   (0)     12 :  0.0080 0.9920 
1451     1451   (0)     12 :  0.0360 0.9640 
1452     1452   (0)     12 :  0.0080 0.9920 
1453     1453   (0)     12 :  0.0080 0.9920 
1454     1454   (0)     12 :  0.0080 0.9920 
1455     1455   (0)     12 :  0.0050 0.9950 
1456     1456   (0)     12 :  0.0140 0.9860 
1457     1457   (0)     12 :  0.0170 0.9830 
1458     1458   (0)     12 :  0.0100 0.9900 
1459     1459   (0)     12 :  0.0130 0.9870 
1460     1460   (0)     12 :  0.0080 0.9920 
1461     1461   (0)     12 :  0.0710 0.9290 
1462     1462   (0)     12 :  0.0210 0.9790 
1463     1463   (0)     12 :  0.0130 0.9870 
1464     1464   (0)     12 :  0.0120 0.9880 
1465     1465   (0)     12 :  0.0090 0.9910 
1466     1466   (0)     12 :  0.0110 0.9890 
1467     1467   (0)     12 :  0.0070 0.9930 
1468     1468   (0)     12 :  0.0148 0.9852 
1469     1469   (0)     12 :  0.0110 0.9890 
1470     1470   (0)     12 :  0.0080 0.9920 
1471     1471   (0)     12 :  0.0060 0.9940 
1472     1472   (0)     12 :  0.0070 0.9930 
1473     1473   (0)     12 :  0.0160 0.9840 
1474     1474   (0)     12 :  0.0120 0.9880 
1475     1475   (0)     12 :  0.0090 0.9910 
1476     1476   (0)     12 :  0.0100 0.9900 
1477     1477   (0)     12 :  0.0060 0.9940 
1478     1478   (0)     12 :  0.0080 0.9920 
1479     1479   (0)     12 :  0.0090 0.9910 
1480     1480   (0)     12 :  0.0070 0.9930 
1481     1481   (0)     12 :  0.0090 0.9910 
1482     1482   (0)     12 :  0.0120 0.9880 
1483     1483   (0)     12 :  0.0182 0.9818 
1484     1484   (0)     12 :  0.0050 0.9950 
1485     1485   (0)     12 :  0.0140 0.9860 
1486     1486   (0)     12 :  0.0120 0.9880 
1487     1487   (0)     12 :  0.0070 0.9930 
1488     1488   (0)     12 :  0.0110 0.9890 
1489     1489   (0)     12 :  0.0092 0.9908 
1490     1490   (0)     12 :  0.0170 0.9830 
1491     1491   (0)     12 :  0.0120 0.9880 
1492     1492   (0)     12 :  0.0110 0.9890 
1493     1493   (0)     12 :  0.0170 0.9830 
1494     1494   (0)     12 :  0.0060 0.9940 
1495     1495   (0)     12 :  0.0118 0.9882 
1496     1496   (0)     12 :  0.0090 0.9910 
1497     1497   (0)     12 :  0.0090 0.9910 
1498     1498   (0)     12 :  0.0078 0.9922 
1499     1499   (0)     12 :  0.0160 0.9840 
1500     1500   (0)     12 :  0.0290 0.9710 
1501     1501   (0)     12 :  0.0110 0.9890 
1502     1502   (0)     12 :  0.0140 0.9860 
1503     1503   (0)     12 :  0.0070 0.9930 
1504     1504   (0)     12 :  0.0374 0.9626 
1505     1505   (0)     12 :  0.0060 0.9940 
1506     1506   (0)     12 :  0.0110 0.9890 
1507     1507   (0)     12 :  0.0100 0.9900 
1508     1508   (0)     12 :  0.0130 0.9870 
1509     1509   (0)     12 :  0.0100 0.9900 
1510     1510   (0)     12 :  0.0100 0.9900 
1511     1511   (0)     12 :  0.0150 0.9850 
1512     1512   (0)     12 :  0.0190 0.9810 
1513     1513   (0)     12 :  0.0180 0.9820 
1514     1514   (0)     12 :  0.0080 0.9920 
1515     1515   (0)     12 :  0.0090 0.9910 
1516     1516   (0)     12 :  0.0106 0.9894 
1517     1517   (0)     12 :  0.0060 0.9940 
1518     1518   (0)     12 :  0.0060 0.9940 
1519     1519   (0)     12 :  0.0070 0.9930 
1520     1520   (0)     12 :  0.0070 0.9930 
1521     1521   (0)     12 :  0.0080 0.9920 
1522     1522   (0)     12 :  0.0070 0.9930 
1523     1523   (0)     12 :  0.0090 0.9910 
1524     1524   (0)     12 :  0.0110 0.9890 
1525     1525   (0)     12 :  0.0720 0.9280 
1526     1526   (0)     12 :  0.0100 0.9900 
1527     1527   (0)     12 :  0.0080 0.9920 
1528     1528   (0)     12 :  0.0210 0.9790 
1529     1529   (0)     12 :  0.0080 0.9920 
1530     1530   (0)     12 :  0.0090 0.9910 
1531     1531   (0)     12 :  0.0060 0.9940 
1532     1532   (0)     12 :  0.0080 0.9920 
1533     1533   (0)     12 :  0.0120 0.9880 
1534     1534   (0)     12 :  0.0120 0.9880 
1535     1535   (0)     12 :  0.0080 0.9920 
1536     1536   (0)     12 :  0.0084 0.9916 
1537     1537   (0)     12 :  0.0220 0.9780 
1538     1538   (0)     12 :  0.0080 0.9920 
1539     1539   (0)     12 :  0.0060 0.9940 
1540     1540   (0)     12 :  0.0150 0.9850 
1541     1541   (0)     12 :  0.0100 0.9900 
1542     1542   (0)     12 :  0.0310 0.9690 
1543     1543   (0)     12 :  0.0080 0.9920 
1544     1544   (0)     12 :  0.0120 0.9880 
1545     1545   (0)     12 :  0.0060 0.9940 
1546     1546   (0)     12 :  0.0550 0.9450 
1547     1547   (0)     12 :  0.0080 0.9920 
1548     1548   (0)     12 :  0.0350 0.9650 
1549     1549   (0)     12 :  0.0080 0.9920 
1550     1550   (0)     12 :  0.0060 0.9940 
