1        1   (5)      1  : 0.9735 0.0050 0.0050 0.0030 0.0070 0.0030 0.0035
2        2   (5)      1  : 0.9480 0.0070 0.0190 0.0040 0.0040 0.0080 0.0100
3        3   (5)      1  : 0.9840 0.0030 0.0020 0.0030 0.0030 0.0020 0.0030
4        4   (0)      1  : 0.9850 0.0030 0.0020 0.0020 0.0030 0.0030 0.0020
5        5   (0)      1  : 0.8980 0.0170 0.0070 0.0130 0.0470 0.0140 0.0040
6        6   (0)      1  : 0.9800 0.0030 0.0050 0.0020 0.0040 0.0030 0.0030
7        7   (0)      1  : 0.8726 0.0060 0.0350 0.0694 0.0030 0.0050 0.0090
8        8   (5)      1  : 0.9860 0.0020 0.0020 0.0020 0.0030 0.0030 0.0020
9        9   (0)      1  : 0.9880 0.0020 0.0020 0.0020 0.0020 0.0020 0.0020
10       10   (0)      1  : 0.9465 0.0050 0.0155 0.0060 0.0030 0.0055 0.0185
11       11   (0)      1  : 0.9740 0.0040 0.0060 0.0060 0.0030 0.0030 0.0040
12       12   (0)      1  : 0.9680 0.0040 0.0040 0.0060 0.0030 0.0070 0.0080
13       13   (0)      1  : 0.9815 0.0035 0.0020 0.0030 0.0020 0.0050 0.0030
14       14   (0)      1  : 0.9780 0.0040 0.0050 0.0020 0.0030 0.0030 0.0050
15       15   (0)      1  : 0.9780 0.0050 0.0040 0.0020 0.0020 0.0030 0.0060
16       16   (0)      1  : 0.9850 0.0030 0.0020 0.0020 0.0040 0.0020 0.0020
17       17   (0)      1  : 0.9880 0.0020 0.0020 0.0020 0.0020 0.0020 0.0020
18       18   (0)      1  : 0.9645 0.0110 0.0060 0.0050 0.0060 0.0045 0.0030
19       19   (0)      1  : 0.9710 0.0020 0.0020 0.0020 0.0080 0.0130 0.0020
20       20   (0)      1  : 0.9405 0.0120 0.0070 0.0140 0.0070 0.0065 0.0130
21       21   (0)      1  : 0.9860 0.0020 0.0030 0.0020 0.0020 0.0030 0.0020
22       22   (0)      1  : 0.9870 0.0020 0.0020 0.0020 0.0030 0.0020 0.0020
23       23   (0)      1  : 0.9840 0.0020 0.0020 0.0020 0.0060 0.0020 0.0020
24       24   (0)      1  : 0.9740 0.0030 0.0020 0.0020 0.0110 0.0060 0.0020
25       25   (0)      1  : 0.9500 0.0040 0.0050 0.0200 0.0030 0.0080 0.0100
26       26   (0)      1  : 0.9800 0.0020 0.0040 0.0030 0.0030 0.0060 0.0020
27       27   (5)      1  : 0.9470 0.0130 0.0100 0.0120 0.0060 0.0040 0.0080
28       28   (0)      1  : 0.9730 0.0090 0.0040 0.0040 0.0050 0.0020 0.0030
29       29   (0)      1  : 0.9850 0.0030 0.0020 0.0020 0.0040 0.0020 0.0020
30       30   (0)      1  : 0.9470 0.0040 0.0160 0.0080 0.0120 0.0090 0.0040
31       31   (0)      1  : 0.9840 0.0020 0.0020 0.0030 0.0050 0.0020 0.0020
32       32   (0)      1  : 0.9465 0.0315 0.0040 0.0020 0.0030 0.0100 0.0030
33       33   (0)      1  : 0.9860 0.0030 0.0020 0.0020 0.0030 0.0020 0.0020
34       34   (0)      1  : 0.9820 0.0020 0.0020 0.0020 0.0080 0.0020 0.0020
35       35   (0)      1  : 0.9425 0.0070 0.0055 0.0060 0.0290 0.0050 0.0050
36       36   (0)      1  : 0.9680 0.0180 0.0020 0.0030 0.0040 0.0030 0.0020
37       37   (0)      1  : 0.9640 0.0040 0.0050 0.0110 0.0040 0.0080 0.0040
38       38   (0)      1  : 0.9765 0.0030 0.0040 0.0030 0.0025 0.0070 0.0040
39       39   (0)      1  : 0.9655 0.0065 0.0110 0.0030 0.0030 0.0050 0.0060
40       40   (0)      1  : 0.9770 0.0040 0.0030 0.0020 0.0070 0.0040 0.0030
41       41   (0)      1  : 0.9820 0.0030 0.0030 0.0030 0.0030 0.0030 0.0030
42       42   (0)      1  : 0.9870 0.0020 0.0020 0.0020 0.0020 0.0030 0.0020
43       43   (0)      1  : 0.9840 0.0030 0.0030 0.0030 0.0020 0.0020 0.0030
44       44   (0)      1  : 0.9885 0.0020 0.0020 0.0020 0.0020 0.0015 0.0020
45       45   (5)      1  : 0.9715 0.0060 0.0040 0.0030 0.0030 0.0050 0.0075
46       46   (0)      1  : 0.9870 0.0020 0.0020 0.0020 0.0040 0.0010 0.0020
47       47   (0)      1  : 0.9750 0.0060 0.0030 0.0030 0.0040 0.0020 0.0070
48       48   (0)      1  : 0.9745 0.0040 0.0040 0.0030 0.0065 0.0030 0.0050
49       49   (0)      1  : 0.9625 0.0030 0.0040 0.0020 0.0020 0.0095 0.0170
50       50   (0)      1  : 0.9820 0.0030 0.0030 0.0030 0.0030 0.0020 0.0040
51       51   (0)      1  : 0.9770 0.0020 0.0040 0.0040 0.0030 0.0060 0.0040
52       52   (0)      1  : 0.9400 0.0050 0.0070 0.0140 0.0080 0.0200 0.0060
53       53   (0)      1  : 0.9495 0.0030 0.0060 0.0100 0.0255 0.0030 0.0030
54       54   (0)      1  : 0.9780 0.0040 0.0060 0.0040 0.0030 0.0020 0.0030
55       55   (0)      1  : 0.9790 0.0030 0.0030 0.0040 0.0030 0.0020 0.0060
56       56   (0)      1  : 0.9860 0.0030 0.0020 0.0020 0.0030 0.0020 0.0020
57       57  (10)      1  : 0.9810 0.0060 0.0020 0.0020 0.0030 0.0040 0.0020
58       58   (5)      1  : 0.9730 0.0060 0.0050 0.0030 0.0040 0.0030 0.0060
59       59   (0)      1  : 0.9785 0.0025 0.0050 0.0030 0.0040 0.0040 0.0030
60       60   (0)      1  : 0.9845 0.0030 0.0025 0.0020 0.0020 0.0020 0.0040
61       61   (0)      1  : 0.9780 0.0030 0.0040 0.0040 0.0050 0.0030 0.0030
62       62   (0)      1  : 0.9470 0.0050 0.0350 0.0030 0.0030 0.0020 0.0050
63       63   (0)      1  : 0.9760 0.0040 0.0060 0.0040 0.0030 0.0030 0.0040
64       64   (0)      1  : 0.9810 0.0030 0.0050 0.0020 0.0040 0.0020 0.0030
65       65   (0)      1  : 0.9421 0.0180 0.0080 0.0060 0.0030 0.0155 0.0075
66       66   (0)      1  : 0.9750 0.0100 0.0020 0.0020 0.0060 0.0020 0.0030
67       67   (5)      1  : 0.9664 0.0055 0.0040 0.0040 0.0070 0.0100 0.0030
68       68   (0)      1  : 0.9560 0.0050 0.0110 0.0070 0.0120 0.0030 0.0060
69       69   (0)      1  : 0.9730 0.0020 0.0050 0.0120 0.0020 0.0020 0.0040
70       70   (0)      1  : 0.9750 0.0060 0.0050 0.0030 0.0030 0.0030 0.0050
71       71   (5)      1  : 0.9690 0.0080 0.0030 0.0050 0.0080 0.0030 0.0040
72       72   (0)      1  : 0.9720 0.0040 0.0050 0.0050 0.0030 0.0080 0.0030
73       73   (5)      1  : 0.9785 0.0030 0.0025 0.0030 0.0080 0.0020 0.0030
74       74  (10)      1  : 0.9720 0.0040 0.0060 0.0050 0.0040 0.0050 0.0040
75       75  (10)      1  : 0.9675 0.0020 0.0030 0.0030 0.0050 0.0155 0.0040
76       76   (0)      1  : 0.9159 0.0050 0.0020 0.0020 0.0701 0.0030 0.0020
77       77  (10)      1  : 0.9745 0.0030 0.0030 0.0030 0.0105 0.0030 0.0030
78       78   (0)      1  : 0.9385 0.0040 0.0050 0.0030 0.0395 0.0060 0.0040
79       79   (5)      1  : 0.9770 0.0030 0.0050 0.0030 0.0050 0.0020 0.0050
80       80   (0)      1  : 0.9880 0.0020 0.0020 0.0020 0.0020 0.0020 0.0020
81       81   (0)      1  : 0.9880 0.0020 0.0020 0.0020 0.0020 0.0020 0.0020
82       82   (0)      1  : 0.9880 0.0020 0.0020 0.0020 0.0020 0.0020 0.0020
83       83   (0)      1  : 0.9660 0.0045 0.0050 0.0035 0.0130 0.0030 0.0050
84       84   (0)      1  : 0.9715 0.0050 0.0070 0.0030 0.0030 0.0050 0.0055
85       85   (0)      1  : 0.9870 0.0020 0.0020 0.0020 0.0020 0.0020 0.0030
86       86   (5)      1  : 0.9840 0.0020 0.0030 0.0030 0.0020 0.0030 0.0030
87       87   (0)      1  : 0.9850 0.0040 0.0020 0.0030 0.0020 0.0020 0.0020
88       88   (0)      1  : 0.8137 0.0160 0.0090 0.0040 0.1474 0.0070 0.0030
89       89   (0)      1  : 0.9625 0.0070 0.0030 0.0020 0.0050 0.0175 0.0030
90       90   (0)      1  : 0.9670 0.0120 0.0040 0.0030 0.0060 0.0020 0.0060
91       91   (0)      1  : 0.9770 0.0030 0.0060 0.0020 0.0050 0.0030 0.0040
92       92   (0)      1  : 0.9650 0.0110 0.0050 0.0090 0.0040 0.0020 0.0040
93       93   (0)      1  : 0.9880 0.0020 0.0020 0.0020 0.0020 0.0020 0.0020
94       94   (5)      1  : 0.9650 0.0040 0.0030 0.0030 0.0130 0.0100 0.0020
95       95   (0)      1  : 0.9820 0.0020 0.0050 0.0020 0.0030 0.0030 0.0030
96       96   (5)      1  : 0.9840 0.0020 0.0030 0.0030 0.0020 0.0030 0.0030
97       97   (0)      1  : 0.9730 0.0040 0.0040 0.0040 0.0040 0.0020 0.0090
98       98   (0)      1  : 0.9775 0.0040 0.0030 0.0030 0.0045 0.0040 0.0040
99       99   (5)      1  : 0.9845 0.0030 0.0030 0.0025 0.0020 0.0030 0.0020
100      100   (5)      1  : 0.9880 0.0020 0.0020 0.0020 0.0020 0.0020 0.0020
101      101   (5)      2  : 0.5900 0.0040 0.0110 0.3670 0.0030 0.0040 0.0210
102      102   (0)      2  : 0.1315 0.0080 0.7925 0.0280 0.0220 0.0100 0.0080
103      103   (0)      2  : 0.3037 0.0050 0.5679 0.0714 0.0230 0.0130 0.0160
104      104   (5)      2  : 0.2132 0.0030 0.7072 0.0085 0.0440 0.0080 0.0160
105      105   (5)      2  : 0.1299 0.0030 0.8511 0.0050 0.0020 0.0040 0.0050
106      106   (0)      2  : 0.1274 0.0040 0.7336 0.0500 0.0255 0.0450 0.0145
107      107   (0)      3  : 0.0030 0.0030 0.9655 0.0110 0.0075 0.0030 0.0070
108      108   (0)      3  : 0.0090 0.0080 0.8794 0.0606 0.0380 0.0020 0.0030
109      109  (10)      4  : 0.0020 0.0060 0.9740 0.0040 0.0050 0.0020 0.0070
110      110   (5)      4  : 0.0030 0.0040 0.9710 0.0060 0.0040 0.0050 0.0070
111      111   (5)      4  : 0.0040 0.0030 0.9800 0.0020 0.0050 0.0030 0.0030
112      112   (5)      4  : 0.0020 0.0100 0.9500 0.0070 0.0020 0.0020 0.0270
113      113  (10)      4  : 0.0020 0.0030 0.9800 0.0030 0.0060 0.0030 0.0030
114      114   (5)      4  : 0.0035 0.0030 0.9835 0.0020 0.0040 0.0020 0.0020
115      115  (10)      4  : 0.0020 0.0030 0.9810 0.0020 0.0050 0.0020 0.0050
116      116   (0)      4  : 0.0060 0.0185 0.3222 0.0215 0.0050 0.0986 0.5283
117      117   (0)      4  : 0.0030 0.0040 0.9780 0.0030 0.0040 0.0020 0.0060
118      118   (0)      4  : 0.0020 0.0040 0.9605 0.0050 0.0020 0.0040 0.0225
119      119   (0)      4  : 0.0040 0.0060 0.9750 0.0030 0.0020 0.0040 0.0060
120      120   (0)      4  : 0.0105 0.0030 0.9715 0.0030 0.0040 0.0020 0.0060
121      121   (0)      4  : 0.0020 0.0030 0.9840 0.0030 0.0020 0.0030 0.0030
122      122   (0)      4  : 0.0020 0.0020 0.9860 0.0020 0.0030 0.0020 0.0030
123      123   (0)      4  : 0.0040 0.0060 0.9505 0.0060 0.0235 0.0020 0.0080
124      124   (0)      4  : 0.0030 0.0030 0.9810 0.0020 0.0060 0.0020 0.0030
125      125   (0)      4  : 0.0020 0.0030 0.9840 0.0020 0.0030 0.0020 0.0040
126      126   (0)      4  : 0.0030 0.0020 0.9850 0.0020 0.0040 0.0020 0.0020
127      127   (0)      4  : 0.0070 0.0130 0.3112 0.0250 0.0050 0.0065 0.6323
128      128   (5)      4  : 0.0060 0.0030 0.9255 0.0200 0.0020 0.0200 0.0235
129      129   (0)      4  : 0.0020 0.0020 0.9700 0.0130 0.0050 0.0050 0.0030
130      130   (0)      4  : 0.0090 0.0040 0.9580 0.0150 0.0050 0.0060 0.0030
131      131   (5)      4  : 0.0080 0.0050 0.9710 0.0030 0.0030 0.0060 0.0040
132      132   (5)      4  : 0.0050 0.0060 0.0115 0.0060 0.0020 0.0095 0.9600
133      133   (0)      4  : 0.0915 0.0085 0.7524 0.0040 0.0180 0.0530 0.0725
134      134   (0)      4  : 0.0495 0.0480 0.3207 0.0080 0.0030 0.0060 0.5648
135      135   (0)      4  : 0.0145 0.0890 0.2166 0.0110 0.0805 0.0040 0.5843
136      136   (0)      4  : 0.0020 0.0030 0.9725 0.0050 0.0030 0.0030 0.0115
137      137   (0)      4  : 0.0020 0.0060 0.5573 0.1336 0.0075 0.0050 0.2886
138      138   (0)      4  : 0.0020 0.0130 0.9014 0.0200 0.0090 0.0040 0.0506
139      139   (0)      4  : 0.0020 0.0030 0.4860 0.0440 0.0020 0.0105 0.4525
140      140   (0)      4  : 0.0040 0.0110 0.0265 0.0070 0.0040 0.0020 0.9455
141      141   (0)      4  : 0.0030 0.0030 0.9630 0.0140 0.0050 0.0050 0.0070
142      142   (0)      4  : 0.0030 0.0030 0.8385 0.0080 0.1335 0.0070 0.0070
143      143   (0)      4  : 0.0300 0.0050 0.0395 0.0060 0.0050 0.0050 0.9095
144      144   (0)      4  : 0.0060 0.0030 0.9146 0.0624 0.0040 0.0030 0.0070
145      145   (0)      4  : 0.0100 0.0030 0.9555 0.0045 0.0190 0.0050 0.0030
146      146   (0)      4  : 0.0020 0.0030 0.0255 0.9585 0.0030 0.0040 0.0040
147      147   (0)      4  : 0.0030 0.0020 0.9570 0.0220 0.0050 0.0050 0.0060
148      148   (0)      4  : 0.0040 0.0090 0.9080 0.0400 0.0180 0.0020 0.0190
149      149   (0)      4  : 0.0030 0.0115 0.8766 0.0095 0.0779 0.0020 0.0195
150      150   (0)      4  : 0.0040 0.1039 0.8146 0.0185 0.0205 0.0030 0.0355
151      151  (10)      5  : 0.0030 0.0250 0.8844 0.0410 0.0060 0.0030 0.0375
152      152   (0)      5  : 0.0030 0.0060 0.0110 0.4380 0.2990 0.0030 0.2400
153      153   (0)      5  : 0.0230 0.0030 0.0090 0.0080 0.0020 0.0220 0.9330
154      154   (0)      5  : 0.0020 0.0040 0.0130 0.0150 0.0045 0.0040 0.9575
155      155   (0)      5  : 0.0030 0.0080 0.0050 0.7165 0.2490 0.0020 0.0165
156      156   (5)      5  : 0.0030 0.1310 0.0505 0.0900 0.3980 0.0030 0.3245
157      157   (0)      5  : 0.0030 0.0280 0.8474 0.0640 0.0050 0.0030 0.0495
158      158   (0)      5  : 0.0020 0.0030 0.0030 0.0040 0.0030 0.0010 0.9840
159      159   (0)      5  : 0.0020 0.0040 0.0030 0.8228 0.0060 0.1286 0.0335
160      160   (0)      5  : 0.0400 0.0714 0.0150 0.0050 0.1014 0.0020 0.7652
161      161   (0)      5  : 0.0020 0.0020 0.0040 0.5385 0.0050 0.4455 0.0030
162      162   (0)      5  : 0.0020 0.0030 0.0245 0.9239 0.0030 0.0050 0.0385
163      163   (0)      5  : 0.0020 0.0180 0.0130 0.9491 0.0030 0.0060 0.0090
164      164   (0)      5  : 0.0030 0.0050 0.0050 0.9560 0.0090 0.0020 0.0200
165      165   (5)      5  : 0.0020 0.0040 0.0080 0.1697 0.0020 0.0040 0.8103
166      166   (0)      5  : 0.0030 0.0070 0.0135 0.9605 0.0030 0.0030 0.0100
167      167   (0)      5  : 0.0040 0.0040 0.0060 0.9700 0.0040 0.0060 0.0060
168      168   (0)      5  : 0.0020 0.0020 0.0020 0.9860 0.0020 0.0020 0.0040
169      169   (0)      5  : 0.0020 0.0040 0.0345 0.9415 0.0090 0.0030 0.0060
170      170   (0)      5  : 0.0010 0.0020 0.0050 0.9800 0.0020 0.0020 0.0080
171      171   (0)      5  : 0.0020 0.0050 0.0240 0.0070 0.0050 0.0030 0.9540
172      172   (5)      5  : 0.0030 0.0070 0.0110 0.9640 0.0040 0.0050 0.0060
173      173   (5)      5  : 0.0030 0.0060 0.0050 0.9520 0.0030 0.0260 0.0050
174      174   (5)      5  : 0.0060 0.0245 0.0110 0.0190 0.0090 0.0050 0.9256
175      175   (0)      5  : 0.0155 0.0270 0.1281 0.6788 0.0280 0.0020 0.1206
176      176   (0)      5  : 0.0020 0.0689 0.6074 0.3047 0.0040 0.0020 0.0110
177      177   (0)      5  : 0.0020 0.0090 0.0470 0.9221 0.0080 0.0050 0.0070
178      178   (0)      5  : 0.0120 0.0125 0.1136 0.6577 0.0240 0.0020 0.1782
179      179   (0)      5  : 0.0020 0.0040 0.0425 0.9315 0.0050 0.0030 0.0120
180      180   (0)      5  : 0.0030 0.0030 0.0060 0.9735 0.0030 0.0040 0.0075
181      181   (0)      5  : 0.0030 0.0035 0.0040 0.9680 0.0030 0.0080 0.0105
182      182   (0)      5  : 0.0020 0.0060 0.0100 0.9665 0.0025 0.0080 0.0050
183      183   (0)      5  : 0.0020 0.0040 0.0840 0.8896 0.0085 0.0030 0.0090
184      184   (0)      5  : 0.0080 0.0100 0.0661 0.0230 0.0030 0.0040 0.8859
185      185   (0)      5  : 0.0030 0.0110 0.0040 0.9535 0.0210 0.0020 0.0055
186      186   (0)      5  : 0.0020 0.0020 0.0035 0.9825 0.0020 0.0040 0.0040
187      187   (5)      5  : 0.0035 0.0070 0.0420 0.9195 0.0090 0.0100 0.0090
188      188   (0)      5  : 0.0040 0.0030 0.7973 0.1707 0.0030 0.0040 0.0180
189      189   (0)      5  : 0.0020 0.0070 0.0285 0.9420 0.0070 0.0040 0.0095
190      190   (0)      5  : 0.0030 0.0040 0.0085 0.0065 0.0020 0.0030 0.9730
191      191   (0)      5  : 0.0030 0.0070 0.0075 0.9235 0.0050 0.0040 0.0500
192      192   (0)      5  : 0.0020 0.0035 0.0120 0.0050 0.0020 0.0030 0.9725
193      193   (5)      5  : 0.0020 0.0030 0.0060 0.9765 0.0030 0.0035 0.0060
194      194   (5)      5  : 0.0085 0.0050 0.1933 0.7028 0.0160 0.0070 0.0674
195      195   (5)      5  : 0.0020 0.0030 0.0070 0.9745 0.0040 0.0050 0.0045
196      196   (5)      5  : 0.0030 0.0030 0.0070 0.9720 0.0030 0.0080 0.0040
197      197   (5)      5  : 0.0070 0.0095 0.0621 0.6286 0.0040 0.0140 0.2748
198      198   (5)      5  : 0.0060 0.0040 0.6218 0.3387 0.0035 0.0060 0.0200
199      199   (0)      5  : 0.0030 0.0380 0.0165 0.0120 0.0050 0.0030 0.9225
200      200   (5)      5  : 0.0020 0.0040 0.0140 0.8961 0.0040 0.0050 0.0750
201      201   (0)      5  : 0.0030 0.8615 0.0440 0.0430 0.0285 0.0070 0.0130
202      202   (0)      5  : 0.0195 0.3634 0.5260 0.0070 0.0390 0.0315 0.0135
203      203   (0)      5  : 0.0020 0.0130 0.0165 0.8600 0.0050 0.0075 0.0960
204      204   (0)      5  : 0.0015 0.0030 0.0050 0.9810 0.0025 0.0020 0.0050
205      205   (0)      5  : 0.0070 0.0240 0.0055 0.8259 0.0465 0.0030 0.0880
206      206   (0)      5  : 0.0030 0.0100 0.7556 0.2064 0.0040 0.0100 0.0110
207      207   (0)      5  : 0.0020 0.0030 0.0060 0.0070 0.0020 0.0040 0.9760
208      208   (0)      5  : 0.0040 0.0556 0.0090 0.4655 0.0060 0.0030 0.4570
209      209   (0)      5  : 0.0020 0.0150 0.0030 0.4615 0.0040 0.0250 0.4895
210      210   (0)      5  : 0.0030 0.0160 0.0235 0.9270 0.0040 0.0030 0.0235
211      211   (0)      5  : 0.0030 0.1894 0.0935 0.1139 0.1599 0.0020 0.4383
212      212   (0)      5  : 0.0020 0.0020 0.0020 0.0030 0.9860 0.0020 0.0030
213      213   (0)      5  : 0.0010 0.0040 0.0050 0.9770 0.0030 0.0040 0.0060
214      214   (0)      5  : 0.0020 0.0175 0.0060 0.5465 0.0060 0.0060 0.4160
215      215   (0)      5  : 0.0020 0.0195 0.0140 0.9515 0.0030 0.0030 0.0070
216      216   (0)      5  : 0.0030 0.0385 0.0585 0.1471 0.1781 0.0030 0.5718
217      217   (0)      5  : 0.0020 0.0040 0.0040 0.0050 0.0040 0.0020 0.9790
218      218   (0)      5  : 0.0060 0.0060 0.2302 0.3984 0.0884 0.2626 0.0085
219      219   (0)      5  : 0.0040 0.0090 0.0030 0.8905 0.0275 0.0205 0.0455
220      220   (0)      5  : 0.0030 0.0120 0.0810 0.7975 0.0840 0.0065 0.0160
221      221   (0)      5  : 0.0020 0.0030 0.0040 0.9810 0.0030 0.0020 0.0050
222      222   (0)      5  : 0.0020 0.0025 0.0050 0.9180 0.0030 0.0030 0.0665
223      223   (0)      5  : 0.0100 0.0320 0.0325 0.7176 0.0040 0.0030 0.2009
224      224   (0)      5  : 0.0045 0.0115 0.0070 0.2897 0.1214 0.0030 0.5629
225      225   (0)      5  : 0.0030 0.0080 0.0070 0.9680 0.0050 0.0020 0.0070
226      226   (0)      5  : 0.0020 0.0165 0.0080 0.9645 0.0030 0.0020 0.0040
227      227   (0)      5  : 0.0040 0.0620 0.1466 0.7574 0.0080 0.0030 0.0190
228      228   (0)      5  : 0.0030 0.0030 0.0300 0.9390 0.0030 0.0100 0.0120
229      229   (0)      5  : 0.0040 0.0075 0.0120 0.9475 0.0060 0.0100 0.0130
230      230   (0)      5  : 0.0030 0.0240 0.0115 0.9415 0.0070 0.0030 0.0100
231      231   (0)      5  : 0.0010 0.0020 0.0110 0.2304 0.0020 0.7506 0.0030
232      232   (0)      5  : 0.0020 0.0040 0.0090 0.9615 0.0040 0.0030 0.0165
233      233   (0)      5  : 0.0020 0.0045 0.0150 0.9510 0.0060 0.0035 0.0180
234      234   (0)      5  : 0.0020 0.0030 0.0050 0.9760 0.0040 0.0040 0.0060
235      235   (0)      5  : 0.0020 0.0070 0.0115 0.7296 0.0090 0.0030 0.2379
236      236   (0)      5  : 0.0030 0.0030 0.0040 0.9780 0.0060 0.0030 0.0030
237      237   (0)      5  : 0.0020 0.0030 0.0060 0.0200 0.0050 0.0020 0.9620
238      238   (0)      5  : 0.0020 0.0100 0.0050 0.9675 0.0030 0.0050 0.0075
239      239   (0)      5  : 0.0030 0.0639 0.5045 0.1419 0.0050 0.0110 0.2707
240      240   (0)      5  : 0.0020 0.0100 0.2160 0.6475 0.0060 0.0050 0.1135
241      241   (0)      5  : 0.0020 0.0120 0.0800 0.8715 0.0050 0.0070 0.0225
242      242   (0)      5  : 0.0030 0.0020 0.0040 0.9820 0.0040 0.0020 0.0030
243      243  (10)      5  : 0.0050 0.0120 0.0565 0.1230 0.0085 0.7065 0.0885
244      244   (0)      5  : 0.0020 0.0020 0.0030 0.9830 0.0030 0.0030 0.0040
245      245   (0)      5  : 0.0020 0.0060 0.0875 0.0090 0.0100 0.0030 0.8825
246      246   (0)      5  : 0.0035 0.0150 0.0030 0.7245 0.0595 0.0360 0.1585
247      247   (0)      5  : 0.0030 0.0020 0.0020 0.9800 0.0030 0.0070 0.0030
248      248   (0)      5  : 0.0050 0.0080 0.0055 0.9540 0.0175 0.0030 0.0070
249      249   (0)      5  : 0.0020 0.0030 0.0050 0.9795 0.0035 0.0020 0.0050
250      250   (0)      5  : 0.0020 0.0280 0.0050 0.4763 0.0095 0.0050 0.4743
251      251   (0)      5  : 0.0010 0.0020 0.0050 0.9800 0.0020 0.0020 0.0080
252      252   (0)      5  : 0.0010 0.0030 0.0140 0.9220 0.0020 0.0040 0.0540
253      253   (0)      5  : 0.0050 0.0080 0.0080 0.9610 0.0050 0.0080 0.0050
254      254   (0)      5  : 0.0010 0.0030 0.0120 0.9271 0.0030 0.0040 0.0500
255      255   (0)      5  : 0.0020 0.0030 0.0495 0.4349 0.0020 0.0060 0.5025
256      256   (0)      6  : 0.0310 0.0160 0.4295 0.0060 0.0040 0.0100 0.5035
257      257  (10)      6  : 0.0050 0.0050 0.0759 0.0070 0.0020 0.0110 0.8941
258      258  (10)      6  : 0.0060 0.0165 0.0905 0.0355 0.0850 0.0160 0.7505
259      259   (5)      6  : 0.0060 0.0040 0.0315 0.8984 0.0030 0.0030 0.0540
260      260   (5)      6  : 0.0020 0.0030 0.0075 0.0040 0.0020 0.0070 0.9745
261      261   (0)      6  : 0.0010 0.0030 0.0030 0.9840 0.0030 0.0030 0.0030
262      262   (5)      6  : 0.0020 0.0020 0.0040 0.9820 0.0030 0.0040 0.0030
263      263   (5)      6  : 0.0020 0.0030 0.0030 0.9825 0.0020 0.0045 0.0030
264      264   (0)      6  : 0.0015 0.0030 0.0140 0.9710 0.0020 0.0030 0.0055
265      265   (0)      6  : 0.0020 0.0070 0.0110 0.7368 0.0030 0.0040 0.2363
266      266   (0)      6  : 0.0020 0.0070 0.0110 0.7358 0.0025 0.0040 0.2378
267      267   (0)      6  : 0.0020 0.2544 0.4818 0.2159 0.0050 0.0050 0.0360
268      268   (0)      6  : 0.0020 0.0040 0.0070 0.9670 0.0040 0.0030 0.0130
269      269   (5)      6  : 0.0020 0.0050 0.9164 0.0120 0.0030 0.0040 0.0576
270      270   (5)      6  : 0.0090 0.0040 0.4087 0.0125 0.0050 0.0040 0.5568
271      271  (10)      6  : 0.0040 0.2546 0.0520 0.3787 0.0040 0.0070 0.2997
272      272   (0)      6  : 0.0020 0.0085 0.0120 0.9635 0.0030 0.0040 0.0070
273      273   (5)      6  : 0.0050 0.0160 0.0030 0.9645 0.0040 0.0045 0.0030
274      274   (5)      6  : 0.0020 0.0050 0.0090 0.0060 0.0040 0.0020 0.9720
275      275   (0)      6  : 0.0010 0.0045 0.0030 0.9825 0.0030 0.0020 0.0040
276      276   (5)      6  : 0.0020 0.0480 0.0110 0.9205 0.0040 0.0050 0.0095
277      277   (0)      6  : 0.0050 0.0040 0.9130 0.0425 0.0090 0.0020 0.0245
278      278   (5)      6  : 0.0010 0.0020 0.0060 0.9525 0.0030 0.0050 0.0305
279      279   (0)      6  : 0.0020 0.0030 0.0060 0.0060 0.0020 0.0060 0.9750
280      280   (0)      6  : 0.0030 0.0020 0.0030 0.9800 0.0020 0.0060 0.0040
281      281   (0)      6  : 0.0030 0.0030 0.0040 0.9785 0.0030 0.0035 0.0050
282      282   (0)      6  : 0.0020 0.0030 0.0020 0.9850 0.0020 0.0030 0.0030
283      283   (0)      6  : 0.0020 0.0100 0.0070 0.0140 0.0060 0.0070 0.9540
284      284   (0)      6  : 0.0020 0.0020 0.0020 0.9840 0.0030 0.0050 0.0020
285      285   (0)      6  : 0.0040 0.0020 0.0030 0.9800 0.0030 0.0050 0.0030
286      286   (0)      6  : 0.0030 0.0020 0.0020 0.9850 0.0030 0.0020 0.0030
287      287   (0)      6  : 0.0030 0.0030 0.0020 0.9810 0.0030 0.0060 0.0020
288      288   (0)      6  : 0.0020 0.0020 0.0040 0.9735 0.0030 0.0040 0.0115
289      289   (0)      6  : 0.0030 0.0150 0.0060 0.0070 0.0100 0.0025 0.9565
290      290   (0)      6  : 0.0070 0.0090 0.0475 0.0170 0.0100 0.0060 0.9035
291      291   (0)      6  : 0.0010 0.0030 0.9749 0.0060 0.0020 0.0020 0.0110
292      292   (0)      6  : 0.0070 0.0130 0.7070 0.0750 0.0050 0.0020 0.1910
293      293   (0)      6  : 0.0010 0.0020 0.9820 0.0070 0.0020 0.0020 0.0040
294      294   (5)      6  : 0.0020 0.0075 0.0080 0.0650 0.0050 0.0070 0.9055
295      295   (5)      6  : 0.0020 0.0035 0.0040 0.9795 0.0040 0.0040 0.0030
296      296   (0)      6  : 0.0020 0.0030 0.0040 0.0040 0.0030 0.0020 0.9820
297      297  (15)      6  : 0.0045 0.0040 0.0070 0.0040 0.0045 0.0060 0.9700
298      298  (10)      6  : 0.0020 0.0040 0.0150 0.9620 0.0020 0.0060 0.0090
299      299  (10)      6  : 0.0020 0.0060 0.9500 0.0190 0.0050 0.0030 0.0150
300      300  (10)      6  : 0.0030 0.0250 0.0655 0.0555 0.0150 0.0055 0.8304
301      301   (5)      6  : 0.0020 0.0050 0.0050 0.0110 0.0080 0.0040 0.9650
302      302   (5)      6  : 0.0020 0.0595 0.0220 0.0050 0.0030 0.0060 0.9025
303      303   (5)      6  : 0.0020 0.0040 0.0145 0.0040 0.0060 0.0020 0.9675
304      304   (5)      6  : 0.0020 0.0040 0.0030 0.9800 0.0030 0.0030 0.0050
305      305   (5)      6  : 0.0030 0.0090 0.0070 0.0130 0.0155 0.0040 0.9485
306      306   (5)      6  : 0.0030 0.0180 0.9375 0.0050 0.0060 0.0020 0.0285
307      307  (15)      6  : 0.0120 0.2020 0.1755 0.0665 0.0120 0.0190 0.5130
308      308   (5)      6  : 0.0070 0.0135 0.0921 0.0060 0.0020 0.0060 0.8734
309      309   (5)      6  : 0.0020 0.0090 0.4257 0.0100 0.0030 0.0040 0.5463
310      310  (15)      6  : 0.0030 0.0100 0.9375 0.0080 0.0030 0.0070 0.0315
311      311   (5)      6  : 0.0220 0.1484 0.0900 0.0515 0.0220 0.0175 0.6487
312      312   (5)      6  : 0.0235 0.0180 0.7654 0.0455 0.0650 0.0215 0.0610
313      313   (5)      6  : 0.0030 0.0265 0.7476 0.0490 0.0070 0.0030 0.1639
314      314   (5)      6  : 0.0020 0.0030 0.0030 0.9765 0.0030 0.0050 0.0075
315      315  (10)      6  : 0.0030 0.0060 0.0110 0.1129 0.0040 0.0050 0.8581
316      316   (5)      6  : 0.0020 0.0090 0.0080 0.1799 0.0050 0.0305 0.7656
317      317   (5)      6  : 0.0020 0.0030 0.0020 0.0030 0.0030 0.0020 0.9850
318      318  (10)      6  : 0.0020 0.0190 0.0080 0.1264 0.0040 0.0100 0.8306
319      319  (10)      6  : 0.0030 0.0110 0.8360 0.0665 0.0190 0.0040 0.0605
320      320  (10)      6  : 0.0185 0.0060 0.0265 0.0050 0.0040 0.0030 0.9369
321      321  (10)      6  : 0.0070 0.0180 0.9490 0.0060 0.0080 0.0050 0.0070
322      322   (5)      6  : 0.0020 0.0110 0.8784 0.0581 0.0120 0.0040 0.0345
323      323  (10)      6  : 0.0030 0.0040 0.9430 0.0090 0.0260 0.0060 0.0090
324      324   (0)      6  : 0.0010 0.0030 0.0060 0.9620 0.0030 0.0080 0.0170
325      325   (5)      6  : 0.0020 0.0020 0.0050 0.9810 0.0020 0.0040 0.0040
326      326   (0)      6  : 0.0020 0.0050 0.0120 0.0070 0.0030 0.0055 0.9655
327      327   (0)      6  : 0.0010 0.0020 0.0220 0.0990 0.0020 0.0040 0.8699
328      328   (0)      6  : 0.0020 0.0070 0.9605 0.0080 0.0030 0.0040 0.0155
329      329   (0)      6  : 0.0050 0.0030 0.6903 0.0644 0.0030 0.0060 0.2283
330      330   (0)      6  : 0.0020 0.0060 0.9230 0.0040 0.0060 0.0020 0.0570
331      331   (0)      6  : 0.0130 0.0040 0.2949 0.3518 0.0030 0.0265 0.3068
332      332   (0)      6  : 0.0020 0.0050 0.0050 0.0050 0.0030 0.0160 0.9640
333      333  (10)      6  : 0.0020 0.0030 0.9795 0.0060 0.0020 0.0030 0.0045
334      334  (10)      6  : 0.0090 0.9351 0.0160 0.0150 0.0110 0.0060 0.0080
335      335   (0)      6  : 0.0140 0.0390 0.9245 0.0040 0.0030 0.0055 0.0100
336      336   (5)      6  : 0.0450 0.3507 0.4582 0.0850 0.0215 0.0050 0.0345
337      337   (0)      6  : 0.0020 0.0130 0.9119 0.0070 0.0040 0.0055 0.0566
338      338   (5)      6  : 0.0070 0.0080 0.0065 0.0040 0.0050 0.0040 0.9655
339      339   (5)      6  : 0.0020 0.0080 0.0120 0.9540 0.0060 0.0100 0.0080
340      340   (5)      6  : 0.0040 0.0060 0.4687 0.4792 0.0060 0.0205 0.0155
341      341  (10)      6  : 0.0020 0.0045 0.0135 0.0080 0.0030 0.0105 0.9585
342      342   (0)      6  : 0.0020 0.0040 0.0070 0.0290 0.0020 0.0020 0.9540
343      343   (0)      6  : 0.0020 0.0060 0.3854 0.0315 0.0040 0.0050 0.5661
344      344   (0)      6  : 0.0240 0.7100 0.2255 0.0060 0.0080 0.0050 0.0215
345      345   (0)      6  : 0.0020 0.0040 0.0040 0.0130 0.0030 0.0020 0.9720
346      346   (0)      6  : 0.0040 0.2320 0.0965 0.6130 0.0090 0.0060 0.0395
347      347   (0)      6  : 0.0020 0.0050 0.0365 0.9075 0.0040 0.0035 0.0415
348      348   (0)      6  : 0.0020 0.0050 0.0080 0.9346 0.0065 0.0140 0.0300
349      349   (0)      6  : 0.0030 0.0765 0.0420 0.0130 0.0100 0.0150 0.8404
350      350   (0)      6  : 0.0020 0.0110 0.0090 0.8084 0.0030 0.0165 0.1501
351      351   (0)      6  : 0.0020 0.0070 0.9660 0.0040 0.0020 0.0030 0.0160
352      352   (0)      6  : 0.0030 0.0070 0.9451 0.0120 0.0050 0.0030 0.0250
353      353   (0)      6  : 0.0095 0.7181 0.0920 0.0440 0.0095 0.0580 0.0690
354      354   (0)      6  : 0.0080 0.5290 0.0165 0.0080 0.0410 0.0090 0.3885
355      355   (0)      6  : 0.0080 0.7735 0.0320 0.0140 0.0715 0.0155 0.0855
356      356   (0)      6  : 0.0030 0.0070 0.0070 0.9270 0.0365 0.0050 0.0145
357      357   (0)      6  : 0.0205 0.0180 0.4515 0.0100 0.0050 0.0175 0.4775
358      358   (0)      6  : 0.0020 0.0050 0.8257 0.0100 0.0020 0.0040 0.1513
359      359   (5)      6  : 0.0030 0.0070 0.0300 0.0120 0.0080 0.0060 0.9340
360      360   (0)      6  : 0.0020 0.0400 0.0195 0.1159 0.0120 0.0050 0.8056
361      361   (5)      6  : 0.2639 0.5457 0.1379 0.0070 0.0095 0.0040 0.0320
362      362   (0)      6  : 0.0020 0.0130 0.0280 0.1071 0.0640 0.0030 0.7829
363      363   (0)      6  : 0.0060 0.3723 0.0080 0.4078 0.0080 0.0630 0.1349
364      364   (0)      6  : 0.0040 0.0200 0.9446 0.0050 0.0145 0.0040 0.0080
365      365   (0)      6  : 0.0040 0.1236 0.0130 0.0150 0.0150 0.0060 0.8234
366      366   (0)      6  : 0.0020 0.0060 0.0090 0.9535 0.0030 0.0040 0.0225
367      367   (0)      6  : 0.0020 0.0040 0.0260 0.9110 0.0100 0.0070 0.0400
368      368   (0)      6  : 0.0045 0.0130 0.0060 0.0050 0.0120 0.0090 0.9505
369      369   (0)      6  : 0.0010 0.0040 0.0085 0.0030 0.0020 0.0020 0.9795
370      370   (0)      6  : 0.0030 0.0400 0.0095 0.6311 0.0050 0.0030 0.3083
371      371   (0)      6  : 0.0020 0.0115 0.0080 0.4772 0.0020 0.0030 0.4962
372      372   (0)      6  : 0.0060 0.5517 0.0150 0.1569 0.0140 0.0850 0.1714
373      373   (0)      6  : 0.0020 0.0050 0.0215 0.8459 0.0040 0.0040 0.1176
374      374   (0)      6  : 0.0040 0.0100 0.9309 0.0060 0.0050 0.0020 0.0420
375      375   (5)      6  : 0.0020 0.0110 0.9680 0.0080 0.0020 0.0040 0.0050
376      376   (0)      6  : 0.0030 0.0070 0.0050 0.0070 0.0030 0.0060 0.9690
377      377   (0)      6  : 0.0030 0.0170 0.0050 0.0050 0.0230 0.0050 0.9419
378      378   (0)      6  : 0.0030 0.0040 0.7385 0.0170 0.0030 0.0030 0.2315
379      379  (10)      6  : 0.0020 0.0065 0.0300 0.0125 0.0030 0.0060 0.9400
380      380   (0)      6  : 0.0020 0.0040 0.6120 0.0050 0.0020 0.0030 0.3720
381      381   (0)      6  : 0.0020 0.0150 0.0050 0.7505 0.0020 0.0030 0.2225
382      382   (0)      6  : 0.0020 0.0245 0.8247 0.0140 0.0020 0.0040 0.1289
383      383  (10)      6  : 0.0030 0.0110 0.0350 0.0770 0.0080 0.0050 0.8610
384      384   (5)      6  : 0.0020 0.0415 0.9070 0.0040 0.0080 0.0020 0.0355
385      385   (0)      6  : 0.0020 0.0040 0.9730 0.0070 0.0040 0.0030 0.0070
386      386   (5)      6  : 0.0020 0.0035 0.0050 0.0190 0.0020 0.0030 0.9655
387      387   (5)      6  : 0.0015 0.0030 0.0140 0.9380 0.0030 0.0030 0.0375
388      388  (10)      6  : 0.0050 0.0290 0.7549 0.1672 0.0140 0.0040 0.0260
389      389   (0)      6  : 0.0020 0.0030 0.0050 0.0050 0.0020 0.0040 0.9790
390      390   (5)      6  : 0.0050 0.0050 0.9280 0.0305 0.0100 0.0040 0.0175
391      391  (10)      6  : 0.0020 0.0100 0.0050 0.9280 0.0030 0.0060 0.0460
392      392   (0)      6  : 0.0020 0.0020 0.9810 0.0030 0.0030 0.0020 0.0070
393      393   (0)      6  : 0.0435 0.0555 0.1780 0.0520 0.0200 0.0320 0.6190
394      394   (0)      6  : 0.0020 0.0115 0.7764 0.1236 0.0510 0.0030 0.0325
395      395   (0)      6  : 0.0030 0.0090 0.9095 0.0315 0.0240 0.0060 0.0170
396      396   (0)      6  : 0.0020 0.0040 0.0315 0.2465 0.0110 0.0040 0.7010
397      397   (0)      6  : 0.0050 0.0050 0.1581 0.6258 0.0030 0.0020 0.2011
398      398   (0)      6  : 0.0020 0.0080 0.0875 0.3960 0.0090 0.0280 0.4695
399      399   (0)      6  : 0.0020 0.0020 0.0030 0.9840 0.0020 0.0030 0.0040
400      400   (0)      6  : 0.0010 0.0030 0.0030 0.9810 0.0020 0.0040 0.0060
401      401   (5)      6  : 0.0080 0.1186 0.3402 0.1836 0.0255 0.0030 0.3212
402      402   (0)      6  : 0.0010 0.0030 0.0050 0.9810 0.0020 0.0030 0.0050
403      403   (0)      6  : 0.0070 0.0040 0.0685 0.8501 0.0130 0.0385 0.0190
404      404   (0)      6  : 0.0020 0.0030 0.0040 0.0030 0.0030 0.0020 0.9830
405      405   (5)      6  : 0.0080 0.0240 0.6567 0.0170 0.0100 0.0220 0.2624
406      406   (0)      6  : 0.0020 0.0040 0.9436 0.0100 0.0030 0.0050 0.0325
407      407   (0)      6  : 0.0175 0.1349 0.5117 0.0605 0.1019 0.0170 0.1564
408      408   (0)      6  : 0.0020 0.0020 0.0030 0.9825 0.0040 0.0025 0.0040
409      409   (0)      6  : 0.0020 0.2376 0.1041 0.5858 0.0100 0.0110 0.0495
410      410   (0)      6  : 0.0020 0.0040 0.0075 0.1344 0.0030 0.0030 0.8461
411      411   (0)      6  : 0.0040 0.0040 0.0195 0.2405 0.0120 0.0465 0.6735
412      412   (0)      6  : 0.0060 0.0050 0.0105 0.0040 0.0060 0.0030 0.9655
413      413   (0)      6  : 0.0020 0.0025 0.0040 0.0080 0.0020 0.0030 0.9785
414      414   (0)      6  : 0.0020 0.0040 0.0050 0.9720 0.0050 0.0050 0.0070
415      415   (0)      6  : 0.0250 0.0430 0.0800 0.0400 0.0190 0.0050 0.7881
416      416   (0)      6  : 0.0020 0.0265 0.0090 0.0410 0.0050 0.0255 0.8911
417      417   (0)      6  : 0.0010 0.0030 0.0085 0.9660 0.0020 0.0035 0.0160
418      418   (0)      6  : 0.0020 0.0050 0.0030 0.0060 0.0030 0.0020 0.9790
419      419   (0)      6  : 0.0020 0.0030 0.0030 0.9740 0.0030 0.0020 0.0130
420      420   (0)      6  : 0.0010 0.0030 0.9725 0.0050 0.0020 0.0020 0.0145
421      421   (0)      6  : 0.0020 0.0030 0.0060 0.9620 0.0020 0.0030 0.0220
422      422   (0)      6  : 0.0020 0.0040 0.9491 0.0190 0.0050 0.0040 0.0170
423      423   (0)      6  : 0.0040 0.0040 0.9545 0.0060 0.0040 0.0030 0.0245
424      424   (0)      6  : 0.0030 0.0030 0.0040 0.0275 0.0020 0.0030 0.9575
425      425   (0)      6  : 0.0020 0.0020 0.0040 0.0080 0.0020 0.0020 0.9800
426      426  (10)      6  : 0.0040 0.0220 0.1029 0.8141 0.0040 0.0050 0.0480
427      427   (5)      6  : 0.0020 0.0546 0.0080 0.0636 0.2077 0.0115 0.6527
428      428  (10)      6  : 0.0020 0.0040 0.9720 0.0090 0.0030 0.0040 0.0060
429      429   (5)      6  : 0.0991 0.0050 0.0050 0.0050 0.0160 0.0090 0.8609
430      430  (10)      6  : 0.0020 0.0055 0.0120 0.9375 0.0050 0.0090 0.0290
431      431  (10)      6  : 0.0050 0.0060 0.8719 0.0130 0.0070 0.0855 0.0115
432      432   (0)      6  : 0.0030 0.0030 0.0030 0.9810 0.0040 0.0030 0.0030
433      433   (5)      6  : 0.0070 0.0040 0.0085 0.0105 0.0110 0.0040 0.9550
434      434   (5)      6  : 0.0080 0.0100 0.9430 0.0160 0.0130 0.0040 0.0060
435      435  (10)      6  : 0.0030 0.0030 0.7474 0.0195 0.0055 0.0120 0.2096
436      436   (0)      6  : 0.0020 0.0040 0.0040 0.9740 0.0030 0.0050 0.0080
437      437   (0)      6  : 0.0030 0.0030 0.0030 0.0135 0.0020 0.0030 0.9725
438      438   (0)      6  : 0.0020 0.0020 0.0030 0.0050 0.0020 0.0020 0.9840
439      439   (0)      6  : 0.0020 0.0030 0.0040 0.1702 0.0020 0.0020 0.8168
440      440   (0)      6  : 0.0040 0.0050 0.9490 0.0080 0.0030 0.0260 0.0050
441      441   (0)      6  : 0.0390 0.5088 0.1661 0.0220 0.0310 0.0020 0.2311
442      442   (0)      6  : 0.0230 0.0040 0.9500 0.0090 0.0030 0.0040 0.0070
443      443   (0)      6  : 0.0020 0.0110 0.8089 0.0725 0.0050 0.0020 0.0985
444      444   (0)      6  : 0.0020 0.0040 0.9625 0.0175 0.0050 0.0020 0.0070
445      445   (5)      6  : 0.0070 0.8180 0.1380 0.0110 0.0090 0.0040 0.0130
446      446   (0)      6  : 0.0110 0.8781 0.0365 0.0050 0.0455 0.0110 0.0130
447      447   (0)      6  : 0.0020 0.0130 0.0070 0.0040 0.0040 0.0030 0.9670
448      448  (10)      6  : 0.0040 0.5817 0.0775 0.0100 0.0040 0.0075 0.3153
449      449   (5)      6  : 0.0020 0.0050 0.0050 0.0040 0.0030 0.0040 0.9770
450      450   (0)      6  : 0.0010 0.0100 0.5990 0.0235 0.0030 0.0030 0.3605
451      451   (5)      6  : 0.0040 0.9530 0.0060 0.0060 0.0060 0.0070 0.0180
452      452   (5)      6  : 0.0020 0.0050 0.9469 0.0290 0.0050 0.0070 0.0050
453      453   (0)      6  : 0.0020 0.0040 0.9470 0.0220 0.0050 0.0080 0.0120
454      454   (0)      6  : 0.0240 0.0060 0.5909 0.3526 0.0040 0.0050 0.0175
455      455   (0)      6  : 0.0040 0.0110 0.0740 0.0120 0.0150 0.0040 0.8800
456      456   (0)      6  : 0.0030 0.7249 0.1881 0.0385 0.0085 0.0030 0.0340
457      457   (0)      6  : 0.0020 0.1724 0.0155 0.7576 0.0030 0.0085 0.0410
458      458   (0)      6  : 0.0030 0.0070 0.9635 0.0095 0.0040 0.0070 0.0060
459      459   (0)      6  : 0.0020 0.0030 0.9680 0.0085 0.0030 0.0030 0.0125
460      460   (0)      6  : 0.0020 0.0100 0.0410 0.9105 0.0235 0.0030 0.0100
461      461   (0)      6  : 0.0020 0.0060 0.9077 0.0279 0.0035 0.0030 0.0499
462      462   (0)      6  : 0.0020 0.0050 0.8176 0.0999 0.0040 0.0040 0.0675
463      463   (0)      6  : 0.0040 0.0030 0.0040 0.9760 0.0030 0.0040 0.0060
464      464   (0)      6  : 0.0020 0.0020 0.0090 0.0175 0.0100 0.0030 0.9565
465      465   (0)      6  : 0.0020 0.0050 0.0070 0.0110 0.0070 0.0020 0.9660
466      466   (0)      6  : 0.0020 0.0030 0.0040 0.0225 0.0040 0.0020 0.9625
467      467   (0)      6  : 0.0020 0.0020 0.0030 0.9820 0.0020 0.0050 0.0040
468      468   (0)      6  : 0.0030 0.0030 0.0060 0.9740 0.0050 0.0040 0.0050
469      469   (0)      6  : 0.0020 0.0020 0.0030 0.9820 0.0020 0.0050 0.0040
470      470   (0)      6  : 0.0020 0.0030 0.0075 0.9670 0.0030 0.0030 0.0145
471      471   (0)      6  : 0.0020 0.0020 0.0030 0.9830 0.0030 0.0020 0.0050
472      472   (0)      6  : 0.0010 0.0020 0.0030 0.9850 0.0030 0.0020 0.0040
473      473   (0)      6  : 0.0020 0.0030 0.0090 0.9690 0.0030 0.0020 0.0120
474      474   (0)      6  : 0.0020 0.0515 0.2106 0.0425 0.0030 0.0385 0.6518
475      475   (0)      6  : 0.0020 0.0305 0.0070 0.9475 0.0020 0.0050 0.0060
476      476   (0)      6  : 0.0020 0.0030 0.9640 0.0115 0.0020 0.0080 0.0095
477      477   (0)      6  : 0.0090 0.0090 0.8839 0.0070 0.0030 0.0050 0.0831
478      478   (0)      6  : 0.0020 0.0030 0.0125 0.9585 0.0030 0.0030 0.0180
479      479   (0)      6  : 0.0050 0.0090 0.0030 0.9685 0.0065 0.0040 0.0040
480      480   (0)      6  : 0.0010 0.0030 0.0030 0.0060 0.0020 0.0030 0.9820
481      481   (0)      6  : 0.0020 0.0060 0.0030 0.9710 0.0060 0.0030 0.0090
482      482   (0)      6  : 0.0020 0.0110 0.0090 0.9560 0.0040 0.0030 0.0150
483      483   (0)      6  : 0.0050 0.1900 0.1185 0.5210 0.0130 0.0080 0.1445
484      484   (0)      6  : 0.0105 0.0310 0.6837 0.0525 0.0065 0.0180 0.1979
485      485   (0)      6  : 0.0020 0.0060 0.9460 0.0080 0.0030 0.0030 0.0320
486      486   (0)      6  : 0.0040 0.0050 0.8899 0.0180 0.0040 0.0080 0.0711
487      487   (0)      6  : 0.0020 0.0020 0.0020 0.9870 0.0020 0.0020 0.0030
488      488   (0)      6  : 0.0070 0.0080 0.0150 0.0040 0.0060 0.1304 0.8296
489      489   (0)      6  : 0.0020 0.0020 0.0040 0.0120 0.0020 0.0020 0.9760
490      490   (0)      6  : 0.0020 0.0030 0.9730 0.0120 0.0020 0.0020 0.0060
491      491   (0)      6  : 0.0040 0.1299 0.5122 0.0180 0.0080 0.0070 0.3208
492      492   (0)      6  : 0.0040 0.0060 0.0130 0.0520 0.0080 0.0020 0.9150
493      493   (0)      6  : 0.0020 0.0080 0.8649 0.0520 0.0045 0.0050 0.0635
494      494   (0)      6  : 0.0020 0.0735 0.6882 0.0100 0.0050 0.0040 0.2174
495      495   (0)      6  : 0.0020 0.0030 0.0040 0.9770 0.0030 0.0020 0.0090
496      496   (5)      7  : 0.0290 0.1508 0.0110 0.0280 0.0450 0.0040 0.7323
497      497   (0)      7  : 0.0030 0.9055 0.0340 0.0085 0.0110 0.0040 0.0340
498      498   (0)      7  : 0.0040 0.7958 0.0140 0.0050 0.0030 0.0120 0.1662
499      499   (0)      7  : 0.0020 0.9515 0.0100 0.0050 0.0030 0.0060 0.0225
500      500   (0)      7  : 0.0030 0.3232 0.4112 0.0140 0.0040 0.0140 0.2306
501      501   (0)      7  : 0.0861 0.4887 0.1693 0.0040 0.0105 0.0060 0.2354
502      502   (0)      7  : 0.0040 0.4318 0.5057 0.0210 0.0180 0.0080 0.0115
503      503   (0)      7  : 0.0305 0.1150 0.1375 0.0110 0.0765 0.0450 0.5845
504      504   (0)      7  : 0.0020 0.8909 0.0305 0.0430 0.0090 0.0195 0.0050
505      505   (0)      7  : 0.0020 0.0020 0.0090 0.2790 0.0020 0.0020 0.7040
506      506   (0)      7  : 0.0050 0.3840 0.4905 0.0255 0.0040 0.0050 0.0860
507      507   (0)      7  : 0.0040 0.4505 0.0535 0.0485 0.0110 0.0205 0.4120
508      508   (0)      7  : 0.0040 0.0145 0.1076 0.0420 0.0055 0.0140 0.8124
509      509   (0)      7  : 0.0020 0.9135 0.0290 0.0250 0.0050 0.0050 0.0205
510      510   (0)      7  : 0.0030 0.7821 0.0535 0.0280 0.0050 0.0710 0.0575
511      511   (0)      7  : 0.0020 0.0030 0.0870 0.3870 0.0030 0.0040 0.5140
512      512   (0)      7  : 0.0020 0.5645 0.2975 0.0855 0.0060 0.0035 0.0410
513      513   (0)      7  : 0.0100 0.5295 0.0534 0.0420 0.0050 0.0030 0.3571
514      514   (0)      7  : 0.0020 0.0080 0.9605 0.0120 0.0050 0.0020 0.0105
515      515   (0)      7  : 0.0075 0.0385 0.0125 0.0105 0.1420 0.0020 0.7870
516      516   (0)      7  : 0.0080 0.0110 0.0100 0.0615 0.0090 0.0830 0.8175
517      517   (0)      7  : 0.0050 0.0605 0.0140 0.0520 0.2391 0.0030 0.6263
518      518   (0)      7  : 0.0030 0.8734 0.0375 0.0110 0.0100 0.0130 0.0520
519      519   (0)      7  : 0.0040 0.8699 0.0200 0.0115 0.0090 0.0250 0.0605
520      520   (0)      7  : 0.0505 0.0160 0.5170 0.0250 0.0060 0.0020 0.3835
521      521   (0)      7  : 0.0040 0.4423 0.1559 0.1929 0.0370 0.0070 0.1609
522      522   (0)      7  : 0.0030 0.6912 0.0340 0.1109 0.0220 0.0170 0.1219
523      523   (0)      7  : 0.0030 0.9720 0.0050 0.0030 0.0060 0.0040 0.0070
524      524   (0)      7  : 0.0040 0.7281 0.0455 0.0200 0.0030 0.0140 0.1854
525      525   (0)      7  : 0.0050 0.6054 0.2414 0.1262 0.0080 0.0020 0.0120
526      526   (0)      7  : 0.0210 0.0120 0.9435 0.0050 0.0030 0.0115 0.0040
527      527  (10)      7  : 0.0050 0.0060 0.1836 0.0275 0.0060 0.0050 0.7669
528      528   (5)      7  : 0.0040 0.4303 0.0200 0.0820 0.0040 0.0170 0.4428
529      529   (0)      7  : 0.0050 0.6082 0.0040 0.0040 0.3728 0.0020 0.0040
530      530   (0)      7  : 0.0030 0.9630 0.0090 0.0040 0.0040 0.0020 0.0150
531      531   (0)      7  : 0.0050 0.9335 0.0120 0.0040 0.0060 0.0120 0.0275
532      532   (0)      7  : 0.0040 0.9380 0.0150 0.0090 0.0060 0.0040 0.0240
533      533   (0)      7  : 0.0070 0.9455 0.0075 0.0040 0.0160 0.0040 0.0160
534      534   (0)      7  : 0.0020 0.9600 0.0100 0.0050 0.0050 0.0020 0.0160
535      535   (0)      7  : 0.0060 0.9170 0.0140 0.0050 0.0040 0.0050 0.0490
536      536   (0)      7  : 0.0040 0.9535 0.0145 0.0030 0.0060 0.0030 0.0160
537      537   (0)      7  : 0.0020 0.9710 0.0080 0.0070 0.0040 0.0030 0.0050
538      538   (5)      7  : 0.0050 0.5788 0.0485 0.0475 0.0720 0.0030 0.2451
539      539   (0)      7  : 0.0040 0.9249 0.0120 0.0020 0.0380 0.0160 0.0030
540      540   (0)      7  : 0.0020 0.6818 0.2582 0.0210 0.0140 0.0030 0.0200
541      541   (0)      7  : 0.0040 0.6888 0.0225 0.0210 0.1561 0.0040 0.1036
542      542   (0)      7  : 0.0130 0.5740 0.2655 0.0600 0.0190 0.0060 0.0625
543      543   (0)      7  : 0.0020 0.9479 0.0100 0.0030 0.0230 0.0020 0.0120
544      544   (5)      7  : 0.0020 0.0060 0.0120 0.0586 0.8188 0.0090 0.0936
545      545   (0)      7  : 0.0070 0.9150 0.0280 0.0095 0.0165 0.0070 0.0170
546      546   (0)      7  : 0.0020 0.9690 0.0040 0.0070 0.0040 0.0110 0.0030
547      547   (0)      7  : 0.0020 0.9820 0.0040 0.0020 0.0060 0.0020 0.0020
548      548   (0)      7  : 0.0030 0.9575 0.0050 0.0100 0.0110 0.0060 0.0075
549      549   (0)      7  : 0.0020 0.0260 0.0870 0.0150 0.0055 0.0200 0.8444
550      550   (0)      7  : 0.0030 0.3397 0.5270 0.0195 0.0080 0.0210 0.0819
551      551   (5)      7  : 0.0030 0.8095 0.0845 0.0310 0.0070 0.0085 0.0565
552      552   (5)      7  : 0.0030 0.9410 0.0050 0.0070 0.0350 0.0030 0.0060
553      553   (0)      7  : 0.0030 0.9515 0.0090 0.0115 0.0030 0.0030 0.0190
554      554   (0)      7  : 0.0020 0.9400 0.0210 0.0040 0.0220 0.0050 0.0060
555      555   (0)      7  : 0.0150 0.8999 0.0140 0.0330 0.0260 0.0030 0.0090
556      556   (0)      7  : 0.0020 0.9330 0.0230 0.0070 0.0040 0.0030 0.0280
557      557   (0)      7  : 0.0060 0.4465 0.0230 0.4005 0.0140 0.0060 0.1040
558      558   (0)      7  : 0.0100 0.9299 0.0255 0.0065 0.0100 0.0070 0.0110
559      559   (0)      7  : 0.0040 0.7165 0.0440 0.0705 0.0080 0.0030 0.1540
560      560   (0)      7  : 0.0020 0.6059 0.0240 0.0754 0.0549 0.0060 0.2318
561      561   (0)      7  : 0.0030 0.6948 0.0624 0.1294 0.0729 0.0110 0.0265
562      562   (0)      7  : 0.0020 0.9045 0.0275 0.0205 0.0050 0.0040 0.0365
563      563   (0)      7  : 0.0070 0.4020 0.1615 0.0290 0.1125 0.0040 0.2840
564      564   (0)      8  : 0.0030 0.8929 0.0070 0.0545 0.0020 0.0050 0.0355
565      565   (0)      8  : 0.0030 0.9420 0.0120 0.0240 0.0030 0.0050 0.0110
566      566   (0)      8  : 0.0050 0.5613 0.4057 0.0070 0.0030 0.0040 0.0140
567      567   (0)      8  : 0.0040 0.9505 0.0180 0.0095 0.0040 0.0080 0.0060
568      568   (0)      8  : 0.0030 0.9610 0.0065 0.0135 0.0050 0.0030 0.0080
569      569   (0)      8  : 0.0010 0.9775 0.0065 0.0040 0.0040 0.0020 0.0050
570      570   (0)      8  : 0.0020 0.9500 0.0050 0.0130 0.0030 0.0050 0.0220
571      571   (0)      8  : 0.0140 0.9045 0.0160 0.0080 0.0450 0.0030 0.0095
572      572   (0)      8  : 0.0160 0.9180 0.0155 0.0090 0.0180 0.0120 0.0115
573      573   (0)      8  : 0.0040 0.8748 0.0110 0.0579 0.0125 0.0110 0.0289
574      574   (0)      8  : 0.0020 0.9745 0.0030 0.0045 0.0030 0.0030 0.0100
575      575   (0)      8  : 0.0040 0.9740 0.0040 0.0050 0.0050 0.0040 0.0040
576      576   (0)      8  : 0.0030 0.7390 0.2440 0.0040 0.0030 0.0020 0.0050
577      577   (0)      8  : 0.0020 0.9224 0.0100 0.0070 0.0040 0.0100 0.0445
578      578   (0)      8  : 0.0040 0.9790 0.0040 0.0040 0.0030 0.0020 0.0040
579      579   (0)      8  : 0.0020 0.9725 0.0050 0.0070 0.0030 0.0030 0.0075
580      580   (0)      8  : 0.0020 0.9800 0.0020 0.0030 0.0050 0.0040 0.0040
581      581   (0)      8  : 0.0050 0.9130 0.0300 0.0070 0.0090 0.0050 0.0310
582      582   (0)      8  : 0.0020 0.9735 0.0105 0.0040 0.0030 0.0020 0.0050
583      583   (0)      8  : 0.0020 0.9790 0.0050 0.0030 0.0040 0.0040 0.0030
584      584   (0)      8  : 0.0040 0.8994 0.0080 0.0465 0.0260 0.0070 0.0090
585      585   (0)      8  : 0.0030 0.9650 0.0040 0.0040 0.0110 0.0100 0.0030
586      586   (0)      8  : 0.0020 0.9710 0.0050 0.0040 0.0040 0.0110 0.0030
587      587   (0)      8  : 0.0020 0.9560 0.0060 0.0040 0.0070 0.0210 0.0040
588      588   (0)      8  : 0.0020 0.9770 0.0060 0.0030 0.0060 0.0030 0.0030
589      589   (0)      8  : 0.0050 0.9680 0.0100 0.0070 0.0040 0.0020 0.0040
590      590   (0)      8  : 0.0030 0.9405 0.0160 0.0040 0.0065 0.0020 0.0280
591      591   (0)      8  : 0.0050 0.9610 0.0120 0.0090 0.0040 0.0040 0.0050
592      592   (0)      8  : 0.0380 0.9450 0.0060 0.0020 0.0040 0.0030 0.0020
593      593   (0)      8  : 0.0040 0.9625 0.0030 0.0060 0.0080 0.0115 0.0050
594      594   (0)      8  : 0.0040 0.9600 0.0100 0.0050 0.0040 0.0080 0.0090
595      595   (0)      9  : 0.0030 0.9740 0.0070 0.0040 0.0040 0.0040 0.0040
596      596   (0)      9  : 0.0060 0.9620 0.0020 0.0100 0.0090 0.0040 0.0070
597      597   (0)      9  : 0.0035 0.9635 0.0030 0.0060 0.0080 0.0070 0.0090
598      598   (0)      9  : 0.0020 0.9341 0.0050 0.0125 0.0220 0.0085 0.0160
599      599   (0)      9  : 0.0020 0.9835 0.0035 0.0030 0.0030 0.0030 0.0020
600      600   (0)      9  : 0.0110 0.9540 0.0120 0.0060 0.0090 0.0040 0.0040
601      601   (0)      9  : 0.0120 0.9690 0.0030 0.0050 0.0060 0.0020 0.0030
602      602   (0)      9  : 0.0165 0.9650 0.0040 0.0040 0.0040 0.0025 0.0040
603      603   (0)      9  : 0.0130 0.9560 0.0090 0.0050 0.0110 0.0030 0.0030
604      604   (0)      9  : 0.0060 0.8999 0.0060 0.0020 0.0205 0.0621 0.0035
605      605   (0)      9  : 0.0020 0.9850 0.0020 0.0020 0.0030 0.0020 0.0040
606      606   (0)      9  : 0.0020 0.9650 0.0020 0.0040 0.0200 0.0030 0.0040
607      607   (0)      9  : 0.0020 0.9680 0.0080 0.0060 0.0070 0.0020 0.0070
608      608   (0)      9  : 0.0030 0.9780 0.0060 0.0040 0.0030 0.0030 0.0030
609      609   (0)      9  : 0.0060 0.7607 0.2103 0.0080 0.0060 0.0030 0.0060
610      610  (10)      9  : 0.0030 0.9770 0.0040 0.0030 0.0040 0.0030 0.0060
611      611   (0)      9  : 0.0040 0.9455 0.0040 0.0090 0.0265 0.0050 0.0060
612      612   (0)      9  : 0.0315 0.8541 0.0205 0.0200 0.0180 0.0140 0.0420
613      613   (0)      9  : 0.0020 0.9590 0.0140 0.0060 0.0050 0.0060 0.0080
614      614   (0)      9  : 0.0040 0.9095 0.0030 0.0070 0.0685 0.0050 0.0030
615      615   (5)      9  : 0.0040 0.9770 0.0030 0.0060 0.0040 0.0030 0.0030
616      616   (0)      9  : 0.0030 0.9680 0.0030 0.0050 0.0040 0.0070 0.0100
617      617   (0)      9  : 0.0020 0.9800 0.0030 0.0050 0.0050 0.0020 0.0030
618      618   (0)      9  : 0.0295 0.9255 0.0040 0.0080 0.0180 0.0090 0.0060
619      619   (0)      9  : 0.0080 0.9780 0.0040 0.0020 0.0030 0.0020 0.0030
620      620   (0)      9  : 0.0020 0.9760 0.0040 0.0050 0.0030 0.0050 0.0050
621      621   (0)      9  : 0.0030 0.9655 0.0030 0.0040 0.0195 0.0020 0.0030
622      622   (5)      9  : 0.0020 0.9770 0.0070 0.0030 0.0060 0.0020 0.0030
623      623   (0)      9  : 0.0050 0.9570 0.0110 0.0120 0.0050 0.0040 0.0060
624      624   (0)      9  : 0.0030 0.9685 0.0105 0.0070 0.0040 0.0030 0.0040
625      625   (0)      9  : 0.0030 0.9775 0.0040 0.0040 0.0050 0.0030 0.0035
626      626   (0)      9  : 0.0085 0.9385 0.0050 0.0210 0.0090 0.0120 0.0060
627      627   (0)      9  : 0.0030 0.9665 0.0050 0.0030 0.0080 0.0050 0.0095
628      628   (0)      9  : 0.0020 0.9245 0.0275 0.0060 0.0130 0.0155 0.0115
629      629   (0)      9  : 0.0020 0.9650 0.0160 0.0030 0.0050 0.0040 0.0050
630      630   (0)      9  : 0.0020 0.9730 0.0040 0.0040 0.0030 0.0040 0.0100
631      631   (0)      9  : 0.0020 0.9760 0.0060 0.0030 0.0070 0.0020 0.0040
632      632   (5)      9  : 0.0030 0.9720 0.0060 0.0050 0.0030 0.0070 0.0040
633      633   (0)      9  : 0.0030 0.9580 0.0040 0.0080 0.0180 0.0030 0.0060
634      634   (0)      9  : 0.0050 0.9475 0.0040 0.0030 0.0150 0.0030 0.0225
635      635   (0)      9  : 0.0020 0.9750 0.0050 0.0060 0.0050 0.0030 0.0040
636      636   (5)      9  : 0.0400 0.9370 0.0070 0.0040 0.0040 0.0040 0.0040
637      637   (5)      9  : 0.0020 0.9425 0.0040 0.0020 0.0355 0.0050 0.0090
638      638  (10)      9  : 0.0040 0.9730 0.0030 0.0045 0.0060 0.0035 0.0060
639      639   (5)      9  : 0.0030 0.9675 0.0030 0.0030 0.0175 0.0030 0.0030
640      640   (5)      9  : 0.0020 0.9840 0.0030 0.0030 0.0030 0.0020 0.0030
641      641   (5)      9  : 0.0030 0.9770 0.0050 0.0030 0.0040 0.0040 0.0040
642      642   (5)      9  : 0.0045 0.8631 0.0090 0.0170 0.0904 0.0030 0.0130
643      643   (5)      9  : 0.0030 0.9770 0.0030 0.0030 0.0050 0.0050 0.0040
644      644  (10)      9  : 0.0030 0.8430 0.0595 0.0405 0.0090 0.0040 0.0410
645      645   (5)      9  : 0.0090 0.8346 0.0150 0.0610 0.0460 0.0070 0.0275
646      646   (5)      9  : 0.0030 0.9800 0.0040 0.0020 0.0030 0.0030 0.0050
647      647   (5)      9  : 0.0040 0.8164 0.0070 0.0715 0.0365 0.0190 0.0455
648      648   (5)     10  : 0.0040 0.0040 0.0050 0.0060 0.0050 0.9700 0.0060
649      649   (0)     10  : 0.0070 0.0175 0.0260 0.0210 0.0145 0.9080 0.0060
650      650   (0)     10  : 0.0020 0.0040 0.0030 0.0030 0.0035 0.9805 0.0040
651      651   (0)     10  : 0.0130 0.0170 0.0030 0.1565 0.0150 0.7825 0.0130
652      652   (0)     10  : 0.0030 0.0020 0.0040 0.0070 0.0030 0.9770 0.0040
653      653   (0)     10  : 0.0040 0.0565 0.0060 0.0070 0.0030 0.9165 0.0070
654      654   (0)     10  : 0.0020 0.0020 0.0040 0.0040 0.0030 0.9830 0.0020
655      655   (0)     10  : 0.0055 0.0050 0.0040 0.0030 0.0030 0.9755 0.0040
656      656   (0)     10  : 0.0100 0.0070 0.0110 0.0030 0.0050 0.9620 0.0020
657      657   (0)     10  : 0.0040 0.0060 0.0070 0.0060 0.0040 0.9680 0.0050
658      658   (0)     10  : 0.0010 0.0020 0.0020 0.0020 0.0020 0.9890 0.0020
659      659   (0)     10  : 0.0020 0.0020 0.0030 0.0030 0.0020 0.9850 0.0030
660      660   (0)     10  : 0.0070 0.0060 0.0050 0.0050 0.0130 0.9529 0.0110
661      661   (5)     10  : 0.0010 0.0020 0.0020 0.0020 0.0020 0.9890 0.0020
662      662   (0)     10  : 0.0060 0.0030 0.0360 0.0030 0.0030 0.9470 0.0020
663      663   (0)     10  : 0.0020 0.0020 0.0020 0.0020 0.0020 0.9880 0.0020
664      664   (0)     10  : 0.0040 0.0040 0.0080 0.0050 0.0150 0.9605 0.0035
665      665   (0)     10  : 0.0040 0.0030 0.0030 0.0020 0.0020 0.9820 0.0040
666      666   (0)     10  : 0.0090 0.0175 0.0040 0.0030 0.0040 0.9566 0.0060
667      667   (0)     10  : 0.0020 0.0020 0.0020 0.0030 0.0020 0.9870 0.0020
668      668   (0)     10  : 0.0020 0.0030 0.0020 0.0020 0.0030 0.9860 0.0020
669      669   (0)     10  : 0.0040 0.0050 0.0030 0.0030 0.0050 0.9760 0.0040
670      670   (0)     10  : 0.0020 0.0030 0.0020 0.0020 0.0020 0.9870 0.0020
671      671   (0)     10  : 0.0010 0.0020 0.0020 0.0020 0.0020 0.9890 0.0020
672      672   (0)     10  : 0.0010 0.0010 0.0020 0.0020 0.0010 0.9910 0.0020
673      673   (0)     10  : 0.0020 0.0030 0.0030 0.0020 0.0030 0.9840 0.0030
674      674   (0)     10  : 0.0030 0.0020 0.0020 0.0030 0.0020 0.9860 0.0020
675      675   (0)     10  : 0.0020 0.0020 0.0020 0.0020 0.0020 0.9880 0.0020
676      676   (5)     11  : 0.0030 0.0040 0.0020 0.0020 0.9830 0.0040 0.0020
677      677   (0)     11  : 0.0020 0.0030 0.0030 0.0020 0.9860 0.0020 0.0020
678      678   (0)     11  : 0.0020 0.0070 0.0020 0.0030 0.9760 0.0030 0.0070
679      679   (0)     11  : 0.0030 0.0050 0.0020 0.0020 0.9830 0.0020 0.0030
680      680   (5)     11  : 0.0030 0.0040 0.0020 0.0030 0.9830 0.0020 0.0030
681      681   (0)     11  : 0.0030 0.0020 0.0020 0.0020 0.9870 0.0020 0.0020
682      682   (0)     11  : 0.0100 0.0030 0.0030 0.0030 0.9750 0.0030 0.0030
683      683   (0)     11  : 0.0030 0.0030 0.0030 0.0020 0.9840 0.0020 0.0030
684      684   (0)     11  : 0.0035 0.0020 0.0020 0.0020 0.9855 0.0030 0.0020
685      685   (0)     11  : 0.0060 0.0020 0.0020 0.0020 0.9835 0.0025 0.0020
686      686   (0)     11  : 0.0030 0.0050 0.0020 0.0020 0.9830 0.0020 0.0030
687      687   (0)     11  : 0.0090 0.0040 0.0020 0.0020 0.9790 0.0020 0.0020
688      688   (5)     11  : 0.0080 0.0060 0.0050 0.0020 0.9730 0.0020 0.0040
689      689   (0)     11  : 0.0020 0.0020 0.0020 0.0020 0.9870 0.0030 0.0020
690      690   (0)     11  : 0.0030 0.0025 0.0020 0.0020 0.9865 0.0020 0.0020
691      691   (0)     11  : 0.0020 0.0020 0.0020 0.0020 0.9880 0.0020 0.0020
692      692   (0)     11  : 0.0145 0.0060 0.0040 0.0030 0.9675 0.0020 0.0030
693      693   (0)     11  : 0.0020 0.0020 0.0010 0.0020 0.9890 0.0020 0.0020
694      694   (0)     11  : 0.0030 0.0030 0.0030 0.0030 0.9790 0.0050 0.0040
695      695   (0)     11  : 0.0510 0.0210 0.0030 0.0060 0.9130 0.0030 0.0030
696      696   (0)     11  : 0.0030 0.0020 0.0020 0.0020 0.9860 0.0020 0.0030
697      697   (0)     11  : 0.0020 0.0040 0.0030 0.0020 0.9840 0.0020 0.0030
698      698   (0)     11  : 0.0050 0.0155 0.0050 0.0045 0.9620 0.0040 0.0040
699      699   (0)     11  : 0.0885 0.0110 0.0020 0.0030 0.8894 0.0030 0.0030
700      700   (0)     11  : 0.0020 0.0030 0.0020 0.0020 0.9855 0.0025 0.0030
701      701   (0)     11  : 0.0020 0.0030 0.0020 0.0020 0.9860 0.0030 0.0020
702      702   (0)     11  : 0.0030 0.0030 0.0020 0.0020 0.9850 0.0030 0.0020
703      703   (0)     12  : 0.0020 0.0150 0.0085 0.0060 0.9625 0.0030 0.0030
704      704   (0)     12  : 0.0030 0.0584 0.0080 0.0060 0.8956 0.0150 0.0140
705      705   (0)     12  : 0.0040 0.0240 0.0130 0.0185 0.9135 0.0080 0.0190
706      706   (0)     12  : 0.0040 0.1426 0.0115 0.0060 0.8103 0.0030 0.0225
707      707   (0)     12  : 0.0150 0.2443 0.1099 0.0075 0.6009 0.0060 0.0165
708      708   (0)     12  : 0.0060 0.0729 0.0200 0.0080 0.8511 0.0200 0.0220
709      709   (0)     12  : 0.0120 0.1948 0.0659 0.0035 0.6823 0.0090 0.0325
710      710   (0)     12  : 0.0020 0.0900 0.0070 0.0150 0.8731 0.0040 0.0090
711      711   (0)     12  : 0.0020 0.0905 0.0110 0.0060 0.8774 0.0050 0.0080
712      712   (0)     12  : 0.0020 0.1084 0.0215 0.0530 0.7821 0.0240 0.0090
713      713   (0)     12  : 0.0020 0.0040 0.0110 0.0090 0.9655 0.0030 0.0055
714      714   (0)     12  : 0.0020 0.0100 0.0030 0.0060 0.9590 0.0020 0.0180
715      715   (0)     12  : 0.0030 0.0050 0.0070 0.0080 0.9656 0.0050 0.0065
716      716   (0)     12  : 0.0020 0.0310 0.0080 0.0190 0.9240 0.0110 0.0050
717      717   (0)     12  : 0.0020 0.0080 0.0060 0.0060 0.9620 0.0070 0.0090
718      718   (0)     12  : 0.0020 0.0070 0.0030 0.0080 0.9660 0.0110 0.0030
719      719   (0)     12  : 0.0514 0.0734 0.0420 0.0225 0.7882 0.0060 0.0165
720      720   (0)     12  : 0.0110 0.0040 0.0080 0.0130 0.9510 0.0080 0.0050
721      721   (0)     12  : 0.0060 0.0210 0.0390 0.0230 0.8037 0.0380 0.0694
722      722   (0)     12  : 0.0020 0.0070 0.0170 0.0180 0.9430 0.0030 0.0100
723      723   (0)     12  : 0.0020 0.0030 0.0030 0.0030 0.9780 0.0085 0.0025
724      724   (0)     12  : 0.0070 0.0030 0.0050 0.0445 0.9130 0.0235 0.0040
725      725   (5)     12  : 0.0020 0.0060 0.0110 0.0130 0.9421 0.0190 0.0070
726      726   (0)     12  : 0.0030 0.0040 0.0040 0.0040 0.9780 0.0030 0.0040
727      727   (0)     12  : 0.0040 0.0030 0.0050 0.0030 0.9720 0.0100 0.0030
728      728   (0)     12  : 0.0040 0.0120 0.0235 0.0150 0.9245 0.0040 0.0170
729      729   (0)     12  : 0.0020 0.0040 0.0050 0.0070 0.9469 0.0300 0.0050
730      730   (0)     12  : 0.0050 0.0040 0.0040 0.0050 0.9690 0.0060 0.0070
731      731   (0)     12  : 0.0030 0.0345 0.0095 0.0125 0.7210 0.2135 0.0060
732      732   (0)     12  : 0.0020 0.0030 0.0030 0.0050 0.9820 0.0020 0.0030
733      733   (5)     12  : 0.0020 0.0050 0.0050 0.0095 0.9715 0.0040 0.0030
734      734   (0)     12  : 0.0020 0.0030 0.0030 0.0040 0.9810 0.0040 0.0030
735      735   (0)     12  : 0.0070 0.1265 0.0555 0.0245 0.7245 0.0345 0.0275
736      736   (0)     12  : 0.0020 0.0040 0.0040 0.0050 0.9800 0.0020 0.0030
737      737   (0)     12  : 0.0070 0.0345 0.0120 0.0050 0.8266 0.1039 0.0110
738      738   (0)     12  : 0.0065 0.3457 0.0125 0.0340 0.5623 0.0040 0.0350
739      739   (5)     12  : 0.0090 0.1741 0.0610 0.0280 0.7034 0.0060 0.0185
740      740   (5)     12  : 0.0100 0.0460 0.0065 0.0060 0.8886 0.0380 0.0050
741      741   (5)     12  : 0.0030 0.0115 0.0050 0.0060 0.9645 0.0060 0.0040
742      742   (5)     12  : 0.0080 0.0100 0.0245 0.0120 0.9145 0.0180 0.0130
