1        1   (5)      1  : 0.9560 0.0440
2        2   (5)      1  : 0.9062 0.0938
3        3   (5)      1  : 0.9780 0.0220
4        4   (0)      1  : 0.9820 0.0180
5        5   (0)      1  : 0.9164 0.0836
6        6   (0)      1  : 0.9720 0.0280
7        7   (0)      1  : 0.9190 0.0810
8        8   (5)      1  : 0.9800 0.0200
9        9   (0)      1  : 0.9810 0.0190
10       10   (0)      1  : 0.8966 0.1034
11       11   (0)      1  : 0.9680 0.0320
12       12   (0)      1  : 0.9630 0.0370
13       13   (0)      1  : 0.9770 0.0230
14       14   (0)      1  : 0.9480 0.0520
15       15   (0)      1  : 0.9690 0.0310
16       16   (0)      1  : 0.9840 0.0160
17       17   (0)      1  : 0.9810 0.0190
18       18   (0)      1  : 0.9610 0.0390
19       19   (0)      1  : 0.9780 0.0220
20       20   (0)      1  : 0.9042 0.0958
21       21   (0)      1  : 0.9790 0.0210
22       22   (0)      1  : 0.9830 0.0170
23       23   (0)      1  : 0.9820 0.0180
24       24   (0)      1  : 0.9780 0.0220
25       25   (0)      1  : 0.9464 0.0536
26       26   (0)      1  : 0.9720 0.0280
27       27   (5)      1  : 0.9390 0.0610
28       28   (0)      1  : 0.9652 0.0348
29       29   (0)      1  : 0.9798 0.0202
30       30   (0)      1  : 0.9450 0.0550
31       31   (0)      1  : 0.9780 0.0220
32       32   (0)      1  : 0.9680 0.0320
33       33   (0)      1  : 0.9840 0.0160
34       34   (0)      1  : 0.9830 0.0170
35       35   (0)      1  : 0.9630 0.0370
36       36   (0)      1  : 0.9690 0.0310
37       37   (0)      1  : 0.9610 0.0390
38       38   (0)      1  : 0.9710 0.0290
39       39   (0)      1  : 0.9360 0.0640
40       40   (0)      1  : 0.9700 0.0300
41       41   (0)      1  : 0.9750 0.0250
42       42   (0)      1  : 0.9830 0.0170
43       43   (0)      1  : 0.9748 0.0252
44       44   (0)      1  : 0.9830 0.0170
45       45   (5)      1  : 0.9500 0.0500
46       46   (0)      1  : 0.9820 0.0180
47       47   (0)      1  : 0.9680 0.0320
48       48   (0)      1  : 0.9720 0.0280
49       49   (0)      1  : 0.9720 0.0280
50       50   (0)      1  : 0.9720 0.0280
51       51   (0)      1  : 0.9740 0.0260
52       52   (0)      1  : 0.9320 0.0680
53       53   (0)      1  : 0.9730 0.0270
54       54   (0)      1  : 0.9586 0.0414
55       55   (0)      1  : 0.9690 0.0310
56       56   (0)      1  : 0.9770 0.0230
57       57  (10)      1  : 0.9760 0.0240
58       58   (5)      1  : 0.9650 0.0350
59       59   (0)      1  : 0.9710 0.0290
60       60   (0)      1  : 0.9690 0.0310
61       61   (0)      1  : 0.9700 0.0300
62       62   (0)      1  : 0.9366 0.0634
63       63   (0)      1  : 0.9612 0.0388
64       64   (0)      1  : 0.9640 0.0360
65       65   (0)      1  : 0.9280 0.0720
66       66   (0)      1  : 0.9780 0.0220
67       67   (5)      1  : 0.9710 0.0290
68       68   (0)      1  : 0.9490 0.0510
69       69   (0)      1  : 0.9640 0.0360
70       70   (0)      1  : 0.9540 0.0460
71       71   (5)      1  : 0.9670 0.0330
72       72   (0)      1  : 0.9670 0.0330
73       73   (5)      1  : 0.9726 0.0274
74       74  (10)      1  : 0.9560 0.0440
75       75  (10)      1  : 0.9740 0.0260
76       76   (0)      1  : 0.9790 0.0210
77       77  (10)      1  : 0.9720 0.0280
78       78   (0)      1  : 0.9610 0.0390
79       79   (5)      1  : 0.9680 0.0320
80       80   (0)      1  : 0.9800 0.0200
81       81   (0)      1  : 0.9790 0.0210
82       82   (0)      1  : 0.9800 0.0200
83       83   (0)      1  : 0.9410 0.0590
84       84   (0)      1  : 0.9404 0.0596
85       85   (0)      1  : 0.9810 0.0190
86       86   (5)      1  : 0.9770 0.0230
87       87   (0)      1  : 0.9760 0.0240
88       88   (0)      1  : 0.9170 0.0830
89       89   (0)      1  : 0.9730 0.0270
90       90   (0)      1  : 0.9640 0.0360
91       91   (0)      1  : 0.9680 0.0320
92       92   (0)      1  : 0.9672 0.0328
93       93   (0)      1  : 0.9810 0.0190
94       94   (5)      1  : 0.9770 0.0230
95       95   (0)      1  : 0.9730 0.0270
96       96   (5)      1  : 0.9750 0.0250
97       97   (0)      1  : 0.9440 0.0560
98       98   (0)      1  : 0.9690 0.0310
99       99   (5)      1  : 0.9740 0.0260
100      100   (5)      1  : 0.9810 0.0190
101      101   (0)      2  : 0.9260 0.0740
102      102   (0)      2  : 0.9020 0.0980
103      103   (0)      2  : 0.9190 0.0810
104      104   (0)      2  : 0.9410 0.0590
105      105   (0)      2  : 0.9080 0.0920
106      106   (0)      2  : 0.9720 0.0280
107      107   (0)      2  : 0.9176 0.0824
108      108   (0)      2  : 0.8468 0.1532
109      109   (0)      2  : 0.9150 0.0850
110      110   (0)      2  : 0.8206 0.1794
111      111   (0)      2  : 0.9350 0.0650
112      112   (0)      2  : 0.9540 0.0460
113      113   (0)      2  : 0.7380 0.2620
114      114   (0)      2  : 0.9560 0.0440
115      115   (0)      2  : 0.9640 0.0360
116      116   (0)      2  : 0.9510 0.0490
117      117   (0)      2  : 0.9334 0.0666
118      118   (0)      2  : 0.8210 0.1790
119      119   (0)      2  : 0.9680 0.0320
120      120   (0)      2  : 0.9036 0.0964
121      121   (0)      2  : 0.8040 0.1960
122      122   (0)      2  : 0.8714 0.1286
123      123   (0)      2  : 0.8736 0.1264
124      124   (0)      2  : 0.9590 0.0410
125      125   (0)      2  : 0.9156 0.0844
126      126   (0)      2  : 0.9320 0.0680
127      127   (0)      2  : 0.9440 0.0560
128      128   (0)      2  : 0.7670 0.2330
129      129   (0)      2  : 0.9470 0.0530
130      130   (0)      2  : 0.8170 0.1830
131      131   (0)      2  : 0.9318 0.0682
132      132   (0)      2  : 0.9220 0.0780
133      133   (0)      2  : 0.8852 0.1148
134      134   (0)      2  : 0.9060 0.0940
135      135   (0)      2  : 0.8970 0.1030
136      136   (0)      2  : 0.9166 0.0834
137      137   (0)      2  : 0.9400 0.0600
138      138   (0)      2  : 0.9242 0.0758
139      139   (0)      2  : 0.9106 0.0894
140      140   (0)      2  : 0.8802 0.1198
141      141   (0)      2  : 0.9600 0.0400
142      142   (0)      2  : 0.9810 0.0190
143      143   (0)      2  : 0.9200 0.0800
144      144   (0)      2  : 0.8796 0.1204
145      145   (0)      2  : 0.7770 0.2230
146      146   (0)      2  : 0.9610 0.0390
147      147   (0)      2  : 0.9740 0.0260
148      148   (0)      2  : 0.9690 0.0310
149      149   (0)      2  : 0.7940 0.2060
150      150   (0)      2  : 0.9470 0.0530
151      151   (0)      2  : 0.9218 0.0782
152      152   (0)      2  : 0.8320 0.1680
153      153   (0)      2  : 0.8794 0.1206
154      154   (0)      2  : 0.9314 0.0686
155      155   (0)      2  : 0.9600 0.0400
156      156   (0)      2  : 0.9306 0.0694
157      157   (0)      2  : 0.9470 0.0530
158      158   (0)      2  : 0.8762 0.1238
159      159   (0)      2  : 0.8818 0.1182
160      160   (0)      2  : 0.9710 0.0290
161      161   (0)      2  : 0.9462 0.0538
162      162   (0)      2  : 0.9800 0.0200
163      163   (0)      2  : 0.9568 0.0432
164      164   (0)      2  : 0.8522 0.1478
165      165   (0)      2  : 0.8630 0.1370
166      166   (0)      2  : 0.9180 0.0820
167      167   (0)      2  : 0.9676 0.0324
168      168   (0)      2  : 0.9130 0.0870
169      169   (0)      2  : 0.9740 0.0260
170      170   (0)      2  : 0.8118 0.1882
171      171   (0)      2  : 0.9220 0.0780
172      172   (0)      2  : 0.9166 0.0834
173      173   (0)      2  : 0.9550 0.0450
174      174   (0)      2  : 0.8990 0.1010
175      175   (0)      2  : 0.8392 0.1608
176      176   (0)      2  : 0.9658 0.0342
177      177   (0)      2  : 0.9640 0.0360
178      178   (0)      2  : 0.9800 0.0200
179      179   (0)      2  : 0.8602 0.1398
180      180   (0)      2  : 0.9208 0.0792
181      181   (0)      2  : 0.9766 0.0234
182      182   (0)      2  : 0.9830 0.0170
183      183   (0)      2  : 0.9242 0.0758
184      184   (0)      2  : 0.9390 0.0610
185      185   (0)      2  : 0.8904 0.1096
186      186   (0)      2  : 0.9182 0.0818
187      187   (0)      2  : 0.9770 0.0230
188      188   (0)      2  : 0.8482 0.1518
189      189   (0)      2  : 0.9346 0.0654
190      190   (0)      2  : 0.9660 0.0340
191      191   (0)      2  : 0.8548 0.1452
192      192   (0)      2  : 0.9310 0.0690
193      193   (0)      2  : 0.8930 0.1070
194      194   (0)      2  : 0.9160 0.0840
195      195   (0)      2  : 0.8958 0.1042
196      196   (0)      2  : 0.9102 0.0898
197      197   (0)      2  : 0.9640 0.0360
198      198   (0)      2  : 0.9102 0.0898
199      199   (0)      2  : 0.8420 0.1580
200      200   (0)      2  : 0.8996 0.1004
201      201   (0)      3  : 0.9620 0.0380
202      202   (0)      3  : 0.8566 0.1434
203      203   (0)      3  : 0.9042 0.0958
204      204   (0)      3  : 0.8272 0.1728
205      205   (0)      3  : 0.6832 0.3168
206      206   (0)      3  : 0.7958 0.2042
207      207   (0)      3  : 0.7550 0.2450
208      208   (0)      3  : 0.7090 0.2910
209      209   (0)      3  : 0.8606 0.1394
210      210   (0)      3  : 0.9408 0.0592
211      211   (0)      3  : 0.4830 0.5170
212      212   (0)      3  : 0.8992 0.1008
213      213   (0)      3  : 0.9138 0.0862
214      214   (0)      3  : 0.5318 0.4682
215      215   (0)      3  : 0.6458 0.3542
216      216   (0)      3  : 0.9000 0.1000
217      217   (0)      3  : 0.9220 0.0780
218      218   (0)      3  : 0.9240 0.0760
219      219   (0)      3  : 0.6270 0.3730
220      220   (0)      3  : 0.8450 0.1550
221      221   (0)      3  : 0.8600 0.1400
222      222   (0)      3  : 0.7522 0.2478
223      223   (0)      3  : 0.8098 0.1902
224      224   (0)      3  : 0.8492 0.1508
225      225   (0)      3  : 0.9200 0.0800
226      226   (0)      3  : 0.8144 0.1856
227      227   (0)      3  : 0.5872 0.4128
228      228   (0)      3  : 0.7126 0.2874
229      229   (0)      3  : 0.8152 0.1848
230      230   (0)      3  : 0.7330 0.2670
231      231   (0)      3  : 0.9390 0.0610
232      232   (0)      3  : 0.7486 0.2514
233      233   (0)      3  : 0.7952 0.2048
234      234   (0)      3  : 0.8096 0.1904
235      235   (0)      3  : 0.8546 0.1454
236      236   (0)      3  : 0.7792 0.2208
237      237   (0)      3  : 0.4682 0.5318
238      238   (0)      3  : 0.6698 0.3302
239      239   (0)      3  : 0.8984 0.1016
240      240   (0)      3  : 0.4920 0.5080
241      241   (0)      3  : 0.5428 0.4572
242      242   (0)      3  : 0.9120 0.0880
243      243   (0)      3  : 0.9620 0.0380
244      244   (0)      3  : 0.9430 0.0570
245      245   (0)      3  : 0.7452 0.2548
246      246   (0)      3  : 0.6740 0.3260
247      247   (0)      3  : 0.9680 0.0320
248      248   (0)      3  : 0.8478 0.1522
249      249   (0)      3  : 0.5992 0.4008
250      250   (0)      3  : 0.9120 0.0880
251      251   (0)      3  : 0.7248 0.2752
252      252   (0)      3  : 0.9020 0.0980
253      253   (0)      3  : 0.6712 0.3288
254      254   (0)      3  : 0.8752 0.1248
255      255   (0)      3  : 0.8960 0.1040
256      256   (0)      3  : 0.8072 0.1928
257      257   (0)      3  : 0.7980 0.2020
258      258   (0)      3  : 0.6050 0.3950
259      259   (0)      3  : 0.5770 0.4230
260      260   (0)      3  : 0.9730 0.0270
261      261   (0)      3  : 0.9480 0.0520
262      262   (0)      3  : 0.8922 0.1078
263      263   (0)      3  : 0.7036 0.2964
264      264   (0)      3  : 0.6360 0.3640
265      265   (0)      3  : 0.9620 0.0380
266      266   (0)      3  : 0.8990 0.1010
267      267   (0)      3  : 0.8170 0.1830
268      268   (0)      3  : 0.7170 0.2830
269      269   (0)      3  : 0.7850 0.2150
270      270   (0)      3  : 0.8108 0.1892
271      271   (0)      3  : 0.6286 0.3714
272      272   (0)      3  : 0.8172 0.1828
273      273   (0)      3  : 0.6694 0.3306
274      274   (0)      3  : 0.8990 0.1010
275      275   (0)      3  : 0.8328 0.1672
276      276   (0)      3  : 0.9220 0.0780
277      277   (0)      3  : 0.6936 0.3064
278      278   (0)      3  : 0.8660 0.1340
279      279   (0)      3  : 0.7312 0.2688
280      280   (0)      3  : 0.7986 0.2014
281      281   (0)      3  : 0.9228 0.0772
282      282   (0)      3  : 0.8456 0.1544
283      283   (0)      3  : 0.9240 0.0760
284      284   (0)      3  : 0.4730 0.5270
285      285   (0)      3  : 0.8886 0.1114
286      286   (0)      3  : 0.8676 0.1324
287      287   (0)      3  : 0.9220 0.0780
288      288   (0)      3  : 0.8864 0.1136
289      289   (0)      3  : 0.8260 0.1740
290      290   (0)      3  : 0.8284 0.1716
291      291   (0)      3  : 0.6970 0.3030
292      292   (0)      3  : 0.8344 0.1656
293      293   (0)      3  : 0.5958 0.4042
294      294   (0)      3  : 0.6730 0.3270
295      295   (0)      3  : 0.7968 0.2032
296      296   (0)      3  : 0.7152 0.2848
297      297   (0)      3  : 0.6632 0.3368
298      298   (0)      3  : 0.7848 0.2152
299      299   (0)      3  : 0.7650 0.2350
300      300   (0)      3  : 0.9168 0.0832
301      301   (5)      4  : 0.6290 0.3710
302      302   (0)      4  : 0.3692 0.6308
303      303   (0)      4  : 0.4698 0.5302
304      304   (5)      4  : 0.4614 0.5386
305      305   (5)      4  : 0.3860 0.6140
306      306   (0)      4  : 0.3026 0.6974
307      307   (0)      5  : 0.5830 0.4170
308      308   (0)      5  : 0.4018 0.5982
309      309   (0)      5  : 0.4854 0.5146
310      310   (0)      5  : 0.6712 0.3288
311      311   (0)      5  : 0.2252 0.7748
312      312   (0)      5  : 0.4354 0.5646
313      313   (0)      5  : 0.5266 0.4734
314      314   (0)      5  : 0.6100 0.3900
315      315   (0)      5  : 0.4974 0.5026
316      316   (0)      5  : 0.4940 0.5060
317      317   (0)      5  : 0.5480 0.4520
318      318   (0)      5  : 0.4636 0.5364
319      319   (0)      5  : 0.5490 0.4510
320      320   (0)      5  : 0.5770 0.4230
321      321   (0)      5  : 0.6570 0.3430
322      322   (0)      5  : 0.5644 0.4356
323      323   (0)      5  : 0.4410 0.5590
324      324   (0)      5  : 0.4652 0.5348
325      325   (0)      5  : 0.3522 0.6478
326      326   (0)      5  : 0.4170 0.5830
327      327   (0)      5  : 0.5400 0.4600
328      328   (0)      5  : 0.5480 0.4520
329      329   (0)      5  : 0.4658 0.5342
330      330   (0)      5  : 0.5058 0.4942
331      331   (0)      5  : 0.5480 0.4520
332      332   (0)      5  : 0.3802 0.6198
333      333   (0)      5  : 0.4120 0.5880
334      334   (0)      5  : 0.4322 0.5678
335      335   (0)      5  : 0.4910 0.5090
336      336   (0)      5  : 0.5726 0.4274
337      337   (0)      5  : 0.5500 0.4500
338      338   (0)      5  : 0.5720 0.4280
339      339   (0)      5  : 0.5704 0.4296
340      340   (0)      5  : 0.4120 0.5880
341      341   (0)      5  : 0.5630 0.4370
342      342   (0)      5  : 0.5330 0.4670
343      343   (0)      5  : 0.5210 0.4790
344      344   (0)      5  : 0.7138 0.2862
345      345   (0)      5  : 0.3660 0.6340
346      346   (0)      5  : 0.4840 0.5160
347      347   (0)      5  : 0.5130 0.4870
348      348   (0)      5  : 0.5302 0.4698
349      349   (0)      5  : 0.4596 0.5404
350      350   (0)      5  : 0.6128 0.3872
351      351   (0)      5  : 0.6938 0.3062
352      352   (0)      5  : 0.4460 0.5540
353      353   (0)      5  : 0.6480 0.3520
354      354   (0)      5  : 0.4452 0.5548
355      355   (0)      5  : 0.4340 0.5660
356      356   (0)      5  : 0.3932 0.6068
357      357   (0)      5  : 0.3770 0.6230
358      358   (0)      5  : 0.3966 0.6034
359      359   (0)      5  : 0.5846 0.4154
360      360   (0)      5  : 0.3540 0.6460
361      361   (0)      5  : 0.6910 0.3090
362      362   (0)      5  : 0.5740 0.4260
363      363   (0)      5  : 0.3818 0.6182
364      364   (0)      5  : 0.3498 0.6502
365      365   (0)      5  : 0.5830 0.4170
366      366   (0)      5  : 0.5570 0.4430
367      367   (0)      5  : 0.6430 0.3570
368      368   (0)      5  : 0.6560 0.3440
369      369   (0)      5  : 0.5692 0.4308
370      370   (0)      5  : 0.3876 0.6124
371      371   (0)      5  : 0.5020 0.4980
372      372   (0)      5  : 0.4860 0.5140
373      373   (0)      5  : 0.5538 0.4462
374      374   (0)      5  : 0.3190 0.6810
375      375   (0)      5  : 0.6400 0.3600
376      376   (0)      5  : 0.4850 0.5150
377      377   (0)      5  : 0.4722 0.5278
378      378   (0)      5  : 0.2980 0.7020
379      379   (0)      5  : 0.5672 0.4328
380      380   (0)      5  : 0.4550 0.5450
381      381   (0)      5  : 0.4540 0.5460
382      382   (0)      5  : 0.4390 0.5610
383      383   (0)      5  : 0.5992 0.4008
384      384   (0)      5  : 0.6058 0.3942
385      385   (0)      5  : 0.2132 0.7868
386      386   (0)      5  : 0.7120 0.2880
387      387   (0)      5  : 0.6470 0.3530
388      388   (0)      5  : 0.4390 0.5610
389      389   (0)      5  : 0.5518 0.4482
390      390   (0)      5  : 0.4052 0.5948
391      391   (0)      5  : 0.6082 0.3918
392      392   (0)      5  : 0.5280 0.4720
393      393   (0)      5  : 0.5370 0.4630
394      394   (0)      5  : 0.6384 0.3616
395      395   (0)      5  : 0.5100 0.4900
396      396   (0)      5  : 0.6390 0.3610
397      397   (0)      5  : 0.3944 0.6056
398      398   (0)      5  : 0.6010 0.3990
399      399   (0)      5  : 0.5760 0.4240
400      400   (0)      5  : 0.4090 0.5910
401      401   (0)      5  : 0.4428 0.5572
402      402   (0)      5  : 0.5666 0.4334
403      403   (0)      5  : 0.5700 0.4300
404      404   (0)      5  : 0.4206 0.5794
405      405   (0)      5  : 0.6230 0.3770
406      406   (0)      5  : 0.5390 0.4610
407      407   (0)      6  : 0.0710 0.9290
408      408   (0)      6  : 0.1462 0.8538
409      409   (0)      7  : 0.2550 0.7450
410      410   (0)      7  : 0.2640 0.7360
411      411   (0)      7  : 0.1340 0.8660
412      412   (0)      7  : 0.2950 0.7050
413      413   (0)      7  : 0.2028 0.7972
414      414   (0)      7  : 0.2036 0.7964
415      415   (0)      7  : 0.2440 0.7560
416      416   (0)      7  : 0.2026 0.7974
417      417   (0)      7  : 0.2342 0.7658
418      418   (0)      7  : 0.1562 0.8438
419      419   (0)      7  : 0.1680 0.8320
420      420   (0)      7  : 0.2592 0.7408
421      421   (0)      7  : 0.2104 0.7896
422      422   (0)      7  : 0.2802 0.7198
423      423   (0)      7  : 0.2550 0.7450
424      424   (0)      7  : 0.3320 0.6680
425      425   (0)      7  : 0.1266 0.8734
426      426   (0)      7  : 0.0820 0.9180
427      427   (0)      7  : 0.2612 0.7388
428      428   (0)      7  : 0.1940 0.8060
429      429   (0)      7  : 0.2260 0.7740
430      430   (0)      7  : 0.1022 0.8978
431      431   (0)      7  : 0.2598 0.7402
432      432   (0)      7  : 0.3496 0.6504
433      433   (0)      7  : 0.2392 0.7608
434      434   (0)      7  : 0.1430 0.8570
435      435   (0)      7  : 0.2848 0.7152
436      436   (0)      7  : 0.3302 0.6698
437      437   (0)      7  : 0.4462 0.5538
438      438   (0)      7  : 0.1442 0.8558
439      439   (0)      7  : 0.1090 0.8910
440      440   (0)      7  : 0.2970 0.7030
441      441   (0)      7  : 0.3618 0.6382
442      442   (0)      7  : 0.3050 0.6950
443      443   (0)      7  : 0.3086 0.6914
444      444   (0)      7  : 0.3550 0.6450
445      445   (0)      7  : 0.1662 0.8338
446      446   (0)      7  : 0.5224 0.4776
447      447   (0)      7  : 0.3206 0.6794
448      448   (0)      7  : 0.1880 0.8120
449      449   (0)      7  : 0.1162 0.8838
450      450   (0)      7  : 0.3950 0.6050
451      451   (0)      7  : 0.2300 0.7700
452      452   (0)      7  : 0.0760 0.9240
453      453   (0)      7  : 0.1142 0.8858
454      454   (0)      7  : 0.0490 0.9510
455      455   (0)      7  : 0.1290 0.8710
456      456   (0)      7  : 0.0798 0.9202
457      457   (0)      7  : 0.2840 0.7160
458      458   (0)      7  : 0.5574 0.4426
459      459   (0)      7  : 0.2086 0.7914
460      460   (0)      7  : 0.0678 0.9322
461      461   (0)      7  : 0.1436 0.8564
462      462   (0)      7  : 0.1428 0.8572
463      463   (0)      7  : 0.1500 0.8500
464      464   (0)      7  : 0.0280 0.9720
465      465   (0)      7  : 0.0750 0.9250
466      466   (0)      7  : 0.2630 0.7370
467      467   (0)      7  : 0.1870 0.8130
468      468   (0)      7  : 0.1698 0.8302
469      469   (0)      7  : 0.2348 0.7652
470      470   (0)      7  : 0.4306 0.5694
471      471   (0)      7  : 0.3870 0.6130
472      472   (0)      7  : 0.1246 0.8754
473      473   (0)      7  : 0.1246 0.8754
474      474   (0)      7  : 0.0640 0.9360
475      475   (0)      7  : 0.2948 0.7052
476      476   (0)      7  : 0.3130 0.6870
477      477   (0)      7  : 0.1550 0.8450
478      478   (0)      7  : 0.2618 0.7382
479      479   (0)      7  : 0.2940 0.7060
480      480   (0)      7  : 0.1090 0.8910
481      481   (0)      7  : 0.1510 0.8490
482      482   (0)      7  : 0.4000 0.6000
483      483   (0)      7  : 0.1160 0.8840
484      484   (0)      7  : 0.1382 0.8618
485      485   (0)      7  : 0.1778 0.8222
486      486   (0)      7  : 0.2034 0.7966
487      487   (0)      7  : 0.4872 0.5128
488      488   (0)      7  : 0.3680 0.6320
489      489   (0)      7  : 0.1440 0.8560
490      490   (0)      7  : 0.4040 0.5960
491      491   (0)      7  : 0.0450 0.9550
492      492   (0)      7  : 0.4800 0.5200
493      493   (0)      7  : 0.1660 0.8340
494      494   (0)      7  : 0.1430 0.8570
495      495   (0)      7  : 0.1350 0.8650
496      496   (0)      7  : 0.0160 0.9840
497      497   (0)      7  : 0.3386 0.6614
498      498   (0)      7  : 0.2900 0.7100
499      499   (0)      7  : 0.0738 0.9262
500      500   (0)      7  : 0.2420 0.7580
501      501   (0)      7  : 0.1636 0.8364
502      502   (0)      7  : 0.2250 0.7750
503      503   (0)      7  : 0.0800 0.9200
504      504   (0)      7  : 0.1910 0.8090
505      505   (0)      7  : 0.2340 0.7660
506      506   (0)      7  : 0.2254 0.7746
507      507   (0)      7  : 0.2510 0.7490
508      508   (0)      7  : 0.1294 0.8706
509      509  (10)      8  : 0.0340 0.9660
510      510   (5)      8  : 0.0360 0.9640
511      511   (5)      8  : 0.0696 0.9304
512      512   (5)      8  : 0.0200 0.9800
513      513  (10)      8  : 0.0330 0.9670
514      514   (5)      8  : 0.1230 0.8770
515      515  (10)      8  : 0.0330 0.9670
516      516   (0)      8  : 0.0760 0.9240
517      517   (0)      8  : 0.0452 0.9548
518      518   (0)      8  : 0.0200 0.9800
519      519   (0)      8  : 0.0260 0.9740
520      520   (0)      8  : 0.0938 0.9062
521      521   (0)      8  : 0.0240 0.9760
522      522   (0)      8  : 0.0270 0.9730
523      523   (0)      8  : 0.0290 0.9710
524      524   (0)      8  : 0.0460 0.9540
525      525   (0)      8  : 0.0370 0.9630
526      526   (0)      8  : 0.1006 0.8994
527      527   (0)      8  : 0.0340 0.9660
528      528   (5)      8  : 0.0420 0.9580
529      529   (0)      8  : 0.0278 0.9722
530      530   (0)      8  : 0.0710 0.9290
531      531   (5)      8  : 0.0458 0.9542
532      532   (5)      8  : 0.0610 0.9390
533      533   (0)      8  : 0.1468 0.8532
534      534   (0)      8  : 0.0560 0.9440
535      535   (0)      8  : 0.0684 0.9316
536      536   (0)      8  : 0.0260 0.9740
537      537   (0)      8  : 0.0190 0.9810
538      538   (0)      8  : 0.0230 0.9770
539      539   (0)      8  : 0.0160 0.9840
540      540   (0)      8  : 0.0490 0.9510
541      541   (0)      8  : 0.0700 0.9300
542      542   (0)      8  : 0.0484 0.9516
543      543   (0)      8  : 0.0610 0.9390
544      544   (0)      8  : 0.0522 0.9478
545      545   (0)      8  : 0.1558 0.8442
546      546   (0)      8  : 0.0260 0.9740
547      547   (0)      8  : 0.0826 0.9174
548      548   (0)      8  : 0.1680 0.8320
549      549   (0)      8  : 0.0300 0.9700
550      550   (0)      8  : 0.0360 0.9640
551      551   (0)      9  : 0.2800 0.7200
552      552   (0)      9  : 0.0588 0.9412
553      553   (0)      9  : 0.0636 0.9364
554      554   (0)      9  : 0.1822 0.8178
555      555   (0)      9  : 0.1160 0.8840
556      556   (0)      9  : 0.0210 0.9790
557      557   (0)      9  : 0.1336 0.8664
558      558   (0)      9  : 0.1888 0.8112
559      559   (0)      9  : 0.1448 0.8552
560      560   (0)      9  : 0.0632 0.9368
561      561   (0)      9  : 0.0580 0.9420
562      562   (0)      9  : 0.0580 0.9420
563      563   (0)      9  : 0.0838 0.9162
564      564   (0)      9  : 0.0560 0.9440
565      565   (0)      9  : 0.0400 0.9600
566      566   (0)      9  : 0.0598 0.9402
567      567   (0)      9  : 0.0550 0.9450
568      568   (0)      9  : 0.1970 0.8030
569      569   (0)      9  : 0.0940 0.9060
570      570   (0)      9  : 0.0150 0.9850
571      571   (0)      9  : 0.1206 0.8794
572      572   (0)      9  : 0.0280 0.9720
573      573   (0)      9  : 0.2048 0.7952
574      574   (0)      9  : 0.0670 0.9330
575      575   (0)      9  : 0.0290 0.9710
576      576   (0)      9  : 0.0430 0.9570
577      577   (0)      9  : 0.0444 0.9556
578      578   (0)      9  : 0.0450 0.9550
579      579   (0)      9  : 0.2102 0.7898
580      580   (0)      9  : 0.0766 0.9234
581      581   (0)      9  : 0.2780 0.7220
582      582   (0)      9  : 0.0300 0.9700
583      583   (0)      9  : 0.0598 0.9402
584      584   (0)      9  : 0.0300 0.9700
585      585   (0)      9  : 0.0230 0.9770
586      586   (0)      9  : 0.2174 0.7826
587      587   (0)      9  : 0.0440 0.9560
588      588   (0)      9  : 0.1494 0.8506
589      589   (0)      9  : 0.1982 0.8018
590      590   (0)      9  : 0.1850 0.8150
591      591   (0)      9  : 0.1334 0.8666
592      592   (0)      9  : 0.0250 0.9750
593      593   (0)      9  : 0.2464 0.7536
594      594   (0)      9  : 0.0690 0.9310
595      595   (0)      9  : 0.1700 0.8300
596      596   (0)      9  : 0.0260 0.9740
597      597   (0)      9  : 0.0580 0.9420
598      598   (0)      9  : 0.1116 0.8884
599      599   (0)      9  : 0.0220 0.9780
600      600   (0)      9  : 0.1058 0.8942
601      601   (0)      9  : 0.0350 0.9650
602      602   (0)      9  : 0.1890 0.8110
603      603   (0)      9  : 0.0320 0.9680
604      604   (0)      9  : 0.1400 0.8600
605      605   (0)      9  : 0.2368 0.7632
606      606   (0)      9  : 0.0320 0.9680
607      607   (0)      9  : 0.1654 0.8346
608      608   (0)      9  : 0.1882 0.8118
609      609   (0)      9  : 0.1580 0.8420
610      610   (0)      9  : 0.2050 0.7950
611      611   (0)      9  : 0.0852 0.9148
612      612   (0)      9  : 0.1566 0.8434
613      613   (0)      9  : 0.0870 0.9130
614      614   (0)      9  : 0.0570 0.9430
615      615   (0)      9  : 0.0624 0.9376
616      616   (0)      9  : 0.0260 0.9740
617      617   (0)      9  : 0.0576 0.9424
618      618   (0)      9  : 0.0344 0.9656
619      619   (0)      9  : 0.1142 0.8858
620      620   (0)      9  : 0.0910 0.9090
621      621   (0)      9  : 0.0660 0.9340
622      622   (0)      9  : 0.0494 0.9506
623      623   (0)      9  : 0.1630 0.8370
624      624   (0)      9  : 0.2138 0.7862
625      625   (0)      9  : 0.0540 0.9460
626      626   (0)      9  : 0.0480 0.9520
627      627   (0)      9  : 0.0492 0.9508
628      628   (0)      9  : 0.0320 0.9680
629      629   (0)      9  : 0.0470 0.9530
630      630   (0)      9  : 0.0210 0.9790
631      631   (0)      9  : 0.0554 0.9446
632      632   (0)      9  : 0.1220 0.8780
633      633   (0)      9  : 0.0520 0.9480
634      634   (0)      9  : 0.1320 0.8680
635      635   (0)      9  : 0.0300 0.9700
636      636   (0)      9  : 0.0280 0.9720
637      637   (0)      9  : 0.0350 0.9650
638      638   (0)      9  : 0.0410 0.9590
639      639   (0)      9  : 0.1472 0.8528
640      640   (0)      9  : 0.0340 0.9660
641      641   (0)      9  : 0.1690 0.8310
642      642   (0)      9  : 0.1506 0.8494
643      643   (0)      9  : 0.0280 0.9720
644      644   (0)      9  : 0.0716 0.9284
645      645   (0)      9  : 0.1972 0.8028
646      646   (0)      9  : 0.0590 0.9410
647      647   (0)      9  : 0.0350 0.9650
648      648   (0)      9  : 0.0730 0.9270
649      649   (0)      9  : 0.2214 0.7786
650      650   (0)      9  : 0.1310 0.8690
651      651   (0)     10  : 0.0170 0.9830
652      652   (5)     10  : 0.0472 0.9528
653      653  (10)     10  : 0.0350 0.9650
654      654   (0)     10  : 0.0150 0.9850
655      655   (5)     10  : 0.0210 0.9790
656      656   (0)     10  : 0.0280 0.9720
657      657   (0)     10  : 0.1178 0.8822
658      658   (0)     10  : 0.0170 0.9830
659      659   (5)     10  : 0.0870 0.9130
660      660   (0)     10  : 0.0190 0.9810
661      661   (5)     10  : 0.0310 0.9690
662      662   (0)     10  : 0.0562 0.9438
663      663   (0)     10  : 0.0210 0.9790
664      664   (0)     10  : 0.0470 0.9530
665      665   (5)     10  : 0.0160 0.9840
666      666   (5)     10  : 0.0180 0.9820
667      667   (0)     10  : 0.0350 0.9650
668      668   (0)     10  : 0.0204 0.9796
669      669   (0)     10  : 0.0428 0.9572
670      670   (5)     10  : 0.0200 0.9800
671      671  (10)     10  : 0.0260 0.9740
672      672   (0)     10  : 0.0214 0.9786
673      673   (0)     10  : 0.0220 0.9780
674      674   (0)     10  : 0.0310 0.9690
675      675   (0)     10  : 0.0334 0.9666
676      676   (5)     10  : 0.0180 0.9820
677      677  (10)     10  : 0.0210 0.9790
678      678   (5)     10  : 0.0250 0.9750
679      679   (0)     10  : 0.0170 0.9830
680      680   (0)     10  : 0.0160 0.9840
681      681   (5)     10  : 0.0380 0.9620
682      682   (0)     10  : 0.0294 0.9706
683      683  (10)     10  : 0.0230 0.9770
684      684   (0)     10  : 0.0180 0.9820
685      685   (0)     10  : 0.0320 0.9680
686      686   (5)     10  : 0.0150 0.9850
687      687   (0)     10  : 0.0300 0.9700
688      688   (0)     10  : 0.0690 0.9310
689      689   (0)     10  : 0.0350 0.9650
690      690   (0)     10  : 0.0180 0.9820
691      691  (10)     10  : 0.0220 0.9780
692      692  (10)     10  : 0.0578 0.9422
693      693   (0)     10  : 0.0260 0.9740
694      694   (0)     10  : 0.0180 0.9820
695      695  (10)     10  : 0.0300 0.9700
696      696   (5)     10  : 0.0192 0.9808
697      697   (0)     10  : 0.0420 0.9580
698      698   (0)     10  : 0.0172 0.9828
699      699  (10)     10  : 0.0296 0.9704
700      700   (0)     10  : 0.0210 0.9790
701      701   (0)     10  : 0.2212 0.7788
702      702   (0)     10  : 0.0340 0.9660
703      703   (0)     10  : 0.0460 0.9540
704      704   (5)     10  : 0.0280 0.9720
705      705  (10)     10  : 0.0310 0.9690
706      706   (5)     10  : 0.0460 0.9540
707      707   (0)     10  : 0.0270 0.9730
708      708   (0)     10  : 0.0190 0.9810
709      709   (0)     10  : 0.0160 0.9840
710      710  (10)     10  : 0.0298 0.9702
711      711  (10)     10  : 0.0160 0.9840
712      712   (0)     10  : 0.0290 0.9710
713      713   (0)     10  : 0.0370 0.9630
714      714   (0)     10  : 0.0170 0.9830
715      715   (0)     10  : 0.0468 0.9532
716      716   (0)     10  : 0.0430 0.9570
717      717  (10)     10  : 0.0896 0.9104
718      718   (0)     10  : 0.0440 0.9560
719      719  (10)     10  : 0.0340 0.9660
720      720   (0)     10  : 0.0850 0.9150
721      721   (0)     10  : 0.0370 0.9630
722      722   (5)     10  : 0.0200 0.9800
723      723   (0)     10  : 0.0230 0.9770
724      724  (10)     10  : 0.0222 0.9778
725      725   (0)     10  : 0.0528 0.9472
726      726   (0)     10  : 0.0160 0.9840
727      727   (0)     10  : 0.0220 0.9780
728      728  (15)     10  : 0.0538 0.9462
729      729  (10)     10  : 0.3474 0.6526
730      730   (0)     10  : 0.0190 0.9810
731      731   (5)     10  : 0.0420 0.9580
732      732  (10)     10  : 0.0208 0.9792
733      733   (0)     10  : 0.0230 0.9770
734      734   (0)     10  : 0.0220 0.9780
735      735  (10)     10  : 0.0260 0.9740
736      736   (0)     10  : 0.0242 0.9758
737      737   (5)     10  : 0.0620 0.9380
738      738   (0)     10  : 0.0322 0.9678
739      739   (0)     10  : 0.0282 0.9718
740      740   (0)     10  : 0.0160 0.9840
741      741   (5)     10  : 0.0350 0.9650
742      742   (0)     10  : 0.0310 0.9690
743      743   (0)     10  : 0.0484 0.9516
744      744   (0)     10  : 0.0140 0.9860
745      745   (0)     10  : 0.0340 0.9660
746      746   (0)     10  : 0.0720 0.9280
747      747   (0)     10  : 0.0300 0.9700
748      748   (0)     10  : 0.1274 0.8726
749      749  (10)     10  : 0.0216 0.9784
750      750   (5)     10  : 0.1742 0.8258
