   1        1   (5)      1 :  0.0100 0.9900 
   2        2   (5)      1 :  0.0300 0.9700 
   3        3   (5)      1 :  0.0080 0.9920 
   4        4   (0)      1 :  0.0120 0.9880 
   5        5   (0)      1 :  0.0390 0.9610 
   6        6   (0)      1 :  0.0100 0.9900 
   7        7   (0)      1 :  0.0212 0.9788 
   8        8   (5)      1 :  0.0100 0.9900 
   9        9   (0)      1 :  0.0080 0.9920 
  10       10   (0)      1 :  0.0200 0.9800 
  11       11   (0)      1 :  0.0100 0.9900 
  12       12   (0)      1 :  0.0200 0.9800 
  13       13   (0)      1 :  0.0166 0.9834 
  14       14   (0)      1 :  0.0110 0.9890 
  15       15   (0)      1 :  0.0080 0.9920 
  16       16   (0)      1 :  0.0080 0.9920 
  17       17   (0)      1 :  0.0070 0.9930 
  18       18   (0)      1 :  0.0200 0.9800 
  19       19   (0)      1 :  0.0310 0.9690 
  20       20   (0)      1 :  0.0250 0.9750 
  21       21   (0)      1 :  0.0110 0.9890 
  22       22   (0)      1 :  0.0060 0.9940 
  23       23   (0)      1 :  0.0070 0.9930 
  24       24   (0)      1 :  0.0160 0.9840 
  25       25   (0)      1 :  0.0220 0.9780 
  26       26   (0)      1 :  0.0190 0.9810 
  27       27   (5)      1 :  0.0160 0.9840 
  28       28   (0)      1 :  0.0060 0.9940 
  29       29   (0)      1 :  0.0090 0.9910 
  30       30   (0)      1 :  0.0230 0.9770 
  31       31   (0)      1 :  0.0070 0.9930 
  32       32   (0)      1 :  0.0360 0.9640 
  33       33   (0)      1 :  0.0080 0.9920 
  34       34   (0)      1 :  0.0070 0.9930 
  35       35   (0)      1 :  0.0170 0.9830 
  36       36   (0)      1 :  0.0200 0.9800 
  37       37   (0)      1 :  0.0180 0.9820 
  38       38   (0)      1 :  0.0220 0.9780 
  39       39   (0)      1 :  0.0180 0.9820 
  40       40   (0)      1 :  0.0140 0.9860 
  41       41   (0)      1 :  0.0100 0.9900 
  42       42   (0)      1 :  0.0070 0.9930 
  43       43   (0)      1 :  0.0080 0.9920 
  44       44   (0)      1 :  0.0060 0.9940 
  45       45   (5)      1 :  0.0140 0.9860 
  46       46   (0)      1 :  0.0050 0.9950 
  47       47   (0)      1 :  0.0060 0.9940 
  48       48   (0)      1 :  0.0090 0.9910 
  49       49   (0)      1 :  0.0180 0.9820 
  50       50   (0)      1 :  0.0090 0.9910 
  51       51   (0)      1 :  0.0170 0.9830 
  52       52   (0)      1 :  0.0570 0.9430 
  53       53   (0)      1 :  0.0090 0.9910 
  54       54   (0)      1 :  0.0060 0.9940 
  55       55   (0)      1 :  0.0080 0.9920 
  56       56   (0)      1 :  0.0080 0.9920 
  57       57  (10)      1 :  0.0150 0.9850 
  58       58   (5)      1 :  0.0110 0.9890 
  59       59   (0)      1 :  0.0140 0.9860 
  60       60   (0)      1 :  0.0070 0.9930 
  61       61   (0)      1 :  0.0100 0.9900 
  62       62   (0)      1 :  0.0090 0.9910 
  63       63   (0)      1 :  0.0100 0.9900 
  64       64   (0)      1 :  0.0080 0.9920 
  65       65   (0)      1 :  0.0490 0.9510 
  66       66   (0)      1 :  0.0080 0.9920 
  67       67   (5)      1 :  0.0290 0.9710 
  68       68   (0)      1 :  0.0110 0.9890 
  69       69   (0)      1 :  0.0060 0.9940 
  70       70   (0)      1 :  0.0100 0.9900 
  71       71   (5)      1 :  0.0110 0.9890 
  72       72   (0)      1 :  0.0310 0.9690 
  73       73   (5)      1 :  0.0070 0.9930 
  74       74  (10)      1 :  0.0190 0.9810 
  75       75  (10)      1 :  0.0342 0.9658 
  76       76   (0)      1 :  0.0100 0.9900 
  77       77  (10)      1 :  0.0120 0.9880 
  78       78   (0)      1 :  0.0210 0.9790 
  79       79   (5)      1 :  0.0080 0.9920 
  80       80   (0)      1 :  0.0070 0.9930 
  81       81   (0)      1 :  0.0090 0.9910 
  82       82   (0)      1 :  0.0080 0.9920 
  83       83   (0)      1 :  0.0100 0.9900 
  84       84   (0)      1 :  0.0160 0.9840 
  85       85   (0)      1 :  0.0070 0.9930 
  86       86   (5)      1 :  0.0100 0.9900 
  87       87   (0)      1 :  0.0080 0.9920 
  88       88   (0)      1 :  0.0290 0.9710 
  89       89   (0)      1 :  0.0520 0.9480 
  90       90   (0)      1 :  0.0090 0.9910 
  91       91   (0)      1 :  0.0120 0.9880 
  92       92   (0)      1 :  0.0090 0.9910 
  93       93   (0)      1 :  0.0080 0.9920 
  94       94   (5)      1 :  0.0330 0.9670 
  95       95   (0)      1 :  0.0140 0.9860 
  96       96   (5)      1 :  0.0100 0.9900 
  97       97   (0)      1 :  0.0060 0.9940 
  98       98   (0)      1 :  0.0158 0.9842 
  99       99   (5)      1 :  0.0130 0.9870 
 100      100   (5)      1 :  0.0060 0.9940 
 101      101   (0)      2 :  0.0080 0.9920 
 102      102   (0)      2 :  0.0070 0.9930 
 103      103   (0)      2 :  0.0638 0.9362 
 104      104   (0)      2 :  0.0360 0.9640 
 105      105   (0)      2 :  0.0080 0.9920 
 106      106   (0)      2 :  0.0060 0.9940 
 107      107   (0)      2 :  0.0140 0.9860 
 108      108   (0)      2 :  0.0090 0.9910 
 109      109   (0)      2 :  0.0240 0.9760 
 110      110   (0)      2 :  0.0120 0.9880 
 111      111   (0)      2 :  0.0060 0.9940 
 112      112   (0)      2 :  0.0110 0.9890 
 113      113   (0)      2 :  0.0150 0.9850 
 114      114   (0)      2 :  0.0090 0.9910 
 115      115   (0)      2 :  0.0100 0.9900 
 116      116   (0)      2 :  0.0110 0.9890 
 117      117   (0)      2 :  0.0162 0.9838 
 118      118   (0)      2 :  0.0130 0.9870 
 119      119   (0)      2 :  0.0350 0.9650 
 120      120   (0)      2 :  0.0100 0.9900 
 121      121   (0)      2 :  0.0090 0.9910 
 122      122   (0)      2 :  0.0066 0.9934 
 123      123   (0)      2 :  0.0150 0.9850 
 124      124   (0)      2 :  0.0200 0.9800 
 125      125   (0)      2 :  0.0070 0.9930 
 126      126   (0)      2 :  0.0050 0.9950 
 127      127   (0)      2 :  0.0140 0.9860 
 128      128   (0)      2 :  0.0150 0.9850 
 129      129   (0)      2 :  0.0080 0.9920 
 130      130   (0)      2 :  0.0060 0.9940 
 131      131   (0)      2 :  0.0170 0.9830 
 132      132   (0)      2 :  0.0100 0.9900 
 133      133   (0)      2 :  0.0130 0.9870 
 134      134   (0)      2 :  0.0544 0.9456 
 135      135   (0)      2 :  0.0280 0.9720 
 136      136   (0)      2 :  0.0070 0.9930 
 137      137   (0)      2 :  0.0110 0.9890 
 138      138   (0)      2 :  0.0180 0.9820 
 139      139   (0)      2 :  0.0090 0.9910 
 140      140   (0)      2 :  0.0520 0.9480 
 141      141   (0)      2 :  0.0208 0.9792 
 142      142   (0)      2 :  0.0090 0.9910 
 143      143   (0)      2 :  0.0096 0.9904 
 144      144   (0)      2 :  0.0100 0.9900 
 145      145   (0)      2 :  0.0080 0.9920 
 146      146   (0)      2 :  0.0080 0.9920 
 147      147   (0)      2 :  0.0570 0.9430 
 148      148   (0)      2 :  0.0210 0.9790 
 149      149   (0)      2 :  0.0206 0.9794 
 150      150   (0)      2 :  0.0150 0.9850 
 151      151   (0)      2 :  0.0060 0.9940 
 152      152   (0)      2 :  0.0100 0.9900 
 153      153   (0)      2 :  0.0310 0.9690 
 154      154   (0)      2 :  0.0390 0.9610 
 155      155   (0)      2 :  0.0100 0.9900 
 156      156   (0)      2 :  0.0220 0.9780 
 157      157   (0)      2 :  0.0500 0.9500 
 158      158   (0)      2 :  0.0120 0.9880 
 159      159   (0)      2 :  0.0070 0.9930 
 160      160   (0)      2 :  0.0092 0.9908 
 161      161   (0)      2 :  0.0090 0.9910 
 162      162   (0)      2 :  0.0060 0.9940 
 163      163   (0)      2 :  0.0090 0.9910 
 164      164   (0)      2 :  0.0130 0.9870 
 165      165   (0)      2 :  0.0130 0.9870 
 166      166   (0)      2 :  0.0080 0.9920 
 167      167   (0)      2 :  0.0170 0.9830 
 168      168   (0)      2 :  0.0070 0.9930 
 169      169   (0)      2 :  0.0340 0.9660 
 170      170   (0)      2 :  0.0070 0.9930 
 171      171   (0)      2 :  0.0060 0.9940 
 172      172   (0)      2 :  0.0090 0.9910 
 173      173   (0)      2 :  0.0240 0.9760 
 174      174   (0)      2 :  0.0050 0.9950 
 175      175   (0)      2 :  0.0120 0.9880 
 176      176   (0)      2 :  0.0170 0.9830 
 177      177   (0)      2 :  0.0090 0.9910 
 178      178   (0)      2 :  0.0110 0.9890 
 179      179   (0)      2 :  0.0322 0.9678 
 180      180   (0)      2 :  0.0198 0.9802 
 181      181   (0)      2 :  0.0110 0.9890 
 182      182   (0)      2 :  0.0080 0.9920 
 183      183   (0)      2 :  0.0090 0.9910 
 184      184   (0)      2 :  0.0290 0.9710 
 185      185   (0)      2 :  0.0220 0.9780 
 186      186   (0)      2 :  0.0100 0.9900 
 187      187   (0)      2 :  0.0160 0.9840 
 188      188   (0)      2 :  0.0090 0.9910 
 189      189   (0)      2 :  0.0100 0.9900 
 190      190   (0)      2 :  0.0080 0.9920 
 191      191   (0)      2 :  0.0100 0.9900 
 192      192   (0)      2 :  0.0220 0.9780 
 193      193   (0)      2 :  0.0100 0.9900 
 194      194   (0)      2 :  0.0060 0.9940 
 195      195   (0)      2 :  0.0502 0.9498 
 196      196   (0)      2 :  0.0120 0.9880 
 197      197   (0)      2 :  0.0050 0.9950 
 198      198   (0)      2 :  0.0120 0.9880 
 199      199   (0)      2 :  0.0150 0.9850 
 200      200   (0)      2 :  0.0062 0.9938 
 201      201   (0)      2 :  0.0120 0.9880 
 202      202   (0)      2 :  0.0414 0.9586 
 203      203   (0)      2 :  0.0090 0.9910 
 204      204   (0)      2 :  0.0050 0.9950 
 205      205   (0)      2 :  0.0120 0.9880 
 206      206   (0)      2 :  0.0050 0.9950 
 207      207   (0)      2 :  0.0070 0.9930 
 208      208   (0)      2 :  0.0106 0.9894 
 209      209   (0)      2 :  0.0120 0.9880 
 210      210   (0)      2 :  0.0120 0.9880 
 211      211   (0)      2 :  0.0070 0.9930 
 212      212   (0)      2 :  0.0364 0.9636 
 213      213   (0)      2 :  0.0100 0.9900 
 214      214   (0)      2 :  0.0070 0.9930 
 215      215   (0)      2 :  0.0060 0.9940 
 216      216   (0)      2 :  0.0170 0.9830 
 217      217   (0)      2 :  0.0140 0.9860 
 218      218   (0)      2 :  0.0100 0.9900 
 219      219   (0)      2 :  0.0080 0.9920 
 220      220   (0)      2 :  0.0164 0.9836 
 221      221   (0)      2 :  0.0148 0.9852 
 222      222   (0)      2 :  0.0080 0.9920 
 223      223   (0)      2 :  0.0570 0.9430 
 224      224   (0)      2 :  0.0450 0.9550 
 225      225   (0)      2 :  0.0070 0.9930 
 226      226   (0)      2 :  0.0110 0.9890 
 227      227   (0)      2 :  0.0070 0.9930 
 228      228   (0)      2 :  0.0090 0.9910 
 229      229   (0)      2 :  0.0514 0.9486 
 230      230   (0)      2 :  0.0050 0.9950 
 231      231   (0)      2 :  0.0130 0.9870 
 232      232   (0)      2 :  0.0170 0.9830 
 233      233   (0)      2 :  0.0170 0.9830 
 234      234   (0)      2 :  0.0080 0.9920 
 235      235   (0)      2 :  0.0178 0.9822 
 236      236   (0)      2 :  0.0110 0.9890 
 237      237   (0)      2 :  0.0060 0.9940 
 238      238   (0)      2 :  0.0080 0.9920 
 239      239   (0)      2 :  0.0110 0.9890 
 240      240   (0)      2 :  0.0070 0.9930 
 241      241   (0)      2 :  0.0040 0.9960 
 242      242   (0)      2 :  0.0090 0.9910 
 243      243   (0)      2 :  0.0060 0.9940 
 244      244   (0)      2 :  0.0074 0.9926 
 245      245   (0)      2 :  0.0080 0.9920 
 246      246   (0)      2 :  0.0160 0.9840 
 247      247   (0)      2 :  0.0090 0.9910 
 248      248   (0)      2 :  0.0110 0.9890 
 249      249   (0)      2 :  0.0070 0.9930 
 250      250   (0)      2 :  0.0370 0.9630 
 251      251   (0)      2 :  0.0118 0.9882 
 252      252   (0)      2 :  0.0150 0.9850 
 253      253   (0)      2 :  0.0070 0.9930 
 254      254   (0)      2 :  0.0120 0.9880 
 255      255   (0)      2 :  0.0090 0.9910 
 256      256   (0)      2 :  0.0100 0.9900 
 257      257   (0)      2 :  0.0150 0.9850 
 258      258   (0)      2 :  0.0060 0.9940 
 259      259   (0)      2 :  0.0300 0.9700 
 260      260   (0)      2 :  0.0060 0.9940 
 261      261   (0)      2 :  0.0110 0.9890 
 262      262   (0)      2 :  0.0240 0.9760 
 263      263   (0)      2 :  0.0060 0.9940 
 264      264   (0)      2 :  0.0050 0.9950 
 265      265   (0)      2 :  0.0110 0.9890 
 266      266   (0)      2 :  0.0060 0.9940 
 267      267   (0)      2 :  0.0070 0.9930 
 268      268   (0)      2 :  0.0110 0.9890 
 269      269   (0)      2 :  0.0080 0.9920 
 270      270   (0)      2 :  0.0220 0.9780 
 271      271   (0)      2 :  0.0180 0.9820 
 272      272   (0)      2 :  0.0090 0.9910 
 273      273   (0)      2 :  0.0070 0.9930 
 274      274   (0)      2 :  0.0110 0.9890 
 275      275   (0)      2 :  0.0070 0.9930 
 276      276   (0)      2 :  0.0070 0.9930 
 277      277   (0)      2 :  0.0110 0.9890 
 278      278   (0)      2 :  0.0080 0.9920 
 279      279   (0)      2 :  0.0230 0.9770 
 280      280   (0)      2 :  0.0090 0.9910 
 281      281   (0)      2 :  0.0070 0.9930 
 282      282   (0)      2 :  0.0100 0.9900 
 283      283   (0)      2 :  0.0300 0.9700 
 284      284   (0)      2 :  0.0060 0.9940 
 285      285   (0)      2 :  0.0070 0.9930 
 286      286   (0)      2 :  0.0310 0.9690 
 287      287   (0)      2 :  0.0200 0.9800 
 288      288   (0)      2 :  0.0160 0.9840 
 289      289   (0)      2 :  0.0090 0.9910 
 290      290   (0)      2 :  0.0100 0.9900 
 291      291   (0)      2 :  0.0160 0.9840 
 292      292   (0)      2 :  0.0080 0.9920 
 293      293   (0)      2 :  0.0134 0.9866 
 294      294   (0)      2 :  0.0440 0.9560 
 295      295   (0)      2 :  0.0240 0.9760 
 296      296   (0)      2 :  0.0150 0.9850 
 297      297   (0)      2 :  0.0100 0.9900 
 298      298   (0)      2 :  0.0110 0.9890 
 299      299   (0)      2 :  0.0100 0.9900 
 300      300   (0)      2 :  0.0070 0.9930 
 301      301   (0)      2 :  0.0070 0.9930 
 302      302   (0)      2 :  0.0440 0.9560 
 303      303   (0)      2 :  0.0100 0.9900 
 304      304   (0)      2 :  0.0220 0.9780 
 305      305   (0)      2 :  0.0130 0.9870 
 306      306   (0)      2 :  0.0110 0.9890 
 307      307   (0)      2 :  0.0090 0.9910 
 308      308   (0)      2 :  0.0130 0.9870 
 309      309   (0)      2 :  0.0050 0.9950 
 310      310   (0)      2 :  0.0450 0.9550 
 311      311   (0)      2 :  0.0120 0.9880 
 312      312   (0)      2 :  0.0100 0.9900 
 313      313   (0)      2 :  0.0100 0.9900 
 314      314   (0)      2 :  0.0110 0.9890 
 315      315   (0)      2 :  0.0160 0.9840 
 316      316   (0)      2 :  0.0100 0.9900 
 317      317   (0)      2 :  0.0100 0.9900 
 318      318   (0)      2 :  0.0090 0.9910 
 319      319   (0)      2 :  0.0130 0.9870 
 320      320   (0)      2 :  0.0062 0.9938 
 321      321   (0)      2 :  0.0148 0.9852 
 322      322   (0)      2 :  0.0090 0.9910 
 323      323   (0)      2 :  0.0120 0.9880 
 324      324   (0)      2 :  0.0070 0.9930 
 325      325   (0)      2 :  0.0180 0.9820 
 326      326   (0)      2 :  0.0190 0.9810 
 327      327   (0)      2 :  0.0130 0.9870 
 328      328   (0)      2 :  0.0140 0.9860 
 329      329   (0)      2 :  0.0110 0.9890 
 330      330   (0)      2 :  0.0070 0.9930 
 331      331   (0)      2 :  0.0090 0.9910 
 332      332   (0)      2 :  0.0080 0.9920 
 333      333   (0)      2 :  0.0090 0.9910 
 334      334   (0)      2 :  0.0100 0.9900 
 335      335   (0)      2 :  0.0070 0.9930 
 336      336   (0)      2 :  0.0160 0.9840 
 337      337   (0)      2 :  0.0060 0.9940 
 338      338   (0)      2 :  0.0130 0.9870 
 339      339   (0)      2 :  0.0120 0.9880 
 340      340   (0)      2 :  0.0090 0.9910 
 341      341   (0)      2 :  0.0170 0.9830 
 342      342   (0)      2 :  0.0210 0.9790 
 343      343   (0)      2 :  0.0060 0.9940 
 344      344   (0)      2 :  0.0120 0.9880 
 345      345   (0)      2 :  0.0480 0.9520 
 346      346   (0)      2 :  0.0080 0.9920 
 347      347   (0)      2 :  0.0070 0.9930 
 348      348   (0)      2 :  0.0190 0.9810 
 349      349   (0)      2 :  0.0188 0.9812 
 350      350   (0)      2 :  0.0120 0.9880 
 351      351   (0)      2 :  0.0060 0.9940 
 352      352   (0)      2 :  0.0160 0.9840 
 353      353   (0)      2 :  0.0090 0.9910 
 354      354   (0)      2 :  0.0190 0.9810 
 355      355   (0)      2 :  0.0240 0.9760 
 356      356   (0)      2 :  0.0240 0.9760 
 357      357   (0)      2 :  0.0140 0.9860 
 358      358   (0)      2 :  0.0090 0.9910 
 359      359   (0)      2 :  0.0270 0.9730 
 360      360   (0)      2 :  0.0170 0.9830 
 361      361   (0)      2 :  0.0120 0.9880 
 362      362   (0)      2 :  0.0060 0.9940 
 363      363   (0)      2 :  0.0100 0.9900 
 364      364   (0)      2 :  0.0070 0.9930 
 365      365   (0)      2 :  0.0106 0.9894 
 366      366   (0)      2 :  0.0080 0.9920 
 367      367   (0)      2 :  0.0100 0.9900 
 368      368   (0)      2 :  0.0080 0.9920 
 369      369   (0)      2 :  0.0180 0.9820 
 370      370   (0)      2 :  0.0080 0.9920 
 371      371   (0)      2 :  0.0170 0.9830 
 372      372   (0)      2 :  0.0090 0.9910 
 373      373   (0)      2 :  0.0090 0.9910 
 374      374   (0)      2 :  0.0060 0.9940 
 375      375   (0)      2 :  0.0290 0.9710 
 376      376   (0)      2 :  0.0090 0.9910 
 377      377   (0)      2 :  0.0100 0.9900 
 378      378   (0)      2 :  0.0206 0.9794 
 379      379   (0)      2 :  0.0662 0.9338 
 380      380   (0)      2 :  0.0100 0.9900 
 381      381   (0)      2 :  0.0100 0.9900 
 382      382   (0)      2 :  0.0120 0.9880 
 383      383   (0)      2 :  0.0150 0.9850 
 384      384   (0)      2 :  0.0160 0.9840 
 385      385   (0)      2 :  0.0150 0.9850 
 386      386   (0)      2 :  0.0050 0.9950 
 387      387   (0)      2 :  0.0160 0.9840 
 388      388   (0)      2 :  0.0090 0.9910 
 389      389   (0)      2 :  0.0060 0.9940 
 390      390   (0)      2 :  0.0070 0.9930 
 391      391   (0)      2 :  0.0100 0.9900 
 392      392   (0)      2 :  0.0240 0.9760 
 393      393   (0)      2 :  0.0070 0.9930 
 394      394   (0)      2 :  0.0070 0.9930 
 395      395   (0)      2 :  0.0160 0.9840 
 396      396   (0)      2 :  0.0090 0.9910 
 397      397   (0)      2 :  0.0100 0.9900 
 398      398   (0)      2 :  0.0120 0.9880 
 399      399   (0)      2 :  0.0080 0.9920 
 400      400   (0)      2 :  0.0080 0.9920 
 401      401   (0)      2 :  0.0090 0.9910 
 402      402   (0)      2 :  0.0110 0.9890 
 403      403   (0)      2 :  0.0554 0.9446 
 404      404   (0)      2 :  0.0060 0.9940 
 405      405   (0)      2 :  0.0070 0.9930 
 406      406   (0)      2 :  0.0610 0.9390 
 407      407   (0)      2 :  0.0090 0.9910 
 408      408   (0)      2 :  0.0110 0.9890 
 409      409   (0)      2 :  0.0100 0.9900 
 410      410   (0)      2 :  0.0248 0.9752 
 411      411   (0)      2 :  0.0262 0.9738 
 412      412   (0)      2 :  0.0070 0.9930 
 413      413   (0)      2 :  0.0100 0.9900 
 414      414   (0)      2 :  0.0080 0.9920 
 415      415   (0)      2 :  0.0150 0.9850 
 416      416   (0)      2 :  0.0100 0.9900 
 417      417   (0)      2 :  0.0210 0.9790 
 418      418   (0)      2 :  0.0150 0.9850 
 419      419   (0)      2 :  0.0090 0.9910 
 420      420   (0)      2 :  0.0820 0.9180 
 421      421   (0)      2 :  0.0070 0.9930 
 422      422   (0)      2 :  0.0174 0.9826 
 423      423   (0)      2 :  0.0160 0.9840 
 424      424   (0)      2 :  0.0070 0.9930 
 425      425   (0)      2 :  0.0080 0.9920 
 426      426   (0)      2 :  0.0210 0.9790 
 427      427   (0)      2 :  0.0090 0.9910 
 428      428   (0)      2 :  0.0090 0.9910 
 429      429   (0)      2 :  0.0100 0.9900 
 430      430   (0)      2 :  0.0130 0.9870 
 431      431   (0)      2 :  0.0190 0.9810 
 432      432   (0)      2 :  0.0066 0.9934 
 433      433   (0)      2 :  0.0080 0.9920 
 434      434   (0)      2 :  0.0060 0.9940 
 435      435   (0)      2 :  0.0210 0.9790 
 436      436   (0)      2 :  0.0090 0.9910 
 437      437   (0)      2 :  0.0796 0.9204 
 438      438   (0)      2 :  0.0090 0.9910 
 439      439   (0)      2 :  0.0110 0.9890 
 440      440   (0)      2 :  0.0190 0.9810 
 441      441   (0)      2 :  0.0130 0.9870 
 442      442   (0)      2 :  0.0114 0.9886 
 443      443   (0)      2 :  0.0216 0.9784 
 444      444   (0)      2 :  0.0090 0.9910 
 445      445   (0)      2 :  0.0170 0.9830 
 446      446   (0)      2 :  0.0170 0.9830 
 447      447   (0)      2 :  0.0130 0.9870 
 448      448   (0)      2 :  0.0070 0.9930 
 449      449   (0)      2 :  0.0160 0.9840 
 450      450   (0)      2 :  0.0170 0.9830 
 451      451   (0)      2 :  0.0100 0.9900 
 452      452   (0)      2 :  0.0090 0.9910 
 453      453   (0)      2 :  0.0130 0.9870 
 454      454   (0)      2 :  0.0110 0.9890 
 455      455   (0)      2 :  0.0050 0.9950 
 456      456   (0)      2 :  0.0120 0.9880 
 457      457   (0)      2 :  0.0380 0.9620 
 458      458   (0)      2 :  0.0130 0.9870 
 459      459   (0)      2 :  0.0050 0.9950 
 460      460   (0)      2 :  0.0060 0.9940 
 461      461   (0)      2 :  0.0070 0.9930 
 462      462   (0)      2 :  0.0130 0.9870 
 463      463   (0)      2 :  0.0150 0.9850 
 464      464   (0)      2 :  0.0070 0.9930 
 465      465   (0)      2 :  0.0066 0.9934 
 466      466   (0)      2 :  0.0100 0.9900 
 467      467   (0)      2 :  0.0100 0.9900 
 468      468   (0)      2 :  0.0250 0.9750 
 469      469   (0)      2 :  0.0230 0.9770 
 470      470   (0)      2 :  0.0070 0.9930 
 471      471   (0)      2 :  0.0100 0.9900 
 472      472   (0)      2 :  0.0150 0.9850 
 473      473   (0)      2 :  0.0050 0.9950 
 474      474   (0)      2 :  0.0090 0.9910 
 475      475   (0)      2 :  0.0160 0.9840 
 476      476   (0)      2 :  0.0300 0.9700 
 477      477   (0)      2 :  0.0050 0.9950 
 478      478   (0)      2 :  0.0050 0.9950 
 479      479   (0)      2 :  0.0100 0.9900 
 480      480   (0)      2 :  0.0050 0.9950 
 481      481   (0)      2 :  0.0240 0.9760 
 482      482   (0)      2 :  0.0110 0.9890 
 483      483   (0)      2 :  0.0080 0.9920 
 484      484   (0)      2 :  0.0110 0.9890 
 485      485   (0)      2 :  0.0130 0.9870 
 486      486   (0)      2 :  0.0070 0.9930 
 487      487   (0)      2 :  0.0110 0.9890 
 488      488   (0)      2 :  0.0248 0.9752 
 489      489   (0)      2 :  0.0510 0.9490 
 490      490   (0)      2 :  0.0090 0.9910 
 491      491   (0)      2 :  0.0110 0.9890 
 492      492   (0)      2 :  0.0168 0.9832 
 493      493   (0)      2 :  0.0130 0.9870 
 494      494   (0)      2 :  0.0070 0.9930 
 495      495   (0)      2 :  0.0070 0.9930 
 496      496   (0)      2 :  0.0100 0.9900 
 497      497   (0)      2 :  0.0220 0.9780 
 498      498   (0)      2 :  0.0210 0.9790 
 499      499   (0)      2 :  0.0240 0.9760 
 500      500   (0)      2 :  0.0070 0.9930 
 501      501   (0)      3 :  0.3790 0.6210 
 502      502   (0)      3 :  0.2534 0.7466 
 503      503   (0)      3 :  0.2678 0.7322 
 504      504   (0)      3 :  0.1730 0.8270 
 505      505   (0)      3 :  0.1700 0.8300 
 506      506   (0)      3 :  0.0280 0.9720 
 507      507   (0)      3 :  0.0100 0.9900 
 508      508   (0)      3 :  0.1038 0.8962 
 509      509   (0)      3 :  0.0790 0.9210 
 510      510   (0)      3 :  0.1134 0.8866 
 511      511   (0)      3 :  0.1240 0.8760 
 512      512   (0)      3 :  0.0702 0.9298 
 513      513   (0)      3 :  0.1248 0.8752 
 514      514   (0)      3 :  0.1360 0.8640 
 515      515   (0)      3 :  0.2280 0.7720 
 516      516   (0)      3 :  0.1040 0.8960 
 517      517   (0)      3 :  0.2320 0.7680 
 518      518   (0)      3 :  0.0070 0.9930 
 519      519   (0)      3 :  0.5290 0.4710 
 520      520   (0)      3 :  0.0320 0.9680 
 521      521   (0)      3 :  0.0120 0.9880 
 522      522   (0)      3 :  0.3180 0.6820 
 523      523   (0)      3 :  0.0180 0.9820 
 524      524   (0)      3 :  0.1020 0.8980 
 525      525   (0)      3 :  0.0306 0.9694 
 526      526   (0)      3 :  0.1270 0.8730 
 527      527   (0)      3 :  0.1892 0.8108 
 528      528   (0)      3 :  0.1130 0.8870 
 529      529   (0)      3 :  0.1296 0.8704 
 530      530   (0)      3 :  0.0764 0.9236 
 531      531   (0)      3 :  0.0260 0.9740 
 532      532   (0)      3 :  0.0648 0.9352 
 533      533   (0)      3 :  0.1018 0.8982 
 534      534   (0)      3 :  0.0220 0.9780 
 535      535   (0)      3 :  0.0948 0.9052 
 536      536   (0)      3 :  0.1020 0.8980 
 537      537   (0)      3 :  0.0770 0.9230 
 538      538   (0)      3 :  0.0598 0.9402 
 539      539   (0)      3 :  0.1320 0.8680 
 540      540   (0)      3 :  0.0950 0.9050 
 541      541   (0)      3 :  0.0778 0.9222 
 542      542   (0)      3 :  0.1634 0.8366 
 543      543   (0)      3 :  0.0320 0.9680 
 544      544   (0)      3 :  0.3240 0.6760 
 545      545   (0)      3 :  0.1612 0.8388 
 546      546   (0)      3 :  0.0880 0.9120 
 547      547   (0)      3 :  0.1080 0.8920 
 548      548   (0)      3 :  0.1550 0.8450 
 549      549   (0)      3 :  0.2410 0.7590 
 550      550   (0)      3 :  0.0320 0.9680 
 551      551   (0)      3 :  0.0220 0.9780 
 552      552   (0)      3 :  0.0320 0.9680 
 553      553   (0)      3 :  0.0508 0.9492 
 554      554   (0)      3 :  0.0880 0.9120 
 555      555   (0)      3 :  0.0368 0.9632 
 556      556   (0)      3 :  0.2642 0.7358 
 557      557   (0)      3 :  0.0360 0.9640 
 558      558   (0)      3 :  0.1020 0.8980 
 559      559   (0)      3 :  0.0150 0.9850 
 560      560   (0)      3 :  0.1916 0.8084 
 561      561   (0)      3 :  0.0764 0.9236 
 562      562   (0)      3 :  0.0100 0.9900 
 563      563   (0)      3 :  0.1278 0.8722 
 564      564   (0)      3 :  0.3194 0.6806 
 565      565   (0)      3 :  0.0950 0.9050 
 566      566   (0)      3 :  0.0810 0.9190 
 567      567   (0)      3 :  0.0866 0.9134 
 568      568   (0)      3 :  0.0360 0.9640 
 569      569   (0)      3 :  0.1700 0.8300 
 570      570   (0)      3 :  0.1200 0.8800 
 571      571   (0)      3 :  0.0140 0.9860 
 572      572   (0)      3 :  0.2850 0.7150 
 573      573   (0)      3 :  0.0900 0.9100 
 574      574   (0)      3 :  0.0790 0.9210 
 575      575   (0)      3 :  0.1810 0.8190 
 576      576   (0)      3 :  0.1850 0.8150 
 577      577   (0)      3 :  0.0456 0.9544 
 578      578   (0)      3 :  0.1064 0.8936 
 579      579   (0)      3 :  0.1280 0.8720 
 580      580   (0)      3 :  0.0210 0.9790 
 581      581   (0)      3 :  0.1842 0.8158 
 582      582   (0)      3 :  0.0150 0.9850 
 583      583   (0)      3 :  0.1432 0.8568 
 584      584   (0)      3 :  0.2560 0.7440 
 585      585   (0)      3 :  0.1802 0.8198 
 586      586   (0)      3 :  0.0880 0.9120 
 587      587   (0)      3 :  0.0190 0.9810 
 588      588   (0)      3 :  0.0162 0.9838 
 589      589   (0)      3 :  0.0454 0.9546 
 590      590   (0)      3 :  0.0100 0.9900 
 591      591   (0)      3 :  0.2182 0.7818 
 592      592   (0)      3 :  0.0410 0.9590 
 593      593   (0)      3 :  0.1340 0.8660 
 594      594   (0)      3 :  0.0130 0.9870 
 595      595   (0)      3 :  0.0070 0.9930 
 596      596   (0)      3 :  0.1110 0.8890 
 597      597   (0)      3 :  0.1658 0.8342 
 598      598   (0)      3 :  0.1170 0.8830 
 599      599   (0)      3 :  0.0180 0.9820 
 600      600   (0)      3 :  0.0130 0.9870 
 601      601   (0)      4 :  0.4236 0.5764 
 602      602   (0)      4 :  0.3380 0.6620 
 603      603   (0)      4 :  0.0252 0.9748 
 604      604   (0)      4 :  0.1130 0.8870 
 605      605   (0)      4 :  0.2680 0.7320 
 606      606   (0)      4 :  0.1420 0.8580 
 607      607   (0)      4 :  0.0232 0.9768 
 608      608   (0)      4 :  0.1880 0.8120 
 609      609   (0)      4 :  0.1750 0.8250 
 610      610   (0)      4 :  0.2610 0.7390 
 611      611   (0)      4 :  0.1490 0.8510 
 612      612   (0)      4 :  0.2450 0.7550 
 613      613   (0)      4 :  0.4070 0.5930 
 614      614   (0)      4 :  0.3330 0.6670 
 615      615   (0)      4 :  0.3550 0.6450 
 616      616   (0)      4 :  0.1992 0.8008 
 617      617   (0)      4 :  0.3180 0.6820 
 618      618   (0)      4 :  0.2832 0.7168 
 619      619   (0)      4 :  0.0390 0.9610 
 620      620   (0)      4 :  0.1000 0.9000 
 621      621   (0)      4 :  0.2048 0.7952 
 622      622   (0)      4 :  0.2090 0.7910 
 623      623   (0)      4 :  0.2048 0.7952 
 624      624   (0)      4 :  0.2710 0.7290 
 625      625   (0)      4 :  0.3700 0.6300 
 626      626   (0)      4 :  0.2450 0.7550 
 627      627   (0)      4 :  0.1538 0.8462 
 628      628   (0)      4 :  0.1966 0.8034 
 629      629   (0)      4 :  0.0940 0.9060 
 630      630   (0)      4 :  0.1954 0.8046 
 631      631   (0)      4 :  0.1434 0.8566 
 632      632   (0)      4 :  0.1412 0.8588 
 633      633   (0)      4 :  0.3400 0.6600 
 634      634   (0)      4 :  0.1920 0.8080 
 635      635   (0)      4 :  0.3464 0.6536 
 636      636   (0)      4 :  0.0616 0.9384 
 637      637   (0)      4 :  0.3382 0.6618 
 638      638   (0)      4 :  0.3060 0.6940 
 639      639   (0)      4 :  0.0870 0.9130 
 640      640   (0)      4 :  0.2406 0.7594 
 641      641   (0)      4 :  0.2920 0.7080 
 642      642   (0)      4 :  0.2480 0.7520 
 643      643   (0)      4 :  0.3868 0.6132 
 644      644   (0)      4 :  0.1310 0.8690 
 645      645   (0)      4 :  0.4810 0.5190 
 646      646   (0)      4 :  0.1360 0.8640 
 647      647   (0)      4 :  0.2240 0.7760 
 648      648   (0)      4 :  0.2120 0.7880 
 649      649   (0)      4 :  0.1486 0.8514 
 650      650   (0)      4 :  0.0330 0.9670 
 651      651   (0)      4 :  0.1900 0.8100 
 652      652   (0)      4 :  0.3094 0.6906 
 653      653   (0)      4 :  0.2400 0.7600 
 654      654   (0)      4 :  0.2542 0.7458 
 655      655   (0)      4 :  0.1430 0.8570 
 656      656   (0)      4 :  0.3710 0.6290 
 657      657   (0)      4 :  0.2092 0.7908 
 658      658   (0)      4 :  0.4792 0.5208 
 659      659   (0)      4 :  0.2660 0.7340 
 660      660   (0)      4 :  0.3680 0.6320 
 661      661   (0)      4 :  0.0410 0.9590 
 662      662   (0)      4 :  0.2250 0.7750 
 663      663   (0)      4 :  0.0514 0.9486 
 664      664   (0)      4 :  0.3310 0.6690 
 665      665   (0)      4 :  0.1540 0.8460 
 666      666   (0)      4 :  0.2960 0.7040 
 667      667   (0)      4 :  0.3056 0.6944 
 668      668   (0)      4 :  0.0332 0.9668 
 669      669   (0)      4 :  0.3550 0.6450 
 670      670   (0)      4 :  0.3152 0.6848 
 671      671   (0)      4 :  0.0900 0.9100 
 672      672   (0)      4 :  0.3990 0.6010 
 673      673   (0)      4 :  0.0808 0.9192 
 674      674   (0)      4 :  0.0380 0.9620 
 675      675   (0)      4 :  0.1450 0.8550 
 676      676   (0)      4 :  0.3700 0.6300 
 677      677   (0)      4 :  0.2526 0.7474 
 678      678   (0)      4 :  0.2960 0.7040 
 679      679   (0)      4 :  0.1562 0.8438 
 680      680   (0)      4 :  0.1746 0.8254 
 681      681   (0)      4 :  0.2824 0.7176 
 682      682   (0)      4 :  0.1412 0.8588 
 683      683   (0)      4 :  0.3280 0.6720 
 684      684   (0)      4 :  0.3040 0.6960 
 685      685   (0)      4 :  0.3098 0.6902 
 686      686   (0)      4 :  0.1120 0.8880 
 687      687   (0)      4 :  0.2540 0.7460 
 688      688   (0)      4 :  0.3000 0.7000 
 689      689   (0)      4 :  0.1320 0.8680 
 690      690   (0)      4 :  0.3140 0.6860 
 691      691   (0)      4 :  0.1520 0.8480 
 692      692   (0)      4 :  0.3000 0.7000 
 693      693   (0)      4 :  0.0648 0.9352 
 694      694   (0)      4 :  0.0780 0.9220 
 695      695   (0)      4 :  0.2220 0.7780 
 696      696   (0)      4 :  0.1906 0.8094 
 697      697   (0)      4 :  0.2810 0.7190 
 698      698   (0)      4 :  0.2542 0.7458 
 699      699   (0)      4 :  0.2956 0.7044 
 700      700   (0)      4 :  0.3200 0.6800 
 701      701   (0)      5 :  0.5450 0.4550 
 702      702   (0)      5 :  0.4260 0.5740 
 703      703   (0)      5 :  0.5770 0.4230 
 704      704   (0)      5 :  0.6570 0.3430 
 705      705   (0)      5 :  0.5730 0.4270 
 706      706   (0)      5 :  0.4330 0.5670 
 707      707   (0)      5 :  0.4750 0.5250 
 708      708   (0)      5 :  0.2994 0.7006 
 709      709   (0)      5 :  0.5230 0.4770 
 710      710   (0)      5 :  0.5760 0.4240 
 711      711   (0)      5 :  0.4990 0.5010 
 712      712   (0)      5 :  0.3878 0.6122 
 713      713   (0)      5 :  0.3654 0.6346 
 714      714   (0)      5 :  0.5224 0.4776 
 715      715   (0)      5 :  0.5050 0.4950 
 716      716   (0)      5 :  0.3500 0.6500 
 717      717   (0)      5 :  0.4490 0.5510 
 718      718   (0)      5 :  0.3680 0.6320 
 719      719   (0)      5 :  0.4400 0.5600 
 720      720   (0)      5 :  0.5700 0.4300 
 721      721   (0)      5 :  0.4670 0.5330 
 722      722   (0)      5 :  0.4730 0.5270 
 723      723   (0)      5 :  0.5150 0.4850 
 724      724   (0)      5 :  0.4376 0.5624 
 725      725   (0)      5 :  0.4166 0.5834 
 726      726   (0)      5 :  0.4540 0.5460 
 727      727   (0)      5 :  0.5244 0.4756 
 728      728   (0)      5 :  0.4960 0.5040 
 729      729   (0)      5 :  0.5548 0.4452 
 730      730   (0)      5 :  0.6450 0.3550 
 731      731   (0)      5 :  0.4430 0.5570 
 732      732   (0)      5 :  0.5030 0.4970 
 733      733   (0)      5 :  0.4650 0.5350 
 734      734   (0)      5 :  0.5520 0.4480 
 735      735   (0)      5 :  0.4608 0.5392 
 736      736   (0)      5 :  0.4700 0.5300 
 737      737   (0)      5 :  0.5180 0.4820 
 738      738   (0)      5 :  0.4380 0.5620 
 739      739   (0)      5 :  0.6080 0.3920 
 740      740   (0)      5 :  0.4830 0.5170 
 741      741   (0)      5 :  0.3380 0.6620 
 742      742   (0)      5 :  0.5390 0.4610 
 743      743   (0)      5 :  0.4050 0.5950 
 744      744   (0)      5 :  0.3850 0.6150 
 745      745   (0)      5 :  0.6020 0.3980 
 746      746   (0)      5 :  0.4400 0.5600 
 747      747   (0)      5 :  0.3476 0.6524 
 748      748   (0)      5 :  0.3862 0.6138 
 749      749   (0)      5 :  0.4940 0.5060 
 750      750   (0)      5 :  0.5360 0.4640 
 751      751   (0)      5 :  0.5322 0.4678 
 752      752   (0)      5 :  0.4876 0.5124 
 753      753   (0)      5 :  0.4590 0.5410 
 754      754   (0)      5 :  0.4028 0.5972 
 755      755   (0)      5 :  0.5370 0.4630 
 756      756   (0)      5 :  0.4310 0.5690 
 757      757   (0)      5 :  0.6360 0.3640 
 758      758   (0)      5 :  0.4940 0.5060 
 759      759   (0)      5 :  0.4050 0.5950 
 760      760   (0)      5 :  0.5502 0.4498 
 761      761   (0)      5 :  0.3572 0.6428 
 762      762   (0)      5 :  0.5370 0.4630 
 763      763   (0)      5 :  0.5920 0.4080 
 764      764   (0)      5 :  0.4760 0.5240 
 765      765   (0)      5 :  0.4570 0.5430 
 766      766   (0)      5 :  0.5932 0.4068 
 767      767   (0)      5 :  0.5220 0.4780 
 768      768   (0)      5 :  0.4910 0.5090 
 769      769   (0)      5 :  0.4236 0.5764 
 770      770   (0)      5 :  0.4240 0.5760 
 771      771   (0)      5 :  0.5030 0.4970 
 772      772   (0)      5 :  0.5300 0.4700 
 773      773   (0)      5 :  0.5606 0.4394 
 774      774   (0)      5 :  0.3426 0.6574 
 775      775   (0)      5 :  0.4524 0.5476 
 776      776   (0)      5 :  0.6168 0.3832 
 777      777   (0)      5 :  0.6890 0.3110 
 778      778   (0)      5 :  0.6210 0.3790 
 779      779   (0)      5 :  0.5546 0.4454 
 780      780   (0)      5 :  0.5070 0.4930 
 781      781   (0)      5 :  0.5700 0.4300 
 782      782   (0)      5 :  0.1680 0.8320 
 783      783   (0)      5 :  0.4040 0.5960 
 784      784   (0)      5 :  0.5888 0.4112 
 785      785   (0)      5 :  0.3878 0.6122 
 786      786   (0)      5 :  0.4506 0.5494 
 787      787   (0)      5 :  0.5360 0.4640 
 788      788   (0)      5 :  0.4690 0.5310 
 789      789   (0)      5 :  0.5590 0.4410 
 790      790   (0)      5 :  0.5350 0.4650 
 791      791   (0)      5 :  0.4386 0.5614 
 792      792   (0)      5 :  0.4886 0.5114 
 793      793   (0)      5 :  0.5220 0.4780 
 794      794   (0)      5 :  0.4330 0.5670 
 795      795   (0)      5 :  0.5322 0.4678 
 796      796   (0)      5 :  0.4640 0.5360 
 797      797   (0)      5 :  0.5780 0.4220 
 798      798   (0)      5 :  0.6310 0.3690 
 799      799   (0)      5 :  0.3750 0.6250 
 800      800   (0)      5 :  0.4500 0.5500 
 801      801   (0)      6 :  0.7990 0.2010 
 802      802   (0)      6 :  0.7030 0.2970 
 803      803   (0)      6 :  0.8788 0.1212 
 804      804   (0)      6 :  0.7952 0.2048 
 805      805   (0)      6 :  0.7780 0.2220 
 806      806   (0)      6 :  0.7300 0.2700 
 807      807   (0)      6 :  0.7950 0.2050 
 808      808   (0)      6 :  0.7690 0.2310 
 809      809   (0)      6 :  0.7900 0.2100 
 810      810   (0)      6 :  0.6784 0.3216 
 811      811   (0)      6 :  0.7440 0.2560 
 812      812   (0)      6 :  0.7880 0.2120 
 813      813   (0)      6 :  0.7420 0.2580 
 814      814   (0)      6 :  0.7660 0.2340 
 815      815   (0)      6 :  0.7380 0.2620 
 816      816   (0)      6 :  0.5990 0.4010 
 817      817   (0)      6 :  0.5202 0.4798 
 818      818   (0)      6 :  0.8020 0.1980 
 819      819   (0)      6 :  0.9660 0.0340 
 820      820   (0)      6 :  0.6930 0.3070 
 821      821   (0)      6 :  0.7420 0.2580 
 822      822   (0)      6 :  0.8280 0.1720 
 823      823   (0)      6 :  0.5550 0.4450 
 824      824   (0)      6 :  0.8870 0.1130 
 825      825   (0)      6 :  0.6820 0.3180 
 826      826   (0)      6 :  0.7670 0.2330 
 827      827   (0)      6 :  0.8500 0.1500 
 828      828   (0)      6 :  0.6770 0.3230 
 829      829   (0)      6 :  0.7140 0.2860 
 830      830   (0)      6 :  0.6390 0.3610 
 831      831   (0)      6 :  0.7610 0.2390 
 832      832   (0)      6 :  0.7360 0.2640 
 833      833   (0)      6 :  0.5690 0.4310 
 834      834   (0)      6 :  0.7820 0.2180 
 835      835   (0)      6 :  0.8240 0.1760 
 836      836   (0)      6 :  0.6012 0.3988 
 837      837   (0)      6 :  0.8560 0.1440 
 838      838   (0)      6 :  0.6230 0.3770 
 839      839   (0)      6 :  0.7480 0.2520 
 840      840   (0)      6 :  0.7400 0.2600 
 841      841   (0)      6 :  0.6600 0.3400 
 842      842   (0)      6 :  0.7380 0.2620 
 843      843   (0)      6 :  0.7634 0.2366 
 844      844   (0)      6 :  0.8880 0.1120 
 845      845   (0)      6 :  0.8470 0.1530 
 846      846   (0)      6 :  0.7030 0.2970 
 847      847   (0)      6 :  0.6702 0.3298 
 848      848   (0)      6 :  0.7950 0.2050 
 849      849   (0)      6 :  0.5612 0.4388 
 850      850   (0)      6 :  0.6510 0.3490 
 851      851   (0)      6 :  0.8750 0.1250 
 852      852   (0)      6 :  0.7770 0.2230 
 853      853   (0)      6 :  0.8930 0.1070 
 854      854   (0)      6 :  0.7040 0.2960 
 855      855   (0)      6 :  0.8450 0.1550 
 856      856   (0)      6 :  0.8360 0.1640 
 857      857   (0)      6 :  0.7420 0.2580 
 858      858   (0)      6 :  0.8570 0.1430 
 859      859   (0)      6 :  0.8210 0.1790 
 860      860   (0)      6 :  0.6882 0.3118 
 861      861   (0)      6 :  0.7314 0.2686 
 862      862   (0)      6 :  0.7110 0.2890 
 863      863   (0)      6 :  0.6660 0.3340 
 864      864   (0)      6 :  0.8260 0.1740 
 865      865   (0)      6 :  0.8198 0.1802 
 866      866   (0)      6 :  0.9000 0.1000 
 867      867   (0)      6 :  0.7878 0.2122 
 868      868   (0)      6 :  0.7210 0.2790 
 869      869   (0)      6 :  0.6960 0.3040 
 870      870   (0)      6 :  0.6390 0.3610 
 871      871   (0)      6 :  0.7960 0.2040 
 872      872   (0)      6 :  0.7710 0.2290 
 873      873   (0)      6 :  0.7970 0.2030 
 874      874   (0)      6 :  0.6380 0.3620 
 875      875   (0)      6 :  0.6440 0.3560 
 876      876   (0)      6 :  0.7980 0.2020 
 877      877   (0)      6 :  0.6930 0.3070 
 878      878   (0)      6 :  0.7690 0.2310 
 879      879   (0)      6 :  0.7840 0.2160 
 880      880   (0)      6 :  0.8196 0.1804 
 881      881   (0)      6 :  0.6020 0.3980 
 882      882   (0)      6 :  0.6910 0.3090 
 883      883   (0)      6 :  0.6730 0.3270 
 884      884   (0)      6 :  0.7444 0.2556 
 885      885   (0)      6 :  0.7640 0.2360 
 886      886   (0)      6 :  0.6740 0.3260 
 887      887   (0)      6 :  0.7924 0.2076 
 888      888   (0)      6 :  0.6700 0.3300 
 889      889   (0)      6 :  0.8050 0.1950 
 890      890   (0)      6 :  0.8578 0.1422 
 891      891   (0)      6 :  0.6260 0.3740 
 892      892   (0)      6 :  0.9760 0.0240 
 893      893   (0)      6 :  0.6750 0.3250 
 894      894   (0)      6 :  0.6900 0.3100 
 895      895   (0)      6 :  0.7950 0.2050 
 896      896   (0)      6 :  0.8408 0.1592 
 897      897   (0)      6 :  0.6500 0.3500 
 898      898   (0)      6 :  0.6984 0.3016 
 899      899   (0)      6 :  0.8950 0.1050 
 900      900   (0)      6 :  0.8170 0.1830 
 901      901   (0)      7 :  0.8450 0.1550 
 902      902   (0)      7 :  0.9830 0.0170 
 903      903   (0)      7 :  0.8200 0.1800 
 904      904   (0)      7 :  0.8560 0.1440 
 905      905   (0)      7 :  0.8240 0.1760 
 906      906   (0)      7 :  0.7288 0.2712 
 907      907   (0)      7 :  0.9270 0.0730 
 908      908   (0)      7 :  0.9400 0.0600 
 909      909   (0)      7 :  0.8280 0.1720 
 910      910   (0)      7 :  0.8210 0.1790 
 911      911   (0)      7 :  0.6700 0.3300 
 912      912   (0)      7 :  0.8782 0.1218 
 913      913   (0)      7 :  0.9530 0.0470 
 914      914   (0)      7 :  0.8040 0.1960 
 915      915   (0)      7 :  0.7930 0.2070 
 916      916   (0)      7 :  0.9550 0.0450 
 917      917   (0)      7 :  0.8494 0.1506 
 918      918   (0)      7 :  0.9510 0.0490 
 919      919   (0)      7 :  0.7330 0.2670 
 920      920   (0)      7 :  0.9900 0.0100 
 921      921   (0)      7 :  0.9220 0.0780 
 922      922   (0)      7 :  0.8140 0.1860 
 923      923   (0)      7 :  0.8110 0.1890 
 924      924   (0)      7 :  0.9430 0.0570 
 925      925   (0)      7 :  0.8570 0.1430 
 926      926   (0)      7 :  0.8870 0.1130 
 927      927   (0)      7 :  0.7830 0.2170 
 928      928   (0)      7 :  0.7914 0.2086 
 929      929   (0)      7 :  0.8310 0.1690 
 930      930   (0)      7 :  0.9290 0.0710 
 931      931   (0)      7 :  0.7240 0.2760 
 932      932   (0)      7 :  0.7520 0.2480 
 933      933   (0)      7 :  0.9472 0.0528 
 934      934   (0)      7 :  0.7198 0.2802 
 935      935   (0)      7 :  0.8930 0.1070 
 936      936   (0)      7 :  0.9540 0.0460 
 937      937   (0)      7 :  0.9020 0.0980 
 938      938   (0)      7 :  0.7668 0.2332 
 939      939   (0)      7 :  0.9530 0.0470 
 940      940   (0)      7 :  0.9160 0.0840 
 941      941   (0)      7 :  0.7380 0.2620 
 942      942   (0)      7 :  0.9246 0.0754 
 943      943   (0)      7 :  0.7570 0.2430 
 944      944   (0)      7 :  0.7740 0.2260 
 945      945   (0)      7 :  0.8000 0.2000 
 946      946   (0)      7 :  0.8070 0.1930 
 947      947   (0)      7 :  0.8940 0.1060 
 948      948   (0)      7 :  0.8112 0.1888 
 949      949   (0)      7 :  0.9110 0.0890 
 950      950   (0)      7 :  0.8640 0.1360 
 951      951   (0)      7 :  0.9620 0.0380 
 952      952   (0)      7 :  0.9028 0.0972 
 953      953   (0)      7 :  0.9906 0.0094 
 954      954   (0)      7 :  0.8460 0.1540 
 955      955   (0)      7 :  0.8840 0.1160 
 956      956   (0)      7 :  0.9340 0.0660 
 957      957   (0)      7 :  0.8330 0.1670 
 958      958   (0)      7 :  0.7520 0.2480 
 959      959   (0)      7 :  0.8644 0.1356 
 960      960   (0)      7 :  0.7056 0.2944 
 961      961   (0)      7 :  0.9390 0.0610 
 962      962   (0)      7 :  0.8382 0.1618 
 963      963   (0)      7 :  0.8640 0.1360 
 964      964   (0)      7 :  0.9140 0.0860 
 965      965   (0)      7 :  0.9560 0.0440 
 966      966   (0)      7 :  0.6652 0.3348 
 967      967   (0)      7 :  0.7950 0.2050 
 968      968   (0)      7 :  0.9920 0.0080 
 969      969   (0)      7 :  0.9900 0.0100 
 970      970   (0)      7 :  0.8820 0.1180 
 971      971   (0)      7 :  0.9460 0.0540 
 972      972   (0)      7 :  0.8330 0.1670 
 973      973   (0)      7 :  0.8560 0.1440 
 974      974   (0)      7 :  0.7940 0.2060 
 975      975   (0)      7 :  0.9460 0.0540 
 976      976   (0)      7 :  0.9710 0.0290 
 977      977   (0)      7 :  0.8090 0.1910 
 978      978   (0)      7 :  0.9462 0.0538 
 979      979   (0)      7 :  0.9180 0.0820 
 980      980   (0)      7 :  0.8740 0.1260 
 981      981   (0)      7 :  0.9900 0.0100 
 982      982   (0)      7 :  0.8302 0.1698 
 983      983   (0)      7 :  0.9500 0.0500 
 984      984   (0)      7 :  0.7910 0.2090 
 985      985   (0)      7 :  0.6920 0.3080 
 986      986   (0)      7 :  0.8390 0.1610 
 987      987   (0)      7 :  0.9470 0.0530 
 988      988   (0)      7 :  0.9610 0.0390 
 989      989   (0)      7 :  0.8448 0.1552 
 990      990   (0)      7 :  0.7990 0.2010 
 991      991   (0)      7 :  0.9920 0.0080 
 992      992   (0)      7 :  0.9930 0.0070 
 993      993   (0)      7 :  0.9528 0.0472 
 994      994   (0)      7 :  0.9230 0.0770 
 995      995   (0)      7 :  0.7460 0.2540 
 996      996   (0)      7 :  0.6680 0.3320 
 997      997   (0)      7 :  0.9612 0.0388 
 998      998   (0)      7 :  0.8640 0.1360 
 999      999   (0)      7 :  0.9478 0.0522 
1000     1000   (0)      7 :  0.8340 0.1660 
1001     1001   (5)      8 :  0.9890 0.0110 
1002     1002   (0)      8 :  0.9850 0.0150 
1003     1003   (0)      8 :  0.9930 0.0070 
1004     1004   (0)      8 :  0.9670 0.0330 
1005     1005   (0)      8 :  0.9922 0.0078 
1006     1006   (0)      8 :  0.9910 0.0090 
1007     1007   (0)      8 :  0.9940 0.0060 
1008     1008   (0)      8 :  0.9910 0.0090 
1009     1009   (0)      8 :  0.9920 0.0080 
1010     1010   (0)      8 :  0.9920 0.0080 
1011     1011   (0)      8 :  0.9950 0.0050 
1012     1012   (0)      8 :  0.9930 0.0070 
1013     1013   (0)      8 :  0.9830 0.0170 
1014     1014   (5)      8 :  0.9950 0.0050 
1015     1015   (0)      8 :  0.9940 0.0060 
1016     1016   (0)      8 :  0.9940 0.0060 
1017     1017   (0)      8 :  0.9920 0.0080 
1018     1018   (0)      8 :  0.9910 0.0090 
1019     1019   (0)      8 :  0.9890 0.0110 
1020     1020   (0)      8 :  0.9940 0.0060 
1021     1021   (0)      8 :  0.9950 0.0050 
1022     1022   (0)      8 :  0.9900 0.0100 
1023     1023   (0)      8 :  0.9940 0.0060 
1024     1024   (0)      8 :  0.9950 0.0050 
1025     1025   (0)      8 :  0.9950 0.0050 
1026     1026   (0)      8 :  0.9930 0.0070 
1027     1027   (0)      8 :  0.9940 0.0060 
1028     1028   (0)      8 :  0.9940 0.0060 
1029     1029   (0)      9 :  0.9950 0.0050 
1030     1030   (0)      9 :  0.9890 0.0110 
1031     1031   (0)      9 :  0.9894 0.0106 
1032     1032   (0)      9 :  0.9930 0.0070 
1033     1033   (0)      9 :  0.9910 0.0090 
1034     1034   (0)      9 :  0.9930 0.0070 
1035     1035   (0)      9 :  0.9930 0.0070 
1036     1036   (0)      9 :  0.9690 0.0310 
1037     1037   (0)      9 :  0.9940 0.0060 
1038     1038   (0)      9 :  0.9930 0.0070 
1039     1039   (0)      9 :  0.9940 0.0060 
1040     1040   (0)      9 :  0.9930 0.0070 
1041     1041   (0)      9 :  0.9950 0.0050 
1042     1042   (0)      9 :  0.9850 0.0150 
1043     1043   (0)      9 :  0.9940 0.0060 
1044     1044   (0)      9 :  0.9930 0.0070 
1045     1045   (0)      9 :  0.9940 0.0060 
1046     1046   (0)      9 :  0.9940 0.0060 
1047     1047   (0)      9 :  0.9930 0.0070 
1048     1048   (0)      9 :  0.9950 0.0050 
1049     1049   (0)      9 :  0.9940 0.0060 
1050     1050   (0)      9 :  0.9920 0.0080 
1051     1051   (0)      9 :  0.9910 0.0090 
1052     1052   (0)      9 :  0.9930 0.0070 
1053     1053   (0)      9 :  0.9920 0.0080 
1054     1054   (0)      9 :  0.9710 0.0290 
1055     1055   (0)      9 :  0.9950 0.0050 
1056     1056   (0)      9 :  0.9930 0.0070 
1057     1057   (0)      9 :  0.9950 0.0050 
1058     1058   (0)      9 :  0.9856 0.0144 
1059     1059   (0)      9 :  0.9940 0.0060 
1060     1060   (0)      9 :  0.9940 0.0060 
1061     1061   (0)      9 :  0.9940 0.0060 
1062     1062   (0)      9 :  0.9940 0.0060 
1063     1063   (0)      9 :  0.9900 0.0100 
1064     1064   (0)      9 :  0.9910 0.0090 
1065     1065   (0)      9 :  0.9940 0.0060 
1066     1066   (0)      9 :  0.9900 0.0100 
1067     1067   (0)      9 :  0.9920 0.0080 
1068     1068   (0)      9 :  0.9940 0.0060 
1069     1069   (0)      9 :  0.9910 0.0090 
1070     1070   (0)      9 :  0.9930 0.0070 
1071     1071   (0)      9 :  0.9952 0.0048 
1072     1072   (0)      9 :  0.9900 0.0100 
1073     1073   (0)      9 :  0.9950 0.0050 
1074     1074   (0)      9 :  0.9860 0.0140 
1075     1075   (0)      9 :  0.9950 0.0050 
1076     1076   (0)      9 :  0.9920 0.0080 
1077     1077   (0)      9 :  0.9890 0.0110 
1078     1078   (0)      9 :  0.9940 0.0060 
1079     1079   (0)      9 :  0.9920 0.0080 
1080     1080   (0)      9 :  0.9940 0.0060 
1081     1081   (0)      9 :  0.9930 0.0070 
1082     1082   (0)      9 :  0.9920 0.0080 
1083     1083   (0)      9 :  0.9930 0.0070 
1084     1084   (0)      9 :  0.9900 0.0100 
1085     1085   (0)      9 :  0.9900 0.0100 
1086     1086   (0)      9 :  0.9948 0.0052 
1087     1087   (0)      9 :  0.9914 0.0086 
1088     1088   (0)      9 :  0.9920 0.0080 
1089     1089   (0)      9 :  0.9410 0.0590 
1090     1090   (0)      9 :  0.9858 0.0142 
1091     1091   (0)      9 :  0.9910 0.0090 
1092     1092   (0)      9 :  0.9900 0.0100 
1093     1093   (0)      9 :  0.9920 0.0080 
1094     1094   (0)      9 :  0.9940 0.0060 
1095     1095   (0)      9 :  0.9910 0.0090 
1096     1096   (0)      9 :  0.9920 0.0080 
1097     1097   (0)      9 :  0.9940 0.0060 
1098     1098   (0)      9 :  0.9940 0.0060 
1099     1099   (0)      9 :  0.9950 0.0050 
1100     1100   (0)      9 :  0.9950 0.0050 
1101     1101   (0)      9 :  0.9850 0.0150 
1102     1102   (0)      9 :  0.9940 0.0060 
1103     1103   (0)      9 :  0.9940 0.0060 
1104     1104   (0)      9 :  0.9930 0.0070 
1105     1105   (0)      9 :  0.9940 0.0060 
1106     1106   (0)      9 :  0.9950 0.0050 
1107     1107   (0)      9 :  0.9940 0.0060 
1108     1108   (0)      9 :  0.9920 0.0080 
1109     1109   (0)      9 :  0.9940 0.0060 
1110     1110   (0)      9 :  0.9930 0.0070 
1111     1111   (0)      9 :  0.9828 0.0172 
1112     1112   (0)      9 :  0.9930 0.0070 
1113     1113   (0)      9 :  0.9950 0.0050 
1114     1114   (0)      9 :  0.9920 0.0080 
1115     1115   (0)      9 :  0.9940 0.0060 
1116     1116   (0)      9 :  0.9940 0.0060 
1117     1117   (0)      9 :  0.9930 0.0070 
1118     1118   (0)      9 :  0.9930 0.0070 
1119     1119   (0)      9 :  0.9928 0.0072 
1120     1120   (0)      9 :  0.9930 0.0070 
1121     1121   (0)      9 :  0.9920 0.0080 
1122     1122   (0)      9 :  0.9950 0.0050 
1123     1123   (0)      9 :  0.9930 0.0070 
1124     1124   (0)      9 :  0.9940 0.0060 
1125     1125   (0)      9 :  0.9940 0.0060 
1126     1126   (0)      9 :  0.9950 0.0050 
1127     1127   (0)      9 :  0.9910 0.0090 
1128     1128   (0)      9 :  0.9930 0.0070 
1129     1129   (0)      9 :  0.9880 0.0120 
1130     1130   (0)      9 :  0.9950 0.0050 
1131     1131   (0)      9 :  0.9940 0.0060 
1132     1132   (0)      9 :  0.9930 0.0070 
1133     1133   (0)      9 :  0.9900 0.0100 
1134     1134   (0)      9 :  0.9900 0.0100 
1135     1135   (0)      9 :  0.9946 0.0054 
1136     1136   (0)      9 :  0.9940 0.0060 
1137     1137   (0)      9 :  0.9904 0.0096 
1138     1138   (0)      9 :  0.9950 0.0050 
1139     1139   (0)      9 :  0.9890 0.0110 
1140     1140   (0)      9 :  0.9950 0.0050 
1141     1141   (0)      9 :  0.9850 0.0150 
1142     1142   (0)      9 :  0.9920 0.0080 
1143     1143   (0)      9 :  0.9940 0.0060 
1144     1144   (0)      9 :  0.9930 0.0070 
1145     1145   (0)      9 :  0.9850 0.0150 
1146     1146   (0)      9 :  0.9940 0.0060 
1147     1147   (0)      9 :  0.9880 0.0120 
1148     1148   (0)      9 :  0.9930 0.0070 
1149     1149   (0)      9 :  0.9950 0.0050 
1150     1150   (0)      9 :  0.9940 0.0060 
1151     1151   (0)      9 :  0.9930 0.0070 
1152     1152   (0)      9 :  0.9900 0.0100 
1153     1153   (0)      9 :  0.9920 0.0080 
1154     1154   (0)      9 :  0.9950 0.0050 
1155     1155   (0)      9 :  0.9930 0.0070 
1156     1156   (0)      9 :  0.9950 0.0050 
1157     1157   (0)      9 :  0.9940 0.0060 
1158     1158   (0)      9 :  0.9950 0.0050 
1159     1159   (0)      9 :  0.9942 0.0058 
1160     1160   (0)      9 :  0.9870 0.0130 
1161     1161   (0)      9 :  0.9930 0.0070 
1162     1162   (0)      9 :  0.9940 0.0060 
1163     1163   (0)      9 :  0.9940 0.0060 
1164     1164   (0)      9 :  0.9950 0.0050 
1165     1165   (0)      9 :  0.9890 0.0110 
1166     1166   (0)      9 :  0.9950 0.0050 
1167     1167   (0)      9 :  0.9788 0.0212 
1168     1168   (0)      9 :  0.9918 0.0082 
1169     1169   (0)      9 :  0.9920 0.0080 
1170     1170   (0)      9 :  0.9950 0.0050 
1171     1171   (0)      9 :  0.9930 0.0070 
1172     1172   (0)      9 :  0.9950 0.0050 
1173     1173   (0)      9 :  0.9930 0.0070 
1174     1174   (0)      9 :  0.9920 0.0080 
1175     1175   (0)      9 :  0.9940 0.0060 
1176     1176   (0)      9 :  0.9920 0.0080 
1177     1177   (0)      9 :  0.9930 0.0070 
1178     1178   (0)      9 :  0.9940 0.0060 
1179     1179   (0)      9 :  0.9900 0.0100 
1180     1180   (0)      9 :  0.9850 0.0150 
1181     1181   (0)      9 :  0.9930 0.0070 
1182     1182   (0)      9 :  0.9950 0.0050 
1183     1183   (0)      9 :  0.9878 0.0122 
1184     1184   (0)      9 :  0.9920 0.0080 
1185     1185   (0)      9 :  0.9860 0.0140 
1186     1186   (0)      9 :  0.9930 0.0070 
1187     1187   (0)      9 :  0.9930 0.0070 
1188     1188   (0)      9 :  0.9930 0.0070 
1189     1189   (0)      9 :  0.9910 0.0090 
1190     1190   (0)      9 :  0.9870 0.0130 
1191     1191   (0)      9 :  0.9870 0.0130 
1192     1192   (0)      9 :  0.9884 0.0116 
1193     1193   (0)      9 :  0.9920 0.0080 
1194     1194   (0)      9 :  0.9930 0.0070 
1195     1195   (0)      9 :  0.9940 0.0060 
1196     1196   (0)      9 :  0.9928 0.0072 
1197     1197   (0)      9 :  0.9918 0.0082 
1198     1198   (0)      9 :  0.9950 0.0050 
1199     1199   (0)      9 :  0.9828 0.0172 
1200     1200   (0)      9 :  0.9930 0.0070 
1201     1201   (0)      9 :  0.9920 0.0080 
1202     1202   (0)      9 :  0.9940 0.0060 
1203     1203   (0)      9 :  0.9930 0.0070 
1204     1204   (0)      9 :  0.9830 0.0170 
1205     1205   (0)      9 :  0.9940 0.0060 
1206     1206   (0)      9 :  0.9910 0.0090 
1207     1207   (0)      9 :  0.9912 0.0088 
1208     1208   (0)      9 :  0.9950 0.0050 
1209     1209   (0)      9 :  0.9782 0.0218 
1210     1210   (0)      9 :  0.9900 0.0100 
1211     1211   (0)      9 :  0.9930 0.0070 
1212     1212   (0)      9 :  0.9920 0.0080 
1213     1213   (0)      9 :  0.9940 0.0060 
1214     1214   (0)      9 :  0.9950 0.0050 
1215     1215   (0)      9 :  0.9950 0.0050 
1216     1216   (0)      9 :  0.9930 0.0070 
1217     1217   (0)      9 :  0.9950 0.0050 
1218     1218   (0)      9 :  0.9950 0.0050 
1219     1219   (0)      9 :  0.9780 0.0220 
1220     1220   (0)      9 :  0.9940 0.0060 
1221     1221   (0)      9 :  0.9926 0.0074 
1222     1222   (0)      9 :  0.9950 0.0050 
1223     1223   (0)      9 :  0.9930 0.0070 
1224     1224   (0)      9 :  0.9920 0.0080 
1225     1225   (0)      9 :  0.9890 0.0110 
1226     1226   (0)      9 :  0.9940 0.0060 
1227     1227   (0)      9 :  0.9910 0.0090 
1228     1228   (0)      9 :  0.9930 0.0070 
1229     1229   (0)      9 :  0.9950 0.0050 
1230     1230   (0)      9 :  0.9910 0.0090 
1231     1231   (0)      9 :  0.9940 0.0060 
1232     1232   (0)      9 :  0.9950 0.0050 
1233     1233   (0)      9 :  0.9950 0.0050 
1234     1234   (0)      9 :  0.9940 0.0060 
1235     1235   (0)      9 :  0.9930 0.0070 
1236     1236   (0)      9 :  0.9940 0.0060 
1237     1237   (0)      9 :  0.9910 0.0090 
1238     1238   (0)      9 :  0.9950 0.0050 
1239     1239   (0)      9 :  0.9950 0.0050 
1240     1240   (0)      9 :  0.9930 0.0070 
1241     1241   (0)      9 :  0.9940 0.0060 
1242     1242   (0)      9 :  0.9940 0.0060 
1243     1243   (0)      9 :  0.9940 0.0060 
1244     1244   (0)      9 :  0.9920 0.0080 
1245     1245   (0)      9 :  0.9920 0.0080 
1246     1246   (0)      9 :  0.9930 0.0070 
1247     1247   (0)      9 :  0.9950 0.0050 
1248     1248   (0)      9 :  0.9780 0.0220 
1249     1249   (0)      9 :  0.9940 0.0060 
1250     1250   (0)      9 :  0.9930 0.0070 
1251     1251   (0)      9 :  0.9940 0.0060 
1252     1252   (0)      9 :  0.9880 0.0120 
1253     1253   (0)      9 :  0.9920 0.0080 
1254     1254   (0)      9 :  0.9940 0.0060 
1255     1255   (0)      9 :  0.9930 0.0070 
1256     1256   (0)      9 :  0.9950 0.0050 
1257     1257   (0)      9 :  0.9940 0.0060 
1258     1258   (0)      9 :  0.9930 0.0070 
1259     1259   (0)      9 :  0.9950 0.0050 
1260     1260   (0)      9 :  0.9940 0.0060 
1261     1261   (0)      9 :  0.9920 0.0080 
1262     1262   (0)      9 :  0.9930 0.0070 
1263     1263   (0)      9 :  0.9940 0.0060 
1264     1264   (0)      9 :  0.9910 0.0090 
1265     1265   (0)      9 :  0.9940 0.0060 
1266     1266   (0)      9 :  0.9940 0.0060 
1267     1267   (0)      9 :  0.9890 0.0110 
1268     1268   (0)      9 :  0.9906 0.0094 
1269     1269   (0)      9 :  0.9920 0.0080 
1270     1270   (0)      9 :  0.9890 0.0110 
1271     1271   (0)      9 :  0.9830 0.0170 
1272     1272   (0)      9 :  0.9940 0.0060 
1273     1273   (0)      9 :  0.9940 0.0060 
1274     1274   (0)      9 :  0.9890 0.0110 
1275     1275   (0)      9 :  0.9950 0.0050 
1276     1276   (0)      9 :  0.9950 0.0050 
1277     1277   (0)      9 :  0.9940 0.0060 
1278     1278   (0)      9 :  0.9920 0.0080 
1279     1279   (0)      9 :  0.9922 0.0078 
1280     1280   (0)      9 :  0.9940 0.0060 
1281     1281   (0)      9 :  0.9930 0.0070 
1282     1282   (0)      9 :  0.9930 0.0070 
1283     1283   (0)      9 :  0.9950 0.0050 
1284     1284   (0)      9 :  0.9940 0.0060 
1285     1285   (0)      9 :  0.9930 0.0070 
1286     1286   (0)      9 :  0.9880 0.0120 
1287     1287   (0)      9 :  0.9940 0.0060 
1288     1288   (0)      9 :  0.9940 0.0060 
1289     1289   (0)      9 :  0.9840 0.0160 
1290     1290   (0)      9 :  0.9930 0.0070 
1291     1291   (0)      9 :  0.9940 0.0060 
1292     1292   (0)      9 :  0.9880 0.0120 
1293     1293   (0)      9 :  0.9930 0.0070 
1294     1294   (0)      9 :  0.9900 0.0100 
1295     1295   (0)      9 :  0.9940 0.0060 
1296     1296   (0)      9 :  0.9910 0.0090 
1297     1297   (0)      9 :  0.9930 0.0070 
1298     1298   (0)      9 :  0.9940 0.0060 
1299     1299   (0)      9 :  0.9880 0.0120 
1300     1300   (0)      9 :  0.9940 0.0060 
1301     1301   (0)      9 :  0.9860 0.0140 
1302     1302   (0)      9 :  0.9930 0.0070 
1303     1303   (0)      9 :  0.9900 0.0100 
1304     1304   (0)      9 :  0.9900 0.0100 
1305     1305   (0)      9 :  0.9920 0.0080 
1306     1306   (0)      9 :  0.9930 0.0070 
1307     1307   (0)      9 :  0.9930 0.0070 
1308     1308   (0)      9 :  0.9930 0.0070 
1309     1309   (0)      9 :  0.9910 0.0090 
1310     1310   (0)      9 :  0.9890 0.0110 
1311     1311   (0)      9 :  0.9898 0.0102 
1312     1312   (0)      9 :  0.9940 0.0060 
1313     1313   (0)      9 :  0.9940 0.0060 
1314     1314   (0)      9 :  0.9910 0.0090 
1315     1315   (0)      9 :  0.9920 0.0080 
1316     1316   (0)      9 :  0.9920 0.0080 
1317     1317   (0)      9 :  0.9950 0.0050 
1318     1318   (0)      9 :  0.9940 0.0060 
1319     1319   (0)      9 :  0.9922 0.0078 
1320     1320   (0)      9 :  0.9780 0.0220 
1321     1321   (0)      9 :  0.9950 0.0050 
1322     1322   (0)      9 :  0.9930 0.0070 
1323     1323   (0)      9 :  0.9940 0.0060 
1324     1324   (0)      9 :  0.9940 0.0060 
1325     1325   (0)      9 :  0.9940 0.0060 
1326     1326   (0)      9 :  0.9950 0.0050 
1327     1327   (0)      9 :  0.9930 0.0070 
1328     1328   (0)      9 :  0.9940 0.0060 
1329     1329   (0)      9 :  0.9940 0.0060 
1330     1330   (0)      9 :  0.9920 0.0080 
1331     1331   (0)      9 :  0.9930 0.0070 
1332     1332   (0)      9 :  0.9900 0.0100 
1333     1333   (0)      9 :  0.9920 0.0080 
1334     1334   (0)      9 :  0.9940 0.0060 
1335     1335   (0)      9 :  0.9940 0.0060 
1336     1336   (0)      9 :  0.9900 0.0100 
1337     1337   (0)      9 :  0.9950 0.0050 
1338     1338   (0)      9 :  0.9940 0.0060 
1339     1339   (0)      9 :  0.9920 0.0080 
1340     1340   (0)      9 :  0.9930 0.0070 
1341     1341   (0)      9 :  0.9940 0.0060 
1342     1342   (0)      9 :  0.9940 0.0060 
1343     1343   (0)      9 :  0.9930 0.0070 
1344     1344   (0)      9 :  0.9940 0.0060 
1345     1345   (0)      9 :  0.9940 0.0060 
1346     1346   (0)      9 :  0.9940 0.0060 
1347     1347   (0)      9 :  0.9940 0.0060 
1348     1348   (0)      9 :  0.9930 0.0070 
1349     1349   (0)      9 :  0.9878 0.0122 
1350     1350   (0)      9 :  0.9890 0.0110 
1351     1351   (0)      9 :  0.9910 0.0090 
1352     1352   (0)      9 :  0.9916 0.0084 
1353     1353   (0)      9 :  0.9910 0.0090 
1354     1354   (0)      9 :  0.9950 0.0050 
1355     1355   (0)      9 :  0.9930 0.0070 
1356     1356   (0)      9 :  0.9950 0.0050 
1357     1357   (0)      9 :  0.9950 0.0050 
1358     1358   (0)      9 :  0.9940 0.0060 
1359     1359   (0)      9 :  0.9890 0.0110 
1360     1360   (0)      9 :  0.9940 0.0060 
1361     1361   (0)      9 :  0.9940 0.0060 
1362     1362   (0)      9 :  0.9950 0.0050 
1363     1363   (0)      9 :  0.9950 0.0050 
1364     1364   (0)      9 :  0.9940 0.0060 
1365     1365   (0)      9 :  0.9950 0.0050 
1366     1366   (0)      9 :  0.9944 0.0056 
1367     1367   (0)      9 :  0.9950 0.0050 
1368     1368   (0)      9 :  0.9940 0.0060 
1369     1369   (0)      9 :  0.9900 0.0100 
1370     1370   (0)      9 :  0.9940 0.0060 
1371     1371   (0)      9 :  0.9940 0.0060 
1372     1372   (0)      9 :  0.9950 0.0050 
1373     1373   (0)      9 :  0.9940 0.0060 
1374     1374   (0)      9 :  0.9940 0.0060 
1375     1375   (0)      9 :  0.9870 0.0130 
1376     1376   (0)      9 :  0.9950 0.0050 
1377     1377   (0)      9 :  0.9860 0.0140 
1378     1378   (0)      9 :  0.9920 0.0080 
1379     1379   (0)      9 :  0.9910 0.0090 
1380     1380   (0)      9 :  0.9880 0.0120 
1381     1381   (0)      9 :  0.9940 0.0060 
1382     1382   (0)      9 :  0.9940 0.0060 
1383     1383   (0)      9 :  0.9920 0.0080 
1384     1384   (0)      9 :  0.9940 0.0060 
1385     1385   (0)      9 :  0.9940 0.0060 
1386     1386   (0)      9 :  0.9920 0.0080 
1387     1387   (0)      9 :  0.9878 0.0122 
1388     1388   (0)      9 :  0.9900 0.0100 
1389     1389   (0)      9 :  0.9950 0.0050 
1390     1390   (0)      9 :  0.9890 0.0110 
1391     1391   (0)      9 :  0.9916 0.0084 
1392     1392   (0)      9 :  0.9920 0.0080 
1393     1393   (0)      9 :  0.9920 0.0080 
1394     1394   (0)      9 :  0.9930 0.0070 
1395     1395   (0)      9 :  0.9940 0.0060 
1396     1396   (0)      9 :  0.9920 0.0080 
1397     1397   (0)      9 :  0.9950 0.0050 
1398     1398   (0)      9 :  0.9920 0.0080 
1399     1399   (0)      9 :  0.9940 0.0060 
1400     1400   (0)      9 :  0.9920 0.0080 
1401     1401   (0)      9 :  0.9900 0.0100 
1402     1402   (0)      9 :  0.9890 0.0110 
1403     1403   (0)      9 :  0.9930 0.0070 
1404     1404   (0)      9 :  0.9940 0.0060 
1405     1405   (0)      9 :  0.9870 0.0130 
1406     1406   (0)      9 :  0.9940 0.0060 
1407     1407   (0)      9 :  0.9940 0.0060 
1408     1408   (0)      9 :  0.9930 0.0070 
1409     1409   (0)      9 :  0.9950 0.0050 
1410     1410   (0)      9 :  0.9940 0.0060 
1411     1411   (0)      9 :  0.9940 0.0060 
1412     1412   (0)      9 :  0.9930 0.0070 
1413     1413   (0)      9 :  0.9850 0.0150 
1414     1414   (0)      9 :  0.9910 0.0090 
1415     1415   (0)      9 :  0.9922 0.0078 
1416     1416   (0)      9 :  0.9930 0.0070 
1417     1417   (0)      9 :  0.9950 0.0050 
1418     1418   (0)      9 :  0.9940 0.0060 
1419     1419   (0)      9 :  0.9900 0.0100 
1420     1420   (0)      9 :  0.9930 0.0070 
1421     1421   (0)      9 :  0.9950 0.0050 
1422     1422   (0)      9 :  0.9900 0.0100 
1423     1423   (0)      9 :  0.9940 0.0060 
1424     1424   (0)      9 :  0.9950 0.0050 
1425     1425   (0)      9 :  0.9920 0.0080 
1426     1426   (0)      9 :  0.9950 0.0050 
1427     1427   (0)      9 :  0.9950 0.0050 
1428     1428   (0)      9 :  0.9930 0.0070 
1429     1429   (0)      9 :  0.9900 0.0100 
1430     1430   (0)      9 :  0.9920 0.0080 
1431     1431   (0)      9 :  0.9940 0.0060 
1432     1432   (0)      9 :  0.9930 0.0070 
1433     1433   (0)      9 :  0.9940 0.0060 
1434     1434   (0)      9 :  0.9914 0.0086 
1435     1435   (0)      9 :  0.9880 0.0120 
1436     1436   (0)      9 :  0.9920 0.0080 
1437     1437   (0)      9 :  0.9950 0.0050 
1438     1438   (0)      9 :  0.9940 0.0060 
1439     1439   (0)      9 :  0.9940 0.0060 
1440     1440   (0)      9 :  0.9930 0.0070 
1441     1441   (0)      9 :  0.9920 0.0080 
1442     1442   (0)      9 :  0.9930 0.0070 
1443     1443   (0)      9 :  0.9910 0.0090 
1444     1444   (0)      9 :  0.9910 0.0090 
1445     1445   (0)      9 :  0.9940 0.0060 
1446     1446   (0)      9 :  0.9920 0.0080 
1447     1447   (0)      9 :  0.9950 0.0050 
1448     1448   (0)      9 :  0.9910 0.0090 
1449     1449   (0)      9 :  0.9940 0.0060 
1450     1450   (0)      9 :  0.9880 0.0120 
1451     1451   (0)      9 :  0.9900 0.0100 
1452     1452   (0)      9 :  0.9940 0.0060 
1453     1453   (0)      9 :  0.9950 0.0050 
1454     1454   (0)      9 :  0.9920 0.0080 
1455     1455   (0)      9 :  0.9950 0.0050 
1456     1456   (0)      9 :  0.9950 0.0050 
1457     1457   (0)      9 :  0.9940 0.0060 
1458     1458   (0)      9 :  0.9930 0.0070 
1459     1459   (0)      9 :  0.9900 0.0100 
1460     1460   (0)      9 :  0.9940 0.0060 
1461     1461   (0)      9 :  0.9880 0.0120 
1462     1462   (0)      9 :  0.9830 0.0170 
1463     1463   (0)      9 :  0.9940 0.0060 
1464     1464   (0)      9 :  0.9940 0.0060 
1465     1465   (0)      9 :  0.9930 0.0070 
1466     1466   (0)      9 :  0.9896 0.0104 
1467     1467   (0)      9 :  0.9950 0.0050 
1468     1468   (0)      9 :  0.9930 0.0070 
1469     1469   (0)      9 :  0.9950 0.0050 
1470     1470   (0)      9 :  0.9870 0.0130 
1471     1471   (0)      9 :  0.9930 0.0070 
1472     1472   (0)      9 :  0.9930 0.0070 
1473     1473   (0)      9 :  0.9940 0.0060 
1474     1474   (0)      9 :  0.9920 0.0080 
1475     1475   (0)      9 :  0.9924 0.0076 
1476     1476   (0)      9 :  0.9910 0.0090 
1477     1477   (0)      9 :  0.9950 0.0050 
1478     1478   (0)      9 :  0.9930 0.0070 
1479     1479   (0)      9 :  0.9940 0.0060 
1480     1480   (0)      9 :  0.9920 0.0080 
1481     1481   (0)      9 :  0.9910 0.0090 
1482     1482   (0)      9 :  0.9940 0.0060 
1483     1483   (0)      9 :  0.9930 0.0070 
1484     1484   (0)      9 :  0.9920 0.0080 
1485     1485   (0)      9 :  0.9940 0.0060 
1486     1486   (0)      9 :  0.9910 0.0090 
1487     1487   (0)      9 :  0.9930 0.0070 
1488     1488   (0)      9 :  0.9930 0.0070 
1489     1489   (0)      9 :  0.9950 0.0050 
1490     1490   (0)      9 :  0.9930 0.0070 
1491     1491   (0)      9 :  0.9930 0.0070 
1492     1492   (0)      9 :  0.9940 0.0060 
1493     1493   (0)      9 :  0.9950 0.0050 
1494     1494   (0)      9 :  0.9950 0.0050 
1495     1495   (0)      9 :  0.9854 0.0146 
1496     1496   (0)      9 :  0.9850 0.0150 
1497     1497   (0)      9 :  0.9920 0.0080 
1498     1498   (0)      9 :  0.9900 0.0100 
1499     1499   (0)      9 :  0.9930 0.0070 
1500     1500   (0)      9 :  0.9940 0.0060 
