   1        1   (5)      1 :  0.0150 0.9850 
   2        2   (5)      1 :  0.0360 0.9640 
   3        3   (5)      1 :  0.0100 0.9900 
   4        4   (0)      1 :  0.0070 0.9930 
   5        5   (0)      1 :  0.0250 0.9750 
   6        6   (0)      1 :  0.0130 0.9870 
   7        7   (0)      1 :  0.1228 0.8772 
   8        8   (5)      1 :  0.0090 0.9910 
   9        9   (0)      1 :  0.0080 0.9920 
  10       10   (0)      1 :  0.0382 0.9618 
  11       11   (0)      1 :  0.0190 0.9810 
  12       12   (0)      1 :  0.0210 0.9790 
  13       13   (0)      1 :  0.0090 0.9910 
  14       14   (0)      1 :  0.0140 0.9860 
  15       15   (0)      1 :  0.0150 0.9850 
  16       16   (0)      1 :  0.0060 0.9940 
  17       17   (0)      1 :  0.0080 0.9920 
  18       18   (0)      1 :  0.0180 0.9820 
  19       19   (0)      1 :  0.0080 0.9920 
  20       20   (0)      1 :  0.0370 0.9630 
  21       21   (0)      1 :  0.0080 0.9920 
  22       22   (0)      1 :  0.0070 0.9930 
  23       23   (0)      1 :  0.0080 0.9920 
  24       24   (0)      1 :  0.0080 0.9920 
  25       25   (0)      1 :  0.0400 0.9600 
  26       26   (0)      1 :  0.0090 0.9910 
  27       27   (5)      1 :  0.0512 0.9488 
  28       28   (0)      1 :  0.0130 0.9870 
  29       29   (0)      1 :  0.0080 0.9920 
  30       30   (0)      1 :  0.0300 0.9700 
  31       31   (0)      1 :  0.0090 0.9910 
  32       32   (0)      1 :  0.0130 0.9870 
  33       33   (0)      1 :  0.0070 0.9930 
  34       34   (0)      1 :  0.0070 0.9930 
  35       35   (0)      1 :  0.0330 0.9670 
  36       36   (0)      1 :  0.0130 0.9870 
  37       37   (0)      1 :  0.0200 0.9800 
  38       38   (0)      1 :  0.0120 0.9880 
  39       39   (0)      1 :  0.0290 0.9710 
  40       40   (0)      1 :  0.0120 0.9880 
  41       41   (0)      1 :  0.0120 0.9880 
  42       42   (0)      1 :  0.0060 0.9940 
  43       43   (0)      1 :  0.0120 0.9880 
  44       44   (0)      1 :  0.0070 0.9930 
  45       45   (5)      1 :  0.0220 0.9780 
  46       46   (0)      1 :  0.0080 0.9920 
  47       47   (0)      1 :  0.0150 0.9850 
  48       48   (0)      1 :  0.0170 0.9830 
  49       49   (0)      1 :  0.0140 0.9860 
  50       50   (0)      1 :  0.0120 0.9880 
  51       51   (0)      1 :  0.0160 0.9840 
  52       52   (0)      1 :  0.0366 0.9634 
  53       53   (0)      1 :  0.0110 0.9890 
  54       54   (0)      1 :  0.0180 0.9820 
  55       55   (0)      1 :  0.0150 0.9850 
  56       56   (0)      1 :  0.0090 0.9910 
  57       57  (10)      1 :  0.0090 0.9910 
  58       58   (5)      1 :  0.0160 0.9840 
  59       59   (0)      1 :  0.0120 0.9880 
  60       60   (0)      1 :  0.0120 0.9880 
  61       61   (0)      1 :  0.0142 0.9858 
  62       62   (0)      1 :  0.0220 0.9780 
  63       63   (0)      1 :  0.0170 0.9830 
  64       64   (0)      1 :  0.0120 0.9880 
  65       65   (0)      1 :  0.0294 0.9706 
  66       66   (0)      1 :  0.0090 0.9910 
  67       67   (5)      1 :  0.0140 0.9860 
  68       68   (0)      1 :  0.0250 0.9750 
  69       69   (0)      1 :  0.0230 0.9770 
  70       70   (0)      1 :  0.0130 0.9870 
  71       71   (5)      1 :  0.0160 0.9840 
  72       72   (0)      1 :  0.0160 0.9840 
  73       73   (5)      1 :  0.0120 0.9880 
  74       74  (10)      1 :  0.0164 0.9836 
  75       75  (10)      1 :  0.0114 0.9886 
  76       76   (0)      1 :  0.0080 0.9920 
  77       77  (10)      1 :  0.0110 0.9890 
  78       78   (0)      1 :  0.0124 0.9876 
  79       79   (5)      1 :  0.0210 0.9790 
  80       80   (0)      1 :  0.0080 0.9920 
  81       81   (0)      1 :  0.0080 0.9920 
  82       82   (0)      1 :  0.0080 0.9920 
  83       83   (0)      1 :  0.0140 0.9860 
  84       84   (0)      1 :  0.0140 0.9860 
  85       85   (0)      1 :  0.0080 0.9920 
  86       86   (5)      1 :  0.0100 0.9900 
  87       87   (0)      1 :  0.0100 0.9900 
  88       88   (0)      1 :  0.0320 0.9680 
  89       89   (0)      1 :  0.0110 0.9890 
  90       90   (0)      1 :  0.0170 0.9830 
  91       91   (0)      1 :  0.0150 0.9850 
  92       92   (0)      1 :  0.0170 0.9830 
  93       93   (0)      1 :  0.0090 0.9910 
  94       94   (5)      1 :  0.0110 0.9890 
  95       95   (0)      1 :  0.0110 0.9890 
  96       96   (5)      1 :  0.0090 0.9910 
  97       97   (0)      1 :  0.0204 0.9796 
  98       98   (0)      1 :  0.0140 0.9860 
  99       99   (5)      1 :  0.0100 0.9900 
 100      100   (5)      1 :  0.0080 0.9920 
 101      101   (0)      2 :  0.0100 0.9900 
 102      102   (0)      2 :  0.0116 0.9884 
 103      103   (0)      2 :  0.0178 0.9822 
 104      104   (0)      2 :  0.0290 0.9710 
 105      105   (0)      2 :  0.0130 0.9870 
 106      106   (0)      2 :  0.0120 0.9880 
 107      107   (0)      2 :  0.0070 0.9930 
 108      108   (0)      2 :  0.0090 0.9910 
 109      109   (0)      2 :  0.0112 0.9888 
 110      110   (0)      2 :  0.0220 0.9780 
 111      111   (0)      2 :  0.0070 0.9930 
 112      112   (0)      2 :  0.0090 0.9910 
 113      113   (0)      2 :  0.0100 0.9900 
 114      114   (0)      2 :  0.0070 0.9930 
 115      115   (0)      2 :  0.0080 0.9920 
 116      116   (0)      2 :  0.0090 0.9910 
 117      117   (0)      2 :  0.0130 0.9870 
 118      118   (0)      2 :  0.0150 0.9850 
 119      119   (0)      2 :  0.0070 0.9930 
 120      120   (0)      2 :  0.0484 0.9516 
 121      121   (0)      2 :  0.0140 0.9860 
 122      122   (0)      2 :  0.0370 0.9630 
 123      123   (0)      2 :  0.0100 0.9900 
 124      124   (0)      2 :  0.0110 0.9890 
 125      125   (0)      2 :  0.0120 0.9880 
 126      126   (0)      2 :  0.0170 0.9830 
 127      127   (0)      2 :  0.0090 0.9910 
 128      128   (0)      2 :  0.0090 0.9910 
 129      129   (0)      2 :  0.0102 0.9898 
 130      130   (0)      2 :  0.0110 0.9890 
 131      131   (0)      2 :  0.0100 0.9900 
 132      132   (0)      2 :  0.0150 0.9850 
 133      133   (0)      2 :  0.0070 0.9930 
 134      134   (0)      2 :  0.0080 0.9920 
 135      135   (0)      2 :  0.0090 0.9910 
 136      136   (0)      2 :  0.0120 0.9880 
 137      137   (0)      2 :  0.0340 0.9660 
 138      138   (0)      2 :  0.0080 0.9920 
 139      139   (0)      2 :  0.0070 0.9930 
 140      140   (0)      2 :  0.0120 0.9880 
 141      141   (0)      2 :  0.0108 0.9892 
 142      142   (0)      2 :  0.0120 0.9880 
 143      143   (0)      2 :  0.0340 0.9660 
 144      144   (0)      2 :  0.0160 0.9840 
 145      145   (0)      2 :  0.0160 0.9840 
 146      146   (0)      2 :  0.0080 0.9920 
 147      147   (0)      2 :  0.0260 0.9740 
 148      148   (0)      2 :  0.0090 0.9910 
 149      149   (0)      2 :  0.0240 0.9760 
 150      150   (0)      2 :  0.0070 0.9930 
 151      151   (0)      2 :  0.0090 0.9910 
 152      152   (0)      2 :  0.0268 0.9732 
 153      153   (0)      2 :  0.0108 0.9892 
 154      154   (0)      2 :  0.0150 0.9850 
 155      155   (0)      2 :  0.0170 0.9830 
 156      156   (0)      2 :  0.0160 0.9840 
 157      157   (0)      2 :  0.0060 0.9940 
 158      158   (0)      2 :  0.0080 0.9920 
 159      159   (0)      2 :  0.0180 0.9820 
 160      160   (0)      2 :  0.0090 0.9910 
 161      161   (0)      2 :  0.0080 0.9920 
 162      162   (0)      2 :  0.0120 0.9880 
 163      163   (0)      2 :  0.0540 0.9460 
 164      164   (0)      2 :  0.1502 0.8498 
 165      165   (0)      2 :  0.0080 0.9920 
 166      166   (0)      2 :  0.0084 0.9916 
 167      167   (0)      2 :  0.0070 0.9930 
 168      168   (0)      2 :  0.0170 0.9830 
 169      169   (0)      2 :  0.0200 0.9800 
 170      170   (0)      2 :  0.0570 0.9430 
 171      171   (0)      2 :  0.0080 0.9920 
 172      172   (0)      2 :  0.0120 0.9880 
 173      173   (0)      2 :  0.0090 0.9910 
 174      174   (0)      2 :  0.0140 0.9860 
 175      175   (0)      2 :  0.0150 0.9850 
 176      176   (0)      2 :  0.0240 0.9760 
 177      177   (0)      2 :  0.0080 0.9920 
 178      178   (0)      2 :  0.0080 0.9920 
 179      179   (0)      2 :  0.0090 0.9910 
 180      180   (0)      2 :  0.0110 0.9890 
 181      181   (0)      2 :  0.0190 0.9810 
 182      182   (0)      2 :  0.0150 0.9850 
 183      183   (0)      2 :  0.0072 0.9928 
 184      184   (0)      2 :  0.0390 0.9610 
 185      185   (0)      2 :  0.0070 0.9930 
 186      186   (0)      2 :  0.0090 0.9910 
 187      187   (0)      2 :  0.0080 0.9920 
 188      188   (0)      2 :  0.0150 0.9850 
 189      189   (0)      2 :  0.0120 0.9880 
 190      190   (0)      2 :  0.0190 0.9810 
 191      191   (0)      2 :  0.0090 0.9910 
 192      192   (0)      2 :  0.0200 0.9800 
 193      193   (0)      2 :  0.0130 0.9870 
 194      194   (0)      2 :  0.0090 0.9910 
 195      195   (0)      2 :  0.0070 0.9930 
 196      196   (0)      2 :  0.0150 0.9850 
 197      197   (0)      2 :  0.0100 0.9900 
 198      198   (0)      2 :  0.0050 0.9950 
 199      199   (0)      2 :  0.0100 0.9900 
 200      200   (0)      2 :  0.0100 0.9900 
 201      201   (0)      2 :  0.0070 0.9930 
 202      202   (0)      2 :  0.0150 0.9850 
 203      203   (0)      2 :  0.0150 0.9850 
 204      204   (0)      2 :  0.0130 0.9870 
 205      205   (0)      2 :  0.0340 0.9660 
 206      206   (0)      2 :  0.0920 0.9080 
 207      207   (0)      2 :  0.0130 0.9870 
 208      208   (0)      2 :  0.0070 0.9930 
 209      209   (0)      2 :  0.0140 0.9860 
 210      210   (0)      2 :  0.0160 0.9840 
 211      211   (0)      2 :  0.0160 0.9840 
 212      212   (0)      2 :  0.0120 0.9880 
 213      213   (0)      2 :  0.0592 0.9408 
 214      214   (0)      2 :  0.0110 0.9890 
 215      215   (0)      2 :  0.0090 0.9910 
 216      216   (0)      2 :  0.0140 0.9860 
 217      217   (0)      2 :  0.0100 0.9900 
 218      218   (0)      2 :  0.0090 0.9910 
 219      219   (0)      2 :  0.0080 0.9920 
 220      220   (0)      2 :  0.0350 0.9650 
 221      221   (0)      2 :  0.0190 0.9810 
 222      222   (0)      2 :  0.0350 0.9650 
 223      223   (0)      2 :  0.0072 0.9928 
 224      224   (0)      2 :  0.0140 0.9860 
 225      225   (0)      2 :  0.0100 0.9900 
 226      226   (0)      2 :  0.0950 0.9050 
 227      227   (0)      2 :  0.0200 0.9800 
 228      228   (0)      2 :  0.0080 0.9920 
 229      229   (0)      2 :  0.0100 0.9900 
 230      230   (0)      2 :  0.0120 0.9880 
 231      231   (0)      2 :  0.0140 0.9860 
 232      232   (0)      2 :  0.0150 0.9850 
 233      233   (0)      2 :  0.0110 0.9890 
 234      234   (0)      2 :  0.0370 0.9630 
 235      235   (0)      2 :  0.0050 0.9950 
 236      236   (0)      2 :  0.0380 0.9620 
 237      237   (0)      2 :  0.0090 0.9910 
 238      238   (0)      2 :  0.0120 0.9880 
 239      239   (0)      2 :  0.0140 0.9860 
 240      240   (0)      2 :  0.0110 0.9890 
 241      241   (0)      2 :  0.0640 0.9360 
 242      242   (0)      2 :  0.0060 0.9940 
 243      243   (0)      2 :  0.0078 0.9922 
 244      244   (0)      2 :  0.0060 0.9940 
 245      245   (0)      2 :  0.0220 0.9780 
 246      246   (0)      2 :  0.0370 0.9630 
 247      247   (0)      2 :  0.0090 0.9910 
 248      248   (0)      2 :  0.0080 0.9920 
 249      249   (0)      2 :  0.0200 0.9800 
 250      250   (0)      2 :  0.0130 0.9870 
 251      251   (0)      2 :  0.0070 0.9930 
 252      252   (0)      2 :  0.0240 0.9760 
 253      253   (0)      2 :  0.0150 0.9850 
 254      254   (0)      2 :  0.0090 0.9910 
 255      255   (0)      2 :  0.0140 0.9860 
 256      256   (0)      2 :  0.0120 0.9880 
 257      257   (0)      2 :  0.0120 0.9880 
 258      258   (0)      2 :  0.0160 0.9840 
 259      259   (0)      2 :  0.0250 0.9750 
 260      260   (0)      2 :  0.0140 0.9860 
 261      261   (0)      2 :  0.0340 0.9660 
 262      262   (0)      2 :  0.0110 0.9890 
 263      263   (0)      2 :  0.0150 0.9850 
 264      264   (0)      2 :  0.0100 0.9900 
 265      265   (0)      2 :  0.0050 0.9950 
 266      266   (0)      2 :  0.0170 0.9830 
 267      267   (0)      2 :  0.0200 0.9800 
 268      268   (0)      2 :  0.0420 0.9580 
 269      269   (0)      2 :  0.0110 0.9890 
 270      270   (0)      2 :  0.0090 0.9910 
 271      271   (0)      2 :  0.0700 0.9300 
 272      272   (0)      2 :  0.0210 0.9790 
 273      273   (0)      2 :  0.0070 0.9930 
 274      274   (0)      2 :  0.0130 0.9870 
 275      275   (0)      2 :  0.0200 0.9800 
 276      276   (0)      2 :  0.0110 0.9890 
 277      277   (0)      2 :  0.0110 0.9890 
 278      278   (0)      2 :  0.0080 0.9920 
 279      279   (0)      2 :  0.0090 0.9910 
 280      280   (0)      2 :  0.0170 0.9830 
 281      281   (0)      2 :  0.0080 0.9920 
 282      282   (0)      2 :  0.0160 0.9840 
 283      283   (0)      2 :  0.0080 0.9920 
 284      284   (0)      2 :  0.0050 0.9950 
 285      285   (0)      2 :  0.0158 0.9842 
 286      286   (0)      2 :  0.0250 0.9750 
 287      287   (0)      2 :  0.0090 0.9910 
 288      288   (0)      2 :  0.0250 0.9750 
 289      289   (0)      2 :  0.0110 0.9890 
 290      290   (0)      2 :  0.0100 0.9900 
 291      291   (0)      2 :  0.0090 0.9910 
 292      292   (0)      2 :  0.0060 0.9940 
 293      293   (0)      2 :  0.0354 0.9646 
 294      294   (0)      2 :  0.0246 0.9754 
 295      295   (0)      2 :  0.0124 0.9876 
 296      296   (0)      2 :  0.0180 0.9820 
 297      297   (0)      2 :  0.0200 0.9800 
 298      298   (0)      2 :  0.0100 0.9900 
 299      299   (0)      2 :  0.0110 0.9890 
 300      300   (0)      2 :  0.0070 0.9930 
 301      301   (0)      2 :  0.0080 0.9920 
 302      302   (0)      2 :  0.0208 0.9792 
 303      303   (0)      2 :  0.0080 0.9920 
 304      304   (0)      2 :  0.0140 0.9860 
 305      305   (0)      2 :  0.0140 0.9860 
 306      306   (0)      2 :  0.0110 0.9890 
 307      307   (0)      2 :  0.0130 0.9870 
 308      308   (0)      2 :  0.0070 0.9930 
 309      309   (0)      2 :  0.0150 0.9850 
 310      310   (0)      2 :  0.0090 0.9910 
 311      311   (0)      2 :  0.0070 0.9930 
 312      312   (0)      2 :  0.0060 0.9940 
 313      313   (0)      2 :  0.0500 0.9500 
 314      314   (0)      2 :  0.0190 0.9810 
 315      315   (0)      2 :  0.0110 0.9890 
 316      316   (0)      2 :  0.0150 0.9850 
 317      317   (0)      2 :  0.0300 0.9700 
 318      318   (0)      2 :  0.0418 0.9582 
 319      319   (0)      2 :  0.0100 0.9900 
 320      320   (0)      2 :  0.0214 0.9786 
 321      321   (0)      2 :  0.0240 0.9760 
 322      322   (0)      2 :  0.0472 0.9528 
 323      323   (0)      2 :  0.0120 0.9880 
 324      324   (0)      2 :  0.0070 0.9930 
 325      325   (0)      2 :  0.0522 0.9478 
 326      326   (0)      2 :  0.0100 0.9900 
 327      327   (0)      2 :  0.0110 0.9890 
 328      328   (0)      2 :  0.0080 0.9920 
 329      329   (0)      2 :  0.0110 0.9890 
 330      330   (0)      2 :  0.0100 0.9900 
 331      331   (0)      2 :  0.0110 0.9890 
 332      332   (0)      2 :  0.0110 0.9890 
 333      333   (0)      2 :  0.0096 0.9904 
 334      334   (0)      2 :  0.0230 0.9770 
 335      335   (0)      2 :  0.0080 0.9920 
 336      336   (0)      2 :  0.0110 0.9890 
 337      337   (0)      2 :  0.0094 0.9906 
 338      338   (0)      2 :  0.0100 0.9900 
 339      339   (0)      2 :  0.0250 0.9750 
 340      340   (0)      2 :  0.0090 0.9910 
 341      341   (0)      2 :  0.0110 0.9890 
 342      342   (0)      2 :  0.0090 0.9910 
 343      343   (0)      2 :  0.0976 0.9024 
 344      344   (0)      2 :  0.0140 0.9860 
 345      345   (0)      2 :  0.0140 0.9860 
 346      346   (0)      2 :  0.0828 0.9172 
 347      347   (0)      2 :  0.0150 0.9850 
 348      348   (0)      2 :  0.0120 0.9880 
 349      349   (0)      2 :  0.0210 0.9790 
 350      350   (0)      2 :  0.0070 0.9930 
 351      351   (0)      2 :  0.0100 0.9900 
 352      352   (0)      2 :  0.0110 0.9890 
 353      353   (0)      2 :  0.0120 0.9880 
 354      354   (0)      2 :  0.0160 0.9840 
 355      355   (0)      2 :  0.0140 0.9860 
 356      356   (0)      2 :  0.0140 0.9860 
 357      357   (0)      2 :  0.0346 0.9654 
 358      358   (0)      2 :  0.0090 0.9910 
 359      359   (0)      2 :  0.0060 0.9940 
 360      360   (0)      2 :  0.0140 0.9860 
 361      361   (0)      2 :  0.0240 0.9760 
 362      362   (0)      2 :  0.0090 0.9910 
 363      363   (0)      2 :  0.0130 0.9870 
 364      364   (0)      2 :  0.0370 0.9630 
 365      365   (0)      2 :  0.0226 0.9774 
 366      366   (0)      2 :  0.0280 0.9720 
 367      367   (0)      2 :  0.0110 0.9890 
 368      368   (0)      2 :  0.0240 0.9760 
 369      369   (0)      2 :  0.0070 0.9930 
 370      370   (0)      2 :  0.0150 0.9850 
 371      371   (0)      2 :  0.0100 0.9900 
 372      372   (0)      2 :  0.0250 0.9750 
 373      373   (0)      2 :  0.0120 0.9880 
 374      374   (0)      2 :  0.0896 0.9104 
 375      375   (0)      2 :  0.0168 0.9832 
 376      376   (0)      2 :  0.0258 0.9742 
 377      377   (0)      2 :  0.0150 0.9850 
 378      378   (0)      2 :  0.0120 0.9880 
 379      379   (0)      2 :  0.0270 0.9730 
 380      380   (0)      2 :  0.0240 0.9760 
 381      381   (0)      2 :  0.0170 0.9830 
 382      382   (0)      2 :  0.0320 0.9680 
 383      383   (0)      2 :  0.0110 0.9890 
 384      384   (0)      2 :  0.0150 0.9850 
 385      385   (0)      2 :  0.0260 0.9740 
 386      386   (0)      2 :  0.0180 0.9820 
 387      387   (0)      2 :  0.0134 0.9866 
 388      388   (0)      2 :  0.0080 0.9920 
 389      389   (0)      2 :  0.0060 0.9940 
 390      390   (0)      2 :  0.0190 0.9810 
 391      391   (0)      2 :  0.0250 0.9750 
 392      392   (0)      2 :  0.0200 0.9800 
 393      393   (0)      2 :  0.0400 0.9600 
 394      394   (0)      2 :  0.0114 0.9886 
 395      395   (0)      2 :  0.0100 0.9900 
 396      396   (0)      2 :  0.0230 0.9770 
 397      397   (0)      2 :  0.0340 0.9660 
 398      398   (0)      2 :  0.0160 0.9840 
 399      399   (0)      2 :  0.0220 0.9780 
 400      400   (0)      2 :  0.0480 0.9520 
 401      401   (0)      2 :  0.0100 0.9900 
 402      402   (0)      2 :  0.0070 0.9930 
 403      403   (0)      2 :  0.0070 0.9930 
 404      404   (0)      2 :  0.0090 0.9910 
 405      405   (0)      2 :  0.0080 0.9920 
 406      406   (0)      2 :  0.0160 0.9840 
 407      407   (0)      2 :  0.0110 0.9890 
 408      408   (0)      2 :  0.0080 0.9920 
 409      409   (0)      2 :  0.0152 0.9848 
 410      410   (0)      2 :  0.0070 0.9930 
 411      411   (0)      2 :  0.0090 0.9910 
 412      412   (0)      2 :  0.0060 0.9940 
 413      413   (0)      2 :  0.0130 0.9870 
 414      414   (0)      2 :  0.0070 0.9930 
 415      415   (0)      2 :  0.0140 0.9860 
 416      416   (0)      2 :  0.0100 0.9900 
 417      417   (0)      2 :  0.0070 0.9930 
 418      418   (0)      2 :  0.0120 0.9880 
 419      419   (0)      2 :  0.0130 0.9870 
 420      420   (0)      2 :  0.0140 0.9860 
 421      421   (0)      2 :  0.0188 0.9812 
 422      422   (0)      2 :  0.0102 0.9898 
 423      423   (0)      2 :  0.0110 0.9890 
 424      424   (0)      2 :  0.0070 0.9930 
 425      425   (0)      2 :  0.0150 0.9850 
 426      426   (0)      2 :  0.0080 0.9920 
 427      427   (0)      2 :  0.0150 0.9850 
 428      428   (0)      2 :  0.0090 0.9910 
 429      429   (0)      2 :  0.0170 0.9830 
 430      430   (0)      2 :  0.0140 0.9860 
 431      431   (0)      2 :  0.0130 0.9870 
 432      432   (0)      2 :  0.0120 0.9880 
 433      433   (0)      2 :  0.0084 0.9916 
 434      434   (0)      2 :  0.0080 0.9920 
 435      435   (0)      2 :  0.1282 0.8718 
 436      436   (0)      2 :  0.0052 0.9948 
 437      437   (0)      2 :  0.0070 0.9930 
 438      438   (0)      2 :  0.0212 0.9788 
 439      439   (0)      2 :  0.0080 0.9920 
 440      440   (0)      2 :  0.0110 0.9890 
 441      441   (0)      2 :  0.0190 0.9810 
 442      442   (0)      2 :  0.0112 0.9888 
 443      443   (0)      2 :  0.0080 0.9920 
 444      444   (0)      2 :  0.0090 0.9910 
 445      445   (0)      2 :  0.0436 0.9564 
 446      446   (0)      2 :  0.0070 0.9930 
 447      447   (0)      2 :  0.0184 0.9816 
 448      448   (0)      2 :  0.0060 0.9940 
 449      449   (0)      2 :  0.0090 0.9910 
 450      450   (0)      2 :  0.0110 0.9890 
 451      451   (0)      2 :  0.0080 0.9920 
 452      452   (0)      2 :  0.0130 0.9870 
 453      453   (0)      2 :  0.0140 0.9860 
 454      454   (0)      2 :  0.0360 0.9640 
 455      455   (0)      2 :  0.0086 0.9914 
 456      456   (0)      2 :  0.0110 0.9890 
 457      457   (0)      2 :  0.0210 0.9790 
 458      458   (0)      2 :  0.0090 0.9910 
 459      459   (0)      2 :  0.0090 0.9910 
 460      460   (0)      2 :  0.0080 0.9920 
 461      461   (0)      2 :  0.0100 0.9900 
 462      462   (0)      2 :  0.0110 0.9890 
 463      463   (0)      2 :  0.0090 0.9910 
 464      464   (0)      2 :  0.0090 0.9910 
 465      465   (0)      2 :  0.0100 0.9900 
 466      466   (0)      2 :  0.0130 0.9870 
 467      467   (0)      2 :  0.0230 0.9770 
 468      468   (0)      2 :  0.0100 0.9900 
 469      469   (0)      2 :  0.0150 0.9850 
 470      470   (0)      2 :  0.0140 0.9860 
 471      471   (0)      2 :  0.0188 0.9812 
 472      472   (0)      2 :  0.0170 0.9830 
 473      473   (0)      2 :  0.0100 0.9900 
 474      474   (0)      2 :  0.0142 0.9858 
 475      475   (0)      2 :  0.0150 0.9850 
 476      476   (0)      2 :  0.0110 0.9890 
 477      477   (0)      2 :  0.0080 0.9920 
 478      478   (0)      2 :  0.0090 0.9910 
 479      479   (0)      2 :  0.0160 0.9840 
 480      480   (0)      2 :  0.0080 0.9920 
 481      481   (0)      2 :  0.0160 0.9840 
 482      482   (0)      2 :  0.0070 0.9930 
 483      483   (0)      2 :  0.0140 0.9860 
 484      484   (0)      2 :  0.0230 0.9770 
 485      485   (0)      2 :  0.0100 0.9900 
 486      486   (0)      2 :  0.0120 0.9880 
 487      487   (0)      2 :  0.0310 0.9690 
 488      488   (0)      2 :  0.0180 0.9820 
 489      489   (0)      2 :  0.0060 0.9940 
 490      490   (0)      2 :  0.0150 0.9850 
 491      491   (0)      2 :  0.0130 0.9870 
 492      492   (0)      2 :  0.0130 0.9870 
 493      493   (0)      2 :  0.0080 0.9920 
 494      494   (0)      2 :  0.0560 0.9440 
 495      495   (0)      2 :  0.0482 0.9518 
 496      496   (0)      2 :  0.0130 0.9870 
 497      497   (0)      2 :  0.0080 0.9920 
 498      498   (0)      2 :  0.0110 0.9890 
 499      499   (0)      2 :  0.0060 0.9940 
 500      500   (0)      2 :  0.0090 0.9910 
 501      501   (0)      3 :  0.1140 0.8860 
 502      502   (0)      3 :  0.0230 0.9770 
 503      503   (0)      3 :  0.0914 0.9086 
 504      504   (0)      3 :  0.1920 0.8080 
 505      505   (0)      3 :  0.1416 0.8584 
 506      506   (0)      3 :  0.0180 0.9820 
 507      507   (0)      3 :  0.0090 0.9910 
 508      508   (0)      3 :  0.1878 0.8122 
 509      509   (0)      3 :  0.0588 0.9412 
 510      510   (0)      3 :  0.0390 0.9610 
 511      511   (0)      3 :  0.0560 0.9440 
 512      512   (0)      3 :  0.0120 0.9880 
 513      513   (0)      3 :  0.1140 0.8860 
 514      514   (0)      3 :  0.0204 0.9796 
 515      515   (0)      3 :  0.0266 0.9734 
 516      516   (0)      3 :  0.0480 0.9520 
 517      517   (0)      3 :  0.0630 0.9370 
 518      518   (0)      3 :  0.0320 0.9680 
 519      519   (0)      3 :  0.0400 0.9600 
 520      520   (0)      3 :  0.0070 0.9930 
 521      521   (0)      3 :  0.0090 0.9910 
 522      522   (0)      3 :  0.0500 0.9500 
 523      523   (0)      3 :  0.1680 0.8320 
 524      524   (0)      3 :  0.0704 0.9296 
 525      525   (0)      3 :  0.0150 0.9850 
 526      526   (0)      3 :  0.0960 0.9040 
 527      527   (0)      3 :  0.0330 0.9670 
 528      528   (0)      3 :  0.0520 0.9480 
 529      529   (0)      3 :  0.1990 0.8010 
 530      530   (0)      3 :  0.1950 0.8050 
 531      531   (0)      3 :  0.0442 0.9558 
 532      532   (0)      3 :  0.0420 0.9580 
 533      533   (0)      3 :  0.1146 0.8854 
 534      534   (0)      3 :  0.0970 0.9030 
 535      535   (0)      3 :  0.0280 0.9720 
 536      536   (0)      3 :  0.1146 0.8854 
 537      537   (0)      3 :  0.1334 0.8666 
 538      538   (0)      3 :  0.1624 0.8376 
 539      539   (0)      3 :  0.0198 0.9802 
 540      540   (0)      3 :  0.0884 0.9116 
 541      541   (0)      3 :  0.0780 0.9220 
 542      542   (0)      3 :  0.0130 0.9870 
 543      543   (0)      3 :  0.2168 0.7832 
 544      544   (0)      3 :  0.0130 0.9870 
 545      545   (0)      3 :  0.0670 0.9330 
 546      546   (0)      3 :  0.0070 0.9930 
 547      547   (0)      3 :  0.0128 0.9872 
 548      548   (0)      3 :  0.0930 0.9070 
 549      549   (0)      3 :  0.0706 0.9294 
 550      550   (0)      3 :  0.0430 0.9570 
 551      551   (0)      3 :  0.0990 0.9010 
 552      552   (0)      3 :  0.0300 0.9700 
 553      553   (0)      3 :  0.0170 0.9830 
 554      554   (0)      3 :  0.0140 0.9860 
 555      555   (0)      3 :  0.0150 0.9850 
 556      556   (0)      3 :  0.0460 0.9540 
 557      557   (0)      3 :  0.0650 0.9350 
 558      558   (0)      3 :  0.0200 0.9800 
 559      559   (0)      3 :  0.0210 0.9790 
 560      560   (0)      3 :  0.1230 0.8770 
 561      561   (0)      3 :  0.0100 0.9900 
 562      562   (0)      3 :  0.0970 0.9030 
 563      563   (0)      3 :  0.0224 0.9776 
 564      564   (0)      3 :  0.1960 0.8040 
 565      565   (0)      3 :  0.2690 0.7310 
 566      566   (0)      3 :  0.0240 0.9760 
 567      567   (0)      3 :  0.0922 0.9078 
 568      568   (0)      3 :  0.0530 0.9470 
 569      569   (0)      3 :  0.0650 0.9350 
 570      570   (0)      3 :  0.0652 0.9348 
 571      571   (0)      3 :  0.1570 0.8430 
 572      572   (0)      3 :  0.0330 0.9670 
 573      573   (0)      3 :  0.0200 0.9800 
 574      574   (0)      3 :  0.0110 0.9890 
 575      575   (0)      3 :  0.1730 0.8270 
 576      576   (0)      3 :  0.1010 0.8990 
 577      577   (0)      3 :  0.1156 0.8844 
 578      578   (0)      3 :  0.0474 0.9526 
 579      579   (0)      3 :  0.0900 0.9100 
 580      580   (0)      3 :  0.0410 0.9590 
 581      581   (0)      3 :  0.3598 0.6402 
 582      582   (0)      3 :  0.1282 0.8718 
 583      583   (0)      3 :  0.0494 0.9506 
 584      584   (0)      3 :  0.0900 0.9100 
 585      585   (0)      3 :  0.0310 0.9690 
 586      586   (0)      3 :  0.0790 0.9210 
 587      587   (0)      3 :  0.0120 0.9880 
 588      588   (0)      3 :  0.1050 0.8950 
 589      589   (0)      3 :  0.0462 0.9538 
 590      590   (0)      3 :  0.0090 0.9910 
 591      591   (0)      3 :  0.0540 0.9460 
 592      592   (0)      3 :  0.2960 0.7040 
 593      593   (0)      3 :  0.2080 0.7920 
 594      594   (0)      3 :  0.0720 0.9280 
 595      595   (0)      3 :  0.2920 0.7080 
 596      596   (0)      3 :  0.0120 0.9880 
 597      597   (0)      3 :  0.2494 0.7506 
 598      598   (0)      3 :  0.0150 0.9850 
 599      599   (0)      3 :  0.0970 0.9030 
 600      600   (0)      3 :  0.0286 0.9714 
 601      601   (0)      4 :  0.0932 0.9068 
 602      602   (0)      4 :  0.3340 0.6660 
 603      603   (0)      4 :  0.2898 0.7102 
 604      604   (0)      4 :  0.0650 0.9350 
 605      605   (0)      4 :  0.2902 0.7098 
 606      606   (0)      4 :  0.3162 0.6838 
 607      607   (0)      4 :  0.2092 0.7908 
 608      608   (0)      4 :  0.3360 0.6640 
 609      609   (0)      4 :  0.2900 0.7100 
 610      610   (0)      4 :  0.3060 0.6940 
 611      611   (0)      4 :  0.0480 0.9520 
 612      612   (0)      4 :  0.3440 0.6560 
 613      613   (0)      4 :  0.2180 0.7820 
 614      614   (0)      4 :  0.2766 0.7234 
 615      615   (0)      4 :  0.2396 0.7604 
 616      616   (0)      4 :  0.1520 0.8480 
 617      617   (0)      4 :  0.1690 0.8310 
 618      618   (0)      4 :  0.0646 0.9354 
 619      619   (0)      4 :  0.1316 0.8684 
 620      620   (0)      4 :  0.1382 0.8618 
 621      621   (0)      4 :  0.5136 0.4864 
 622      622   (0)      4 :  0.2174 0.7826 
 623      623   (0)      4 :  0.2590 0.7410 
 624      624   (0)      4 :  0.0828 0.9172 
 625      625   (0)      4 :  0.1400 0.8600 
 626      626   (0)      4 :  0.2950 0.7050 
 627      627   (0)      4 :  0.1860 0.8140 
 628      628   (0)      4 :  0.0898 0.9102 
 629      629   (0)      4 :  0.3330 0.6670 
 630      630   (0)      4 :  0.2096 0.7904 
 631      631   (0)      4 :  0.2680 0.7320 
 632      632   (0)      4 :  0.2620 0.7380 
 633      633   (0)      4 :  0.2976 0.7024 
 634      634   (0)      4 :  0.0940 0.9060 
 635      635   (0)      4 :  0.2396 0.7604 
 636      636   (0)      4 :  0.2670 0.7330 
 637      637   (0)      4 :  0.2072 0.7928 
 638      638   (0)      4 :  0.2310 0.7690 
 639      639   (0)      4 :  0.5860 0.4140 
 640      640   (0)      4 :  0.4324 0.5676 
 641      641   (0)      4 :  0.2246 0.7754 
 642      642   (0)      4 :  0.2160 0.7840 
 643      643   (0)      4 :  0.1672 0.8328 
 644      644   (0)      4 :  0.1260 0.8740 
 645      645   (0)      4 :  0.2150 0.7850 
 646      646   (0)      4 :  0.0360 0.9640 
 647      647   (0)      4 :  0.2160 0.7840 
 648      648   (0)      4 :  0.1810 0.8190 
 649      649   (0)      4 :  0.3722 0.6278 
 650      650   (0)      4 :  0.0240 0.9760 
 651      651   (0)      4 :  0.2162 0.7838 
 652      652   (0)      4 :  0.2876 0.7124 
 653      653   (0)      4 :  0.3400 0.6600 
 654      654   (0)      4 :  0.3862 0.6138 
 655      655   (0)      4 :  0.2440 0.7560 
 656      656   (0)      4 :  0.3168 0.6832 
 657      657   (0)      4 :  0.0390 0.9610 
 658      658   (0)      4 :  0.1290 0.8710 
 659      659   (0)      4 :  0.1300 0.8700 
 660      660   (0)      4 :  0.2020 0.7980 
 661      661   (0)      4 :  0.4420 0.5580 
 662      662   (0)      4 :  0.1668 0.8332 
 663      663   (0)      4 :  0.1450 0.8550 
 664      664   (0)      4 :  0.2840 0.7160 
 665      665   (0)      4 :  0.2188 0.7812 
 666      666   (0)      4 :  0.2360 0.7640 
 667      667   (0)      4 :  0.1472 0.8528 
 668      668   (0)      4 :  0.3920 0.6080 
 669      669   (0)      4 :  0.3280 0.6720 
 670      670   (0)      4 :  0.3240 0.6760 
 671      671   (0)      4 :  0.1654 0.8346 
 672      672   (0)      4 :  0.0410 0.9590 
 673      673   (0)      4 :  0.0544 0.9456 
 674      674   (0)      4 :  0.3010 0.6990 
 675      675   (0)      4 :  0.4468 0.5532 
 676      676   (0)      4 :  0.3750 0.6250 
 677      677   (0)      4 :  0.3300 0.6700 
 678      678   (0)      4 :  0.1710 0.8290 
 679      679   (0)      4 :  0.3200 0.6800 
 680      680   (0)      4 :  0.0130 0.9870 
 681      681   (0)      4 :  0.1040 0.8960 
 682      682   (0)      4 :  0.3656 0.6344 
 683      683   (0)      4 :  0.1590 0.8410 
 684      684   (0)      4 :  0.1770 0.8230 
 685      685   (0)      4 :  0.0230 0.9770 
 686      686   (0)      4 :  0.4220 0.5780 
 687      687   (0)      4 :  0.2442 0.7558 
 688      688   (0)      4 :  0.1352 0.8648 
 689      689   (0)      4 :  0.0410 0.9590 
 690      690   (0)      4 :  0.2550 0.7450 
 691      691   (0)      4 :  0.1860 0.8140 
 692      692   (0)      4 :  0.2228 0.7772 
 693      693   (0)      4 :  0.0676 0.9324 
 694      694   (0)      4 :  0.2500 0.7500 
 695      695   (0)      4 :  0.2910 0.7090 
 696      696   (0)      4 :  0.1960 0.8040 
 697      697   (0)      4 :  0.1692 0.8308 
 698      698   (0)      4 :  0.0100 0.9900 
 699      699   (0)      4 :  0.2838 0.7162 
 700      700   (0)      4 :  0.3932 0.6068 
 701      701   (5)      5 :  0.3830 0.6170 
 702      702   (0)      5 :  0.6236 0.3764 
 703      703   (0)      5 :  0.4780 0.5220 
 704      704   (5)      5 :  0.5504 0.4496 
 705      705   (5)      5 :  0.5710 0.4290 
 706      706   (0)      5 :  0.6790 0.3210 
 707      707   (0)      6 :  0.6320 0.3680 
 708      708   (0)      6 :  0.5960 0.4040 
 709      709   (0)      6 :  0.5310 0.4690 
 710      710   (0)      6 :  0.6084 0.3916 
 711      711   (0)      6 :  0.5960 0.4040 
 712      712   (0)      6 :  0.5112 0.4888 
 713      713   (0)      6 :  0.4540 0.5460 
 714      714   (0)      6 :  0.3732 0.6268 
 715      715   (0)      6 :  0.5920 0.4080 
 716      716   (0)      6 :  0.5862 0.4138 
 717      717   (0)      6 :  0.5316 0.4684 
 718      718   (0)      6 :  0.4488 0.5512 
 719      719   (0)      6 :  0.5994 0.4006 
 720      720   (0)      6 :  0.3934 0.6066 
 721      721   (0)      6 :  0.4820 0.5180 
 722      722   (0)      6 :  0.4080 0.5920 
 723      723   (0)      6 :  0.5666 0.4334 
 724      724   (0)      6 :  0.7086 0.2914 
 725      725   (0)      6 :  0.4940 0.5060 
 726      726   (0)      6 :  0.4652 0.5348 
 727      727   (0)      6 :  0.7150 0.2850 
 728      728   (0)      6 :  0.3940 0.6060 
 729      729   (0)      6 :  0.4124 0.5876 
 730      730   (0)      6 :  0.5150 0.4850 
 731      731   (0)      6 :  0.4540 0.5460 
 732      732   (0)      6 :  0.6280 0.3720 
 733      733   (0)      6 :  0.3964 0.6036 
 734      734   (0)      6 :  0.5110 0.4890 
 735      735   (0)      6 :  0.5280 0.4720 
 736      736   (0)      6 :  0.3902 0.6098 
 737      737   (0)      6 :  0.3520 0.6480 
 738      738   (0)      6 :  0.5530 0.4470 
 739      739   (0)      6 :  0.4770 0.5230 
 740      740   (0)      6 :  0.5224 0.4776 
 741      741   (0)      6 :  0.3986 0.6014 
 742      742   (0)      6 :  0.6428 0.3572 
 743      743   (0)      6 :  0.5460 0.4540 
 744      744   (0)      6 :  0.6078 0.3922 
 745      745   (0)      6 :  0.6160 0.3840 
 746      746   (0)      6 :  0.4066 0.5934 
 747      747   (0)      6 :  0.5006 0.4994 
 748      748   (0)      6 :  0.4432 0.5568 
 749      749   (0)      6 :  0.4242 0.5758 
 750      750   (0)      6 :  0.6670 0.3330 
 751      751   (0)      6 :  0.5160 0.4840 
 752      752   (0)      6 :  0.4280 0.5720 
 753      753   (0)      6 :  0.5328 0.4672 
 754      754   (0)      6 :  0.3320 0.6680 
 755      755   (0)      6 :  0.5096 0.4904 
 756      756   (0)      6 :  0.5650 0.4350 
 757      757   (0)      6 :  0.3622 0.6378 
 758      758   (0)      6 :  0.5658 0.4342 
 759      759   (0)      6 :  0.4650 0.5350 
 760      760   (0)      6 :  0.2628 0.7372 
 761      761   (0)      6 :  0.4740 0.5260 
 762      762   (0)      6 :  0.3838 0.6162 
 763      763   (0)      6 :  0.4210 0.5790 
 764      764   (0)      6 :  0.6250 0.3750 
 765      765   (0)      6 :  0.5910 0.4090 
 766      766   (0)      6 :  0.5156 0.4844 
 767      767   (0)      6 :  0.4266 0.5734 
 768      768   (0)      6 :  0.4380 0.5620 
 769      769   (0)      6 :  0.6470 0.3530 
 770      770   (0)      6 :  0.3940 0.6060 
 771      771   (0)      6 :  0.3784 0.6216 
 772      772   (0)      6 :  0.4710 0.5290 
 773      773   (0)      6 :  0.4734 0.5266 
 774      774   (0)      6 :  0.5178 0.4822 
 775      775   (0)      6 :  0.6680 0.3320 
 776      776   (0)      6 :  0.5220 0.4780 
 777      777   (0)      6 :  0.5600 0.4400 
 778      778   (0)      6 :  0.5224 0.4776 
 779      779   (0)      6 :  0.4340 0.5660 
 780      780   (0)      6 :  0.3684 0.6316 
 781      781   (0)      6 :  0.3760 0.6240 
 782      782   (0)      6 :  0.5450 0.4550 
 783      783   (0)      6 :  0.4324 0.5676 
 784      784   (0)      6 :  0.4830 0.5170 
 785      785   (0)      6 :  0.6010 0.3990 
 786      786   (0)      6 :  0.3612 0.6388 
 787      787   (0)      6 :  0.4790 0.5210 
 788      788   (0)      6 :  0.5070 0.4930 
 789      789   (0)      6 :  0.4588 0.5412 
 790      790   (0)      6 :  0.4390 0.5610 
 791      791   (0)      6 :  0.7170 0.2830 
 792      792   (0)      6 :  0.4450 0.5550 
 793      793   (0)      6 :  0.4290 0.5710 
 794      794   (0)      6 :  0.5870 0.4130 
 795      795   (0)      6 :  0.3710 0.6290 
 796      796   (0)      6 :  0.4400 0.5600 
 797      797   (0)      6 :  0.1302 0.8698 
 798      798   (0)      6 :  0.6046 0.3954 
 799      799   (0)      6 :  0.6902 0.3098 
 800      800   (0)      6 :  0.6114 0.3886 
 801      801   (0)      6 :  0.4890 0.5110 
 802      802   (0)      6 :  0.4340 0.5660 
 803      803   (0)      6 :  0.4810 0.5190 
 804      804   (0)      6 :  0.5790 0.4210 
 805      805   (0)      6 :  0.4616 0.5384 
 806      806   (0)      6 :  0.5778 0.4222 
 807      807   (0)      7 :  0.8690 0.1310 
 808      808   (0)      7 :  0.7690 0.2310 
 809      809   (0)      8 :  0.9800 0.0200 
 810      810   (0)      8 :  0.6560 0.3440 
 811      811   (0)      8 :  0.6780 0.3220 
 812      812   (0)      8 :  0.6550 0.3450 
 813      813   (0)      8 :  0.9190 0.0810 
 814      814   (0)      8 :  0.8424 0.1576 
 815      815   (0)      8 :  0.8348 0.1652 
 816      816   (0)      8 :  0.9006 0.0994 
 817      817   (0)      8 :  0.7160 0.2840 
 818      818   (0)      8 :  0.8150 0.1850 
 819      819   (0)      8 :  0.7240 0.2760 
 820      820   (0)      8 :  0.6400 0.3600 
 821      821   (0)      8 :  0.9620 0.0380 
 822      822   (0)      8 :  0.9050 0.0950 
 823      823   (0)      8 :  0.9460 0.0540 
 824      824   (0)      8 :  0.7940 0.2060 
 825      825   (0)      8 :  0.9540 0.0460 
 826      826   (0)      8 :  0.8632 0.1368 
 827      827   (0)      8 :  0.7410 0.2590 
 828      828   (0)      8 :  0.9570 0.0430 
 829      829   (0)      8 :  0.7420 0.2580 
 830      830   (0)      8 :  0.7800 0.2200 
 831      831   (0)      8 :  0.6890 0.3110 
 832      832   (0)      8 :  0.7660 0.2340 
 833      833   (0)      8 :  0.6852 0.3148 
 834      834   (0)      8 :  0.7046 0.2954 
 835      835   (0)      8 :  0.7010 0.2990 
 836      836   (0)      8 :  0.7740 0.2260 
 837      837   (0)      8 :  0.9030 0.0970 
 838      838   (0)      8 :  0.8430 0.1570 
 839      839   (0)      8 :  0.7200 0.2800 
 840      840   (0)      8 :  0.6440 0.3560 
 841      841   (0)      8 :  0.8090 0.1910 
 842      842   (0)      8 :  0.7590 0.2410 
 843      843   (0)      8 :  0.7220 0.2780 
 844      844   (0)      8 :  0.5326 0.4674 
 845      845   (0)      8 :  0.6890 0.3110 
 846      846   (0)      8 :  0.8728 0.1272 
 847      847   (0)      8 :  0.6314 0.3686 
 848      848   (0)      8 :  0.7970 0.2030 
 849      849   (0)      8 :  0.7084 0.2916 
 850      850   (0)      8 :  0.8770 0.1230 
 851      851   (0)      8 :  0.6370 0.3630 
 852      852   (0)      8 :  0.6860 0.3140 
 853      853   (0)      8 :  0.4740 0.5260 
 854      854   (0)      8 :  0.4828 0.5172 
 855      855   (0)      8 :  0.7890 0.2110 
 856      856   (0)      8 :  0.6610 0.3390 
 857      857   (0)      8 :  0.6508 0.3492 
 858      858   (0)      8 :  0.7980 0.2020 
 859      859   (0)      8 :  0.7970 0.2030 
 860      860   (0)      8 :  0.8102 0.1898 
 861      861   (0)      8 :  0.7360 0.2640 
 862      862   (0)      8 :  0.8490 0.1510 
 863      863   (0)      8 :  0.9084 0.0916 
 864      864   (0)      8 :  0.8004 0.1996 
 865      865   (0)      8 :  0.6660 0.3340 
 866      866   (0)      8 :  0.7540 0.2460 
 867      867   (0)      8 :  0.8324 0.1676 
 868      868   (0)      8 :  0.6022 0.3978 
 869      869   (0)      8 :  0.8270 0.1730 
 870      870   (0)      8 :  0.6712 0.3288 
 871      871   (0)      8 :  0.5710 0.4290 
 872      872   (0)      8 :  0.6278 0.3722 
 873      873   (0)      8 :  0.7210 0.2790 
 874      874   (0)      8 :  0.8700 0.1300 
 875      875   (0)      8 :  0.7292 0.2708 
 876      876   (0)      8 :  0.5194 0.4806 
 877      877   (0)      8 :  0.8640 0.1360 
 878      878   (0)      8 :  0.8260 0.1740 
 879      879   (0)      8 :  0.8750 0.1250 
 880      880   (0)      8 :  0.6894 0.3106 
 881      881   (0)      8 :  0.8780 0.1220 
 882      882   (0)      8 :  0.6620 0.3380 
 883      883   (0)      8 :  0.8242 0.1758 
 884      884   (0)      8 :  0.7208 0.2792 
 885      885   (0)      8 :  0.7640 0.2360 
 886      886   (0)      8 :  0.9800 0.0200 
 887      887   (0)      8 :  0.7574 0.2426 
 888      888   (0)      8 :  0.7492 0.2508 
 889      889   (0)      8 :  0.6616 0.3384 
 890      890   (0)      8 :  0.9656 0.0344 
 891      891   (0)      8 :  0.9050 0.0950 
 892      892   (0)      8 :  0.5820 0.4180 
 893      893   (0)      8 :  0.4932 0.5068 
 894      894   (0)      8 :  0.8680 0.1320 
 895      895   (0)      8 :  0.6160 0.3840 
 896      896   (0)      8 :  0.7530 0.2470 
 897      897   (0)      8 :  0.7070 0.2930 
 898      898   (0)      8 :  0.8910 0.1090 
 899      899   (0)      8 :  0.8120 0.1880 
 900      900   (0)      8 :  0.9170 0.0830 
 901      901   (0)      8 :  0.6990 0.3010 
 902      902   (0)      8 :  0.7950 0.2050 
 903      903   (0)      8 :  0.7570 0.2430 
 904      904   (0)      8 :  0.7298 0.2702 
 905      905   (0)      8 :  0.6100 0.3900 
 906      906   (0)      8 :  0.7350 0.2650 
 907      907   (0)      8 :  0.7900 0.2100 
 908      908   (0)      8 :  0.7380 0.2620 
 909      909  (10)      9 :  0.9132 0.0868 
 910      910   (5)      9 :  0.9840 0.0160 
 911      911   (5)      9 :  0.6070 0.3930 
 912      912   (5)      9 :  0.9890 0.0110 
 913      913  (10)      9 :  0.7870 0.2130 
 914      914   (5)      9 :  0.5484 0.4516 
 915      915  (10)      9 :  0.8986 0.1014 
 916      916   (0)      9 :  0.9520 0.0480 
 917      917   (0)      9 :  0.9540 0.0460 
 918      918   (0)      9 :  0.9910 0.0090 
 919      919   (0)      9 :  0.9398 0.0602 
 920      920   (0)      9 :  0.8192 0.1808 
 921      921   (0)      9 :  0.9820 0.0180 
 922      922   (0)      9 :  0.8410 0.1590 
 923      923   (0)      9 :  0.8760 0.1240 
 924      924   (0)      9 :  0.8284 0.1716 
 925      925   (0)      9 :  0.7946 0.2054 
 926      926   (0)      9 :  0.5946 0.4054 
 927      927   (0)      9 :  0.9810 0.0190 
 928      928   (5)      9 :  0.9690 0.0310 
 929      929   (0)      9 :  0.8298 0.1702 
 930      930   (0)      9 :  0.7600 0.2400 
 931      931   (5)      9 :  0.9330 0.0670 
 932      932   (5)      9 :  0.9650 0.0350 
 933      933   (0)      9 :  0.8020 0.1980 
 934      934   (0)      9 :  0.9090 0.0910 
 935      935   (0)      9 :  0.9570 0.0430 
 936      936   (0)      9 :  0.9890 0.0110 
 937      937   (0)      9 :  0.9930 0.0070 
 938      938   (0)      9 :  0.9930 0.0070 
 939      939   (0)      9 :  0.9930 0.0070 
 940      940   (0)      9 :  0.9790 0.0210 
 941      941   (0)      9 :  0.8368 0.1632 
 942      942   (0)      9 :  0.9470 0.0530 
 943      943   (0)      9 :  0.9490 0.0510 
 944      944   (0)      9 :  0.9160 0.0840 
 945      945   (0)      9 :  0.7760 0.2240 
 946      946   (0)      9 :  0.9870 0.0130 
 947      947   (0)      9 :  0.8250 0.1750 
 948      948   (0)      9 :  0.8232 0.1768 
 949      949   (0)      9 :  0.9820 0.0180 
 950      950   (0)      9 :  0.8880 0.1120 
 951      951   (0)     10 :  0.8820 0.1180 
 952      952   (0)     10 :  0.9502 0.0498 
 953      953   (0)     10 :  0.8044 0.1956 
 954      954   (0)     10 :  0.9700 0.0300 
 955      955   (0)     10 :  0.9434 0.0566 
 956      956   (0)     10 :  0.9850 0.0150 
 957      957   (0)     10 :  0.9340 0.0660 
 958      958   (0)     10 :  0.9372 0.0628 
 959      959   (0)     10 :  0.9750 0.0250 
 960      960   (0)     10 :  0.8780 0.1220 
 961      961   (0)     10 :  0.8210 0.1790 
 962      962   (0)     10 :  0.9166 0.0834 
 963      963   (0)     10 :  0.7000 0.3000 
 964      964   (0)     10 :  0.8300 0.1700 
 965      965   (0)     10 :  0.9670 0.0330 
 966      966   (0)     10 :  0.9378 0.0622 
 967      967   (0)     10 :  0.9910 0.0090 
 968      968   (0)     10 :  0.9340 0.0660 
 969      969   (0)     10 :  0.8456 0.1544 
 970      970   (0)     10 :  0.9890 0.0110 
 971      971   (0)     10 :  0.9462 0.0538 
 972      972   (0)     10 :  0.9232 0.0768 
 973      973   (0)     10 :  0.8218 0.1782 
 974      974   (0)     10 :  0.9570 0.0430 
 975      975   (0)     10 :  0.9840 0.0160 
 976      976   (0)     10 :  0.9808 0.0192 
 977      977   (0)     10 :  0.9840 0.0160 
 978      978   (0)     10 :  0.9364 0.0636 
 979      979   (0)     10 :  0.9438 0.0562 
 980      980   (0)     10 :  0.9430 0.0570 
 981      981   (0)     10 :  0.8300 0.1700 
 982      982   (0)     10 :  0.8260 0.1740 
 983      983   (0)     10 :  0.8570 0.1430 
 984      984   (0)     10 :  0.7272 0.2728 
 985      985   (0)     10 :  0.7440 0.2560 
 986      986   (0)     10 :  0.9072 0.0928 
 987      987   (0)     10 :  0.9720 0.0280 
 988      988   (0)     10 :  0.9930 0.0070 
 989      989   (0)     10 :  0.8730 0.1270 
 990      990   (0)     10 :  0.8170 0.1830 
 991      991   (0)     10 :  0.8560 0.1440 
 992      992   (0)     10 :  0.9400 0.0600 
 993      993   (0)     10 :  0.9330 0.0670 
 994      994   (0)     10 :  0.8870 0.1130 
 995      995   (0)     10 :  0.8380 0.1620 
 996      996   (0)     10 :  0.9840 0.0160 
 997      997   (0)     10 :  0.8432 0.1568 
 998      998   (0)     10 :  0.9910 0.0090 
 999      999   (0)     10 :  0.7604 0.2396 
1000     1000   (0)     10 :  0.7066 0.2934 
1001     1001   (0)     10 :  0.9400 0.0600 
1002     1002   (0)     10 :  0.7750 0.2250 
1003     1003   (0)     10 :  0.9860 0.0140 
1004     1004   (0)     10 :  0.9768 0.0232 
1005     1005   (0)     10 :  0.8750 0.1250 
1006     1006   (0)     10 :  0.9276 0.0724 
1007     1007   (0)     10 :  0.9810 0.0190 
1008     1008   (0)     10 :  0.9750 0.0250 
1009     1009   (0)     10 :  0.9700 0.0300 
1010     1010   (0)     10 :  0.9050 0.0950 
1011     1011   (0)     10 :  0.9646 0.0354 
1012     1012   (0)     10 :  0.7956 0.2044 
1013     1013   (0)     10 :  0.9920 0.0080 
1014     1014   (0)     10 :  0.9520 0.0480 
1015     1015   (0)     10 :  0.6750 0.3250 
1016     1016   (0)     10 :  0.9884 0.0116 
1017     1017   (0)     10 :  0.9060 0.0940 
1018     1018   (0)     10 :  0.9930 0.0070 
1019     1019   (0)     10 :  0.9660 0.0340 
1020     1020   (0)     10 :  0.9230 0.0770 
1021     1021   (0)     10 :  0.8202 0.1798 
1022     1022   (0)     10 :  0.9590 0.0410 
1023     1023   (0)     10 :  0.9900 0.0100 
1024     1024   (0)     10 :  0.9640 0.0360 
1025     1025   (0)     10 :  0.9830 0.0170 
1026     1026   (0)     10 :  0.9560 0.0440 
1027     1027   (0)     10 :  0.8850 0.1150 
1028     1028   (0)     10 :  0.7562 0.2438 
1029     1029   (0)     10 :  0.8860 0.1140 
1030     1030   (0)     10 :  0.9860 0.0140 
1031     1031   (0)     10 :  0.7738 0.2262 
1032     1032   (0)     10 :  0.7762 0.2238 
1033     1033   (0)     10 :  0.9040 0.0960 
1034     1034   (0)     10 :  0.9490 0.0510 
1035     1035   (0)     10 :  0.9870 0.0130 
1036     1036   (0)     10 :  0.9590 0.0410 
1037     1037   (0)     10 :  0.9880 0.0120 
1038     1038   (0)     10 :  0.7640 0.2360 
1039     1039   (0)     10 :  0.7890 0.2110 
1040     1040   (0)     10 :  0.9440 0.0560 
1041     1041   (0)     10 :  0.7294 0.2706 
1042     1042   (0)     10 :  0.8790 0.1210 
1043     1043   (0)     10 :  0.9390 0.0610 
1044     1044   (0)     10 :  0.9246 0.0754 
1045     1045   (0)     10 :  0.8906 0.1094 
1046     1046   (0)     10 :  0.7870 0.2130 
1047     1047   (0)     10 :  0.7134 0.2866 
1048     1048   (0)     10 :  0.6770 0.3230 
1049     1049   (0)     10 :  0.7790 0.2210 
1050     1050   (0)     10 :  0.9810 0.0190 
1051     1051   (0)     11 :  0.9580 0.0420 
1052     1052  (10)     11 :  0.9854 0.0146 
1053     1053  (10)     11 :  0.9860 0.0140 
1054     1054   (5)     11 :  0.9930 0.0070 
1055     1055   (5)     11 :  0.9916 0.0084 
1056     1056   (0)     11 :  0.9936 0.0064 
1057     1057   (5)     11 :  0.9910 0.0090 
1058     1058   (5)     11 :  0.9900 0.0100 
1059     1059   (0)     11 :  0.9940 0.0060 
1060     1060   (0)     11 :  0.9930 0.0070 
1061     1061   (0)     11 :  0.9930 0.0070 
1062     1062   (0)     11 :  0.9930 0.0070 
1063     1063   (0)     11 :  0.9920 0.0080 
1064     1064   (5)     11 :  0.9940 0.0060 
1065     1065   (5)     11 :  0.9650 0.0350 
1066     1066  (10)     11 :  0.9850 0.0150 
1067     1067   (0)     11 :  0.9930 0.0070 
1068     1068   (5)     11 :  0.9610 0.0390 
1069     1069   (5)     11 :  0.9900 0.0100 
1070     1070   (0)     11 :  0.9940 0.0060 
1071     1071   (5)     11 :  0.9920 0.0080 
1072     1072   (0)     11 :  0.9870 0.0130 
1073     1073   (5)     11 :  0.9950 0.0050 
1074     1074   (0)     11 :  0.9920 0.0080 
1075     1075   (0)     11 :  0.9880 0.0120 
1076     1076   (0)     11 :  0.9710 0.0290 
1077     1077   (0)     11 :  0.9920 0.0080 
1078     1078   (0)     11 :  0.9910 0.0090 
1079     1079   (0)     11 :  0.9870 0.0130 
1080     1080   (0)     11 :  0.9770 0.0230 
1081     1081   (0)     11 :  0.9798 0.0202 
1082     1082   (0)     11 :  0.9780 0.0220 
1083     1083   (0)     11 :  0.9920 0.0080 
1084     1084   (0)     11 :  0.9850 0.0150 
1085     1085   (0)     11 :  0.9820 0.0180 
1086     1086   (0)     11 :  0.9940 0.0060 
1087     1087   (0)     11 :  0.9850 0.0150 
1088     1088   (0)     11 :  0.9930 0.0070 
1089     1089   (5)     11 :  0.9900 0.0100 
1090     1090   (5)     11 :  0.9900 0.0100 
1091     1091   (0)     11 :  0.9890 0.0110 
1092     1092  (15)     11 :  0.9830 0.0170 
1093     1093  (10)     11 :  0.9940 0.0060 
1094     1094  (10)     11 :  0.9920 0.0080 
1095     1095  (10)     11 :  0.9880 0.0120 
1096     1096   (5)     11 :  0.9860 0.0140 
1097     1097   (5)     11 :  0.9930 0.0070 
1098     1098   (5)     11 :  0.9920 0.0080 
1099     1099   (5)     11 :  0.9920 0.0080 
1100     1100   (5)     11 :  0.9840 0.0160 
1101     1101   (5)     11 :  0.9910 0.0090 
1102     1102  (15)     11 :  0.9770 0.0230 
1103     1103   (5)     11 :  0.9740 0.0260 
1104     1104   (5)     11 :  0.9940 0.0060 
1105     1105  (15)     11 :  0.9892 0.0108 
1106     1106   (5)     11 :  0.9510 0.0490 
1107     1107   (5)     11 :  0.9280 0.0720 
1108     1108   (5)     11 :  0.9900 0.0100 
1109     1109   (5)     11 :  0.9930 0.0070 
1110     1110  (10)     11 :  0.9880 0.0120 
1111     1111   (5)     11 :  0.9910 0.0090 
1112     1112   (5)     11 :  0.9880 0.0120 
1113     1113  (10)     11 :  0.9910 0.0090 
1114     1114  (10)     11 :  0.9900 0.0100 
1115     1115  (10)     11 :  0.9598 0.0402 
1116     1116  (10)     11 :  0.9562 0.0438 
1117     1117   (5)     11 :  0.9920 0.0080 
1118     1118  (10)     11 :  0.9850 0.0150 
1119     1119   (0)     11 :  0.9940 0.0060 
1120     1120   (5)     11 :  0.9920 0.0080 
1121     1121   (0)     11 :  0.9940 0.0060 
1122     1122   (0)     11 :  0.9940 0.0060 
1123     1123   (0)     11 :  0.9900 0.0100 
1124     1124   (0)     11 :  0.9830 0.0170 
1125     1125   (0)     11 :  0.9924 0.0076 
1126     1126   (0)     11 :  0.9770 0.0230 
1127     1127   (0)     11 :  0.9900 0.0100 
1128     1128  (10)     11 :  0.9900 0.0100 
1129     1129  (10)     11 :  0.7080 0.2920 
1130     1130   (0)     11 :  0.9810 0.0190 
1131     1131   (5)     11 :  0.9174 0.0826 
1132     1132   (0)     11 :  0.9880 0.0120 
1133     1133   (5)     11 :  0.9680 0.0320 
1134     1134   (5)     11 :  0.9930 0.0070 
1135     1135   (5)     11 :  0.9910 0.0090 
1136     1136  (10)     11 :  0.9940 0.0060 
1137     1137   (0)     11 :  0.9930 0.0070 
1138     1138   (0)     11 :  0.9930 0.0070 
1139     1139   (0)     11 :  0.9350 0.0650 
1140     1140   (0)     11 :  0.9920 0.0080 
1141     1141   (0)     11 :  0.9870 0.0130 
1142     1142   (0)     11 :  0.9930 0.0070 
1143     1143   (0)     11 :  0.9930 0.0070 
1144     1144   (0)     11 :  0.9880 0.0120 
1145     1145   (0)     11 :  0.9920 0.0080 
1146     1146   (0)     11 :  0.9900 0.0100 
1147     1147   (0)     11 :  0.9890 0.0110 
1148     1148   (0)     11 :  0.9350 0.0650 
1149     1149   (0)     11 :  0.9810 0.0190 
1150     1150   (0)     11 :  0.9790 0.0210 
1151     1151   (0)     11 :  0.9910 0.0090 
1152     1152   (0)     11 :  0.9722 0.0278 
1153     1153   (0)     11 :  0.9930 0.0070 
1154     1154   (5)     11 :  0.9890 0.0110 
1155     1155   (0)     11 :  0.9910 0.0090 
1156     1156   (5)     11 :  0.6920 0.3080 
1157     1157   (0)     11 :  0.9910 0.0090 
1158     1158   (0)     11 :  0.9740 0.0260 
1159     1159   (0)     11 :  0.9870 0.0130 
1160     1160   (0)     11 :  0.9880 0.0120 
1161     1161   (0)     11 :  0.9920 0.0080 
1162     1162   (0)     11 :  0.9930 0.0070 
1163     1163   (0)     11 :  0.9824 0.0176 
1164     1164   (0)     11 :  0.9940 0.0060 
1165     1165   (0)     11 :  0.9890 0.0110 
1166     1166   (0)     11 :  0.9930 0.0070 
1167     1167   (0)     11 :  0.9398 0.0602 
1168     1168   (0)     11 :  0.9930 0.0070 
1169     1169   (0)     11 :  0.9840 0.0160 
1170     1170   (5)     11 :  0.9910 0.0090 
1171     1171   (0)     11 :  0.9840 0.0160 
1172     1172   (0)     11 :  0.9880 0.0120 
1173     1173   (0)     11 :  0.9840 0.0160 
1174     1174  (10)     11 :  0.9920 0.0080 
1175     1175   (0)     11 :  0.9920 0.0080 
1176     1176   (0)     11 :  0.9930 0.0070 
1177     1177   (0)     11 :  0.9900 0.0100 
1178     1178  (10)     11 :  0.9850 0.0150 
1179     1179   (5)     11 :  0.9930 0.0070 
1180     1180   (0)     11 :  0.9910 0.0090 
1181     1181   (5)     11 :  0.9910 0.0090 
1182     1182   (5)     11 :  0.9940 0.0060 
1183     1183  (10)     11 :  0.9878 0.0122 
1184     1184   (0)     11 :  0.9930 0.0070 
1185     1185   (5)     11 :  0.9860 0.0140 
1186     1186  (10)     11 :  0.9920 0.0080 
1187     1187   (0)     11 :  0.9680 0.0320 
1188     1188   (0)     11 :  0.9588 0.0412 
1189     1189   (0)     11 :  0.9920 0.0080 
1190     1190   (0)     11 :  0.9880 0.0120 
1191     1191   (0)     11 :  0.9930 0.0070 
1192     1192   (0)     11 :  0.9840 0.0160 
1193     1193   (0)     11 :  0.9930 0.0070 
1194     1194   (0)     11 :  0.9930 0.0070 
1195     1195   (0)     11 :  0.9930 0.0070 
1196     1196   (5)     11 :  0.9850 0.0150 
1197     1197   (0)     11 :  0.9940 0.0060 
1198     1198   (0)     11 :  0.9920 0.0080 
1199     1199   (0)     11 :  0.9920 0.0080 
1200     1200   (5)     11 :  0.9810 0.0190 
1201     1201   (0)     11 :  0.9900 0.0100 
1202     1202   (0)     11 :  0.9730 0.0270 
1203     1203   (0)     11 :  0.9920 0.0080 
1204     1204   (0)     11 :  0.9920 0.0080 
1205     1205   (0)     11 :  0.9920 0.0080 
1206     1206   (0)     11 :  0.9878 0.0122 
1207     1207   (0)     11 :  0.9770 0.0230 
1208     1208   (0)     11 :  0.9920 0.0080 
1209     1209   (0)     11 :  0.9920 0.0080 
1210     1210   (0)     11 :  0.9740 0.0260 
1211     1211   (0)     11 :  0.9920 0.0080 
1212     1212   (0)     11 :  0.9940 0.0060 
1213     1213   (0)     11 :  0.9910 0.0090 
1214     1214   (0)     11 :  0.9930 0.0070 
1215     1215   (0)     11 :  0.9940 0.0060 
1216     1216   (0)     11 :  0.9930 0.0070 
1217     1217   (0)     11 :  0.9930 0.0070 
1218     1218   (0)     11 :  0.9860 0.0140 
1219     1219   (0)     11 :  0.9882 0.0118 
1220     1220   (0)     11 :  0.9922 0.0078 
1221     1221  (10)     11 :  0.9830 0.0170 
1222     1222   (5)     11 :  0.9916 0.0084 
1223     1223  (10)     11 :  0.9900 0.0100 
1224     1224   (5)     11 :  0.9020 0.0980 
1225     1225  (10)     11 :  0.9920 0.0080 
1226     1226  (10)     11 :  0.9910 0.0090 
1227     1227   (0)     11 :  0.9820 0.0180 
1228     1228   (5)     11 :  0.9730 0.0270 
1229     1229   (5)     11 :  0.9580 0.0420 
1230     1230  (10)     11 :  0.9880 0.0120 
1231     1231   (0)     11 :  0.9924 0.0076 
1232     1232   (0)     11 :  0.9880 0.0120 
1233     1233   (0)     11 :  0.9910 0.0090 
1234     1234   (0)     11 :  0.9880 0.0120 
1235     1235   (0)     11 :  0.9590 0.0410 
1236     1236   (0)     11 :  0.8450 0.1550 
1237     1237   (0)     11 :  0.9310 0.0690 
1238     1238   (0)     11 :  0.9920 0.0080 
1239     1239   (0)     11 :  0.9930 0.0070 
1240     1240   (5)     11 :  0.9066 0.0934 
1241     1241   (0)     11 :  0.8774 0.1226 
1242     1242   (0)     11 :  0.9930 0.0070 
1243     1243  (10)     11 :  0.9740 0.0260 
1244     1244   (5)     11 :  0.9890 0.0110 
1245     1245   (0)     11 :  0.9940 0.0060 
1246     1246   (5)     11 :  0.9560 0.0440 
1247     1247   (5)     11 :  0.9900 0.0100 
1248     1248   (0)     11 :  0.9930 0.0070 
1249     1249   (0)     11 :  0.9670 0.0330 
1250     1250   (0)     11 :  0.9890 0.0110 
1251     1251   (0)     11 :  0.9612 0.0388 
1252     1252   (0)     11 :  0.9930 0.0070 
1253     1253   (0)     11 :  0.9790 0.0210 
1254     1254   (0)     11 :  0.9940 0.0060 
1255     1255   (0)     11 :  0.9940 0.0060 
1256     1256   (0)     11 :  0.9940 0.0060 
1257     1257   (0)     11 :  0.9910 0.0090 
1258     1258   (0)     11 :  0.9730 0.0270 
1259     1259   (0)     11 :  0.9916 0.0084 
1260     1260   (0)     11 :  0.9910 0.0090 
1261     1261   (0)     11 :  0.9900 0.0100 
1262     1262   (0)     11 :  0.9910 0.0090 
1263     1263   (0)     11 :  0.9822 0.0178 
1264     1264   (0)     11 :  0.9910 0.0090 
1265     1265   (0)     11 :  0.9930 0.0070 
1266     1266   (0)     11 :  0.9930 0.0070 
1267     1267   (0)     11 :  0.9940 0.0060 
1268     1268   (0)     11 :  0.9940 0.0060 
1269     1269   (0)     11 :  0.9930 0.0070 
1270     1270   (0)     11 :  0.9930 0.0070 
1271     1271   (0)     11 :  0.9790 0.0210 
1272     1272   (0)     11 :  0.9680 0.0320 
1273     1273   (0)     11 :  0.9930 0.0070 
1274     1274   (0)     11 :  0.9330 0.0670 
1275     1275   (0)     11 :  0.9932 0.0068 
1276     1276   (0)     11 :  0.9930 0.0070 
1277     1277   (0)     11 :  0.9930 0.0070 
1278     1278   (0)     11 :  0.9870 0.0130 
1279     1279   (0)     11 :  0.9770 0.0230 
1280     1280   (0)     11 :  0.9930 0.0070 
1281     1281   (0)     11 :  0.9860 0.0140 
1282     1282   (0)     11 :  0.9920 0.0080 
1283     1283   (0)     11 :  0.9752 0.0248 
1284     1284   (0)     11 :  0.9920 0.0080 
1285     1285   (0)     11 :  0.9920 0.0080 
1286     1286   (0)     11 :  0.9900 0.0100 
1287     1287   (0)     11 :  0.9900 0.0100 
1288     1288   (0)     11 :  0.9930 0.0070 
1289     1289   (0)     11 :  0.9930 0.0070 
1290     1290   (0)     11 :  0.9930 0.0070 
1291     1291   (0)     12 :  0.9862 0.0138 
1292     1292   (0)     12 :  0.9930 0.0070 
1293     1293   (0)     12 :  0.9870 0.0130 
1294     1294   (0)     12 :  0.9940 0.0060 
1295     1295   (0)     12 :  0.9910 0.0090 
1296     1296   (0)     12 :  0.9920 0.0080 
1297     1297   (0)     12 :  0.9850 0.0150 
1298     1298   (0)     12 :  0.9900 0.0100 
1299     1299   (0)     12 :  0.9800 0.0200 
1300     1300   (0)     12 :  0.9910 0.0090 
1301     1301   (0)     12 :  0.9910 0.0090 
1302     1302   (0)     12 :  0.9940 0.0060 
1303     1303   (0)     12 :  0.9880 0.0120 
1304     1304   (0)     12 :  0.9890 0.0110 
1305     1305   (0)     12 :  0.9890 0.0110 
1306     1306   (0)     12 :  0.9880 0.0120 
1307     1307   (0)     12 :  0.9840 0.0160 
1308     1308   (0)     12 :  0.9388 0.0612 
1309     1309   (0)     12 :  0.9350 0.0650 
1310     1310   (0)     12 :  0.9860 0.0140 
1311     1311   (0)     12 :  0.9920 0.0080 
1312     1312   (0)     12 :  0.9900 0.0100 
1313     1313   (0)     12 :  0.9910 0.0090 
1314     1314   (0)     12 :  0.9930 0.0070 
1315     1315   (0)     12 :  0.9900 0.0100 
1316     1316   (0)     12 :  0.9910 0.0090 
1317     1317   (0)     12 :  0.9930 0.0070 
1318     1318   (0)     12 :  0.9906 0.0094 
1319     1319   (0)     12 :  0.9860 0.0140 
1320     1320   (0)     12 :  0.9668 0.0332 
1321     1321   (0)     12 :  0.9810 0.0190 
1322     1322   (0)     12 :  0.9510 0.0490 
1323     1323   (0)     12 :  0.9940 0.0060 
1324     1324   (0)     12 :  0.9920 0.0080 
1325     1325   (0)     12 :  0.9850 0.0150 
1326     1326   (0)     12 :  0.9930 0.0070 
1327     1327   (0)     12 :  0.9810 0.0190 
1328     1328   (0)     12 :  0.9910 0.0090 
1329     1329   (0)     12 :  0.9910 0.0090 
1330     1330   (0)     12 :  0.9810 0.0190 
1331     1331   (0)     12 :  0.9890 0.0110 
1332     1332   (0)     12 :  0.9900 0.0100 
1333     1333   (0)     12 :  0.9910 0.0090 
1334     1334   (0)     12 :  0.9870 0.0130 
1335     1335   (0)     12 :  0.9930 0.0070 
1336     1336   (0)     12 :  0.9840 0.0160 
1337     1337   (0)     12 :  0.9880 0.0120 
1338     1338   (0)     12 :  0.9930 0.0070 
1339     1339   (0)     12 :  0.9920 0.0080 
1340     1340   (0)     12 :  0.9838 0.0162 
1341     1341   (0)     12 :  0.9910 0.0090 
1342     1342   (0)     12 :  0.9870 0.0130 
1343     1343   (0)     12 :  0.9870 0.0130 
1344     1344   (0)     12 :  0.9910 0.0090 
1345     1345   (0)     12 :  0.9900 0.0100 
1346     1346   (0)     12 :  0.9910 0.0090 
1347     1347   (0)     12 :  0.9920 0.0080 
1348     1348   (0)     12 :  0.9910 0.0090 
1349     1349   (0)     12 :  0.9870 0.0130 
1350     1350   (0)     12 :  0.9880 0.0120 
1351     1351   (0)     12 :  0.9920 0.0080 
1352     1352   (0)     12 :  0.9930 0.0070 
1353     1353   (0)     12 :  0.9910 0.0090 
1354     1354   (0)     12 :  0.9900 0.0100 
1355     1355   (0)     12 :  0.9930 0.0070 
1356     1356   (0)     12 :  0.9840 0.0160 
1357     1357   (0)     12 :  0.9920 0.0080 
1358     1358   (0)     12 :  0.9820 0.0180 
1359     1359   (0)     12 :  0.9890 0.0110 
1360     1360   (0)     12 :  0.9890 0.0110 
1361     1361   (0)     12 :  0.9860 0.0140 
1362     1362   (0)     12 :  0.9930 0.0070 
1363     1363   (0)     12 :  0.9790 0.0210 
1364     1364   (0)     12 :  0.9920 0.0080 
1365     1365   (0)     12 :  0.9850 0.0150 
1366     1366   (0)     12 :  0.9930 0.0070 
1367     1367   (0)     12 :  0.9930 0.0070 
1368     1368   (0)     12 :  0.9930 0.0070 
1369     1369   (0)     12 :  0.9930 0.0070 
1370     1370   (0)     12 :  0.9934 0.0066 
1371     1371   (0)     12 :  0.9870 0.0130 
1372     1372   (0)     12 :  0.9920 0.0080 
1373     1373   (0)     12 :  0.9870 0.0130 
1374     1374   (0)     12 :  0.9860 0.0140 
1375     1375   (0)     12 :  0.9880 0.0120 
1376     1376   (0)     12 :  0.9940 0.0060 
1377     1377   (0)     12 :  0.9890 0.0110 
1378     1378   (0)     12 :  0.9920 0.0080 
1379     1379   (0)     12 :  0.9930 0.0070 
1380     1380   (0)     12 :  0.9640 0.0360 
1381     1381   (0)     12 :  0.9950 0.0050 
1382     1382   (0)     12 :  0.9930 0.0070 
1383     1383   (0)     12 :  0.9880 0.0120 
1384     1384   (0)     12 :  0.9890 0.0110 
1385     1385   (0)     12 :  0.9890 0.0110 
1386     1386   (0)     12 :  0.9760 0.0240 
1387     1387   (0)     12 :  0.9910 0.0090 
1388     1388   (0)     12 :  0.9872 0.0128 
1389     1389   (0)     12 :  0.9880 0.0120 
1390     1390   (0)     12 :  0.9890 0.0110 
1391     1391   (0)     12 :  0.9870 0.0130 
1392     1392   (0)     12 :  0.9840 0.0160 
1393     1393   (0)     12 :  0.9920 0.0080 
1394     1394   (0)     12 :  0.9920 0.0080 
1395     1395   (0)     12 :  0.9870 0.0130 
1396     1396   (0)     12 :  0.9890 0.0110 
1397     1397   (0)     12 :  0.9680 0.0320 
1398     1398   (0)     12 :  0.9770 0.0230 
1399     1399   (0)     12 :  0.9860 0.0140 
1400     1400   (0)     12 :  0.9910 0.0090 
1401     1401   (0)     12 :  0.9880 0.0120 
1402     1402   (0)     12 :  0.9890 0.0110 
1403     1403   (0)     12 :  0.9890 0.0110 
1404     1404   (0)     12 :  0.9740 0.0260 
1405     1405   (0)     12 :  0.9720 0.0280 
1406     1406   (0)     12 :  0.9880 0.0120 
1407     1407   (0)     12 :  0.9840 0.0160 
1408     1408   (0)     12 :  0.9840 0.0160 
1409     1409   (0)     12 :  0.9800 0.0200 
1410     1410   (0)     12 :  0.9910 0.0090 
1411     1411   (0)     12 :  0.9878 0.0122 
1412     1412   (0)     12 :  0.9910 0.0090 
1413     1413   (0)     12 :  0.9840 0.0160 
1414     1414   (0)     12 :  0.9920 0.0080 
1415     1415   (0)     12 :  0.9820 0.0180 
1416     1416   (0)     12 :  0.9910 0.0090 
1417     1417   (0)     12 :  0.9910 0.0090 
1418     1418   (0)     12 :  0.9900 0.0100 
1419     1419   (0)     12 :  0.9920 0.0080 
1420     1420   (0)     12 :  0.9930 0.0070 
1421     1421   (0)     12 :  0.9930 0.0070 
1422     1422   (0)     12 :  0.9930 0.0070 
1423     1423   (0)     12 :  0.9880 0.0120 
1424     1424   (0)     12 :  0.9930 0.0070 
1425     1425   (0)     12 :  0.9840 0.0160 
1426     1426   (0)     12 :  0.9750 0.0250 
1427     1427   (0)     12 :  0.9890 0.0110 
1428     1428   (0)     12 :  0.9830 0.0170 
1429     1429   (0)     12 :  0.9930 0.0070 
1430     1430   (0)     12 :  0.9920 0.0080 
1431     1431   (0)     12 :  0.9930 0.0070 
1432     1432   (0)     12 :  0.9900 0.0100 
1433     1433   (0)     12 :  0.9910 0.0090 
1434     1434   (0)     12 :  0.9860 0.0140 
1435     1435   (0)     12 :  0.9882 0.0118 
1436     1436   (0)     12 :  0.9850 0.0150 
1437     1437   (0)     12 :  0.9910 0.0090 
1438     1438   (0)     12 :  0.9910 0.0090 
1439     1439   (0)     12 :  0.9920 0.0080 
1440     1440   (0)     12 :  0.9900 0.0100 
1441     1441   (0)     12 :  0.9640 0.0360 
1442     1442   (0)     12 :  0.9800 0.0200 
1443     1443   (0)     12 :  0.9930 0.0070 
1444     1444   (0)     12 :  0.9652 0.0348 
1445     1445   (0)     12 :  0.9840 0.0160 
1446     1446   (0)     12 :  0.9890 0.0110 
1447     1447   (0)     12 :  0.9780 0.0220 
1448     1448   (0)     12 :  0.9890 0.0110 
1449     1449   (0)     12 :  0.9928 0.0072 
1450     1450   (0)     12 :  0.9460 0.0540 
1451     1451   (0)     12 :  0.9750 0.0250 
1452     1452   (0)     12 :  0.9770 0.0230 
1453     1453   (0)     12 :  0.9620 0.0380 
1454     1454   (0)     12 :  0.9900 0.0100 
1455     1455   (0)     12 :  0.9900 0.0100 
1456     1456   (0)     12 :  0.9890 0.0110 
1457     1457   (0)     12 :  0.9910 0.0090 
1458     1458   (0)     12 :  0.9860 0.0140 
1459     1459   (0)     12 :  0.9890 0.0110 
1460     1460   (0)     12 :  0.9910 0.0090 
1461     1461   (0)     12 :  0.9732 0.0268 
1462     1462   (0)     12 :  0.9930 0.0070 
1463     1463   (0)     12 :  0.9856 0.0144 
1464     1464   (0)     12 :  0.9900 0.0100 
1465     1465   (0)     12 :  0.9920 0.0080 
1466     1466   (0)     12 :  0.9900 0.0100 
1467     1467   (0)     12 :  0.9930 0.0070 
1468     1468   (0)     12 :  0.9930 0.0070 
1469     1469   (0)     12 :  0.9886 0.0114 
1470     1470   (0)     12 :  0.9930 0.0070 
1471     1471   (0)     12 :  0.9940 0.0060 
1472     1472   (0)     12 :  0.9890 0.0110 
1473     1473   (0)     12 :  0.9520 0.0480 
1474     1474   (0)     12 :  0.9920 0.0080 
1475     1475   (0)     12 :  0.9860 0.0140 
1476     1476   (0)     12 :  0.9930 0.0070 
1477     1477   (0)     12 :  0.9840 0.0160 
1478     1478   (0)     12 :  0.9880 0.0120 
1479     1479   (0)     12 :  0.9810 0.0190 
1480     1480   (0)     12 :  0.9908 0.0092 
1481     1481   (0)     12 :  0.9820 0.0180 
1482     1482   (0)     12 :  0.9840 0.0160 
1483     1483   (0)     12 :  0.9900 0.0100 
1484     1484   (0)     12 :  0.9820 0.0180 
1485     1485   (0)     12 :  0.9880 0.0120 
1486     1486   (0)     12 :  0.9930 0.0070 
1487     1487   (0)     12 :  0.9850 0.0150 
1488     1488   (0)     12 :  0.9920 0.0080 
1489     1489   (0)     12 :  0.9920 0.0080 
1490     1490   (0)     12 :  0.9920 0.0080 
1491     1491   (0)     12 :  0.9910 0.0090 
1492     1492   (0)     12 :  0.9880 0.0120 
1493     1493   (0)     12 :  0.9830 0.0170 
1494     1494   (0)     12 :  0.9900 0.0100 
1495     1495   (0)     12 :  0.9920 0.0080 
1496     1496   (0)     12 :  0.9920 0.0080 
1497     1497   (0)     12 :  0.9880 0.0120 
1498     1498   (0)     12 :  0.9850 0.0150 
1499     1499   (0)     12 :  0.9880 0.0120 
1500     1500   (0)     12 :  0.9930 0.0070 
1501     1501   (0)     12 :  0.9810 0.0190 
1502     1502   (0)     12 :  0.9900 0.0100 
1503     1503   (0)     12 :  0.9920 0.0080 
1504     1504   (0)     12 :  0.9870 0.0130 
1505     1505   (0)     12 :  0.9900 0.0100 
1506     1506   (0)     12 :  0.9930 0.0070 
1507     1507   (0)     12 :  0.9910 0.0090 
1508     1508   (0)     12 :  0.9900 0.0100 
1509     1509   (0)     12 :  0.9896 0.0104 
1510     1510   (0)     12 :  0.9770 0.0230 
1511     1511   (0)     12 :  0.9840 0.0160 
1512     1512   (0)     12 :  0.9900 0.0100 
1513     1513   (0)     12 :  0.9408 0.0592 
1514     1514   (0)     12 :  0.9920 0.0080 
1515     1515   (0)     12 :  0.9510 0.0490 
1516     1516   (0)     12 :  0.9870 0.0130 
1517     1517   (0)     12 :  0.9940 0.0060 
1518     1518   (0)     12 :  0.9900 0.0100 
1519     1519   (0)     12 :  0.9880 0.0120 
1520     1520   (0)     12 :  0.9864 0.0136 
1521     1521   (0)     12 :  0.9930 0.0070 
1522     1522   (0)     12 :  0.9920 0.0080 
1523     1523   (0)     12 :  0.9698 0.0302 
1524     1524   (0)     12 :  0.9868 0.0132 
1525     1525   (0)     12 :  0.9860 0.0140 
1526     1526   (0)     12 :  0.9930 0.0070 
1527     1527   (0)     12 :  0.9910 0.0090 
1528     1528   (0)     12 :  0.9770 0.0230 
1529     1529   (0)     12 :  0.9920 0.0080 
1530     1530   (0)     12 :  0.9920 0.0080 
1531     1531   (0)     12 :  0.9770 0.0230 
1532     1532   (0)     12 :  0.9920 0.0080 
1533     1533   (0)     12 :  0.9748 0.0252 
1534     1534   (0)     12 :  0.9920 0.0080 
1535     1535   (0)     12 :  0.9720 0.0280 
1536     1536   (0)     12 :  0.9890 0.0110 
1537     1537   (0)     12 :  0.9900 0.0100 
1538     1538   (0)     12 :  0.9760 0.0240 
1539     1539   (0)     12 :  0.9910 0.0090 
1540     1540   (0)     12 :  0.9760 0.0240 
1541     1541   (0)     12 :  0.9840 0.0160 
1542     1542   (0)     12 :  0.9900 0.0100 
1543     1543   (0)     12 :  0.9890 0.0110 
1544     1544   (0)     12 :  0.9920 0.0080 
1545     1545   (0)     12 :  0.9920 0.0080 
1546     1546   (0)     12 :  0.9902 0.0098 
1547     1547   (0)     12 :  0.9920 0.0080 
1548     1548   (0)     12 :  0.9816 0.0184 
1549     1549   (0)     12 :  0.9880 0.0120 
1550     1550   (0)     12 :  0.9856 0.0144 
