1        1   (5)      1  : 0.9900 0.0100
2        2   (5)      1  : 0.9700 0.0300
3        3   (5)      1  : 0.9920 0.0080
4        4   (0)      1  : 0.9880 0.0120
5        5   (0)      1  : 0.9610 0.0390
6        6   (0)      1  : 0.9900 0.0100
7        7   (0)      1  : 0.9788 0.0212
8        8   (5)      1  : 0.9900 0.0100
9        9   (0)      1  : 0.9920 0.0080
10       10   (0)      1  : 0.9800 0.0200
11       11   (0)      1  : 0.9900 0.0100
12       12   (0)      1  : 0.9800 0.0200
13       13   (0)      1  : 0.9834 0.0166
14       14   (0)      1  : 0.9890 0.0110
15       15   (0)      1  : 0.9920 0.0080
16       16   (0)      1  : 0.9920 0.0080
17       17   (0)      1  : 0.9930 0.0070
18       18   (0)      1  : 0.9800 0.0200
19       19   (0)      1  : 0.9690 0.0310
20       20   (0)      1  : 0.9750 0.0250
21       21   (0)      1  : 0.9890 0.0110
22       22   (0)      1  : 0.9940 0.0060
23       23   (0)      1  : 0.9930 0.0070
24       24   (0)      1  : 0.9840 0.0160
25       25   (0)      1  : 0.9780 0.0220
26       26   (0)      1  : 0.9810 0.0190
27       27   (5)      1  : 0.9840 0.0160
28       28   (0)      1  : 0.9940 0.0060
29       29   (0)      1  : 0.9910 0.0090
30       30   (0)      1  : 0.9770 0.0230
31       31   (0)      1  : 0.9930 0.0070
32       32   (0)      1  : 0.9640 0.0360
33       33   (0)      1  : 0.9920 0.0080
34       34   (0)      1  : 0.9930 0.0070
35       35   (0)      1  : 0.9830 0.0170
36       36   (0)      1  : 0.9800 0.0200
37       37   (0)      1  : 0.9820 0.0180
38       38   (0)      1  : 0.9780 0.0220
39       39   (0)      1  : 0.9820 0.0180
40       40   (0)      1  : 0.9860 0.0140
41       41   (0)      1  : 0.9900 0.0100
42       42   (0)      1  : 0.9930 0.0070
43       43   (0)      1  : 0.9920 0.0080
44       44   (0)      1  : 0.9940 0.0060
45       45   (5)      1  : 0.9860 0.0140
46       46   (0)      1  : 0.9950 0.0050
47       47   (0)      1  : 0.9940 0.0060
48       48   (0)      1  : 0.9910 0.0090
49       49   (0)      1  : 0.9820 0.0180
50       50   (0)      1  : 0.9910 0.0090
51       51   (0)      1  : 0.9830 0.0170
52       52   (0)      1  : 0.9430 0.0570
53       53   (0)      1  : 0.9910 0.0090
54       54   (0)      1  : 0.9940 0.0060
55       55   (0)      1  : 0.9920 0.0080
56       56   (0)      1  : 0.9920 0.0080
57       57  (10)      1  : 0.9850 0.0150
58       58   (5)      1  : 0.9890 0.0110
59       59   (0)      1  : 0.9860 0.0140
60       60   (0)      1  : 0.9930 0.0070
61       61   (0)      1  : 0.9900 0.0100
62       62   (0)      1  : 0.9910 0.0090
63       63   (0)      1  : 0.9900 0.0100
64       64   (0)      1  : 0.9920 0.0080
65       65   (0)      1  : 0.9510 0.0490
66       66   (0)      1  : 0.9920 0.0080
67       67   (5)      1  : 0.9710 0.0290
68       68   (0)      1  : 0.9890 0.0110
69       69   (0)      1  : 0.9940 0.0060
70       70   (0)      1  : 0.9900 0.0100
71       71   (5)      1  : 0.9890 0.0110
72       72   (0)      1  : 0.9690 0.0310
73       73   (5)      1  : 0.9930 0.0070
74       74  (10)      1  : 0.9810 0.0190
75       75  (10)      1  : 0.9658 0.0342
76       76   (0)      1  : 0.9900 0.0100
77       77  (10)      1  : 0.9880 0.0120
78       78   (0)      1  : 0.9790 0.0210
79       79   (5)      1  : 0.9920 0.0080
80       80   (0)      1  : 0.9930 0.0070
81       81   (0)      1  : 0.9910 0.0090
82       82   (0)      1  : 0.9920 0.0080
83       83   (0)      1  : 0.9900 0.0100
84       84   (0)      1  : 0.9840 0.0160
85       85   (0)      1  : 0.9930 0.0070
86       86   (5)      1  : 0.9900 0.0100
87       87   (0)      1  : 0.9920 0.0080
88       88   (0)      1  : 0.9710 0.0290
89       89   (0)      1  : 0.9480 0.0520
90       90   (0)      1  : 0.9910 0.0090
91       91   (0)      1  : 0.9880 0.0120
92       92   (0)      1  : 0.9910 0.0090
93       93   (0)      1  : 0.9920 0.0080
94       94   (5)      1  : 0.9670 0.0330
95       95   (0)      1  : 0.9860 0.0140
96       96   (5)      1  : 0.9900 0.0100
97       97   (0)      1  : 0.9940 0.0060
98       98   (0)      1  : 0.9842 0.0158
99       99   (5)      1  : 0.9870 0.0130
100      100   (5)      1  : 0.9940 0.0060
101      101   (0)      2  : 0.9920 0.0080
102      102   (0)      2  : 0.9930 0.0070
103      103   (0)      2  : 0.9362 0.0638
104      104   (0)      2  : 0.9640 0.0360
105      105   (0)      2  : 0.9920 0.0080
106      106   (0)      2  : 0.9940 0.0060
107      107   (0)      2  : 0.9860 0.0140
108      108   (0)      2  : 0.9910 0.0090
109      109   (0)      2  : 0.9760 0.0240
110      110   (0)      2  : 0.9880 0.0120
111      111   (0)      2  : 0.9940 0.0060
112      112   (0)      2  : 0.9890 0.0110
113      113   (0)      2  : 0.9850 0.0150
114      114   (0)      2  : 0.9910 0.0090
115      115   (0)      2  : 0.9900 0.0100
116      116   (0)      2  : 0.9890 0.0110
117      117   (0)      2  : 0.9838 0.0162
118      118   (0)      2  : 0.9870 0.0130
119      119   (0)      2  : 0.9650 0.0350
120      120   (0)      2  : 0.9900 0.0100
121      121   (0)      2  : 0.9910 0.0090
122      122   (0)      2  : 0.9934 0.0066
123      123   (0)      2  : 0.9850 0.0150
124      124   (0)      2  : 0.9800 0.0200
125      125   (0)      2  : 0.9930 0.0070
126      126   (0)      2  : 0.9950 0.0050
127      127   (0)      2  : 0.9860 0.0140
128      128   (0)      2  : 0.9850 0.0150
129      129   (0)      2  : 0.9920 0.0080
130      130   (0)      2  : 0.9940 0.0060
131      131   (0)      2  : 0.9830 0.0170
132      132   (0)      2  : 0.9900 0.0100
133      133   (0)      2  : 0.9870 0.0130
134      134   (0)      2  : 0.9456 0.0544
135      135   (0)      2  : 0.9720 0.0280
136      136   (0)      2  : 0.9930 0.0070
137      137   (0)      2  : 0.9890 0.0110
138      138   (0)      2  : 0.9820 0.0180
139      139   (0)      2  : 0.9910 0.0090
140      140   (0)      2  : 0.9480 0.0520
141      141   (0)      2  : 0.9792 0.0208
142      142   (0)      2  : 0.9910 0.0090
143      143   (0)      2  : 0.9904 0.0096
144      144   (0)      2  : 0.9900 0.0100
145      145   (0)      2  : 0.9920 0.0080
146      146   (0)      2  : 0.9920 0.0080
147      147   (0)      2  : 0.9430 0.0570
148      148   (0)      2  : 0.9790 0.0210
149      149   (0)      2  : 0.9794 0.0206
150      150   (0)      2  : 0.9850 0.0150
151      151   (0)      2  : 0.9940 0.0060
152      152   (0)      2  : 0.9900 0.0100
153      153   (0)      2  : 0.9690 0.0310
154      154   (0)      2  : 0.9610 0.0390
155      155   (0)      2  : 0.9900 0.0100
156      156   (0)      2  : 0.9780 0.0220
157      157   (0)      2  : 0.9500 0.0500
158      158   (0)      2  : 0.9880 0.0120
159      159   (0)      2  : 0.9930 0.0070
160      160   (0)      2  : 0.9908 0.0092
161      161   (0)      2  : 0.9910 0.0090
162      162   (0)      2  : 0.9940 0.0060
163      163   (0)      2  : 0.9910 0.0090
164      164   (0)      2  : 0.9870 0.0130
165      165   (0)      2  : 0.9870 0.0130
166      166   (0)      2  : 0.9920 0.0080
167      167   (0)      2  : 0.9830 0.0170
168      168   (0)      2  : 0.9930 0.0070
169      169   (0)      2  : 0.9660 0.0340
170      170   (0)      2  : 0.9930 0.0070
171      171   (0)      2  : 0.9940 0.0060
172      172   (0)      2  : 0.9910 0.0090
173      173   (0)      2  : 0.9760 0.0240
174      174   (0)      2  : 0.9950 0.0050
175      175   (0)      2  : 0.9880 0.0120
176      176   (0)      2  : 0.9830 0.0170
177      177   (0)      2  : 0.9910 0.0090
178      178   (0)      2  : 0.9890 0.0110
179      179   (0)      2  : 0.9678 0.0322
180      180   (0)      2  : 0.9802 0.0198
181      181   (0)      2  : 0.9890 0.0110
182      182   (0)      2  : 0.9920 0.0080
183      183   (0)      2  : 0.9910 0.0090
184      184   (0)      2  : 0.9710 0.0290
185      185   (0)      2  : 0.9780 0.0220
186      186   (0)      2  : 0.9900 0.0100
187      187   (0)      2  : 0.9840 0.0160
188      188   (0)      2  : 0.9910 0.0090
189      189   (0)      2  : 0.9900 0.0100
190      190   (0)      2  : 0.9920 0.0080
191      191   (0)      2  : 0.9900 0.0100
192      192   (0)      2  : 0.9780 0.0220
193      193   (0)      2  : 0.9900 0.0100
194      194   (0)      2  : 0.9940 0.0060
195      195   (0)      2  : 0.9498 0.0502
196      196   (0)      2  : 0.9880 0.0120
197      197   (0)      2  : 0.9950 0.0050
198      198   (0)      2  : 0.9880 0.0120
199      199   (0)      2  : 0.9850 0.0150
200      200   (0)      2  : 0.9938 0.0062
201      201   (0)      2  : 0.9880 0.0120
202      202   (0)      2  : 0.9586 0.0414
203      203   (0)      2  : 0.9910 0.0090
204      204   (0)      2  : 0.9950 0.0050
205      205   (0)      2  : 0.9880 0.0120
206      206   (0)      2  : 0.9950 0.0050
207      207   (0)      2  : 0.9930 0.0070
208      208   (0)      2  : 0.9894 0.0106
209      209   (0)      2  : 0.9880 0.0120
210      210   (0)      2  : 0.9880 0.0120
211      211   (0)      2  : 0.9930 0.0070
212      212   (0)      2  : 0.9636 0.0364
213      213   (0)      2  : 0.9900 0.0100
214      214   (0)      2  : 0.9930 0.0070
215      215   (0)      2  : 0.9940 0.0060
216      216   (0)      2  : 0.9830 0.0170
217      217   (0)      2  : 0.9860 0.0140
218      218   (0)      2  : 0.9900 0.0100
219      219   (0)      2  : 0.9920 0.0080
220      220   (0)      2  : 0.9836 0.0164
221      221   (0)      2  : 0.9852 0.0148
222      222   (0)      2  : 0.9920 0.0080
223      223   (0)      2  : 0.9430 0.0570
224      224   (0)      2  : 0.9550 0.0450
225      225   (0)      2  : 0.9930 0.0070
226      226   (0)      2  : 0.9890 0.0110
227      227   (0)      2  : 0.9930 0.0070
228      228   (0)      2  : 0.9910 0.0090
229      229   (0)      2  : 0.9486 0.0514
230      230   (0)      2  : 0.9950 0.0050
231      231   (0)      2  : 0.9870 0.0130
232      232   (0)      2  : 0.9830 0.0170
233      233   (0)      2  : 0.9830 0.0170
234      234   (0)      2  : 0.9920 0.0080
235      235   (0)      2  : 0.9822 0.0178
236      236   (0)      2  : 0.9890 0.0110
237      237   (0)      2  : 0.9940 0.0060
238      238   (0)      2  : 0.9920 0.0080
239      239   (0)      2  : 0.9890 0.0110
240      240   (0)      2  : 0.9930 0.0070
241      241   (0)      2  : 0.9960 0.0040
242      242   (0)      2  : 0.9910 0.0090
243      243   (0)      2  : 0.9940 0.0060
244      244   (0)      2  : 0.9926 0.0074
245      245   (0)      2  : 0.9920 0.0080
246      246   (0)      2  : 0.9840 0.0160
247      247   (0)      2  : 0.9910 0.0090
248      248   (0)      2  : 0.9890 0.0110
249      249   (0)      2  : 0.9930 0.0070
250      250   (0)      2  : 0.9630 0.0370
251      251   (0)      2  : 0.9882 0.0118
252      252   (0)      2  : 0.9850 0.0150
253      253   (0)      2  : 0.9930 0.0070
254      254   (0)      2  : 0.9880 0.0120
255      255   (0)      2  : 0.9910 0.0090
256      256   (0)      2  : 0.9900 0.0100
257      257   (0)      2  : 0.9850 0.0150
258      258   (0)      2  : 0.9940 0.0060
259      259   (0)      2  : 0.9700 0.0300
260      260   (0)      2  : 0.9940 0.0060
261      261   (0)      2  : 0.9890 0.0110
262      262   (0)      2  : 0.9760 0.0240
263      263   (0)      2  : 0.9940 0.0060
264      264   (0)      2  : 0.9950 0.0050
265      265   (0)      2  : 0.9890 0.0110
266      266   (0)      2  : 0.9940 0.0060
267      267   (0)      2  : 0.9930 0.0070
268      268   (0)      2  : 0.9890 0.0110
269      269   (0)      2  : 0.9920 0.0080
270      270   (0)      2  : 0.9780 0.0220
271      271   (0)      2  : 0.9820 0.0180
272      272   (0)      2  : 0.9910 0.0090
273      273   (0)      2  : 0.9930 0.0070
274      274   (0)      2  : 0.9890 0.0110
275      275   (0)      2  : 0.9930 0.0070
276      276   (0)      2  : 0.9930 0.0070
277      277   (0)      2  : 0.9890 0.0110
278      278   (0)      2  : 0.9920 0.0080
279      279   (0)      2  : 0.9770 0.0230
280      280   (0)      2  : 0.9910 0.0090
281      281   (0)      2  : 0.9930 0.0070
282      282   (0)      2  : 0.9900 0.0100
283      283   (0)      2  : 0.9700 0.0300
284      284   (0)      2  : 0.9940 0.0060
285      285   (0)      2  : 0.9930 0.0070
286      286   (0)      2  : 0.9690 0.0310
287      287   (0)      2  : 0.9800 0.0200
288      288   (0)      2  : 0.9840 0.0160
289      289   (0)      2  : 0.9910 0.0090
290      290   (0)      2  : 0.9900 0.0100
291      291   (0)      2  : 0.9840 0.0160
292      292   (0)      2  : 0.9920 0.0080
293      293   (0)      2  : 0.9866 0.0134
294      294   (0)      2  : 0.9560 0.0440
295      295   (0)      2  : 0.9760 0.0240
296      296   (0)      2  : 0.9850 0.0150
297      297   (0)      2  : 0.9900 0.0100
298      298   (0)      2  : 0.9890 0.0110
299      299   (0)      2  : 0.9900 0.0100
300      300   (0)      2  : 0.9930 0.0070
301      301   (0)      2  : 0.9930 0.0070
302      302   (0)      2  : 0.9560 0.0440
303      303   (0)      2  : 0.9900 0.0100
304      304   (0)      2  : 0.9780 0.0220
305      305   (0)      2  : 0.9870 0.0130
306      306   (0)      2  : 0.9890 0.0110
307      307   (0)      2  : 0.9910 0.0090
308      308   (0)      2  : 0.9870 0.0130
309      309   (0)      2  : 0.9950 0.0050
310      310   (0)      2  : 0.9550 0.0450
311      311   (0)      2  : 0.9880 0.0120
312      312   (0)      2  : 0.9900 0.0100
313      313   (0)      2  : 0.9900 0.0100
314      314   (0)      2  : 0.9890 0.0110
315      315   (0)      2  : 0.9840 0.0160
316      316   (0)      2  : 0.9900 0.0100
317      317   (0)      2  : 0.9900 0.0100
318      318   (0)      2  : 0.9910 0.0090
319      319   (0)      2  : 0.9870 0.0130
320      320   (0)      2  : 0.9938 0.0062
321      321   (0)      2  : 0.9852 0.0148
322      322   (0)      2  : 0.9910 0.0090
323      323   (0)      2  : 0.9880 0.0120
324      324   (0)      2  : 0.9930 0.0070
325      325   (0)      2  : 0.9820 0.0180
326      326   (0)      2  : 0.9810 0.0190
327      327   (0)      2  : 0.9870 0.0130
328      328   (0)      2  : 0.9860 0.0140
329      329   (0)      2  : 0.9890 0.0110
330      330   (0)      2  : 0.9930 0.0070
331      331   (0)      2  : 0.9910 0.0090
332      332   (0)      2  : 0.9920 0.0080
333      333   (0)      2  : 0.9910 0.0090
334      334   (0)      2  : 0.9900 0.0100
335      335   (0)      2  : 0.9930 0.0070
336      336   (0)      2  : 0.9840 0.0160
337      337   (0)      2  : 0.9940 0.0060
338      338   (0)      2  : 0.9870 0.0130
339      339   (0)      2  : 0.9880 0.0120
340      340   (0)      2  : 0.9910 0.0090
341      341   (0)      2  : 0.9830 0.0170
342      342   (0)      2  : 0.9790 0.0210
343      343   (0)      2  : 0.9940 0.0060
344      344   (0)      2  : 0.9880 0.0120
345      345   (0)      2  : 0.9520 0.0480
346      346   (0)      2  : 0.9920 0.0080
347      347   (0)      2  : 0.9930 0.0070
348      348   (0)      2  : 0.9810 0.0190
349      349   (0)      2  : 0.9812 0.0188
350      350   (0)      2  : 0.9880 0.0120
351      351   (0)      2  : 0.9940 0.0060
352      352   (0)      2  : 0.9840 0.0160
353      353   (0)      2  : 0.9910 0.0090
354      354   (0)      2  : 0.9810 0.0190
355      355   (0)      2  : 0.9760 0.0240
356      356   (0)      2  : 0.9760 0.0240
357      357   (0)      2  : 0.9860 0.0140
358      358   (0)      2  : 0.9910 0.0090
359      359   (0)      2  : 0.9730 0.0270
360      360   (0)      2  : 0.9830 0.0170
361      361   (0)      2  : 0.9880 0.0120
362      362   (0)      2  : 0.9940 0.0060
363      363   (0)      2  : 0.9900 0.0100
364      364   (0)      2  : 0.9930 0.0070
365      365   (0)      2  : 0.9894 0.0106
366      366   (0)      2  : 0.9920 0.0080
367      367   (0)      2  : 0.9900 0.0100
368      368   (0)      2  : 0.9920 0.0080
369      369   (0)      2  : 0.9820 0.0180
370      370   (0)      2  : 0.9920 0.0080
371      371   (0)      2  : 0.9830 0.0170
372      372   (0)      2  : 0.9910 0.0090
373      373   (0)      2  : 0.9910 0.0090
374      374   (0)      2  : 0.9940 0.0060
375      375   (0)      2  : 0.9710 0.0290
376      376   (0)      2  : 0.9910 0.0090
377      377   (0)      2  : 0.9900 0.0100
378      378   (0)      2  : 0.9794 0.0206
379      379   (0)      2  : 0.9338 0.0662
380      380   (0)      2  : 0.9900 0.0100
381      381   (0)      2  : 0.9900 0.0100
382      382   (0)      2  : 0.9880 0.0120
383      383   (0)      2  : 0.9850 0.0150
384      384   (0)      2  : 0.9840 0.0160
385      385   (0)      2  : 0.9850 0.0150
386      386   (0)      2  : 0.9950 0.0050
387      387   (0)      2  : 0.9840 0.0160
388      388   (0)      2  : 0.9910 0.0090
389      389   (0)      2  : 0.9940 0.0060
390      390   (0)      2  : 0.9930 0.0070
391      391   (0)      2  : 0.9900 0.0100
392      392   (0)      2  : 0.9760 0.0240
393      393   (0)      2  : 0.9930 0.0070
394      394   (0)      2  : 0.9930 0.0070
395      395   (0)      2  : 0.9840 0.0160
396      396   (0)      2  : 0.9910 0.0090
397      397   (0)      2  : 0.9900 0.0100
398      398   (0)      2  : 0.9880 0.0120
399      399   (0)      2  : 0.9920 0.0080
400      400   (0)      2  : 0.9920 0.0080
401      401   (0)      2  : 0.9910 0.0090
402      402   (0)      2  : 0.9890 0.0110
403      403   (0)      2  : 0.9446 0.0554
404      404   (0)      2  : 0.9940 0.0060
405      405   (0)      2  : 0.9930 0.0070
406      406   (0)      2  : 0.9390 0.0610
407      407   (0)      2  : 0.9910 0.0090
408      408   (0)      2  : 0.9890 0.0110
409      409   (0)      2  : 0.9900 0.0100
410      410   (0)      2  : 0.9752 0.0248
411      411   (0)      2  : 0.9738 0.0262
412      412   (0)      2  : 0.9930 0.0070
413      413   (0)      2  : 0.9900 0.0100
414      414   (0)      2  : 0.9920 0.0080
415      415   (0)      2  : 0.9850 0.0150
416      416   (0)      2  : 0.9900 0.0100
417      417   (0)      2  : 0.9790 0.0210
418      418   (0)      2  : 0.9850 0.0150
419      419   (0)      2  : 0.9910 0.0090
420      420   (0)      2  : 0.9180 0.0820
421      421   (0)      2  : 0.9930 0.0070
422      422   (0)      2  : 0.9826 0.0174
423      423   (0)      2  : 0.9840 0.0160
424      424   (0)      2  : 0.9930 0.0070
425      425   (0)      2  : 0.9920 0.0080
426      426   (0)      2  : 0.9790 0.0210
427      427   (0)      2  : 0.9910 0.0090
428      428   (0)      2  : 0.9910 0.0090
429      429   (0)      2  : 0.9900 0.0100
430      430   (0)      2  : 0.9870 0.0130
431      431   (0)      2  : 0.9810 0.0190
432      432   (0)      2  : 0.9934 0.0066
433      433   (0)      2  : 0.9920 0.0080
434      434   (0)      2  : 0.9940 0.0060
435      435   (0)      2  : 0.9790 0.0210
436      436   (0)      2  : 0.9910 0.0090
437      437   (0)      2  : 0.9204 0.0796
438      438   (0)      2  : 0.9910 0.0090
439      439   (0)      2  : 0.9890 0.0110
440      440   (0)      2  : 0.9810 0.0190
441      441   (0)      2  : 0.9870 0.0130
442      442   (0)      2  : 0.9886 0.0114
443      443   (0)      2  : 0.9784 0.0216
444      444   (0)      2  : 0.9910 0.0090
445      445   (0)      2  : 0.9830 0.0170
446      446   (0)      2  : 0.9830 0.0170
447      447   (0)      2  : 0.9870 0.0130
448      448   (0)      2  : 0.9930 0.0070
449      449   (0)      2  : 0.9840 0.0160
450      450   (0)      2  : 0.9830 0.0170
451      451   (0)      2  : 0.9900 0.0100
452      452   (0)      2  : 0.9910 0.0090
453      453   (0)      2  : 0.9870 0.0130
454      454   (0)      2  : 0.9890 0.0110
455      455   (0)      2  : 0.9950 0.0050
456      456   (0)      2  : 0.9880 0.0120
457      457   (0)      2  : 0.9620 0.0380
458      458   (0)      2  : 0.9870 0.0130
459      459   (0)      2  : 0.9950 0.0050
460      460   (0)      2  : 0.9940 0.0060
461      461   (0)      2  : 0.9930 0.0070
462      462   (0)      2  : 0.9870 0.0130
463      463   (0)      2  : 0.9850 0.0150
464      464   (0)      2  : 0.9930 0.0070
465      465   (0)      2  : 0.9934 0.0066
466      466   (0)      2  : 0.9900 0.0100
467      467   (0)      2  : 0.9900 0.0100
468      468   (0)      2  : 0.9750 0.0250
469      469   (0)      2  : 0.9770 0.0230
470      470   (0)      2  : 0.9930 0.0070
471      471   (0)      2  : 0.9900 0.0100
472      472   (0)      2  : 0.9850 0.0150
473      473   (0)      2  : 0.9950 0.0050
474      474   (0)      2  : 0.9910 0.0090
475      475   (0)      2  : 0.9840 0.0160
476      476   (0)      2  : 0.9700 0.0300
477      477   (0)      2  : 0.9950 0.0050
478      478   (0)      2  : 0.9950 0.0050
479      479   (0)      2  : 0.9900 0.0100
480      480   (0)      2  : 0.9950 0.0050
481      481   (0)      2  : 0.9760 0.0240
482      482   (0)      2  : 0.9890 0.0110
483      483   (0)      2  : 0.9920 0.0080
484      484   (0)      2  : 0.9890 0.0110
485      485   (0)      2  : 0.9870 0.0130
486      486   (0)      2  : 0.9930 0.0070
487      487   (0)      2  : 0.9890 0.0110
488      488   (0)      2  : 0.9752 0.0248
489      489   (0)      2  : 0.9490 0.0510
490      490   (0)      2  : 0.9910 0.0090
491      491   (0)      2  : 0.9890 0.0110
492      492   (0)      2  : 0.9832 0.0168
493      493   (0)      2  : 0.9870 0.0130
494      494   (0)      2  : 0.9930 0.0070
495      495   (0)      2  : 0.9930 0.0070
496      496   (0)      2  : 0.9900 0.0100
497      497   (0)      2  : 0.9780 0.0220
498      498   (0)      2  : 0.9790 0.0210
499      499   (0)      2  : 0.9760 0.0240
500      500   (0)      2  : 0.9930 0.0070
501      501   (0)      3  : 0.6210 0.3790
502      502   (0)      3  : 0.7466 0.2534
503      503   (0)      3  : 0.7322 0.2678
504      504   (0)      3  : 0.8270 0.1730
505      505   (0)      3  : 0.8300 0.1700
506      506   (0)      3  : 0.9720 0.0280
507      507   (0)      3  : 0.9900 0.0100
508      508   (0)      3  : 0.8962 0.1038
509      509   (0)      3  : 0.9210 0.0790
510      510   (0)      3  : 0.8866 0.1134
511      511   (0)      3  : 0.8760 0.1240
512      512   (0)      3  : 0.9298 0.0702
513      513   (0)      3  : 0.8752 0.1248
514      514   (0)      3  : 0.8640 0.1360
515      515   (0)      3  : 0.7720 0.2280
516      516   (0)      3  : 0.8960 0.1040
517      517   (0)      3  : 0.7680 0.2320
518      518   (0)      3  : 0.9930 0.0070
519      519   (0)      3  : 0.4710 0.5290
520      520   (0)      3  : 0.9680 0.0320
521      521   (0)      3  : 0.9880 0.0120
522      522   (0)      3  : 0.6820 0.3180
523      523   (0)      3  : 0.9820 0.0180
524      524   (0)      3  : 0.8980 0.1020
525      525   (0)      3  : 0.9694 0.0306
526      526   (0)      3  : 0.8730 0.1270
527      527   (0)      3  : 0.8108 0.1892
528      528   (0)      3  : 0.8870 0.1130
529      529   (0)      3  : 0.8704 0.1296
530      530   (0)      3  : 0.9236 0.0764
531      531   (0)      3  : 0.9740 0.0260
532      532   (0)      3  : 0.9352 0.0648
533      533   (0)      3  : 0.8982 0.1018
534      534   (0)      3  : 0.9780 0.0220
535      535   (0)      3  : 0.9052 0.0948
536      536   (0)      3  : 0.8980 0.1020
537      537   (0)      3  : 0.9230 0.0770
538      538   (0)      3  : 0.9402 0.0598
539      539   (0)      3  : 0.8680 0.1320
540      540   (0)      3  : 0.9050 0.0950
541      541   (0)      3  : 0.9222 0.0778
542      542   (0)      3  : 0.8366 0.1634
543      543   (0)      3  : 0.9680 0.0320
544      544   (0)      3  : 0.6760 0.3240
545      545   (0)      3  : 0.8388 0.1612
546      546   (0)      3  : 0.9120 0.0880
547      547   (0)      3  : 0.8920 0.1080
548      548   (0)      3  : 0.8450 0.1550
549      549   (0)      3  : 0.7590 0.2410
550      550   (0)      3  : 0.9680 0.0320
551      551   (0)      3  : 0.9780 0.0220
552      552   (0)      3  : 0.9680 0.0320
553      553   (0)      3  : 0.9492 0.0508
554      554   (0)      3  : 0.9120 0.0880
555      555   (0)      3  : 0.9632 0.0368
556      556   (0)      3  : 0.7358 0.2642
557      557   (0)      3  : 0.9640 0.0360
558      558   (0)      3  : 0.8980 0.1020
559      559   (0)      3  : 0.9850 0.0150
560      560   (0)      3  : 0.8084 0.1916
561      561   (0)      3  : 0.9236 0.0764
562      562   (0)      3  : 0.9900 0.0100
563      563   (0)      3  : 0.8722 0.1278
564      564   (0)      3  : 0.6806 0.3194
565      565   (0)      3  : 0.9050 0.0950
566      566   (0)      3  : 0.9190 0.0810
567      567   (0)      3  : 0.9134 0.0866
568      568   (0)      3  : 0.9640 0.0360
569      569   (0)      3  : 0.8300 0.1700
570      570   (0)      3  : 0.8800 0.1200
571      571   (0)      3  : 0.9860 0.0140
572      572   (0)      3  : 0.7150 0.2850
573      573   (0)      3  : 0.9100 0.0900
574      574   (0)      3  : 0.9210 0.0790
575      575   (0)      3  : 0.8190 0.1810
576      576   (0)      3  : 0.8150 0.1850
577      577   (0)      3  : 0.9544 0.0456
578      578   (0)      3  : 0.8936 0.1064
579      579   (0)      3  : 0.8720 0.1280
580      580   (0)      3  : 0.9790 0.0210
581      581   (0)      3  : 0.8158 0.1842
582      582   (0)      3  : 0.9850 0.0150
583      583   (0)      3  : 0.8568 0.1432
584      584   (0)      3  : 0.7440 0.2560
585      585   (0)      3  : 0.8198 0.1802
586      586   (0)      3  : 0.9120 0.0880
587      587   (0)      3  : 0.9810 0.0190
588      588   (0)      3  : 0.9838 0.0162
589      589   (0)      3  : 0.9546 0.0454
590      590   (0)      3  : 0.9900 0.0100
591      591   (0)      3  : 0.7818 0.2182
592      592   (0)      3  : 0.9590 0.0410
593      593   (0)      3  : 0.8660 0.1340
594      594   (0)      3  : 0.9870 0.0130
595      595   (0)      3  : 0.9930 0.0070
596      596   (0)      3  : 0.8890 0.1110
597      597   (0)      3  : 0.8342 0.1658
598      598   (0)      3  : 0.8830 0.1170
599      599   (0)      3  : 0.9820 0.0180
600      600   (0)      3  : 0.9870 0.0130
601      601   (0)      4  : 0.5764 0.4236
602      602   (0)      4  : 0.6620 0.3380
603      603   (0)      4  : 0.9748 0.0252
604      604   (0)      4  : 0.8870 0.1130
605      605   (0)      4  : 0.7320 0.2680
606      606   (0)      4  : 0.8580 0.1420
607      607   (0)      4  : 0.9768 0.0232
608      608   (0)      4  : 0.8120 0.1880
609      609   (0)      4  : 0.8250 0.1750
610      610   (0)      4  : 0.7390 0.2610
611      611   (0)      4  : 0.8510 0.1490
612      612   (0)      4  : 0.7550 0.2450
613      613   (0)      4  : 0.5930 0.4070
614      614   (0)      4  : 0.6670 0.3330
615      615   (0)      4  : 0.6450 0.3550
616      616   (0)      4  : 0.8008 0.1992
617      617   (0)      4  : 0.6820 0.3180
618      618   (0)      4  : 0.7168 0.2832
619      619   (0)      4  : 0.9610 0.0390
620      620   (0)      4  : 0.9000 0.1000
621      621   (0)      4  : 0.7952 0.2048
622      622   (0)      4  : 0.7910 0.2090
623      623   (0)      4  : 0.7952 0.2048
624      624   (0)      4  : 0.7290 0.2710
625      625   (0)      4  : 0.6300 0.3700
626      626   (0)      4  : 0.7550 0.2450
627      627   (0)      4  : 0.8462 0.1538
628      628   (0)      4  : 0.8034 0.1966
629      629   (0)      4  : 0.9060 0.0940
630      630   (0)      4  : 0.8046 0.1954
631      631   (0)      4  : 0.8566 0.1434
632      632   (0)      4  : 0.8588 0.1412
633      633   (0)      4  : 0.6600 0.3400
634      634   (0)      4  : 0.8080 0.1920
635      635   (0)      4  : 0.6536 0.3464
636      636   (0)      4  : 0.9384 0.0616
637      637   (0)      4  : 0.6618 0.3382
638      638   (0)      4  : 0.6940 0.3060
639      639   (0)      4  : 0.9130 0.0870
640      640   (0)      4  : 0.7594 0.2406
641      641   (0)      4  : 0.7080 0.2920
642      642   (0)      4  : 0.7520 0.2480
643      643   (0)      4  : 0.6132 0.3868
644      644   (0)      4  : 0.8690 0.1310
645      645   (0)      4  : 0.5190 0.4810
646      646   (0)      4  : 0.8640 0.1360
647      647   (0)      4  : 0.7760 0.2240
648      648   (0)      4  : 0.7880 0.2120
649      649   (0)      4  : 0.8514 0.1486
650      650   (0)      4  : 0.9670 0.0330
651      651   (0)      4  : 0.8100 0.1900
652      652   (0)      4  : 0.6906 0.3094
653      653   (0)      4  : 0.7600 0.2400
654      654   (0)      4  : 0.7458 0.2542
655      655   (0)      4  : 0.8570 0.1430
656      656   (0)      4  : 0.6290 0.3710
657      657   (0)      4  : 0.7908 0.2092
658      658   (0)      4  : 0.5208 0.4792
659      659   (0)      4  : 0.7340 0.2660
660      660   (0)      4  : 0.6320 0.3680
661      661   (0)      4  : 0.9590 0.0410
662      662   (0)      4  : 0.7750 0.2250
663      663   (0)      4  : 0.9486 0.0514
664      664   (0)      4  : 0.6690 0.3310
665      665   (0)      4  : 0.8460 0.1540
666      666   (0)      4  : 0.7040 0.2960
667      667   (0)      4  : 0.6944 0.3056
668      668   (0)      4  : 0.9668 0.0332
669      669   (0)      4  : 0.6450 0.3550
670      670   (0)      4  : 0.6848 0.3152
671      671   (0)      4  : 0.9100 0.0900
672      672   (0)      4  : 0.6010 0.3990
673      673   (0)      4  : 0.9192 0.0808
674      674   (0)      4  : 0.9620 0.0380
675      675   (0)      4  : 0.8550 0.1450
676      676   (0)      4  : 0.6300 0.3700
677      677   (0)      4  : 0.7474 0.2526
678      678   (0)      4  : 0.7040 0.2960
679      679   (0)      4  : 0.8438 0.1562
680      680   (0)      4  : 0.8254 0.1746
681      681   (0)      4  : 0.7176 0.2824
682      682   (0)      4  : 0.8588 0.1412
683      683   (0)      4  : 0.6720 0.3280
684      684   (0)      4  : 0.6960 0.3040
685      685   (0)      4  : 0.6902 0.3098
686      686   (0)      4  : 0.8880 0.1120
687      687   (0)      4  : 0.7460 0.2540
688      688   (0)      4  : 0.7000 0.3000
689      689   (0)      4  : 0.8680 0.1320
690      690   (0)      4  : 0.6860 0.3140
691      691   (0)      4  : 0.8480 0.1520
692      692   (0)      4  : 0.7000 0.3000
693      693   (0)      4  : 0.9352 0.0648
694      694   (0)      4  : 0.9220 0.0780
695      695   (0)      4  : 0.7780 0.2220
696      696   (0)      4  : 0.8094 0.1906
697      697   (0)      4  : 0.7190 0.2810
698      698   (0)      4  : 0.7458 0.2542
699      699   (0)      4  : 0.7044 0.2956
700      700   (0)      4  : 0.6800 0.3200
701      701   (0)      5  : 0.4550 0.5450
702      702   (0)      5  : 0.5740 0.4260
703      703   (0)      5  : 0.4230 0.5770
704      704   (0)      5  : 0.3430 0.6570
705      705   (0)      5  : 0.4270 0.5730
706      706   (0)      5  : 0.5670 0.4330
707      707   (0)      5  : 0.5250 0.4750
708      708   (0)      5  : 0.7006 0.2994
709      709   (0)      5  : 0.4770 0.5230
710      710   (0)      5  : 0.4240 0.5760
711      711   (0)      5  : 0.5010 0.4990
712      712   (0)      5  : 0.6122 0.3878
713      713   (0)      5  : 0.6346 0.3654
714      714   (0)      5  : 0.4776 0.5224
715      715   (0)      5  : 0.4950 0.5050
716      716   (0)      5  : 0.6500 0.3500
717      717   (0)      5  : 0.5510 0.4490
718      718   (0)      5  : 0.6320 0.3680
719      719   (0)      5  : 0.5600 0.4400
720      720   (0)      5  : 0.4300 0.5700
721      721   (0)      5  : 0.5330 0.4670
722      722   (0)      5  : 0.5270 0.4730
723      723   (0)      5  : 0.4850 0.5150
724      724   (0)      5  : 0.5624 0.4376
725      725   (0)      5  : 0.5834 0.4166
726      726   (0)      5  : 0.5460 0.4540
727      727   (0)      5  : 0.4756 0.5244
728      728   (0)      5  : 0.5040 0.4960
729      729   (0)      5  : 0.4452 0.5548
730      730   (0)      5  : 0.3550 0.6450
731      731   (0)      5  : 0.5570 0.4430
732      732   (0)      5  : 0.4970 0.5030
733      733   (0)      5  : 0.5350 0.4650
734      734   (0)      5  : 0.4480 0.5520
735      735   (0)      5  : 0.5392 0.4608
736      736   (0)      5  : 0.5300 0.4700
737      737   (0)      5  : 0.4820 0.5180
738      738   (0)      5  : 0.5620 0.4380
739      739   (0)      5  : 0.3920 0.6080
740      740   (0)      5  : 0.5170 0.4830
741      741   (0)      5  : 0.6620 0.3380
742      742   (0)      5  : 0.4610 0.5390
743      743   (0)      5  : 0.5950 0.4050
744      744   (0)      5  : 0.6150 0.3850
745      745   (0)      5  : 0.3980 0.6020
746      746   (0)      5  : 0.5600 0.4400
747      747   (0)      5  : 0.6524 0.3476
748      748   (0)      5  : 0.6138 0.3862
749      749   (0)      5  : 0.5060 0.4940
750      750   (0)      5  : 0.4640 0.5360
751      751   (0)      5  : 0.4678 0.5322
752      752   (0)      5  : 0.5124 0.4876
753      753   (0)      5  : 0.5410 0.4590
754      754   (0)      5  : 0.5972 0.4028
755      755   (0)      5  : 0.4630 0.5370
756      756   (0)      5  : 0.5690 0.4310
757      757   (0)      5  : 0.3640 0.6360
758      758   (0)      5  : 0.5060 0.4940
759      759   (0)      5  : 0.5950 0.4050
760      760   (0)      5  : 0.4498 0.5502
761      761   (0)      5  : 0.6428 0.3572
762      762   (0)      5  : 0.4630 0.5370
763      763   (0)      5  : 0.4080 0.5920
764      764   (0)      5  : 0.5240 0.4760
765      765   (0)      5  : 0.5430 0.4570
766      766   (0)      5  : 0.4068 0.5932
767      767   (0)      5  : 0.4780 0.5220
768      768   (0)      5  : 0.5090 0.4910
769      769   (0)      5  : 0.5764 0.4236
770      770   (0)      5  : 0.5760 0.4240
771      771   (0)      5  : 0.4970 0.5030
772      772   (0)      5  : 0.4700 0.5300
773      773   (0)      5  : 0.4394 0.5606
774      774   (0)      5  : 0.6574 0.3426
775      775   (0)      5  : 0.5476 0.4524
776      776   (0)      5  : 0.3832 0.6168
777      777   (0)      5  : 0.3110 0.6890
778      778   (0)      5  : 0.3790 0.6210
779      779   (0)      5  : 0.4454 0.5546
780      780   (0)      5  : 0.4930 0.5070
781      781   (0)      5  : 0.4300 0.5700
782      782   (0)      5  : 0.8320 0.1680
783      783   (0)      5  : 0.5960 0.4040
784      784   (0)      5  : 0.4112 0.5888
785      785   (0)      5  : 0.6122 0.3878
786      786   (0)      5  : 0.5494 0.4506
787      787   (0)      5  : 0.4640 0.5360
788      788   (0)      5  : 0.5310 0.4690
789      789   (0)      5  : 0.4410 0.5590
790      790   (0)      5  : 0.4650 0.5350
791      791   (0)      5  : 0.5614 0.4386
792      792   (0)      5  : 0.5114 0.4886
793      793   (0)      5  : 0.4780 0.5220
794      794   (0)      5  : 0.5670 0.4330
795      795   (0)      5  : 0.4678 0.5322
796      796   (0)      5  : 0.5360 0.4640
797      797   (0)      5  : 0.4220 0.5780
798      798   (0)      5  : 0.3690 0.6310
799      799   (0)      5  : 0.6250 0.3750
800      800   (0)      5  : 0.5500 0.4500
801      801   (0)      6  : 0.2010 0.7990
802      802   (0)      6  : 0.2970 0.7030
803      803   (0)      6  : 0.1212 0.8788
804      804   (0)      6  : 0.2048 0.7952
805      805   (0)      6  : 0.2220 0.7780
806      806   (0)      6  : 0.2700 0.7300
807      807   (0)      6  : 0.2050 0.7950
808      808   (0)      6  : 0.2310 0.7690
809      809   (0)      6  : 0.2100 0.7900
810      810   (0)      6  : 0.3216 0.6784
811      811   (0)      6  : 0.2560 0.7440
812      812   (0)      6  : 0.2120 0.7880
813      813   (0)      6  : 0.2580 0.7420
814      814   (0)      6  : 0.2340 0.7660
815      815   (0)      6  : 0.2620 0.7380
816      816   (0)      6  : 0.4010 0.5990
817      817   (0)      6  : 0.4798 0.5202
818      818   (0)      6  : 0.1980 0.8020
819      819   (0)      6  : 0.0340 0.9660
820      820   (0)      6  : 0.3070 0.6930
821      821   (0)      6  : 0.2580 0.7420
822      822   (0)      6  : 0.1720 0.8280
823      823   (0)      6  : 0.4450 0.5550
824      824   (0)      6  : 0.1130 0.8870
825      825   (0)      6  : 0.3180 0.6820
826      826   (0)      6  : 0.2330 0.7670
827      827   (0)      6  : 0.1500 0.8500
828      828   (0)      6  : 0.3230 0.6770
829      829   (0)      6  : 0.2860 0.7140
830      830   (0)      6  : 0.3610 0.6390
831      831   (0)      6  : 0.2390 0.7610
832      832   (0)      6  : 0.2640 0.7360
833      833   (0)      6  : 0.4310 0.5690
834      834   (0)      6  : 0.2180 0.7820
835      835   (0)      6  : 0.1760 0.8240
836      836   (0)      6  : 0.3988 0.6012
837      837   (0)      6  : 0.1440 0.8560
838      838   (0)      6  : 0.3770 0.6230
839      839   (0)      6  : 0.2520 0.7480
840      840   (0)      6  : 0.2600 0.7400
841      841   (0)      6  : 0.3400 0.6600
842      842   (0)      6  : 0.2620 0.7380
843      843   (0)      6  : 0.2366 0.7634
844      844   (0)      6  : 0.1120 0.8880
845      845   (0)      6  : 0.1530 0.8470
846      846   (0)      6  : 0.2970 0.7030
847      847   (0)      6  : 0.3298 0.6702
848      848   (0)      6  : 0.2050 0.7950
849      849   (0)      6  : 0.4388 0.5612
850      850   (0)      6  : 0.3490 0.6510
851      851   (0)      6  : 0.1250 0.8750
852      852   (0)      6  : 0.2230 0.7770
853      853   (0)      6  : 0.1070 0.8930
854      854   (0)      6  : 0.2960 0.7040
855      855   (0)      6  : 0.1550 0.8450
856      856   (0)      6  : 0.1640 0.8360
857      857   (0)      6  : 0.2580 0.7420
858      858   (0)      6  : 0.1430 0.8570
859      859   (0)      6  : 0.1790 0.8210
860      860   (0)      6  : 0.3118 0.6882
861      861   (0)      6  : 0.2686 0.7314
862      862   (0)      6  : 0.2890 0.7110
863      863   (0)      6  : 0.3340 0.6660
864      864   (0)      6  : 0.1740 0.8260
865      865   (0)      6  : 0.1802 0.8198
866      866   (0)      6  : 0.1000 0.9000
867      867   (0)      6  : 0.2122 0.7878
868      868   (0)      6  : 0.2790 0.7210
869      869   (0)      6  : 0.3040 0.6960
870      870   (0)      6  : 0.3610 0.6390
871      871   (0)      6  : 0.2040 0.7960
872      872   (0)      6  : 0.2290 0.7710
873      873   (0)      6  : 0.2030 0.7970
874      874   (0)      6  : 0.3620 0.6380
875      875   (0)      6  : 0.3560 0.6440
876      876   (0)      6  : 0.2020 0.7980
877      877   (0)      6  : 0.3070 0.6930
878      878   (0)      6  : 0.2310 0.7690
879      879   (0)      6  : 0.2160 0.7840
880      880   (0)      6  : 0.1804 0.8196
881      881   (0)      6  : 0.3980 0.6020
882      882   (0)      6  : 0.3090 0.6910
883      883   (0)      6  : 0.3270 0.6730
884      884   (0)      6  : 0.2556 0.7444
885      885   (0)      6  : 0.2360 0.7640
886      886   (0)      6  : 0.3260 0.6740
887      887   (0)      6  : 0.2076 0.7924
888      888   (0)      6  : 0.3300 0.6700
889      889   (0)      6  : 0.1950 0.8050
890      890   (0)      6  : 0.1422 0.8578
891      891   (0)      6  : 0.3740 0.6260
892      892   (0)      6  : 0.0240 0.9760
893      893   (0)      6  : 0.3250 0.6750
894      894   (0)      6  : 0.3100 0.6900
895      895   (0)      6  : 0.2050 0.7950
896      896   (0)      6  : 0.1592 0.8408
897      897   (0)      6  : 0.3500 0.6500
898      898   (0)      6  : 0.3016 0.6984
899      899   (0)      6  : 0.1050 0.8950
900      900   (0)      6  : 0.1830 0.8170
901      901   (0)      7  : 0.1550 0.8450
902      902   (0)      7  : 0.0170 0.9830
903      903   (0)      7  : 0.1800 0.8200
904      904   (0)      7  : 0.1440 0.8560
905      905   (0)      7  : 0.1760 0.8240
906      906   (0)      7  : 0.2712 0.7288
907      907   (0)      7  : 0.0730 0.9270
908      908   (0)      7  : 0.0600 0.9400
909      909   (0)      7  : 0.1720 0.8280
910      910   (0)      7  : 0.1790 0.8210
911      911   (0)      7  : 0.3300 0.6700
912      912   (0)      7  : 0.1218 0.8782
913      913   (0)      7  : 0.0470 0.9530
914      914   (0)      7  : 0.1960 0.8040
915      915   (0)      7  : 0.2070 0.7930
916      916   (0)      7  : 0.0450 0.9550
917      917   (0)      7  : 0.1506 0.8494
918      918   (0)      7  : 0.0490 0.9510
919      919   (0)      7  : 0.2670 0.7330
920      920   (0)      7  : 0.0100 0.9900
921      921   (0)      7  : 0.0780 0.9220
922      922   (0)      7  : 0.1860 0.8140
923      923   (0)      7  : 0.1890 0.8110
924      924   (0)      7  : 0.0570 0.9430
925      925   (0)      7  : 0.1430 0.8570
926      926   (0)      7  : 0.1130 0.8870
927      927   (0)      7  : 0.2170 0.7830
928      928   (0)      7  : 0.2086 0.7914
929      929   (0)      7  : 0.1690 0.8310
930      930   (0)      7  : 0.0710 0.9290
931      931   (0)      7  : 0.2760 0.7240
932      932   (0)      7  : 0.2480 0.7520
933      933   (0)      7  : 0.0528 0.9472
934      934   (0)      7  : 0.2802 0.7198
935      935   (0)      7  : 0.1070 0.8930
936      936   (0)      7  : 0.0460 0.9540
937      937   (0)      7  : 0.0980 0.9020
938      938   (0)      7  : 0.2332 0.7668
939      939   (0)      7  : 0.0470 0.9530
940      940   (0)      7  : 0.0840 0.9160
941      941   (0)      7  : 0.2620 0.7380
942      942   (0)      7  : 0.0754 0.9246
943      943   (0)      7  : 0.2430 0.7570
944      944   (0)      7  : 0.2260 0.7740
945      945   (0)      7  : 0.2000 0.8000
946      946   (0)      7  : 0.1930 0.8070
947      947   (0)      7  : 0.1060 0.8940
948      948   (0)      7  : 0.1888 0.8112
949      949   (0)      7  : 0.0890 0.9110
950      950   (0)      7  : 0.1360 0.8640
951      951   (0)      7  : 0.0380 0.9620
952      952   (0)      7  : 0.0972 0.9028
953      953   (0)      7  : 0.0094 0.9906
954      954   (0)      7  : 0.1540 0.8460
955      955   (0)      7  : 0.1160 0.8840
956      956   (0)      7  : 0.0660 0.9340
957      957   (0)      7  : 0.1670 0.8330
958      958   (0)      7  : 0.2480 0.7520
959      959   (0)      7  : 0.1356 0.8644
960      960   (0)      7  : 0.2944 0.7056
961      961   (0)      7  : 0.0610 0.9390
962      962   (0)      7  : 0.1618 0.8382
963      963   (0)      7  : 0.1360 0.8640
964      964   (0)      7  : 0.0860 0.9140
965      965   (0)      7  : 0.0440 0.9560
966      966   (0)      7  : 0.3348 0.6652
967      967   (0)      7  : 0.2050 0.7950
968      968   (0)      7  : 0.0080 0.9920
969      969   (0)      7  : 0.0100 0.9900
970      970   (0)      7  : 0.1180 0.8820
971      971   (0)      7  : 0.0540 0.9460
972      972   (0)      7  : 0.1670 0.8330
973      973   (0)      7  : 0.1440 0.8560
974      974   (0)      7  : 0.2060 0.7940
975      975   (0)      7  : 0.0540 0.9460
976      976   (0)      7  : 0.0290 0.9710
977      977   (0)      7  : 0.1910 0.8090
978      978   (0)      7  : 0.0538 0.9462
979      979   (0)      7  : 0.0820 0.9180
980      980   (0)      7  : 0.1260 0.8740
981      981   (0)      7  : 0.0100 0.9900
982      982   (0)      7  : 0.1698 0.8302
983      983   (0)      7  : 0.0500 0.9500
984      984   (0)      7  : 0.2090 0.7910
985      985   (0)      7  : 0.3080 0.6920
986      986   (0)      7  : 0.1610 0.8390
987      987   (0)      7  : 0.0530 0.9470
988      988   (0)      7  : 0.0390 0.9610
989      989   (0)      7  : 0.1552 0.8448
990      990   (0)      7  : 0.2010 0.7990
991      991   (0)      7  : 0.0080 0.9920
992      992   (0)      7  : 0.0070 0.9930
993      993   (0)      7  : 0.0472 0.9528
994      994   (0)      7  : 0.0770 0.9230
995      995   (0)      7  : 0.2540 0.7460
996      996   (0)      7  : 0.3320 0.6680
997      997   (0)      7  : 0.0388 0.9612
998      998   (0)      7  : 0.1360 0.8640
999      999   (0)      7  : 0.0522 0.9478
1000     1000   (0)      7  : 0.1660 0.8340
1001     1001   (5)      8  : 0.0110 0.9890
1002     1002   (0)      8  : 0.0150 0.9850
1003     1003   (0)      8  : 0.0070 0.9930
1004     1004   (0)      8  : 0.0330 0.9670
1005     1005   (0)      8  : 0.0078 0.9922
1006     1006   (0)      8  : 0.0090 0.9910
1007     1007   (0)      8  : 0.0060 0.9940
1008     1008   (0)      8  : 0.0090 0.9910
1009     1009   (0)      8  : 0.0080 0.9920
1010     1010   (0)      8  : 0.0080 0.9920
1011     1011   (0)      8  : 0.0050 0.9950
1012     1012   (0)      8  : 0.0070 0.9930
1013     1013   (0)      8  : 0.0170 0.9830
1014     1014   (5)      8  : 0.0050 0.9950
1015     1015   (0)      8  : 0.0060 0.9940
1016     1016   (0)      8  : 0.0060 0.9940
1017     1017   (0)      8  : 0.0080 0.9920
1018     1018   (0)      8  : 0.0090 0.9910
1019     1019   (0)      8  : 0.0110 0.9890
1020     1020   (0)      8  : 0.0060 0.9940
1021     1021   (0)      8  : 0.0050 0.9950
1022     1022   (0)      8  : 0.0100 0.9900
1023     1023   (0)      8  : 0.0060 0.9940
1024     1024   (0)      8  : 0.0050 0.9950
1025     1025   (0)      8  : 0.0050 0.9950
1026     1026   (0)      8  : 0.0070 0.9930
1027     1027   (0)      8  : 0.0060 0.9940
1028     1028   (0)      8  : 0.0060 0.9940
1029     1029   (0)      9  : 0.0050 0.9950
1030     1030   (0)      9  : 0.0110 0.9890
1031     1031   (0)      9  : 0.0106 0.9894
1032     1032   (0)      9  : 0.0070 0.9930
1033     1033   (0)      9  : 0.0090 0.9910
1034     1034   (0)      9  : 0.0070 0.9930
1035     1035   (0)      9  : 0.0070 0.9930
1036     1036   (0)      9  : 0.0310 0.9690
1037     1037   (0)      9  : 0.0060 0.9940
1038     1038   (0)      9  : 0.0070 0.9930
1039     1039   (0)      9  : 0.0060 0.9940
1040     1040   (0)      9  : 0.0070 0.9930
1041     1041   (0)      9  : 0.0050 0.9950
1042     1042   (0)      9  : 0.0150 0.9850
1043     1043   (0)      9  : 0.0060 0.9940
1044     1044   (0)      9  : 0.0070 0.9930
1045     1045   (0)      9  : 0.0060 0.9940
1046     1046   (0)      9  : 0.0060 0.9940
1047     1047   (0)      9  : 0.0070 0.9930
1048     1048   (0)      9  : 0.0050 0.9950
1049     1049   (0)      9  : 0.0060 0.9940
1050     1050   (0)      9  : 0.0080 0.9920
1051     1051   (0)      9  : 0.0090 0.9910
1052     1052   (0)      9  : 0.0070 0.9930
1053     1053   (0)      9  : 0.0080 0.9920
1054     1054   (0)      9  : 0.0290 0.9710
1055     1055   (0)      9  : 0.0050 0.9950
1056     1056   (0)      9  : 0.0070 0.9930
1057     1057   (0)      9  : 0.0050 0.9950
1058     1058   (0)      9  : 0.0144 0.9856
1059     1059   (0)      9  : 0.0060 0.9940
1060     1060   (0)      9  : 0.0060 0.9940
1061     1061   (0)      9  : 0.0060 0.9940
1062     1062   (0)      9  : 0.0060 0.9940
1063     1063   (0)      9  : 0.0100 0.9900
1064     1064   (0)      9  : 0.0090 0.9910
1065     1065   (0)      9  : 0.0060 0.9940
1066     1066   (0)      9  : 0.0100 0.9900
1067     1067   (0)      9  : 0.0080 0.9920
1068     1068   (0)      9  : 0.0060 0.9940
1069     1069   (0)      9  : 0.0090 0.9910
1070     1070   (0)      9  : 0.0070 0.9930
1071     1071   (0)      9  : 0.0048 0.9952
1072     1072   (0)      9  : 0.0100 0.9900
1073     1073   (0)      9  : 0.0050 0.9950
1074     1074   (0)      9  : 0.0140 0.9860
1075     1075   (0)      9  : 0.0050 0.9950
1076     1076   (0)      9  : 0.0080 0.9920
1077     1077   (0)      9  : 0.0110 0.9890
1078     1078   (0)      9  : 0.0060 0.9940
1079     1079   (0)      9  : 0.0080 0.9920
1080     1080   (0)      9  : 0.0060 0.9940
1081     1081   (0)      9  : 0.0070 0.9930
1082     1082   (0)      9  : 0.0080 0.9920
1083     1083   (0)      9  : 0.0070 0.9930
1084     1084   (0)      9  : 0.0100 0.9900
1085     1085   (0)      9  : 0.0100 0.9900
1086     1086   (0)      9  : 0.0052 0.9948
1087     1087   (0)      9  : 0.0086 0.9914
1088     1088   (0)      9  : 0.0080 0.9920
1089     1089   (0)      9  : 0.0590 0.9410
1090     1090   (0)      9  : 0.0142 0.9858
1091     1091   (0)      9  : 0.0090 0.9910
1092     1092   (0)      9  : 0.0100 0.9900
1093     1093   (0)      9  : 0.0080 0.9920
1094     1094   (0)      9  : 0.0060 0.9940
1095     1095   (0)      9  : 0.0090 0.9910
1096     1096   (0)      9  : 0.0080 0.9920
1097     1097   (0)      9  : 0.0060 0.9940
1098     1098   (0)      9  : 0.0060 0.9940
1099     1099   (0)      9  : 0.0050 0.9950
1100     1100   (0)      9  : 0.0050 0.9950
1101     1101   (0)      9  : 0.0150 0.9850
1102     1102   (0)      9  : 0.0060 0.9940
1103     1103   (0)      9  : 0.0060 0.9940
1104     1104   (0)      9  : 0.0070 0.9930
1105     1105   (0)      9  : 0.0060 0.9940
1106     1106   (0)      9  : 0.0050 0.9950
1107     1107   (0)      9  : 0.0060 0.9940
1108     1108   (0)      9  : 0.0080 0.9920
1109     1109   (0)      9  : 0.0060 0.9940
1110     1110   (0)      9  : 0.0070 0.9930
1111     1111   (0)      9  : 0.0172 0.9828
1112     1112   (0)      9  : 0.0070 0.9930
1113     1113   (0)      9  : 0.0050 0.9950
1114     1114   (0)      9  : 0.0080 0.9920
1115     1115   (0)      9  : 0.0060 0.9940
1116     1116   (0)      9  : 0.0060 0.9940
1117     1117   (0)      9  : 0.0070 0.9930
1118     1118   (0)      9  : 0.0070 0.9930
1119     1119   (0)      9  : 0.0072 0.9928
1120     1120   (0)      9  : 0.0070 0.9930
1121     1121   (0)      9  : 0.0080 0.9920
1122     1122   (0)      9  : 0.0050 0.9950
1123     1123   (0)      9  : 0.0070 0.9930
1124     1124   (0)      9  : 0.0060 0.9940
1125     1125   (0)      9  : 0.0060 0.9940
1126     1126   (0)      9  : 0.0050 0.9950
1127     1127   (0)      9  : 0.0090 0.9910
1128     1128   (0)      9  : 0.0070 0.9930
1129     1129   (0)      9  : 0.0120 0.9880
1130     1130   (0)      9  : 0.0050 0.9950
1131     1131   (0)      9  : 0.0060 0.9940
1132     1132   (0)      9  : 0.0070 0.9930
1133     1133   (0)      9  : 0.0100 0.9900
1134     1134   (0)      9  : 0.0100 0.9900
1135     1135   (0)      9  : 0.0054 0.9946
1136     1136   (0)      9  : 0.0060 0.9940
1137     1137   (0)      9  : 0.0096 0.9904
1138     1138   (0)      9  : 0.0050 0.9950
1139     1139   (0)      9  : 0.0110 0.9890
1140     1140   (0)      9  : 0.0050 0.9950
1141     1141   (0)      9  : 0.0150 0.9850
1142     1142   (0)      9  : 0.0080 0.9920
1143     1143   (0)      9  : 0.0060 0.9940
1144     1144   (0)      9  : 0.0070 0.9930
1145     1145   (0)      9  : 0.0150 0.9850
1146     1146   (0)      9  : 0.0060 0.9940
1147     1147   (0)      9  : 0.0120 0.9880
1148     1148   (0)      9  : 0.0070 0.9930
1149     1149   (0)      9  : 0.0050 0.9950
1150     1150   (0)      9  : 0.0060 0.9940
1151     1151   (0)      9  : 0.0070 0.9930
1152     1152   (0)      9  : 0.0100 0.9900
1153     1153   (0)      9  : 0.0080 0.9920
1154     1154   (0)      9  : 0.0050 0.9950
1155     1155   (0)      9  : 0.0070 0.9930
1156     1156   (0)      9  : 0.0050 0.9950
1157     1157   (0)      9  : 0.0060 0.9940
1158     1158   (0)      9  : 0.0050 0.9950
1159     1159   (0)      9  : 0.0058 0.9942
1160     1160   (0)      9  : 0.0130 0.9870
1161     1161   (0)      9  : 0.0070 0.9930
1162     1162   (0)      9  : 0.0060 0.9940
1163     1163   (0)      9  : 0.0060 0.9940
1164     1164   (0)      9  : 0.0050 0.9950
1165     1165   (0)      9  : 0.0110 0.9890
1166     1166   (0)      9  : 0.0050 0.9950
1167     1167   (0)      9  : 0.0212 0.9788
1168     1168   (0)      9  : 0.0082 0.9918
1169     1169   (0)      9  : 0.0080 0.9920
1170     1170   (0)      9  : 0.0050 0.9950
1171     1171   (0)      9  : 0.0070 0.9930
1172     1172   (0)      9  : 0.0050 0.9950
1173     1173   (0)      9  : 0.0070 0.9930
1174     1174   (0)      9  : 0.0080 0.9920
1175     1175   (0)      9  : 0.0060 0.9940
1176     1176   (0)      9  : 0.0080 0.9920
1177     1177   (0)      9  : 0.0070 0.9930
1178     1178   (0)      9  : 0.0060 0.9940
1179     1179   (0)      9  : 0.0100 0.9900
1180     1180   (0)      9  : 0.0150 0.9850
1181     1181   (0)      9  : 0.0070 0.9930
1182     1182   (0)      9  : 0.0050 0.9950
1183     1183   (0)      9  : 0.0122 0.9878
1184     1184   (0)      9  : 0.0080 0.9920
1185     1185   (0)      9  : 0.0140 0.9860
1186     1186   (0)      9  : 0.0070 0.9930
1187     1187   (0)      9  : 0.0070 0.9930
1188     1188   (0)      9  : 0.0070 0.9930
1189     1189   (0)      9  : 0.0090 0.9910
1190     1190   (0)      9  : 0.0130 0.9870
1191     1191   (0)      9  : 0.0130 0.9870
1192     1192   (0)      9  : 0.0116 0.9884
1193     1193   (0)      9  : 0.0080 0.9920
1194     1194   (0)      9  : 0.0070 0.9930
1195     1195   (0)      9  : 0.0060 0.9940
1196     1196   (0)      9  : 0.0072 0.9928
1197     1197   (0)      9  : 0.0082 0.9918
1198     1198   (0)      9  : 0.0050 0.9950
1199     1199   (0)      9  : 0.0172 0.9828
1200     1200   (0)      9  : 0.0070 0.9930
1201     1201   (0)      9  : 0.0080 0.9920
1202     1202   (0)      9  : 0.0060 0.9940
1203     1203   (0)      9  : 0.0070 0.9930
1204     1204   (0)      9  : 0.0170 0.9830
1205     1205   (0)      9  : 0.0060 0.9940
1206     1206   (0)      9  : 0.0090 0.9910
1207     1207   (0)      9  : 0.0088 0.9912
1208     1208   (0)      9  : 0.0050 0.9950
1209     1209   (0)      9  : 0.0218 0.9782
1210     1210   (0)      9  : 0.0100 0.9900
1211     1211   (0)      9  : 0.0070 0.9930
1212     1212   (0)      9  : 0.0080 0.9920
1213     1213   (0)      9  : 0.0060 0.9940
1214     1214   (0)      9  : 0.0050 0.9950
1215     1215   (0)      9  : 0.0050 0.9950
1216     1216   (0)      9  : 0.0070 0.9930
1217     1217   (0)      9  : 0.0050 0.9950
1218     1218   (0)      9  : 0.0050 0.9950
1219     1219   (0)      9  : 0.0220 0.9780
1220     1220   (0)      9  : 0.0060 0.9940
1221     1221   (0)      9  : 0.0074 0.9926
1222     1222   (0)      9  : 0.0050 0.9950
1223     1223   (0)      9  : 0.0070 0.9930
1224     1224   (0)      9  : 0.0080 0.9920
1225     1225   (0)      9  : 0.0110 0.9890
1226     1226   (0)      9  : 0.0060 0.9940
1227     1227   (0)      9  : 0.0090 0.9910
1228     1228   (0)      9  : 0.0070 0.9930
1229     1229   (0)      9  : 0.0050 0.9950
1230     1230   (0)      9  : 0.0090 0.9910
1231     1231   (0)      9  : 0.0060 0.9940
1232     1232   (0)      9  : 0.0050 0.9950
1233     1233   (0)      9  : 0.0050 0.9950
1234     1234   (0)      9  : 0.0060 0.9940
1235     1235   (0)      9  : 0.0070 0.9930
1236     1236   (0)      9  : 0.0060 0.9940
1237     1237   (0)      9  : 0.0090 0.9910
1238     1238   (0)      9  : 0.0050 0.9950
1239     1239   (0)      9  : 0.0050 0.9950
1240     1240   (0)      9  : 0.0070 0.9930
1241     1241   (0)      9  : 0.0060 0.9940
1242     1242   (0)      9  : 0.0060 0.9940
1243     1243   (0)      9  : 0.0060 0.9940
1244     1244   (0)      9  : 0.0080 0.9920
1245     1245   (0)      9  : 0.0080 0.9920
1246     1246   (0)      9  : 0.0070 0.9930
1247     1247   (0)      9  : 0.0050 0.9950
1248     1248   (0)      9  : 0.0220 0.9780
1249     1249   (0)      9  : 0.0060 0.9940
1250     1250   (0)      9  : 0.0070 0.9930
1251     1251   (0)      9  : 0.0060 0.9940
1252     1252   (0)      9  : 0.0120 0.9880
1253     1253   (0)      9  : 0.0080 0.9920
1254     1254   (0)      9  : 0.0060 0.9940
1255     1255   (0)      9  : 0.0070 0.9930
1256     1256   (0)      9  : 0.0050 0.9950
1257     1257   (0)      9  : 0.0060 0.9940
1258     1258   (0)      9  : 0.0070 0.9930
1259     1259   (0)      9  : 0.0050 0.9950
1260     1260   (0)      9  : 0.0060 0.9940
1261     1261   (0)      9  : 0.0080 0.9920
1262     1262   (0)      9  : 0.0070 0.9930
1263     1263   (0)      9  : 0.0060 0.9940
1264     1264   (0)      9  : 0.0090 0.9910
1265     1265   (0)      9  : 0.0060 0.9940
1266     1266   (0)      9  : 0.0060 0.9940
1267     1267   (0)      9  : 0.0110 0.9890
1268     1268   (0)      9  : 0.0094 0.9906
1269     1269   (0)      9  : 0.0080 0.9920
1270     1270   (0)      9  : 0.0110 0.9890
1271     1271   (0)      9  : 0.0170 0.9830
1272     1272   (0)      9  : 0.0060 0.9940
1273     1273   (0)      9  : 0.0060 0.9940
1274     1274   (0)      9  : 0.0110 0.9890
1275     1275   (0)      9  : 0.0050 0.9950
1276     1276   (0)      9  : 0.0050 0.9950
1277     1277   (0)      9  : 0.0060 0.9940
1278     1278   (0)      9  : 0.0080 0.9920
1279     1279   (0)      9  : 0.0078 0.9922
1280     1280   (0)      9  : 0.0060 0.9940
1281     1281   (0)      9  : 0.0070 0.9930
1282     1282   (0)      9  : 0.0070 0.9930
1283     1283   (0)      9  : 0.0050 0.9950
1284     1284   (0)      9  : 0.0060 0.9940
1285     1285   (0)      9  : 0.0070 0.9930
1286     1286   (0)      9  : 0.0120 0.9880
1287     1287   (0)      9  : 0.0060 0.9940
1288     1288   (0)      9  : 0.0060 0.9940
1289     1289   (0)      9  : 0.0160 0.9840
1290     1290   (0)      9  : 0.0070 0.9930
1291     1291   (0)      9  : 0.0060 0.9940
1292     1292   (0)      9  : 0.0120 0.9880
1293     1293   (0)      9  : 0.0070 0.9930
1294     1294   (0)      9  : 0.0100 0.9900
1295     1295   (0)      9  : 0.0060 0.9940
1296     1296   (0)      9  : 0.0090 0.9910
1297     1297   (0)      9  : 0.0070 0.9930
1298     1298   (0)      9  : 0.0060 0.9940
1299     1299   (0)      9  : 0.0120 0.9880
1300     1300   (0)      9  : 0.0060 0.9940
1301     1301   (0)      9  : 0.0140 0.9860
1302     1302   (0)      9  : 0.0070 0.9930
1303     1303   (0)      9  : 0.0100 0.9900
1304     1304   (0)      9  : 0.0100 0.9900
1305     1305   (0)      9  : 0.0080 0.9920
1306     1306   (0)      9  : 0.0070 0.9930
1307     1307   (0)      9  : 0.0070 0.9930
1308     1308   (0)      9  : 0.0070 0.9930
1309     1309   (0)      9  : 0.0090 0.9910
1310     1310   (0)      9  : 0.0110 0.9890
1311     1311   (0)      9  : 0.0102 0.9898
1312     1312   (0)      9  : 0.0060 0.9940
1313     1313   (0)      9  : 0.0060 0.9940
1314     1314   (0)      9  : 0.0090 0.9910
1315     1315   (0)      9  : 0.0080 0.9920
1316     1316   (0)      9  : 0.0080 0.9920
1317     1317   (0)      9  : 0.0050 0.9950
1318     1318   (0)      9  : 0.0060 0.9940
1319     1319   (0)      9  : 0.0078 0.9922
1320     1320   (0)      9  : 0.0220 0.9780
1321     1321   (0)      9  : 0.0050 0.9950
1322     1322   (0)      9  : 0.0070 0.9930
1323     1323   (0)      9  : 0.0060 0.9940
1324     1324   (0)      9  : 0.0060 0.9940
1325     1325   (0)      9  : 0.0060 0.9940
1326     1326   (0)      9  : 0.0050 0.9950
1327     1327   (0)      9  : 0.0070 0.9930
1328     1328   (0)      9  : 0.0060 0.9940
1329     1329   (0)      9  : 0.0060 0.9940
1330     1330   (0)      9  : 0.0080 0.9920
1331     1331   (0)      9  : 0.0070 0.9930
1332     1332   (0)      9  : 0.0100 0.9900
1333     1333   (0)      9  : 0.0080 0.9920
1334     1334   (0)      9  : 0.0060 0.9940
1335     1335   (0)      9  : 0.0060 0.9940
1336     1336   (0)      9  : 0.0100 0.9900
1337     1337   (0)      9  : 0.0050 0.9950
1338     1338   (0)      9  : 0.0060 0.9940
1339     1339   (0)      9  : 0.0080 0.9920
1340     1340   (0)      9  : 0.0070 0.9930
1341     1341   (0)      9  : 0.0060 0.9940
1342     1342   (0)      9  : 0.0060 0.9940
1343     1343   (0)      9  : 0.0070 0.9930
1344     1344   (0)      9  : 0.0060 0.9940
1345     1345   (0)      9  : 0.0060 0.9940
1346     1346   (0)      9  : 0.0060 0.9940
1347     1347   (0)      9  : 0.0060 0.9940
1348     1348   (0)      9  : 0.0070 0.9930
1349     1349   (0)      9  : 0.0122 0.9878
1350     1350   (0)      9  : 0.0110 0.9890
1351     1351   (0)      9  : 0.0090 0.9910
1352     1352   (0)      9  : 0.0084 0.9916
1353     1353   (0)      9  : 0.0090 0.9910
1354     1354   (0)      9  : 0.0050 0.9950
1355     1355   (0)      9  : 0.0070 0.9930
1356     1356   (0)      9  : 0.0050 0.9950
1357     1357   (0)      9  : 0.0050 0.9950
1358     1358   (0)      9  : 0.0060 0.9940
1359     1359   (0)      9  : 0.0110 0.9890
1360     1360   (0)      9  : 0.0060 0.9940
1361     1361   (0)      9  : 0.0060 0.9940
1362     1362   (0)      9  : 0.0050 0.9950
1363     1363   (0)      9  : 0.0050 0.9950
1364     1364   (0)      9  : 0.0060 0.9940
1365     1365   (0)      9  : 0.0050 0.9950
1366     1366   (0)      9  : 0.0056 0.9944
1367     1367   (0)      9  : 0.0050 0.9950
1368     1368   (0)      9  : 0.0060 0.9940
1369     1369   (0)      9  : 0.0100 0.9900
1370     1370   (0)      9  : 0.0060 0.9940
1371     1371   (0)      9  : 0.0060 0.9940
1372     1372   (0)      9  : 0.0050 0.9950
1373     1373   (0)      9  : 0.0060 0.9940
1374     1374   (0)      9  : 0.0060 0.9940
1375     1375   (0)      9  : 0.0130 0.9870
1376     1376   (0)      9  : 0.0050 0.9950
1377     1377   (0)      9  : 0.0140 0.9860
1378     1378   (0)      9  : 0.0080 0.9920
1379     1379   (0)      9  : 0.0090 0.9910
1380     1380   (0)      9  : 0.0120 0.9880
1381     1381   (0)      9  : 0.0060 0.9940
1382     1382   (0)      9  : 0.0060 0.9940
1383     1383   (0)      9  : 0.0080 0.9920
1384     1384   (0)      9  : 0.0060 0.9940
1385     1385   (0)      9  : 0.0060 0.9940
1386     1386   (0)      9  : 0.0080 0.9920
1387     1387   (0)      9  : 0.0122 0.9878
1388     1388   (0)      9  : 0.0100 0.9900
1389     1389   (0)      9  : 0.0050 0.9950
1390     1390   (0)      9  : 0.0110 0.9890
1391     1391   (0)      9  : 0.0084 0.9916
1392     1392   (0)      9  : 0.0080 0.9920
1393     1393   (0)      9  : 0.0080 0.9920
1394     1394   (0)      9  : 0.0070 0.9930
1395     1395   (0)      9  : 0.0060 0.9940
1396     1396   (0)      9  : 0.0080 0.9920
1397     1397   (0)      9  : 0.0050 0.9950
1398     1398   (0)      9  : 0.0080 0.9920
1399     1399   (0)      9  : 0.0060 0.9940
1400     1400   (0)      9  : 0.0080 0.9920
1401     1401   (0)      9  : 0.0100 0.9900
1402     1402   (0)      9  : 0.0110 0.9890
1403     1403   (0)      9  : 0.0070 0.9930
1404     1404   (0)      9  : 0.0060 0.9940
1405     1405   (0)      9  : 0.0130 0.9870
1406     1406   (0)      9  : 0.0060 0.9940
1407     1407   (0)      9  : 0.0060 0.9940
1408     1408   (0)      9  : 0.0070 0.9930
1409     1409   (0)      9  : 0.0050 0.9950
1410     1410   (0)      9  : 0.0060 0.9940
1411     1411   (0)      9  : 0.0060 0.9940
1412     1412   (0)      9  : 0.0070 0.9930
1413     1413   (0)      9  : 0.0150 0.9850
1414     1414   (0)      9  : 0.0090 0.9910
1415     1415   (0)      9  : 0.0078 0.9922
1416     1416   (0)      9  : 0.0070 0.9930
1417     1417   (0)      9  : 0.0050 0.9950
1418     1418   (0)      9  : 0.0060 0.9940
1419     1419   (0)      9  : 0.0100 0.9900
1420     1420   (0)      9  : 0.0070 0.9930
1421     1421   (0)      9  : 0.0050 0.9950
1422     1422   (0)      9  : 0.0100 0.9900
1423     1423   (0)      9  : 0.0060 0.9940
1424     1424   (0)      9  : 0.0050 0.9950
1425     1425   (0)      9  : 0.0080 0.9920
1426     1426   (0)      9  : 0.0050 0.9950
1427     1427   (0)      9  : 0.0050 0.9950
1428     1428   (0)      9  : 0.0070 0.9930
1429     1429   (0)      9  : 0.0100 0.9900
1430     1430   (0)      9  : 0.0080 0.9920
1431     1431   (0)      9  : 0.0060 0.9940
1432     1432   (0)      9  : 0.0070 0.9930
1433     1433   (0)      9  : 0.0060 0.9940
1434     1434   (0)      9  : 0.0086 0.9914
1435     1435   (0)      9  : 0.0120 0.9880
1436     1436   (0)      9  : 0.0080 0.9920
1437     1437   (0)      9  : 0.0050 0.9950
1438     1438   (0)      9  : 0.0060 0.9940
1439     1439   (0)      9  : 0.0060 0.9940
1440     1440   (0)      9  : 0.0070 0.9930
1441     1441   (0)      9  : 0.0080 0.9920
1442     1442   (0)      9  : 0.0070 0.9930
1443     1443   (0)      9  : 0.0090 0.9910
1444     1444   (0)      9  : 0.0090 0.9910
1445     1445   (0)      9  : 0.0060 0.9940
1446     1446   (0)      9  : 0.0080 0.9920
1447     1447   (0)      9  : 0.0050 0.9950
1448     1448   (0)      9  : 0.0090 0.9910
1449     1449   (0)      9  : 0.0060 0.9940
1450     1450   (0)      9  : 0.0120 0.9880
1451     1451   (0)      9  : 0.0100 0.9900
1452     1452   (0)      9  : 0.0060 0.9940
1453     1453   (0)      9  : 0.0050 0.9950
1454     1454   (0)      9  : 0.0080 0.9920
1455     1455   (0)      9  : 0.0050 0.9950
1456     1456   (0)      9  : 0.0050 0.9950
1457     1457   (0)      9  : 0.0060 0.9940
1458     1458   (0)      9  : 0.0070 0.9930
1459     1459   (0)      9  : 0.0100 0.9900
1460     1460   (0)      9  : 0.0060 0.9940
1461     1461   (0)      9  : 0.0120 0.9880
1462     1462   (0)      9  : 0.0170 0.9830
1463     1463   (0)      9  : 0.0060 0.9940
1464     1464   (0)      9  : 0.0060 0.9940
1465     1465   (0)      9  : 0.0070 0.9930
1466     1466   (0)      9  : 0.0104 0.9896
1467     1467   (0)      9  : 0.0050 0.9950
1468     1468   (0)      9  : 0.0070 0.9930
1469     1469   (0)      9  : 0.0050 0.9950
1470     1470   (0)      9  : 0.0130 0.9870
1471     1471   (0)      9  : 0.0070 0.9930
1472     1472   (0)      9  : 0.0070 0.9930
1473     1473   (0)      9  : 0.0060 0.9940
1474     1474   (0)      9  : 0.0080 0.9920
1475     1475   (0)      9  : 0.0076 0.9924
1476     1476   (0)      9  : 0.0090 0.9910
1477     1477   (0)      9  : 0.0050 0.9950
1478     1478   (0)      9  : 0.0070 0.9930
1479     1479   (0)      9  : 0.0060 0.9940
1480     1480   (0)      9  : 0.0080 0.9920
1481     1481   (0)      9  : 0.0090 0.9910
1482     1482   (0)      9  : 0.0060 0.9940
1483     1483   (0)      9  : 0.0070 0.9930
1484     1484   (0)      9  : 0.0080 0.9920
1485     1485   (0)      9  : 0.0060 0.9940
1486     1486   (0)      9  : 0.0090 0.9910
1487     1487   (0)      9  : 0.0070 0.9930
1488     1488   (0)      9  : 0.0070 0.9930
1489     1489   (0)      9  : 0.0050 0.9950
1490     1490   (0)      9  : 0.0070 0.9930
1491     1491   (0)      9  : 0.0070 0.9930
1492     1492   (0)      9  : 0.0060 0.9940
1493     1493   (0)      9  : 0.0050 0.9950
1494     1494   (0)      9  : 0.0050 0.9950
1495     1495   (0)      9  : 0.0146 0.9854
1496     1496   (0)      9  : 0.0150 0.9850
1497     1497   (0)      9  : 0.0080 0.9920
1498     1498   (0)      9  : 0.0100 0.9900
1499     1499   (0)      9  : 0.0070 0.9930
1500     1500   (0)      9  : 0.0060 0.9940
