  1        1   (5)      1 :  0.0300 0.9700 
  2        2   (5)      1 :  0.0430 0.9570 
  3        3   (5)      1 :  0.0200 0.9800 
  4        4   (0)      1 :  0.0290 0.9710 
  5        5   (0)      1 :  0.0590 0.9410 
  6        6   (0)      1 :  0.0230 0.9770 
  7        7   (0)      1 :  0.0474 0.9526 
  8        8   (5)      1 :  0.0250 0.9750 
  9        9   (0)      1 :  0.0210 0.9790 
 10       10   (0)      1 :  0.0440 0.9560 
 11       11   (0)      1 :  0.0270 0.9730 
 12       12   (0)      1 :  0.0400 0.9600 
 13       13   (0)      1 :  0.0460 0.9540 
 14       14   (0)      1 :  0.0240 0.9760 
 15       15   (0)      1 :  0.0190 0.9810 
 16       16   (0)      1 :  0.0200 0.9800 
 17       17   (0)      1 :  0.0190 0.9810 
 18       18   (0)      1 :  0.0310 0.9690 
 19       19   (0)      1 :  0.0544 0.9456 
 20       20   (0)      1 :  0.0486 0.9514 
 21       21   (0)      1 :  0.0260 0.9740 
 22       22   (0)      1 :  0.0150 0.9850 
 23       23   (0)      1 :  0.0190 0.9810 
 24       24   (0)      1 :  0.0354 0.9646 
 25       25   (0)      1 :  0.0440 0.9560 
 26       26   (0)      1 :  0.0410 0.9590 
 27       27   (5)      1 :  0.0330 0.9670 
 28       28   (0)      1 :  0.0160 0.9840 
 29       29   (0)      1 :  0.0200 0.9800 
 30       30   (0)      1 :  0.0330 0.9670 
 31       31   (0)      1 :  0.0190 0.9810 
 32       32   (0)      1 :  0.0522 0.9478 
 33       33   (0)      1 :  0.0230 0.9770 
 34       34   (0)      1 :  0.0178 0.9822 
 35       35   (0)      1 :  0.0350 0.9650 
 36       36   (0)      1 :  0.0250 0.9750 
 37       37   (0)      1 :  0.0370 0.9630 
 38       38   (0)      1 :  0.0360 0.9640 
 39       39   (0)      1 :  0.0300 0.9700 
 40       40   (0)      1 :  0.0330 0.9670 
 41       41   (0)      1 :  0.0260 0.9740 
 42       42   (0)      1 :  0.0190 0.9810 
 43       43   (0)      1 :  0.0210 0.9790 
 44       44   (0)      1 :  0.0150 0.9850 
 45       45   (5)      1 :  0.0360 0.9640 
 46       46   (0)      1 :  0.0140 0.9860 
 47       47   (0)      1 :  0.0150 0.9850 
 48       48   (0)      1 :  0.0240 0.9760 
 49       49   (0)      1 :  0.0330 0.9670 
 50       50   (0)      1 :  0.0270 0.9730 
 51       51   (0)      1 :  0.0394 0.9606 
 52       52   (0)      1 :  0.0998 0.9002 
 53       53   (0)      1 :  0.0250 0.9750 
 54       54   (0)      1 :  0.0160 0.9840 
 55       55   (0)      1 :  0.0200 0.9800 
 56       56   (0)      1 :  0.0220 0.9780 
 57       57  (10)      1 :  0.0390 0.9610 
 58       58   (5)      1 :  0.0250 0.9750 
 59       59   (0)      1 :  0.0284 0.9716 
 60       60   (0)      1 :  0.0248 0.9752 
 61       61   (0)      1 :  0.0270 0.9730 
 62       62   (0)      1 :  0.0216 0.9784 
 63       63   (0)      1 :  0.0264 0.9736 
 64       64   (0)      1 :  0.0230 0.9770 
 65       65   (0)      1 :  0.0728 0.9272 
 66       66   (0)      1 :  0.0190 0.9810 
 67       67   (5)      1 :  0.0610 0.9390 
 68       68   (0)      1 :  0.0280 0.9720 
 69       69   (0)      1 :  0.0170 0.9830 
 70       70   (0)      1 :  0.0230 0.9770 
 71       71   (5)      1 :  0.0250 0.9750 
 72       72   (0)      1 :  0.0400 0.9600 
 73       73   (5)      1 :  0.0190 0.9810 
 74       74  (10)      1 :  0.0350 0.9650 
 75       75  (10)      1 :  0.0452 0.9548 
 76       76   (0)      1 :  0.0260 0.9740 
 77       77  (10)      1 :  0.0280 0.9720 
 78       78   (0)      1 :  0.0460 0.9540 
 79       79   (5)      1 :  0.0194 0.9806 
 80       80   (0)      1 :  0.0210 0.9790 
 81       81   (0)      1 :  0.0210 0.9790 
 82       82   (0)      1 :  0.0208 0.9792 
 83       83   (0)      1 :  0.0260 0.9740 
 84       84   (0)      1 :  0.0460 0.9540 
 85       85   (0)      1 :  0.0180 0.9820 
 86       86   (5)      1 :  0.0240 0.9760 
 87       87   (0)      1 :  0.0230 0.9770 
 88       88   (0)      1 :  0.0536 0.9464 
 89       89   (0)      1 :  0.0930 0.9070 
 90       90   (0)      1 :  0.0220 0.9780 
 91       91   (0)      1 :  0.0250 0.9750 
 92       92   (0)      1 :  0.0232 0.9768 
 93       93   (0)      1 :  0.0170 0.9830 
 94       94   (5)      1 :  0.0540 0.9460 
 95       95   (0)      1 :  0.0240 0.9760 
 96       96   (5)      1 :  0.0240 0.9760 
 97       97   (0)      1 :  0.0166 0.9834 
 98       98   (0)      1 :  0.0320 0.9680 
 99       99   (5)      1 :  0.0320 0.9680 
100      100   (5)      1 :  0.0170 0.9830 
101      101   (0)      2 :  0.0736 0.9264 
102      102   (0)      2 :  0.0300 0.9700 
103      103   (0)      2 :  0.0280 0.9720 
104      104   (0)      2 :  0.0880 0.9120 
105      105   (0)      2 :  0.1860 0.8140 
106      106   (0)      2 :  0.0400 0.9600 
107      107   (0)      2 :  0.0580 0.9420 
108      108   (0)      2 :  0.0640 0.9360 
109      109   (0)      2 :  0.0410 0.9590 
110      110   (0)      2 :  0.0958 0.9042 
111      111   (0)      2 :  0.0910 0.9090 
112      112   (0)      2 :  0.0280 0.9720 
113      113   (0)      2 :  0.1102 0.8898 
114      114   (0)      2 :  0.0690 0.9310 
115      115   (0)      2 :  0.3170 0.6830 
116      116   (0)      2 :  0.0410 0.9590 
117      117   (0)      2 :  0.0452 0.9548 
118      118   (0)      2 :  0.0322 0.9678 
119      119   (0)      2 :  0.0240 0.9760 
120      120   (0)      2 :  0.0888 0.9112 
121      121   (0)      2 :  0.0590 0.9410 
122      122   (0)      2 :  0.0290 0.9710 
123      123   (0)      2 :  0.0370 0.9630 
124      124   (0)      2 :  0.0730 0.9270 
125      125   (0)      2 :  0.0540 0.9460 
126      126   (0)      2 :  0.0298 0.9702 
127      127   (0)      2 :  0.0790 0.9210 
128      128   (0)      2 :  0.1522 0.8478 
129      129   (0)      2 :  0.1130 0.8870 
130      130   (0)      2 :  0.0770 0.9230 
131      131   (0)      2 :  0.3090 0.6910 
132      132   (0)      2 :  0.3460 0.6540 
133      133   (0)      2 :  0.1508 0.8492 
134      134   (0)      2 :  0.0550 0.9450 
135      135   (0)      2 :  0.0894 0.9106 
136      136   (0)      2 :  0.0730 0.9270 
137      137   (0)      2 :  0.0190 0.9810 
138      138   (0)      2 :  0.0260 0.9740 
139      139   (0)      2 :  0.1090 0.8910 
140      140   (0)      2 :  0.0350 0.9650 
141      141   (0)      2 :  0.0540 0.9460 
142      142   (0)      2 :  0.1130 0.8870 
143      143   (0)      2 :  0.1636 0.8364 
144      144   (0)      2 :  0.1066 0.8934 
145      145   (0)      2 :  0.0930 0.9070 
146      146   (0)      2 :  0.1196 0.8804 
147      147   (0)      2 :  0.0510 0.9490 
148      148   (0)      2 :  0.0470 0.9530 
149      149   (0)      2 :  0.1860 0.8140 
150      150   (0)      2 :  0.1180 0.8820 
151      151   (0)      2 :  0.1404 0.8596 
152      152   (0)      2 :  0.1050 0.8950 
153      153   (0)      2 :  0.0570 0.9430 
154      154   (0)      2 :  0.1770 0.8230 
155      155   (0)      2 :  0.2544 0.7456 
156      156   (0)      2 :  0.2840 0.7160 
157      157   (0)      2 :  0.1250 0.8750 
158      158   (0)      2 :  0.0700 0.9300 
159      159   (0)      2 :  0.1052 0.8948 
160      160   (0)      2 :  0.0452 0.9548 
161      161   (0)      2 :  0.0446 0.9554 
162      162   (0)      2 :  0.0190 0.9810 
163      163   (0)      2 :  0.0844 0.9156 
164      164   (0)      2 :  0.1410 0.8590 
165      165   (0)      2 :  0.2820 0.7180 
166      166   (0)      2 :  0.0420 0.9580 
167      167   (0)      2 :  0.0770 0.9230 
168      168   (0)      2 :  0.0560 0.9440 
169      169   (0)      2 :  0.1190 0.8810 
170      170   (0)      2 :  0.1048 0.8952 
171      171   (0)      2 :  0.1050 0.8950 
172      172   (0)      2 :  0.1160 0.8840 
173      173   (0)      2 :  0.1630 0.8370 
174      174   (0)      2 :  0.0370 0.9630 
175      175   (0)      2 :  0.0280 0.9720 
176      176   (0)      2 :  0.0370 0.9630 
177      177   (0)      2 :  0.0708 0.9292 
178      178   (0)      2 :  0.1046 0.8954 
179      179   (0)      2 :  0.1918 0.8082 
180      180   (0)      2 :  0.0390 0.9610 
181      181   (0)      2 :  0.0390 0.9610 
182      182   (0)      2 :  0.1832 0.8168 
183      183   (0)      2 :  0.1860 0.8140 
184      184   (0)      2 :  0.1970 0.8030 
185      185   (0)      2 :  0.0260 0.9740 
186      186   (0)      2 :  0.0390 0.9610 
187      187   (0)      2 :  0.0730 0.9270 
188      188   (0)      2 :  0.0250 0.9750 
189      189   (0)      2 :  0.0402 0.9598 
190      190   (0)      2 :  0.1760 0.8240 
191      191   (0)      2 :  0.0340 0.9660 
192      192   (0)      2 :  0.1930 0.8070 
193      193   (0)      2 :  0.0460 0.9540 
194      194   (0)      2 :  0.2150 0.7850 
195      195   (0)      2 :  0.1350 0.8650 
196      196   (0)      2 :  0.0430 0.9570 
197      197   (0)      2 :  0.0262 0.9738 
198      198   (0)      2 :  0.0912 0.9088 
199      199   (0)      2 :  0.0810 0.9190 
200      200   (0)      2 :  0.0274 0.9726 
201      201   (0)      3 :  0.0542 0.9458 
202      202   (0)      3 :  0.1730 0.8270 
203      203   (0)      3 :  0.3962 0.6038 
204      204   (0)      3 :  0.2530 0.7470 
205      205   (0)      3 :  0.2040 0.7960 
206      206   (0)      3 :  0.1130 0.8870 
207      207   (0)      3 :  0.1396 0.8604 
208      208   (0)      3 :  0.2090 0.7910 
209      209   (0)      3 :  0.2950 0.7050 
210      210   (0)      3 :  0.2300 0.7700 
211      211   (0)      3 :  0.1772 0.8228 
212      212   (0)      3 :  0.1010 0.8990 
213      213   (0)      3 :  0.1658 0.8342 
214      214   (0)      3 :  0.3054 0.6946 
215      215   (0)      3 :  0.2640 0.7360 
216      216   (0)      3 :  0.2690 0.7310 
217      217   (0)      3 :  0.0696 0.9304 
218      218   (0)      3 :  0.1910 0.8090 
219      219   (0)      3 :  0.1640 0.8360 
220      220   (0)      3 :  0.0590 0.9410 
221      221   (0)      3 :  0.1080 0.8920 
222      222   (0)      3 :  0.2080 0.7920 
223      223   (0)      3 :  0.1200 0.8800 
224      224   (0)      3 :  0.2638 0.7362 
225      225   (0)      3 :  0.1930 0.8070 
226      226   (0)      3 :  0.2962 0.7038 
227      227   (0)      3 :  0.3500 0.6500 
228      228   (0)      3 :  0.1490 0.8510 
229      229   (0)      3 :  0.3214 0.6786 
230      230   (0)      3 :  0.0920 0.9080 
231      231   (0)      3 :  0.0410 0.9590 
232      232   (0)      3 :  0.3270 0.6730 
233      233   (0)      3 :  0.2510 0.7490 
234      234   (0)      3 :  0.1000 0.9000 
235      235   (0)      3 :  0.1826 0.8174 
236      236   (0)      3 :  0.2750 0.7250 
237      237   (0)      3 :  0.1950 0.8050 
238      238   (0)      3 :  0.1778 0.8222 
239      239   (0)      3 :  0.4410 0.5590 
240      240   (0)      3 :  0.1810 0.8190 
241      241   (0)      3 :  0.1490 0.8510 
242      242   (0)      3 :  0.0694 0.9306 
243      243   (0)      3 :  0.3962 0.6038 
244      244   (0)      3 :  0.3440 0.6560 
245      245   (0)      3 :  0.3024 0.6976 
246      246   (0)      3 :  0.2712 0.7288 
247      247   (0)      3 :  0.0962 0.9038 
248      248   (0)      3 :  0.2018 0.7982 
249      249   (0)      3 :  0.2700 0.7300 
250      250   (0)      3 :  0.0590 0.9410 
251      251   (0)      3 :  0.2430 0.7570 
252      252   (0)      3 :  0.2488 0.7512 
253      253   (0)      3 :  0.2990 0.7010 
254      254   (0)      3 :  0.3140 0.6860 
255      255   (0)      3 :  0.3458 0.6542 
256      256   (0)      3 :  0.2380 0.7620 
257      257   (0)      3 :  0.3320 0.6680 
258      258   (0)      3 :  0.3960 0.6040 
259      259   (0)      3 :  0.0550 0.9450 
260      260   (0)      3 :  0.0500 0.9500 
261      261   (0)      3 :  0.1000 0.9000 
262      262   (0)      3 :  0.3212 0.6788 
263      263   (0)      3 :  0.0460 0.9540 
264      264   (0)      3 :  0.2370 0.7630 
265      265   (0)      3 :  0.2910 0.7090 
266      266   (0)      3 :  0.2060 0.7940 
267      267   (0)      3 :  0.0990 0.9010 
268      268   (0)      3 :  0.3158 0.6842 
269      269   (0)      3 :  0.0770 0.9230 
270      270   (0)      3 :  0.1070 0.8930 
271      271   (0)      3 :  0.2050 0.7950 
272      272   (0)      3 :  0.2858 0.7142 
273      273   (0)      3 :  0.1020 0.8980 
274      274   (0)      3 :  0.2350 0.7650 
275      275   (0)      3 :  0.1730 0.8270 
276      276   (0)      3 :  0.1510 0.8490 
277      277   (0)      3 :  0.3110 0.6890 
278      278   (0)      3 :  0.0466 0.9534 
279      279   (0)      3 :  0.4732 0.5268 
280      280   (0)      3 :  0.1184 0.8816 
281      281   (0)      3 :  0.4016 0.5984 
282      282   (0)      3 :  0.3360 0.6640 
283      283   (0)      3 :  0.2944 0.7056 
284      284   (0)      3 :  0.0990 0.9010 
285      285   (0)      3 :  0.2028 0.7972 
286      286   (0)      3 :  0.2904 0.7096 
287      287   (0)      3 :  0.1580 0.8420 
288      288   (0)      3 :  0.2180 0.7820 
289      289   (0)      3 :  0.2004 0.7996 
290      290   (0)      3 :  0.1818 0.8182 
291      291   (0)      3 :  0.1300 0.8700 
292      292   (0)      3 :  0.0540 0.9460 
293      293   (0)      3 :  0.1448 0.8552 
294      294   (0)      3 :  0.3526 0.6474 
295      295   (0)      3 :  0.3910 0.6090 
296      296   (0)      3 :  0.2644 0.7356 
297      297   (0)      3 :  0.3540 0.6460 
298      298   (0)      3 :  0.0832 0.9168 
299      299   (0)      3 :  0.0910 0.9090 
300      300   (0)      3 :  0.2680 0.7320 
301      301   (0)      4 :  0.5140 0.4860 
302      302   (0)      4 :  0.4980 0.5020 
303      303   (0)      4 :  0.5630 0.4370 
304      304   (0)      4 :  0.3360 0.6640 
305      305   (0)      4 :  0.5260 0.4740 
306      306   (0)      4 :  0.5038 0.4962 
307      307   (0)      4 :  0.4060 0.5940 
308      308   (0)      4 :  0.5332 0.4668 
309      309   (0)      4 :  0.3918 0.6082 
310      310   (0)      4 :  0.6446 0.3554 
311      311   (0)      4 :  0.4544 0.5456 
312      312   (0)      4 :  0.6200 0.3800 
313      313   (0)      4 :  0.5708 0.4292 
314      314   (0)      4 :  0.3690 0.6310 
315      315   (0)      4 :  0.4320 0.5680 
316      316   (0)      4 :  0.4754 0.5246 
317      317   (0)      4 :  0.4758 0.5242 
318      318   (0)      4 :  0.4962 0.5038 
319      319   (0)      4 :  0.5710 0.4290 
320      320   (0)      4 :  0.6484 0.3516 
321      321   (0)      4 :  0.4368 0.5632 
322      322   (0)      4 :  0.4640 0.5360 
323      323   (0)      4 :  0.2590 0.7410 
324      324   (0)      4 :  0.4710 0.5290 
325      325   (0)      4 :  0.6240 0.3760 
326      326   (0)      4 :  0.6536 0.3464 
327      327   (0)      4 :  0.4628 0.5372 
328      328   (0)      4 :  0.5480 0.4520 
329      329   (0)      4 :  0.5160 0.4840 
330      330   (0)      4 :  0.5280 0.4720 
331      331   (0)      4 :  0.4326 0.5674 
332      332   (0)      4 :  0.5852 0.4148 
333      333   (0)      4 :  0.5950 0.4050 
334      334   (0)      4 :  0.5520 0.4480 
335      335   (0)      4 :  0.4360 0.5640 
336      336   (0)      4 :  0.5760 0.4240 
337      337   (0)      4 :  0.4210 0.5790 
338      338   (0)      4 :  0.4900 0.5100 
339      339   (0)      4 :  0.3590 0.6410 
340      340   (0)      4 :  0.5900 0.4100 
341      341   (0)      4 :  0.6884 0.3116 
342      342   (0)      4 :  0.4804 0.5196 
343      343   (0)      4 :  0.4900 0.5100 
344      344   (0)      4 :  0.5280 0.4720 
345      345   (0)      4 :  0.6270 0.3730 
346      346   (0)      4 :  0.4924 0.5076 
347      347   (0)      4 :  0.4172 0.5828 
348      348   (0)      4 :  0.3174 0.6826 
349      349   (0)      4 :  0.7030 0.2970 
350      350   (0)      4 :  0.5010 0.4990 
351      351   (0)      4 :  0.3890 0.6110 
352      352   (0)      4 :  0.5670 0.4330 
353      353   (0)      4 :  0.5390 0.4610 
354      354   (0)      4 :  0.5270 0.4730 
355      355   (0)      4 :  0.5100 0.4900 
356      356   (0)      4 :  0.4570 0.5430 
357      357   (0)      4 :  0.4240 0.5760 
358      358   (0)      4 :  0.6504 0.3496 
359      359   (0)      4 :  0.6020 0.3980 
360      360   (0)      4 :  0.4614 0.5386 
361      361   (0)      4 :  0.3870 0.6130 
362      362   (0)      4 :  0.6020 0.3980 
363      363   (0)      4 :  0.5022 0.4978 
364      364   (0)      4 :  0.4880 0.5120 
365      365   (0)      4 :  0.5118 0.4882 
366      366   (0)      4 :  0.6220 0.3780 
367      367   (0)      4 :  0.6310 0.3690 
368      368   (0)      4 :  0.6380 0.3620 
369      369   (0)      4 :  0.4264 0.5736 
370      370   (0)      4 :  0.6048 0.3952 
371      371   (0)      4 :  0.5140 0.4860 
372      372   (0)      4 :  0.5806 0.4194 
373      373   (0)      4 :  0.5710 0.4290 
374      374   (0)      4 :  0.5250 0.4750 
375      375   (0)      4 :  0.5110 0.4890 
376      376   (0)      4 :  0.4420 0.5580 
377      377   (0)      4 :  0.4444 0.5556 
378      378   (0)      4 :  0.5350 0.4650 
379      379   (0)      4 :  0.5386 0.4614 
380      380   (0)      4 :  0.4832 0.5168 
381      381   (0)      4 :  0.5000 0.5000 
382      382   (0)      4 :  0.3370 0.6630 
383      383   (0)      4 :  0.4438 0.5562 
384      384   (0)      4 :  0.5122 0.4878 
385      385   (0)      4 :  0.2752 0.7248 
386      386   (0)      4 :  0.5240 0.4760 
387      387   (0)      4 :  0.4948 0.5052 
388      388   (0)      4 :  0.5258 0.4742 
389      389   (0)      4 :  0.4820 0.5180 
390      390   (0)      4 :  0.3840 0.6160 
391      391   (0)      4 :  0.3842 0.6158 
392      392   (0)      4 :  0.2210 0.7790 
393      393   (0)      4 :  0.4096 0.5904 
394      394   (0)      4 :  0.4368 0.5632 
395      395   (0)      4 :  0.5040 0.4960 
396      396   (0)      4 :  0.5380 0.4620 
397      397   (0)      4 :  0.6130 0.3870 
398      398   (0)      4 :  0.3830 0.6170 
399      399   (0)      4 :  0.4950 0.5050 
400      400   (0)      4 :  0.5680 0.4320 
401      401   (0)      5 :  0.7252 0.2748 
402      402   (0)      5 :  0.7760 0.2240 
403      403   (0)      5 :  0.8338 0.1662 
404      404   (0)      5 :  0.7800 0.2200 
405      405   (0)      5 :  0.8140 0.1860 
406      406   (0)      5 :  0.9232 0.0768 
407      407   (0)      5 :  0.8120 0.1880 
408      408   (0)      5 :  0.6500 0.3500 
409      409   (0)      5 :  0.7890 0.2110 
410      410   (0)      5 :  0.8926 0.1074 
411      411   (0)      5 :  0.9342 0.0658 
412      412   (0)      5 :  0.7340 0.2660 
413      413   (0)      5 :  0.7780 0.2220 
414      414   (0)      5 :  0.6604 0.3396 
415      415   (0)      5 :  0.6826 0.3174 
416      416   (0)      5 :  0.6680 0.3320 
417      417   (0)      5 :  0.6190 0.3810 
418      418   (0)      5 :  0.6490 0.3510 
419      419   (0)      5 :  0.7290 0.2710 
420      420   (0)      5 :  0.6938 0.3062 
421      421   (0)      5 :  0.7910 0.2090 
422      422   (0)      5 :  0.9420 0.0580 
423      423   (0)      5 :  0.8820 0.1180 
424      424   (0)      5 :  0.8780 0.1220 
425      425   (0)      5 :  0.7090 0.2910 
426      426   (0)      5 :  0.7934 0.2066 
427      427   (0)      5 :  0.7640 0.2360 
428      428   (0)      5 :  0.6944 0.3056 
429      429   (0)      5 :  0.5850 0.4150 
430      430   (0)      5 :  0.8260 0.1740 
431      431   (0)      5 :  0.7592 0.2408 
432      432   (0)      5 :  0.8060 0.1940 
433      433   (0)      5 :  0.8030 0.1970 
434      434   (0)      5 :  0.8960 0.1040 
435      435   (0)      5 :  0.7430 0.2570 
436      436   (0)      5 :  0.9050 0.0950 
437      437   (0)      5 :  0.8600 0.1400 
438      438   (0)      5 :  0.7850 0.2150 
439      439   (0)      5 :  0.7004 0.2996 
440      440   (0)      5 :  0.7530 0.2470 
441      441   (0)      5 :  0.8240 0.1760 
442      442   (0)      5 :  0.6940 0.3060 
443      443   (0)      5 :  0.7410 0.2590 
444      444   (0)      5 :  0.6820 0.3180 
445      445   (0)      5 :  0.6652 0.3348 
446      446   (0)      5 :  0.9276 0.0724 
447      447   (0)      5 :  0.7670 0.2330 
448      448   (0)      5 :  0.7250 0.2750 
449      449   (0)      5 :  0.7296 0.2704 
450      450   (0)      5 :  0.9642 0.0358 
451      451   (0)      5 :  0.5858 0.4142 
452      452   (0)      5 :  0.8202 0.1798 
453      453   (0)      5 :  0.5810 0.4190 
454      454   (0)      5 :  0.7830 0.2170 
455      455   (0)      5 :  0.7624 0.2376 
456      456   (0)      5 :  0.8720 0.1280 
457      457   (0)      5 :  0.8260 0.1740 
458      458   (0)      5 :  0.8330 0.1670 
459      459   (0)      5 :  0.9350 0.0650 
460      460   (0)      5 :  0.8460 0.1540 
461      461   (0)      5 :  0.8370 0.1630 
462      462   (0)      5 :  0.7150 0.2850 
463      463   (0)      5 :  0.9328 0.0672 
464      464   (0)      5 :  0.5968 0.4032 
465      465   (0)      5 :  0.7140 0.2860 
466      466   (0)      5 :  0.8910 0.1090 
467      467   (0)      5 :  0.8180 0.1820 
468      468   (0)      5 :  0.7660 0.2340 
469      469   (0)      5 :  0.9788 0.0212 
470      470   (0)      5 :  0.8450 0.1550 
471      471   (0)      5 :  0.6770 0.3230 
472      472   (0)      5 :  0.8690 0.1310 
473      473   (0)      5 :  0.7942 0.2058 
474      474   (0)      5 :  0.7780 0.2220 
475      475   (0)      5 :  0.6600 0.3400 
476      476   (0)      5 :  0.5720 0.4280 
477      477   (0)      5 :  0.7240 0.2760 
478      478   (0)      5 :  0.6282 0.3718 
479      479   (0)      5 :  0.7946 0.2054 
480      480   (0)      5 :  0.7830 0.2170 
481      481   (0)      5 :  0.7890 0.2110 
482      482   (0)      5 :  0.6200 0.3800 
483      483   (0)      5 :  0.7490 0.2510 
484      484   (0)      5 :  0.8610 0.1390 
485      485   (0)      5 :  0.6840 0.3160 
486      486   (0)      5 :  0.8004 0.1996 
487      487   (0)      5 :  0.7108 0.2892 
488      488   (0)      5 :  0.7080 0.2920 
489      489   (0)      5 :  0.6960 0.3040 
490      490   (0)      5 :  0.6090 0.3910 
491      491   (0)      5 :  0.7578 0.2422 
492      492   (0)      5 :  0.7680 0.2320 
493      493   (0)      5 :  0.6740 0.3260 
494      494   (0)      5 :  0.7790 0.2210 
495      495   (0)      5 :  0.6640 0.3360 
496      496   (0)      5 :  0.9530 0.0470 
497      497   (0)      5 :  0.7408 0.2592 
498      498   (0)      5 :  0.6200 0.3800 
499      499   (0)      5 :  0.7230 0.2770 
500      500   (0)      5 :  0.7968 0.2032 
501      501   (0)      6 :  0.8740 0.1260 
502      502   (0)      6 :  0.9170 0.0830 
503      503   (0)      6 :  0.7760 0.2240 
504      504   (0)      6 :  0.9370 0.0630 
505      505   (0)      6 :  0.8944 0.1056 
506      506   (0)      6 :  0.8320 0.1680 
507      507   (0)      6 :  0.9740 0.0260 
508      508   (0)      6 :  0.8634 0.1366 
509      509   (0)      6 :  0.9850 0.0150 
510      510   (0)      6 :  0.9066 0.0934 
511      511   (0)      6 :  0.9670 0.0330 
512      512   (0)      6 :  0.8750 0.1250 
513      513   (0)      6 :  0.9270 0.0730 
514      514   (0)      6 :  0.8564 0.1436 
515      515   (0)      6 :  0.8000 0.2000 
516      516   (0)      6 :  0.9780 0.0220 
517      517   (0)      6 :  0.7990 0.2010 
518      518   (0)      6 :  0.9470 0.0530 
519      519   (0)      6 :  0.9170 0.0830 
520      520   (0)      6 :  0.9640 0.0360 
521      521   (0)      6 :  0.9290 0.0710 
522      522   (0)      6 :  0.9770 0.0230 
523      523   (0)      6 :  0.9780 0.0220 
524      524   (0)      6 :  0.8510 0.1490 
525      525   (0)      6 :  0.9470 0.0530 
526      526   (0)      6 :  0.7380 0.2620 
527      527   (0)      6 :  0.8180 0.1820 
528      528   (0)      6 :  0.8300 0.1700 
529      529   (0)      6 :  0.9332 0.0668 
530      530   (0)      6 :  0.9780 0.0220 
531      531   (0)      6 :  0.8560 0.1440 
532      532   (0)      6 :  0.9270 0.0730 
533      533   (0)      6 :  0.7500 0.2500 
534      534   (0)      6 :  0.9770 0.0230 
535      535   (0)      6 :  0.9430 0.0570 
536      536   (0)      6 :  0.9220 0.0780 
537      537   (0)      6 :  0.8632 0.1368 
538      538   (0)      6 :  0.9020 0.0980 
539      539   (0)      6 :  0.9310 0.0690 
540      540   (0)      6 :  0.8650 0.1350 
541      541   (0)      6 :  0.8290 0.1710 
542      542   (0)      6 :  0.8170 0.1830 
543      543   (0)      6 :  0.9260 0.0740 
544      544   (0)      6 :  0.9410 0.0590 
545      545   (0)      6 :  0.9360 0.0640 
546      546   (0)      6 :  0.9150 0.0850 
547      547   (0)      6 :  0.9250 0.0750 
548      548   (0)      6 :  0.9824 0.0176 
549      549   (0)      6 :  0.8060 0.1940 
550      550   (0)      6 :  0.8856 0.1144 
551      551   (0)      6 :  0.8180 0.1820 
552      552   (0)      6 :  0.9760 0.0240 
553      553   (0)      6 :  0.9250 0.0750 
554      554   (0)      6 :  0.9380 0.0620 
555      555   (0)      6 :  0.9850 0.0150 
556      556   (0)      6 :  0.9298 0.0702 
557      557   (0)      6 :  0.9460 0.0540 
558      558   (0)      6 :  0.9710 0.0290 
559      559   (0)      6 :  0.9270 0.0730 
560      560   (0)      6 :  0.8348 0.1652 
561      561   (0)      6 :  0.8490 0.1510 
562      562   (0)      6 :  0.9070 0.0930 
563      563   (0)      6 :  0.7700 0.2300 
564      564   (0)      6 :  0.9460 0.0540 
565      565   (0)      6 :  0.9080 0.0920 
566      566   (0)      6 :  0.8920 0.1080 
567      567   (0)      6 :  0.9870 0.0130 
568      568   (0)      6 :  0.8210 0.1790 
569      569   (0)      6 :  0.8150 0.1850 
570      570   (0)      6 :  0.9640 0.0360 
571      571   (0)      6 :  0.9410 0.0590 
572      572   (0)      6 :  0.8048 0.1952 
573      573   (0)      6 :  0.9244 0.0756 
574      574   (0)      6 :  0.8714 0.1286 
575      575   (0)      6 :  0.9650 0.0350 
576      576   (0)      6 :  0.7744 0.2256 
577      577   (0)      6 :  0.8652 0.1348 
578      578   (0)      6 :  0.9470 0.0530 
579      579   (0)      6 :  0.9216 0.0784 
580      580   (0)      6 :  0.7520 0.2480 
581      581   (0)      6 :  0.9360 0.0640 
582      582   (0)      6 :  0.7826 0.2174 
583      583   (0)      6 :  0.9134 0.0866 
584      584   (0)      6 :  0.8754 0.1246 
585      585   (0)      6 :  0.8840 0.1160 
586      586   (0)      6 :  0.7470 0.2530 
587      587   (0)      6 :  0.9532 0.0468 
588      588   (0)      6 :  0.9060 0.0940 
589      589   (0)      6 :  0.8420 0.1580 
590      590   (0)      6 :  0.9784 0.0216 
591      591   (0)      6 :  0.7910 0.2090 
592      592   (0)      6 :  0.9810 0.0190 
593      593   (0)      6 :  0.8710 0.1290 
594      594   (0)      6 :  0.9410 0.0590 
595      595   (0)      6 :  0.7838 0.2162 
596      596   (0)      6 :  0.8190 0.1810 
597      597   (0)      6 :  0.8010 0.1990 
598      598   (0)      6 :  0.8640 0.1360 
599      599   (0)      6 :  0.8258 0.1742 
600      600   (0)      6 :  0.8630 0.1370 
601      601   (5)      7 :  0.9686 0.0314 
602      602   (0)      7 :  0.9710 0.0290 
603      603   (0)      7 :  0.9806 0.0194 
604      604   (0)      7 :  0.9410 0.0590 
605      605   (0)      7 :  0.9766 0.0234 
606      606   (0)      7 :  0.9770 0.0230 
607      607   (0)      7 :  0.9850 0.0150 
608      608   (0)      7 :  0.9660 0.0340 
609      609   (0)      7 :  0.9790 0.0210 
610      610   (0)      7 :  0.9700 0.0300 
611      611   (0)      7 :  0.9860 0.0140 
612      612   (0)      7 :  0.9810 0.0190 
613      613   (0)      7 :  0.9740 0.0260 
614      614   (5)      7 :  0.9850 0.0150 
615      615   (0)      7 :  0.9820 0.0180 
616      616   (0)      7 :  0.9840 0.0160 
617      617   (0)      7 :  0.9790 0.0210 
618      618   (0)      7 :  0.9820 0.0180 
619      619   (0)      7 :  0.9760 0.0240 
620      620   (0)      7 :  0.9830 0.0170 
621      621   (0)      7 :  0.9840 0.0160 
622      622   (0)      7 :  0.9780 0.0220 
623      623   (0)      7 :  0.9830 0.0170 
624      624   (0)      7 :  0.9860 0.0140 
625      625   (0)      7 :  0.9860 0.0140 
626      626   (0)      7 :  0.9830 0.0170 
627      627   (0)      7 :  0.9840 0.0160 
628      628   (0)      7 :  0.9820 0.0180 
629      629   (0)      8 :  0.9618 0.0382 
630      630   (0)      8 :  0.9840 0.0160 
631      631   (0)      8 :  0.9760 0.0240 
632      632   (0)      8 :  0.9726 0.0274 
633      633   (0)      8 :  0.9790 0.0210 
634      634   (0)      8 :  0.9840 0.0160 
635      635   (0)      8 :  0.9816 0.0184 
636      636   (0)      8 :  0.9490 0.0510 
637      637   (0)      8 :  0.9830 0.0170 
638      638   (0)      8 :  0.9790 0.0210 
639      639   (0)      8 :  0.9830 0.0170 
640      640   (0)      8 :  0.9840 0.0160 
641      641   (0)      8 :  0.9830 0.0170 
642      642   (0)      8 :  0.9810 0.0190 
643      643   (0)      8 :  0.9860 0.0140 
644      644   (0)      8 :  0.9610 0.0390 
645      645   (0)      8 :  0.9860 0.0140 
646      646   (0)      8 :  0.9836 0.0164 
647      647   (0)      8 :  0.9820 0.0180 
648      648   (0)      8 :  0.9830 0.0170 
649      649   (0)      8 :  0.9848 0.0152 
650      650   (0)      8 :  0.9780 0.0220 
651      651   (0)      8 :  0.9840 0.0160 
652      652   (0)      8 :  0.9820 0.0180 
653      653   (0)      8 :  0.9786 0.0214 
654      654   (0)      8 :  0.9720 0.0280 
655      655   (0)      8 :  0.9840 0.0160 
656      656   (0)      8 :  0.9780 0.0220 
657      657   (0)      8 :  0.9800 0.0200 
658      658   (0)      8 :  0.9830 0.0170 
659      659   (0)      8 :  0.9780 0.0220 
660      660   (0)      8 :  0.9810 0.0190 
661      661   (0)      8 :  0.9840 0.0160 
662      662   (0)      8 :  0.9640 0.0360 
663      663   (0)      8 :  0.9832 0.0168 
664      664   (0)      8 :  0.9820 0.0180 
665      665   (0)      8 :  0.9840 0.0160 
666      666   (0)      8 :  0.9820 0.0180 
667      667   (0)      8 :  0.9840 0.0160 
668      668   (0)      8 :  0.9800 0.0200 
669      669   (0)      8 :  0.9820 0.0180 
670      670   (0)      8 :  0.9810 0.0190 
671      671   (0)      8 :  0.9800 0.0200 
672      672   (0)      8 :  0.9860 0.0140 
673      673   (0)      8 :  0.9740 0.0260 
674      674   (0)      8 :  0.9670 0.0330 
675      675   (0)      8 :  0.9850 0.0150 
676      676   (0)      8 :  0.9850 0.0150 
677      677   (0)      8 :  0.9840 0.0160 
678      678   (0)      8 :  0.9840 0.0160 
679      679   (0)      8 :  0.9830 0.0170 
680      680   (0)      8 :  0.9860 0.0140 
681      681   (0)      8 :  0.9740 0.0260 
682      682   (0)      8 :  0.9830 0.0170 
683      683   (0)      8 :  0.9840 0.0160 
684      684   (0)      8 :  0.9820 0.0180 
685      685   (0)      8 :  0.9860 0.0140 
686      686   (0)      8 :  0.9740 0.0260 
687      687   (0)      8 :  0.9620 0.0380 
688      688   (0)      8 :  0.9740 0.0260 
689      689   (0)      8 :  0.9820 0.0180 
690      690   (0)      8 :  0.9830 0.0170 
691      691   (0)      8 :  0.9820 0.0180 
692      692   (0)      8 :  0.9800 0.0200 
693      693   (0)      8 :  0.9740 0.0260 
694      694   (0)      8 :  0.9830 0.0170 
695      695   (0)      8 :  0.9730 0.0270 
696      696   (0)      8 :  0.9810 0.0190 
697      697   (0)      8 :  0.9860 0.0140 
698      698   (0)      8 :  0.9810 0.0190 
699      699   (0)      8 :  0.9840 0.0160 
700      700   (0)      8 :  0.9740 0.0260 
